66.249.79.129 - - [10/Jun/2017:09:31:22 +0530] "GET /project_details_view.php?id=1359&oid=1&page=25&reporttype=1 HTTP/1.1" 200 15828 "-" "Mozilla/5.0 (compatible; Googlebot/2.1; +http://www.google.com/bot.html)"
66.249.79.129 - - [10/Jun/2017:09:31:25 +0530] "GET /Approved_proj_reports_list_details.php?id=1&reporttype=1&scale=&sdt=2005-05-02&edt=2014-05-31&exec=Private&page=28 HTTP/1.1" 200 17663 "-" "Mozilla/5.0 (compatible; Googlebot/2.1; +http://www.google.com/bot.html)"
66.249.79.129 - - [10/Jun/2017:09:31:28 +0530] "GET /Approved_proj_reports_list_details.php?id=1&reporttype=1&scale=&sdt=2005-05-02&edt=2014-05-31&exec=Private&page=31 HTTP/1.1" 200 17628 "-" "Mozilla/5.0 (compatible; Googlebot/2.1; +http://www.google.com/bot.html)"
66.249.79.129 - - [10/Jun/2017:09:31:31 +0530] "GET /Approved_proj_reports_list_details.php?id=1&reporttype=1&scale=&sdt=2005-05-02&edt=2014-05-31&exec=Private&page=52 HTTP/1.1" 200 17632 "-" "Mozilla/5.0 (compatible; Googlebot/2.1; +http://www.google.com/bot.html)"
66.249.79.129 - - [10/Jun/2017:09:31:34 +0530] "GET /project_details_view.php?id=1404&oid=1&page=22&reporttype=1 HTTP/1.1" 200 14398 "-" "Mozilla/5.0 (compatible; Googlebot/2.1; +http://www.google.com/bot.html)"
66.249.79.129 - - [10/Jun/2017:09:31:36 +0530] "GET /Approved_proj_reports_list_details.php?id=1&reporttype=1&scale=&sdt=2005-05-02&edt=2014-05-31&exec=Private&page=50 HTTP/1.1" 200 17582 "-" "Mozilla/5.0 (compatible; Googlebot/2.1; +http://www.google.com/bot.html)"
66.249.79.129 - - [10/Jun/2017:09:31:39 +0530] "GET /project_details_view.php?id=1363&oid=1&page=24&reporttype=1 HTTP/1.1" 200 14348 "-" "Mozilla/5.0 (compatible; Googlebot/2.1; +http://www.google.com/bot.html)"
66.249.79.129 - - [10/Jun/2017:09:31:42 +0530] "GET /Approved_proj_reports_list_details.php?id=1&reporttype=1&scale=&sdt=2005-05-02&edt=2014-05-31&exec=Private&page=53 HTTP/1.1" 200 17633 "-" "Mozilla/5.0 (compatible; Googlebot/2.1; +http://www.google.com/bot.html)"
66.249.79.129 - - [10/Jun/2017:09:31:45 +0530] "GET /project_details_view.php?id=1336&oid=1&page=26&reporttype=1 HTTP/1.1" 200 14912 "-" "Mozilla/5.0 (compatible; Googlebot/2.1; +http://www.google.com/bot.html)"
66.249.79.129 - - [10/Jun/2017:09:31:47 +0530] "GET /Approved_proj_reports_list_details.php?id=1&reporttype=1&scale=&sdt=2005-05-02&edt=2014-05-31&exec=Private&page=51 HTTP/1.1" 200 17650 "-" "Mozilla/5.0 (compatible; Googlebot/2.1; +http://www.google.com/bot.html)"
66.249.79.129 - - [10/Jun/2017:09:31:50 +0530] "GET /project_details_view.php?id=1407&oid=1&page=22&reporttype=1 HTTP/1.1" 200 14159 "-" "Mozilla/5.0 (compatible; Googlebot/2.1; +http://www.google.com/bot.html)"
66.249.79.129 - - [10/Jun/2017:09:31:53 +0530] "GET /project_details_view.php?id=1401&oid=1&page=22&reporttype=1 HTTP/1.1" 200 14520 "-" "Mozilla/5.0 (compatible; Googlebot/2.1; +http://www.google.com/bot.html)"
66.249.79.93 - - [10/Jun/2017:09:31:55 +0530] "GET / HTTP/1.1" 200 19482 "-" "Mozilla/5.0 (Linux; Android 6.0.1; Nexus 5X Build/MMB29P) AppleWebKit/537.36 (KHTML, like Gecko) Chrome/41.0.2272.96 Mobile Safari/537.36 (compatible; Googlebot/2.1; +http://www.google.com/bot.html)"
66.249.79.129 - - [10/Jun/2017:09:31:56 +0530] "GET /project_details_view.php?id=1381&oid=1&page=23&reporttype=1 HTTP/1.1" 200 13543 "-" "Mozilla/5.0 (compatible; Googlebot/2.1; +http://www.google.com/bot.html)"
66.249.79.129 - - [10/Jun/2017:09:31:58 +0530] "GET /project_details_view.php?id=1348&oid=1&page=25&reporttype=1 HTTP/1.1" 200 14714 "-" "Mozilla/5.0 (compatible; Googlebot/2.1; +http://www.google.com/bot.html)"
66.249.79.131 - - [10/Jun/2017:09:32:01 +0530] "GET /project_details_view.php?id=1390&oid=1&page=23&reporttype=1 HTTP/1.1" 200 14385 "-" "Mozilla/5.0 (compatible; Googlebot/2.1; +http://www.google.com/bot.html)"
66.249.79.129 - - [10/Jun/2017:09:32:04 +0530] "GET /project_details_view.php?id=1379&oid=1&page=24&reporttype=1 HTTP/1.1" 200 14714 "-" "Mozilla/5.0 (compatible; Googlebot/2.1; +http://www.google.com/bot.html)"
66.249.79.131 - - [10/Jun/2017:09:32:06 +0530] "GET /project_details_view.php?id=1376&oid=1&page=24&reporttype=1 HTTP/1.1" 200 14101 "-" "Mozilla/5.0 (compatible; Googlebot/2.1; +http://www.google.com/bot.html)"
66.249.79.129 - - [10/Jun/2017:09:32:09 +0530] "GET /project_details_view.php?id=1388&oid=1&page=23&reporttype=1 HTTP/1.1" 200 13937 "-" "Mozilla/5.0 (compatible; Googlebot/2.1; +http://www.google.com/bot.html)"
66.249.79.129 - - [10/Jun/2017:09:32:12 +0530] "GET /Approved_proj_reports_list_details.php?id=1&reporttype=1&scale=&sdt=2005-05-02&edt=2014-05-31&exec=Private&page=54 HTTP/1.1" 200 17579 "-" "Mozilla/5.0 (compatible; Googlebot/2.1; +http://www.google.com/bot.html)"
66.249.79.129 - - [10/Jun/2017:09:32:15 +0530] "GET /project_details_view.php?id=1409&oid=1&page=22&reporttype=1 HTTP/1.1" 200 15300 "-" "Mozilla/5.0 (compatible; Googlebot/2.1; +http://www.google.com/bot.html)"
66.249.79.129 - - [10/Jun/2017:09:32:17 +0530] "GET /project_details_view.php?id=1384&oid=1&page=23&reporttype=1 HTTP/1.1" 200 14180 "-" "Mozilla/5.0 (compatible; Googlebot/2.1; +http://www.google.com/bot.html)"
66.249.79.129 - - [10/Jun/2017:09:32:20 +0530] "GET /project_details_view.php?id=1405&oid=1&page=22&reporttype=1 HTTP/1.1" 200 14418 "-" "Mozilla/5.0 (compatible; Googlebot/2.1; +http://www.google.com/bot.html)"
66.249.79.129 - - [10/Jun/2017:09:32:23 +0530] "GET /project_details_view.php?id=1357&oid=1&page=25&reporttype=1 HTTP/1.1" 200 14161 "-" "Mozilla/5.0 (compatible; Googlebot/2.1; +http://www.google.com/bot.html)"
66.249.79.129 - - [10/Jun/2017:09:32:26 +0530] "GET /project_details_view.php?id=1362&oid=1&page=24&reporttype=1 HTTP/1.1" 200 14193 "-" "Mozilla/5.0 (compatible; Googlebot/2.1; +http://www.google.com/bot.html)"
66.249.79.129 - - [10/Jun/2017:09:32:28 +0530] "GET /project_details_view.php?id=1408&oid=1&page=22&reporttype=1 HTTP/1.1" 200 15407 "-" "Mozilla/5.0 (compatible; Googlebot/2.1; +http://www.google.com/bot.html)"
66.249.79.129 - - [10/Jun/2017:09:32:31 +0530] "GET /project_details_view.php?id=1385&oid=1&page=23&reporttype=1 HTTP/1.1" 200 15242 "-" "Mozilla/5.0 (compatible; Googlebot/2.1; +http://www.google.com/bot.html)"
66.249.79.129 - - [10/Jun/2017:09:32:34 +0530] "GET /project_details_view.php?id=1358&oid=1&page=25&reporttype=1 HTTP/1.1" 200 14009 "-" "Mozilla/5.0 (compatible; Googlebot/2.1; +http://www.google.com/bot.html)"
66.249.79.129 - - [10/Jun/2017:09:32:37 +0530] "GET /project_details_view.php?id=1351&oid=1&page=25&reporttype=1 HTTP/1.1" 200 14182 "-" "Mozilla/5.0 (compatible; Googlebot/2.1; +http://www.google.com/bot.html)"
66.249.79.129 - - [10/Jun/2017:09:32:40 +0530] "GET /project_details_view.php?id=1350&oid=1&page=25&reporttype=1 HTTP/1.1" 200 13992 "-" "Mozilla/5.0 (compatible; Googlebot/2.1; +http://www.google.com/bot.html)"
66.249.79.129 - - [10/Jun/2017:09:32:42 +0530] "GET /project_details_view.php?id=1341&oid=1&page=26&reporttype=1 HTTP/1.1" 200 13880 "-" "Mozilla/5.0 (compatible; Googlebot/2.1; +http://www.google.com/bot.html)"
66.249.79.129 - - [10/Jun/2017:09:32:45 +0530] "GET /project_details_view.php?id=1386&oid=1&page=23&reporttype=1 HTTP/1.1" 200 14122 "-" "Mozilla/5.0 (compatible; Googlebot/2.1; +http://www.google.com/bot.html)"
66.249.79.129 - - [10/Jun/2017:09:32:48 +0530] "GET /project_details_view.php?id=1345&oid=1&page=26&reporttype=1 HTTP/1.1" 200 14283 "-" "Mozilla/5.0 (compatible; Googlebot/2.1; +http://www.google.com/bot.html)"
66.249.79.129 - - [10/Jun/2017:09:32:51 +0530] "GET /project_details_view.php?id=1378&oid=1&page=24&reporttype=1 HTTP/1.1" 200 13906 "-" "Mozilla/5.0 (compatible; Googlebot/2.1; +http://www.google.com/bot.html)"
66.249.79.129 - - [10/Jun/2017:09:32:53 +0530] "GET /project_details_view.php?id=1339&oid=1&page=26&reporttype=1 HTTP/1.1" 200 15482 "-" "Mozilla/5.0 (compatible; Googlebot/2.1; +http://www.google.com/bot.html)"
66.249.79.129 - - [10/Jun/2017:09:32:56 +0530] "GET /project_details_view.php?id=1335&oid=1&page=26&reporttype=1 HTTP/1.1" 200 14352 "-" "Mozilla/5.0 (compatible; Googlebot/2.1; +http://www.google.com/bot.html)"
66.249.79.129 - - [10/Jun/2017:09:32:59 +0530] "GET /project_details_view.php?id=1361&oid=1&page=25&reporttype=1 HTTP/1.1" 200 14751 "-" "Mozilla/5.0 (compatible; Googlebot/2.1; +http://www.google.com/bot.html)"
66.249.79.129 - - [10/Jun/2017:09:33:02 +0530] "GET /project_details_view.php?id=1367&oid=1&page=24&reporttype=1 HTTP/1.1" 200 13522 "-" "Mozilla/5.0 (compatible; Googlebot/2.1; +http://www.google.com/bot.html)"
66.249.79.133 - - [10/Jun/2017:09:33:04 +0530] "GET /project_details_view.php?id=1396&oid=1&page=22&reporttype=1 HTTP/1.1" 200 15306 "-" "Mozilla/5.0 (compatible; Googlebot/2.1; +http://www.google.com/bot.html)"
66.249.79.131 - - [10/Jun/2017:09:33:07 +0530] "GET /project_details_view.php?id=1347&oid=1&page=26&reporttype=1 HTTP/1.1" 200 15313 "-" "Mozilla/5.0 (compatible; Googlebot/2.1; +http://www.google.com/bot.html)"
66.249.79.131 - - [10/Jun/2017:09:33:10 +0530] "GET /project_details_view.php?id=1334&oid=1&page=26&reporttype=1 HTTP/1.1" 200 14416 "-" "Mozilla/5.0 (compatible; Googlebot/2.1; +http://www.google.com/bot.html)"
66.249.79.129 - - [10/Jun/2017:09:33:13 +0530] "GET /project_details_view.php?id=1393&oid=1&page=23&reporttype=1 HTTP/1.1" 200 15304 "-" "Mozilla/5.0 (compatible; Googlebot/2.1; +http://www.google.com/bot.html)"
66.249.79.129 - - [10/Jun/2017:09:33:15 +0530] "GET /project_details_view.php?id=1333&oid=1&page=26&reporttype=1 HTTP/1.1" 200 14264 "-" "Mozilla/5.0 (compatible; Googlebot/2.1; +http://www.google.com/bot.html)"
66.249.79.129 - - [10/Jun/2017:09:33:18 +0530] "GET /project_details_view.php?id=1352&oid=1&page=25&reporttype=1 HTTP/1.1" 200 14052 "-" "Mozilla/5.0 (compatible; Googlebot/2.1; +http://www.google.com/bot.html)"
66.249.79.129 - - [10/Jun/2017:09:33:21 +0530] "GET /project_details_view.php?id=532&oid=1&page=61&reporttype=1 HTTP/1.1" 200 15020 "-" "Mozilla/5.0 (compatible; Googlebot/2.1; +http://www.google.com/bot.html)"
66.249.79.129 - - [10/Jun/2017:09:33:24 +0530] "GET /project_details_view.php?id=511&oid=1&page=62&reporttype=1 HTTP/1.1" 200 15209 "-" "Mozilla/5.0 (compatible; Googlebot/2.1; +http://www.google.com/bot.html)"
66.249.79.129 - - [10/Jun/2017:09:33:26 +0530] "GET /project_details_view.php?id=498&oid=1&page=62&reporttype=1 HTTP/1.1" 200 14155 "-" "Mozilla/5.0 (compatible; Googlebot/2.1; +http://www.google.com/bot.html)"
66.249.79.129 - - [10/Jun/2017:09:33:29 +0530] "GET /project_details_view.php?id=560&oid=1&page=60&reporttype=1 HTTP/1.1" 200 14790 "-" "Mozilla/5.0 (compatible; Googlebot/2.1; +http://www.google.com/bot.html)"
66.249.79.129 - - [10/Jun/2017:09:33:32 +0530] "GET /project_details_view.php?id=512&oid=1&page=62&reporttype=1 HTTP/1.1" 200 14401 "-" "Mozilla/5.0 (compatible; Googlebot/2.1; +http://www.google.com/bot.html)"
66.249.79.129 - - [10/Jun/2017:09:33:35 +0530] "GET /project_details_view.php?id=671&oid=1&page=55&reporttype=1 HTTP/1.1" 200 15102 "-" "Mozilla/5.0 (compatible; Googlebot/2.1; +http://www.google.com/bot.html)"
66.249.79.129 - - [10/Jun/2017:09:33:38 +0530] "GET /project_details_view.php?id=673&oid=1&page=55&reporttype=1 HTTP/1.1" 200 14142 "-" "Mozilla/5.0 (compatible; Googlebot/2.1; +http://www.google.com/bot.html)"
66.249.79.129 - - [10/Jun/2017:09:33:40 +0530] "GET /project_details_view.php?id=640&oid=1&page=56&reporttype=1 HTTP/1.1" 200 14002 "-" "Mozilla/5.0 (compatible; Googlebot/2.1; +http://www.google.com/bot.html)"
66.249.79.129 - - [10/Jun/2017:09:33:43 +0530] "GET /project_details_view.php?id=642&oid=1&page=56&reporttype=1 HTTP/1.1" 200 14408 "-" "Mozilla/5.0 (compatible; Googlebot/2.1; +http://www.google.com/bot.html)"
66.249.79.129 - - [10/Jun/2017:09:33:46 +0530] "GET /project_details_view.php?id=657&oid=1&page=55&reporttype=1 HTTP/1.1" 200 14180 "-" "Mozilla/5.0 (compatible; Googlebot/2.1; +http://www.google.com/bot.html)"
66.249.79.129 - - [10/Jun/2017:09:33:49 +0530] "GET /project_details_view.php?id=626&oid=1&page=57&reporttype=1 HTTP/1.1" 200 14555 "-" "Mozilla/5.0 (compatible; Googlebot/2.1; +http://www.google.com/bot.html)"
66.249.79.129 - - [10/Jun/2017:09:33:51 +0530] "GET /project_details_view.php?id=607&oid=1&page=57&reporttype=1 HTTP/1.1" 200 14596 "-" "Mozilla/5.0 (compatible; Googlebot/2.1; +http://www.google.com/bot.html)"
66.249.79.129 - - [10/Jun/2017:09:33:54 +0530] "GET /project_details_view.php?id=580&oid=1&page=59&reporttype=1 HTTP/1.1" 200 14225 "-" "Mozilla/5.0 (compatible; Googlebot/2.1; +http://www.google.com/bot.html)"
66.249.79.129 - - [10/Jun/2017:09:33:57 +0530] "GET /project_details_view.php?id=586&oid=1&page=58&reporttype=1 HTTP/1.1" 200 14023 "-" "Mozilla/5.0 (compatible; Googlebot/2.1; +http://www.google.com/bot.html)"
66.249.79.129 - - [10/Jun/2017:09:34:00 +0530] "GET /project_details_view.php?id=599&oid=1&page=58&reporttype=1 HTTP/1.1" 200 16161 "-" "Mozilla/5.0 (compatible; Googlebot/2.1; +http://www.google.com/bot.html)"
66.249.79.129 - - [10/Jun/2017:09:34:02 +0530] "GET /project_details_view.php?id=629&oid=1&page=56&reporttype=1 HTTP/1.1" 200 14659 "-" "Mozilla/5.0 (compatible; Googlebot/2.1; +http://www.google.com/bot.html)"
66.249.79.129 - - [10/Jun/2017:09:34:05 +0530] "GET /project_details_view.php?id=604&oid=1&page=58&reporttype=1 HTTP/1.1" 200 14063 "-" "Mozilla/5.0 (compatible; Googlebot/2.1; +http://www.google.com/bot.html)"
66.249.79.129 - - [10/Jun/2017:09:34:08 +0530] "GET /project_details_view.php?id=649&oid=1&page=56&reporttype=1 HTTP/1.1" 200 14339 "-" "Mozilla/5.0 (compatible; Googlebot/2.1; +http://www.google.com/bot.html)"
66.249.79.129 - - [10/Jun/2017:09:34:11 +0530] "GET /project_details_view.php?id=595&oid=1&page=58&reporttype=1 HTTP/1.1" 200 13886 "-" "Mozilla/5.0 (compatible; Googlebot/2.1; +http://www.google.com/bot.html)"
66.249.79.129 - - [10/Jun/2017:09:34:13 +0530] "GET /project_details_view.php?id=674&oid=1&page=55&reporttype=1 HTTP/1.1" 200 14058 "-" "Mozilla/5.0 (compatible; Googlebot/2.1; +http://www.google.com/bot.html)"
66.249.79.129 - - [10/Jun/2017:09:34:16 +0530] "GET /project_details_view.php?id=569&oid=1&page=59&reporttype=1 HTTP/1.1" 200 14367 "-" "Mozilla/5.0 (compatible; Googlebot/2.1; +http://www.google.com/bot.html)"
66.249.79.129 - - [10/Jun/2017:09:34:19 +0530] "GET /project_details_view.php?id=627&oid=1&page=57&reporttype=1 HTTP/1.1" 200 14723 "-" "Mozilla/5.0 (compatible; Googlebot/2.1; +http://www.google.com/bot.html)"
66.249.79.129 - - [10/Jun/2017:09:34:22 +0530] "GET /project_details_view.php?id=598&oid=1&page=58&reporttype=1 HTTP/1.1" 200 15572 "-" "Mozilla/5.0 (compatible; Googlebot/2.1; +http://www.google.com/bot.html)"
66.249.79.129 - - [10/Jun/2017:09:34:24 +0530] "GET /project_details_view.php?id=660&oid=1&page=55&reporttype=1 HTTP/1.1" 200 13963 "-" "Mozilla/5.0 (compatible; Googlebot/2.1; +http://www.google.com/bot.html)"
66.249.79.129 - - [10/Jun/2017:09:34:27 +0530] "GET /project_details_view.php?id=589&oid=1&page=58&reporttype=1 HTTP/1.1" 200 15521 "-" "Mozilla/5.0 (compatible; Googlebot/2.1; +http://www.google.com/bot.html)"
66.249.79.129 - - [10/Jun/2017:09:34:30 +0530] "GET /project_details_view.php?id=577&oid=1&page=59&reporttype=1 HTTP/1.1" 200 14132 "-" "Mozilla/5.0 (compatible; Googlebot/2.1; +http://www.google.com/bot.html)"
66.249.79.129 - - [10/Jun/2017:09:34:33 +0530] "GET /project_details_view.php?id=650&oid=1&page=56&reporttype=1 HTTP/1.1" 200 14186 "-" "Mozilla/5.0 (compatible; Googlebot/2.1; +http://www.google.com/bot.html)"
66.249.79.129 - - [10/Jun/2017:09:34:36 +0530] "GET /project_details_view.php?id=664&oid=1&page=55&reporttype=1 HTTP/1.1" 200 15289 "-" "Mozilla/5.0 (compatible; Googlebot/2.1; +http://www.google.com/bot.html)"
66.249.79.129 - - [10/Jun/2017:09:34:38 +0530] "GET /project_details_view.php?id=616&oid=1&page=57&reporttype=1 HTTP/1.1" 200 14125 "-" "Mozilla/5.0 (compatible; Googlebot/2.1; +http://www.google.com/bot.html)"
66.249.79.129 - - [10/Jun/2017:09:34:41 +0530] "GET /project_details_view.php?id=590&oid=1&page=58&reporttype=1 HTTP/1.1" 200 14581 "-" "Mozilla/5.0 (compatible; Googlebot/2.1; +http://www.google.com/bot.html)"
66.249.79.129 - - [10/Jun/2017:09:34:44 +0530] "GET /project_details_view.php?id=644&oid=1&page=56&reporttype=1 HTTP/1.1" 200 14342 "-" "Mozilla/5.0 (compatible; Googlebot/2.1; +http://www.google.com/bot.html)"
66.249.79.129 - - [10/Jun/2017:09:34:47 +0530] "GET /project_details_view.php?id=677&oid=1&page=55&reporttype=1 HTTP/1.1" 200 13972 "-" "Mozilla/5.0 (compatible; Googlebot/2.1; +http://www.google.com/bot.html)"
66.249.79.129 - - [10/Jun/2017:09:34:49 +0530] "GET /project_details_view.php?id=585&oid=1&page=59&reporttype=1 HTTP/1.1" 200 14002 "-" "Mozilla/5.0 (compatible; Googlebot/2.1; +http://www.google.com/bot.html)"
66.249.79.129 - - [10/Jun/2017:09:34:52 +0530] "GET /project_details_view.php?id=668&oid=1&page=55&reporttype=1 HTTP/1.1" 200 14337 "-" "Mozilla/5.0 (compatible; Googlebot/2.1; +http://www.google.com/bot.html)"
66.249.79.129 - - [10/Jun/2017:09:34:55 +0530] "GET /project_details_view.php?id=574&oid=1&page=59&reporttype=1 HTTP/1.1" 200 14252 "-" "Mozilla/5.0 (compatible; Googlebot/2.1; +http://www.google.com/bot.html)"
66.249.79.129 - - [10/Jun/2017:09:34:58 +0530] "GET /project_details_view.php?id=618&oid=1&page=57&reporttype=1 HTTP/1.1" 200 14453 "-" "Mozilla/5.0 (compatible; Googlebot/2.1; +http://www.google.com/bot.html)"
66.249.79.129 - - [10/Jun/2017:09:35:00 +0530] "GET /project_details_view.php?id=651&oid=1&page=56&reporttype=1 HTTP/1.1" 200 14703 "-" "Mozilla/5.0 (compatible; Googlebot/2.1; +http://www.google.com/bot.html)"
66.249.79.129 - - [10/Jun/2017:09:35:03 +0530] "GET /project_details_view.php?id=562&oid=1&page=59&reporttype=1 HTTP/1.1" 200 14562 "-" "Mozilla/5.0 (compatible; Googlebot/2.1; +http://www.google.com/bot.html)"
66.249.79.129 - - [10/Jun/2017:09:35:06 +0530] "GET /project_details_view.php?id=672&oid=1&page=55&reporttype=1 HTTP/1.1" 200 14090 "-" "Mozilla/5.0 (compatible; Googlebot/2.1; +http://www.google.com/bot.html)"
138.201.59.34 - - [10/Jun/2017:09:35:08 +0530] "GET /robots.txt HTTP/1.0" 404 208 "-" "Mozilla/5.0 (compatible; SEOkicks-Robot; +http://www.seokicks.de/robot.html)"
66.249.79.129 - - [10/Jun/2017:09:35:09 +0530] "GET /project_details_view.php?id=628&oid=1&page=57&reporttype=1 HTTP/1.1" 200 14677 "-" "Mozilla/5.0 (compatible; Googlebot/2.1; +http://www.google.com/bot.html)"
66.249.79.129 - - [10/Jun/2017:09:35:11 +0530] "GET /project_details_view.php?id=597&oid=1&page=58&reporttype=1 HTTP/1.1" 200 13740 "-" "Mozilla/5.0 (compatible; Googlebot/2.1; +http://www.google.com/bot.html)"
138.201.59.34 - - [10/Jun/2017:09:35:12 +0530] "GET / HTTP/1.0" 200 19482 "-" "Mozilla/5.0 (compatible; SEOkicks-Robot; +http://www.seokicks.de/robot.html)"
66.249.79.129 - - [10/Jun/2017:09:35:14 +0530] "GET /project_details_view.php?id=587&oid=1&page=58&reporttype=1 HTTP/1.1" 200 15634 "-" "Mozilla/5.0 (compatible; Googlebot/2.1; +http://www.google.com/bot.html)"
138.201.59.34 - - [10/Jun/2017:09:35:17 +0530] "GET /robots.txt HTTP/1.0" 404 208 "-" "Mozilla/5.0 (compatible; SEOkicks-Robot; +http://www.seokicks.de/robot.html)"
66.249.79.129 - - [10/Jun/2017:09:35:17 +0530] "GET /project_details_view.php?id=592&oid=1&page=58&reporttype=1 HTTP/1.1" 200 14630 "-" "Mozilla/5.0 (compatible; Googlebot/2.1; +http://www.google.com/bot.html)"
138.201.59.34 - - [10/Jun/2017:09:35:19 +0530] "GET / HTTP/1.0" 200 19482 "-" "Mozilla/5.0 (compatible; SEOkicks-Robot; +http://www.seokicks.de/robot.html)"
66.249.79.129 - - [10/Jun/2017:09:35:20 +0530] "GET /project_details_view.php?id=563&oid=1&page=59&reporttype=1 HTTP/1.1" 200 14353 "-" "Mozilla/5.0 (compatible; Googlebot/2.1; +http://www.google.com/bot.html)"
66.249.79.129 - - [10/Jun/2017:09:35:23 +0530] "GET /project_details_view.php?id=632&oid=1&page=56&reporttype=1 HTTP/1.1" 200 15468 "-" "Mozilla/5.0 (compatible; Googlebot/2.1; +http://www.google.com/bot.html)"
138.201.59.34 - - [10/Jun/2017:09:35:23 +0530] "GET /includes/ncdma.css HTTP/1.0" 200 13023 "http://cdmindia.gov.in/" "Mozilla/5.0 (compatible; SEOkicks-Robot; +http://www.seokicks.de/robot.html)"
66.249.79.129 - - [10/Jun/2017:09:35:25 +0530] "GET /project_details_view.php?id=670&oid=1&page=55&reporttype=1 HTTP/1.1" 200 14304 "-" "Mozilla/5.0 (compatible; Googlebot/2.1; +http://www.google.com/bot.html)"
138.201.59.34 - - [10/Jun/2017:09:35:26 +0530] "GET /Scripts/AC_RunActiveContent.js HTTP/1.0" 200 8321 "http://cdmindia.gov.in/" "Mozilla/5.0 (compatible; SEOkicks-Robot; +http://www.seokicks.de/robot.html)"
66.249.79.129 - - [10/Jun/2017:09:35:28 +0530] "GET /project_details_view.php?id=571&oid=1&page=59&reporttype=1 HTTP/1.1" 200 15996 "-" "Mozilla/5.0 (compatible; Googlebot/2.1; +http://www.google.com/bot.html)"
138.201.59.34 - - [10/Jun/2017:09:35:29 +0530] "GET /js/base64_encode.js HTTP/1.0" 200 3002 "http://cdmindia.gov.in/" "Mozilla/5.0 (compatible; SEOkicks-Robot; +http://www.seokicks.de/robot.html)"
138.201.59.34 - - [10/Jun/2017:09:35:30 +0530] "GET /js/md5.js HTTP/1.0" 200 13194 "http://cdmindia.gov.in/" "Mozilla/5.0 (compatible; SEOkicks-Robot; +http://www.seokicks.de/robot.html)"
66.249.79.129 - - [10/Jun/2017:09:35:31 +0530] "GET /project_details_view.php?id=605&oid=1&page=57&reporttype=1 HTTP/1.1" 200 14217 "-" "Mozilla/5.0 (compatible; Googlebot/2.1; +http://www.google.com/bot.html)"
66.249.79.129 - - [10/Jun/2017:09:35:34 +0530] "GET /project_details_view.php?id=566&oid=1&page=59&reporttype=1 HTTP/1.1" 200 14279 "-" "Mozilla/5.0 (compatible; Googlebot/2.1; +http://www.google.com/bot.html)"
66.249.79.129 - - [10/Jun/2017:09:35:36 +0530] "GET /project_details_view.php?id=648&oid=1&page=56&reporttype=1 HTTP/1.1" 200 14140 "-" "Mozilla/5.0 (compatible; Googlebot/2.1; +http://www.google.com/bot.html)"
66.249.79.129 - - [10/Jun/2017:09:35:39 +0530] "GET /project_details_view.php?id=576&oid=1&page=59&reporttype=1 HTTP/1.1" 200 14296 "-" "Mozilla/5.0 (compatible; Googlebot/2.1; +http://www.google.com/bot.html)"
66.249.79.129 - - [10/Jun/2017:09:35:42 +0530] "GET /project_details_view.php?id=623&oid=1&page=57&reporttype=1 HTTP/1.1" 200 14536 "-" "Mozilla/5.0 (compatible; Googlebot/2.1; +http://www.google.com/bot.html)"
66.249.79.129 - - [10/Jun/2017:09:35:45 +0530] "GET /project_details_view.php?id=620&oid=1&page=57&reporttype=1 HTTP/1.1" 200 14277 "-" "Mozilla/5.0 (compatible; Googlebot/2.1; +http://www.google.com/bot.html)"
66.249.79.129 - - [10/Jun/2017:09:35:48 +0530] "GET /project_details_view.php?id=643&oid=1&page=56&reporttype=1 HTTP/1.1" 200 14277 "-" "Mozilla/5.0 (compatible; Googlebot/2.1; +http://www.google.com/bot.html)"
66.249.79.129 - - [10/Jun/2017:09:35:51 +0530] "GET /project_details_view.php?id=608&oid=1&page=57&reporttype=1 HTTP/1.1" 200 14338 "-" "Mozilla/5.0 (compatible; Googlebot/2.1; +http://www.google.com/bot.html)"
66.249.79.129 - - [10/Jun/2017:09:37:03 +0530] "GET / HTTP/1.1" 200 19482 "-" "Mozilla/5.0 (Linux; Android 6.0.1; Nexus 5X Build/MMB29P) AppleWebKit/537.36 (KHTML, like Gecko) Chrome/41.0.2272.96 Mobile Safari/537.36 (compatible; Googlebot/2.1; +http://www.google.com/bot.html)"
66.249.79.129 - - [10/Jun/2017:09:37:09 +0530] "GET /Approved_proj_reports_list_details.php?id=1&reporttype=1&scale=&sdt=2005-05-02&edt=2014-05-31&exec=Private&page=32 HTTP/1.1" 200 17698 "-" "Mozilla/5.0 (compatible; Googlebot/2.1; +http://www.google.com/bot.html)"
66.249.79.129 - - [10/Jun/2017:09:37:24 +0530] "GET /Approved_proj_reports_list_details.php?id=1&reporttype=1&scale=&sdt=2005-05-02&edt=2014-05-31&exec=Private&page=34 HTTP/1.1" 200 17575 "-" "Mozilla/5.0 (compatible; Googlebot/2.1; +http://www.google.com/bot.html)"
66.249.79.129 - - [10/Jun/2017:09:37:35 +0530] "GET /project_details_view.php?id=1274&oid=1&page=29&reporttype=1 HTTP/1.1" 200 14595 "-" "Mozilla/5.0 (compatible; Googlebot/2.1; +http://www.google.com/bot.html)"
66.249.79.131 - - [10/Jun/2017:09:38:02 +0530] "GET /project_details_view.php?id=1266&oid=1&page=29&reporttype=1 HTTP/1.1" 200 14361 "-" "Mozilla/5.0 (compatible; Googlebot/2.1; +http://www.google.com/bot.html)"
8.37.225.237 - - [10/Jun/2017:09:38:09 +0530] "GET /project_details_view.php?id=1056 HTTP/1.1" 200 14168 "http://www.google.co.in/search?hl=en&ie=ISO-8859-1&q=Dharwad+bioenergy+pvt+ltd" "UCWEB/2.0 (Java; U; MIDP-2.0; Nokia203/20.37) U2/1.0.0 UCBrowser/8.7.0.218 U2/1.0.0 Mobile"
8.37.225.237 - - [10/Jun/2017:09:38:10 +0530] "GET /includes/ncdma.css HTTP/1.1" 200 13023 "http://www.cdmindia.gov.in/project_details_view.php?id=1056" "UCWEB/2.0 (Java; U; MIDP-2.0; Nokia203/20.37) U2/1.0.0 UCBrowser/8.7.0.218 U2/1.0.0 Mobile"
8.37.225.237 - - [10/Jun/2017:09:38:10 +0530] "GET /ncdma.css HTTP/1.1" 200 12640 "http://www.cdmindia.gov.in/project_details_view.php?id=1056" "UCWEB/2.0 (Java; U; MIDP-2.0; Nokia203/20.37) U2/1.0.0 UCBrowser/8.7.0.218 U2/1.0.0 Mobile"
8.37.225.237 - - [10/Jun/2017:09:38:10 +0530] "GET /Scripts/AC_RunActiveContent.js HTTP/1.1" 200 8321 "http://www.cdmindia.gov.in/project_details_view.php?id=1056" "UCWEB/2.0 (Java; U; MIDP-2.0; Nokia203/20.37) U2/1.0.0 UCBrowser/8.7.0.218 U2/1.0.0 Mobile"
8.37.225.237 - - [10/Jun/2017:09:38:10 +0530] "GET /images/img2.jpg HTTP/1.1" 200 16276 "http://www.cdmindia.gov.in/project_details_view.php?id=1056" "UCWEB/2.0 (Java; U; MIDP-2.0; Nokia203/20.37) U2/1.0.0 UCBrowser/8.7.0.218 U2/1.0.0 Mobile"
8.37.225.237 - - [10/Jun/2017:09:38:10 +0530] "GET /images/fdm.jpg HTTP/1.1" 200 2043 "http://www.cdmindia.gov.in/project_details_view.php?id=1056" "UCWEB/2.0 (Java; U; MIDP-2.0; Nokia203/20.37) U2/1.0.0 UCBrowser/8.7.0.218 U2/1.0.0 Mobile"
8.37.225.237 - - [10/Jun/2017:09:38:10 +0530] "GET /images/bullet4.gif HTTP/1.1" 200 67 "http://www.cdmindia.gov.in/project_details_view.php?id=1056" "UCWEB/2.0 (Java; U; MIDP-2.0; Nokia203/20.37) U2/1.0.0 UCBrowser/8.7.0.218 U2/1.0.0 Mobile"
8.37.225.237 - - [10/Jun/2017:09:38:10 +0530] "GET /images/bullet1.gif HTTP/1.1" 200 67 "http://www.cdmindia.gov.in/project_details_view.php?id=1056" "UCWEB/2.0 (Java; U; MIDP-2.0; Nokia203/20.37) U2/1.0.0 UCBrowser/8.7.0.218 U2/1.0.0 Mobile"
8.37.225.237 - - [10/Jun/2017:09:38:10 +0530] "GET /images/spacer.gif HTTP/1.1" 200 43 "http://www.cdmindia.gov.in/project_details_view.php?id=1056" "UCWEB/2.0 (Java; U; MIDP-2.0; Nokia203/20.37) U2/1.0.0 UCBrowser/8.7.0.218 U2/1.0.0 Mobile"
8.37.225.237 - - [10/Jun/2017:09:38:10 +0530] "GET /images/bulllet2.gif HTTP/1.1" 200 58 "http://www.cdmindia.gov.in/project_details_view.php?id=1056" "UCWEB/2.0 (Java; U; MIDP-2.0; Nokia203/20.37) U2/1.0.0 UCBrowser/8.7.0.218 U2/1.0.0 Mobile"
8.37.225.237 - - [10/Jun/2017:09:38:10 +0530] "GET /images/gtz.jpg HTTP/1.1" 200 15484 "http://www.cdmindia.gov.in/project_details_view.php?id=1056" "UCWEB/2.0 (Java; U; MIDP-2.0; Nokia203/20.37) U2/1.0.0 UCBrowser/8.7.0.218 U2/1.0.0 Mobile"
8.37.225.237 - - [10/Jun/2017:09:38:10 +0530] "GET /images/img1.jpg HTTP/1.1" 200 1251 "http://www.cdmindia.gov.in/project_details_view.php?id=1056" "UCWEB/2.0 (Java; U; MIDP-2.0; Nokia203/20.37) U2/1.0.0 UCBrowser/8.7.0.218 U2/1.0.0 Mobile"
8.37.225.237 - - [10/Jun/2017:09:38:10 +0530] "GET /images/fbg.jpg HTTP/1.1" 200 325 "http://www.cdmindia.gov.in/project_details_view.php?id=1056" "UCWEB/2.0 (Java; U; MIDP-2.0; Nokia203/20.37) U2/1.0.0 UCBrowser/8.7.0.218 U2/1.0.0 Mobile"
8.37.225.237 - - [10/Jun/2017:09:38:10 +0530] "GET /images/img3.jpg HTTP/1.1" 200 26957 "http://www.cdmindia.gov.in/project_details_view.php?id=1056" "UCWEB/2.0 (Java; U; MIDP-2.0; Nokia203/20.37) U2/1.0.0 UCBrowser/8.7.0.218 U2/1.0.0 Mobile"
35.184.189.105 - - [10/Jun/2017:09:38:23 +0530] "GET /robots.txt HTTP/1.1" 404 208 "-" "ltx71 - (http://ltx71.com/)"
66.249.79.129 - - [10/Jun/2017:09:38:35 +0530] "GET /project_details_view.php?id=1320&oid=1&page=27&reporttype=1 HTTP/1.1" 200 15390 "-" "Mozilla/5.0 (compatible; Googlebot/2.1; +http://www.google.com/bot.html)"
66.249.79.133 - - [10/Jun/2017:09:39:11 +0530] "GET /project_details_view.php?id=1322&oid=1&page=27&reporttype=1 HTTP/1.1" 200 14306 "-" "Mozilla/5.0 (compatible; Googlebot/2.1; +http://www.google.com/bot.html)"
157.55.39.165 - - [10/Jun/2017:09:40:02 +0530] "GET /project_details_view.php?id=1166 HTTP/1.1" 200 15047 "-" "Mozilla/5.0 (iPhone; CPU iPhone OS 7_0 like Mac OS X) AppleWebKit/537.51.1 (KHTML, like Gecko) Version/7.0 Mobile/11A465 Safari/9537.53 (compatible; bingbot/2.0; +http://www.bing.com/bingbot.htm)"
157.55.39.98 - - [10/Jun/2017:09:41:26 +0530] "GET /approval_process.php HTTP/1.1" 200 25914 "-" "Mozilla/5.0 (compatible; bingbot/2.0; +http://www.bing.com/bingbot.htm)"
157.55.39.156 - - [10/Jun/2017:09:41:39 +0530] "GET /downloads/Comparision%20of%20PCN_30.03.doc HTTP/1.1" 200 49664 "-" "Mozilla/5.0 (compatible; bingbot/2.0; +http://www.bing.com/bingbot.htm)"
66.249.79.129 - - [10/Jun/2017:09:43:15 +0530] "GET /Approved_proj_reports_list_details.php?id=1&reporttype=1&scale=&sdt=2005-05-02&edt=2014-05-31&exec=Private&page=38 HTTP/1.1" 200 17747 "-" "Mozilla/5.0 (compatible; Googlebot/2.1; +http://www.google.com/bot.html)"
157.55.39.165 - - [10/Jun/2017:09:44:03 +0530] "GET /project_details_view_report.php?id=757 HTTP/1.1" 200 13303 "-" "Mozilla/5.0 (compatible; bingbot/2.0; +http://www.bing.com/bingbot.htm)"
223.225.203.91 - - [10/Jun/2017:09:45:28 +0530] "GET /project_details_view.php?id=1334 HTTP/1.1" 200 14416 "https://www.google.co.in/" "Mozilla/5.0 (Windows NT 6.1; WOW64) AppleWebKit/537.36 (KHTML, like Gecko) Chrome/58.1.3029.81 Safari/537.36"
223.225.203.91 - - [10/Jun/2017:09:45:28 +0530] "GET /includes/ncdma.css HTTP/1.1" 200 13023 "http://www.cdmindia.gov.in/project_details_view.php?id=1334" "Mozilla/5.0 (Windows NT 6.1; WOW64) AppleWebKit/537.36 (KHTML, like Gecko) Chrome/58.1.3029.81 Safari/537.36"
223.225.203.91 - - [10/Jun/2017:09:45:28 +0530] "GET /ncdma.css HTTP/1.1" 200 12640 "http://www.cdmindia.gov.in/project_details_view.php?id=1334" "Mozilla/5.0 (Windows NT 6.1; WOW64) AppleWebKit/537.36 (KHTML, like Gecko) Chrome/58.1.3029.81 Safari/537.36"
223.225.203.91 - - [10/Jun/2017:09:45:28 +0530] "GET /Scripts/AC_RunActiveContent.js HTTP/1.1" 200 8321 "http://www.cdmindia.gov.in/project_details_view.php?id=1334" "Mozilla/5.0 (Windows NT 6.1; WOW64) AppleWebKit/537.36 (KHTML, like Gecko) Chrome/58.1.3029.81 Safari/537.36"
223.225.203.91 - - [10/Jun/2017:09:45:29 +0530] "GET /images/img2.jpg HTTP/1.1" 200 16276 "http://www.cdmindia.gov.in/project_details_view.php?id=1334" "Mozilla/5.0 (Windows NT 6.1; WOW64) AppleWebKit/537.36 (KHTML, like Gecko) Chrome/58.1.3029.81 Safari/537.36"
223.225.203.91 - - [10/Jun/2017:09:45:29 +0530] "GET /images/bulllet2.gif HTTP/1.1" 200 58 "http://www.cdmindia.gov.in/project_details_view.php?id=1334" "Mozilla/5.0 (Windows NT 6.1; WOW64) AppleWebKit/537.36 (KHTML, like Gecko) Chrome/58.1.3029.81 Safari/537.36"
223.225.203.91 - - [10/Jun/2017:09:45:29 +0530] "GET /images/bullet4.gif HTTP/1.1" 200 67 "http://www.cdmindia.gov.in/project_details_view.php?id=1334" "Mozilla/5.0 (Windows NT 6.1; WOW64) AppleWebKit/537.36 (KHTML, like Gecko) Chrome/58.1.3029.81 Safari/537.36"
223.225.203.91 - - [10/Jun/2017:09:45:29 +0530] "GET /images/img1.jpg HTTP/1.1" 200 1251 "http://www.cdmindia.gov.in/project_details_view.php?id=1334" "Mozilla/5.0 (Windows NT 6.1; WOW64) AppleWebKit/537.36 (KHTML, like Gecko) Chrome/58.1.3029.81 Safari/537.36"
223.225.203.91 - - [10/Jun/2017:09:45:29 +0530] "GET /images/img3.jpg HTTP/1.1" 200 26957 "http://www.cdmindia.gov.in/project_details_view.php?id=1334" "Mozilla/5.0 (Windows NT 6.1; WOW64) AppleWebKit/537.36 (KHTML, like Gecko) Chrome/58.1.3029.81 Safari/537.36"
223.225.203.91 - - [10/Jun/2017:09:45:29 +0530] "GET /images/spacer.gif HTTP/1.1" 200 43 "http://www.cdmindia.gov.in/project_details_view.php?id=1334" "Mozilla/5.0 (Windows NT 6.1; WOW64) AppleWebKit/537.36 (KHTML, like Gecko) Chrome/58.1.3029.81 Safari/537.36"
223.225.203.91 - - [10/Jun/2017:09:45:29 +0530] "GET /images/bullet1.gif HTTP/1.1" 200 67 "http://www.cdmindia.gov.in/project_details_view.php?id=1334" "Mozilla/5.0 (Windows NT 6.1; WOW64) AppleWebKit/537.36 (KHTML, like Gecko) Chrome/58.1.3029.81 Safari/537.36"
223.225.203.91 - - [10/Jun/2017:09:45:29 +0530] "GET /images/fdm.jpg HTTP/1.1" 200 2043 "http://www.cdmindia.gov.in/project_details_view.php?id=1334" "Mozilla/5.0 (Windows NT 6.1; WOW64) AppleWebKit/537.36 (KHTML, like Gecko) Chrome/58.1.3029.81 Safari/537.36"
223.225.203.91 - - [10/Jun/2017:09:45:30 +0530] "GET /images/gtz.jpg HTTP/1.1" 200 15484 "http://www.cdmindia.gov.in/project_details_view.php?id=1334" "Mozilla/5.0 (Windows NT 6.1; WOW64) AppleWebKit/537.36 (KHTML, like Gecko) Chrome/58.1.3029.81 Safari/537.36"
223.225.203.91 - - [10/Jun/2017:09:45:30 +0530] "GET /images/fbg.jpg HTTP/1.1" 200 325 "http://www.cdmindia.gov.in/project_details_view.php?id=1334" "Mozilla/5.0 (Windows NT 6.1; WOW64) AppleWebKit/537.36 (KHTML, like Gecko) Chrome/58.1.3029.81 Safari/537.36"
223.225.203.91 - - [10/Jun/2017:09:45:30 +0530] "GET /favicon.ico HTTP/1.1" 200 1189 "http://www.cdmindia.gov.in/project_details_view.php?id=1334" "Mozilla/5.0 (Windows NT 6.1; WOW64) AppleWebKit/537.36 (KHTML, like Gecko) Chrome/58.1.3029.81 Safari/537.36"
66.249.79.91 - - [10/Jun/2017:09:47:03 +0530] "GET / HTTP/1.1" 200 19482 "-" "Mozilla/5.0 (compatible; Googlebot/2.1; +http://www.google.com/bot.html)"
64.233.173.137 - - [10/Jun/2017:09:47:08 +0530] "GET /project_details_view.php?id=51 HTTP/1.1" 200 14889 "https://www.google.co.in/" "Mozilla/5.0 (Linux; Android 4.4.4; SAMSUNG-SM-N910A Build/KTU84P) AppleWebKit/537.36 (KHTML, like Gecko) Chrome/58.0.3029.83 Mobile Safari/537.36"
64.233.173.137 - - [10/Jun/2017:09:47:09 +0530] "GET /Scripts/AC_RunActiveContent.js HTTP/1.1" 200 8321 "http://www.cdmindia.gov.in/project_details_view.php?id=51" "Mozilla/5.0 (Linux; Android 4.4.4; SAMSUNG-SM-N910A Build/KTU84P) AppleWebKit/537.36 (KHTML, like Gecko) Chrome/58.0.3029.83 Mobile Safari/537.36"
64.233.173.138 - - [10/Jun/2017:09:47:09 +0530] "GET /images/spacer.gif HTTP/1.1" 200 43 "http://www.cdmindia.gov.in/project_details_view.php?id=51" "Mozilla/5.0 (Linux; Android 4.4.4; SAMSUNG-SM-N910A Build/KTU84P) AppleWebKit/537.36 (KHTML, like Gecko) Chrome/58.0.3029.83 Mobile Safari/537.36"
64.233.173.137 - - [10/Jun/2017:09:47:09 +0530] "GET /ncdma.css HTTP/1.1" 200 12640 "http://www.cdmindia.gov.in/project_details_view.php?id=51" "Mozilla/5.0 (Linux; Android 4.4.4; SAMSUNG-SM-N910A Build/KTU84P) AppleWebKit/537.36 (KHTML, like Gecko) Chrome/58.0.3029.83 Mobile Safari/537.36"
64.233.173.136 - - [10/Jun/2017:09:47:09 +0530] "GET /images/bullet1.gif HTTP/1.1" 200 67 "http://www.cdmindia.gov.in/project_details_view.php?id=51" "Mozilla/5.0 (Linux; Android 4.4.4; SAMSUNG-SM-N910A Build/KTU84P) AppleWebKit/537.36 (KHTML, like Gecko) Chrome/58.0.3029.83 Mobile Safari/537.36"
64.233.173.138 - - [10/Jun/2017:09:47:09 +0530] "GET /images/gtz.jpg HTTP/1.1" 200 15484 "http://www.cdmindia.gov.in/project_details_view.php?id=51" "Mozilla/5.0 (Linux; Android 4.4.4; SAMSUNG-SM-N910A Build/KTU84P) AppleWebKit/537.36 (KHTML, like Gecko) Chrome/58.0.3029.83 Mobile Safari/537.36"
64.233.173.137 - - [10/Jun/2017:09:47:09 +0530] "GET /includes/ncdma.css HTTP/1.1" 200 13023 "http://www.cdmindia.gov.in/project_details_view.php?id=51" "Mozilla/5.0 (Linux; Android 4.4.4; SAMSUNG-SM-N910A Build/KTU84P) AppleWebKit/537.36 (KHTML, like Gecko) Chrome/58.0.3029.83 Mobile Safari/537.36"
64.233.173.136 - - [10/Jun/2017:09:47:09 +0530] "GET /images/fdm.jpg HTTP/1.1" 200 2043 "http://www.cdmindia.gov.in/project_details_view.php?id=51" "Mozilla/5.0 (Linux; Android 4.4.4; SAMSUNG-SM-N910A Build/KTU84P) AppleWebKit/537.36 (KHTML, like Gecko) Chrome/58.0.3029.83 Mobile Safari/537.36"
64.233.173.138 - - [10/Jun/2017:09:47:09 +0530] "GET /images/bulllet2.gif HTTP/1.1" 200 58 "http://www.cdmindia.gov.in/project_details_view.php?id=51" "Mozilla/5.0 (Linux; Android 4.4.4; SAMSUNG-SM-N910A Build/KTU84P) AppleWebKit/537.36 (KHTML, like Gecko) Chrome/58.0.3029.83 Mobile Safari/537.36"
64.233.173.138 - - [10/Jun/2017:09:47:09 +0530] "GET /images/img2.jpg HTTP/1.1" 200 16276 "http://www.cdmindia.gov.in/project_details_view.php?id=51" "Mozilla/5.0 (Linux; Android 4.4.4; SAMSUNG-SM-N910A Build/KTU84P) AppleWebKit/537.36 (KHTML, like Gecko) Chrome/58.0.3029.83 Mobile Safari/537.36"
64.233.173.138 - - [10/Jun/2017:09:47:09 +0530] "GET /images/bullet4.gif HTTP/1.1" 200 67 "http://www.cdmindia.gov.in/project_details_view.php?id=51" "Mozilla/5.0 (Linux; Android 4.4.4; SAMSUNG-SM-N910A Build/KTU84P) AppleWebKit/537.36 (KHTML, like Gecko) Chrome/58.0.3029.83 Mobile Safari/537.36"
64.233.173.137 - - [10/Jun/2017:09:47:09 +0530] "GET /images/img3.jpg HTTP/1.1" 200 26957 "http://www.cdmindia.gov.in/project_details_view.php?id=51" "Mozilla/5.0 (Linux; Android 4.4.4; SAMSUNG-SM-N910A Build/KTU84P) AppleWebKit/537.36 (KHTML, like Gecko) Chrome/58.0.3029.83 Mobile Safari/537.36"
64.233.173.136 - - [10/Jun/2017:09:47:10 +0530] "GET /images/fbg.jpg HTTP/1.1" 200 325 "http://www.cdmindia.gov.in/project_details_view.php?id=51" "Mozilla/5.0 (Linux; Android 4.4.4; SAMSUNG-SM-N910A Build/KTU84P) AppleWebKit/537.36 (KHTML, like Gecko) Chrome/58.0.3029.83 Mobile Safari/537.36"
64.233.173.138 - - [10/Jun/2017:09:47:10 +0530] "GET /images/img1.jpg HTTP/1.1" 200 1251 "http://www.cdmindia.gov.in/project_details_view.php?id=51" "Mozilla/5.0 (Linux; Android 4.4.4; SAMSUNG-SM-N910A Build/KTU84P) AppleWebKit/537.36 (KHTML, like Gecko) Chrome/58.0.3029.83 Mobile Safari/537.36"
64.233.173.136 - - [10/Jun/2017:09:47:10 +0530] "GET /favicon.ico HTTP/1.1" 200 1189 "http://www.cdmindia.gov.in/project_details_view.php?id=51" "Mozilla/5.0 (Linux; Android 4.4.4; SAMSUNG-SM-N910A Build/KTU84P) AppleWebKit/537.36 (KHTML, like Gecko) Chrome/58.0.3029.83 Mobile Safari/537.36"
66.249.79.129 - - [10/Jun/2017:09:47:25 +0530] "GET /Approved_proj_reports_list_details.php?id=1&reporttype=1&scale=&sdt=2005-05-02&edt=2014-05-31&exec=Private&page=42 HTTP/1.1" 200 17528 "-" "Mozilla/5.0 (compatible; Googlebot/2.1; +http://www.google.com/bot.html)"
52.55.215.57 - - [10/Jun/2017:09:47:32 +0530] "GET /project_details_view.php?id=701 HTTP/1.1" 200 14140 "-" "User-Agent: Mozilla/5.0 (Windows NT 6.1; WOW64) AppleWebKit/537.31 (KHTML, like Gecko) Chrome/26.0.1410.64 Safari/537.31"
106.208.207.96 - - [10/Jun/2017:09:48:45 +0530] "GET /project_details_view.php?id=760 HTTP/1.1" 200 14928 "https://www.google.co.in/" "Mozilla/5.0 (Linux; Android 4.4.4; SM-G360H Build/KTU84P) AppleWebKit/537.36 (KHTML, like Gecko) Chrome/40.0.2214.109 Mobile Safari/537.36"
106.208.207.96 - - [10/Jun/2017:09:48:45 +0530] "GET /includes/ncdma.css HTTP/1.1" 200 13023 "http://www.cdmindia.gov.in/project_details_view.php?id=760" "Mozilla/5.0 (Linux; Android 4.4.4; SM-G360H Build/KTU84P) AppleWebKit/537.36 (KHTML, like Gecko) Chrome/40.0.2214.109 Mobile Safari/537.36"
106.208.207.96 - - [10/Jun/2017:09:48:45 +0530] "GET /ncdma.css HTTP/1.1" 200 12640 "http://www.cdmindia.gov.in/project_details_view.php?id=760" "Mozilla/5.0 (Linux; Android 4.4.4; SM-G360H Build/KTU84P) AppleWebKit/537.36 (KHTML, like Gecko) Chrome/40.0.2214.109 Mobile Safari/537.36"
106.208.207.96 - - [10/Jun/2017:09:48:45 +0530] "GET /Scripts/AC_RunActiveContent.js HTTP/1.1" 200 8321 "http://www.cdmindia.gov.in/project_details_view.php?id=760" "Mozilla/5.0 (Linux; Android 4.4.4; SM-G360H Build/KTU84P) AppleWebKit/537.36 (KHTML, like Gecko) Chrome/40.0.2214.109 Mobile Safari/537.36"
106.208.207.96 - - [10/Jun/2017:09:48:45 +0530] "GET /images/img2.jpg HTTP/1.1" 200 16276 "http://www.cdmindia.gov.in/project_details_view.php?id=760" "Mozilla/5.0 (Linux; Android 4.4.4; SM-G360H Build/KTU84P) AppleWebKit/537.36 (KHTML, like Gecko) Chrome/40.0.2214.109 Mobile Safari/537.36"
106.208.207.96 - - [10/Jun/2017:09:48:46 +0530] "GET /images/spacer.gif HTTP/1.1" 200 43 "http://www.cdmindia.gov.in/project_details_view.php?id=760" "Mozilla/5.0 (Linux; Android 4.4.4; SM-G360H Build/KTU84P) AppleWebKit/537.36 (KHTML, like Gecko) Chrome/40.0.2214.109 Mobile Safari/537.36"
106.208.207.96 - - [10/Jun/2017:09:48:46 +0530] "GET /images/bullet1.gif HTTP/1.1" 200 67 "http://www.cdmindia.gov.in/project_details_view.php?id=760" "Mozilla/5.0 (Linux; Android 4.4.4; SM-G360H Build/KTU84P) AppleWebKit/537.36 (KHTML, like Gecko) Chrome/40.0.2214.109 Mobile Safari/537.36"
106.208.207.96 - - [10/Jun/2017:09:48:46 +0530] "GET /images/bulllet2.gif HTTP/1.1" 200 58 "http://www.cdmindia.gov.in/project_details_view.php?id=760" "Mozilla/5.0 (Linux; Android 4.4.4; SM-G360H Build/KTU84P) AppleWebKit/537.36 (KHTML, like Gecko) Chrome/40.0.2214.109 Mobile Safari/537.36"
106.208.207.96 - - [10/Jun/2017:09:48:46 +0530] "GET /images/img3.jpg HTTP/1.1" 200 26957 "http://www.cdmindia.gov.in/project_details_view.php?id=760" "Mozilla/5.0 (Linux; Android 4.4.4; SM-G360H Build/KTU84P) AppleWebKit/537.36 (KHTML, like Gecko) Chrome/40.0.2214.109 Mobile Safari/537.36"
106.208.207.96 - - [10/Jun/2017:09:48:46 +0530] "GET /images/bullet4.gif HTTP/1.1" 200 67 "http://www.cdmindia.gov.in/project_details_view.php?id=760" "Mozilla/5.0 (Linux; Android 4.4.4; SM-G360H Build/KTU84P) AppleWebKit/537.36 (KHTML, like Gecko) Chrome/40.0.2214.109 Mobile Safari/537.36"
106.208.207.96 - - [10/Jun/2017:09:48:46 +0530] "GET /images/fbg.jpg HTTP/1.1" 200 325 "http://www.cdmindia.gov.in/project_details_view.php?id=760" "Mozilla/5.0 (Linux; Android 4.4.4; SM-G360H Build/KTU84P) AppleWebKit/537.36 (KHTML, like Gecko) Chrome/40.0.2214.109 Mobile Safari/537.36"
106.208.207.96 - - [10/Jun/2017:09:48:46 +0530] "GET /images/img1.jpg HTTP/1.1" 200 1251 "http://www.cdmindia.gov.in/project_details_view.php?id=760" "Mozilla/5.0 (Linux; Android 4.4.4; SM-G360H Build/KTU84P) AppleWebKit/537.36 (KHTML, like Gecko) Chrome/40.0.2214.109 Mobile Safari/537.36"
106.208.207.96 - - [10/Jun/2017:09:48:46 +0530] "GET /images/fdm.jpg HTTP/1.1" 200 2043 "http://www.cdmindia.gov.in/project_details_view.php?id=760" "Mozilla/5.0 (Linux; Android 4.4.4; SM-G360H Build/KTU84P) AppleWebKit/537.36 (KHTML, like Gecko) Chrome/40.0.2214.109 Mobile Safari/537.36"
106.208.207.96 - - [10/Jun/2017:09:48:46 +0530] "GET /images/gtz.jpg HTTP/1.1" 200 15484 "http://www.cdmindia.gov.in/project_details_view.php?id=760" "Mozilla/5.0 (Linux; Android 4.4.4; SM-G360H Build/KTU84P) AppleWebKit/537.36 (KHTML, like Gecko) Chrome/40.0.2214.109 Mobile Safari/537.36"
106.208.207.96 - - [10/Jun/2017:09:48:46 +0530] "GET /favicon.ico HTTP/1.1" 200 1189 "-" "Mozilla/5.0 (Linux; Android 4.4.4; SM-G360H Build/KTU84P) AppleWebKit/537.36 (KHTML, like Gecko) Chrome/40.0.2214.109 Mobile Safari/537.36"
117.220.180.142 - - [10/Jun/2017:09:49:00 +0530] "GET / HTTP/1.1" 200 19482 "-" "Mozilla/5.0 (Macintosh; Intel Mac OS X 10_12_5) AppleWebKit/603.2.4 (KHTML, like Gecko) Version/10.1.1 Safari/603.2.4"
117.220.180.142 - - [10/Jun/2017:09:49:00 +0530] "GET /includes/ncdma.css HTTP/1.1" 200 13023 "http://www.cdmindia.gov.in/" "Mozilla/5.0 (Macintosh; Intel Mac OS X 10_12_5) AppleWebKit/603.2.4 (KHTML, like Gecko) Version/10.1.1 Safari/603.2.4"
117.220.180.142 - - [10/Jun/2017:09:49:01 +0530] "GET /Scripts/AC_RunActiveContent.js HTTP/1.1" 200 8321 "http://www.cdmindia.gov.in/" "Mozilla/5.0 (Macintosh; Intel Mac OS X 10_12_5) AppleWebKit/603.2.4 (KHTML, like Gecko) Version/10.1.1 Safari/603.2.4"
117.220.180.142 - - [10/Jun/2017:09:49:01 +0530] "GET /js/base64_encode.js HTTP/1.1" 200 3002 "http://www.cdmindia.gov.in/" "Mozilla/5.0 (Macintosh; Intel Mac OS X 10_12_5) AppleWebKit/603.2.4 (KHTML, like Gecko) Version/10.1.1 Safari/603.2.4"
117.220.180.142 - - [10/Jun/2017:09:49:01 +0530] "GET /js/md5.js HTTP/1.1" 200 13194 "http://www.cdmindia.gov.in/" "Mozilla/5.0 (Macintosh; Intel Mac OS X 10_12_5) AppleWebKit/603.2.4 (KHTML, like Gecko) Version/10.1.1 Safari/603.2.4"
117.220.180.142 - - [10/Jun/2017:09:49:01 +0530] "GET /ncdma.css HTTP/1.1" 200 12640 "http://www.cdmindia.gov.in/" "Mozilla/5.0 (Macintosh; Intel Mac OS X 10_12_5) AppleWebKit/603.2.4 (KHTML, like Gecko) Version/10.1.1 Safari/603.2.4"
117.220.180.142 - - [10/Jun/2017:09:49:01 +0530] "GET /images/img2.jpg HTTP/1.1" 200 16276 "http://www.cdmindia.gov.in/" "Mozilla/5.0 (Macintosh; Intel Mac OS X 10_12_5) AppleWebKit/603.2.4 (KHTML, like Gecko) Version/10.1.1 Safari/603.2.4"
117.220.180.142 - - [10/Jun/2017:09:49:02 +0530] "GET /images/spacer.gif HTTP/1.1" 200 43 "http://www.cdmindia.gov.in/" "Mozilla/5.0 (Macintosh; Intel Mac OS X 10_12_5) AppleWebKit/603.2.4 (KHTML, like Gecko) Version/10.1.1 Safari/603.2.4"
117.220.180.142 - - [10/Jun/2017:09:49:02 +0530] "GET /images/bullet1.gif HTTP/1.1" 200 67 "http://www.cdmindia.gov.in/" "Mozilla/5.0 (Macintosh; Intel Mac OS X 10_12_5) AppleWebKit/603.2.4 (KHTML, like Gecko) Version/10.1.1 Safari/603.2.4"
117.220.180.142 - - [10/Jun/2017:09:49:02 +0530] "GET /images/bulllet2.gif HTTP/1.1" 200 58 "http://www.cdmindia.gov.in/" "Mozilla/5.0 (Macintosh; Intel Mac OS X 10_12_5) AppleWebKit/603.2.4 (KHTML, like Gecko) Version/10.1.1 Safari/603.2.4"
117.220.180.142 - - [10/Jun/2017:09:49:02 +0530] "GET /images/bullet4.gif HTTP/1.1" 200 67 "http://www.cdmindia.gov.in/" "Mozilla/5.0 (Macintosh; Intel Mac OS X 10_12_5) AppleWebKit/603.2.4 (KHTML, like Gecko) Version/10.1.1 Safari/603.2.4"
117.220.180.142 - - [10/Jun/2017:09:49:02 +0530] "GET /images/fdm.jpg HTTP/1.1" 200 2043 "http://www.cdmindia.gov.in/" "Mozilla/5.0 (Macintosh; Intel Mac OS X 10_12_5) AppleWebKit/603.2.4 (KHTML, like Gecko) Version/10.1.1 Safari/603.2.4"
117.220.180.142 - - [10/Jun/2017:09:49:01 +0530] "GET /images/img3.jpg HTTP/1.1" 200 26957 "http://www.cdmindia.gov.in/" "Mozilla/5.0 (Macintosh; Intel Mac OS X 10_12_5) AppleWebKit/603.2.4 (KHTML, like Gecko) Version/10.1.1 Safari/603.2.4"
157.55.39.165 - - [10/Jun/2017:09:49:26 +0530] "GET /detail_news.php?id=18 HTTP/1.1" 302 18715 "-" "Mozilla/5.0 (compatible; bingbot/2.0; +http://www.bing.com/bingbot.htm)"
157.55.39.165 - - [10/Jun/2017:09:49:27 +0530] "GET /logout.php HTTP/1.1" 302 369 "-" "Mozilla/5.0 (compatible; bingbot/2.0; +http://www.bing.com/bingbot.htm)"
157.55.39.165 - - [10/Jun/2017:09:49:28 +0530] "GET /index.php HTTP/1.1" 200 19482 "-" "Mozilla/5.0 (compatible; bingbot/2.0; +http://www.bing.com/bingbot.htm)"
66.249.79.133 - - [10/Jun/2017:09:50:33 +0530] "GET /project_details_view.php?id=1067&oid=1&page=38&reporttype=1 HTTP/1.1" 200 14620 "-" "Mozilla/5.0 (compatible; Googlebot/2.1; +http://www.google.com/bot.html)"
66.249.79.133 - - [10/Jun/2017:09:52:08 +0530] "GET /project_details_view_report.php?id=1443 HTTP/1.1" 200 13181 "-" "Mozilla/5.0 (compatible; Googlebot/2.1; +http://www.google.com/bot.html)"
202.164.38.118 - - [10/Jun/2017:09:52:23 +0530] "GET / HTTP/1.1" 200 19482 "https://www.google.co.in/" "Mozilla/5.0 (Windows NT 5.1) AppleWebKit/537.36 (KHTML, like Gecko) Chrome/49.0.2623.112 Safari/537.36"
202.164.38.118 - - [10/Jun/2017:09:52:54 +0530] "GET / HTTP/1.1" 200 19482 "https://www.google.co.in/" "Mozilla/5.0 (Windows NT 5.1) AppleWebKit/537.36 (KHTML, like Gecko) Chrome/49.0.2623.112 Safari/537.36"
66.249.79.129 - - [10/Jun/2017:09:54:20 +0530] "GET /project_details_view.php?id=960&oid=1&page=42&reporttype=1 HTTP/1.1" 200 14149 "-" "Mozilla/5.0 (compatible; Googlebot/2.1; +http://www.google.com/bot.html)"
202.164.38.118 - - [10/Jun/2017:09:55:51 +0530] "GET /downloads/Existing%20PCN.doc HTTP/1.1" 200 114176 "http://www.cdmindia.gov.in/" "Mozilla/5.0 (Windows NT 5.1) AppleWebKit/537.36 (KHTML, like Gecko) Chrome/49.0.2623.112 Safari/537.36"
66.249.79.129 - - [10/Jun/2017:09:57:14 +0530] "GET /reports_list_details.php?id=tubkayrstf&reporttype=&page=133 HTTP/1.1" 200 21782 "-" "Mozilla/5.0 (compatible; Googlebot/2.1; +http://www.google.com/bot.html)"
157.55.39.98 - - [10/Jun/2017:09:57:44 +0530] "GET /approved_projects.php?n=1 HTTP/1.1" 200 16644 "-" "Mozilla/5.0 (compatible; bingbot/2.0; +http://www.bing.com/bingbot.htm)"
35.184.189.105 - - [10/Jun/2017:09:57:51 +0530] "GET /robots.txt HTTP/1.1" 404 208 "-" "ltx71 - (http://ltx71.com/)"
66.249.79.129 - - [10/Jun/2017:10:02:14 +0530] "GET /project_details_view.php?id=764 HTTP/1.1" 200 15375 "-" "Mozilla/5.0 (compatible; Googlebot/2.1; +http://www.google.com/bot.html)"
66.102.6.111 - - [10/Jun/2017:10:05:49 +0530] "GET /project_details_view.php?id=2180 HTTP/1.1" 200 14215 "android-app://com.google.android.googlequicksearchbox" "Mozilla/5.0 (Linux; Android 4.2.1; en-us; Nexus 5 Build/JOP40D) AppleWebKit/535.19 (KHTML, like Gecko; googleweblight) Chrome/38.0.1025.166 Mobile Safari/535.19"
66.102.6.111 - - [10/Jun/2017:10:05:50 +0530] "GET /project_details_view.php?id=2180 HTTP/1.1" 200 14215 "-" "Mozilla/5.0 (Linux; Android 4.2.1; en-us; Nexus 5 Build/JOP40D) AppleWebKit/535.19 (KHTML, like Gecko; googleweblight) Chrome/38.0.1025.166 Mobile Safari/535.19"
66.102.6.115 - - [10/Jun/2017:10:05:50 +0530] "GET /images/bullet4.gif HTTP/1.1" 200 67 "http://www.cdmindia.gov.in/project_details_view.php?id=2180" "Mozilla/5.0 (Linux; Android 4.2.1; en-us; Nexus 5 Build/JOP40D) AppleWebKit/535.19 (KHTML, like Gecko; googleweblight) Chrome/38.0.1025.166 Mobile Safari/535.19"
66.102.6.113 - - [10/Jun/2017:10:05:50 +0530] "GET /Scripts/AC_RunActiveContent.js HTTP/1.1" 200 8321 "http://www.cdmindia.gov.in/project_details_view.php?id=2180" "Mozilla/5.0 (Linux; Android 4.2.1; en-us; Nexus 5 Build/JOP40D) AppleWebKit/535.19 (KHTML, like Gecko; googleweblight) Chrome/38.0.1025.166 Mobile Safari/535.19"
66.102.6.113 - - [10/Jun/2017:10:05:50 +0530] "GET /images/bullet1.gif HTTP/1.1" 200 67 "http://www.cdmindia.gov.in/project_details_view.php?id=2180" "Mozilla/5.0 (Linux; Android 4.2.1; en-us; Nexus 5 Build/JOP40D) AppleWebKit/535.19 (KHTML, like Gecko; googleweblight) Chrome/38.0.1025.166 Mobile Safari/535.19"
66.102.6.115 - - [10/Jun/2017:10:05:50 +0530] "GET /ncdma.css HTTP/1.1" 200 12640 "http://www.cdmindia.gov.in/project_details_view.php?id=2180" "Mozilla/5.0 (Linux; Android 4.2.1; en-us; Nexus 5 Build/JOP40D) AppleWebKit/535.19 (KHTML, like Gecko; googleweblight) Chrome/38.0.1025.166 Mobile Safari/535.19"
