146.148.64.128 - - [19/Jun/2017:01:19:59 +0530] "GET /robots.txt HTTP/1.1" 404 208 "-" "ltx71 - (http://ltx71.com/)"
66.249.79.91 - - [19/Jun/2017:01:21:27 +0530] "GET /robots.txt HTTP/1.1" 404 208 "-" "Mozilla/5.0 (compatible; Googlebot/2.1; +http://www.google.com/bot.html)"
66.249.79.95 - - [19/Jun/2017:01:21:27 +0530] "GET / HTTP/1.1" 200 19480 "-" "Mozilla/5.0 (Linux; Android 6.0.1; Nexus 5X Build/MMB29P) AppleWebKit/537.36 (KHTML, like Gecko) Chrome/41.0.2272.96 Mobile Safari/537.36 (compatible; Googlebot/2.1; +http://www.google.com/bot.html)"
107.167.107.175 - - [19/Jun/2017:01:21:46 +0530] "GET /project_details_view.php?id=100 HTTP/1.1" 200 14002 "-" "Opera/9.80 (Android; Opera Mini/7.6.40234/64.228; U; en) Presto/2.12.423 Version/12.16"
107.167.107.175 - - [19/Jun/2017:01:21:46 +0530] "GET /includes/ncdma.css HTTP/1.1" 200 13023 "http://www.cdmindia.gov.in/project_details_view.php?id=100" "Opera/9.80 (Android; Opera Mini/7.6.40234/64.228; U; en) Presto/2.12.423 Version/12.16"
107.167.107.175 - - [19/Jun/2017:01:21:46 +0530] "GET /Scripts/AC_RunActiveContent.js HTTP/1.1" 200 8321 "http://www.cdmindia.gov.in/project_details_view.php?id=100" "Opera/9.80 (Android; Opera Mini/7.6.40234/64.228; U; en) Presto/2.12.423 Version/12.16"
107.167.107.175 - - [19/Jun/2017:01:21:47 +0530] "GET /images/bullet4.gif HTTP/1.1" 200 67 "http://www.cdmindia.gov.in/project_details_view.php?id=100" "Opera/9.80 (Android; Opera Mini/7.6.40234/64.228; U; en) Presto/2.12.423 Version/12.16"
107.167.107.175 - - [19/Jun/2017:01:21:47 +0530] "GET /images/img2.jpg HTTP/1.1" 200 16276 "http://www.cdmindia.gov.in/project_details_view.php?id=100" "Opera/9.80 (Android; Opera Mini/7.6.40234/64.228; U; en) Presto/2.12.423 Version/12.16"
107.167.107.175 - - [19/Jun/2017:01:21:47 +0530] "GET /ncdma.css HTTP/1.1" 200 12640 "http://www.cdmindia.gov.in/project_details_view.php?id=100" "Opera/9.80 (Android; Opera Mini/7.6.40234/64.228; U; en) Presto/2.12.423 Version/12.16"
107.167.107.175 - - [19/Jun/2017:01:21:47 +0530] "GET /images/bullet1.gif HTTP/1.1" 200 67 "http://www.cdmindia.gov.in/project_details_view.php?id=100" "Opera/9.80 (Android; Opera Mini/7.6.40234/64.228; U; en) Presto/2.12.423 Version/12.16"
107.167.107.175 - - [19/Jun/2017:01:21:47 +0530] "GET /images/spacer.gif HTTP/1.1" 200 43 "http://www.cdmindia.gov.in/project_details_view.php?id=100" "Opera/9.80 (Android; Opera Mini/7.6.40234/64.228; U; en) Presto/2.12.423 Version/12.16"
107.167.107.175 - - [19/Jun/2017:01:21:47 +0530] "GET /images/img3.jpg HTTP/1.1" 200 26957 "http://www.cdmindia.gov.in/project_details_view.php?id=100" "Opera/9.80 (Android; Opera Mini/7.6.40234/64.228; U; en) Presto/2.12.423 Version/12.16"
107.167.107.175 - - [19/Jun/2017:01:21:47 +0530] "GET /images/favicon.ico HTTP/1.1" 200 1406 "http://www.cdmindia.gov.in/project_details_view.php?id=100" "Opera/9.80 (Android; Opera Mini/7.6.40234/64.228; U; en) Presto/2.12.423 Version/12.16"
107.167.107.175 - - [19/Jun/2017:01:21:47 +0530] "GET /images/fdm.jpg HTTP/1.1" 200 2043 "http://www.cdmindia.gov.in/project_details_view.php?id=100" "Opera/9.80 (Android; Opera Mini/7.6.40234/64.228; U; en) Presto/2.12.423 Version/12.16"
107.167.107.175 - - [19/Jun/2017:01:21:48 +0530] "GET /images/gtz.jpg HTTP/1.1" 200 15484 "http://www.cdmindia.gov.in/project_details_view.php?id=100" "Opera/9.80 (Android; Opera Mini/7.6.40234/64.228; U; en) Presto/2.12.423 Version/12.16"
107.167.107.175 - - [19/Jun/2017:01:21:48 +0530] "GET /images/bulllet2.gif HTTP/1.1" 200 58 "http://www.cdmindia.gov.in/project_details_view.php?id=100" "Opera/9.80 (Android; Opera Mini/7.6.40234/64.228; U; en) Presto/2.12.423 Version/12.16"
54.173.165.103 - - [19/Jun/2017:01:21:50 +0530] "GET / HTTP/1.1" 200 19480 "-" "Mozilla/5.0 (X11; Linux x86_64) AppleWebKit/537.36 (KHTML, like Gecko) Chrome/43.0.2357.134 Safari/537.36 http://notifyninja.com/monitoring"
78.184.191.46 - - [19/Jun/2017:01:24:28 +0530] "GET /project_details_view.php?id=133'A=0 HTTP/1.1" 200 11450 "http://cdmindia.gov.in/project_details_view.php?id=133'A=0" "Mozilla/5.0 (Windows; U; Windows NT 5.1; pt-PT; rv:1.9.1.2) Gecko/20090729 Firefox/3.5.2 (.NET CLR 3.5.30729)"
216.244.66.248 - - [19/Jun/2017:01:25:00 +0530] "GET /detail_past_events.php?id=5 HTTP/1.1" 302 17976 "-" "Mozilla/5.0 (compatible; DotBot/1.1; http://www.opensiteexplorer.org/dotbot, help@moz.com)"
35.184.189.105 - - [19/Jun/2017:01:26:38 +0530] "GET /robots.txt HTTP/1.1" 404 208 "-" "ltx71 - (http://ltx71.com/)"
103.57.160.158 - - [19/Jun/2017:01:26:58 +0530] "GET /includes/ncdma.css HTTP/1.1" 200 13023 "https://www.google.co.in/search?ei=ENpGWbGyNcz8vgTPvLrACw&q=rukti+hydro+project&oq=Rukti+&gs_l=mobile-gws-serp.1.0.0j0i30k1l4.215958.218166.0.219474.7.7.0.1.1.0.307.1737.2-6j1.7.0....0...1.1j4.64.mobile-gws-serp..0.7.1450.3..41j0i67k1j0i131k1j0i2i159i67k1j0i10k1j0i2i159k1.bacMbOmuDFI" "Mozilla/5.0 (Linux; Android 5.1.1; AO5510 Build/LMY49J) AppleWebKit/537.36 (KHTML, like Gecko) Chrome/58.0.3029.83 Mobile Safari/537.36"
103.57.160.158 - - [19/Jun/2017:01:26:58 +0530] "GET /Scripts/AC_RunActiveContent.js HTTP/1.1" 200 8321 "https://www.google.co.in/search?ei=ENpGWbGyNcz8vgTPvLrACw&q=rukti+hydro+project&oq=Rukti+&gs_l=mobile-gws-serp.1.0.0j0i30k1l4.215958.218166.0.219474.7.7.0.1.1.0.307.1737.2-6j1.7.0....0...1.1j4.64.mobile-gws-serp..0.7.1450.3..41j0i67k1j0i131k1j0i2i159i67k1j0i10k1j0i2i159k1.bacMbOmuDFI" "Mozilla/5.0 (Linux; Android 5.1.1; AO5510 Build/LMY49J) AppleWebKit/537.36 (KHTML, like Gecko) Chrome/58.0.3029.83 Mobile Safari/537.36"
103.57.160.158 - - [19/Jun/2017:01:26:58 +0530] "GET /ncdma.css HTTP/1.1" 200 12640 "https://www.google.co.in/search?ei=ENpGWbGyNcz8vgTPvLrACw&q=rukti+hydro+project&oq=Rukti+&gs_l=mobile-gws-serp.1.0.0j0i30k1l4.215958.218166.0.219474.7.7.0.1.1.0.307.1737.2-6j1.7.0....0...1.1j4.64.mobile-gws-serp..0.7.1450.3..41j0i67k1j0i131k1j0i2i159i67k1j0i10k1j0i2i159k1.bacMbOmuDFI" "Mozilla/5.0 (Linux; Android 5.1.1; AO5510 Build/LMY49J) AppleWebKit/537.36 (KHTML, like Gecko) Chrome/58.0.3029.83 Mobile Safari/537.36"
103.57.160.158 - - [19/Jun/2017:01:26:58 +0530] "GET /project_details_view.php?id=894 HTTP/1.1" 200 15169 "https://www.google.co.in/" "Mozilla/5.0 (Linux; Android 5.1.1; AO5510 Build/LMY49J) AppleWebKit/537.36 (KHTML, like Gecko) Chrome/58.0.3029.83 Mobile Safari/537.36"
103.57.160.158 - - [19/Jun/2017:01:26:59 +0530] "GET /images/fdm.jpg HTTP/1.1" 200 2043 "http://www.cdmindia.gov.in/project_details_view.php?id=894" "Mozilla/5.0 (Linux; Android 5.1.1; AO5510 Build/LMY49J) AppleWebKit/537.36 (KHTML, like Gecko) Chrome/58.0.3029.83 Mobile Safari/537.36"
103.57.160.158 - - [19/Jun/2017:01:26:59 +0530] "GET /images/img1.jpg HTTP/1.1" 200 1251 "http://www.cdmindia.gov.in/project_details_view.php?id=894" "Mozilla/5.0 (Linux; Android 5.1.1; AO5510 Build/LMY49J) AppleWebKit/537.36 (KHTML, like Gecko) Chrome/58.0.3029.83 Mobile Safari/537.36"
103.57.160.158 - - [19/Jun/2017:01:26:59 +0530] "GET /images/img2.jpg HTTP/1.1" 200 16276 "http://www.cdmindia.gov.in/project_details_view.php?id=894" "Mozilla/5.0 (Linux; Android 5.1.1; AO5510 Build/LMY49J) AppleWebKit/537.36 (KHTML, like Gecko) Chrome/58.0.3029.83 Mobile Safari/537.36"
103.57.160.158 - - [19/Jun/2017:01:26:59 +0530] "GET /images/spacer.gif HTTP/1.1" 200 43 "http://www.cdmindia.gov.in/project_details_view.php?id=894" "Mozilla/5.0 (Linux; Android 5.1.1; AO5510 Build/LMY49J) AppleWebKit/537.36 (KHTML, like Gecko) Chrome/58.0.3029.83 Mobile Safari/537.36"
103.57.160.158 - - [19/Jun/2017:01:26:59 +0530] "GET /images/bullet1.gif HTTP/1.1" 200 67 "http://www.cdmindia.gov.in/project_details_view.php?id=894" "Mozilla/5.0 (Linux; Android 5.1.1; AO5510 Build/LMY49J) AppleWebKit/537.36 (KHTML, like Gecko) Chrome/58.0.3029.83 Mobile Safari/537.36"
103.57.160.158 - - [19/Jun/2017:01:26:59 +0530] "GET /images/img3.jpg HTTP/1.1" 200 26957 "http://www.cdmindia.gov.in/project_details_view.php?id=894" "Mozilla/5.0 (Linux; Android 5.1.1; AO5510 Build/LMY49J) AppleWebKit/537.36 (KHTML, like Gecko) Chrome/58.0.3029.83 Mobile Safari/537.36"
103.57.160.158 - - [19/Jun/2017:01:26:59 +0530] "GET /images/gtz.jpg HTTP/1.1" 200 15484 "http://www.cdmindia.gov.in/project_details_view.php?id=894" "Mozilla/5.0 (Linux; Android 5.1.1; AO5510 Build/LMY49J) AppleWebKit/537.36 (KHTML, like Gecko) Chrome/58.0.3029.83 Mobile Safari/537.36"
103.57.160.158 - - [19/Jun/2017:01:26:59 +0530] "GET /images/fbg.jpg HTTP/1.1" 200 325 "http://www.cdmindia.gov.in/project_details_view.php?id=894" "Mozilla/5.0 (Linux; Android 5.1.1; AO5510 Build/LMY49J) AppleWebKit/537.36 (KHTML, like Gecko) Chrome/58.0.3029.83 Mobile Safari/537.36"
103.57.160.158 - - [19/Jun/2017:01:26:59 +0530] "GET /images/bulllet2.gif HTTP/1.1" 200 58 "http://www.cdmindia.gov.in/project_details_view.php?id=894" "Mozilla/5.0 (Linux; Android 5.1.1; AO5510 Build/LMY49J) AppleWebKit/537.36 (KHTML, like Gecko) Chrome/58.0.3029.83 Mobile Safari/537.36"
103.57.160.158 - - [19/Jun/2017:01:26:59 +0530] "GET /images/bullet4.gif HTTP/1.1" 200 67 "http://www.cdmindia.gov.in/project_details_view.php?id=894" "Mozilla/5.0 (Linux; Android 5.1.1; AO5510 Build/LMY49J) AppleWebKit/537.36 (KHTML, like Gecko) Chrome/58.0.3029.83 Mobile Safari/537.36"
103.57.160.158 - - [19/Jun/2017:01:26:59 +0530] "GET /favicon.ico HTTP/1.1" 200 1189 "http://www.cdmindia.gov.in/project_details_view.php?id=894" "Mozilla/5.0 (Linux; Android 5.1.1; AO5510 Build/LMY49J) AppleWebKit/537.36 (KHTML, like Gecko) Chrome/58.0.3029.83 Mobile Safari/537.36"
103.57.160.158 - - [19/Jun/2017:01:27:46 +0530] "GET /project_details_view.php?id=754 HTTP/1.1" 200 14246 "https://www.google.co.in/" "Mozilla/5.0 (Linux; Android 5.1.1; AO5510 Build/LMY49J) AppleWebKit/537.36 (KHTML, like Gecko) Chrome/58.0.3029.83 Mobile Safari/537.36"
146.148.64.128 - - [19/Jun/2017:01:27:50 +0530] "GET /robots.txt HTTP/1.1" 404 208 "-" "ltx71 - (http://ltx71.com/)"
66.249.79.15 - - [19/Jun/2017:01:28:05 +0530] "GET /project_details_view_report.php?id=561 HTTP/1.1" 200 13242 "-" "Mozilla/5.0 (compatible; Googlebot/2.1; +http://www.google.com/bot.html)"
146.148.64.128 - - [19/Jun/2017:01:29:40 +0530] "GET /logout.php HTTP/1.1" 302 369 "-" "ltx71 - (http://ltx71.com/)"
66.249.79.17 - - [19/Jun/2017:01:31:32 +0530] "GET / HTTP/1.1" 200 19480 "-" "Mozilla/5.0 (compatible; Googlebot/2.1; +http://www.google.com/bot.html)"
103.57.160.158 - - [19/Jun/2017:01:31:36 +0530] "GET /project_details_view.php?id=396 HTTP/1.1" 200 14201 "https://www.google.co.in/" "Mozilla/5.0 (Linux; Android 5.1.1; AO5510 Build/LMY49J) AppleWebKit/537.36 (KHTML, like Gecko) Chrome/58.0.3029.83 Mobile Safari/537.36"
40.77.167.73 - - [19/Jun/2017:01:34:02 +0530] "GET /project_details_view.php?id=391 HTTP/1.1" 200 13956 "-" "Mozilla/5.0 (compatible; bingbot/2.0; +http://www.bing.com/bingbot.htm)"
202.46.53.177 - - [19/Jun/2017:01:34:09 +0530] "GET /project_details_view.php?id=498 HTTP/1.1" 200 14153 "-" "Mozilla/5.0 (Windows NT 10.0; WOW64) AppleWebKit/537.36 (KHTML, like Gecko) Chrome/45.0.2454.93 Safari/537.36"
146.148.64.128 - - [19/Jun/2017:01:34:33 +0530] "GET /robots.txt HTTP/1.1" 404 208 "-" "ltx71 - (http://ltx71.com/)"
146.148.64.128 - - [19/Jun/2017:01:37:12 +0530] "GET /robots.txt HTTP/1.1" 404 208 "-" "ltx71 - (http://ltx71.com/)"
66.249.79.19 - - [19/Jun/2017:01:42:34 +0530] "GET /project_details_view.php?id=255&oid=1&page=30&reporttype=1 HTTP/1.1" 200 14630 "-" "Mozilla/5.0 (compatible; Googlebot/2.1; +http://www.google.com/bot.html)"
146.148.64.128 - - [19/Jun/2017:01:44:51 +0530] "GET /robots.txt HTTP/1.1" 404 208 "-" "ltx71 - (http://ltx71.com/)"
40.77.167.73 - - [19/Jun/2017:01:47:25 +0530] "GET /uploads/2021334653Prior%20consideration.pdf HTTP/1.1" 200 367099 "-" "Mozilla/5.0 (iPhone; CPU iPhone OS 7_0 like Mac OS X) AppleWebKit/537.51.1 (KHTML, like Gecko) Version/7.0 Mobile/11A465 Safari/9537.53 (compatible; bingbot/2.0; +http://www.bing.com/bingbot.htm)"
207.46.13.160 - - [19/Jun/2017:01:48:50 +0530] "GET /admin/ HTTP/1.1" 200 6168 "-" "Mozilla/5.0 (iPhone; CPU iPhone OS 7_0 like Mac OS X) AppleWebKit/537.51.1 (KHTML, like Gecko) Version/7.0 Mobile/11A465 Safari/9537.53 (compatible; bingbot/2.0; +http://www.bing.com/bingbot.htm)"
85.121.125.228 - - [19/Jun/2017:01:50:37 +0530] "GET /wp-login.php HTTP/1.1" 404 210 "-" "Mozilla/5.0 (Windows NT 6.1; WOW64; rv:40.0) Gecko/20100101 Firefox/40.1"
85.121.125.228 - - [19/Jun/2017:01:50:38 +0530] "GET / HTTP/1.1" 200 19480 "-" "Mozilla/5.0 (Windows NT 6.1; WOW64; rv:40.0) Gecko/20100101 Firefox/40.1"
68.180.228.153 - - [19/Jun/2017:01:55:08 +0530] "GET /future_projects.php HTTP/1.1" 302 26210 "-" "Mozilla/5.0 (compatible; Yahoo! Slurp; http://help.yahoo.com/help/us/ysearch/slurp)"
202.46.55.143 - - [19/Jun/2017:01:55:58 +0530] "GET /project_details_view.php?id=1267 HTTP/1.1" 200 14995 "-" "Mozilla/5.0 (Windows NT 10.0; WOW64) AppleWebKit/537.36 (KHTML, like Gecko) Chrome/45.0.2454.93 Safari/537.36"
66.249.79.19 - - [19/Jun/2017:01:56:53 +0530] "GET /project_details_view.php?id=549 HTTP/1.1" 200 15120 "-" "Mozilla/5.0 (compatible; Googlebot/2.1; +http://www.google.com/bot.html)"
146.148.64.128 - - [19/Jun/2017:01:59:13 +0530] "GET /robots.txt HTTP/1.1" 404 208 "-" "ltx71 - (http://ltx71.com/)"
66.249.79.17 - - [19/Jun/2017:02:01:55 +0530] "GET /project_details_view_report.php?id=1430 HTTP/1.1" 200 13138 "-" "Mozilla/5.0 (compatible; Googlebot/2.1; +http://www.google.com/bot.html)"
207.46.13.146 - - [19/Jun/2017:02:03:25 +0530] "GET /downloads/New%20PCN.doc HTTP/1.1" 200 435200 "-" "Mozilla/5.0 (iPhone; CPU iPhone OS 7_0 like Mac OS X) AppleWebKit/537.51.1 (KHTML, like Gecko) Version/7.0 Mobile/11A465 Safari/9537.53 (compatible; bingbot/2.0; +http://www.bing.com/bingbot.htm)"
146.148.64.128 - - [19/Jun/2017:02:06:52 +0530] "GET /robots.txt HTTP/1.1" 404 208 "-" "ltx71 - (http://ltx71.com/)"
66.249.79.15 - - [19/Jun/2017:02:07:02 +0530] "GET /project_details_view.php?id=1271 HTTP/1.1" 200 14312 "-" "Mozilla/5.0 (compatible; Googlebot/2.1; +http://www.google.com/bot.html)"
66.249.79.15 - - [19/Jun/2017:02:07:03 +0530] "GET /project_details_view.php?id=1271 HTTP/1.1" 200 14312 "-" "Mozilla/5.0 (compatible; Googlebot/2.1; +http://www.google.com/bot.html)"
207.46.13.146 - - [19/Jun/2017:02:12:18 +0530] "GET / HTTP/1.1" 200 19480 "-" "Mozilla/5.0 (compatible; bingbot/2.0; +http://www.bing.com/bingbot.htm)"
207.46.13.146 - - [19/Jun/2017:02:12:23 +0530] "GET / HTTP/1.1" 200 19480 "-" "Mozilla/5.0 (compatible; bingbot/2.0; +http://www.bing.com/bingbot.htm)"
35.184.189.105 - - [19/Jun/2017:02:13:58 +0530] "GET /robots.txt HTTP/1.1" 404 208 "-" "ltx71 - (http://ltx71.com/)"
146.148.64.128 - - [19/Jun/2017:02:14:17 +0530] "GET /robots.txt HTTP/1.1" 404 208 "-" "ltx71 - (http://ltx71.com/)"
35.184.189.105 - - [19/Jun/2017:02:15:01 +0530] "GET /detail_news.php?id=11 HTTP/1.1" 302 18421 "-" "ltx71 - (http://ltx71.com/)"
146.148.64.128 - - [19/Jun/2017:02:15:36 +0530] "GET /detail_news.php?id=4 HTTP/1.1" 302 19562 "-" "ltx71 - (http://ltx71.com/)"
47.31.1.23 - - [19/Jun/2017:02:15:53 +0530] "GET / HTTP/1.1" 200 19480 "http://envfor.nic.in/content/pfrda" "Mozilla/5.0 (Windows NT 10.0; WOW64; rv:54.0) Gecko/20100101 Firefox/54.0"
47.31.1.23 - - [19/Jun/2017:02:15:55 +0530] "GET /includes/ncdma.css HTTP/1.1" 200 13023 "http://www.cdmindia.gov.in/" "Mozilla/5.0 (Windows NT 10.0; WOW64; rv:54.0) Gecko/20100101 Firefox/54.0"
47.31.1.23 - - [19/Jun/2017:02:15:55 +0530] "GET /Scripts/AC_RunActiveContent.js HTTP/1.1" 200 8321 "http://www.cdmindia.gov.in/" "Mozilla/5.0 (Windows NT 10.0; WOW64; rv:54.0) Gecko/20100101 Firefox/54.0"
47.31.1.23 - - [19/Jun/2017:02:15:55 +0530] "GET /ncdma.css HTTP/1.1" 200 12640 "http://www.cdmindia.gov.in/" "Mozilla/5.0 (Windows NT 10.0; WOW64; rv:54.0) Gecko/20100101 Firefox/54.0"
47.31.1.23 - - [19/Jun/2017:02:15:55 +0530] "GET /js/md5.js HTTP/1.1" 200 13194 "http://www.cdmindia.gov.in/" "Mozilla/5.0 (Windows NT 10.0; WOW64; rv:54.0) Gecko/20100101 Firefox/54.0"
47.31.1.23 - - [19/Jun/2017:02:15:55 +0530] "GET /js/base64_encode.js HTTP/1.1" 200 3002 "http://www.cdmindia.gov.in/" "Mozilla/5.0 (Windows NT 10.0; WOW64; rv:54.0) Gecko/20100101 Firefox/54.0"
47.31.1.23 - - [19/Jun/2017:02:15:55 +0530] "GET /images/img2.jpg HTTP/1.1" 200 16276 "http://www.cdmindia.gov.in/" "Mozilla/5.0 (Windows NT 10.0; WOW64; rv:54.0) Gecko/20100101 Firefox/54.0"
47.31.1.23 - - [19/Jun/2017:02:15:56 +0530] "GET /images/spacer.gif HTTP/1.1" 200 43 "http://www.cdmindia.gov.in/" "Mozilla/5.0 (Windows NT 10.0; WOW64; rv:54.0) Gecko/20100101 Firefox/54.0"
47.31.1.23 - - [19/Jun/2017:02:15:56 +0530] "GET /images/bullet1.gif HTTP/1.1" 200 67 "http://www.cdmindia.gov.in/" "Mozilla/5.0 (Windows NT 10.0; WOW64; rv:54.0) Gecko/20100101 Firefox/54.0"
47.31.1.23 - - [19/Jun/2017:02:15:56 +0530] "GET /images/img3.jpg HTTP/1.1" 200 26957 "http://www.cdmindia.gov.in/" "Mozilla/5.0 (Windows NT 10.0; WOW64; rv:54.0) Gecko/20100101 Firefox/54.0"
47.31.1.23 - - [19/Jun/2017:02:15:56 +0530] "GET /images/bullet4.gif HTTP/1.1" 200 67 "http://www.cdmindia.gov.in/" "Mozilla/5.0 (Windows NT 10.0; WOW64; rv:54.0) Gecko/20100101 Firefox/54.0"
47.31.1.23 - - [19/Jun/2017:02:15:56 +0530] "GET /images/bulllet2.gif HTTP/1.1" 200 58 "http://www.cdmindia.gov.in/" "Mozilla/5.0 (Windows NT 10.0; WOW64; rv:54.0) Gecko/20100101 Firefox/54.0"
47.31.1.23 - - [19/Jun/2017:02:15:56 +0530] "GET /images/fdm.jpg HTTP/1.1" 200 2043 "http://www.cdmindia.gov.in/" "Mozilla/5.0 (Windows NT 10.0; WOW64; rv:54.0) Gecko/20100101 Firefox/54.0"
47.31.1.23 - - [19/Jun/2017:02:15:56 +0530] "GET /images/gtz.jpg HTTP/1.1" 200 15484 "http://www.cdmindia.gov.in/" "Mozilla/5.0 (Windows NT 10.0; WOW64; rv:54.0) Gecko/20100101 Firefox/54.0"
47.31.1.23 - - [19/Jun/2017:02:15:56 +0530] "GET /images/login1.jpg HTTP/1.1" 200 618 "http://www.cdmindia.gov.in/" "Mozilla/5.0 (Windows NT 10.0; WOW64; rv:54.0) Gecko/20100101 Firefox/54.0"
47.31.1.23 - - [19/Jun/2017:02:15:56 +0530] "GET /images/bullet3.gif HTTP/1.1" 200 58 "http://www.cdmindia.gov.in/" "Mozilla/5.0 (Windows NT 10.0; WOW64; rv:54.0) Gecko/20100101 Firefox/54.0"
47.31.1.23 - - [19/Jun/2017:02:15:56 +0530] "GET /images/fe.jpg HTTP/1.1" 200 1429 "http://www.cdmindia.gov.in/" "Mozilla/5.0 (Windows NT 10.0; WOW64; rv:54.0) Gecko/20100101 Firefox/54.0"
47.31.1.23 - - [19/Jun/2017:02:16:01 +0530] "GET /images/img1.jpg HTTP/1.1" 200 1251 "http://www.cdmindia.gov.in/" "Mozilla/5.0 (Windows NT 10.0; WOW64; rv:54.0) Gecko/20100101 Firefox/54.0"
47.31.1.23 - - [19/Jun/2017:02:16:01 +0530] "GET /images/login.jpg HTTP/1.1" 200 1044 "http://www.cdmindia.gov.in/" "Mozilla/5.0 (Windows NT 10.0; WOW64; rv:54.0) Gecko/20100101 Firefox/54.0"
47.31.1.23 - - [19/Jun/2017:02:16:01 +0530] "GET /images/fbg.jpg HTTP/1.1" 200 325 "http://www.cdmindia.gov.in/" "Mozilla/5.0 (Windows NT 10.0; WOW64; rv:54.0) Gecko/20100101 Firefox/54.0"
47.31.1.23 - - [19/Jun/2017:02:16:01 +0530] "GET /images/favicon.ico HTTP/1.1" 200 1406 "-" "Mozilla/5.0 (Windows NT 10.0; WOW64; rv:54.0) Gecko/20100101 Firefox/54.0"
47.31.1.23 - - [19/Jun/2017:02:16:01 +0530] "GET /images/midbanner.swf HTTP/1.1" 200 285833 "http://www.cdmindia.gov.in/" "Mozilla/5.0 (Windows NT 10.0; WOW64; rv:54.0) Gecko/20100101 Firefox/54.0"
47.31.1.23 - - [19/Jun/2017:02:16:48 +0530] "GET /constitution.php HTTP/1.1" 200 23669 "http://www.cdmindia.gov.in/" "Mozilla/5.0 (Windows NT 10.0; WOW64; rv:54.0) Gecko/20100101 Firefox/54.0"
47.31.1.23 - - [19/Jun/2017:02:16:49 +0530] "GET /js/index_validations.js HTTP/1.1" 200 3143 "http://www.cdmindia.gov.in/constitution.php" "Mozilla/5.0 (Windows NT 10.0; WOW64; rv:54.0) Gecko/20100101 Firefox/54.0"
47.31.1.23 - - [19/Jun/2017:02:16:49 +0530] "GET /images/h_cons.jpg HTTP/1.1" 200 21924 "http://www.cdmindia.gov.in/constitution.php" "Mozilla/5.0 (Windows NT 10.0; WOW64; rv:54.0) Gecko/20100101 Firefox/54.0"
202.46.51.109 - - [19/Jun/2017:02:17:47 +0530] "GET /detail_news.php?id=20 HTTP/1.1" 302 18266 "-" "Mozilla/5.0 (Windows NT 10.0; WOW64) AppleWebKit/537.36 (KHTML, like Gecko) Chrome/45.0.2454.93 Safari/537.36"
202.46.48.190 - - [19/Jun/2017:02:17:47 +0530] "GET /logout.php HTTP/1.1" 302 369 "-" "Mozilla/5.0 (Windows NT 10.0; WOW64) AppleWebKit/537.36 (KHTML, like Gecko) Chrome/45.0.2454.93 Safari/537.36"
202.46.58.75 - - [19/Jun/2017:02:17:47 +0530] "GET /index.php HTTP/1.1" 200 19480 "-" "Mozilla/5.0 (Windows NT 10.0; WOW64) AppleWebKit/537.36 (KHTML, like Gecko) Chrome/45.0.2454.93 Safari/537.36"
146.148.64.128 - - [19/Jun/2017:02:19:32 +0530] "GET /robots.txt HTTP/1.1" 404 208 "-" "ltx71 - (http://ltx71.com/)"
150.129.88.244 - - [19/Jun/2017:02:21:40 +0530] "GET /downloads/Carbon%20Market%20Roadmap.pdf HTTP/1.1" 200 4344697 "-" "Mozilla/5.0 (iPhone; CPU iPhone OS 10_3_2 like Mac OS X) AppleWebKit/603.2.4 (KHTML, like Gecko) Version/10.0 Mobile/14F89 Safari/602.1"
66.249.79.15 - - [19/Jun/2017:02:27:03 +0530] "GET /project_details_view.php?id=649&oid=&page=69&reporttype= HTTP/1.1" 200 14337 "-" "Mozilla/5.0 (compatible; Googlebot/2.1; +http://www.google.com/bot.html)"
146.148.64.128 - - [19/Jun/2017:02:28:52 +0530] "GET /robots.txt HTTP/1.1" 404 208 "-" "ltx71 - (http://ltx71.com/)"
220.181.51.114 - - [19/Jun/2017:02:30:14 +0530] "GET /robots.txt HTTP/1.1" 404 208 "-" "Mozilla/5.0 (Windows NT 10.0; WOW64) AppleWebKit/537.36 (KHTML, like Gecko) Chrome/45.0.2454.93 Safari/537.36"
207.46.13.160 - - [19/Jun/2017:02:31:38 +0530] "GET /approved_projects.php HTTP/1.1" 200 16642 "-" "Mozilla/5.0 (iPhone; CPU iPhone OS 7_0 like Mac OS X) AppleWebKit/537.51.1 (KHTML, like Gecko) Version/7.0 Mobile/11A465 Safari/9537.53 (compatible; bingbot/2.0; +http://www.bing.com/bingbot.htm)"
146.148.64.128 - - [19/Jun/2017:02:31:56 +0530] "GET /robots.txt HTTP/1.1" 404 208 "-" "ltx71 - (http://ltx71.com/)"
146.148.64.128 - - [19/Jun/2017:02:32:56 +0530] "GET /downloads/Existing%20PCN.doc HTTP/1.1" 200 114176 "-" "ltx71 - (http://ltx71.com/)"
207.46.13.146 - - [19/Jun/2017:02:36:31 +0530] "GET /project_details_view.php?id=1334 HTTP/1.1" 200 14414 "-" "Mozilla/5.0 (compatible; bingbot/2.0; +http://www.bing.com/bingbot.htm)"
202.46.56.193 - - [19/Jun/2017:02:39:36 +0530] "GET /project_details_view.php?id=825 HTTP/1.1" 200 14786 "-" "Mozilla/5.0 (Windows NT 10.0; WOW64) AppleWebKit/537.36 (KHTML, like Gecko) Chrome/45.0.2454.93 Safari/537.36"
157.55.39.23 - - [19/Jun/2017:02:39:45 +0530] "GET /robots.txt HTTP/1.1" 404 208 "-" "Mozilla/5.0 (compatible; bingbot/2.0; +http://www.bing.com/bingbot.htm)"
157.55.39.23 - - [19/Jun/2017:02:39:45 +0530] "GET /robots.txt HTTP/1.1" 404 208 "-" "Mozilla/5.0 (compatible; bingbot/2.0; +http://www.bing.com/bingbot.htm)"
40.77.167.73 - - [19/Jun/2017:02:39:54 +0530] "GET /sitemap.php/ HTTP/1.1" 200 18469 "-" "Mozilla/5.0 (compatible; bingbot/2.0; +http://www.bing.com/bingbot.htm)"
92.133.175.237 - - [19/Jun/2017:02:40:38 +0530] "GET /robots.txt HTTP/1.1" 404 208 "-" "Java/1.8.0_101"
77.30.232.244 - - [19/Jun/2017:02:43:52 +0530] "GET /downloads/Comparision%20of%20PCN_30.03.doc HTTP/1.1" 200 49664 "https://www.google.com.sa/" "Mozilla/5.0 (Macintosh; Intel Mac OS X 10_11_1) AppleWebKit/601.2.7 (KHTML, like Gecko) Version/9.0.1 Safari/601.2.7"
40.77.167.73 - - [19/Jun/2017:02:46:03 +0530] "GET /images/bullet4.gif HTTP/1.1" 200 67 "-" "Mozilla/5.0 (iPhone; CPU iPhone OS 7_0 like Mac OS X) AppleWebKit/537.51.1 (KHTML, like Gecko) Version/7.0 Mobile/11A465 Safari/9537.53 (compatible; bingbot/2.0; +http://www.bing.com/bingbot.htm)"
66.249.79.15 - - [19/Jun/2017:02:47:49 +0530] "GET /project_details_view_report.php?id=251 HTTP/1.1" 200 13121 "-" "Mozilla/5.0 (compatible; Googlebot/2.1; +http://www.google.com/bot.html)"
66.249.79.15 - - [19/Jun/2017:02:52:42 +0530] "GET /project_details_view.php?id=1447&oid=&page=32&reporttype= HTTP/1.1" 200 14342 "-" "Mozilla/5.0 (compatible; Googlebot/2.1; +http://www.google.com/bot.html)"
5.62.63.182 - - [19/Jun/2017:02:52:49 +0530] "GET /detail_news.php?id=3'A=0 HTTP/1.1" 200 11730 "http://www.cdmindia.gov.in/detail_news.php?id=3'A=0" "Mozilla/5.0 (Windows; U; Windows NT 5.1; pt-PT; rv:1.9.1.2) Gecko/20090729 Firefox/3.5.2 (.NET CLR 3.5.30729)"
68.180.228.167 - - [19/Jun/2017:02:56:17 +0530] "GET /downloads/New%20PCN.doc HTTP/1.1" 304 - "-" "Mozilla/5.0 (compatible; Yahoo! Slurp; http://help.yahoo.com/help/us/ysearch/slurp)"
207.46.13.146 - - [19/Jun/2017:02:56:30 +0530] "GET /project_details_view.php?id=949 HTTP/1.1" 200 15971 "-" "Mozilla/5.0 (iPhone; CPU iPhone OS 7_0 like Mac OS X) AppleWebKit/537.51.1 (KHTML, like Gecko) Version/7.0 Mobile/11A465 Safari/9537.53 (compatible; bingbot/2.0; +http://www.bing.com/bingbot.htm)"
202.46.52.171 - - [19/Jun/2017:03:01:25 +0530] "GET /project_details_view.php?id=1854 HTTP/1.1" 200 15756 "-" "Mozilla/5.0 (Windows NT 10.0; WOW64) AppleWebKit/537.36 (KHTML, like Gecko) Chrome/45.0.2454.93 Safari/537.36"
92.142.34.80 - - [19/Jun/2017:03:01:32 +0530] "GET /detail_news.php?id=3'A=0 HTTP/1.1" 200 11730 "http://www.cdmindia.gov.in/detail_news.php?id=3'A=0" "Mozilla/5.0 (Windows; U; Windows NT 5.1; pt-PT; rv:1.9.1.2) Gecko/20090729 Firefox/3.5.2 (.NET CLR 3.5.30729)"
66.249.79.17 - - [19/Jun/2017:03:03:02 +0530] "GET /project_details_view_report.php?id=1305 HTTP/1.1" 200 13196 "-" "Mozilla/5.0 (compatible; Googlebot/2.1; +http://www.google.com/bot.html)"
40.77.167.35 - - [19/Jun/2017:03:05:26 +0530] "GET /project_details_view.php?id=484 HTTP/1.1" 200 15533 "-" "Mozilla/5.0 (compatible; bingbot/2.0; +http://www.bing.com/bingbot.htm)"
66.249.79.15 - - [19/Jun/2017:03:08:02 +0530] "GET /reports_list_details.php?id=Small&reporttype=4&page=31 HTTP/1.1" 200 21793 "-" "Mozilla/5.0 (compatible; Googlebot/2.1; +http://www.google.com/bot.html)"
40.77.167.73 - - [19/Jun/2017:03:13:54 +0530] "GET /sitemap.php/Scripts/AC_RunActiveContent.js HTTP/1.1" 200 18469 "-" "Mozilla/5.0 (compatible; bingbot/2.0; +http://www.bing.com/bingbot.htm)"
40.77.167.35 - - [19/Jun/2017:03:17:25 +0530] "GET /admin/images/img2.jpg HTTP/1.1" 200 16276 "-" "Mozilla/5.0 (iPhone; CPU iPhone OS 7_0 like Mac OS X) AppleWebKit/537.51.1 (KHTML, like Gecko) Version/7.0 Mobile/11A465 Safari/9537.53 (compatible; bingbot/2.0; +http://www.bing.com/bingbot.htm)"
40.77.167.35 - - [19/Jun/2017:03:17:26 +0530] "GET /admin/js/index_validation.js HTTP/1.1" 200 1988 "-" "Mozilla/5.0 (iPhone; CPU iPhone OS 7_0 like Mac OS X) AppleWebKit/537.51.1 (KHTML, like Gecko) Version/7.0 Mobile/11A465 Safari/9537.53 (compatible; bingbot/2.0; +http://www.bing.com/bingbot.htm)"
40.77.167.35 - - [19/Jun/2017:03:17:27 +0530] "GET /js/base64_encode.js HTTP/1.1" 200 3002 "-" "Mozilla/5.0 (iPhone; CPU iPhone OS 7_0 like Mac OS X) AppleWebKit/537.51.1 (KHTML, like Gecko) Version/7.0 Mobile/11A465 Safari/9537.53 (compatible; bingbot/2.0; +http://www.bing.com/bingbot.htm)"
207.46.13.160 - - [19/Jun/2017:03:17:29 +0530] "GET /admin/images/loginbg.jpg HTTP/1.1" 200 11936 "-" "Mozilla/5.0 (iPhone; CPU iPhone OS 7_0 like Mac OS X) AppleWebKit/537.51.1 (KHTML, like Gecko) Version/7.0 Mobile/11A465 Safari/9537.53 (compatible; bingbot/2.0; +http://www.bing.com/bingbot.htm)"
207.46.13.146 - - [19/Jun/2017:03:17:36 +0530] "GET /admin/Scripts/AC_RunActiveContent.js HTTP/1.1" 404 234 "-" "Mozilla/5.0 (iPhone; CPU iPhone OS 7_0 like Mac OS X) AppleWebKit/537.51.1 (KHTML, like Gecko) Version/7.0 Mobile/11A465 Safari/9537.53 (compatible; bingbot/2.0; +http://www.bing.com/bingbot.htm)"
207.46.13.146 - - [19/Jun/2017:03:17:36 +0530] "GET /admin/images/fbg.jpg HTTP/1.1" 200 325 "-" "Mozilla/5.0 (iPhone; CPU iPhone OS 7_0 like Mac OS X) AppleWebKit/537.51.1 (KHTML, like Gecko) Version/7.0 Mobile/11A465 Safari/9537.53 (compatible; bingbot/2.0; +http://www.bing.com/bingbot.htm)"
207.46.13.146 - - [19/Jun/2017:03:17:37 +0530] "GET /admin/images/img3.jpg HTTP/1.1" 200 26957 "-" "Mozilla/5.0 (iPhone; CPU iPhone OS 7_0 like Mac OS X) AppleWebKit/537.51.1 (KHTML, like Gecko) Version/7.0 Mobile/11A465 Safari/9537.53 (compatible; bingbot/2.0; +http://www.bing.com/bingbot.htm)"
207.46.13.146 - - [19/Jun/2017:03:17:38 +0530] "GET /admin/js/ajax_client.js HTTP/1.1" 200 22793 "-" "Mozilla/5.0 (iPhone; CPU iPhone OS 7_0 like Mac OS X) AppleWebKit/537.51.1 (KHTML, like Gecko) Version/7.0 Mobile/11A465 Safari/9537.53 (compatible; bingbot/2.0; +http://www.bing.com/bingbot.htm)"
207.46.13.146 - - [19/Jun/2017:03:17:39 +0530] "GET /admin/ncdma.css HTTP/1.1" 404 213 "-" "Mozilla/5.0 (iPhone; CPU iPhone OS 7_0 like Mac OS X) AppleWebKit/537.51.1 (KHTML, like Gecko) Version/7.0 Mobile/11A465 Safari/9537.53 (compatible; bingbot/2.0; +http://www.bing.com/bingbot.htm)"
207.46.13.146 - - [19/Jun/2017:03:17:39 +0530] "GET /js/md5.js HTTP/1.1" 200 13194 "-" "Mozilla/5.0 (iPhone; CPU iPhone OS 7_0 like Mac OS X) AppleWebKit/537.51.1 (KHTML, like Gecko) Version/7.0 Mobile/11A465 Safari/9537.53 (compatible; bingbot/2.0; +http://www.bing.com/bingbot.htm)"
40.77.167.73 - - [19/Jun/2017:03:17:40 +0530] "GET /admin/images/img1.jpg HTTP/1.1" 200 1251 "-" "Mozilla/5.0 (iPhone; CPU iPhone OS 7_0 like Mac OS X) AppleWebKit/537.51.1 (KHTML, like Gecko) Version/7.0 Mobile/11A465 Safari/9537.53 (compatible; bingbot/2.0; +http://www.bing.com/bingbot.htm)"
66.249.79.19 - - [19/Jun/2017:03:18:02 +0530] "GET / HTTP/1.1" 200 19480 "-" "Mozilla/5.0 (compatible; Googlebot/2.1; +http://www.google.com/bot.html)"
23.249.164.141 - - [19/Jun/2017:03:19:17 +0530] "GET /detail_news.php?id=3'A=0 HTTP/1.1" 200 11730 "http://www.cdmindia.gov.in/detail_news.php?id=3'A=0" "Mozilla/5.0 (Windows; U; Windows NT 5.1; pt-PT; rv:1.9.1.2) Gecko/20090729 Firefox/3.5.2 (.NET CLR 3.5.30729)"
66.249.79.95 - - [19/Jun/2017:03:23:12 +0530] "GET / HTTP/1.1" 200 19480 "-" "Mozilla/5.0 (Linux; Android 6.0.1; Nexus 5X Build/MMB29P) AppleWebKit/537.36 (KHTML, like Gecko) Chrome/41.0.2272.96 Mobile Safari/537.36 (compatible; Googlebot/2.1; +http://www.google.com/bot.html)"
202.46.49.205 - - [19/Jun/2017:03:23:14 +0530] "GET /project_details_view.php?id=1359 HTTP/1.1" 200 15826 "-" "Mozilla/5.0 (Windows NT 10.0; WOW64) AppleWebKit/537.36 (KHTML, like Gecko) Chrome/45.0.2454.93 Safari/537.36"
37.48.68.247 - - [19/Jun/2017:03:26:17 +0530] "GET / HTTP/1.0" 200 19480 "http://www.cdmindia.gov.in/" "Mozilla/4.0 (compatible; MSIE 6.0; Windows NT 5.1; SV1; .NET CLR 2.0.50727)"
66.249.79.17 - - [19/Jun/2017:03:28:15 +0530] "GET /reports_list_details.php?id=1&reporttype=1&page=98 HTTP/1.1" 200 22387 "-" "Mozilla/5.0 (compatible; Googlebot/2.1; +http://www.google.com/bot.html)"
207.46.13.160 - - [19/Jun/2017:03:29:05 +0530] "GET /project_details_view.php?id=657 HTTP/1.1" 200 14178 "-" "Mozilla/5.0 (compatible; bingbot/2.0; +http://www.bing.com/bingbot.htm)"
35.184.189.105 - - [19/Jun/2017:03:32:33 +0530] "GET /robots.txt HTTP/1.1" 404 208 "-" "ltx71 - (http://ltx71.com/)"
66.249.79.19 - - [19/Jun/2017:03:33:13 +0530] "GET /project_details_view_report.php?id=592 HTTP/1.1" 200 13233 "-" "Mozilla/5.0 (compatible; Googlebot/2.1; +http://www.google.com/bot.html)"
207.46.13.146 - - [19/Jun/2017:03:34:33 +0530] "GET /project_details_view.php?id=1583 HTTP/1.1" 200 13967 "-" "Mozilla/5.0 (iPhone; CPU iPhone OS 7_0 like Mac OS X) AppleWebKit/537.51.1 (KHTML, like Gecko) Version/7.0 Mobile/11A465 Safari/9537.53 (compatible; bingbot/2.0; +http://www.bing.com/bingbot.htm)"
84.109.137.242 - - [19/Jun/2017:03:40:32 +0530] "GET / HTTP/1.1" 200 19480 "-" "null"
146.148.64.128 - - [19/Jun/2017:03:40:32 +0530] "GET /robots.txt HTTP/1.1" 404 208 "-" "ltx71 - (http://ltx71.com/)"
146.148.64.128 - - [19/Jun/2017:03:41:10 +0530] "GET /Scripts/AC_RunActiveContent.js HTTP/1.1" 200 8321 "-" "ltx71 - (http://ltx71.com/)"
202.46.49.117 - - [19/Jun/2017:03:45:03 +0530] "GET /project_details_view_report.php?id=1303 HTTP/1.1" 200 13346 "-" "Mozilla/5.0 (Windows NT 10.0; WOW64) AppleWebKit/537.36 (KHTML, like Gecko) Chrome/45.0.2454.93 Safari/537.36"
207.46.13.146 - - [19/Jun/2017:03:45:44 +0530] "GET / HTTP/1.1" 200 19480 "-" "Mozilla/5.0 (compatible; bingbot/2.0; +http://www.bing.com/bingbot.htm)"
146.148.64.128 - - [19/Jun/2017:03:46:52 +0530] "GET /robots.txt HTTP/1.1" 404 208 "-" "ltx71 - (http://ltx71.com/)"
146.148.64.128 - - [19/Jun/2017:03:47:18 +0530] "GET /imp_links.php HTTP/1.1" 200 17834 "-" "ltx71 - (http://ltx71.com/)"
66.249.79.19 - - [19/Jun/2017:03:59:51 +0530] "GET /project_details_view_report.php?id=266 HTTP/1.1" 200 13119 "-" "Mozilla/5.0 (compatible; Googlebot/2.1; +http://www.google.com/bot.html)"
207.46.13.146 - - [19/Jun/2017:04:00:50 +0530] "GET /project_details_view_report.php?id=1113 HTTP/1.1" 200 13262 "-" "Mozilla/5.0 (compatible; bingbot/2.0; +http://www.bing.com/bingbot.htm)"
40.77.167.35 - - [19/Jun/2017:04:02:13 +0530] "GET /detail_news.php?id=20 HTTP/1.1" 302 18266 "-" "Mozilla/5.0 (compatible; bingbot/2.0; +http://www.bing.com/bingbot.htm)"
40.77.167.35 - - [19/Jun/2017:04:02:14 +0530] "GET /logout.php HTTP/1.1" 302 369 "-" "Mozilla/5.0 (compatible; bingbot/2.0; +http://www.bing.com/bingbot.htm)"
40.77.167.35 - - [19/Jun/2017:04:02:15 +0530] "GET /index.php HTTP/1.1" 200 19480 "-" "Mozilla/5.0 (compatible; bingbot/2.0; +http://www.bing.com/bingbot.htm)"
146.148.64.128 - - [19/Jun/2017:04:05:15 +0530] "GET /robots.txt HTTP/1.1" 404 208 "-" "ltx71 - (http://ltx71.com/)"
202.46.48.149 - - [19/Jun/2017:04:06:52 +0530] "GET /reports_list_details.php?id=Small&reporttype=4&page=79 HTTP/1.1" 200 21946 "-" "Mozilla/5.0 (Windows NT 10.0; WOW64) AppleWebKit/537.36 (KHTML, like Gecko) Chrome/45.0.2454.93 Safari/537.36"
207.46.13.160 - - [19/Jun/2017:04:07:35 +0530] "GET /project_details_view.php?id=1027 HTTP/1.1" 200 13999 "-" "Mozilla/5.0 (compatible; bingbot/2.0; +http://www.bing.com/bingbot.htm)"
40.77.167.35 - - [19/Jun/2017:04:08:23 +0530] "GET /project_details_view.php?id=776 HTTP/1.1" 200 15041 "-" "Mozilla/5.0 (compatible; bingbot/2.0; +http://www.bing.com/bingbot.htm)"
207.46.13.146 - - [19/Jun/2017:04:08:44 +0530] "GET /Approved_proj_reports_list_details.php?id=1&reporttype=&scale=&sdt=&edt=&exec=&page=6 HTTP/1.1" 200 17280 "-" "Mozilla/5.0 (compatible; bingbot/2.0; +http://www.bing.com/bingbot.htm)"
207.46.13.146 - - [19/Jun/2017:04:09:34 +0530] "GET /project_details_view_report.php?id=1593 HTTP/1.1" 200 13139 "-" "Mozilla/5.0 (compatible; bingbot/2.0; +http://www.bing.com/bingbot.htm)"
35.184.189.105 - - [19/Jun/2017:04:11:12 +0530] "GET /robots.txt HTTP/1.1" 404 208 "-" "ltx71 - (http://ltx71.com/)"
35.184.189.105 - - [19/Jun/2017:04:11:31 +0530] "GET /detail_news.php?id=13 HTTP/1.1" 302 37748 "-" "ltx71 - (http://ltx71.com/)"
207.46.13.146 - - [19/Jun/2017:04:16:37 +0530] "GET / HTTP/1.1" 200 19480 "-" "Mozilla/5.0 (compatible; bingbot/2.0; +http://www.bing.com/bingbot.htm)"
40.77.167.35 - - [19/Jun/2017:04:18:32 +0530] "GET /reports_list_details.php?id=Gujarat&reporttype=2&page=6 HTTP/1.1" 200 22325 "-" "Mozilla/5.0 (compatible; bingbot/2.0; +http://www.bing.com/bingbot.htm)"
40.77.167.35 - - [19/Jun/2017:04:19:25 +0530] "GET /downloads/Carbon%20Market%20Roadmap.pdf HTTP/1.1" 200 4344697 "-" "Mozilla/5.0 (compatible; bingbot/2.0; +http://www.bing.com/bingbot.htm)"
207.46.13.146 - - [19/Jun/2017:04:20:41 +0530] "GET /downloads/New%20PCN.doc HTTP/1.1" 200 435200 "-" "Mozilla/5.0 (compatible; bingbot/2.0; +http://www.bing.com/bingbot.htm)"
202.46.55.135 - - [19/Jun/2017:04:28:41 +0530] "GET /project_details_view_report.php?id=753 HTTP/1.1" 200 13208 "-" "Mozilla/5.0 (Windows NT 10.0; WOW64) AppleWebKit/537.36 (KHTML, like Gecko) Chrome/45.0.2454.93 Safari/537.36"
40.77.167.73 - - [19/Jun/2017:04:30:00 +0530] "GET /constitution.php HTTP/1.1" 200 23669 "-" "Mozilla/5.0 (iPhone; CPU iPhone OS 7_0 like Mac OS X) AppleWebKit/537.51.1 (KHTML, like Gecko) Version/7.0 Mobile/11A465 Safari/9537.53 (compatible; bingbot/2.0; +http://www.bing.com/bingbot.htm)"
40.77.167.73 - - [19/Jun/2017:04:30:02 +0530] "GET /constitution.php HTTP/1.1" 200 23669 "-" "Mozilla/5.0 (compatible; bingbot/2.0; +http://www.bing.com/bingbot.htm)"
40.77.167.35 - - [19/Jun/2017:04:31:49 +0530] "GET /images/img3.jpg HTTP/1.1" 200 26957 "-" "Mozilla/5.0 (iPhone; CPU iPhone OS 7_0 like Mac OS X) AppleWebKit/537.51.1 (KHTML, like Gecko) Version/7.0 Mobile/11A465 Safari/9537.53 (compatible; bingbot/2.0; +http://www.bing.com/bingbot.htm)"
40.77.167.35 - - [19/Jun/2017:04:31:50 +0530] "GET /js/datepicker/calendar.gif HTTP/1.1" 200 235 "-" "Mozilla/5.0 (iPhone; CPU iPhone OS 7_0 like Mac OS X) AppleWebKit/537.51.1 (KHTML, like Gecko) Version/7.0 Mobile/11A465 Safari/9537.53 (compatible; bingbot/2.0; +http://www.bing.com/bingbot.htm)"
40.77.167.35 - - [19/Jun/2017:04:32:51 +0530] "GET /news_more.php HTTP/1.1" 200 21061 "-" "Mozilla/5.0 (compatible; bingbot/2.0; +http://www.bing.com/bingbot.htm)"
40.77.167.73 - - [19/Jun/2017:04:32:51 +0530] "GET /downloads/Template_sharing%202Percent.doc HTTP/1.1" 200 73728 "-" "Mozilla/5.0 (compatible; bingbot/2.0; +http://www.bing.com/bingbot.htm)"
207.46.13.146 - - [19/Jun/2017:04:37:45 +0530] "GET /detail_news.php?id=17 HTTP/1.1" 302 18570 "-" "Mozilla/5.0 (iPhone; CPU iPhone OS 7_0 like Mac OS X) AppleWebKit/537.51.1 (KHTML, like Gecko) Version/7.0 Mobile/11A465 Safari/9537.53 (compatible; bingbot/2.0; +http://www.bing.com/bingbot.htm)"
207.46.13.146 - - [19/Jun/2017:04:37:48 +0530] "GET /logout.php HTTP/1.1" 302 369 "-" "Mozilla/5.0 (iPhone; CPU iPhone OS 7_0 like Mac OS X) AppleWebKit/537.51.1 (KHTML, like Gecko) Version/7.0 Mobile/11A465 Safari/9537.53 (compatible; bingbot/2.0; +http://www.bing.com/bingbot.htm)"
207.46.13.146 - - [19/Jun/2017:04:37:49 +0530] "GET /index.php HTTP/1.1" 200 19480 "-" "Mozilla/5.0 (iPhone; CPU iPhone OS 7_0 like Mac OS X) AppleWebKit/537.51.1 (KHTML, like Gecko) Version/7.0 Mobile/11A465 Safari/9537.53 (compatible; bingbot/2.0; +http://www.bing.com/bingbot.htm)"
66.249.79.95 - - [19/Jun/2017:04:44:02 +0530] "GET / HTTP/1.1" 200 19480 "-" "Mozilla/5.0 (Linux; Android 6.0.1; Nexus 5X Build/MMB29P) AppleWebKit/537.36 (KHTML, like Gecko) Chrome/41.0.2272.96 Mobile Safari/537.36 (compatible; Googlebot/2.1; +http://www.google.com/bot.html)"
146.148.64.128 - - [19/Jun/2017:04:44:53 +0530] "GET /robots.txt HTTP/1.1" 404 208 "-" "ltx71 - (http://ltx71.com/)"
204.79.180.14 - - [19/Jun/2017:04:45:36 +0530] "GET /reports_list_details.php?id=Tamil%20Nadu&reporttype=2&page=15 HTTP/1.1" 200 22071 "-" "Mozilla/5.0 (compatible; MSIE 9.0; Windows NT 6.0; Trident/5.0;  Trident/5.0)"
204.79.180.9 - - [19/Jun/2017:04:45:47 +0530] "GET /ncdma.css HTTP/1.1" 200 12640 "http://www.cdmindia.gov.in/reports_list_details.php?id=Tamil%20Nadu&reporttype=2&page=15" "Mozilla/5.0 (compatible; MSIE 9.0; Windows NT 6.0; Trident/5.0;  Trident/5.0)"
204.79.180.14 - - [19/Jun/2017:04:45:48 +0530] "GET /includes/ncdma.css HTTP/1.1" 200 13023 "http://www.cdmindia.gov.in/reports_list_details.php?id=Tamil%20Nadu&reporttype=2&page=15" "Mozilla/5.0 (compatible; MSIE 9.0; Windows NT 6.0; Trident/5.0;  Trident/5.0)"
204.79.180.11 - - [19/Jun/2017:04:45:48 +0530] "GET /js/user_registration.js HTTP/1.1" 200 26819 "http://www.cdmindia.gov.in/reports_list_details.php?id=Tamil%20Nadu&reporttype=2&page=15" "Mozilla/5.0 (compatible; MSIE 9.0; Windows NT 6.0; Trident/5.0;  Trident/5.0)"
204.79.180.1 - - [19/Jun/2017:04:45:59 +0530] "GET /Scripts/AC_RunActiveContent.js HTTP/1.1" 200 8321 "http://www.cdmindia.gov.in/reports_list_details.php?id=Tamil%20Nadu&reporttype=2&page=15" "Mozilla/5.0 (compatible; MSIE 9.0; Windows NT 6.0; Trident/5.0;  Trident/5.0)"
40.77.167.73 - - [19/Jun/2017:04:50:19 +0530] "GET /downloads/Template_sharing%202Percent.doc HTTP/1.1" 200 73728 "-" "Mozilla/5.0 (compatible; bingbot/2.0; +http://www.bing.com/bingbot.htm)"
202.46.50.156 - - [19/Jun/2017:04:50:30 +0530] "GET /includes/ncdma.css HTTP/1.1" 200 13023 "-" "Mozilla/5.0 (Windows NT 10.0; WOW64) AppleWebKit/537.36 (KHTML, like Gecko) Chrome/45.0.2454.93 Safari/537.36"
168.235.205.167 - - [19/Jun/2017:04:50:45 +0530] "GET /project_details_view.php?id=1091 HTTP/1.1" 200 14402 "https://www.google.co.in/search?q=manali+hydro+power+project&client=ucweb-b&channel=sb&gws_rd=cr&ei=XQpHWaibAozmvASB6aZI" "Mozilla/5.0 (Linux; U; Android 5.1.1; en-US; Lenovo A6020a46 Build/LMY47V) AppleWebKit/534.30 (KHTML, like Gecko) Version/4.0 UCBrowser/11.3.0.950 U3/0.8.0 Mobile Safari/534.30"
168.235.205.167 - - [19/Jun/2017:04:50:45 +0530] "GET /Scripts/AC_RunActiveContent.js HTTP/1.1" 200 8321 "http://www.cdmindia.gov.in/project_details_view.php?id=1091" "Mozilla/5.0 (Linux; U; Android 5.1.1; en-US; Lenovo A6020a46 Build/LMY47V) AppleWebKit/534.30 (KHTML, like Gecko) Version/4.0 UCBrowser/11.3.0.950 U3/0.8.0 Mobile Safari/534.30"
168.235.205.167 - - [19/Jun/2017:04:50:45 +0530] "GET /images/bullet4.gif HTTP/1.1" 304 - "http://www.cdmindia.gov.in/project_details_view.php?id=1091" "Mozilla/5.0 (Linux; U; Android 5.1.1; en-US; Lenovo A6020a46 Build/LMY47V) AppleWebKit/534.30 (KHTML, like Gecko) Version/4.0 UCBrowser/11.3.0.950 U3/0.8.0 Mobile Safari/534.30"
168.235.205.167 - - [19/Jun/2017:04:50:45 +0530] "GET /images/spacer.gif HTTP/1.1" 200 43 "http://www.cdmindia.gov.in/project_details_view.php?id=1091" "Mozilla/5.0 (Linux; U; Android 5.1.1; en-US; Lenovo A6020a46 Build/LMY47V) AppleWebKit/534.30 (KHTML, like Gecko) Version/4.0 UCBrowser/11.3.0.950 U3/0.8.0 Mobile Safari/534.30"
168.235.205.167 - - [19/Jun/2017:04:50:45 +0530] "GET /images/bullet1.gif HTTP/1.1" 304 - "http://www.cdmindia.gov.in/project_details_view.php?id=1091" "Mozilla/5.0 (Linux; U; Android 5.1.1; en-US; Lenovo A6020a46 Build/LMY47V) AppleWebKit/534.30 (KHTML, like Gecko) Version/4.0 UCBrowser/11.3.0.950 U3/0.8.0 Mobile Safari/534.30"
168.235.205.167 - - [19/Jun/2017:04:50:45 +0530] "GET /includes/ncdma.css HTTP/1.1" 200 13023 "http://www.cdmindia.gov.in/project_details_view.php?id=1091" "Mozilla/5.0 (Linux; U; Android 5.1.1; en-US; Lenovo A6020a46 Build/LMY47V) AppleWebKit/534.30 (KHTML, like Gecko) Version/4.0 UCBrowser/11.3.0.950 U3/0.8.0 Mobile Safari/534.30"
168.235.205.167 - - [19/Jun/2017:04:50:45 +0530] "GET /images/img2.jpg HTTP/1.1" 200 16276 "http://www.cdmindia.gov.in/project_details_view.php?id=1091" "Mozilla/5.0 (Linux; U; Android 5.1.1; en-US; Lenovo A6020a46 Build/LMY47V) AppleWebKit/534.30 (KHTML, like Gecko) Version/4.0 UCBrowser/11.3.0.950 U3/0.8.0 Mobile Safari/534.30"
168.235.205.167 - - [19/Jun/2017:04:50:45 +0530] "GET /images/fdm.jpg HTTP/1.1" 200 2043 "http://www.cdmindia.gov.in/project_details_view.php?id=1091" "Mozilla/5.0 (Linux; U; Android 5.1.1; en-US; Lenovo A6020a46 Build/LMY47V) AppleWebKit/534.30 (KHTML, like Gecko) Version/4.0 UCBrowser/11.3.0.950 U3/0.8.0 Mobile Safari/534.30"
168.235.205.167 - - [19/Jun/2017:04:50:45 +0530] "GET /images/gtz.jpg HTTP/1.1" 200 15484 "http://www.cdmindia.gov.in/project_details_view.php?id=1091" "Mozilla/5.0 (Linux; U; Android 5.1.1; en-US; Lenovo A6020a46 Build/LMY47V) AppleWebKit/534.30 (KHTML, like Gecko) Version/4.0 UCBrowser/11.3.0.950 U3/0.8.0 Mobile Safari/534.30"
168.235.205.167 - - [19/Jun/2017:04:50:46 +0530] "GET /images/bulllet2.gif HTTP/1.1" 304 - "http://www.cdmindia.gov.in/project_details_view.php?id=1091" "Mozilla/5.0 (Linux; U; Android 5.1.1; en-US; Lenovo A6020a46 Build/LMY47V) AppleWebKit/534.30 (KHTML, like Gecko) Version/4.0 UCBrowser/11.3.0.950 U3/0.8.0 Mobile Safari/534.30"
168.235.205.167 - - [19/Jun/2017:04:50:46 +0530] "GET /ncdma.css HTTP/1.1" 200 12640 "http://www.cdmindia.gov.in/project_details_view.php?id=1091" "Mozilla/5.0 (Linux; U; Android 5.1.1; en-US; Lenovo A6020a46 Build/LMY47V) AppleWebKit/534.30 (KHTML, like Gecko) Version/4.0 UCBrowser/11.3.0.950 U3/0.8.0 Mobile Safari/534.30"
168.235.205.167 - - [19/Jun/2017:04:50:45 +0530] "GET /images/img3.jpg HTTP/1.1" 200 26957 "http://www.cdmindia.gov.in/project_details_view.php?id=1091" "Mozilla/5.0 (Linux; U; Android 5.1.1; en-US; Lenovo A6020a46 Build/LMY47V) AppleWebKit/534.30 (KHTML, like Gecko) Version/4.0 UCBrowser/11.3.0.950 U3/0.8.0 Mobile Safari/534.30"
168.235.205.167 - - [19/Jun/2017:04:50:47 +0530] "GET /images/favicon.ico HTTP/1.1" 200 1406 "http://www.cdmindia.gov.in/project_details_view.php?id=1091" "Mozilla/5.0 (Linux; U; Android 5.1.1; en-US; Lenovo A6020a46 Build/LMY47V) AppleWebKit/534.30 (KHTML, like Gecko) Version/4.0 UCBrowser/11.3.0.950 U3/0.8.0 Mobile Safari/534.30"
195.184.208.9 - - [19/Jun/2017:04:53:28 +0530] "GET /approval_process.php HTTP/1.0" 200 25912 "http://cdmindia.gov.in/approval_process.php" "Mozilla/5.0 (Windows NT 10.0; Win64; x64) AppleWebKit/537.36 (KHTML, like Gecko) Chrome/58.0.3029.81 Safari/537.36"
195.184.208.9 - - [19/Jun/2017:04:53:28 +0530] "GET /registration.php HTTP/1.0" 200 28529 "http://cdmindia.gov.in/registration.php" "Mozilla/5.0 (Windows NT 10.0; Win64; x64) AppleWebKit/537.36 (KHTML, like Gecko) Chrome/58.0.3029.81 Safari/537.36"
195.184.208.9 - - [19/Jun/2017:04:53:29 +0530] "GET /registration.php HTTP/1.0" 200 28529 "http://cdmindia.gov.in/registration.php" "Mozilla/5.0 (Windows NT 10.0; Win64; x64) AppleWebKit/537.36 (KHTML, like Gecko) Chrome/58.0.3029.81 Safari/537.36"
195.184.208.9 - - [19/Jun/2017:04:53:30 +0530] "GET /registration.php HTTP/1.0" 200 28529 "http://cdmindia.gov.in/registration.php" "Mozilla/5.0 (Windows NT 10.0; Win64; x64) AppleWebKit/537.36 (KHTML, like Gecko) Chrome/58.0.3029.81 Safari/537.36"
195.184.208.9 - - [19/Jun/2017:04:53:30 +0530] "GET /registration.php HTTP/1.0" 200 28529 "http://cdmindia.gov.in/registration.php" "Mozilla/5.0 (Windows NT 10.0; Win64; x64) AppleWebKit/537.36 (KHTML, like Gecko) Chrome/58.0.3029.81 Safari/537.36"
66.249.79.95 - - [19/Jun/2017:04:54:12 +0530] "GET / HTTP/1.1" 200 19480 "-" "Mozilla/5.0 (compatible; Googlebot/2.1; +http://www.google.com/bot.html)"
40.77.167.73 - - [19/Jun/2017:04:55:23 +0530] "GET /detail_events.php?id= HTTP/1.1" 302 16738 "-" "Mozilla/5.0 (compatible; bingbot/2.0; +http://www.bing.com/bingbot.htm)"
40.77.167.73 - - [19/Jun/2017:04:55:25 +0530] "GET /logout.php HTTP/1.1" 302 369 "-" "Mozilla/5.0 (compatible; bingbot/2.0; +http://www.bing.com/bingbot.htm)"
40.77.167.73 - - [19/Jun/2017:04:55:26 +0530] "GET /sitemap.php HTTP/1.1" 200 18469 "-" "Mozilla/5.0 (compatible; bingbot/2.0; +http://www.bing.com/bingbot.htm)"
40.77.167.73 - - [19/Jun/2017:04:57:06 +0530] "GET /index.php HTTP/1.1" 200 19480 "-" "Mozilla/5.0 (compatible; bingbot/2.0; +http://www.bing.com/bingbot.htm)"
207.46.13.146 - - [19/Jun/2017:04:58:36 +0530] "GET /project_details_view_report.php?id=1179 HTTP/1.1" 200 13218 "-" "Mozilla/5.0 (compatible; bingbot/2.0; +http://www.bing.com/bingbot.htm)"
66.249.79.19 - - [19/Jun/2017:05:04:13 +0530] "GET / HTTP/1.1" 200 19480 "-" "Mozilla/5.0 (compatible; Googlebot/2.1; +http://www.google.com/bot.html)"
66.249.79.17 - - [19/Jun/2017:05:09:26 +0530] "GET /reports_list_details.php?id=pnjuzahme&reporttype=&page=42 HTTP/1.1" 200 22151 "-" "Mozilla/5.0 (compatible; Googlebot/2.1; +http://www.google.com/bot.html)"
40.77.167.73 - - [19/Jun/2017:05:09:28 +0530] "GET /imp_links.php HTTP/1.1" 200 17834 "-" "Mozilla/5.0 (compatible; bingbot/2.0; +http://www.bing.com/bingbot.htm)"
141.8.142.74 - - [19/Jun/2017:05:10:17 +0530] "GET /robots.txt HTTP/1.1" 404 208 "-" "Mozilla/5.0 (compatible; YandexBot/3.0; +http://yandex.com/bots)"
141.8.142.74 - - [19/Jun/2017:05:10:20 +0530] "GET /reports_list_details.php?id=14&reporttype=1&page=1 HTTP/1.1" 200 21490 "-" "Mozilla/5.0 (compatible; YandexBot/3.0; +http://yandex.com/bots)"
202.46.57.15 - - [19/Jun/2017:05:12:19 +0530] "GET /project_details_view_report.php?id=1258 HTTP/1.1" 200 13238 "-" "Mozilla/5.0 (Windows NT 10.0; WOW64) AppleWebKit/537.36 (KHTML, like Gecko) Chrome/45.0.2454.93 Safari/537.36"
192.157.254.197 - - [19/Jun/2017:05:12:34 +0530] "HEAD / HTTP/1.1" 200 - "https://www.inboundlinks.win/InboundLinks/www.cdmindia.gov.in" "Mozilla/5.0 (compatible; MSIE 9.0; Windows NT 6.1; WOW64; Trident/5.0)"
66.249.79.19 - - [19/Jun/2017:05:15:27 +0530] "GET /project_details_view_report.php?id=214 HTTP/1.1" 200 13165 "-" "Mozilla/5.0 (compatible; Googlebot/2.1; +http://www.google.com/bot.html)"
40.77.167.73 - - [19/Jun/2017:05:19:01 +0530] "GET /constitution.php HTTP/1.1" 200 23669 "-" "Mozilla/5.0 (compatible; bingbot/2.0; +http://www.bing.com/bingbot.htm)"
35.184.189.105 - - [19/Jun/2017:05:20:04 +0530] "GET /robots.txt HTTP/1.1" 404 208 "-" "ltx71 - (http://ltx71.com/)"
54.173.165.103 - - [19/Jun/2017:05:22:45 +0530] "GET / HTTP/1.1" 200 19480 "-" "Mozilla/5.0 (X11; Linux x86_64) AppleWebKit/537.36 (KHTML, like Gecko) Chrome/43.0.2357.134 Safari/537.36 http://notifyninja.com/monitoring"
40.77.167.35 - - [19/Jun/2017:05:23:37 +0530] "GET /project_details_view_report.php?id=111 HTTP/1.1" 200 13143 "-" "Mozilla/5.0 (compatible; bingbot/2.0; +http://www.bing.com/bingbot.htm)"
40.77.167.35 - - [19/Jun/2017:05:24:08 +0530] "GET /detail_news.php?id=19 HTTP/1.1" 302 19082 "-" "Mozilla/5.0 (compatible; bingbot/2.0; +http://www.bing.com/bingbot.htm)"
40.77.167.35 - - [19/Jun/2017:05:24:09 +0530] "GET /logout.php HTTP/1.1" 302 369 "-" "Mozilla/5.0 (compatible; bingbot/2.0; +http://www.bing.com/bingbot.htm)"
40.77.167.35 - - [19/Jun/2017:05:24:10 +0530] "GET /index.php HTTP/1.1" 200 19480 "-" "Mozilla/5.0 (compatible; bingbot/2.0; +http://www.bing.com/bingbot.htm)"
40.77.167.35 - - [19/Jun/2017:05:30:49 +0530] "GET /approved_projects.php?n1=1 HTTP/1.1" 200 23116 "-" "Mozilla/5.0 (iPhone; CPU iPhone OS 7_0 like Mac OS X) AppleWebKit/537.51.1 (KHTML, like Gecko) Version/7.0 Mobile/11A465 Safari/9537.53 (compatible; bingbot/2.0; +http://www.bing.com/bingbot.htm)"
81.83.116.6 - - [19/Jun/2017:05:31:43 +0530] "GET /wp-login.php HTTP/1.1" 404 210 "-" "Mozilla/5.0 (Windows NT 6.1; WOW64; rv:40.0) Gecko/20100101 Firefox/40.1"
81.83.116.6 - - [19/Jun/2017:05:31:44 +0530] "GET / HTTP/1.1" 200 19480 "-" "Mozilla/5.0 (Windows NT 6.1; WOW64; rv:40.0) Gecko/20100101 Firefox/40.1"
207.46.13.146 - - [19/Jun/2017:05:33:57 +0530] "GET /downloads/Comparision%20of%20PCN_30.03.doc HTTP/1.1" 200 49664 "-" "Mozilla/5.0 (compatible; bingbot/2.0; +http://www.bing.com/bingbot.htm)"
