64.233.173.51 - - [18/Jun/2017:15:25:47 +0530] "GET /images/img2.jpg HTTP/1.1" 200 16276 "http://www.cdmindia.gov.in/project_details_view.php?id=133" "Mozilla/5.0 (Linux; Android 6.0.1; Redmi Note 4 Build/MMB29M) AppleWebKit/537.36 (KHTML, like Gecko) Chrome/58.0.3029.83 Mobile Safari/537.36"
64.233.173.49 - - [18/Jun/2017:15:25:47 +0530] "GET /images/img1.jpg HTTP/1.1" 200 1251 "http://www.cdmindia.gov.in/project_details_view.php?id=133" "Mozilla/5.0 (Linux; Android 6.0.1; Redmi Note 4 Build/MMB29M) AppleWebKit/537.36 (KHTML, like Gecko) Chrome/58.0.3029.83 Mobile Safari/537.36"
64.233.173.51 - - [18/Jun/2017:15:25:47 +0530] "GET /images/fbg.jpg HTTP/1.1" 200 325 "http://www.cdmindia.gov.in/project_details_view.php?id=133" "Mozilla/5.0 (Linux; Android 6.0.1; Redmi Note 4 Build/MMB29M) AppleWebKit/537.36 (KHTML, like Gecko) Chrome/58.0.3029.83 Mobile Safari/537.36"
64.233.173.49 - - [18/Jun/2017:15:25:47 +0530] "GET /favicon.ico HTTP/1.1" 200 1189 "http://www.cdmindia.gov.in/project_details_view.php?id=133" "Mozilla/5.0 (Linux; Android 6.0.1; Redmi Note 4 Build/MMB29M) AppleWebKit/537.36 (KHTML, like Gecko) Chrome/58.0.3029.83 Mobile Safari/537.36"
34.253.150.151 - - [18/Jun/2017:15:26:10 +0530] "GET /robots.txt HTTP/1.1" 404 208 "-" "Mozilla/5.0 (compatible; YaK/1.0; http://linkfluence.com/; bot@linkfluence.com)"
207.46.13.2 - - [18/Jun/2017:15:32:28 +0530] "GET /project_details_view.php?id=138 HTTP/1.1" 200 14178 "-" "Mozilla/5.0 (compatible; bingbot/2.0; +http://www.bing.com/bingbot.htm)"
217.182.132.87 - - [18/Jun/2017:15:37:02 +0530] "GET /events_more.php HTTP/1.1" 200 16905 "-" "Mozilla/5.0 (compatible; AhrefsBot/5.2; +http://ahrefs.com/robot/)"
35.184.189.105 - - [18/Jun/2017:15:38:21 +0530] "GET /robots.txt HTTP/1.1" 404 208 "-" "ltx71 - (http://ltx71.com/)"
35.184.189.105 - - [18/Jun/2017:15:38:33 +0530] "GET /detail_news.php?id=4 HTTP/1.1" 302 19562 "-" "ltx71 - (http://ltx71.com/)"
212.154.23.126 - - [18/Jun/2017:15:42:20 +0530] "GET / HTTP/1.1" 200 19480 "-" "Mozilla/4.0 (compatible; MSIE 5.0; Windows NT; DigExt; DTS Agent"
220.181.108.155 - - [18/Jun/2017:15:43:04 +0530] "GET /images/spacer.gif HTTP/1.1" 200 43 "-" "Baiduspider-image+(+http://www.baidu.com/search/spider.htm)"
202.46.53.13 - - [18/Jun/2017:15:45:03 +0530] "GET /project_details_view_report.php?id=1384 HTTP/1.1" 200 13220 "-" "Mozilla/5.0 (Windows NT 10.0; WOW64) AppleWebKit/537.36 (KHTML, like Gecko) Chrome/45.0.2454.93 Safari/537.36"
70.91.183.205 - - [18/Jun/2017:15:52:46 +0530] "GET /reports_new.php?n=1'A=0 HTTP/1.1" 200 22411 "http://www.cdmindia.gov.in/reports_new.php?n=1'A=0" "Mozilla/5.0 (Windows; U; Windows NT 5.1; pt-PT; rv:1.9.1.2) Gecko/20090729 Firefox/3.5.2 (.NET CLR 3.5.30729)"
115.249.253.33 - - [18/Jun/2017:15:55:59 +0530] "GET /project_details_view.php?id=396 HTTP/1.1" 200 14201 "https://www.google.co.in/" "Mozilla/5.0 (Windows NT 6.1; Win64; x64) AppleWebKit/537.36 (KHTML, like Gecko) Chrome/58.0.3029.110 Safari/537.36"
115.249.253.33 - - [18/Jun/2017:15:55:59 +0530] "GET /includes/ncdma.css HTTP/1.1" 200 13023 "http://www.cdmindia.gov.in/project_details_view.php?id=396" "Mozilla/5.0 (Windows NT 6.1; Win64; x64) AppleWebKit/537.36 (KHTML, like Gecko) Chrome/58.0.3029.110 Safari/537.36"
115.249.253.33 - - [18/Jun/2017:15:55:59 +0530] "GET /Scripts/AC_RunActiveContent.js HTTP/1.1" 200 8321 "http://www.cdmindia.gov.in/project_details_view.php?id=396" "Mozilla/5.0 (Windows NT 6.1; Win64; x64) AppleWebKit/537.36 (KHTML, like Gecko) Chrome/58.0.3029.110 Safari/537.36"
115.249.253.33 - - [18/Jun/2017:15:55:59 +0530] "GET /ncdma.css HTTP/1.1" 200 12640 "http://www.cdmindia.gov.in/project_details_view.php?id=396" "Mozilla/5.0 (Windows NT 6.1; Win64; x64) AppleWebKit/537.36 (KHTML, like Gecko) Chrome/58.0.3029.110 Safari/537.36"
115.249.253.33 - - [18/Jun/2017:15:55:59 +0530] "GET /images/img2.jpg HTTP/1.1" 200 16276 "http://www.cdmindia.gov.in/project_details_view.php?id=396" "Mozilla/5.0 (Windows NT 6.1; Win64; x64) AppleWebKit/537.36 (KHTML, like Gecko) Chrome/58.0.3029.110 Safari/537.36"
115.249.253.33 - - [18/Jun/2017:15:55:59 +0530] "GET /images/bulllet2.gif HTTP/1.1" 200 58 "http://www.cdmindia.gov.in/project_details_view.php?id=396" "Mozilla/5.0 (Windows NT 6.1; Win64; x64) AppleWebKit/537.36 (KHTML, like Gecko) Chrome/58.0.3029.110 Safari/537.36"
115.249.253.33 - - [18/Jun/2017:15:55:59 +0530] "GET /images/spacer.gif HTTP/1.1" 200 43 "http://www.cdmindia.gov.in/project_details_view.php?id=396" "Mozilla/5.0 (Windows NT 6.1; Win64; x64) AppleWebKit/537.36 (KHTML, like Gecko) Chrome/58.0.3029.110 Safari/537.36"
115.249.253.33 - - [18/Jun/2017:15:55:59 +0530] "GET /images/bullet1.gif HTTP/1.1" 200 67 "http://www.cdmindia.gov.in/project_details_view.php?id=396" "Mozilla/5.0 (Windows NT 6.1; Win64; x64) AppleWebKit/537.36 (KHTML, like Gecko) Chrome/58.0.3029.110 Safari/537.36"
115.249.253.33 - - [18/Jun/2017:15:55:59 +0530] "GET /images/bullet4.gif HTTP/1.1" 200 67 "http://www.cdmindia.gov.in/project_details_view.php?id=396" "Mozilla/5.0 (Windows NT 6.1; Win64; x64) AppleWebKit/537.36 (KHTML, like Gecko) Chrome/58.0.3029.110 Safari/537.36"
115.249.253.33 - - [18/Jun/2017:15:55:59 +0530] "GET /images/img3.jpg HTTP/1.1" 200 26957 "http://www.cdmindia.gov.in/project_details_view.php?id=396" "Mozilla/5.0 (Windows NT 6.1; Win64; x64) AppleWebKit/537.36 (KHTML, like Gecko) Chrome/58.0.3029.110 Safari/537.36"
115.249.253.33 - - [18/Jun/2017:15:55:59 +0530] "GET /images/img1.jpg HTTP/1.1" 200 1251 "http://www.cdmindia.gov.in/project_details_view.php?id=396" "Mozilla/5.0 (Windows NT 6.1; Win64; x64) AppleWebKit/537.36 (KHTML, like Gecko) Chrome/58.0.3029.110 Safari/537.36"
115.249.253.33 - - [18/Jun/2017:15:55:59 +0530] "GET /images/fdm.jpg HTTP/1.1" 200 2043 "http://www.cdmindia.gov.in/project_details_view.php?id=396" "Mozilla/5.0 (Windows NT 6.1; Win64; x64) AppleWebKit/537.36 (KHTML, like Gecko) Chrome/58.0.3029.110 Safari/537.36"
115.249.253.33 - - [18/Jun/2017:15:55:59 +0530] "GET /images/fbg.jpg HTTP/1.1" 200 325 "http://www.cdmindia.gov.in/project_details_view.php?id=396" "Mozilla/5.0 (Windows NT 6.1; Win64; x64) AppleWebKit/537.36 (KHTML, like Gecko) Chrome/58.0.3029.110 Safari/537.36"
115.249.253.33 - - [18/Jun/2017:15:55:59 +0530] "GET /images/gtz.jpg HTTP/1.1" 200 15484 "http://www.cdmindia.gov.in/project_details_view.php?id=396" "Mozilla/5.0 (Windows NT 6.1; Win64; x64) AppleWebKit/537.36 (KHTML, like Gecko) Chrome/58.0.3029.110 Safari/537.36"
115.249.253.33 - - [18/Jun/2017:15:55:59 +0530] "GET /favicon.ico HTTP/1.1" 200 1189 "http://www.cdmindia.gov.in/project_details_view.php?id=396" "Mozilla/5.0 (Windows NT 6.1; Win64; x64) AppleWebKit/537.36 (KHTML, like Gecko) Chrome/58.0.3029.110 Safari/537.36"
66.249.79.17 - - [18/Jun/2017:15:59:49 +0530] "GET /project_details_view.php?id=2044&oid=&page=5&reporttype= HTTP/1.1" 200 15741 "-" "Mozilla/5.0 (compatible; Googlebot/2.1; +http://www.google.com/bot.html)"
46.229.164.99 - - [18/Jun/2017:16:03:09 +0530] "GET /robots.txt HTTP/1.1" 404 208 "-" "Mozilla/5.0 (compatible; SemrushBot/1.2~bl; +http://www.semrush.com/bot.html)"
202.46.48.208 - - [18/Jun/2017:16:06:52 +0530] "GET /project_details_view_report.php?id=672 HTTP/1.1" 200 13155 "-" "Mozilla/5.0 (Windows NT 10.0; WOW64) AppleWebKit/537.36 (KHTML, like Gecko) Chrome/45.0.2454.93 Safari/537.36"
207.46.13.160 - - [18/Jun/2017:16:11:14 +0530] "GET /project_details_view_report.php?id=905 HTTP/1.1" 200 13253 "-" "Mozilla/5.0 (compatible; bingbot/2.0; +http://www.bing.com/bingbot.htm)"
197.2.164.134 - - [18/Jun/2017:16:14:42 +0530] "GET /project_details_view.php?id='930 HTTP/1.1" 200 11450 "-" "-"
35.184.189.105 - - [18/Jun/2017:16:15:35 +0530] "GET /robots.txt HTTP/1.1" 404 208 "-" "ltx71 - (http://ltx71.com/)"
212.154.23.126 - - [18/Jun/2017:16:27:35 +0530] "GET /contactus.php HTTP/1.1" 200 18292 "-" "Mozilla/4.0 (compatible; MSIE 5.0; Windows NT; DigExt; DTS Agent"
212.154.23.126 - - [18/Jun/2017:16:27:35 +0530] "GET /aboutus.php HTTP/1.1" 200 19597 "-" "Mozilla/4.0 (compatible; MSIE 5.0; Windows NT; DigExt; DTS Agent"
202.46.54.158 - - [18/Jun/2017:16:28:41 +0530] "GET /project_details_view_report.php?id=1670 HTTP/1.1" 200 13210 "-" "Mozilla/5.0 (Windows NT 10.0; WOW64) AppleWebKit/537.36 (KHTML, like Gecko) Chrome/45.0.2454.93 Safari/537.36"
47.247.12.104 - - [18/Jun/2017:16:30:16 +0530] "GET /project_details_view.php?id=1069 HTTP/1.1" 200 14654 "https://www.google.co.in/" "Mozilla/5.0 (Linux; Android 6.0.1; Redmi Note 3 Build/MMB29M) AppleWebKit/537.36 (KHTML, like Gecko) Chrome/58.0.3029.83 Mobile Safari/537.36"
66.249.79.19 - - [18/Jun/2017:16:37:37 +0530] "GET /project_details_view_report.php?id=431 HTTP/1.1" 200 13205 "-" "Mozilla/5.0 (compatible; Googlebot/2.1; +http://www.google.com/bot.html)"
202.46.56.196 - - [18/Jun/2017:16:50:30 +0530] "GET /project_details_view_report.php?id=1175 HTTP/1.1" 200 13149 "-" "Mozilla/5.0 (Windows NT 10.0; WOW64) AppleWebKit/537.36 (KHTML, like Gecko) Chrome/45.0.2454.93 Safari/537.36"
94.242.252.54 - - [18/Jun/2017:16:51:16 +0530] "GET /reports_new.php?n=1'A=0 HTTP/1.1" 200 22411 "http://www.cdmindia.gov.in/reports_new.php?n=1'A=0" "Mozilla/5.0 (Windows; U; Windows NT 5.1; pt-PT; rv:1.9.1.2) Gecko/20090729 Firefox/3.5.2 (.NET CLR 3.5.30729)"
68.180.228.167 - - [18/Jun/2017:16:55:46 +0530] "GET /robots.txt HTTP/1.1" 404 208 "-" "Mozilla/5.0 (compatible; Yahoo! Slurp; http://help.yahoo.com/help/us/ysearch/slurp)"
68.180.228.167 - - [18/Jun/2017:16:55:47 +0530] "GET /downloads/Template_sharing%202Percent.doc HTTP/1.1" 304 - "-" "Mozilla/5.0 (compatible; Yahoo! Slurp; http://help.yahoo.com/help/us/ysearch/slurp)"
176.102.34.162 - - [18/Jun/2017:17:01:26 +0530] "GET /approval_process.php HTTP/1.0" 200 25912 "http://cdmindia.gov.in/approval_process.php" "Mozilla/5.0 (Windows NT 6.3; WOW64; rv:52.0) Gecko/20100101 Firefox/52.0"
176.102.34.162 - - [18/Jun/2017:17:01:27 +0530] "GET /registration.php HTTP/1.0" 200 28529 "http://cdmindia.gov.in/registration.php" "Mozilla/5.0 (Windows NT 6.3; WOW64; rv:52.0) Gecko/20100101 Firefox/52.0"
176.102.34.162 - - [18/Jun/2017:17:01:28 +0530] "GET /registration.php HTTP/1.0" 200 28529 "http://cdmindia.gov.in/registration.php" "Mozilla/5.0 (Windows NT 6.3; WOW64; rv:52.0) Gecko/20100101 Firefox/52.0"
176.102.34.162 - - [18/Jun/2017:17:01:28 +0530] "GET /registration.php HTTP/1.0" 200 28529 "http://cdmindia.gov.in/registration.php" "Mozilla/5.0 (Windows NT 6.3; WOW64; rv:52.0) Gecko/20100101 Firefox/52.0"
176.102.34.162 - - [18/Jun/2017:17:01:29 +0530] "GET /registration.php HTTP/1.0" 200 28529 "http://cdmindia.gov.in/registration.php" "Mozilla/5.0 (Windows NT 6.3; WOW64; rv:52.0) Gecko/20100101 Firefox/52.0"
163.172.71.24 - - [18/Jun/2017:17:01:36 +0530] "GET / HTTP/1.1" 200 19480 "-" "Mozilla/5.0 ((Windows; U; Windows NT 6.1; fr; rv:1.9.2) Gecko/20100115 Firefox/3.6)"
146.148.64.128 - - [18/Jun/2017:17:03:05 +0530] "GET /robots.txt HTTP/1.1" 404 208 "-" "ltx71 - (http://ltx71.com/)"
146.148.64.128 - - [18/Jun/2017:17:07:03 +0530] "GET /robots.txt HTTP/1.1" 404 208 "-" "ltx71 - (http://ltx71.com/)"
202.46.49.193 - - [18/Jun/2017:17:12:19 +0530] "GET /project_details_view_report.php?id=1047 HTTP/1.1" 200 13289 "-" "Mozilla/5.0 (Windows NT 10.0; WOW64) AppleWebKit/537.36 (KHTML, like Gecko) Chrome/45.0.2454.93 Safari/537.36"
35.184.189.105 - - [18/Jun/2017:17:14:00 +0530] "GET /robots.txt HTTP/1.1" 404 208 "-" "ltx71 - (http://ltx71.com/)"
45.250.245.245 - - [18/Jun/2017:17:17:47 +0530] "GET /project_details_view_report.php?id=1510 HTTP/1.1" 200 13262 "https://www.google.co.in/" "Mozilla/5.0 (Windows NT 10.0; WOW64) AppleWebKit/537.36 (KHTML, like Gecko) Chrome/58.0.3029.110 Safari/537.36"
45.250.245.245 - - [18/Jun/2017:17:17:47 +0530] "GET /includes/ncdma.css HTTP/1.1" 200 13023 "http://www.cdmindia.gov.in/project_details_view_report.php?id=1510" "Mozilla/5.0 (Windows NT 10.0; WOW64) AppleWebKit/537.36 (KHTML, like Gecko) Chrome/58.0.3029.110 Safari/537.36"
45.250.245.245 - - [18/Jun/2017:17:17:47 +0530] "GET /ncdma.css HTTP/1.1" 200 12640 "http://www.cdmindia.gov.in/project_details_view_report.php?id=1510" "Mozilla/5.0 (Windows NT 10.0; WOW64) AppleWebKit/537.36 (KHTML, like Gecko) Chrome/58.0.3029.110 Safari/537.36"
45.250.245.245 - - [18/Jun/2017:17:17:47 +0530] "GET /Scripts/AC_RunActiveContent.js HTTP/1.1" 200 8321 "http://www.cdmindia.gov.in/project_details_view_report.php?id=1510" "Mozilla/5.0 (Windows NT 10.0; WOW64) AppleWebKit/537.36 (KHTML, like Gecko) Chrome/58.0.3029.110 Safari/537.36"
45.250.245.245 - - [18/Jun/2017:17:17:47 +0530] "GET /images/img2.jpg HTTP/1.1" 200 16276 "http://www.cdmindia.gov.in/project_details_view_report.php?id=1510" "Mozilla/5.0 (Windows NT 10.0; WOW64) AppleWebKit/537.36 (KHTML, like Gecko) Chrome/58.0.3029.110 Safari/537.36"
45.250.245.245 - - [18/Jun/2017:17:17:47 +0530] "GET /images/spacer.gif HTTP/1.1" 200 43 "http://www.cdmindia.gov.in/project_details_view_report.php?id=1510" "Mozilla/5.0 (Windows NT 10.0; WOW64) AppleWebKit/537.36 (KHTML, like Gecko) Chrome/58.0.3029.110 Safari/537.36"
45.250.245.245 - - [18/Jun/2017:17:17:47 +0530] "GET /images/bullet1.gif HTTP/1.1" 200 67 "http://www.cdmindia.gov.in/project_details_view_report.php?id=1510" "Mozilla/5.0 (Windows NT 10.0; WOW64) AppleWebKit/537.36 (KHTML, like Gecko) Chrome/58.0.3029.110 Safari/537.36"
45.250.245.245 - - [18/Jun/2017:17:17:47 +0530] "GET /images/bullet4.gif HTTP/1.1" 200 67 "http://www.cdmindia.gov.in/project_details_view_report.php?id=1510" "Mozilla/5.0 (Windows NT 10.0; WOW64) AppleWebKit/537.36 (KHTML, like Gecko) Chrome/58.0.3029.110 Safari/537.36"
45.250.245.245 - - [18/Jun/2017:17:17:47 +0530] "GET /images/bulllet2.gif HTTP/1.1" 200 58 "http://www.cdmindia.gov.in/project_details_view_report.php?id=1510" "Mozilla/5.0 (Windows NT 10.0; WOW64) AppleWebKit/537.36 (KHTML, like Gecko) Chrome/58.0.3029.110 Safari/537.36"
45.250.245.245 - - [18/Jun/2017:17:17:47 +0530] "GET /images/img3.jpg HTTP/1.1" 200 26957 "http://www.cdmindia.gov.in/project_details_view_report.php?id=1510" "Mozilla/5.0 (Windows NT 10.0; WOW64) AppleWebKit/537.36 (KHTML, like Gecko) Chrome/58.0.3029.110 Safari/537.36"
45.250.245.245 - - [18/Jun/2017:17:17:48 +0530] "GET /images/img1.jpg HTTP/1.1" 200 1251 "http://www.cdmindia.gov.in/project_details_view_report.php?id=1510" "Mozilla/5.0 (Windows NT 10.0; WOW64) AppleWebKit/537.36 (KHTML, like Gecko) Chrome/58.0.3029.110 Safari/537.36"
45.250.245.245 - - [18/Jun/2017:17:17:48 +0530] "GET /images/fdm.jpg HTTP/1.1" 200 2043 "http://www.cdmindia.gov.in/project_details_view_report.php?id=1510" "Mozilla/5.0 (Windows NT 10.0; WOW64) AppleWebKit/537.36 (KHTML, like Gecko) Chrome/58.0.3029.110 Safari/537.36"
45.250.245.245 - - [18/Jun/2017:17:17:48 +0530] "GET /images/gtz.jpg HTTP/1.1" 200 15484 "http://www.cdmindia.gov.in/project_details_view_report.php?id=1510" "Mozilla/5.0 (Windows NT 10.0; WOW64) AppleWebKit/537.36 (KHTML, like Gecko) Chrome/58.0.3029.110 Safari/537.36"
45.250.245.245 - - [18/Jun/2017:17:17:48 +0530] "GET /images/fbg.jpg HTTP/1.1" 200 325 "http://www.cdmindia.gov.in/project_details_view_report.php?id=1510" "Mozilla/5.0 (Windows NT 10.0; WOW64) AppleWebKit/537.36 (KHTML, like Gecko) Chrome/58.0.3029.110 Safari/537.36"
45.250.245.245 - - [18/Jun/2017:17:17:48 +0530] "GET /favicon.ico HTTP/1.1" 200 1189 "http://www.cdmindia.gov.in/project_details_view_report.php?id=1510" "Mozilla/5.0 (Windows NT 10.0; WOW64) AppleWebKit/537.36 (KHTML, like Gecko) Chrome/58.0.3029.110 Safari/537.36"
93.175.200.164 - - [18/Jun/2017:17:20:07 +0530] "GET / HTTP/1.1" 200 19480 "-" "Mozilla/4.0 (compatible; MSIE 5.0; Windows NT; DigExt; DTS Agent"
54.173.165.103 - - [18/Jun/2017:17:20:39 +0530] "GET / HTTP/1.1" 200 19480 "-" "Mozilla/5.0 (X11; Linux x86_64) AppleWebKit/537.36 (KHTML, like Gecko) Chrome/43.0.2357.134 Safari/537.36 http://notifyninja.com/monitoring"
66.249.79.17 - - [18/Jun/2017:17:21:28 +0530] "GET /project_details_view.php?id=1428&oid=1&page=27&reporttype=1 HTTP/1.1" 200 14730 "-" "Mozilla/5.0 (compatible; Googlebot/2.1; +http://www.google.com/bot.html)"
66.249.79.15 - - [18/Jun/2017:17:21:28 +0530] "GET /robots.txt HTTP/1.1" 404 208 "-" "Mozilla/5.0 (compatible; Googlebot/2.1; +http://www.google.com/bot.html)"
91.236.74.90 - - [18/Jun/2017:17:23:44 +0530] "GET /approval_process.php HTTP/1.0" 200 25912 "http://cdmindia.gov.in/approval_process.php" "Mozilla/5.0 (Windows NT 6.2; WOW64) AppleWebKit/537.36 (KHTML, like Gecko) Chrome/56.0.2924.87 YaBrowser/17.3.1.840 Yowser/2.5 Safari/537.36"
91.236.74.90 - - [18/Jun/2017:17:23:45 +0530] "GET /registration.php HTTP/1.0" 200 28529 "http://cdmindia.gov.in/registration.php" "Mozilla/5.0 (Windows NT 6.2; WOW64) AppleWebKit/537.36 (KHTML, like Gecko) Chrome/56.0.2924.87 YaBrowser/17.3.1.840 Yowser/2.5 Safari/537.36"
91.236.74.90 - - [18/Jun/2017:17:23:46 +0530] "GET /registration.php HTTP/1.0" 200 28529 "http://cdmindia.gov.in/registration.php" "Mozilla/5.0 (Windows NT 6.2; WOW64) AppleWebKit/537.36 (KHTML, like Gecko) Chrome/56.0.2924.87 YaBrowser/17.3.1.840 Yowser/2.5 Safari/537.36"
91.236.74.90 - - [18/Jun/2017:17:23:46 +0530] "GET /registration.php HTTP/1.0" 200 28529 "http://cdmindia.gov.in/registration.php" "Mozilla/5.0 (Windows NT 6.2; WOW64) AppleWebKit/537.36 (KHTML, like Gecko) Chrome/56.0.2924.87 YaBrowser/17.3.1.840 Yowser/2.5 Safari/537.36"
91.236.74.90 - - [18/Jun/2017:17:23:47 +0530] "GET /registration.php HTTP/1.0" 200 28529 "http://cdmindia.gov.in/registration.php" "Mozilla/5.0 (Windows NT 6.2; WOW64) AppleWebKit/537.36 (KHTML, like Gecko) Chrome/56.0.2924.87 YaBrowser/17.3.1.840 Yowser/2.5 Safari/537.36"
40.77.167.73 - - [18/Jun/2017:17:24:09 +0530] "GET /project_details_view.php?id=1411 HTTP/1.1" 200 15899 "-" "Mozilla/5.0 (compatible; bingbot/2.0; +http://www.bing.com/bingbot.htm)"
117.220.123.245 - - [18/Jun/2017:17:25:49 +0530] "GET /project_details_view.php?id=1310 HTTP/1.1" 200 15555 "https://www.google.co.in/" "Mozilla/5.0 (iPhone; CPU iPhone OS 10_2 like Mac OS X) AppleWebKit/602.1.50 (KHTML, like Gecko) CriOS/59.0.3071.102 Mobile/14C92 Safari/602.1"
117.220.123.245 - - [18/Jun/2017:17:25:49 +0530] "GET /includes/ncdma.css HTTP/1.1" 200 13023 "http://www.cdmindia.gov.in/project_details_view.php?id=1310" "Mozilla/5.0 (iPhone; CPU iPhone OS 10_2 like Mac OS X) AppleWebKit/602.1.50 (KHTML, like Gecko) CriOS/59.0.3071.102 Mobile/14C92 Safari/602.1"
117.220.123.245 - - [18/Jun/2017:17:25:49 +0530] "GET /Scripts/AC_RunActiveContent.js HTTP/1.1" 200 8321 "http://www.cdmindia.gov.in/project_details_view.php?id=1310" "Mozilla/5.0 (iPhone; CPU iPhone OS 10_2 like Mac OS X) AppleWebKit/602.1.50 (KHTML, like Gecko) CriOS/59.0.3071.102 Mobile/14C92 Safari/602.1"
117.220.123.245 - - [18/Jun/2017:17:25:49 +0530] "GET /ncdma.css HTTP/1.1" 200 12640 "http://www.cdmindia.gov.in/project_details_view.php?id=1310" "Mozilla/5.0 (iPhone; CPU iPhone OS 10_2 like Mac OS X) AppleWebKit/602.1.50 (KHTML, like Gecko) CriOS/59.0.3071.102 Mobile/14C92 Safari/602.1"
117.220.123.245 - - [18/Jun/2017:17:25:49 +0530] "GET /images/img2.jpg HTTP/1.1" 200 16276 "http://www.cdmindia.gov.in/project_details_view.php?id=1310" "Mozilla/5.0 (iPhone; CPU iPhone OS 10_2 like Mac OS X) AppleWebKit/602.1.50 (KHTML, like Gecko) CriOS/59.0.3071.102 Mobile/14C92 Safari/602.1"
117.220.123.245 - - [18/Jun/2017:17:25:49 +0530] "GET /images/spacer.gif HTTP/1.1" 200 43 "http://www.cdmindia.gov.in/project_details_view.php?id=1310" "Mozilla/5.0 (iPhone; CPU iPhone OS 10_2 like Mac OS X) AppleWebKit/602.1.50 (KHTML, like Gecko) CriOS/59.0.3071.102 Mobile/14C92 Safari/602.1"
117.220.123.245 - - [18/Jun/2017:17:25:49 +0530] "GET /images/bullet1.gif HTTP/1.1" 200 67 "http://www.cdmindia.gov.in/project_details_view.php?id=1310" "Mozilla/5.0 (iPhone; CPU iPhone OS 10_2 like Mac OS X) AppleWebKit/602.1.50 (KHTML, like Gecko) CriOS/59.0.3071.102 Mobile/14C92 Safari/602.1"
117.220.123.245 - - [18/Jun/2017:17:25:49 +0530] "GET /images/bulllet2.gif HTTP/1.1" 200 58 "http://www.cdmindia.gov.in/project_details_view.php?id=1310" "Mozilla/5.0 (iPhone; CPU iPhone OS 10_2 like Mac OS X) AppleWebKit/602.1.50 (KHTML, like Gecko) CriOS/59.0.3071.102 Mobile/14C92 Safari/602.1"
117.220.123.245 - - [18/Jun/2017:17:25:49 +0530] "GET /images/img3.jpg HTTP/1.1" 200 26957 "http://www.cdmindia.gov.in/project_details_view.php?id=1310" "Mozilla/5.0 (iPhone; CPU iPhone OS 10_2 like Mac OS X) AppleWebKit/602.1.50 (KHTML, like Gecko) CriOS/59.0.3071.102 Mobile/14C92 Safari/602.1"
117.220.123.245 - - [18/Jun/2017:17:25:49 +0530] "GET /images/bullet4.gif HTTP/1.1" 200 67 "http://www.cdmindia.gov.in/project_details_view.php?id=1310" "Mozilla/5.0 (iPhone; CPU iPhone OS 10_2 like Mac OS X) AppleWebKit/602.1.50 (KHTML, like Gecko) CriOS/59.0.3071.102 Mobile/14C92 Safari/602.1"
117.220.123.245 - - [18/Jun/2017:17:25:49 +0530] "GET /images/fdm.jpg HTTP/1.1" 200 2043 "http://www.cdmindia.gov.in/project_details_view.php?id=1310" "Mozilla/5.0 (iPhone; CPU iPhone OS 10_2 like Mac OS X) AppleWebKit/602.1.50 (KHTML, like Gecko) CriOS/59.0.3071.102 Mobile/14C92 Safari/602.1"
117.220.123.245 - - [18/Jun/2017:17:25:49 +0530] "GET /images/gtz.jpg HTTP/1.1" 200 15484 "http://www.cdmindia.gov.in/project_details_view.php?id=1310" "Mozilla/5.0 (iPhone; CPU iPhone OS 10_2 like Mac OS X) AppleWebKit/602.1.50 (KHTML, like Gecko) CriOS/59.0.3071.102 Mobile/14C92 Safari/602.1"
117.220.123.245 - - [18/Jun/2017:17:25:50 +0530] "GET /images/img1.jpg HTTP/1.1" 200 1251 "http://www.cdmindia.gov.in/project_details_view.php?id=1310" "Mozilla/5.0 (iPhone; CPU iPhone OS 10_2 like Mac OS X) AppleWebKit/602.1.50 (KHTML, like Gecko) CriOS/59.0.3071.102 Mobile/14C92 Safari/602.1"
117.220.123.245 - - [18/Jun/2017:17:25:50 +0530] "GET /images/fbg.jpg HTTP/1.1" 200 325 "http://www.cdmindia.gov.in/project_details_view.php?id=1310" "Mozilla/5.0 (iPhone; CPU iPhone OS 10_2 like Mac OS X) AppleWebKit/602.1.50 (KHTML, like Gecko) CriOS/59.0.3071.102 Mobile/14C92 Safari/602.1"
117.220.123.245 - - [18/Jun/2017:17:25:50 +0530] "GET /images/favicon.ico HTTP/1.1" 200 1406 "-" "Mozilla/5.0 (iPhone; CPU iPhone OS 10_2 like Mac OS X) AppleWebKit/602.1.50 (KHTML, like Gecko) CriOS/59.0.3071.102 Mobile/14C92 Safari/602.1"
40.77.167.73 - - [18/Jun/2017:17:26:15 +0530] "GET /reports_new.php?n=1 HTTP/1.1" 200 22411 "-" "Mozilla/5.0 (compatible; bingbot/2.0; +http://www.bing.com/bingbot.htm)"
137.97.10.232 - - [18/Jun/2017:17:27:45 +0530] "GET /project_details_view.php?id=426 HTTP/1.1" 200 14091 "android-app://com.google.android.googlequicksearchbox" "Mozilla/5.0 (Linux; Android 5.1; LS-5013 Build/LMY47D) AppleWebKit/537.36 (KHTML, like Gecko) Chrome/53.0.2785.124 Mobile Safari/537.36"
137.97.10.232 - - [18/Jun/2017:17:27:46 +0530] "GET /includes/ncdma.css HTTP/1.1" 200 13023 "http://www.cdmindia.gov.in/project_details_view.php?id=426" "Mozilla/5.0 (Linux; Android 5.1; LS-5013 Build/LMY47D) AppleWebKit/537.36 (KHTML, like Gecko) Chrome/53.0.2785.124 Mobile Safari/537.36"
137.97.10.232 - - [18/Jun/2017:17:27:46 +0530] "GET /ncdma.css HTTP/1.1" 200 12640 "http://www.cdmindia.gov.in/project_details_view.php?id=426" "Mozilla/5.0 (Linux; Android 5.1; LS-5013 Build/LMY47D) AppleWebKit/537.36 (KHTML, like Gecko) Chrome/53.0.2785.124 Mobile Safari/537.36"
137.97.10.232 - - [18/Jun/2017:17:27:46 +0530] "GET /Scripts/AC_RunActiveContent.js HTTP/1.1" 200 8321 "http://www.cdmindia.gov.in/project_details_view.php?id=426" "Mozilla/5.0 (Linux; Android 5.1; LS-5013 Build/LMY47D) AppleWebKit/537.36 (KHTML, like Gecko) Chrome/53.0.2785.124 Mobile Safari/537.36"
137.97.10.232 - - [18/Jun/2017:17:27:47 +0530] "GET /images/fdm.jpg HTTP/1.1" 200 2043 "http://www.cdmindia.gov.in/project_details_view.php?id=426" "Mozilla/5.0 (Linux; Android 5.1; LS-5013 Build/LMY47D) AppleWebKit/537.36 (KHTML, like Gecko) Chrome/53.0.2785.124 Mobile Safari/537.36"
137.97.10.232 - - [18/Jun/2017:17:27:47 +0530] "GET /images/img2.jpg HTTP/1.1" 200 16276 "http://www.cdmindia.gov.in/project_details_view.php?id=426" "Mozilla/5.0 (Linux; Android 5.1; LS-5013 Build/LMY47D) AppleWebKit/537.36 (KHTML, like Gecko) Chrome/53.0.2785.124 Mobile Safari/537.36"
137.97.10.232 - - [18/Jun/2017:17:27:47 +0530] "GET /images/fbg.jpg HTTP/1.1" 200 325 "http://www.cdmindia.gov.in/project_details_view.php?id=426" "Mozilla/5.0 (Linux; Android 5.1; LS-5013 Build/LMY47D) AppleWebKit/537.36 (KHTML, like Gecko) Chrome/53.0.2785.124 Mobile Safari/537.36"
137.97.10.232 - - [18/Jun/2017:17:27:47 +0530] "GET /images/img1.jpg HTTP/1.1" 200 1251 "http://www.cdmindia.gov.in/project_details_view.php?id=426" "Mozilla/5.0 (Linux; Android 5.1; LS-5013 Build/LMY47D) AppleWebKit/537.36 (KHTML, like Gecko) Chrome/53.0.2785.124 Mobile Safari/537.36"
137.97.10.232 - - [18/Jun/2017:17:27:47 +0530] "GET /images/gtz.jpg HTTP/1.1" 200 15484 "http://www.cdmindia.gov.in/project_details_view.php?id=426" "Mozilla/5.0 (Linux; Android 5.1; LS-5013 Build/LMY47D) AppleWebKit/537.36 (KHTML, like Gecko) Chrome/53.0.2785.124 Mobile Safari/537.36"
137.97.10.232 - - [18/Jun/2017:17:27:47 +0530] "GET /images/img3.jpg HTTP/1.1" 200 26957 "http://www.cdmindia.gov.in/project_details_view.php?id=426" "Mozilla/5.0 (Linux; Android 5.1; LS-5013 Build/LMY47D) AppleWebKit/537.36 (KHTML, like Gecko) Chrome/53.0.2785.124 Mobile Safari/537.36"
137.97.10.232 - - [18/Jun/2017:17:27:48 +0530] "GET /images/spacer.gif HTTP/1.1" 200 43 "http://www.cdmindia.gov.in/project_details_view.php?id=426" "Mozilla/5.0 (Linux; Android 5.1; LS-5013 Build/LMY47D) AppleWebKit/537.36 (KHTML, like Gecko) Chrome/53.0.2785.124 Mobile Safari/537.36"
137.97.10.232 - - [18/Jun/2017:17:27:48 +0530] "GET /images/bullet1.gif HTTP/1.1" 200 67 "http://www.cdmindia.gov.in/project_details_view.php?id=426" "Mozilla/5.0 (Linux; Android 5.1; LS-5013 Build/LMY47D) AppleWebKit/537.36 (KHTML, like Gecko) Chrome/53.0.2785.124 Mobile Safari/537.36"
137.97.10.232 - - [18/Jun/2017:17:27:48 +0530] "GET /images/bulllet2.gif HTTP/1.1" 200 58 "http://www.cdmindia.gov.in/project_details_view.php?id=426" "Mozilla/5.0 (Linux; Android 5.1; LS-5013 Build/LMY47D) AppleWebKit/537.36 (KHTML, like Gecko) Chrome/53.0.2785.124 Mobile Safari/537.36"
137.97.10.232 - - [18/Jun/2017:17:27:48 +0530] "GET /images/bullet4.gif HTTP/1.1" 200 67 "http://www.cdmindia.gov.in/project_details_view.php?id=426" "Mozilla/5.0 (Linux; Android 5.1; LS-5013 Build/LMY47D) AppleWebKit/537.36 (KHTML, like Gecko) Chrome/53.0.2785.124 Mobile Safari/537.36"
137.97.10.232 - - [18/Jun/2017:17:27:48 +0530] "GET /favicon.ico HTTP/1.1" 200 1189 "http://www.cdmindia.gov.in/project_details_view.php?id=426" "Mozilla/5.0 (Linux; Android 5.1; LS-5013 Build/LMY47D) AppleWebKit/537.36 (KHTML, like Gecko) Chrome/53.0.2785.124 Mobile Safari/537.36"
202.46.57.202 - - [18/Jun/2017:17:34:09 +0530] "GET /project_details_view.php?id=1405 HTTP/1.1" 200 14416 "-" "Mozilla/5.0 (Windows NT 10.0; WOW64) AppleWebKit/537.36 (KHTML, like Gecko) Chrome/45.0.2454.93 Safari/537.36"
40.77.167.35 - - [18/Jun/2017:17:43:44 +0530] "GET /project_details_view.php?id=889 HTTP/1.1" 200 14454 "-" "Mozilla/5.0 (compatible; bingbot/2.0; +http://www.bing.com/bingbot.htm)"
207.46.13.160 - - [18/Jun/2017:17:47:50 +0530] "GET /project_details_view.php?id=1634 HTTP/1.1" 200 14062 "-" "Mozilla/5.0 (compatible; bingbot/2.0; +http://www.bing.com/bingbot.htm)"
66.249.79.17 - - [18/Jun/2017:17:53:24 +0530] "GET /project_details_view_report.php?id=895 HTTP/1.1" 200 13147 "-" "Mozilla/5.0 (compatible; Googlebot/2.1; +http://www.google.com/bot.html)"
202.46.53.177 - - [18/Jun/2017:17:55:58 +0530] "GET /project_details_view_report.php?id=1546 HTTP/1.1" 200 13283 "-" "Mozilla/5.0 (Windows NT 10.0; WOW64) AppleWebKit/537.36 (KHTML, like Gecko) Chrome/45.0.2454.93 Safari/537.36"
66.249.79.91 - - [18/Jun/2017:17:57:08 +0530] "GET / HTTP/1.1" 200 19480 "-" "Mozilla/5.0 (Linux; Android 6.0.1; Nexus 5X Build/MMB29P) AppleWebKit/537.36 (KHTML, like Gecko) Chrome/41.0.2272.96 Mobile Safari/537.36 (compatible; Googlebot/2.1; +http://www.google.com/bot.html)"
40.77.167.35 - - [18/Jun/2017:17:58:07 +0530] "GET /reports_list_details.php?id=Andhra%20Pradesh&reporttype=2&page=21 HTTP/1.1" 200 21616 "-" "Mozilla/5.0 (compatible; bingbot/2.0; +http://www.bing.com/bingbot.htm)"
40.77.167.73 - - [18/Jun/2017:18:02:19 +0530] "GET /project_details_view.php?id=1590 HTTP/1.1" 200 14151 "-" "Mozilla/5.0 (compatible; bingbot/2.0; +http://www.bing.com/bingbot.htm)"
66.249.79.19 - - [18/Jun/2017:18:07:28 +0530] "GET / HTTP/1.1" 200 19480 "-" "Mozilla/5.0 (compatible; Googlebot/2.1; +http://www.google.com/bot.html)"
35.184.189.105 - - [18/Jun/2017:18:09:30 +0530] "GET /robots.txt HTTP/1.1" 404 208 "-" "ltx71 - (http://ltx71.com/)"
50.21.179.20 - - [18/Jun/2017:18:09:53 +0530] "GET /robots.txt HTTP/1.1" 404 208 "-" "Mozilla/5.0 (Windows NT 10.0; WOW64) AppleWebKit/537.36 (KHTML, like Gecko) Chrome/49.0.2623.75 Safari/537.36 OPR/36.0.2130.32"
50.21.179.20 - - [18/Jun/2017:18:10:15 +0530] "GET /blog/robots.txt HTTP/1.1" 404 213 "-" "Mozilla/5.0 (Windows NT 10.0; WOW64) AppleWebKit/537.36 (KHTML, like Gecko) Chrome/49.0.2623.75 Safari/537.36 OPR/36.0.2130.32"
50.21.179.20 - - [18/Jun/2017:18:10:24 +0530] "GET /blog/administrator/index.php HTTP/1.1" 404 226 "-" "Mozilla/5.0 (Windows NT 10.0; WOW64) AppleWebKit/537.36 (KHTML, like Gecko) Chrome/49.0.2623.75 Safari/537.36 OPR/36.0.2130.32"
50.21.179.20 - - [18/Jun/2017:18:10:34 +0530] "GET /joomla/robots.txt HTTP/1.1" 404 215 "-" "Mozilla/5.0 (Windows NT 10.0; WOW64) AppleWebKit/537.36 (KHTML, like Gecko) Chrome/49.0.2623.75 Safari/537.36 OPR/36.0.2130.32"
50.21.179.20 - - [18/Jun/2017:18:10:56 +0530] "GET / HTTP/1.1" 200 19480 "-" "Mozilla/5.0 (Windows NT 10.0; WOW64) AppleWebKit/537.36 (KHTML, like Gecko) Chrome/49.0.2623.75 Safari/537.36 OPR/36.0.2130.32"
50.21.179.20 - - [18/Jun/2017:18:11:17 +0530] "GET /bitrix/admin/index.php?lang=en HTTP/1.1" 404 220 "-" "Mozilla/5.0 (Windows NT 10.0; WOW64) AppleWebKit/537.36 (KHTML, like Gecko) Chrome/49.0.2623.75 Safari/537.36 OPR/36.0.2130.32"
50.21.179.20 - - [18/Jun/2017:18:11:27 +0530] "GET /robots.txt HTTP/1.1" 404 208 "-" "Mozilla/5.0 (Windows NT 10.0; WOW64) AppleWebKit/537.36 (KHTML, like Gecko) Chrome/49.0.2623.75 Safari/537.36 OPR/36.0.2130.32"
66.102.6.111 - - [18/Jun/2017:18:11:27 +0530] "GET /project_details_view.php?id=63 HTTP/1.1" 200 14616 "https://www.google.co.in/" "Mozilla/5.0 (Linux; Android 4.2.1; en-us; Nexus 5 Build/JOP40D) AppleWebKit/535.19 (KHTML, like Gecko; googleweblight) Chrome/38.0.1025.166 Mobile Safari/535.19"
66.102.6.113 - - [18/Jun/2017:18:11:28 +0530] "GET /images/bullet4.gif HTTP/1.1" 200 67 "http://www.cdmindia.gov.in/project_details_view.php?id=63" "Mozilla/5.0 (Linux; Android 4.2.1; en-us; Nexus 5 Build/JOP40D) AppleWebKit/535.19 (KHTML, like Gecko; googleweblight) Chrome/38.0.1025.166 Mobile Safari/535.19"
66.102.6.111 - - [18/Jun/2017:18:11:28 +0530] "GET /images/bullet1.gif HTTP/1.1" 200 67 "http://www.cdmindia.gov.in/project_details_view.php?id=63" "Mozilla/5.0 (Linux; Android 4.2.1; en-us; Nexus 5 Build/JOP40D) AppleWebKit/535.19 (KHTML, like Gecko; googleweblight) Chrome/38.0.1025.166 Mobile Safari/535.19"
66.102.6.111 - - [18/Jun/2017:18:11:28 +0530] "GET /images/fdm.jpg HTTP/1.1" 200 2043 "http://www.cdmindia.gov.in/project_details_view.php?id=63" "Mozilla/5.0 (Linux; Android 4.2.1; en-us; Nexus 5 Build/JOP40D) AppleWebKit/535.19 (KHTML, like Gecko; googleweblight) Chrome/38.0.1025.166 Mobile Safari/535.19"
66.102.6.115 - - [18/Jun/2017:18:11:28 +0530] "GET /Scripts/AC_RunActiveContent.js HTTP/1.1" 200 8321 "http://www.cdmindia.gov.in/project_details_view.php?id=63" "Mozilla/5.0 (Linux; Android 4.2.1; en-us; Nexus 5 Build/JOP40D) AppleWebKit/535.19 (KHTML, like Gecko; googleweblight) Chrome/38.0.1025.166 Mobile Safari/535.19"
66.102.6.111 - - [18/Jun/2017:18:11:28 +0530] "GET /images/fbg.jpg HTTP/1.1" 200 325 "http://www.cdmindia.gov.in/project_details_view.php?id=63" "Mozilla/5.0 (Linux; Android 4.2.1; en-us; Nexus 5 Build/JOP40D) AppleWebKit/535.19 (KHTML, like Gecko; googleweblight) Chrome/38.0.1025.166 Mobile Safari/535.19"
66.102.6.111 - - [18/Jun/2017:18:11:29 +0530] "GET /images/bulllet2.gif HTTP/1.1" 200 58 "http://www.cdmindia.gov.in/project_details_view.php?id=63" "Mozilla/5.0 (Linux; Android 4.2.1; en-us; Nexus 5 Build/JOP40D) AppleWebKit/535.19 (KHTML, like Gecko; googleweblight) Chrome/38.0.1025.166 Mobile Safari/535.19"
66.102.6.113 - - [18/Jun/2017:18:11:29 +0530] "GET /includes/ncdma.css HTTP/1.1" 200 13023 "http://www.cdmindia.gov.in/project_details_view.php?id=63" "Mozilla/5.0 (Linux; Android 4.2.1; en-us; Nexus 5 Build/JOP40D) AppleWebKit/535.19 (KHTML, like Gecko; googleweblight) Chrome/38.0.1025.166 Mobile Safari/535.19"
66.102.6.113 - - [18/Jun/2017:18:11:28 +0530] "GET /images/img2.jpg HTTP/1.1" 200 16276 "http://www.cdmindia.gov.in/project_details_view.php?id=63" "Mozilla/5.0 (Linux; Android 4.2.1; en-us; Nexus 5 Build/JOP40D) AppleWebKit/535.19 (KHTML, like Gecko; googleweblight) Chrome/38.0.1025.166 Mobile Safari/535.19"
66.102.6.111 - - [18/Jun/2017:18:11:29 +0530] "GET /images/gtz.jpg HTTP/1.1" 200 15484 "http://www.cdmindia.gov.in/project_details_view.php?id=63" "Mozilla/5.0 (Linux; Android 4.2.1; en-us; Nexus 5 Build/JOP40D) AppleWebKit/535.19 (KHTML, like Gecko; googleweblight) Chrome/38.0.1025.166 Mobile Safari/535.19"
66.102.6.113 - - [18/Jun/2017:18:11:29 +0530] "GET /images/spacer.gif HTTP/1.1" 200 43 "http://www.cdmindia.gov.in/project_details_view.php?id=63" "Mozilla/5.0 (Linux; Android 4.2.1; en-us; Nexus 5 Build/JOP40D) AppleWebKit/535.19 (KHTML, like Gecko; googleweblight) Chrome/38.0.1025.166 Mobile Safari/535.19"
66.102.6.111 - - [18/Jun/2017:18:11:29 +0530] "GET /ncdma.css HTTP/1.1" 200 12640 "http://www.cdmindia.gov.in/project_details_view.php?id=63" "Mozilla/5.0 (Linux; Android 4.2.1; en-us; Nexus 5 Build/JOP40D) AppleWebKit/535.19 (KHTML, like Gecko; googleweblight) Chrome/38.0.1025.166 Mobile Safari/535.19"
66.102.6.113 - - [18/Jun/2017:18:11:28 +0530] "GET /images/img3.jpg HTTP/1.1" 200 26957 "http://www.cdmindia.gov.in/project_details_view.php?id=63" "Mozilla/5.0 (Linux; Android 4.2.1; en-us; Nexus 5 Build/JOP40D) AppleWebKit/535.19 (KHTML, like Gecko; googleweblight) Chrome/38.0.1025.166 Mobile Safari/535.19"
66.249.83.197 - - [18/Jun/2017:18:11:29 +0530] "GET /images/img1.jpg HTTP/1.1" 200 1251 "http://www.cdmindia.gov.in/project_details_view.php?id=63" "Mozilla/5.0 (Linux; Android 4.2.1; en-us; Nexus 5 Build/JOP40D) AppleWebKit/535.19 (KHTML, like Gecko; googleweblight) Chrome/38.0.1025.166 Mobile Safari/535.19"
50.21.179.20 - - [18/Jun/2017:18:11:37 +0530] "GET /robots.txt HTTP/1.1" 404 208 "-" "Mozilla/5.0 (Windows NT 10.0; WOW64) AppleWebKit/537.36 (KHTML, like Gecko) Chrome/49.0.2623.75 Safari/537.36 OPR/36.0.2130.32"
207.46.13.2 - - [18/Jun/2017:18:12:43 +0530] "GET /project_details_view.php?id=1617 HTTP/1.1" 200 14720 "-" "Mozilla/5.0 (compatible; bingbot/2.0; +http://www.bing.com/bingbot.htm)"
202.46.52.104 - - [18/Jun/2017:18:17:47 +0530] "GET /project_details_view_report.php?id=47 HTTP/1.1" 200 13119 "-" "Mozilla/5.0 (Windows NT 10.0; WOW64) AppleWebKit/537.36 (KHTML, like Gecko) Chrome/45.0.2454.93 Safari/537.36"
168.235.201.178 - - [18/Jun/2017:18:26:45 +0530] "GET /project_details_view.php?id=1143 HTTP/1.1" 200 14466 "https://www.google.co.in/search?q=godavari+solar+plant+rajshthan&client=ucweb-b&channel=sb" "Mozilla/5.0 (Linux; U; Android 6.0.1; en-US; SM-J700F Build/MMB29K) AppleWebKit/534.30 (KHTML, like Gecko) Version/4.0 UCBrowser/11.0.8.855 U3/0.8.0 Mobile Safari/534.30"
168.235.201.178 - - [18/Jun/2017:18:26:45 +0530] "GET /images/bullet1.gif HTTP/1.1" 200 67 "http://www.cdmindia.gov.in/project_details_view.php?id=1143" "Mozilla/5.0 (Linux; U; Android 6.0.1; en-US; SM-J700F Build/MMB29K) AppleWebKit/534.30 (KHTML, like Gecko) Version/4.0 UCBrowser/11.0.8.855 U3/0.8.0 Mobile Safari/534.30"
168.235.201.178 - - [18/Jun/2017:18:26:45 +0530] "GET /images/img2.jpg HTTP/1.1" 200 16276 "http://www.cdmindia.gov.in/project_details_view.php?id=1143" "Mozilla/5.0 (Linux; U; Android 6.0.1; en-US; SM-J700F Build/MMB29K) AppleWebKit/534.30 (KHTML, like Gecko) Version/4.0 UCBrowser/11.0.8.855 U3/0.8.0 Mobile Safari/534.30"
168.235.201.178 - - [18/Jun/2017:18:26:45 +0530] "GET /images/fdm.jpg HTTP/1.1" 200 2043 "http://www.cdmindia.gov.in/project_details_view.php?id=1143" "Mozilla/5.0 (Linux; U; Android 6.0.1; en-US; SM-J700F Build/MMB29K) AppleWebKit/534.30 (KHTML, like Gecko) Version/4.0 UCBrowser/11.0.8.855 U3/0.8.0 Mobile Safari/534.30"
168.235.201.178 - - [18/Jun/2017:18:26:45 +0530] "GET /images/bulllet2.gif HTTP/1.1" 200 58 "http://www.cdmindia.gov.in/project_details_view.php?id=1143" "Mozilla/5.0 (Linux; U; Android 6.0.1; en-US; SM-J700F Build/MMB29K) AppleWebKit/534.30 (KHTML, like Gecko) Version/4.0 UCBrowser/11.0.8.855 U3/0.8.0 Mobile Safari/534.30"
168.235.201.178 - - [18/Jun/2017:18:26:45 +0530] "GET /images/gtz.jpg HTTP/1.1" 200 15484 "http://www.cdmindia.gov.in/project_details_view.php?id=1143" "Mozilla/5.0 (Linux; U; Android 6.0.1; en-US; SM-J700F Build/MMB29K) AppleWebKit/534.30 (KHTML, like Gecko) Version/4.0 UCBrowser/11.0.8.855 U3/0.8.0 Mobile Safari/534.30"
168.235.201.178 - - [18/Jun/2017:18:26:45 +0530] "GET /Scripts/AC_RunActiveContent.js HTTP/1.1" 200 8321 "http://www.cdmindia.gov.in/project_details_view.php?id=1143" "Mozilla/5.0 (Linux; U; Android 6.0.1; en-US; SM-J700F Build/MMB29K) AppleWebKit/534.30 (KHTML, like Gecko) Version/4.0 UCBrowser/11.0.8.855 U3/0.8.0 Mobile Safari/534.30"
168.235.201.178 - - [18/Jun/2017:18:26:45 +0530] "GET /includes/ncdma.css HTTP/1.1" 200 13023 "http://www.cdmindia.gov.in/project_details_view.php?id=1143" "Mozilla/5.0 (Linux; U; Android 6.0.1; en-US; SM-J700F Build/MMB29K) AppleWebKit/534.30 (KHTML, like Gecko) Version/4.0 UCBrowser/11.0.8.855 U3/0.8.0 Mobile Safari/534.30"
168.235.201.178 - - [18/Jun/2017:18:26:45 +0530] "GET /images/spacer.gif HTTP/1.1" 200 43 "http://www.cdmindia.gov.in/project_details_view.php?id=1143" "Mozilla/5.0 (Linux; U; Android 6.0.1; en-US; SM-J700F Build/MMB29K) AppleWebKit/534.30 (KHTML, like Gecko) Version/4.0 UCBrowser/11.0.8.855 U3/0.8.0 Mobile Safari/534.30"
168.235.201.178 - - [18/Jun/2017:18:26:45 +0530] "GET /images/bullet4.gif HTTP/1.1" 200 67 "http://www.cdmindia.gov.in/project_details_view.php?id=1143" "Mozilla/5.0 (Linux; U; Android 6.0.1; en-US; SM-J700F Build/MMB29K) AppleWebKit/534.30 (KHTML, like Gecko) Version/4.0 UCBrowser/11.0.8.855 U3/0.8.0 Mobile Safari/534.30"
168.235.201.178 - - [18/Jun/2017:18:26:45 +0530] "GET /ncdma.css HTTP/1.1" 200 12640 "http://www.cdmindia.gov.in/project_details_view.php?id=1143" "Mozilla/5.0 (Linux; U; Android 6.0.1; en-US; SM-J700F Build/MMB29K) AppleWebKit/534.30 (KHTML, like Gecko) Version/4.0 UCBrowser/11.0.8.855 U3/0.8.0 Mobile Safari/534.30"
168.235.201.178 - - [18/Jun/2017:18:26:45 +0530] "GET /images/img3.jpg HTTP/1.1" 200 26957 "http://www.cdmindia.gov.in/project_details_view.php?id=1143" "Mozilla/5.0 (Linux; U; Android 6.0.1; en-US; SM-J700F Build/MMB29K) AppleWebKit/534.30 (KHTML, like Gecko) Version/4.0 UCBrowser/11.0.8.855 U3/0.8.0 Mobile Safari/534.30"
168.235.201.178 - - [18/Jun/2017:18:26:46 +0530] "GET /images/img1.jpg HTTP/1.1" 200 1251 "http://www.cdmindia.gov.in/project_details_view.php?id=1143" "Mozilla/5.0 (Linux; U; Android 6.0.1; en-US; SM-J700F Build/MMB29K) AppleWebKit/534.30 (KHTML, like Gecko) Version/4.0 UCBrowser/11.0.8.855 U3/0.8.0 Mobile Safari/534.30"
168.235.201.178 - - [18/Jun/2017:18:26:46 +0530] "GET /images/fbg.jpg HTTP/1.1" 200 325 "http://www.cdmindia.gov.in/project_details_view.php?id=1143" "Mozilla/5.0 (Linux; U; Android 6.0.1; en-US; SM-J700F Build/MMB29K) AppleWebKit/534.30 (KHTML, like Gecko) Version/4.0 UCBrowser/11.0.8.855 U3/0.8.0 Mobile Safari/534.30"
168.235.201.178 - - [18/Jun/2017:18:26:47 +0530] "GET /images/favicon.ico HTTP/1.1" 200 1406 "http://www.cdmindia.gov.in/project_details_view.php?id=1143" "Mozilla/5.0 (Linux; U; Android 6.0.1; en-US; SM-J700F Build/MMB29K) AppleWebKit/534.30 (KHTML, like Gecko) Version/4.0 UCBrowser/11.0.8.855 U3/0.8.0 Mobile Safari/534.30"
66.102.7.252 - - [18/Jun/2017:18:29:50 +0530] "GET /project_details_view.php?id=456 HTTP/1.1" 200 14513 "-" "Mozilla/5.0 (Linux; Android 4.2.1; en-us; Nexus 5 Build/JOP40D) AppleWebKit/535.19 (KHTML, like Gecko; googleweblight) Chrome/38.0.1025.166 Mobile Safari/535.19"
66.102.6.113 - - [18/Jun/2017:18:29:51 +0530] "GET /images/bullet1.gif HTTP/1.1" 200 67 "http://www.cdmindia.gov.in/project_details_view.php?id=456" "Mozilla/5.0 (Linux; Android 4.2.1; en-us; Nexus 5 Build/JOP40D) AppleWebKit/535.19 (KHTML, like Gecko; googleweblight) Chrome/38.0.1025.166 Mobile Safari/535.19"
66.102.6.115 - - [18/Jun/2017:18:29:51 +0530] "GET /images/bulllet2.gif HTTP/1.1" 200 58 "http://www.cdmindia.gov.in/project_details_view.php?id=456" "Mozilla/5.0 (Linux; Android 4.2.1; en-us; Nexus 5 Build/JOP40D) AppleWebKit/535.19 (KHTML, like Gecko; googleweblight) Chrome/38.0.1025.166 Mobile Safari/535.19"
66.102.6.115 - - [18/Jun/2017:18:29:51 +0530] "GET /images/gtz.jpg HTTP/1.1" 200 15484 "http://www.cdmindia.gov.in/project_details_view.php?id=456" "Mozilla/5.0 (Linux; Android 4.2.1; en-us; Nexus 5 Build/JOP40D) AppleWebKit/535.19 (KHTML, like Gecko; googleweblight) Chrome/38.0.1025.166 Mobile Safari/535.19"
66.102.6.111 - - [18/Jun/2017:18:29:51 +0530] "GET /images/bullet4.gif HTTP/1.1" 200 67 "http://www.cdmindia.gov.in/project_details_view.php?id=456" "Mozilla/5.0 (Linux; Android 4.2.1; en-us; Nexus 5 Build/JOP40D) AppleWebKit/535.19 (KHTML, like Gecko; googleweblight) Chrome/38.0.1025.166 Mobile Safari/535.19"
66.102.6.115 - - [18/Jun/2017:18:29:51 +0530] "GET /images/spacer.gif HTTP/1.1" 200 43 "http://www.cdmindia.gov.in/project_details_view.php?id=456" "Mozilla/5.0 (Linux; Android 4.2.1; en-us; Nexus 5 Build/JOP40D) AppleWebKit/535.19 (KHTML, like Gecko; googleweblight) Chrome/38.0.1025.166 Mobile Safari/535.19"
66.102.6.111 - - [18/Jun/2017:18:29:51 +0530] "GET /ncdma.css HTTP/1.1" 200 12640 "http://www.cdmindia.gov.in/project_details_view.php?id=456" "Mozilla/5.0 (Linux; Android 4.2.1; en-us; Nexus 5 Build/JOP40D) AppleWebKit/535.19 (KHTML, like Gecko; googleweblight) Chrome/38.0.1025.166 Mobile Safari/535.19"
66.102.6.113 - - [18/Jun/2017:18:29:51 +0530] "GET /Scripts/AC_RunActiveContent.js HTTP/1.1" 200 8321 "http://www.cdmindia.gov.in/project_details_view.php?id=456" "Mozilla/5.0 (Linux; Android 4.2.1; en-us; Nexus 5 Build/JOP40D) AppleWebKit/535.19 (KHTML, like Gecko; googleweblight) Chrome/38.0.1025.166 Mobile Safari/535.19"
66.102.7.253 - - [18/Jun/2017:18:29:50 +0530] "GET /images/img2.jpg HTTP/1.1" 200 16276 "http://www.cdmindia.gov.in/project_details_view.php?id=456" "Mozilla/5.0 (Linux; Android 4.2.1; en-us; Nexus 5 Build/JOP40D) AppleWebKit/535.19 (KHTML, like Gecko; googleweblight) Chrome/38.0.1025.166 Mobile Safari/535.19"
66.102.7.252 - - [18/Jun/2017:18:29:51 +0530] "GET /includes/ncdma.css HTTP/1.1" 200 13023 "http://www.cdmindia.gov.in/project_details_view.php?id=456" "Mozilla/5.0 (Linux; Android 4.2.1; en-us; Nexus 5 Build/JOP40D) AppleWebKit/535.19 (KHTML, like Gecko; googleweblight) Chrome/38.0.1025.166 Mobile Safari/535.19"
66.102.7.252 - - [18/Jun/2017:18:29:51 +0530] "GET /images/fdm.jpg HTTP/1.1" 200 2043 "http://www.cdmindia.gov.in/project_details_view.php?id=456" "Mozilla/5.0 (Linux; Android 4.2.1; en-us; Nexus 5 Build/JOP40D) AppleWebKit/535.19 (KHTML, like Gecko; googleweblight) Chrome/38.0.1025.166 Mobile Safari/535.19"
66.102.6.115 - - [18/Jun/2017:18:29:51 +0530] "GET /images/img3.jpg HTTP/1.1" 200 26957 "http://www.cdmindia.gov.in/project_details_view.php?id=456" "Mozilla/5.0 (Linux; Android 4.2.1; en-us; Nexus 5 Build/JOP40D) AppleWebKit/535.19 (KHTML, like Gecko; googleweblight) Chrome/38.0.1025.166 Mobile Safari/535.19"
66.102.6.113 - - [18/Jun/2017:18:29:51 +0530] "GET /images/img1.jpg HTTP/1.1" 200 1251 "http://www.cdmindia.gov.in/project_details_view.php?id=456" "Mozilla/5.0 (Linux; Android 4.2.1; en-us; Nexus 5 Build/JOP40D) AppleWebKit/535.19 (KHTML, like Gecko; googleweblight) Chrome/38.0.1025.166 Mobile Safari/535.19"
66.102.7.252 - - [18/Jun/2017:18:29:51 +0530] "GET /images/fbg.jpg HTTP/1.1" 200 325 "http://www.cdmindia.gov.in/project_details_view.php?id=456" "Mozilla/5.0 (Linux; Android 4.2.1; en-us; Nexus 5 Build/JOP40D) AppleWebKit/535.19 (KHTML, like Gecko; googleweblight) Chrome/38.0.1025.166 Mobile Safari/535.19"
207.46.13.160 - - [18/Jun/2017:18:35:15 +0530] "GET /reports_list_details.php?id=Maharashtra&reporttype=2&page=39 HTTP/1.1" 200 20803 "-" "Mozilla/5.0 (compatible; bingbot/2.0; +http://www.bing.com/bingbot.htm)"
180.247.144.37 - - [18/Jun/2017:18:36:44 +0530] "GET /detail_news.php?id=3'A=0 HTTP/1.1" 200 11730 "http://www.cdmindia.gov.in/detail_news.php?id=3'A=0" "Mozilla/5.0 (Windows; U; Windows NT 5.1; pt-PT; rv:1.9.1.2) Gecko/20090729 Firefox/3.5.2 (.NET CLR 3.5.30729)"
207.46.13.2 - - [18/Jun/2017:18:38:33 +0530] "GET /reports_list_details.php?id=pnjuzahme&reporttype=&page=92 HTTP/1.1" 200 21756 "-" "Mozilla/5.0 (compatible; bingbot/2.0; +http://www.bing.com/bingbot.htm)"
202.46.54.117 - - [18/Jun/2017:18:39:36 +0530] "GET /reports_list_details.php?id=fnxntyvmlpku&reporttype=&page=190 HTTP/1.1" 200 21809 "-" "Mozilla/5.0 (Windows NT 10.0; WOW64) AppleWebKit/537.36 (KHTML, like Gecko) Chrome/45.0.2454.93 Safari/537.36"
207.46.13.160 - - [18/Jun/2017:18:47:15 +0530] "GET /project_details_view.php?id=125 HTTP/1.1" 200 13846 "-" "Mozilla/5.0 (compatible; bingbot/2.0; +http://www.bing.com/bingbot.htm)"
66.249.79.17 - - [18/Jun/2017:18:48:18 +0530] "GET /project_details_view.php?id=325&oid=&page=93&reporttype= HTTP/1.1" 200 13913 "-" "Mozilla/5.0 (compatible; Googlebot/2.1; +http://www.google.com/bot.html)"
35.184.189.105 - - [18/Jun/2017:18:49:52 +0530] "GET /robots.txt HTTP/1.1" 404 208 "-" "ltx71 - (http://ltx71.com/)"
169.149.222.237 - - [18/Jun/2017:18:59:04 +0530] "GET /images/gtz.jpg HTTP/1.1" 304 - "http://www.cdmindia.gov.in/project_details_view.php?id=1334" "Mozilla/5.0 (Linux; U; Android 5.1; en-US; Micromax E481 Build/LMY47D) AppleWebKit/534.30 (KHTML, like Gecko) Version/4.0 UCBrowser/11.0.5.850 U3/0.8.0 Mobile Safari/534.30"
169.149.222.237 - - [18/Jun/2017:18:59:04 +0530] "GET /images/img3.jpg HTTP/1.1" 304 - "http://www.cdmindia.gov.in/project_details_view.php?id=1334" "Mozilla/5.0 (Linux; U; Android 5.1; en-US; Micromax E481 Build/LMY47D) AppleWebKit/534.30 (KHTML, like Gecko) Version/4.0 UCBrowser/11.0.5.850 U3/0.8.0 Mobile Safari/534.30"
169.149.222.237 - - [18/Jun/2017:18:59:04 +0530] "GET /images/img2.jpg HTTP/1.1" 304 - "http://www.cdmindia.gov.in/project_details_view.php?id=1334" "Mozilla/5.0 (Linux; U; Android 5.1; en-US; Micromax E481 Build/LMY47D) AppleWebKit/534.30 (KHTML, like Gecko) Version/4.0 UCBrowser/11.0.5.850 U3/0.8.0 Mobile Safari/534.30"
169.149.222.237 - - [18/Jun/2017:18:59:04 +0530] "GET /images/fdm.jpg HTTP/1.1" 304 - "http://www.cdmindia.gov.in/project_details_view.php?id=1334" "Mozilla/5.0 (Linux; U; Android 5.1; en-US; Micromax E481 Build/LMY47D) AppleWebKit/534.30 (KHTML, like Gecko) Version/4.0 UCBrowser/11.0.5.850 U3/0.8.0 Mobile Safari/534.30"
169.149.222.237 - - [18/Jun/2017:18:59:05 +0530] "GET /images/fbg.jpg HTTP/1.1" 304 - "http://www.cdmindia.gov.in/project_details_view.php?id=1334" "Mozilla/5.0 (Linux; U; Android 5.1; en-US; Micromax E481 Build/LMY47D) AppleWebKit/534.30 (KHTML, like Gecko) Version/4.0 UCBrowser/11.0.5.850 U3/0.8.0 Mobile Safari/534.30"
169.149.222.237 - - [18/Jun/2017:18:59:06 +0530] "GET /images/img1.jpg HTTP/1.1" 304 - "http://www.cdmindia.gov.in/project_details_view.php?id=1334" "Mozilla/5.0 (Linux; U; Android 5.1; en-US; Micromax E481 Build/LMY47D) AppleWebKit/534.30 (KHTML, like Gecko) Version/4.0 UCBrowser/11.0.5.850 U3/0.8.0 Mobile Safari/534.30"
202.46.52.162 - - [18/Jun/2017:19:01:25 +0530] "GET /project_details_view.php?id=1194 HTTP/1.1" 200 14753 "-" "Mozilla/5.0 (Windows NT 10.0; WOW64) AppleWebKit/537.36 (KHTML, like Gecko) Chrome/45.0.2454.93 Safari/537.36"
40.77.167.73 - - [18/Jun/2017:19:02:20 +0530] "GET /detail_news.php?id=18 HTTP/1.1" 302 18713 "-" "Mozilla/5.0 (iPhone; CPU iPhone OS 7_0 like Mac OS X) AppleWebKit/537.51.1 (KHTML, like Gecko) Version/7.0 Mobile/11A465 Safari/9537.53 (compatible; bingbot/2.0; +http://www.bing.com/bingbot.htm)"
40.77.167.73 - - [18/Jun/2017:19:02:23 +0530] "GET /logout.php HTTP/1.1" 302 369 "-" "Mozilla/5.0 (iPhone; CPU iPhone OS 7_0 like Mac OS X) AppleWebKit/537.51.1 (KHTML, like Gecko) Version/7.0 Mobile/11A465 Safari/9537.53 (compatible; bingbot/2.0; +http://www.bing.com/bingbot.htm)"
40.77.167.73 - - [18/Jun/2017:19:02:34 +0530] "GET /index.php HTTP/1.1" 200 19480 "-" "Mozilla/5.0 (iPhone; CPU iPhone OS 7_0 like Mac OS X) AppleWebKit/537.51.1 (KHTML, like Gecko) Version/7.0 Mobile/11A465 Safari/9537.53 (compatible; bingbot/2.0; +http://www.bing.com/bingbot.htm)"
66.249.79.17 - - [18/Jun/2017:19:09:10 +0530] "GET /project_details_view_report.php?id=183 HTTP/1.1" 200 13110 "-" "Mozilla/5.0 (compatible; Googlebot/2.1; +http://www.google.com/bot.html)"
41.136.48.0 - - [18/Jun/2017:19:09:22 +0530] "GET /wp-login.php HTTP/1.1" 404 210 "-" "Mozilla/5.0 (Windows NT 6.1; WOW64; rv:40.0) Gecko/20100101 Firefox/40.1"
41.136.48.0 - - [18/Jun/2017:19:09:22 +0530] "GET / HTTP/1.1" 200 19480 "-" "Mozilla/5.0 (Windows NT 6.1; WOW64; rv:40.0) Gecko/20100101 Firefox/40.1"
192.228.137.37 - - [18/Jun/2017:19:10:00 +0530] "GET /wp-login.php HTTP/1.1" 404 210 "-" "Mozilla/5.0 (Windows NT 6.1; WOW64; rv:40.0) Gecko/20100101 Firefox/40.1"
192.228.137.37 - - [18/Jun/2017:19:10:00 +0530] "GET / HTTP/1.1" 200 19480 "-" "Mozilla/5.0 (Windows NT 6.1; WOW64; rv:40.0) Gecko/20100101 Firefox/40.1"
68.180.228.167 - - [18/Jun/2017:19:10:23 +0530] "GET /view_past_events.php HTTP/1.1" 200 18854 "-" "Mozilla/5.0 (compatible; Yahoo! Slurp; http://help.yahoo.com/help/us/ysearch/slurp)"
