117.225.129.199 - - [13/Jun/2017:06:01:36 +0530] "GET /images/bullet3.gif HTTP/1.1" 200 58 "http://www.cdmindia.gov.in/aboutus.php" "Mozilla/5.0 (Windows NT 6.1; WOW64) AppleWebKit/537.36 (KHTML, like Gecko) Chrome/58.0.3029.110 Safari/537.36"
117.225.129.199 - - [13/Jun/2017:06:01:36 +0530] "GET /images/login.jpg HTTP/1.1" 200 1044 "http://www.cdmindia.gov.in/aboutus.php" "Mozilla/5.0 (Windows NT 6.1; WOW64) AppleWebKit/537.36 (KHTML, like Gecko) Chrome/58.0.3029.110 Safari/537.36"
117.225.129.199 - - [13/Jun/2017:06:01:35 +0530] "GET /images/h_aboutus.jpg HTTP/1.1" 200 21693 "http://www.cdmindia.gov.in/aboutus.php" "Mozilla/5.0 (Windows NT 6.1; WOW64) AppleWebKit/537.36 (KHTML, like Gecko) Chrome/58.0.3029.110 Safari/537.36"
117.225.129.199 - - [13/Jun/2017:06:01:36 +0530] "GET /images/gtz.jpg HTTP/1.1" 200 15484 "http://www.cdmindia.gov.in/aboutus.php" "Mozilla/5.0 (Windows NT 6.1; WOW64) AppleWebKit/537.36 (KHTML, like Gecko) Chrome/58.0.3029.110 Safari/537.36"
117.225.129.199 - - [13/Jun/2017:06:01:36 +0530] "GET /images/fe.jpg HTTP/1.1" 200 1429 "http://www.cdmindia.gov.in/aboutus.php" "Mozilla/5.0 (Windows NT 6.1; WOW64) AppleWebKit/537.36 (KHTML, like Gecko) Chrome/58.0.3029.110 Safari/537.36"
117.225.129.199 - - [13/Jun/2017:06:01:36 +0530] "GET /images/fbg.jpg HTTP/1.1" 200 325 "http://www.cdmindia.gov.in/aboutus.php" "Mozilla/5.0 (Windows NT 6.1; WOW64) AppleWebKit/537.36 (KHTML, like Gecko) Chrome/58.0.3029.110 Safari/537.36"
117.225.129.199 - - [13/Jun/2017:06:01:36 +0530] "GET /favicon.ico HTTP/1.1" 200 1189 "http://www.cdmindia.gov.in/aboutus.php" "Mozilla/5.0 (Windows NT 6.1; WOW64) AppleWebKit/537.36 (KHTML, like Gecko) Chrome/58.0.3029.110 Safari/537.36"
189.218.223.240 - - [13/Jun/2017:06:02:25 +0530] "GET /wp-login.php HTTP/1.1" 404 210 "-" "Mozilla/5.0 (Windows NT 6.1; WOW64; rv:40.0) Gecko/20100101 Firefox/40.1"
189.218.223.240 - - [13/Jun/2017:06:02:26 +0530] "GET / HTTP/1.1" 200 19481 "-" "Mozilla/5.0 (Windows NT 6.1; WOW64; rv:40.0) Gecko/20100101 Firefox/40.1"
157.55.39.106 - - [13/Jun/2017:06:05:12 +0530] "GET /downloads/Comparision%20of%20PCN_30.03.doc HTTP/1.1" 200 49664 "-" "Mozilla/5.0 (compatible; bingbot/2.0; +http://www.bing.com/bingbot.htm)"
66.249.79.27 - - [13/Jun/2017:06:08:43 +0530] "GET / HTTP/1.1" 200 19481 "-" "Mozilla/5.0 (compatible; Googlebot/2.1; +http://www.google.com/bot.html)"
202.46.54.168 - - [13/Jun/2017:06:09:30 +0530] "GET /project_details_view.php?id=1120 HTTP/1.1" 200 15579 "-" "Mozilla/5.0 (Windows NT 10.0; WOW64) AppleWebKit/537.36 (KHTML, like Gecko) Chrome/45.0.2454.93 Safari/537.36"
157.55.39.176 - - [13/Jun/2017:06:14:10 +0530] "GET /contactus.php HTTP/1.1" 200 18293 "-" "Mozilla/5.0 (compatible; bingbot/2.0; +http://www.bing.com/bingbot.htm)"
157.55.39.208 - - [13/Jun/2017:06:14:45 +0530] "GET /detail_news.php?id=19 HTTP/1.1" 302 19083 "-" "Mozilla/5.0 (compatible; bingbot/2.0; +http://www.bing.com/bingbot.htm)"
157.55.39.208 - - [13/Jun/2017:06:14:46 +0530] "GET /logout.php HTTP/1.1" 302 369 "-" "Mozilla/5.0 (compatible; bingbot/2.0; +http://www.bing.com/bingbot.htm)"
157.55.39.208 - - [13/Jun/2017:06:14:47 +0530] "GET /index.php HTTP/1.1" 200 19481 "-" "Mozilla/5.0 (compatible; bingbot/2.0; +http://www.bing.com/bingbot.htm)"
157.55.39.106 - - [13/Jun/2017:06:15:24 +0530] "GET / HTTP/1.1" 200 19481 "-" "Mozilla/5.0 (compatible; bingbot/2.0; +http://www.bing.com/bingbot.htm)"
157.55.39.208 - - [13/Jun/2017:06:15:35 +0530] "GET /js/base64_encode.js HTTP/1.1" 200 3002 "-" "Mozilla/5.0 (compatible; bingbot/2.0; +http://www.bing.com/bingbot.htm)"
157.55.39.106 - - [13/Jun/2017:06:15:42 +0530] "GET /js/md5.js HTTP/1.1" 200 13194 "-" "Mozilla/5.0 (compatible; bingbot/2.0; +http://www.bing.com/bingbot.htm)"
157.55.39.176 - - [13/Jun/2017:06:19:11 +0530] "GET /registration.php HTTP/1.1" 302 28530 "-" "Mozilla/5.0 (compatible; bingbot/2.0; +http://www.bing.com/bingbot.htm)"
157.55.39.176 - - [13/Jun/2017:06:19:14 +0530] "GET /logout.php HTTP/1.1" 302 369 "-" "Mozilla/5.0 (compatible; bingbot/2.0; +http://www.bing.com/bingbot.htm)"
157.55.39.176 - - [13/Jun/2017:06:19:15 +0530] "GET /index.php HTTP/1.1" 200 19481 "-" "Mozilla/5.0 (compatible; bingbot/2.0; +http://www.bing.com/bingbot.htm)"
157.55.39.176 - - [13/Jun/2017:06:19:38 +0530] "GET /registration.php HTTP/1.1" 302 28530 "-" "Mozilla/5.0 (compatible; bingbot/2.0; +http://www.bing.com/bingbot.htm)"
157.55.39.176 - - [13/Jun/2017:06:19:39 +0530] "GET /logout.php HTTP/1.1" 302 369 "-" "Mozilla/5.0 (compatible; bingbot/2.0; +http://www.bing.com/bingbot.htm)"
157.55.39.176 - - [13/Jun/2017:06:19:41 +0530] "GET /index.php HTTP/1.1" 200 19481 "-" "Mozilla/5.0 (compatible; bingbot/2.0; +http://www.bing.com/bingbot.htm)"
157.55.39.176 - - [13/Jun/2017:06:23:20 +0530] "GET /project_details_view.php?id=792 HTTP/1.1" 200 14252 "-" "Mozilla/5.0 (compatible; bingbot/2.0; +http://www.bing.com/bingbot.htm)"
66.249.79.129 - - [13/Jun/2017:06:24:03 +0530] "GET / HTTP/1.1" 200 19481 "-" "Mozilla/5.0 (compatible; Googlebot/2.1; +http://www.google.com/bot.html)"
157.55.39.208 - - [13/Jun/2017:06:24:22 +0530] "GET /downloads/Carbon%20Market%20Roadmap.pdf HTTP/1.1" 200 4344697 "-" "Mozilla/5.0 (compatible; bingbot/2.0; +http://www.bing.com/bingbot.htm)"
157.55.39.176 - - [13/Jun/2017:06:28:53 +0530] "GET /approval_process.php HTTP/1.1" 200 25913 "-" "Mozilla/5.0 (compatible; bingbot/2.0; +http://www.bing.com/bingbot.htm)"
123.125.71.87 - - [13/Jun/2017:06:28:55 +0530] "GET / HTTP/1.1" 200 19481 "-" "Mozilla/5.0 (compatible; Baiduspider/2.0; +http://www.baidu.com/search/spider.html)"
157.55.39.208 - - [13/Jun/2017:06:30:06 +0530] "GET /images/NCDMA%20PCN%20Format%2017072009.doc HTTP/1.1" 200 114176 "-" "Mozilla/5.0 (compatible; bingbot/2.0; +http://www.bing.com/bingbot.htm)"
66.249.79.133 - - [13/Jun/2017:06:30:08 +0530] "GET /Approved_proj_reports_list_details.php?id=&reporttype=&scale=&sdt=&edt=ycumcweg&exec=&page=47 HTTP/1.1" 200 17376 "-" "Mozilla/5.0 (compatible; Googlebot/2.1; +http://www.google.com/bot.html)"
178.154.200.68 - - [13/Jun/2017:06:35:23 +0530] "GET /project_details_view.php?id=73 HTTP/1.1" 200 15322 "-" "Mozilla/5.0 (compatible; YandexBot/3.0; +http://yandex.com/bots)"
157.55.39.208 - - [13/Jun/2017:06:35:23 +0530] "GET /project_details_view_report.php?id=1218 HTTP/1.1" 200 13571 "-" "Mozilla/5.0 (compatible; bingbot/2.0; +http://www.bing.com/bingbot.htm)"
40.77.178.216 - - [13/Jun/2017:06:35:42 +0530] "GET /Scripts/AC_RunActiveContent.js HTTP/1.1" 200 8321 "-" "Mozilla/5.0 (iPhone; CPU iPhone OS 7_0 like Mac OS X) AppleWebKit/537.51.1 (KHTML, like Gecko) Version/7.0 Mobile/11A465 Safari/9537.53 BingPreview/1.0b"
202.46.51.192 - - [13/Jun/2017:06:38:36 +0530] "GET /project_details_view.php?id=160 HTTP/1.1" 200 14250 "-" "Mozilla/5.0 (Windows NT 10.0; WOW64) AppleWebKit/537.36 (KHTML, like Gecko) Chrome/45.0.2454.93 Safari/537.36"
157.55.39.208 - - [13/Jun/2017:06:40:33 +0530] "GET /future_projects.php HTTP/1.1" 302 26211 "-" "Mozilla/5.0 (compatible; bingbot/2.0; +http://www.bing.com/bingbot.htm)"
157.55.39.208 - - [13/Jun/2017:06:40:35 +0530] "GET /logout.php HTTP/1.1" 302 369 "-" "Mozilla/5.0 (compatible; bingbot/2.0; +http://www.bing.com/bingbot.htm)"
157.55.39.208 - - [13/Jun/2017:06:40:36 +0530] "GET /index.php HTTP/1.1" 200 19481 "-" "Mozilla/5.0 (compatible; bingbot/2.0; +http://www.bing.com/bingbot.htm)"
157.55.39.176 - - [13/Jun/2017:06:42:36 +0530] "GET /admin/ HTTP/1.1" 200 6169 "-" "Mozilla/5.0 (iPhone; CPU iPhone OS 7_0 like Mac OS X) AppleWebKit/537.51.1 (KHTML, like Gecko) Version/7.0 Mobile/11A465 Safari/9537.53 (compatible; bingbot/2.0; +http://www.bing.com/bingbot.htm)"
157.55.39.165 - - [13/Jun/2017:06:42:51 +0530] "GET /admin/images/img1.jpg HTTP/1.1" 200 1251 "-" "Mozilla/5.0 (iPhone; CPU iPhone OS 7_0 like Mac OS X) AppleWebKit/537.51.1 (KHTML, like Gecko) Version/7.0 Mobile/11A465 Safari/9537.53 (compatible; bingbot/2.0; +http://www.bing.com/bingbot.htm)"
157.55.39.208 - - [13/Jun/2017:06:43:00 +0530] "GET /admin/images/img2.jpg HTTP/1.1" 200 16276 "-" "Mozilla/5.0 (iPhone; CPU iPhone OS 7_0 like Mac OS X) AppleWebKit/537.51.1 (KHTML, like Gecko) Version/7.0 Mobile/11A465 Safari/9537.53 (compatible; bingbot/2.0; +http://www.bing.com/bingbot.htm)"
157.55.39.208 - - [13/Jun/2017:06:43:01 +0530] "GET /admin/js/index_validation.js HTTP/1.1" 200 1988 "-" "Mozilla/5.0 (iPhone; CPU iPhone OS 7_0 like Mac OS X) AppleWebKit/537.51.1 (KHTML, like Gecko) Version/7.0 Mobile/11A465 Safari/9537.53 (compatible; bingbot/2.0; +http://www.bing.com/bingbot.htm)"
157.55.39.106 - - [13/Jun/2017:06:43:05 +0530] "GET /admin/Scripts/AC_RunActiveContent.js HTTP/1.1" 404 234 "-" "Mozilla/5.0 (iPhone; CPU iPhone OS 7_0 like Mac OS X) AppleWebKit/537.51.1 (KHTML, like Gecko) Version/7.0 Mobile/11A465 Safari/9537.53 (compatible; bingbot/2.0; +http://www.bing.com/bingbot.htm)"
157.55.39.106 - - [13/Jun/2017:06:43:06 +0530] "GET /admin/images/fbg.jpg HTTP/1.1" 200 325 "-" "Mozilla/5.0 (iPhone; CPU iPhone OS 7_0 like Mac OS X) AppleWebKit/537.51.1 (KHTML, like Gecko) Version/7.0 Mobile/11A465 Safari/9537.53 (compatible; bingbot/2.0; +http://www.bing.com/bingbot.htm)"
157.55.39.106 - - [13/Jun/2017:06:43:06 +0530] "GET /admin/images/img3.jpg HTTP/1.1" 200 26957 "-" "Mozilla/5.0 (iPhone; CPU iPhone OS 7_0 like Mac OS X) AppleWebKit/537.51.1 (KHTML, like Gecko) Version/7.0 Mobile/11A465 Safari/9537.53 (compatible; bingbot/2.0; +http://www.bing.com/bingbot.htm)"
157.55.39.176 - - [13/Jun/2017:06:43:06 +0530] "GET /reports_list_details.php?id=Maharashtra&reporttype=2&page=35 HTTP/1.1" 200 22175 "-" "Mozilla/5.0 (compatible; bingbot/2.0; +http://www.bing.com/bingbot.htm)"
157.55.39.106 - - [13/Jun/2017:06:43:07 +0530] "GET /admin/js/ajax_client.js HTTP/1.1" 200 22793 "-" "Mozilla/5.0 (iPhone; CPU iPhone OS 7_0 like Mac OS X) AppleWebKit/537.51.1 (KHTML, like Gecko) Version/7.0 Mobile/11A465 Safari/9537.53 (compatible; bingbot/2.0; +http://www.bing.com/bingbot.htm)"
157.55.39.106 - - [13/Jun/2017:06:43:08 +0530] "GET /admin/ncdma.css HTTP/1.1" 404 213 "-" "Mozilla/5.0 (iPhone; CPU iPhone OS 7_0 like Mac OS X) AppleWebKit/537.51.1 (KHTML, like Gecko) Version/7.0 Mobile/11A465 Safari/9537.53 (compatible; bingbot/2.0; +http://www.bing.com/bingbot.htm)"
157.55.39.176 - - [13/Jun/2017:06:43:18 +0530] "GET /admin/images/loginbg.jpg HTTP/1.1" 200 11936 "-" "Mozilla/5.0 (iPhone; CPU iPhone OS 7_0 like Mac OS X) AppleWebKit/537.51.1 (KHTML, like Gecko) Version/7.0 Mobile/11A465 Safari/9537.53 (compatible; bingbot/2.0; +http://www.bing.com/bingbot.htm)"
157.55.39.208 - - [13/Jun/2017:06:45:40 +0530] "GET /project_details_view_report.php?id=1128 HTTP/1.1" 200 13289 "-" "Mozilla/5.0 (compatible; bingbot/2.0; +http://www.bing.com/bingbot.htm)"
157.55.39.165 - - [13/Jun/2017:06:46:47 +0530] "GET /sitemap.php HTTP/1.1" 200 18470 "-" "Mozilla/5.0 (compatible; bingbot/2.0; +http://www.bing.com/bingbot.htm)"
157.55.39.165 - - [13/Jun/2017:06:47:50 +0530] "GET /capacity_building.php HTTP/1.1" 200 19187 "-" "Mozilla/5.0 (compatible; bingbot/2.0; +http://www.bing.com/bingbot.htm)"
157.55.39.106 - - [13/Jun/2017:06:48:28 +0530] "GET /project_details_view.php?id=2152 HTTP/1.1" 200 15122 "-" "Mozilla/5.0 (iPhone; CPU iPhone OS 7_0 like Mac OS X) AppleWebKit/537.51.1 (KHTML, like Gecko) Version/7.0 Mobile/11A465 Safari/9537.53 (compatible; bingbot/2.0; +http://www.bing.com/bingbot.htm)"
157.55.39.176 - - [13/Jun/2017:06:48:50 +0530] "GET /images/img1.jpg HTTP/1.1" 200 1251 "-" "Mozilla/5.0 (iPhone; CPU iPhone OS 7_0 like Mac OS X) AppleWebKit/537.51.1 (KHTML, like Gecko) Version/7.0 Mobile/11A465 Safari/9537.53 (compatible; bingbot/2.0; +http://www.bing.com/bingbot.htm)"
157.55.39.176 - - [13/Jun/2017:06:51:39 +0530] "GET /index.php HTTP/1.1" 200 19481 "-" "Mozilla/5.0 (compatible; bingbot/2.0; +http://www.bing.com/bingbot.htm)"
173.239.232.73 - - [13/Jun/2017:06:52:25 +0530] "GET /reports_new.php?n=1'A=0 HTTP/1.1" 200 22412 "http://www.cdmindia.gov.in/reports_new.php?n=1'A=0" "Mozilla/5.0 (Windows; U; Windows NT 5.1; pt-PT; rv:1.9.1.2) Gecko/20090729 Firefox/3.5.2 (.NET CLR 3.5.30729)"
157.55.39.176 - - [13/Jun/2017:06:52:29 +0530] "GET /downloads/Existing%20PCN.doc HTTP/1.1" 200 114176 "-" "Mozilla/5.0 (compatible; bingbot/2.0; +http://www.bing.com/bingbot.htm)"
157.55.39.165 - - [13/Jun/2017:06:52:50 +0530] "GET /detail_news.php?id=18 HTTP/1.1" 302 18714 "-" "Mozilla/5.0 (compatible; bingbot/2.0; +http://www.bing.com/bingbot.htm)"
157.55.39.165 - - [13/Jun/2017:06:52:51 +0530] "GET /logout.php HTTP/1.1" 302 369 "-" "Mozilla/5.0 (compatible; bingbot/2.0; +http://www.bing.com/bingbot.htm)"
157.55.39.165 - - [13/Jun/2017:06:52:52 +0530] "GET /index.php HTTP/1.1" 200 19481 "-" "Mozilla/5.0 (compatible; bingbot/2.0; +http://www.bing.com/bingbot.htm)"
157.55.39.165 - - [13/Jun/2017:06:58:18 +0530] "GET /imp_links.php HTTP/1.1" 200 17835 "-" "Mozilla/5.0 (compatible; bingbot/2.0; +http://www.bing.com/bingbot.htm)"
157.55.39.176 - - [13/Jun/2017:06:58:32 +0530] "GET /index.php HTTP/1.1" 200 19481 "-" "Mozilla/5.0 (compatible; bingbot/2.0; +http://www.bing.com/bingbot.htm)"
37.150.27.156 - - [13/Jun/2017:06:58:32 +0530] "GET /approval_process.php HTTP/1.0" 200 25913 "http://cdmindia.gov.in/approval_process.php" "Mozilla/5.0 (Windows NT 6.1; WOW64) AppleWebKit/537.36 (KHTML, like Gecko) Chrome/58.0.3029.81 Safari/537.36"
37.150.27.156 - - [13/Jun/2017:06:58:33 +0530] "GET /registration.php HTTP/1.0" 200 28530 "http://cdmindia.gov.in/registration.php" "Mozilla/5.0 (Windows NT 6.1; WOW64) AppleWebKit/537.36 (KHTML, like Gecko) Chrome/58.0.3029.81 Safari/537.36"
157.55.39.165 - - [13/Jun/2017:06:59:21 +0530] "GET /aboutus.php HTTP/1.1" 200 19598 "-" "Mozilla/5.0 (compatible; bingbot/2.0; +http://www.bing.com/bingbot.htm)"
66.249.79.129 - - [13/Jun/2017:06:59:36 +0530] "GET /project_details_view.php?id=1005 HTTP/1.1" 200 14227 "-" "Mozilla/5.0 (Linux; Android 6.0.1; Nexus 5X Build/MMB29P) AppleWebKit/537.36 (KHTML, like Gecko) Chrome/41.0.2272.96 Mobile Safari/537.36 (compatible; Googlebot/2.1; +http://www.google.com/bot.html)"
157.55.39.165 - - [13/Jun/2017:07:00:51 +0530] "GET /detail_events.php?id= HTTP/1.1" 302 16739 "-" "Mozilla/5.0 (compatible; bingbot/2.0; +http://www.bing.com/bingbot.htm)"
157.55.39.165 - - [13/Jun/2017:07:00:52 +0530] "GET /logout.php HTTP/1.1" 302 369 "-" "Mozilla/5.0 (compatible; bingbot/2.0; +http://www.bing.com/bingbot.htm)"
157.55.39.165 - - [13/Jun/2017:07:00:54 +0530] "GET /index.php HTTP/1.1" 200 19481 "-" "Mozilla/5.0 (compatible; bingbot/2.0; +http://www.bing.com/bingbot.htm)"
66.102.6.111 - - [13/Jun/2017:07:01:40 +0530] "GET /project_details_view.php?id=388 HTTP/1.1" 200 15322 "https://www.google.co.in/" "Mozilla/5.0 (Linux; Android 4.2.1; en-us; Nexus 5 Build/JOP40D) AppleWebKit/535.19 (KHTML, like Gecko; googleweblight) Chrome/38.0.1025.166 Mobile Safari/535.19"
66.102.6.111 - - [13/Jun/2017:07:01:41 +0530] "GET /includes/ncdma.css HTTP/1.1" 200 13023 "http://www.cdmindia.gov.in/project_details_view.php?id=388" "Mozilla/5.0 (Linux; Android 4.2.1; en-us; Nexus 5 Build/JOP40D) AppleWebKit/535.19 (KHTML, like Gecko; googleweblight) Chrome/38.0.1025.166 Mobile Safari/535.19"
66.102.6.115 - - [13/Jun/2017:07:01:41 +0530] "GET /images/spacer.gif HTTP/1.1" 200 43 "http://www.cdmindia.gov.in/project_details_view.php?id=388" "Mozilla/5.0 (Linux; Android 4.2.1; en-us; Nexus 5 Build/JOP40D) AppleWebKit/535.19 (KHTML, like Gecko; googleweblight) Chrome/38.0.1025.166 Mobile Safari/535.19"
66.102.6.113 - - [13/Jun/2017:07:01:41 +0530] "GET /images/fdm.jpg HTTP/1.1" 200 2043 "http://www.cdmindia.gov.in/project_details_view.php?id=388" "Mozilla/5.0 (Linux; Android 4.2.1; en-us; Nexus 5 Build/JOP40D) AppleWebKit/535.19 (KHTML, like Gecko; googleweblight) Chrome/38.0.1025.166 Mobile Safari/535.19"
66.102.6.113 - - [13/Jun/2017:07:01:41 +0530] "GET /images/bullet4.gif HTTP/1.1" 200 67 "http://www.cdmindia.gov.in/project_details_view.php?id=388" "Mozilla/5.0 (Linux; Android 4.2.1; en-us; Nexus 5 Build/JOP40D) AppleWebKit/535.19 (KHTML, like Gecko; googleweblight) Chrome/38.0.1025.166 Mobile Safari/535.19"
66.102.6.111 - - [13/Jun/2017:07:01:41 +0530] "GET /ncdma.css HTTP/1.1" 200 12640 "http://www.cdmindia.gov.in/project_details_view.php?id=388" "Mozilla/5.0 (Linux; Android 4.2.1; en-us; Nexus 5 Build/JOP40D) AppleWebKit/535.19 (KHTML, like Gecko; googleweblight) Chrome/38.0.1025.166 Mobile Safari/535.19"
66.102.6.115 - - [13/Jun/2017:07:01:41 +0530] "GET /images/bulllet2.gif HTTP/1.1" 200 58 "http://www.cdmindia.gov.in/project_details_view.php?id=388" "Mozilla/5.0 (Linux; Android 4.2.1; en-us; Nexus 5 Build/JOP40D) AppleWebKit/535.19 (KHTML, like Gecko; googleweblight) Chrome/38.0.1025.166 Mobile Safari/535.19"
66.102.6.115 - - [13/Jun/2017:07:01:41 +0530] "GET /images/fbg.jpg HTTP/1.1" 200 325 "http://www.cdmindia.gov.in/project_details_view.php?id=388" "Mozilla/5.0 (Linux; Android 4.2.1; en-us; Nexus 5 Build/JOP40D) AppleWebKit/535.19 (KHTML, like Gecko; googleweblight) Chrome/38.0.1025.166 Mobile Safari/535.19"
66.102.6.115 - - [13/Jun/2017:07:01:42 +0530] "GET /images/img1.jpg HTTP/1.1" 200 1251 "http://www.cdmindia.gov.in/project_details_view.php?id=388" "Mozilla/5.0 (Linux; Android 4.2.1; en-us; Nexus 5 Build/JOP40D) AppleWebKit/535.19 (KHTML, like Gecko; googleweblight) Chrome/38.0.1025.166 Mobile Safari/535.19"
66.102.6.111 - - [13/Jun/2017:07:01:41 +0530] "GET /images/img2.jpg HTTP/1.1" 200 16276 "http://www.cdmindia.gov.in/project_details_view.php?id=388" "Mozilla/5.0 (Linux; Android 4.2.1; en-us; Nexus 5 Build/JOP40D) AppleWebKit/535.19 (KHTML, like Gecko; googleweblight) Chrome/38.0.1025.166 Mobile Safari/535.19"
66.102.6.111 - - [13/Jun/2017:07:01:42 +0530] "GET /images/bullet1.gif HTTP/1.1" 200 67 "http://www.cdmindia.gov.in/project_details_view.php?id=388" "Mozilla/5.0 (Linux; Android 4.2.1; en-us; Nexus 5 Build/JOP40D) AppleWebKit/535.19 (KHTML, like Gecko; googleweblight) Chrome/38.0.1025.166 Mobile Safari/535.19"
66.102.6.113 - - [13/Jun/2017:07:01:42 +0530] "GET /images/gtz.jpg HTTP/1.1" 200 15484 "http://www.cdmindia.gov.in/project_details_view.php?id=388" "Mozilla/5.0 (Linux; Android 4.2.1; en-us; Nexus 5 Build/JOP40D) AppleWebKit/535.19 (KHTML, like Gecko; googleweblight) Chrome/38.0.1025.166 Mobile Safari/535.19"
66.102.7.251 - - [13/Jun/2017:07:01:42 +0530] "GET /Scripts/AC_RunActiveContent.js HTTP/1.1" 200 8321 "http://www.cdmindia.gov.in/project_details_view.php?id=388" "Mozilla/5.0 (Linux; Android 4.2.1; en-us; Nexus 5 Build/JOP40D) AppleWebKit/535.19 (KHTML, like Gecko; googleweblight) Chrome/38.0.1025.166 Mobile Safari/535.19"
66.102.6.113 - - [13/Jun/2017:07:01:42 +0530] "GET /images/img3.jpg HTTP/1.1" 200 26957 "http://www.cdmindia.gov.in/project_details_view.php?id=388" "Mozilla/5.0 (Linux; Android 4.2.1; en-us; Nexus 5 Build/JOP40D) AppleWebKit/535.19 (KHTML, like Gecko; googleweblight) Chrome/38.0.1025.166 Mobile Safari/535.19"
157.55.39.208 - - [13/Jun/2017:07:04:34 +0530] "GET /detail_news.php?id=20 HTTP/1.1" 302 18267 "-" "Mozilla/5.0 (compatible; bingbot/2.0; +http://www.bing.com/bingbot.htm)"
157.55.39.208 - - [13/Jun/2017:07:04:35 +0530] "GET /logout.php HTTP/1.1" 302 369 "-" "Mozilla/5.0 (compatible; bingbot/2.0; +http://www.bing.com/bingbot.htm)"
157.55.39.208 - - [13/Jun/2017:07:04:36 +0530] "GET /index.php HTTP/1.1" 200 19481 "-" "Mozilla/5.0 (compatible; bingbot/2.0; +http://www.bing.com/bingbot.htm)"
178.154.200.68 - - [13/Jun/2017:07:05:49 +0530] "GET /project_details_view_report.php?id=1716 HTTP/1.1" 200 13216 "-" "Mozilla/5.0 (compatible; YandexBot/3.0; +http://yandex.com/bots)"
202.46.51.200 - - [13/Jun/2017:07:07:41 +0530] "GET /reports_list_details.php?id=1&reporttype=1&page=30 HTTP/1.1" 200 21946 "-" "Mozilla/5.0 (Windows NT 10.0; WOW64) AppleWebKit/537.36 (KHTML, like Gecko) Chrome/45.0.2454.93 Safari/537.36"
66.249.79.131 - - [13/Jun/2017:07:09:44 +0530] "GET / HTTP/1.1" 200 19481 "-" "Mozilla/5.0 (Linux; Android 6.0.1; Nexus 5X Build/MMB29P) AppleWebKit/537.36 (KHTML, like Gecko) Chrome/41.0.2272.96 Mobile Safari/537.36 (compatible; Googlebot/2.1; +http://www.google.com/bot.html)"
157.55.39.208 - - [13/Jun/2017:07:09:57 +0530] "GET /future_projects.php HTTP/1.1" 302 26211 "-" "Mozilla/5.0 (compatible; bingbot/2.0; +http://www.bing.com/bingbot.htm)"
157.55.39.208 - - [13/Jun/2017:07:09:58 +0530] "GET /logout.php HTTP/1.1" 302 369 "-" "Mozilla/5.0 (compatible; bingbot/2.0; +http://www.bing.com/bingbot.htm)"
157.55.39.208 - - [13/Jun/2017:07:09:59 +0530] "GET /index.php HTTP/1.1" 200 19481 "-" "Mozilla/5.0 (compatible; bingbot/2.0; +http://www.bing.com/bingbot.htm)"
66.249.79.27 - - [13/Jun/2017:07:19:53 +0530] "GET / HTTP/1.1" 200 19481 "-" "Mozilla/5.0 (Linux; Android 6.0.1; Nexus 5X Build/MMB29P) AppleWebKit/537.36 (KHTML, like Gecko) Chrome/41.0.2272.96 Mobile Safari/537.36 (compatible; Googlebot/2.1; +http://www.google.com/bot.html)"
157.55.39.176 - - [13/Jun/2017:07:26:23 +0530] "GET /approved_projects.php?n=1 HTTP/1.1" 200 16643 "-" "Mozilla/5.0 (compatible; bingbot/2.0; +http://www.bing.com/bingbot.htm)"
8.37.235.73 - - [13/Jun/2017:07:29:40 +0530] "GET /project_details_view.php?id=1056 HTTP/1.1" 200 14167 "http://www.google.co.in/search?site=webhp&oq=Dharwhad+pawr+plit&aqs=mobile-gws-lite..&q=Dharwhad+pawr+plit" "Mozilla/5.0 (Linux; U; Android 5.0; en-US; Micromax AQ5001 Build/LRX21M) AppleWebKit/534.30 (KHTML, like Gecko) Version/4.0 UCBrowser/11.2.5.932 U3/0.8.0 Mobile Safari/534.30"
8.37.235.73 - - [13/Jun/2017:07:29:41 +0530] "GET /images/bullet1.gif HTTP/1.1" 304 - "http://www.cdmindia.gov.in/project_details_view.php?id=1056" "Mozilla/5.0 (Linux; U; Android 5.0; en-US; Micromax AQ5001 Build/LRX21M) AppleWebKit/534.30 (KHTML, like Gecko) Version/4.0 UCBrowser/11.2.5.932 U3/0.8.0 Mobile Safari/534.30"
8.37.235.73 - - [13/Jun/2017:07:29:41 +0530] "GET /images/bullet4.gif HTTP/1.1" 304 - "http://www.cdmindia.gov.in/project_details_view.php?id=1056" "Mozilla/5.0 (Linux; U; Android 5.0; en-US; Micromax AQ5001 Build/LRX21M) AppleWebKit/534.30 (KHTML, like Gecko) Version/4.0 UCBrowser/11.2.5.932 U3/0.8.0 Mobile Safari/534.30"
8.37.235.73 - - [13/Jun/2017:07:29:41 +0530] "GET /includes/ncdma.css HTTP/1.1" 200 13023 "http://www.cdmindia.gov.in/project_details_view.php?id=1056" "Mozilla/5.0 (Linux; U; Android 5.0; en-US; Micromax AQ5001 Build/LRX21M) AppleWebKit/534.30 (KHTML, like Gecko) Version/4.0 UCBrowser/11.2.5.932 U3/0.8.0 Mobile Safari/534.30"
8.37.235.73 - - [13/Jun/2017:07:29:41 +0530] "GET /images/bulllet2.gif HTTP/1.1" 304 - "http://www.cdmindia.gov.in/project_details_view.php?id=1056" "Mozilla/5.0 (Linux; U; Android 5.0; en-US; Micromax AQ5001 Build/LRX21M) AppleWebKit/534.30 (KHTML, like Gecko) Version/4.0 UCBrowser/11.2.5.932 U3/0.8.0 Mobile Safari/534.30"
8.37.235.73 - - [13/Jun/2017:07:29:41 +0530] "GET /images/fdm.jpg HTTP/1.1" 200 2043 "http://www.cdmindia.gov.in/project_details_view.php?id=1056" "Mozilla/5.0 (Linux; U; Android 5.0; en-US; Micromax AQ5001 Build/LRX21M) AppleWebKit/534.30 (KHTML, like Gecko) Version/4.0 UCBrowser/11.2.5.932 U3/0.8.0 Mobile Safari/534.30"
8.37.235.73 - - [13/Jun/2017:07:29:41 +0530] "GET /images/spacer.gif HTTP/1.1" 200 43 "http://www.cdmindia.gov.in/project_details_view.php?id=1056" "Mozilla/5.0 (Linux; U; Android 5.0; en-US; Micromax AQ5001 Build/LRX21M) AppleWebKit/534.30 (KHTML, like Gecko) Version/4.0 UCBrowser/11.2.5.932 U3/0.8.0 Mobile Safari/534.30"
8.37.235.73 - - [13/Jun/2017:07:29:41 +0530] "GET /ncdma.css HTTP/1.1" 200 12640 "http://www.cdmindia.gov.in/project_details_view.php?id=1056" "Mozilla/5.0 (Linux; U; Android 5.0; en-US; Micromax AQ5001 Build/LRX21M) AppleWebKit/534.30 (KHTML, like Gecko) Version/4.0 UCBrowser/11.2.5.932 U3/0.8.0 Mobile Safari/534.30"
8.37.235.73 - - [13/Jun/2017:07:29:41 +0530] "GET /Scripts/AC_RunActiveContent.js HTTP/1.1" 200 8321 "http://www.cdmindia.gov.in/project_details_view.php?id=1056" "Mozilla/5.0 (Linux; U; Android 5.0; en-US; Micromax AQ5001 Build/LRX21M) AppleWebKit/534.30 (KHTML, like Gecko) Version/4.0 UCBrowser/11.2.5.932 U3/0.8.0 Mobile Safari/534.30"
8.37.235.73 - - [13/Jun/2017:07:29:41 +0530] "GET /images/gtz.jpg HTTP/1.1" 200 15484 "http://www.cdmindia.gov.in/project_details_view.php?id=1056" "Mozilla/5.0 (Linux; U; Android 5.0; en-US; Micromax AQ5001 Build/LRX21M) AppleWebKit/534.30 (KHTML, like Gecko) Version/4.0 UCBrowser/11.2.5.932 U3/0.8.0 Mobile Safari/534.30"
8.37.235.73 - - [13/Jun/2017:07:29:41 +0530] "GET /images/img3.jpg HTTP/1.1" 200 26957 "http://www.cdmindia.gov.in/project_details_view.php?id=1056" "Mozilla/5.0 (Linux; U; Android 5.0; en-US; Micromax AQ5001 Build/LRX21M) AppleWebKit/534.30 (KHTML, like Gecko) Version/4.0 UCBrowser/11.2.5.932 U3/0.8.0 Mobile Safari/534.30"
8.37.235.73 - - [13/Jun/2017:07:29:41 +0530] "GET /images/img2.jpg HTTP/1.1" 200 16276 "http://www.cdmindia.gov.in/project_details_view.php?id=1056" "Mozilla/5.0 (Linux; U; Android 5.0; en-US; Micromax AQ5001 Build/LRX21M) AppleWebKit/534.30 (KHTML, like Gecko) Version/4.0 UCBrowser/11.2.5.932 U3/0.8.0 Mobile Safari/534.30"
8.37.235.73 - - [13/Jun/2017:07:29:45 +0530] "GET /images/favicon.ico HTTP/1.1" 200 1406 "http://www.cdmindia.gov.in/project_details_view.php?id=1056" "Mozilla/5.0 (Linux; U; Android 5.0; en-US; Micromax AQ5001 Build/LRX21M) AppleWebKit/534.30 (KHTML, like Gecko) Version/4.0 UCBrowser/11.2.5.932 U3/0.8.0 Mobile Safari/534.30"
168.235.194.179 - - [13/Jun/2017:07:30:15 +0530] "GET /project_details_view.php?id=1897 HTTP/1.1" 200 14870 "https://www.google.co.in/search?q=thermal+power+plany+in+anantapur&client=ucweb-b&channel=sb" "Mozilla/5.0 (Linux; U; Android 6.0.1; en-US; Redmi 3S Build/MMB29M) AppleWebKit/534.30 (KHTML, like Gecko) Version/4.0 UCBrowser/11.3.2.960 U3/0.8.0 Mobile Safari/534.30"
168.235.194.179 - - [13/Jun/2017:07:30:16 +0530] "GET /images/img2.jpg HTTP/1.1" 200 16276 "http://www.cdmindia.gov.in/project_details_view.php?id=1897" "Mozilla/5.0 (Linux; U; Android 6.0.1; en-US; Redmi 3S Build/MMB29M) AppleWebKit/534.30 (KHTML, like Gecko) Version/4.0 UCBrowser/11.3.2.960 U3/0.8.0 Mobile Safari/534.30"
168.235.194.179 - - [13/Jun/2017:07:30:16 +0530] "GET /ncdma.css HTTP/1.1" 200 12640 "http://www.cdmindia.gov.in/project_details_view.php?id=1897" "Mozilla/5.0 (Linux; U; Android 6.0.1; en-US; Redmi 3S Build/MMB29M) AppleWebKit/534.30 (KHTML, like Gecko) Version/4.0 UCBrowser/11.3.2.960 U3/0.8.0 Mobile Safari/534.30"
168.235.194.179 - - [13/Jun/2017:07:30:16 +0530] "GET /images/bullet1.gif HTTP/1.1" 200 67 "http://www.cdmindia.gov.in/project_details_view.php?id=1897" "Mozilla/5.0 (Linux; U; Android 6.0.1; en-US; Redmi 3S Build/MMB29M) AppleWebKit/534.30 (KHTML, like Gecko) Version/4.0 UCBrowser/11.3.2.960 U3/0.8.0 Mobile Safari/534.30"
168.235.194.179 - - [13/Jun/2017:07:30:16 +0530] "GET /Scripts/AC_RunActiveContent.js HTTP/1.1" 200 8321 "http://www.cdmindia.gov.in/project_details_view.php?id=1897" "Mozilla/5.0 (Linux; U; Android 6.0.1; en-US; Redmi 3S Build/MMB29M) AppleWebKit/534.30 (KHTML, like Gecko) Version/4.0 UCBrowser/11.3.2.960 U3/0.8.0 Mobile Safari/534.30"
168.235.194.179 - - [13/Jun/2017:07:30:16 +0530] "GET /images/spacer.gif HTTP/1.1" 200 43 "http://www.cdmindia.gov.in/project_details_view.php?id=1897" "Mozilla/5.0 (Linux; U; Android 6.0.1; en-US; Redmi 3S Build/MMB29M) AppleWebKit/534.30 (KHTML, like Gecko) Version/4.0 UCBrowser/11.3.2.960 U3/0.8.0 Mobile Safari/534.30"
168.235.194.179 - - [13/Jun/2017:07:30:16 +0530] "GET /images/gtz.jpg HTTP/1.1" 200 15484 "http://www.cdmindia.gov.in/project_details_view.php?id=1897" "Mozilla/5.0 (Linux; U; Android 6.0.1; en-US; Redmi 3S Build/MMB29M) AppleWebKit/534.30 (KHTML, like Gecko) Version/4.0 UCBrowser/11.3.2.960 U3/0.8.0 Mobile Safari/534.30"
168.235.194.179 - - [13/Jun/2017:07:30:16 +0530] "GET /includes/ncdma.css HTTP/1.1" 200 13023 "http://www.cdmindia.gov.in/project_details_view.php?id=1897" "Mozilla/5.0 (Linux; U; Android 6.0.1; en-US; Redmi 3S Build/MMB29M) AppleWebKit/534.30 (KHTML, like Gecko) Version/4.0 UCBrowser/11.3.2.960 U3/0.8.0 Mobile Safari/534.30"
168.235.194.179 - - [13/Jun/2017:07:30:16 +0530] "GET /images/bullet4.gif HTTP/1.1" 200 67 "http://www.cdmindia.gov.in/project_details_view.php?id=1897" "Mozilla/5.0 (Linux; U; Android 6.0.1; en-US; Redmi 3S Build/MMB29M) AppleWebKit/534.30 (KHTML, like Gecko) Version/4.0 UCBrowser/11.3.2.960 U3/0.8.0 Mobile Safari/534.30"
168.235.194.179 - - [13/Jun/2017:07:30:16 +0530] "GET /images/img3.jpg HTTP/1.1" 200 26957 "http://www.cdmindia.gov.in/project_details_view.php?id=1897" "Mozilla/5.0 (Linux; U; Android 6.0.1; en-US; Redmi 3S Build/MMB29M) AppleWebKit/534.30 (KHTML, like Gecko) Version/4.0 UCBrowser/11.3.2.960 U3/0.8.0 Mobile Safari/534.30"
168.235.194.179 - - [13/Jun/2017:07:30:16 +0530] "GET /images/fdm.jpg HTTP/1.1" 304 - "http://www.cdmindia.gov.in/project_details_view.php?id=1897" "Mozilla/5.0 (Linux; U; Android 6.0.1; en-US; Redmi 3S Build/MMB29M) AppleWebKit/534.30 (KHTML, like Gecko) Version/4.0 UCBrowser/11.3.2.960 U3/0.8.0 Mobile Safari/534.30"
168.235.194.179 - - [13/Jun/2017:07:30:16 +0530] "GET /images/bulllet2.gif HTTP/1.1" 200 58 "http://www.cdmindia.gov.in/project_details_view.php?id=1897" "Mozilla/5.0 (Linux; U; Android 6.0.1; en-US; Redmi 3S Build/MMB29M) AppleWebKit/534.30 (KHTML, like Gecko) Version/4.0 UCBrowser/11.3.2.960 U3/0.8.0 Mobile Safari/534.30"
168.235.194.179 - - [13/Jun/2017:07:30:19 +0530] "GET /images/favicon.ico HTTP/1.1" 200 1406 "http://www.cdmindia.gov.in/project_details_view.php?id=1897" "Mozilla/5.0 (Linux; U; Android 6.0.1; en-US; Redmi 3S Build/MMB29M) AppleWebKit/534.30 (KHTML, like Gecko) Version/4.0 UCBrowser/11.3.2.960 U3/0.8.0 Mobile Safari/534.30"
35.184.189.105 - - [13/Jun/2017:07:35:39 +0530] "GET /robots.txt HTTP/1.1" 404 208 "-" "ltx71 - (http://ltx71.com/)"
61.2.17.245 - - [13/Jun/2017:07:35:49 +0530] "GET /project_details_view.php?id=754 HTTP/1.1" 200 14247 "http://www.google.co.in/" "Mozilla/5.0 (Linux; Android 6.0.1; MotoG3 Build/MPIS24.107-55-2-12) AppleWebKit/537.36 (KHTML, like Gecko) Chrome/58.0.3029.83 Mobile Safari/537.36"
61.2.17.245 - - [13/Jun/2017:07:35:49 +0530] "GET /includes/ncdma.css HTTP/1.1" 200 13023 "http://www.cdmindia.gov.in/project_details_view.php?id=754" "Mozilla/5.0 (Linux; Android 6.0.1; MotoG3 Build/MPIS24.107-55-2-12) AppleWebKit/537.36 (KHTML, like Gecko) Chrome/58.0.3029.83 Mobile Safari/537.36"
61.2.17.245 - - [13/Jun/2017:07:35:49 +0530] "GET /ncdma.css HTTP/1.1" 200 12640 "http://www.cdmindia.gov.in/project_details_view.php?id=754" "Mozilla/5.0 (Linux; Android 6.0.1; MotoG3 Build/MPIS24.107-55-2-12) AppleWebKit/537.36 (KHTML, like Gecko) Chrome/58.0.3029.83 Mobile Safari/537.36"
61.2.17.245 - - [13/Jun/2017:07:35:50 +0530] "GET /Scripts/AC_RunActiveContent.js HTTP/1.1" 200 8321 "http://www.cdmindia.gov.in/project_details_view.php?id=754" "Mozilla/5.0 (Linux; Android 6.0.1; MotoG3 Build/MPIS24.107-55-2-12) AppleWebKit/537.36 (KHTML, like Gecko) Chrome/58.0.3029.83 Mobile Safari/537.36"
61.2.17.245 - - [13/Jun/2017:07:35:50 +0530] "GET /images/img2.jpg HTTP/1.1" 200 16276 "http://www.cdmindia.gov.in/project_details_view.php?id=754" "Mozilla/5.0 (Linux; Android 6.0.1; MotoG3 Build/MPIS24.107-55-2-12) AppleWebKit/537.36 (KHTML, like Gecko) Chrome/58.0.3029.83 Mobile Safari/537.36"
61.2.17.245 - - [13/Jun/2017:07:35:51 +0530] "GET /images/img1.jpg HTTP/1.1" 200 1251 "http://www.cdmindia.gov.in/project_details_view.php?id=754" "Mozilla/5.0 (Linux; Android 6.0.1; MotoG3 Build/MPIS24.107-55-2-12) AppleWebKit/537.36 (KHTML, like Gecko) Chrome/58.0.3029.83 Mobile Safari/537.36"
61.2.17.245 - - [13/Jun/2017:07:35:51 +0530] "GET /images/fdm.jpg HTTP/1.1" 200 2043 "http://www.cdmindia.gov.in/project_details_view.php?id=754" "Mozilla/5.0 (Linux; Android 6.0.1; MotoG3 Build/MPIS24.107-55-2-12) AppleWebKit/537.36 (KHTML, like Gecko) Chrome/58.0.3029.83 Mobile Safari/537.36"
61.2.17.245 - - [13/Jun/2017:07:35:51 +0530] "GET /images/gtz.jpg HTTP/1.1" 200 15484 "http://www.cdmindia.gov.in/project_details_view.php?id=754" "Mozilla/5.0 (Linux; Android 6.0.1; MotoG3 Build/MPIS24.107-55-2-12) AppleWebKit/537.36 (KHTML, like Gecko) Chrome/58.0.3029.83 Mobile Safari/537.36"
61.2.17.245 - - [13/Jun/2017:07:35:51 +0530] "GET /images/fbg.jpg HTTP/1.1" 200 325 "http://www.cdmindia.gov.in/project_details_view.php?id=754" "Mozilla/5.0 (Linux; Android 6.0.1; MotoG3 Build/MPIS24.107-55-2-12) AppleWebKit/537.36 (KHTML, like Gecko) Chrome/58.0.3029.83 Mobile Safari/537.36"
61.2.17.245 - - [13/Jun/2017:07:35:51 +0530] "GET /images/img3.jpg HTTP/1.1" 200 26957 "http://www.cdmindia.gov.in/project_details_view.php?id=754" "Mozilla/5.0 (Linux; Android 6.0.1; MotoG3 Build/MPIS24.107-55-2-12) AppleWebKit/537.36 (KHTML, like Gecko) Chrome/58.0.3029.83 Mobile Safari/537.36"
61.2.17.245 - - [13/Jun/2017:07:35:52 +0530] "GET /images/bullet1.gif HTTP/1.1" 200 67 "http://www.cdmindia.gov.in/project_details_view.php?id=754" "Mozilla/5.0 (Linux; Android 6.0.1; MotoG3 Build/MPIS24.107-55-2-12) AppleWebKit/537.36 (KHTML, like Gecko) Chrome/58.0.3029.83 Mobile Safari/537.36"
61.2.17.245 - - [13/Jun/2017:07:35:52 +0530] "GET /images/bulllet2.gif HTTP/1.1" 200 58 "http://www.cdmindia.gov.in/project_details_view.php?id=754" "Mozilla/5.0 (Linux; Android 6.0.1; MotoG3 Build/MPIS24.107-55-2-12) AppleWebKit/537.36 (KHTML, like Gecko) Chrome/58.0.3029.83 Mobile Safari/537.36"
61.2.17.245 - - [13/Jun/2017:07:35:52 +0530] "GET /images/bullet4.gif HTTP/1.1" 200 67 "http://www.cdmindia.gov.in/project_details_view.php?id=754" "Mozilla/5.0 (Linux; Android 6.0.1; MotoG3 Build/MPIS24.107-55-2-12) AppleWebKit/537.36 (KHTML, like Gecko) Chrome/58.0.3029.83 Mobile Safari/537.36"
61.2.17.245 - - [13/Jun/2017:07:35:52 +0530] "GET /images/spacer.gif HTTP/1.1" 200 43 "http://www.cdmindia.gov.in/project_details_view.php?id=754" "Mozilla/5.0 (Linux; Android 6.0.1; MotoG3 Build/MPIS24.107-55-2-12) AppleWebKit/537.36 (KHTML, like Gecko) Chrome/58.0.3029.83 Mobile Safari/537.36"
61.2.17.245 - - [13/Jun/2017:07:35:52 +0530] "GET /favicon.ico HTTP/1.1" 200 1189 "http://www.cdmindia.gov.in/project_details_view.php?id=754" "Mozilla/5.0 (Linux; Android 6.0.1; MotoG3 Build/MPIS24.107-55-2-12) AppleWebKit/537.36 (KHTML, like Gecko) Chrome/58.0.3029.83 Mobile Safari/537.36"
202.46.56.188 - - [13/Jun/2017:07:36:47 +0530] "GET /project_details_view_report.php?id=606 HTTP/1.1" 200 13177 "-" "Mozilla/5.0 (Windows NT 10.0; WOW64) AppleWebKit/537.36 (KHTML, like Gecko) Chrome/45.0.2454.93 Safari/537.36"
157.55.39.208 - - [13/Jun/2017:07:41:07 +0530] "GET /news_more.php HTTP/1.1" 200 21062 "-" "Mozilla/5.0 (compatible; bingbot/2.0; +http://www.bing.com/bingbot.htm)"
157.55.39.165 - - [13/Jun/2017:07:41:17 +0530] "GET /reports_new.php?n=1 HTTP/1.1" 200 22412 "-" "Mozilla/5.0 (compatible; bingbot/2.0; +http://www.bing.com/bingbot.htm)"
157.55.39.176 - - [13/Jun/2017:07:41:57 +0530] "GET /contactus.php HTTP/1.1" 200 18293 "-" "Mozilla/5.0 (compatible; bingbot/2.0; +http://www.bing.com/bingbot.htm)"
157.55.39.176 - - [13/Jun/2017:07:41:57 +0530] "GET /downloads/Existing%20PCN.doc HTTP/1.1" 200 114176 "-" "Mozilla/5.0 (compatible; bingbot/2.0; +http://www.bing.com/bingbot.htm)"
157.55.39.106 - - [13/Jun/2017:07:42:20 +0530] "GET /downloads/New%20PCN.doc HTTP/1.1" 200 435200 "-" "Mozilla/5.0 (compatible; bingbot/2.0; +http://www.bing.com/bingbot.htm)"
66.249.79.129 - - [13/Jun/2017:07:45:55 +0530] "GET /project_details_view.php?id=1260&oid=&page=44&reporttype= HTTP/1.1" 200 14132 "-" "Mozilla/5.0 (compatible; Googlebot/2.1; +http://www.google.com/bot.html)"
79.167.99.119 - - [13/Jun/2017:07:46:26 +0530] "GET /wp-login.php HTTP/1.1" 404 210 "-" "Mozilla/5.0 (Windows NT 6.1; WOW64; rv:40.0) Gecko/20100101 Firefox/40.1"
79.167.99.119 - - [13/Jun/2017:07:46:28 +0530] "GET / HTTP/1.1" 200 19481 "-" "Mozilla/5.0 (Windows NT 6.1; WOW64; rv:40.0) Gecko/20100101 Firefox/40.1"
157.55.39.165 - - [13/Jun/2017:07:47:05 +0530] "GET /aboutus.php HTTP/1.1" 200 19598 "-" "Mozilla/5.0 (compatible; bingbot/2.0; +http://www.bing.com/bingbot.htm)"
61.2.17.245 - - [13/Jun/2017:07:49:32 +0530] "GET /project_details_view.php?id=397 HTTP/1.1" 200 14177 "http://www.google.co.in/" "Mozilla/5.0 (Linux; Android 6.0.1; MotoG3 Build/MPIS24.107-55-2-12) AppleWebKit/537.36 (KHTML, like Gecko) Chrome/58.0.3029.83 Mobile Safari/537.36"
47.247.1.226 - - [13/Jun/2017:07:49:37 +0530] "GET /includes/ncdma.css HTTP/1.1" 200 13023 "https://www.google.co.in/search?client=ms-android-samsung&ei=PUs_WYvMKZqcvQTMlpzIBg&q=national+cdm+authority&oq=&gs_l=mobile-gws-serp.1.0.35i39k1l3.0.0.0.3564.3.3.1.1.1.0.0.0..0.0....0...1..64.mobile-gws-serp..1.2.112.3.pRn1ew6Y4ic" "Mozilla/5.0 (Linux; Android 5.0.2; SM-A700FD Build/LRX22G) AppleWebKit/537.36 (KHTML, like Gecko) Chrome/57.0.2987.132 Mobile Safari/537.36"
47.247.1.226 - - [13/Jun/2017:07:49:37 +0530] "GET /Scripts/AC_RunActiveContent.js HTTP/1.1" 200 8321 "https://www.google.co.in/search?client=ms-android-samsung&ei=PUs_WYvMKZqcvQTMlpzIBg&q=national+cdm+authority&oq=&gs_l=mobile-gws-serp.1.0.35i39k1l3.0.0.0.3564.3.3.1.1.1.0.0.0..0.0....0...1..64.mobile-gws-serp..1.2.112.3.pRn1ew6Y4ic" "Mozilla/5.0 (Linux; Android 5.0.2; SM-A700FD Build/LRX22G) AppleWebKit/537.36 (KHTML, like Gecko) Chrome/57.0.2987.132 Mobile Safari/537.36"
47.247.1.226 - - [13/Jun/2017:07:49:37 +0530] "GET /ncdma.css HTTP/1.1" 200 12640 "https://www.google.co.in/search?client=ms-android-samsung&ei=PUs_WYvMKZqcvQTMlpzIBg&q=national+cdm+authority&oq=&gs_l=mobile-gws-serp.1.0.35i39k1l3.0.0.0.3564.3.3.1.1.1.0.0.0..0.0....0...1..64.mobile-gws-serp..1.2.112.3.pRn1ew6Y4ic" "Mozilla/5.0 (Linux; Android 5.0.2; SM-A700FD Build/LRX22G) AppleWebKit/537.36 (KHTML, like Gecko) Chrome/57.0.2987.132 Mobile Safari/537.36"
47.247.1.226 - - [13/Jun/2017:07:49:37 +0530] "GET /aboutus.php HTTP/1.1" 200 19598 "https://www.google.co.in/" "Mozilla/5.0 (Linux; Android 5.0.2; SM-A700FD Build/LRX22G) AppleWebKit/537.36 (KHTML, like Gecko) Chrome/57.0.2987.132 Mobile Safari/537.36"
47.247.1.226 - - [13/Jun/2017:07:49:39 +0530] "GET /images/spacer.gif HTTP/1.1" 200 43 "http://www.cdmindia.gov.in/aboutus.php" "Mozilla/5.0 (Linux; Android 5.0.2; SM-A700FD Build/LRX22G) AppleWebKit/537.36 (KHTML, like Gecko) Chrome/57.0.2987.132 Mobile Safari/537.36"
47.247.1.226 - - [13/Jun/2017:07:49:39 +0530] "GET /images/img2.jpg HTTP/1.1" 200 16276 "http://www.cdmindia.gov.in/aboutus.php" "Mozilla/5.0 (Linux; Android 5.0.2; SM-A700FD Build/LRX22G) AppleWebKit/537.36 (KHTML, like Gecko) Chrome/57.0.2987.132 Mobile Safari/537.36"
47.247.1.226 - - [13/Jun/2017:07:49:39 +0530] "GET /images/img3.jpg HTTP/1.1" 200 26957 "http://www.cdmindia.gov.in/aboutus.php" "Mozilla/5.0 (Linux; Android 5.0.2; SM-A700FD Build/LRX22G) AppleWebKit/537.36 (KHTML, like Gecko) Chrome/57.0.2987.132 Mobile Safari/537.36"
47.247.1.226 - - [13/Jun/2017:07:49:39 +0530] "GET /images/bullet1.gif HTTP/1.1" 200 67 "http://www.cdmindia.gov.in/aboutus.php" "Mozilla/5.0 (Linux; Android 5.0.2; SM-A700FD Build/LRX22G) AppleWebKit/537.36 (KHTML, like Gecko) Chrome/57.0.2987.132 Mobile Safari/537.36"
47.247.1.226 - - [13/Jun/2017:07:49:40 +0530] "GET /images/bulllet2.gif HTTP/1.1" 200 58 "http://www.cdmindia.gov.in/aboutus.php" "Mozilla/5.0 (Linux; Android 5.0.2; SM-A700FD Build/LRX22G) AppleWebKit/537.36 (KHTML, like Gecko) Chrome/57.0.2987.132 Mobile Safari/537.36"
47.247.1.226 - - [13/Jun/2017:07:49:40 +0530] "GET /images/bullet4.gif HTTP/1.1" 200 67 "http://www.cdmindia.gov.in/aboutus.php" "Mozilla/5.0 (Linux; Android 5.0.2; SM-A700FD Build/LRX22G) AppleWebKit/537.36 (KHTML, like Gecko) Chrome/57.0.2987.132 Mobile Safari/537.36"
47.247.1.226 - - [13/Jun/2017:07:49:40 +0530] "GET /images/img1.jpg HTTP/1.1" 200 1251 "http://www.cdmindia.gov.in/aboutus.php" "Mozilla/5.0 (Linux; Android 5.0.2; SM-A700FD Build/LRX22G) AppleWebKit/537.36 (KHTML, like Gecko) Chrome/57.0.2987.132 Mobile Safari/537.36"
47.247.1.226 - - [13/Jun/2017:07:49:40 +0530] "GET /images/h_aboutus.jpg HTTP/1.1" 200 21693 "http://www.cdmindia.gov.in/aboutus.php" "Mozilla/5.0 (Linux; Android 5.0.2; SM-A700FD Build/LRX22G) AppleWebKit/537.36 (KHTML, like Gecko) Chrome/57.0.2987.132 Mobile Safari/537.36"
47.247.1.226 - - [13/Jun/2017:07:49:40 +0530] "GET /images/login1.jpg HTTP/1.1" 200 618 "http://www.cdmindia.gov.in/aboutus.php" "Mozilla/5.0 (Linux; Android 5.0.2; SM-A700FD Build/LRX22G) AppleWebKit/537.36 (KHTML, like Gecko) Chrome/57.0.2987.132 Mobile Safari/537.36"
47.247.1.226 - - [13/Jun/2017:07:49:40 +0530] "GET /images/login.jpg HTTP/1.1" 200 1044 "http://www.cdmindia.gov.in/aboutus.php" "Mozilla/5.0 (Linux; Android 5.0.2; SM-A700FD Build/LRX22G) AppleWebKit/537.36 (KHTML, like Gecko) Chrome/57.0.2987.132 Mobile Safari/537.36"
47.247.1.226 - - [13/Jun/2017:07:49:40 +0530] "GET /images/gtz.jpg HTTP/1.1" 200 15484 "http://www.cdmindia.gov.in/aboutus.php" "Mozilla/5.0 (Linux; Android 5.0.2; SM-A700FD Build/LRX22G) AppleWebKit/537.36 (KHTML, like Gecko) Chrome/57.0.2987.132 Mobile Safari/537.36"
47.247.1.226 - - [13/Jun/2017:07:49:40 +0530] "GET /images/bullet3.gif HTTP/1.1" 200 58 "http://www.cdmindia.gov.in/aboutus.php" "Mozilla/5.0 (Linux; Android 5.0.2; SM-A700FD Build/LRX22G) AppleWebKit/537.36 (KHTML, like Gecko) Chrome/57.0.2987.132 Mobile Safari/537.36"
47.247.1.226 - - [13/Jun/2017:07:49:40 +0530] "GET /images/fbg.jpg HTTP/1.1" 200 325 "http://www.cdmindia.gov.in/aboutus.php" "Mozilla/5.0 (Linux; Android 5.0.2; SM-A700FD Build/LRX22G) AppleWebKit/537.36 (KHTML, like Gecko) Chrome/57.0.2987.132 Mobile Safari/537.36"
47.247.1.226 - - [13/Jun/2017:07:49:40 +0530] "GET /images/fdm.jpg HTTP/1.1" 200 2043 "http://www.cdmindia.gov.in/aboutus.php" "Mozilla/5.0 (Linux; Android 5.0.2; SM-A700FD Build/LRX22G) AppleWebKit/537.36 (KHTML, like Gecko) Chrome/57.0.2987.132 Mobile Safari/537.36"
47.247.1.226 - - [13/Jun/2017:07:49:41 +0530] "GET /images/fe.jpg HTTP/1.1" 200 1429 "http://www.cdmindia.gov.in/aboutus.php" "Mozilla/5.0 (Linux; Android 5.0.2; SM-A700FD Build/LRX22G) AppleWebKit/537.36 (KHTML, like Gecko) Chrome/57.0.2987.132 Mobile Safari/537.36"
47.247.1.226 - - [13/Jun/2017:07:49:41 +0530] "GET /favicon.ico HTTP/1.1" 200 1189 "http://www.cdmindia.gov.in/aboutus.php" "Mozilla/5.0 (Linux; Android 5.0.2; SM-A700FD Build/LRX22G) AppleWebKit/537.36 (KHTML, like Gecko) Chrome/57.0.2987.132 Mobile Safari/537.36"
157.55.39.208 - - [13/Jun/2017:07:51:59 +0530] "GET /detail_news.php?id=19 HTTP/1.1" 302 19083 "-" "Mozilla/5.0 (compatible; bingbot/2.0; +http://www.bing.com/bingbot.htm)"
157.55.39.208 - - [13/Jun/2017:07:52:00 +0530] "GET /logout.php HTTP/1.1" 302 369 "-" "Mozilla/5.0 (compatible; bingbot/2.0; +http://www.bing.com/bingbot.htm)"
157.55.39.208 - - [13/Jun/2017:07:52:01 +0530] "GET /index.php HTTP/1.1" 200 19481 "-" "Mozilla/5.0 (compatible; bingbot/2.0; +http://www.bing.com/bingbot.htm)"
157.55.39.176 - - [13/Jun/2017:07:55:31 +0530] "GET /project_details_view.php?id=196 HTTP/1.1" 200 15143 "-" "Mozilla/5.0 (compatible; bingbot/2.0; +http://www.bing.com/bingbot.htm)"
35.184.189.105 - - [13/Jun/2017:07:56:06 +0530] "GET /robots.txt HTTP/1.1" 404 208 "-" "ltx71 - (http://ltx71.com/)"
157.55.39.165 - - [13/Jun/2017:07:57:32 +0530] "GET /reports_new.php?n=1 HTTP/1.1" 200 22412 "-" "Mozilla/5.0 (compatible; bingbot/2.0; +http://www.bing.com/bingbot.htm)"
8.37.233.235 - - [13/Jun/2017:08:01:29 +0530] "GET /project_details_view_report.php?id=1762 HTTP/1.1" 200 13237 "http://www.google.co.in/search?site=webhp&oq=edd+ii+azamghar+&aqs=mobile-gws-lite..&q=edd+ii+azamghar+" "Mozilla/5.0 (Linux; U; Android 6.0.1; en-US; SM-J710F Build/MMB29K) AppleWebKit/534.30 (KHTML, like Gecko) Version/4.0 UCBrowser/11.3.0.950 U3/0.8.0 Mobile Safari/534.30"
8.37.233.235 - - [13/Jun/2017:08:01:29 +0530] "GET /images/bulllet2.gif HTTP/1.1" 304 - "http://www.cdmindia.gov.in/project_details_view_report.php?id=1762" "Mozilla/5.0 (Linux; U; Android 6.0.1; en-US; SM-J710F Build/MMB29K) AppleWebKit/534.30 (KHTML, like Gecko) Version/4.0 UCBrowser/11.3.0.950 U3/0.8.0 Mobile Safari/534.30"
8.37.233.235 - - [13/Jun/2017:08:01:29 +0530] "GET /Scripts/AC_RunActiveContent.js HTTP/1.1" 304 - "http://www.cdmindia.gov.in/project_details_view_report.php?id=1762" "Mozilla/5.0 (Linux; U; Android 6.0.1; en-US; SM-J710F Build/MMB29K) AppleWebKit/534.30 (KHTML, like Gecko) Version/4.0 UCBrowser/11.3.0.950 U3/0.8.0 Mobile Safari/534.30"
8.37.233.235 - - [13/Jun/2017:08:01:29 +0530] "GET /includes/ncdma.css HTTP/1.1" 304 - "http://www.cdmindia.gov.in/project_details_view_report.php?id=1762" "Mozilla/5.0 (Linux; U; Android 6.0.1; en-US; SM-J710F Build/MMB29K) AppleWebKit/534.30 (KHTML, like Gecko) Version/4.0 UCBrowser/11.3.0.950 U3/0.8.0 Mobile Safari/534.30"
8.37.233.235 - - [13/Jun/2017:08:01:29 +0530] "GET /images/spacer.gif HTTP/1.1" 304 - "http://www.cdmindia.gov.in/project_details_view_report.php?id=1762" "Mozilla/5.0 (Linux; U; Android 6.0.1; en-US; SM-J710F Build/MMB29K) AppleWebKit/534.30 (KHTML, like Gecko) Version/4.0 UCBrowser/11.3.0.950 U3/0.8.0 Mobile Safari/534.30"
8.37.233.235 - - [13/Jun/2017:08:01:29 +0530] "GET /images/bullet1.gif HTTP/1.1" 304 - "http://www.cdmindia.gov.in/project_details_view_report.php?id=1762" "Mozilla/5.0 (Linux; U; Android 6.0.1; en-US; SM-J710F Build/MMB29K) AppleWebKit/534.30 (KHTML, like Gecko) Version/4.0 UCBrowser/11.3.0.950 U3/0.8.0 Mobile Safari/534.30"
8.37.233.235 - - [13/Jun/2017:08:01:29 +0530] "GET /images/bullet4.gif HTTP/1.1" 304 - "http://www.cdmindia.gov.in/project_details_view_report.php?id=1762" "Mozilla/5.0 (Linux; U; Android 6.0.1; en-US; SM-J710F Build/MMB29K) AppleWebKit/534.30 (KHTML, like Gecko) Version/4.0 UCBrowser/11.3.0.950 U3/0.8.0 Mobile Safari/534.30"
8.37.233.235 - - [13/Jun/2017:08:01:29 +0530] "GET /images/img3.jpg HTTP/1.1" 304 - "http://www.cdmindia.gov.in/project_details_view_report.php?id=1762" "Mozilla/5.0 (Linux; U; Android 6.0.1; en-US; SM-J710F Build/MMB29K) AppleWebKit/534.30 (KHTML, like Gecko) Version/4.0 UCBrowser/11.3.0.950 U3/0.8.0 Mobile Safari/534.30"
8.37.233.235 - - [13/Jun/2017:08:01:29 +0530] "GET /ncdma.css HTTP/1.1" 304 - "http://www.cdmindia.gov.in/project_details_view_report.php?id=1762" "Mozilla/5.0 (Linux; U; Android 6.0.1; en-US; SM-J710F Build/MMB29K) AppleWebKit/534.30 (KHTML, like Gecko) Version/4.0 UCBrowser/11.3.0.950 U3/0.8.0 Mobile Safari/534.30"
8.37.233.235 - - [13/Jun/2017:08:01:29 +0530] "GET /images/img2.jpg HTTP/1.1" 304 - "http://www.cdmindia.gov.in/project_details_view_report.php?id=1762" "Mozilla/5.0 (Linux; U; Android 6.0.1; en-US; SM-J710F Build/MMB29K) AppleWebKit/534.30 (KHTML, like Gecko) Version/4.0 UCBrowser/11.3.0.950 U3/0.8.0 Mobile Safari/534.30"
8.37.233.235 - - [13/Jun/2017:08:01:29 +0530] "GET /images/fdm.jpg HTTP/1.1" 304 - "http://www.cdmindia.gov.in/project_details_view_report.php?id=1762" "Mozilla/5.0 (Linux; U; Android 6.0.1; en-US; SM-J710F Build/MMB29K) AppleWebKit/534.30 (KHTML, like Gecko) Version/4.0 UCBrowser/11.3.0.950 U3/0.8.0 Mobile Safari/534.30"
8.37.233.235 - - [13/Jun/2017:08:01:31 +0530] "GET /images/img1.jpg HTTP/1.1" 200 1251 "http://www.cdmindia.gov.in/project_details_view_report.php?id=1762" "Mozilla/5.0 (Linux; U; Android 6.0.1; en-US; SM-J710F Build/MMB29K) AppleWebKit/534.30 (KHTML, like Gecko) Version/4.0 UCBrowser/11.3.0.950 U3/0.8.0 Mobile Safari/534.30"
8.37.233.235 - - [13/Jun/2017:08:01:32 +0530] "GET /images/favicon.ico HTTP/1.1" 304 - "http://www.cdmindia.gov.in/project_details_view_report.php?id=1762" "Mozilla/5.0 (Linux; U; Android 6.0.1; en-US; SM-J710F Build/MMB29K) AppleWebKit/534.30 (KHTML, like Gecko) Version/4.0 UCBrowser/11.3.0.950 U3/0.8.0 Mobile Safari/534.30"
157.55.39.165 - - [13/Jun/2017:08:01:56 +0530] "GET /detail_news.php?id=18 HTTP/1.1" 302 18714 "-" "Mozilla/5.0 (compatible; bingbot/2.0; +http://www.bing.com/bingbot.htm)"
157.55.39.165 - - [13/Jun/2017:08:01:57 +0530] "GET /logout.php HTTP/1.1" 302 369 "-" "Mozilla/5.0 (compatible; bingbot/2.0; +http://www.bing.com/bingbot.htm)"
157.55.39.165 - - [13/Jun/2017:08:01:58 +0530] "GET /index.php HTTP/1.1" 200 19481 "-" "Mozilla/5.0 (compatible; bingbot/2.0; +http://www.bing.com/bingbot.htm)"
157.55.39.176 - - [13/Jun/2017:08:04:31 +0530] "GET /approved_projects.php?n=1 HTTP/1.1" 200 16643 "-" "Mozilla/5.0 (compatible; bingbot/2.0; +http://www.bing.com/bingbot.htm)"
202.46.51.12 - - [13/Jun/2017:08:05:52 +0530] "GET /project_details_view_report.php?id=1640 HTTP/1.1" 200 13258 "-" "Mozilla/5.0 (Windows NT 10.0; WOW64) AppleWebKit/537.36 (KHTML, like Gecko) Chrome/45.0.2454.93 Safari/537.36"
157.55.39.208 - - [13/Jun/2017:08:06:03 +0530] "GET /images/NCDMA%20PCN%20Format%2017072009.doc HTTP/1.1" 200 114176 "-" "Mozilla/5.0 (compatible; bingbot/2.0; +http://www.bing.com/bingbot.htm)"
54.173.165.103 - - [13/Jun/2017:08:07:46 +0530] "GET / HTTP/1.1" 200 19481 "-" "Mozilla/5.0 (X11; Linux x86_64) AppleWebKit/537.36 (KHTML, like Gecko) Chrome/43.0.2357.134 Safari/537.36 http://notifyninja.com/monitoring"
219.91.210.202 - - [13/Jun/2017:08:16:03 +0530] "GET /includes/ncdma.css HTTP/1.1" 200 13023 "https://www.google.co.in/search?safe=off&client=tablet-android-lenovo&ei=O1E_WfTDHMfmvATpwLCQDw&q=national+clean+development+mechanism+authority&oq=national+clean+dev&gs_l=mobile-gws-serp.1.0.0j0i22i30k1l3.162737.168209.0.169435.20.19.1.7.7.0.270.3671.0j9j9.18.0....0...1.1j4.64.mobile-gws-serp..3.17.2057.3..35i39k1j0i67k1j0i131i46k1j46i131k1.hSSr77rYDL0" "Mozilla/5.0 (Linux; Android 5.0.1; Lenovo TAB S8-50F Build/BMAIN) AppleWebKit/537.36 (KHTML, like Gecko) Chrome/58.0.3029.83 Safari/537.36"
