8.37.231.135 - - [13/Jun/2017:11:13:07 +0530] "GET /images/gtz.jpg HTTP/1.1" 200 15484 "http://www.cdmindia.gov.in/project_details_view.php?id=816" "UCWEB/2.0 (Java; U; MIDP-2.0; Nokia203/20.37) U2/1.0.0 UCBrowser/8.7.0.218 U2/1.0.0 Mobile"
8.37.231.135 - - [13/Jun/2017:11:13:07 +0530] "GET /images/img1.jpg HTTP/1.1" 304 - "http://www.cdmindia.gov.in/project_details_view.php?id=816" "UCWEB/2.0 (Java; U; MIDP-2.0; Nokia203/20.37) U2/1.0.0 UCBrowser/8.7.0.218 U2/1.0.0 Mobile"
8.37.231.135 - - [13/Jun/2017:11:13:07 +0530] "GET /images/img3.jpg HTTP/1.1" 200 26957 "http://www.cdmindia.gov.in/project_details_view.php?id=816" "UCWEB/2.0 (Java; U; MIDP-2.0; Nokia203/20.37) U2/1.0.0 UCBrowser/8.7.0.218 U2/1.0.0 Mobile"
74.78.137.31 - - [13/Jun/2017:11:13:21 +0530] "GET /detail_news.php?id=999999.9'+%2f**%2fuNiOn%2f**%2faLl+%2f**%2fsElEcT+1,2,%2f**%2fcOnCaT(0x217e21,%2f**%2fvErSiOn(),0x217e21),4,5+and+'0'='0 HTTP/1.1" 200 18133 "http://www.cdmindia.gov.in/detail_news.php?id=999999.9'+%2f**%2fuNiOn%2f**%2faLl+%2f**%2fsElEcT+1,2,%2f**%2fcOnCaT(0x217e21,%2f**%2fvErSiOn(),0x217e21),4,5+and+'0'='0" "Mozilla/5.0 (Windows; U; Windows NT 5.1; pt-PT; rv:1.9.1.2) Gecko/20090729 Firefox/3.5.2 (.NET CLR 3.5.30729)"
74.78.137.31 - - [13/Jun/2017:11:13:22 +0530] "GET /detail_news.php?id=999999.9'+%2f**%2fuNiOn%2f**%2faLl+%2f**%2fsElEcT+1,2,%2f**%2fcOnCaT(0x217e21,%2f**%2fvErSiOn(),0x217e21),4,5+and+'0'='0 HTTP/1.1" 200 18133 "http://www.cdmindia.gov.in/detail_news.php?id=999999.9'+%2f**%2fuNiOn%2f**%2faLl+%2f**%2fsElEcT+1,2,%2f**%2fcOnCaT(0x217e21,%2f**%2fvErSiOn(),0x217e21),4,5+and+'0'='0" "Mozilla/5.0 (Windows; U; Windows NT 5.1; pt-PT; rv:1.9.1.2) Gecko/20090729 Firefox/3.5.2 (.NET CLR 3.5.30729)"
74.78.137.31 - - [13/Jun/2017:11:13:23 +0530] "GET /detail_news.php?id=999999.9'+%2f**%2fuNiOn%2f**%2faLl+%2f**%2fsElEcT+1,2,(%2f**%2fsElEcT+%2f**%2fcOnCaT(0x217e21,count(t.%2f**%2ftAbLe_nAmE),0x217e21)+%2f**%2ffRoM+information_schema.%2f**%2fsChEmAtA+as+d+join+information_schema.%2f**%2ftAbLeS+as+t+on+t.%2f**%2ftAbLe_sChEmA+=+d.%2f**%2fsChEmA_NaMe+join+information_schema.%2f**%2fcOlUmNs+as+c+on+c.%2f**%2ftAbLe_sChEmA+=+d.%2f**%2fsChEmA_NaMe+and+c.%2f**%2ftAbLe_nAmE+=+t.%2f**%2ftAbLe_nAmE+%2f**%2fwHeRe+not+c.%2f**%2ftAbLe_sChEmA+in(0x696e666f726d6174696f6e5f736368656d61,0x6d7973716c)+and+d.%2f**%2fsChEmA_NaMe+=+%2f**%2fdAtAbAsE()+and+c.%2f**%2fcOlUmN_NaMe+like+0x257061737325),4,5+and+'0'='0 HTTP/1.1" 200 18128 "http://www.cdmindia.gov.in/detail_news.php?id=999999.9'+%2f**%2fuNiOn%2f**%2faLl+%2f**%2fsElEcT+1,2,(%2f**%2fsElEcT+%2f**%2fcOnCaT(0x217e21,count(t.%2f**%2ftAbLe_nAmE),0x217e21)+%2f**%2ffRoM+information_schema.%2f**%2fsChEmAtA+as+d+join+information_schema.%2f**%2ftAbLeS+as+t+on+t.%2f**%2ftAbLe_sChEmA+=+d.%2f**%2fsChEmA_NaMe+join+information_schema.%2f**%2fcOlUmNs+as+c+on+c.%2f**%2ftAbLe_sChEmA+=+d.%2f**%2fsChEmA_NaMe+and+c.%2f**%2ftAbLe_nAmE+=+t.%2f**%2ftAbLe_nAmE+%2f**%2fwHeRe+not+c.%2f**%2ftAbLe_sChEmA+in(0x696e666f726d6174696f6e5f736368656d61,0x6d7973716c)+and+d.%2f**%2fsChEmA_NaMe+=+%2f**%2fdAtAbAsE()+and+c.%2f**%2fcOlUmN_NaMe+like+0x257061737325),4,5+and+'0'='0" "Mozilla/5.0 (Windows; U; Windows NT 5.1; pt-PT; rv:1.9.1.2) Gecko/20090729 Firefox/3.5.2 (.NET CLR 3.5.30729)"
74.78.137.31 - - [13/Jun/2017:11:13:25 +0530] "GET /detail_news.php?id=999999.9'+%2f**%2fuNiOn%2f**%2faLl+%2f**%2fsElEcT+1,2,(%2f**%2fsElEcT+%2f**%2fcOnCaT(0x217e21,d.%2f**%2fsChEmA_NaMe,0x332150,t.%2f**%2ftAbLe_nAmE,0x217e21)+%2f**%2ffRoM+information_schema.%2f**%2fsChEmAtA+as+d+join+information_schema.%2f**%2ftAbLeS+as+t+on+t.%2f**%2ftAbLe_sChEmA+=+d.%2f**%2fsChEmA_NaMe+join+information_schema.%2f**%2fcOlUmNs+as+c+on+c.%2f**%2ftAbLe_sChEmA+=+d.%2f**%2fsChEmA_NaMe+and+c.%2f**%2ftAbLe_nAmE+=+t.%2f**%2ftAbLe_nAmE+%2f**%2fwHeRe+not+c.%2f**%2ftAbLe_sChEmA+in(0x696e666f726d6174696f6e5f736368656d61,0x6d7973716c)+and+d.%2f**%2fsChEmA_NaMe+=+%2f**%2fdAtAbAsE()+and+c.%2f**%2fcOlUmN_NaMe+like+0x257061737325+%2f**%2fgRoUp%2f**%2fbY+t.%2f**%2ftAbLe_nAmE+%2f**%2flImIt+0,1),4,5+and+'0'='0 HTTP/1.1" 200 18152 "http://www.cdmindia.gov.in/detail_news.php?id=999999.9'+%2f**%2fuNiOn%2f**%2faLl+%2f**%2fsElEcT+1,2,(%2f**%2fsElEcT+%2f**%2fcOnCaT(0x217e21,d.%2f**%2fsChEmA_NaMe,0x332150,t.%2f**%2ftAbLe_nAmE,0x217e21)+%2f**%2ffRoM+information_schema.%2f**%2fsChEmAtA+as+d+join+information_schema.%2f**%2ftAbLeS+as+t+on+t.%2f**%2ftAbLe_sChEmA+=+d.%2f**%2fsChEmA_NaMe+join+information_schema.%2f**%2fcOlUmNs+as+c+on+c.%2f**%2ftAbLe_sChEmA+=+d.%2f**%2fsChEmA_NaMe+and+c.%2f**%2ftAbLe_nAmE+=+t.%2f**%2ftAbLe_nAmE+%2f**%2fwHeRe+not+c.%2f**%2ftAbLe_sChEmA+in(0x696e666f726d6174696f6e5f736368656d61,0x6d7973716c)+and+d.%2f**%2fsChEmA_NaMe+=+%2f**%2fdAtAbAsE()+and+c.%2f**%2fcOlUmN_NaMe+like+0x257061737325+%2f**%2fgRoUp%2f**%2fbY+t.%2f**%2ftAbLe_nAmE+%2f**%2flImIt+0,1),4,5+and+'0'='0" "Mozilla/5.0 (Windows; U; Windows NT 5.1; pt-PT; rv:1.9.1.2) Gecko/20090729 Firefox/3.5.2 (.NET CLR 3.5.30729)"
74.78.137.31 - - [13/Jun/2017:11:13:27 +0530] "GET /detail_news.php?id=999999.9'+%2f**%2fuNiOn%2f**%2faLl+%2f**%2fsElEcT+1,2,(%2f**%2fsElEcT+%2f**%2fcOnCaT(0x217e21,count(*),0x217e21)+%2f**%2ffRoM+cdmindia.ministry_login),4,5+and+'0'='0 HTTP/1.1" 200 18129 "http://www.cdmindia.gov.in/detail_news.php?id=999999.9'+%2f**%2fuNiOn%2f**%2faLl+%2f**%2fsElEcT+1,2,(%2f**%2fsElEcT+%2f**%2fcOnCaT(0x217e21,count(*),0x217e21)+%2f**%2ffRoM+cdmindia.ministry_login),4,5+and+'0'='0" "Mozilla/5.0 (Windows; U; Windows NT 5.1; pt-PT; rv:1.9.1.2) Gecko/20090729 Firefox/3.5.2 (.NET CLR 3.5.30729)"
74.78.137.31 - - [13/Jun/2017:11:13:28 +0530] "GET /detail_news.php?id=999999.9'+%2f**%2fuNiOn%2f**%2faLl+%2f**%2fsElEcT+1,2,(%2f**%2fsElEcT+%2f**%2fcOnCaT(0x217e21,d.%2f**%2fsChEmA_NaMe,0x332150,t.%2f**%2ftAbLe_nAmE,0x217e21)+%2f**%2ffRoM+information_schema.%2f**%2fsChEmAtA+as+d+join+information_schema.%2f**%2ftAbLeS+as+t+on+t.%2f**%2ftAbLe_sChEmA+=+d.%2f**%2fsChEmA_NaMe+join+information_schema.%2f**%2fcOlUmNs+as+c+on+c.%2f**%2ftAbLe_sChEmA+=+d.%2f**%2fsChEmA_NaMe+and+c.%2f**%2ftAbLe_nAmE+=+t.%2f**%2ftAbLe_nAmE+%2f**%2fwHeRe+not+c.%2f**%2ftAbLe_sChEmA+in(0x696e666f726d6174696f6e5f736368656d61,0x6d7973716c)+and+d.%2f**%2fsChEmA_NaMe+=+%2f**%2fdAtAbAsE()+and+c.%2f**%2fcOlUmN_NaMe+like+0x257061737325+%2f**%2fgRoUp%2f**%2fbY+t.%2f**%2ftAbLe_nAmE+%2f**%2flImIt+1,1),4,5+and+'0'='0 HTTP/1.1" 200 18159 "http://www.cdmindia.gov.in/detail_news.php?id=999999.9'+%2f**%2fuNiOn%2f**%2faLl+%2f**%2fsElEcT+1,2,(%2f**%2fsElEcT+%2f**%2fcOnCaT(0x217e21,d.%2f**%2fsChEmA_NaMe,0x332150,t.%2f**%2ftAbLe_nAmE,0x217e21)+%2f**%2ffRoM+information_schema.%2f**%2fsChEmAtA+as+d+join+information_schema.%2f**%2ftAbLeS+as+t+on+t.%2f**%2ftAbLe_sChEmA+=+d.%2f**%2fsChEmA_NaMe+join+information_schema.%2f**%2fcOlUmNs+as+c+on+c.%2f**%2ftAbLe_sChEmA+=+d.%2f**%2fsChEmA_NaMe+and+c.%2f**%2ftAbLe_nAmE+=+t.%2f**%2ftAbLe_nAmE+%2f**%2fwHeRe+not+c.%2f**%2ftAbLe_sChEmA+in(0x696e666f726d6174696f6e5f736368656d61,0x6d7973716c)+and+d.%2f**%2fsChEmA_NaMe+=+%2f**%2fdAtAbAsE()+and+c.%2f**%2fcOlUmN_NaMe+like+0x257061737325+%2f**%2fgRoUp%2f**%2fbY+t.%2f**%2ftAbLe_nAmE+%2f**%2flImIt+1,1),4,5+and+'0'='0" "Mozilla/5.0 (Windows; U; Windows NT 5.1; pt-PT; rv:1.9.1.2) Gecko/20090729 Firefox/3.5.2 (.NET CLR 3.5.30729)"
74.78.137.31 - - [13/Jun/2017:11:13:30 +0530] "GET /detail_news.php?id=999999.9'+%2f**%2fuNiOn%2f**%2faLl+%2f**%2fsElEcT+1,2,(%2f**%2fsElEcT+%2f**%2fcOnCaT(0x217e21,count(*),0x217e21)+%2f**%2ffRoM+cdmindia.moe_user_registartion),4,5+and+'0'='0 HTTP/1.1" 200 18131 "http://www.cdmindia.gov.in/detail_news.php?id=999999.9'+%2f**%2fuNiOn%2f**%2faLl+%2f**%2fsElEcT+1,2,(%2f**%2fsElEcT+%2f**%2fcOnCaT(0x217e21,count(*),0x217e21)+%2f**%2ffRoM+cdmindia.moe_user_registartion),4,5+and+'0'='0" "Mozilla/5.0 (Windows; U; Windows NT 5.1; pt-PT; rv:1.9.1.2) Gecko/20090729 Firefox/3.5.2 (.NET CLR 3.5.30729)"
74.78.137.31 - - [13/Jun/2017:11:13:31 +0530] "GET /detail_news.php?id=999999.9'+%2f**%2fuNiOn%2f**%2faLl+%2f**%2fsElEcT+1,2,(%2f**%2fsElEcT+%2f**%2fcOnCaT(0x217e21,d.%2f**%2fsChEmA_NaMe,0x332150,t.%2f**%2ftAbLe_nAmE,0x217e21)+%2f**%2ffRoM+information_schema.%2f**%2fsChEmAtA+as+d+join+information_schema.%2f**%2ftAbLeS+as+t+on+t.%2f**%2ftAbLe_sChEmA+=+d.%2f**%2fsChEmA_NaMe+join+information_schema.%2f**%2fcOlUmNs+as+c+on+c.%2f**%2ftAbLe_sChEmA+=+d.%2f**%2fsChEmA_NaMe+and+c.%2f**%2ftAbLe_nAmE+=+t.%2f**%2ftAbLe_nAmE+%2f**%2fwHeRe+not+c.%2f**%2ftAbLe_sChEmA+in(0x696e666f726d6174696f6e5f736368656d61,0x6d7973716c)+and+d.%2f**%2fsChEmA_NaMe+=+%2f**%2fdAtAbAsE()+and+c.%2f**%2fcOlUmN_NaMe+like+0x257061737325+%2f**%2fgRoUp%2f**%2fbY+t.%2f**%2ftAbLe_nAmE+%2f**%2flImIt+2,1),4,5+and+'0'='0 HTTP/1.1" 200 18121 "http://www.cdmindia.gov.in/detail_news.php?id=999999.9'+%2f**%2fuNiOn%2f**%2faLl+%2f**%2fsElEcT+1,2,(%2f**%2fsElEcT+%2f**%2fcOnCaT(0x217e21,d.%2f**%2fsChEmA_NaMe,0x332150,t.%2f**%2ftAbLe_nAmE,0x217e21)+%2f**%2ffRoM+information_schema.%2f**%2fsChEmAtA+as+d+join+information_schema.%2f**%2ftAbLeS+as+t+on+t.%2f**%2ftAbLe_sChEmA+=+d.%2f**%2fsChEmA_NaMe+join+information_schema.%2f**%2fcOlUmNs+as+c+on+c.%2f**%2ftAbLe_sChEmA+=+d.%2f**%2fsChEmA_NaMe+and+c.%2f**%2ftAbLe_nAmE+=+t.%2f**%2ftAbLe_nAmE+%2f**%2fwHeRe+not+c.%2f**%2ftAbLe_sChEmA+in(0x696e666f726d6174696f6e5f736368656d61,0x6d7973716c)+and+d.%2f**%2fsChEmA_NaMe+=+%2f**%2fdAtAbAsE()+and+c.%2f**%2fcOlUmN_NaMe+like+0x257061737325+%2f**%2fgRoUp%2f**%2fbY+t.%2f**%2ftAbLe_nAmE+%2f**%2flImIt+2,1),4,5+and+'0'='0" "Mozilla/5.0 (Windows; U; Windows NT 5.1; pt-PT; rv:1.9.1.2) Gecko/20090729 Firefox/3.5.2 (.NET CLR 3.5.30729)"
117.201.0.93 - - [13/Jun/2017:11:16:52 +0530] "GET / HTTP/1.1" 200 19481 "http://envfor.nic.in/major-initiatives/environmental-clearances" "Mozilla/5.0 (Windows NT 6.1) AppleWebKit/537.36 (KHTML, like Gecko) Chrome/58.0.3029.110 Safari/537.36"
117.201.0.93 - - [13/Jun/2017:11:16:52 +0530] "GET /includes/ncdma.css HTTP/1.1" 200 13023 "http://www.cdmindia.gov.in/" "Mozilla/5.0 (Windows NT 6.1) AppleWebKit/537.36 (KHTML, like Gecko) Chrome/58.0.3029.110 Safari/537.36"
117.201.0.93 - - [13/Jun/2017:11:16:52 +0530] "GET /ncdma.css HTTP/1.1" 200 12640 "http://www.cdmindia.gov.in/" "Mozilla/5.0 (Windows NT 6.1) AppleWebKit/537.36 (KHTML, like Gecko) Chrome/58.0.3029.110 Safari/537.36"
117.201.0.93 - - [13/Jun/2017:11:16:52 +0530] "GET /js/base64_encode.js HTTP/1.1" 200 3002 "http://www.cdmindia.gov.in/" "Mozilla/5.0 (Windows NT 6.1) AppleWebKit/537.36 (KHTML, like Gecko) Chrome/58.0.3029.110 Safari/537.36"
117.201.0.93 - - [13/Jun/2017:11:16:52 +0530] "GET /Scripts/AC_RunActiveContent.js HTTP/1.1" 200 8321 "http://www.cdmindia.gov.in/" "Mozilla/5.0 (Windows NT 6.1) AppleWebKit/537.36 (KHTML, like Gecko) Chrome/58.0.3029.110 Safari/537.36"
117.201.0.93 - - [13/Jun/2017:11:16:52 +0530] "GET /js/md5.js HTTP/1.1" 200 13194 "http://www.cdmindia.gov.in/" "Mozilla/5.0 (Windows NT 6.1) AppleWebKit/537.36 (KHTML, like Gecko) Chrome/58.0.3029.110 Safari/537.36"
117.201.0.93 - - [13/Jun/2017:11:16:53 +0530] "GET /images/img2.jpg HTTP/1.1" 200 16276 "http://www.cdmindia.gov.in/" "Mozilla/5.0 (Windows NT 6.1) AppleWebKit/537.36 (KHTML, like Gecko) Chrome/58.0.3029.110 Safari/537.36"
117.201.0.93 - - [13/Jun/2017:11:16:53 +0530] "GET /images/img3.jpg HTTP/1.1" 200 26957 "http://www.cdmindia.gov.in/" "Mozilla/5.0 (Windows NT 6.1) AppleWebKit/537.36 (KHTML, like Gecko) Chrome/58.0.3029.110 Safari/537.36"
117.201.0.93 - - [13/Jun/2017:11:16:54 +0530] "GET /images/img1.jpg HTTP/1.1" 200 1251 "http://www.cdmindia.gov.in/" "Mozilla/5.0 (Windows NT 6.1) AppleWebKit/537.36 (KHTML, like Gecko) Chrome/58.0.3029.110 Safari/537.36"
117.201.0.93 - - [13/Jun/2017:11:16:54 +0530] "GET /images/login1.jpg HTTP/1.1" 200 618 "http://www.cdmindia.gov.in/" "Mozilla/5.0 (Windows NT 6.1) AppleWebKit/537.36 (KHTML, like Gecko) Chrome/58.0.3029.110 Safari/537.36"
117.201.0.93 - - [13/Jun/2017:11:16:54 +0530] "GET /images/fbg.jpg HTTP/1.1" 200 325 "http://www.cdmindia.gov.in/" "Mozilla/5.0 (Windows NT 6.1) AppleWebKit/537.36 (KHTML, like Gecko) Chrome/58.0.3029.110 Safari/537.36"
117.201.0.93 - - [13/Jun/2017:11:16:54 +0530] "GET /images/gtz.jpg HTTP/1.1" 200 15484 "http://www.cdmindia.gov.in/" "Mozilla/5.0 (Windows NT 6.1) AppleWebKit/537.36 (KHTML, like Gecko) Chrome/58.0.3029.110 Safari/537.36"
117.201.0.93 - - [13/Jun/2017:11:16:54 +0530] "GET /images/bullet3.gif HTTP/1.1" 200 58 "http://www.cdmindia.gov.in/" "Mozilla/5.0 (Windows NT 6.1) AppleWebKit/537.36 (KHTML, like Gecko) Chrome/58.0.3029.110 Safari/537.36"
117.201.0.93 - - [13/Jun/2017:11:16:54 +0530] "GET /images/login.jpg HTTP/1.1" 200 1044 "http://www.cdmindia.gov.in/" "Mozilla/5.0 (Windows NT 6.1) AppleWebKit/537.36 (KHTML, like Gecko) Chrome/58.0.3029.110 Safari/537.36"
117.201.0.93 - - [13/Jun/2017:11:16:54 +0530] "GET /images/fe.jpg HTTP/1.1" 200 1429 "http://www.cdmindia.gov.in/" "Mozilla/5.0 (Windows NT 6.1) AppleWebKit/537.36 (KHTML, like Gecko) Chrome/58.0.3029.110 Safari/537.36"
117.201.0.93 - - [13/Jun/2017:11:16:54 +0530] "GET /images/bullet4.gif HTTP/1.1" 200 67 "http://www.cdmindia.gov.in/" "Mozilla/5.0 (Windows NT 6.1) AppleWebKit/537.36 (KHTML, like Gecko) Chrome/58.0.3029.110 Safari/537.36"
117.201.0.93 - - [13/Jun/2017:11:16:55 +0530] "GET /images/bulllet2.gif HTTP/1.1" 200 58 "http://www.cdmindia.gov.in/" "Mozilla/5.0 (Windows NT 6.1) AppleWebKit/537.36 (KHTML, like Gecko) Chrome/58.0.3029.110 Safari/537.36"
117.201.0.93 - - [13/Jun/2017:11:16:55 +0530] "GET /images/spacer.gif HTTP/1.1" 200 43 "http://www.cdmindia.gov.in/" "Mozilla/5.0 (Windows NT 6.1) AppleWebKit/537.36 (KHTML, like Gecko) Chrome/58.0.3029.110 Safari/537.36"
117.201.0.93 - - [13/Jun/2017:11:16:55 +0530] "GET /images/bullet1.gif HTTP/1.1" 200 67 "http://www.cdmindia.gov.in/" "Mozilla/5.0 (Windows NT 6.1) AppleWebKit/537.36 (KHTML, like Gecko) Chrome/58.0.3029.110 Safari/537.36"
117.201.0.93 - - [13/Jun/2017:11:16:57 +0530] "GET /images/fdm.jpg HTTP/1.1" 200 2043 "http://www.cdmindia.gov.in/" "Mozilla/5.0 (Windows NT 6.1) AppleWebKit/537.36 (KHTML, like Gecko) Chrome/58.0.3029.110 Safari/537.36"
117.201.0.93 - - [13/Jun/2017:11:16:57 +0530] "GET /favicon.ico HTTP/1.1" 200 1189 "http://www.cdmindia.gov.in/" "Mozilla/5.0 (Windows NT 6.1) AppleWebKit/537.36 (KHTML, like Gecko) Chrome/58.0.3029.110 Safari/537.36"
117.201.0.93 - - [13/Jun/2017:11:17:37 +0530] "GET /news_more.php HTTP/1.1" 200 21062 "http://www.cdmindia.gov.in/" "Mozilla/5.0 (Windows NT 6.1) AppleWebKit/537.36 (KHTML, like Gecko) Chrome/58.0.3029.110 Safari/537.36"
117.201.0.93 - - [13/Jun/2017:11:17:38 +0530] "GET /images/h_news.jpg HTTP/1.1" 200 21315 "http://www.cdmindia.gov.in/news_more.php" "Mozilla/5.0 (Windows NT 6.1) AppleWebKit/537.36 (KHTML, like Gecko) Chrome/58.0.3029.110 Safari/537.36"
117.201.0.93 - - [13/Jun/2017:11:17:55 +0530] "GET /detail_news.php?id=11 HTTP/1.1" 200 18422 "http://www.cdmindia.gov.in/news_more.php" "Mozilla/5.0 (Windows NT 6.1) AppleWebKit/537.36 (KHTML, like Gecko) Chrome/58.0.3029.110 Safari/537.36"
185.2.32.101 - - [13/Jun/2017:11:19:04 +0530] "GET /project_details_view.php?id=2041'A=0 HTTP/1.1" 200 11451 "http://www.cdmindia.gov.in/project_details_view.php?id=2041'A=0" "Mozilla/5.0 (Windows; U; Windows NT 5.1; pt-PT; rv:1.9.1.2) Gecko/20090729 Firefox/3.5.2 (.NET CLR 3.5.30729)"
122.160.132.178 - - [13/Jun/2017:11:19:43 +0530] "GET /project_details_view.php?id=1926 HTTP/1.1" 200 15125 "https://www.google.co.in/" "Mozilla/5.0 (Windows NT 6.3; Win64; x64) AppleWebKit/537.36 (KHTML, like Gecko) Chrome/58.0.3029.110 Safari/537.36"
122.160.132.178 - - [13/Jun/2017:11:19:43 +0530] "GET /includes/ncdma.css HTTP/1.1" 200 13023 "http://www.cdmindia.gov.in/project_details_view.php?id=1926" "Mozilla/5.0 (Windows NT 6.3; Win64; x64) AppleWebKit/537.36 (KHTML, like Gecko) Chrome/58.0.3029.110 Safari/537.36"
122.160.132.178 - - [13/Jun/2017:11:19:43 +0530] "GET /ncdma.css HTTP/1.1" 200 12640 "http://www.cdmindia.gov.in/project_details_view.php?id=1926" "Mozilla/5.0 (Windows NT 6.3; Win64; x64) AppleWebKit/537.36 (KHTML, like Gecko) Chrome/58.0.3029.110 Safari/537.36"
122.160.132.178 - - [13/Jun/2017:11:19:43 +0530] "GET /Scripts/AC_RunActiveContent.js HTTP/1.1" 200 8321 "http://www.cdmindia.gov.in/project_details_view.php?id=1926" "Mozilla/5.0 (Windows NT 6.3; Win64; x64) AppleWebKit/537.36 (KHTML, like Gecko) Chrome/58.0.3029.110 Safari/537.36"
122.160.132.178 - - [13/Jun/2017:11:19:43 +0530] "GET /images/img2.jpg HTTP/1.1" 200 16276 "http://www.cdmindia.gov.in/project_details_view.php?id=1926" "Mozilla/5.0 (Windows NT 6.3; Win64; x64) AppleWebKit/537.36 (KHTML, like Gecko) Chrome/58.0.3029.110 Safari/537.36"
122.160.132.178 - - [13/Jun/2017:11:19:43 +0530] "GET /images/spacer.gif HTTP/1.1" 200 43 "http://www.cdmindia.gov.in/project_details_view.php?id=1926" "Mozilla/5.0 (Windows NT 6.3; Win64; x64) AppleWebKit/537.36 (KHTML, like Gecko) Chrome/58.0.3029.110 Safari/537.36"
122.160.132.178 - - [13/Jun/2017:11:19:43 +0530] "GET /images/bullet1.gif HTTP/1.1" 200 67 "http://www.cdmindia.gov.in/project_details_view.php?id=1926" "Mozilla/5.0 (Windows NT 6.3; Win64; x64) AppleWebKit/537.36 (KHTML, like Gecko) Chrome/58.0.3029.110 Safari/537.36"
122.160.132.178 - - [13/Jun/2017:11:19:43 +0530] "GET /images/bullet4.gif HTTP/1.1" 200 67 "http://www.cdmindia.gov.in/project_details_view.php?id=1926" "Mozilla/5.0 (Windows NT 6.3; Win64; x64) AppleWebKit/537.36 (KHTML, like Gecko) Chrome/58.0.3029.110 Safari/537.36"
122.160.132.178 - - [13/Jun/2017:11:19:43 +0530] "GET /images/bulllet2.gif HTTP/1.1" 200 58 "http://www.cdmindia.gov.in/project_details_view.php?id=1926" "Mozilla/5.0 (Windows NT 6.3; Win64; x64) AppleWebKit/537.36 (KHTML, like Gecko) Chrome/58.0.3029.110 Safari/537.36"
122.160.132.178 - - [13/Jun/2017:11:19:43 +0530] "GET /images/img3.jpg HTTP/1.1" 200 26957 "http://www.cdmindia.gov.in/project_details_view.php?id=1926" "Mozilla/5.0 (Windows NT 6.3; Win64; x64) AppleWebKit/537.36 (KHTML, like Gecko) Chrome/58.0.3029.110 Safari/537.36"
122.160.132.178 - - [13/Jun/2017:11:19:43 +0530] "GET /images/fdm.jpg HTTP/1.1" 200 2043 "http://www.cdmindia.gov.in/project_details_view.php?id=1926" "Mozilla/5.0 (Windows NT 6.3; Win64; x64) AppleWebKit/537.36 (KHTML, like Gecko) Chrome/58.0.3029.110 Safari/537.36"
122.160.132.178 - - [13/Jun/2017:11:19:43 +0530] "GET /images/img1.jpg HTTP/1.1" 200 1251 "http://www.cdmindia.gov.in/project_details_view.php?id=1926" "Mozilla/5.0 (Windows NT 6.3; Win64; x64) AppleWebKit/537.36 (KHTML, like Gecko) Chrome/58.0.3029.110 Safari/537.36"
122.160.132.178 - - [13/Jun/2017:11:19:43 +0530] "GET /images/gtz.jpg HTTP/1.1" 200 15484 "http://www.cdmindia.gov.in/project_details_view.php?id=1926" "Mozilla/5.0 (Windows NT 6.3; Win64; x64) AppleWebKit/537.36 (KHTML, like Gecko) Chrome/58.0.3029.110 Safari/537.36"
122.160.132.178 - - [13/Jun/2017:11:19:43 +0530] "GET /images/fbg.jpg HTTP/1.1" 200 325 "http://www.cdmindia.gov.in/project_details_view.php?id=1926" "Mozilla/5.0 (Windows NT 6.3; Win64; x64) AppleWebKit/537.36 (KHTML, like Gecko) Chrome/58.0.3029.110 Safari/537.36"
122.160.132.178 - - [13/Jun/2017:11:19:44 +0530] "GET /favicon.ico HTTP/1.1" 200 1189 "http://www.cdmindia.gov.in/project_details_view.php?id=1926" "Mozilla/5.0 (Windows NT 6.3; Win64; x64) AppleWebKit/537.36 (KHTML, like Gecko) Chrome/58.0.3029.110 Safari/537.36"
111.93.251.186 - - [13/Jun/2017:11:21:38 +0530] "GET /Approved_proj_reports_list_details.php?id=1&reporttype=1&scale=&sdt=2005-01-01&edt=2017-05-29&exec=&page=80 HTTP/1.1" 200 17618 "http://www.cdmindia.gov.in/Approved_proj_reports_list_details.php?id=1&reporttype=1&scale=&sdt=2005-01-01&edt=2017-05-29&exec=&page=79" "Mozilla/5.0 (Windows NT 10.0; Win64; x64) AppleWebKit/537.36 (KHTML, like Gecko) Chrome/58.0.3029.110 Safari/537.36"
111.93.251.186 - - [13/Jun/2017:11:21:44 +0530] "GET /project_details_view.php?id=282&oid=1&page=80&reporttype=1 HTTP/1.1" 200 14652 "http://www.cdmindia.gov.in/Approved_proj_reports_list_details.php?id=1&reporttype=1&scale=&sdt=2005-01-01&edt=2017-05-29&exec=&page=80" "Mozilla/5.0 (Windows NT 10.0; Win64; x64) AppleWebKit/537.36 (KHTML, like Gecko) Chrome/58.0.3029.110 Safari/537.36"
111.93.251.186 - - [13/Jun/2017:11:22:51 +0530] "GET /Approved_proj_reports_list_details.php?id=1&reporttype=1&scale=&sdt=2005-01-01&edt=2017-05-29&exec=&page=80 HTTP/1.1" 200 17618 "http://www.cdmindia.gov.in/Approved_proj_reports_list_details.php?id=1&reporttype=1&scale=&sdt=2005-01-01&edt=2017-05-29&exec=&page=79" "Mozilla/5.0 (Windows NT 10.0; Win64; x64) AppleWebKit/537.36 (KHTML, like Gecko) Chrome/58.0.3029.110 Safari/537.36"
111.93.251.186 - - [13/Jun/2017:11:22:56 +0530] "GET /project_details_view.php?id=281&oid=1&page=80&reporttype=1 HTTP/1.1" 200 14587 "http://www.cdmindia.gov.in/Approved_proj_reports_list_details.php?id=1&reporttype=1&scale=&sdt=2005-01-01&edt=2017-05-29&exec=&page=80" "Mozilla/5.0 (Windows NT 10.0; Win64; x64) AppleWebKit/537.36 (KHTML, like Gecko) Chrome/58.0.3029.110 Safari/537.36"
111.93.251.186 - - [13/Jun/2017:11:23:35 +0530] "GET /Approved_proj_reports_list_details.php?id=1&reporttype=1&scale=&sdt=2005-01-01&edt=2017-05-29&exec=&page=80 HTTP/1.1" 200 17618 "http://www.cdmindia.gov.in/Approved_proj_reports_list_details.php?id=1&reporttype=1&scale=&sdt=2005-01-01&edt=2017-05-29&exec=&page=79" "Mozilla/5.0 (Windows NT 10.0; Win64; x64) AppleWebKit/537.36 (KHTML, like Gecko) Chrome/58.0.3029.110 Safari/537.36"
168.235.201.16 - - [13/Jun/2017:11:23:39 +0530] "GET /project_details_view.php?id=1424 HTTP/1.1" 200 15631 "http://www.google.co.in/search?site=webhp&ei=tXs_WZGGMsTdvgST_pPwDA&q=suzlon+ratlam+plant&oq=suzlon+ratlam+&gs_l=mobile-gws-serp.1.2.41j0l3j0i22i30k1.338684.339253.0.341975.4.4.0.0.0.0.282.927.0j1j3.4.0....0...1.1.64.mobile-gws-serp..2.2.397...33i160k1.V8zr7tEtxYg" "Mozilla/5.0 (Linux; U; Android 6.0.1; en-US; Redmi Note 3 Build/MMB29M) AppleWebKit/534.30 (KHTML, like Gecko) Version/4.0 UCBrowser/11.2.0.915 U3/0.8.0 Mobile Safari/534.30"
168.235.201.16 - - [13/Jun/2017:11:23:40 +0530] "GET /ncdma.css HTTP/1.1" 304 - "http://www.cdmindia.gov.in/project_details_view.php?id=1424" "Mozilla/5.0 (Linux; U; Android 6.0.1; en-US; Redmi Note 3 Build/MMB29M) AppleWebKit/534.30 (KHTML, like Gecko) Version/4.0 UCBrowser/11.2.0.915 U3/0.8.0 Mobile Safari/534.30"
168.235.201.16 - - [13/Jun/2017:11:23:40 +0530] "GET /images/bullet4.gif HTTP/1.1" 304 - "http://www.cdmindia.gov.in/project_details_view.php?id=1424" "Mozilla/5.0 (Linux; U; Android 6.0.1; en-US; Redmi Note 3 Build/MMB29M) AppleWebKit/534.30 (KHTML, like Gecko) Version/4.0 UCBrowser/11.2.0.915 U3/0.8.0 Mobile Safari/534.30"
168.235.201.16 - - [13/Jun/2017:11:23:40 +0530] "GET /includes/ncdma.css HTTP/1.1" 304 - "http://www.cdmindia.gov.in/project_details_view.php?id=1424" "Mozilla/5.0 (Linux; U; Android 6.0.1; en-US; Redmi Note 3 Build/MMB29M) AppleWebKit/534.30 (KHTML, like Gecko) Version/4.0 UCBrowser/11.2.0.915 U3/0.8.0 Mobile Safari/534.30"
168.235.201.16 - - [13/Jun/2017:11:23:40 +0530] "GET /images/bulllet2.gif HTTP/1.1" 304 - "http://www.cdmindia.gov.in/project_details_view.php?id=1424" "Mozilla/5.0 (Linux; U; Android 6.0.1; en-US; Redmi Note 3 Build/MMB29M) AppleWebKit/534.30 (KHTML, like Gecko) Version/4.0 UCBrowser/11.2.0.915 U3/0.8.0 Mobile Safari/534.30"
168.235.201.16 - - [13/Jun/2017:11:23:40 +0530] "GET /images/spacer.gif HTTP/1.1" 304 - "http://www.cdmindia.gov.in/project_details_view.php?id=1424" "Mozilla/5.0 (Linux; U; Android 6.0.1; en-US; Redmi Note 3 Build/MMB29M) AppleWebKit/534.30 (KHTML, like Gecko) Version/4.0 UCBrowser/11.2.0.915 U3/0.8.0 Mobile Safari/534.30"
168.235.201.16 - - [13/Jun/2017:11:23:40 +0530] "GET /Scripts/AC_RunActiveContent.js HTTP/1.1" 304 - "http://www.cdmindia.gov.in/project_details_view.php?id=1424" "Mozilla/5.0 (Linux; U; Android 6.0.1; en-US; Redmi Note 3 Build/MMB29M) AppleWebKit/534.30 (KHTML, like Gecko) Version/4.0 UCBrowser/11.2.0.915 U3/0.8.0 Mobile Safari/534.30"
168.235.201.16 - - [13/Jun/2017:11:23:40 +0530] "GET /images/bullet1.gif HTTP/1.1" 304 - "http://www.cdmindia.gov.in/project_details_view.php?id=1424" "Mozilla/5.0 (Linux; U; Android 6.0.1; en-US; Redmi Note 3 Build/MMB29M) AppleWebKit/534.30 (KHTML, like Gecko) Version/4.0 UCBrowser/11.2.0.915 U3/0.8.0 Mobile Safari/534.30"
111.93.251.186 - - [13/Jun/2017:11:23:41 +0530] "GET /project_details_view.php?id=279&oid=1&page=80&reporttype=1 HTTP/1.1" 200 14652 "http://www.cdmindia.gov.in/Approved_proj_reports_list_details.php?id=1&reporttype=1&scale=&sdt=2005-01-01&edt=2017-05-29&exec=&page=80" "Mozilla/5.0 (Windows NT 10.0; Win64; x64) AppleWebKit/537.36 (KHTML, like Gecko) Chrome/58.0.3029.110 Safari/537.36"
168.235.201.16 - - [13/Jun/2017:11:23:41 +0530] "GET /images/favicon.ico HTTP/1.1" 304 - "http://www.cdmindia.gov.in/project_details_view.php?id=1424" "Mozilla/5.0 (Linux; U; Android 6.0.1; en-US; Redmi Note 3 Build/MMB29M) AppleWebKit/534.30 (KHTML, like Gecko) Version/4.0 UCBrowser/11.2.0.915 U3/0.8.0 Mobile Safari/534.30"
35.184.189.105 - - [13/Jun/2017:11:23:54 +0530] "GET /robots.txt HTTP/1.1" 404 208 "-" "ltx71 - (http://ltx71.com/)"
117.212.212.135 - - [13/Jun/2017:11:23:56 +0530] "GET /reports_list_details.php?id=1&reporttype=1&page=124 HTTP/1.1" 200 22461 "https://www.google.co.in/" "Mozilla/5.0 (Windows NT 6.1) AppleWebKit/537.36 (KHTML, like Gecko) Chrome/58.0.3029.110 Safari/537.36"
117.212.212.135 - - [13/Jun/2017:11:23:57 +0530] "GET /includes/ncdma.css HTTP/1.1" 200 13023 "http://www.cdmindia.gov.in/reports_list_details.php?id=1&reporttype=1&page=124" "Mozilla/5.0 (Windows NT 6.1) AppleWebKit/537.36 (KHTML, like Gecko) Chrome/58.0.3029.110 Safari/537.36"
117.212.212.135 - - [13/Jun/2017:11:23:57 +0530] "GET /ncdma.css HTTP/1.1" 200 12640 "http://www.cdmindia.gov.in/reports_list_details.php?id=1&reporttype=1&page=124" "Mozilla/5.0 (Windows NT 6.1) AppleWebKit/537.36 (KHTML, like Gecko) Chrome/58.0.3029.110 Safari/537.36"
117.212.212.135 - - [13/Jun/2017:11:23:57 +0530] "GET /Scripts/AC_RunActiveContent.js HTTP/1.1" 200 8321 "http://www.cdmindia.gov.in/reports_list_details.php?id=1&reporttype=1&page=124" "Mozilla/5.0 (Windows NT 6.1) AppleWebKit/537.36 (KHTML, like Gecko) Chrome/58.0.3029.110 Safari/537.36"
117.212.212.135 - - [13/Jun/2017:11:23:57 +0530] "GET /js/user_registration.js HTTP/1.1" 200 26819 "http://www.cdmindia.gov.in/reports_list_details.php?id=1&reporttype=1&page=124" "Mozilla/5.0 (Windows NT 6.1) AppleWebKit/537.36 (KHTML, like Gecko) Chrome/58.0.3029.110 Safari/537.36"
117.212.212.135 - - [13/Jun/2017:11:23:58 +0530] "GET /images/fdm.jpg HTTP/1.1" 200 2043 "http://www.cdmindia.gov.in/reports_list_details.php?id=1&reporttype=1&page=124" "Mozilla/5.0 (Windows NT 6.1) AppleWebKit/537.36 (KHTML, like Gecko) Chrome/58.0.3029.110 Safari/537.36"
117.212.212.135 - - [13/Jun/2017:11:23:58 +0530] "GET /images/img1.jpg HTTP/1.1" 200 1251 "http://www.cdmindia.gov.in/reports_list_details.php?id=1&reporttype=1&page=124" "Mozilla/5.0 (Windows NT 6.1) AppleWebKit/537.36 (KHTML, like Gecko) Chrome/58.0.3029.110 Safari/537.36"
117.212.212.135 - - [13/Jun/2017:11:23:58 +0530] "GET /images/spacer.gif HTTP/1.1" 200 43 "http://www.cdmindia.gov.in/reports_list_details.php?id=1&reporttype=1&page=124" "Mozilla/5.0 (Windows NT 6.1) AppleWebKit/537.36 (KHTML, like Gecko) Chrome/58.0.3029.110 Safari/537.36"
117.212.212.135 - - [13/Jun/2017:11:23:58 +0530] "GET /images/img3.jpg HTTP/1.1" 200 26957 "http://www.cdmindia.gov.in/reports_list_details.php?id=1&reporttype=1&page=124" "Mozilla/5.0 (Windows NT 6.1) AppleWebKit/537.36 (KHTML, like Gecko) Chrome/58.0.3029.110 Safari/537.36"
117.212.212.135 - - [13/Jun/2017:11:23:58 +0530] "GET /images/bulllet2.gif HTTP/1.1" 200 58 "http://www.cdmindia.gov.in/reports_list_details.php?id=1&reporttype=1&page=124" "Mozilla/5.0 (Windows NT 6.1) AppleWebKit/537.36 (KHTML, like Gecko) Chrome/58.0.3029.110 Safari/537.36"
117.212.212.135 - - [13/Jun/2017:11:23:58 +0530] "GET /images/bullet1.gif HTTP/1.1" 200 67 "http://www.cdmindia.gov.in/reports_list_details.php?id=1&reporttype=1&page=124" "Mozilla/5.0 (Windows NT 6.1) AppleWebKit/537.36 (KHTML, like Gecko) Chrome/58.0.3029.110 Safari/537.36"
117.212.212.135 - - [13/Jun/2017:11:23:58 +0530] "GET /images/img2.jpg HTTP/1.1" 200 16276 "http://www.cdmindia.gov.in/reports_list_details.php?id=1&reporttype=1&page=124" "Mozilla/5.0 (Windows NT 6.1) AppleWebKit/537.36 (KHTML, like Gecko) Chrome/58.0.3029.110 Safari/537.36"
117.212.212.135 - - [13/Jun/2017:11:23:58 +0530] "GET /images/bullet4.gif HTTP/1.1" 200 67 "http://www.cdmindia.gov.in/reports_list_details.php?id=1&reporttype=1&page=124" "Mozilla/5.0 (Windows NT 6.1) AppleWebKit/537.36 (KHTML, like Gecko) Chrome/58.0.3029.110 Safari/537.36"
117.212.212.135 - - [13/Jun/2017:11:23:58 +0530] "GET /images/gtz.jpg HTTP/1.1" 200 15484 "http://www.cdmindia.gov.in/reports_list_details.php?id=1&reporttype=1&page=124" "Mozilla/5.0 (Windows NT 6.1) AppleWebKit/537.36 (KHTML, like Gecko) Chrome/58.0.3029.110 Safari/537.36"
117.212.212.135 - - [13/Jun/2017:11:23:59 +0530] "GET /images/fbg.jpg HTTP/1.1" 200 325 "http://www.cdmindia.gov.in/reports_list_details.php?id=1&reporttype=1&page=124" "Mozilla/5.0 (Windows NT 6.1) AppleWebKit/537.36 (KHTML, like Gecko) Chrome/58.0.3029.110 Safari/537.36"
117.212.212.135 - - [13/Jun/2017:11:23:59 +0530] "GET /favicon.ico HTTP/1.1" 200 1189 "http://www.cdmindia.gov.in/reports_list_details.php?id=1&reporttype=1&page=124" "Mozilla/5.0 (Windows NT 6.1) AppleWebKit/537.36 (KHTML, like Gecko) Chrome/58.0.3029.110 Safari/537.36"
111.93.251.186 - - [13/Jun/2017:11:24:19 +0530] "GET /Approved_proj_reports_list_details.php?id=1&reporttype=1&scale=&sdt=2005-01-01&edt=2017-05-29&exec=&page=80 HTTP/1.1" 200 17618 "http://www.cdmindia.gov.in/Approved_proj_reports_list_details.php?id=1&reporttype=1&scale=&sdt=2005-01-01&edt=2017-05-29&exec=&page=79" "Mozilla/5.0 (Windows NT 10.0; Win64; x64) AppleWebKit/537.36 (KHTML, like Gecko) Chrome/58.0.3029.110 Safari/537.36"
111.93.251.186 - - [13/Jun/2017:11:24:24 +0530] "GET /project_details_view.php?id=276&oid=1&page=80&reporttype=1 HTTP/1.1" 200 14561 "http://www.cdmindia.gov.in/Approved_proj_reports_list_details.php?id=1&reporttype=1&scale=&sdt=2005-01-01&edt=2017-05-29&exec=&page=80" "Mozilla/5.0 (Windows NT 10.0; Win64; x64) AppleWebKit/537.36 (KHTML, like Gecko) Chrome/58.0.3029.110 Safari/537.36"
117.212.212.135 - - [13/Jun/2017:11:24:41 +0530] "GET /reports_list_details.php?id=1&reporttype=1&page=125 HTTP/1.1" 200 22095 "http://www.cdmindia.gov.in/reports_list_details.php?id=1&reporttype=1&page=124" "Mozilla/5.0 (Windows NT 6.1) AppleWebKit/537.36 (KHTML, like Gecko) Chrome/58.0.3029.110 Safari/537.36"
117.212.212.135 - - [13/Jun/2017:11:24:54 +0530] "GET /reports_list_details.php?id=1&reporttype=1&page=126 HTTP/1.1" 200 22110 "http://www.cdmindia.gov.in/reports_list_details.php?id=1&reporttype=1&page=125" "Mozilla/5.0 (Windows NT 6.1) AppleWebKit/537.36 (KHTML, like Gecko) Chrome/58.0.3029.110 Safari/537.36"
111.93.251.186 - - [13/Jun/2017:11:24:56 +0530] "GET /Approved_proj_reports_list_details.php?id=1&reporttype=1&scale=&sdt=2005-01-01&edt=2017-05-29&exec=&page=80 HTTP/1.1" 200 17618 "http://www.cdmindia.gov.in/Approved_proj_reports_list_details.php?id=1&reporttype=1&scale=&sdt=2005-01-01&edt=2017-05-29&exec=&page=79" "Mozilla/5.0 (Windows NT 10.0; Win64; x64) AppleWebKit/537.36 (KHTML, like Gecko) Chrome/58.0.3029.110 Safari/537.36"
111.93.251.186 - - [13/Jun/2017:11:25:01 +0530] "GET /project_details_view.php?id=274&oid=1&page=80&reporttype=1 HTTP/1.1" 200 14851 "http://www.cdmindia.gov.in/Approved_proj_reports_list_details.php?id=1&reporttype=1&scale=&sdt=2005-01-01&edt=2017-05-29&exec=&page=80" "Mozilla/5.0 (Windows NT 10.0; Win64; x64) AppleWebKit/537.36 (KHTML, like Gecko) Chrome/58.0.3029.110 Safari/537.36"
117.212.212.135 - - [13/Jun/2017:11:25:04 +0530] "GET /reports_list_details.php?id=1&reporttype=1&page=127 HTTP/1.1" 200 22290 "http://www.cdmindia.gov.in/reports_list_details.php?id=1&reporttype=1&page=126" "Mozilla/5.0 (Windows NT 6.1) AppleWebKit/537.36 (KHTML, like Gecko) Chrome/58.0.3029.110 Safari/537.36"
117.212.212.135 - - [13/Jun/2017:11:25:09 +0530] "GET /reports_list_details.php?id=1&reporttype=1&page=128 HTTP/1.1" 200 21782 "http://www.cdmindia.gov.in/reports_list_details.php?id=1&reporttype=1&page=127" "Mozilla/5.0 (Windows NT 6.1) AppleWebKit/537.36 (KHTML, like Gecko) Chrome/58.0.3029.110 Safari/537.36"
117.212.212.135 - - [13/Jun/2017:11:25:14 +0530] "GET /reports_list_details.php?id=1&reporttype=1&page=129 HTTP/1.1" 200 21978 "http://www.cdmindia.gov.in/reports_list_details.php?id=1&reporttype=1&page=128" "Mozilla/5.0 (Windows NT 6.1) AppleWebKit/537.36 (KHTML, like Gecko) Chrome/58.0.3029.110 Safari/537.36"
117.212.212.135 - - [13/Jun/2017:11:25:19 +0530] "GET /reports_list_details.php?id=1&reporttype=1&page=128 HTTP/1.1" 200 21782 "http://www.cdmindia.gov.in/reports_list_details.php?id=1&reporttype=1&page=127" "Mozilla/5.0 (Windows NT 6.1) AppleWebKit/537.36 (KHTML, like Gecko) Chrome/58.0.3029.110 Safari/537.36"
117.212.212.135 - - [13/Jun/2017:11:25:36 +0530] "GET /reports_list_details.php?id=1&reporttype=1&page=129 HTTP/1.1" 200 21978 "http://www.cdmindia.gov.in/reports_list_details.php?id=1&reporttype=1&page=128" "Mozilla/5.0 (Windows NT 6.1) AppleWebKit/537.36 (KHTML, like Gecko) Chrome/58.0.3029.110 Safari/537.36"
117.212.212.135 - - [13/Jun/2017:11:25:40 +0530] "GET /reports_list_details.php?id=1&reporttype=1&page=130 HTTP/1.1" 200 21998 "http://www.cdmindia.gov.in/reports_list_details.php?id=1&reporttype=1&page=129" "Mozilla/5.0 (Windows NT 6.1) AppleWebKit/537.36 (KHTML, like Gecko) Chrome/58.0.3029.110 Safari/537.36"
111.93.251.186 - - [13/Jun/2017:11:25:48 +0530] "GET /Approved_proj_reports_list_details.php?id=1&reporttype=1&scale=&sdt=2005-01-01&edt=2017-05-29&exec=&page=80 HTTP/1.1" 200 17618 "http://www.cdmindia.gov.in/Approved_proj_reports_list_details.php?id=1&reporttype=1&scale=&sdt=2005-01-01&edt=2017-05-29&exec=&page=79" "Mozilla/5.0 (Windows NT 10.0; Win64; x64) AppleWebKit/537.36 (KHTML, like Gecko) Chrome/58.0.3029.110 Safari/537.36"
111.93.251.186 - - [13/Jun/2017:11:25:52 +0530] "GET /project_details_view.php?id=273&oid=1&page=80&reporttype=1 HTTP/1.1" 200 13972 "http://www.cdmindia.gov.in/Approved_proj_reports_list_details.php?id=1&reporttype=1&scale=&sdt=2005-01-01&edt=2017-05-29&exec=&page=80" "Mozilla/5.0 (Windows NT 10.0; Win64; x64) AppleWebKit/537.36 (KHTML, like Gecko) Chrome/58.0.3029.110 Safari/537.36"
117.212.212.135 - - [13/Jun/2017:11:26:03 +0530] "GET /reports_list_details.php?id=1&reporttype=1&page=129 HTTP/1.1" 200 21978 "http://www.cdmindia.gov.in/reports_list_details.php?id=1&reporttype=1&page=128" "Mozilla/5.0 (Windows NT 6.1) AppleWebKit/537.36 (KHTML, like Gecko) Chrome/58.0.3029.110 Safari/537.36"
111.93.251.186 - - [13/Jun/2017:11:27:01 +0530] "GET /Approved_proj_reports_list_details.php?id=1&reporttype=1&scale=&sdt=2005-01-01&edt=2017-05-29&exec=&page=80 HTTP/1.1" 200 17618 "http://www.cdmindia.gov.in/Approved_proj_reports_list_details.php?id=1&reporttype=1&scale=&sdt=2005-01-01&edt=2017-05-29&exec=&page=79" "Mozilla/5.0 (Windows NT 10.0; Win64; x64) AppleWebKit/537.36 (KHTML, like Gecko) Chrome/58.0.3029.110 Safari/537.36"
111.93.251.186 - - [13/Jun/2017:11:27:06 +0530] "GET /project_details_view.php?id=270&oid=1&page=80&reporttype=1 HTTP/1.1" 200 14136 "http://www.cdmindia.gov.in/Approved_proj_reports_list_details.php?id=1&reporttype=1&scale=&sdt=2005-01-01&edt=2017-05-29&exec=&page=80" "Mozilla/5.0 (Windows NT 10.0; Win64; x64) AppleWebKit/537.36 (KHTML, like Gecko) Chrome/58.0.3029.110 Safari/537.36"
111.93.251.186 - - [13/Jun/2017:11:27:42 +0530] "GET /Approved_proj_reports_list_details.php?id=1&reporttype=1&scale=&sdt=2005-01-01&edt=2017-05-29&exec=&page=80 HTTP/1.1" 200 17618 "http://www.cdmindia.gov.in/Approved_proj_reports_list_details.php?id=1&reporttype=1&scale=&sdt=2005-01-01&edt=2017-05-29&exec=&page=79" "Mozilla/5.0 (Windows NT 10.0; Win64; x64) AppleWebKit/537.36 (KHTML, like Gecko) Chrome/58.0.3029.110 Safari/537.36"
111.93.251.186 - - [13/Jun/2017:11:27:46 +0530] "GET /project_details_view.php?id=268&oid=1&page=80&reporttype=1 HTTP/1.1" 200 14069 "http://www.cdmindia.gov.in/Approved_proj_reports_list_details.php?id=1&reporttype=1&scale=&sdt=2005-01-01&edt=2017-05-29&exec=&page=80" "Mozilla/5.0 (Windows NT 10.0; Win64; x64) AppleWebKit/537.36 (KHTML, like Gecko) Chrome/58.0.3029.110 Safari/537.36"
157.55.39.208 - - [13/Jun/2017:11:28:15 +0530] "GET /project_details_view.php?id=913 HTTP/1.1" 200 14593 "-" "Mozilla/5.0 (compatible; bingbot/2.0; +http://www.bing.com/bingbot.htm)"
111.93.251.186 - - [13/Jun/2017:11:28:40 +0530] "GET /Approved_proj_reports_list_details.php?id=1&reporttype=1&scale=&sdt=2005-01-01&edt=2017-05-29&exec=&page=80 HTTP/1.1" 200 17618 "http://www.cdmindia.gov.in/Approved_proj_reports_list_details.php?id=1&reporttype=1&scale=&sdt=2005-01-01&edt=2017-05-29&exec=&page=79" "Mozilla/5.0 (Windows NT 10.0; Win64; x64) AppleWebKit/537.36 (KHTML, like Gecko) Chrome/58.0.3029.110 Safari/537.36"
111.93.251.186 - - [13/Jun/2017:11:28:44 +0530] "GET /project_details_view.php?id=267&oid=1&page=80&reporttype=1 HTTP/1.1" 200 14206 "http://www.cdmindia.gov.in/Approved_proj_reports_list_details.php?id=1&reporttype=1&scale=&sdt=2005-01-01&edt=2017-05-29&exec=&page=80" "Mozilla/5.0 (Windows NT 10.0; Win64; x64) AppleWebKit/537.36 (KHTML, like Gecko) Chrome/58.0.3029.110 Safari/537.36"
66.102.6.113 - - [13/Jun/2017:11:29:03 +0530] "GET /project_details_view.php?id=426 HTTP/1.1" 200 14092 "https://www.google.co.in/" "Mozilla/5.0 (Linux; Android 4.2.1; en-us; Nexus 5 Build/JOP40D) AppleWebKit/535.19 (KHTML, like Gecko; googleweblight) Chrome/38.0.1025.166 Mobile Safari/535.19"
66.102.6.111 - - [13/Jun/2017:11:29:03 +0530] "GET /images/fdm.jpg HTTP/1.1" 200 2043 "http://www.cdmindia.gov.in/project_details_view.php?id=426" "Mozilla/5.0 (Linux; Android 4.2.1; en-us; Nexus 5 Build/JOP40D) AppleWebKit/535.19 (KHTML, like Gecko; googleweblight) Chrome/38.0.1025.166 Mobile Safari/535.19"
66.102.6.113 - - [13/Jun/2017:11:29:04 +0530] "GET /images/bullet4.gif HTTP/1.1" 200 67 "http://www.cdmindia.gov.in/project_details_view.php?id=426" "Mozilla/5.0 (Linux; Android 4.2.1; en-us; Nexus 5 Build/JOP40D) AppleWebKit/535.19 (KHTML, like Gecko; googleweblight) Chrome/38.0.1025.166 Mobile Safari/535.19"
66.102.6.111 - - [13/Jun/2017:11:29:04 +0530] "GET /images/bullet1.gif HTTP/1.1" 200 67 "http://www.cdmindia.gov.in/project_details_view.php?id=426" "Mozilla/5.0 (Linux; Android 4.2.1; en-us; Nexus 5 Build/JOP40D) AppleWebKit/535.19 (KHTML, like Gecko; googleweblight) Chrome/38.0.1025.166 Mobile Safari/535.19"
66.102.6.115 - - [13/Jun/2017:11:29:04 +0530] "GET /images/gtz.jpg HTTP/1.1" 200 15484 "http://www.cdmindia.gov.in/project_details_view.php?id=426" "Mozilla/5.0 (Linux; Android 4.2.1; en-us; Nexus 5 Build/JOP40D) AppleWebKit/535.19 (KHTML, like Gecko; googleweblight) Chrome/38.0.1025.166 Mobile Safari/535.19"
66.102.6.113 - - [13/Jun/2017:11:29:04 +0530] "GET /Scripts/AC_RunActiveContent.js HTTP/1.1" 200 8321 "http://www.cdmindia.gov.in/project_details_view.php?id=426" "Mozilla/5.0 (Linux; Android 4.2.1; en-us; Nexus 5 Build/JOP40D) AppleWebKit/535.19 (KHTML, like Gecko; googleweblight) Chrome/38.0.1025.166 Mobile Safari/535.19"
66.102.6.115 - - [13/Jun/2017:11:29:04 +0530] "GET /images/spacer.gif HTTP/1.1" 200 43 "http://www.cdmindia.gov.in/project_details_view.php?id=426" "Mozilla/5.0 (Linux; Android 4.2.1; en-us; Nexus 5 Build/JOP40D) AppleWebKit/535.19 (KHTML, like Gecko; googleweblight) Chrome/38.0.1025.166 Mobile Safari/535.19"
66.102.6.111 - - [13/Jun/2017:11:29:03 +0530] "GET /images/img2.jpg HTTP/1.1" 200 16276 "http://www.cdmindia.gov.in/project_details_view.php?id=426" "Mozilla/5.0 (Linux; Android 4.2.1; en-us; Nexus 5 Build/JOP40D) AppleWebKit/535.19 (KHTML, like Gecko; googleweblight) Chrome/38.0.1025.166 Mobile Safari/535.19"
66.249.83.17 - - [13/Jun/2017:11:29:04 +0530] "GET /images/bulllet2.gif HTTP/1.1" 200 58 "http://www.cdmindia.gov.in/project_details_view.php?id=426" "Mozilla/5.0 (Linux; Android 4.2.1; en-us; Nexus 5 Build/JOP40D) AppleWebKit/535.19 (KHTML, like Gecko; googleweblight) Chrome/38.0.1025.166 Mobile Safari/535.19"
66.249.83.17 - - [13/Jun/2017:11:29:04 +0530] "GET /includes/ncdma.css HTTP/1.1" 200 13023 "http://www.cdmindia.gov.in/project_details_view.php?id=426" "Mozilla/5.0 (Linux; Android 4.2.1; en-us; Nexus 5 Build/JOP40D) AppleWebKit/535.19 (KHTML, like Gecko; googleweblight) Chrome/38.0.1025.166 Mobile Safari/535.19"
66.102.8.211 - - [13/Jun/2017:11:29:04 +0530] "GET /ncdma.css HTTP/1.1" 200 12640 "http://www.cdmindia.gov.in/project_details_view.php?id=426" "Mozilla/5.0 (Linux; Android 4.2.1; en-us; Nexus 5 Build/JOP40D) AppleWebKit/535.19 (KHTML, like Gecko; googleweblight) Chrome/38.0.1025.166 Mobile Safari/535.19"
66.249.83.15 - - [13/Jun/2017:11:29:04 +0530] "GET /images/fbg.jpg HTTP/1.1" 200 325 "http://www.cdmindia.gov.in/project_details_view.php?id=426" "Mozilla/5.0 (Linux; Android 4.2.1; en-us; Nexus 5 Build/JOP40D) AppleWebKit/535.19 (KHTML, like Gecko; googleweblight) Chrome/38.0.1025.166 Mobile Safari/535.19"
66.249.83.17 - - [13/Jun/2017:11:29:04 +0530] "GET /images/img1.jpg HTTP/1.1" 200 1251 "http://www.cdmindia.gov.in/project_details_view.php?id=426" "Mozilla/5.0 (Linux; Android 4.2.1; en-us; Nexus 5 Build/JOP40D) AppleWebKit/535.19 (KHTML, like Gecko; googleweblight) Chrome/38.0.1025.166 Mobile Safari/535.19"
66.249.83.15 - - [13/Jun/2017:11:29:04 +0530] "GET /images/img3.jpg HTTP/1.1" 200 26957 "http://www.cdmindia.gov.in/project_details_view.php?id=426" "Mozilla/5.0 (Linux; Android 4.2.1; en-us; Nexus 5 Build/JOP40D) AppleWebKit/535.19 (KHTML, like Gecko; googleweblight) Chrome/38.0.1025.166 Mobile Safari/535.19"
202.46.51.154 - - [13/Jun/2017:11:29:30 +0530] "GET /project_details_view.php?id=1143 HTTP/1.1" 200 14467 "-" "Mozilla/5.0 (Windows NT 10.0; WOW64) AppleWebKit/537.36 (KHTML, like Gecko) Chrome/45.0.2454.93 Safari/537.36"
111.93.251.186 - - [13/Jun/2017:11:29:33 +0530] "GET /Approved_proj_reports_list_details.php?id=1&reporttype=1&scale=&sdt=2005-01-01&edt=2017-05-29&exec=&page=80 HTTP/1.1" 200 17618 "http://www.cdmindia.gov.in/Approved_proj_reports_list_details.php?id=1&reporttype=1&scale=&sdt=2005-01-01&edt=2017-05-29&exec=&page=79" "Mozilla/5.0 (Windows NT 10.0; Win64; x64) AppleWebKit/537.36 (KHTML, like Gecko) Chrome/58.0.3029.110 Safari/537.36"
111.93.251.186 - - [13/Jun/2017:11:29:38 +0530] "GET /Approved_proj_reports_list_details.php?id=1&reporttype=1&scale=&sdt=2005-01-01&edt=2017-05-29&exec=&page=81 HTTP/1.1" 200 17534 "http://www.cdmindia.gov.in/Approved_proj_reports_list_details.php?id=1&reporttype=1&scale=&sdt=2005-01-01&edt=2017-05-29&exec=&page=80" "Mozilla/5.0 (Windows NT 10.0; Win64; x64) AppleWebKit/537.36 (KHTML, like Gecko) Chrome/58.0.3029.110 Safari/537.36"
66.102.6.115 - - [13/Jun/2017:11:29:46 +0530] "GET /project_details_view.php?id=426 HTTP/1.1" 200 14092 "-" "Mozilla/5.0 (Linux; Android 4.2.1; en-us; Nexus 5 Build/JOP40D) AppleWebKit/535.19 (KHTML, like Gecko; googleweblight) Chrome/38.0.1025.166 Mobile Safari/535.19"
66.102.6.113 - - [13/Jun/2017:11:29:47 +0530] "GET /images/gtz.jpg HTTP/1.1" 200 15484 "http://www.cdmindia.gov.in/project_details_view.php?id=426" "Mozilla/5.0 (Linux; Android 4.2.1; en-us; Nexus 5 Build/JOP40D) AppleWebKit/535.19 (KHTML, like Gecko; googleweblight) Chrome/38.0.1025.166 Mobile Safari/535.19"
66.102.6.113 - - [13/Jun/2017:11:29:47 +0530] "GET /includes/ncdma.css HTTP/1.1" 200 13023 "http://www.cdmindia.gov.in/project_details_view.php?id=426" "Mozilla/5.0 (Linux; Android 4.2.1; en-us; Nexus 5 Build/JOP40D) AppleWebKit/535.19 (KHTML, like Gecko; googleweblight) Chrome/38.0.1025.166 Mobile Safari/535.19"
66.102.6.115 - - [13/Jun/2017:11:29:47 +0530] "GET /images/bulllet2.gif HTTP/1.1" 200 58 "http://www.cdmindia.gov.in/project_details_view.php?id=426" "Mozilla/5.0 (Linux; Android 4.2.1; en-us; Nexus 5 Build/JOP40D) AppleWebKit/535.19 (KHTML, like Gecko; googleweblight) Chrome/38.0.1025.166 Mobile Safari/535.19"
66.102.8.207 - - [13/Jun/2017:11:29:47 +0530] "GET /images/bullet1.gif HTTP/1.1" 200 67 "http://www.cdmindia.gov.in/project_details_view.php?id=426" "Mozilla/5.0 (Linux; Android 4.2.1; en-us; Nexus 5 Build/JOP40D) AppleWebKit/535.19 (KHTML, like Gecko; googleweblight) Chrome/38.0.1025.166 Mobile Safari/535.19"
66.102.6.113 - - [13/Jun/2017:11:29:47 +0530] "GET /ncdma.css HTTP/1.1" 200 12640 "http://www.cdmindia.gov.in/project_details_view.php?id=426" "Mozilla/5.0 (Linux; Android 4.2.1; en-us; Nexus 5 Build/JOP40D) AppleWebKit/535.19 (KHTML, like Gecko; googleweblight) Chrome/38.0.1025.166 Mobile Safari/535.19"
66.102.8.211 - - [13/Jun/2017:11:29:47 +0530] "GET /images/bullet4.gif HTTP/1.1" 200 67 "http://www.cdmindia.gov.in/project_details_view.php?id=426" "Mozilla/5.0 (Linux; Android 4.2.1; en-us; Nexus 5 Build/JOP40D) AppleWebKit/535.19 (KHTML, like Gecko; googleweblight) Chrome/38.0.1025.166 Mobile Safari/535.19"
66.102.6.115 - - [13/Jun/2017:11:29:47 +0530] "GET /images/fdm.jpg HTTP/1.1" 200 2043 "http://www.cdmindia.gov.in/project_details_view.php?id=426" "Mozilla/5.0 (Linux; Android 4.2.1; en-us; Nexus 5 Build/JOP40D) AppleWebKit/535.19 (KHTML, like Gecko; googleweblight) Chrome/38.0.1025.166 Mobile Safari/535.19"
66.102.6.113 - - [13/Jun/2017:11:29:47 +0530] "GET /images/spacer.gif HTTP/1.1" 200 43 "http://www.cdmindia.gov.in/project_details_view.php?id=426" "Mozilla/5.0 (Linux; Android 4.2.1; en-us; Nexus 5 Build/JOP40D) AppleWebKit/535.19 (KHTML, like Gecko; googleweblight) Chrome/38.0.1025.166 Mobile Safari/535.19"
66.102.6.115 - - [13/Jun/2017:11:29:47 +0530] "GET /images/img3.jpg HTTP/1.1" 200 26957 "http://www.cdmindia.gov.in/project_details_view.php?id=426" "Mozilla/5.0 (Linux; Android 4.2.1; en-us; Nexus 5 Build/JOP40D) AppleWebKit/535.19 (KHTML, like Gecko; googleweblight) Chrome/38.0.1025.166 Mobile Safari/535.19"
66.102.8.209 - - [13/Jun/2017:11:29:48 +0530] "GET /Scripts/AC_RunActiveContent.js HTTP/1.1" 200 8321 "http://www.cdmindia.gov.in/project_details_view.php?id=426" "Mozilla/5.0 (Linux; Android 4.2.1; en-us; Nexus 5 Build/JOP40D) AppleWebKit/535.19 (KHTML, like Gecko; googleweblight) Chrome/38.0.1025.166 Mobile Safari/535.19"
66.102.6.113 - - [13/Jun/2017:11:29:49 +0530] "GET /images/img1.jpg HTTP/1.1" 200 1251 "http://www.cdmindia.gov.in/project_details_view.php?id=426" "Mozilla/5.0 (Linux; Android 4.2.1; en-us; Nexus 5 Build/JOP40D) AppleWebKit/535.19 (KHTML, like Gecko; googleweblight) Chrome/38.0.1025.166 Mobile Safari/535.19"
66.249.83.17 - - [13/Jun/2017:11:29:49 +0530] "GET /images/fbg.jpg HTTP/1.1" 200 325 "http://www.cdmindia.gov.in/project_details_view.php?id=426" "Mozilla/5.0 (Linux; Android 4.2.1; en-us; Nexus 5 Build/JOP40D) AppleWebKit/535.19 (KHTML, like Gecko; googleweblight) Chrome/38.0.1025.166 Mobile Safari/535.19"
66.102.6.115 - - [13/Jun/2017:11:29:47 +0530] "GET /images/img2.jpg HTTP/1.1" 200 16276 "http://www.cdmindia.gov.in/project_details_view.php?id=426" "Mozilla/5.0 (Linux; Android 4.2.1; en-us; Nexus 5 Build/JOP40D) AppleWebKit/535.19 (KHTML, like Gecko; googleweblight) Chrome/38.0.1025.166 Mobile Safari/535.19"
111.93.251.186 - - [13/Jun/2017:11:30:45 +0530] "GET /project_details_view.php?id=266&oid=1&page=81&reporttype=1 HTTP/1.1" 200 14174 "http://www.cdmindia.gov.in/Approved_proj_reports_list_details.php?id=1&reporttype=1&scale=&sdt=2005-01-01&edt=2017-05-29&exec=&page=81" "Mozilla/5.0 (Windows NT 10.0; Win64; x64) AppleWebKit/537.36 (KHTML, like Gecko) Chrome/58.0.3029.110 Safari/537.36"
35.184.189.105 - - [13/Jun/2017:11:31:11 +0530] "GET /robots.txt HTTP/1.1" 404 208 "-" "ltx71 - (http://ltx71.com/)"
111.93.251.186 - - [13/Jun/2017:11:31:34 +0530] "GET /Approved_proj_reports_list_details.php?id=1&reporttype=1&scale=&sdt=2005-01-01&edt=2017-05-29&exec=&page=81 HTTP/1.1" 200 17534 "http://www.cdmindia.gov.in/Approved_proj_reports_list_details.php?id=1&reporttype=1&scale=&sdt=2005-01-01&edt=2017-05-29&exec=&page=80" "Mozilla/5.0 (Windows NT 10.0; Win64; x64) AppleWebKit/537.36 (KHTML, like Gecko) Chrome/58.0.3029.110 Safari/537.36"
111.93.251.186 - - [13/Jun/2017:11:31:39 +0530] "GET /project_details_view.php?id=265&oid=1&page=81&reporttype=1 HTTP/1.1" 200 14647 "http://www.cdmindia.gov.in/Approved_proj_reports_list_details.php?id=1&reporttype=1&scale=&sdt=2005-01-01&edt=2017-05-29&exec=&page=81" "Mozilla/5.0 (Windows NT 10.0; Win64; x64) AppleWebKit/537.36 (KHTML, like Gecko) Chrome/58.0.3029.110 Safari/537.36"
111.93.251.186 - - [13/Jun/2017:11:32:46 +0530] "GET /Approved_proj_reports_list_details.php?id=1&reporttype=1&scale=&sdt=2005-01-01&edt=2017-05-29&exec=&page=81 HTTP/1.1" 200 17534 "http://www.cdmindia.gov.in/Approved_proj_reports_list_details.php?id=1&reporttype=1&scale=&sdt=2005-01-01&edt=2017-05-29&exec=&page=80" "Mozilla/5.0 (Windows NT 10.0; Win64; x64) AppleWebKit/537.36 (KHTML, like Gecko) Chrome/58.0.3029.110 Safari/537.36"
111.93.251.186 - - [13/Jun/2017:11:32:51 +0530] "GET /project_details_view.php?id=263&oid=1&page=81&reporttype=1 HTTP/1.1" 200 15146 "http://www.cdmindia.gov.in/Approved_proj_reports_list_details.php?id=1&reporttype=1&scale=&sdt=2005-01-01&edt=2017-05-29&exec=&page=81" "Mozilla/5.0 (Windows NT 10.0; Win64; x64) AppleWebKit/537.36 (KHTML, like Gecko) Chrome/58.0.3029.110 Safari/537.36"
111.93.251.186 - - [13/Jun/2017:11:33:40 +0530] "GET /Approved_proj_reports_list_details.php?id=1&reporttype=1&scale=&sdt=2005-01-01&edt=2017-05-29&exec=&page=81 HTTP/1.1" 200 17534 "http://www.cdmindia.gov.in/Approved_proj_reports_list_details.php?id=1&reporttype=1&scale=&sdt=2005-01-01&edt=2017-05-29&exec=&page=80" "Mozilla/5.0 (Windows NT 10.0; Win64; x64) AppleWebKit/537.36 (KHTML, like Gecko) Chrome/58.0.3029.110 Safari/537.36"
