66.249.79.129 - - [05/Jun/2017:01:19:56 +0530] "GET / HTTP/1.1" 200 19479 "-" "Mozilla/5.0 (compatible; Googlebot/2.1; +http://www.google.com/bot.html)"
157.55.39.239 - - [05/Jun/2017:01:27:24 +0530] "GET /project_details_view_report.php?id=541 HTTP/1.1" 200 13179 "-" "Mozilla/5.0 (compatible; bingbot/2.0; +http://www.bing.com/bingbot.htm)"
157.55.39.229 - - [05/Jun/2017:01:35:33 +0530] "GET /project_details_view.php?id=1590 HTTP/1.1" 200 14150 "-" "Mozilla/5.0 (compatible; bingbot/2.0; +http://www.bing.com/bingbot.htm)"
216.244.66.248 - - [05/Jun/2017:01:35:56 +0530] "GET /aboutus.php HTTP/1.1" 200 19596 "-" "Mozilla/5.0 (compatible; DotBot/1.1; http://www.opensiteexplorer.org/dotbot, help@moz.com)"
168.235.201.196 - - [05/Jun/2017:01:38:03 +0530] "GET /project_details_view_report.php?id=636 HTTP/1.1" 200 13210 "http://www.google.co.in/search?site=webhp&source=hp&ei=w2I0Wee8EYPmvATm2K6gAg&q=power+plant+of+gardan+silk+mills&oq=power+plant+of+gardan+silk+mills&gs_l=mobile-gws-hp.3..33i22i29i30k1.1126100.1176731.1.1178002.32.32.0.8.8.0.417.8017.0j1j26j4j1.32.0....0...1.1.64.mobile-gws-hp..0.31.6501...0j41j0i131k1j0i22i30k1j33i160k1j33i21k1.WkWMP840N8U" "Mozilla/5.0 (Linux; U; Android 6.0; en-US; LS-5013 Build/MRA58K) AppleWebKit/534.30 (KHTML, like Gecko) Version/4.0 UCBrowser/11.2.5.932 U3/0.8.0 Mobile Safari/534.30"
168.235.201.196 - - [05/Jun/2017:01:38:04 +0530] "GET /images/img2.jpg HTTP/1.1" 200 16276 "http://www.cdmindia.gov.in/project_details_view_report.php?id=636" "Mozilla/5.0 (Linux; U; Android 6.0; en-US; LS-5013 Build/MRA58K) AppleWebKit/534.30 (KHTML, like Gecko) Version/4.0 UCBrowser/11.2.5.932 U3/0.8.0 Mobile Safari/534.30"
168.235.201.196 - - [05/Jun/2017:01:38:04 +0530] "GET /ncdma.css HTTP/1.1" 200 12640 "http://www.cdmindia.gov.in/project_details_view_report.php?id=636" "Mozilla/5.0 (Linux; U; Android 6.0; en-US; LS-5013 Build/MRA58K) AppleWebKit/534.30 (KHTML, like Gecko) Version/4.0 UCBrowser/11.2.5.932 U3/0.8.0 Mobile Safari/534.30"
168.235.201.196 - - [05/Jun/2017:01:38:04 +0530] "GET /includes/ncdma.css HTTP/1.1" 200 13023 "http://www.cdmindia.gov.in/project_details_view_report.php?id=636" "Mozilla/5.0 (Linux; U; Android 6.0; en-US; LS-5013 Build/MRA58K) AppleWebKit/534.30 (KHTML, like Gecko) Version/4.0 UCBrowser/11.2.5.932 U3/0.8.0 Mobile Safari/534.30"
168.235.201.196 - - [05/Jun/2017:01:38:04 +0530] "GET /images/spacer.gif HTTP/1.1" 200 43 "http://www.cdmindia.gov.in/project_details_view_report.php?id=636" "Mozilla/5.0 (Linux; U; Android 6.0; en-US; LS-5013 Build/MRA58K) AppleWebKit/534.30 (KHTML, like Gecko) Version/4.0 UCBrowser/11.2.5.932 U3/0.8.0 Mobile Safari/534.30"
168.235.201.196 - - [05/Jun/2017:01:38:04 +0530] "GET /images/fdm.jpg HTTP/1.1" 200 2043 "http://www.cdmindia.gov.in/project_details_view_report.php?id=636" "Mozilla/5.0 (Linux; U; Android 6.0; en-US; LS-5013 Build/MRA58K) AppleWebKit/534.30 (KHTML, like Gecko) Version/4.0 UCBrowser/11.2.5.932 U3/0.8.0 Mobile Safari/534.30"
168.235.201.196 - - [05/Jun/2017:01:38:04 +0530] "GET /Scripts/AC_RunActiveContent.js HTTP/1.1" 200 8321 "http://www.cdmindia.gov.in/project_details_view_report.php?id=636" "Mozilla/5.0 (Linux; U; Android 6.0; en-US; LS-5013 Build/MRA58K) AppleWebKit/534.30 (KHTML, like Gecko) Version/4.0 UCBrowser/11.2.5.932 U3/0.8.0 Mobile Safari/534.30"
168.235.201.196 - - [05/Jun/2017:01:38:04 +0530] "GET /images/img3.jpg HTTP/1.1" 200 26957 "http://www.cdmindia.gov.in/project_details_view_report.php?id=636" "Mozilla/5.0 (Linux; U; Android 6.0; en-US; LS-5013 Build/MRA58K) AppleWebKit/534.30 (KHTML, like Gecko) Version/4.0 UCBrowser/11.2.5.932 U3/0.8.0 Mobile Safari/534.30"
168.235.201.196 - - [05/Jun/2017:01:38:04 +0530] "GET /images/bullet4.gif HTTP/1.1" 200 67 "http://www.cdmindia.gov.in/project_details_view_report.php?id=636" "Mozilla/5.0 (Linux; U; Android 6.0; en-US; LS-5013 Build/MRA58K) AppleWebKit/534.30 (KHTML, like Gecko) Version/4.0 UCBrowser/11.2.5.932 U3/0.8.0 Mobile Safari/534.30"
168.235.201.196 - - [05/Jun/2017:01:38:04 +0530] "GET /images/bulllet2.gif HTTP/1.1" 200 58 "http://www.cdmindia.gov.in/project_details_view_report.php?id=636" "Mozilla/5.0 (Linux; U; Android 6.0; en-US; LS-5013 Build/MRA58K) AppleWebKit/534.30 (KHTML, like Gecko) Version/4.0 UCBrowser/11.2.5.932 U3/0.8.0 Mobile Safari/534.30"
168.235.201.196 - - [05/Jun/2017:01:38:04 +0530] "GET /images/gtz.jpg HTTP/1.1" 200 15484 "http://www.cdmindia.gov.in/project_details_view_report.php?id=636" "Mozilla/5.0 (Linux; U; Android 6.0; en-US; LS-5013 Build/MRA58K) AppleWebKit/534.30 (KHTML, like Gecko) Version/4.0 UCBrowser/11.2.5.932 U3/0.8.0 Mobile Safari/534.30"
168.235.201.196 - - [05/Jun/2017:01:38:04 +0530] "GET /images/bullet1.gif HTTP/1.1" 200 67 "http://www.cdmindia.gov.in/project_details_view_report.php?id=636" "Mozilla/5.0 (Linux; U; Android 6.0; en-US; LS-5013 Build/MRA58K) AppleWebKit/534.30 (KHTML, like Gecko) Version/4.0 UCBrowser/11.2.5.932 U3/0.8.0 Mobile Safari/534.30"
168.235.201.196 - - [05/Jun/2017:01:38:06 +0530] "GET /images/img1.jpg HTTP/1.1" 200 1251 "http://www.cdmindia.gov.in/project_details_view_report.php?id=636" "Mozilla/5.0 (Linux; U; Android 6.0; en-US; LS-5013 Build/MRA58K) AppleWebKit/534.30 (KHTML, like Gecko) Version/4.0 UCBrowser/11.2.5.932 U3/0.8.0 Mobile Safari/534.30"
168.235.201.196 - - [05/Jun/2017:01:38:06 +0530] "GET /images/fbg.jpg HTTP/1.1" 200 325 "http://www.cdmindia.gov.in/project_details_view_report.php?id=636" "Mozilla/5.0 (Linux; U; Android 6.0; en-US; LS-5013 Build/MRA58K) AppleWebKit/534.30 (KHTML, like Gecko) Version/4.0 UCBrowser/11.2.5.932 U3/0.8.0 Mobile Safari/534.30"
168.235.201.196 - - [05/Jun/2017:01:38:07 +0530] "GET /images/favicon.ico HTTP/1.1" 200 1406 "http://www.cdmindia.gov.in/project_details_view_report.php?id=636" "Mozilla/5.0 (Linux; U; Android 6.0; en-US; LS-5013 Build/MRA58K) AppleWebKit/534.30 (KHTML, like Gecko) Version/4.0 UCBrowser/11.2.5.932 U3/0.8.0 Mobile Safari/534.30"
35.184.189.105 - - [05/Jun/2017:01:40:08 +0530] "GET /robots.txt HTTP/1.1" 404 208 "-" "ltx71 - (http://ltx71.com/)"
35.184.189.105 - - [05/Jun/2017:01:40:52 +0530] "GET /reports_new.php?n=1 HTTP/1.1" 200 22410 "-" "ltx71 - (http://ltx71.com/)"
168.235.201.196 - - [05/Jun/2017:01:41:13 +0530] "GET /project_details_view_report.php?id=532 HTTP/1.1" 200 13299 "http://www.google.co.in/search?q=power+plant+of+garden+silk+mills&site=webhp&prmd=nimv&ei=q2c0WcDRFsP5vATTh4ewDA&start=10&sa=N&biw=360&bih=520" "Mozilla/5.0 (Linux; U; Android 6.0; en-US; LS-5013 Build/MRA58K) AppleWebKit/534.30 (KHTML, like Gecko) Version/4.0 UCBrowser/11.2.5.932 U3/0.8.0 Mobile Safari/534.30"
168.235.201.196 - - [05/Jun/2017:01:41:14 +0530] "GET /images/bulllet2.gif HTTP/1.1" 200 58 "http://www.cdmindia.gov.in/project_details_view_report.php?id=532" "Mozilla/5.0 (Linux; U; Android 6.0; en-US; LS-5013 Build/MRA58K) AppleWebKit/534.30 (KHTML, like Gecko) Version/4.0 UCBrowser/11.2.5.932 U3/0.8.0 Mobile Safari/534.30"
168.235.201.196 - - [05/Jun/2017:01:41:14 +0530] "GET /images/bullet1.gif HTTP/1.1" 200 67 "http://www.cdmindia.gov.in/project_details_view_report.php?id=532" "Mozilla/5.0 (Linux; U; Android 6.0; en-US; LS-5013 Build/MRA58K) AppleWebKit/534.30 (KHTML, like Gecko) Version/4.0 UCBrowser/11.2.5.932 U3/0.8.0 Mobile Safari/534.30"
168.235.201.196 - - [05/Jun/2017:01:41:14 +0530] "GET /images/bullet4.gif HTTP/1.1" 200 67 "http://www.cdmindia.gov.in/project_details_view_report.php?id=532" "Mozilla/5.0 (Linux; U; Android 6.0; en-US; LS-5013 Build/MRA58K) AppleWebKit/534.30 (KHTML, like Gecko) Version/4.0 UCBrowser/11.2.5.932 U3/0.8.0 Mobile Safari/534.30"
168.235.201.196 - - [05/Jun/2017:01:41:14 +0530] "GET /ncdma.css HTTP/1.1" 200 12640 "http://www.cdmindia.gov.in/project_details_view_report.php?id=532" "Mozilla/5.0 (Linux; U; Android 6.0; en-US; LS-5013 Build/MRA58K) AppleWebKit/534.30 (KHTML, like Gecko) Version/4.0 UCBrowser/11.2.5.932 U3/0.8.0 Mobile Safari/534.30"
168.235.201.196 - - [05/Jun/2017:01:41:14 +0530] "GET /includes/ncdma.css HTTP/1.1" 200 13023 "http://www.cdmindia.gov.in/project_details_view_report.php?id=532" "Mozilla/5.0 (Linux; U; Android 6.0; en-US; LS-5013 Build/MRA58K) AppleWebKit/534.30 (KHTML, like Gecko) Version/4.0 UCBrowser/11.2.5.932 U3/0.8.0 Mobile Safari/534.30"
168.235.201.196 - - [05/Jun/2017:01:41:14 +0530] "GET /Scripts/AC_RunActiveContent.js HTTP/1.1" 200 8321 "http://www.cdmindia.gov.in/project_details_view_report.php?id=532" "Mozilla/5.0 (Linux; U; Android 6.0; en-US; LS-5013 Build/MRA58K) AppleWebKit/534.30 (KHTML, like Gecko) Version/4.0 UCBrowser/11.2.5.932 U3/0.8.0 Mobile Safari/534.30"
168.235.201.196 - - [05/Jun/2017:01:41:14 +0530] "GET /images/spacer.gif HTTP/1.1" 200 43 "http://www.cdmindia.gov.in/project_details_view_report.php?id=532" "Mozilla/5.0 (Linux; U; Android 6.0; en-US; LS-5013 Build/MRA58K) AppleWebKit/534.30 (KHTML, like Gecko) Version/4.0 UCBrowser/11.2.5.932 U3/0.8.0 Mobile Safari/534.30"
61.135.217.97 - - [05/Jun/2017:01:50:55 +0530] "GET /robots.txt HTTP/1.0" 404 208 "-" "Mozilla/5.0 AppleWebKit/537.36 (KHTML, like Gecko) Chrome/55.0.2883.95 Safari/537.36/Nutch-1.12"
61.135.217.97 - - [05/Jun/2017:01:50:56 +0530] "GET /index.php HTTP/1.0" 200 19479 "-" "Mozilla/5.0 AppleWebKit/537.36 (KHTML, like Gecko) Chrome/55.0.2883.95 Safari/537.36/Nutch-1.12"
216.244.66.196 - - [05/Jun/2017:01:51:12 +0530] "GET /robots.txt HTTP/1.1" 404 208 "-" "Mozilla/5.0 (compatible; DotBot/1.1; http://www.opensiteexplorer.org/dotbot, help@moz.com)"
157.55.39.239 - - [05/Jun/2017:01:54:33 +0530] "GET / HTTP/1.1" 200 19479 "-" "Mozilla/5.0 (compatible; bingbot/2.0; +http://www.bing.com/bingbot.htm)"
157.55.39.239 - - [05/Jun/2017:01:55:46 +0530] "GET / HTTP/1.1" 200 19479 "-" "Mozilla/5.0 (compatible; bingbot/2.0; +http://www.bing.com/bingbot.htm)"
35.184.189.105 - - [05/Jun/2017:01:56:03 +0530] "GET /robots.txt HTTP/1.1" 404 208 "-" "ltx71 - (http://ltx71.com/)"
65.55.210.35 - - [05/Jun/2017:01:56:44 +0530] "GET /images/img2.jpg HTTP/1.1" 200 16276 "-" "Mozilla/5.0 (Windows NT 6.1; WOW64) AppleWebKit/534+ (KHTML, like Gecko) BingPreview/1.0b"
199.30.25.27 - - [05/Jun/2017:01:56:45 +0530] "GET /images/img3.jpg HTTP/1.1" 200 26957 "-" "Mozilla/5.0 (Windows NT 6.1; WOW64) AppleWebKit/534+ (KHTML, like Gecko) BingPreview/1.0b"
199.30.25.18 - - [05/Jun/2017:01:56:47 +0530] "GET /images/fbg.jpg HTTP/1.1" 200 325 "-" "Mozilla/5.0 (Windows NT 6.1; WOW64) AppleWebKit/534+ (KHTML, like Gecko) BingPreview/1.0b"
202.46.53.46 - - [05/Jun/2017:02:03:29 +0530] "GET /project_details_view.php?id=588 HTTP/1.1" 200 15180 "-" "Mozilla/5.0 (Windows NT 10.0; WOW64) AppleWebKit/537.36 (KHTML, like Gecko) Chrome/45.0.2454.93 Safari/537.36"
35.184.189.105 - - [05/Jun/2017:02:04:37 +0530] "GET /robots.txt HTTP/1.1" 404 208 "-" "ltx71 - (http://ltx71.com/)"
35.184.189.105 - - [05/Jun/2017:02:05:16 +0530] "GET /detail_news.php?id=5 HTTP/1.1" 302 19149 "-" "ltx71 - (http://ltx71.com/)"
66.249.79.129 - - [05/Jun/2017:02:05:29 +0530] "GET / HTTP/1.1" 200 19479 "-" "Mozilla/5.0 (Linux; Android 6.0.1; Nexus 5X Build/MMB29P) AppleWebKit/537.36 (KHTML, like Gecko) Chrome/41.0.2272.96 Mobile Safari/537.36 (compatible; Googlebot/2.1; +http://www.google.com/bot.html)"
35.184.189.105 - - [05/Jun/2017:02:09:03 +0530] "GET /robots.txt HTTP/1.1" 404 208 "-" "ltx71 - (http://ltx71.com/)"
157.55.39.98 - - [05/Jun/2017:02:19:19 +0530] "GET /project_details_view.php?id=1815 HTTP/1.1" 200 14222 "-" "Mozilla/5.0 (compatible; bingbot/2.0; +http://www.bing.com/bingbot.htm)"
202.46.56.117 - - [05/Jun/2017:02:21:55 +0530] "GET /project_details_view_report.php?id=1169 HTTP/1.1" 200 13224 "-" "Mozilla/5.0 (Windows NT 10.0; WOW64) AppleWebKit/537.36 (KHTML, like Gecko) Chrome/45.0.2454.93 Safari/537.36"
77.179.112.186 - - [05/Jun/2017:02:24:03 +0530] "GET /project_details_view.php?id=1399 HTTP/1.1" 200 15258 "https://www.google.de/" "Mozilla/5.0 (Linux; Android 7.0; SM-T820 Build/NRD90M) AppleWebKit/537.36 (KHTML, like Gecko) Chrome/58.0.3029.83 Safari/537.36"
77.179.112.186 - - [05/Jun/2017:02:24:03 +0530] "GET /includes/ncdma.css HTTP/1.1" 200 13023 "http://www.cdmindia.gov.in/project_details_view.php?id=1399" "Mozilla/5.0 (Linux; Android 7.0; SM-T820 Build/NRD90M) AppleWebKit/537.36 (KHTML, like Gecko) Chrome/58.0.3029.83 Safari/537.36"
77.179.112.186 - - [05/Jun/2017:02:24:04 +0530] "GET /ncdma.css HTTP/1.1" 200 12640 "http://www.cdmindia.gov.in/project_details_view.php?id=1399" "Mozilla/5.0 (Linux; Android 7.0; SM-T820 Build/NRD90M) AppleWebKit/537.36 (KHTML, like Gecko) Chrome/58.0.3029.83 Safari/537.36"
77.179.112.186 - - [05/Jun/2017:02:24:04 +0530] "GET /Scripts/AC_RunActiveContent.js HTTP/1.1" 200 8321 "http://www.cdmindia.gov.in/project_details_view.php?id=1399" "Mozilla/5.0 (Linux; Android 7.0; SM-T820 Build/NRD90M) AppleWebKit/537.36 (KHTML, like Gecko) Chrome/58.0.3029.83 Safari/537.36"
77.179.112.186 - - [05/Jun/2017:02:24:04 +0530] "GET /images/img1.jpg HTTP/1.1" 200 1251 "http://www.cdmindia.gov.in/project_details_view.php?id=1399" "Mozilla/5.0 (Linux; Android 7.0; SM-T820 Build/NRD90M) AppleWebKit/537.36 (KHTML, like Gecko) Chrome/58.0.3029.83 Safari/537.36"
77.179.112.186 - - [05/Jun/2017:02:24:04 +0530] "GET /images/img2.jpg HTTP/1.1" 200 16276 "http://www.cdmindia.gov.in/project_details_view.php?id=1399" "Mozilla/5.0 (Linux; Android 7.0; SM-T820 Build/NRD90M) AppleWebKit/537.36 (KHTML, like Gecko) Chrome/58.0.3029.83 Safari/537.36"
77.179.112.186 - - [05/Jun/2017:02:24:04 +0530] "GET /images/spacer.gif HTTP/1.1" 200 43 "http://www.cdmindia.gov.in/project_details_view.php?id=1399" "Mozilla/5.0 (Linux; Android 7.0; SM-T820 Build/NRD90M) AppleWebKit/537.36 (KHTML, like Gecko) Chrome/58.0.3029.83 Safari/537.36"
77.179.112.186 - - [05/Jun/2017:02:24:04 +0530] "GET /images/bullet1.gif HTTP/1.1" 200 67 "http://www.cdmindia.gov.in/project_details_view.php?id=1399" "Mozilla/5.0 (Linux; Android 7.0; SM-T820 Build/NRD90M) AppleWebKit/537.36 (KHTML, like Gecko) Chrome/58.0.3029.83 Safari/537.36"
77.179.112.186 - - [05/Jun/2017:02:24:04 +0530] "GET /images/bulllet2.gif HTTP/1.1" 200 58 "http://www.cdmindia.gov.in/project_details_view.php?id=1399" "Mozilla/5.0 (Linux; Android 7.0; SM-T820 Build/NRD90M) AppleWebKit/537.36 (KHTML, like Gecko) Chrome/58.0.3029.83 Safari/537.36"
77.179.112.186 - - [05/Jun/2017:02:24:04 +0530] "GET /images/img3.jpg HTTP/1.1" 200 26957 "http://www.cdmindia.gov.in/project_details_view.php?id=1399" "Mozilla/5.0 (Linux; Android 7.0; SM-T820 Build/NRD90M) AppleWebKit/537.36 (KHTML, like Gecko) Chrome/58.0.3029.83 Safari/537.36"
77.179.112.186 - - [05/Jun/2017:02:24:05 +0530] "GET /images/bullet4.gif HTTP/1.1" 200 67 "http://www.cdmindia.gov.in/project_details_view.php?id=1399" "Mozilla/5.0 (Linux; Android 7.0; SM-T820 Build/NRD90M) AppleWebKit/537.36 (KHTML, like Gecko) Chrome/58.0.3029.83 Safari/537.36"
77.179.112.186 - - [05/Jun/2017:02:24:05 +0530] "GET /images/fdm.jpg HTTP/1.1" 200 2043 "http://www.cdmindia.gov.in/project_details_view.php?id=1399" "Mozilla/5.0 (Linux; Android 7.0; SM-T820 Build/NRD90M) AppleWebKit/537.36 (KHTML, like Gecko) Chrome/58.0.3029.83 Safari/537.36"
77.179.112.186 - - [05/Jun/2017:02:24:05 +0530] "GET /images/gtz.jpg HTTP/1.1" 200 15484 "http://www.cdmindia.gov.in/project_details_view.php?id=1399" "Mozilla/5.0 (Linux; Android 7.0; SM-T820 Build/NRD90M) AppleWebKit/537.36 (KHTML, like Gecko) Chrome/58.0.3029.83 Safari/537.36"
77.179.112.186 - - [05/Jun/2017:02:24:05 +0530] "GET /images/fbg.jpg HTTP/1.1" 200 325 "http://www.cdmindia.gov.in/project_details_view.php?id=1399" "Mozilla/5.0 (Linux; Android 7.0; SM-T820 Build/NRD90M) AppleWebKit/537.36 (KHTML, like Gecko) Chrome/58.0.3029.83 Safari/537.36"
77.179.112.186 - - [05/Jun/2017:02:24:05 +0530] "GET /favicon.ico HTTP/1.1" 200 1189 "http://www.cdmindia.gov.in/project_details_view.php?id=1399" "Mozilla/5.0 (Linux; Android 7.0; SM-T820 Build/NRD90M) AppleWebKit/537.36 (KHTML, like Gecko) Chrome/58.0.3029.83 Safari/537.36"
35.184.189.105 - - [05/Jun/2017:02:26:02 +0530] "GET /robots.txt HTTP/1.1" 404 208 "-" "ltx71 - (http://ltx71.com/)"
77.179.112.186 - - [05/Jun/2017:02:28:29 +0530] "GET /project_details_view.php?id=917 HTTP/1.1" 200 14334 "https://www.google.de/" "Mozilla/5.0 (Linux; Android 7.0; SM-T820 Build/NRD90M) AppleWebKit/537.36 (KHTML, like Gecko) Chrome/58.0.3029.83 Safari/537.36"
61.3.68.212 - - [05/Jun/2017:02:28:40 +0530] "GET /wp-login.php HTTP/1.1" 404 210 "-" "Mozilla/5.0 (Windows NT 6.1; WOW64; rv:40.0) Gecko/20100101 Firefox/40.1"
61.3.68.212 - - [05/Jun/2017:02:28:41 +0530] "GET / HTTP/1.1" 200 19479 "-" "Mozilla/5.0 (Windows NT 6.1; WOW64; rv:40.0) Gecko/20100101 Firefox/40.1"
77.179.112.186 - - [05/Jun/2017:02:29:56 +0530] "GET /approved_projects.php?n=1 HTTP/1.1" 200 16641 "http://www.cdmindia.gov.in/project_details_view.php?id=917" "Mozilla/5.0 (Linux; Android 7.0; SM-T820 Build/NRD90M) AppleWebKit/537.36 (KHTML, like Gecko) Chrome/58.0.3029.83 Safari/537.36"
77.179.112.186 - - [05/Jun/2017:02:29:57 +0530] "GET /js/datepicker/latest_demo.css HTTP/1.1" 200 574 "http://www.cdmindia.gov.in/approved_projects.php?n=1" "Mozilla/5.0 (Linux; Android 7.0; SM-T820 Build/NRD90M) AppleWebKit/537.36 (KHTML, like Gecko) Chrome/58.0.3029.83 Safari/537.36"
77.179.112.186 - - [05/Jun/2017:02:29:57 +0530] "GET /js/datepicker/latest_datepicker.css HTTP/1.1" 200 2283 "http://www.cdmindia.gov.in/approved_projects.php?n=1" "Mozilla/5.0 (Linux; Android 7.0; SM-T820 Build/NRD90M) AppleWebKit/537.36 (KHTML, like Gecko) Chrome/58.0.3029.83 Safari/537.36"
77.179.112.186 - - [05/Jun/2017:02:29:57 +0530] "GET /js/datepicker/latest_date.js HTTP/1.1" 200 11986 "http://www.cdmindia.gov.in/approved_projects.php?n=1" "Mozilla/5.0 (Linux; Android 7.0; SM-T820 Build/NRD90M) AppleWebKit/537.36 (KHTML, like Gecko) Chrome/58.0.3029.83 Safari/537.36"
77.179.112.186 - - [05/Jun/2017:02:29:57 +0530] "GET /js/datepicker/latest_jquery.datePicker.js HTTP/1.1" 200 37423 "http://www.cdmindia.gov.in/approved_projects.php?n=1" "Mozilla/5.0 (Linux; Android 7.0; SM-T820 Build/NRD90M) AppleWebKit/537.36 (KHTML, like Gecko) Chrome/58.0.3029.83 Safari/537.36"
77.179.112.186 - - [05/Jun/2017:02:29:57 +0530] "GET /js/jquery.js HTTP/1.1" 200 55774 "http://www.cdmindia.gov.in/approved_projects.php?n=1" "Mozilla/5.0 (Linux; Android 7.0; SM-T820 Build/NRD90M) AppleWebKit/537.36 (KHTML, like Gecko) Chrome/58.0.3029.83 Safari/537.36"
77.179.112.186 - - [05/Jun/2017:02:29:58 +0530] "GET /js/datepicker/calendar.gif HTTP/1.1" 200 235 "http://www.cdmindia.gov.in/js/datepicker/latest_demo.css" "Mozilla/5.0 (Linux; Android 7.0; SM-T820 Build/NRD90M) AppleWebKit/537.36 (KHTML, like Gecko) Chrome/58.0.3029.83 Safari/537.36"
77.179.112.186 - - [05/Jun/2017:02:29:59 +0530] "GET /project_details_view.php?id=917 HTTP/1.1" 200 14334 "https://www.google.de/" "Mozilla/5.0 (Linux; Android 7.0; SM-T820 Build/NRD90M) AppleWebKit/537.36 (KHTML, like Gecko) Chrome/58.0.3029.83 Safari/537.36"
35.184.189.105 - - [05/Jun/2017:02:32:10 +0530] "GET /robots.txt HTTP/1.1" 404 208 "-" "ltx71 - (http://ltx71.com/)"
35.184.189.105 - - [05/Jun/2017:02:35:10 +0530] "GET /robots.txt HTTP/1.1" 404 208 "-" "ltx71 - (http://ltx71.com/)"
216.244.66.196 - - [05/Jun/2017:02:37:12 +0530] "GET /constitution.php HTTP/1.1" 200 23668 "-" "Mozilla/5.0 (compatible; DotBot/1.1; http://www.opensiteexplorer.org/dotbot, help@moz.com)"
180.76.15.159 - - [05/Jun/2017:02:37:54 +0530] "GET / HTTP/1.1" 200 19479 "-" "Mozilla/5.0 (compatible; Baiduspider/2.0; +http://www.baidu.com/search/spider.html)"
40.77.167.85 - - [05/Jun/2017:02:38:10 +0530] "GET /project_details_view_report.php?id=1024 HTTP/1.1" 200 13197 "-" "Mozilla/5.0 (iPhone; CPU iPhone OS 7_0 like Mac OS X) AppleWebKit/537.51.1 (KHTML, like Gecko) Version/7.0 Mobile/11A465 Safari/9537.53 (compatible; bingbot/2.0; +http://www.bing.com/bingbot.htm)"
202.46.51.205 - - [05/Jun/2017:02:40:21 +0530] "GET /project_details_view_report.php?id=1149 HTTP/1.1" 200 13235 "-" "Mozilla/5.0 (Windows NT 10.0; WOW64) AppleWebKit/537.36 (KHTML, like Gecko) Chrome/45.0.2454.93 Safari/537.36"
157.55.39.229 - - [05/Jun/2017:02:45:49 +0530] "GET /project_details_view_report.php?id=176 HTTP/1.1" 200 13100 "-" "Mozilla/5.0 (compatible; bingbot/2.0; +http://www.bing.com/bingbot.htm)"
141.8.183.1 - - [05/Jun/2017:02:53:06 +0530] "GET /images/favicon.ico HTTP/1.1" 200 1406 "-" "Mozilla/5.0 (compatible; YandexBot/3.0; +http://yandex.com/bots)"
157.55.39.98 - - [05/Jun/2017:02:55:47 +0530] "GET /project_details_view.php?id=1557 HTTP/1.1" 200 14170 "-" "Mozilla/5.0 (compatible; bingbot/2.0; +http://www.bing.com/bingbot.htm)"
157.55.39.98 - - [05/Jun/2017:02:59:04 +0530] "GET /project_details_view.php?id=1503 HTTP/1.1" 200 15123 "-" "Mozilla/5.0 (compatible; bingbot/2.0; +http://www.bing.com/bingbot.htm)"
49.228.113.186 - - [05/Jun/2017:03:00:10 +0530] "GET /approval_process.php HTTP/1.0" 200 25911 "http://cdmindia.gov.in/approval_process.php" "Mozilla/5.0 (Windows NT 6.1; Win64; x64) AppleWebKit/537.36 (KHTML, like Gecko) Chrome/56.0.2924.87 Safari/537.36 OPR/43.0.2442.1144"
49.228.113.186 - - [05/Jun/2017:03:00:11 +0530] "GET /registration.php HTTP/1.0" 200 28528 "http://cdmindia.gov.in/registration.php" "Mozilla/5.0 (Windows NT 6.1; Win64; x64) AppleWebKit/537.36 (KHTML, like Gecko) Chrome/56.0.2924.87 Safari/537.36 OPR/43.0.2442.1144"
49.228.113.186 - - [05/Jun/2017:03:00:14 +0530] "GET /registration.php HTTP/1.0" 200 28528 "http://cdmindia.gov.in/registration.php" "Mozilla/5.0 (Windows NT 6.1; Win64; x64) AppleWebKit/537.36 (KHTML, like Gecko) Chrome/56.0.2924.87 Safari/537.36 OPR/43.0.2442.1144"
49.228.113.186 - - [05/Jun/2017:03:00:15 +0530] "GET /registration.php HTTP/1.0" 200 28528 "http://cdmindia.gov.in/registration.php" "Mozilla/5.0 (Windows NT 6.1; Win64; x64) AppleWebKit/537.36 (KHTML, like Gecko) Chrome/56.0.2924.87 Safari/537.36 OPR/43.0.2442.1144"
49.228.113.186 - - [05/Jun/2017:03:00:17 +0530] "GET /registration.php HTTP/1.0" 200 28528 "http://cdmindia.gov.in/registration.php" "Mozilla/5.0 (Windows NT 6.1; Win64; x64) AppleWebKit/537.36 (KHTML, like Gecko) Chrome/56.0.2924.87 Safari/537.36 OPR/43.0.2442.1144"
66.249.79.131 - - [05/Jun/2017:03:06:58 +0530] "GET /project_details_view.php?id=257 HTTP/1.1" 200 14373 "-" "Mozilla/5.0 (Linux; Android 6.0.1; Nexus 5X Build/MMB29P) AppleWebKit/537.36 (KHTML, like Gecko) Chrome/41.0.2272.96 Mobile Safari/537.36 (compatible; Googlebot/2.1; +http://www.google.com/bot.html)"
35.184.189.105 - - [05/Jun/2017:03:12:17 +0530] "GET /robots.txt HTTP/1.1" 404 208 "-" "ltx71 - (http://ltx71.com/)"
35.184.189.105 - - [05/Jun/2017:03:14:12 +0530] "GET /aboutus.php HTTP/1.1" 200 19596 "-" "ltx71 - (http://ltx71.com/)"
35.184.189.105 - - [05/Jun/2017:03:18:36 +0530] "GET /robots.txt HTTP/1.1" 404 208 "-" "ltx71 - (http://ltx71.com/)"
157.55.39.229 - - [05/Jun/2017:03:18:44 +0530] "GET /project_details_view.php?id=993 HTTP/1.1" 200 13681 "-" "Mozilla/5.0 (iPhone; CPU iPhone OS 7_0 like Mac OS X) AppleWebKit/537.51.1 (KHTML, like Gecko) Version/7.0 Mobile/11A465 Safari/9537.53 (compatible; bingbot/2.0; +http://www.bing.com/bingbot.htm)"
35.184.189.105 - - [05/Jun/2017:03:19:34 +0530] "GET /future_projects.php HTTP/1.1" 302 26209 "-" "ltx71 - (http://ltx71.com/)"
35.184.189.105 - - [05/Jun/2017:03:27:26 +0530] "GET /robots.txt HTTP/1.1" 404 208 "-" "ltx71 - (http://ltx71.com/)"
40.77.167.85 - - [05/Jun/2017:03:28:43 +0530] "GET /project_details_view_report.php?id=522 HTTP/1.1" 200 13184 "-" "Mozilla/5.0 (iPhone; CPU iPhone OS 7_0 like Mac OS X) AppleWebKit/537.51.1 (KHTML, like Gecko) Version/7.0 Mobile/11A465 Safari/9537.53 (compatible; bingbot/2.0; +http://www.bing.com/bingbot.htm)"
202.46.58.71 - - [05/Jun/2017:03:29:04 +0530] "GET /project_details_view.php?id=1422 HTTP/1.1" 200 14455 "-" "Mozilla/5.0 (Windows NT 10.0; WOW64) AppleWebKit/537.36 (KHTML, like Gecko) Chrome/45.0.2454.93 Safari/537.36"
5.196.87.48 - - [05/Jun/2017:03:31:27 +0530] "GET /robots.txt HTTP/1.1" 404 208 "-" "Mozilla/5.0 (compatible; AhrefsBot/5.2; +http://ahrefs.com/robot/)"
178.197.236.183 - - [05/Jun/2017:03:34:55 +0530] "GET /project_details_view.php?id='1408 HTTP/1.1" 200 11449 "-" "-"
35.184.189.105 - - [05/Jun/2017:03:35:33 +0530] "GET /robots.txt HTTP/1.1" 404 208 "-" "ltx71 - (http://ltx71.com/)"
35.184.189.105 - - [05/Jun/2017:03:36:53 +0530] "GET /imp_links.php HTTP/1.1" 200 17833 "-" "ltx71 - (http://ltx71.com/)"
66.249.79.133 - - [05/Jun/2017:03:37:39 +0530] "GET /project_details_view.php?id=204 HTTP/1.1" 200 14099 "-" "Mozilla/5.0 (compatible; Googlebot/2.1; +http://www.google.com/bot.html)"
35.184.189.105 - - [05/Jun/2017:03:38:01 +0530] "GET /js/base64_encode.js HTTP/1.1" 200 3002 "-" "ltx71 - (http://ltx71.com/)"
40.77.167.85 - - [05/Jun/2017:03:42:29 +0530] "GET /project_details_view.php?id=10 HTTP/1.1" 200 14986 "-" "Mozilla/5.0 (compatible; bingbot/2.0; +http://www.bing.com/bingbot.htm)"
202.46.52.170 - - [05/Jun/2017:03:47:30 +0530] "GET /project_details_view.php?id=702 HTTP/1.1" 200 14372 "-" "Mozilla/5.0 (Windows NT 10.0; WOW64) AppleWebKit/537.36 (KHTML, like Gecko) Chrome/45.0.2454.93 Safari/537.36"
66.249.79.131 - - [05/Jun/2017:03:47:47 +0530] "GET / HTTP/1.1" 200 19479 "-" "Mozilla/5.0 (compatible; Googlebot/2.1; +http://www.google.com/bot.html)"
35.184.189.105 - - [05/Jun/2017:03:53:00 +0530] "GET /robots.txt HTTP/1.1" 404 208 "-" "ltx71 - (http://ltx71.com/)"
35.184.189.105 - - [05/Jun/2017:03:53:23 +0530] "GET /logout.php HTTP/1.1" 302 369 "-" "ltx71 - (http://ltx71.com/)"
92.36.200.8 - - [05/Jun/2017:03:54:47 +0530] "GET /wp-login.php HTTP/1.1" 404 210 "-" "Mozilla/5.0 (Windows NT 6.1; WOW64; rv:40.0) Gecko/20100101 Firefox/40.1"
92.36.200.8 - - [05/Jun/2017:03:54:47 +0530] "GET / HTTP/1.1" 200 19479 "-" "Mozilla/5.0 (Windows NT 6.1; WOW64; rv:40.0) Gecko/20100101 Firefox/40.1"
35.184.189.105 - - [05/Jun/2017:03:56:12 +0530] "GET /robots.txt HTTP/1.1" 404 208 "-" "ltx71 - (http://ltx71.com/)"
35.184.189.105 - - [05/Jun/2017:03:57:19 +0530] "GET /images/NCDMA%20PCN%20Format%2017072009.doc HTTP/1.1" 200 114176 "-" "ltx71 - (http://ltx71.com/)"
157.55.39.239 - - [05/Jun/2017:03:57:29 +0530] "GET /project_details_view.php?id=133 HTTP/1.1" 200 14807 "-" "Mozilla/5.0 (iPhone; CPU iPhone OS 7_0 like Mac OS X) AppleWebKit/537.51.1 (KHTML, like Gecko) Version/7.0 Mobile/11A465 Safari/9537.53 (compatible; bingbot/2.0; +http://www.bing.com/bingbot.htm)"
157.55.39.239 - - [05/Jun/2017:03:58:54 +0530] "GET /project_details_view_report.php?id=957 HTTP/1.1" 200 13173 "-" "Mozilla/5.0 (iPhone; CPU iPhone OS 7_0 like Mac OS X) AppleWebKit/537.51.1 (KHTML, like Gecko) Version/7.0 Mobile/11A465 Safari/9537.53 (compatible; bingbot/2.0; +http://www.bing.com/bingbot.htm)"
40.77.167.85 - - [05/Jun/2017:04:02:39 +0530] "GET /detail_news.php?id=20 HTTP/1.1" 302 18265 "-" "Mozilla/5.0 (compatible; bingbot/2.0; +http://www.bing.com/bingbot.htm)"
40.77.167.85 - - [05/Jun/2017:04:02:40 +0530] "GET /logout.php HTTP/1.1" 302 369 "-" "Mozilla/5.0 (compatible; bingbot/2.0; +http://www.bing.com/bingbot.htm)"
40.77.167.85 - - [05/Jun/2017:04:02:41 +0530] "GET /index.php HTTP/1.1" 200 19479 "-" "Mozilla/5.0 (compatible; bingbot/2.0; +http://www.bing.com/bingbot.htm)"
90.28.53.7 - - [05/Jun/2017:04:07:58 +0530] "GET /robots.txt HTTP/1.1" 404 208 "-" "Java/1.8.0_101"
40.77.167.85 - - [05/Jun/2017:04:13:40 +0530] "GET /downloads/Carbon%20Market%20Roadmap.pdf HTTP/1.1" 200 4344697 "-" "Mozilla/5.0 (compatible; bingbot/2.0; +http://www.bing.com/bingbot.htm)"
35.184.189.105 - - [05/Jun/2017:04:16:19 +0530] "GET /robots.txt HTTP/1.1" 404 208 "-" "ltx71 - (http://ltx71.com/)"
157.55.39.98 - - [05/Jun/2017:04:20:07 +0530] "GET /project_details_view_report.php?id=830 HTTP/1.1" 200 13182 "-" "Mozilla/5.0 (iPhone; CPU iPhone OS 7_0 like Mac OS X) AppleWebKit/537.51.1 (KHTML, like Gecko) Version/7.0 Mobile/11A465 Safari/9537.53 (compatible; bingbot/2.0; +http://www.bing.com/bingbot.htm)"
202.46.48.147 - - [05/Jun/2017:04:24:23 +0530] "GET /project_details_view_report.php?id=1270 HTTP/1.1" 200 13246 "-" "Mozilla/5.0 (Windows NT 10.0; WOW64) AppleWebKit/537.36 (KHTML, like Gecko) Chrome/45.0.2454.93 Safari/537.36"
35.184.189.105 - - [05/Jun/2017:04:24:32 +0530] "GET /robots.txt HTTP/1.1" 404 208 "-" "ltx71 - (http://ltx71.com/)"
35.184.189.105 - - [05/Jun/2017:04:29:14 +0530] "GET /robots.txt HTTP/1.1" 404 208 "-" "ltx71 - (http://ltx71.com/)"
41.239.47.68 - - [05/Jun/2017:04:33:30 +0530] "GET /wp-login.php HTTP/1.1" 404 210 "-" "Mozilla/5.0 (Windows NT 6.1; WOW64; rv:40.0) Gecko/20100101 Firefox/40.1"
41.239.47.68 - - [05/Jun/2017:04:33:31 +0530] "GET / HTTP/1.1" 200 19479 "-" "Mozilla/5.0 (Windows NT 6.1; WOW64; rv:40.0) Gecko/20100101 Firefox/40.1"
210.232.15.28 - - [05/Jun/2017:04:34:40 +0530] "GET / HTTP/1.1" 200 19479 "-" "Mozilla/5.0 (Windows NT 5.1; rv:6.0.2) Gecko/20100101 Firefox/6.0.2"
157.55.39.239 - - [05/Jun/2017:04:36:54 +0530] "GET /downloads/New%20PCN.doc HTTP/1.1" 200 435200 "-" "Mozilla/5.0 (compatible; bingbot/2.0; +http://www.bing.com/bingbot.htm)"
180.76.15.139 - - [05/Jun/2017:04:39:03 +0530] "GET / HTTP/1.1" 200 19479 "-" "Mozilla/5.0 (compatible; Baiduspider/2.0; +http://www.baidu.com/search/spider.html)"
35.184.189.105 - - [05/Jun/2017:04:40:13 +0530] "GET /robots.txt HTTP/1.1" 404 208 "-" "ltx71 - (http://ltx71.com/)"
202.46.54.158 - - [05/Jun/2017:04:42:49 +0530] "GET /project_details_view_report.php?id=1500 HTTP/1.1" 200 13220 "-" "Mozilla/5.0 (Windows NT 10.0; WOW64) AppleWebKit/537.36 (KHTML, like Gecko) Chrome/45.0.2454.93 Safari/537.36"
207.46.13.201 - - [05/Jun/2017:04:46:51 +0530] "GET /robots.txt HTTP/1.1" 404 208 "-" "Mozilla/5.0 (compatible; bingbot/2.0; +http://www.bing.com/bingbot.htm)"
157.55.39.229 - - [05/Jun/2017:04:47:19 +0530] "GET /constitution.php HTTP/1.1" 200 23668 "-" "Mozilla/5.0 (compatible; bingbot/2.0; +http://www.bing.com/bingbot.htm)"
40.77.167.85 - - [05/Jun/2017:04:49:26 +0530] "GET /project_details_view.php?id=541 HTTP/1.1" 200 14751 "-" "Mozilla/5.0 (compatible; bingbot/2.0; +http://www.bing.com/bingbot.htm)"
123.30.175.177 - - [05/Jun/2017:04:51:56 +0530] "GET /robots.txt HTTP/1.1" 404 208 "-" "Mozilla/5.0 (compatible; coccocbot-web/1.0; +http://help.coccoc.com/searchengine)"
123.30.175.179 - - [05/Jun/2017:04:51:58 +0530] "GET /project_details_view.php?id=1942 HTTP/1.1" 200 14348 "-" "Mozilla/5.0 (compatible; coccocbot-web/1.0; +http://help.coccoc.com/searchengine)"
157.55.39.229 - - [05/Jun/2017:04:53:00 +0530] "GET /downloads/Template_sharing%202Percent.doc HTTP/1.1" 200 73728 "-" "Mozilla/5.0 (compatible; bingbot/2.0; +http://www.bing.com/bingbot.htm)"
141.8.142.74 - - [05/Jun/2017:04:55:00 +0530] "GET /project_details_view_report.php?id=1030 HTTP/1.1" 200 13159 "-" "Mozilla/5.0 (compatible; YandexBot/3.0; +http://yandex.com/bots)"
40.77.167.85 - - [05/Jun/2017:04:56:18 +0530] "GET /news_more.php HTTP/1.1" 200 21060 "-" "Mozilla/5.0 (compatible; bingbot/2.0; +http://www.bing.com/bingbot.htm)"
35.184.189.105 - - [05/Jun/2017:04:58:00 +0530] "GET /robots.txt HTTP/1.1" 404 208 "-" "ltx71 - (http://ltx71.com/)"
35.184.189.105 - - [05/Jun/2017:04:58:56 +0530] "GET /view_past_events.php HTTP/1.1" 200 18853 "-" "ltx71 - (http://ltx71.com/)"
35.184.189.105 - - [05/Jun/2017:05:00:39 +0530] "GET /downloads/Existing%20PCN.doc HTTP/1.1" 200 114176 "-" "ltx71 - (http://ltx71.com/)"
202.46.52.61 - - [05/Jun/2017:05:01:15 +0530] "GET /project_details_view.php?id=1222 HTTP/1.1" 200 14918 "-" "Mozilla/5.0 (Windows NT 10.0; WOW64) AppleWebKit/537.36 (KHTML, like Gecko) Chrome/45.0.2454.93 Safari/537.36"
35.184.189.105 - - [05/Jun/2017:05:02:08 +0530] "GET /Scripts/AC_RunActiveContent.js HTTP/1.1" 200 8321 "-" "ltx71 - (http://ltx71.com/)"
35.184.189.105 - - [05/Jun/2017:05:05:26 +0530] "GET /robots.txt HTTP/1.1" 404 208 "-" "ltx71 - (http://ltx71.com/)"
35.184.189.105 - - [05/Jun/2017:05:06:09 +0530] "GET /events_more.php HTTP/1.1" 200 16904 "-" "ltx71 - (http://ltx71.com/)"
157.55.39.98 - - [05/Jun/2017:05:07:29 +0530] "GET /project_details_view_report.php?id=1667 HTTP/1.1" 200 13140 "-" "Mozilla/5.0 (compatible; bingbot/2.0; +http://www.bing.com/bingbot.htm)"
35.184.189.105 - - [05/Jun/2017:05:13:47 +0530] "GET /robots.txt HTTP/1.1" 404 208 "-" "ltx71 - (http://ltx71.com/)"
35.184.189.105 - - [05/Jun/2017:05:15:41 +0530] "GET /js/index_validations.js HTTP/1.1" 200 3143 "-" "ltx71 - (http://ltx71.com/)"
35.184.189.105 - - [05/Jun/2017:05:16:33 +0530] "GET /images/NCDMA%20PCN%20Format%2017072009.doc HTTP/1.1" 200 114176 "-" "ltx71 - (http://ltx71.com/)"
35.184.189.105 - - [05/Jun/2017:05:18:02 +0530] "GET /detail_news.php?id=11 HTTP/1.1" 302 18420 "-" "ltx71 - (http://ltx71.com/)"
157.55.39.229 - - [05/Jun/2017:05:18:49 +0530] "GET /downloads/Template_sharing%202Percent.doc HTTP/1.1" 200 73728 "-" "Mozilla/5.0 (compatible; bingbot/2.0; +http://www.bing.com/bingbot.htm)"
157.55.39.229 - - [05/Jun/2017:05:19:44 +0530] "GET /detail_events.php?id= HTTP/1.1" 302 16737 "-" "Mozilla/5.0 (compatible; bingbot/2.0; +http://www.bing.com/bingbot.htm)"
157.55.39.229 - - [05/Jun/2017:05:19:45 +0530] "GET /logout.php HTTP/1.1" 302 369 "-" "Mozilla/5.0 (compatible; bingbot/2.0; +http://www.bing.com/bingbot.htm)"
157.55.39.229 - - [05/Jun/2017:05:19:46 +0530] "GET /index.php HTTP/1.1" 200 19479 "-" "Mozilla/5.0 (compatible; bingbot/2.0; +http://www.bing.com/bingbot.htm)"
157.55.39.229 - - [05/Jun/2017:05:20:16 +0530] "GET /sitemap.php HTTP/1.1" 200 18468 "-" "Mozilla/5.0 (compatible; bingbot/2.0; +http://www.bing.com/bingbot.htm)"
35.184.189.105 - - [05/Jun/2017:05:37:28 +0530] "GET /robots.txt HTTP/1.1" 404 208 "-" "ltx71 - (http://ltx71.com/)"
202.46.49.63 - - [05/Jun/2017:05:38:08 +0530] "GET /project_details_view_report.php?id=101 HTTP/1.1" 200 13193 "-" "Mozilla/5.0 (Windows NT 10.0; WOW64) AppleWebKit/537.36 (KHTML, like Gecko) Chrome/45.0.2454.93 Safari/537.36"
211.0.154.125 - - [05/Jun/2017:05:38:12 +0530] "GET / HTTP/1.1" 200 19479 "-" "Mozilla/5.0 (Windows NT 5.1; rv:6.0.2) Gecko/20100101 Firefox/6.0.2"
35.184.189.105 - - [05/Jun/2017:05:38:54 +0530] "GET /reports_new.php?n=1 HTTP/1.1" 200 22410 "-" "ltx71 - (http://ltx71.com/)"
66.249.79.133 - - [05/Jun/2017:05:38:58 +0530] "GET / HTTP/1.1" 200 19479 "-" "Mozilla/5.0 (compatible; Googlebot/2.1; +http://www.google.com/bot.html)"
76.186.1.174 - - [05/Jun/2017:05:39:59 +0530] "GET /project_details_view.php?id=1617 HTTP/1.1" 200 14719 "https://www.google.com/" "Mozilla/5.0 (Windows NT 10.0; Win64; x64) AppleWebKit/537.36 (KHTML, like Gecko) Chrome/58.0.3029.110 Safari/537.36"
76.186.1.174 - - [05/Jun/2017:05:40:00 +0530] "GET /includes/ncdma.css HTTP/1.1" 200 13023 "http://www.cdmindia.gov.in/project_details_view.php?id=1617" "Mozilla/5.0 (Windows NT 10.0; Win64; x64) AppleWebKit/537.36 (KHTML, like Gecko) Chrome/58.0.3029.110 Safari/537.36"
76.186.1.174 - - [05/Jun/2017:05:40:00 +0530] "GET /ncdma.css HTTP/1.1" 200 12640 "http://www.cdmindia.gov.in/project_details_view.php?id=1617" "Mozilla/5.0 (Windows NT 10.0; Win64; x64) AppleWebKit/537.36 (KHTML, like Gecko) Chrome/58.0.3029.110 Safari/537.36"
76.186.1.174 - - [05/Jun/2017:05:40:00 +0530] "GET /Scripts/AC_RunActiveContent.js HTTP/1.1" 200 8321 "http://www.cdmindia.gov.in/project_details_view.php?id=1617" "Mozilla/5.0 (Windows NT 10.0; Win64; x64) AppleWebKit/537.36 (KHTML, like Gecko) Chrome/58.0.3029.110 Safari/537.36"
76.186.1.174 - - [05/Jun/2017:05:40:01 +0530] "GET /images/img2.jpg HTTP/1.1" 200 16276 "http://www.cdmindia.gov.in/project_details_view.php?id=1617" "Mozilla/5.0 (Windows NT 10.0; Win64; x64) AppleWebKit/537.36 (KHTML, like Gecko) Chrome/58.0.3029.110 Safari/537.36"
76.186.1.174 - - [05/Jun/2017:05:40:01 +0530] "GET /images/img1.jpg HTTP/1.1" 200 1251 "http://www.cdmindia.gov.in/project_details_view.php?id=1617" "Mozilla/5.0 (Windows NT 10.0; Win64; x64) AppleWebKit/537.36 (KHTML, like Gecko) Chrome/58.0.3029.110 Safari/537.36"
76.186.1.174 - - [05/Jun/2017:05:40:01 +0530] "GET /images/spacer.gif HTTP/1.1" 200 43 "http://www.cdmindia.gov.in/project_details_view.php?id=1617" "Mozilla/5.0 (Windows NT 10.0; Win64; x64) AppleWebKit/537.36 (KHTML, like Gecko) Chrome/58.0.3029.110 Safari/537.36"
76.186.1.174 - - [05/Jun/2017:05:40:01 +0530] "GET /images/bullet1.gif HTTP/1.1" 200 67 "http://www.cdmindia.gov.in/project_details_view.php?id=1617" "Mozilla/5.0 (Windows NT 10.0; Win64; x64) AppleWebKit/537.36 (KHTML, like Gecko) Chrome/58.0.3029.110 Safari/537.36"
76.186.1.174 - - [05/Jun/2017:05:40:01 +0530] "GET /images/bulllet2.gif HTTP/1.1" 200 58 "http://www.cdmindia.gov.in/project_details_view.php?id=1617" "Mozilla/5.0 (Windows NT 10.0; Win64; x64) AppleWebKit/537.36 (KHTML, like Gecko) Chrome/58.0.3029.110 Safari/537.36"
76.186.1.174 - - [05/Jun/2017:05:40:01 +0530] "GET /images/img3.jpg HTTP/1.1" 200 26957 "http://www.cdmindia.gov.in/project_details_view.php?id=1617" "Mozilla/5.0 (Windows NT 10.0; Win64; x64) AppleWebKit/537.36 (KHTML, like Gecko) Chrome/58.0.3029.110 Safari/537.36"
76.186.1.174 - - [05/Jun/2017:05:40:01 +0530] "GET /images/bullet4.gif HTTP/1.1" 200 67 "http://www.cdmindia.gov.in/project_details_view.php?id=1617" "Mozilla/5.0 (Windows NT 10.0; Win64; x64) AppleWebKit/537.36 (KHTML, like Gecko) Chrome/58.0.3029.110 Safari/537.36"
76.186.1.174 - - [05/Jun/2017:05:40:02 +0530] "GET /images/fdm.jpg HTTP/1.1" 200 2043 "http://www.cdmindia.gov.in/project_details_view.php?id=1617" "Mozilla/5.0 (Windows NT 10.0; Win64; x64) AppleWebKit/537.36 (KHTML, like Gecko) Chrome/58.0.3029.110 Safari/537.36"
76.186.1.174 - - [05/Jun/2017:05:40:02 +0530] "GET /images/gtz.jpg HTTP/1.1" 200 15484 "http://www.cdmindia.gov.in/project_details_view.php?id=1617" "Mozilla/5.0 (Windows NT 10.0; Win64; x64) AppleWebKit/537.36 (KHTML, like Gecko) Chrome/58.0.3029.110 Safari/537.36"
76.186.1.174 - - [05/Jun/2017:05:40:02 +0530] "GET /images/fbg.jpg HTTP/1.1" 200 325 "http://www.cdmindia.gov.in/project_details_view.php?id=1617" "Mozilla/5.0 (Windows NT 10.0; Win64; x64) AppleWebKit/537.36 (KHTML, like Gecko) Chrome/58.0.3029.110 Safari/537.36"
76.186.1.174 - - [05/Jun/2017:05:40:02 +0530] "GET /favicon.ico HTTP/1.1" 200 1189 "http://www.cdmindia.gov.in/project_details_view.php?id=1617" "Mozilla/5.0 (Windows NT 10.0; Win64; x64) AppleWebKit/537.36 (KHTML, like Gecko) Chrome/58.0.3029.110 Safari/537.36"
157.55.39.229 - - [05/Jun/2017:05:40:27 +0530] "GET /constitution.php HTTP/1.1" 200 23668 "-" "Mozilla/5.0 (compatible; bingbot/2.0; +http://www.bing.com/bingbot.htm)"
76.186.1.174 - - [05/Jun/2017:05:41:17 +0530] "GET /project_details_view.php?id=1617 HTTP/1.1" 200 14719 "https://www.google.com/" "Mozilla/5.0 (Windows NT 10.0; Win64; x64) AppleWebKit/537.36 (KHTML, like Gecko) Chrome/58.0.3029.110 Safari/537.36"
157.55.39.229 - - [05/Jun/2017:05:45:12 +0530] "GET /imp_links.php HTTP/1.1" 200 17833 "-" "Mozilla/5.0 (compatible; bingbot/2.0; +http://www.bing.com/bingbot.htm)"
157.55.39.239 - - [05/Jun/2017:05:47:35 +0530] "GET /downloads/Comparision%20of%20PCN_30.03.doc HTTP/1.1" 200 49664 "-" "Mozilla/5.0 (compatible; bingbot/2.0; +http://www.bing.com/bingbot.htm)"
35.184.189.105 - - [05/Jun/2017:05:48:18 +0530] "GET /robots.txt HTTP/1.1" 404 208 "-" "ltx71 - (http://ltx71.com/)"
157.55.39.229 - - [05/Jun/2017:05:48:31 +0530] "GET /project_details_view.php?id=1935 HTTP/1.1" 200 13646 "-" "Mozilla/5.0 (compatible; bingbot/2.0; +http://www.bing.com/bingbot.htm)"
180.76.15.148 - - [05/Jun/2017:05:48:45 +0530] "GET / HTTP/1.1" 200 19479 "-" "Mozilla/5.0 (compatible; Baiduspider/2.0; +http://www.baidu.com/search/spider.html)"
180.76.15.151 - - [05/Jun/2017:05:49:12 +0530] "GET / HTTP/1.1" 200 19479 "-" "Mozilla/5.0 (compatible; Baiduspider/2.0; +http://www.baidu.com/search/spider.html)"
157.55.39.229 - - [05/Jun/2017:05:50:24 +0530] "GET /project_details_view_report.php?id=176 HTTP/1.1" 200 13100 "-" "Mozilla/5.0 (iPhone; CPU iPhone OS 7_0 like Mac OS X) AppleWebKit/537.51.1 (KHTML, like Gecko) Version/7.0 Mobile/11A465 Safari/9537.53 (compatible; bingbot/2.0; +http://www.bing.com/bingbot.htm)"
35.184.189.105 - - [05/Jun/2017:05:51:55 +0530] "GET /robots.txt HTTP/1.1" 404 208 "-" "ltx71 - (http://ltx71.com/)"
35.184.189.105 - - [05/Jun/2017:05:55:31 +0530] "GET /robots.txt HTTP/1.1" 404 208 "-" "ltx71 - (http://ltx71.com/)"
202.46.49.68 - - [05/Jun/2017:05:56:34 +0530] "GET /project_details_view.php?id=1631 HTTP/1.1" 200 14897 "-" "Mozilla/5.0 (Windows NT 10.0; WOW64) AppleWebKit/537.36 (KHTML, like Gecko) Chrome/45.0.2454.93 Safari/537.36"
40.77.167.85 - - [05/Jun/2017:06:00:48 +0530] "GET /detail_news.php?id=19 HTTP/1.1" 302 19081 "-" "Mozilla/5.0 (compatible; bingbot/2.0; +http://www.bing.com/bingbot.htm)"
40.77.167.85 - - [05/Jun/2017:06:00:48 +0530] "GET /logout.php HTTP/1.1" 302 369 "-" "Mozilla/5.0 (compatible; bingbot/2.0; +http://www.bing.com/bingbot.htm)"
40.77.167.85 - - [05/Jun/2017:06:00:49 +0530] "GET /index.php HTTP/1.1" 200 19479 "-" "Mozilla/5.0 (compatible; bingbot/2.0; +http://www.bing.com/bingbot.htm)"
157.55.39.98 - - [05/Jun/2017:06:01:13 +0530] "GET /contactus.php HTTP/1.1" 200 18291 "-" "Mozilla/5.0 (compatible; bingbot/2.0; +http://www.bing.com/bingbot.htm)"
157.55.39.229 - - [05/Jun/2017:06:07:09 +0530] "GET /project_details_view_report.php?id=1896 HTTP/1.1" 200 13198 "-" "Mozilla/5.0 (iPhone; CPU iPhone OS 7_0 like Mac OS X) AppleWebKit/537.51.1 (KHTML, like Gecko) Version/7.0 Mobile/11A465 Safari/9537.53 (compatible; bingbot/2.0; +http://www.bing.com/bingbot.htm)"
157.55.39.98 - - [05/Jun/2017:06:07:22 +0530] "GET /registration.php HTTP/1.1" 302 28528 "-" "Mozilla/5.0 (compatible; bingbot/2.0; +http://www.bing.com/bingbot.htm)"
157.55.39.98 - - [05/Jun/2017:06:07:27 +0530] "GET /logout.php HTTP/1.1" 302 369 "-" "Mozilla/5.0 (compatible; bingbot/2.0; +http://www.bing.com/bingbot.htm)"
157.55.39.98 - - [05/Jun/2017:06:07:28 +0530] "GET /index.php HTTP/1.1" 200 19479 "-" "Mozilla/5.0 (compatible; bingbot/2.0; +http://www.bing.com/bingbot.htm)"
49.35.21.130 - - [05/Jun/2017:06:08:14 +0530] "GET /project_details_view.php?id=1543 HTTP/1.1" 200 14434 "http://www.google.co.in/search?site=webhp&source=hp&ei=1qc0WfytMYyJvQSjm4awBg&q=vaspet+maharashtra&oq=vhaspet&gs_l=mobile-gws-hp.1.1.0i13k1l3j0i13i30k1l2.3317.9341.0.13832.8.8.0.1.1.0.254.1673.0j3j5.8.0....0...1.1.64.mobile-gws-hp..0.8.1480.3..0j41j0i131k1j0i10k1j0i13i10k1.wmaR6ksT6ic" "Mozilla/5.0 (Linux; U; Android 6.0; en-US; Lenovo K50a40 Build/MRA58K) AppleWebKit/534.30 (KHTML, like Gecko) Version/4.0 UCBrowser/11.3.2.960 U3/0.8.0 Mobile Safari/534.30"
49.35.21.130 - - [05/Jun/2017:06:08:14 +0530] "GET /includes/ncdma.css HTTP/1.1" 200 13023 "http://www.cdmindia.gov.in/project_details_view.php?id=1543" "Mozilla/5.0 (Linux; U; Android 6.0; en-US; Lenovo K50a40 Build/MRA58K) AppleWebKit/534.30 (KHTML, like Gecko) Version/4.0 UCBrowser/11.3.2.960 U3/0.8.0 Mobile Safari/534.30"
49.35.21.130 - - [05/Jun/2017:06:08:14 +0530] "GET /Scripts/AC_RunActiveContent.js HTTP/1.1" 200 8321 "http://www.cdmindia.gov.in/project_details_view.php?id=1543" "Mozilla/5.0 (Linux; U; Android 6.0; en-US; Lenovo K50a40 Build/MRA58K) AppleWebKit/534.30 (KHTML, like Gecko) Version/4.0 UCBrowser/11.3.2.960 U3/0.8.0 Mobile Safari/534.30"
49.35.21.130 - - [05/Jun/2017:06:08:14 +0530] "GET /ncdma.css HTTP/1.1" 200 12640 "http://www.cdmindia.gov.in/project_details_view.php?id=1543" "Mozilla/5.0 (Linux; U; Android 6.0; en-US; Lenovo K50a40 Build/MRA58K) AppleWebKit/534.30 (KHTML, like Gecko) Version/4.0 UCBrowser/11.3.2.960 U3/0.8.0 Mobile Safari/534.30"
49.35.21.130 - - [05/Jun/2017:06:08:14 +0530] "GET /images/spacer.gif HTTP/1.1" 200 43 "http://www.cdmindia.gov.in/project_details_view.php?id=1543" "Mozilla/5.0 (Linux; U; Android 6.0; en-US; Lenovo K50a40 Build/MRA58K) AppleWebKit/534.30 (KHTML, like Gecko) Version/4.0 UCBrowser/11.3.2.960 U3/0.8.0 Mobile Safari/534.30"
49.35.21.130 - - [05/Jun/2017:06:08:14 +0530] "GET /images/bullet1.gif HTTP/1.1" 200 67 "http://www.cdmindia.gov.in/project_details_view.php?id=1543" "Mozilla/5.0 (Linux; U; Android 6.0; en-US; Lenovo K50a40 Build/MRA58K) AppleWebKit/534.30 (KHTML, like Gecko) Version/4.0 UCBrowser/11.3.2.960 U3/0.8.0 Mobile Safari/534.30"
49.35.21.130 - - [05/Jun/2017:06:08:14 +0530] "GET /images/img3.jpg HTTP/1.1" 200 26957 "http://www.cdmindia.gov.in/project_details_view.php?id=1543" "Mozilla/5.0 (Linux; U; Android 6.0; en-US; Lenovo K50a40 Build/MRA58K) AppleWebKit/534.30 (KHTML, like Gecko) Version/4.0 UCBrowser/11.3.2.960 U3/0.8.0 Mobile Safari/534.30"
49.35.21.130 - - [05/Jun/2017:06:08:14 +0530] "GET /images/img2.jpg HTTP/1.1" 200 16276 "http://www.cdmindia.gov.in/project_details_view.php?id=1543" "Mozilla/5.0 (Linux; U; Android 6.0; en-US; Lenovo K50a40 Build/MRA58K) AppleWebKit/534.30 (KHTML, like Gecko) Version/4.0 UCBrowser/11.3.2.960 U3/0.8.0 Mobile Safari/534.30"
49.35.21.130 - - [05/Jun/2017:06:08:15 +0530] "GET /images/bullet4.gif HTTP/1.1" 200 67 "http://www.cdmindia.gov.in/project_details_view.php?id=1543" "Mozilla/5.0 (Linux; U; Android 6.0; en-US; Lenovo K50a40 Build/MRA58K) AppleWebKit/534.30 (KHTML, like Gecko) Version/4.0 UCBrowser/11.3.2.960 U3/0.8.0 Mobile Safari/534.30"
49.35.21.130 - - [05/Jun/2017:06:08:15 +0530] "GET /images/bulllet2.gif HTTP/1.1" 200 58 "http://www.cdmindia.gov.in/project_details_view.php?id=1543" "Mozilla/5.0 (Linux; U; Android 6.0; en-US; Lenovo K50a40 Build/MRA58K) AppleWebKit/534.30 (KHTML, like Gecko) Version/4.0 UCBrowser/11.3.2.960 U3/0.8.0 Mobile Safari/534.30"
49.35.21.130 - - [05/Jun/2017:06:08:15 +0530] "GET /images/fdm.jpg HTTP/1.1" 200 2043 "http://www.cdmindia.gov.in/project_details_view.php?id=1543" "Mozilla/5.0 (Linux; U; Android 6.0; en-US; Lenovo K50a40 Build/MRA58K) AppleWebKit/534.30 (KHTML, like Gecko) Version/4.0 UCBrowser/11.3.2.960 U3/0.8.0 Mobile Safari/534.30"
49.35.21.130 - - [05/Jun/2017:06:08:15 +0530] "GET /images/gtz.jpg HTTP/1.1" 200 15484 "http://www.cdmindia.gov.in/project_details_view.php?id=1543" "Mozilla/5.0 (Linux; U; Android 6.0; en-US; Lenovo K50a40 Build/MRA58K) AppleWebKit/534.30 (KHTML, like Gecko) Version/4.0 UCBrowser/11.3.2.960 U3/0.8.0 Mobile Safari/534.30"
49.35.21.130 - - [05/Jun/2017:06:08:15 +0530] "GET /images/img1.jpg HTTP/1.1" 200 1251 "http://www.cdmindia.gov.in/project_details_view.php?id=1543" "Mozilla/5.0 (Linux; U; Android 6.0; en-US; Lenovo K50a40 Build/MRA58K) AppleWebKit/534.30 (KHTML, like Gecko) Version/4.0 UCBrowser/11.3.2.960 U3/0.8.0 Mobile Safari/534.30"
49.35.21.130 - - [05/Jun/2017:06:08:15 +0530] "GET /images/fbg.jpg HTTP/1.1" 200 325 "http://www.cdmindia.gov.in/project_details_view.php?id=1543" "Mozilla/5.0 (Linux; U; Android 6.0; en-US; Lenovo K50a40 Build/MRA58K) AppleWebKit/534.30 (KHTML, like Gecko) Version/4.0 UCBrowser/11.3.2.960 U3/0.8.0 Mobile Safari/534.30"
49.35.21.130 - - [05/Jun/2017:06:08:15 +0530] "GET /images/favicon.ico HTTP/1.1" 200 1406 "http://www.cdmindia.gov.in/project_details_view.php?id=1543" "Mozilla/5.0 (Linux; U; Android 6.0; en-US; Lenovo K50a40 Build/MRA58K) AppleWebKit/534.30 (KHTML, like Gecko) Version/4.0 UCBrowser/11.3.2.960 U3/0.8.0 Mobile Safari/534.30"
157.55.39.98 - - [05/Jun/2017:06:10:01 +0530] "GET /registration.php HTTP/1.1" 302 28528 "-" "Mozilla/5.0 (compatible; bingbot/2.0; +http://www.bing.com/bingbot.htm)"
157.55.39.98 - - [05/Jun/2017:06:10:01 +0530] "GET /logout.php HTTP/1.1" 302 369 "-" "Mozilla/5.0 (compatible; bingbot/2.0; +http://www.bing.com/bingbot.htm)"
157.55.39.98 - - [05/Jun/2017:06:10:25 +0530] "GET /index.php HTTP/1.1" 200 19479 "-" "Mozilla/5.0 (compatible; bingbot/2.0; +http://www.bing.com/bingbot.htm)"
202.46.50.186 - - [05/Jun/2017:06:15:32 +0530] "GET /project_details_view_report.php?id=653 HTTP/1.1" 200 13207 "-" "Mozilla/5.0 (Windows NT 10.0; WOW64) AppleWebKit/537.36 (KHTML, like Gecko) Chrome/45.0.2454.93 Safari/537.36"
40.77.167.85 - - [05/Jun/2017:06:18:16 +0530] "GET /downloads/Carbon%20Market%20Roadmap.pdf HTTP/1.1" 200 4344697 "-" "Mozilla/5.0 (compatible; bingbot/2.0; +http://www.bing.com/bingbot.htm)"
35.184.189.105 - - [05/Jun/2017:06:18:26 +0530] "GET /robots.txt HTTP/1.1" 404 208 "-" "ltx71 - (http://ltx71.com/)"
35.184.189.105 - - [05/Jun/2017:06:19:16 +0530] "GET /imp_links.php HTTP/1.1" 200 17833 "-" "ltx71 - (http://ltx71.com/)"
35.184.189.105 - - [05/Jun/2017:06:22:14 +0530] "GET /robots.txt HTTP/1.1" 404 208 "-" "ltx71 - (http://ltx71.com/)"
35.184.189.105 - - [05/Jun/2017:06:28:36 +0530] "GET /robots.txt HTTP/1.1" 404 208 "-" "ltx71 - (http://ltx71.com/)"
157.55.39.98 - - [05/Jun/2017:06:30:21 +0530] "GET /project_details_view.php?id=1547 HTTP/1.1" 200 13904 "-" "Mozilla/5.0 (iPhone; CPU iPhone OS 7_0 like Mac OS X) AppleWebKit/537.51.1 (KHTML, like Gecko) Version/7.0 Mobile/11A465 Safari/9537.53 (compatible; bingbot/2.0; +http://www.bing.com/bingbot.htm)"
37.49.224.141 - - [05/Jun/2017:06:30:31 +0530] "GET / HTTP/1.1" 200 19479 "-" "Mozilla/4.0 (compatible; MSIE 5.0; Windows NT; DigExt; DTS Agent"
40.77.167.85 - - [05/Jun/2017:06:31:20 +0530] "GET /reports_list_details.php?id=Himachal%20Pradesh&reporttype=2 HTTP/1.1" 200 21470 "-" "Mozilla/5.0 (iPhone; CPU iPhone OS 7_0 like Mac OS X) AppleWebKit/537.51.1 (KHTML, like Gecko) Version/7.0 Mobile/11A465 Safari/9537.53 (compatible; bingbot/2.0; +http://www.bing.com/bingbot.htm)"
157.55.39.98 - - [05/Jun/2017:06:32:46 +0530] "GET /approval_process.php HTTP/1.1" 200 25911 "-" "Mozilla/5.0 (compatible; bingbot/2.0; +http://www.bing.com/bingbot.htm)"
202.46.52.157 - - [05/Jun/2017:06:34:31 +0530] "GET / HTTP/1.1" 200 19479 "-" "Mozilla/5.0 (Windows NT 10.0; WOW64) AppleWebKit/537.36 (KHTML, like Gecko) Chrome/45.0.2454.93 Safari/537.36"
35.184.189.105 - - [05/Jun/2017:06:35:20 +0530] "GET /robots.txt HTTP/1.1" 404 208 "-" "ltx71 - (http://ltx71.com/)"
211.123.206.76 - - [05/Jun/2017:06:35:26 +0530] "GET / HTTP/1.1" 200 19479 "-" "Mozilla/5.0 (Windows NT 5.1; rv:6.0.2) Gecko/20100101 Firefox/6.0.2"
40.77.167.85 - - [05/Jun/2017:06:39:15 +0530] "GET /images/NCDMA%20PCN%20Format%2017072009.doc HTTP/1.1" 200 114176 "-" "Mozilla/5.0 (compatible; bingbot/2.0; +http://www.bing.com/bingbot.htm)"
