66.249.79.131 - - [16/Jun/2017:11:06:46 +0530] "GET /reports_list_details.php?id=pnjuzahme&reporttype=&page=129 HTTP/1.1" 200 21689 "-" "Mozilla/5.0 (compatible; Googlebot/2.1; +http://www.google.com/bot.html)"
146.148.64.128 - - [16/Jun/2017:11:07:59 +0530] "GET /robots.txt HTTP/1.1" 404 208 "-" "ltx71 - (http://ltx71.com/)"
171.79.65.79 - - [16/Jun/2017:11:08:31 +0530] "GET / HTTP/1.1" 200 19480 "-" "Mozilla/5.0 (Macintosh; Intel Mac OS X 10_12_5) AppleWebKit/603.2.4 (KHTML, like Gecko)"
171.79.65.79 - - [16/Jun/2017:11:08:31 +0530] "GET /apple-touch-icon-precomposed.png HTTP/1.1" 404 230 "-" "Safari/12603.2.4 CFNetwork/811.5.4 Darwin/16.6.0 (x86_64)"
171.79.65.79 - - [16/Jun/2017:11:08:31 +0530] "GET /apple-touch-icon.png HTTP/1.1" 404 218 "-" "Safari/12603.2.4 CFNetwork/811.5.4 Darwin/16.6.0 (x86_64)"
171.79.65.79 - - [16/Jun/2017:11:08:31 +0530] "GET /favicon.ico HTTP/1.1" 200 1189 "-" "Safari/12603.2.4 CFNetwork/811.5.4 Darwin/16.6.0 (x86_64)"
171.79.65.79 - - [16/Jun/2017:11:08:31 +0530] "GET / HTTP/1.1" 200 19480 "-" "Mozilla/5.0 (iPhone; CPU iPhone OS 10_0 like Mac OS X) AppleWebKit/602.1.38 (KHTML, like Gecko) Version/10.0 Mobile/14A300 Safari/602.1"
66.249.79.133 - - [16/Jun/2017:11:08:31 +0530] "GET /project_details_view.php?id=73 HTTP/1.1" 200 15321 "-" "Mozilla/5.0 (Linux; Android 6.0.1; Nexus 5X Build/MMB29P) AppleWebKit/537.36 (KHTML, like Gecko) Chrome/41.0.2272.96 Mobile Safari/537.36 (compatible; Googlebot/2.1; +http://www.google.com/bot.html)"
171.79.65.79 - - [16/Jun/2017:11:08:31 +0530] "GET /apple-touch-icon-precomposed.png HTTP/1.1" 404 230 "-" "Safari/12603.2.4 CFNetwork/811.5.4 Darwin/16.6.0 (x86_64)"
171.79.65.79 - - [16/Jun/2017:11:08:31 +0530] "GET /apple-touch-icon.png HTTP/1.1" 404 218 "-" "Safari/12603.2.4 CFNetwork/811.5.4 Darwin/16.6.0 (x86_64)"
59.145.219.172 - - [16/Jun/2017:11:09:15 +0530] "GET /project_details_view.php?id=1166 HTTP/1.1" 200 15045 "https://www.google.co.in/" "Mozilla/5.0 (Windows NT 6.1; Win64; x64) AppleWebKit/537.36 (KHTML, like Gecko) Chrome/58.0.3029.110 Safari/537.36"
59.145.219.172 - - [16/Jun/2017:11:09:16 +0530] "GET /Scripts/AC_RunActiveContent.js HTTP/1.1" 200 8321 "http://www.cdmindia.gov.in/project_details_view.php?id=1166" "Mozilla/5.0 (Windows NT 6.1; Win64; x64) AppleWebKit/537.36 (KHTML, like Gecko) Chrome/58.0.3029.110 Safari/537.36"
59.145.219.172 - - [16/Jun/2017:11:09:16 +0530] "GET /includes/ncdma.css HTTP/1.1" 200 13023 "http://www.cdmindia.gov.in/project_details_view.php?id=1166" "Mozilla/5.0 (Windows NT 6.1; Win64; x64) AppleWebKit/537.36 (KHTML, like Gecko) Chrome/58.0.3029.110 Safari/537.36"
59.145.219.172 - - [16/Jun/2017:11:09:16 +0530] "GET /ncdma.css HTTP/1.1" 200 12640 "http://www.cdmindia.gov.in/project_details_view.php?id=1166" "Mozilla/5.0 (Windows NT 6.1; Win64; x64) AppleWebKit/537.36 (KHTML, like Gecko) Chrome/58.0.3029.110 Safari/537.36"
59.145.219.172 - - [16/Jun/2017:11:09:17 +0530] "GET /images/bullet4.gif HTTP/1.1" 200 67 "http://www.cdmindia.gov.in/project_details_view.php?id=1166" "Mozilla/5.0 (Windows NT 6.1; Win64; x64) AppleWebKit/537.36 (KHTML, like Gecko) Chrome/58.0.3029.110 Safari/537.36"
59.145.219.172 - - [16/Jun/2017:11:09:17 +0530] "GET /images/bullet1.gif HTTP/1.1" 200 67 "http://www.cdmindia.gov.in/project_details_view.php?id=1166" "Mozilla/5.0 (Windows NT 6.1; Win64; x64) AppleWebKit/537.36 (KHTML, like Gecko) Chrome/58.0.3029.110 Safari/537.36"
59.145.219.172 - - [16/Jun/2017:11:09:17 +0530] "GET /images/spacer.gif HTTP/1.1" 200 43 "http://www.cdmindia.gov.in/project_details_view.php?id=1166" "Mozilla/5.0 (Windows NT 6.1; Win64; x64) AppleWebKit/537.36 (KHTML, like Gecko) Chrome/58.0.3029.110 Safari/537.36"
59.145.219.172 - - [16/Jun/2017:11:09:17 +0530] "GET /images/bulllet2.gif HTTP/1.1" 200 58 "http://www.cdmindia.gov.in/project_details_view.php?id=1166" "Mozilla/5.0 (Windows NT 6.1; Win64; x64) AppleWebKit/537.36 (KHTML, like Gecko) Chrome/58.0.3029.110 Safari/537.36"
59.145.219.172 - - [16/Jun/2017:11:09:17 +0530] "GET /images/img3.jpg HTTP/1.1" 200 26957 "http://www.cdmindia.gov.in/project_details_view.php?id=1166" "Mozilla/5.0 (Windows NT 6.1; Win64; x64) AppleWebKit/537.36 (KHTML, like Gecko) Chrome/58.0.3029.110 Safari/537.36"
59.145.219.172 - - [16/Jun/2017:11:09:17 +0530] "GET /images/img1.jpg HTTP/1.1" 200 1251 "http://www.cdmindia.gov.in/project_details_view.php?id=1166" "Mozilla/5.0 (Windows NT 6.1; Win64; x64) AppleWebKit/537.36 (KHTML, like Gecko) Chrome/58.0.3029.110 Safari/537.36"
59.145.219.172 - - [16/Jun/2017:11:09:17 +0530] "GET /images/fbg.jpg HTTP/1.1" 200 325 "http://www.cdmindia.gov.in/project_details_view.php?id=1166" "Mozilla/5.0 (Windows NT 6.1; Win64; x64) AppleWebKit/537.36 (KHTML, like Gecko) Chrome/58.0.3029.110 Safari/537.36"
59.145.219.172 - - [16/Jun/2017:11:09:17 +0530] "GET /images/gtz.jpg HTTP/1.1" 200 15484 "http://www.cdmindia.gov.in/project_details_view.php?id=1166" "Mozilla/5.0 (Windows NT 6.1; Win64; x64) AppleWebKit/537.36 (KHTML, like Gecko) Chrome/58.0.3029.110 Safari/537.36"
59.145.219.172 - - [16/Jun/2017:11:09:17 +0530] "GET /images/fdm.jpg HTTP/1.1" 200 2043 "http://www.cdmindia.gov.in/project_details_view.php?id=1166" "Mozilla/5.0 (Windows NT 6.1; Win64; x64) AppleWebKit/537.36 (KHTML, like Gecko) Chrome/58.0.3029.110 Safari/537.36"
59.145.219.172 - - [16/Jun/2017:11:09:20 +0530] "GET /images/img2.jpg HTTP/1.1" 200 16276 "http://www.cdmindia.gov.in/project_details_view.php?id=1166" "Mozilla/5.0 (Windows NT 6.1; Win64; x64) AppleWebKit/537.36 (KHTML, like Gecko) Chrome/58.0.3029.110 Safari/537.36"
59.145.219.172 - - [16/Jun/2017:11:09:20 +0530] "GET /favicon.ico HTTP/1.1" 200 1189 "http://www.cdmindia.gov.in/project_details_view.php?id=1166" "Mozilla/5.0 (Windows NT 6.1; Win64; x64) AppleWebKit/537.36 (KHTML, like Gecko) Chrome/58.0.3029.110 Safari/537.36"
146.148.64.128 - - [16/Jun/2017:11:09:59 +0530] "GET /imp_links.php HTTP/1.1" 200 17834 "-" "ltx71 - (http://ltx71.com/)"
146.148.64.128 - - [16/Jun/2017:11:11:00 +0530] "GET /js/base64_encode.js HTTP/1.1" 200 3002 "-" "ltx71 - (http://ltx71.com/)"
146.148.64.128 - - [16/Jun/2017:11:11:29 +0530] "GET /approval_process.php HTTP/1.1" 200 25912 "-" "ltx71 - (http://ltx71.com/)"
146.148.64.128 - - [16/Jun/2017:11:11:40 +0530] "GET /downloads/Comparision%20of%20PCN_30.03.doc HTTP/1.1" 200 49664 "-" "ltx71 - (http://ltx71.com/)"
146.148.64.128 - - [16/Jun/2017:11:12:15 +0530] "GET /downloads/Existing%20PCN.doc HTTP/1.1" 200 114176 "-" "ltx71 - (http://ltx71.com/)"
66.249.79.133 - - [16/Jun/2017:11:13:30 +0530] "GET /project_details_view_report.php?id=929 HTTP/1.1" 200 13212 "-" "Mozilla/5.0 (compatible; Googlebot/2.1; +http://www.google.com/bot.html)"
182.72.204.21 - - [16/Jun/2017:11:13:33 +0530] "GET /project_details_view_report.php?id=135 HTTP/1.1" 200 13071 "https://www.google.co.in/" "Mozilla/5.0 (Windows NT 10.0; Win64; x64) AppleWebKit/537.36 (KHTML, like Gecko) Chrome/58.0.3029.110 Safari/537.36"
182.72.204.21 - - [16/Jun/2017:11:13:48 +0530] "GET /project_details_view_report.php?id=135 HTTP/1.1" 200 13071 "https://www.google.co.in/" "Mozilla/5.0 (Windows NT 10.0; Win64; x64) AppleWebKit/537.36 (KHTML, like Gecko) Chrome/58.0.3029.110 Safari/537.36"
45.114.61.103 - - [16/Jun/2017:11:16:37 +0530] "GET / HTTP/1.1" 200 19480 "http://www.moef.nic.in/division/dissemination-completed-project" "Mozilla/5.0 (Windows NT 6.1; Win64; x64) AppleWebKit/537.36 (KHTML, like Gecko) Chrome/58.0.3029.110 Safari/537.36"
45.114.61.103 - - [16/Jun/2017:11:16:38 +0530] "GET /includes/ncdma.css HTTP/1.1" 200 13023 "http://www.cdmindia.gov.in/" "Mozilla/5.0 (Windows NT 6.1; Win64; x64) AppleWebKit/537.36 (KHTML, like Gecko) Chrome/58.0.3029.110 Safari/537.36"
45.114.61.103 - - [16/Jun/2017:11:16:38 +0530] "GET /js/base64_encode.js HTTP/1.1" 200 3002 "http://www.cdmindia.gov.in/" "Mozilla/5.0 (Windows NT 6.1; Win64; x64) AppleWebKit/537.36 (KHTML, like Gecko) Chrome/58.0.3029.110 Safari/537.36"
45.114.61.103 - - [16/Jun/2017:11:16:38 +0530] "GET /Scripts/AC_RunActiveContent.js HTTP/1.1" 200 8321 "http://www.cdmindia.gov.in/" "Mozilla/5.0 (Windows NT 6.1; Win64; x64) AppleWebKit/537.36 (KHTML, like Gecko) Chrome/58.0.3029.110 Safari/537.36"
45.114.61.103 - - [16/Jun/2017:11:16:38 +0530] "GET /ncdma.css HTTP/1.1" 200 12640 "http://www.cdmindia.gov.in/" "Mozilla/5.0 (Windows NT 6.1; Win64; x64) AppleWebKit/537.36 (KHTML, like Gecko) Chrome/58.0.3029.110 Safari/537.36"
45.114.61.103 - - [16/Jun/2017:11:16:39 +0530] "GET /js/md5.js HTTP/1.1" 200 13194 "http://www.cdmindia.gov.in/" "Mozilla/5.0 (Windows NT 6.1; Win64; x64) AppleWebKit/537.36 (KHTML, like Gecko) Chrome/58.0.3029.110 Safari/537.36"
45.114.61.103 - - [16/Jun/2017:11:16:39 +0530] "GET /images/fdm.jpg HTTP/1.1" 200 2043 "http://www.cdmindia.gov.in/" "Mozilla/5.0 (Windows NT 6.1; Win64; x64) AppleWebKit/537.36 (KHTML, like Gecko) Chrome/58.0.3029.110 Safari/537.36"
45.114.61.103 - - [16/Jun/2017:11:16:39 +0530] "GET /images/login1.jpg HTTP/1.1" 200 618 "http://www.cdmindia.gov.in/" "Mozilla/5.0 (Windows NT 6.1; Win64; x64) AppleWebKit/537.36 (KHTML, like Gecko) Chrome/58.0.3029.110 Safari/537.36"
45.114.61.103 - - [16/Jun/2017:11:16:39 +0530] "GET /images/login.jpg HTTP/1.1" 200 1044 "http://www.cdmindia.gov.in/" "Mozilla/5.0 (Windows NT 6.1; Win64; x64) AppleWebKit/537.36 (KHTML, like Gecko) Chrome/58.0.3029.110 Safari/537.36"
45.114.61.103 - - [16/Jun/2017:11:16:39 +0530] "GET /images/bullet3.gif HTTP/1.1" 200 58 "http://www.cdmindia.gov.in/" "Mozilla/5.0 (Windows NT 6.1; Win64; x64) AppleWebKit/537.36 (KHTML, like Gecko) Chrome/58.0.3029.110 Safari/537.36"
45.114.61.103 - - [16/Jun/2017:11:16:39 +0530] "GET /images/fe.jpg HTTP/1.1" 200 1429 "http://www.cdmindia.gov.in/" "Mozilla/5.0 (Windows NT 6.1; Win64; x64) AppleWebKit/537.36 (KHTML, like Gecko) Chrome/58.0.3029.110 Safari/537.36"
45.114.61.103 - - [16/Jun/2017:11:16:39 +0530] "GET /images/img2.jpg HTTP/1.1" 200 16276 "http://www.cdmindia.gov.in/" "Mozilla/5.0 (Windows NT 6.1; Win64; x64) AppleWebKit/537.36 (KHTML, like Gecko) Chrome/58.0.3029.110 Safari/537.36"
45.114.61.103 - - [16/Jun/2017:11:16:39 +0530] "GET /images/spacer.gif HTTP/1.1" 200 43 "http://www.cdmindia.gov.in/" "Mozilla/5.0 (Windows NT 6.1; Win64; x64) AppleWebKit/537.36 (KHTML, like Gecko) Chrome/58.0.3029.110 Safari/537.36"
45.114.61.103 - - [16/Jun/2017:11:16:40 +0530] "GET /images/bullet1.gif HTTP/1.1" 200 67 "http://www.cdmindia.gov.in/" "Mozilla/5.0 (Windows NT 6.1; Win64; x64) AppleWebKit/537.36 (KHTML, like Gecko) Chrome/58.0.3029.110 Safari/537.36"
45.114.61.103 - - [16/Jun/2017:11:16:40 +0530] "GET /images/bulllet2.gif HTTP/1.1" 200 58 "http://www.cdmindia.gov.in/" "Mozilla/5.0 (Windows NT 6.1; Win64; x64) AppleWebKit/537.36 (KHTML, like Gecko) Chrome/58.0.3029.110 Safari/537.36"
45.114.61.103 - - [16/Jun/2017:11:16:40 +0530] "GET /images/bullet4.gif HTTP/1.1" 200 67 "http://www.cdmindia.gov.in/" "Mozilla/5.0 (Windows NT 6.1; Win64; x64) AppleWebKit/537.36 (KHTML, like Gecko) Chrome/58.0.3029.110 Safari/537.36"
45.114.61.103 - - [16/Jun/2017:11:16:40 +0530] "GET /images/gtz.jpg HTTP/1.1" 200 15484 "http://www.cdmindia.gov.in/" "Mozilla/5.0 (Windows NT 6.1; Win64; x64) AppleWebKit/537.36 (KHTML, like Gecko) Chrome/58.0.3029.110 Safari/537.36"
45.114.61.103 - - [16/Jun/2017:11:16:40 +0530] "GET /images/img1.jpg HTTP/1.1" 200 1251 "http://www.cdmindia.gov.in/" "Mozilla/5.0 (Windows NT 6.1; Win64; x64) AppleWebKit/537.36 (KHTML, like Gecko) Chrome/58.0.3029.110 Safari/537.36"
45.114.61.103 - - [16/Jun/2017:11:16:40 +0530] "GET /images/fbg.jpg HTTP/1.1" 200 325 "http://www.cdmindia.gov.in/" "Mozilla/5.0 (Windows NT 6.1; Win64; x64) AppleWebKit/537.36 (KHTML, like Gecko) Chrome/58.0.3029.110 Safari/537.36"
45.114.61.103 - - [16/Jun/2017:11:16:39 +0530] "GET /images/img3.jpg HTTP/1.1" 200 26957 "http://www.cdmindia.gov.in/" "Mozilla/5.0 (Windows NT 6.1; Win64; x64) AppleWebKit/537.36 (KHTML, like Gecko) Chrome/58.0.3029.110 Safari/537.36"
45.114.61.103 - - [16/Jun/2017:11:16:41 +0530] "GET /favicon.ico HTTP/1.1" 200 1189 "http://www.cdmindia.gov.in/" "Mozilla/5.0 (Windows NT 6.1; Win64; x64) AppleWebKit/537.36 (KHTML, like Gecko) Chrome/58.0.3029.110 Safari/537.36"
35.184.189.105 - - [16/Jun/2017:11:16:56 +0530] "GET /robots.txt HTTP/1.1" 404 208 "-" "ltx71 - (http://ltx71.com/)"
202.46.49.142 - - [16/Jun/2017:11:17:10 +0530] "GET /project_details_view_report.php?id=1481 HTTP/1.1" 200 13287 "-" "Mozilla/5.0 (Windows NT 10.0; WOW64) AppleWebKit/537.36 (KHTML, like Gecko) Chrome/45.0.2454.93 Safari/537.36"
66.249.79.31 - - [16/Jun/2017:11:18:41 +0530] "GET / HTTP/1.1" 200 19480 "-" "Mozilla/5.0 (Linux; Android 6.0.1; Nexus 5X Build/MMB29P) AppleWebKit/537.36 (KHTML, like Gecko) Chrome/41.0.2272.96 Mobile Safari/537.36 (compatible; Googlebot/2.1; +http://www.google.com/bot.html)"
146.148.64.128 - - [16/Jun/2017:11:19:38 +0530] "GET /robots.txt HTTP/1.1" 404 208 "-" "ltx71 - (http://ltx71.com/)"
223.176.138.134 - - [16/Jun/2017:11:19:41 +0530] "GET /project_details_view.php?id=646 HTTP/1.1" 200 14902 "https://www.google.co.in/" "Mozilla/5.0 (Windows NT 6.1; Win64; x64) AppleWebKit/537.36 (KHTML, like Gecko) Chrome/58.0.3029.110 Safari/537.36"
223.176.138.134 - - [16/Jun/2017:11:19:42 +0530] "GET /includes/ncdma.css HTTP/1.1" 200 13023 "http://www.cdmindia.gov.in/project_details_view.php?id=646" "Mozilla/5.0 (Windows NT 6.1; Win64; x64) AppleWebKit/537.36 (KHTML, like Gecko) Chrome/58.0.3029.110 Safari/537.36"
223.176.138.134 - - [16/Jun/2017:11:19:42 +0530] "GET /ncdma.css HTTP/1.1" 200 12640 "http://www.cdmindia.gov.in/project_details_view.php?id=646" "Mozilla/5.0 (Windows NT 6.1; Win64; x64) AppleWebKit/537.36 (KHTML, like Gecko) Chrome/58.0.3029.110 Safari/537.36"
223.176.138.134 - - [16/Jun/2017:11:19:42 +0530] "GET /Scripts/AC_RunActiveContent.js HTTP/1.1" 200 8321 "http://www.cdmindia.gov.in/project_details_view.php?id=646" "Mozilla/5.0 (Windows NT 6.1; Win64; x64) AppleWebKit/537.36 (KHTML, like Gecko) Chrome/58.0.3029.110 Safari/537.36"
223.176.138.134 - - [16/Jun/2017:11:19:42 +0530] "GET /images/img2.jpg HTTP/1.1" 200 16276 "http://www.cdmindia.gov.in/project_details_view.php?id=646" "Mozilla/5.0 (Windows NT 6.1; Win64; x64) AppleWebKit/537.36 (KHTML, like Gecko) Chrome/58.0.3029.110 Safari/537.36"
223.176.138.134 - - [16/Jun/2017:11:19:42 +0530] "GET /images/spacer.gif HTTP/1.1" 200 43 "http://www.cdmindia.gov.in/project_details_view.php?id=646" "Mozilla/5.0 (Windows NT 6.1; Win64; x64) AppleWebKit/537.36 (KHTML, like Gecko) Chrome/58.0.3029.110 Safari/537.36"
223.176.138.134 - - [16/Jun/2017:11:19:42 +0530] "GET /images/bullet1.gif HTTP/1.1" 200 67 "http://www.cdmindia.gov.in/project_details_view.php?id=646" "Mozilla/5.0 (Windows NT 6.1; Win64; x64) AppleWebKit/537.36 (KHTML, like Gecko) Chrome/58.0.3029.110 Safari/537.36"
223.176.138.134 - - [16/Jun/2017:11:19:42 +0530] "GET /images/bulllet2.gif HTTP/1.1" 200 58 "http://www.cdmindia.gov.in/project_details_view.php?id=646" "Mozilla/5.0 (Windows NT 6.1; Win64; x64) AppleWebKit/537.36 (KHTML, like Gecko) Chrome/58.0.3029.110 Safari/537.36"
223.176.138.134 - - [16/Jun/2017:11:19:42 +0530] "GET /images/bullet4.gif HTTP/1.1" 200 67 "http://www.cdmindia.gov.in/project_details_view.php?id=646" "Mozilla/5.0 (Windows NT 6.1; Win64; x64) AppleWebKit/537.36 (KHTML, like Gecko) Chrome/58.0.3029.110 Safari/537.36"
223.176.138.134 - - [16/Jun/2017:11:19:42 +0530] "GET /images/img3.jpg HTTP/1.1" 200 26957 "http://www.cdmindia.gov.in/project_details_view.php?id=646" "Mozilla/5.0 (Windows NT 6.1; Win64; x64) AppleWebKit/537.36 (KHTML, like Gecko) Chrome/58.0.3029.110 Safari/537.36"
223.176.138.134 - - [16/Jun/2017:11:19:43 +0530] "GET /images/fdm.jpg HTTP/1.1" 200 2043 "http://www.cdmindia.gov.in/project_details_view.php?id=646" "Mozilla/5.0 (Windows NT 6.1; Win64; x64) AppleWebKit/537.36 (KHTML, like Gecko) Chrome/58.0.3029.110 Safari/537.36"
223.176.138.134 - - [16/Jun/2017:11:19:43 +0530] "GET /images/fbg.jpg HTTP/1.1" 200 325 "http://www.cdmindia.gov.in/project_details_view.php?id=646" "Mozilla/5.0 (Windows NT 6.1; Win64; x64) AppleWebKit/537.36 (KHTML, like Gecko) Chrome/58.0.3029.110 Safari/537.36"
223.176.138.134 - - [16/Jun/2017:11:19:43 +0530] "GET /images/img1.jpg HTTP/1.1" 200 1251 "http://www.cdmindia.gov.in/project_details_view.php?id=646" "Mozilla/5.0 (Windows NT 6.1; Win64; x64) AppleWebKit/537.36 (KHTML, like Gecko) Chrome/58.0.3029.110 Safari/537.36"
223.176.138.134 - - [16/Jun/2017:11:19:43 +0530] "GET /images/gtz.jpg HTTP/1.1" 200 15484 "http://www.cdmindia.gov.in/project_details_view.php?id=646" "Mozilla/5.0 (Windows NT 6.1; Win64; x64) AppleWebKit/537.36 (KHTML, like Gecko) Chrome/58.0.3029.110 Safari/537.36"
223.176.138.134 - - [16/Jun/2017:11:19:43 +0530] "GET /favicon.ico HTTP/1.1" 200 1189 "http://www.cdmindia.gov.in/project_details_view.php?id=646" "Mozilla/5.0 (Windows NT 6.1; Win64; x64) AppleWebKit/537.36 (KHTML, like Gecko) Chrome/58.0.3029.110 Safari/537.36"
40.77.167.73 - - [16/Jun/2017:11:20:02 +0530] "GET /project_details_view.php?id=1590 HTTP/1.1" 200 14151 "-" "Mozilla/5.0 (compatible; bingbot/2.0; +http://www.bing.com/bingbot.htm)"
207.46.13.66 - - [16/Jun/2017:11:20:05 +0530] "GET /approval_process.php HTTP/1.1" 200 25912 "-" "Mozilla/5.0 (compatible; bingbot/2.0; +http://www.bing.com/bingbot.htm)"
207.46.13.2 - - [16/Jun/2017:11:20:11 +0530] "GET /downloads/Comparision%20of%20PCN_30.03.doc HTTP/1.1" 200 49664 "-" "Mozilla/5.0 (compatible; bingbot/2.0; +http://www.bing.com/bingbot.htm)"
46.229.164.100 - - [16/Jun/2017:11:20:23 +0530] "GET /robots.txt HTTP/1.1" 404 208 "-" "Mozilla/5.0 (compatible; SemrushBot/1.2~bl; +http://www.semrush.com/bot.html)"
141.8.142.74 - - [16/Jun/2017:11:20:58 +0530] "GET /project_details_view_report.php?id=638 HTTP/1.1" 200 13146 "-" "Mozilla/5.0 (compatible; YandexBot/3.0; +http://yandex.com/bots)"
141.8.142.74 - - [16/Jun/2017:11:21:02 +0530] "GET /reports_list_details.php?id=Delhi&reporttype=2 HTTP/1.1" 200 20669 "-" "Mozilla/5.0 (compatible; YandexBot/3.0; +http://yandex.com/bots)"
64.233.173.47 - - [16/Jun/2017:11:21:29 +0530] "GET /includes/ncdma.css HTTP/1.1" 200 13023 "https://www.google.co.in/search?site=&source=hp&ei=lXFDWZG7L8HNvgT0t4GACA&q=pollachi+power+plant&oq=pollachi+powe&gs_l=mobile-gws-hp.1.0.0.2383.16868.0.18596.30.20.9.6.6.0.456.4821.1j0j13j1j3.18.0....0...1.1j4.64.mobile-gws-hp..3.27.3304.3..46j35i39k1j0i131k1j0i46k1.CmBn5ZDUneE" "Mozilla/5.0 (Linux; Android 6.0.1; Lenovo K33a42 Build/MMB29M) AppleWebKit/537.36 (KHTML, like Gecko) Chrome/58.0.3029.83 Mobile Safari/537.36"
64.233.173.49 - - [16/Jun/2017:11:21:29 +0530] "GET /Scripts/AC_RunActiveContent.js HTTP/1.1" 200 8321 "https://www.google.co.in/search?site=&source=hp&ei=lXFDWZG7L8HNvgT0t4GACA&q=pollachi+power+plant&oq=pollachi+powe&gs_l=mobile-gws-hp.1.0.0.2383.16868.0.18596.30.20.9.6.6.0.456.4821.1j0j13j1j3.18.0....0...1.1j4.64.mobile-gws-hp..3.27.3304.3..46j35i39k1j0i131k1j0i46k1.CmBn5ZDUneE" "Mozilla/5.0 (Linux; Android 6.0.1; Lenovo K33a42 Build/MMB29M) AppleWebKit/537.36 (KHTML, like Gecko) Chrome/58.0.3029.83 Mobile Safari/537.36"
64.233.173.49 - - [16/Jun/2017:11:21:29 +0530] "GET /ncdma.css HTTP/1.1" 200 12640 "https://www.google.co.in/search?site=&source=hp&ei=lXFDWZG7L8HNvgT0t4GACA&q=pollachi+power+plant&oq=pollachi+powe&gs_l=mobile-gws-hp.1.0.0.2383.16868.0.18596.30.20.9.6.6.0.456.4821.1j0j13j1j3.18.0....0...1.1j4.64.mobile-gws-hp..3.27.3304.3..46j35i39k1j0i131k1j0i46k1.CmBn5ZDUneE" "Mozilla/5.0 (Linux; Android 6.0.1; Lenovo K33a42 Build/MMB29M) AppleWebKit/537.36 (KHTML, like Gecko) Chrome/58.0.3029.83 Mobile Safari/537.36"
64.233.173.47 - - [16/Jun/2017:11:21:29 +0530] "GET /project_details_view.php?id=384 HTTP/1.1" 200 14944 "https://www.google.co.in/" "Mozilla/5.0 (Linux; Android 6.0.1; Lenovo K33a42 Build/MMB29M) AppleWebKit/537.36 (KHTML, like Gecko) Chrome/58.0.3029.83 Mobile Safari/537.36"
64.233.173.49 - - [16/Jun/2017:11:21:30 +0530] "GET /images/spacer.gif HTTP/1.1" 200 43 "http://www.cdmindia.gov.in/project_details_view.php?id=384" "Mozilla/5.0 (Linux; Android 6.0.1; Lenovo K33a42 Build/MMB29M) AppleWebKit/537.36 (KHTML, like Gecko) Chrome/58.0.3029.83 Mobile Safari/537.36"
64.233.173.51 - - [16/Jun/2017:11:21:30 +0530] "GET /images/bulllet2.gif HTTP/1.1" 200 58 "http://www.cdmindia.gov.in/project_details_view.php?id=384" "Mozilla/5.0 (Linux; Android 6.0.1; Lenovo K33a42 Build/MMB29M) AppleWebKit/537.36 (KHTML, like Gecko) Chrome/58.0.3029.83 Mobile Safari/537.36"
64.233.173.51 - - [16/Jun/2017:11:21:30 +0530] "GET /images/bullet4.gif HTTP/1.1" 200 67 "http://www.cdmindia.gov.in/project_details_view.php?id=384" "Mozilla/5.0 (Linux; Android 6.0.1; Lenovo K33a42 Build/MMB29M) AppleWebKit/537.36 (KHTML, like Gecko) Chrome/58.0.3029.83 Mobile Safari/537.36"
64.233.173.47 - - [16/Jun/2017:11:21:30 +0530] "GET /images/bullet1.gif HTTP/1.1" 200 67 "http://www.cdmindia.gov.in/project_details_view.php?id=384" "Mozilla/5.0 (Linux; Android 6.0.1; Lenovo K33a42 Build/MMB29M) AppleWebKit/537.36 (KHTML, like Gecko) Chrome/58.0.3029.83 Mobile Safari/537.36"
64.233.173.51 - - [16/Jun/2017:11:21:30 +0530] "GET /images/fbg.jpg HTTP/1.1" 200 325 "http://www.cdmindia.gov.in/project_details_view.php?id=384" "Mozilla/5.0 (Linux; Android 6.0.1; Lenovo K33a42 Build/MMB29M) AppleWebKit/537.36 (KHTML, like Gecko) Chrome/58.0.3029.83 Mobile Safari/537.36"
64.233.173.51 - - [16/Jun/2017:11:21:30 +0530] "GET /images/gtz.jpg HTTP/1.1" 200 15484 "http://www.cdmindia.gov.in/project_details_view.php?id=384" "Mozilla/5.0 (Linux; Android 6.0.1; Lenovo K33a42 Build/MMB29M) AppleWebKit/537.36 (KHTML, like Gecko) Chrome/58.0.3029.83 Mobile Safari/537.36"
64.233.173.51 - - [16/Jun/2017:11:21:30 +0530] "GET /images/img1.jpg HTTP/1.1" 200 1251 "http://www.cdmindia.gov.in/project_details_view.php?id=384" "Mozilla/5.0 (Linux; Android 6.0.1; Lenovo K33a42 Build/MMB29M) AppleWebKit/537.36 (KHTML, like Gecko) Chrome/58.0.3029.83 Mobile Safari/537.36"
64.233.173.51 - - [16/Jun/2017:11:21:30 +0530] "GET /images/fdm.jpg HTTP/1.1" 200 2043 "http://www.cdmindia.gov.in/project_details_view.php?id=384" "Mozilla/5.0 (Linux; Android 6.0.1; Lenovo K33a42 Build/MMB29M) AppleWebKit/537.36 (KHTML, like Gecko) Chrome/58.0.3029.83 Mobile Safari/537.36"
64.233.173.47 - - [16/Jun/2017:11:21:30 +0530] "GET /images/img2.jpg HTTP/1.1" 200 16276 "http://www.cdmindia.gov.in/project_details_view.php?id=384" "Mozilla/5.0 (Linux; Android 6.0.1; Lenovo K33a42 Build/MMB29M) AppleWebKit/537.36 (KHTML, like Gecko) Chrome/58.0.3029.83 Mobile Safari/537.36"
64.233.173.49 - - [16/Jun/2017:11:21:30 +0530] "GET /images/img3.jpg HTTP/1.1" 200 26957 "http://www.cdmindia.gov.in/project_details_view.php?id=384" "Mozilla/5.0 (Linux; Android 6.0.1; Lenovo K33a42 Build/MMB29M) AppleWebKit/537.36 (KHTML, like Gecko) Chrome/58.0.3029.83 Mobile Safari/537.36"
64.233.173.49 - - [16/Jun/2017:11:21:30 +0530] "GET /favicon.ico HTTP/1.1" 200 1189 "http://www.cdmindia.gov.in/project_details_view.php?id=384" "Mozilla/5.0 (Linux; Android 6.0.1; Lenovo K33a42 Build/MMB29M) AppleWebKit/537.36 (KHTML, like Gecko) Chrome/58.0.3029.83 Mobile Safari/537.36"
195.22.127.196 - - [16/Jun/2017:11:21:32 +0530] "GET /approval_process.php HTTP/1.1" 200 25912 "-" "Mozilla/5.0 (Windows NT 6.1) AppleWebKit/537.36 (KHTML, like Gecko) Chrome/41.0.2228.0 Safari/537.36"
66.249.79.29 - - [16/Jun/2017:11:23:50 +0530] "GET / HTTP/1.1" 200 19480 "-" "Mozilla/5.0 (compatible; Googlebot/2.1; +http://www.google.com/bot.html)"
146.148.64.128 - - [16/Jun/2017:11:25:04 +0530] "GET /robots.txt HTTP/1.1" 404 208 "-" "ltx71 - (http://ltx71.com/)"
141.8.142.74 - - [16/Jun/2017:11:26:33 +0530] "GET /project_details_view_report.php?id=598 HTTP/1.1" 200 13181 "-" "Mozilla/5.0 (compatible; YandexBot/3.0; +http://yandex.com/bots)"
107.167.106.139 - - [16/Jun/2017:11:26:39 +0530] "GET /aboutus.php HTTP/1.1" 200 19597 "http://www.google.co.in/m?q=what+is+clean+development+mechanism+authority%3F&client=ms-opera-mini-android&channel=new" "Opera/9.80 (Android; Opera Mini/24.0.2254/64.218; U; en) Presto/2.12.423 Version/12.16"
107.167.106.139 - - [16/Jun/2017:11:26:40 +0530] "GET /includes/ncdma.css HTTP/1.1" 200 13023 "http://www.cdmindia.gov.in/aboutus.php" "Opera/9.80 (Android; Opera Mini/24.0.2254/64.218; U; en) Presto/2.12.423 Version/12.16"
107.167.106.139 - - [16/Jun/2017:11:26:40 +0530] "GET /Scripts/AC_RunActiveContent.js HTTP/1.1" 200 8321 "http://www.cdmindia.gov.in/aboutus.php" "Opera/9.80 (Android; Opera Mini/24.0.2254/64.218; U; en) Presto/2.12.423 Version/12.16"
107.167.106.139 - - [16/Jun/2017:11:26:40 +0530] "GET /ncdma.css HTTP/1.1" 200 12640 "http://www.cdmindia.gov.in/aboutus.php" "Opera/9.80 (Android; Opera Mini/24.0.2254/64.218; U; en) Presto/2.12.423 Version/12.16"
107.167.106.139 - - [16/Jun/2017:11:26:40 +0530] "GET /images/bullet4.gif HTTP/1.1" 200 67 "http://www.cdmindia.gov.in/aboutus.php" "Opera/9.80 (Android; Opera Mini/24.0.2254/64.218; U; en) Presto/2.12.423 Version/12.16"
107.167.106.139 - - [16/Jun/2017:11:26:40 +0530] "GET /images/spacer.gif HTTP/1.1" 200 43 "http://www.cdmindia.gov.in/aboutus.php" "Opera/9.80 (Android; Opera Mini/24.0.2254/64.218; U; en) Presto/2.12.423 Version/12.16"
107.167.106.139 - - [16/Jun/2017:11:26:40 +0530] "GET /images/img2.jpg HTTP/1.1" 200 16276 "http://www.cdmindia.gov.in/aboutus.php" "Opera/9.80 (Android; Opera Mini/24.0.2254/64.218; U; en) Presto/2.12.423 Version/12.16"
107.167.106.139 - - [16/Jun/2017:11:26:40 +0530] "GET /images/bullet1.gif HTTP/1.1" 200 67 "http://www.cdmindia.gov.in/aboutus.php" "Opera/9.80 (Android; Opera Mini/24.0.2254/64.218; U; en) Presto/2.12.423 Version/12.16"
107.167.106.139 - - [16/Jun/2017:11:26:40 +0530] "GET /images/img3.jpg HTTP/1.1" 200 26957 "http://www.cdmindia.gov.in/aboutus.php" "Opera/9.80 (Android; Opera Mini/24.0.2254/64.218; U; en) Presto/2.12.423 Version/12.16"
107.167.106.139 - - [16/Jun/2017:11:26:41 +0530] "GET /images/img1.jpg HTTP/1.1" 200 1251 "http://www.cdmindia.gov.in/aboutus.php" "Opera/9.80 (Android; Opera Mini/24.0.2254/64.218; U; en) Presto/2.12.423 Version/12.16"
107.167.106.139 - - [16/Jun/2017:11:26:41 +0530] "GET /images/fe.jpg HTTP/1.1" 200 1429 "http://www.cdmindia.gov.in/aboutus.php" "Opera/9.80 (Android; Opera Mini/24.0.2254/64.218; U; en) Presto/2.12.423 Version/12.16"
107.167.106.139 - - [16/Jun/2017:11:26:41 +0530] "GET /images/login.jpg HTTP/1.1" 200 1044 "http://www.cdmindia.gov.in/aboutus.php" "Opera/9.80 (Android; Opera Mini/24.0.2254/64.218; U; en) Presto/2.12.423 Version/12.16"
107.167.106.139 - - [16/Jun/2017:11:26:41 +0530] "GET /images/fbg.jpg HTTP/1.1" 200 325 "http://www.cdmindia.gov.in/aboutus.php" "Opera/9.80 (Android; Opera Mini/24.0.2254/64.218; U; en) Presto/2.12.423 Version/12.16"
107.167.106.139 - - [16/Jun/2017:11:26:41 +0530] "GET /images/fdm.jpg HTTP/1.1" 200 2043 "http://www.cdmindia.gov.in/aboutus.php" "Opera/9.80 (Android; Opera Mini/24.0.2254/64.218; U; en) Presto/2.12.423 Version/12.16"
107.167.106.139 - - [16/Jun/2017:11:26:41 +0530] "GET /images/bulllet2.gif HTTP/1.1" 200 58 "http://www.cdmindia.gov.in/aboutus.php" "Opera/9.80 (Android; Opera Mini/24.0.2254/64.218; U; en) Presto/2.12.423 Version/12.16"
107.167.106.139 - - [16/Jun/2017:11:26:41 +0530] "GET /images/favicon.ico HTTP/1.1" 200 1406 "http://www.cdmindia.gov.in/aboutus.php" "Opera/9.80 (Android; Opera Mini/24.0.2254/64.218; U; en) Presto/2.12.423 Version/12.16"
107.167.106.139 - - [16/Jun/2017:11:26:41 +0530] "GET /images/gtz.jpg HTTP/1.1" 200 15484 "http://www.cdmindia.gov.in/aboutus.php" "Opera/9.80 (Android; Opera Mini/24.0.2254/64.218; U; en) Presto/2.12.423 Version/12.16"
107.167.106.139 - - [16/Jun/2017:11:26:41 +0530] "GET /images/bullet3.gif HTTP/1.1" 200 58 "http://www.cdmindia.gov.in/aboutus.php" "Opera/9.80 (Android; Opera Mini/24.0.2254/64.218; U; en) Presto/2.12.423 Version/12.16"
107.167.106.139 - - [16/Jun/2017:11:26:41 +0530] "GET /images/login1.jpg HTTP/1.1" 200 618 "http://www.cdmindia.gov.in/aboutus.php" "Opera/9.80 (Android; Opera Mini/24.0.2254/64.218; U; en) Presto/2.12.423 Version/12.16"
107.167.106.139 - - [16/Jun/2017:11:26:41 +0530] "GET /images/h_aboutus.jpg HTTP/1.1" 200 21693 "http://www.cdmindia.gov.in/aboutus.php" "Opera/9.80 (Android; Opera Mini/24.0.2254/64.218; U; en) Presto/2.12.423 Version/12.16"
146.148.64.128 - - [16/Jun/2017:11:26:51 +0530] "GET /Scripts/AC_RunActiveContent.js HTTP/1.1" 200 8321 "-" "ltx71 - (http://ltx71.com/)"
40.77.167.73 - - [16/Jun/2017:11:27:30 +0530] "GET /detail_news.php?id=18 HTTP/1.1" 302 18713 "-" "Mozilla/5.0 (compatible; bingbot/2.0; +http://www.bing.com/bingbot.htm)"
40.77.167.73 - - [16/Jun/2017:11:27:31 +0530] "GET /logout.php HTTP/1.1" 302 369 "-" "Mozilla/5.0 (compatible; bingbot/2.0; +http://www.bing.com/bingbot.htm)"
40.77.167.73 - - [16/Jun/2017:11:27:32 +0530] "GET /index.php HTTP/1.1" 200 19480 "-" "Mozilla/5.0 (compatible; bingbot/2.0; +http://www.bing.com/bingbot.htm)"
150.129.145.158 - - [16/Jun/2017:11:28:23 +0530] "GET / HTTP/1.1" 200 19480 "https://www.google.co.in/" "Mozilla/5.0 (Windows NT 10.0) AppleWebKit/537.36 (KHTML, like Gecko) Chrome/58.0.3029.110 Safari/537.36"
150.129.145.158 - - [16/Jun/2017:11:28:24 +0530] "GET /includes/ncdma.css HTTP/1.1" 200 13023 "http://www.cdmindia.gov.in/" "Mozilla/5.0 (Windows NT 10.0) AppleWebKit/537.36 (KHTML, like Gecko) Chrome/58.0.3029.110 Safari/537.36"
150.129.145.158 - - [16/Jun/2017:11:28:24 +0530] "GET /js/base64_encode.js HTTP/1.1" 200 3002 "http://www.cdmindia.gov.in/" "Mozilla/5.0 (Windows NT 10.0) AppleWebKit/537.36 (KHTML, like Gecko) Chrome/58.0.3029.110 Safari/537.36"
150.129.145.158 - - [16/Jun/2017:11:28:24 +0530] "GET /ncdma.css HTTP/1.1" 200 12640 "http://www.cdmindia.gov.in/" "Mozilla/5.0 (Windows NT 10.0) AppleWebKit/537.36 (KHTML, like Gecko) Chrome/58.0.3029.110 Safari/537.36"
150.129.145.158 - - [16/Jun/2017:11:28:24 +0530] "GET /Scripts/AC_RunActiveContent.js HTTP/1.1" 200 8321 "http://www.cdmindia.gov.in/" "Mozilla/5.0 (Windows NT 10.0) AppleWebKit/537.36 (KHTML, like Gecko) Chrome/58.0.3029.110 Safari/537.36"
150.129.145.158 - - [16/Jun/2017:11:28:24 +0530] "GET /js/md5.js HTTP/1.1" 200 13194 "http://www.cdmindia.gov.in/" "Mozilla/5.0 (Windows NT 10.0) AppleWebKit/537.36 (KHTML, like Gecko) Chrome/58.0.3029.110 Safari/537.36"
150.129.145.158 - - [16/Jun/2017:11:28:24 +0530] "GET /images/img2.jpg HTTP/1.1" 200 16276 "http://www.cdmindia.gov.in/" "Mozilla/5.0 (Windows NT 10.0) AppleWebKit/537.36 (KHTML, like Gecko) Chrome/58.0.3029.110 Safari/537.36"
150.129.145.158 - - [16/Jun/2017:11:28:24 +0530] "GET /images/spacer.gif HTTP/1.1" 200 43 "http://www.cdmindia.gov.in/" "Mozilla/5.0 (Windows NT 10.0) AppleWebKit/537.36 (KHTML, like Gecko) Chrome/58.0.3029.110 Safari/537.36"
150.129.145.158 - - [16/Jun/2017:11:28:24 +0530] "GET /images/bullet1.gif HTTP/1.1" 200 67 "http://www.cdmindia.gov.in/" "Mozilla/5.0 (Windows NT 10.0) AppleWebKit/537.36 (KHTML, like Gecko) Chrome/58.0.3029.110 Safari/537.36"
150.129.145.158 - - [16/Jun/2017:11:28:24 +0530] "GET /images/bullet4.gif HTTP/1.1" 200 67 "http://www.cdmindia.gov.in/" "Mozilla/5.0 (Windows NT 10.0) AppleWebKit/537.36 (KHTML, like Gecko) Chrome/58.0.3029.110 Safari/537.36"
150.129.145.158 - - [16/Jun/2017:11:28:24 +0530] "GET /images/img1.jpg HTTP/1.1" 200 1251 "http://www.cdmindia.gov.in/" "Mozilla/5.0 (Windows NT 10.0) AppleWebKit/537.36 (KHTML, like Gecko) Chrome/58.0.3029.110 Safari/537.36"
150.129.145.158 - - [16/Jun/2017:11:28:24 +0530] "GET /images/fdm.jpg HTTP/1.1" 200 2043 "http://www.cdmindia.gov.in/" "Mozilla/5.0 (Windows NT 10.0) AppleWebKit/537.36 (KHTML, like Gecko) Chrome/58.0.3029.110 Safari/537.36"
150.129.145.158 - - [16/Jun/2017:11:28:24 +0530] "GET /images/bullet3.gif HTTP/1.1" 200 58 "http://www.cdmindia.gov.in/" "Mozilla/5.0 (Windows NT 10.0) AppleWebKit/537.36 (KHTML, like Gecko) Chrome/58.0.3029.110 Safari/537.36"
150.129.145.158 - - [16/Jun/2017:11:28:24 +0530] "GET /images/login1.jpg HTTP/1.1" 200 618 "http://www.cdmindia.gov.in/" "Mozilla/5.0 (Windows NT 10.0) AppleWebKit/537.36 (KHTML, like Gecko) Chrome/58.0.3029.110 Safari/537.36"
150.129.145.158 - - [16/Jun/2017:11:28:25 +0530] "GET /images/login.jpg HTTP/1.1" 200 1044 "http://www.cdmindia.gov.in/" "Mozilla/5.0 (Windows NT 10.0) AppleWebKit/537.36 (KHTML, like Gecko) Chrome/58.0.3029.110 Safari/537.36"
150.129.145.158 - - [16/Jun/2017:11:28:25 +0530] "GET /images/fe.jpg HTTP/1.1" 200 1429 "http://www.cdmindia.gov.in/" "Mozilla/5.0 (Windows NT 10.0) AppleWebKit/537.36 (KHTML, like Gecko) Chrome/58.0.3029.110 Safari/537.36"
150.129.145.158 - - [16/Jun/2017:11:28:25 +0530] "GET /images/fbg.jpg HTTP/1.1" 200 325 "http://www.cdmindia.gov.in/" "Mozilla/5.0 (Windows NT 10.0) AppleWebKit/537.36 (KHTML, like Gecko) Chrome/58.0.3029.110 Safari/537.36"
150.129.145.158 - - [16/Jun/2017:11:28:26 +0530] "GET /images/bulllet2.gif HTTP/1.1" 200 58 "http://www.cdmindia.gov.in/" "Mozilla/5.0 (Windows NT 10.0) AppleWebKit/537.36 (KHTML, like Gecko) Chrome/58.0.3029.110 Safari/537.36"
150.129.145.158 - - [16/Jun/2017:11:28:27 +0530] "GET /images/img3.jpg HTTP/1.1" 200 26957 "http://www.cdmindia.gov.in/" "Mozilla/5.0 (Windows NT 10.0) AppleWebKit/537.36 (KHTML, like Gecko) Chrome/58.0.3029.110 Safari/537.36"
150.129.145.158 - - [16/Jun/2017:11:28:28 +0530] "GET /images/gtz.jpg HTTP/1.1" 200 15484 "http://www.cdmindia.gov.in/" "Mozilla/5.0 (Windows NT 10.0) AppleWebKit/537.36 (KHTML, like Gecko) Chrome/58.0.3029.110 Safari/537.36"
150.129.145.158 - - [16/Jun/2017:11:28:28 +0530] "GET /favicon.ico HTTP/1.1" 200 1189 "http://www.cdmindia.gov.in/" "Mozilla/5.0 (Windows NT 10.0) AppleWebKit/537.36 (KHTML, like Gecko) Chrome/58.0.3029.110 Safari/537.36"
66.249.79.133 - - [16/Jun/2017:11:28:53 +0530] "GET /Approved_proj_reports_list_details.php?id=1&reporttype=1&scale=Small&sdt=&edt=&exec=&page=6 HTTP/1.1" 200 17407 "-" "Mozilla/5.0 (Linux; Android 6.0.1; Nexus 5X Build/MMB29P) AppleWebKit/537.36 (KHTML, like Gecko) Chrome/41.0.2272.96 Mobile Safari/537.36 (compatible; Googlebot/2.1; +http://www.google.com/bot.html)"
40.77.167.73 - - [16/Jun/2017:11:30:44 +0530] "GET /project_details_view_report.php?id=1708 HTTP/1.1" 200 13127 "-" "Mozilla/5.0 (compatible; bingbot/2.0; +http://www.bing.com/bingbot.htm)"
180.76.15.150 - - [16/Jun/2017:11:31:48 +0530] "GET / HTTP/1.1" 200 19480 "-" "Mozilla/5.0 (compatible; Baiduspider/2.0; +http://www.baidu.com/search/spider.html)"
146.148.64.128 - - [16/Jun/2017:11:31:49 +0530] "GET /robots.txt HTTP/1.1" 404 208 "-" "ltx71 - (http://ltx71.com/)"
146.148.64.128 - - [16/Jun/2017:11:32:25 +0530] "GET /js/md5.js HTTP/1.1" 200 13194 "-" "ltx71 - (http://ltx71.com/)"
45.114.61.103 - - [16/Jun/2017:11:33:20 +0530] "GET /approved_projects.php?n=1 HTTP/1.1" 200 16642 "http://www.cdmindia.gov.in/" "Mozilla/5.0 (Windows NT 6.1; Win64; x64) AppleWebKit/537.36 (KHTML, like Gecko) Chrome/58.0.3029.110 Safari/537.36"
45.114.61.103 - - [16/Jun/2017:11:33:20 +0530] "GET /js/datepicker/latest_datepicker.css HTTP/1.1" 200 2283 "http://www.cdmindia.gov.in/approved_projects.php?n=1" "Mozilla/5.0 (Windows NT 6.1; Win64; x64) AppleWebKit/537.36 (KHTML, like Gecko) Chrome/58.0.3029.110 Safari/537.36"
45.114.61.103 - - [16/Jun/2017:11:33:20 +0530] "GET /js/datepicker/latest_demo.css HTTP/1.1" 200 574 "http://www.cdmindia.gov.in/approved_projects.php?n=1" "Mozilla/5.0 (Windows NT 6.1; Win64; x64) AppleWebKit/537.36 (KHTML, like Gecko) Chrome/58.0.3029.110 Safari/537.36"
45.114.61.103 - - [16/Jun/2017:11:33:20 +0530] "GET /js/datepicker/latest_date.js HTTP/1.1" 200 11986 "http://www.cdmindia.gov.in/approved_projects.php?n=1" "Mozilla/5.0 (Windows NT 6.1; Win64; x64) AppleWebKit/537.36 (KHTML, like Gecko) Chrome/58.0.3029.110 Safari/537.36"
45.114.61.103 - - [16/Jun/2017:11:33:20 +0530] "GET /js/jquery.js HTTP/1.1" 200 55774 "http://www.cdmindia.gov.in/approved_projects.php?n=1" "Mozilla/5.0 (Windows NT 6.1; Win64; x64) AppleWebKit/537.36 (KHTML, like Gecko) Chrome/58.0.3029.110 Safari/537.36"
45.114.61.103 - - [16/Jun/2017:11:33:22 +0530] "GET /js/datepicker/latest_jquery.datePicker.js HTTP/1.1" 200 37423 "http://www.cdmindia.gov.in/approved_projects.php?n=1" "Mozilla/5.0 (Windows NT 6.1; Win64; x64) AppleWebKit/537.36 (KHTML, like Gecko) Chrome/58.0.3029.110 Safari/537.36"
45.114.61.103 - - [16/Jun/2017:11:33:22 +0530] "GET /js/datepicker/calendar.gif HTTP/1.1" 200 235 "http://www.cdmindia.gov.in/js/datepicker/latest_demo.css" "Mozilla/5.0 (Windows NT 6.1; Win64; x64) AppleWebKit/537.36 (KHTML, like Gecko) Chrome/58.0.3029.110 Safari/537.36"
182.65.223.143 - - [16/Jun/2017:11:33:36 +0530] "GET / HTTP/1.1" 200 19480 "http://www.moef.nic.in/major-initiatives/geac-clearances" "Mozilla/5.0 (Windows NT 6.1; Win64; x64) AppleWebKit/537.36 (KHTML, like Gecko) Chrome/58.0.3029.110 Safari/537.36"
182.65.223.143 - - [16/Jun/2017:11:33:36 +0530] "GET /includes/ncdma.css HTTP/1.1" 200 13023 "http://www.cdmindia.gov.in/" "Mozilla/5.0 (Windows NT 6.1; Win64; x64) AppleWebKit/537.36 (KHTML, like Gecko) Chrome/58.0.3029.110 Safari/537.36"
182.65.223.143 - - [16/Jun/2017:11:33:36 +0530] "GET /ncdma.css HTTP/1.1" 200 12640 "http://www.cdmindia.gov.in/" "Mozilla/5.0 (Windows NT 6.1; Win64; x64) AppleWebKit/537.36 (KHTML, like Gecko) Chrome/58.0.3029.110 Safari/537.36"
182.65.223.143 - - [16/Jun/2017:11:33:36 +0530] "GET /js/md5.js HTTP/1.1" 200 13194 "http://www.cdmindia.gov.in/" "Mozilla/5.0 (Windows NT 6.1; Win64; x64) AppleWebKit/537.36 (KHTML, like Gecko) Chrome/58.0.3029.110 Safari/537.36"
182.65.223.143 - - [16/Jun/2017:11:33:36 +0530] "GET /Scripts/AC_RunActiveContent.js HTTP/1.1" 200 8321 "http://www.cdmindia.gov.in/" "Mozilla/5.0 (Windows NT 6.1; Win64; x64) AppleWebKit/537.36 (KHTML, like Gecko) Chrome/58.0.3029.110 Safari/537.36"
182.65.223.143 - - [16/Jun/2017:11:33:36 +0530] "GET /js/base64_encode.js HTTP/1.1" 200 3002 "http://www.cdmindia.gov.in/" "Mozilla/5.0 (Windows NT 6.1; Win64; x64) AppleWebKit/537.36 (KHTML, like Gecko) Chrome/58.0.3029.110 Safari/537.36"
182.65.223.143 - - [16/Jun/2017:11:33:37 +0530] "GET /images/img1.jpg HTTP/1.1" 200 1251 "http://www.cdmindia.gov.in/" "Mozilla/5.0 (Windows NT 6.1; Win64; x64) AppleWebKit/537.36 (KHTML, like Gecko) Chrome/58.0.3029.110 Safari/537.36"
182.65.223.143 - - [16/Jun/2017:11:33:37 +0530] "GET /images/img2.jpg HTTP/1.1" 200 16276 "http://www.cdmindia.gov.in/" "Mozilla/5.0 (Windows NT 6.1; Win64; x64) AppleWebKit/537.36 (KHTML, like Gecko) Chrome/58.0.3029.110 Safari/537.36"
182.65.223.143 - - [16/Jun/2017:11:33:37 +0530] "GET /images/spacer.gif HTTP/1.1" 200 43 "http://www.cdmindia.gov.in/" "Mozilla/5.0 (Windows NT 6.1; Win64; x64) AppleWebKit/537.36 (KHTML, like Gecko) Chrome/58.0.3029.110 Safari/537.36"
182.65.223.143 - - [16/Jun/2017:11:33:37 +0530] "GET /images/fdm.jpg HTTP/1.1" 200 2043 "http://www.cdmindia.gov.in/" "Mozilla/5.0 (Windows NT 6.1; Win64; x64) AppleWebKit/537.36 (KHTML, like Gecko) Chrome/58.0.3029.110 Safari/537.36"
182.65.223.143 - - [16/Jun/2017:11:33:37 +0530] "GET /images/bullet1.gif HTTP/1.1" 200 67 "http://www.cdmindia.gov.in/" "Mozilla/5.0 (Windows NT 6.1; Win64; x64) AppleWebKit/537.36 (KHTML, like Gecko) Chrome/58.0.3029.110 Safari/537.36"
182.65.223.143 - - [16/Jun/2017:11:33:37 +0530] "GET /images/img3.jpg HTTP/1.1" 200 26957 "http://www.cdmindia.gov.in/" "Mozilla/5.0 (Windows NT 6.1; Win64; x64) AppleWebKit/537.36 (KHTML, like Gecko) Chrome/58.0.3029.110 Safari/537.36"
182.65.223.143 - - [16/Jun/2017:11:33:37 +0530] "GET /images/login1.jpg HTTP/1.1" 200 618 "http://www.cdmindia.gov.in/" "Mozilla/5.0 (Windows NT 6.1; Win64; x64) AppleWebKit/537.36 (KHTML, like Gecko) Chrome/58.0.3029.110 Safari/537.36"
182.65.223.143 - - [16/Jun/2017:11:33:37 +0530] "GET /images/fbg.jpg HTTP/1.1" 200 325 "http://www.cdmindia.gov.in/" "Mozilla/5.0 (Windows NT 6.1; Win64; x64) AppleWebKit/537.36 (KHTML, like Gecko) Chrome/58.0.3029.110 Safari/537.36"
182.65.223.143 - - [16/Jun/2017:11:33:37 +0530] "GET /images/fe.jpg HTTP/1.1" 200 1429 "http://www.cdmindia.gov.in/" "Mozilla/5.0 (Windows NT 6.1; Win64; x64) AppleWebKit/537.36 (KHTML, like Gecko) Chrome/58.0.3029.110 Safari/537.36"
182.65.223.143 - - [16/Jun/2017:11:33:37 +0530] "GET /images/gtz.jpg HTTP/1.1" 200 15484 "http://www.cdmindia.gov.in/" "Mozilla/5.0 (Windows NT 6.1; Win64; x64) AppleWebKit/537.36 (KHTML, like Gecko) Chrome/58.0.3029.110 Safari/537.36"
182.65.223.143 - - [16/Jun/2017:11:33:37 +0530] "GET /images/bullet3.gif HTTP/1.1" 200 58 "http://www.cdmindia.gov.in/" "Mozilla/5.0 (Windows NT 6.1; Win64; x64) AppleWebKit/537.36 (KHTML, like Gecko) Chrome/58.0.3029.110 Safari/537.36"
182.65.223.143 - - [16/Jun/2017:11:33:37 +0530] "GET /images/login.jpg HTTP/1.1" 200 1044 "http://www.cdmindia.gov.in/" "Mozilla/5.0 (Windows NT 6.1; Win64; x64) AppleWebKit/537.36 (KHTML, like Gecko) Chrome/58.0.3029.110 Safari/537.36"
182.65.223.143 - - [16/Jun/2017:11:33:37 +0530] "GET /images/bulllet2.gif HTTP/1.1" 200 58 "http://www.cdmindia.gov.in/" "Mozilla/5.0 (Windows NT 6.1; Win64; x64) AppleWebKit/537.36 (KHTML, like Gecko) Chrome/58.0.3029.110 Safari/537.36"
182.65.223.143 - - [16/Jun/2017:11:33:37 +0530] "GET /images/bullet4.gif HTTP/1.1" 200 67 "http://www.cdmindia.gov.in/" "Mozilla/5.0 (Windows NT 6.1; Win64; x64) AppleWebKit/537.36 (KHTML, like Gecko) Chrome/58.0.3029.110 Safari/537.36"
182.65.223.143 - - [16/Jun/2017:11:33:37 +0530] "GET /favicon.ico HTTP/1.1" 200 1189 "http://www.cdmindia.gov.in/" "Mozilla/5.0 (Windows NT 6.1; Win64; x64) AppleWebKit/537.36 (KHTML, like Gecko) Chrome/58.0.3029.110 Safari/537.36"
146.148.64.128 - - [16/Jun/2017:11:33:48 +0530] "GET /events_more.php HTTP/1.1" 200 16905 "-" "ltx71 - (http://ltx71.com/)"
182.65.223.143 - - [16/Jun/2017:11:33:50 +0530] "GET /registration.php HTTP/1.1" 200 28529 "http://www.cdmindia.gov.in/" "Mozilla/5.0 (Windows NT 6.1; Win64; x64) AppleWebKit/537.36 (KHTML, like Gecko) Chrome/58.0.3029.110 Safari/537.36"
182.65.223.143 - - [16/Jun/2017:11:33:51 +0530] "GET /js/user_registration.js HTTP/1.1" 200 26819 "http://www.cdmindia.gov.in/registration.php" "Mozilla/5.0 (Windows NT 6.1; Win64; x64) AppleWebKit/537.36 (KHTML, like Gecko) Chrome/58.0.3029.110 Safari/537.36"
182.65.223.143 - - [16/Jun/2017:11:33:51 +0530] "GET /js/ajax_client.js HTTP/1.1" 200 20869 "http://www.cdmindia.gov.in/registration.php" "Mozilla/5.0 (Windows NT 6.1; Win64; x64) AppleWebKit/537.36 (KHTML, like Gecko) Chrome/58.0.3029.110 Safari/537.36"
182.65.223.143 - - [16/Jun/2017:11:33:51 +0530] "GET /includes/CaptchaSecurityImages.php?width=80&height=30&characters=5 HTTP/1.1" 200 2138 "http://www.cdmindia.gov.in/registration.php" "Mozilla/5.0 (Windows NT 6.1; Win64; x64) AppleWebKit/537.36 (KHTML, like Gecko) Chrome/58.0.3029.110 Safari/537.36"
45.114.61.103 - - [16/Jun/2017:11:33:51 +0530] "POST /approved_projects.php HTTP/1.1" 200 17289 "http://www.cdmindia.gov.in/approved_projects.php?n=1" "Mozilla/5.0 (Windows NT 6.1; Win64; x64) AppleWebKit/537.36 (KHTML, like Gecko) Chrome/58.0.3029.110 Safari/537.36"
66.249.79.129 - - [16/Jun/2017:11:34:00 +0530] "GET /Approved_proj_reports_list_details.php?id=1&reporttype=1&scale=&sdt=&edt=&exec=&page=11 HTTP/1.1" 200 17272 "-" "Mozilla/5.0 (compatible; Googlebot/2.1; +http://www.google.com/bot.html)"
45.114.61.103 - - [16/Jun/2017:11:34:03 +0530] "POST /approved_projects.php HTTP/1.1" 200 17289 "http://www.cdmindia.gov.in/approved_projects.php" "Mozilla/5.0 (Windows NT 6.1; Win64; x64) AppleWebKit/537.36 (KHTML, like Gecko) Chrome/58.0.3029.110 Safari/537.36"
146.148.64.128 - - [16/Jun/2017:11:34:05 +0530] "GET /downloads/Template_sharing%202Percent.doc HTTP/1.1" 200 73728 "-" "ltx71 - (http://ltx71.com/)"
45.114.61.103 - - [16/Jun/2017:11:34:10 +0530] "POST /approved_projects.php HTTP/1.1" 200 18555 "http://www.cdmindia.gov.in/approved_projects.php" "Mozilla/5.0 (Windows NT 6.1; Win64; x64) AppleWebKit/537.36 (KHTML, like Gecko) Chrome/58.0.3029.110 Safari/537.36"
207.46.13.66 - - [16/Jun/2017:11:34:19 +0530] "GET /detail_news.php?id=11 HTTP/1.1" 302 18421 "-" "Mozilla/5.0 (iPhone; CPU iPhone OS 7_0 like Mac OS X) AppleWebKit/537.51.1 (KHTML, like Gecko) Version/7.0 Mobile/11A465 Safari/9537.53 (compatible; bingbot/2.0; +http://www.bing.com/bingbot.htm)"
45.114.61.103 - - [16/Jun/2017:11:34:19 +0530] "POST /approved_projects.php HTTP/1.1" 200 18555 "http://www.cdmindia.gov.in/approved_projects.php" "Mozilla/5.0 (Windows NT 6.1; Win64; x64) AppleWebKit/537.36 (KHTML, like Gecko) Chrome/58.0.3029.110 Safari/537.36"
207.46.13.66 - - [16/Jun/2017:11:34:19 +0530] "GET /logout.php HTTP/1.1" 302 369 "-" "Mozilla/5.0 (iPhone; CPU iPhone OS 7_0 like Mac OS X) AppleWebKit/537.51.1 (KHTML, like Gecko) Version/7.0 Mobile/11A465 Safari/9537.53 (compatible; bingbot/2.0; +http://www.bing.com/bingbot.htm)"
207.46.13.66 - - [16/Jun/2017:11:34:20 +0530] "GET /index.php HTTP/1.1" 200 19480 "-" "Mozilla/5.0 (iPhone; CPU iPhone OS 7_0 like Mac OS X) AppleWebKit/537.51.1 (KHTML, like Gecko) Version/7.0 Mobile/11A465 Safari/9537.53 (compatible; bingbot/2.0; +http://www.bing.com/bingbot.htm)"
182.72.204.21 - - [16/Jun/2017:11:34:24 +0530] "GET /project_details_view_report.php?id=734 HTTP/1.1" 200 13329 "https://www.google.co.in/" "Mozilla/5.0 (Windows NT 10.0; Win64; x64) AppleWebKit/537.36 (KHTML, like Gecko) Chrome/58.0.3029.110 Safari/537.36"
45.114.61.103 - - [16/Jun/2017:11:34:28 +0530] "POST /approved_projects.php HTTP/1.1" 200 23157 "http://www.cdmindia.gov.in/approved_projects.php" "Mozilla/5.0 (Windows NT 6.1; Win64; x64) AppleWebKit/537.36 (KHTML, like Gecko) Chrome/58.0.3029.110 Safari/537.36"
40.77.167.125 - - [16/Jun/2017:11:34:54 +0530] "GET /images/spacer.gif HTTP/1.1" 200 43 "-" "Mozilla/5.0 (iPhone; CPU iPhone OS 7_0 like Mac OS X) AppleWebKit/537.51.1 (KHTML, like Gecko) Version/7.0 Mobile/11A465 Safari/9537.53 (compatible; bingbot/2.0; +http://www.bing.com/bingbot.htm)"
45.114.61.103 - - [16/Jun/2017:11:34:54 +0530] "GET /Approved_proj_reports_list_details.php?id=13&reporttype=1&scale=&sdt=2012-06-01&edt=2017-06-15&exec= HTTP/1.1" 200 15819 "http://www.cdmindia.gov.in/approved_projects.php" "Mozilla/5.0 (Windows NT 6.1; Win64; x64) AppleWebKit/537.36 (KHTML, like Gecko) Chrome/58.0.3029.110 Safari/537.36"
45.114.61.103 - - [16/Jun/2017:11:35:09 +0530] "GET /project_details_view.php?id=1186&oid=13&page=1&reporttype=1 HTTP/1.1" 200 16734 "http://www.cdmindia.gov.in/Approved_proj_reports_list_details.php?id=13&reporttype=1&scale=&sdt=2012-06-01&edt=2017-06-15&exec=" "Mozilla/5.0 (Windows NT 6.1; Win64; x64) AppleWebKit/537.36 (KHTML, like Gecko) Chrome/58.0.3029.110 Safari/537.36"
66.249.82.111 - - [16/Jun/2017:11:35:16 +0530] "GET /images/gtz.jpg HTTP/1.1" 200 15484 "-" "Mozilla/5.0 (Linux; Android 4.4.2; SM-G7102 Build/KOT49H) AppleWebKit/537.36 (KHTML, like Gecko) Chrome/58.0.3029.83 Mobile Safari/537.36"
66.249.82.113 - - [16/Jun/2017:11:35:17 +0530] "GET /images/img1.jpg HTTP/1.1" 200 1251 "-" "Mozilla/5.0 (Linux; Android 4.4.2; SM-G7102 Build/KOT49H) AppleWebKit/537.36 (KHTML, like Gecko) Chrome/58.0.3029.83 Mobile Safari/537.36"
66.249.82.115 - - [16/Jun/2017:11:35:23 +0530] "GET /images/bullet1.gif HTTP/1.1" 200 67 "-" "Mozilla/5.0 (Linux; Android 4.4.2; SM-G7102 Build/KOT49H) AppleWebKit/537.36 (KHTML, like Gecko) Chrome/58.0.3029.83 Mobile Safari/537.36"
66.249.82.111 - - [16/Jun/2017:11:35:27 +0530] "GET /Scripts/AC_RunActiveContent.js HTTP/1.1" 200 8321 "-" "Mozilla/5.0 (Linux; Android 4.4.2; SM-G7102 Build/KOT49H) AppleWebKit/537.36 (KHTML, like Gecko) Chrome/58.0.3029.83 Mobile Safari/537.36"
66.249.82.113 - - [16/Jun/2017:11:35:27 +0530] "GET /images/img2.jpg HTTP/1.1" 200 16276 "-" "Mozilla/5.0 (Linux; Android 4.4.2; SM-G7102 Build/KOT49H) AppleWebKit/537.36 (KHTML, like Gecko) Chrome/58.0.3029.83 Mobile Safari/537.36"
66.249.82.115 - - [16/Jun/2017:11:35:27 +0530] "GET /images/bulllet2.gif HTTP/1.1" 200 58 "-" "Mozilla/5.0 (Linux; Android 4.4.2; SM-G7102 Build/KOT49H) AppleWebKit/537.36 (KHTML, like Gecko) Chrome/58.0.3029.83 Mobile Safari/537.36"
66.249.82.115 - - [16/Jun/2017:11:35:27 +0530] "GET /ncdma.css HTTP/1.1" 200 12640 "-" "Mozilla/5.0 (Linux; Android 4.4.2; SM-G7102 Build/KOT49H) AppleWebKit/537.36 (KHTML, like Gecko) Chrome/58.0.3029.83 Mobile Safari/537.36"
66.249.82.111 - - [16/Jun/2017:11:35:28 +0530] "GET /images/fbg.jpg HTTP/1.1" 200 325 "-" "Mozilla/5.0 (Linux; Android 4.4.2; SM-G7102 Build/KOT49H) AppleWebKit/537.36 (KHTML, like Gecko) Chrome/58.0.3029.83 Mobile Safari/537.36"
66.249.82.113 - - [16/Jun/2017:11:35:28 +0530] "GET /images/img3.jpg HTTP/1.1" 200 26957 "-" "Mozilla/5.0 (Linux; Android 4.4.2; SM-G7102 Build/KOT49H) AppleWebKit/537.36 (KHTML, like Gecko) Chrome/58.0.3029.83 Mobile Safari/537.36"
207.46.13.66 - - [16/Jun/2017:11:35:28 +0530] "GET /approved_projects.php?n=1 HTTP/1.1" 200 16642 "-" "Mozilla/5.0 (compatible; bingbot/2.0; +http://www.bing.com/bingbot.htm)"
66.249.82.115 - - [16/Jun/2017:11:35:28 +0530] "GET /images/spacer.gif HTTP/1.1" 200 43 "-" "Mozilla/5.0 (Linux; Android 4.4.2; SM-G7102 Build/KOT49H) AppleWebKit/537.36 (KHTML, like Gecko) Chrome/58.0.3029.83 Mobile Safari/537.36"
66.249.82.111 - - [16/Jun/2017:11:35:28 +0530] "GET /images/bullet4.gif HTTP/1.1" 200 67 "-" "Mozilla/5.0 (Linux; Android 4.4.2; SM-G7102 Build/KOT49H) AppleWebKit/537.36 (KHTML, like Gecko) Chrome/58.0.3029.83 Mobile Safari/537.36"
66.249.82.113 - - [16/Jun/2017:11:35:28 +0530] "GET /includes/ncdma.css HTTP/1.1" 200 13023 "-" "Mozilla/5.0 (Linux; Android 4.4.2; SM-G7102 Build/KOT49H) AppleWebKit/537.36 (KHTML, like Gecko) Chrome/58.0.3029.83 Mobile Safari/537.36"
66.249.82.113 - - [16/Jun/2017:11:35:29 +0530] "GET /images/fdm.jpg HTTP/1.1" 200 2043 "-" "Mozilla/5.0 (Linux; Android 4.4.2; SM-G7102 Build/KOT49H) AppleWebKit/537.36 (KHTML, like Gecko) Chrome/58.0.3029.83 Mobile Safari/537.36"
123.136.18.22 - - [16/Jun/2017:11:37:26 +0530] "GET /project_details_view.php?id=530 HTTP/1.1" 200 14597 "https://www.google.co.in/" "Mozilla/5.0 (Windows NT 6.1) AppleWebKit/537.36 (KHTML, like Gecko) Chrome/53.0.2785.143 Safari/537.36"
