64.233.173.49 - - [16/Jun/2017:01:22:38 +0530] "GET /includes/ncdma.css HTTP/1.1" 200 13023 "https://www.google.co.in/" "Mozilla/5.0 (Linux; Android 6.0; Lenovo A7020a48 Build/MRA58K) AppleWebKit/537.36 (KHTML, like Gecko) Chrome/50.0.2661.89 Mobile Safari/537.36"
64.233.173.51 - - [16/Jun/2017:01:22:38 +0530] "GET /js/base64_encode.js HTTP/1.1" 200 3002 "https://www.google.co.in/" "Mozilla/5.0 (Linux; Android 6.0; Lenovo A7020a48 Build/MRA58K) AppleWebKit/537.36 (KHTML, like Gecko) Chrome/50.0.2661.89 Mobile Safari/537.36"
64.233.173.51 - - [16/Jun/2017:01:22:38 +0530] "GET /Scripts/AC_RunActiveContent.js HTTP/1.1" 200 8321 "https://www.google.co.in/" "Mozilla/5.0 (Linux; Android 6.0; Lenovo A7020a48 Build/MRA58K) AppleWebKit/537.36 (KHTML, like Gecko) Chrome/50.0.2661.89 Mobile Safari/537.36"
64.233.173.49 - - [16/Jun/2017:01:22:40 +0530] "GET /js/md5.js HTTP/1.1" 200 13194 "https://www.google.co.in/" "Mozilla/5.0 (Linux; Android 6.0; Lenovo A7020a48 Build/MRA58K) AppleWebKit/537.36 (KHTML, like Gecko) Chrome/50.0.2661.89 Mobile Safari/537.36"
64.233.173.51 - - [16/Jun/2017:01:22:40 +0530] "GET /ncdma.css HTTP/1.1" 200 12640 "https://www.google.co.in/" "Mozilla/5.0 (Linux; Android 6.0; Lenovo A7020a48 Build/MRA58K) AppleWebKit/537.36 (KHTML, like Gecko) Chrome/50.0.2661.89 Mobile Safari/537.36"
64.233.173.51 - - [16/Jun/2017:01:22:40 +0530] "GET / HTTP/1.1" 200 19480 "https://www.google.co.in/" "Mozilla/5.0 (Linux; Android 6.0; Lenovo A7020a48 Build/MRA58K) AppleWebKit/537.36 (KHTML, like Gecko) Chrome/50.0.2661.89 Mobile Safari/537.36"
64.233.173.51 - - [16/Jun/2017:01:22:40 +0530] "GET /images/bullet4.gif HTTP/1.1" 200 67 "http://www.cdmindia.gov.in/" "Mozilla/5.0 (Linux; Android 6.0; Lenovo A7020a48 Build/MRA58K) AppleWebKit/537.36 (KHTML, like Gecko) Chrome/50.0.2661.89 Mobile Safari/537.36"
64.233.173.51 - - [16/Jun/2017:01:22:40 +0530] "GET /images/login1.jpg HTTP/1.1" 200 618 "http://www.cdmindia.gov.in/" "Mozilla/5.0 (Linux; Android 6.0; Lenovo A7020a48 Build/MRA58K) AppleWebKit/537.36 (KHTML, like Gecko) Chrome/50.0.2661.89 Mobile Safari/537.36"
64.233.173.47 - - [16/Jun/2017:01:22:40 +0530] "GET /images/gtz.jpg HTTP/1.1" 200 15484 "http://www.cdmindia.gov.in/" "Mozilla/5.0 (Linux; Android 6.0; Lenovo A7020a48 Build/MRA58K) AppleWebKit/537.36 (KHTML, like Gecko) Chrome/50.0.2661.89 Mobile Safari/537.36"
64.233.173.49 - - [16/Jun/2017:01:22:40 +0530] "GET /images/bullet3.gif HTTP/1.1" 200 58 "http://www.cdmindia.gov.in/" "Mozilla/5.0 (Linux; Android 6.0; Lenovo A7020a48 Build/MRA58K) AppleWebKit/537.36 (KHTML, like Gecko) Chrome/50.0.2661.89 Mobile Safari/537.36"
64.233.173.51 - - [16/Jun/2017:01:22:40 +0530] "GET /images/bulllet2.gif HTTP/1.1" 200 58 "http://www.cdmindia.gov.in/" "Mozilla/5.0 (Linux; Android 6.0; Lenovo A7020a48 Build/MRA58K) AppleWebKit/537.36 (KHTML, like Gecko) Chrome/50.0.2661.89 Mobile Safari/537.36"
64.233.173.47 - - [16/Jun/2017:01:22:40 +0530] "GET /images/spacer.gif HTTP/1.1" 200 43 "http://www.cdmindia.gov.in/" "Mozilla/5.0 (Linux; Android 6.0; Lenovo A7020a48 Build/MRA58K) AppleWebKit/537.36 (KHTML, like Gecko) Chrome/50.0.2661.89 Mobile Safari/537.36"
64.233.173.51 - - [16/Jun/2017:01:22:40 +0530] "GET /images/fdm.jpg HTTP/1.1" 200 2043 "http://www.cdmindia.gov.in/" "Mozilla/5.0 (Linux; Android 6.0; Lenovo A7020a48 Build/MRA58K) AppleWebKit/537.36 (KHTML, like Gecko) Chrome/50.0.2661.89 Mobile Safari/537.36"
64.233.173.49 - - [16/Jun/2017:01:22:40 +0530] "GET /images/img3.jpg HTTP/1.1" 200 26957 "http://www.cdmindia.gov.in/" "Mozilla/5.0 (Linux; Android 6.0; Lenovo A7020a48 Build/MRA58K) AppleWebKit/537.36 (KHTML, like Gecko) Chrome/50.0.2661.89 Mobile Safari/537.36"
64.233.173.49 - - [16/Jun/2017:01:22:41 +0530] "GET /images/bullet1.gif HTTP/1.1" 200 67 "http://www.cdmindia.gov.in/" "Mozilla/5.0 (Linux; Android 6.0; Lenovo A7020a48 Build/MRA58K) AppleWebKit/537.36 (KHTML, like Gecko) Chrome/50.0.2661.89 Mobile Safari/537.36"
64.233.173.49 - - [16/Jun/2017:01:22:41 +0530] "GET /images/fe.jpg HTTP/1.1" 200 1429 "http://www.cdmindia.gov.in/" "Mozilla/5.0 (Linux; Android 6.0; Lenovo A7020a48 Build/MRA58K) AppleWebKit/537.36 (KHTML, like Gecko) Chrome/50.0.2661.89 Mobile Safari/537.36"
64.233.173.49 - - [16/Jun/2017:01:22:41 +0530] "GET /images/login.jpg HTTP/1.1" 200 1044 "http://www.cdmindia.gov.in/" "Mozilla/5.0 (Linux; Android 6.0; Lenovo A7020a48 Build/MRA58K) AppleWebKit/537.36 (KHTML, like Gecko) Chrome/50.0.2661.89 Mobile Safari/537.36"
64.233.173.49 - - [16/Jun/2017:01:22:41 +0530] "GET /images/fbg.jpg HTTP/1.1" 200 325 "http://www.cdmindia.gov.in/" "Mozilla/5.0 (Linux; Android 6.0; Lenovo A7020a48 Build/MRA58K) AppleWebKit/537.36 (KHTML, like Gecko) Chrome/50.0.2661.89 Mobile Safari/537.36"
64.233.173.47 - - [16/Jun/2017:01:22:41 +0530] "GET /images/img1.jpg HTTP/1.1" 200 1251 "http://www.cdmindia.gov.in/" "Mozilla/5.0 (Linux; Android 6.0; Lenovo A7020a48 Build/MRA58K) AppleWebKit/537.36 (KHTML, like Gecko) Chrome/50.0.2661.89 Mobile Safari/537.36"
64.233.173.47 - - [16/Jun/2017:01:22:41 +0530] "GET /images/img2.jpg HTTP/1.1" 200 16276 "http://www.cdmindia.gov.in/" "Mozilla/5.0 (Linux; Android 6.0; Lenovo A7020a48 Build/MRA58K) AppleWebKit/537.36 (KHTML, like Gecko) Chrome/50.0.2661.89 Mobile Safari/537.36"
64.233.173.47 - - [16/Jun/2017:01:22:41 +0530] "GET /favicon.ico HTTP/1.1" 200 1189 "http://www.cdmindia.gov.in/" "Mozilla/5.0 (Linux; Android 6.0; Lenovo A7020a48 Build/MRA58K) AppleWebKit/537.36 (KHTML, like Gecko) Chrome/50.0.2661.89 Mobile Safari/537.36"
64.233.173.47 - - [16/Jun/2017:01:23:02 +0530] "GET /aboutus.php HTTP/1.1" 200 19597 "http://www.cdmindia.gov.in/" "Mozilla/5.0 (Linux; Android 6.0; Lenovo A7020a48 Build/MRA58K) AppleWebKit/537.36 (KHTML, like Gecko) Chrome/50.0.2661.89 Mobile Safari/537.36"
64.233.173.49 - - [16/Jun/2017:01:23:03 +0530] "GET /images/h_aboutus.jpg HTTP/1.1" 200 21693 "http://www.cdmindia.gov.in/aboutus.php" "Mozilla/5.0 (Linux; Android 6.0; Lenovo A7020a48 Build/MRA58K) AppleWebKit/537.36 (KHTML, like Gecko) Chrome/50.0.2661.89 Mobile Safari/537.36"
64.233.173.51 - - [16/Jun/2017:01:25:08 +0530] "GET /aboutus.php HTTP/1.1" 200 19597 "http://www.cdmindia.gov.in/" "Mozilla/5.0 (Linux; Android 6.0; Lenovo A7020a48 Build/MRA58K) AppleWebKit/537.36 (KHTML, like Gecko) Chrome/50.0.2661.89 Mobile Safari/537.36"
64.233.173.49 - - [16/Jun/2017:01:25:09 +0530] "GET /includes/ncdma.css HTTP/1.1" 304 - "http://www.cdmindia.gov.in/aboutus.php" "Mozilla/5.0 (Linux; Android 6.0; Lenovo A7020a48 Build/MRA58K) AppleWebKit/537.36 (KHTML, like Gecko) Chrome/50.0.2661.89 Mobile Safari/537.36"
64.233.173.49 - - [16/Jun/2017:01:25:09 +0530] "GET /Scripts/AC_RunActiveContent.js HTTP/1.1" 304 - "http://www.cdmindia.gov.in/aboutus.php" "Mozilla/5.0 (Linux; Android 6.0; Lenovo A7020a48 Build/MRA58K) AppleWebKit/537.36 (KHTML, like Gecko) Chrome/50.0.2661.89 Mobile Safari/537.36"
64.233.173.47 - - [16/Jun/2017:01:25:09 +0530] "GET /images/login1.jpg HTTP/1.1" 304 - "http://www.cdmindia.gov.in/aboutus.php" "Mozilla/5.0 (Linux; Android 6.0; Lenovo A7020a48 Build/MRA58K) AppleWebKit/537.36 (KHTML, like Gecko) Chrome/50.0.2661.89 Mobile Safari/537.36"
64.233.173.49 - - [16/Jun/2017:01:25:09 +0530] "GET /images/spacer.gif HTTP/1.1" 304 - "http://www.cdmindia.gov.in/aboutus.php" "Mozilla/5.0 (Linux; Android 6.0; Lenovo A7020a48 Build/MRA58K) AppleWebKit/537.36 (KHTML, like Gecko) Chrome/50.0.2661.89 Mobile Safari/537.36"
64.233.173.51 - - [16/Jun/2017:01:25:09 +0530] "GET /images/fe.jpg HTTP/1.1" 304 - "http://www.cdmindia.gov.in/aboutus.php" "Mozilla/5.0 (Linux; Android 6.0; Lenovo A7020a48 Build/MRA58K) AppleWebKit/537.36 (KHTML, like Gecko) Chrome/50.0.2661.89 Mobile Safari/537.36"
64.233.173.51 - - [16/Jun/2017:01:25:09 +0530] "GET /images/bullet3.gif HTTP/1.1" 304 - "http://www.cdmindia.gov.in/aboutus.php" "Mozilla/5.0 (Linux; Android 6.0; Lenovo A7020a48 Build/MRA58K) AppleWebKit/537.36 (KHTML, like Gecko) Chrome/50.0.2661.89 Mobile Safari/537.36"
64.233.173.49 - - [16/Jun/2017:01:25:09 +0530] "GET /ncdma.css HTTP/1.1" 304 - "http://www.cdmindia.gov.in/aboutus.php" "Mozilla/5.0 (Linux; Android 6.0; Lenovo A7020a48 Build/MRA58K) AppleWebKit/537.36 (KHTML, like Gecko) Chrome/50.0.2661.89 Mobile Safari/537.36"
64.233.173.47 - - [16/Jun/2017:01:25:09 +0530] "GET /images/bullet4.gif HTTP/1.1" 304 - "http://www.cdmindia.gov.in/aboutus.php" "Mozilla/5.0 (Linux; Android 6.0; Lenovo A7020a48 Build/MRA58K) AppleWebKit/537.36 (KHTML, like Gecko) Chrome/50.0.2661.89 Mobile Safari/537.36"
64.233.173.49 - - [16/Jun/2017:01:25:09 +0530] "GET /images/login.jpg HTTP/1.1" 304 - "http://www.cdmindia.gov.in/aboutus.php" "Mozilla/5.0 (Linux; Android 6.0; Lenovo A7020a48 Build/MRA58K) AppleWebKit/537.36 (KHTML, like Gecko) Chrome/50.0.2661.89 Mobile Safari/537.36"
64.233.173.51 - - [16/Jun/2017:01:25:09 +0530] "GET /images/fdm.jpg HTTP/1.1" 304 - "http://www.cdmindia.gov.in/aboutus.php" "Mozilla/5.0 (Linux; Android 6.0; Lenovo A7020a48 Build/MRA58K) AppleWebKit/537.36 (KHTML, like Gecko) Chrome/50.0.2661.89 Mobile Safari/537.36"
64.233.173.47 - - [16/Jun/2017:01:25:09 +0530] "GET /images/h_aboutus.jpg HTTP/1.1" 304 - "http://www.cdmindia.gov.in/aboutus.php" "Mozilla/5.0 (Linux; Android 6.0; Lenovo A7020a48 Build/MRA58K) AppleWebKit/537.36 (KHTML, like Gecko) Chrome/50.0.2661.89 Mobile Safari/537.36"
64.233.173.47 - - [16/Jun/2017:01:25:09 +0530] "GET /images/img3.jpg HTTP/1.1" 304 - "http://www.cdmindia.gov.in/aboutus.php" "Mozilla/5.0 (Linux; Android 6.0; Lenovo A7020a48 Build/MRA58K) AppleWebKit/537.36 (KHTML, like Gecko) Chrome/50.0.2661.89 Mobile Safari/537.36"
64.233.173.47 - - [16/Jun/2017:01:25:09 +0530] "GET /images/img2.jpg HTTP/1.1" 304 - "http://www.cdmindia.gov.in/aboutus.php" "Mozilla/5.0 (Linux; Android 6.0; Lenovo A7020a48 Build/MRA58K) AppleWebKit/537.36 (KHTML, like Gecko) Chrome/50.0.2661.89 Mobile Safari/537.36"
64.233.173.49 - - [16/Jun/2017:01:25:09 +0530] "GET /images/gtz.jpg HTTP/1.1" 304 - "http://www.cdmindia.gov.in/aboutus.php" "Mozilla/5.0 (Linux; Android 6.0; Lenovo A7020a48 Build/MRA58K) AppleWebKit/537.36 (KHTML, like Gecko) Chrome/50.0.2661.89 Mobile Safari/537.36"
64.233.173.47 - - [16/Jun/2017:01:25:09 +0530] "GET /images/bullet1.gif HTTP/1.1" 304 - "http://www.cdmindia.gov.in/aboutus.php" "Mozilla/5.0 (Linux; Android 6.0; Lenovo A7020a48 Build/MRA58K) AppleWebKit/537.36 (KHTML, like Gecko) Chrome/50.0.2661.89 Mobile Safari/537.36"
64.233.173.51 - - [16/Jun/2017:01:25:09 +0530] "GET /images/bulllet2.gif HTTP/1.1" 304 - "http://www.cdmindia.gov.in/aboutus.php" "Mozilla/5.0 (Linux; Android 6.0; Lenovo A7020a48 Build/MRA58K) AppleWebKit/537.36 (KHTML, like Gecko) Chrome/50.0.2661.89 Mobile Safari/537.36"
64.233.173.49 - - [16/Jun/2017:01:25:09 +0530] "GET /images/img1.jpg HTTP/1.1" 304 - "http://www.cdmindia.gov.in/aboutus.php" "Mozilla/5.0 (Linux; Android 6.0; Lenovo A7020a48 Build/MRA58K) AppleWebKit/537.36 (KHTML, like Gecko) Chrome/50.0.2661.89 Mobile Safari/537.36"
64.233.173.51 - - [16/Jun/2017:01:25:10 +0530] "GET /images/fbg.jpg HTTP/1.1" 304 - "http://www.cdmindia.gov.in/aboutus.php" "Mozilla/5.0 (Linux; Android 6.0; Lenovo A7020a48 Build/MRA58K) AppleWebKit/537.36 (KHTML, like Gecko) Chrome/50.0.2661.89 Mobile Safari/537.36"
64.233.173.51 - - [16/Jun/2017:01:25:10 +0530] "GET /favicon.ico HTTP/1.1" 200 1189 "http://www.cdmindia.gov.in/aboutus.php" "Mozilla/5.0 (Linux; Android 6.0; Lenovo A7020a48 Build/MRA58K) AppleWebKit/537.36 (KHTML, like Gecko) Chrome/50.0.2661.89 Mobile Safari/537.36"
66.249.79.129 - - [16/Jun/2017:01:26:50 +0530] "GET / HTTP/1.1" 200 19480 "-" "Mozilla/5.0 (Linux; Android 6.0.1; Nexus 5X Build/MMB29P) AppleWebKit/537.36 (KHTML, like Gecko) Chrome/41.0.2272.96 Mobile Safari/537.36 (compatible; Googlebot/2.1; +http://www.google.com/bot.html)"
66.249.79.29 - - [16/Jun/2017:01:31:50 +0530] "GET / HTTP/1.1" 200 19480 "-" "Mozilla/5.0 (compatible; Googlebot/2.1; +http://www.google.com/bot.html)"
66.249.75.219 - - [16/Jun/2017:01:31:51 +0530] "GET /robots.txt HTTP/1.1" 404 208 "-" "Mozilla/5.0 (compatible; Googlebot/2.1; +http://www.google.com/bot.html)"
66.249.75.221 - - [16/Jun/2017:01:31:51 +0530] "GET / HTTP/1.1" 200 19480 "-" "Mozilla/5.0 (compatible; Googlebot/2.1; +http://www.google.com/bot.html)"
202.46.52.210 - - [16/Jun/2017:01:34:11 +0530] "GET /project_details_view_report.php?id=1021 HTTP/1.1" 200 13232 "-" "Mozilla/5.0 (Windows NT 10.0; WOW64) AppleWebKit/537.36 (KHTML, like Gecko) Chrome/45.0.2454.93 Safari/537.36"
66.249.75.221 - - [16/Jun/2017:01:35:45 +0530] "GET /news_more.php HTTP/1.1" 200 21061 "-" "Mozilla/5.0 (compatible; Googlebot/2.1; +http://www.google.com/bot.html)"
35.184.189.105 - - [16/Jun/2017:01:38:28 +0530] "GET /robots.txt HTTP/1.1" 404 208 "-" "ltx71 - (http://ltx71.com/)"
90.28.178.241 - - [16/Jun/2017:01:50:15 +0530] "GET /robots.txt HTTP/1.1" 404 208 "-" "Java/1.8.0_101"
202.46.58.99 - - [16/Jun/2017:01:56:23 +0530] "GET /project_details_view.php?id=1169 HTTP/1.1" 200 14229 "-" "Mozilla/5.0 (Windows NT 10.0; WOW64) AppleWebKit/537.36 (KHTML, like Gecko) Chrome/45.0.2454.93 Safari/537.36"
157.55.39.142 - - [16/Jun/2017:01:58:41 +0530] "GET /approval_process.php HTTP/1.1" 200 25912 "-" "Mozilla/5.0 (iPhone; CPU iPhone OS 7_0 like Mac OS X) AppleWebKit/537.51.1 (KHTML, like Gecko) Version/7.0 Mobile/11A465 Safari/9537.53 (compatible; bingbot/2.0; +http://www.bing.com/bingbot.htm)"
40.77.167.73 - - [16/Jun/2017:01:58:55 +0530] "GET /images/h_ap.jpg HTTP/1.1" 200 22346 "-" "Mozilla/5.0 (iPhone; CPU iPhone OS 7_0 like Mac OS X) AppleWebKit/537.51.1 (KHTML, like Gecko) Version/7.0 Mobile/11A465 Safari/9537.53 (compatible; bingbot/2.0; +http://www.bing.com/bingbot.htm)"
40.77.167.73 - - [16/Jun/2017:01:58:56 +0530] "GET /js/index_validations.js HTTP/1.1" 200 3143 "-" "Mozilla/5.0 (iPhone; CPU iPhone OS 7_0 like Mac OS X) AppleWebKit/537.51.1 (KHTML, like Gecko) Version/7.0 Mobile/11A465 Safari/9537.53 (compatible; bingbot/2.0; +http://www.bing.com/bingbot.htm)"
164.132.161.42 - - [16/Jun/2017:02:02:04 +0530] "GET / HTTP/1.1" 200 19480 "-" "Mozilla/5.0 (compatible; AhrefsBot/5.2; +http://ahrefs.com/robot/)"
207.46.13.2 - - [16/Jun/2017:02:02:40 +0530] "GET /detail_news.php?id=17 HTTP/1.1" 302 18570 "-" "Mozilla/5.0 (iPhone; CPU iPhone OS 7_0 like Mac OS X) AppleWebKit/537.51.1 (KHTML, like Gecko) Version/7.0 Mobile/11A465 Safari/9537.53 (compatible; bingbot/2.0; +http://www.bing.com/bingbot.htm)"
207.46.13.2 - - [16/Jun/2017:02:02:42 +0530] "GET /logout.php HTTP/1.1" 302 369 "-" "Mozilla/5.0 (iPhone; CPU iPhone OS 7_0 like Mac OS X) AppleWebKit/537.51.1 (KHTML, like Gecko) Version/7.0 Mobile/11A465 Safari/9537.53 (compatible; bingbot/2.0; +http://www.bing.com/bingbot.htm)"
207.46.13.2 - - [16/Jun/2017:02:02:43 +0530] "GET /index.php HTTP/1.1" 200 19480 "-" "Mozilla/5.0 (iPhone; CPU iPhone OS 7_0 like Mac OS X) AppleWebKit/537.51.1 (KHTML, like Gecko) Version/7.0 Mobile/11A465 Safari/9537.53 (compatible; bingbot/2.0; +http://www.bing.com/bingbot.htm)"
66.249.79.133 - - [16/Jun/2017:02:03:34 +0530] "GET / HTTP/1.1" 200 19480 "-" "Mozilla/5.0 (Linux; Android 6.0.1; Nexus 5X Build/MMB29P) AppleWebKit/537.36 (KHTML, like Gecko) Chrome/41.0.2272.96 Mobile Safari/537.36 (compatible; Googlebot/2.1; +http://www.google.com/bot.html)"
59.95.200.201 - - [16/Jun/2017:02:05:49 +0530] "GET /project_details_view.php?id=1424 HTTP/1.1" 200 15630 "-" "Mozilla/5.0 (Windows NT 6.1) AppleWebKit/537.36 (KHTML, like Gecko) Chrome/58.0.3029.110 Safari/537.36 OPR/45.0.2552.898"
59.95.200.201 - - [16/Jun/2017:02:05:50 +0530] "GET /images/img2.jpg HTTP/1.1" 200 16276 "http://www.cdmindia.gov.in/project_details_view.php?id=1424" "Mozilla/5.0 (Windows NT 6.1) AppleWebKit/537.36 (KHTML, like Gecko) Chrome/58.0.3029.110 Safari/537.36 OPR/45.0.2552.898"
59.95.200.201 - - [16/Jun/2017:02:05:50 +0530] "GET /images/spacer.gif HTTP/1.1" 200 43 "http://www.cdmindia.gov.in/project_details_view.php?id=1424" "Mozilla/5.0 (Windows NT 6.1) AppleWebKit/537.36 (KHTML, like Gecko) Chrome/58.0.3029.110 Safari/537.36 OPR/45.0.2552.898"
59.95.200.201 - - [16/Jun/2017:02:05:50 +0530] "GET /images/fdm.jpg HTTP/1.1" 200 2043 "http://www.cdmindia.gov.in/project_details_view.php?id=1424" "Mozilla/5.0 (Windows NT 6.1) AppleWebKit/537.36 (KHTML, like Gecko) Chrome/58.0.3029.110 Safari/537.36 OPR/45.0.2552.898"
59.95.200.201 - - [16/Jun/2017:02:05:55 +0530] "GET /images/gtz.jpg HTTP/1.1" 200 15484 "http://www.cdmindia.gov.in/project_details_view.php?id=1424" "Mozilla/5.0 (Windows NT 6.1) AppleWebKit/537.36 (KHTML, like Gecko) Chrome/58.0.3029.110 Safari/537.36 OPR/45.0.2552.898"
59.95.200.201 - - [16/Jun/2017:02:05:55 +0530] "GET /images/fbg.jpg HTTP/1.1" 200 325 "http://www.cdmindia.gov.in/project_details_view.php?id=1424" "Mozilla/5.0 (Windows NT 6.1) AppleWebKit/537.36 (KHTML, like Gecko) Chrome/58.0.3029.110 Safari/537.36 OPR/45.0.2552.898"
59.95.200.201 - - [16/Jun/2017:02:05:56 +0530] "GET /favicon.ico HTTP/1.1" 200 1189 "http://www.cdmindia.gov.in/project_details_view.php?id=1424" "Mozilla/5.0 (Windows NT 6.1) AppleWebKit/537.36 (KHTML, like Gecko) Chrome/58.0.3029.110 Safari/537.36 OPR/45.0.2552.898"
35.184.189.105 - - [16/Jun/2017:02:07:01 +0530] "GET /robots.txt HTTP/1.1" 404 208 "-" "ltx71 - (http://ltx71.com/)"
35.184.189.105 - - [16/Jun/2017:02:09:05 +0530] "GET /index.php HTTP/1.1" 200 19480 "-" "ltx71 - (http://ltx71.com/)"
40.77.167.73 - - [16/Jun/2017:02:09:53 +0530] "GET /project_details_view.php?id=1422&oid=2&page=1&reporttype=1 HTTP/1.1" 200 14456 "-" "Mozilla/5.0 (iPhone; CPU iPhone OS 7_0 like Mac OS X) AppleWebKit/537.51.1 (KHTML, like Gecko) Version/7.0 Mobile/11A465 Safari/9537.53 (compatible; bingbot/2.0; +http://www.bing.com/bingbot.htm)"
94.218.172.56 - - [16/Jun/2017:02:12:14 +0530] "GET /project_details_view.php?id=609 HTTP/1.1" 200 15499 "https://www.google.de/" "Mozilla/5.0 (Macintosh; Intel Mac OS X 10_12_5) AppleWebKit/537.36 (KHTML, like Gecko) Chrome/58.0.3029.110 Safari/537.36"
94.218.172.56 - - [16/Jun/2017:02:12:15 +0530] "GET /includes/ncdma.css HTTP/1.1" 200 13023 "http://www.cdmindia.gov.in/project_details_view.php?id=609" "Mozilla/5.0 (Macintosh; Intel Mac OS X 10_12_5) AppleWebKit/537.36 (KHTML, like Gecko) Chrome/58.0.3029.110 Safari/537.36"
94.218.172.56 - - [16/Jun/2017:02:12:15 +0530] "GET /ncdma.css HTTP/1.1" 200 12640 "http://www.cdmindia.gov.in/project_details_view.php?id=609" "Mozilla/5.0 (Macintosh; Intel Mac OS X 10_12_5) AppleWebKit/537.36 (KHTML, like Gecko) Chrome/58.0.3029.110 Safari/537.36"
94.218.172.56 - - [16/Jun/2017:02:12:15 +0530] "GET /Scripts/AC_RunActiveContent.js HTTP/1.1" 200 8321 "http://www.cdmindia.gov.in/project_details_view.php?id=609" "Mozilla/5.0 (Macintosh; Intel Mac OS X 10_12_5) AppleWebKit/537.36 (KHTML, like Gecko) Chrome/58.0.3029.110 Safari/537.36"
94.218.172.56 - - [16/Jun/2017:02:12:15 +0530] "GET /images/img1.jpg HTTP/1.1" 200 1251 "http://www.cdmindia.gov.in/project_details_view.php?id=609" "Mozilla/5.0 (Macintosh; Intel Mac OS X 10_12_5) AppleWebKit/537.36 (KHTML, like Gecko) Chrome/58.0.3029.110 Safari/537.36"
94.218.172.56 - - [16/Jun/2017:02:12:15 +0530] "GET /images/img2.jpg HTTP/1.1" 200 16276 "http://www.cdmindia.gov.in/project_details_view.php?id=609" "Mozilla/5.0 (Macintosh; Intel Mac OS X 10_12_5) AppleWebKit/537.36 (KHTML, like Gecko) Chrome/58.0.3029.110 Safari/537.36"
94.218.172.56 - - [16/Jun/2017:02:12:15 +0530] "GET /images/bullet1.gif HTTP/1.1" 200 67 "http://www.cdmindia.gov.in/project_details_view.php?id=609" "Mozilla/5.0 (Macintosh; Intel Mac OS X 10_12_5) AppleWebKit/537.36 (KHTML, like Gecko) Chrome/58.0.3029.110 Safari/537.36"
94.218.172.56 - - [16/Jun/2017:02:12:15 +0530] "GET /images/spacer.gif HTTP/1.1" 200 43 "http://www.cdmindia.gov.in/project_details_view.php?id=609" "Mozilla/5.0 (Macintosh; Intel Mac OS X 10_12_5) AppleWebKit/537.36 (KHTML, like Gecko) Chrome/58.0.3029.110 Safari/537.36"
94.218.172.56 - - [16/Jun/2017:02:12:15 +0530] "GET /images/bulllet2.gif HTTP/1.1" 200 58 "http://www.cdmindia.gov.in/project_details_view.php?id=609" "Mozilla/5.0 (Macintosh; Intel Mac OS X 10_12_5) AppleWebKit/537.36 (KHTML, like Gecko) Chrome/58.0.3029.110 Safari/537.36"
94.218.172.56 - - [16/Jun/2017:02:12:15 +0530] "GET /images/img3.jpg HTTP/1.1" 200 26957 "http://www.cdmindia.gov.in/project_details_view.php?id=609" "Mozilla/5.0 (Macintosh; Intel Mac OS X 10_12_5) AppleWebKit/537.36 (KHTML, like Gecko) Chrome/58.0.3029.110 Safari/537.36"
94.218.172.56 - - [16/Jun/2017:02:12:16 +0530] "GET /images/bullet4.gif HTTP/1.1" 200 67 "http://www.cdmindia.gov.in/project_details_view.php?id=609" "Mozilla/5.0 (Macintosh; Intel Mac OS X 10_12_5) AppleWebKit/537.36 (KHTML, like Gecko) Chrome/58.0.3029.110 Safari/537.36"
94.218.172.56 - - [16/Jun/2017:02:12:16 +0530] "GET /images/fdm.jpg HTTP/1.1" 200 2043 "http://www.cdmindia.gov.in/project_details_view.php?id=609" "Mozilla/5.0 (Macintosh; Intel Mac OS X 10_12_5) AppleWebKit/537.36 (KHTML, like Gecko) Chrome/58.0.3029.110 Safari/537.36"
94.218.172.56 - - [16/Jun/2017:02:12:16 +0530] "GET /images/gtz.jpg HTTP/1.1" 200 15484 "http://www.cdmindia.gov.in/project_details_view.php?id=609" "Mozilla/5.0 (Macintosh; Intel Mac OS X 10_12_5) AppleWebKit/537.36 (KHTML, like Gecko) Chrome/58.0.3029.110 Safari/537.36"
94.218.172.56 - - [16/Jun/2017:02:12:16 +0530] "GET /images/fbg.jpg HTTP/1.1" 200 325 "http://www.cdmindia.gov.in/project_details_view.php?id=609" "Mozilla/5.0 (Macintosh; Intel Mac OS X 10_12_5) AppleWebKit/537.36 (KHTML, like Gecko) Chrome/58.0.3029.110 Safari/537.36"
94.218.172.56 - - [16/Jun/2017:02:12:16 +0530] "GET /favicon.ico HTTP/1.1" 200 1189 "http://www.cdmindia.gov.in/project_details_view.php?id=609" "Mozilla/5.0 (Macintosh; Intel Mac OS X 10_12_5) AppleWebKit/537.36 (KHTML, like Gecko) Chrome/58.0.3029.110 Safari/537.36"
114.115.190.4 - - [16/Jun/2017:02:12:53 +0530] "GET /robots.txt HTTP/1.0" 404 208 "-" "nutch-1.4/Nutch-1.4"
114.115.190.4 - - [16/Jun/2017:02:12:54 +0530] "GET / HTTP/1.0" 200 19480 "-" "nutch-1.4/Nutch-1.4"
66.249.79.27 - - [16/Jun/2017:02:17:11 +0530] "GET / HTTP/1.1" 200 19480 "-" "Mozilla/5.0 (Linux; Android 6.0.1; Nexus 5X Build/MMB29P) AppleWebKit/537.36 (KHTML, like Gecko) Chrome/41.0.2272.96 Mobile Safari/537.36 (compatible; Googlebot/2.1; +http://www.google.com/bot.html)"
193.140.250.84 - - [16/Jun/2017:02:17:23 +0530] "GET /wp-login.php HTTP/1.1" 404 210 "-" "Mozilla/5.0 (Windows NT 6.1; WOW64; rv:40.0) Gecko/20100101 Firefox/40.1"
193.140.250.84 - - [16/Jun/2017:02:17:23 +0530] "GET / HTTP/1.1" 200 19480 "-" "Mozilla/5.0 (Windows NT 6.1; WOW64; rv:40.0) Gecko/20100101 Firefox/40.1"
202.46.58.167 - - [16/Jun/2017:02:18:34 +0530] "GET /project_details_view.php?id=109 HTTP/1.1" 200 14615 "-" "Mozilla/5.0 (Windows NT 10.0; WOW64) AppleWebKit/537.36 (KHTML, like Gecko) Chrome/45.0.2454.93 Safari/537.36"
41.207.206.209 - - [16/Jun/2017:02:24:26 +0530] "GET / HTTP/1.1" 200 19480 "-" "Mozilla/4.0 (compatible; MSIE 5.0; Windows NT; DigExt; DTS Agent"
157.55.39.142 - - [16/Jun/2017:02:28:34 +0530] "GET /detail_news.php?id=16 HTTP/1.1" 302 18332 "-" "Mozilla/5.0 (iPhone; CPU iPhone OS 7_0 like Mac OS X) AppleWebKit/537.51.1 (KHTML, like Gecko) Version/7.0 Mobile/11A465 Safari/9537.53 (compatible; bingbot/2.0; +http://www.bing.com/bingbot.htm)"
157.55.39.142 - - [16/Jun/2017:02:28:36 +0530] "GET /logout.php HTTP/1.1" 302 369 "-" "Mozilla/5.0 (iPhone; CPU iPhone OS 7_0 like Mac OS X) AppleWebKit/537.51.1 (KHTML, like Gecko) Version/7.0 Mobile/11A465 Safari/9537.53 (compatible; bingbot/2.0; +http://www.bing.com/bingbot.htm)"
157.55.39.142 - - [16/Jun/2017:02:28:37 +0530] "GET /index.php HTTP/1.1" 200 19480 "-" "Mozilla/5.0 (iPhone; CPU iPhone OS 7_0 like Mac OS X) AppleWebKit/537.51.1 (KHTML, like Gecko) Version/7.0 Mobile/11A465 Safari/9537.53 (compatible; bingbot/2.0; +http://www.bing.com/bingbot.htm)"
157.55.39.142 - - [16/Jun/2017:02:31:04 +0530] "GET /Approved_proj_reports_list_details.php?id=5&reporttype=1&scale=&sdt=&edt=&exec= HTTP/1.1" 200 13017 "-" "Mozilla/5.0 (compatible; bingbot/2.0; +http://www.bing.com/bingbot.htm)"
66.249.79.29 - - [16/Jun/2017:02:32:10 +0530] "GET / HTTP/1.1" 200 19480 "-" "Mozilla/5.0 (compatible; Googlebot/2.1; +http://www.google.com/bot.html)"
216.244.66.196 - - [16/Jun/2017:02:35:05 +0530] "GET /robots.txt HTTP/1.1" 404 208 "-" "Mozilla/5.0 (compatible; DotBot/1.1; http://www.opensiteexplorer.org/dotbot, help@moz.com)"
202.46.51.204 - - [16/Jun/2017:02:40:45 +0530] "GET /project_details_view_report.php?id=1024 HTTP/1.1" 200 13198 "-" "Mozilla/5.0 (Windows NT 10.0; WOW64) AppleWebKit/537.36 (KHTML, like Gecko) Chrome/45.0.2454.93 Safari/537.36"
35.184.189.105 - - [16/Jun/2017:02:42:02 +0530] "GET /robots.txt HTTP/1.1" 404 208 "-" "ltx71 - (http://ltx71.com/)"
35.184.189.105 - - [16/Jun/2017:02:42:42 +0530] "GET /aboutus.php HTTP/1.1" 200 19597 "-" "ltx71 - (http://ltx71.com/)"
157.55.39.142 - - [16/Jun/2017:02:46:39 +0530] "GET /project_details_view_report.php?id=495 HTTP/1.1" 200 13154 "-" "Mozilla/5.0 (compatible; bingbot/2.0; +http://www.bing.com/bingbot.htm)"
207.46.13.2 - - [16/Jun/2017:02:54:17 +0530] "GET / HTTP/1.1" 200 19480 "-" "Mozilla/5.0 (compatible; bingbot/2.0; +http://www.bing.com/bingbot.htm)"
207.46.13.2 - - [16/Jun/2017:02:54:34 +0530] "GET / HTTP/1.1" 200 19480 "-" "Mozilla/5.0 (compatible; bingbot/2.0; +http://www.bing.com/bingbot.htm)"
157.55.39.142 - - [16/Jun/2017:02:59:29 +0530] "GET /project_details_view.php?id=1027 HTTP/1.1" 200 13999 "-" "Mozilla/5.0 (iPhone; CPU iPhone OS 7_0 like Mac OS X) AppleWebKit/537.51.1 (KHTML, like Gecko) Version/7.0 Mobile/11A465 Safari/9537.53 (compatible; bingbot/2.0; +http://www.bing.com/bingbot.htm)"
202.46.55.62 - - [16/Jun/2017:03:02:56 +0530] "GET /project_details_view_report.php?id=1318 HTTP/1.1" 200 13213 "-" "Mozilla/5.0 (Windows NT 10.0; WOW64) AppleWebKit/537.36 (KHTML, like Gecko) Chrome/45.0.2454.93 Safari/537.36"
40.77.167.125 - - [16/Jun/2017:03:07:24 +0530] "GET /downloads/Carbon%20Market%20Roadmap.pdf HTTP/1.1" 200 4344697 "-" "Mozilla/5.0 (iPhone; CPU iPhone OS 7_0 like Mac OS X) AppleWebKit/537.51.1 (KHTML, like Gecko) Version/7.0 Mobile/11A465 Safari/9537.53 (compatible; bingbot/2.0; +http://www.bing.com/bingbot.htm)"
35.184.189.105 - - [16/Jun/2017:03:08:06 +0530] "GET /robots.txt HTTP/1.1" 404 208 "-" "ltx71 - (http://ltx71.com/)"
66.249.79.129 - - [16/Jun/2017:03:08:15 +0530] "GET / HTTP/1.1" 200 19480 "-" "Mozilla/5.0 (Linux; Android 6.0.1; Nexus 5X Build/MMB29P) AppleWebKit/537.36 (KHTML, like Gecko) Chrome/41.0.2272.96 Mobile Safari/537.36 (compatible; Googlebot/2.1; +http://www.google.com/bot.html)"
40.77.167.125 - - [16/Jun/2017:03:09:59 +0530] "GET /project_details_view.php?id=328 HTTP/1.1" 200 14088 "-" "Mozilla/5.0 (compatible; bingbot/2.0; +http://www.bing.com/bingbot.htm)"
157.55.39.142 - - [16/Jun/2017:03:10:45 +0530] "GET /approved_projects.php?n=1 HTTP/1.1" 200 16642 "-" "Mozilla/5.0 (iPhone; CPU iPhone OS 7_0 like Mac OS X) AppleWebKit/537.51.1 (KHTML, like Gecko) Version/7.0 Mobile/11A465 Safari/9537.53 (compatible; bingbot/2.0; +http://www.bing.com/bingbot.htm)"
207.46.13.2 - - [16/Jun/2017:03:11:00 +0530] "GET /js/datepicker/latest_datepicker.css HTTP/1.1" 200 2283 "-" "Mozilla/5.0 (iPhone; CPU iPhone OS 7_0 like Mac OS X) AppleWebKit/537.51.1 (KHTML, like Gecko) Version/7.0 Mobile/11A465 Safari/9537.53 (compatible; bingbot/2.0; +http://www.bing.com/bingbot.htm)"
207.46.13.2 - - [16/Jun/2017:03:11:01 +0530] "GET /js/datepicker/latest_jquery.datePicker.js HTTP/1.1" 200 37423 "-" "Mozilla/5.0 (iPhone; CPU iPhone OS 7_0 like Mac OS X) AppleWebKit/537.51.1 (KHTML, like Gecko) Version/7.0 Mobile/11A465 Safari/9537.53 (compatible; bingbot/2.0; +http://www.bing.com/bingbot.htm)"
207.46.13.2 - - [16/Jun/2017:03:11:02 +0530] "GET /js/jquery.js HTTP/1.1" 200 55774 "-" "Mozilla/5.0 (iPhone; CPU iPhone OS 7_0 like Mac OS X) AppleWebKit/537.51.1 (KHTML, like Gecko) Version/7.0 Mobile/11A465 Safari/9537.53 (compatible; bingbot/2.0; +http://www.bing.com/bingbot.htm)"
40.77.167.73 - - [16/Jun/2017:03:11:05 +0530] "GET /js/datepicker/latest_date.js HTTP/1.1" 200 11986 "-" "Mozilla/5.0 (iPhone; CPU iPhone OS 7_0 like Mac OS X) AppleWebKit/537.51.1 (KHTML, like Gecko) Version/7.0 Mobile/11A465 Safari/9537.53 (compatible; bingbot/2.0; +http://www.bing.com/bingbot.htm)"
157.55.39.142 - - [16/Jun/2017:03:11:17 +0530] "GET /js/datepicker/latest_demo.css HTTP/1.1" 200 574 "-" "Mozilla/5.0 (iPhone; CPU iPhone OS 7_0 like Mac OS X) AppleWebKit/537.51.1 (KHTML, like Gecko) Version/7.0 Mobile/11A465 Safari/9537.53 (compatible; bingbot/2.0; +http://www.bing.com/bingbot.htm)"
66.249.79.133 - - [16/Jun/2017:03:12:53 +0530] "GET /project_details_view.php?id=744&oid=1&page=43&reporttype=1 HTTP/1.1" 200 14069 "-" "Mozilla/5.0 (compatible; Googlebot/2.1; +http://www.google.com/bot.html)"
66.249.79.133 - - [16/Jun/2017:03:18:01 +0530] "GET /Approved_proj_reports_list_details.php?id=1&reporttype=1&scale=&sdt=&edt=&exec=&page=60 HTTP/1.1" 200 17252 "-" "Mozilla/5.0 (compatible; Googlebot/2.1; +http://www.google.com/bot.html)"
66.249.79.133 - - [16/Jun/2017:03:21:43 +0530] "GET /project_details_view.php?id=743&oid=1&page=60&reporttype=1 HTTP/1.1" 200 14394 "-" "Mozilla/5.0 (compatible; Googlebot/2.1; +http://www.google.com/bot.html)"
46.249.59.91 - - [16/Jun/2017:03:23:22 +0530] "GET /approval_process.php HTTP/1.0" 200 25912 "http://cdmindia.gov.in/approval_process.php" "Mozilla/5.0 (Windows NT 6.3) AppleWebKit/537.36 (KHTML, like Gecko) Chrome/39.0.2171.71 Safari/537.36"
46.249.59.91 - - [16/Jun/2017:03:23:24 +0530] "GET /registration.php HTTP/1.0" 200 28529 "http://cdmindia.gov.in/registration.php" "Mozilla/5.0 (Windows NT 6.3) AppleWebKit/537.36 (KHTML, like Gecko) Chrome/39.0.2171.71 Safari/537.36"
66.249.79.133 - - [16/Jun/2017:03:23:27 +0530] "GET /project_details_view.php?id=1364 HTTP/1.1" 200 14140 "-" "Mozilla/5.0 (compatible; Googlebot/2.1; +http://www.google.com/bot.html)"
66.249.79.129 - - [16/Jun/2017:03:23:27 +0530] "GET /project_details_view.php?id=723&oid=1&page=60&reporttype=1 HTTP/1.1" 200 14981 "-" "Mozilla/5.0 (compatible; Googlebot/2.1; +http://www.google.com/bot.html)"
46.249.59.91 - - [16/Jun/2017:03:23:28 +0530] "GET /registration.php HTTP/1.0" 200 28529 "http://cdmindia.gov.in/registration.php" "Mozilla/5.0 (Windows NT 6.3) AppleWebKit/537.36 (KHTML, like Gecko) Chrome/39.0.2171.71 Safari/537.36"
46.249.59.91 - - [16/Jun/2017:03:23:32 +0530] "GET /registration.php HTTP/1.0" 200 28529 "http://cdmindia.gov.in/registration.php" "Mozilla/5.0 (Windows NT 6.3) AppleWebKit/537.36 (KHTML, like Gecko) Chrome/39.0.2171.71 Safari/537.36"
46.249.59.91 - - [16/Jun/2017:03:23:33 +0530] "GET /registration.php HTTP/1.0" 200 28529 "http://cdmindia.gov.in/registration.php" "Mozilla/5.0 (Windows NT 6.3) AppleWebKit/537.36 (KHTML, like Gecko) Chrome/39.0.2171.71 Safari/537.36"
202.46.51.37 - - [16/Jun/2017:03:25:08 +0530] "GET /project_details_view.php?id=1770 HTTP/1.1" 200 14043 "-" "Mozilla/5.0 (Windows NT 10.0; WOW64) AppleWebKit/537.36 (KHTML, like Gecko) Chrome/45.0.2454.93 Safari/537.36"
35.184.189.105 - - [16/Jun/2017:03:25:12 +0530] "GET /robots.txt HTTP/1.1" 404 208 "-" "ltx71 - (http://ltx71.com/)"
35.184.189.105 - - [16/Jun/2017:03:27:03 +0530] "GET /downloads/Carbon%20Market%20Roadmap.pdf HTTP/1.1" 200 4344697 "-" "ltx71 - (http://ltx71.com/)"
40.77.167.73 - - [16/Jun/2017:03:28:36 +0530] "GET /project_details_view.php?id=1424 HTTP/1.1" 200 15630 "-" "Mozilla/5.0 (iPhone; CPU iPhone OS 7_0 like Mac OS X) AppleWebKit/537.51.1 (KHTML, like Gecko) Version/7.0 Mobile/11A465 Safari/9537.53 (compatible; bingbot/2.0; +http://www.bing.com/bingbot.htm)"
40.77.167.73 - - [16/Jun/2017:03:28:45 +0530] "GET /sitemap.php HTTP/1.1" 200 18469 "-" "Mozilla/5.0 (compatible; bingbot/2.0; +http://www.bing.com/bingbot.htm)"
157.55.39.142 - - [16/Jun/2017:03:28:57 +0530] "GET /includes/ncdma.css HTTP/1.1" 200 13023 "-" "Mozilla/5.0 (compatible; bingbot/2.0; +http://www.bing.com/bingbot.htm)"
90.28.49.248 - - [16/Jun/2017:03:29:53 +0530] "GET /robots.txt HTTP/1.1" 404 208 "-" "Java/1.8.0_101"
146.148.64.128 - - [16/Jun/2017:03:36:59 +0530] "GET /robots.txt HTTP/1.1" 404 208 "-" "ltx71 - (http://ltx71.com/)"
186.101.137.171 - - [16/Jun/2017:03:38:01 +0530] "GET /wp-login.php HTTP/1.1" 404 210 "-" "Mozilla/5.0 (Windows NT 6.1; WOW64; rv:40.0) Gecko/20100101 Firefox/40.1"
186.101.137.171 - - [16/Jun/2017:03:38:01 +0530] "GET / HTTP/1.1" 200 19480 "-" "Mozilla/5.0 (Windows NT 6.1; WOW64; rv:40.0) Gecko/20100101 Firefox/40.1"
146.148.64.128 - - [16/Jun/2017:03:38:15 +0530] "GET / HTTP/1.1" 200 19480 "-" "ltx71 - (http://ltx71.com/)"
146.148.64.128 - - [16/Jun/2017:03:40:03 +0530] "GET /news_more.php HTTP/1.1" 200 21061 "-" "ltx71 - (http://ltx71.com/)"
66.249.79.129 - - [16/Jun/2017:03:43:03 +0530] "GET /project_details_view.php?id=761 HTTP/1.1" 200 14411 "-" "Mozilla/5.0 (compatible; Googlebot/2.1; +http://www.google.com/bot.html)"
146.148.64.128 - - [16/Jun/2017:03:43:12 +0530] "GET /robots.txt HTTP/1.1" 404 208 "-" "ltx71 - (http://ltx71.com/)"
146.148.64.128 - - [16/Jun/2017:03:43:42 +0530] "GET /sitemap.php HTTP/1.1" 200 18469 "-" "ltx71 - (http://ltx71.com/)"
202.46.54.27 - - [16/Jun/2017:03:47:19 +0530] "GET /project_details_view.php?id=1486 HTTP/1.1" 200 14706 "-" "Mozilla/5.0 (Windows NT 10.0; WOW64) AppleWebKit/537.36 (KHTML, like Gecko) Chrome/45.0.2454.93 Safari/537.36"
146.148.64.128 - - [16/Jun/2017:03:48:06 +0530] "GET /robots.txt HTTP/1.1" 404 208 "-" "ltx71 - (http://ltx71.com/)"
146.148.64.128 - - [16/Jun/2017:03:51:35 +0530] "GET /robots.txt HTTP/1.1" 404 208 "-" "ltx71 - (http://ltx71.com/)"
146.148.64.128 - - [16/Jun/2017:03:52:27 +0530] "GET /index.php HTTP/1.1" 200 19480 "-" "ltx71 - (http://ltx71.com/)"
66.249.79.129 - - [16/Jun/2017:03:53:12 +0530] "GET /reports_list_details.php?id=1&reporttype=1&page=84 HTTP/1.1" 200 22381 "-" "Mozilla/5.0 (compatible; Googlebot/2.1; +http://www.google.com/bot.html)"
146.148.64.128 - - [16/Jun/2017:03:54:04 +0530] "GET /aboutus.php HTTP/1.1" 200 19597 "-" "ltx71 - (http://ltx71.com/)"
146.148.64.128 - - [16/Jun/2017:03:55:41 +0530] "GET /registration.php HTTP/1.1" 302 28529 "-" "ltx71 - (http://ltx71.com/)"
146.148.64.128 - - [16/Jun/2017:03:56:38 +0530] "GET /contactus.php HTTP/1.1" 200 18292 "-" "ltx71 - (http://ltx71.com/)"
146.148.64.128 - - [16/Jun/2017:03:58:08 +0530] "GET /capacity_building.php HTTP/1.1" 200 19186 "-" "ltx71 - (http://ltx71.com/)"
216.244.66.196 - - [16/Jun/2017:04:02:10 +0530] "GET /detail_news.php?id=3 HTTP/1.1" 302 18397 "-" "Mozilla/5.0 (compatible; DotBot/1.1; http://www.opensiteexplorer.org/dotbot, help@moz.com)"
66.249.79.129 - - [16/Jun/2017:04:03:11 +0530] "GET /project_details_view.php?id=1369&oid=1&page=31&reporttype=1 HTTP/1.1" 200 14339 "-" "Mozilla/5.0 (compatible; Googlebot/2.1; +http://www.google.com/bot.html)"
66.249.69.79 - - [16/Jun/2017:04:04:56 +0530] "GET /project_details_view.php?id=155 HTTP/1.1" 200 13929 "-" "Mozilla/5.0 (compatible; Googlebot/2.1; +http://www.google.com/bot.html)"
40.77.167.125 - - [16/Jun/2017:04:06:52 +0530] "GET /project_details_view.php?id=1326 HTTP/1.1" 200 14858 "-" "Mozilla/5.0 (iPhone; CPU iPhone OS 7_0 like Mac OS X) AppleWebKit/537.51.1 (KHTML, like Gecko) Version/7.0 Mobile/11A465 Safari/9537.53 (compatible; bingbot/2.0; +http://www.bing.com/bingbot.htm)"
66.249.79.133 - - [16/Jun/2017:04:08:21 +0530] "GET /project_details_view.php?id=1259 HTTP/1.1" 200 14299 "-" "Mozilla/5.0 (compatible; Googlebot/2.1; +http://www.google.com/bot.html)"
202.46.58.75 - - [16/Jun/2017:04:09:30 +0530] "GET /project_details_view.php?id=1871 HTTP/1.1" 200 14052 "-" "Mozilla/5.0 (Windows NT 10.0; WOW64) AppleWebKit/537.36 (KHTML, like Gecko) Chrome/45.0.2454.93 Safari/537.36"
146.148.64.128 - - [16/Jun/2017:04:09:46 +0530] "GET /robots.txt HTTP/1.1" 404 208 "-" "ltx71 - (http://ltx71.com/)"
66.249.69.83 - - [16/Jun/2017:04:11:36 +0530] "GET /project_details_view.php?id=151 HTTP/1.1" 200 14660 "-" "Mozilla/5.0 (compatible; Googlebot/2.1; +http://www.google.com/bot.html)"
65.55.210.40 - - [16/Jun/2017:04:12:10 +0530] "GET /js/datepicker/calendar.gif HTTP/1.1" 200 235 "-" "Mozilla/5.0 (iPhone; CPU iPhone OS 7_0 like Mac OS X) AppleWebKit/537.51.1 (KHTML, like Gecko) Version/7.0 Mobile/11A465 Safari/9537.53 BingPreview/1.0b"
66.249.79.133 - - [16/Jun/2017:04:13:21 +0530] "GET /project_details_view.php?id=2081 HTTP/1.1" 200 14233 "-" "Mozilla/5.0 (compatible; Googlebot/2.1; +http://www.google.com/bot.html)"
146.148.64.128 - - [16/Jun/2017:04:16:00 +0530] "GET /robots.txt HTTP/1.1" 404 208 "-" "ltx71 - (http://ltx71.com/)"
216.244.66.248 - - [16/Jun/2017:04:22:19 +0530] "GET /robots.txt HTTP/1.1" 404 208 "-" "Mozilla/5.0 (compatible; DotBot/1.1; http://www.opensiteexplorer.org/dotbot, help@moz.com)"
146.148.64.128 - - [16/Jun/2017:04:22:53 +0530] "GET /robots.txt HTTP/1.1" 404 208 "-" "ltx71 - (http://ltx71.com/)"
146.148.64.128 - - [16/Jun/2017:04:23:19 +0530] "GET /logout.php HTTP/1.1" 302 369 "-" "ltx71 - (http://ltx71.com/)"
66.249.69.79 - - [16/Jun/2017:04:23:21 +0530] "GET /project_details_view.php?id=764 HTTP/1.1" 200 15373 "-" "Mozilla/5.0 (compatible; Googlebot/2.1; +http://www.google.com/bot.html)"
66.249.79.133 - - [16/Jun/2017:04:23:21 +0530] "GET /project_details_view.php?id=764 HTTP/1.1" 200 15373 "-" "Mozilla/5.0 (compatible; Googlebot/2.1; +http://www.google.com/bot.html)"
66.249.79.129 - - [16/Jun/2017:04:23:22 +0530] "GET /robots.txt HTTP/1.1" 404 208 "-" "Mozilla/5.0 (compatible; Googlebot/2.1; +http://www.google.com/bot.html)"
66.249.79.129 - - [16/Jun/2017:04:23:26 +0530] "GET /reports_list_details.php?id=tubkayrstf&reporttype=&page=126 HTTP/1.1" 200 21505 "-" "Mozilla/5.0 (compatible; Googlebot/2.1; +http://www.google.com/bot.html)"
146.148.64.128 - - [16/Jun/2017:04:24:26 +0530] "GET /approval_process.php HTTP/1.1" 200 25912 "-" "ltx71 - (http://ltx71.com/)"
157.55.39.142 - - [16/Jun/2017:04:24:59 +0530] "GET /project_details_view.php?id=1258 HTTP/1.1" 200 14032 "-" "Mozilla/5.0 (iPhone; CPU iPhone OS 7_0 like Mac OS X) AppleWebKit/537.51.1 (KHTML, like Gecko) Version/7.0 Mobile/11A465 Safari/9537.53 (compatible; bingbot/2.0; +http://www.bing.com/bingbot.htm)"
49.249.31.81 - - [16/Jun/2017:04:29:36 +0530] "GET /project_details_view.php?id=488 HTTP/1.1" 200 14892 "-" "Mozilla/5.0 (Linux; Android 6.0; XT1706 Build/MRA58K) AppleWebKit/537.36 (KHTML, like Gecko) Chrome/50.0.2661.89 Mobile Safari/537.36"
49.249.31.81 - - [16/Jun/2017:04:29:36 +0530] "GET /Scripts/AC_RunActiveContent.js HTTP/1.1" 200 8321 "http://www.cdmindia.gov.in/project_details_view.php?id=488" "Mozilla/5.0 (Linux; Android 6.0; XT1706 Build/MRA58K) AppleWebKit/537.36 (KHTML, like Gecko) Chrome/50.0.2661.89 Mobile Safari/537.36"
49.249.31.81 - - [16/Jun/2017:04:29:36 +0530] "GET /includes/ncdma.css HTTP/1.1" 200 13023 "http://www.cdmindia.gov.in/project_details_view.php?id=488" "Mozilla/5.0 (Linux; Android 6.0; XT1706 Build/MRA58K) AppleWebKit/537.36 (KHTML, like Gecko) Chrome/50.0.2661.89 Mobile Safari/537.36"
49.249.31.81 - - [16/Jun/2017:04:29:36 +0530] "GET /ncdma.css HTTP/1.1" 200 12640 "http://www.cdmindia.gov.in/project_details_view.php?id=488" "Mozilla/5.0 (Linux; Android 6.0; XT1706 Build/MRA58K) AppleWebKit/537.36 (KHTML, like Gecko) Chrome/50.0.2661.89 Mobile Safari/537.36"
49.249.31.81 - - [16/Jun/2017:04:29:36 +0530] "GET /images/fdm.jpg HTTP/1.1" 200 2043 "http://www.cdmindia.gov.in/project_details_view.php?id=488" "Mozilla/5.0 (Linux; Android 6.0; XT1706 Build/MRA58K) AppleWebKit/537.36 (KHTML, like Gecko) Chrome/50.0.2661.89 Mobile Safari/537.36"
49.249.31.81 - - [16/Jun/2017:04:29:36 +0530] "GET /images/fbg.jpg HTTP/1.1" 200 325 "http://www.cdmindia.gov.in/project_details_view.php?id=488" "Mozilla/5.0 (Linux; Android 6.0; XT1706 Build/MRA58K) AppleWebKit/537.36 (KHTML, like Gecko) Chrome/50.0.2661.89 Mobile Safari/537.36"
49.249.31.81 - - [16/Jun/2017:04:29:36 +0530] "GET /images/img1.jpg HTTP/1.1" 200 1251 "http://www.cdmindia.gov.in/project_details_view.php?id=488" "Mozilla/5.0 (Linux; Android 6.0; XT1706 Build/MRA58K) AppleWebKit/537.36 (KHTML, like Gecko) Chrome/50.0.2661.89 Mobile Safari/537.36"
49.249.31.81 - - [16/Jun/2017:04:29:36 +0530] "GET /images/gtz.jpg HTTP/1.1" 200 15484 "http://www.cdmindia.gov.in/project_details_view.php?id=488" "Mozilla/5.0 (Linux; Android 6.0; XT1706 Build/MRA58K) AppleWebKit/537.36 (KHTML, like Gecko) Chrome/50.0.2661.89 Mobile Safari/537.36"
49.249.31.81 - - [16/Jun/2017:04:29:36 +0530] "GET /images/img2.jpg HTTP/1.1" 200 16276 "http://www.cdmindia.gov.in/project_details_view.php?id=488" "Mozilla/5.0 (Linux; Android 6.0; XT1706 Build/MRA58K) AppleWebKit/537.36 (KHTML, like Gecko) Chrome/50.0.2661.89 Mobile Safari/537.36"
49.249.31.81 - - [16/Jun/2017:04:29:36 +0530] "GET /images/img3.jpg HTTP/1.1" 200 26957 "http://www.cdmindia.gov.in/project_details_view.php?id=488" "Mozilla/5.0 (Linux; Android 6.0; XT1706 Build/MRA58K) AppleWebKit/537.36 (KHTML, like Gecko) Chrome/50.0.2661.89 Mobile Safari/537.36"
49.249.31.81 - - [16/Jun/2017:04:29:36 +0530] "GET /images/spacer.gif HTTP/1.1" 200 43 "http://www.cdmindia.gov.in/project_details_view.php?id=488" "Mozilla/5.0 (Linux; Android 6.0; XT1706 Build/MRA58K) AppleWebKit/537.36 (KHTML, like Gecko) Chrome/50.0.2661.89 Mobile Safari/537.36"
49.249.31.81 - - [16/Jun/2017:04:29:36 +0530] "GET /images/bullet1.gif HTTP/1.1" 200 67 "http://www.cdmindia.gov.in/project_details_view.php?id=488" "Mozilla/5.0 (Linux; Android 6.0; XT1706 Build/MRA58K) AppleWebKit/537.36 (KHTML, like Gecko) Chrome/50.0.2661.89 Mobile Safari/537.36"
49.249.31.81 - - [16/Jun/2017:04:29:36 +0530] "GET /images/bulllet2.gif HTTP/1.1" 200 58 "http://www.cdmindia.gov.in/project_details_view.php?id=488" "Mozilla/5.0 (Linux; Android 6.0; XT1706 Build/MRA58K) AppleWebKit/537.36 (KHTML, like Gecko) Chrome/50.0.2661.89 Mobile Safari/537.36"
49.249.31.81 - - [16/Jun/2017:04:29:36 +0530] "GET /images/bullet4.gif HTTP/1.1" 200 67 "http://www.cdmindia.gov.in/project_details_view.php?id=488" "Mozilla/5.0 (Linux; Android 6.0; XT1706 Build/MRA58K) AppleWebKit/537.36 (KHTML, like Gecko) Chrome/50.0.2661.89 Mobile Safari/537.36"
49.249.31.81 - - [16/Jun/2017:04:29:37 +0530] "GET /favicon.ico HTTP/1.1" 200 1189 "http://www.cdmindia.gov.in/project_details_view.php?id=488" "Mozilla/5.0 (Linux; Android 6.0; XT1706 Build/MRA58K) AppleWebKit/537.36 (KHTML, like Gecko) Chrome/50.0.2661.89 Mobile Safari/537.36"
40.77.178.215 - - [16/Jun/2017:04:29:53 +0530] "GET /images/bulllet2.gif HTTP/1.1" 200 58 "-" "Mozilla/5.0 (iPhone; CPU iPhone OS 7_0 like Mac OS X) AppleWebKit/537.51.1 (KHTML, like Gecko) Version/7.0 Mobile/11A465 Safari/9537.53 BingPreview/1.0b"
66.249.79.131 - - [16/Jun/2017:04:31:30 +0530] "GET /project_details_view.php?id=1466 HTTP/1.1" 200 14500 "-" "Mozilla/5.0 (Linux; Android 6.0.1; Nexus 5X Build/MMB29P) AppleWebKit/537.36 (KHTML, like Gecko) Chrome/41.0.2272.96 Mobile Safari/537.36 (compatible; Googlebot/2.1; +http://www.google.com/bot.html)"
49.249.31.81 - - [16/Jun/2017:04:31:35 +0530] "GET /project_details_view.php?id=488 HTTP/1.1" 200 14892 "-" "Mozilla/5.0 (Linux; Android 6.0; XT1706 Build/MRA58K) AppleWebKit/537.36 (KHTML, like Gecko) Chrome/50.0.2661.89 Mobile Safari/537.36"
202.46.51.86 - - [16/Jun/2017:04:31:41 +0530] "GET /project_details_view.php?id=1764 HTTP/1.1" 200 14110 "-" "Mozilla/5.0 (Windows NT 10.0; WOW64) AppleWebKit/537.36 (KHTML, like Gecko) Chrome/45.0.2454.93 Safari/537.36"
40.77.167.125 - - [16/Jun/2017:04:33:46 +0530] "GET /project_details_view.php?id=1190 HTTP/1.1" 200 15466 "-" "Mozilla/5.0 (iPhone; CPU iPhone OS 7_0 like Mac OS X) AppleWebKit/537.51.1 (KHTML, like Gecko) Version/7.0 Mobile/11A465 Safari/9537.53 (compatible; bingbot/2.0; +http://www.bing.com/bingbot.htm)"
146.148.64.128 - - [16/Jun/2017:04:34:20 +0530] "GET /robots.txt HTTP/1.1" 404 208 "-" "ltx71 - (http://ltx71.com/)"
146.148.64.128 - - [16/Jun/2017:04:34:31 +0530] "GET / HTTP/1.1" 200 19480 "-" "ltx71 - (http://ltx71.com/)"
146.148.64.128 - - [16/Jun/2017:04:34:51 +0530] "GET /news_more.php HTTP/1.1" 200 21061 "-" "ltx71 - (http://ltx71.com/)"
146.148.64.128 - - [16/Jun/2017:04:35:02 +0530] "GET /sitemap.php HTTP/1.1" 200 18469 "-" "ltx71 - (http://ltx71.com/)"
146.148.64.128 - - [16/Jun/2017:04:35:12 +0530] "GET /index.php HTTP/1.1" 200 19480 "-" "ltx71 - (http://ltx71.com/)"
146.148.64.128 - - [16/Jun/2017:04:35:23 +0530] "GET /aboutus.php HTTP/1.1" 200 19597 "-" "ltx71 - (http://ltx71.com/)"
146.148.64.128 - - [16/Jun/2017:04:36:32 +0530] "GET /registration.php HTTP/1.1" 302 28529 "-" "ltx71 - (http://ltx71.com/)"
109.49.234.185 - - [16/Jun/2017:04:36:54 +0530] "GET /wp-login.php HTTP/1.1" 404 210 "-" "Mozilla/5.0 (Windows NT 6.1; WOW64; rv:40.0) Gecko/20100101 Firefox/40.1"
109.49.234.185 - - [16/Jun/2017:04:36:55 +0530] "GET / HTTP/1.1" 200 19480 "-" "Mozilla/5.0 (Windows NT 6.1; WOW64; rv:40.0) Gecko/20100101 Firefox/40.1"
146.148.64.128 - - [16/Jun/2017:04:36:56 +0530] "GET /contactus.php HTTP/1.1" 200 18292 "-" "ltx71 - (http://ltx71.com/)"
146.148.64.128 - - [16/Jun/2017:04:38:56 +0530] "GET /logout.php HTTP/1.1" 302 369 "-" "ltx71 - (http://ltx71.com/)"
35.184.189.105 - - [16/Jun/2017:04:41:28 +0530] "GET /robots.txt HTTP/1.1" 404 208 "-" "ltx71 - (http://ltx71.com/)"
146.148.64.128 - - [16/Jun/2017:04:41:52 +0530] "GET /robots.txt HTTP/1.1" 404 208 "-" "ltx71 - (http://ltx71.com/)"
157.55.39.142 - - [16/Jun/2017:04:43:09 +0530] "GET /project_details_view.php?id=1156 HTTP/1.1" 200 14578 "-" "Mozilla/5.0 (compatible; bingbot/2.0; +http://www.bing.com/bingbot.htm)"
146.148.64.128 - - [16/Jun/2017:04:44:08 +0530] "GET /robots.txt HTTP/1.1" 404 208 "-" "ltx71 - (http://ltx71.com/)"
40.77.167.73 - - [16/Jun/2017:04:45:32 +0530] "GET /project_details_view.php?id=1511 HTTP/1.1" 200 15243 "-" "Mozilla/5.0 (compatible; bingbot/2.0; +http://www.bing.com/bingbot.htm)"
35.184.189.105 - - [16/Jun/2017:04:45:47 +0530] "GET /robots.txt HTTP/1.1" 404 208 "-" "ltx71 - (http://ltx71.com/)"
54.173.165.103 - - [16/Jun/2017:04:45:50 +0530] "GET / HTTP/1.1" 200 19480 "-" "Mozilla/5.0 (X11; Linux x86_64) AppleWebKit/537.36 (KHTML, like Gecko) Chrome/43.0.2357.134 Safari/537.36 http://notifyninja.com/monitoring"
146.148.64.128 - - [16/Jun/2017:04:46:33 +0530] "GET /robots.txt HTTP/1.1" 404 208 "-" "ltx71 - (http://ltx71.com/)"
66.249.79.131 - - [16/Jun/2017:04:46:39 +0530] "GET /project_details_view.php?id=2098 HTTP/1.1" 200 14053 "-" "Mozilla/5.0 (compatible; Googlebot/2.1; +http://www.google.com/bot.html)"
66.249.69.79 - - [16/Jun/2017:04:52:44 +0530] "GET /project_details_view.php?id=1557 HTTP/1.1" 200 14171 "-" "Mozilla/5.0 (compatible; Googlebot/2.1; +http://www.google.com/bot.html)"
202.46.54.184 - - [16/Jun/2017:04:53:53 +0530] "GET /reports_list_details.php?id=Andhra&reporttype=&page=54 HTTP/1.1" 200 21925 "-" "Mozilla/5.0 (Windows NT 10.0; WOW64) AppleWebKit/537.36 (KHTML, like Gecko) Chrome/45.0.2454.93 Safari/537.36"
40.77.167.125 - - [16/Jun/2017:04:57:45 +0530] "GET /detail_news.php?id=20 HTTP/1.1" 302 18266 "-" "Mozilla/5.0 (compatible; bingbot/2.0; +http://www.bing.com/bingbot.htm)"
40.77.167.125 - - [16/Jun/2017:04:57:46 +0530] "GET /logout.php HTTP/1.1" 302 369 "-" "Mozilla/5.0 (compatible; bingbot/2.0; +http://www.bing.com/bingbot.htm)"
40.77.167.125 - - [16/Jun/2017:04:58:11 +0530] "GET /index.php HTTP/1.1" 200 19480 "-" "Mozilla/5.0 (compatible; bingbot/2.0; +http://www.bing.com/bingbot.htm)"
40.77.167.125 - - [16/Jun/2017:04:59:26 +0530] "GET /project_details_view.php?id=913 HTTP/1.1" 200 14592 "-" "Mozilla/5.0 (compatible; bingbot/2.0; +http://www.bing.com/bingbot.htm)"
207.46.13.2 - - [16/Jun/2017:05:02:49 +0530] "GET /project_details_view.php?id=949 HTTP/1.1" 200 15971 "-" "Mozilla/5.0 (compatible; bingbot/2.0; +http://www.bing.com/bingbot.htm)"
40.77.167.73 - - [16/Jun/2017:05:03:11 +0530] "GET /project_details_view.php?id=1497 HTTP/1.1" 200 14483 "-" "Mozilla/5.0 (compatible; bingbot/2.0; +http://www.bing.com/bingbot.htm)"
40.77.167.73 - - [16/Jun/2017:05:06:53 +0530] "GET /constitution.php HTTP/1.1" 200 23669 "-" "Mozilla/5.0 (iPhone; CPU iPhone OS 7_0 like Mac OS X) AppleWebKit/537.51.1 (KHTML, like Gecko) Version/7.0 Mobile/11A465 Safari/9537.53 (compatible; bingbot/2.0; +http://www.bing.com/bingbot.htm)"
40.77.167.125 - - [16/Jun/2017:05:07:25 +0530] "GET /images/h_cons.jpg HTTP/1.1" 200 21924 "-" "Mozilla/5.0 (iPhone; CPU iPhone OS 7_0 like Mac OS X) AppleWebKit/537.51.1 (KHTML, like Gecko) Version/7.0 Mobile/11A465 Safari/9537.53 (compatible; bingbot/2.0; +http://www.bing.com/bingbot.htm)"
40.77.167.125 - - [16/Jun/2017:05:09:55 +0530] "GET /downloads/Carbon%20Market%20Roadmap.pdf HTTP/1.1" 200 4344697 "-" "Mozilla/5.0 (compatible; bingbot/2.0; +http://www.bing.com/bingbot.htm)"
216.244.66.248 - - [16/Jun/2017:05:11:04 +0530] "GET /imp_links.php HTTP/1.1" 200 17834 "-" "Mozilla/5.0 (compatible; DotBot/1.1; http://www.opensiteexplorer.org/dotbot, help@moz.com)"
84.109.137.242 - - [16/Jun/2017:05:13:19 +0530] "GET / HTTP/1.1" 200 19480 "-" "null"
146.148.64.128 - - [16/Jun/2017:05:14:20 +0530] "GET /robots.txt HTTP/1.1" 404 208 "-" "ltx71 - (http://ltx71.com/)"
202.46.51.198 - - [16/Jun/2017:05:16:04 +0530] "GET /project_details_view_report.php?id=1190 HTTP/1.1" 200 13218 "-" "Mozilla/5.0 (Windows NT 10.0; WOW64) AppleWebKit/537.36 (KHTML, like Gecko) Chrome/45.0.2454.93 Safari/537.36"
146.148.64.128 - - [16/Jun/2017:05:28:17 +0530] "GET /robots.txt HTTP/1.1" 404 208 "-" "ltx71 - (http://ltx71.com/)"
157.55.39.142 - - [16/Jun/2017:05:28:35 +0530] "GET /detail_news.php?id=16 HTTP/1.1" 302 18332 "-" "Mozilla/5.0 (compatible; bingbot/2.0; +http://www.bing.com/bingbot.htm)"
157.55.39.142 - - [16/Jun/2017:05:28:36 +0530] "GET /logout.php HTTP/1.1" 302 369 "-" "Mozilla/5.0 (compatible; bingbot/2.0; +http://www.bing.com/bingbot.htm)"
157.55.39.142 - - [16/Jun/2017:05:28:37 +0530] "GET /index.php HTTP/1.1" 200 19480 "-" "Mozilla/5.0 (compatible; bingbot/2.0; +http://www.bing.com/bingbot.htm)"
