202.46.54.17 - - [27/May/2017:01:19:42 +0530] "GET /project_details_view.php?id=466 HTTP/1.1" 200 14574 "-" "Mozilla/5.0 (Windows NT 10.0; WOW64) AppleWebKit/537.36 (KHTML, like Gecko) Chrome/45.0.2454.93 Safari/537.36"
82.145.220.119 - - [27/May/2017:01:19:52 +0530] "GET /project_details_view_report.php?id=25 HTTP/1.1" 200 13127 "-" "Mozilla/5.0 (Linux; U; Android 6.0; XT1706 Build/MRA58K; wv) AppleWebKit/537.36 (KHTML, like Gecko) Version/4.0 Chrome/57.0.2987.132 Mobile Safari/537.36 OPR/25.0.2254.116879"
82.145.220.119 - - [27/May/2017:01:19:52 +0530] "GET /ncdma.css HTTP/1.1" 200 12640 "http://www.cdmindia.gov.in/project_details_view_report.php?id=25" "Mozilla/5.0 (Linux; U; Android 6.0; XT1706 Build/MRA58K; wv) AppleWebKit/537.36 (KHTML, like Gecko) Version/4.0 Chrome/57.0.2987.132 Mobile Safari/537.36 OPR/25.0.2254.116879"
82.145.220.119 - - [27/May/2017:01:19:52 +0530] "GET /includes/ncdma.css HTTP/1.1" 200 13023 "http://www.cdmindia.gov.in/project_details_view_report.php?id=25" "Mozilla/5.0 (Linux; U; Android 6.0; XT1706 Build/MRA58K; wv) AppleWebKit/537.36 (KHTML, like Gecko) Version/4.0 Chrome/57.0.2987.132 Mobile Safari/537.36 OPR/25.0.2254.116879"
82.145.220.119 - - [27/May/2017:01:19:52 +0530] "GET /Scripts/AC_RunActiveContent.js HTTP/1.1" 200 8321 "http://www.cdmindia.gov.in/project_details_view_report.php?id=25" "Mozilla/5.0 (Linux; U; Android 6.0; XT1706 Build/MRA58K; wv) AppleWebKit/537.36 (KHTML, like Gecko) Version/4.0 Chrome/57.0.2987.132 Mobile Safari/537.36 OPR/25.0.2254.116879"
82.145.220.119 - - [27/May/2017:01:19:52 +0530] "GET /images/bullet4.gif HTTP/1.1" 200 67 "http://www.cdmindia.gov.in/project_details_view_report.php?id=25" "Mozilla/5.0 (Linux; U; Android 6.0; XT1706 Build/MRA58K; wv) AppleWebKit/537.36 (KHTML, like Gecko) Version/4.0 Chrome/57.0.2987.132 Mobile Safari/537.36 OPR/25.0.2254.116879"
82.145.220.119 - - [27/May/2017:01:19:52 +0530] "GET /images/img2.jpg HTTP/1.1" 200 16276 "http://www.cdmindia.gov.in/project_details_view_report.php?id=25" "Mozilla/5.0 (Linux; U; Android 6.0; XT1706 Build/MRA58K; wv) AppleWebKit/537.36 (KHTML, like Gecko) Version/4.0 Chrome/57.0.2987.132 Mobile Safari/537.36 OPR/25.0.2254.116879"
82.145.220.119 - - [27/May/2017:01:19:52 +0530] "GET /images/bulllet2.gif HTTP/1.1" 200 58 "http://www.cdmindia.gov.in/project_details_view_report.php?id=25" "Mozilla/5.0 (Linux; U; Android 6.0; XT1706 Build/MRA58K; wv) AppleWebKit/537.36 (KHTML, like Gecko) Version/4.0 Chrome/57.0.2987.132 Mobile Safari/537.36 OPR/25.0.2254.116879"
82.145.220.119 - - [27/May/2017:01:19:52 +0530] "GET /images/bullet1.gif HTTP/1.1" 200 67 "http://www.cdmindia.gov.in/project_details_view_report.php?id=25" "Mozilla/5.0 (Linux; U; Android 6.0; XT1706 Build/MRA58K; wv) AppleWebKit/537.36 (KHTML, like Gecko) Version/4.0 Chrome/57.0.2987.132 Mobile Safari/537.36 OPR/25.0.2254.116879"
82.145.220.119 - - [27/May/2017:01:19:52 +0530] "GET /images/img3.jpg HTTP/1.1" 200 26957 "http://www.cdmindia.gov.in/project_details_view_report.php?id=25" "Mozilla/5.0 (Linux; U; Android 6.0; XT1706 Build/MRA58K; wv) AppleWebKit/537.36 (KHTML, like Gecko) Version/4.0 Chrome/57.0.2987.132 Mobile Safari/537.36 OPR/25.0.2254.116879"
82.145.220.119 - - [27/May/2017:01:19:52 +0530] "GET /images/spacer.gif HTTP/1.1" 200 43 "http://www.cdmindia.gov.in/project_details_view_report.php?id=25" "Mozilla/5.0 (Linux; U; Android 6.0; XT1706 Build/MRA58K; wv) AppleWebKit/537.36 (KHTML, like Gecko) Version/4.0 Chrome/57.0.2987.132 Mobile Safari/537.36 OPR/25.0.2254.116879"
82.145.220.119 - - [27/May/2017:01:19:52 +0530] "GET /images/fdm.jpg HTTP/1.1" 200 2043 "http://www.cdmindia.gov.in/project_details_view_report.php?id=25" "Mozilla/5.0 (Linux; U; Android 6.0; XT1706 Build/MRA58K; wv) AppleWebKit/537.36 (KHTML, like Gecko) Version/4.0 Chrome/57.0.2987.132 Mobile Safari/537.36 OPR/25.0.2254.116879"
82.145.220.119 - - [27/May/2017:01:19:58 +0530] "GET /images/gtz.jpg HTTP/1.1" 200 15484 "http://www.cdmindia.gov.in/project_details_view_report.php?id=25" "Mozilla/5.0 (Linux; U; Android 6.0; XT1706 Build/MRA58K; wv) AppleWebKit/537.36 (KHTML, like Gecko) Version/4.0 Chrome/57.0.2987.132 Mobile Safari/537.36 OPR/25.0.2254.116879"
82.145.220.119 - - [27/May/2017:01:19:58 +0530] "GET /images/fbg.jpg HTTP/1.1" 200 325 "http://www.cdmindia.gov.in/project_details_view_report.php?id=25" "Mozilla/5.0 (Linux; U; Android 6.0; XT1706 Build/MRA58K; wv) AppleWebKit/537.36 (KHTML, like Gecko) Version/4.0 Chrome/57.0.2987.132 Mobile Safari/537.36 OPR/25.0.2254.116879"
82.145.220.119 - - [27/May/2017:01:19:58 +0530] "GET /images/img1.jpg HTTP/1.1" 200 1251 "http://www.cdmindia.gov.in/project_details_view_report.php?id=25" "Mozilla/5.0 (Linux; U; Android 6.0; XT1706 Build/MRA58K; wv) AppleWebKit/537.36 (KHTML, like Gecko) Version/4.0 Chrome/57.0.2987.132 Mobile Safari/537.36 OPR/25.0.2254.116879"
82.145.220.119 - - [27/May/2017:01:19:59 +0530] "GET /favicon.ico HTTP/1.1" 200 1189 "http://www.cdmindia.gov.in/project_details_view_report.php?id=25" "Mozilla/5.0 (Linux; U; Android 6.0; XT1706 Build/MRA58K; wv) AppleWebKit/537.36 (KHTML, like Gecko) Version/4.0 Chrome/57.0.2987.132 Mobile Safari/537.36 OPR/25.0.2254.116879"
66.249.79.83 - - [27/May/2017:01:20:13 +0530] "GET /project_details_view.php?id=1897&oid=&page=11&reporttype= HTTP/1.1" 200 14870 "-" "Mozilla/5.0 (compatible; Googlebot/2.1; +http://www.google.com/bot.html)"
66.249.79.93 - - [27/May/2017:01:20:18 +0530] "GET / HTTP/1.1" 200 19481 "-" "Mozilla/5.0 (Linux; Android 6.0.1; Nexus 5X Build/MMB29P) AppleWebKit/537.36 (KHTML, like Gecko) Chrome/41.0.2272.96 Mobile Safari/537.36 (compatible; Googlebot/2.1; +http://www.google.com/bot.html)"
207.46.13.77 - - [27/May/2017:01:24:11 +0530] "GET /project_details_view.php?id=585 HTTP/1.1" 200 14001 "-" "Mozilla/5.0 (compatible; bingbot/2.0; +http://www.bing.com/bingbot.htm)"
88.252.63.32 - - [27/May/2017:01:25:04 +0530] "GET /wp-login.php HTTP/1.1" 404 210 "-" "Mozilla/5.0 (Linux; U; Android 2.2) AppleWebKit/533.1 (KHTML, like Gecko) Version/4.0 Mobile Safari/533.1"
88.252.63.32 - - [27/May/2017:01:25:05 +0530] "GET /administrator/index.php HTTP/1.1" 404 221 "-" "Mozilla/5.0 (Linux; U; Android 2.2) AppleWebKit/533.1 (KHTML, like Gecko) Version/4.0 Mobile Safari/533.1"
88.252.63.32 - - [27/May/2017:01:25:06 +0530] "GET /admin.php HTTP/1.1" 404 207 "-" "Mozilla/5.0 (Linux; U; Android 2.2) AppleWebKit/533.1 (KHTML, like Gecko) Version/4.0 Mobile Safari/533.1"
88.252.63.32 - - [27/May/2017:01:25:06 +0530] "GET /bitrix/admin/index.php?lang=en HTTP/1.1" 404 220 "-" "Mozilla/5.0 (Linux; U; Android 2.2) AppleWebKit/533.1 (KHTML, like Gecko) Version/4.0 Mobile Safari/533.1"
88.252.63.32 - - [27/May/2017:01:25:10 +0530] "GET /admin/login.php HTTP/1.1" 200 6922 "-" "Mozilla/5.0 (Linux; U; Android 2.2) AppleWebKit/533.1 (KHTML, like Gecko) Version/4.0 Mobile Safari/533.1"
88.252.63.32 - - [27/May/2017:01:25:12 +0530] "GET /admin/ HTTP/1.1" 200 6169 "-" "Mozilla/5.0 (Linux; U; Android 2.2) AppleWebKit/533.1 (KHTML, like Gecko) Version/4.0 Mobile Safari/533.1"
88.252.63.32 - - [27/May/2017:01:25:14 +0530] "GET /user/ HTTP/1.1" 404 203 "-" "Mozilla/5.0 (Linux; U; Android 2.2) AppleWebKit/533.1 (KHTML, like Gecko) Version/4.0 Mobile Safari/533.1"
66.249.79.81 - - [27/May/2017:01:25:34 +0530] "GET /project_details_view.php?id=1260 HTTP/1.1" 200 14132 "-" "Mozilla/5.0 (compatible; Googlebot/2.1; +http://www.google.com/bot.html)"
66.249.79.79 - - [27/May/2017:01:25:35 +0530] "GET /project_details_view.php?id=1260 HTTP/1.1" 200 14132 "-" "Mozilla/5.0 (compatible; Googlebot/2.1; +http://www.google.com/bot.html)"
134.119.213.82 - - [27/May/2017:01:27:46 +0530] "GET / HTTP/1.1" 200 19481 "http://www.cdmindia.gov.in" "Mozilla/5.0 (Windows NT 6.1; WOW64) AppleWebKit/537.36 (KHTML, like Gecko) Chrome/52.0.2743.116 Safari/537.36"
134.119.213.82 - - [27/May/2017:01:27:46 +0530] "GET /contactus.php HTTP/1.1" 200 18293 "http://www.cdmindia.gov.in" "Mozilla/5.0 (Windows NT 6.1; WOW64) AppleWebKit/537.36 (KHTML, like Gecko) Chrome/52.0.2743.116 Safari/537.36"
66.249.79.81 - - [27/May/2017:01:30:15 +0530] "GET /project_details_view.php?id=196&oid=&page=84&reporttype= HTTP/1.1" 200 15143 "-" "Mozilla/5.0 (compatible; Googlebot/2.1; +http://www.google.com/bot.html)"
157.55.39.227 - - [27/May/2017:01:34:58 +0530] "GET /project_details_view.php?id=47 HTTP/1.1" 200 14951 "-" "Mozilla/5.0 (compatible; bingbot/2.0; +http://www.bing.com/bingbot.htm)"
66.249.79.83 - - [27/May/2017:01:35:24 +0530] "GET /project_details_view_report.php?id=1720 HTTP/1.1" 200 13187 "-" "Mozilla/5.0 (compatible; Googlebot/2.1; +http://www.google.com/bot.html)"
210.232.15.24 - - [27/May/2017:01:36:23 +0530] "GET / HTTP/1.1" 200 19481 "-" "Mozilla/5.0 (Windows NT 5.1; rv:6.0.2) Gecko/20100101 Firefox/6.0.2"
40.77.177.191 - - [27/May/2017:01:36:48 +0530] "GET /js/datepicker/latest_date.js HTTP/1.1" 200 11986 "-" "Mozilla/5.0 (iPhone; CPU iPhone OS 7_0 like Mac OS X) AppleWebKit/537.51.1 (KHTML, like Gecko) Version/7.0 Mobile/11A465 Safari/9537.53 BingPreview/1.0b"
40.77.177.191 - - [27/May/2017:01:36:48 +0530] "GET /js/datepicker/latest_datepicker.css HTTP/1.1" 200 2283 "-" "Mozilla/5.0 (iPhone; CPU iPhone OS 7_0 like Mac OS X) AppleWebKit/537.51.1 (KHTML, like Gecko) Version/7.0 Mobile/11A465 Safari/9537.53 BingPreview/1.0b"
40.77.177.191 - - [27/May/2017:01:36:50 +0530] "GET /js/datepicker/calendar.gif HTTP/1.1" 200 235 "-" "Mozilla/5.0 (iPhone; CPU iPhone OS 7_0 like Mac OS X) AppleWebKit/537.51.1 (KHTML, like Gecko) Version/7.0 Mobile/11A465 Safari/9537.53 BingPreview/1.0b"
68.180.228.167 - - [27/May/2017:01:38:02 +0530] "GET /reports_new.php?n=1 HTTP/1.1" 200 22412 "-" "Mozilla/5.0 (compatible; Yahoo! Slurp; http://help.yahoo.com/help/us/ysearch/slurp)"
202.46.50.130 - - [27/May/2017:01:38:24 +0530] "GET /project_details_view.php?id=257 HTTP/1.1" 200 14375 "-" "Mozilla/5.0 (Windows NT 10.0; WOW64) AppleWebKit/537.36 (KHTML, like Gecko) Chrome/45.0.2454.93 Safari/537.36"
66.249.79.83 - - [27/May/2017:01:40:35 +0530] "GET /project_details_view.php?id=2098 HTTP/1.1" 200 14054 "-" "Mozilla/5.0 (Linux; Android 6.0.1; Nexus 5X Build/MMB29P) AppleWebKit/537.36 (KHTML, like Gecko) Chrome/41.0.2272.96 Mobile Safari/537.36 (compatible; Googlebot/2.1; +http://www.google.com/bot.html)"
68.180.228.167 - - [27/May/2017:01:43:17 +0530] "GET /imp_links.php HTTP/1.1" 200 17835 "-" "Mozilla/5.0 (compatible; Yahoo! Slurp; http://help.yahoo.com/help/us/ysearch/slurp)"
178.149.182.221 - - [27/May/2017:01:45:10 +0530] "GET /wp-login.php HTTP/1.1" 404 210 "-" "Mozilla/5.0 (Windows NT 6.1; WOW64; rv:40.0) Gecko/20100101 Firefox/40.1"
178.149.182.221 - - [27/May/2017:01:45:11 +0530] "GET / HTTP/1.1" 200 19481 "-" "Mozilla/5.0 (Windows NT 6.1; WOW64; rv:40.0) Gecko/20100101 Firefox/40.1"
66.249.79.79 - - [27/May/2017:01:45:46 +0530] "GET /reports_list_details.php?id=1&reporttype=1&page=16 HTTP/1.1" 200 22168 "-" "Mozilla/5.0 (compatible; Googlebot/2.1; +http://www.google.com/bot.html)"
66.249.79.81 - - [27/May/2017:01:50:44 +0530] "GET /project_details_view.php?id=1827 HTTP/1.1" 200 15382 "-" "Mozilla/5.0 (compatible; Googlebot/2.1; +http://www.google.com/bot.html)"
131.253.27.108 - - [27/May/2017:01:53:00 +0530] "GET /images/img1.jpg HTTP/1.1" 200 1251 "http://cdmindia.gov.in/project_details_view.php?id=646" "Mozilla/5.0 (iPhone; CPU iPhone OS 7_0 like Mac OS X) AppleWebKit/537.51.1 (KHTML, like Gecko) Version/7.0 Mobile/11A465 Safari/9537.53 BingPreview/1.0b"
131.253.27.108 - - [27/May/2017:01:53:00 +0530] "GET /images/img3.jpg HTTP/1.1" 200 26957 "http://cdmindia.gov.in/project_details_view.php?id=646" "Mozilla/5.0 (iPhone; CPU iPhone OS 7_0 like Mac OS X) AppleWebKit/537.51.1 (KHTML, like Gecko) Version/7.0 Mobile/11A465 Safari/9537.53 BingPreview/1.0b"
66.249.79.81 - - [27/May/2017:01:55:08 +0530] "GET /project_details_view.php?id=387 HTTP/1.1" 200 14223 "-" "Mozilla/5.0 (compatible; Googlebot/2.1; +http://www.google.com/bot.html)"
202.46.51.208 - - [27/May/2017:01:57:07 +0530] "GET /project_details_view.php?id=589 HTTP/1.1" 200 15520 "-" "Mozilla/5.0 (Windows NT 10.0; WOW64) AppleWebKit/537.36 (KHTML, like Gecko) Chrome/45.0.2454.93 Safari/537.36"
180.76.15.26 - - [27/May/2017:02:00:00 +0530] "GET / HTTP/1.1" 200 19481 "-" "Mozilla/5.0 (compatible; Baiduspider/2.0; +http://www.baidu.com/search/spider.html)"
66.249.79.79 - - [27/May/2017:02:00:54 +0530] "GET /project_details_view.php?id=1369 HTTP/1.1" 200 14340 "-" "Mozilla/5.0 (compatible; Googlebot/2.1; +http://www.google.com/bot.html)"
202.46.51.163 - - [27/May/2017:02:15:49 +0530] "GET /detail_news.php?id=18 HTTP/1.1" 302 18714 "-" "Mozilla/5.0 (Windows NT 10.0; WOW64) AppleWebKit/537.36 (KHTML, like Gecko) Chrome/45.0.2454.93 Safari/537.36"
202.46.55.145 - - [27/May/2017:02:15:49 +0530] "GET /logout.php HTTP/1.1" 302 369 "-" "Mozilla/5.0 (Windows NT 10.0; WOW64) AppleWebKit/537.36 (KHTML, like Gecko) Chrome/45.0.2454.93 Safari/537.36"
202.46.52.159 - - [27/May/2017:02:15:49 +0530] "GET /index.php HTTP/1.1" 200 19481 "-" "Mozilla/5.0 (Windows NT 10.0; WOW64) AppleWebKit/537.36 (KHTML, like Gecko) Chrome/45.0.2454.93 Safari/537.36"
68.180.228.167 - - [27/May/2017:02:20:00 +0530] "GET /detail_news.php?id=19 HTTP/1.1" 302 19083 "-" "Mozilla/5.0 (compatible; Yahoo! Slurp; http://help.yahoo.com/help/us/ysearch/slurp)"
68.180.228.167 - - [27/May/2017:02:20:19 +0530] "GET /logout.php HTTP/1.1" 302 369 "-" "Mozilla/5.0 (compatible; Yahoo! Slurp; http://help.yahoo.com/help/us/ysearch/slurp)"
66.249.79.83 - - [27/May/2017:02:20:28 +0530] "GET /Approved_proj_reports_list_details.php?id=&reporttype=&scale=&sdt=&edt=ycumcweg&exec=&page=102 HTTP/1.1" 200 17464 "-" "Mozilla/5.0 (compatible; Googlebot/2.1; +http://www.google.com/bot.html)"
68.180.228.167 - - [27/May/2017:02:20:50 +0530] "GET /index.php HTTP/1.1" 200 19481 "-" "Mozilla/5.0 (compatible; Yahoo! Slurp; http://help.yahoo.com/help/us/ysearch/slurp)"
68.180.228.167 - - [27/May/2017:02:21:28 +0530] "GET /images/midbanner.swf HTTP/1.1" 304 - "-" "Mozilla/5.0 (compatible; Yahoo! Slurp; http://help.yahoo.com/help/us/ysearch/slurp)"
157.55.39.130 - - [27/May/2017:02:26:51 +0530] "GET /project_details_view.php?id=204 HTTP/1.1" 200 14101 "-" "Mozilla/5.0 (compatible; bingbot/2.0; +http://www.bing.com/bingbot.htm)"
66.249.79.83 - - [27/May/2017:02:30:24 +0530] "GET /project_details_view.php?id=73 HTTP/1.1" 200 15322 "-" "Mozilla/5.0 (compatible; Googlebot/2.1; +http://www.google.com/bot.html)"
157.55.39.130 - - [27/May/2017:02:31:31 +0530] "GET / HTTP/1.1" 200 19481 "-" "Mozilla/5.0 (compatible; bingbot/2.0; +http://www.bing.com/bingbot.htm)"
157.55.39.130 - - [27/May/2017:02:31:41 +0530] "GET / HTTP/1.1" 200 19481 "-" "Mozilla/5.0 (compatible; bingbot/2.0; +http://www.bing.com/bingbot.htm)"
202.46.58.130 - - [27/May/2017:02:34:31 +0530] "GET /project_details_view_report.php?id=982 HTTP/1.1" 200 13122 "-" "Mozilla/5.0 (Windows NT 10.0; WOW64) AppleWebKit/537.36 (KHTML, like Gecko) Chrome/45.0.2454.93 Safari/537.36"
207.46.13.77 - - [27/May/2017:02:39:23 +0530] "GET /constitution.php HTTP/1.1" 200 23670 "-" "Mozilla/5.0 (iPhone; CPU iPhone OS 7_0 like Mac OS X) AppleWebKit/537.51.1 (KHTML, like Gecko) Version/7.0 Mobile/11A465 Safari/9537.53 (compatible; bingbot/2.0; +http://www.bing.com/bingbot.htm)"
106.201.17.228 - - [27/May/2017:02:39:38 +0530] "GET / HTTP/1.1" 200 19481 "https://www.google.co.in/" "Mozilla/5.0 (Windows NT 6.1) AppleWebKit/537.36 (KHTML, like Gecko) Chrome/58.0.3029.110 Safari/537.36"
106.201.17.228 - - [27/May/2017:02:39:38 +0530] "GET /includes/ncdma.css HTTP/1.1" 200 13023 "http://www.cdmindia.gov.in/" "Mozilla/5.0 (Windows NT 6.1) AppleWebKit/537.36 (KHTML, like Gecko) Chrome/58.0.3029.110 Safari/537.36"
106.201.17.228 - - [27/May/2017:02:39:38 +0530] "GET /ncdma.css HTTP/1.1" 200 12640 "http://www.cdmindia.gov.in/" "Mozilla/5.0 (Windows NT 6.1) AppleWebKit/537.36 (KHTML, like Gecko) Chrome/58.0.3029.110 Safari/537.36"
106.201.17.228 - - [27/May/2017:02:39:38 +0530] "GET /Scripts/AC_RunActiveContent.js HTTP/1.1" 200 8321 "http://www.cdmindia.gov.in/" "Mozilla/5.0 (Windows NT 6.1) AppleWebKit/537.36 (KHTML, like Gecko) Chrome/58.0.3029.110 Safari/537.36"
106.201.17.228 - - [27/May/2017:02:39:38 +0530] "GET /js/base64_encode.js HTTP/1.1" 200 3002 "http://www.cdmindia.gov.in/" "Mozilla/5.0 (Windows NT 6.1) AppleWebKit/537.36 (KHTML, like Gecko) Chrome/58.0.3029.110 Safari/537.36"
106.201.17.228 - - [27/May/2017:02:39:38 +0530] "GET /js/md5.js HTTP/1.1" 200 13194 "http://www.cdmindia.gov.in/" "Mozilla/5.0 (Windows NT 6.1) AppleWebKit/537.36 (KHTML, like Gecko) Chrome/58.0.3029.110 Safari/537.36"
106.201.17.228 - - [27/May/2017:02:39:38 +0530] "GET /images/spacer.gif HTTP/1.1" 200 43 "http://www.cdmindia.gov.in/" "Mozilla/5.0 (Windows NT 6.1) AppleWebKit/537.36 (KHTML, like Gecko) Chrome/58.0.3029.110 Safari/537.36"
106.201.17.228 - - [27/May/2017:02:39:38 +0530] "GET /images/bullet1.gif HTTP/1.1" 200 67 "http://www.cdmindia.gov.in/" "Mozilla/5.0 (Windows NT 6.1) AppleWebKit/537.36 (KHTML, like Gecko) Chrome/58.0.3029.110 Safari/537.36"
106.201.17.228 - - [27/May/2017:02:39:38 +0530] "GET /images/bulllet2.gif HTTP/1.1" 200 58 "http://www.cdmindia.gov.in/" "Mozilla/5.0 (Windows NT 6.1) AppleWebKit/537.36 (KHTML, like Gecko) Chrome/58.0.3029.110 Safari/537.36"
106.201.17.228 - - [27/May/2017:02:39:38 +0530] "GET /images/img2.jpg HTTP/1.1" 200 16276 "http://www.cdmindia.gov.in/" "Mozilla/5.0 (Windows NT 6.1) AppleWebKit/537.36 (KHTML, like Gecko) Chrome/58.0.3029.110 Safari/537.36"
106.201.17.228 - - [27/May/2017:02:39:38 +0530] "GET /images/bullet4.gif HTTP/1.1" 200 67 "http://www.cdmindia.gov.in/" "Mozilla/5.0 (Windows NT 6.1) AppleWebKit/537.36 (KHTML, like Gecko) Chrome/58.0.3029.110 Safari/537.36"
106.201.17.228 - - [27/May/2017:02:39:38 +0530] "GET /images/img3.jpg HTTP/1.1" 200 26957 "http://www.cdmindia.gov.in/" "Mozilla/5.0 (Windows NT 6.1) AppleWebKit/537.36 (KHTML, like Gecko) Chrome/58.0.3029.110 Safari/537.36"
106.201.17.228 - - [27/May/2017:02:39:38 +0530] "GET /images/img1.jpg HTTP/1.1" 200 1251 "http://www.cdmindia.gov.in/" "Mozilla/5.0 (Windows NT 6.1) AppleWebKit/537.36 (KHTML, like Gecko) Chrome/58.0.3029.110 Safari/537.36"
106.201.17.228 - - [27/May/2017:02:39:38 +0530] "GET /images/gtz.jpg HTTP/1.1" 200 15484 "http://www.cdmindia.gov.in/" "Mozilla/5.0 (Windows NT 6.1) AppleWebKit/537.36 (KHTML, like Gecko) Chrome/58.0.3029.110 Safari/537.36"
106.201.17.228 - - [27/May/2017:02:39:38 +0530] "GET /images/login1.jpg HTTP/1.1" 200 618 "http://www.cdmindia.gov.in/" "Mozilla/5.0 (Windows NT 6.1) AppleWebKit/537.36 (KHTML, like Gecko) Chrome/58.0.3029.110 Safari/537.36"
106.201.17.228 - - [27/May/2017:02:39:38 +0530] "GET /images/bullet3.gif HTTP/1.1" 200 58 "http://www.cdmindia.gov.in/" "Mozilla/5.0 (Windows NT 6.1) AppleWebKit/537.36 (KHTML, like Gecko) Chrome/58.0.3029.110 Safari/537.36"
106.201.17.228 - - [27/May/2017:02:39:38 +0530] "GET /images/fbg.jpg HTTP/1.1" 200 325 "http://www.cdmindia.gov.in/" "Mozilla/5.0 (Windows NT 6.1) AppleWebKit/537.36 (KHTML, like Gecko) Chrome/58.0.3029.110 Safari/537.36"
106.201.17.228 - - [27/May/2017:02:39:38 +0530] "GET /images/login.jpg HTTP/1.1" 200 1044 "http://www.cdmindia.gov.in/" "Mozilla/5.0 (Windows NT 6.1) AppleWebKit/537.36 (KHTML, like Gecko) Chrome/58.0.3029.110 Safari/537.36"
106.201.17.228 - - [27/May/2017:02:39:38 +0530] "GET /images/fdm.jpg HTTP/1.1" 200 2043 "http://www.cdmindia.gov.in/" "Mozilla/5.0 (Windows NT 6.1) AppleWebKit/537.36 (KHTML, like Gecko) Chrome/58.0.3029.110 Safari/537.36"
106.201.17.228 - - [27/May/2017:02:39:38 +0530] "GET /images/fe.jpg HTTP/1.1" 200 1429 "http://www.cdmindia.gov.in/" "Mozilla/5.0 (Windows NT 6.1) AppleWebKit/537.36 (KHTML, like Gecko) Chrome/58.0.3029.110 Safari/537.36"
106.201.17.228 - - [27/May/2017:02:39:38 +0530] "GET /favicon.ico HTTP/1.1" 200 1189 "http://www.cdmindia.gov.in/" "Mozilla/5.0 (Windows NT 6.1) AppleWebKit/537.36 (KHTML, like Gecko) Chrome/58.0.3029.110 Safari/537.36"
157.55.39.49 - - [27/May/2017:02:39:43 +0530] "GET /images/h_cons.jpg HTTP/1.1" 200 21924 "-" "Mozilla/5.0 (iPhone; CPU iPhone OS 7_0 like Mac OS X) AppleWebKit/537.51.1 (KHTML, like Gecko) Version/7.0 Mobile/11A465 Safari/9537.53 (compatible; bingbot/2.0; +http://www.bing.com/bingbot.htm)"
207.46.13.77 - - [27/May/2017:02:39:48 +0530] "GET /js/index_validations.js HTTP/1.1" 200 3143 "-" "Mozilla/5.0 (iPhone; CPU iPhone OS 7_0 like Mac OS X) AppleWebKit/537.51.1 (KHTML, like Gecko) Version/7.0 Mobile/11A465 Safari/9537.53 (compatible; bingbot/2.0; +http://www.bing.com/bingbot.htm)"
180.76.15.16 - - [27/May/2017:02:46:41 +0530] "GET / HTTP/1.1" 200 19481 "-" "Mozilla/5.0 (compatible; Baiduspider/2.0; +http://www.baidu.com/search/spider.html)"
180.76.15.16 - - [27/May/2017:02:46:48 +0530] "GET / HTTP/1.1" 200 19481 "-" "Mozilla/5.0 (compatible; Baiduspider/2.0; +http://www.baidu.com/search/spider.html)"
157.55.39.49 - - [27/May/2017:02:47:08 +0530] "GET /project_details_view.php?id=54 HTTP/1.1" 200 15581 "-" "Mozilla/5.0 (compatible; bingbot/2.0; +http://www.bing.com/bingbot.htm)"
52.202.221.29 - - [27/May/2017:02:49:19 +0530] "GET / HTTP/1.1" 200 19481 "-" "Mozilla/5.0 (X11; Linux x86_64) AppleWebKit/537.36 (KHTML, like Gecko) Chrome/43.0.2357.134 Safari/537.36 http://notifyninja.com/monitoring"
74.117.180.23 - - [27/May/2017:02:50:40 +0530] "HEAD /downloads/Comparision%20of%20PCN_30.03.doc HTTP/1.1" 200 - "-" "Mozilla/5.0 (Windows NT 5.1; rv:49.0) Gecko/20100101 Firefox/49.0"
202.46.52.156 - - [27/May/2017:02:53:14 +0530] "GET /project_details_view_report.php?id=1114 HTTP/1.1" 200 13154 "-" "Mozilla/5.0 (Windows NT 10.0; WOW64) AppleWebKit/537.36 (KHTML, like Gecko) Chrome/45.0.2454.93 Safari/537.36"
66.249.79.93 - - [27/May/2017:02:56:18 +0530] "GET / HTTP/1.1" 200 19481 "-" "Mozilla/5.0 (Linux; Android 6.0.1; Nexus 5X Build/MMB29P) AppleWebKit/537.36 (KHTML, like Gecko) Chrome/41.0.2272.96 Mobile Safari/537.36 (compatible; Googlebot/2.1; +http://www.google.com/bot.html)"
66.249.79.83 - - [27/May/2017:03:05:54 +0530] "GET /project_details_view.php?id=764 HTTP/1.1" 200 15374 "-" "Mozilla/5.0 (compatible; Googlebot/2.1; +http://www.google.com/bot.html)"
66.249.79.79 - - [27/May/2017:03:10:55 +0530] "GET /project_details_view.php?id=768 HTTP/1.1" 200 14826 "-" "Mozilla/5.0 (compatible; Googlebot/2.1; +http://www.google.com/bot.html)"
202.46.54.20 - - [27/May/2017:03:11:55 +0530] "GET /project_details_view_report.php?id=478 HTTP/1.1" 200 13156 "-" "Mozilla/5.0 (Windows NT 10.0; WOW64) AppleWebKit/537.36 (KHTML, like Gecko) Chrome/45.0.2454.93 Safari/537.36"
66.249.79.81 - - [27/May/2017:03:21:14 +0530] "GET /project_details_view_report.php?id=204 HTTP/1.1" 200 13120 "-" "Mozilla/5.0 (compatible; Googlebot/2.1; +http://www.google.com/bot.html)"
202.46.53.64 - - [27/May/2017:03:30:37 +0530] "GET /project_details_view_report.php?id=1740 HTTP/1.1" 200 13245 "-" "Mozilla/5.0 (Windows NT 10.0; WOW64) AppleWebKit/537.36 (KHTML, like Gecko) Chrome/45.0.2454.93 Safari/537.36"
66.249.79.83 - - [27/May/2017:03:36:43 +0530] "GET /project_details_view.php?id=912&oid=&page=61&reporttype= HTTP/1.1" 200 14184 "-" "Mozilla/5.0 (compatible; Googlebot/2.1; +http://www.google.com/bot.html)"
65.55.210.168 - - [27/May/2017:03:40:50 +0530] "GET /images/img1.jpg HTTP/1.1" 200 1251 "-" "Mozilla/5.0 (iPhone; CPU iPhone OS 7_0 like Mac OS X) AppleWebKit/537.51.1 (KHTML, like Gecko) Version/7.0 Mobile/11A465 Safari/9537.53 BingPreview/1.0b"
66.249.79.79 - - [27/May/2017:03:41:54 +0530] "GET /project_details_view.php?id=1566 HTTP/1.1" 200 13709 "-" "Mozilla/5.0 (compatible; Googlebot/2.1; +http://www.google.com/bot.html)"
157.55.39.130 - - [27/May/2017:03:45:15 +0530] "GET /detail_news.php?id=17 HTTP/1.1" 302 18571 "-" "Mozilla/5.0 (compatible; bingbot/2.0; +http://www.bing.com/bingbot.htm)"
157.55.39.130 - - [27/May/2017:03:45:16 +0530] "GET /logout.php HTTP/1.1" 302 369 "-" "Mozilla/5.0 (compatible; bingbot/2.0; +http://www.bing.com/bingbot.htm)"
157.55.39.130 - - [27/May/2017:03:45:17 +0530] "GET /index.php HTTP/1.1" 200 19481 "-" "Mozilla/5.0 (compatible; bingbot/2.0; +http://www.bing.com/bingbot.htm)"
202.46.58.18 - - [27/May/2017:03:49:19 +0530] "GET /project_details_view.php?id=2063 HTTP/1.1" 200 14104 "-" "Mozilla/5.0 (Windows NT 10.0; WOW64) AppleWebKit/537.36 (KHTML, like Gecko) Chrome/45.0.2454.93 Safari/537.36"
66.249.79.79 - - [27/May/2017:03:54:33 +0530] "GET /news_more.php HTTP/1.1" 200 21062 "-" "Mozilla/5.0 (Linux; Android 6.0.1; Nexus 5X Build/MMB29P) AppleWebKit/537.36 (KHTML, like Gecko) Chrome/41.0.2272.96 Mobile Safari/537.36 (compatible; Googlebot/2.1; +http://www.google.com/bot.html)"
183.83.82.197 - - [27/May/2017:03:55:26 +0530] "GET /reports_list_details.php?id=Andhra%20Pradesh&reporttype=2&page=5 HTTP/1.1" 200 21892 "https://www.google.co.in/" "Mozilla/5.0 (Windows NT 10.0) AppleWebKit/537.36 (KHTML, like Gecko) Chrome/58.0.3029.110 Safari/537.36"
183.83.82.197 - - [27/May/2017:03:55:26 +0530] "GET /includes/ncdma.css HTTP/1.1" 200 13023 "http://www.cdmindia.gov.in/reports_list_details.php?id=Andhra%20Pradesh&reporttype=2&page=5" "Mozilla/5.0 (Windows NT 10.0) AppleWebKit/537.36 (KHTML, like Gecko) Chrome/58.0.3029.110 Safari/537.36"
183.83.82.197 - - [27/May/2017:03:55:26 +0530] "GET /Scripts/AC_RunActiveContent.js HTTP/1.1" 200 8321 "http://www.cdmindia.gov.in/reports_list_details.php?id=Andhra%20Pradesh&reporttype=2&page=5" "Mozilla/5.0 (Windows NT 10.0) AppleWebKit/537.36 (KHTML, like Gecko) Chrome/58.0.3029.110 Safari/537.36"
183.83.82.197 - - [27/May/2017:03:55:26 +0530] "GET /ncdma.css HTTP/1.1" 200 12640 "http://www.cdmindia.gov.in/reports_list_details.php?id=Andhra%20Pradesh&reporttype=2&page=5" "Mozilla/5.0 (Windows NT 10.0) AppleWebKit/537.36 (KHTML, like Gecko) Chrome/58.0.3029.110 Safari/537.36"
183.83.82.197 - - [27/May/2017:03:55:27 +0530] "GET /images/img2.jpg HTTP/1.1" 200 16276 "http://www.cdmindia.gov.in/reports_list_details.php?id=Andhra%20Pradesh&reporttype=2&page=5" "Mozilla/5.0 (Windows NT 10.0) AppleWebKit/537.36 (KHTML, like Gecko) Chrome/58.0.3029.110 Safari/537.36"
183.83.82.197 - - [27/May/2017:03:55:26 +0530] "GET /js/user_registration.js HTTP/1.1" 200 26819 "http://www.cdmindia.gov.in/reports_list_details.php?id=Andhra%20Pradesh&reporttype=2&page=5" "Mozilla/5.0 (Windows NT 10.0) AppleWebKit/537.36 (KHTML, like Gecko) Chrome/58.0.3029.110 Safari/537.36"
183.83.82.197 - - [27/May/2017:03:55:27 +0530] "GET /images/bulllet2.gif HTTP/1.1" 200 58 "http://www.cdmindia.gov.in/reports_list_details.php?id=Andhra%20Pradesh&reporttype=2&page=5" "Mozilla/5.0 (Windows NT 10.0) AppleWebKit/537.36 (KHTML, like Gecko) Chrome/58.0.3029.110 Safari/537.36"
183.83.82.197 - - [27/May/2017:03:55:27 +0530] "GET /images/bullet1.gif HTTP/1.1" 200 67 "http://www.cdmindia.gov.in/reports_list_details.php?id=Andhra%20Pradesh&reporttype=2&page=5" "Mozilla/5.0 (Windows NT 10.0) AppleWebKit/537.36 (KHTML, like Gecko) Chrome/58.0.3029.110 Safari/537.36"
183.83.82.197 - - [27/May/2017:03:55:27 +0530] "GET /images/bullet4.gif HTTP/1.1" 200 67 "http://www.cdmindia.gov.in/reports_list_details.php?id=Andhra%20Pradesh&reporttype=2&page=5" "Mozilla/5.0 (Windows NT 10.0) AppleWebKit/537.36 (KHTML, like Gecko) Chrome/58.0.3029.110 Safari/537.36"
183.83.82.197 - - [27/May/2017:03:55:27 +0530] "GET /images/spacer.gif HTTP/1.1" 200 43 "http://www.cdmindia.gov.in/reports_list_details.php?id=Andhra%20Pradesh&reporttype=2&page=5" "Mozilla/5.0 (Windows NT 10.0) AppleWebKit/537.36 (KHTML, like Gecko) Chrome/58.0.3029.110 Safari/537.36"
183.83.82.197 - - [27/May/2017:03:55:27 +0530] "GET /images/fdm.jpg HTTP/1.1" 200 2043 "http://www.cdmindia.gov.in/reports_list_details.php?id=Andhra%20Pradesh&reporttype=2&page=5" "Mozilla/5.0 (Windows NT 10.0) AppleWebKit/537.36 (KHTML, like Gecko) Chrome/58.0.3029.110 Safari/537.36"
183.83.82.197 - - [27/May/2017:03:55:27 +0530] "GET /images/img3.jpg HTTP/1.1" 200 26957 "http://www.cdmindia.gov.in/reports_list_details.php?id=Andhra%20Pradesh&reporttype=2&page=5" "Mozilla/5.0 (Windows NT 10.0) AppleWebKit/537.36 (KHTML, like Gecko) Chrome/58.0.3029.110 Safari/537.36"
183.83.82.197 - - [27/May/2017:03:55:27 +0530] "GET /images/img1.jpg HTTP/1.1" 200 1251 "http://www.cdmindia.gov.in/reports_list_details.php?id=Andhra%20Pradesh&reporttype=2&page=5" "Mozilla/5.0 (Windows NT 10.0) AppleWebKit/537.36 (KHTML, like Gecko) Chrome/58.0.3029.110 Safari/537.36"
183.83.82.197 - - [27/May/2017:03:55:27 +0530] "GET /images/gtz.jpg HTTP/1.1" 200 15484 "http://www.cdmindia.gov.in/reports_list_details.php?id=Andhra%20Pradesh&reporttype=2&page=5" "Mozilla/5.0 (Windows NT 10.0) AppleWebKit/537.36 (KHTML, like Gecko) Chrome/58.0.3029.110 Safari/537.36"
183.83.82.197 - - [27/May/2017:03:55:27 +0530] "GET /images/fbg.jpg HTTP/1.1" 200 325 "http://www.cdmindia.gov.in/reports_list_details.php?id=Andhra%20Pradesh&reporttype=2&page=5" "Mozilla/5.0 (Windows NT 10.0) AppleWebKit/537.36 (KHTML, like Gecko) Chrome/58.0.3029.110 Safari/537.36"
183.83.82.197 - - [27/May/2017:03:55:27 +0530] "GET /favicon.ico HTTP/1.1" 200 1189 "http://www.cdmindia.gov.in/reports_list_details.php?id=Andhra%20Pradesh&reporttype=2&page=5" "Mozilla/5.0 (Windows NT 10.0) AppleWebKit/537.36 (KHTML, like Gecko) Chrome/58.0.3029.110 Safari/537.36"
183.83.82.197 - - [27/May/2017:03:56:14 +0530] "GET /project_details_view.php?id=609 HTTP/1.1" 200 15500 "http://www.cdmindia.gov.in/reports_list_details.php?id=Andhra%20Pradesh&reporttype=2&page=5" "Mozilla/5.0 (Windows NT 10.0) AppleWebKit/537.36 (KHTML, like Gecko) Chrome/58.0.3029.110 Safari/537.36"
183.83.82.197 - - [27/May/2017:03:58:24 +0530] "GET /reports_list_details.php?id=Andhra%20Pradesh&reporttype=2&page=5 HTTP/1.1" 200 21892 "https://www.google.co.in/" "Mozilla/5.0 (Windows NT 10.0) AppleWebKit/537.36 (KHTML, like Gecko) Chrome/58.0.3029.110 Safari/537.36"
54.81.104.61 - - [27/May/2017:03:58:33 +0530] "GET /robots.txt HTTP/1.0" 404 208 "-" "CCBot/2.0 (http://commoncrawl.org/faq/)"
54.81.104.61 - - [27/May/2017:03:58:33 +0530] "GET /registration.php HTTP/1.0" 302 28530 "-" "CCBot/2.0 (http://commoncrawl.org/faq/)"
54.81.104.61 - - [27/May/2017:03:58:34 +0530] "GET /logout.php HTTP/1.0" 302 369 "-" "CCBot/2.0 (http://commoncrawl.org/faq/)"
54.81.104.61 - - [27/May/2017:03:58:35 +0530] "GET /index.php HTTP/1.0" 200 19481 "-" "CCBot/2.0 (http://commoncrawl.org/faq/)"
207.46.13.77 - - [27/May/2017:04:01:47 +0530] "GET /downloads/Template_sharing%202Percent.doc HTTP/1.1" 200 73728 "-" "Mozilla/5.0 (compatible; bingbot/2.0; +http://www.bing.com/bingbot.htm)"
168.1.128.62 - - [27/May/2017:04:06:59 +0530] "GET / HTTP/1.1" 200 19481 "-" "-"
66.249.79.79 - - [27/May/2017:04:07:14 +0530] "GET /project_details_view_report.php?id=1550 HTTP/1.1" 200 13195 "-" "Mozilla/5.0 (compatible; Googlebot/2.1; +http://www.google.com/bot.html)"
183.83.82.197 - - [27/May/2017:04:07:24 +0530] "GET /project_details_view_report.php?id=153 HTTP/1.1" 200 13105 "https://www.google.co.in/" "Mozilla/5.0 (Windows NT 10.0) AppleWebKit/537.36 (KHTML, like Gecko) Chrome/58.0.3029.110 Safari/537.36"
202.46.54.95 - - [27/May/2017:04:08:01 +0530] "GET /project_details_view.php?id=677 HTTP/1.1" 200 13971 "-" "Mozilla/5.0 (Windows NT 10.0; WOW64) AppleWebKit/537.36 (KHTML, like Gecko) Chrome/45.0.2454.93 Safari/537.36"
64.62.210.39 - - [27/May/2017:04:16:14 +0530] "GET /project_details_view.php?id=806 HTTP/1.1" 200 15202 "-" "Mozilla/5.0 (Windows NT 10.0; WOW64) AppleWebKit/537.36 (KHTML, like Gecko) Chrome/51.0.2704.103 Safari/537.36"
66.249.79.83 - - [27/May/2017:04:17:23 +0530] "GET /project_details_view.php?id=766&oid=&page=71&reporttype= HTTP/1.1" 200 14800 "-" "Mozilla/5.0 (compatible; Googlebot/2.1; +http://www.google.com/bot.html)"
157.55.39.49 - - [27/May/2017:04:22:40 +0530] "GET /future_projects.php HTTP/1.1" 302 26211 "-" "Mozilla/5.0 (iPhone; CPU iPhone OS 7_0 like Mac OS X) AppleWebKit/537.51.1 (KHTML, like Gecko) Version/7.0 Mobile/11A465 Safari/9537.53 (compatible; bingbot/2.0; +http://www.bing.com/bingbot.htm)"
157.55.39.49 - - [27/May/2017:04:22:41 +0530] "GET /logout.php HTTP/1.1" 302 369 "-" "Mozilla/5.0 (iPhone; CPU iPhone OS 7_0 like Mac OS X) AppleWebKit/537.51.1 (KHTML, like Gecko) Version/7.0 Mobile/11A465 Safari/9537.53 (compatible; bingbot/2.0; +http://www.bing.com/bingbot.htm)"
157.55.39.49 - - [27/May/2017:04:22:42 +0530] "GET /index.php HTTP/1.1" 200 19481 "-" "Mozilla/5.0 (iPhone; CPU iPhone OS 7_0 like Mac OS X) AppleWebKit/537.51.1 (KHTML, like Gecko) Version/7.0 Mobile/11A465 Safari/9537.53 (compatible; bingbot/2.0; +http://www.bing.com/bingbot.htm)"
66.249.79.79 - - [27/May/2017:04:26:03 +0530] "GET /project_details_view.php?id=427 HTTP/1.1" 200 14468 "-" "Mozilla/5.0 (compatible; Googlebot/2.1; +http://www.google.com/bot.html)"
202.46.54.12 - - [27/May/2017:04:26:43 +0530] "GET /project_details_view_report.php?id=976 HTTP/1.1" 200 13211 "-" "Mozilla/5.0 (Windows NT 10.0; WOW64) AppleWebKit/537.36 (KHTML, like Gecko) Chrome/45.0.2454.93 Safari/537.36"
66.249.79.81 - - [27/May/2017:04:32:43 +0530] "GET /reports_list_details.php?id=tubkayrstf&reporttype=&page=213 HTTP/1.1" 200 21852 "-" "Mozilla/5.0 (compatible; Googlebot/2.1; +http://www.google.com/bot.html)"
202.46.58.157 - - [27/May/2017:04:45:25 +0530] "GET /project_details_view.php?id=1595 HTTP/1.1" 200 15093 "-" "Mozilla/5.0 (Windows NT 10.0; WOW64) AppleWebKit/537.36 (KHTML, like Gecko) Chrome/45.0.2454.93 Safari/537.36"
123.125.71.76 - - [27/May/2017:04:50:48 +0530] "GET /images/bulllet2.gif HTTP/1.1" 200 58 "-" "Baiduspider-image+(+http://www.baidu.com/search/spider.htm)"
66.249.79.133 - - [27/May/2017:04:53:15 +0530] "GET /project_details_view.php?id=1837&oid=&page=9&reporttype= HTTP/1.1" 200 14728 "-" "Mozilla/5.0 (compatible; Googlebot/2.1; +http://www.google.com/bot.html)"
202.46.52.159 - - [27/May/2017:05:04:07 +0530] "GET /project_details_view.php?id=533 HTTP/1.1" 200 14598 "-" "Mozilla/5.0 (Windows NT 10.0; WOW64) AppleWebKit/537.36 (KHTML, like Gecko) Chrome/45.0.2454.93 Safari/537.36"
157.55.39.49 - - [27/May/2017:05:08:07 +0530] "GET /detail_news.php?id=20 HTTP/1.1" 302 18267 "-" "Mozilla/5.0 (compatible; bingbot/2.0; +http://www.bing.com/bingbot.htm)"
157.55.39.49 - - [27/May/2017:05:08:08 +0530] "GET /logout.php HTTP/1.1" 302 369 "-" "Mozilla/5.0 (compatible; bingbot/2.0; +http://www.bing.com/bingbot.htm)"
157.55.39.49 - - [27/May/2017:05:08:09 +0530] "GET /index.php HTTP/1.1" 200 19481 "-" "Mozilla/5.0 (compatible; bingbot/2.0; +http://www.bing.com/bingbot.htm)"
66.249.79.133 - - [27/May/2017:05:08:23 +0530] "GET /project_details_view.php?id=1837&oid=1&page=11&reporttype=1 HTTP/1.1" 200 14728 "-" "Mozilla/5.0 (compatible; Googlebot/2.1; +http://www.google.com/bot.html)"
207.46.13.77 - - [27/May/2017:05:20:49 +0530] "GET /project_details_view.php?id=49 HTTP/1.1" 200 14408 "-" "Mozilla/5.0 (compatible; bingbot/2.0; +http://www.bing.com/bingbot.htm)"
202.46.52.156 - - [27/May/2017:05:22:49 +0530] "GET /project_details_view_report.php?id=236 HTTP/1.1" 200 13109 "-" "Mozilla/5.0 (Windows NT 10.0; WOW64) AppleWebKit/537.36 (KHTML, like Gecko) Chrome/45.0.2454.93 Safari/537.36"
157.55.39.227 - - [27/May/2017:05:22:52 +0530] "GET /approved_projects.php HTTP/1.1" 200 16643 "-" "Mozilla/5.0 (iPhone; CPU iPhone OS 7_0 like Mac OS X) AppleWebKit/537.51.1 (KHTML, like Gecko) Version/7.0 Mobile/11A465 Safari/9537.53 (compatible; bingbot/2.0; +http://www.bing.com/bingbot.htm)"
157.55.39.227 - - [27/May/2017:05:28:39 +0530] "GET /project_details_view.php?id=1628 HTTP/1.1" 200 14437 "-" "Mozilla/5.0 (compatible; bingbot/2.0; +http://www.bing.com/bingbot.htm)"
68.180.228.167 - - [27/May/2017:05:31:46 +0530] "GET /downloads/Template_sharing%202Percent.doc HTTP/1.1" 304 - "-" "Mozilla/5.0 (compatible; Yahoo! Slurp; http://help.yahoo.com/help/us/ysearch/slurp)"
41.111.121.232 - - [27/May/2017:05:32:56 +0530] "GET /project_details_view.php?id=1415&oid=1&page=21&reporttype=1 HTTP/1.1" 200 15209 "https://www.google.co.in/" "Mozilla/5.0 (Windows NT 6.1; Win64; x64; rv:53.0) Gecko/20100101 Firefox/53.0"
41.111.121.232 - - [27/May/2017:05:32:57 +0530] "GET /includes/ncdma.css HTTP/1.1" 200 13023 "http://www.cdmindia.gov.in/project_details_view.php?id=1415&oid=1&page=21&reporttype=1" "Mozilla/5.0 (Windows NT 6.1; Win64; x64; rv:53.0) Gecko/20100101 Firefox/53.0"
41.111.121.232 - - [27/May/2017:05:32:57 +0530] "GET /Scripts/AC_RunActiveContent.js HTTP/1.1" 200 8321 "http://www.cdmindia.gov.in/project_details_view.php?id=1415&oid=1&page=21&reporttype=1" "Mozilla/5.0 (Windows NT 6.1; Win64; x64; rv:53.0) Gecko/20100101 Firefox/53.0"
41.111.121.232 - - [27/May/2017:05:32:57 +0530] "GET /ncdma.css HTTP/1.1" 200 12640 "http://www.cdmindia.gov.in/project_details_view.php?id=1415&oid=1&page=21&reporttype=1" "Mozilla/5.0 (Windows NT 6.1; Win64; x64; rv:53.0) Gecko/20100101 Firefox/53.0"
41.111.121.232 - - [27/May/2017:05:32:57 +0530] "GET /images/img2.jpg HTTP/1.1" 200 16276 "http://www.cdmindia.gov.in/project_details_view.php?id=1415&oid=1&page=21&reporttype=1" "Mozilla/5.0 (Windows NT 6.1; Win64; x64; rv:53.0) Gecko/20100101 Firefox/53.0"
41.111.121.232 - - [27/May/2017:05:32:57 +0530] "GET /images/spacer.gif HTTP/1.1" 200 43 "http://www.cdmindia.gov.in/project_details_view.php?id=1415&oid=1&page=21&reporttype=1" "Mozilla/5.0 (Windows NT 6.1; Win64; x64; rv:53.0) Gecko/20100101 Firefox/53.0"
41.111.121.232 - - [27/May/2017:05:32:58 +0530] "GET /images/bulllet2.gif HTTP/1.1" 200 58 "http://www.cdmindia.gov.in/project_details_view.php?id=1415&oid=1&page=21&reporttype=1" "Mozilla/5.0 (Windows NT 6.1; Win64; x64; rv:53.0) Gecko/20100101 Firefox/53.0"
41.111.121.232 - - [27/May/2017:05:32:58 +0530] "GET /images/bullet4.gif HTTP/1.1" 200 67 "http://www.cdmindia.gov.in/project_details_view.php?id=1415&oid=1&page=21&reporttype=1" "Mozilla/5.0 (Windows NT 6.1; Win64; x64; rv:53.0) Gecko/20100101 Firefox/53.0"
41.111.121.232 - - [27/May/2017:05:32:58 +0530] "GET /images/bullet1.gif HTTP/1.1" 200 67 "http://www.cdmindia.gov.in/project_details_view.php?id=1415&oid=1&page=21&reporttype=1" "Mozilla/5.0 (Windows NT 6.1; Win64; x64; rv:53.0) Gecko/20100101 Firefox/53.0"
41.111.121.232 - - [27/May/2017:05:32:57 +0530] "GET /images/img3.jpg HTTP/1.1" 200 26957 "http://www.cdmindia.gov.in/project_details_view.php?id=1415&oid=1&page=21&reporttype=1" "Mozilla/5.0 (Windows NT 6.1; Win64; x64; rv:53.0) Gecko/20100101 Firefox/53.0"
41.111.121.232 - - [27/May/2017:05:32:58 +0530] "GET /images/fdm.jpg HTTP/1.1" 200 2043 "http://www.cdmindia.gov.in/project_details_view.php?id=1415&oid=1&page=21&reporttype=1" "Mozilla/5.0 (Windows NT 6.1; Win64; x64; rv:53.0) Gecko/20100101 Firefox/53.0"
41.111.121.232 - - [27/May/2017:05:32:58 +0530] "GET /images/gtz.jpg HTTP/1.1" 200 15484 "http://www.cdmindia.gov.in/project_details_view.php?id=1415&oid=1&page=21&reporttype=1" "Mozilla/5.0 (Windows NT 6.1; Win64; x64; rv:53.0) Gecko/20100101 Firefox/53.0"
41.111.121.232 - - [27/May/2017:05:32:58 +0530] "GET /images/img1.jpg HTTP/1.1" 200 1251 "http://www.cdmindia.gov.in/project_details_view.php?id=1415&oid=1&page=21&reporttype=1" "Mozilla/5.0 (Windows NT 6.1; Win64; x64; rv:53.0) Gecko/20100101 Firefox/53.0"
41.111.121.232 - - [27/May/2017:05:32:58 +0530] "GET /images/fbg.jpg HTTP/1.1" 200 325 "http://www.cdmindia.gov.in/project_details_view.php?id=1415&oid=1&page=21&reporttype=1" "Mozilla/5.0 (Windows NT 6.1; Win64; x64; rv:53.0) Gecko/20100101 Firefox/53.0"
41.111.121.232 - - [27/May/2017:05:32:58 +0530] "GET /images/favicon.ico HTTP/1.1" 200 1406 "-" "Mozilla/5.0 (Windows NT 6.1; Win64; x64; rv:53.0) Gecko/20100101 Firefox/53.0"
41.111.121.232 - - [27/May/2017:05:33:05 +0530] "GET /project_details_view.php?id=1415%27 HTTP/1.1" 200 11451 "-" "Mozilla/5.0 (Windows NT 6.1; Win64; x64; rv:53.0) Gecko/20100101 Firefox/53.0"
41.111.121.232 - - [27/May/2017:05:33:11 +0530] "GET /project_details_view.php?id=1415 HTTP/1.1" 200 15209 "-" "Mozilla/4.0 (compatible; MSIE 7.0; Windows NT 5.1; SV1; .NET CLR 2.0.50727)"
41.111.121.232 - - [27/May/2017:05:33:11 +0530] "GET /project_details_view.php?id=999999.9 HTTP/1.1" 200 11451 "-" "Mozilla/4.0 (compatible; MSIE 7.0; Windows NT 5.1; SV1; .NET CLR 2.0.50727)"
66.249.79.131 - - [27/May/2017:05:34:03 +0530] "GET /project_details_view.php?id=761 HTTP/1.1" 200 14412 "-" "Mozilla/5.0 (compatible; Googlebot/2.1; +http://www.google.com/bot.html)"
41.111.121.232 - - [27/May/2017:05:34:03 +0530] "GET /project_details_view.php?id=1415%20and%201%3E1 HTTP/1.1" 200 11451 "-" "Mozilla/4.0 (compatible; MSIE 7.0; Windows NT 5.1; SV1; .NET CLR 2.0.50727)"
66.249.79.133 - - [27/May/2017:05:34:04 +0530] "GET /project_details_view.php?id=761 HTTP/1.1" 200 14412 "-" "Mozilla/5.0 (compatible; Googlebot/2.1; +http://www.google.com/bot.html)"
41.111.121.232 - - [27/May/2017:05:34:16 +0530] "GET /admin HTTP/1.1" 301 241 "-" "Mozilla/5.0 (Windows NT 6.1; Win64; x64; rv:53.0) Gecko/20100101 Firefox/53.0"
41.111.121.232 - - [27/May/2017:05:34:16 +0530] "GET /admin/ HTTP/1.1" 200 6169 "-" "Mozilla/5.0 (Windows NT 6.1; Win64; x64; rv:53.0) Gecko/20100101 Firefox/53.0"
41.111.121.232 - - [27/May/2017:05:34:17 +0530] "GET /js/base64_encode.js HTTP/1.1" 200 3002 "http://www.cdmindia.gov.in/admin/" "Mozilla/5.0 (Windows NT 6.1; Win64; x64; rv:53.0) Gecko/20100101 Firefox/53.0"
41.111.121.232 - - [27/May/2017:05:34:17 +0530] "GET /admin/Scripts/AC_RunActiveContent.js HTTP/1.1" 404 234 "http://www.cdmindia.gov.in/admin/" "Mozilla/5.0 (Windows NT 6.1; Win64; x64; rv:53.0) Gecko/20100101 Firefox/53.0"
41.111.121.232 - - [27/May/2017:05:34:17 +0530] "GET /js/md5.js HTTP/1.1" 200 13194 "http://www.cdmindia.gov.in/admin/" "Mozilla/5.0 (Windows NT 6.1; Win64; x64; rv:53.0) Gecko/20100101 Firefox/53.0"
41.111.121.232 - - [27/May/2017:05:34:17 +0530] "GET /admin/ncdma.css HTTP/1.1" 404 213 "http://www.cdmindia.gov.in/admin/" "Mozilla/5.0 (Windows NT 6.1; Win64; x64; rv:53.0) Gecko/20100101 Firefox/53.0"
41.111.121.232 - - [27/May/2017:05:34:17 +0530] "GET /admin/js/index_validation.js HTTP/1.1" 200 1988 "http://www.cdmindia.gov.in/admin/" "Mozilla/5.0 (Windows NT 6.1; Win64; x64; rv:53.0) Gecko/20100101 Firefox/53.0"
41.111.121.232 - - [27/May/2017:05:34:17 +0530] "GET /admin/js/ajax_client.js HTTP/1.1" 200 22793 "http://www.cdmindia.gov.in/admin/" "Mozilla/5.0 (Windows NT 6.1; Win64; x64; rv:53.0) Gecko/20100101 Firefox/53.0"
41.111.121.232 - - [27/May/2017:05:34:18 +0530] "GET /admin/ncdma.css HTTP/1.1" 404 213 "http://www.cdmindia.gov.in/admin/" "Mozilla/5.0 (Windows NT 6.1; Win64; x64; rv:53.0) Gecko/20100101 Firefox/53.0"
41.111.121.232 - - [27/May/2017:05:34:18 +0530] "GET /admin/images/img2.jpg HTTP/1.1" 200 16276 "http://www.cdmindia.gov.in/admin/" "Mozilla/5.0 (Windows NT 6.1; Win64; x64; rv:53.0) Gecko/20100101 Firefox/53.0"
41.111.121.232 - - [27/May/2017:05:34:18 +0530] "GET /admin/images/Favicon.gif HTTP/1.1" 200 997 "-" "Mozilla/5.0 (Windows NT 6.1; Win64; x64; rv:53.0) Gecko/20100101 Firefox/53.0"
41.111.121.232 - - [27/May/2017:05:34:18 +0530] "GET /admin/images/gtz.jpg HTTP/1.1" 200 15484 "http://www.cdmindia.gov.in/admin/" "Mozilla/5.0 (Windows NT 6.1; Win64; x64; rv:53.0) Gecko/20100101 Firefox/53.0"
41.111.121.232 - - [27/May/2017:05:34:18 +0530] "GET /includes/CaptchaSecurityImages.php?width=80&height=30&characters=5 HTTP/1.1" 200 2141 "http://www.cdmindia.gov.in/admin/" "Mozilla/5.0 (Windows NT 6.1; Win64; x64; rv:53.0) Gecko/20100101 Firefox/53.0"
41.111.121.232 - - [27/May/2017:05:34:18 +0530] "GET /admin/images/img3.jpg HTTP/1.1" 200 26957 "http://www.cdmindia.gov.in/admin/" "Mozilla/5.0 (Windows NT 6.1; Win64; x64; rv:53.0) Gecko/20100101 Firefox/53.0"
41.111.121.232 - - [27/May/2017:05:34:18 +0530] "GET /admin/images/img1.jpg HTTP/1.1" 200 1251 "http://www.cdmindia.gov.in/admin/" "Mozilla/5.0 (Windows NT 6.1; Win64; x64; rv:53.0) Gecko/20100101 Firefox/53.0"
41.111.121.232 - - [27/May/2017:05:34:18 +0530] "GET /admin/images/fbg.jpg HTTP/1.1" 200 325 "http://www.cdmindia.gov.in/admin/" "Mozilla/5.0 (Windows NT 6.1; Win64; x64; rv:53.0) Gecko/20100101 Firefox/53.0"
41.111.121.232 - - [27/May/2017:05:34:18 +0530] "GET /admin/images/loginbg.jpg HTTP/1.1" 200 11936 "http://www.cdmindia.gov.in/admin/" "Mozilla/5.0 (Windows NT 6.1; Win64; x64; rv:53.0) Gecko/20100101 Firefox/53.0"
41.111.121.232 - - [27/May/2017:05:34:23 +0530] "POST /admin/admin_login_verify.php HTTP/1.1" 200 49 "http://www.cdmindia.gov.in/admin/" "Mozilla/5.0 (Windows NT 6.1; Win64; x64; rv:53.0) Gecko/20100101 Firefox/53.0"
41.111.121.232 - - [27/May/2017:05:34:24 +0530] "GET /favicon.ico HTTP/1.1" 200 1189 "-" "Mozilla/5.0 (Windows NT 6.1; Win64; x64; rv:53.0) Gecko/20100101 Firefox/53.0"
41.111.121.232 - - [27/May/2017:05:34:24 +0530] "GET /admin/index.php?erro=1 HTTP/1.1" 200 6196 "http://www.cdmindia.gov.in/admin/admin_login_verify.php" "Mozilla/5.0 (Windows NT 6.1; Win64; x64; rv:53.0) Gecko/20100101 Firefox/53.0"
41.111.121.232 - - [27/May/2017:05:34:25 +0530] "GET /admin/Scripts/AC_RunActiveContent.js HTTP/1.1" 404 234 "http://www.cdmindia.gov.in/admin/index.php?erro=1" "Mozilla/5.0 (Windows NT 6.1; Win64; x64; rv:53.0) Gecko/20100101 Firefox/53.0"
41.111.121.232 - - [27/May/2017:05:34:25 +0530] "GET /admin/ncdma.css HTTP/1.1" 404 213 "http://www.cdmindia.gov.in/admin/index.php?erro=1" "Mozilla/5.0 (Windows NT 6.1; Win64; x64; rv:53.0) Gecko/20100101 Firefox/53.0"
41.111.121.232 - - [27/May/2017:05:34:25 +0530] "GET /includes/CaptchaSecurityImages.php?width=80&height=30&characters=5 HTTP/1.1" 200 2143 "http://www.cdmindia.gov.in/admin/index.php?erro=1" "Mozilla/5.0 (Windows NT 6.1; Win64; x64; rv:53.0) Gecko/20100101 Firefox/53.0"
41.111.121.232 - - [27/May/2017:05:36:23 +0530] "GET /admin/ HTTP/1.1" 200 6169 "-" "Mozilla/5.0 (Windows NT 6.1; Win64; x64; rv:53.0) Gecko/20100101 Firefox/53.0"
41.111.121.232 - - [27/May/2017:05:36:24 +0530] "GET /includes/ncdma.css HTTP/1.1" 200 13023 "http://www.cdmindia.gov.in/admin/" "Mozilla/5.0 (Windows NT 6.1; Win64; x64; rv:53.0) Gecko/20100101 Firefox/53.0"
41.111.121.232 - - [27/May/2017:05:36:24 +0530] "GET /admin/Scripts/AC_RunActiveContent.js HTTP/1.1" 404 234 "http://www.cdmindia.gov.in/admin/" "Mozilla/5.0 (Windows NT 6.1; Win64; x64; rv:53.0) Gecko/20100101 Firefox/53.0"
41.111.121.232 - - [27/May/2017:05:36:24 +0530] "GET /js/base64_encode.js HTTP/1.1" 200 3002 "http://www.cdmindia.gov.in/admin/" "Mozilla/5.0 (Windows NT 6.1; Win64; x64; rv:53.0) Gecko/20100101 Firefox/53.0"
41.111.121.232 - - [27/May/2017:05:36:24 +0530] "GET /js/md5.js HTTP/1.1" 200 13194 "http://www.cdmindia.gov.in/admin/" "Mozilla/5.0 (Windows NT 6.1; Win64; x64; rv:53.0) Gecko/20100101 Firefox/53.0"
41.111.121.232 - - [27/May/2017:05:36:24 +0530] "GET /admin/js/index_validation.js HTTP/1.1" 200 1988 "http://www.cdmindia.gov.in/admin/" "Mozilla/5.0 (Windows NT 6.1; Win64; x64; rv:53.0) Gecko/20100101 Firefox/53.0"
41.111.121.232 - - [27/May/2017:05:36:24 +0530] "GET /admin/ncdma.css HTTP/1.1" 404 213 "http://www.cdmindia.gov.in/admin/" "Mozilla/5.0 (Windows NT 6.1; Win64; x64; rv:53.0) Gecko/20100101 Firefox/53.0"
41.111.121.232 - - [27/May/2017:05:36:24 +0530] "GET /admin/js/ajax_client.js HTTP/1.1" 200 22793 "http://www.cdmindia.gov.in/admin/" "Mozilla/5.0 (Windows NT 6.1; Win64; x64; rv:53.0) Gecko/20100101 Firefox/53.0"
41.111.121.232 - - [27/May/2017:05:36:25 +0530] "GET /admin/images/img2.jpg HTTP/1.1" 200 16276 "http://www.cdmindia.gov.in/admin/" "Mozilla/5.0 (Windows NT 6.1; Win64; x64; rv:53.0) Gecko/20100101 Firefox/53.0"
41.111.121.232 - - [27/May/2017:05:36:25 +0530] "GET /admin/images/gtz.jpg HTTP/1.1" 200 15484 "http://www.cdmindia.gov.in/admin/" "Mozilla/5.0 (Windows NT 6.1; Win64; x64; rv:53.0) Gecko/20100101 Firefox/53.0"
41.111.121.232 - - [27/May/2017:05:36:25 +0530] "GET /admin/ncdma.css HTTP/1.1" 404 213 "http://www.cdmindia.gov.in/admin/" "Mozilla/5.0 (Windows NT 6.1; Win64; x64; rv:53.0) Gecko/20100101 Firefox/53.0"
41.111.121.232 - - [27/May/2017:05:36:25 +0530] "GET /includes/CaptchaSecurityImages.php?width=80&height=30&characters=5 HTTP/1.1" 200 2147 "http://www.cdmindia.gov.in/admin/" "Mozilla/5.0 (Windows NT 6.1; Win64; x64; rv:53.0) Gecko/20100101 Firefox/53.0"
41.111.121.232 - - [27/May/2017:05:36:25 +0530] "GET /admin/images/img3.jpg HTTP/1.1" 200 26957 "http://www.cdmindia.gov.in/admin/" "Mozilla/5.0 (Windows NT 6.1; Win64; x64; rv:53.0) Gecko/20100101 Firefox/53.0"
41.111.121.232 - - [27/May/2017:05:36:25 +0530] "GET /admin/images/img1.jpg HTTP/1.1" 200 1251 "http://www.cdmindia.gov.in/admin/" "Mozilla/5.0 (Windows NT 6.1; Win64; x64; rv:53.0) Gecko/20100101 Firefox/53.0"
41.111.121.232 - - [27/May/2017:05:36:25 +0530] "GET /admin/images/loginbg.jpg HTTP/1.1" 200 11936 "http://www.cdmindia.gov.in/admin/" "Mozilla/5.0 (Windows NT 6.1; Win64; x64; rv:53.0) Gecko/20100101 Firefox/53.0"
41.111.121.232 - - [27/May/2017:05:36:25 +0530] "GET /admin/images/fbg.jpg HTTP/1.1" 200 325 "http://www.cdmindia.gov.in/admin/" "Mozilla/5.0 (Windows NT 6.1; Win64; x64; rv:53.0) Gecko/20100101 Firefox/53.0"
207.46.13.77 - - [27/May/2017:05:38:31 +0530] "GET /constitution.php HTTP/1.1" 200 23670 "-" "Mozilla/5.0 (compatible; bingbot/2.0; +http://www.bing.com/bingbot.htm)"
210.232.15.29 - - [27/May/2017:05:41:25 +0530] "GET / HTTP/1.1" 200 19481 "-" "Mozilla/5.0 (Windows NT 5.1; rv:6.0.2) Gecko/20100101 Firefox/6.0.2"
202.46.58.197 - - [27/May/2017:05:41:31 +0530] "GET /project_details_view.php?id=867 HTTP/1.1" 200 13755 "-" "Mozilla/5.0 (Windows NT 10.0; WOW64) AppleWebKit/537.36 (KHTML, like Gecko) Chrome/45.0.2454.93 Safari/537.36"
157.55.39.49 - - [27/May/2017:05:42:58 +0530] "GET /news_more.php HTTP/1.1" 200 21062 "-" "Mozilla/5.0 (compatible; bingbot/2.0; +http://www.bing.com/bingbot.htm)"
207.46.13.77 - - [27/May/2017:05:50:44 +0530] "GET /imp_links.php HTTP/1.1" 200 17835 "-" "Mozilla/5.0 (iPhone; CPU iPhone OS 7_0 like Mac OS X) AppleWebKit/537.51.1 (KHTML, like Gecko) Version/7.0 Mobile/11A465 Safari/9537.53 (compatible; bingbot/2.0; +http://www.bing.com/bingbot.htm)"
