50.6.77.58 - - [22/Jun/2017:01:17:19 +0530] "GET /project_details_view_report.php?id=1759 HTTP/1.0" 200 13165 "-" "Opera/9.27"
66.249.79.19 - - [22/Jun/2017:01:18:15 +0530] "GET /downloads/Comparision%20of%20PCN_30.03.doc HTTP/1.1" 200 49664 "-" "Mozilla/5.0 (compatible; Googlebot/2.1; +http://www.google.com/bot.html)"
146.148.64.128 - - [22/Jun/2017:01:19:35 +0530] "GET /robots.txt HTTP/1.1" 404 208 "-" "ltx71 - (http://ltx71.com/)"
66.249.79.19 - - [22/Jun/2017:01:23:48 +0530] "GET /project_details_view_report.php?id=348 HTTP/1.1" 200 13141 "-" "Mozilla/5.0 (compatible; Googlebot/2.1; +http://www.google.com/bot.html)"
66.249.79.91 - - [22/Jun/2017:01:23:50 +0530] "GET / HTTP/1.1" 200 19482 "-" "Mozilla/5.0 (Linux; Android 6.0.1; Nexus 5X Build/MMB29P) AppleWebKit/537.36 (KHTML, like Gecko) Chrome/41.0.2272.96 Mobile Safari/537.36 (compatible; Googlebot/2.1; +http://www.google.com/bot.html)"
35.184.189.105 - - [22/Jun/2017:01:24:07 +0530] "GET /robots.txt HTTP/1.1" 404 208 "-" "ltx71 - (http://ltx71.com/)"
146.148.64.128 - - [22/Jun/2017:01:25:44 +0530] "GET /robots.txt HTTP/1.1" 404 208 "-" "ltx71 - (http://ltx71.com/)"
66.249.79.17 - - [22/Jun/2017:01:31:09 +0530] "GET /approved_projects.php?n=1 HTTP/1.1" 200 16644 "-" "Mozilla/5.0 (compatible; Googlebot/2.1; +http://www.google.com/bot.html)"
146.148.64.128 - - [22/Jun/2017:01:31:34 +0530] "GET /robots.txt HTTP/1.1" 404 208 "-" "ltx71 - (http://ltx71.com/)"
79.96.82.161 - - [22/Jun/2017:01:32:15 +0530] "GET /project_details_view_report.php?id=1759'\" HTTP/1.1" 200 11452 "-" "Mozilla/4.0 (compatible; MSIE 7.0; Windows NT 5.1; iebar; acc=; YPC 3.2.0; .NET CLR 1.0.3705; .NET CLR 1.1.4322; IEMB3; IEMB3; yplus 5.1.04b)"
79.96.82.161 - - [22/Jun/2017:01:32:15 +0530] "GET /project_details_view_report.php?id=1759 HTTP/1.1" 200 13165 "-" "Mozilla/4.0 (compatible; MSIE 7.0; Windows NT 5.1; iebar; InfoPath.2; .NET CLR 1.1.4322; .NET CLR 2.0.50727; .NET CLR 3.0.04506.30)"
79.96.82.161 - - [22/Jun/2017:01:32:16 +0530] "GET /project_details_view_report.php?id=17592121121121212.1 HTTP/1.1" 200 11452 "-" "Mozilla/4.0 (compatible; MSIE 7.0; Windows NT 5.1; dial; E-nrgyPlus; .NET CLR 1.1.4322; InfoPath.1)"
79.96.82.161 - - [22/Jun/2017:01:32:34 +0530] "GET /project_details_view_report.php?id=1759%20and%201%3E1 HTTP/1.1" 200 11452 "-" "Mozilla/4.0 (compatible; MSIE 7.0; Windows NT 5.1; generic_01_01; InfoPath.1)"
79.96.82.161 - - [22/Jun/2017:01:34:05 +0530] "GET /project_details_view_report.php?id=1759 HTTP/1.0" 200 13165 "-" "Opera/9.27"
92.145.111.25 - - [22/Jun/2017:01:34:42 +0530] "GET /robots.txt HTTP/1.1" 404 208 "-" "Java/1.8.0_101"
217.69.143.217 - - [22/Jun/2017:01:36:28 +0530] "GET / HTTP/1.1" 200 19482 "-" "Mozilla/5.0 (X11; Linux x86_64; rv:18.0) Gecko/20100101 Firefox/18.0"
217.69.143.217 - - [22/Jun/2017:01:36:29 +0530] "GET /favicon.ico HTTP/1.1" 200 1189 "-" "Mozilla/5.0 (X11; Linux x86_64; rv:18.0) Gecko/20100101 Firefox/18.0"
37.48.68.247 - - [22/Jun/2017:01:39:20 +0530] "GET / HTTP/1.0" 200 19482 "http://www.cdmindia.gov.in/" "Mozilla/4.0 (compatible; MSIE 6.0; Windows NT 5.1; SV1; .NET CLR 2.0.50727)"
188.128.206.76 - - [22/Jun/2017:01:40:15 +0530] "GET /project_details_view_report.php?id=1759'\" HTTP/1.1" 200 11452 "-" "Mozilla/4.0 (compatible; MSIE 7.0; Windows NT 5.1; iebar; acc=none; FunWebProducts; .NET CLR 1.1.4322)"
188.128.206.76 - - [22/Jun/2017:01:40:15 +0530] "GET /project_details_view_report.php?id=1759 HTTP/1.1" 200 13165 "-" "Mozilla/4.0 (compatible; MSIE 7.0; Windows NT 5.1; ds-66843412; Sgrunt|V109|1|S-66843412|dial; .NET CLR 1.1.4322)"
188.128.206.76 - - [22/Jun/2017:01:40:16 +0530] "GET /project_details_view_report.php?id=17592121121121212.1 HTTP/1.1" 200 11452 "-" "Mozilla/4.0 (compatible; MSIE 7.0; Windows NT 5.1; iebar; Sgrunt|V109|1746|S-1740532934|dialno; snprtz|dialno; .NET CLR 2.0.50727)"
188.128.206.76 - - [22/Jun/2017:01:40:34 +0530] "GET /project_details_view_report.php?id=1759%20and%201%3E1 HTTP/1.1" 200 11452 "-" "Mozilla/4.0 (compatible; MSIE 7.0; Windows NT 5.1; iebar; Sgrunt|V109|1746|S-1740532934|dialno; snprtz|dialno; .NET CLR 2.0.50727)"
188.128.206.76 - - [22/Jun/2017:01:42:04 +0530] "GET /project_details_view_report.php?id=1759 HTTP/1.0" 200 13165 "-" "Opera/9.27"
157.55.39.174 - - [22/Jun/2017:01:45:29 +0530] "GET /project_details_view.php?id=961 HTTP/1.1" 200 14400 "-" "Mozilla/5.0 (compatible; bingbot/2.0; +http://www.bing.com/bingbot.htm)"
146.148.64.128 - - [22/Jun/2017:01:48:10 +0530] "GET /robots.txt HTTP/1.1" 404 208 "-" "ltx71 - (http://ltx71.com/)"
119.59.124.74 - - [22/Jun/2017:01:48:12 +0530] "GET /project_details_view_report.php?id=1759'\" HTTP/1.1" 200 11452 "-" "Mozilla/4.0 (compatible; MSIE 7.0; Windows NT 5.1; dial; E-nrgyPlus; .NET CLR 1.1.4322; InfoPath.1)"
119.59.124.74 - - [22/Jun/2017:01:48:14 +0530] "GET /project_details_view_report.php?id=1759 HTTP/1.1" 200 13165 "-" "Mozilla/4.0 (compatible; MSIE 7.0; Windows NT 5.1; iebar; acc=; YPC 3.2.0; .NET CLR 1.0.3705; .NET CLR 1.1.4322; IEMB3; IEMB3; yplus 5.1.04b)"
119.59.124.74 - - [22/Jun/2017:01:48:14 +0530] "GET /project_details_view_report.php?id=17592121121121212.1 HTTP/1.1" 200 11452 "-" "Mozilla/4.0 (compatible; MSIE 7.0; Windows NT 5.1; iebar; acc=none; SV1; snprtz|S04087544802137; .NET CLR 1.1.4322)"
220.181.51.92 - - [22/Jun/2017:01:48:30 +0530] "GET /robots.txt HTTP/1.1" 404 208 "-" "Mozilla/5.0 (Windows NT 10.0; WOW64) AppleWebKit/537.36 (KHTML, like Gecko) Chrome/45.0.2454.93 Safari/537.36"
119.59.124.74 - - [22/Jun/2017:01:48:32 +0530] "GET /project_details_view_report.php?id=1759%20and%201%3E1 HTTP/1.1" 200 11452 "-" "Mozilla/4.0 (compatible; MSIE 7.0; Windows NT 5.1; iOpus-I-M; .NET CLR 1.1.4322)"
119.59.124.74 - - [22/Jun/2017:01:50:10 +0530] "GET /project_details_view_report.php?id=1759 HTTP/1.0" 200 13165 "-" "Opera/9.27"
40.77.167.42 - - [22/Jun/2017:01:51:01 +0530] "GET /project_details_view_report.php?id=932 HTTP/1.1" 200 13314 "-" "Mozilla/5.0 (compatible; bingbot/2.0; +http://www.bing.com/bingbot.htm)"
146.148.64.128 - - [22/Jun/2017:01:51:29 +0530] "GET /robots.txt HTTP/1.1" 404 208 "-" "ltx71 - (http://ltx71.com/)"
50.6.77.58 - - [22/Jun/2017:01:56:09 +0530] "GET /project_details_view_report.php?id=1759'\" HTTP/1.1" 200 11452 "-" "Mozilla/4.0 (compatible; MSIE 7.0; Windows NT 5.1; iOpus-I-M; .NET CLR 1.1.4322)"
50.6.77.58 - - [22/Jun/2017:01:56:10 +0530] "GET /project_details_view_report.php?id=1759 HTTP/1.1" 200 13165 "-" "Mozilla/4.0 (compatible; MSIE 7.0; Windows NT 5.1; ds-66843412; Sgrunt|V109|1|S-66843412|dial; .NET CLR 1.1.4322)"
50.6.77.58 - - [22/Jun/2017:01:56:11 +0530] "GET /project_details_view_report.php?id=17592121121121212.1 HTTP/1.1" 200 11452 "-" "Mozilla/4.0 (compatible; MSIE 7.0; Windows NT 5.1; iebar; acc=; YPC 3.2.0; .NET CLR 1.0.3705; .NET CLR 1.1.4322; IEMB3; IEMB3; yplus 5.1.04b)"
50.6.77.58 - - [22/Jun/2017:01:56:30 +0530] "GET /project_details_view_report.php?id=1759%20and%201%3E1 HTTP/1.1" 200 11452 "-" "Mozilla/4.0 (compatible; MSIE 7.0; Windows NT 5.1; iebar; yplus 5.6.02b)"
50.6.77.58 - - [22/Jun/2017:01:58:01 +0530] "GET /project_details_view_report.php?id=1759 HTTP/1.0" 200 13165 "-" "Opera/9.27"
66.249.79.15 - - [22/Jun/2017:01:59:20 +0530] "GET /project_details_view.php?id=867 HTTP/1.1" 200 13756 "-" "Mozilla/5.0 (compatible; Googlebot/2.1; +http://www.google.com/bot.html)"
54.173.165.103 - - [22/Jun/2017:02:01:03 +0530] "GET / HTTP/1.1" 200 19482 "-" "Mozilla/5.0 (X11; Linux x86_64) AppleWebKit/537.36 (KHTML, like Gecko) Chrome/43.0.2357.134 Safari/537.36 http://notifyninja.com/monitoring"
40.77.167.35 - - [22/Jun/2017:02:02:47 +0530] "GET /project_details_view.php?id=1214 HTTP/1.1" 200 14465 "-" "Mozilla/5.0 (compatible; bingbot/2.0; +http://www.bing.com/bingbot.htm)"
40.77.167.42 - - [22/Jun/2017:02:03:44 +0530] "GET /project_details_view.php?id=1896 HTTP/1.1" 200 15687 "-" "Mozilla/5.0 (compatible; bingbot/2.0; +http://www.bing.com/bingbot.htm)"
146.148.64.128 - - [22/Jun/2017:02:05:29 +0530] "GET /robots.txt HTTP/1.1" 404 208 "-" "ltx71 - (http://ltx71.com/)"
146.148.64.128 - - [22/Jun/2017:02:06:34 +0530] "GET /robots.txt HTTP/1.1" 404 208 "-" "ltx71 - (http://ltx71.com/)"
146.148.64.128 - - [22/Jun/2017:02:10:13 +0530] "GET /robots.txt HTTP/1.1" 404 208 "-" "ltx71 - (http://ltx71.com/)"
146.148.64.128 - - [22/Jun/2017:02:12:02 +0530] "GET /robots.txt HTTP/1.1" 404 208 "-" "ltx71 - (http://ltx71.com/)"
40.77.167.42 - - [22/Jun/2017:02:19:02 +0530] "GET /project_details_view_report.php?id=153 HTTP/1.1" 200 13106 "-" "Mozilla/5.0 (compatible; bingbot/2.0; +http://www.bing.com/bingbot.htm)"
146.148.64.128 - - [22/Jun/2017:02:22:00 +0530] "GET /robots.txt HTTP/1.1" 404 208 "-" "ltx71 - (http://ltx71.com/)"
157.55.39.174 - - [22/Jun/2017:02:23:41 +0530] "GET /project_details_view.php?id=1056 HTTP/1.1" 200 14168 "-" "Mozilla/5.0 (compatible; bingbot/2.0; +http://www.bing.com/bingbot.htm)"
157.55.39.81 - - [22/Jun/2017:02:24:50 +0530] "GET /project_details_view.php?id=1739 HTTP/1.1" 200 13985 "-" "Mozilla/5.0 (compatible; bingbot/2.0; +http://www.bing.com/bingbot.htm)"
157.55.39.81 - - [22/Jun/2017:02:27:12 +0530] "GET / HTTP/1.1" 200 19482 "-" "Mozilla/5.0 (compatible; bingbot/2.0; +http://www.bing.com/bingbot.htm)"
157.55.39.81 - - [22/Jun/2017:02:27:17 +0530] "GET / HTTP/1.1" 200 19482 "-" "Mozilla/5.0 (compatible; bingbot/2.0; +http://www.bing.com/bingbot.htm)"
146.148.64.128 - - [22/Jun/2017:02:27:20 +0530] "GET /robots.txt HTTP/1.1" 404 208 "-" "ltx71 - (http://ltx71.com/)"
146.148.64.128 - - [22/Jun/2017:02:31:38 +0530] "GET /robots.txt HTTP/1.1" 404 208 "-" "ltx71 - (http://ltx71.com/)"
146.148.64.128 - - [22/Jun/2017:02:32:03 +0530] "GET /future_projects.php HTTP/1.1" 302 26212 "-" "ltx71 - (http://ltx71.com/)"
157.55.39.174 - - [22/Jun/2017:02:35:23 +0530] "GET /includes/ncdma.css HTTP/1.1" 200 13023 "-" "Mozilla/5.0 (compatible; bingbot/2.0; +http://www.bing.com/bingbot.htm)"
66.249.79.17 - - [22/Jun/2017:02:40:03 +0530] "GET /project_details_view_report.php?id=387 HTTP/1.1" 200 13088 "-" "Mozilla/5.0 (compatible; Googlebot/2.1; +http://www.google.com/bot.html)"
40.77.167.35 - - [22/Jun/2017:02:40:46 +0530] "GET /downloads/Carbon%20Market%20Roadmap.pdf HTTP/1.1" 200 4344697 "-" "Mozilla/5.0 (iPhone; CPU iPhone OS 7_0 like Mac OS X) AppleWebKit/537.51.1 (KHTML, like Gecko) Version/7.0 Mobile/11A465 Safari/9537.53 (compatible; bingbot/2.0; +http://www.bing.com/bingbot.htm)"
217.182.132.14 - - [22/Jun/2017:02:44:22 +0530] "GET /detail_news.php?id=11 HTTP/1.1" 302 18423 "-" "Mozilla/5.0 (compatible; AhrefsBot/5.2; +http://ahrefs.com/robot/)"
66.249.79.17 - - [22/Jun/2017:02:44:38 +0530] "GET / HTTP/1.1" 200 19482 "-" "Mozilla/5.0 (Linux; Android 6.0.1; Nexus 5X Build/MMB29P) AppleWebKit/537.36 (KHTML, like Gecko) Chrome/41.0.2272.96 Mobile Safari/537.36 (compatible; Googlebot/2.1; +http://www.google.com/bot.html)"
66.249.79.17 - - [22/Jun/2017:02:44:39 +0530] "GET / HTTP/1.1" 200 19482 "-" "Mozilla/5.0 (Linux; Android 6.0.1; Nexus 5X Build/MMB29P) AppleWebKit/537.36 (KHTML, like Gecko) Chrome/41.0.2272.96 Mobile Safari/537.36 (compatible; Googlebot/2.1; +http://www.google.com/bot.html)"
37.48.68.247 - - [22/Jun/2017:02:49:03 +0530] "GET / HTTP/1.0" 200 19482 "http://cdmindia.gov.in/" "Mozilla/4.0 (compatible; MSIE 6.0; Windows NT 5.1; SV1; .NET CLR 2.0.50727)"
66.249.79.17 - - [22/Jun/2017:02:49:49 +0530] "GET /project_details_view.php?id=930 HTTP/1.1" 200 16546 "-" "Mozilla/5.0 (Linux; Android 6.0.1; Nexus 5X Build/MMB29P) AppleWebKit/537.36 (KHTML, like Gecko) Chrome/41.0.2272.96 Mobile Safari/537.36 (compatible; Googlebot/2.1; +http://www.google.com/bot.html)"
216.244.66.248 - - [22/Jun/2017:02:51:46 +0530] "GET /robots.txt HTTP/1.1" 404 208 "-" "Mozilla/5.0 (compatible; DotBot/1.1; http://www.opensiteexplorer.org/dotbot, help@moz.com)"
146.148.64.128 - - [22/Jun/2017:02:54:40 +0530] "GET /robots.txt HTTP/1.1" 404 208 "-" "ltx71 - (http://ltx71.com/)"
95.28.225.223 - - [22/Jun/2017:02:59:25 +0530] "GET /project_details_view.php?id=825 HTTP/1.1" 200 14788 "http://yandex.ru/clck/jsredir?from=yandex.ru%3Bsearch%3Bweb%3B%3B&text=&etext=1459.AjqwUWc39XXY_bLnnNTh8i6N9VEVGkQtsvoLui9SI5Uvc9heBlYHoKVaFc7abSPU.c64697856541868c5986ac91a0c154b193b4c0f7&uuid=&state=_BLhILn4SxNIvvL0W45KSic66uCIg23qh8iRG98qeIXmeppkgUc0YFUVNhHyyhJgRFg5yeLMIWU&data=UlNrNmk5WktYejR0eWJFYk1LdmtxdW5FZWJMbGt2ZHlWWjFSa2NYZ0JXNjI1ODVMdGQ1bmJxWlFHNHpDemp5b0t0a3pjTHZmTXZTb2ttTDNHZVYwczJmWFJHWEdna1NVTGNjVTAteHllejMwNXlCVHducDJXZGNzQ1BUMWZzb01lWVZBUXd5Q1RySkNlMWhITF8yMUJR&b64e=2&sign=2de2c577ce3ce49fdd69c3604bee5b4a&keyno=0&cst=AiuY0DBWFJ7IXge4WdYJQYP93XfrtkbaOfBA1GFlAsDxvwcgHUPHs45mijUfmLECBHmukoFv7ndQUMRV9xPQey4uNZ1l5YiATrNe-dcRLfUbt2thsOxCrLCQsuDbAis7Mzg-KCLE6A6WQ0njFwcLtydJYPNU8yK7&ref=orjY4mGPRjk5boDnW0uvlrrd71vZw9kp5uQozpMtKCUeNiDU-Ul0A4A0JajXgpPwSat9OByaLglI3owUuWrJ4ZAqF8bQqPfzkJ8MS3hBPeSC1A1Jotk97PaLv4C9KV5G&l10n=ru&cts=1498079712152&mc=7.45470725717" "Mozilla/4.0 (compatible; MSIE 8.0; Windows NT 5.1; Trident/4.0; .NET CLR 2.0.50727; .NET CLR 3.0.4506.2152; .NET CLR 3.5.30729)"
95.28.225.223 - - [22/Jun/2017:02:59:26 +0530] "GET /Scripts/AC_RunActiveContent.js HTTP/1.1" 200 8321 "http://www.cdmindia.gov.in/project_details_view.php?id=825" "Mozilla/4.0 (compatible; MSIE 8.0; Windows NT 5.1; Trident/4.0; .NET CLR 2.0.50727; .NET CLR 3.0.4506.2152; .NET CLR 3.5.30729)"
95.28.225.223 - - [22/Jun/2017:02:59:26 +0530] "GET /includes/ncdma.css HTTP/1.1" 200 13023 "http://www.cdmindia.gov.in/project_details_view.php?id=825" "Mozilla/4.0 (compatible; MSIE 8.0; Windows NT 5.1; Trident/4.0; .NET CLR 2.0.50727; .NET CLR 3.0.4506.2152; .NET CLR 3.5.30729)"
95.28.225.223 - - [22/Jun/2017:02:59:26 +0530] "GET /ncdma.css HTTP/1.1" 200 12640 "http://www.cdmindia.gov.in/project_details_view.php?id=825" "Mozilla/4.0 (compatible; MSIE 8.0; Windows NT 5.1; Trident/4.0; .NET CLR 2.0.50727; .NET CLR 3.0.4506.2152; .NET CLR 3.5.30729)"
66.249.79.15 - - [22/Jun/2017:03:00:09 +0530] "GET /project_details_view.php?id=1349 HTTP/1.1" 200 14032 "-" "Mozilla/5.0 (compatible; Googlebot/2.1; +http://www.google.com/bot.html)"
37.48.68.247 - - [22/Jun/2017:03:02:34 +0530] "GET / HTTP/1.0" 200 19482 "http://www.cdmindia.gov.in/" "Mozilla/4.0 (compatible; MSIE 6.0; Windows NT 5.1; SV1; .NET CLR 2.0.50727)"
35.184.189.105 - - [22/Jun/2017:03:03:22 +0530] "GET /robots.txt HTTP/1.1" 404 208 "-" "ltx71 - (http://ltx71.com/)"
146.148.64.128 - - [22/Jun/2017:03:03:27 +0530] "GET /robots.txt HTTP/1.1" 404 208 "-" "ltx71 - (http://ltx71.com/)"
106.219.156.226 - - [22/Jun/2017:03:05:08 +0530] "GET /project_details_view.php?id=800 HTTP/1.1" 200 14019 "http://www.google.co.in/search?q=thermal+power+plant+in+kashipur&oq=thermal+power+plant+Kashipur+&gs_l=mobile-heirloom-serp.1.0.0i22i30.10545.20007.0.21832.21.17.0.0.0.6.353.3938.0j3j11j3.17.0....0...1.1.34.mobile-heirloom-serp..12.9.1855.tjShX0R3J5g" "Mozilla/5.0 (Mobile; Windows Phone 8.1; Android 4.0; ARM; Trident/7.0; Touch; rv:11.0; IEMobile/11.0; Microsoft; Lumia 640 XL Dual SIM) like iPhone OS 7_0_3 Mac OS X AppleWebKit/537 (KHTML, like Gecko) Mobile Safari/537"
106.219.156.226 - - [22/Jun/2017:03:05:08 +0530] "GET /includes/ncdma.css HTTP/1.1" 200 13023 "http://www.cdmindia.gov.in/project_details_view.php?id=800" "Mozilla/5.0 (Mobile; Windows Phone 8.1; Android 4.0; ARM; Trident/7.0; Touch; rv:11.0; IEMobile/11.0; Microsoft; Lumia 640 XL Dual SIM) like iPhone OS 7_0_3 Mac OS X AppleWebKit/537 (KHTML, like Gecko) Mobile Safari/537"
106.219.156.226 - - [22/Jun/2017:03:05:08 +0530] "GET /images/bullet1.gif HTTP/1.1" 200 67 "http://www.cdmindia.gov.in/project_details_view.php?id=800" "Mozilla/5.0 (Mobile; Windows Phone 8.1; Android 4.0; ARM; Trident/7.0; Touch; rv:11.0; IEMobile/11.0; Microsoft; Lumia 640 XL Dual SIM) like iPhone OS 7_0_3 Mac OS X AppleWebKit/537 (KHTML, like Gecko) Mobile Safari/537"
106.219.156.226 - - [22/Jun/2017:03:05:08 +0530] "GET /Scripts/AC_RunActiveContent.js HTTP/1.1" 200 8321 "http://www.cdmindia.gov.in/project_details_view.php?id=800" "Mozilla/5.0 (Mobile; Windows Phone 8.1; Android 4.0; ARM; Trident/7.0; Touch; rv:11.0; IEMobile/11.0; Microsoft; Lumia 640 XL Dual SIM) like iPhone OS 7_0_3 Mac OS X AppleWebKit/537 (KHTML, like Gecko) Mobile Safari/537"
106.219.156.226 - - [22/Jun/2017:03:05:08 +0530] "GET /ncdma.css HTTP/1.1" 200 12640 "http://www.cdmindia.gov.in/project_details_view.php?id=800" "Mozilla/5.0 (Mobile; Windows Phone 8.1; Android 4.0; ARM; Trident/7.0; Touch; rv:11.0; IEMobile/11.0; Microsoft; Lumia 640 XL Dual SIM) like iPhone OS 7_0_3 Mac OS X AppleWebKit/537 (KHTML, like Gecko) Mobile Safari/537"
106.219.156.226 - - [22/Jun/2017:03:05:08 +0530] "GET /images/fdm.jpg HTTP/1.1" 200 2043 "http://www.cdmindia.gov.in/project_details_view.php?id=800" "Mozilla/5.0 (Mobile; Windows Phone 8.1; Android 4.0; ARM; Trident/7.0; Touch; rv:11.0; IEMobile/11.0; Microsoft; Lumia 640 XL Dual SIM) like iPhone OS 7_0_3 Mac OS X AppleWebKit/537 (KHTML, like Gecko) Mobile Safari/537"
106.219.156.226 - - [22/Jun/2017:03:05:08 +0530] "GET /images/spacer.gif HTTP/1.1" 200 43 "http://www.cdmindia.gov.in/project_details_view.php?id=800" "Mozilla/5.0 (Mobile; Windows Phone 8.1; Android 4.0; ARM; Trident/7.0; Touch; rv:11.0; IEMobile/11.0; Microsoft; Lumia 640 XL Dual SIM) like iPhone OS 7_0_3 Mac OS X AppleWebKit/537 (KHTML, like Gecko) Mobile Safari/537"
106.219.156.226 - - [22/Jun/2017:03:05:08 +0530] "GET /images/img3.jpg HTTP/1.1" 200 26957 "http://www.cdmindia.gov.in/project_details_view.php?id=800" "Mozilla/5.0 (Mobile; Windows Phone 8.1; Android 4.0; ARM; Trident/7.0; Touch; rv:11.0; IEMobile/11.0; Microsoft; Lumia 640 XL Dual SIM) like iPhone OS 7_0_3 Mac OS X AppleWebKit/537 (KHTML, like Gecko) Mobile Safari/537"
106.219.156.226 - - [22/Jun/2017:03:05:09 +0530] "GET /images/bulllet2.gif HTTP/1.1" 200 58 "http://www.cdmindia.gov.in/project_details_view.php?id=800" "Mozilla/5.0 (Mobile; Windows Phone 8.1; Android 4.0; ARM; Trident/7.0; Touch; rv:11.0; IEMobile/11.0; Microsoft; Lumia 640 XL Dual SIM) like iPhone OS 7_0_3 Mac OS X AppleWebKit/537 (KHTML, like Gecko) Mobile Safari/537"
106.219.156.226 - - [22/Jun/2017:03:05:09 +0530] "GET /images/bullet4.gif HTTP/1.1" 200 67 "http://www.cdmindia.gov.in/project_details_view.php?id=800" "Mozilla/5.0 (Mobile; Windows Phone 8.1; Android 4.0; ARM; Trident/7.0; Touch; rv:11.0; IEMobile/11.0; Microsoft; Lumia 640 XL Dual SIM) like iPhone OS 7_0_3 Mac OS X AppleWebKit/537 (KHTML, like Gecko) Mobile Safari/537"
106.219.156.226 - - [22/Jun/2017:03:05:09 +0530] "GET /images/img2.jpg HTTP/1.1" 200 16276 "http://www.cdmindia.gov.in/project_details_view.php?id=800" "Mozilla/5.0 (Mobile; Windows Phone 8.1; Android 4.0; ARM; Trident/7.0; Touch; rv:11.0; IEMobile/11.0; Microsoft; Lumia 640 XL Dual SIM) like iPhone OS 7_0_3 Mac OS X AppleWebKit/537 (KHTML, like Gecko) Mobile Safari/537"
106.219.156.226 - - [22/Jun/2017:03:05:09 +0530] "GET /images/gtz.jpg HTTP/1.1" 200 15484 "http://www.cdmindia.gov.in/project_details_view.php?id=800" "Mozilla/5.0 (Mobile; Windows Phone 8.1; Android 4.0; ARM; Trident/7.0; Touch; rv:11.0; IEMobile/11.0; Microsoft; Lumia 640 XL Dual SIM) like iPhone OS 7_0_3 Mac OS X AppleWebKit/537 (KHTML, like Gecko) Mobile Safari/537"
106.219.156.226 - - [22/Jun/2017:03:05:09 +0530] "GET /images/img1.jpg HTTP/1.1" 200 1251 "http://www.cdmindia.gov.in/project_details_view.php?id=800" "Mozilla/5.0 (Mobile; Windows Phone 8.1; Android 4.0; ARM; Trident/7.0; Touch; rv:11.0; IEMobile/11.0; Microsoft; Lumia 640 XL Dual SIM) like iPhone OS 7_0_3 Mac OS X AppleWebKit/537 (KHTML, like Gecko) Mobile Safari/537"
106.219.156.226 - - [22/Jun/2017:03:05:09 +0530] "GET /images/fbg.jpg HTTP/1.1" 200 325 "http://www.cdmindia.gov.in/project_details_view.php?id=800" "Mozilla/5.0 (Mobile; Windows Phone 8.1; Android 4.0; ARM; Trident/7.0; Touch; rv:11.0; IEMobile/11.0; Microsoft; Lumia 640 XL Dual SIM) like iPhone OS 7_0_3 Mac OS X AppleWebKit/537 (KHTML, like Gecko) Mobile Safari/537"
146.148.64.128 - - [22/Jun/2017:03:06:39 +0530] "GET /robots.txt HTTP/1.1" 404 208 "-" "ltx71 - (http://ltx71.com/)"
14.139.246.30 - - [22/Jun/2017:03:13:31 +0530] "GET /project_details_view.php?id=894 HTTP/1.1" 200 15171 "https://www.google.co.in/" "Mozilla/5.0 (Windows NT 6.1) AppleWebKit/537.36 (KHTML, like Gecko) Chrome/58.0.3029.110 Safari/537.36"
14.139.246.30 - - [22/Jun/2017:03:13:31 +0530] "GET /includes/ncdma.css HTTP/1.1" 200 13023 "http://www.cdmindia.gov.in/project_details_view.php?id=894" "Mozilla/5.0 (Windows NT 6.1) AppleWebKit/537.36 (KHTML, like Gecko) Chrome/58.0.3029.110 Safari/537.36"
14.139.246.30 - - [22/Jun/2017:03:13:31 +0530] "GET /ncdma.css HTTP/1.1" 200 12640 "http://www.cdmindia.gov.in/project_details_view.php?id=894" "Mozilla/5.0 (Windows NT 6.1) AppleWebKit/537.36 (KHTML, like Gecko) Chrome/58.0.3029.110 Safari/537.36"
14.139.246.30 - - [22/Jun/2017:03:13:31 +0530] "GET /Scripts/AC_RunActiveContent.js HTTP/1.1" 200 8321 "http://www.cdmindia.gov.in/project_details_view.php?id=894" "Mozilla/5.0 (Windows NT 6.1) AppleWebKit/537.36 (KHTML, like Gecko) Chrome/58.0.3029.110 Safari/537.36"
14.139.246.30 - - [22/Jun/2017:03:13:31 +0530] "GET /images/img2.jpg HTTP/1.1" 200 16276 "http://www.cdmindia.gov.in/project_details_view.php?id=894" "Mozilla/5.0 (Windows NT 6.1) AppleWebKit/537.36 (KHTML, like Gecko) Chrome/58.0.3029.110 Safari/537.36"
14.139.246.30 - - [22/Jun/2017:03:13:31 +0530] "GET /images/spacer.gif HTTP/1.1" 200 43 "http://www.cdmindia.gov.in/project_details_view.php?id=894" "Mozilla/5.0 (Windows NT 6.1) AppleWebKit/537.36 (KHTML, like Gecko) Chrome/58.0.3029.110 Safari/537.36"
14.139.246.30 - - [22/Jun/2017:03:13:31 +0530] "GET /images/bullet1.gif HTTP/1.1" 200 67 "http://www.cdmindia.gov.in/project_details_view.php?id=894" "Mozilla/5.0 (Windows NT 6.1) AppleWebKit/537.36 (KHTML, like Gecko) Chrome/58.0.3029.110 Safari/537.36"
14.139.246.30 - - [22/Jun/2017:03:13:31 +0530] "GET /images/bulllet2.gif HTTP/1.1" 200 58 "http://www.cdmindia.gov.in/project_details_view.php?id=894" "Mozilla/5.0 (Windows NT 6.1) AppleWebKit/537.36 (KHTML, like Gecko) Chrome/58.0.3029.110 Safari/537.36"
14.139.246.30 - - [22/Jun/2017:03:13:31 +0530] "GET /images/bullet4.gif HTTP/1.1" 200 67 "http://www.cdmindia.gov.in/project_details_view.php?id=894" "Mozilla/5.0 (Windows NT 6.1) AppleWebKit/537.36 (KHTML, like Gecko) Chrome/58.0.3029.110 Safari/537.36"
14.139.246.30 - - [22/Jun/2017:03:13:31 +0530] "GET /images/img3.jpg HTTP/1.1" 200 26957 "http://www.cdmindia.gov.in/project_details_view.php?id=894" "Mozilla/5.0 (Windows NT 6.1) AppleWebKit/537.36 (KHTML, like Gecko) Chrome/58.0.3029.110 Safari/537.36"
14.139.246.30 - - [22/Jun/2017:03:13:31 +0530] "GET /images/fdm.jpg HTTP/1.1" 200 2043 "http://www.cdmindia.gov.in/project_details_view.php?id=894" "Mozilla/5.0 (Windows NT 6.1) AppleWebKit/537.36 (KHTML, like Gecko) Chrome/58.0.3029.110 Safari/537.36"
14.139.246.30 - - [22/Jun/2017:03:13:31 +0530] "GET /images/gtz.jpg HTTP/1.1" 200 15484 "http://www.cdmindia.gov.in/project_details_view.php?id=894" "Mozilla/5.0 (Windows NT 6.1) AppleWebKit/537.36 (KHTML, like Gecko) Chrome/58.0.3029.110 Safari/537.36"
14.139.246.30 - - [22/Jun/2017:03:13:31 +0530] "GET /images/img1.jpg HTTP/1.1" 200 1251 "http://www.cdmindia.gov.in/project_details_view.php?id=894" "Mozilla/5.0 (Windows NT 6.1) AppleWebKit/537.36 (KHTML, like Gecko) Chrome/58.0.3029.110 Safari/537.36"
14.139.246.30 - - [22/Jun/2017:03:13:31 +0530] "GET /images/fbg.jpg HTTP/1.1" 200 325 "http://www.cdmindia.gov.in/project_details_view.php?id=894" "Mozilla/5.0 (Windows NT 6.1) AppleWebKit/537.36 (KHTML, like Gecko) Chrome/58.0.3029.110 Safari/537.36"
14.139.246.30 - - [22/Jun/2017:03:13:31 +0530] "GET /favicon.ico HTTP/1.1" 200 1189 "http://www.cdmindia.gov.in/project_details_view.php?id=894" "Mozilla/5.0 (Windows NT 6.1) AppleWebKit/537.36 (KHTML, like Gecko) Chrome/58.0.3029.110 Safari/537.36"
146.148.64.128 - - [22/Jun/2017:03:14:43 +0530] "GET /robots.txt HTTP/1.1" 404 208 "-" "ltx71 - (http://ltx71.com/)"
77.75.78.164 - - [22/Jun/2017:03:15:08 +0530] "GET /robots.txt HTTP/1.1" 404 208 "-" "Mozilla/5.0 (compatible; SeznamBot/3.2; +http://napoveda.seznam.cz/en/seznambot-intro/)"
77.75.78.164 - - [22/Jun/2017:03:15:10 +0530] "GET /images/gtz.jpg HTTP/1.1" 304 - "-" "Mozilla/5.0 (compatible; SeznamBot/3.2; +http://napoveda.seznam.cz/en/seznambot-intro/)"
66.249.79.15 - - [22/Jun/2017:03:15:19 +0530] "GET /project_details_view_report.php?id=757 HTTP/1.1" 200 13303 "-" "Mozilla/5.0 (compatible; Googlebot/2.1; +http://www.google.com/bot.html)"
35.184.189.105 - - [22/Jun/2017:03:18:13 +0530] "GET /robots.txt HTTP/1.1" 404 208 "-" "ltx71 - (http://ltx71.com/)"
66.249.79.15 - - [22/Jun/2017:03:20:21 +0530] "GET /project_details_view.php?id=1393&oid=1&page=29&reporttype=1 HTTP/1.1" 200 15304 "-" "Mozilla/5.0 (compatible; Googlebot/2.1; +http://www.google.com/bot.html)"
146.148.64.128 - - [22/Jun/2017:03:23:03 +0530] "GET /robots.txt HTTP/1.1" 404 208 "-" "ltx71 - (http://ltx71.com/)"
146.148.64.128 - - [22/Jun/2017:03:23:18 +0530] "GET /capacity_building.php HTTP/1.1" 200 19188 "-" "ltx71 - (http://ltx71.com/)"
40.77.167.42 - - [22/Jun/2017:03:24:38 +0530] "GET /project_details_view.php?id=1424 HTTP/1.1" 200 15632 "-" "Mozilla/5.0 (iPhone; CPU iPhone OS 7_0 like Mac OS X) AppleWebKit/537.51.1 (KHTML, like Gecko) Version/7.0 Mobile/11A465 Safari/9537.53 (compatible; bingbot/2.0; +http://www.bing.com/bingbot.htm)"
40.77.167.42 - - [22/Jun/2017:03:25:02 +0530] "GET /images/bullet4.gif HTTP/1.1" 200 67 "-" "Mozilla/5.0 (iPhone; CPU iPhone OS 7_0 like Mac OS X) AppleWebKit/537.51.1 (KHTML, like Gecko) Version/7.0 Mobile/11A465 Safari/9537.53 (compatible; bingbot/2.0; +http://www.bing.com/bingbot.htm)"
146.148.64.128 - - [22/Jun/2017:03:25:15 +0530] "GET /constitution.php HTTP/1.1" 200 23671 "-" "ltx71 - (http://ltx71.com/)"
40.77.167.35 - - [22/Jun/2017:03:27:36 +0530] "GET /admin/index.php HTTP/1.1" 200 6170 "-" "Mozilla/5.0 (compatible; bingbot/2.0; +http://www.bing.com/bingbot.htm)"
146.148.64.128 - - [22/Jun/2017:03:28:39 +0530] "GET /robots.txt HTTP/1.1" 404 208 "-" "ltx71 - (http://ltx71.com/)"
40.77.167.35 - - [22/Jun/2017:03:28:51 +0530] "GET /admin/js/index_validation.js HTTP/1.1" 200 1988 "-" "Mozilla/5.0 (compatible; bingbot/2.0; +http://www.bing.com/bingbot.htm)"
40.77.167.35 - - [22/Jun/2017:03:28:52 +0530] "GET /js/base64_encode.js HTTP/1.1" 200 3002 "-" "Mozilla/5.0 (compatible; bingbot/2.0; +http://www.bing.com/bingbot.htm)"
40.77.167.42 - - [22/Jun/2017:03:28:56 +0530] "GET /project_details_view_report.php?id=318kk HTTP/1.1" 200 11452 "-" "Mozilla/5.0 (compatible; bingbot/2.0; +http://www.bing.com/bingbot.htm)"
157.55.39.81 - - [22/Jun/2017:03:29:00 +0530] "GET /admin/Scripts/AC_RunActiveContent.js HTTP/1.1" 404 234 "-" "Mozilla/5.0 (compatible; bingbot/2.0; +http://www.bing.com/bingbot.htm)"
157.55.39.81 - - [22/Jun/2017:03:29:01 +0530] "GET /admin/js/ajax_client.js HTTP/1.1" 200 22793 "-" "Mozilla/5.0 (compatible; bingbot/2.0; +http://www.bing.com/bingbot.htm)"
157.55.39.81 - - [22/Jun/2017:03:29:02 +0530] "GET /includes/CaptchaSecurityImages.php?width=80&height=30&characters=5 HTTP/1.1" 200 2130 "-" "Mozilla/5.0 (compatible; bingbot/2.0; +http://www.bing.com/bingbot.htm)"
157.55.39.81 - - [22/Jun/2017:03:29:02 +0530] "GET /js/md5.js HTTP/1.1" 200 13194 "-" "Mozilla/5.0 (compatible; bingbot/2.0; +http://www.bing.com/bingbot.htm)"
157.55.39.81 - - [22/Jun/2017:03:32:55 +0530] "GET /project_details_view_report.php?id=541 HTTP/1.1" 200 13182 "-" "Mozilla/5.0 (compatible; bingbot/2.0; +http://www.bing.com/bingbot.htm)"
146.148.64.128 - - [22/Jun/2017:03:33:19 +0530] "GET /robots.txt HTTP/1.1" 404 208 "-" "ltx71 - (http://ltx71.com/)"
146.148.64.128 - - [22/Jun/2017:03:35:03 +0530] "GET /robots.txt HTTP/1.1" 404 208 "-" "ltx71 - (http://ltx71.com/)"
66.249.79.19 - - [22/Jun/2017:03:35:30 +0530] "GET /project_details_view.php?id=426 HTTP/1.1" 200 14093 "-" "Mozilla/5.0 (compatible; Googlebot/2.1; +http://www.google.com/bot.html)"
146.148.64.128 - - [22/Jun/2017:03:38:35 +0530] "GET /robots.txt HTTP/1.1" 404 208 "-" "ltx71 - (http://ltx71.com/)"
146.148.64.128 - - [22/Jun/2017:03:39:18 +0530] "GET /future_projects.php HTTP/1.1" 302 26212 "-" "ltx71 - (http://ltx71.com/)"
157.55.12.75 - - [22/Jun/2017:03:42:22 +0530] "GET /downloads/Carbon%20Market%20Roadmap.pdf HTTP/1.1" 200 4344697 "-" "Mozilla/5.0 (iPhone; CPU iPhone OS 7_0 like Mac OS X) AppleWebKit/537.51.1 (KHTML, like Gecko) Version/7.0 Mobile/11A465 Safari/9537.53 BingPreview/1.0b"
146.148.64.128 - - [22/Jun/2017:03:43:21 +0530] "GET /robots.txt HTTP/1.1" 404 208 "-" "ltx71 - (http://ltx71.com/)"
216.244.66.248 - - [22/Jun/2017:03:44:22 +0530] "GET /news_more.php HTTP/1.1" 200 21063 "-" "Mozilla/5.0 (compatible; DotBot/1.1; http://www.opensiteexplorer.org/dotbot, help@moz.com)"
146.148.64.128 - - [22/Jun/2017:03:44:29 +0530] "GET /detail_news.php?id=4 HTTP/1.1" 302 19564 "-" "ltx71 - (http://ltx71.com/)"
146.148.64.128 - - [22/Jun/2017:03:44:46 +0530] "GET /detail_news.php?id=3 HTTP/1.1" 302 18399 "-" "ltx71 - (http://ltx71.com/)"
146.148.64.128 - - [22/Jun/2017:03:46:38 +0530] "GET /downloads/Carbon%20Market%20Roadmap.pdf HTTP/1.1" 200 4344697 "-" "ltx71 - (http://ltx71.com/)"
146.148.64.128 - - [22/Jun/2017:03:49:56 +0530] "GET /robots.txt HTTP/1.1" 404 208 "-" "ltx71 - (http://ltx71.com/)"
69.193.135.214 - - [22/Jun/2017:03:51:17 +0530] "GET /project_details_view.php?id=764 HTTP/1.1" 200 15375 "https://www.google.com/" "Mozilla/5.0 (Windows NT 6.1; Win64; x64) AppleWebKit/537.36 (KHTML, like Gecko) Chrome/59.0.3071.109 Safari/537.36"
69.193.135.214 - - [22/Jun/2017:03:51:17 +0530] "GET /includes/ncdma.css HTTP/1.1" 200 13023 "http://www.cdmindia.gov.in/project_details_view.php?id=764" "Mozilla/5.0 (Windows NT 6.1; Win64; x64) AppleWebKit/537.36 (KHTML, like Gecko) Chrome/59.0.3071.109 Safari/537.36"
69.193.135.214 - - [22/Jun/2017:03:51:17 +0530] "GET /ncdma.css HTTP/1.1" 200 12640 "http://www.cdmindia.gov.in/project_details_view.php?id=764" "Mozilla/5.0 (Windows NT 6.1; Win64; x64) AppleWebKit/537.36 (KHTML, like Gecko) Chrome/59.0.3071.109 Safari/537.36"
69.193.135.214 - - [22/Jun/2017:03:51:17 +0530] "GET /Scripts/AC_RunActiveContent.js HTTP/1.1" 200 8321 "http://www.cdmindia.gov.in/project_details_view.php?id=764" "Mozilla/5.0 (Windows NT 6.1; Win64; x64) AppleWebKit/537.36 (KHTML, like Gecko) Chrome/59.0.3071.109 Safari/537.36"
69.193.135.214 - - [22/Jun/2017:03:51:18 +0530] "GET /images/img1.jpg HTTP/1.1" 200 1251 "http://www.cdmindia.gov.in/project_details_view.php?id=764" "Mozilla/5.0 (Windows NT 6.1; Win64; x64) AppleWebKit/537.36 (KHTML, like Gecko) Chrome/59.0.3071.109 Safari/537.36"
69.193.135.214 - - [22/Jun/2017:03:51:18 +0530] "GET /images/spacer.gif HTTP/1.1" 200 43 "http://www.cdmindia.gov.in/project_details_view.php?id=764" "Mozilla/5.0 (Windows NT 6.1; Win64; x64) AppleWebKit/537.36 (KHTML, like Gecko) Chrome/59.0.3071.109 Safari/537.36"
69.193.135.214 - - [22/Jun/2017:03:51:18 +0530] "GET /images/img2.jpg HTTP/1.1" 200 16276 "http://www.cdmindia.gov.in/project_details_view.php?id=764" "Mozilla/5.0 (Windows NT 6.1; Win64; x64) AppleWebKit/537.36 (KHTML, like Gecko) Chrome/59.0.3071.109 Safari/537.36"
69.193.135.214 - - [22/Jun/2017:03:51:18 +0530] "GET /images/bullet1.gif HTTP/1.1" 200 67 "http://www.cdmindia.gov.in/project_details_view.php?id=764" "Mozilla/5.0 (Windows NT 6.1; Win64; x64) AppleWebKit/537.36 (KHTML, like Gecko) Chrome/59.0.3071.109 Safari/537.36"
69.193.135.214 - - [22/Jun/2017:03:51:18 +0530] "GET /images/bulllet2.gif HTTP/1.1" 200 58 "http://www.cdmindia.gov.in/project_details_view.php?id=764" "Mozilla/5.0 (Windows NT 6.1; Win64; x64) AppleWebKit/537.36 (KHTML, like Gecko) Chrome/59.0.3071.109 Safari/537.36"
69.193.135.214 - - [22/Jun/2017:03:51:18 +0530] "GET /images/img3.jpg HTTP/1.1" 200 26957 "http://www.cdmindia.gov.in/project_details_view.php?id=764" "Mozilla/5.0 (Windows NT 6.1; Win64; x64) AppleWebKit/537.36 (KHTML, like Gecko) Chrome/59.0.3071.109 Safari/537.36"
69.193.135.214 - - [22/Jun/2017:03:51:18 +0530] "GET /images/bullet4.gif HTTP/1.1" 200 67 "http://www.cdmindia.gov.in/project_details_view.php?id=764" "Mozilla/5.0 (Windows NT 6.1; Win64; x64) AppleWebKit/537.36 (KHTML, like Gecko) Chrome/59.0.3071.109 Safari/537.36"
69.193.135.214 - - [22/Jun/2017:03:51:18 +0530] "GET /images/fdm.jpg HTTP/1.1" 200 2043 "http://www.cdmindia.gov.in/project_details_view.php?id=764" "Mozilla/5.0 (Windows NT 6.1; Win64; x64) AppleWebKit/537.36 (KHTML, like Gecko) Chrome/59.0.3071.109 Safari/537.36"
69.193.135.214 - - [22/Jun/2017:03:51:18 +0530] "GET /images/gtz.jpg HTTP/1.1" 200 15484 "http://www.cdmindia.gov.in/project_details_view.php?id=764" "Mozilla/5.0 (Windows NT 6.1; Win64; x64) AppleWebKit/537.36 (KHTML, like Gecko) Chrome/59.0.3071.109 Safari/537.36"
69.193.135.214 - - [22/Jun/2017:03:51:18 +0530] "GET /images/fbg.jpg HTTP/1.1" 200 325 "http://www.cdmindia.gov.in/project_details_view.php?id=764" "Mozilla/5.0 (Windows NT 6.1; Win64; x64) AppleWebKit/537.36 (KHTML, like Gecko) Chrome/59.0.3071.109 Safari/537.36"
69.193.135.214 - - [22/Jun/2017:03:51:19 +0530] "GET /favicon.ico HTTP/1.1" 200 1189 "http://www.cdmindia.gov.in/project_details_view.php?id=764" "Mozilla/5.0 (Windows NT 6.1; Win64; x64) AppleWebKit/537.36 (KHTML, like Gecko) Chrome/59.0.3071.109 Safari/537.36"
157.55.39.81 - - [22/Jun/2017:03:52:53 +0530] "GET /project_details_view_report.php?id=5 HTTP/1.1" 200 13075 "-" "Mozilla/5.0 (compatible; bingbot/2.0; +http://www.bing.com/bingbot.htm)"
69.193.135.214 - - [22/Jun/2017:03:53:40 +0530] "GET /project_details_view.php?id=764 HTTP/1.1" 200 15375 "https://www.google.com/" "Mozilla/5.0 (Windows NT 6.1; Win64; x64) AppleWebKit/537.36 (KHTML, like Gecko) Chrome/59.0.3071.109 Safari/537.36"
66.249.79.19 - - [22/Jun/2017:03:55:22 +0530] "GET /project_details_view_report.php?id=394 HTTP/1.1" 200 13146 "-" "Mozilla/5.0 (compatible; Googlebot/2.1; +http://www.google.com/bot.html)"
27.54.162.205 - - [22/Jun/2017:04:02:24 +0530] "GET /project_details_view.php?id=549 HTTP/1.1" 200 15122 "https://www.google.co.in/" "Mozilla/5.0 (Windows NT 6.1) AppleWebKit/537.36 (KHTML, like Gecko) Chrome/58.0.3029.110 Safari/537.36"
27.54.162.205 - - [22/Jun/2017:04:02:24 +0530] "GET /includes/ncdma.css HTTP/1.1" 200 13023 "http://www.cdmindia.gov.in/project_details_view.php?id=549" "Mozilla/5.0 (Windows NT 6.1) AppleWebKit/537.36 (KHTML, like Gecko) Chrome/58.0.3029.110 Safari/537.36"
27.54.162.205 - - [22/Jun/2017:04:02:24 +0530] "GET /ncdma.css HTTP/1.1" 200 12640 "http://www.cdmindia.gov.in/project_details_view.php?id=549" "Mozilla/5.0 (Windows NT 6.1) AppleWebKit/537.36 (KHTML, like Gecko) Chrome/58.0.3029.110 Safari/537.36"
27.54.162.205 - - [22/Jun/2017:04:02:24 +0530] "GET /Scripts/AC_RunActiveContent.js HTTP/1.1" 200 8321 "http://www.cdmindia.gov.in/project_details_view.php?id=549" "Mozilla/5.0 (Windows NT 6.1) AppleWebKit/537.36 (KHTML, like Gecko) Chrome/58.0.3029.110 Safari/537.36"
27.54.162.205 - - [22/Jun/2017:04:02:24 +0530] "GET /images/img2.jpg HTTP/1.1" 200 16276 "http://www.cdmindia.gov.in/project_details_view.php?id=549" "Mozilla/5.0 (Windows NT 6.1) AppleWebKit/537.36 (KHTML, like Gecko) Chrome/58.0.3029.110 Safari/537.36"
27.54.162.205 - - [22/Jun/2017:04:02:24 +0530] "GET /images/bulllet2.gif HTTP/1.1" 200 58 "http://www.cdmindia.gov.in/project_details_view.php?id=549" "Mozilla/5.0 (Windows NT 6.1) AppleWebKit/537.36 (KHTML, like Gecko) Chrome/58.0.3029.110 Safari/537.36"
27.54.162.205 - - [22/Jun/2017:04:02:24 +0530] "GET /images/bullet4.gif HTTP/1.1" 200 67 "http://www.cdmindia.gov.in/project_details_view.php?id=549" "Mozilla/5.0 (Windows NT 6.1) AppleWebKit/537.36 (KHTML, like Gecko) Chrome/58.0.3029.110 Safari/537.36"
27.54.162.205 - - [22/Jun/2017:04:02:24 +0530] "GET /images/bullet1.gif HTTP/1.1" 200 67 "http://www.cdmindia.gov.in/project_details_view.php?id=549" "Mozilla/5.0 (Windows NT 6.1) AppleWebKit/537.36 (KHTML, like Gecko) Chrome/58.0.3029.110 Safari/537.36"
27.54.162.205 - - [22/Jun/2017:04:02:24 +0530] "GET /images/spacer.gif HTTP/1.1" 200 43 "http://www.cdmindia.gov.in/project_details_view.php?id=549" "Mozilla/5.0 (Windows NT 6.1) AppleWebKit/537.36 (KHTML, like Gecko) Chrome/58.0.3029.110 Safari/537.36"
27.54.162.205 - - [22/Jun/2017:04:02:24 +0530] "GET /images/img3.jpg HTTP/1.1" 200 26957 "http://www.cdmindia.gov.in/project_details_view.php?id=549" "Mozilla/5.0 (Windows NT 6.1) AppleWebKit/537.36 (KHTML, like Gecko) Chrome/58.0.3029.110 Safari/537.36"
27.54.162.205 - - [22/Jun/2017:04:02:24 +0530] "GET /images/fdm.jpg HTTP/1.1" 200 2043 "http://www.cdmindia.gov.in/project_details_view.php?id=549" "Mozilla/5.0 (Windows NT 6.1) AppleWebKit/537.36 (KHTML, like Gecko) Chrome/58.0.3029.110 Safari/537.36"
27.54.162.205 - - [22/Jun/2017:04:02:24 +0530] "GET /images/img1.jpg HTTP/1.1" 200 1251 "http://www.cdmindia.gov.in/project_details_view.php?id=549" "Mozilla/5.0 (Windows NT 6.1) AppleWebKit/537.36 (KHTML, like Gecko) Chrome/58.0.3029.110 Safari/537.36"
27.54.162.205 - - [22/Jun/2017:04:02:24 +0530] "GET /images/gtz.jpg HTTP/1.1" 200 15484 "http://www.cdmindia.gov.in/project_details_view.php?id=549" "Mozilla/5.0 (Windows NT 6.1) AppleWebKit/537.36 (KHTML, like Gecko) Chrome/58.0.3029.110 Safari/537.36"
27.54.162.205 - - [22/Jun/2017:04:02:24 +0530] "GET /images/fbg.jpg HTTP/1.1" 200 325 "http://www.cdmindia.gov.in/project_details_view.php?id=549" "Mozilla/5.0 (Windows NT 6.1) AppleWebKit/537.36 (KHTML, like Gecko) Chrome/58.0.3029.110 Safari/537.36"
27.54.162.205 - - [22/Jun/2017:04:02:24 +0530] "GET /favicon.ico HTTP/1.1" 200 1189 "http://www.cdmindia.gov.in/project_details_view.php?id=549" "Mozilla/5.0 (Windows NT 6.1) AppleWebKit/537.36 (KHTML, like Gecko) Chrome/58.0.3029.110 Safari/537.36"
157.55.39.81 - - [22/Jun/2017:04:02:55 +0530] "GET /project_details_view.php?id=124 HTTP/1.1" 200 13849 "-" "Mozilla/5.0 (compatible; bingbot/2.0; +http://www.bing.com/bingbot.htm)"
146.148.64.128 - - [22/Jun/2017:04:03:53 +0530] "GET /robots.txt HTTP/1.1" 404 208 "-" "ltx71 - (http://ltx71.com/)"
66.249.79.15 - - [22/Jun/2017:04:06:22 +0530] "GET /project_details_view_report.php?id=1215 HTTP/1.1" 200 13633 "-" "Mozilla/5.0 (compatible; Googlebot/2.1; +http://www.google.com/bot.html)"
40.77.167.42 - - [22/Jun/2017:04:09:04 +0530] "GET /constitution.php HTTP/1.1" 200 23671 "-" "Mozilla/5.0 (compatible; bingbot/2.0; +http://www.bing.com/bingbot.htm)"
40.77.167.35 - - [22/Jun/2017:04:10:09 +0530] "GET /downloads/Carbon%20Market%20Roadmap.pdf HTTP/1.1" 200 4344697 "-" "Mozilla/5.0 (compatible; bingbot/2.0; +http://www.bing.com/bingbot.htm)"
40.77.167.42 - - [22/Jun/2017:04:12:04 +0530] "GET /capacity_building.php HTTP/1.1" 200 19188 "-" "Mozilla/5.0 (compatible; bingbot/2.0; +http://www.bing.com/bingbot.htm)"
40.77.167.35 - - [22/Jun/2017:04:12:26 +0530] "GET /future_projects.php HTTP/1.1" 302 26212 "-" "Mozilla/5.0 (compatible; bingbot/2.0; +http://www.bing.com/bingbot.htm)"
40.77.167.35 - - [22/Jun/2017:04:12:26 +0530] "GET /logout.php HTTP/1.1" 302 369 "-" "Mozilla/5.0 (compatible; bingbot/2.0; +http://www.bing.com/bingbot.htm)"
40.77.167.35 - - [22/Jun/2017:04:12:27 +0530] "GET /index.php HTTP/1.1" 200 19482 "-" "Mozilla/5.0 (compatible; bingbot/2.0; +http://www.bing.com/bingbot.htm)"
40.77.167.35 - - [22/Jun/2017:04:12:40 +0530] "GET /detail_news.php?id=20 HTTP/1.1" 302 18268 "-" "Mozilla/5.0 (compatible; bingbot/2.0; +http://www.bing.com/bingbot.htm)"
40.77.167.35 - - [22/Jun/2017:04:12:42 +0530] "GET /logout.php HTTP/1.1" 302 369 "-" "Mozilla/5.0 (compatible; bingbot/2.0; +http://www.bing.com/bingbot.htm)"
40.77.167.35 - - [22/Jun/2017:04:12:43 +0530] "GET /index.php HTTP/1.1" 200 19482 "-" "Mozilla/5.0 (compatible; bingbot/2.0; +http://www.bing.com/bingbot.htm)"
157.55.39.174 - - [22/Jun/2017:04:13:44 +0530] "GET /approval_process.php HTTP/1.1" 200 25914 "-" "Mozilla/5.0 (compatible; bingbot/2.0; +http://www.bing.com/bingbot.htm)"
146.148.64.128 - - [22/Jun/2017:04:23:33 +0530] "GET /robots.txt HTTP/1.1" 404 208 "-" "ltx71 - (http://ltx71.com/)"
146.148.64.128 - - [22/Jun/2017:04:23:57 +0530] "GET / HTTP/1.1" 200 19482 "-" "ltx71 - (http://ltx71.com/)"
146.148.64.128 - - [22/Jun/2017:04:24:07 +0530] "GET /news_more.php HTTP/1.1" 200 21063 "-" "ltx71 - (http://ltx71.com/)"
146.148.64.128 - - [22/Jun/2017:04:24:22 +0530] "GET /sitemap.php HTTP/1.1" 200 18471 "-" "ltx71 - (http://ltx71.com/)"
35.184.189.105 - - [22/Jun/2017:04:25:31 +0530] "GET /robots.txt HTTP/1.1" 404 208 "-" "ltx71 - (http://ltx71.com/)"
146.148.64.128 - - [22/Jun/2017:04:25:41 +0530] "GET /index.php HTTP/1.1" 200 19482 "-" "ltx71 - (http://ltx71.com/)"
199.30.24.234 - - [22/Jun/2017:04:26:04 +0530] "GET /images/img2.jpg HTTP/1.1" 200 16276 "-" "Mozilla/5.0 (iPhone; CPU iPhone OS 7_0 like Mac OS X) AppleWebKit/537.51.1 (KHTML, like Gecko) Version/7.0 Mobile/11A465 Safari/9537.53 BingPreview/1.0b"
199.30.24.234 - - [22/Jun/2017:04:26:06 +0530] "GET /images/img3.jpg HTTP/1.1" 200 26957 "-" "Mozilla/5.0 (iPhone; CPU iPhone OS 7_0 like Mac OS X) AppleWebKit/537.51.1 (KHTML, like Gecko) Version/7.0 Mobile/11A465 Safari/9537.53 BingPreview/1.0b"
199.30.24.234 - - [22/Jun/2017:04:26:07 +0530] "GET /images/spacer.gif HTTP/1.1" 200 43 "-" "Mozilla/5.0 (iPhone; CPU iPhone OS 7_0 like Mac OS X) AppleWebKit/537.51.1 (KHTML, like Gecko) Version/7.0 Mobile/11A465 Safari/9537.53 BingPreview/1.0b"
199.30.24.234 - - [22/Jun/2017:04:26:08 +0530] "GET /images/bullet1.gif HTTP/1.1" 200 67 "-" "Mozilla/5.0 (iPhone; CPU iPhone OS 7_0 like Mac OS X) AppleWebKit/537.51.1 (KHTML, like Gecko) Version/7.0 Mobile/11A465 Safari/9537.53 BingPreview/1.0b"
199.30.24.234 - - [22/Jun/2017:04:26:08 +0530] "GET /images/bulllet2.gif HTTP/1.1" 200 58 "-" "Mozilla/5.0 (iPhone; CPU iPhone OS 7_0 like Mac OS X) AppleWebKit/537.51.1 (KHTML, like Gecko) Version/7.0 Mobile/11A465 Safari/9537.53 BingPreview/1.0b"
199.30.24.234 - - [22/Jun/2017:04:26:09 +0530] "GET /images/img1.jpg HTTP/1.1" 200 1251 "-" "Mozilla/5.0 (iPhone; CPU iPhone OS 7_0 like Mac OS X) AppleWebKit/537.51.1 (KHTML, like Gecko) Version/7.0 Mobile/11A465 Safari/9537.53 BingPreview/1.0b"
199.30.24.234 - - [22/Jun/2017:04:26:10 +0530] "GET /images/fbg.jpg HTTP/1.1" 200 325 "-" "Mozilla/5.0 (iPhone; CPU iPhone OS 7_0 like Mac OS X) AppleWebKit/537.51.1 (KHTML, like Gecko) Version/7.0 Mobile/11A465 Safari/9537.53 BingPreview/1.0b"
146.148.64.128 - - [22/Jun/2017:04:26:28 +0530] "GET /aboutus.php HTTP/1.1" 200 19599 "-" "ltx71 - (http://ltx71.com/)"
146.148.64.128 - - [22/Jun/2017:04:29:29 +0530] "GET /robots.txt HTTP/1.1" 404 208 "-" "ltx71 - (http://ltx71.com/)"
146.148.64.128 - - [22/Jun/2017:04:30:22 +0530] "GET /registration.php HTTP/1.1" 302 28531 "-" "ltx71 - (http://ltx71.com/)"
164.132.161.29 - - [22/Jun/2017:04:38:35 +0530] "GET /detail_news.php?id=10 HTTP/1.1" 302 20221 "-" "Mozilla/5.0 (compatible; AhrefsBot/5.2; +http://ahrefs.com/robot/)"
68.180.228.167 - - [22/Jun/2017:04:39:01 +0530] "GET /project_details_view.php?id=1766&oid=3&page=1&reporttype=1 HTTP/1.1" 200 14032 "-" "Mozilla/5.0 (compatible; Yahoo! Slurp; http://help.yahoo.com/help/us/ysearch/slurp)"
66.249.79.93 - - [22/Jun/2017:04:41:50 +0530] "GET / HTTP/1.1" 200 19482 "-" "Mozilla/5.0 (compatible; Googlebot/2.1; +http://www.google.com/bot.html)"
35.184.189.105 - - [22/Jun/2017:04:43:14 +0530] "GET /robots.txt HTTP/1.1" 404 208 "-" "ltx71 - (http://ltx71.com/)"
146.148.64.128 - - [22/Jun/2017:04:43:28 +0530] "GET /robots.txt HTTP/1.1" 404 208 "-" "ltx71 - (http://ltx71.com/)"
157.55.39.174 - - [22/Jun/2017:04:43:48 +0530] "GET /project_details_view.php?id=246 HTTP/1.1" 200 14771 "-" "Mozilla/5.0 (compatible; bingbot/2.0; +http://www.bing.com/bingbot.htm)"
146.148.64.128 - - [22/Jun/2017:04:46:05 +0530] "GET /robots.txt HTTP/1.1" 404 208 "-" "ltx71 - (http://ltx71.com/)"
66.249.79.91 - - [22/Jun/2017:04:46:59 +0530] "GET / HTTP/1.1" 200 19482 "-" "Mozilla/5.0 (Linux; Android 6.0.1; Nexus 5X Build/MMB29P) AppleWebKit/537.36 (KHTML, like Gecko) Chrome/41.0.2272.96 Mobile Safari/537.36 (compatible; Googlebot/2.1; +http://www.google.com/bot.html)"
146.148.64.128 - - [22/Jun/2017:04:48:49 +0530] "GET /robots.txt HTTP/1.1" 404 208 "-" "ltx71 - (http://ltx71.com/)"
35.184.189.105 - - [22/Jun/2017:04:49:58 +0530] "GET /robots.txt HTTP/1.1" 404 208 "-" "ltx71 - (http://ltx71.com/)"
157.55.39.81 - - [22/Jun/2017:04:57:42 +0530] "GET /project_details_view_report.php?id=831 HTTP/1.1" 200 13176 "-" "Mozilla/5.0 (compatible; bingbot/2.0; +http://www.bing.com/bingbot.htm)"
40.77.167.35 - - [22/Jun/2017:05:01:15 +0530] "GET /detail_news.php?id=20 HTTP/1.1" 302 18268 "-" "Mozilla/5.0 (compatible; bingbot/2.0; +http://www.bing.com/bingbot.htm)"
40.77.167.35 - - [22/Jun/2017:05:01:16 +0530] "GET /logout.php HTTP/1.1" 302 369 "-" "Mozilla/5.0 (compatible; bingbot/2.0; +http://www.bing.com/bingbot.htm)"
40.77.167.35 - - [22/Jun/2017:05:01:17 +0530] "GET /index.php HTTP/1.1" 200 19482 "-" "Mozilla/5.0 (compatible; bingbot/2.0; +http://www.bing.com/bingbot.htm)"
157.55.39.81 - - [22/Jun/2017:05:04:20 +0530] "GET /project_details_view_report.php?id=982 HTTP/1.1" 200 13123 "-" "Mozilla/5.0 (compatible; bingbot/2.0; +http://www.bing.com/bingbot.htm)"
104.131.147.112 - - [22/Jun/2017:05:06:15 +0530] "GET / HTTP/1.1" 200 19482 "-" "Mozilla/5.0 (compatible; Gluten Free Crawler/1.0; +http://glutenfreepleasure.com/)"
146.148.64.128 - - [22/Jun/2017:05:06:25 +0530] "GET /robots.txt HTTP/1.1" 404 208 "-" "ltx71 - (http://ltx71.com/)"
40.77.167.35 - - [22/Jun/2017:05:07:01 +0530] "GET /project_details_view.php?id=1190 HTTP/1.1" 200 15468 "-" "Mozilla/5.0 (compatible; bingbot/2.0; +http://www.bing.com/bingbot.htm)"
66.249.79.17 - - [22/Jun/2017:05:07:10 +0530] "GET /project_details_view.php?id=81 HTTP/1.1" 200 14577 "-" "Mozilla/5.0 (compatible; Googlebot/2.1; +http://www.google.com/bot.html)"
146.148.64.128 - - [22/Jun/2017:05:07:15 +0530] "GET / HTTP/1.1" 200 19482 "-" "ltx71 - (http://ltx71.com/)"
40.77.167.35 - - [22/Jun/2017:05:10:21 +0530] "GET /downloads/Carbon%20Market%20Roadmap.pdf HTTP/1.1" 200 4344697 "-" "Mozilla/5.0 (compatible; bingbot/2.0; +http://www.bing.com/bingbot.htm)"
91.92.128.173 - - [22/Jun/2017:05:10:28 +0530] "GET /detail_news.php?id=3'A=0 HTTP/1.1" 200 11732 "http://www.cdmindia.gov.in/detail_news.php?id=3'A=0" "Mozilla/5.0 (Windows; U; Windows NT 5.1; pt-PT; rv:1.9.1.2) Gecko/20090729 Firefox/3.5.2 (.NET CLR 3.5.30729)"
66.249.79.17 - - [22/Jun/2017:05:11:08 +0530] "GET /project_details_view_report.php?id=811 HTTP/1.1" 200 13126 "-" "Mozilla/5.0 (compatible; Googlebot/2.1; +http://www.google.com/bot.html)"
35.184.189.105 - - [22/Jun/2017:05:11:38 +0530] "GET /robots.txt HTTP/1.1" 404 208 "-" "ltx71 - (http://ltx71.com/)"
146.148.64.128 - - [22/Jun/2017:05:16:16 +0530] "GET /robots.txt HTTP/1.1" 404 208 "-" "ltx71 - (http://ltx71.com/)"
146.148.64.128 - - [22/Jun/2017:05:18:07 +0530] "GET /news_more.php HTTP/1.1" 200 21063 "-" "ltx71 - (http://ltx71.com/)"
157.55.39.81 - - [22/Jun/2017:05:18:47 +0530] "GET /project_details_view.php?id=303 HTTP/1.1" 200 14281 "-" "Mozilla/5.0 (compatible; bingbot/2.0; +http://www.bing.com/bingbot.htm)"
146.148.64.128 - - [22/Jun/2017:05:19:45 +0530] "GET /sitemap.php HTTP/1.1" 200 18471 "-" "ltx71 - (http://ltx71.com/)"
146.148.64.128 - - [22/Jun/2017:05:20:39 +0530] "GET /robots.txt HTTP/1.1" 404 208 "-" "ltx71 - (http://ltx71.com/)"
146.148.64.128 - - [22/Jun/2017:05:21:19 +0530] "GET / HTTP/1.1" 200 19482 "-" "ltx71 - (http://ltx71.com/)"
40.77.167.35 - - [22/Jun/2017:05:24:04 +0530] "GET /project_details_view_report.php?id=407 HTTP/1.1" 200 13180 "-" "Mozilla/5.0 (compatible; bingbot/2.0; +http://www.bing.com/bingbot.htm)"
157.55.39.81 - - [22/Jun/2017:05:25:47 +0530] "GET /project_details_view_report.php?id=969 HTTP/1.1" 200 13105 "-" "Mozilla/5.0 (compatible; bingbot/2.0; +http://www.bing.com/bingbot.htm)"
117.206.135.203 - - [22/Jun/2017:05:26:12 +0530] "GET /project_details_view_report.php?id=1462 HTTP/1.1" 200 13185 "https://www.google.co.in/" "Mozilla/5.0 (Windows NT 10.0; Win64; x64) AppleWebKit/537.36 (KHTML, like Gecko) Chrome/58.0.3029.110 Safari/537.36"
117.206.135.203 - - [22/Jun/2017:05:26:13 +0530] "GET /includes/ncdma.css HTTP/1.1" 200 13023 "http://www.cdmindia.gov.in/project_details_view_report.php?id=1462" "Mozilla/5.0 (Windows NT 10.0; Win64; x64) AppleWebKit/537.36 (KHTML, like Gecko) Chrome/58.0.3029.110 Safari/537.36"
117.206.135.203 - - [22/Jun/2017:05:26:13 +0530] "GET /ncdma.css HTTP/1.1" 200 12640 "http://www.cdmindia.gov.in/project_details_view_report.php?id=1462" "Mozilla/5.0 (Windows NT 10.0; Win64; x64) AppleWebKit/537.36 (KHTML, like Gecko) Chrome/58.0.3029.110 Safari/537.36"
117.206.135.203 - - [22/Jun/2017:05:26:13 +0530] "GET /Scripts/AC_RunActiveContent.js HTTP/1.1" 200 8321 "http://www.cdmindia.gov.in/project_details_view_report.php?id=1462" "Mozilla/5.0 (Windows NT 10.0; Win64; x64) AppleWebKit/537.36 (KHTML, like Gecko) Chrome/58.0.3029.110 Safari/537.36"
117.206.135.203 - - [22/Jun/2017:05:26:14 +0530] "GET /images/img1.jpg HTTP/1.1" 200 1251 "http://www.cdmindia.gov.in/project_details_view_report.php?id=1462" "Mozilla/5.0 (Windows NT 10.0; Win64; x64) AppleWebKit/537.36 (KHTML, like Gecko) Chrome/58.0.3029.110 Safari/537.36"
117.206.135.203 - - [22/Jun/2017:05:26:14 +0530] "GET /images/img2.jpg HTTP/1.1" 200 16276 "http://www.cdmindia.gov.in/project_details_view_report.php?id=1462" "Mozilla/5.0 (Windows NT 10.0; Win64; x64) AppleWebKit/537.36 (KHTML, like Gecko) Chrome/58.0.3029.110 Safari/537.36"
117.206.135.203 - - [22/Jun/2017:05:26:14 +0530] "GET /images/spacer.gif HTTP/1.1" 200 43 "http://www.cdmindia.gov.in/project_details_view_report.php?id=1462" "Mozilla/5.0 (Windows NT 10.0; Win64; x64) AppleWebKit/537.36 (KHTML, like Gecko) Chrome/58.0.3029.110 Safari/537.36"
