202.46.56.201 - - [11/Jun/2017:01:24:04 +0530] "GET /project_details_view.php?id=488 HTTP/1.1" 200 14892 "-" "Mozilla/5.0 (Windows NT 10.0; WOW64) AppleWebKit/537.36 (KHTML, like Gecko) Chrome/45.0.2454.93 Safari/537.36"
178.154.200.68 - - [11/Jun/2017:01:28:18 +0530] "GET /project_details_view_report.php?id=1099 HTTP/1.1" 200 13105 "-" "Mozilla/5.0 (compatible; YandexBot/3.0; +http://yandex.com/bots)"
64.233.173.138 - - [11/Jun/2017:01:35:12 +0530] "GET /project_details_view_report.php?id=830 HTTP/1.1" 200 13183 "android-app://com.google.android.googlequicksearchbox" "Mozilla/5.0 (Linux; Android 6.0; Aura Note 4G Build/MRA58K) AppleWebKit/537.36 (KHTML, like Gecko) Chrome/54.0.2840.85 Mobile Safari/537.36"
64.233.173.138 - - [11/Jun/2017:01:35:12 +0530] "GET /includes/ncdma.css HTTP/1.1" 200 13023 "http://www.cdmindia.gov.in/project_details_view_report.php?id=830" "Mozilla/5.0 (Linux; Android 6.0; Aura Note 4G Build/MRA58K) AppleWebKit/537.36 (KHTML, like Gecko) Chrome/54.0.2840.85 Mobile Safari/537.36"
64.233.173.138 - - [11/Jun/2017:01:35:12 +0530] "GET /images/fdm.jpg HTTP/1.1" 200 2043 "http://www.cdmindia.gov.in/project_details_view_report.php?id=830" "Mozilla/5.0 (Linux; Android 6.0; Aura Note 4G Build/MRA58K) AppleWebKit/537.36 (KHTML, like Gecko) Chrome/54.0.2840.85 Mobile Safari/537.36"
64.233.173.136 - - [11/Jun/2017:01:35:12 +0530] "GET /images/bullet4.gif HTTP/1.1" 200 67 "http://www.cdmindia.gov.in/project_details_view_report.php?id=830" "Mozilla/5.0 (Linux; Android 6.0; Aura Note 4G Build/MRA58K) AppleWebKit/537.36 (KHTML, like Gecko) Chrome/54.0.2840.85 Mobile Safari/537.36"
64.233.173.136 - - [11/Jun/2017:01:35:12 +0530] "GET /images/spacer.gif HTTP/1.1" 200 43 "http://www.cdmindia.gov.in/project_details_view_report.php?id=830" "Mozilla/5.0 (Linux; Android 6.0; Aura Note 4G Build/MRA58K) AppleWebKit/537.36 (KHTML, like Gecko) Chrome/54.0.2840.85 Mobile Safari/537.36"
64.233.173.136 - - [11/Jun/2017:01:35:12 +0530] "GET /images/gtz.jpg HTTP/1.1" 200 15484 "http://www.cdmindia.gov.in/project_details_view_report.php?id=830" "Mozilla/5.0 (Linux; Android 6.0; Aura Note 4G Build/MRA58K) AppleWebKit/537.36 (KHTML, like Gecko) Chrome/54.0.2840.85 Mobile Safari/537.36"
64.233.173.136 - - [11/Jun/2017:01:35:12 +0530] "GET /Scripts/AC_RunActiveContent.js HTTP/1.1" 200 8321 "http://www.cdmindia.gov.in/project_details_view_report.php?id=830" "Mozilla/5.0 (Linux; Android 6.0; Aura Note 4G Build/MRA58K) AppleWebKit/537.36 (KHTML, like Gecko) Chrome/54.0.2840.85 Mobile Safari/537.36"
64.233.173.138 - - [11/Jun/2017:01:35:12 +0530] "GET /images/bulllet2.gif HTTP/1.1" 200 58 "http://www.cdmindia.gov.in/project_details_view_report.php?id=830" "Mozilla/5.0 (Linux; Android 6.0; Aura Note 4G Build/MRA58K) AppleWebKit/537.36 (KHTML, like Gecko) Chrome/54.0.2840.85 Mobile Safari/537.36"
64.233.173.138 - - [11/Jun/2017:01:35:12 +0530] "GET /images/bullet1.gif HTTP/1.1" 200 67 "http://www.cdmindia.gov.in/project_details_view_report.php?id=830" "Mozilla/5.0 (Linux; Android 6.0; Aura Note 4G Build/MRA58K) AppleWebKit/537.36 (KHTML, like Gecko) Chrome/54.0.2840.85 Mobile Safari/537.36"
64.233.173.138 - - [11/Jun/2017:01:35:12 +0530] "GET /images/img3.jpg HTTP/1.1" 200 26957 "http://www.cdmindia.gov.in/project_details_view_report.php?id=830" "Mozilla/5.0 (Linux; Android 6.0; Aura Note 4G Build/MRA58K) AppleWebKit/537.36 (KHTML, like Gecko) Chrome/54.0.2840.85 Mobile Safari/537.36"
64.233.173.137 - - [11/Jun/2017:01:35:12 +0530] "GET /images/img2.jpg HTTP/1.1" 200 16276 "http://www.cdmindia.gov.in/project_details_view_report.php?id=830" "Mozilla/5.0 (Linux; Android 6.0; Aura Note 4G Build/MRA58K) AppleWebKit/537.36 (KHTML, like Gecko) Chrome/54.0.2840.85 Mobile Safari/537.36"
64.233.173.138 - - [11/Jun/2017:01:35:12 +0530] "GET /ncdma.css HTTP/1.1" 200 12640 "http://www.cdmindia.gov.in/project_details_view_report.php?id=830" "Mozilla/5.0 (Linux; Android 6.0; Aura Note 4G Build/MRA58K) AppleWebKit/537.36 (KHTML, like Gecko) Chrome/54.0.2840.85 Mobile Safari/537.36"
64.233.173.138 - - [11/Jun/2017:01:35:13 +0530] "GET /images/fbg.jpg HTTP/1.1" 200 325 "http://www.cdmindia.gov.in/project_details_view_report.php?id=830" "Mozilla/5.0 (Linux; Android 6.0; Aura Note 4G Build/MRA58K) AppleWebKit/537.36 (KHTML, like Gecko) Chrome/54.0.2840.85 Mobile Safari/537.36"
64.233.173.138 - - [11/Jun/2017:01:35:13 +0530] "GET /images/img1.jpg HTTP/1.1" 200 1251 "http://www.cdmindia.gov.in/project_details_view_report.php?id=830" "Mozilla/5.0 (Linux; Android 6.0; Aura Note 4G Build/MRA58K) AppleWebKit/537.36 (KHTML, like Gecko) Chrome/54.0.2840.85 Mobile Safari/537.36"
64.233.173.137 - - [11/Jun/2017:01:35:13 +0530] "GET /favicon.ico HTTP/1.1" 200 1189 "http://www.cdmindia.gov.in/project_details_view_report.php?id=830" "Mozilla/5.0 (Linux; Android 6.0; Aura Note 4G Build/MRA58K) AppleWebKit/537.36 (KHTML, like Gecko) Chrome/54.0.2840.85 Mobile Safari/537.36"
64.233.173.138 - - [11/Jun/2017:01:35:20 +0530] "GET /project_details_view_report.php?id=830 HTTP/1.1" 200 13183 "android-app://com.google.android.googlequicksearchbox" "Mozilla/5.0 (Linux; Android 6.0; Aura Note 4G Build/MRA58K) AppleWebKit/537.36 (KHTML, like Gecko) Chrome/54.0.2840.85 Mobile Safari/537.36"
64.233.173.137 - - [11/Jun/2017:01:35:21 +0530] "GET /favicon.ico HTTP/1.1" 200 1189 "http://www.cdmindia.gov.in/project_details_view_report.php?id=830" "Mozilla/5.0 (Linux; Android 6.0; Aura Note 4G Build/MRA58K) AppleWebKit/537.36 (KHTML, like Gecko) Chrome/54.0.2840.85 Mobile Safari/537.36"
64.233.173.138 - - [11/Jun/2017:01:37:08 +0530] "GET /aboutus.php HTTP/1.1" 200 19597 "https://www.google.co.in/" "Mozilla/5.0 (Linux; Android 7.0; Moto G (4) Build/NPJS25.93-14-4) AppleWebKit/537.36 (KHTML, like Gecko) Chrome/58.0.3029.83 Mobile Safari/537.36"
64.233.173.136 - - [11/Jun/2017:01:37:08 +0530] "GET /images/bullet4.gif HTTP/1.1" 200 67 "http://www.cdmindia.gov.in/aboutus.php" "Mozilla/5.0 (Linux; Android 7.0; Moto G (4) Build/NPJS25.93-14-4) AppleWebKit/537.36 (KHTML, like Gecko) Chrome/58.0.3029.83 Mobile Safari/537.36"
64.233.173.136 - - [11/Jun/2017:01:37:08 +0530] "GET /images/fdm.jpg HTTP/1.1" 200 2043 "http://www.cdmindia.gov.in/aboutus.php" "Mozilla/5.0 (Linux; Android 7.0; Moto G (4) Build/NPJS25.93-14-4) AppleWebKit/537.36 (KHTML, like Gecko) Chrome/58.0.3029.83 Mobile Safari/537.36"
64.233.173.137 - - [11/Jun/2017:01:37:08 +0530] "GET /images/bulllet2.gif HTTP/1.1" 200 58 "http://www.cdmindia.gov.in/aboutus.php" "Mozilla/5.0 (Linux; Android 7.0; Moto G (4) Build/NPJS25.93-14-4) AppleWebKit/537.36 (KHTML, like Gecko) Chrome/58.0.3029.83 Mobile Safari/537.36"
64.233.173.136 - - [11/Jun/2017:01:37:08 +0530] "GET /images/bullet1.gif HTTP/1.1" 200 67 "http://www.cdmindia.gov.in/aboutus.php" "Mozilla/5.0 (Linux; Android 7.0; Moto G (4) Build/NPJS25.93-14-4) AppleWebKit/537.36 (KHTML, like Gecko) Chrome/58.0.3029.83 Mobile Safari/537.36"
64.233.173.137 - - [11/Jun/2017:01:37:08 +0530] "GET /images/login.jpg HTTP/1.1" 200 1044 "http://www.cdmindia.gov.in/aboutus.php" "Mozilla/5.0 (Linux; Android 7.0; Moto G (4) Build/NPJS25.93-14-4) AppleWebKit/537.36 (KHTML, like Gecko) Chrome/58.0.3029.83 Mobile Safari/537.36"
64.233.173.136 - - [11/Jun/2017:01:37:08 +0530] "GET /images/h_aboutus.jpg HTTP/1.1" 200 21693 "http://www.cdmindia.gov.in/aboutus.php" "Mozilla/5.0 (Linux; Android 7.0; Moto G (4) Build/NPJS25.93-14-4) AppleWebKit/537.36 (KHTML, like Gecko) Chrome/58.0.3029.83 Mobile Safari/537.36"
64.233.173.138 - - [11/Jun/2017:01:37:08 +0530] "GET /images/spacer.gif HTTP/1.1" 200 43 "http://www.cdmindia.gov.in/aboutus.php" "Mozilla/5.0 (Linux; Android 7.0; Moto G (4) Build/NPJS25.93-14-4) AppleWebKit/537.36 (KHTML, like Gecko) Chrome/58.0.3029.83 Mobile Safari/537.36"
64.233.173.138 - - [11/Jun/2017:01:37:08 +0530] "GET /images/img2.jpg HTTP/1.1" 200 16276 "http://www.cdmindia.gov.in/aboutus.php" "Mozilla/5.0 (Linux; Android 7.0; Moto G (4) Build/NPJS25.93-14-4) AppleWebKit/537.36 (KHTML, like Gecko) Chrome/58.0.3029.83 Mobile Safari/537.36"
64.233.173.138 - - [11/Jun/2017:01:37:08 +0530] "GET /images/gtz.jpg HTTP/1.1" 200 15484 "http://www.cdmindia.gov.in/aboutus.php" "Mozilla/5.0 (Linux; Android 7.0; Moto G (4) Build/NPJS25.93-14-4) AppleWebKit/537.36 (KHTML, like Gecko) Chrome/58.0.3029.83 Mobile Safari/537.36"
64.233.173.136 - - [11/Jun/2017:01:37:08 +0530] "GET /images/img3.jpg HTTP/1.1" 200 26957 "http://www.cdmindia.gov.in/aboutus.php" "Mozilla/5.0 (Linux; Android 7.0; Moto G (4) Build/NPJS25.93-14-4) AppleWebKit/537.36 (KHTML, like Gecko) Chrome/58.0.3029.83 Mobile Safari/537.36"
64.233.173.138 - - [11/Jun/2017:01:37:08 +0530] "GET /images/fe.jpg HTTP/1.1" 200 1429 "http://www.cdmindia.gov.in/aboutus.php" "Mozilla/5.0 (Linux; Android 7.0; Moto G (4) Build/NPJS25.93-14-4) AppleWebKit/537.36 (KHTML, like Gecko) Chrome/58.0.3029.83 Mobile Safari/537.36"
64.233.173.137 - - [11/Jun/2017:01:37:08 +0530] "GET /images/bullet3.gif HTTP/1.1" 200 58 "http://www.cdmindia.gov.in/aboutus.php" "Mozilla/5.0 (Linux; Android 7.0; Moto G (4) Build/NPJS25.93-14-4) AppleWebKit/537.36 (KHTML, like Gecko) Chrome/58.0.3029.83 Mobile Safari/537.36"
64.233.173.137 - - [11/Jun/2017:01:37:08 +0530] "GET /Scripts/AC_RunActiveContent.js HTTP/1.1" 200 8321 "http://www.cdmindia.gov.in/aboutus.php" "Mozilla/5.0 (Linux; Android 7.0; Moto G (4) Build/NPJS25.93-14-4) AppleWebKit/537.36 (KHTML, like Gecko) Chrome/58.0.3029.83 Mobile Safari/537.36"
64.233.173.136 - - [11/Jun/2017:01:37:08 +0530] "GET /images/login1.jpg HTTP/1.1" 200 618 "http://www.cdmindia.gov.in/aboutus.php" "Mozilla/5.0 (Linux; Android 7.0; Moto G (4) Build/NPJS25.93-14-4) AppleWebKit/537.36 (KHTML, like Gecko) Chrome/58.0.3029.83 Mobile Safari/537.36"
64.233.173.137 - - [11/Jun/2017:01:37:08 +0530] "GET /ncdma.css HTTP/1.1" 200 12640 "http://www.cdmindia.gov.in/aboutus.php" "Mozilla/5.0 (Linux; Android 7.0; Moto G (4) Build/NPJS25.93-14-4) AppleWebKit/537.36 (KHTML, like Gecko) Chrome/58.0.3029.83 Mobile Safari/537.36"
64.233.173.136 - - [11/Jun/2017:01:37:08 +0530] "GET /includes/ncdma.css HTTP/1.1" 200 13023 "http://www.cdmindia.gov.in/aboutus.php" "Mozilla/5.0 (Linux; Android 7.0; Moto G (4) Build/NPJS25.93-14-4) AppleWebKit/537.36 (KHTML, like Gecko) Chrome/58.0.3029.83 Mobile Safari/537.36"
64.233.173.138 - - [11/Jun/2017:01:37:09 +0530] "GET /images/img1.jpg HTTP/1.1" 200 1251 "http://www.cdmindia.gov.in/aboutus.php" "Mozilla/5.0 (Linux; Android 7.0; Moto G (4) Build/NPJS25.93-14-4) AppleWebKit/537.36 (KHTML, like Gecko) Chrome/58.0.3029.83 Mobile Safari/537.36"
64.233.173.138 - - [11/Jun/2017:01:37:09 +0530] "GET /images/fbg.jpg HTTP/1.1" 200 325 "http://www.cdmindia.gov.in/aboutus.php" "Mozilla/5.0 (Linux; Android 7.0; Moto G (4) Build/NPJS25.93-14-4) AppleWebKit/537.36 (KHTML, like Gecko) Chrome/58.0.3029.83 Mobile Safari/537.36"
64.233.173.137 - - [11/Jun/2017:01:37:09 +0530] "GET /favicon.ico HTTP/1.1" 200 1189 "http://www.cdmindia.gov.in/aboutus.php" "Mozilla/5.0 (Linux; Android 7.0; Moto G (4) Build/NPJS25.93-14-4) AppleWebKit/537.36 (KHTML, like Gecko) Chrome/58.0.3029.83 Mobile Safari/537.36"
64.233.173.137 - - [11/Jun/2017:01:37:25 +0530] "GET /constitution.php HTTP/1.1" 200 23669 "http://www.cdmindia.gov.in/aboutus.php" "Mozilla/5.0 (Linux; Android 7.0; Moto G (4) Build/NPJS25.93-14-4) AppleWebKit/537.36 (KHTML, like Gecko) Chrome/58.0.3029.83 Mobile Safari/537.36"
64.233.173.136 - - [11/Jun/2017:01:37:25 +0530] "GET /js/index_validations.js HTTP/1.1" 200 3143 "http://www.cdmindia.gov.in/constitution.php" "Mozilla/5.0 (Linux; Android 7.0; Moto G (4) Build/NPJS25.93-14-4) AppleWebKit/537.36 (KHTML, like Gecko) Chrome/58.0.3029.83 Mobile Safari/537.36"
64.233.173.136 - - [11/Jun/2017:01:37:25 +0530] "GET /images/h_cons.jpg HTTP/1.1" 200 21924 "http://www.cdmindia.gov.in/constitution.php" "Mozilla/5.0 (Linux; Android 7.0; Moto G (4) Build/NPJS25.93-14-4) AppleWebKit/537.36 (KHTML, like Gecko) Chrome/58.0.3029.83 Mobile Safari/537.36"
202.46.55.121 - - [11/Jun/2017:01:42:00 +0530] "GET /project_details_view.php?id=58 HTTP/1.1" 200 14550 "-" "Mozilla/5.0 (Windows NT 10.0; WOW64) AppleWebKit/537.36 (KHTML, like Gecko) Chrome/45.0.2454.93 Safari/537.36"
52.24.179.122 - - [11/Jun/2017:01:44:19 +0530] "GET /robots.txt HTTP/1.1" 404 208 "-" "Mozilla/5.0 (compatible; DomainAppender /1.0; +http://www.profound.net/domainappender)"
52.24.179.122 - - [11/Jun/2017:01:44:20 +0530] "GET /robots.txt HTTP/1.1" 404 208 "-" "Mozilla/5.0 (compatible; DomainAppender /1.0; +http://www.profound.net/domainappender)"
52.24.179.122 - - [11/Jun/2017:01:44:45 +0530] "GET / HTTP/1.1" 200 19480 "-" "Mozilla/5.0 (compatible; DomainAppender /1.0; +http://www.profound.net/domainappender)"
40.77.167.85 - - [11/Jun/2017:01:45:07 +0530] "GET /project_details_view.php?id=1596 HTTP/1.1" 200 14851 "-" "Mozilla/5.0 (compatible; bingbot/2.0; +http://www.bing.com/bingbot.htm)"
52.24.179.122 - - [11/Jun/2017:01:45:11 +0530] "GET /registration.php HTTP/1.1" 302 28529 "-" "Mozilla/5.0 (compatible; DomainAppender /1.0; +http://www.profound.net/domainappender)"
52.24.179.122 - - [11/Jun/2017:01:45:12 +0530] "GET /logout.php HTTP/1.1" 302 369 "-" "Mozilla/5.0 (compatible; DomainAppender /1.0; +http://www.profound.net/domainappender)"
52.24.179.122 - - [11/Jun/2017:01:45:13 +0530] "GET /index.php HTTP/1.1" 200 19480 "-" "Mozilla/5.0 (compatible; DomainAppender /1.0; +http://www.profound.net/domainappender)"
52.24.179.122 - - [11/Jun/2017:01:45:13 +0530] "GET /aboutus.php HTTP/1.1" 200 19597 "-" "Mozilla/5.0 (compatible; DomainAppender /1.0; +http://www.profound.net/domainappender)"
52.24.179.122 - - [11/Jun/2017:01:45:17 +0530] "GET /contactus.php HTTP/1.1" 200 18292 "-" "Mozilla/5.0 (compatible; DomainAppender /1.0; +http://www.profound.net/domainappender)"
52.24.179.122 - - [11/Jun/2017:01:45:19 +0530] "GET /approval_process.php HTTP/1.1" 200 25912 "-" "Mozilla/5.0 (compatible; DomainAppender /1.0; +http://www.profound.net/domainappender)"
35.184.189.105 - - [11/Jun/2017:01:46:58 +0530] "GET /robots.txt HTTP/1.1" 404 208 "-" "ltx71 - (http://ltx71.com/)"
40.77.167.85 - - [11/Jun/2017:01:51:34 +0530] "GET /project_details_view_report.php?id=1443 HTTP/1.1" 200 13179 "-" "Mozilla/5.0 (iPhone; CPU iPhone OS 7_0 like Mac OS X) AppleWebKit/537.51.1 (KHTML, like Gecko) Version/7.0 Mobile/11A465 Safari/9537.53 (compatible; bingbot/2.0; +http://www.bing.com/bingbot.htm)"
66.249.79.129 - - [11/Jun/2017:01:59:43 +0530] "GET /robots.txt HTTP/1.1" 404 208 "-" "Mozilla/5.0 (compatible; Googlebot/2.1; +http://www.google.com/bot.html)"
66.249.79.131 - - [11/Jun/2017:01:59:43 +0530] "GET / HTTP/1.1" 200 19480 "-" "Mozilla/5.0 (Linux; Android 6.0.1; Nexus 5X Build/MMB29P) AppleWebKit/537.36 (KHTML, like Gecko) Chrome/41.0.2272.96 Mobile Safari/537.36 (compatible; Googlebot/2.1; +http://www.google.com/bot.html)"
202.46.48.196 - - [11/Jun/2017:01:59:56 +0530] "GET /project_details_view_report.php?id=112 HTTP/1.1" 200 13142 "-" "Mozilla/5.0 (Windows NT 10.0; WOW64) AppleWebKit/537.36 (KHTML, like Gecko) Chrome/45.0.2454.93 Safari/537.36"
35.184.189.105 - - [11/Jun/2017:02:02:11 +0530] "GET /robots.txt HTTP/1.1" 404 208 "-" "ltx71 - (http://ltx71.com/)"
157.55.39.165 - - [11/Jun/2017:02:03:37 +0530] "GET /project_details_view.php?id=595 HTTP/1.1" 200 13884 "-" "Mozilla/5.0 (compatible; bingbot/2.0; +http://www.bing.com/bingbot.htm)"
35.184.189.105 - - [11/Jun/2017:02:03:58 +0530] "GET /approval_process.php HTTP/1.1" 200 25912 "-" "ltx71 - (http://ltx71.com/)"
157.55.39.165 - - [11/Jun/2017:02:05:58 +0530] "GET /project_details_view.php?id=300 HTTP/1.1" 200 15220 "-" "Mozilla/5.0 (iPhone; CPU iPhone OS 7_0 like Mac OS X) AppleWebKit/537.51.1 (KHTML, like Gecko) Version/7.0 Mobile/11A465 Safari/9537.53 (compatible; bingbot/2.0; +http://www.bing.com/bingbot.htm)"
66.249.79.133 - - [11/Jun/2017:02:07:17 +0530] "GET /reports_list_details.php?id=fnxntyvmlpku&reporttype=&page=128 HTTP/1.1" 200 21793 "-" "Mozilla/5.0 (compatible; Googlebot/2.1; +http://www.google.com/bot.html)"
35.184.189.105 - - [11/Jun/2017:02:07:49 +0530] "GET /robots.txt HTTP/1.1" 404 208 "-" "ltx71 - (http://ltx71.com/)"
35.184.189.105 - - [11/Jun/2017:02:08:29 +0530] "GET /view_past_events.php HTTP/1.1" 200 18854 "-" "ltx71 - (http://ltx71.com/)"
66.249.79.93 - - [11/Jun/2017:02:09:44 +0530] "GET / HTTP/1.1" 200 19480 "-" "Mozilla/5.0 (compatible; Googlebot/2.1; +http://www.google.com/bot.html)"
35.184.189.105 - - [11/Jun/2017:02:15:06 +0530] "GET /robots.txt HTTP/1.1" 404 208 "-" "ltx71 - (http://ltx71.com/)"
202.46.52.15 - - [11/Jun/2017:02:17:52 +0530] "GET /reports_list_details.php?id=pnjuzahme&reporttype=&page=259 HTTP/1.1" 200 22265 "-" "Mozilla/5.0 (Windows NT 10.0; WOW64) AppleWebKit/537.36 (KHTML, like Gecko) Chrome/45.0.2454.93 Safari/537.36"
66.249.79.133 - - [11/Jun/2017:02:25:03 +0530] "GET /project_details_view.php?id=745&oid=1&page=51&reporttype=1 HTTP/1.1" 200 14213 "-" "Mozilla/5.0 (compatible; Googlebot/2.1; +http://www.google.com/bot.html)"
195.154.252.41 - - [11/Jun/2017:02:35:17 +0530] "GET /approval_process.php HTTP/1.0" 200 25912 "http://cdmindia.gov.in/approval_process.php" "Mozilla/5.0 (Windows NT 6.2; Win64; x64) AppleWebKit/537.36 (KHTML, like Gecko) Chrome/57.0.2987.133 Safari/537.36"
195.154.252.41 - - [11/Jun/2017:02:35:18 +0530] "GET /registration.php HTTP/1.0" 200 28529 "http://cdmindia.gov.in/registration.php" "Mozilla/5.0 (Windows NT 6.2; Win64; x64) AppleWebKit/537.36 (KHTML, like Gecko) Chrome/57.0.2987.133 Safari/537.36"
195.154.252.41 - - [11/Jun/2017:02:35:18 +0530] "GET /registration.php HTTP/1.0" 200 28529 "http://cdmindia.gov.in/registration.php" "Mozilla/5.0 (Windows NT 6.2; Win64; x64) AppleWebKit/537.36 (KHTML, like Gecko) Chrome/57.0.2987.133 Safari/537.36"
195.154.252.41 - - [11/Jun/2017:02:35:19 +0530] "GET /registration.php HTTP/1.0" 200 28529 "http://cdmindia.gov.in/registration.php" "Mozilla/5.0 (Windows NT 6.2; Win64; x64) AppleWebKit/537.36 (KHTML, like Gecko) Chrome/57.0.2987.133 Safari/537.36"
195.154.252.41 - - [11/Jun/2017:02:35:19 +0530] "GET /registration.php HTTP/1.0" 200 28529 "http://cdmindia.gov.in/registration.php" "Mozilla/5.0 (Windows NT 6.2; Win64; x64) AppleWebKit/537.36 (KHTML, like Gecko) Chrome/57.0.2987.133 Safari/537.36"
202.46.55.137 - - [11/Jun/2017:02:35:48 +0530] "GET /project_details_view.php?id=862 HTTP/1.1" 200 16017 "-" "Mozilla/5.0 (Windows NT 10.0; WOW64) AppleWebKit/537.36 (KHTML, like Gecko) Chrome/45.0.2454.93 Safari/537.36"
157.55.39.98 - - [11/Jun/2017:02:37:04 +0530] "GET /admin/ HTTP/1.1" 200 6168 "-" "Mozilla/5.0 (iPhone; CPU iPhone OS 7_0 like Mac OS X) AppleWebKit/537.51.1 (KHTML, like Gecko) Version/7.0 Mobile/11A465 Safari/9537.53 (compatible; bingbot/2.0; +http://www.bing.com/bingbot.htm)"
157.55.39.98 - - [11/Jun/2017:02:37:22 +0530] "GET /admin/images/loginbg.jpg HTTP/1.1" 200 11936 "-" "Mozilla/5.0 (iPhone; CPU iPhone OS 7_0 like Mac OS X) AppleWebKit/537.51.1 (KHTML, like Gecko) Version/7.0 Mobile/11A465 Safari/9537.53 (compatible; bingbot/2.0; +http://www.bing.com/bingbot.htm)"
157.55.39.98 - - [11/Jun/2017:02:37:23 +0530] "GET /includes/ncdma.css HTTP/1.1" 200 13023 "-" "Mozilla/5.0 (iPhone; CPU iPhone OS 7_0 like Mac OS X) AppleWebKit/537.51.1 (KHTML, like Gecko) Version/7.0 Mobile/11A465 Safari/9537.53 (compatible; bingbot/2.0; +http://www.bing.com/bingbot.htm)"
40.77.167.85 - - [11/Jun/2017:02:37:27 +0530] "GET /admin/images/img2.jpg HTTP/1.1" 200 16276 "-" "Mozilla/5.0 (iPhone; CPU iPhone OS 7_0 like Mac OS X) AppleWebKit/537.51.1 (KHTML, like Gecko) Version/7.0 Mobile/11A465 Safari/9537.53 (compatible; bingbot/2.0; +http://www.bing.com/bingbot.htm)"
157.55.39.156 - - [11/Jun/2017:02:37:32 +0530] "GET /admin/Scripts/AC_RunActiveContent.js HTTP/1.1" 404 234 "-" "Mozilla/5.0 (iPhone; CPU iPhone OS 7_0 like Mac OS X) AppleWebKit/537.51.1 (KHTML, like Gecko) Version/7.0 Mobile/11A465 Safari/9537.53 (compatible; bingbot/2.0; +http://www.bing.com/bingbot.htm)"
157.55.39.156 - - [11/Jun/2017:02:37:32 +0530] "GET /admin/images/img3.jpg HTTP/1.1" 200 26957 "-" "Mozilla/5.0 (iPhone; CPU iPhone OS 7_0 like Mac OS X) AppleWebKit/537.51.1 (KHTML, like Gecko) Version/7.0 Mobile/11A465 Safari/9537.53 (compatible; bingbot/2.0; +http://www.bing.com/bingbot.htm)"
157.55.39.156 - - [11/Jun/2017:02:37:33 +0530] "GET /admin/js/ajax_client.js HTTP/1.1" 200 22793 "-" "Mozilla/5.0 (iPhone; CPU iPhone OS 7_0 like Mac OS X) AppleWebKit/537.51.1 (KHTML, like Gecko) Version/7.0 Mobile/11A465 Safari/9537.53 (compatible; bingbot/2.0; +http://www.bing.com/bingbot.htm)"
157.55.39.156 - - [11/Jun/2017:02:37:36 +0530] "GET /admin/ncdma.css HTTP/1.1" 404 213 "-" "Mozilla/5.0 (iPhone; CPU iPhone OS 7_0 like Mac OS X) AppleWebKit/537.51.1 (KHTML, like Gecko) Version/7.0 Mobile/11A465 Safari/9537.53 (compatible; bingbot/2.0; +http://www.bing.com/bingbot.htm)"
157.55.39.156 - - [11/Jun/2017:02:37:36 +0530] "GET /js/md5.js HTTP/1.1" 200 13194 "-" "Mozilla/5.0 (iPhone; CPU iPhone OS 7_0 like Mac OS X) AppleWebKit/537.51.1 (KHTML, like Gecko) Version/7.0 Mobile/11A465 Safari/9537.53 (compatible; bingbot/2.0; +http://www.bing.com/bingbot.htm)"
157.55.39.156 - - [11/Jun/2017:02:38:50 +0530] "GET /project_details_view_report.php?id=965 HTTP/1.1" 200 13447 "-" "Mozilla/5.0 (compatible; bingbot/2.0; +http://www.bing.com/bingbot.htm)"
91.179.173.90 - - [11/Jun/2017:02:49:17 +0530] "GET /detail_news.php?id=3'A=0 HTTP/1.1" 200 11730 "http://www.cdmindia.gov.in/detail_news.php?id=3'A=0" "Mozilla/5.0 (Windows; U; Windows NT 5.1; pt-PT; rv:1.9.1.2) Gecko/20090729 Firefox/3.5.2 (.NET CLR 3.5.30729)"
202.46.57.120 - - [11/Jun/2017:02:53:45 +0530] "GET /project_details_view.php?id=1908 HTTP/1.1" 200 14627 "-" "Mozilla/5.0 (Windows NT 10.0; WOW64) AppleWebKit/537.36 (KHTML, like Gecko) Chrome/45.0.2454.93 Safari/537.36"
66.249.79.95 - - [11/Jun/2017:03:00:50 +0530] "GET / HTTP/1.1" 200 19480 "-" "Mozilla/5.0 (Linux; Android 6.0.1; Nexus 5X Build/MMB29P) AppleWebKit/537.36 (KHTML, like Gecko) Chrome/41.0.2272.96 Mobile Safari/537.36 (compatible; Googlebot/2.1; +http://www.google.com/bot.html)"
157.55.39.156 - - [11/Jun/2017:03:02:43 +0530] "GET /project_details_view.php?id=1754 HTTP/1.1" 200 15025 "-" "Mozilla/5.0 (compatible; bingbot/2.0; +http://www.bing.com/bingbot.htm)"
40.77.167.85 - - [11/Jun/2017:03:03:51 +0530] "GET /detail_news.php?id=20 HTTP/1.1" 302 18266 "-" "Mozilla/5.0 (compatible; bingbot/2.0; +http://www.bing.com/bingbot.htm)"
40.77.167.85 - - [11/Jun/2017:03:03:52 +0530] "GET /logout.php HTTP/1.1" 302 369 "-" "Mozilla/5.0 (compatible; bingbot/2.0; +http://www.bing.com/bingbot.htm)"
40.77.167.85 - - [11/Jun/2017:03:03:53 +0530] "GET /index.php HTTP/1.1" 200 19480 "-" "Mozilla/5.0 (compatible; bingbot/2.0; +http://www.bing.com/bingbot.htm)"
54.173.165.103 - - [11/Jun/2017:03:05:27 +0530] "GET / HTTP/1.1" 200 19480 "-" "Mozilla/5.0 (X11; Linux x86_64) AppleWebKit/537.36 (KHTML, like Gecko) Chrome/43.0.2357.134 Safari/537.36 http://notifyninja.com/monitoring"
202.46.51.181 - - [11/Jun/2017:03:11:41 +0530] "GET /project_details_view.php?id=1091 HTTP/1.1" 200 14402 "-" "Mozilla/5.0 (Windows NT 10.0; WOW64) AppleWebKit/537.36 (KHTML, like Gecko) Chrome/45.0.2454.93 Safari/537.36"
40.77.167.85 - - [11/Jun/2017:03:11:47 +0530] "GET /downloads/Carbon%20Market%20Roadmap.pdf HTTP/1.1" 200 4344697 "-" "Mozilla/5.0 (compatible; bingbot/2.0; +http://www.bing.com/bingbot.htm)"
66.249.79.129 - - [11/Jun/2017:03:23:04 +0530] "GET /reports_list_details.php?id=fnxntyvmlpku&reporttype=&page=165 HTTP/1.1" 200 22236 "-" "Mozilla/5.0 (compatible; Googlebot/2.1; +http://www.google.com/bot.html)"
157.55.39.156 - - [11/Jun/2017:03:27:15 +0530] "GET /downloads/New%20PCN.doc HTTP/1.1" 200 435200 "-" "Mozilla/5.0 (compatible; bingbot/2.0; +http://www.bing.com/bingbot.htm)"
46.229.168.72 - - [11/Jun/2017:03:29:19 +0530] "GET /sitemap.php HTTP/1.1" 200 18469 "-" "Mozilla/5.0 (compatible; SemrushBot/1.2~bl; +http://www.semrush.com/bot.html)"
46.229.168.69 - - [11/Jun/2017:03:29:29 +0530] "GET /imp_links.php HTTP/1.1" 200 17834 "-" "Mozilla/5.0 (compatible; SemrushBot/1.2~bl; +http://www.semrush.com/bot.html)"
202.46.52.143 - - [11/Jun/2017:03:29:37 +0530] "GET /project_details_view.php?id=924 HTTP/1.1" 200 15880 "-" "Mozilla/5.0 (Windows NT 10.0; WOW64) AppleWebKit/537.36 (KHTML, like Gecko) Chrome/45.0.2454.93 Safari/537.36"
46.229.168.66 - - [11/Jun/2017:03:29:43 +0530] "GET /aboutus.php HTTP/1.1" 200 19597 "-" "Mozilla/5.0 (compatible; SemrushBot/1.2~bl; +http://www.semrush.com/bot.html)"
46.229.168.65 - - [11/Jun/2017:03:29:57 +0530] "GET /news_more.php HTTP/1.1" 200 21061 "-" "Mozilla/5.0 (compatible; SemrushBot/1.2~bl; +http://www.semrush.com/bot.html)"
46.229.168.66 - - [11/Jun/2017:03:30:13 +0530] "GET /approved_projects.php HTTP/1.1" 200 16642 "-" "Mozilla/5.0 (compatible; SemrushBot/1.2~bl; +http://www.semrush.com/bot.html)"
46.229.168.66 - - [11/Jun/2017:03:30:26 +0530] "GET /registration.php HTTP/1.1" 302 28529 "-" "Mozilla/5.0 (compatible; SemrushBot/1.2~bl; +http://www.semrush.com/bot.html)"
46.229.168.69 - - [11/Jun/2017:03:30:39 +0530] "GET /capacity_building.php HTTP/1.1" 200 19186 "-" "Mozilla/5.0 (compatible; SemrushBot/1.2~bl; +http://www.semrush.com/bot.html)"
46.229.168.72 - - [11/Jun/2017:03:30:59 +0530] "GET /constitution.php HTTP/1.1" 200 23669 "-" "Mozilla/5.0 (compatible; SemrushBot/1.2~bl; +http://www.semrush.com/bot.html)"
46.229.168.75 - - [11/Jun/2017:03:31:09 +0530] "GET /project_details_view.php?id=232 HTTP/1.1" 200 14773 "-" "Mozilla/5.0 (compatible; SemrushBot/1.2~bl; +http://www.semrush.com/bot.html)"
46.229.168.70 - - [11/Jun/2017:03:31:23 +0530] "GET /project_details_view_report.php?id=1067 HTTP/1.1" 200 13192 "-" "Mozilla/5.0 (compatible; SemrushBot/1.2~bl; +http://www.semrush.com/bot.html)"
46.229.168.75 - - [11/Jun/2017:03:31:36 +0530] "GET /project_details_view.php?id=133 HTTP/1.1" 200 14808 "-" "Mozilla/5.0 (compatible; SemrushBot/1.2~bl; +http://www.semrush.com/bot.html)"
46.229.168.73 - - [11/Jun/2017:03:31:52 +0530] "GET /project_details_view.php?id=932 HTTP/1.1" 200 14068 "-" "Mozilla/5.0 (compatible; SemrushBot/1.2~bl; +http://www.semrush.com/bot.html)"
46.229.168.73 - - [11/Jun/2017:03:32:07 +0530] "GET /capacity_building.php HTTP/1.1" 200 19186 "-" "Mozilla/5.0 (compatible; SemrushBot/1.2~bl; +http://www.semrush.com/bot.html)"
46.229.168.72 - - [11/Jun/2017:03:32:21 +0530] "GET /project_details_view_report.php?id=1250 HTTP/1.1" 200 13256 "-" "Mozilla/5.0 (compatible; SemrushBot/1.2~bl; +http://www.semrush.com/bot.html)"
46.229.168.68 - - [11/Jun/2017:03:32:31 +0530] "GET /project_details_view.php?id=816 HTTP/1.1" 200 15269 "-" "Mozilla/5.0 (compatible; SemrushBot/1.2~bl; +http://www.semrush.com/bot.html)"
90.57.129.135 - - [11/Jun/2017:03:32:36 +0530] "GET /robots.txt HTTP/1.1" 404 208 "-" "Java/1.8.0_101"
46.229.168.68 - - [11/Jun/2017:03:32:49 +0530] "GET /project_details_view_report.php?id=764 HTTP/1.1" 200 13204 "-" "Mozilla/5.0 (compatible; SemrushBot/1.2~bl; +http://www.semrush.com/bot.html)"
46.229.168.65 - - [11/Jun/2017:03:32:59 +0530] "GET /project_details_view_report.php?id=668 HTTP/1.1" 200 13300 "-" "Mozilla/5.0 (compatible; SemrushBot/1.2~bl; +http://www.semrush.com/bot.html)"
40.77.167.85 - - [11/Jun/2017:03:33:10 +0530] "GET /project_details_view.php?id=541 HTTP/1.1" 200 14752 "-" "Mozilla/5.0 (iPhone; CPU iPhone OS 7_0 like Mac OS X) AppleWebKit/537.51.1 (KHTML, like Gecko) Version/7.0 Mobile/11A465 Safari/9537.53 (compatible; bingbot/2.0; +http://www.bing.com/bingbot.htm)"
46.229.168.65 - - [11/Jun/2017:03:33:13 +0530] "GET /project_details_view_report.php?id=1309 HTTP/1.1" 200 13260 "-" "Mozilla/5.0 (compatible; SemrushBot/1.2~bl; +http://www.semrush.com/bot.html)"
46.229.168.72 - - [11/Jun/2017:03:33:31 +0530] "GET /project_details_view.php?id=257 HTTP/1.1" 200 14374 "-" "Mozilla/5.0 (compatible; SemrushBot/1.2~bl; +http://www.semrush.com/bot.html)"
46.229.168.67 - - [11/Jun/2017:03:33:41 +0530] "GET /project_details_view.php?id=2088 HTTP/1.1" 200 14359 "-" "Mozilla/5.0 (compatible; SemrushBot/1.2~bl; +http://www.semrush.com/bot.html)"
46.229.168.66 - - [11/Jun/2017:03:33:55 +0530] "GET /project_details_view.php?id=1497 HTTP/1.1" 200 14483 "-" "Mozilla/5.0 (compatible; SemrushBot/1.2~bl; +http://www.semrush.com/bot.html)"
157.55.39.165 - - [11/Jun/2017:03:33:59 +0530] "GET /constitution.php HTTP/1.1" 200 23669 "-" "Mozilla/5.0 (compatible; bingbot/2.0; +http://www.bing.com/bingbot.htm)"
46.229.168.75 - - [11/Jun/2017:03:34:13 +0530] "GET /project_details_view.php?id=1557 HTTP/1.1" 200 14171 "-" "Mozilla/5.0 (compatible; SemrushBot/1.2~bl; +http://www.semrush.com/bot.html)"
46.229.168.69 - - [11/Jun/2017:03:34:23 +0530] "GET /project_details_view.php?id=2108 HTTP/1.1" 200 13972 "-" "Mozilla/5.0 (compatible; SemrushBot/1.2~bl; +http://www.semrush.com/bot.html)"
46.229.168.67 - - [11/Jun/2017:03:34:38 +0530] "GET /project_details_view.php?id=509 HTTP/1.1" 200 16192 "-" "Mozilla/5.0 (compatible; SemrushBot/1.2~bl; +http://www.semrush.com/bot.html)"
46.229.168.70 - - [11/Jun/2017:03:34:55 +0530] "GET /project_details_view.php?id=1511 HTTP/1.1" 200 15243 "-" "Mozilla/5.0 (compatible; SemrushBot/1.2~bl; +http://www.semrush.com/bot.html)"
46.229.168.69 - - [11/Jun/2017:03:35:06 +0530] "GET /project_details_view.php?id=1061 HTTP/1.1" 200 15313 "-" "Mozilla/5.0 (compatible; SemrushBot/1.2~bl; +http://www.semrush.com/bot.html)"
46.229.168.67 - - [11/Jun/2017:03:35:20 +0530] "GET /project_details_view.php?id=63 HTTP/1.1" 200 14616 "-" "Mozilla/5.0 (compatible; SemrushBot/1.2~bl; +http://www.semrush.com/bot.html)"
46.229.168.75 - - [11/Jun/2017:03:35:36 +0530] "GET /project_details_view_report.php?id=536 HTTP/1.1" 200 13312 "-" "Mozilla/5.0 (compatible; SemrushBot/1.2~bl; +http://www.semrush.com/bot.html)"
46.229.168.69 - - [11/Jun/2017:03:35:48 +0530] "GET /project_details_view_report.php?id=208 HTTP/1.1" 200 13086 "-" "Mozilla/5.0 (compatible; SemrushBot/1.2~bl; +http://www.semrush.com/bot.html)"
66.249.79.129 - - [11/Jun/2017:03:36:14 +0530] "GET / HTTP/1.1" 200 19480 "-" "Mozilla/5.0 (Linux; Android 6.0.1; Nexus 5X Build/MMB29P) AppleWebKit/537.36 (KHTML, like Gecko) Chrome/41.0.2272.96 Mobile Safari/537.36 (compatible; Googlebot/2.1; +http://www.google.com/bot.html)"
46.229.168.67 - - [11/Jun/2017:03:36:16 +0530] "GET /project_details_view_report.php?id=533 HTTP/1.1" 200 13240 "-" "Mozilla/5.0 (compatible; SemrushBot/1.2~bl; +http://www.semrush.com/bot.html)"
46.229.168.72 - - [11/Jun/2017:03:36:24 +0530] "GET /project_details_view.php?id=1209 HTTP/1.1" 200 14530 "-" "Mozilla/5.0 (compatible; SemrushBot/1.2~bl; +http://www.semrush.com/bot.html)"
46.229.168.72 - - [11/Jun/2017:03:36:26 +0530] "GET /project_details_view.php?id=1209 HTTP/1.1" 200 14530 "-" "Mozilla/5.0 (compatible; SemrushBot/1.2~bl; +http://www.semrush.com/bot.html)"
46.229.168.68 - - [11/Jun/2017:03:36:33 +0530] "GET /project_details_view.php?id=426 HTTP/1.1" 200 14091 "-" "Mozilla/5.0 (compatible; SemrushBot/1.2~bl; +http://www.semrush.com/bot.html)"
46.229.168.65 - - [11/Jun/2017:03:36:44 +0530] "GET /project_details_view.php?id=1905 HTTP/1.1" 200 13946 "-" "Mozilla/5.0 (compatible; SemrushBot/1.2~bl; +http://www.semrush.com/bot.html)"
46.229.168.68 - - [11/Jun/2017:03:37:08 +0530] "GET /project_details_view.php?id=410 HTTP/1.1" 200 14897 "-" "Mozilla/5.0 (compatible; SemrushBot/1.2~bl; +http://www.semrush.com/bot.html)"
46.229.168.65 - - [11/Jun/2017:03:37:12 +0530] "GET /project_details_view_report.php?id=1047 HTTP/1.1" 200 13289 "-" "Mozilla/5.0 (compatible; SemrushBot/1.2~bl; +http://www.semrush.com/bot.html)"
46.229.168.68 - - [11/Jun/2017:03:37:31 +0530] "GET /index.php HTTP/1.1" 200 19480 "-" "Mozilla/5.0 (compatible; SemrushBot/1.2~bl; +http://www.semrush.com/bot.html)"
46.229.168.66 - - [11/Jun/2017:03:37:40 +0530] "GET /project_details_view.php?id=1923 HTTP/1.1" 200 14330 "-" "Mozilla/5.0 (compatible; SemrushBot/1.2~bl; +http://www.semrush.com/bot.html)"
46.229.168.69 - - [11/Jun/2017:03:37:54 +0530] "GET /project_details_view.php?id=58 HTTP/1.1" 200 14550 "-" "Mozilla/5.0 (compatible; SemrushBot/1.2~bl; +http://www.semrush.com/bot.html)"
46.229.168.74 - - [11/Jun/2017:03:38:11 +0530] "GET /project_details_view.php?id=546 HTTP/1.1" 200 14594 "-" "Mozilla/5.0 (compatible; SemrushBot/1.2~bl; +http://www.semrush.com/bot.html)"
46.229.168.70 - - [11/Jun/2017:03:38:26 +0530] "GET /project_details_view.php?id=856 HTTP/1.1" 200 15474 "-" "Mozilla/5.0 (compatible; SemrushBot/1.2~bl; +http://www.semrush.com/bot.html)"
46.229.168.65 - - [11/Jun/2017:03:38:36 +0530] "GET /project_details_view.php?id=1181 HTTP/1.1" 200 14669 "-" "Mozilla/5.0 (compatible; SemrushBot/1.2~bl; +http://www.semrush.com/bot.html)"
46.229.168.72 - - [11/Jun/2017:03:38:56 +0530] "GET /project_details_view_report.php?id=375 HTTP/1.1" 200 13218 "-" "Mozilla/5.0 (compatible; SemrushBot/1.2~bl; +http://www.semrush.com/bot.html)"
46.229.168.72 - - [11/Jun/2017:03:39:10 +0530] "GET /project_details_view.php?id=1216 HTTP/1.1" 200 13870 "-" "Mozilla/5.0 (compatible; SemrushBot/1.2~bl; +http://www.semrush.com/bot.html)"
46.229.168.73 - - [11/Jun/2017:03:39:23 +0530] "GET /project_details_view_report.php?id=485 HTTP/1.1" 200 13195 "-" "Mozilla/5.0 (compatible; SemrushBot/1.2~bl; +http://www.semrush.com/bot.html)"
157.55.39.165 - - [11/Jun/2017:03:39:25 +0530] "GET /downloads/Template_sharing%202Percent.doc HTTP/1.1" 200 73728 "-" "Mozilla/5.0 (compatible; bingbot/2.0; +http://www.bing.com/bingbot.htm)"
46.229.168.71 - - [11/Jun/2017:03:39:38 +0530] "GET /project_details_view_report.php?id=1232 HTTP/1.1" 200 13192 "-" "Mozilla/5.0 (compatible; SemrushBot/1.2~bl; +http://www.semrush.com/bot.html)"
46.229.168.71 - - [11/Jun/2017:03:39:49 +0530] "GET /registration.php HTTP/1.1" 302 28529 "-" "Mozilla/5.0 (compatible; SemrushBot/1.2~bl; +http://www.semrush.com/bot.html)"
46.229.168.72 - - [11/Jun/2017:03:40:01 +0530] "GET /project_details_view.php?id=1428 HTTP/1.1" 200 14730 "-" "Mozilla/5.0 (compatible; SemrushBot/1.2~bl; +http://www.semrush.com/bot.html)"
46.229.168.71 - - [11/Jun/2017:03:40:16 +0530] "GET /project_details_view.php?id=1230 HTTP/1.1" 200 15307 "-" "Mozilla/5.0 (compatible; SemrushBot/1.2~bl; +http://www.semrush.com/bot.html)"
46.229.168.71 - - [11/Jun/2017:03:40:30 +0530] "GET /project_details_view.php?id=792 HTTP/1.1" 200 14251 "-" "Mozilla/5.0 (compatible; SemrushBot/1.2~bl; +http://www.semrush.com/bot.html)"
46.229.168.65 - - [11/Jun/2017:03:40:42 +0530] "GET /project_details_view.php?id=571 HTTP/1.1" 200 15994 "-" "Mozilla/5.0 (compatible; SemrushBot/1.2~bl; +http://www.semrush.com/bot.html)"
40.77.167.85 - - [11/Jun/2017:03:40:46 +0530] "GET /news_more.php HTTP/1.1" 200 21061 "-" "Mozilla/5.0 (compatible; bingbot/2.0; +http://www.bing.com/bingbot.htm)"
46.229.168.74 - - [11/Jun/2017:03:40:58 +0530] "GET /project_details_view.php?id=300 HTTP/1.1" 200 15220 "-" "Mozilla/5.0 (compatible; SemrushBot/1.2~bl; +http://www.semrush.com/bot.html)"
46.229.168.70 - - [11/Jun/2017:03:41:17 +0530] "GET /project_details_view.php?id=1584 HTTP/1.1" 200 14973 "-" "Mozilla/5.0 (compatible; SemrushBot/1.2~bl; +http://www.semrush.com/bot.html)"
46.229.168.72 - - [11/Jun/2017:03:41:29 +0530] "GET /project_details_view.php?id=598 HTTP/1.1" 200 15570 "-" "Mozilla/5.0 (compatible; SemrushBot/1.2~bl; +http://www.semrush.com/bot.html)"
46.229.168.69 - - [11/Jun/2017:03:41:38 +0530] "GET /project_details_view_report.php?id=1801 HTTP/1.1" 200 13267 "-" "Mozilla/5.0 (compatible; SemrushBot/1.2~bl; +http://www.semrush.com/bot.html)"
46.229.168.71 - - [11/Jun/2017:03:41:58 +0530] "GET /project_details_view.php?id=1424 HTTP/1.1" 200 15630 "-" "Mozilla/5.0 (compatible; SemrushBot/1.2~bl; +http://www.semrush.com/bot.html)"
46.229.168.67 - - [11/Jun/2017:03:42:06 +0530] "GET /project_details_view.php?id=1408 HTTP/1.1" 200 15405 "-" "Mozilla/5.0 (compatible; SemrushBot/1.2~bl; +http://www.semrush.com/bot.html)"
46.229.168.74 - - [11/Jun/2017:03:42:23 +0530] "GET /project_details_view.php?id=947 HTTP/1.1" 200 14077 "-" "Mozilla/5.0 (compatible; SemrushBot/1.2~bl; +http://www.semrush.com/bot.html)"
46.229.168.66 - - [11/Jun/2017:03:42:35 +0530] "GET /project_details_view.php?id=1890 HTTP/1.1" 200 15648 "-" "Mozilla/5.0 (compatible; SemrushBot/1.2~bl; +http://www.semrush.com/bot.html)"
46.229.168.70 - - [11/Jun/2017:03:42:56 +0530] "GET /project_details_view.php?id=518 HTTP/1.1" 200 14141 "-" "Mozilla/5.0 (compatible; SemrushBot/1.2~bl; +http://www.semrush.com/bot.html)"
46.229.168.69 - - [11/Jun/2017:03:43:03 +0530] "GET /project_details_view.php?id=883 HTTP/1.1" 200 14667 "-" "Mozilla/5.0 (compatible; SemrushBot/1.2~bl; +http://www.semrush.com/bot.html)"
157.55.39.98 - - [11/Jun/2017:03:43:07 +0530] "GET /project_details_view.php?id=675 HTTP/1.1" 200 15247 "-" "Mozilla/5.0 (iPhone; CPU iPhone OS 7_0 like Mac OS X) AppleWebKit/537.51.1 (KHTML, like Gecko) Version/7.0 Mobile/11A465 Safari/9537.53 (compatible; bingbot/2.0; +http://www.bing.com/bingbot.htm)"
46.229.168.75 - - [11/Jun/2017:03:43:17 +0530] "GET /project_details_view.php?id=620 HTTP/1.1" 200 14275 "-" "Mozilla/5.0 (compatible; SemrushBot/1.2~bl; +http://www.semrush.com/bot.html)"
46.229.168.70 - - [11/Jun/2017:03:43:40 +0530] "GET /project_details_view.php?id=754 HTTP/1.1" 200 14246 "-" "Mozilla/5.0 (compatible; SemrushBot/1.2~bl; +http://www.semrush.com/bot.html)"
46.229.168.75 - - [11/Jun/2017:03:43:45 +0530] "GET /project_details_view.php?id=995 HTTP/1.1" 200 15632 "-" "Mozilla/5.0 (compatible; SemrushBot/1.2~bl; +http://www.semrush.com/bot.html)"
46.229.168.70 - - [11/Jun/2017:03:44:06 +0530] "GET /detail_events.php?id HTTP/1.1" 302 16738 "-" "Mozilla/5.0 (compatible; SemrushBot/1.2~bl; +http://www.semrush.com/bot.html)"
46.229.168.65 - - [11/Jun/2017:03:44:13 +0530] "GET /project_details_view_report.php?id=1105 HTTP/1.1" 200 13102 "-" "Mozilla/5.0 (compatible; SemrushBot/1.2~bl; +http://www.semrush.com/bot.html)"
46.229.168.67 - - [11/Jun/2017:03:44:27 +0530] "GET /imp_links.php HTTP/1.1" 200 17834 "-" "Mozilla/5.0 (compatible; SemrushBot/1.2~bl; +http://www.semrush.com/bot.html)"
46.229.168.71 - - [11/Jun/2017:03:44:46 +0530] "GET /approved_projects.php HTTP/1.1" 200 16642 "-" "Mozilla/5.0 (compatible; SemrushBot/1.2~bl; +http://www.semrush.com/bot.html)"
46.229.168.70 - - [11/Jun/2017:03:44:57 +0530] "GET /project_details_view.php?id=607 HTTP/1.1" 200 14594 "-" "Mozilla/5.0 (compatible; SemrushBot/1.2~bl; +http://www.semrush.com/bot.html)"
46.229.168.71 - - [11/Jun/2017:03:45:14 +0530] "GET /project_details_view_report.php?id=830 HTTP/1.1" 200 13183 "-" "Mozilla/5.0 (compatible; SemrushBot/1.2~bl; +http://www.semrush.com/bot.html)"
46.229.168.70 - - [11/Jun/2017:03:45:28 +0530] "GET /project_details_view.php?id=800 HTTP/1.1" 200 14017 "-" "Mozilla/5.0 (compatible; SemrushBot/1.2~bl; +http://www.semrush.com/bot.html)"
46.229.168.69 - - [11/Jun/2017:03:45:37 +0530] "GET /project_details_view.php?id=1084 HTTP/1.1" 200 15328 "-" "Mozilla/5.0 (compatible; SemrushBot/1.2~bl; +http://www.semrush.com/bot.html)"
46.229.168.71 - - [11/Jun/2017:03:45:55 +0530] "GET /project_details_view_report.php?id=1815 HTTP/1.1" 200 13304 "-" "Mozilla/5.0 (compatible; SemrushBot/1.2~bl; +http://www.semrush.com/bot.html)"
202.46.50.182 - - [11/Jun/2017:03:47:33 +0530] "GET /capacity_building.php HTTP/1.1" 200 19186 "-" "Mozilla/5.0 (Windows NT 10.0; WOW64) AppleWebKit/537.36 (KHTML, like Gecko) Chrome/45.0.2454.93 Safari/537.36"
157.55.39.156 - - [11/Jun/2017:03:50:58 +0530] "GET /project_details_view.php?id=571 HTTP/1.1" 200 15994 "-" "Mozilla/5.0 (iPhone; CPU iPhone OS 7_0 like Mac OS X) AppleWebKit/537.51.1 (KHTML, like Gecko) Version/7.0 Mobile/11A465 Safari/9537.53 (compatible; bingbot/2.0; +http://www.bing.com/bingbot.htm)"
40.77.167.85 - - [11/Jun/2017:03:51:04 +0530] "GET /project_details_view.php?id=1897 HTTP/1.1" 200 14869 "-" "Mozilla/5.0 (iPhone; CPU iPhone OS 7_0 like Mac OS X) AppleWebKit/537.51.1 (KHTML, like Gecko) Version/7.0 Mobile/11A465 Safari/9537.53 (compatible; bingbot/2.0; +http://www.bing.com/bingbot.htm)"
35.184.189.105 - - [11/Jun/2017:03:51:43 +0530] "GET /robots.txt HTTP/1.1" 404 208 "-" "ltx71 - (http://ltx71.com/)"
180.153.236.149 - - [11/Jun/2017:03:52:07 +0530] "GET / HTTP/1.1" 200 19480 "http://www.cdmindia.gov.in/" "Mozilla/5.0 (Windows NT 6.1; WOW64) AppleWebKit/537.36 (KHTML, like Gecko) Chrome/50.0.2661.102 Safari/537.36; 360Spider"
157.55.39.165 - - [11/Jun/2017:03:52:53 +0530] "GET /project_details_view.php?id=883 HTTP/1.1" 200 14667 "-" "Mozilla/5.0 (compatible; bingbot/2.0; +http://www.bing.com/bingbot.htm)"
40.77.167.85 - - [11/Jun/2017:03:54:43 +0530] "GET /project_details_view_report.php?id=668 HTTP/1.1" 200 13300 "-" "Mozilla/5.0 (compatible; bingbot/2.0; +http://www.bing.com/bingbot.htm)"
35.184.189.105 - - [11/Jun/2017:03:56:59 +0530] "GET /robots.txt HTTP/1.1" 404 208 "-" "ltx71 - (http://ltx71.com/)"
157.55.39.165 - - [11/Jun/2017:04:01:56 +0530] "GET /downloads/Template_sharing%202Percent.doc HTTP/1.1" 200 73728 "-" "Mozilla/5.0 (compatible; bingbot/2.0; +http://www.bing.com/bingbot.htm)"
157.55.39.0 - - [11/Jun/2017:04:04:20 +0530] "GET /robots.txt HTTP/1.1" 404 208 "-" "Mozilla/5.0 (compatible; bingbot/2.0; +http://www.bing.com/bingbot.htm)"
157.55.39.0 - - [11/Jun/2017:04:04:20 +0530] "GET /robots.txt HTTP/1.1" 404 208 "-" "Mozilla/5.0 (compatible; bingbot/2.0; +http://www.bing.com/bingbot.htm)"
157.55.39.165 - - [11/Jun/2017:04:04:22 +0530] "GET /detail_events.php?id= HTTP/1.1" 302 16738 "-" "Mozilla/5.0 (compatible; bingbot/2.0; +http://www.bing.com/bingbot.htm)"
157.55.39.165 - - [11/Jun/2017:04:04:23 +0530] "GET /logout.php HTTP/1.1" 302 369 "-" "Mozilla/5.0 (compatible; bingbot/2.0; +http://www.bing.com/bingbot.htm)"
157.55.39.165 - - [11/Jun/2017:04:04:24 +0530] "GET /index.php HTTP/1.1" 200 19480 "-" "Mozilla/5.0 (compatible; bingbot/2.0; +http://www.bing.com/bingbot.htm)"
157.55.39.165 - - [11/Jun/2017:04:05:18 +0530] "GET /sitemap.php HTTP/1.1" 200 18469 "-" "Mozilla/5.0 (compatible; bingbot/2.0; +http://www.bing.com/bingbot.htm)"
202.46.51.165 - - [11/Jun/2017:04:05:29 +0530] "GET /project_details_view.php?id=1912 HTTP/1.1" 200 14317 "-" "Mozilla/5.0 (Windows NT 10.0; WOW64) AppleWebKit/537.36 (KHTML, like Gecko) Chrome/45.0.2454.93 Safari/537.36"
123.125.71.58 - - [11/Jun/2017:04:09:11 +0530] "GET /images/bullet1.gif HTTP/1.1" 200 67 "-" "Baiduspider-image+(+http://www.baidu.com/search/spider.htm)"
35.184.189.105 - - [11/Jun/2017:04:11:02 +0530] "GET /robots.txt HTTP/1.1" 404 208 "-" "ltx71 - (http://ltx71.com/)"
157.55.39.165 - - [11/Jun/2017:04:14:05 +0530] "GET /imp_links.php HTTP/1.1" 200 17834 "-" "Mozilla/5.0 (compatible; bingbot/2.0; +http://www.bing.com/bingbot.htm)"
157.55.39.165 - - [11/Jun/2017:04:18:17 +0530] "GET /constitution.php HTTP/1.1" 200 23669 "-" "Mozilla/5.0 (compatible; bingbot/2.0; +http://www.bing.com/bingbot.htm)"
202.46.50.98 - - [11/Jun/2017:04:23:24 +0530] "GET /view_past_events.php HTTP/1.1" 200 18854 "-" "Mozilla/5.0 (Windows NT 10.0; WOW64) AppleWebKit/537.36 (KHTML, like Gecko) Chrome/45.0.2454.93 Safari/537.36"
157.55.39.156 - - [11/Jun/2017:04:25:26 +0530] "GET /downloads/Comparision%20of%20PCN_30.03.doc HTTP/1.1" 200 49664 "-" "Mozilla/5.0 (compatible; bingbot/2.0; +http://www.bing.com/bingbot.htm)"
157.55.39.165 - - [11/Jun/2017:04:35:16 +0530] "GET /Approved_proj_reports_list_details.php?id=13&reporttype=1&scale=&sdt=&edt=&exec= HTTP/1.1" 200 15917 "-" "Mozilla/5.0 (compatible; bingbot/2.0; +http://www.bing.com/bingbot.htm)"
157.55.39.165 - - [11/Jun/2017:04:35:17 +0530] "GET /index.php?erro=1 HTTP/1.1" 200 19507 "-" "Mozilla/5.0 (compatible; bingbot/2.0; +http://www.bing.com/bingbot.htm)"
157.55.39.165 - - [11/Jun/2017:04:35:18 +0530] "GET /project_details_view.php?id=2178 HTTP/1.1" 200 13856 "-" "Mozilla/5.0 (compatible; bingbot/2.0; +http://www.bing.com/bingbot.htm)"
157.55.39.165 - - [11/Jun/2017:04:35:19 +0530] "GET /sitemap.php/ HTTP/1.1" 200 18469 "-" "Mozilla/5.0 (compatible; bingbot/2.0; +http://www.bing.com/bingbot.htm)"
157.55.39.98 - - [11/Jun/2017:04:35:20 +0530] "GET /Approved_proj_reports_list_details.php?id=1&reporttype=1&scale=&sdt=&edt=&exec= HTTP/1.1" 200 16308 "-" "Mozilla/5.0 (compatible; bingbot/2.0; +http://www.bing.com/bingbot.htm)"
157.55.39.98 - - [11/Jun/2017:04:35:23 +0530] "GET /approval_process.php HTTP/1.1" 200 25912 "-" "Mozilla/5.0 (compatible; bingbot/2.0; +http://www.bing.com/bingbot.htm)"
157.55.39.98 - - [11/Jun/2017:04:35:24 +0530] "GET /registration_thanking.php HTTP/1.1" 200 17630 "-" "Mozilla/5.0 (compatible; bingbot/2.0; +http://www.bing.com/bingbot.htm)"
157.55.39.156 - - [11/Jun/2017:04:35:26 +0530] "GET /project_details_view.php?id=1189 HTTP/1.1" 200 13688 "-" "Mozilla/5.0 (compatible; bingbot/2.0; +http://www.bing.com/bingbot.htm)"
157.55.39.98 - - [11/Jun/2017:04:38:13 +0530] "GET /contactus.php HTTP/1.1" 200 18292 "-" "Mozilla/5.0 (compatible; bingbot/2.0; +http://www.bing.com/bingbot.htm)"
40.77.167.85 - - [11/Jun/2017:04:39:46 +0530] "GET /detail_news.php?id=19 HTTP/1.1" 302 19082 "-" "Mozilla/5.0 (compatible; bingbot/2.0; +http://www.bing.com/bingbot.htm)"
40.77.167.85 - - [11/Jun/2017:04:39:47 +0530] "GET /logout.php HTTP/1.1" 302 369 "-" "Mozilla/5.0 (compatible; bingbot/2.0; +http://www.bing.com/bingbot.htm)"
40.77.167.85 - - [11/Jun/2017:04:39:48 +0530] "GET /index.php HTTP/1.1" 200 19480 "-" "Mozilla/5.0 (compatible; bingbot/2.0; +http://www.bing.com/bingbot.htm)"
157.55.39.165 - - [11/Jun/2017:04:40:48 +0530] "GET /project_details_view.php?id=1590 HTTP/1.1" 200 14151 "-" "Mozilla/5.0 (compatible; bingbot/2.0; +http://www.bing.com/bingbot.htm)"
202.46.51.183 - - [11/Jun/2017:04:41:20 +0530] "GET /project_details_view.php?id=340 HTTP/1.1" 200 14633 "-" "Mozilla/5.0 (Windows NT 10.0; WOW64) AppleWebKit/537.36 (KHTML, like Gecko) Chrome/45.0.2454.93 Safari/537.36"
157.55.39.156 - - [11/Jun/2017:04:43:26 +0530] "GET /project_details_view.php?id=646 HTTP/1.1" 200 14902 "-" "Mozilla/5.0 (iPhone; CPU iPhone OS 7_0 like Mac OS X) AppleWebKit/537.51.1 (KHTML, like Gecko) Version/7.0 Mobile/11A465 Safari/9537.53 (compatible; bingbot/2.0; +http://www.bing.com/bingbot.htm)"
157.55.39.98 - - [11/Jun/2017:04:46:41 +0530] "GET /registration.php HTTP/1.1" 302 28529 "-" "Mozilla/5.0 (compatible; bingbot/2.0; +http://www.bing.com/bingbot.htm)"
157.55.39.98 - - [11/Jun/2017:04:46:42 +0530] "GET /logout.php HTTP/1.1" 302 369 "-" "Mozilla/5.0 (compatible; bingbot/2.0; +http://www.bing.com/bingbot.htm)"
157.55.39.98 - - [11/Jun/2017:04:46:43 +0530] "GET /index.php HTTP/1.1" 200 19480 "-" "Mozilla/5.0 (compatible; bingbot/2.0; +http://www.bing.com/bingbot.htm)"
157.55.39.98 - - [11/Jun/2017:04:47:22 +0530] "GET /registration.php HTTP/1.1" 302 28529 "-" "Mozilla/5.0 (compatible; bingbot/2.0; +http://www.bing.com/bingbot.htm)"
157.55.39.98 - - [11/Jun/2017:04:47:23 +0530] "GET /logout.php HTTP/1.1" 302 369 "-" "Mozilla/5.0 (compatible; bingbot/2.0; +http://www.bing.com/bingbot.htm)"
157.55.39.98 - - [11/Jun/2017:04:47:24 +0530] "GET /index.php HTTP/1.1" 200 19480 "-" "Mozilla/5.0 (compatible; bingbot/2.0; +http://www.bing.com/bingbot.htm)"
66.249.79.129 - - [11/Jun/2017:04:52:03 +0530] "GET / HTTP/1.1" 200 19480 "-" "Mozilla/5.0 (compatible; Googlebot/2.1; +http://www.google.com/bot.html)"
66.249.79.133 - - [11/Jun/2017:04:52:07 +0530] "GET /images/midbanner.swf HTTP/1.1" 200 285833 "-" "Mozilla/5.0 (compatible; Googlebot/2.1; +http://www.google.com/bot.html)"
157.55.39.156 - - [11/Jun/2017:04:54:15 +0530] "GET /project_details_view.php?id=949 HTTP/1.1" 200 15971 "-" "Mozilla/5.0 (iPhone; CPU iPhone OS 7_0 like Mac OS X) AppleWebKit/537.51.1 (KHTML, like Gecko) Version/7.0 Mobile/11A465 Safari/9537.53 (compatible; bingbot/2.0; +http://www.bing.com/bingbot.htm)"
40.77.167.85 - - [11/Jun/2017:04:54:33 +0530] "GET /downloads/Carbon%20Market%20Roadmap.pdf HTTP/1.1" 200 4344697 "-" "Mozilla/5.0 (compatible; bingbot/2.0; +http://www.bing.com/bingbot.htm)"
202.46.57.182 - - [11/Jun/2017:04:59:16 +0530] "GET /project_details_view_report.php?id=1076 HTTP/1.1" 200 13201 "-" "Mozilla/5.0 (Windows NT 10.0; WOW64) AppleWebKit/537.36 (KHTML, like Gecko) Chrome/45.0.2454.93 Safari/537.36"
157.55.39.98 - - [11/Jun/2017:05:01:41 +0530] "GET /Scripts/AC_RunActiveContent.js HTTP/1.1" 200 8321 "-" "Mozilla/5.0 (iPhone; CPU iPhone OS 7_0 like Mac OS X) AppleWebKit/537.51.1 (KHTML, like Gecko) Version/7.0 Mobile/11A465 Safari/9537.53 (compatible; bingbot/2.0; +http://www.bing.com/bingbot.htm)"
35.184.189.105 - - [11/Jun/2017:05:09:37 +0530] "GET /robots.txt HTTP/1.1" 404 208 "-" "ltx71 - (http://ltx71.com/)"
157.55.39.98 - - [11/Jun/2017:05:14:07 +0530] "GET /approval_process.php HTTP/1.1" 200 25912 "-" "Mozilla/5.0 (compatible; bingbot/2.0; +http://www.bing.com/bingbot.htm)"
157.55.39.165 - - [11/Jun/2017:05:16:21 +0530] "GET /project_details_view.php?id=585 HTTP/1.1" 200 14000 "-" "Mozilla/5.0 (iPhone; CPU iPhone OS 7_0 like Mac OS X) AppleWebKit/537.51.1 (KHTML, like Gecko) Version/7.0 Mobile/11A465 Safari/9537.53 (compatible; bingbot/2.0; +http://www.bing.com/bingbot.htm)"
202.46.58.120 - - [11/Jun/2017:05:17:12 +0530] "GET /project_details_view.php?id=1334 HTTP/1.1" 200 14414 "-" "Mozilla/5.0 (Windows NT 10.0; WOW64) AppleWebKit/537.36 (KHTML, like Gecko) Chrome/45.0.2454.93 Safari/537.36"
40.77.167.85 - - [11/Jun/2017:05:18:08 +0530] "GET /images/NCDMA%20PCN%20Format%2017072009.doc HTTP/1.1" 200 114176 "-" "Mozilla/5.0 (compatible; bingbot/2.0; +http://www.bing.com/bingbot.htm)"
157.55.39.98 - - [11/Jun/2017:05:19:04 +0530] "GET /project_details_view.php?id=31 HTTP/1.1" 200 13804 "-" "Mozilla/5.0 (iPhone; CPU iPhone OS 7_0 like Mac OS X) AppleWebKit/537.51.1 (KHTML, like Gecko) Version/7.0 Mobile/11A465 Safari/9537.53 (compatible; bingbot/2.0; +http://www.bing.com/bingbot.htm)"
157.55.39.98 - - [11/Jun/2017:05:25:40 +0530] "GET /project_details_view.php?id=1562 HTTP/1.1" 200 14513 "-" "Mozilla/5.0 (compatible; bingbot/2.0; +http://www.bing.com/bingbot.htm)"
