66.249.66.131 - - [21/Jun/2017:01:26:31 +0530] "GET /project_details_view_report.php?id=155 HTTP/1.1" 200 13170 "-" "Mozilla/5.0 (compatible; Googlebot/2.1; +http://www.google.com/bot.html)"
217.182.132.5 - - [21/Jun/2017:01:28:02 +0530] "GET /registration.php HTTP/1.1" 302 28532 "-" "Mozilla/5.0 (compatible; AhrefsBot/5.2; +http://ahrefs.com/robot/)"
164.132.161.74 - - [21/Jun/2017:01:29:34 +0530] "GET /news_more.php HTTP/1.1" 200 21064 "-" "Mozilla/5.0 (compatible; AhrefsBot/5.2; +http://ahrefs.com/robot/)"
202.46.56.188 - - [21/Jun/2017:01:33:30 +0530] "GET /reports_list_details.php?id=Andhra&reporttype=&page=45 HTTP/1.1" 200 22252 "-" "Mozilla/5.0 (Windows NT 10.0; WOW64) AppleWebKit/537.36 (KHTML, like Gecko) Chrome/45.0.2454.93 Safari/537.36"
216.244.66.196 - - [21/Jun/2017:01:35:31 +0530] "GET /robots.txt HTTP/1.1" 404 208 "-" "Mozilla/5.0 (compatible; DotBot/1.1; http://www.opensiteexplorer.org/dotbot, help@moz.com)"
35.184.189.105 - - [21/Jun/2017:01:40:04 +0530] "GET /robots.txt HTTP/1.1" 404 208 "-" "ltx71 - (http://ltx71.com/)"
107.181.186.184 - - [21/Jun/2017:01:42:58 +0530] "GET /wp-login.php HTTP/1.0" 404 210 "http://www.cdmindia.gov.in/" "Mozilla/5.0 (Windows NT 6.1; WOW64) AppleWebKit/537.36 (KHTML, like Gecko) Chrome/36.0.1985.125 Safari/537.36"
104.254.247.82 - - [21/Jun/2017:01:44:07 +0530] "GET /project_details_view.php?id=930'A=0 HTTP/1.1" 200 11453 "http://www.cdmindia.gov.in/project_details_view.php?id=930'A=0" "Mozilla/5.0 (Windows; U; Windows NT 5.1; pt-PT; rv:1.9.1.2) Gecko/20090729 Firefox/3.5.2 (.NET CLR 3.5.30729)"
54.173.165.103 - - [21/Jun/2017:01:45:49 +0530] "GET / HTTP/1.1" 200 19483 "-" "Mozilla/5.0 (X11; Linux x86_64) AppleWebKit/537.36 (KHTML, like Gecko) Chrome/43.0.2357.134 Safari/537.36 http://notifyninja.com/monitoring"
216.244.66.196 - - [21/Jun/2017:01:49:40 +0530] "GET /imp_links.php HTTP/1.1" 200 17837 "-" "Mozilla/5.0 (compatible; DotBot/1.1; http://www.opensiteexplorer.org/dotbot, help@moz.com)"
66.249.66.129 - - [21/Jun/2017:01:49:50 +0530] "GET /approval_process.php HTTP/1.1" 200 25915 "-" "Mozilla/5.0 (Linux; Android 6.0.1; Nexus 5X Build/MMB29P) AppleWebKit/537.36 (KHTML, like Gecko) Chrome/41.0.2272.96 Mobile Safari/537.36 (compatible; Googlebot/2.1; +http://www.google.com/bot.html)"
146.148.64.128 - - [21/Jun/2017:01:50:06 +0530] "GET /robots.txt HTTP/1.1" 404 208 "-" "ltx71 - (http://ltx71.com/)"
146.148.64.128 - - [21/Jun/2017:01:50:51 +0530] "GET /detail_news.php?id=3 HTTP/1.1" 302 18400 "-" "ltx71 - (http://ltx71.com/)"
146.148.64.128 - - [21/Jun/2017:01:51:22 +0530] "GET /reports_new.php?n=1 HTTP/1.1" 200 22414 "-" "ltx71 - (http://ltx71.com/)"
35.184.189.105 - - [21/Jun/2017:01:53:01 +0530] "GET /robots.txt HTTP/1.1" 404 208 "-" "ltx71 - (http://ltx71.com/)"
146.148.64.128 - - [21/Jun/2017:01:53:10 +0530] "GET /registration.php HTTP/1.1" 302 28532 "-" "ltx71 - (http://ltx71.com/)"
146.148.64.128 - - [21/Jun/2017:01:54:09 +0530] "GET /contactus.php HTTP/1.1" 200 18295 "-" "ltx71 - (http://ltx71.com/)"
40.77.167.132 - - [21/Jun/2017:01:54:17 +0530] "GET /project_details_view.php?id=1358 HTTP/1.1" 200 14010 "-" "Mozilla/5.0 (compatible; bingbot/2.0; +http://www.bing.com/bingbot.htm)"
146.148.64.128 - - [21/Jun/2017:01:54:22 +0530] "GET /capacity_building.php HTTP/1.1" 200 19189 "-" "ltx71 - (http://ltx71.com/)"
146.148.64.128 - - [21/Jun/2017:01:54:35 +0530] "GET /future_projects.php HTTP/1.1" 302 26213 "-" "ltx71 - (http://ltx71.com/)"
202.46.52.145 - - [21/Jun/2017:01:56:04 +0530] "GET /reports_list_details.php?id=Andhra&reporttype=&page=123 HTTP/1.1" 200 21826 "-" "Mozilla/5.0 (Windows NT 10.0; WOW64) AppleWebKit/537.36 (KHTML, like Gecko) Chrome/45.0.2454.93 Safari/537.36"
207.46.13.146 - - [21/Jun/2017:01:57:50 +0530] "GET / HTTP/1.1" 200 19483 "-" "Mozilla/5.0 (compatible; bingbot/2.0; +http://www.bing.com/bingbot.htm)"
207.46.13.146 - - [21/Jun/2017:01:59:01 +0530] "GET / HTTP/1.1" 200 19483 "-" "Mozilla/5.0 (compatible; bingbot/2.0; +http://www.bing.com/bingbot.htm)"
146.148.64.128 - - [21/Jun/2017:02:06:27 +0530] "GET /robots.txt HTTP/1.1" 404 208 "-" "ltx71 - (http://ltx71.com/)"
50.63.194.125 - - [21/Jun/2017:02:13:19 +0530] "GET /project_details_view.php?id=1005'\" HTTP/1.1" 200 11453 "-" "-"
50.63.194.125 - - [21/Jun/2017:02:13:20 +0530] "GET /project_details_view.php?id=1005 HTTP/1.1" 200 14229 "-" "-"
50.63.194.125 - - [21/Jun/2017:02:13:20 +0530] "GET /project_details_view.php?id=10052121121121212.1 HTTP/1.1" 200 11453 "-" "-"
50.63.194.125 - - [21/Jun/2017:02:13:57 +0530] "GET /project_details_view.php?id=1005%20and%201%3E1 HTTP/1.1" 200 11453 "-" "-"
201.18.18.173 - - [21/Jun/2017:02:14:59 +0530] "GET / HTTP/1.1" 200 19483 "-" "Mozilla/5.0 (Windows NT 10.0; Win64; x64; rv:50.0) Gecko/20100101 Firefox/50.0"
201.18.18.173 - - [21/Jun/2017:02:15:00 +0530] "GET /wp-includes/wlwmanifest.xml HTTP/1.1" 404 225 "-" "Mozilla/5.0 (Windows NT 10.0; Win64; x64; rv:50.0) Gecko/20100101 Firefox/50.0"
201.18.18.173 - - [21/Jun/2017:02:15:01 +0530] "GET /xmlrpc.php?rsd HTTP/1.1" 404 208 "-" "Mozilla/5.0 (Windows NT 10.0; Win64; x64; rv:50.0) Gecko/20100101 Firefox/50.0"
201.18.18.173 - - [21/Jun/2017:02:15:01 +0530] "GET / HTTP/1.1" 200 19483 "-" "Mozilla/5.0 (Windows NT 10.0; Win64; x64; rv:50.0) Gecko/20100101 Firefox/50.0"
201.18.18.173 - - [21/Jun/2017:02:15:03 +0530] "GET /blog/wp-includes/wlwmanifest.xml HTTP/1.1" 404 230 "-" "Mozilla/5.0 (Windows NT 10.0; Win64; x64; rv:50.0) Gecko/20100101 Firefox/50.0"
201.18.18.173 - - [21/Jun/2017:02:15:03 +0530] "GET /wordpress/wp-includes/wlwmanifest.xml HTTP/1.1" 404 235 "-" "Mozilla/5.0 (Windows NT 10.0; Win64; x64; rv:50.0) Gecko/20100101 Firefox/50.0"
201.18.18.173 - - [21/Jun/2017:02:15:04 +0530] "GET /wp/wp-includes/wlwmanifest.xml HTTP/1.1" 404 228 "-" "Mozilla/5.0 (Windows NT 10.0; Win64; x64; rv:50.0) Gecko/20100101 Firefox/50.0"
201.18.18.173 - - [21/Jun/2017:02:15:05 +0530] "GET /site/wp-includes/wlwmanifest.xml HTTP/1.1" 404 230 "-" "Mozilla/5.0 (Windows NT 10.0; Win64; x64; rv:50.0) Gecko/20100101 Firefox/50.0"
202.46.58.81 - - [21/Jun/2017:02:18:39 +0530] "GET /project_details_view.php?id=126 HTTP/1.1" 200 13612 "-" "Mozilla/5.0 (Windows NT 10.0; WOW64) AppleWebKit/537.36 (KHTML, like Gecko) Chrome/45.0.2454.93 Safari/537.36"
35.184.189.105 - - [21/Jun/2017:02:21:22 +0530] "GET /robots.txt HTTP/1.1" 404 208 "-" "ltx71 - (http://ltx71.com/)"
40.77.167.132 - - [21/Jun/2017:02:21:44 +0530] "GET /project_details_view.php?id=1589 HTTP/1.1" 200 14160 "-" "Mozilla/5.0 (compatible; bingbot/2.0; +http://www.bing.com/bingbot.htm)"
34.253.150.151 - - [21/Jun/2017:02:27:32 +0530] "GET / HTTP/1.1" 200 19483 "-" "Mozilla/5.0 (compatible; YaK/1.0; http://linkfluence.com/; bot@linkfluence.com)"
188.213.134.148 - - [21/Jun/2017:02:30:50 +0530] "GET / HTTP/1.0" 200 19483 "http://www.cdmindia.gov.in/" "Mozilla/4.0 (compatible; MSIE 6.0; Windows NT 5.1; SV1; .NET CLR 2.0.50727)"
40.77.167.132 - - [21/Jun/2017:02:31:17 +0530] "GET /admin/ HTTP/1.1" 200 6171 "-" "Mozilla/5.0 (iPhone; CPU iPhone OS 7_0 like Mac OS X) AppleWebKit/537.51.1 (KHTML, like Gecko) Version/7.0 Mobile/11A465 Safari/9537.53 (compatible; bingbot/2.0; +http://www.bing.com/bingbot.htm)"
40.77.167.132 - - [21/Jun/2017:02:31:46 +0530] "GET /reports_new.php HTTP/1.1" 200 22414 "-" "Mozilla/5.0 (compatible; bingbot/2.0; +http://www.bing.com/bingbot.htm)"
66.249.66.129 - - [21/Jun/2017:02:34:29 +0530] "GET /capacity_building.php HTTP/1.1" 200 19189 "-" "Mozilla/5.0 (Linux; Android 6.0.1; Nexus 5X Build/MMB29P) AppleWebKit/537.36 (KHTML, like Gecko) Chrome/41.0.2272.96 Mobile Safari/537.36 (compatible; Googlebot/2.1; +http://www.google.com/bot.html)"
40.77.167.35 - - [21/Jun/2017:02:35:00 +0530] "GET /images/img3.jpg HTTP/1.1" 200 26957 "-" "Mozilla/5.0 (compatible; bingbot/2.0; +http://www.bing.com/bingbot.htm)"
207.46.13.146 - - [21/Jun/2017:02:35:04 +0530] "GET /images/fbg.jpg HTTP/1.1" 200 325 "-" "Mozilla/5.0 (compatible; bingbot/2.0; +http://www.bing.com/bingbot.htm)"
207.46.13.146 - - [21/Jun/2017:02:35:05 +0530] "GET /images/img2.jpg HTTP/1.1" 200 16276 "-" "Mozilla/5.0 (compatible; bingbot/2.0; +http://www.bing.com/bingbot.htm)"
40.77.167.132 - - [21/Jun/2017:02:35:53 +0530] "GET /images/img1.jpg HTTP/1.1" 200 1251 "-" "Mozilla/5.0 (compatible; bingbot/2.0; +http://www.bing.com/bingbot.htm)"
146.148.64.128 - - [21/Jun/2017:02:37:16 +0530] "GET /robots.txt HTTP/1.1" 404 208 "-" "ltx71 - (http://ltx71.com/)"
40.77.167.42 - - [21/Jun/2017:02:41:04 +0530] "GET /admin/images/img1.jpg HTTP/1.1" 200 1251 "-" "Mozilla/5.0 (iPhone; CPU iPhone OS 7_0 like Mac OS X) AppleWebKit/537.51.1 (KHTML, like Gecko) Version/7.0 Mobile/11A465 Safari/9537.53 (compatible; bingbot/2.0; +http://www.bing.com/bingbot.htm)"
157.55.39.3 - - [21/Jun/2017:02:41:05 +0530] "GET /robots.txt HTTP/1.1" 404 208 "-" "Mozilla/5.0 (compatible; bingbot/2.0; +http://www.bing.com/bingbot.htm)"
207.46.13.146 - - [21/Jun/2017:02:41:08 +0530] "GET /admin/Scripts/AC_RunActiveContent.js HTTP/1.1" 404 234 "-" "Mozilla/5.0 (iPhone; CPU iPhone OS 7_0 like Mac OS X) AppleWebKit/537.51.1 (KHTML, like Gecko) Version/7.0 Mobile/11A465 Safari/9537.53 (compatible; bingbot/2.0; +http://www.bing.com/bingbot.htm)"
207.46.13.146 - - [21/Jun/2017:02:41:08 +0530] "GET /admin/images/fbg.jpg HTTP/1.1" 200 325 "-" "Mozilla/5.0 (iPhone; CPU iPhone OS 7_0 like Mac OS X) AppleWebKit/537.51.1 (KHTML, like Gecko) Version/7.0 Mobile/11A465 Safari/9537.53 (compatible; bingbot/2.0; +http://www.bing.com/bingbot.htm)"
207.46.13.146 - - [21/Jun/2017:02:41:09 +0530] "GET /admin/images/img3.jpg HTTP/1.1" 200 26957 "-" "Mozilla/5.0 (iPhone; CPU iPhone OS 7_0 like Mac OS X) AppleWebKit/537.51.1 (KHTML, like Gecko) Version/7.0 Mobile/11A465 Safari/9537.53 (compatible; bingbot/2.0; +http://www.bing.com/bingbot.htm)"
207.46.13.146 - - [21/Jun/2017:02:41:10 +0530] "GET /admin/js/ajax_client.js HTTP/1.1" 200 22793 "-" "Mozilla/5.0 (iPhone; CPU iPhone OS 7_0 like Mac OS X) AppleWebKit/537.51.1 (KHTML, like Gecko) Version/7.0 Mobile/11A465 Safari/9537.53 (compatible; bingbot/2.0; +http://www.bing.com/bingbot.htm)"
207.46.13.146 - - [21/Jun/2017:02:41:10 +0530] "GET /admin/ncdma.css HTTP/1.1" 404 213 "-" "Mozilla/5.0 (iPhone; CPU iPhone OS 7_0 like Mac OS X) AppleWebKit/537.51.1 (KHTML, like Gecko) Version/7.0 Mobile/11A465 Safari/9537.53 (compatible; bingbot/2.0; +http://www.bing.com/bingbot.htm)"
202.46.52.13 - - [21/Jun/2017:02:41:13 +0530] "GET /project_details_view_report.php?id=1553 HTTP/1.1" 200 13284 "-" "Mozilla/5.0 (Windows NT 10.0; WOW64) AppleWebKit/537.36 (KHTML, like Gecko) Chrome/45.0.2454.93 Safari/537.36"
40.77.167.35 - - [21/Jun/2017:02:41:19 +0530] "GET /admin/images/img2.jpg HTTP/1.1" 200 16276 "-" "Mozilla/5.0 (iPhone; CPU iPhone OS 7_0 like Mac OS X) AppleWebKit/537.51.1 (KHTML, like Gecko) Version/7.0 Mobile/11A465 Safari/9537.53 (compatible; bingbot/2.0; +http://www.bing.com/bingbot.htm)"
40.77.167.35 - - [21/Jun/2017:02:41:21 +0530] "GET /admin/js/index_validation.js HTTP/1.1" 200 1988 "-" "Mozilla/5.0 (iPhone; CPU iPhone OS 7_0 like Mac OS X) AppleWebKit/537.51.1 (KHTML, like Gecko) Version/7.0 Mobile/11A465 Safari/9537.53 (compatible; bingbot/2.0; +http://www.bing.com/bingbot.htm)"
40.77.167.35 - - [21/Jun/2017:02:41:21 +0530] "GET /js/base64_encode.js HTTP/1.1" 200 3002 "-" "Mozilla/5.0 (iPhone; CPU iPhone OS 7_0 like Mac OS X) AppleWebKit/537.51.1 (KHTML, like Gecko) Version/7.0 Mobile/11A465 Safari/9537.53 (compatible; bingbot/2.0; +http://www.bing.com/bingbot.htm)"
40.77.167.132 - - [21/Jun/2017:02:42:16 +0530] "GET /admin/images/loginbg.jpg HTTP/1.1" 200 11936 "-" "Mozilla/5.0 (iPhone; CPU iPhone OS 7_0 like Mac OS X) AppleWebKit/537.51.1 (KHTML, like Gecko) Version/7.0 Mobile/11A465 Safari/9537.53 (compatible; bingbot/2.0; +http://www.bing.com/bingbot.htm)"
66.249.66.133 - - [21/Jun/2017:02:42:17 +0530] "GET /project_details_view_report.php?id=324 HTTP/1.1" 200 13140 "-" "Mozilla/5.0 (compatible; Googlebot/2.1; +http://www.google.com/bot.html)"
40.77.167.35 - - [21/Jun/2017:02:45:24 +0530] "GET /project_details_view.php?id=1581 HTTP/1.1" 200 14539 "-" "Mozilla/5.0 (compatible; bingbot/2.0; +http://www.bing.com/bingbot.htm)"
40.77.167.35 - - [21/Jun/2017:02:47:05 +0530] "GET /detail_news.php?id=19 HTTP/1.1" 302 19085 "-" "Mozilla/5.0 (compatible; bingbot/2.0; +http://www.bing.com/bingbot.htm)"
40.77.167.35 - - [21/Jun/2017:02:47:09 +0530] "GET /logout.php HTTP/1.1" 302 369 "-" "Mozilla/5.0 (compatible; bingbot/2.0; +http://www.bing.com/bingbot.htm)"
40.77.167.35 - - [21/Jun/2017:02:47:15 +0530] "GET /index.php HTTP/1.1" 200 19483 "-" "Mozilla/5.0 (compatible; bingbot/2.0; +http://www.bing.com/bingbot.htm)"
51.255.71.112 - - [21/Jun/2017:02:50:08 +0530] "GET /logout.php HTTP/1.1" 302 369 "-" "Mozilla/5.0 (compatible; AhrefsBot/5.2; +http://ahrefs.com/robot/)"
199.30.24.86 - - [21/Jun/2017:02:51:12 +0530] "GET /js/base64_encode.js HTTP/1.1" 200 3002 "http://www.cdmindia.gov.in/index.php" "Mozilla/5.0 (Windows NT 6.1; WOW64) AppleWebKit/534+ (KHTML, like Gecko) BingPreview/1.0b"
199.30.24.86 - - [21/Jun/2017:02:51:12 +0530] "GET /js/md5.js HTTP/1.1" 200 13194 "http://www.cdmindia.gov.in/index.php" "Mozilla/5.0 (Windows NT 6.1; WOW64) AppleWebKit/534+ (KHTML, like Gecko) BingPreview/1.0b"
202.46.56.63 - - [21/Jun/2017:03:03:47 +0530] "GET /project_details_view.php?id=661 HTTP/1.1" 200 14100 "-" "Mozilla/5.0 (Windows NT 10.0; WOW64) AppleWebKit/537.36 (KHTML, like Gecko) Chrome/45.0.2454.93 Safari/537.36"
40.77.167.132 - - [21/Jun/2017:03:10:23 +0530] "GET /project_details_view.php?id=1868 HTTP/1.1" 200 14221 "-" "Mozilla/5.0 (compatible; bingbot/2.0; +http://www.bing.com/bingbot.htm)"
42.236.99.37 - - [21/Jun/2017:03:11:56 +0530] "GET / HTTP/1.1" 200 19483 "http://www.cdmindia.gov.in/" "Mozilla/5.0 (Windows NT 6.1; WOW64) AppleWebKit/537.36 (KHTML, like Gecko) Chrome/50.0.2661.102 Safari/537.36; 360Spider"
107.181.186.184 - - [21/Jun/2017:03:14:32 +0530] "GET /wp-login.php HTTP/1.0" 404 210 "http://www.cdmindia.gov.in/" "Mozilla/5.0 (Windows NT 6.1; WOW64) AppleWebKit/537.36 (KHTML, like Gecko) Chrome/36.0.1985.125 Safari/537.36"
66.249.66.133 - - [21/Jun/2017:03:15:27 +0530] "GET /downloads/New%20PCN.doc HTTP/1.1" 200 435200 "-" "Mozilla/5.0 (Linux; Android 6.0.1; Nexus 5X Build/MMB29P) AppleWebKit/537.36 (KHTML, like Gecko) Chrome/41.0.2272.96 Mobile Safari/537.36 (compatible; Googlebot/2.1; +http://www.google.com/bot.html)"
83.67.53.8 - - [21/Jun/2017:03:18:10 +0530] "GET /wp-login.php HTTP/1.1" 404 210 "-" "Mozilla/5.0 (Windows NT 6.1; WOW64; rv:40.0) Gecko/20100101 Firefox/40.1"
207.46.13.146 - - [21/Jun/2017:03:18:11 +0530] "GET /project_details_view.php?id=949 HTTP/1.1" 200 15974 "-" "Mozilla/5.0 (iPhone; CPU iPhone OS 7_0 like Mac OS X) AppleWebKit/537.51.1 (KHTML, like Gecko) Version/7.0 Mobile/11A465 Safari/9537.53 (compatible; bingbot/2.0; +http://www.bing.com/bingbot.htm)"
83.67.53.8 - - [21/Jun/2017:03:18:11 +0530] "GET / HTTP/1.1" 200 19483 "-" "Mozilla/5.0 (Windows NT 6.1; WOW64; rv:40.0) Gecko/20100101 Firefox/40.1"
35.184.189.105 - - [21/Jun/2017:03:25:32 +0530] "GET /robots.txt HTTP/1.1" 404 208 "-" "ltx71 - (http://ltx71.com/)"
66.249.66.129 - - [21/Jun/2017:03:26:14 +0530] "GET /project_details_view.php?id=2119 HTTP/1.1" 200 13957 "-" "Mozilla/5.0 (compatible; Googlebot/2.1; +http://www.google.com/bot.html)"
202.46.52.165 - - [21/Jun/2017:03:26:21 +0530] "GET /project_details_view.php?id=884 HTTP/1.1" 200 16016 "-" "Mozilla/5.0 (Windows NT 10.0; WOW64) AppleWebKit/537.36 (KHTML, like Gecko) Chrome/45.0.2454.93 Safari/537.36"
199.30.24.254 - - [21/Jun/2017:03:36:12 +0530] "GET /js/user_registration.js HTTP/1.1" 200 26819 "-" "Mozilla/5.0 (Windows NT 6.1; WOW64) AppleWebKit/534+ (KHTML, like Gecko) BingPreview/1.0b"
66.249.66.133 - - [21/Jun/2017:03:51:36 +0530] "GET /project_details_view.php?id=2062 HTTP/1.1" 200 13942 "-" "Mozilla/5.0 (Linux; Android 6.0.1; Nexus 5X Build/MMB29P) AppleWebKit/537.36 (KHTML, like Gecko) Chrome/41.0.2272.96 Mobile Safari/537.36 (compatible; Googlebot/2.1; +http://www.google.com/bot.html)"
66.249.66.131 - - [21/Jun/2017:03:54:39 +0530] "GET /downloads/Existing%20PCN.doc HTTP/1.1" 200 114176 "-" "Mozilla/5.0 (Linux; Android 6.0.1; Nexus 5X Build/MMB29P) AppleWebKit/537.36 (KHTML, like Gecko) Chrome/41.0.2272.96 Mobile Safari/537.36 (compatible; Googlebot/2.1; +http://www.google.com/bot.html)"
66.249.66.131 - - [21/Jun/2017:03:58:04 +0530] "GET /project_details_view_report.php?id=330 HTTP/1.1" 200 13161 "-" "Mozilla/5.0 (compatible; Googlebot/2.1; +http://www.google.com/bot.html)"
40.77.167.35 - - [21/Jun/2017:04:00:12 +0530] "GET /detail_news.php?id=20 HTTP/1.1" 302 18269 "-" "Mozilla/5.0 (compatible; bingbot/2.0; +http://www.bing.com/bingbot.htm)"
40.77.167.35 - - [21/Jun/2017:04:00:14 +0530] "GET /logout.php HTTP/1.1" 302 369 "-" "Mozilla/5.0 (compatible; bingbot/2.0; +http://www.bing.com/bingbot.htm)"
40.77.167.35 - - [21/Jun/2017:04:00:16 +0530] "GET /index.php HTTP/1.1" 200 19483 "-" "Mozilla/5.0 (compatible; bingbot/2.0; +http://www.bing.com/bingbot.htm)"
92.145.111.233 - - [21/Jun/2017:04:01:30 +0530] "GET /robots.txt HTTP/1.1" 404 208 "-" "Java/1.8.0_101"
207.46.13.146 - - [21/Jun/2017:04:01:45 +0530] "GET /reports_list_details.php?id=Andhra&reporttype=&page=274 HTTP/1.1" 200 22013 "-" "Mozilla/5.0 (compatible; bingbot/2.0; +http://www.bing.com/bingbot.htm)"
66.249.66.129 - - [21/Jun/2017:04:12:15 +0530] "GET /project_details_view.php?id=63 HTTP/1.1" 200 14619 "-" "Mozilla/5.0 (compatible; Googlebot/2.1; +http://www.google.com/bot.html)"
66.249.66.129 - - [21/Jun/2017:04:18:28 +0530] "GET /project_details_view_report.php?id=233 HTTP/1.1" 200 13081 "-" "Mozilla/5.0 (compatible; Googlebot/2.1; +http://www.google.com/bot.html)"
66.249.66.133 - - [21/Jun/2017:04:19:38 +0530] "GET /project_details_view_report.php?id=398 HTTP/1.1" 200 13109 "-" "Mozilla/5.0 (compatible; Googlebot/2.1; +http://www.google.com/bot.html)"
131.253.25.253 - - [21/Jun/2017:04:19:54 +0530] "GET /includes/ncdma.css HTTP/1.1" 200 13023 "-" "Mozilla/5.0 (iPhone; CPU iPhone OS 7_0 like Mac OS X) AppleWebKit/537.51.1 (KHTML, like Gecko) Version/7.0 Mobile/11A465 Safari/9537.53 BingPreview/1.0b"
131.253.25.253 - - [21/Jun/2017:04:19:55 +0530] "GET /Scripts/AC_RunActiveContent.js HTTP/1.1" 200 8321 "-" "Mozilla/5.0 (iPhone; CPU iPhone OS 7_0 like Mac OS X) AppleWebKit/537.51.1 (KHTML, like Gecko) Version/7.0 Mobile/11A465 Safari/9537.53 BingPreview/1.0b"
131.253.25.253 - - [21/Jun/2017:04:19:56 +0530] "GET /ncdma.css HTTP/1.1" 200 12640 "-" "Mozilla/5.0 (iPhone; CPU iPhone OS 7_0 like Mac OS X) AppleWebKit/537.51.1 (KHTML, like Gecko) Version/7.0 Mobile/11A465 Safari/9537.53 BingPreview/1.0b"
66.249.66.133 - - [21/Jun/2017:04:20:34 +0530] "GET /project_details_view_report.php?id=152 HTTP/1.1" 200 13080 "-" "Mozilla/5.0 (compatible; Googlebot/2.1; +http://www.google.com/bot.html)"
66.249.66.129 - - [21/Jun/2017:04:21:38 +0530] "GET /project_details_view_report.php?id=388 HTTP/1.1" 200 13127 "-" "Mozilla/5.0 (compatible; Googlebot/2.1; +http://www.google.com/bot.html)"
69.195.124.156 - - [21/Jun/2017:04:22:22 +0530] "GET /project_details_view.php?id=1005'\" HTTP/1.1" 200 11453 "-" "-"
69.195.124.156 - - [21/Jun/2017:04:22:23 +0530] "GET /project_details_view.php?id=1005 HTTP/1.1" 200 14229 "-" "-"
69.195.124.156 - - [21/Jun/2017:04:22:24 +0530] "GET /project_details_view.php?id=10052121121121212.1 HTTP/1.1" 200 11453 "-" "-"
69.195.124.156 - - [21/Jun/2017:04:23:00 +0530] "GET /project_details_view.php?id=1005%20and%201%3E1 HTTP/1.1" 200 11453 "-" "-"
66.249.66.131 - - [21/Jun/2017:04:23:53 +0530] "GET /project_details_view_report.php?id=408 HTTP/1.1" 200 13191 "-" "Mozilla/5.0 (compatible; Googlebot/2.1; +http://www.google.com/bot.html)"
40.77.167.35 - - [21/Jun/2017:04:24:08 +0530] "GET /project_details_view.php?id=661 HTTP/1.1" 200 14100 "-" "Mozilla/5.0 (compatible; bingbot/2.0; +http://www.bing.com/bingbot.htm)"
69.195.124.156 - - [21/Jun/2017:04:26:03 +0530] "GET /project_details_view.php?id=1005 HTTP/1.0" 200 14229 "-" "Opera/9.27"
66.249.66.129 - - [21/Jun/2017:04:27:33 +0530] "GET /project_details_view.php?id=2096 HTTP/1.1" 200 14181 "-" "Mozilla/5.0 (compatible; Googlebot/2.1; +http://www.google.com/bot.html)"
207.46.13.146 - - [21/Jun/2017:04:27:49 +0530] "GET /downloads/New%20PCN.doc HTTP/1.1" 200 435200 "-" "Mozilla/5.0 (compatible; bingbot/2.0; +http://www.bing.com/bingbot.htm)"
146.148.64.128 - - [21/Jun/2017:04:31:05 +0530] "GET /robots.txt HTTP/1.1" 404 208 "-" "ltx71 - (http://ltx71.com/)"
146.148.64.128 - - [21/Jun/2017:04:31:53 +0530] "GET /logout.php HTTP/1.1" 302 369 "-" "ltx71 - (http://ltx71.com/)"
207.46.13.146 - - [21/Jun/2017:04:32:05 +0530] "GET /downloads/Comparision%20of%20PCN_30.03.doc HTTP/1.1" 200 49664 "-" "Mozilla/5.0 (iPhone; CPU iPhone OS 7_0 like Mac OS X) AppleWebKit/537.51.1 (KHTML, like Gecko) Version/7.0 Mobile/11A465 Safari/9537.53 (compatible; bingbot/2.0; +http://www.bing.com/bingbot.htm)"
146.148.64.128 - - [21/Jun/2017:04:32:20 +0530] "GET /Scripts/AC_RunActiveContent.js HTTP/1.1" 200 8321 "-" "ltx71 - (http://ltx71.com/)"
66.249.66.131 - - [21/Jun/2017:04:32:34 +0530] "GET / HTTP/1.1" 200 19483 "-" "Mozilla/5.0 (Linux; Android 6.0.1; Nexus 5X Build/MMB29P) AppleWebKit/537.36 (KHTML, like Gecko) Chrome/41.0.2272.96 Mobile Safari/537.36 (compatible; Googlebot/2.1; +http://www.google.com/bot.html)"
146.148.64.128 - - [21/Jun/2017:04:33:28 +0530] "GET /js/md5.js HTTP/1.1" 200 13194 "-" "ltx71 - (http://ltx71.com/)"
66.249.66.129 - - [21/Jun/2017:04:34:47 +0530] "GET /downloads/Carbon%20Market%20Roadmap.pdf HTTP/1.1" 200 4344697 "-" "Mozilla/5.0 (Linux; Android 6.0.1; Nexus 5X Build/MMB29P) AppleWebKit/537.36 (KHTML, like Gecko) Chrome/41.0.2272.96 Mobile Safari/537.36 (compatible; Googlebot/2.1; +http://www.google.com/bot.html)"
40.77.167.42 - - [21/Jun/2017:04:40:24 +0530] "GET /constitution.php HTTP/1.1" 200 23672 "-" "Mozilla/5.0 (compatible; bingbot/2.0; +http://www.bing.com/bingbot.htm)"
66.249.66.89 - - [21/Jun/2017:04:42:46 +0530] "GET /robots.txt HTTP/1.1" 404 208 "-" "Mozilla/5.0 (compatible; Googlebot/2.1; +http://www.google.com/bot.html)"
66.249.66.88 - - [21/Jun/2017:04:42:46 +0530] "GET / HTTP/1.1" 200 19483 "-" "Mozilla/5.0 (Linux; Android 6.0.1; Nexus 5X Build/MMB29P) AppleWebKit/537.36 (KHTML, like Gecko) Chrome/41.0.2272.96 Mobile Safari/537.36 (compatible; Googlebot/2.1; +http://www.google.com/bot.html)"
66.249.66.88 - - [21/Jun/2017:04:42:53 +0530] "GET /ncdma.css HTTP/1.1" 200 12640 "http://cdmindia.gov.in/" "Mozilla/5.0 (compatible; Googlebot/2.1; +http://www.google.com/bot.html)"
66.249.66.88 - - [21/Jun/2017:04:42:53 +0530] "GET /includes/ncdma.css HTTP/1.1" 200 13023 "http://cdmindia.gov.in/" "Mozilla/5.0 (compatible; Googlebot/2.1; +http://www.google.com/bot.html)"
40.77.167.42 - - [21/Jun/2017:04:47:56 +0530] "GET /downloads/Template_sharing%202Percent.doc HTTP/1.1" 200 73728 "-" "Mozilla/5.0 (compatible; bingbot/2.0; +http://www.bing.com/bingbot.htm)"
66.249.66.133 - - [21/Jun/2017:04:52:46 +0530] "GET /project_details_view.php?id=912 HTTP/1.1" 200 14186 "-" "Mozilla/5.0 (compatible; Googlebot/2.1; +http://www.google.com/bot.html)"
40.77.167.35 - - [21/Jun/2017:04:53:57 +0530] "GET /news_more.php HTTP/1.1" 200 21064 "-" "Mozilla/5.0 (compatible; bingbot/2.0; +http://www.bing.com/bingbot.htm)"
40.77.167.132 - - [21/Jun/2017:04:54:36 +0530] "GET /downloads/Existing%20PCN.doc HTTP/1.1" 200 114176 "-" "Mozilla/5.0 (compatible; bingbot/2.0; +http://www.bing.com/bingbot.htm)"
35.184.189.105 - - [21/Jun/2017:04:56:56 +0530] "GET /robots.txt HTTP/1.1" 404 208 "-" "ltx71 - (http://ltx71.com/)"
35.184.189.105 - - [21/Jun/2017:04:58:24 +0530] "GET /detail_news.php?id=19 HTTP/1.1" 302 19085 "-" "ltx71 - (http://ltx71.com/)"
185.99.32.109 - - [21/Jun/2017:04:59:03 +0530] "GET /wp-login.php HTTP/1.1" 404 210 "-" "Mozilla/5.0 (Windows NT 6.1; WOW64; rv:40.0) Gecko/20100101 Firefox/40.1"
185.99.32.109 - - [21/Jun/2017:04:59:03 +0530] "GET / HTTP/1.1" 200 19483 "-" "Mozilla/5.0 (Windows NT 6.1; WOW64; rv:40.0) Gecko/20100101 Firefox/40.1"
146.148.64.128 - - [21/Jun/2017:05:01:19 +0530] "GET /robots.txt HTTP/1.1" 404 208 "-" "ltx71 - (http://ltx71.com/)"
180.241.24.241 - - [21/Jun/2017:05:04:47 +0530] "GET /project_details_view.php?id=913'A=0 HTTP/1.1" 200 11453 "http://www.cdmindia.gov.in/project_details_view.php?id=913'A=0" "Mozilla/5.0 (Windows; U; Windows NT 5.1; pt-PT; rv:1.9.1.2) Gecko/20090729 Firefox/3.5.2 (.NET CLR 3.5.30729)"
40.77.167.35 - - [21/Jun/2017:05:06:44 +0530] "GET /project_details_view.php?id=754 HTTP/1.1" 200 14249 "-" "Mozilla/5.0 (compatible; bingbot/2.0; +http://www.bing.com/bingbot.htm)"
66.249.66.129 - - [21/Jun/2017:05:11:14 +0530] "GET /project_details_view_report.php?id=373 HTTP/1.1" 200 13113 "-" "Mozilla/5.0 (compatible; Googlebot/2.1; +http://www.google.com/bot.html)"
207.46.13.146 - - [21/Jun/2017:05:15:14 +0530] "GET /project_details_view.php?id=764 HTTP/1.1" 200 15376 "-" "Mozilla/5.0 (compatible; bingbot/2.0; +http://www.bing.com/bingbot.htm)"
40.77.167.42 - - [21/Jun/2017:05:15:23 +0530] "GET /downloads/Template_sharing%202Percent.doc HTTP/1.1" 200 73728 "-" "Mozilla/5.0 (compatible; bingbot/2.0; +http://www.bing.com/bingbot.htm)"
66.249.66.133 - - [21/Jun/2017:05:16:06 +0530] "GET /images/NCDMA%20PCN%20Format%2017072009.doc HTTP/1.1" 200 114176 "-" "Mozilla/5.0 (Linux; Android 6.0.1; Nexus 5X Build/MMB29P) AppleWebKit/537.36 (KHTML, like Gecko) Chrome/41.0.2272.96 Mobile Safari/537.36 (compatible; Googlebot/2.1; +http://www.google.com/bot.html)"
40.77.167.42 - - [21/Jun/2017:05:17:20 +0530] "GET /detail_events.php?id= HTTP/1.1" 302 16741 "-" "Mozilla/5.0 (compatible; bingbot/2.0; +http://www.bing.com/bingbot.htm)"
40.77.167.42 - - [21/Jun/2017:05:17:21 +0530] "GET /logout.php HTTP/1.1" 302 369 "-" "Mozilla/5.0 (compatible; bingbot/2.0; +http://www.bing.com/bingbot.htm)"
40.77.167.42 - - [21/Jun/2017:05:17:22 +0530] "GET /index.php HTTP/1.1" 200 19483 "-" "Mozilla/5.0 (compatible; bingbot/2.0; +http://www.bing.com/bingbot.htm)"
40.77.167.42 - - [21/Jun/2017:05:19:39 +0530] "GET /sitemap.php HTTP/1.1" 200 18472 "-" "Mozilla/5.0 (compatible; bingbot/2.0; +http://www.bing.com/bingbot.htm)"
35.184.189.105 - - [21/Jun/2017:05:23:09 +0530] "GET /robots.txt HTTP/1.1" 404 208 "-" "ltx71 - (http://ltx71.com/)"
40.77.167.42 - - [21/Jun/2017:05:28:53 +0530] "GET /imp_links.php HTTP/1.1" 200 17837 "-" "Mozilla/5.0 (compatible; bingbot/2.0; +http://www.bing.com/bingbot.htm)"
66.249.66.129 - - [21/Jun/2017:05:33:15 +0530] "GET /project_details_view.php?id=914 HTTP/1.1" 200 14412 "-" "Mozilla/5.0 (compatible; Googlebot/2.1; +http://www.google.com/bot.html)"
157.55.39.3 - - [21/Jun/2017:05:34:54 +0530] "GET /robots.txt HTTP/1.1" 404 208 "-" "Mozilla/5.0 (compatible; bingbot/2.0; +http://www.bing.com/bingbot.htm)"
40.77.167.42 - - [21/Jun/2017:05:34:54 +0530] "GET /constitution.php HTTP/1.1" 200 23672 "-" "Mozilla/5.0 (compatible; bingbot/2.0; +http://www.bing.com/bingbot.htm)"
146.148.64.128 - - [21/Jun/2017:05:34:54 +0530] "GET /robots.txt HTTP/1.1" 404 208 "-" "ltx71 - (http://ltx71.com/)"
196.52.43.62 - - [21/Jun/2017:05:39:26 +0530] "GET / HTTP/1.1" 200 19483 "-" "-"
157.55.39.180 - - [21/Jun/2017:05:44:19 +0530] "GET /downloads/Comparision%20of%20PCN_30.03.doc HTTP/1.1" 200 49664 "-" "Mozilla/5.0 (compatible; bingbot/2.0; +http://www.bing.com/bingbot.htm)"
54.173.165.103 - - [21/Jun/2017:05:47:27 +0530] "GET / HTTP/1.1" 200 19483 "-" "Mozilla/5.0 (X11; Linux x86_64) AppleWebKit/537.36 (KHTML, like Gecko) Chrome/43.0.2357.134 Safari/537.36 http://notifyninja.com/monitoring"
90.57.152.51 - - [21/Jun/2017:05:48:12 +0530] "GET /robots.txt HTTP/1.1" 404 208 "-" "Java/1.8.0_101"
157.55.39.174 - - [21/Jun/2017:05:52:38 +0530] "GET /contactus.php HTTP/1.1" 200 18295 "-" "Mozilla/5.0 (compatible; bingbot/2.0; +http://www.bing.com/bingbot.htm)"
66.249.66.131 - - [21/Jun/2017:05:53:25 +0530] "GET /project_details_view.php?id=1235 HTTP/1.1" 200 15049 "-" "Mozilla/5.0 (compatible; Googlebot/2.1; +http://www.google.com/bot.html)"
66.249.66.133 - - [21/Jun/2017:05:55:40 +0530] "GET /downloads/Comparision%20of%20PCN_30.03.doc HTTP/1.1" 200 49664 "-" "Mozilla/5.0 (Linux; Android 6.0.1; Nexus 5X Build/MMB29P) AppleWebKit/537.36 (KHTML, like Gecko) Chrome/41.0.2272.96 Mobile Safari/537.36 (compatible; Googlebot/2.1; +http://www.google.com/bot.html)"
157.55.39.174 - - [21/Jun/2017:05:59:21 +0530] "GET /registration.php HTTP/1.1" 302 28532 "-" "Mozilla/5.0 (compatible; bingbot/2.0; +http://www.bing.com/bingbot.htm)"
157.55.39.174 - - [21/Jun/2017:05:59:22 +0530] "GET /logout.php HTTP/1.1" 302 369 "-" "Mozilla/5.0 (compatible; bingbot/2.0; +http://www.bing.com/bingbot.htm)"
157.55.39.174 - - [21/Jun/2017:05:59:23 +0530] "GET /index.php HTTP/1.1" 200 19483 "-" "Mozilla/5.0 (compatible; bingbot/2.0; +http://www.bing.com/bingbot.htm)"
220.181.108.116 - - [21/Jun/2017:06:05:20 +0530] "GET / HTTP/1.1" 200 19483 "-" "Mozilla/5.0 (compatible; Baiduspider/2.0; +http://www.baidu.com/search/spider.html)"
64.233.173.47 - - [21/Jun/2017:06:06:10 +0530] "GET /includes/ncdma.css HTTP/1.1" 200 13023 "https://www.google.co.in/search?q=sumez+hydro+power+project&oq=sumez+&aqs=chrome.0.69i59j69i57j69i59j35i39.2637j0j4&client=ms-android-vivo&sourceid=chrome-mobile&ie=UTF-8" "Mozilla/5.0 (Linux; Android 6.0.1; vivo 1611 Build/MMB29M) AppleWebKit/537.36 (KHTML, like Gecko) Chrome/56.0.2924.87 Mobile Safari/537.36"
64.233.173.51 - - [21/Jun/2017:06:06:10 +0530] "GET /ncdma.css HTTP/1.1" 200 12640 "https://www.google.co.in/search?q=sumez+hydro+power+project&oq=sumez+&aqs=chrome.0.69i59j69i57j69i59j35i39.2637j0j4&client=ms-android-vivo&sourceid=chrome-mobile&ie=UTF-8" "Mozilla/5.0 (Linux; Android 6.0.1; vivo 1611 Build/MMB29M) AppleWebKit/537.36 (KHTML, like Gecko) Chrome/56.0.2924.87 Mobile Safari/537.36"
64.233.173.51 - - [21/Jun/2017:06:06:10 +0530] "GET /Scripts/AC_RunActiveContent.js HTTP/1.1" 200 8321 "https://www.google.co.in/search?q=sumez+hydro+power+project&oq=sumez+&aqs=chrome.0.69i59j69i57j69i59j35i39.2637j0j4&client=ms-android-vivo&sourceid=chrome-mobile&ie=UTF-8" "Mozilla/5.0 (Linux; Android 6.0.1; vivo 1611 Build/MMB29M) AppleWebKit/537.36 (KHTML, like Gecko) Chrome/56.0.2924.87 Mobile Safari/537.36"
64.233.173.49 - - [21/Jun/2017:06:06:10 +0530] "GET /project_details_view.php?id=754 HTTP/1.1" 200 14249 "https://www.google.co.in/" "Mozilla/5.0 (Linux; Android 6.0.1; vivo 1611 Build/MMB29M) AppleWebKit/537.36 (KHTML, like Gecko) Chrome/56.0.2924.87 Mobile Safari/537.36"
64.233.173.47 - - [21/Jun/2017:06:06:11 +0530] "GET /images/img1.jpg HTTP/1.1" 200 1251 "http://www.cdmindia.gov.in/project_details_view.php?id=754" "Mozilla/5.0 (Linux; Android 6.0.1; vivo 1611 Build/MMB29M) AppleWebKit/537.36 (KHTML, like Gecko) Chrome/56.0.2924.87 Mobile Safari/537.36"
64.233.173.51 - - [21/Jun/2017:06:06:11 +0530] "GET /images/bullet4.gif HTTP/1.1" 200 67 "http://www.cdmindia.gov.in/project_details_view.php?id=754" "Mozilla/5.0 (Linux; Android 6.0.1; vivo 1611 Build/MMB29M) AppleWebKit/537.36 (KHTML, like Gecko) Chrome/56.0.2924.87 Mobile Safari/537.36"
64.233.173.47 - - [21/Jun/2017:06:06:11 +0530] "GET /images/bulllet2.gif HTTP/1.1" 200 58 "http://www.cdmindia.gov.in/project_details_view.php?id=754" "Mozilla/5.0 (Linux; Android 6.0.1; vivo 1611 Build/MMB29M) AppleWebKit/537.36 (KHTML, like Gecko) Chrome/56.0.2924.87 Mobile Safari/537.36"
64.233.173.47 - - [21/Jun/2017:06:06:11 +0530] "GET /images/gtz.jpg HTTP/1.1" 200 15484 "http://www.cdmindia.gov.in/project_details_view.php?id=754" "Mozilla/5.0 (Linux; Android 6.0.1; vivo 1611 Build/MMB29M) AppleWebKit/537.36 (KHTML, like Gecko) Chrome/56.0.2924.87 Mobile Safari/537.36"
64.233.173.49 - - [21/Jun/2017:06:06:11 +0530] "GET /images/spacer.gif HTTP/1.1" 200 43 "http://www.cdmindia.gov.in/project_details_view.php?id=754" "Mozilla/5.0 (Linux; Android 6.0.1; vivo 1611 Build/MMB29M) AppleWebKit/537.36 (KHTML, like Gecko) Chrome/56.0.2924.87 Mobile Safari/537.36"
64.233.173.47 - - [21/Jun/2017:06:06:11 +0530] "GET /images/bullet1.gif HTTP/1.1" 200 67 "http://www.cdmindia.gov.in/project_details_view.php?id=754" "Mozilla/5.0 (Linux; Android 6.0.1; vivo 1611 Build/MMB29M) AppleWebKit/537.36 (KHTML, like Gecko) Chrome/56.0.2924.87 Mobile Safari/537.36"
64.233.173.49 - - [21/Jun/2017:06:06:11 +0530] "GET /images/img2.jpg HTTP/1.1" 200 16276 "http://www.cdmindia.gov.in/project_details_view.php?id=754" "Mozilla/5.0 (Linux; Android 6.0.1; vivo 1611 Build/MMB29M) AppleWebKit/537.36 (KHTML, like Gecko) Chrome/56.0.2924.87 Mobile Safari/537.36"
64.233.173.51 - - [21/Jun/2017:06:06:12 +0530] "GET /images/fbg.jpg HTTP/1.1" 200 325 "http://www.cdmindia.gov.in/project_details_view.php?id=754" "Mozilla/5.0 (Linux; Android 6.0.1; vivo 1611 Build/MMB29M) AppleWebKit/537.36 (KHTML, like Gecko) Chrome/56.0.2924.87 Mobile Safari/537.36"
64.233.173.51 - - [21/Jun/2017:06:06:11 +0530] "GET /images/img3.jpg HTTP/1.1" 200 26957 "http://www.cdmindia.gov.in/project_details_view.php?id=754" "Mozilla/5.0 (Linux; Android 6.0.1; vivo 1611 Build/MMB29M) AppleWebKit/537.36 (KHTML, like Gecko) Chrome/56.0.2924.87 Mobile Safari/537.36"
64.233.173.51 - - [21/Jun/2017:06:06:12 +0530] "GET /images/fdm.jpg HTTP/1.1" 200 2043 "http://www.cdmindia.gov.in/project_details_view.php?id=754" "Mozilla/5.0 (Linux; Android 6.0.1; vivo 1611 Build/MMB29M) AppleWebKit/537.36 (KHTML, like Gecko) Chrome/56.0.2924.87 Mobile Safari/537.36"
64.233.173.49 - - [21/Jun/2017:06:06:12 +0530] "GET /favicon.ico HTTP/1.1" 200 1189 "http://www.cdmindia.gov.in/project_details_view.php?id=754" "Mozilla/5.0 (Linux; Android 6.0.1; vivo 1611 Build/MMB29M) AppleWebKit/537.36 (KHTML, like Gecko) Chrome/56.0.2924.87 Mobile Safari/537.36"
157.55.39.174 - - [21/Jun/2017:06:07:07 +0530] "GET /registration.php HTTP/1.1" 302 28532 "-" "Mozilla/5.0 (compatible; bingbot/2.0; +http://www.bing.com/bingbot.htm)"
157.55.39.174 - - [21/Jun/2017:06:07:08 +0530] "GET /logout.php HTTP/1.1" 302 369 "-" "Mozilla/5.0 (compatible; bingbot/2.0; +http://www.bing.com/bingbot.htm)"
157.55.39.174 - - [21/Jun/2017:06:07:09 +0530] "GET /index.php HTTP/1.1" 200 19483 "-" "Mozilla/5.0 (compatible; bingbot/2.0; +http://www.bing.com/bingbot.htm)"
40.77.167.35 - - [21/Jun/2017:06:08:19 +0530] "GET /detail_news.php?id=19 HTTP/1.1" 302 19085 "-" "Mozilla/5.0 (compatible; bingbot/2.0; +http://www.bing.com/bingbot.htm)"
40.77.167.35 - - [21/Jun/2017:06:08:28 +0530] "GET /logout.php HTTP/1.1" 302 369 "-" "Mozilla/5.0 (compatible; bingbot/2.0; +http://www.bing.com/bingbot.htm)"
40.77.167.35 - - [21/Jun/2017:06:08:29 +0530] "GET /index.php HTTP/1.1" 200 19483 "-" "Mozilla/5.0 (compatible; bingbot/2.0; +http://www.bing.com/bingbot.htm)"
125.78.229.208 - - [21/Jun/2017:06:10:06 +0530] "GET / HTTP/1.0" 200 19483 "http://www.cdmindia.gov.in/" "Mozilla/4.0 (compatible; MSIE 6.0; Windows NT 5.1; SV1; .NET CLR 2.0.50727)"
34.207.98.73 - - [21/Jun/2017:06:11:03 +0530] "GET /robots.txt HTTP/1.0" 404 208 "-" "ia_archiver"
34.207.98.73 - - [21/Jun/2017:06:11:04 +0530] "GET /project_details_view.php?id=1143 HTTP/1.0" 200 14469 "-" "ia_archiver"
64.233.173.47 - - [21/Jun/2017:06:12:24 +0530] "GET /project_details_view.php?id=1258 HTTP/1.1" 200 14035 "https://www.google.co.in/" "Mozilla/5.0 (Linux; Android 6.0.1; vivo 1611 Build/MMB29M) AppleWebKit/537.36 (KHTML, like Gecko) Chrome/56.0.2924.87 Mobile Safari/537.36"
40.77.167.35 - - [21/Jun/2017:06:12:55 +0530] "GET /downloads/Carbon%20Market%20Roadmap.pdf HTTP/1.1" 200 4344697 "-" "Mozilla/5.0 (compatible; bingbot/2.0; +http://www.bing.com/bingbot.htm)"
64.233.173.49 - - [21/Jun/2017:06:15:04 +0530] "GET /project_details_view.php?id=1258 HTTP/1.1" 200 14035 "https://www.google.co.in/" "Mozilla/5.0 (Linux; Android 6.0.1; vivo 1611 Build/MMB29M) AppleWebKit/537.36 (KHTML, like Gecko) Chrome/56.0.2924.87 Mobile Safari/537.36"
35.184.189.105 - - [21/Jun/2017:06:15:16 +0530] "GET /robots.txt HTTP/1.1" 404 208 "-" "ltx71 - (http://ltx71.com/)"
34.207.98.73 - - [21/Jun/2017:06:17:40 +0530] "GET /robots.txt HTTP/1.0" 404 208 "-" "ia_archiver"
34.207.98.73 - - [21/Jun/2017:06:17:40 +0530] "GET /project_details_view.php?id=1739 HTTP/1.0" 200 13986 "-" "ia_archiver"
34.207.98.73 - - [21/Jun/2017:06:18:41 +0530] "GET /project_details_view.php?id=488 HTTP/1.0" 200 14895 "-" "ia_archiver"
40.77.167.42 - - [21/Jun/2017:06:20:26 +0530] "GET /project_details_view_report.php?id=1792 HTTP/1.1" 200 13219 "-" "Mozilla/5.0 (compatible; bingbot/2.0; +http://www.bing.com/bingbot.htm)"
157.55.39.174 - - [21/Jun/2017:06:23:26 +0530] "GET /approval_process.php HTTP/1.1" 200 25915 "-" "Mozilla/5.0 (compatible; bingbot/2.0; +http://www.bing.com/bingbot.htm)"
66.249.66.133 - - [21/Jun/2017:06:27:02 +0530] "GET /project_details_view_report.php?id=419 HTTP/1.1" 200 13168 "-" "Mozilla/5.0 (compatible; Googlebot/2.1; +http://www.google.com/bot.html)"
66.249.66.133 - - [21/Jun/2017:06:28:54 +0530] "GET /project_details_view.php?id=866 HTTP/1.1" 200 15119 "-" "Mozilla/5.0 (compatible; Googlebot/2.1; +http://www.google.com/bot.html)"
40.77.167.35 - - [21/Jun/2017:06:29:39 +0530] "GET /images/NCDMA%20PCN%20Format%2017072009.doc HTTP/1.1" 200 114176 "-" "Mozilla/5.0 (compatible; bingbot/2.0; +http://www.bing.com/bingbot.htm)"
157.55.39.174 - - [21/Jun/2017:06:30:46 +0530] "GET /project_details_view.php?id=1547 HTTP/1.1" 200 13908 "-" "Mozilla/5.0 (iPhone; CPU iPhone OS 7_0 like Mac OS X) AppleWebKit/537.51.1 (KHTML, like Gecko) Version/7.0 Mobile/11A465 Safari/9537.53 (compatible; bingbot/2.0; +http://www.bing.com/bingbot.htm)"
104.254.244.125 - - [21/Jun/2017:06:30:48 +0530] "GET /detail_news.php?id=3 HTTP/1.1" 200 18400 "http://www.cdmindia.gov.in/detail_news.php?id=3" "Mozilla/5.0 (Windows; U; Windows NT 5.1; pt-PT; rv:1.9.1.2) Gecko/20090729 Firefox/3.5.2 (.NET CLR 3.5.30729)"
104.254.244.125 - - [21/Jun/2017:06:30:49 +0530] "GET /detail_news.php?id=3'A=0 HTTP/1.1" 200 11733 "http://www.cdmindia.gov.in/detail_news.php?id=3'A=0" "Mozilla/5.0 (Windows; U; Windows NT 5.1; pt-PT; rv:1.9.1.2) Gecko/20090729 Firefox/3.5.2 (.NET CLR 3.5.30729)"
157.55.39.81 - - [21/Jun/2017:06:33:41 +0530] "GET /images/fbg.jpg HTTP/1.1" 200 325 "-" "Mozilla/5.0 (compatible; bingbot/2.0; +http://www.bing.com/bingbot.htm)"
40.77.167.35 - - [21/Jun/2017:06:33:45 +0530] "GET /images/img3.jpg HTTP/1.1" 200 26957 "-" "Mozilla/5.0 (compatible; bingbot/2.0; +http://www.bing.com/bingbot.htm)"
157.55.39.81 - - [21/Jun/2017:06:35:10 +0530] "GET /Approved_proj_reports_list_details.php?id=1&reporttype=&scale=&sdt=&edt=&exec=&page=6 HTTP/1.1" 200 17283 "-" "Mozilla/5.0 (compatible; bingbot/2.0; +http://www.bing.com/bingbot.htm)"
66.249.66.129 - - [21/Jun/2017:06:35:14 +0530] "GET /reports_new.php?n=1 HTTP/1.1" 200 22414 "-" "Mozilla/5.0 (Linux; Android 6.0.1; Nexus 5X Build/MMB29P) AppleWebKit/537.36 (KHTML, like Gecko) Chrome/41.0.2272.96 Mobile Safari/537.36 (compatible; Googlebot/2.1; +http://www.google.com/bot.html)"
164.132.161.66 - - [21/Jun/2017:06:35:34 +0530] "GET / HTTP/1.1" 200 19483 "-" "Mozilla/5.0 (compatible; AhrefsBot/5.2; +http://ahrefs.com/robot/)"
5.196.87.48 - - [21/Jun/2017:06:39:55 +0530] "GET /robots.txt HTTP/1.1" 404 208 "-" "Mozilla/5.0 (compatible; AhrefsBot/5.2; +http://ahrefs.com/robot/)"
146.148.64.128 - - [21/Jun/2017:06:43:55 +0530] "GET /robots.txt HTTP/1.1" 404 208 "-" "ltx71 - (http://ltx71.com/)"
164.132.161.33 - - [21/Jun/2017:06:45:45 +0530] "GET /logout.php HTTP/1.1" 302 369 "-" "Mozilla/5.0 (compatible; AhrefsBot/5.2; +http://ahrefs.com/robot/)"
216.244.66.248 - - [21/Jun/2017:06:46:35 +0530] "GET /robots.txt HTTP/1.1" 404 208 "-" "Mozilla/5.0 (compatible; DotBot/1.1; http://www.opensiteexplorer.org/dotbot, help@moz.com)"
40.77.167.35 - - [21/Jun/2017:06:48:08 +0530] "GET /future_projects.php HTTP/1.1" 302 26213 "-" "Mozilla/5.0 (compatible; bingbot/2.0; +http://www.bing.com/bingbot.htm)"
40.77.167.35 - - [21/Jun/2017:06:48:11 +0530] "GET /logout.php HTTP/1.1" 302 369 "-" "Mozilla/5.0 (compatible; bingbot/2.0; +http://www.bing.com/bingbot.htm)"
40.77.167.35 - - [21/Jun/2017:06:48:11 +0530] "GET /index.php HTTP/1.1" 200 19483 "-" "Mozilla/5.0 (compatible; bingbot/2.0; +http://www.bing.com/bingbot.htm)"
106.78.178.56 - - [21/Jun/2017:06:53:09 +0530] "GET /project_details_view_report.php?id=152 HTTP/1.1" 200 13080 "android-app://com.google.android.googlequicksearchbox" "Mozilla/5.0 (Linux; Android 6.0.1; SM-J700F Build/MMB29K) AppleWebKit/537.36 (KHTML, like Gecko) Chrome/56.0.2924.87 Mobile Safari/537.36"
106.78.178.56 - - [21/Jun/2017:06:53:10 +0530] "GET /includes/ncdma.css HTTP/1.1" 200 13023 "http://www.cdmindia.gov.in/project_details_view_report.php?id=152" "Mozilla/5.0 (Linux; Android 6.0.1; SM-J700F Build/MMB29K) AppleWebKit/537.36 (KHTML, like Gecko) Chrome/56.0.2924.87 Mobile Safari/537.36"
106.78.178.56 - - [21/Jun/2017:06:53:10 +0530] "GET /Scripts/AC_RunActiveContent.js HTTP/1.1" 200 8321 "http://www.cdmindia.gov.in/project_details_view_report.php?id=152" "Mozilla/5.0 (Linux; Android 6.0.1; SM-J700F Build/MMB29K) AppleWebKit/537.36 (KHTML, like Gecko) Chrome/56.0.2924.87 Mobile Safari/537.36"
106.78.178.56 - - [21/Jun/2017:06:53:10 +0530] "GET /ncdma.css HTTP/1.1" 200 12640 "http://www.cdmindia.gov.in/project_details_view_report.php?id=152" "Mozilla/5.0 (Linux; Android 6.0.1; SM-J700F Build/MMB29K) AppleWebKit/537.36 (KHTML, like Gecko) Chrome/56.0.2924.87 Mobile Safari/537.36"
106.78.178.56 - - [21/Jun/2017:06:53:10 +0530] "GET /images/img2.jpg HTTP/1.1" 200 16276 "http://www.cdmindia.gov.in/project_details_view_report.php?id=152" "Mozilla/5.0 (Linux; Android 6.0.1; SM-J700F Build/MMB29K) AppleWebKit/537.36 (KHTML, like Gecko) Chrome/56.0.2924.87 Mobile Safari/537.36"
106.78.178.56 - - [21/Jun/2017:06:53:10 +0530] "GET /images/fdm.jpg HTTP/1.1" 200 2043 "http://www.cdmindia.gov.in/project_details_view_report.php?id=152" "Mozilla/5.0 (Linux; Android 6.0.1; SM-J700F Build/MMB29K) AppleWebKit/537.36 (KHTML, like Gecko) Chrome/56.0.2924.87 Mobile Safari/537.36"
106.78.178.56 - - [21/Jun/2017:06:53:10 +0530] "GET /images/fbg.jpg HTTP/1.1" 200 325 "http://www.cdmindia.gov.in/project_details_view_report.php?id=152" "Mozilla/5.0 (Linux; Android 6.0.1; SM-J700F Build/MMB29K) AppleWebKit/537.36 (KHTML, like Gecko) Chrome/56.0.2924.87 Mobile Safari/537.36"
106.78.178.56 - - [21/Jun/2017:06:53:11 +0530] "GET /images/img1.jpg HTTP/1.1" 200 1251 "http://www.cdmindia.gov.in/project_details_view_report.php?id=152" "Mozilla/5.0 (Linux; Android 6.0.1; SM-J700F Build/MMB29K) AppleWebKit/537.36 (KHTML, like Gecko) Chrome/56.0.2924.87 Mobile Safari/537.36"
106.78.178.56 - - [21/Jun/2017:06:53:11 +0530] "GET /images/gtz.jpg HTTP/1.1" 200 15484 "http://www.cdmindia.gov.in/project_details_view_report.php?id=152" "Mozilla/5.0 (Linux; Android 6.0.1; SM-J700F Build/MMB29K) AppleWebKit/537.36 (KHTML, like Gecko) Chrome/56.0.2924.87 Mobile Safari/537.36"
106.78.178.56 - - [21/Jun/2017:06:53:11 +0530] "GET /images/img3.jpg HTTP/1.1" 200 26957 "http://www.cdmindia.gov.in/project_details_view_report.php?id=152" "Mozilla/5.0 (Linux; Android 6.0.1; SM-J700F Build/MMB29K) AppleWebKit/537.36 (KHTML, like Gecko) Chrome/56.0.2924.87 Mobile Safari/537.36"
106.78.178.56 - - [21/Jun/2017:06:53:11 +0530] "GET /images/spacer.gif HTTP/1.1" 200 43 "http://www.cdmindia.gov.in/project_details_view_report.php?id=152" "Mozilla/5.0 (Linux; Android 6.0.1; SM-J700F Build/MMB29K) AppleWebKit/537.36 (KHTML, like Gecko) Chrome/56.0.2924.87 Mobile Safari/537.36"
106.78.178.56 - - [21/Jun/2017:06:53:11 +0530] "GET /images/bullet1.gif HTTP/1.1" 200 67 "http://www.cdmindia.gov.in/project_details_view_report.php?id=152" "Mozilla/5.0 (Linux; Android 6.0.1; SM-J700F Build/MMB29K) AppleWebKit/537.36 (KHTML, like Gecko) Chrome/56.0.2924.87 Mobile Safari/537.36"
106.78.178.56 - - [21/Jun/2017:06:53:11 +0530] "GET /images/bulllet2.gif HTTP/1.1" 200 58 "http://www.cdmindia.gov.in/project_details_view_report.php?id=152" "Mozilla/5.0 (Linux; Android 6.0.1; SM-J700F Build/MMB29K) AppleWebKit/537.36 (KHTML, like Gecko) Chrome/56.0.2924.87 Mobile Safari/537.36"
106.78.178.56 - - [21/Jun/2017:06:53:11 +0530] "GET /images/bullet4.gif HTTP/1.1" 200 67 "http://www.cdmindia.gov.in/project_details_view_report.php?id=152" "Mozilla/5.0 (Linux; Android 6.0.1; SM-J700F Build/MMB29K) AppleWebKit/537.36 (KHTML, like Gecko) Chrome/56.0.2924.87 Mobile Safari/537.36"
106.78.178.56 - - [21/Jun/2017:06:53:11 +0530] "GET /favicon.ico HTTP/1.1" 200 1189 "http://www.cdmindia.gov.in/project_details_view_report.php?id=152" "Mozilla/5.0 (Linux; Android 6.0.1; SM-J700F Build/MMB29K) AppleWebKit/537.36 (KHTML, like Gecko) Chrome/56.0.2924.87 Mobile Safari/537.36"
157.55.39.81 - - [21/Jun/2017:06:54:42 +0530] "GET /Approved_proj_reports_list_details.php?id=1&reporttype=1&scale=&sdt=&edt=&exec=&page=4 HTTP/1.1" 200 16661 "-" "Mozilla/5.0 (compatible; bingbot/2.0; +http://www.bing.com/bingbot.htm)"
40.77.167.42 - - [21/Jun/2017:06:55:24 +0530] "GET /sitemap.php HTTP/1.1" 200 18472 "-" "Mozilla/5.0 (compatible; bingbot/2.0; +http://www.bing.com/bingbot.htm)"
66.249.66.133 - - [21/Jun/2017:06:57:34 +0530] "GET /approved_projects.php?n=1 HTTP/1.1" 200 16645 "-" "Mozilla/5.0 (Linux; Android 6.0.1; Nexus 5X Build/MMB29P) AppleWebKit/537.36 (KHTML, like Gecko) Chrome/41.0.2272.96 Mobile Safari/537.36 (compatible; Googlebot/2.1; +http://www.google.com/bot.html)"
66.249.66.129 - - [21/Jun/2017:06:59:25 +0530] "GET /project_details_view_report.php?id=1809 HTTP/1.1" 200 13237 "-" "Mozilla/5.0 (compatible; Googlebot/2.1; +http://www.google.com/bot.html)"
40.77.167.42 - - [21/Jun/2017:07:00:10 +0530] "GET /capacity_building.php HTTP/1.1" 200 19189 "-" "Mozilla/5.0 (compatible; bingbot/2.0; +http://www.bing.com/bingbot.htm)"
78.164.187.155 - - [21/Jun/2017:07:00:23 +0530] "GET /wp-login.php HTTP/1.1" 404 210 "-" "Mozilla/5.0 (Linux; U; Android 2.2) AppleWebKit/533.1 (KHTML, like Gecko) Version/4.0 Mobile Safari/533.1"
78.164.187.155 - - [21/Jun/2017:07:00:24 +0530] "GET /administrator/index.php HTTP/1.1" 404 221 "-" "Mozilla/5.0 (Linux; U; Android 2.2) AppleWebKit/533.1 (KHTML, like Gecko) Version/4.0 Mobile Safari/533.1"
78.164.187.155 - - [21/Jun/2017:07:00:25 +0530] "GET /admin.php HTTP/1.1" 404 207 "-" "Mozilla/5.0 (Linux; U; Android 2.2) AppleWebKit/533.1 (KHTML, like Gecko) Version/4.0 Mobile Safari/533.1"
78.164.187.155 - - [21/Jun/2017:07:00:25 +0530] "GET /bitrix/admin/index.php?lang=en HTTP/1.1" 404 220 "-" "Mozilla/5.0 (Linux; U; Android 2.2) AppleWebKit/533.1 (KHTML, like Gecko) Version/4.0 Mobile Safari/533.1"
78.164.187.155 - - [21/Jun/2017:07:00:26 +0530] "GET /admin/login.php HTTP/1.1" 200 6924 "-" "Mozilla/5.0 (Linux; U; Android 2.2) AppleWebKit/533.1 (KHTML, like Gecko) Version/4.0 Mobile Safari/533.1"
78.164.187.155 - - [21/Jun/2017:07:00:27 +0530] "GET /admin/ HTTP/1.1" 200 6171 "-" "Mozilla/5.0 (Linux; U; Android 2.2) AppleWebKit/533.1 (KHTML, like Gecko) Version/4.0 Mobile Safari/533.1"
78.164.187.155 - - [21/Jun/2017:07:00:28 +0530] "GET /user/ HTTP/1.1" 404 203 "-" "Mozilla/5.0 (Linux; U; Android 2.2) AppleWebKit/533.1 (KHTML, like Gecko) Version/4.0 Mobile Safari/533.1"
216.244.66.196 - - [21/Jun/2017:07:01:03 +0530] "GET /robots.txt HTTP/1.1" 404 208 "-" "Mozilla/5.0 (compatible; DotBot/1.1; http://www.opensiteexplorer.org/dotbot, help@moz.com)"
146.148.64.128 - - [21/Jun/2017:07:02:14 +0530] "GET /robots.txt HTTP/1.1" 404 208 "-" "ltx71 - (http://ltx71.com/)"
178.159.37.39 - - [21/Jun/2017:07:04:11 +0530] "GET /approval_process.php HTTP/1.0" 200 25915 "http://cdmindia.gov.in/approval_process.php" "Mozilla/5.0 (Windows NT 10.0; Win64; x64; rv:52.0) Gecko/20100101 Firefox/52.0"
178.159.37.39 - - [21/Jun/2017:07:04:12 +0530] "GET /registration.php HTTP/1.0" 200 28532 "http://cdmindia.gov.in/registration.php" "Mozilla/5.0 (Windows NT 10.0; Win64; x64; rv:52.0) Gecko/20100101 Firefox/52.0"
178.159.37.39 - - [21/Jun/2017:07:04:13 +0530] "GET /registration.php HTTP/1.0" 200 28532 "http://cdmindia.gov.in/registration.php" "Mozilla/5.0 (Windows NT 10.0; Win64; x64; rv:52.0) Gecko/20100101 Firefox/52.0"
178.159.37.39 - - [21/Jun/2017:07:04:13 +0530] "GET /registration.php HTTP/1.0" 200 28532 "http://cdmindia.gov.in/registration.php" "Mozilla/5.0 (Windows NT 10.0; Win64; x64; rv:52.0) Gecko/20100101 Firefox/52.0"
178.159.37.39 - - [21/Jun/2017:07:04:14 +0530] "GET /registration.php HTTP/1.0" 200 28532 "http://cdmindia.gov.in/registration.php" "Mozilla/5.0 (Windows NT 10.0; Win64; x64; rv:52.0) Gecko/20100101 Firefox/52.0"
157.55.39.174 - - [21/Jun/2017:07:04:40 +0530] "GET /index.php HTTP/1.1" 200 19483 "-" "Mozilla/5.0 (compatible; bingbot/2.0; +http://www.bing.com/bingbot.htm)"
66.249.66.131 - - [21/Jun/2017:07:04:54 +0530] "GET /project_details_view.php?id=1617 HTTP/1.1" 200 14723 "-" "Mozilla/5.0 (compatible; Googlebot/2.1; +http://www.google.com/bot.html)"
157.55.39.174 - - [21/Jun/2017:07:06:03 +0530] "GET /downloads/Existing%20PCN.doc HTTP/1.1" 200 114176 "-" "Mozilla/5.0 (compatible; bingbot/2.0; +http://www.bing.com/bingbot.htm)"
40.77.167.42 - - [21/Jun/2017:07:07:12 +0530] "GET /detail_news.php?id=18 HTTP/1.1" 302 18716 "-" "Mozilla/5.0 (compatible; bingbot/2.0; +http://www.bing.com/bingbot.htm)"
40.77.167.42 - - [21/Jun/2017:07:07:13 +0530] "GET /logout.php HTTP/1.1" 302 369 "-" "Mozilla/5.0 (compatible; bingbot/2.0; +http://www.bing.com/bingbot.htm)"
40.77.167.42 - - [21/Jun/2017:07:07:14 +0530] "GET /index.php HTTP/1.1" 200 19483 "-" "Mozilla/5.0 (compatible; bingbot/2.0; +http://www.bing.com/bingbot.htm)"
66.249.66.131 - - [21/Jun/2017:07:09:45 +0530] "GET /robots.txt HTTP/1.1" 404 208 "-" "Mozilla/5.0 (compatible; Googlebot/2.1; +http://www.google.com/bot.html)"
66.249.66.129 - - [21/Jun/2017:07:09:45 +0530] "GET /project_details_view_report.php?id=327 HTTP/1.1" 200 13151 "-" "Mozilla/5.0 (compatible; Googlebot/2.1; +http://www.google.com/bot.html)"
