66.249.65.129 - - [30/May/2017:07:03:53 +0530] "GET /project_details_view.php?id=902&oid=&page=63&reporttype= HTTP/1.1" 200 13993 "-" "Mozilla/5.0 (compatible; Googlebot/2.1; +http://www.google.com/bot.html)"
40.77.167.52 - - [30/May/2017:07:04:43 +0530] "GET /contactus.php HTTP/1.1" 200 18292 "-" "Mozilla/5.0 (compatible; bingbot/2.0; +http://www.bing.com/bingbot.htm)"
66.249.65.133 - - [30/May/2017:07:08:57 +0530] "GET /project_details_view.php?id=1503 HTTP/1.1" 200 15124 "-" "Mozilla/5.0 (compatible; Googlebot/2.1; +http://www.google.com/bot.html)"
157.55.39.63 - - [30/May/2017:07:11:30 +0530] "GET /aboutus.php HTTP/1.1" 200 19597 "-" "Mozilla/5.0 (compatible; bingbot/2.0; +http://www.bing.com/bingbot.htm)"
66.249.65.133 - - [30/May/2017:07:13:54 +0530] "GET /reports_list_details.php?id=tubkayrstf&reporttype=&page=271 HTTP/1.1" 200 21881 "-" "Mozilla/5.0 (compatible; Googlebot/2.1; +http://www.google.com/bot.html)"
141.8.142.74 - - [30/May/2017:07:16:15 +0530] "GET /project_details_view_report.php?id=722 HTTP/1.1" 200 13167 "-" "Mozilla/5.0 (compatible; YandexBot/3.0; +http://yandex.com/bots)"
141.8.142.74 - - [30/May/2017:07:16:19 +0530] "GET /reports_list_details.php?id=Maharashtra&reporttype=2&page=4 HTTP/1.1" 200 22124 "-" "Mozilla/5.0 (compatible; YandexBot/3.0; +http://yandex.com/bots)"
141.8.142.74 - - [30/May/2017:07:16:22 +0530] "GET /project_details_view_report.php?id=980 HTTP/1.1" 200 13137 "-" "Mozilla/5.0 (compatible; YandexBot/3.0; +http://yandex.com/bots)"
141.8.142.74 - - [30/May/2017:07:16:26 +0530] "GET /project_details_view_report.php?id=221 HTTP/1.1" 200 13092 "-" "Mozilla/5.0 (compatible; YandexBot/3.0; +http://yandex.com/bots)"
66.249.65.133 - - [30/May/2017:07:18:54 +0530] "GET /project_details_view.php?id=1667&oid=1&page=16&reporttype=1 HTTP/1.1" 200 14150 "-" "Mozilla/5.0 (compatible; Googlebot/2.1; +http://www.google.com/bot.html)"
157.55.39.63 - - [30/May/2017:07:21:24 +0530] "GET /reports_new.php?n=1 HTTP/1.1" 200 22411 "-" "Mozilla/5.0 (compatible; bingbot/2.0; +http://www.bing.com/bingbot.htm)"
66.102.6.111 - - [30/May/2017:07:22:15 +0530] "GET /project_details_view.php?id=1579 HTTP/1.1" 200 14425 "https://www.google.co.in/" "Mozilla/5.0 (Linux; Android 4.2.1; en-us; Nexus 5 Build/JOP40D) AppleWebKit/535.19 (KHTML, like Gecko; googleweblight) Chrome/38.0.1025.166 Mobile Safari/535.19"
66.102.6.115 - - [30/May/2017:07:22:15 +0530] "GET /project_details_view.php?id=1579 HTTP/1.1" 200 14425 "-" "Mozilla/5.0 (Linux; Android 4.2.1; en-us; Nexus 5 Build/JOP40D) AppleWebKit/535.19 (KHTML, like Gecko; googleweblight) Chrome/38.0.1025.166 Mobile Safari/535.19"
66.102.6.111 - - [30/May/2017:07:22:16 +0530] "GET /includes/ncdma.css HTTP/1.1" 200 13023 "http://www.cdmindia.gov.in/project_details_view.php?id=1579" "Mozilla/5.0 (Linux; Android 4.2.1; en-us; Nexus 5 Build/JOP40D) AppleWebKit/535.19 (KHTML, like Gecko; googleweblight) Chrome/38.0.1025.166 Mobile Safari/535.19"
66.102.6.115 - - [30/May/2017:07:22:16 +0530] "GET /images/bullet4.gif HTTP/1.1" 200 67 "http://www.cdmindia.gov.in/project_details_view.php?id=1579" "Mozilla/5.0 (Linux; Android 4.2.1; en-us; Nexus 5 Build/JOP40D) AppleWebKit/535.19 (KHTML, like Gecko; googleweblight) Chrome/38.0.1025.166 Mobile Safari/535.19"
66.102.6.111 - - [30/May/2017:07:22:16 +0530] "GET /images/bulllet2.gif HTTP/1.1" 200 58 "http://www.cdmindia.gov.in/project_details_view.php?id=1579" "Mozilla/5.0 (Linux; Android 4.2.1; en-us; Nexus 5 Build/JOP40D) AppleWebKit/535.19 (KHTML, like Gecko; googleweblight) Chrome/38.0.1025.166 Mobile Safari/535.19"
66.102.6.113 - - [30/May/2017:07:22:16 +0530] "GET /ncdma.css HTTP/1.1" 200 12640 "http://www.cdmindia.gov.in/project_details_view.php?id=1579" "Mozilla/5.0 (Linux; Android 4.2.1; en-us; Nexus 5 Build/JOP40D) AppleWebKit/535.19 (KHTML, like Gecko; googleweblight) Chrome/38.0.1025.166 Mobile Safari/535.19"
66.102.6.115 - - [30/May/2017:07:22:16 +0530] "GET /images/bullet1.gif HTTP/1.1" 200 67 "http://www.cdmindia.gov.in/project_details_view.php?id=1579" "Mozilla/5.0 (Linux; Android 4.2.1; en-us; Nexus 5 Build/JOP40D) AppleWebKit/535.19 (KHTML, like Gecko; googleweblight) Chrome/38.0.1025.166 Mobile Safari/535.19"
66.102.6.115 - - [30/May/2017:07:22:16 +0530] "GET /images/spacer.gif HTTP/1.1" 200 43 "http://www.cdmindia.gov.in/project_details_view.php?id=1579" "Mozilla/5.0 (Linux; Android 4.2.1; en-us; Nexus 5 Build/JOP40D) AppleWebKit/535.19 (KHTML, like Gecko; googleweblight) Chrome/38.0.1025.166 Mobile Safari/535.19"
66.102.6.111 - - [30/May/2017:07:22:16 +0530] "GET /includes/ncdma.css HTTP/1.1" 200 13023 "http://www.cdmindia.gov.in/project_details_view.php?id=1579" "Mozilla/5.0 (Linux; Android 4.2.1; en-us; Nexus 5 Build/JOP40D) AppleWebKit/535.19 (KHTML, like Gecko; googleweblight) Chrome/38.0.1025.166 Mobile Safari/535.19"
66.102.6.115 - - [30/May/2017:07:22:16 +0530] "GET /images/bulllet2.gif HTTP/1.1" 200 58 "http://www.cdmindia.gov.in/project_details_view.php?id=1579" "Mozilla/5.0 (Linux; Android 4.2.1; en-us; Nexus 5 Build/JOP40D) AppleWebKit/535.19 (KHTML, like Gecko; googleweblight) Chrome/38.0.1025.166 Mobile Safari/535.19"
66.102.6.115 - - [30/May/2017:07:22:16 +0530] "GET /images/fdm.jpg HTTP/1.1" 200 2043 "http://www.cdmindia.gov.in/project_details_view.php?id=1579" "Mozilla/5.0 (Linux; Android 4.2.1; en-us; Nexus 5 Build/JOP40D) AppleWebKit/535.19 (KHTML, like Gecko; googleweblight) Chrome/38.0.1025.166 Mobile Safari/535.19"
66.102.6.113 - - [30/May/2017:07:22:16 +0530] "GET /images/gtz.jpg HTTP/1.1" 200 15484 "http://www.cdmindia.gov.in/project_details_view.php?id=1579" "Mozilla/5.0 (Linux; Android 4.2.1; en-us; Nexus 5 Build/JOP40D) AppleWebKit/535.19 (KHTML, like Gecko; googleweblight) Chrome/38.0.1025.166 Mobile Safari/535.19"
66.102.6.115 - - [30/May/2017:07:22:16 +0530] "GET /images/spacer.gif HTTP/1.1" 200 43 "http://www.cdmindia.gov.in/project_details_view.php?id=1579" "Mozilla/5.0 (Linux; Android 4.2.1; en-us; Nexus 5 Build/JOP40D) AppleWebKit/535.19 (KHTML, like Gecko; googleweblight) Chrome/38.0.1025.166 Mobile Safari/535.19"
66.102.6.113 - - [30/May/2017:07:22:16 +0530] "GET /Scripts/AC_RunActiveContent.js HTTP/1.1" 200 8321 "http://www.cdmindia.gov.in/project_details_view.php?id=1579" "Mozilla/5.0 (Linux; Android 4.2.1; en-us; Nexus 5 Build/JOP40D) AppleWebKit/535.19 (KHTML, like Gecko; googleweblight) Chrome/38.0.1025.166 Mobile Safari/535.19"
66.102.6.111 - - [30/May/2017:07:22:16 +0530] "GET /Scripts/AC_RunActiveContent.js HTTP/1.1" 200 8321 "http://www.cdmindia.gov.in/project_details_view.php?id=1579" "Mozilla/5.0 (Linux; Android 4.2.1; en-us; Nexus 5 Build/JOP40D) AppleWebKit/535.19 (KHTML, like Gecko; googleweblight) Chrome/38.0.1025.166 Mobile Safari/535.19"
66.102.6.113 - - [30/May/2017:07:22:16 +0530] "GET /images/img1.jpg HTTP/1.1" 200 1251 "http://www.cdmindia.gov.in/project_details_view.php?id=1579" "Mozilla/5.0 (Linux; Android 4.2.1; en-us; Nexus 5 Build/JOP40D) AppleWebKit/535.19 (KHTML, like Gecko; googleweblight) Chrome/38.0.1025.166 Mobile Safari/535.19"
66.102.6.115 - - [30/May/2017:07:22:16 +0530] "GET /images/bullet1.gif HTTP/1.1" 200 67 "http://www.cdmindia.gov.in/project_details_view.php?id=1579" "Mozilla/5.0 (Linux; Android 4.2.1; en-us; Nexus 5 Build/JOP40D) AppleWebKit/535.19 (KHTML, like Gecko; googleweblight) Chrome/38.0.1025.166 Mobile Safari/535.19"
66.102.6.115 - - [30/May/2017:07:22:16 +0530] "GET /images/fdm.jpg HTTP/1.1" 200 2043 "http://www.cdmindia.gov.in/project_details_view.php?id=1579" "Mozilla/5.0 (Linux; Android 4.2.1; en-us; Nexus 5 Build/JOP40D) AppleWebKit/535.19 (KHTML, like Gecko; googleweblight) Chrome/38.0.1025.166 Mobile Safari/535.19"
66.102.6.111 - - [30/May/2017:07:22:16 +0530] "GET /images/img2.jpg HTTP/1.1" 200 16276 "http://www.cdmindia.gov.in/project_details_view.php?id=1579" "Mozilla/5.0 (Linux; Android 4.2.1; en-us; Nexus 5 Build/JOP40D) AppleWebKit/535.19 (KHTML, like Gecko; googleweblight) Chrome/38.0.1025.166 Mobile Safari/535.19"
66.102.6.113 - - [30/May/2017:07:22:16 +0530] "GET /images/fbg.jpg HTTP/1.1" 200 325 "http://www.cdmindia.gov.in/project_details_view.php?id=1579" "Mozilla/5.0 (Linux; Android 4.2.1; en-us; Nexus 5 Build/JOP40D) AppleWebKit/535.19 (KHTML, like Gecko; googleweblight) Chrome/38.0.1025.166 Mobile Safari/535.19"
66.102.6.115 - - [30/May/2017:07:22:16 +0530] "GET /images/gtz.jpg HTTP/1.1" 200 15484 "http://www.cdmindia.gov.in/project_details_view.php?id=1579" "Mozilla/5.0 (Linux; Android 4.2.1; en-us; Nexus 5 Build/JOP40D) AppleWebKit/535.19 (KHTML, like Gecko; googleweblight) Chrome/38.0.1025.166 Mobile Safari/535.19"
66.102.7.133 - - [30/May/2017:07:22:16 +0530] "GET /ncdma.css HTTP/1.1" 200 12640 "http://www.cdmindia.gov.in/project_details_view.php?id=1579" "Mozilla/5.0 (Linux; Android 4.2.1; en-us; Nexus 5 Build/JOP40D) AppleWebKit/535.19 (KHTML, like Gecko; googleweblight) Chrome/38.0.1025.166 Mobile Safari/535.19"
66.102.7.133 - - [30/May/2017:07:22:16 +0530] "GET /images/bullet4.gif HTTP/1.1" 200 67 "http://www.cdmindia.gov.in/project_details_view.php?id=1579" "Mozilla/5.0 (Linux; Android 4.2.1; en-us; Nexus 5 Build/JOP40D) AppleWebKit/535.19 (KHTML, like Gecko; googleweblight) Chrome/38.0.1025.166 Mobile Safari/535.19"
66.102.6.111 - - [30/May/2017:07:22:16 +0530] "GET /images/img3.jpg HTTP/1.1" 200 26957 "http://www.cdmindia.gov.in/project_details_view.php?id=1579" "Mozilla/5.0 (Linux; Android 4.2.1; en-us; Nexus 5 Build/JOP40D) AppleWebKit/535.19 (KHTML, like Gecko; googleweblight) Chrome/38.0.1025.166 Mobile Safari/535.19"
66.102.6.111 - - [30/May/2017:07:22:16 +0530] "GET /images/img3.jpg HTTP/1.1" 200 26957 "http://www.cdmindia.gov.in/project_details_view.php?id=1579" "Mozilla/5.0 (Linux; Android 4.2.1; en-us; Nexus 5 Build/JOP40D) AppleWebKit/535.19 (KHTML, like Gecko; googleweblight) Chrome/38.0.1025.166 Mobile Safari/535.19"
66.102.6.111 - - [30/May/2017:07:22:17 +0530] "GET /images/fbg.jpg HTTP/1.1" 200 325 "http://www.cdmindia.gov.in/project_details_view.php?id=1579" "Mozilla/5.0 (Linux; Android 4.2.1; en-us; Nexus 5 Build/JOP40D) AppleWebKit/535.19 (KHTML, like Gecko; googleweblight) Chrome/38.0.1025.166 Mobile Safari/535.19"
66.102.7.133 - - [30/May/2017:07:22:16 +0530] "GET /images/img2.jpg HTTP/1.1" 200 16276 "http://www.cdmindia.gov.in/project_details_view.php?id=1579" "Mozilla/5.0 (Linux; Android 4.2.1; en-us; Nexus 5 Build/JOP40D) AppleWebKit/535.19 (KHTML, like Gecko; googleweblight) Chrome/38.0.1025.166 Mobile Safari/535.19"
66.102.6.115 - - [30/May/2017:07:22:17 +0530] "GET /images/img1.jpg HTTP/1.1" 200 1251 "http://www.cdmindia.gov.in/project_details_view.php?id=1579" "Mozilla/5.0 (Linux; Android 4.2.1; en-us; Nexus 5 Build/JOP40D) AppleWebKit/535.19 (KHTML, like Gecko; googleweblight) Chrome/38.0.1025.166 Mobile Safari/535.19"
66.249.65.133 - - [30/May/2017:07:24:03 +0530] "GET /Approved_proj_reports_list_details.php?id=1&reporttype=1&scale=&sdt=&edt=&exec=&page=57 HTTP/1.1" 200 17156 "-" "Mozilla/5.0 (compatible; Googlebot/2.1; +http://www.google.com/bot.html)"
40.77.167.135 - - [30/May/2017:07:25:32 +0530] "GET /detail_news.php?id=19 HTTP/1.1" 302 19082 "-" "Mozilla/5.0 (compatible; bingbot/2.0; +http://www.bing.com/bingbot.htm)"
40.77.167.135 - - [30/May/2017:07:25:32 +0530] "GET /logout.php HTTP/1.1" 302 369 "-" "Mozilla/5.0 (compatible; bingbot/2.0; +http://www.bing.com/bingbot.htm)"
40.77.167.135 - - [30/May/2017:07:25:33 +0530] "GET /index.php HTTP/1.1" 200 19480 "-" "Mozilla/5.0 (compatible; bingbot/2.0; +http://www.bing.com/bingbot.htm)"
66.249.65.133 - - [30/May/2017:07:26:26 +0530] "GET /project_details_view.php?id=808&oid=1&page=57&reporttype=1 HTTP/1.1" 200 14148 "-" "Mozilla/5.0 (compatible; Googlebot/2.1; +http://www.google.com/bot.html)"
66.249.65.129 - - [30/May/2017:07:29:05 +0530] "GET /reports_list_details.php?id=Rajasthan&reporttype=2&page=13 HTTP/1.1" 200 21825 "-" "Mozilla/5.0 (compatible; Googlebot/2.1; +http://www.google.com/bot.html)"
202.46.52.206 - - [30/May/2017:07:32:05 +0530] "GET /project_details_view_report.php?id=1589 HTTP/1.1" 200 13159 "-" "Mozilla/5.0 (Windows NT 10.0; WOW64) AppleWebKit/537.36 (KHTML, like Gecko) Chrome/45.0.2454.93 Safari/537.36"
66.249.65.131 - - [30/May/2017:07:34:14 +0530] "GET /project_details_view_report.php?id=636 HTTP/1.1" 200 13211 "-" "Mozilla/5.0 (compatible; Googlebot/2.1; +http://www.google.com/bot.html)"
40.77.167.52 - - [30/May/2017:07:39:49 +0530] "GET /approval_process.php HTTP/1.1" 200 25912 "-" "Mozilla/5.0 (compatible; bingbot/2.0; +http://www.bing.com/bingbot.htm)"
66.249.65.131 - - [30/May/2017:07:44:34 +0530] "GET /project_details_view_report.php?id=1474 HTTP/1.1" 200 13171 "-" "Mozilla/5.0 (compatible; Googlebot/2.1; +http://www.google.com/bot.html)"
157.55.39.63 - - [30/May/2017:07:46:07 +0530] "GET /detail_news.php?id=18 HTTP/1.1" 302 18713 "-" "Mozilla/5.0 (compatible; bingbot/2.0; +http://www.bing.com/bingbot.htm)"
157.55.39.63 - - [30/May/2017:07:46:07 +0530] "GET /logout.php HTTP/1.1" 302 369 "-" "Mozilla/5.0 (compatible; bingbot/2.0; +http://www.bing.com/bingbot.htm)"
157.55.39.63 - - [30/May/2017:07:46:08 +0530] "GET /index.php HTTP/1.1" 200 19480 "-" "Mozilla/5.0 (compatible; bingbot/2.0; +http://www.bing.com/bingbot.htm)"
141.8.142.74 - - [30/May/2017:07:47:39 +0530] "GET /project_details_view_report.php?id=1450 HTTP/1.1" 200 13266 "-" "Mozilla/5.0 (compatible; YandexBot/3.0; +http://yandex.com/bots)"
180.76.15.148 - - [30/May/2017:07:47:40 +0530] "GET / HTTP/1.1" 200 19480 "-" "Mozilla/5.0 (compatible; Baiduspider/2.0; +http://www.baidu.com/search/spider.html)"
157.55.39.63 - - [30/May/2017:07:51:23 +0530] "GET /project_details_view_report.php?id=176 HTTP/1.1" 200 13101 "-" "Mozilla/5.0 (compatible; bingbot/2.0; +http://www.bing.com/bingbot.htm)"
40.77.167.52 - - [30/May/2017:07:54:49 +0530] "GET /approved_projects.php?n=1 HTTP/1.1" 200 16642 "-" "Mozilla/5.0 (compatible; bingbot/2.0; +http://www.bing.com/bingbot.htm)"
8.37.231.243 - - [30/May/2017:07:54:49 +0530] "GET /project_details_view.php?id=1466 HTTP/1.1" 200 14500 "http://www.google.co.in/search?site=webhp&ei=xdYsWcziContvgSPtpmgAg&q=+gemco+pvt+ltd+bhiwani&oq=+gemco+pvt+ltd+bhiwani&gs_l=mobile-gws-serp.12...64312.75495.2.76694.9.9.0.0.0.0.382.2604.2-5j4.9.0....0...1.1.64.mobile-gws-serp..2.3.868...41j33i21k1.LUGXwAebRtg" "Mozilla/5.0 (Linux; U; Android 6.0; en-US; Lenovo A7010a48 Build/MRA58K) AppleWebKit/534.30 (KHTML, like Gecko) Version/4.0 UCBrowser/11.2.0.915 U3/0.8.0 Mobile Safari/534.30"
8.37.231.243 - - [30/May/2017:07:54:50 +0530] "GET /images/gtz.jpg HTTP/1.1" 200 15484 "http://www.cdmindia.gov.in/project_details_view.php?id=1466" "Mozilla/5.0 (Linux; U; Android 6.0; en-US; Lenovo A7010a48 Build/MRA58K) AppleWebKit/534.30 (KHTML, like Gecko) Version/4.0 UCBrowser/11.2.0.915 U3/0.8.0 Mobile Safari/534.30"
8.37.231.243 - - [30/May/2017:07:54:50 +0530] "GET /images/fdm.jpg HTTP/1.1" 200 2043 "http://www.cdmindia.gov.in/project_details_view.php?id=1466" "Mozilla/5.0 (Linux; U; Android 6.0; en-US; Lenovo A7010a48 Build/MRA58K) AppleWebKit/534.30 (KHTML, like Gecko) Version/4.0 UCBrowser/11.2.0.915 U3/0.8.0 Mobile Safari/534.30"
8.37.231.243 - - [30/May/2017:07:54:50 +0530] "GET /ncdma.css HTTP/1.1" 200 12640 "http://www.cdmindia.gov.in/project_details_view.php?id=1466" "Mozilla/5.0 (Linux; U; Android 6.0; en-US; Lenovo A7010a48 Build/MRA58K) AppleWebKit/534.30 (KHTML, like Gecko) Version/4.0 UCBrowser/11.2.0.915 U3/0.8.0 Mobile Safari/534.30"
8.37.231.243 - - [30/May/2017:07:54:50 +0530] "GET /images/img2.jpg HTTP/1.1" 200 16276 "http://www.cdmindia.gov.in/project_details_view.php?id=1466" "Mozilla/5.0 (Linux; U; Android 6.0; en-US; Lenovo A7010a48 Build/MRA58K) AppleWebKit/534.30 (KHTML, like Gecko) Version/4.0 UCBrowser/11.2.0.915 U3/0.8.0 Mobile Safari/534.30"
8.37.231.243 - - [30/May/2017:07:54:50 +0530] "GET /images/bulllet2.gif HTTP/1.1" 200 58 "http://www.cdmindia.gov.in/project_details_view.php?id=1466" "Mozilla/5.0 (Linux; U; Android 6.0; en-US; Lenovo A7010a48 Build/MRA58K) AppleWebKit/534.30 (KHTML, like Gecko) Version/4.0 UCBrowser/11.2.0.915 U3/0.8.0 Mobile Safari/534.30"
8.37.231.243 - - [30/May/2017:07:54:50 +0530] "GET /images/bullet1.gif HTTP/1.1" 200 67 "http://www.cdmindia.gov.in/project_details_view.php?id=1466" "Mozilla/5.0 (Linux; U; Android 6.0; en-US; Lenovo A7010a48 Build/MRA58K) AppleWebKit/534.30 (KHTML, like Gecko) Version/4.0 UCBrowser/11.2.0.915 U3/0.8.0 Mobile Safari/534.30"
8.37.231.243 - - [30/May/2017:07:54:50 +0530] "GET /Scripts/AC_RunActiveContent.js HTTP/1.1" 200 8321 "http://www.cdmindia.gov.in/project_details_view.php?id=1466" "Mozilla/5.0 (Linux; U; Android 6.0; en-US; Lenovo A7010a48 Build/MRA58K) AppleWebKit/534.30 (KHTML, like Gecko) Version/4.0 UCBrowser/11.2.0.915 U3/0.8.0 Mobile Safari/534.30"
8.37.231.243 - - [30/May/2017:07:54:50 +0530] "GET /includes/ncdma.css HTTP/1.1" 200 13023 "http://www.cdmindia.gov.in/project_details_view.php?id=1466" "Mozilla/5.0 (Linux; U; Android 6.0; en-US; Lenovo A7010a48 Build/MRA58K) AppleWebKit/534.30 (KHTML, like Gecko) Version/4.0 UCBrowser/11.2.0.915 U3/0.8.0 Mobile Safari/534.30"
8.37.231.243 - - [30/May/2017:07:54:50 +0530] "GET /images/bullet4.gif HTTP/1.1" 200 67 "http://www.cdmindia.gov.in/project_details_view.php?id=1466" "Mozilla/5.0 (Linux; U; Android 6.0; en-US; Lenovo A7010a48 Build/MRA58K) AppleWebKit/534.30 (KHTML, like Gecko) Version/4.0 UCBrowser/11.2.0.915 U3/0.8.0 Mobile Safari/534.30"
8.37.231.243 - - [30/May/2017:07:54:50 +0530] "GET /images/spacer.gif HTTP/1.1" 200 43 "http://www.cdmindia.gov.in/project_details_view.php?id=1466" "Mozilla/5.0 (Linux; U; Android 6.0; en-US; Lenovo A7010a48 Build/MRA58K) AppleWebKit/534.30 (KHTML, like Gecko) Version/4.0 UCBrowser/11.2.0.915 U3/0.8.0 Mobile Safari/534.30"
8.37.231.243 - - [30/May/2017:07:54:50 +0530] "GET /images/img3.jpg HTTP/1.1" 200 26957 "http://www.cdmindia.gov.in/project_details_view.php?id=1466" "Mozilla/5.0 (Linux; U; Android 6.0; en-US; Lenovo A7010a48 Build/MRA58K) AppleWebKit/534.30 (KHTML, like Gecko) Version/4.0 UCBrowser/11.2.0.915 U3/0.8.0 Mobile Safari/534.30"
8.37.231.243 - - [30/May/2017:07:54:51 +0530] "GET /images/fbg.jpg HTTP/1.1" 304 - "http://www.cdmindia.gov.in/project_details_view.php?id=1466" "Mozilla/5.0 (Linux; U; Android 6.0; en-US; Lenovo A7010a48 Build/MRA58K) AppleWebKit/534.30 (KHTML, like Gecko) Version/4.0 UCBrowser/11.2.0.915 U3/0.8.0 Mobile Safari/534.30"
8.37.231.243 - - [30/May/2017:07:54:51 +0530] "GET /images/img1.jpg HTTP/1.1" 200 1251 "http://www.cdmindia.gov.in/project_details_view.php?id=1466" "Mozilla/5.0 (Linux; U; Android 6.0; en-US; Lenovo A7010a48 Build/MRA58K) AppleWebKit/534.30 (KHTML, like Gecko) Version/4.0 UCBrowser/11.2.0.915 U3/0.8.0 Mobile Safari/534.30"
8.37.231.243 - - [30/May/2017:07:54:52 +0530] "GET /images/favicon.ico HTTP/1.1" 200 1406 "http://www.cdmindia.gov.in/project_details_view.php?id=1466" "Mozilla/5.0 (Linux; U; Android 6.0; en-US; Lenovo A7010a48 Build/MRA58K) AppleWebKit/534.30 (KHTML, like Gecko) Version/4.0 UCBrowser/11.2.0.915 U3/0.8.0 Mobile Safari/534.30"
115.96.171.43 - - [30/May/2017:07:55:21 +0530] "GET /project_details_view.php?id=2081 HTTP/1.1" 200 14233 "https://www.google.co.in/" "Mozilla/5.0 (Linux; Android 7.0; Moto G (4) Build/NPJS25.93-14-4) AppleWebKit/537.36 (KHTML, like Gecko) Chrome/58.0.3029.83 Mobile Safari/537.36"
115.96.171.43 - - [30/May/2017:07:55:21 +0530] "GET /includes/ncdma.css HTTP/1.1" 200 13023 "http://www.cdmindia.gov.in/project_details_view.php?id=2081" "Mozilla/5.0 (Linux; Android 7.0; Moto G (4) Build/NPJS25.93-14-4) AppleWebKit/537.36 (KHTML, like Gecko) Chrome/58.0.3029.83 Mobile Safari/537.36"
115.96.171.43 - - [30/May/2017:07:55:21 +0530] "GET /ncdma.css HTTP/1.1" 200 12640 "http://www.cdmindia.gov.in/project_details_view.php?id=2081" "Mozilla/5.0 (Linux; Android 7.0; Moto G (4) Build/NPJS25.93-14-4) AppleWebKit/537.36 (KHTML, like Gecko) Chrome/58.0.3029.83 Mobile Safari/537.36"
115.96.171.43 - - [30/May/2017:07:55:21 +0530] "GET /Scripts/AC_RunActiveContent.js HTTP/1.1" 200 8321 "http://www.cdmindia.gov.in/project_details_view.php?id=2081" "Mozilla/5.0 (Linux; Android 7.0; Moto G (4) Build/NPJS25.93-14-4) AppleWebKit/537.36 (KHTML, like Gecko) Chrome/58.0.3029.83 Mobile Safari/537.36"
115.96.171.43 - - [30/May/2017:07:55:21 +0530] "GET /images/img1.jpg HTTP/1.1" 200 1251 "http://www.cdmindia.gov.in/project_details_view.php?id=2081" "Mozilla/5.0 (Linux; Android 7.0; Moto G (4) Build/NPJS25.93-14-4) AppleWebKit/537.36 (KHTML, like Gecko) Chrome/58.0.3029.83 Mobile Safari/537.36"
115.96.171.43 - - [30/May/2017:07:55:21 +0530] "GET /images/fdm.jpg HTTP/1.1" 200 2043 "http://www.cdmindia.gov.in/project_details_view.php?id=2081" "Mozilla/5.0 (Linux; Android 7.0; Moto G (4) Build/NPJS25.93-14-4) AppleWebKit/537.36 (KHTML, like Gecko) Chrome/58.0.3029.83 Mobile Safari/537.36"
115.96.171.43 - - [30/May/2017:07:55:21 +0530] "GET /images/fbg.jpg HTTP/1.1" 200 325 "http://www.cdmindia.gov.in/project_details_view.php?id=2081" "Mozilla/5.0 (Linux; Android 7.0; Moto G (4) Build/NPJS25.93-14-4) AppleWebKit/537.36 (KHTML, like Gecko) Chrome/58.0.3029.83 Mobile Safari/537.36"
115.96.171.43 - - [30/May/2017:07:55:21 +0530] "GET /images/gtz.jpg HTTP/1.1" 200 15484 "http://www.cdmindia.gov.in/project_details_view.php?id=2081" "Mozilla/5.0 (Linux; Android 7.0; Moto G (4) Build/NPJS25.93-14-4) AppleWebKit/537.36 (KHTML, like Gecko) Chrome/58.0.3029.83 Mobile Safari/537.36"
115.96.171.43 - - [30/May/2017:07:55:21 +0530] "GET /images/img2.jpg HTTP/1.1" 200 16276 "http://www.cdmindia.gov.in/project_details_view.php?id=2081" "Mozilla/5.0 (Linux; Android 7.0; Moto G (4) Build/NPJS25.93-14-4) AppleWebKit/537.36 (KHTML, like Gecko) Chrome/58.0.3029.83 Mobile Safari/537.36"
115.96.171.43 - - [30/May/2017:07:55:21 +0530] "GET /images/img3.jpg HTTP/1.1" 200 26957 "http://www.cdmindia.gov.in/project_details_view.php?id=2081" "Mozilla/5.0 (Linux; Android 7.0; Moto G (4) Build/NPJS25.93-14-4) AppleWebKit/537.36 (KHTML, like Gecko) Chrome/58.0.3029.83 Mobile Safari/537.36"
115.96.171.43 - - [30/May/2017:07:55:21 +0530] "GET /images/spacer.gif HTTP/1.1" 200 43 "http://www.cdmindia.gov.in/project_details_view.php?id=2081" "Mozilla/5.0 (Linux; Android 7.0; Moto G (4) Build/NPJS25.93-14-4) AppleWebKit/537.36 (KHTML, like Gecko) Chrome/58.0.3029.83 Mobile Safari/537.36"
115.96.171.43 - - [30/May/2017:07:55:21 +0530] "GET /images/bullet1.gif HTTP/1.1" 200 67 "http://www.cdmindia.gov.in/project_details_view.php?id=2081" "Mozilla/5.0 (Linux; Android 7.0; Moto G (4) Build/NPJS25.93-14-4) AppleWebKit/537.36 (KHTML, like Gecko) Chrome/58.0.3029.83 Mobile Safari/537.36"
115.96.171.43 - - [30/May/2017:07:55:21 +0530] "GET /images/bulllet2.gif HTTP/1.1" 200 58 "http://www.cdmindia.gov.in/project_details_view.php?id=2081" "Mozilla/5.0 (Linux; Android 7.0; Moto G (4) Build/NPJS25.93-14-4) AppleWebKit/537.36 (KHTML, like Gecko) Chrome/58.0.3029.83 Mobile Safari/537.36"
115.96.171.43 - - [30/May/2017:07:55:21 +0530] "GET /images/bullet4.gif HTTP/1.1" 200 67 "http://www.cdmindia.gov.in/project_details_view.php?id=2081" "Mozilla/5.0 (Linux; Android 7.0; Moto G (4) Build/NPJS25.93-14-4) AppleWebKit/537.36 (KHTML, like Gecko) Chrome/58.0.3029.83 Mobile Safari/537.36"
115.96.171.43 - - [30/May/2017:07:55:21 +0530] "GET /favicon.ico HTTP/1.1" 200 1189 "http://www.cdmindia.gov.in/project_details_view.php?id=2081" "Mozilla/5.0 (Linux; Android 7.0; Moto G (4) Build/NPJS25.93-14-4) AppleWebKit/537.36 (KHTML, like Gecko) Chrome/58.0.3029.83 Mobile Safari/537.36"
8.37.231.243 - - [30/May/2017:07:59:51 +0530] "GET /project_details_view.php?id=1466 HTTP/1.1" 200 14500 "http://www.google.co.in/search?biw=360&bih=568&site=webhp&ei=2tgsWb_7L8uBvgSj16H4Bg&q=gemco+power+plant+bhiwani+pictures&oq=gemco+power+plant+bhiwani+pict&gs_l=mobile-gws-serp.1.0.33i21k1.12521.30501.0.31960.11.11.0.0.0.0.361.3400.2-4j7.11.0....0...1.1.64.mobile-gws-serp..0.11.3398...41j33i160k1j0i22i30k1.wN6_dXd-gWM" "Mozilla/5.0 (Linux; U; Android 6.0; en-US; Lenovo A7010a48 Build/MRA58K) AppleWebKit/534.30 (KHTML, like Gecko) Version/4.0 UCBrowser/11.2.0.915 U3/0.8.0 Mobile Safari/534.30"
8.37.231.243 - - [30/May/2017:07:59:51 +0530] "GET /ncdma.css HTTP/1.1" 304 - "http://www.cdmindia.gov.in/project_details_view.php?id=1466" "Mozilla/5.0 (Linux; U; Android 6.0; en-US; Lenovo A7010a48 Build/MRA58K) AppleWebKit/534.30 (KHTML, like Gecko) Version/4.0 UCBrowser/11.2.0.915 U3/0.8.0 Mobile Safari/534.30"
8.37.231.243 - - [30/May/2017:07:59:51 +0530] "GET /images/bullet4.gif HTTP/1.1" 304 - "http://www.cdmindia.gov.in/project_details_view.php?id=1466" "Mozilla/5.0 (Linux; U; Android 6.0; en-US; Lenovo A7010a48 Build/MRA58K) AppleWebKit/534.30 (KHTML, like Gecko) Version/4.0 UCBrowser/11.2.0.915 U3/0.8.0 Mobile Safari/534.30"
8.37.231.243 - - [30/May/2017:07:59:51 +0530] "GET /Scripts/AC_RunActiveContent.js HTTP/1.1" 304 - "http://www.cdmindia.gov.in/project_details_view.php?id=1466" "Mozilla/5.0 (Linux; U; Android 6.0; en-US; Lenovo A7010a48 Build/MRA58K) AppleWebKit/534.30 (KHTML, like Gecko) Version/4.0 UCBrowser/11.2.0.915 U3/0.8.0 Mobile Safari/534.30"
8.37.231.243 - - [30/May/2017:07:59:51 +0530] "GET /includes/ncdma.css HTTP/1.1" 304 - "http://www.cdmindia.gov.in/project_details_view.php?id=1466" "Mozilla/5.0 (Linux; U; Android 6.0; en-US; Lenovo A7010a48 Build/MRA58K) AppleWebKit/534.30 (KHTML, like Gecko) Version/4.0 UCBrowser/11.2.0.915 U3/0.8.0 Mobile Safari/534.30"
8.37.231.243 - - [30/May/2017:07:59:51 +0530] "GET /images/bulllet2.gif HTTP/1.1" 304 - "http://www.cdmindia.gov.in/project_details_view.php?id=1466" "Mozilla/5.0 (Linux; U; Android 6.0; en-US; Lenovo A7010a48 Build/MRA58K) AppleWebKit/534.30 (KHTML, like Gecko) Version/4.0 UCBrowser/11.2.0.915 U3/0.8.0 Mobile Safari/534.30"
8.37.231.243 - - [30/May/2017:07:59:51 +0530] "GET /images/bullet1.gif HTTP/1.1" 200 67 "http://www.cdmindia.gov.in/project_details_view.php?id=1466" "Mozilla/5.0 (Linux; U; Android 6.0; en-US; Lenovo A7010a48 Build/MRA58K) AppleWebKit/534.30 (KHTML, like Gecko) Version/4.0 UCBrowser/11.2.0.915 U3/0.8.0 Mobile Safari/534.30"
8.37.231.243 - - [30/May/2017:07:59:51 +0530] "GET /images/spacer.gif HTTP/1.1" 200 43 "http://www.cdmindia.gov.in/project_details_view.php?id=1466" "Mozilla/5.0 (Linux; U; Android 6.0; en-US; Lenovo A7010a48 Build/MRA58K) AppleWebKit/534.30 (KHTML, like Gecko) Version/4.0 UCBrowser/11.2.0.915 U3/0.8.0 Mobile Safari/534.30"
66.249.65.8 - - [30/May/2017:08:00:05 +0530] "GET / HTTP/1.1" 200 19480 "-" "Mozilla/5.0 (compatible; Googlebot/2.1; +http://www.google.com/bot.html)"
8.37.231.243 - - [30/May/2017:08:00:05 +0530] "GET /capacity_building.php HTTP/1.1" 200 19186 "http://www.cdmindia.gov.in/project_details_view.php?id=1466" "Mozilla/5.0 (Linux; U; Android 6.0; en-US; Lenovo A7010a48 Build/MRA58K) AppleWebKit/534.30 (KHTML, like Gecko) Version/4.0 UCBrowser/11.2.0.915 U3/0.8.0 Mobile Safari/534.30"
8.37.231.243 - - [30/May/2017:08:00:06 +0530] "GET /images/bullet1.gif HTTP/1.1" 304 - "http://www.cdmindia.gov.in/capacity_building.php" "Mozilla/5.0 (Linux; U; Android 6.0; en-US; Lenovo A7010a48 Build/MRA58K) AppleWebKit/534.30 (KHTML, like Gecko) Version/4.0 UCBrowser/11.2.0.915 U3/0.8.0 Mobile Safari/534.30"
8.37.231.243 - - [30/May/2017:08:00:06 +0530] "GET /images/bullet4.gif HTTP/1.1" 304 - "http://www.cdmindia.gov.in/capacity_building.php" "Mozilla/5.0 (Linux; U; Android 6.0; en-US; Lenovo A7010a48 Build/MRA58K) AppleWebKit/534.30 (KHTML, like Gecko) Version/4.0 UCBrowser/11.2.0.915 U3/0.8.0 Mobile Safari/534.30"
8.37.231.243 - - [30/May/2017:08:00:06 +0530] "GET /includes/ncdma.css HTTP/1.1" 304 - "http://www.cdmindia.gov.in/capacity_building.php" "Mozilla/5.0 (Linux; U; Android 6.0; en-US; Lenovo A7010a48 Build/MRA58K) AppleWebKit/534.30 (KHTML, like Gecko) Version/4.0 UCBrowser/11.2.0.915 U3/0.8.0 Mobile Safari/534.30"
8.37.231.243 - - [30/May/2017:08:00:06 +0530] "GET /images/spacer.gif HTTP/1.1" 304 - "http://www.cdmindia.gov.in/capacity_building.php" "Mozilla/5.0 (Linux; U; Android 6.0; en-US; Lenovo A7010a48 Build/MRA58K) AppleWebKit/534.30 (KHTML, like Gecko) Version/4.0 UCBrowser/11.2.0.915 U3/0.8.0 Mobile Safari/534.30"
8.37.231.243 - - [30/May/2017:08:00:06 +0530] "GET /Scripts/AC_RunActiveContent.js HTTP/1.1" 304 - "http://www.cdmindia.gov.in/capacity_building.php" "Mozilla/5.0 (Linux; U; Android 6.0; en-US; Lenovo A7010a48 Build/MRA58K) AppleWebKit/534.30 (KHTML, like Gecko) Version/4.0 UCBrowser/11.2.0.915 U3/0.8.0 Mobile Safari/534.30"
8.37.231.243 - - [30/May/2017:08:00:06 +0530] "GET /js/index_validations.js HTTP/1.1" 200 3143 "http://www.cdmindia.gov.in/capacity_building.php" "Mozilla/5.0 (Linux; U; Android 6.0; en-US; Lenovo A7010a48 Build/MRA58K) AppleWebKit/534.30 (KHTML, like Gecko) Version/4.0 UCBrowser/11.2.0.915 U3/0.8.0 Mobile Safari/534.30"
8.37.231.243 - - [30/May/2017:08:00:06 +0530] "GET /images/search.jpg HTTP/1.1" 200 865 "http://www.cdmindia.gov.in/capacity_building.php" "Mozilla/5.0 (Linux; U; Android 6.0; en-US; Lenovo A7010a48 Build/MRA58K) AppleWebKit/534.30 (KHTML, like Gecko) Version/4.0 UCBrowser/11.2.0.915 U3/0.8.0 Mobile Safari/534.30"
8.37.231.243 - - [30/May/2017:08:00:06 +0530] "GET /images/go.jpg HTTP/1.1" 200 819 "http://www.cdmindia.gov.in/capacity_building.php" "Mozilla/5.0 (Linux; U; Android 6.0; en-US; Lenovo A7010a48 Build/MRA58K) AppleWebKit/534.30 (KHTML, like Gecko) Version/4.0 UCBrowser/11.2.0.915 U3/0.8.0 Mobile Safari/534.30"
8.37.231.243 - - [30/May/2017:08:00:06 +0530] "GET /ncdma.css HTTP/1.1" 304 - "http://www.cdmindia.gov.in/capacity_building.php" "Mozilla/5.0 (Linux; U; Android 6.0; en-US; Lenovo A7010a48 Build/MRA58K) AppleWebKit/534.30 (KHTML, like Gecko) Version/4.0 UCBrowser/11.2.0.915 U3/0.8.0 Mobile Safari/534.30"
8.37.231.243 - - [30/May/2017:08:00:06 +0530] "GET /images/bulllet2.gif HTTP/1.1" 304 - "http://www.cdmindia.gov.in/capacity_building.php" "Mozilla/5.0 (Linux; U; Android 6.0; en-US; Lenovo A7010a48 Build/MRA58K) AppleWebKit/534.30 (KHTML, like Gecko) Version/4.0 UCBrowser/11.2.0.915 U3/0.8.0 Mobile Safari/534.30"
8.37.231.243 - - [30/May/2017:08:00:06 +0530] "GET /images/h_cb.jpg HTTP/1.1" 200 22394 "http://www.cdmindia.gov.in/capacity_building.php" "Mozilla/5.0 (Linux; U; Android 6.0; en-US; Lenovo A7010a48 Build/MRA58K) AppleWebKit/534.30 (KHTML, like Gecko) Version/4.0 UCBrowser/11.2.0.915 U3/0.8.0 Mobile Safari/534.30"
8.37.231.243 - - [30/May/2017:08:00:06 +0530] "GET /images/login1.jpg HTTP/1.1" 200 618 "http://www.cdmindia.gov.in/capacity_building.php" "Mozilla/5.0 (Linux; U; Android 6.0; en-US; Lenovo A7010a48 Build/MRA58K) AppleWebKit/534.30 (KHTML, like Gecko) Version/4.0 UCBrowser/11.2.0.915 U3/0.8.0 Mobile Safari/534.30"
8.37.231.243 - - [30/May/2017:08:00:06 +0530] "GET /images/bullet3.gif HTTP/1.1" 200 58 "http://www.cdmindia.gov.in/capacity_building.php" "Mozilla/5.0 (Linux; U; Android 6.0; en-US; Lenovo A7010a48 Build/MRA58K) AppleWebKit/534.30 (KHTML, like Gecko) Version/4.0 UCBrowser/11.2.0.915 U3/0.8.0 Mobile Safari/534.30"
8.37.231.243 - - [30/May/2017:08:00:06 +0530] "GET /images/fe.jpg HTTP/1.1" 200 1429 "http://www.cdmindia.gov.in/capacity_building.php" "Mozilla/5.0 (Linux; U; Android 6.0; en-US; Lenovo A7010a48 Build/MRA58K) AppleWebKit/534.30 (KHTML, like Gecko) Version/4.0 UCBrowser/11.2.0.915 U3/0.8.0 Mobile Safari/534.30"
8.37.231.243 - - [30/May/2017:08:00:07 +0530] "GET /images/login.jpg HTTP/1.1" 200 1044 "http://www.cdmindia.gov.in/capacity_building.php" "Mozilla/5.0 (Linux; U; Android 6.0; en-US; Lenovo A7010a48 Build/MRA58K) AppleWebKit/534.30 (KHTML, like Gecko) Version/4.0 UCBrowser/11.2.0.915 U3/0.8.0 Mobile Safari/534.30"
66.249.65.10 - - [30/May/2017:08:00:08 +0530] "GET /includes/ncdma.css HTTP/1.1" 200 13023 "http://cdmindia.gov.in/" "Mozilla/5.0 (compatible; Googlebot/2.1; +http://www.google.com/bot.html)"
66.249.65.6 - - [30/May/2017:08:00:08 +0530] "GET /ncdma.css HTTP/1.1" 200 12640 "http://cdmindia.gov.in/" "Mozilla/5.0 (compatible; Googlebot/2.1; +http://www.google.com/bot.html)"
202.46.54.99 - - [30/May/2017:08:01:30 +0530] "GET /reports_list_details.php?id=tubkayrstf&reporttype=&page=186 HTTP/1.1" 200 22071 "-" "Mozilla/5.0 (Windows NT 10.0; WOW64) AppleWebKit/537.36 (KHTML, like Gecko) Chrome/45.0.2454.93 Safari/537.36"
157.55.39.63 - - [30/May/2017:08:01:42 +0530] "GET /capacity_building.php HTTP/1.1" 200 19186 "-" "Mozilla/5.0 (compatible; bingbot/2.0; +http://www.bing.com/bingbot.htm)"
8.37.231.243 - - [30/May/2017:08:03:24 +0530] "GET /project_details_view.php?id=1466 HTTP/1.1" 200 14500 "http://www.google.co.in/search?biw=360&bih=568&site=webhp&ei=Z9ksWc7AGsv3vATp267YBQ&q=gemco+energy+ltd+bhiwani+all+enquiry&oq=gemco+energy+ltd+bhiwani+all+enq&gs_l=mobile-gws-serp.1.0.33i160k1l2.106122.125640.0.127897.10.9.1.0.0.0.485.2460.1j0j6j1j1.9.0....0...1.1.64.mobile-gws-serp..0.8.2063...0i22i30k1.a1HjE4LvL_4" "Mozilla/5.0 (Linux; U; Android 6.0; en-US; Lenovo A7010a48 Build/MRA58K) AppleWebKit/534.30 (KHTML, like Gecko) Version/4.0 UCBrowser/11.2.0.915 U3/0.8.0 Mobile Safari/534.30"
8.37.231.243 - - [30/May/2017:08:03:24 +0530] "GET /Scripts/AC_RunActiveContent.js HTTP/1.1" 304 - "http://www.cdmindia.gov.in/project_details_view.php?id=1466" "Mozilla/5.0 (Linux; U; Android 6.0; en-US; Lenovo A7010a48 Build/MRA58K) AppleWebKit/534.30 (KHTML, like Gecko) Version/4.0 UCBrowser/11.2.0.915 U3/0.8.0 Mobile Safari/534.30"
8.37.231.243 - - [30/May/2017:08:03:24 +0530] "GET /images/spacer.gif HTTP/1.1" 304 - "http://www.cdmindia.gov.in/project_details_view.php?id=1466" "Mozilla/5.0 (Linux; U; Android 6.0; en-US; Lenovo A7010a48 Build/MRA58K) AppleWebKit/534.30 (KHTML, like Gecko) Version/4.0 UCBrowser/11.2.0.915 U3/0.8.0 Mobile Safari/534.30"
8.37.231.243 - - [30/May/2017:08:03:24 +0530] "GET /images/bullet4.gif HTTP/1.1" 304 - "http://www.cdmindia.gov.in/project_details_view.php?id=1466" "Mozilla/5.0 (Linux; U; Android 6.0; en-US; Lenovo A7010a48 Build/MRA58K) AppleWebKit/534.30 (KHTML, like Gecko) Version/4.0 UCBrowser/11.2.0.915 U3/0.8.0 Mobile Safari/534.30"
8.37.231.243 - - [30/May/2017:08:03:24 +0530] "GET /images/bulllet2.gif HTTP/1.1" 304 - "http://www.cdmindia.gov.in/project_details_view.php?id=1466" "Mozilla/5.0 (Linux; U; Android 6.0; en-US; Lenovo A7010a48 Build/MRA58K) AppleWebKit/534.30 (KHTML, like Gecko) Version/4.0 UCBrowser/11.2.0.915 U3/0.8.0 Mobile Safari/534.30"
8.37.231.243 - - [30/May/2017:08:03:24 +0530] "GET /includes/ncdma.css HTTP/1.1" 304 - "http://www.cdmindia.gov.in/project_details_view.php?id=1466" "Mozilla/5.0 (Linux; U; Android 6.0; en-US; Lenovo A7010a48 Build/MRA58K) AppleWebKit/534.30 (KHTML, like Gecko) Version/4.0 UCBrowser/11.2.0.915 U3/0.8.0 Mobile Safari/534.30"
8.37.231.243 - - [30/May/2017:08:03:24 +0530] "GET /ncdma.css HTTP/1.1" 304 - "http://www.cdmindia.gov.in/project_details_view.php?id=1466" "Mozilla/5.0 (Linux; U; Android 6.0; en-US; Lenovo A7010a48 Build/MRA58K) AppleWebKit/534.30 (KHTML, like Gecko) Version/4.0 UCBrowser/11.2.0.915 U3/0.8.0 Mobile Safari/534.30"
8.37.231.243 - - [30/May/2017:08:03:24 +0530] "GET /images/bullet1.gif HTTP/1.1" 304 - "http://www.cdmindia.gov.in/project_details_view.php?id=1466" "Mozilla/5.0 (Linux; U; Android 6.0; en-US; Lenovo A7010a48 Build/MRA58K) AppleWebKit/534.30 (KHTML, like Gecko) Version/4.0 UCBrowser/11.2.0.915 U3/0.8.0 Mobile Safari/534.30"
66.249.65.131 - - [30/May/2017:08:05:05 +0530] "GET /project_details_view_report.php?id=704 HTTP/1.1" 200 13150 "-" "Mozilla/5.0 (compatible; Googlebot/2.1; +http://www.google.com/bot.html)"
195.154.169.99 - - [30/May/2017:08:06:22 +0530] "HEAD /downloads/Carbon%20Market%20Roadmap.pdf HTTP/1.1" 200 - "-" "HttpComponents/1.1"
66.249.65.131 - - [30/May/2017:08:10:14 +0530] "GET /project_details_view.php?id=766 HTTP/1.1" 200 14799 "-" "Mozilla/5.0 (compatible; Googlebot/2.1; +http://www.google.com/bot.html)"
66.249.65.133 - - [30/May/2017:08:15:24 +0530] "GET /project_details_view.php?id=1143 HTTP/1.1" 200 14466 "-" "Mozilla/5.0 (compatible; Googlebot/2.1; +http://www.google.com/bot.html)"
157.55.39.63 - - [30/May/2017:08:15:38 +0530] "GET /project_details_view.php?id=200 HTTP/1.1" 200 14309 "-" "Mozilla/5.0 (compatible; bingbot/2.0; +http://www.bing.com/bingbot.htm)"
141.8.142.74 - - [30/May/2017:08:15:47 +0530] "GET /project_details_view_report.php?id=1675 HTTP/1.1" 200 13192 "-" "Mozilla/5.0 (compatible; YandexBot/3.0; +http://yandex.com/bots)"
202.46.57.183 - - [30/May/2017:08:16:13 +0530] "GET /project_details_view_report.php?id=735 HTTP/1.1" 200 13182 "-" "Mozilla/5.0 (Windows NT 10.0; WOW64) AppleWebKit/537.36 (KHTML, like Gecko) Chrome/45.0.2454.93 Safari/537.36"
223.225.217.129 - - [30/May/2017:08:18:28 +0530] "GET /project_details_view.php?id=1501 HTTP/1.1" 200 15176 "https://www.google.co.in/" "Mozilla/5.0 (Windows NT 10.0; Win64; x64) AppleWebKit/537.36 (KHTML, like Gecko) Chrome/57.0.2987.133 Safari/537.36"
223.225.217.129 - - [30/May/2017:08:18:28 +0530] "GET /includes/ncdma.css HTTP/1.1" 200 13023 "http://www.cdmindia.gov.in/project_details_view.php?id=1501" "Mozilla/5.0 (Windows NT 10.0; Win64; x64) AppleWebKit/537.36 (KHTML, like Gecko) Chrome/57.0.2987.133 Safari/537.36"
223.225.217.129 - - [30/May/2017:08:18:28 +0530] "GET /ncdma.css HTTP/1.1" 200 12640 "http://www.cdmindia.gov.in/project_details_view.php?id=1501" "Mozilla/5.0 (Windows NT 10.0; Win64; x64) AppleWebKit/537.36 (KHTML, like Gecko) Chrome/57.0.2987.133 Safari/537.36"
223.225.217.129 - - [30/May/2017:08:18:28 +0530] "GET /Scripts/AC_RunActiveContent.js HTTP/1.1" 200 8321 "http://www.cdmindia.gov.in/project_details_view.php?id=1501" "Mozilla/5.0 (Windows NT 10.0; Win64; x64) AppleWebKit/537.36 (KHTML, like Gecko) Chrome/57.0.2987.133 Safari/537.36"
223.225.217.129 - - [30/May/2017:08:18:28 +0530] "GET /images/img2.jpg HTTP/1.1" 200 16276 "http://www.cdmindia.gov.in/project_details_view.php?id=1501" "Mozilla/5.0 (Windows NT 10.0; Win64; x64) AppleWebKit/537.36 (KHTML, like Gecko) Chrome/57.0.2987.133 Safari/537.36"
223.225.217.129 - - [30/May/2017:08:18:28 +0530] "GET /images/spacer.gif HTTP/1.1" 200 43 "http://www.cdmindia.gov.in/project_details_view.php?id=1501" "Mozilla/5.0 (Windows NT 10.0; Win64; x64) AppleWebKit/537.36 (KHTML, like Gecko) Chrome/57.0.2987.133 Safari/537.36"
223.225.217.129 - - [30/May/2017:08:18:28 +0530] "GET /images/bulllet2.gif HTTP/1.1" 200 58 "http://www.cdmindia.gov.in/project_details_view.php?id=1501" "Mozilla/5.0 (Windows NT 10.0; Win64; x64) AppleWebKit/537.36 (KHTML, like Gecko) Chrome/57.0.2987.133 Safari/537.36"
223.225.217.129 - - [30/May/2017:08:18:28 +0530] "GET /images/bullet1.gif HTTP/1.1" 200 67 "http://www.cdmindia.gov.in/project_details_view.php?id=1501" "Mozilla/5.0 (Windows NT 10.0; Win64; x64) AppleWebKit/537.36 (KHTML, like Gecko) Chrome/57.0.2987.133 Safari/537.36"
223.225.217.129 - - [30/May/2017:08:18:28 +0530] "GET /images/bullet4.gif HTTP/1.1" 200 67 "http://www.cdmindia.gov.in/project_details_view.php?id=1501" "Mozilla/5.0 (Windows NT 10.0; Win64; x64) AppleWebKit/537.36 (KHTML, like Gecko) Chrome/57.0.2987.133 Safari/537.36"
223.225.217.129 - - [30/May/2017:08:18:28 +0530] "GET /images/img3.jpg HTTP/1.1" 200 26957 "http://www.cdmindia.gov.in/project_details_view.php?id=1501" "Mozilla/5.0 (Windows NT 10.0; Win64; x64) AppleWebKit/537.36 (KHTML, like Gecko) Chrome/57.0.2987.133 Safari/537.36"
223.225.217.129 - - [30/May/2017:08:18:28 +0530] "GET /images/fdm.jpg HTTP/1.1" 200 2043 "http://www.cdmindia.gov.in/project_details_view.php?id=1501" "Mozilla/5.0 (Windows NT 10.0; Win64; x64) AppleWebKit/537.36 (KHTML, like Gecko) Chrome/57.0.2987.133 Safari/537.36"
223.225.217.129 - - [30/May/2017:08:18:28 +0530] "GET /images/gtz.jpg HTTP/1.1" 200 15484 "http://www.cdmindia.gov.in/project_details_view.php?id=1501" "Mozilla/5.0 (Windows NT 10.0; Win64; x64) AppleWebKit/537.36 (KHTML, like Gecko) Chrome/57.0.2987.133 Safari/537.36"
223.225.217.129 - - [30/May/2017:08:18:28 +0530] "GET /images/fbg.jpg HTTP/1.1" 200 325 "http://www.cdmindia.gov.in/project_details_view.php?id=1501" "Mozilla/5.0 (Windows NT 10.0; Win64; x64) AppleWebKit/537.36 (KHTML, like Gecko) Chrome/57.0.2987.133 Safari/537.36"
223.225.217.129 - - [30/May/2017:08:18:28 +0530] "GET /images/img1.jpg HTTP/1.1" 200 1251 "http://www.cdmindia.gov.in/project_details_view.php?id=1501" "Mozilla/5.0 (Windows NT 10.0; Win64; x64) AppleWebKit/537.36 (KHTML, like Gecko) Chrome/57.0.2987.133 Safari/537.36"
223.225.217.129 - - [30/May/2017:08:18:29 +0530] "GET /favicon.ico HTTP/1.1" 200 1189 "http://www.cdmindia.gov.in/project_details_view.php?id=1501" "Mozilla/5.0 (Windows NT 10.0; Win64; x64) AppleWebKit/537.36 (KHTML, like Gecko) Chrome/57.0.2987.133 Safari/537.36"
117.201.211.204 - - [30/May/2017:08:18:55 +0530] "GET /wp-login.php HTTP/1.1" 404 210 "-" "Mozilla/5.0 (Windows NT 6.1; WOW64; rv:40.0) Gecko/20100101 Firefox/40.1"
117.201.211.204 - - [30/May/2017:08:18:55 +0530] "GET / HTTP/1.1" 200 19480 "-" "Mozilla/5.0 (Windows NT 6.1; WOW64; rv:40.0) Gecko/20100101 Firefox/40.1"
66.249.65.129 - - [30/May/2017:08:20:24 +0530] "GET /project_details_view.php?id=1854&oid=&page=13&reporttype= HTTP/1.1" 200 15756 "-" "Mozilla/5.0 (compatible; Googlebot/2.1; +http://www.google.com/bot.html)"
157.55.39.63 - - [30/May/2017:08:23:36 +0530] "GET /capacity_building.php HTTP/1.1" 200 19186 "-" "Mozilla/5.0 (compatible; bingbot/2.0; +http://www.bing.com/bingbot.htm)"
199.30.24.46 - - [30/May/2017:08:23:38 +0530] "GET /js/index_validations.js HTTP/1.1" 200 3143 "http://www.cdmindia.gov.in/capacity_building.php" "Mozilla/5.0 (Windows NT 6.1; WOW64) AppleWebKit/534+ (KHTML, like Gecko) BingPreview/1.0b"
188.165.233.228 - - [30/May/2017:08:25:10 +0530] "GET /robots.txt HTTP/1.0" 404 208 "-" ""
188.165.233.228 - - [30/May/2017:08:25:10 +0530] "GET / HTTP/1.1" 200 19480 "-" "Mozilla/5.0 (X11; U; Linux x86_64; en-US; rv:1.9.2.4) Gecko/20100614 Ubuntu/10.04 (lucid) Firefox/3.6.4"
188.165.233.228 - - [30/May/2017:08:25:13 +0530] "GET /index.php HTTP/1.1" 200 19480 "-" "Mozilla/5.0 (X11; U; Linux x86_64; en-US; rv:1.9.2.4) Gecko/20100614 Ubuntu/10.04 (lucid) Firefox/3.6.4"
188.165.233.228 - - [30/May/2017:08:25:18 +0530] "GET /aboutus.php HTTP/1.1" 200 19597 "-" "Mozilla/5.0 (X11; U; Linux x86_64; en-US; rv:1.9.2.4) Gecko/20100614 Ubuntu/10.04 (lucid) Firefox/3.6.4"
188.165.233.228 - - [30/May/2017:08:25:21 +0530] "GET /contactus.php HTTP/1.1" 200 18292 "-" "Mozilla/5.0 (X11; U; Linux x86_64; en-US; rv:1.9.2.4) Gecko/20100614 Ubuntu/10.04 (lucid) Firefox/3.6.4"
188.165.233.228 - - [30/May/2017:08:25:23 +0530] "GET /sitemap.php HTTP/1.1" 200 18469 "-" "Mozilla/5.0 (X11; U; Linux x86_64; en-US; rv:1.9.2.4) Gecko/20100614 Ubuntu/10.04 (lucid) Firefox/3.6.4"
188.165.233.228 - - [30/May/2017:08:25:26 +0530] "GET /constitution.php HTTP/1.1" 200 23669 "-" "Mozilla/5.0 (X11; U; Linux x86_64; en-US; rv:1.9.2.4) Gecko/20100614 Ubuntu/10.04 (lucid) Firefox/3.6.4"
188.165.233.228 - - [30/May/2017:08:25:28 +0530] "GET /approval_process.php HTTP/1.1" 200 25912 "-" "Mozilla/5.0 (X11; U; Linux x86_64; en-US; rv:1.9.2.4) Gecko/20100614 Ubuntu/10.04 (lucid) Firefox/3.6.4"
188.165.233.228 - - [30/May/2017:08:25:31 +0530] "GET /capacity_building.php HTTP/1.1" 200 19186 "-" "Mozilla/5.0 (X11; U; Linux x86_64; en-US; rv:1.9.2.4) Gecko/20100614 Ubuntu/10.04 (lucid) Firefox/3.6.4"
188.165.233.228 - - [30/May/2017:08:25:33 +0530] "GET /future_projects.php HTTP/1.1" 302 26210 "-" "Mozilla/5.0 (X11; U; Linux x86_64; en-US; rv:1.9.2.4) Gecko/20100614 Ubuntu/10.04 (lucid) Firefox/3.6.4"
188.165.233.228 - - [30/May/2017:08:25:36 +0530] "GET /reports_new.php?n=1 HTTP/1.1" 200 22411 "-" "Mozilla/5.0 (X11; U; Linux x86_64; en-US; rv:1.9.2.4) Gecko/20100614 Ubuntu/10.04 (lucid) Firefox/3.6.4"
188.165.233.228 - - [30/May/2017:08:25:38 +0530] "GET /approved_projects.php?n=1 HTTP/1.1" 200 16642 "-" "Mozilla/5.0 (X11; U; Linux x86_64; en-US; rv:1.9.2.4) Gecko/20100614 Ubuntu/10.04 (lucid) Firefox/3.6.4"
66.249.65.133 - - [30/May/2017:08:25:38 +0530] "GET / HTTP/1.1" 200 19480 "-" "Mozilla/5.0 (compatible; Googlebot/2.1; +http://www.google.com/bot.html)"
188.165.233.228 - - [30/May/2017:08:25:41 +0530] "GET /imp_links.php HTTP/1.1" 200 17834 "-" "Mozilla/5.0 (X11; U; Linux x86_64; en-US; rv:1.9.2.4) Gecko/20100614 Ubuntu/10.04 (lucid) Firefox/3.6.4"
188.165.233.228 - - [30/May/2017:08:25:43 +0530] "GET /detail_news.php?id=20 HTTP/1.1" 302 18266 "-" "Mozilla/5.0 (X11; U; Linux x86_64; en-US; rv:1.9.2.4) Gecko/20100614 Ubuntu/10.04 (lucid) Firefox/3.6.4"
188.165.233.228 - - [30/May/2017:08:25:46 +0530] "GET /detail_news.php?id=19 HTTP/1.1" 302 19082 "-" "Mozilla/5.0 (X11; U; Linux x86_64; en-US; rv:1.9.2.4) Gecko/20100614 Ubuntu/10.04 (lucid) Firefox/3.6.4"
188.165.233.228 - - [30/May/2017:08:25:48 +0530] "GET /detail_news.php?id=18 HTTP/1.1" 302 18713 "-" "Mozilla/5.0 (X11; U; Linux x86_64; en-US; rv:1.9.2.4) Gecko/20100614 Ubuntu/10.04 (lucid) Firefox/3.6.4"
188.165.233.228 - - [30/May/2017:08:25:51 +0530] "GET /news_more.php HTTP/1.1" 200 21061 "-" "Mozilla/5.0 (X11; U; Linux x86_64; en-US; rv:1.9.2.4) Gecko/20100614 Ubuntu/10.04 (lucid) Firefox/3.6.4"
188.165.233.228 - - [30/May/2017:08:25:53 +0530] "GET /registration.php HTTP/1.1" 302 28529 "-" "Mozilla/5.0 (X11; U; Linux x86_64; en-US; rv:1.9.2.4) Gecko/20100614 Ubuntu/10.04 (lucid) Firefox/3.6.4"
188.165.233.228 - - [30/May/2017:08:25:56 +0530] "GET /detail_events.php?id= HTTP/1.1" 302 16738 "-" "Mozilla/5.0 (X11; U; Linux x86_64; en-US; rv:1.9.2.4) Gecko/20100614 Ubuntu/10.04 (lucid) Firefox/3.6.4"
188.165.233.228 - - [30/May/2017:08:25:58 +0530] "GET /events_more.php HTTP/1.1" 200 16905 "-" "Mozilla/5.0 (X11; U; Linux x86_64; en-US; rv:1.9.2.4) Gecko/20100614 Ubuntu/10.04 (lucid) Firefox/3.6.4"
188.165.233.228 - - [30/May/2017:08:26:01 +0530] "GET /logout.php HTTP/1.1" 302 369 "-" "Mozilla/5.0 (X11; U; Linux x86_64; en-US; rv:1.9.2.4) Gecko/20100614 Ubuntu/10.04 (lucid) Firefox/3.6.4"
188.165.233.228 - - [30/May/2017:08:26:03 +0530] "GET /detail_news.php?id=4 HTTP/1.1" 302 19562 "-" "Mozilla/5.0 (X11; U; Linux x86_64; en-US; rv:1.9.2.4) Gecko/20100614 Ubuntu/10.04 (lucid) Firefox/3.6.4"
188.165.233.228 - - [30/May/2017:08:26:06 +0530] "GET /detail_news.php?id=5 HTTP/1.1" 302 19150 "-" "Mozilla/5.0 (X11; U; Linux x86_64; en-US; rv:1.9.2.4) Gecko/20100614 Ubuntu/10.04 (lucid) Firefox/3.6.4"
188.165.233.228 - - [30/May/2017:08:26:09 +0530] "GET /detail_news.php?id=10 HTTP/1.1" 302 20219 "-" "Mozilla/5.0 (X11; U; Linux x86_64; en-US; rv:1.9.2.4) Gecko/20100614 Ubuntu/10.04 (lucid) Firefox/3.6.4"
188.165.233.228 - - [30/May/2017:08:26:11 +0530] "GET /detail_news.php?id=11 HTTP/1.1" 302 18421 "-" "Mozilla/5.0 (X11; U; Linux x86_64; en-US; rv:1.9.2.4) Gecko/20100614 Ubuntu/10.04 (lucid) Firefox/3.6.4"
188.165.233.228 - - [30/May/2017:08:26:14 +0530] "GET /detail_news.php?id=3 HTTP/1.1" 302 18397 "-" "Mozilla/5.0 (X11; U; Linux x86_64; en-US; rv:1.9.2.4) Gecko/20100614 Ubuntu/10.04 (lucid) Firefox/3.6.4"
188.165.233.228 - - [30/May/2017:08:26:16 +0530] "GET /detail_news.php?id=13 HTTP/1.1" 302 37748 "-" "Mozilla/5.0 (X11; U; Linux x86_64; en-US; rv:1.9.2.4) Gecko/20100614 Ubuntu/10.04 (lucid) Firefox/3.6.4"
188.165.233.228 - - [30/May/2017:08:26:19 +0530] "GET /detail_news.php?id=16 HTTP/1.1" 302 18332 "-" "Mozilla/5.0 (X11; U; Linux x86_64; en-US; rv:1.9.2.4) Gecko/20100614 Ubuntu/10.04 (lucid) Firefox/3.6.4"
188.165.233.228 - - [30/May/2017:08:26:21 +0530] "GET /detail_news.php?id=17 HTTP/1.1" 302 18570 "-" "Mozilla/5.0 (X11; U; Linux x86_64; en-US; rv:1.9.2.4) Gecko/20100614 Ubuntu/10.04 (lucid) Firefox/3.6.4"
188.165.233.228 - - [30/May/2017:08:26:24 +0530] "GET /view_past_events.php HTTP/1.1" 200 18854 "-" "Mozilla/5.0 (X11; U; Linux x86_64; en-US; rv:1.9.2.4) Gecko/20100614 Ubuntu/10.04 (lucid) Firefox/3.6.4"
66.249.65.129 - - [30/May/2017:08:30:40 +0530] "GET /project_details_view.php?id=2171 HTTP/1.1" 200 16656 "-" "Mozilla/5.0 (compatible; Googlebot/2.1; +http://www.google.com/bot.html)"
66.249.65.133 - - [30/May/2017:08:30:42 +0530] "GET /project_details_view.php?id=930%27%20ORDER%20BY%201000 HTTP/1.1" 200 11450 "-" "Mozilla/5.0 (compatible; Googlebot/2.1; +http://www.google.com/bot.html)"
211.123.208.22 - - [30/May/2017:08:36:22 +0530] "GET / HTTP/1.1" 200 19480 "-" "Mozilla/5.0 (Windows NT 5.1; rv:6.0.2) Gecko/20100101 Firefox/6.0.2"
40.77.167.135 - - [30/May/2017:08:36:53 +0530] "GET /project_details_view.php?id=397 HTTP/1.1" 200 14176 "-" "Mozilla/5.0 (compatible; bingbot/2.0; +http://www.bing.com/bingbot.htm)"
223.225.217.129 - - [30/May/2017:08:38:35 +0530] "GET /approved_projects.php?n=1 HTTP/1.1" 200 16642 "http://www.cdmindia.gov.in/project_details_view.php?id=1501" "Mozilla/5.0 (Windows NT 10.0; Win64; x64) AppleWebKit/537.36 (KHTML, like Gecko) Chrome/57.0.2987.133 Safari/537.36"
223.225.217.129 - - [30/May/2017:08:38:35 +0530] "GET /js/datepicker/latest_datepicker.css HTTP/1.1" 200 2283 "http://www.cdmindia.gov.in/approved_projects.php?n=1" "Mozilla/5.0 (Windows NT 10.0; Win64; x64) AppleWebKit/537.36 (KHTML, like Gecko) Chrome/57.0.2987.133 Safari/537.36"
223.225.217.129 - - [30/May/2017:08:38:35 +0530] "GET /js/datepicker/latest_demo.css HTTP/1.1" 200 574 "http://www.cdmindia.gov.in/approved_projects.php?n=1" "Mozilla/5.0 (Windows NT 10.0; Win64; x64) AppleWebKit/537.36 (KHTML, like Gecko) Chrome/57.0.2987.133 Safari/537.36"
223.225.217.129 - - [30/May/2017:08:38:35 +0530] "GET /js/datepicker/latest_date.js HTTP/1.1" 200 11986 "http://www.cdmindia.gov.in/approved_projects.php?n=1" "Mozilla/5.0 (Windows NT 10.0; Win64; x64) AppleWebKit/537.36 (KHTML, like Gecko) Chrome/57.0.2987.133 Safari/537.36"
223.225.217.129 - - [30/May/2017:08:38:35 +0530] "GET /js/jquery.js HTTP/1.1" 200 55774 "http://www.cdmindia.gov.in/approved_projects.php?n=1" "Mozilla/5.0 (Windows NT 10.0; Win64; x64) AppleWebKit/537.36 (KHTML, like Gecko) Chrome/57.0.2987.133 Safari/537.36"
