117.206.135.203 - - [22/Jun/2017:05:26:14 +0530] "GET /images/bullet1.gif HTTP/1.1" 200 67 "http://www.cdmindia.gov.in/project_details_view_report.php?id=1462" "Mozilla/5.0 (Windows NT 10.0; Win64; x64) AppleWebKit/537.36 (KHTML, like Gecko) Chrome/58.0.3029.110 Safari/537.36"
117.206.135.203 - - [22/Jun/2017:05:26:14 +0530] "GET /images/bulllet2.gif HTTP/1.1" 200 58 "http://www.cdmindia.gov.in/project_details_view_report.php?id=1462" "Mozilla/5.0 (Windows NT 10.0; Win64; x64) AppleWebKit/537.36 (KHTML, like Gecko) Chrome/58.0.3029.110 Safari/537.36"
117.206.135.203 - - [22/Jun/2017:05:26:14 +0530] "GET /images/img3.jpg HTTP/1.1" 200 26957 "http://www.cdmindia.gov.in/project_details_view_report.php?id=1462" "Mozilla/5.0 (Windows NT 10.0; Win64; x64) AppleWebKit/537.36 (KHTML, like Gecko) Chrome/58.0.3029.110 Safari/537.36"
117.206.135.203 - - [22/Jun/2017:05:26:14 +0530] "GET /images/bullet4.gif HTTP/1.1" 200 67 "http://www.cdmindia.gov.in/project_details_view_report.php?id=1462" "Mozilla/5.0 (Windows NT 10.0; Win64; x64) AppleWebKit/537.36 (KHTML, like Gecko) Chrome/58.0.3029.110 Safari/537.36"
117.206.135.203 - - [22/Jun/2017:05:26:14 +0530] "GET /images/fdm.jpg HTTP/1.1" 200 2043 "http://www.cdmindia.gov.in/project_details_view_report.php?id=1462" "Mozilla/5.0 (Windows NT 10.0; Win64; x64) AppleWebKit/537.36 (KHTML, like Gecko) Chrome/58.0.3029.110 Safari/537.36"
117.206.135.203 - - [22/Jun/2017:05:26:14 +0530] "GET /images/gtz.jpg HTTP/1.1" 200 15484 "http://www.cdmindia.gov.in/project_details_view_report.php?id=1462" "Mozilla/5.0 (Windows NT 10.0; Win64; x64) AppleWebKit/537.36 (KHTML, like Gecko) Chrome/58.0.3029.110 Safari/537.36"
117.206.135.203 - - [22/Jun/2017:05:26:14 +0530] "GET /images/fbg.jpg HTTP/1.1" 200 325 "http://www.cdmindia.gov.in/project_details_view_report.php?id=1462" "Mozilla/5.0 (Windows NT 10.0; Win64; x64) AppleWebKit/537.36 (KHTML, like Gecko) Chrome/58.0.3029.110 Safari/537.36"
117.206.135.203 - - [22/Jun/2017:05:26:15 +0530] "GET /favicon.ico HTTP/1.1" 200 1189 "http://www.cdmindia.gov.in/project_details_view_report.php?id=1462" "Mozilla/5.0 (Windows NT 10.0; Win64; x64) AppleWebKit/537.36 (KHTML, like Gecko) Chrome/58.0.3029.110 Safari/537.36"
35.184.189.105 - - [22/Jun/2017:05:26:28 +0530] "GET /robots.txt HTTP/1.1" 404 208 "-" "ltx71 - (http://ltx71.com/)"
146.148.64.128 - - [22/Jun/2017:05:26:40 +0530] "GET /robots.txt HTTP/1.1" 404 208 "-" "ltx71 - (http://ltx71.com/)"
146.148.64.128 - - [22/Jun/2017:05:28:50 +0530] "GET /robots.txt HTTP/1.1" 404 208 "-" "ltx71 - (http://ltx71.com/)"
146.148.64.128 - - [22/Jun/2017:05:29:52 +0530] "GET /downloads/Comparision%20of%20PCN_30.03.doc HTTP/1.1" 200 49664 "-" "ltx71 - (http://ltx71.com/)"
141.8.142.74 - - [22/Jun/2017:05:32:54 +0530] "GET /project_details_view.php?id=949 HTTP/1.1" 200 15973 "-" "Mozilla/5.0 (compatible; YandexBot/3.0; +http://yandex.com/bots)"
146.148.64.128 - - [22/Jun/2017:05:35:21 +0530] "GET /robots.txt HTTP/1.1" 404 208 "-" "ltx71 - (http://ltx71.com/)"
141.8.142.74 - - [22/Jun/2017:05:35:31 +0530] "GET /reports_list_details.php?id=4&reporttype=1&page=19 HTTP/1.1" 200 22163 "-" "Mozilla/5.0 (compatible; YandexBot/3.0; +http://yandex.com/bots)"
141.8.142.74 - - [22/Jun/2017:05:35:41 +0530] "GET /project_details_view.php?id=930%27%20ORDER%20BY%201000 HTTP/1.1" 200 11452 "-" "Mozilla/5.0 (compatible; YandexBot/3.0; +http://yandex.com/bots)"
141.8.142.74 - - [22/Jun/2017:05:35:44 +0530] "GET /project_details_view_report.php?id=810 HTTP/1.1" 200 13210 "-" "Mozilla/5.0 (compatible; YandexBot/3.0; +http://yandex.com/bots)"
141.8.142.74 - - [22/Jun/2017:05:35:48 +0530] "GET /project_details_view_report.php?id=1222 HTTP/1.1" 200 13179 "-" "Mozilla/5.0 (compatible; YandexBot/3.0; +http://yandex.com/bots)"
141.8.142.74 - - [22/Jun/2017:05:36:00 +0530] "GET /project_details_view.php?id=921 HTTP/1.1" 200 14512 "-" "Mozilla/5.0 (compatible; YandexBot/3.0; +http://yandex.com/bots)"
141.8.142.74 - - [22/Jun/2017:05:36:03 +0530] "GET /project_details_view.php?id=1855 HTTP/1.1" 200 14246 "-" "Mozilla/5.0 (compatible; YandexBot/3.0; +http://yandex.com/bots)"
141.8.142.74 - - [22/Jun/2017:05:36:08 +0530] "GET /project_details_view_report.php?id=697 HTTP/1.1" 200 13234 "-" "Mozilla/5.0 (compatible; YandexBot/3.0; +http://yandex.com/bots)"
141.8.142.74 - - [22/Jun/2017:05:36:11 +0530] "GET /project_details_view_report.php?id=1006 HTTP/1.1" 200 13145 "-" "Mozilla/5.0 (compatible; YandexBot/3.0; +http://yandex.com/bots)"
141.8.142.74 - - [22/Jun/2017:05:36:14 +0530] "GET /reports_list_details.php?id=4&reporttype=1 HTTP/1.1" 200 21892 "-" "Mozilla/5.0 (compatible; YandexBot/3.0; +http://yandex.com/bots)"
141.8.142.74 - - [22/Jun/2017:05:36:36 +0530] "GET /project_details_view_report.php?id=244 HTTP/1.1" 200 13078 "-" "Mozilla/5.0 (compatible; YandexBot/3.0; +http://yandex.com/bots)"
141.8.142.74 - - [22/Jun/2017:05:36:47 +0530] "GET /project_details_view_report.php?id=712 HTTP/1.1" 200 13241 "-" "Mozilla/5.0 (compatible; YandexBot/3.0; +http://yandex.com/bots)"
141.8.142.74 - - [22/Jun/2017:05:37:17 +0530] "GET /project_details_view_report.php?id=368 HTTP/1.1" 200 13171 "-" "Mozilla/5.0 (compatible; YandexBot/3.0; +http://yandex.com/bots)"
146.148.64.128 - - [22/Jun/2017:05:37:38 +0530] "GET /robots.txt HTTP/1.1" 404 208 "-" "ltx71 - (http://ltx71.com/)"
157.55.39.174 - - [22/Jun/2017:05:37:39 +0530] "GET /downloads/Existing%20PCN.doc HTTP/1.1" 200 114176 "-" "Mozilla/5.0 (compatible; bingbot/2.0; +http://www.bing.com/bingbot.htm)"
141.8.142.74 - - [22/Jun/2017:05:37:50 +0530] "GET /sitemap.php HTTP/1.1" 200 18471 "-" "Mozilla/5.0 (compatible; YandexBot/3.0; +http://yandex.com/bots)"
141.8.142.74 - - [22/Jun/2017:05:37:58 +0530] "GET /project_details_view.php?id=58 HTTP/1.1" 200 14552 "-" "Mozilla/5.0 (compatible; YandexBot/3.0; +http://yandex.com/bots)"
141.8.142.74 - - [22/Jun/2017:05:38:43 +0530] "GET /project_details_view_report.php?id=451 HTTP/1.1" 200 13498 "-" "Mozilla/5.0 (compatible; YandexBot/3.0; +http://yandex.com/bots)"
141.8.142.74 - - [22/Jun/2017:05:39:50 +0530] "GET /project_details_view_report.php?id=569 HTTP/1.1" 200 13234 "-" "Mozilla/5.0 (compatible; YandexBot/3.0; +http://yandex.com/bots)"
141.8.142.74 - - [22/Jun/2017:05:41:02 +0530] "GET /project_details_view_report.php?id=87 HTTP/1.1" 200 13186 "-" "Mozilla/5.0 (compatible; YandexBot/3.0; +http://yandex.com/bots)"
157.55.39.81 - - [22/Jun/2017:05:41:12 +0530] "GET /downloads/New%20PCN.doc HTTP/1.1" 200 435200 "-" "Mozilla/5.0 (compatible; bingbot/2.0; +http://www.bing.com/bingbot.htm)"
141.8.142.74 - - [22/Jun/2017:05:42:18 +0530] "GET /project_details_view.php?id=675 HTTP/1.1" 200 15249 "-" "Mozilla/5.0 (compatible; YandexBot/3.0; +http://yandex.com/bots)"
141.8.142.74 - - [22/Jun/2017:05:42:46 +0530] "GET /project_details_view.php?id=896 HTTP/1.1" 200 13939 "-" "Mozilla/5.0 (compatible; YandexBot/3.0; +http://yandex.com/bots)"
141.8.142.74 - - [22/Jun/2017:05:44:51 +0530] "GET /project_details_view.php?id=843 HTTP/1.1" 200 14243 "-" "Mozilla/5.0 (compatible; YandexBot/3.0; +http://yandex.com/bots)"
40.77.167.35 - - [22/Jun/2017:05:45:55 +0530] "GET /future_projects.php HTTP/1.1" 302 26212 "-" "Mozilla/5.0 (compatible; bingbot/2.0; +http://www.bing.com/bingbot.htm)"
40.77.167.35 - - [22/Jun/2017:05:45:55 +0530] "GET /logout.php HTTP/1.1" 302 369 "-" "Mozilla/5.0 (compatible; bingbot/2.0; +http://www.bing.com/bingbot.htm)"
40.77.167.35 - - [22/Jun/2017:05:45:56 +0530] "GET /index.php HTTP/1.1" 200 19482 "-" "Mozilla/5.0 (compatible; bingbot/2.0; +http://www.bing.com/bingbot.htm)"
141.8.142.74 - - [22/Jun/2017:05:46:00 +0530] "GET /capacity_building.php HTTP/1.1" 200 19188 "-" "Mozilla/5.0 (compatible; YandexBot/3.0; +http://yandex.com/bots)"
141.8.142.74 - - [22/Jun/2017:05:46:07 +0530] "GET /reports_list_details.php?id=Jammu%20&%20Kashmir&reporttype=2 HTTP/1.1" 200 16954 "-" "Mozilla/5.0 (compatible; YandexBot/3.0; +http://yandex.com/bots)"
40.77.167.35 - - [22/Jun/2017:05:47:10 +0530] "GET /downloads/Carbon%20Market%20Roadmap.pdf HTTP/1.1" 200 4344697 "-" "Mozilla/5.0 (compatible; bingbot/2.0; +http://www.bing.com/bingbot.htm)"
40.77.167.42 - - [22/Jun/2017:05:47:27 +0530] "GET /constitution.php HTTP/1.1" 200 23671 "-" "Mozilla/5.0 (compatible; bingbot/2.0; +http://www.bing.com/bingbot.htm)"
66.249.79.17 - - [22/Jun/2017:05:52:48 +0530] "GET /project_details_view.php?id=1229 HTTP/1.1" 200 15214 "-" "Mozilla/5.0 (compatible; Googlebot/2.1; +http://www.google.com/bot.html)"
146.148.64.128 - - [22/Jun/2017:05:53:50 +0530] "GET /robots.txt HTTP/1.1" 404 208 "-" "ltx71 - (http://ltx71.com/)"
146.148.64.128 - - [22/Jun/2017:05:54:29 +0530] "GET /robots.txt HTTP/1.1" 404 208 "-" "ltx71 - (http://ltx71.com/)"
146.148.64.128 - - [22/Jun/2017:05:54:50 +0530] "GET /constitution.php HTTP/1.1" 200 23671 "-" "ltx71 - (http://ltx71.com/)"
40.77.167.35 - - [22/Jun/2017:06:00:37 +0530] "GET /project_details_view.php?id=541 HTTP/1.1" 200 14754 "-" "Mozilla/5.0 (compatible; bingbot/2.0; +http://www.bing.com/bingbot.htm)"
54.173.165.103 - - [22/Jun/2017:06:01:55 +0530] "GET / HTTP/1.1" 200 19482 "-" "Mozilla/5.0 (X11; Linux x86_64) AppleWebKit/537.36 (KHTML, like Gecko) Chrome/43.0.2357.134 Safari/537.36 http://notifyninja.com/monitoring"
92.133.175.237 - - [22/Jun/2017:06:02:02 +0530] "GET /robots.txt HTTP/1.1" 404 208 "-" "Java/1.8.0_101"
141.8.142.74 - - [22/Jun/2017:06:02:11 +0530] "GET /view_past_events.php HTTP/1.1" 200 18856 "-" "Mozilla/5.0 (compatible; YandexBot/3.0; +http://yandex.com/bots)"
146.148.64.128 - - [22/Jun/2017:06:02:18 +0530] "GET /robots.txt HTTP/1.1" 404 208 "-" "ltx71 - (http://ltx71.com/)"
141.8.142.74 - - [22/Jun/2017:06:02:42 +0530] "GET /project_details_view_report.php?id=1012 HTTP/1.1" 200 13245 "-" "Mozilla/5.0 (compatible; YandexBot/3.0; +http://yandex.com/bots)"
220.181.108.112 - - [22/Jun/2017:06:03:36 +0530] "GET / HTTP/1.1" 200 19482 "-" "Mozilla/5.0 (compatible; Baiduspider/2.0; +http://www.baidu.com/search/spider.html)"
141.8.142.74 - - [22/Jun/2017:06:05:06 +0530] "GET /project_details_view.php?id=931 HTTP/1.1" 200 14483 "-" "Mozilla/5.0 (compatible; YandexBot/3.0; +http://yandex.com/bots)"
40.77.167.42 - - [22/Jun/2017:06:05:48 +0530] "GET /constitution.php HTTP/1.1" 200 23671 "-" "Mozilla/5.0 (compatible; bingbot/2.0; +http://www.bing.com/bingbot.htm)"
40.77.167.42 - - [22/Jun/2017:06:06:42 +0530] "GET /project_details_view.php?id=1411 HTTP/1.1" 200 15901 "-" "Mozilla/5.0 (iPhone; CPU iPhone OS 7_0 like Mac OS X) AppleWebKit/537.51.1 (KHTML, like Gecko) Version/7.0 Mobile/11A465 Safari/9537.53 (compatible; bingbot/2.0; +http://www.bing.com/bingbot.htm)"
146.148.64.128 - - [22/Jun/2017:06:06:45 +0530] "GET /robots.txt HTTP/1.1" 404 208 "-" "ltx71 - (http://ltx71.com/)"
146.148.64.128 - - [22/Jun/2017:06:07:03 +0530] "GET /robots.txt HTTP/1.1" 404 208 "-" "ltx71 - (http://ltx71.com/)"
40.77.167.35 - - [22/Jun/2017:06:07:45 +0530] "GET /news_more.php HTTP/1.1" 200 21063 "-" "Mozilla/5.0 (compatible; bingbot/2.0; +http://www.bing.com/bingbot.htm)"
141.8.142.74 - - [22/Jun/2017:06:09:55 +0530] "GET /project_details_view_report.php?id=979 HTTP/1.1" 200 13181 "-" "Mozilla/5.0 (compatible; YandexBot/3.0; +http://yandex.com/bots)"
146.148.64.128 - - [22/Jun/2017:06:09:58 +0530] "GET /robots.txt HTTP/1.1" 404 208 "-" "ltx71 - (http://ltx71.com/)"
146.148.64.128 - - [22/Jun/2017:06:10:27 +0530] "GET /downloads/Existing%20PCN.doc HTTP/1.1" 200 114176 "-" "ltx71 - (http://ltx71.com/)"
40.77.167.42 - - [22/Jun/2017:06:11:55 +0530] "GET /downloads/Template_sharing%202Percent.doc HTTP/1.1" 200 73728 "-" "Mozilla/5.0 (compatible; bingbot/2.0; +http://www.bing.com/bingbot.htm)"
146.148.64.128 - - [22/Jun/2017:06:13:13 +0530] "GET /robots.txt HTTP/1.1" 404 208 "-" "ltx71 - (http://ltx71.com/)"
146.148.64.128 - - [22/Jun/2017:06:13:32 +0530] "GET /aboutus.php HTTP/1.1" 200 19599 "-" "ltx71 - (http://ltx71.com/)"
146.148.64.128 - - [22/Jun/2017:06:15:52 +0530] "GET /robots.txt HTTP/1.1" 404 208 "-" "ltx71 - (http://ltx71.com/)"
203.219.108.210 - - [22/Jun/2017:06:23:43 +0530] "GET /project_details_view_report.php?id=1249 HTTP/1.1" 200 13227 "https://www.google.com.au/" "Mozilla/5.0 (Windows NT 10.0; Win64; x64) AppleWebKit/537.36 (KHTML, like Gecko) Chrome/46.0.2486.0 Safari/537.36 Edge/13.10586"
203.219.108.210 - - [22/Jun/2017:06:23:44 +0530] "GET /includes/ncdma.css HTTP/1.1" 200 13023 "http://www.cdmindia.gov.in/project_details_view_report.php?id=1249" "Mozilla/5.0 (Windows NT 10.0; Win64; x64) AppleWebKit/537.36 (KHTML, like Gecko) Chrome/46.0.2486.0 Safari/537.36 Edge/13.10586"
203.219.108.210 - - [22/Jun/2017:06:23:44 +0530] "GET /images/img2.jpg HTTP/1.1" 200 16276 "http://www.cdmindia.gov.in/project_details_view_report.php?id=1249" "Mozilla/5.0 (Windows NT 10.0; Win64; x64) AppleWebKit/537.36 (KHTML, like Gecko) Chrome/46.0.2486.0 Safari/537.36 Edge/13.10586"
203.219.108.210 - - [22/Jun/2017:06:23:44 +0530] "GET /Scripts/AC_RunActiveContent.js HTTP/1.1" 200 8321 "http://www.cdmindia.gov.in/project_details_view_report.php?id=1249" "Mozilla/5.0 (Windows NT 10.0; Win64; x64) AppleWebKit/537.36 (KHTML, like Gecko) Chrome/46.0.2486.0 Safari/537.36 Edge/13.10586"
203.219.108.210 - - [22/Jun/2017:06:23:44 +0530] "GET /images/spacer.gif HTTP/1.1" 200 43 "http://www.cdmindia.gov.in/project_details_view_report.php?id=1249" "Mozilla/5.0 (Windows NT 10.0; Win64; x64) AppleWebKit/537.36 (KHTML, like Gecko) Chrome/46.0.2486.0 Safari/537.36 Edge/13.10586"
203.219.108.210 - - [22/Jun/2017:06:23:44 +0530] "GET /ncdma.css HTTP/1.1" 200 12640 "http://www.cdmindia.gov.in/project_details_view_report.php?id=1249" "Mozilla/5.0 (Windows NT 10.0; Win64; x64) AppleWebKit/537.36 (KHTML, like Gecko) Chrome/46.0.2486.0 Safari/537.36 Edge/13.10586"
203.219.108.210 - - [22/Jun/2017:06:23:44 +0530] "GET /images/img3.jpg HTTP/1.1" 200 26957 "http://www.cdmindia.gov.in/project_details_view_report.php?id=1249" "Mozilla/5.0 (Windows NT 10.0; Win64; x64) AppleWebKit/537.36 (KHTML, like Gecko) Chrome/46.0.2486.0 Safari/537.36 Edge/13.10586"
203.219.108.210 - - [22/Jun/2017:06:23:45 +0530] "GET /images/bullet1.gif HTTP/1.1" 200 67 "http://www.cdmindia.gov.in/project_details_view_report.php?id=1249" "Mozilla/5.0 (Windows NT 10.0; Win64; x64) AppleWebKit/537.36 (KHTML, like Gecko) Chrome/46.0.2486.0 Safari/537.36 Edge/13.10586"
203.219.108.210 - - [22/Jun/2017:06:23:45 +0530] "GET /images/bulllet2.gif HTTP/1.1" 200 58 "http://www.cdmindia.gov.in/project_details_view_report.php?id=1249" "Mozilla/5.0 (Windows NT 10.0; Win64; x64) AppleWebKit/537.36 (KHTML, like Gecko) Chrome/46.0.2486.0 Safari/537.36 Edge/13.10586"
203.219.108.210 - - [22/Jun/2017:06:23:45 +0530] "GET /images/fdm.jpg HTTP/1.1" 200 2043 "http://www.cdmindia.gov.in/project_details_view_report.php?id=1249" "Mozilla/5.0 (Windows NT 10.0; Win64; x64) AppleWebKit/537.36 (KHTML, like Gecko) Chrome/46.0.2486.0 Safari/537.36 Edge/13.10586"
203.219.108.210 - - [22/Jun/2017:06:23:45 +0530] "GET /images/bullet4.gif HTTP/1.1" 200 67 "http://www.cdmindia.gov.in/project_details_view_report.php?id=1249" "Mozilla/5.0 (Windows NT 10.0; Win64; x64) AppleWebKit/537.36 (KHTML, like Gecko) Chrome/46.0.2486.0 Safari/537.36 Edge/13.10586"
203.219.108.210 - - [22/Jun/2017:06:23:45 +0530] "GET /images/favicon.ico HTTP/1.1" 200 1406 "-" "Mozilla/5.0 (Windows NT 10.0; Win64; x64) AppleWebKit/537.36 (KHTML, like Gecko) Chrome/46.0.2486.0 Safari/537.36 Edge/13.10586"
203.219.108.210 - - [22/Jun/2017:06:23:45 +0530] "GET /images/img1.jpg HTTP/1.1" 200 1251 "http://www.cdmindia.gov.in/project_details_view_report.php?id=1249" "Mozilla/5.0 (Windows NT 10.0; Win64; x64) AppleWebKit/537.36 (KHTML, like Gecko) Chrome/46.0.2486.0 Safari/537.36 Edge/13.10586"
203.219.108.210 - - [22/Jun/2017:06:23:45 +0530] "GET /images/gtz.jpg HTTP/1.1" 200 15484 "http://www.cdmindia.gov.in/project_details_view_report.php?id=1249" "Mozilla/5.0 (Windows NT 10.0; Win64; x64) AppleWebKit/537.36 (KHTML, like Gecko) Chrome/46.0.2486.0 Safari/537.36 Edge/13.10586"
203.219.108.210 - - [22/Jun/2017:06:23:45 +0530] "GET /images/fbg.jpg HTTP/1.1" 200 325 "http://www.cdmindia.gov.in/project_details_view_report.php?id=1249" "Mozilla/5.0 (Windows NT 10.0; Win64; x64) AppleWebKit/537.36 (KHTML, like Gecko) Chrome/46.0.2486.0 Safari/537.36 Edge/13.10586"
188.32.239.168 - - [22/Jun/2017:06:24:29 +0530] "GET /downloads/Carbon%20Market%20Roadmap.pdf HTTP/1.1" 200 4344697 "http://yandex.ru/clck/jsredir?from=yandex.ru%3Bsearch%3Bweb%3B%3B&text=&etext=1459.ZGFJJf1ZklXdYi2eVax5al1DBTF_Z6NFCDOOop3EpYNfj0bwJGn3yFypbUGLipyC.5d36738d883bef0149843cc5d9e456f16736b02a&uuid=&state=_BLhILn4SxNIvvL0W45KSic66uCIg23qh8iRG98qeIXmeppkgUc0YHRNgn3KsbHJbmUkku86_mY&data=UlNrNmk5WktYejR0eWJFYk1LdmtxdW5FZWJMbGt2ZHlWWjFSa2NYZ0JXNWhiSHR1WWZYZElQSUo3NXhWNGNYbEZ2YURnOGFVbXFuMkVrWEI5UXNQN2JJM3M4ZEZ2VElVZTNCblNnamhHYVNzNVhWajBTeGJsM0pHTC1pc2V4RnpiZHQ2WW56M3Z2cWJiTkJ2WTEyQVZkVkVPVWdXSngwMW9rQk1mRGJpWWUw&b64e=2&sign=bbecaf6565a803c10da13db574e3da46&keyno=0&cst=AiuY0DBWFJ7IXge4WdYJQXbYQp9t5VF64kFWxD1Bt4n7TwXqeUaXJGtDSTyrdTZbL6VwSmunxg35GZGCJM7EKeUOJomL3JCt7WlPzsDmBHkF-amHDJi6QIOJxmGwhSDQnoJ233kCAoH6-TttWn_1lpMWSRUupWBT&ref=orjY4mGPRjk5boDnW0uvlrrd71vZw9kp5uQozpMtKCWbgDHRNa-0ysFjyCKpRj4F8BcdDsTi1AdMkaZr_sE0-Z_iQ6FmU-nakVoOzb5spHYXMdNme8rmzSupeVjMCs8Y&l10n=ru&cts=1498092283434&mc=1.98965313161" "Mozilla/4.0 (compatible; MSIE 8.0; Windows NT 5.1; Trident/4.0; .NET CLR 2.0.50727; .NET CLR 3.0.4506.2152; .NET CLR 3.5.30729)"
40.77.167.42 - - [22/Jun/2017:06:24:33 +0530] "GET /downloads/Template_sharing%202Percent.doc HTTP/1.1" 200 73728 "-" "Mozilla/5.0 (compatible; bingbot/2.0; +http://www.bing.com/bingbot.htm)"
188.32.239.168 - - [22/Jun/2017:06:24:31 +0530] "GET /downloads/Carbon%20Market%20Roadmap.pdf HTTP/1.1" 200 4344697 "http://yandex.ru/clck/jsredir?from=yandex.ru%3Bsearch%3Bweb%3B%3B&text=&etext=1459.ZGFJJf1ZklXdYi2eVax5al1DBTF_Z6NFCDOOop3EpYNfj0bwJGn3yFypbUGLipyC.5d36738d883bef0149843cc5d9e456f16736b02a&uuid=&state=_BLhILn4SxNIvvL0W45KSic66uCIg23qh8iRG98qeIXmeppkgUc0YHRNgn3KsbHJbmUkku86_mY&data=UlNrNmk5WktYejR0eWJFYk1LdmtxdW5FZWJMbGt2ZHlWWjFSa2NYZ0JXNWhiSHR1WWZYZElQSUo3NXhWNGNYbEZ2YURnOGFVbXFuMkVrWEI5UXNQN2JJM3M4ZEZ2VElVZTNCblNnamhHYVNzNVhWajBTeGJsM0pHTC1pc2V4RnpiZHQ2WW56M3Z2cWJiTkJ2WTEyQVZkVkVPVWdXSngwMW9rQk1mRGJpWWUw&b64e=2&sign=bbecaf6565a803c10da13db574e3da46&keyno=0&cst=AiuY0DBWFJ7IXge4WdYJQXbYQp9t5VF64kFWxD1Bt4n7TwXqeUaXJGtDSTyrdTZbL6VwSmunxg35GZGCJM7EKeUOJomL3JCt7WlPzsDmBHkF-amHDJi6QIOJxmGwhSDQnoJ233kCAoH6-TttWn_1lpMWSRUupWBT&ref=orjY4mGPRjk5boDnW0uvlrrd71vZw9kp5uQozpMtKCWbgDHRNa-0ysFjyCKpRj4F8BcdDsTi1AdMkaZr_sE0-Z_iQ6FmU-nakVoOzb5spHYXMdNme8rmzSupeVjMCs8Y&l10n=ru&cts=1498092283434&mc=1.98965313161" "Mozilla/4.0 (compatible; MSIE 8.0; Windows NT 5.1; Trident/4.0; .NET CLR 2.0.50727; .NET CLR 3.0.4506.2152; .NET CLR 3.5.30729)"
40.77.167.42 - - [22/Jun/2017:06:26:09 +0530] "GET /detail_events.php?id= HTTP/1.1" 302 16740 "-" "Mozilla/5.0 (compatible; bingbot/2.0; +http://www.bing.com/bingbot.htm)"
40.77.167.42 - - [22/Jun/2017:06:26:10 +0530] "GET /logout.php HTTP/1.1" 302 369 "-" "Mozilla/5.0 (compatible; bingbot/2.0; +http://www.bing.com/bingbot.htm)"
40.77.167.42 - - [22/Jun/2017:06:26:11 +0530] "GET /index.php HTTP/1.1" 200 19482 "-" "Mozilla/5.0 (compatible; bingbot/2.0; +http://www.bing.com/bingbot.htm)"
40.77.167.42 - - [22/Jun/2017:06:26:35 +0530] "GET /sitemap.php HTTP/1.1" 200 18471 "-" "Mozilla/5.0 (compatible; bingbot/2.0; +http://www.bing.com/bingbot.htm)"
66.249.79.17 - - [22/Jun/2017:06:26:56 +0530] "GET /project_details_view_report.php?id=341 HTTP/1.1" 200 13199 "-" "Mozilla/5.0 (compatible; Googlebot/2.1; +http://www.google.com/bot.html)"
146.148.64.128 - - [22/Jun/2017:06:33:50 +0530] "GET /robots.txt HTTP/1.1" 404 208 "-" "ltx71 - (http://ltx71.com/)"
51.255.65.97 - - [22/Jun/2017:06:34:04 +0530] "GET / HTTP/1.1" 200 19482 "-" "Mozilla/5.0 (compatible; AhrefsBot/5.2; +http://ahrefs.com/robot/)"
141.8.142.74 - - [22/Jun/2017:06:34:11 +0530] "GET /project_details_view_report.php?id=827 HTTP/1.1" 200 13164 "-" "Mozilla/5.0 (compatible; YandexBot/3.0; +http://yandex.com/bots)"
146.148.64.128 - - [22/Jun/2017:06:34:14 +0530] "GET /robots.txt HTTP/1.1" 404 208 "-" "ltx71 - (http://ltx71.com/)"
146.148.64.128 - - [22/Jun/2017:06:37:43 +0530] "GET /robots.txt HTTP/1.1" 404 208 "-" "ltx71 - (http://ltx71.com/)"
66.249.79.17 - - [22/Jun/2017:06:39:19 +0530] "GET / HTTP/1.1" 200 19482 "-" "Mozilla/5.0 (Linux; Android 6.0.1; Nexus 5X Build/MMB29P) AppleWebKit/537.36 (KHTML, like Gecko) Chrome/41.0.2272.96 Mobile Safari/537.36 (compatible; Googlebot/2.1; +http://www.google.com/bot.html)"
40.77.167.35 - - [22/Jun/2017:06:39:50 +0530] "GET /project_details_view.php?id=913 HTTP/1.1" 200 14594 "-" "Mozilla/5.0 (compatible; bingbot/2.0; +http://www.bing.com/bingbot.htm)"
66.102.6.111 - - [22/Jun/2017:06:40:38 +0530] "GET /project_details_view.php?id=1867 HTTP/1.1" 200 14778 "https://www.google.co.in/" "Mozilla/5.0 (Linux; Android 4.2.1; en-us; Nexus 5 Build/JOP40D) AppleWebKit/535.19 (KHTML, like Gecko; googleweblight) Chrome/38.0.1025.166 Mobile Safari/535.19"
66.102.6.113 - - [22/Jun/2017:06:40:39 +0530] "GET /ncdma.css HTTP/1.1" 200 12640 "http://www.cdmindia.gov.in/project_details_view.php?id=1867" "Mozilla/5.0 (Linux; Android 4.2.1; en-us; Nexus 5 Build/JOP40D) AppleWebKit/535.19 (KHTML, like Gecko; googleweblight) Chrome/38.0.1025.166 Mobile Safari/535.19"
66.102.6.113 - - [22/Jun/2017:06:40:39 +0530] "GET /includes/ncdma.css HTTP/1.1" 200 13023 "http://www.cdmindia.gov.in/project_details_view.php?id=1867" "Mozilla/5.0 (Linux; Android 4.2.1; en-us; Nexus 5 Build/JOP40D) AppleWebKit/535.19 (KHTML, like Gecko; googleweblight) Chrome/38.0.1025.166 Mobile Safari/535.19"
66.102.6.115 - - [22/Jun/2017:06:40:39 +0530] "GET /images/bullet1.gif HTTP/1.1" 200 67 "http://www.cdmindia.gov.in/project_details_view.php?id=1867" "Mozilla/5.0 (Linux; Android 4.2.1; en-us; Nexus 5 Build/JOP40D) AppleWebKit/535.19 (KHTML, like Gecko; googleweblight) Chrome/38.0.1025.166 Mobile Safari/535.19"
66.102.6.111 - - [22/Jun/2017:06:40:39 +0530] "GET /images/bulllet2.gif HTTP/1.1" 200 58 "http://www.cdmindia.gov.in/project_details_view.php?id=1867" "Mozilla/5.0 (Linux; Android 4.2.1; en-us; Nexus 5 Build/JOP40D) AppleWebKit/535.19 (KHTML, like Gecko; googleweblight) Chrome/38.0.1025.166 Mobile Safari/535.19"
66.102.6.115 - - [22/Jun/2017:06:40:39 +0530] "GET /images/fbg.jpg HTTP/1.1" 200 325 "http://www.cdmindia.gov.in/project_details_view.php?id=1867" "Mozilla/5.0 (Linux; Android 4.2.1; en-us; Nexus 5 Build/JOP40D) AppleWebKit/535.19 (KHTML, like Gecko; googleweblight) Chrome/38.0.1025.166 Mobile Safari/535.19"
66.102.6.113 - - [22/Jun/2017:06:40:39 +0530] "GET /images/img1.jpg HTTP/1.1" 200 1251 "http://www.cdmindia.gov.in/project_details_view.php?id=1867" "Mozilla/5.0 (Linux; Android 4.2.1; en-us; Nexus 5 Build/JOP40D) AppleWebKit/535.19 (KHTML, like Gecko; googleweblight) Chrome/38.0.1025.166 Mobile Safari/535.19"
66.102.6.113 - - [22/Jun/2017:06:40:39 +0530] "GET /Scripts/AC_RunActiveContent.js HTTP/1.1" 200 8321 "http://www.cdmindia.gov.in/project_details_view.php?id=1867" "Mozilla/5.0 (Linux; Android 4.2.1; en-us; Nexus 5 Build/JOP40D) AppleWebKit/535.19 (KHTML, like Gecko; googleweblight) Chrome/38.0.1025.166 Mobile Safari/535.19"
66.102.6.111 - - [22/Jun/2017:06:40:39 +0530] "GET /images/img2.jpg HTTP/1.1" 200 16276 "http://www.cdmindia.gov.in/project_details_view.php?id=1867" "Mozilla/5.0 (Linux; Android 4.2.1; en-us; Nexus 5 Build/JOP40D) AppleWebKit/535.19 (KHTML, like Gecko; googleweblight) Chrome/38.0.1025.166 Mobile Safari/535.19"
66.102.6.111 - - [22/Jun/2017:06:40:39 +0530] "GET /images/spacer.gif HTTP/1.1" 200 43 "http://www.cdmindia.gov.in/project_details_view.php?id=1867" "Mozilla/5.0 (Linux; Android 4.2.1; en-us; Nexus 5 Build/JOP40D) AppleWebKit/535.19 (KHTML, like Gecko; googleweblight) Chrome/38.0.1025.166 Mobile Safari/535.19"
66.102.6.111 - - [22/Jun/2017:06:40:39 +0530] "GET /images/gtz.jpg HTTP/1.1" 200 15484 "http://www.cdmindia.gov.in/project_details_view.php?id=1867" "Mozilla/5.0 (Linux; Android 4.2.1; en-us; Nexus 5 Build/JOP40D) AppleWebKit/535.19 (KHTML, like Gecko; googleweblight) Chrome/38.0.1025.166 Mobile Safari/535.19"
66.102.6.111 - - [22/Jun/2017:06:40:39 +0530] "GET /images/bullet4.gif HTTP/1.1" 200 67 "http://www.cdmindia.gov.in/project_details_view.php?id=1867" "Mozilla/5.0 (Linux; Android 4.2.1; en-us; Nexus 5 Build/JOP40D) AppleWebKit/535.19 (KHTML, like Gecko; googleweblight) Chrome/38.0.1025.166 Mobile Safari/535.19"
66.102.6.113 - - [22/Jun/2017:06:40:39 +0530] "GET /images/fdm.jpg HTTP/1.1" 200 2043 "http://www.cdmindia.gov.in/project_details_view.php?id=1867" "Mozilla/5.0 (Linux; Android 4.2.1; en-us; Nexus 5 Build/JOP40D) AppleWebKit/535.19 (KHTML, like Gecko; googleweblight) Chrome/38.0.1025.166 Mobile Safari/535.19"
66.102.6.113 - - [22/Jun/2017:06:40:39 +0530] "GET /images/img3.jpg HTTP/1.1" 200 26957 "http://www.cdmindia.gov.in/project_details_view.php?id=1867" "Mozilla/5.0 (Linux; Android 4.2.1; en-us; Nexus 5 Build/JOP40D) AppleWebKit/535.19 (KHTML, like Gecko; googleweblight) Chrome/38.0.1025.166 Mobile Safari/535.19"
40.77.167.35 - - [22/Jun/2017:06:43:55 +0530] "GET /project_details_view.php?id=671 HTTP/1.1" 200 15102 "-" "Mozilla/5.0 (compatible; bingbot/2.0; +http://www.bing.com/bingbot.htm)"
157.55.39.81 - - [22/Jun/2017:06:44:23 +0530] "GET /downloads/Comparision%20of%20PCN_30.03.doc HTTP/1.1" 200 49664 "-" "Mozilla/5.0 (compatible; bingbot/2.0; +http://www.bing.com/bingbot.htm)"
146.148.64.128 - - [22/Jun/2017:06:44:50 +0530] "GET /robots.txt HTTP/1.1" 404 208 "-" "ltx71 - (http://ltx71.com/)"
40.77.167.42 - - [22/Jun/2017:06:50:40 +0530] "GET /imp_links.php HTTP/1.1" 200 17836 "-" "Mozilla/5.0 (compatible; bingbot/2.0; +http://www.bing.com/bingbot.htm)"
169.149.138.170 - - [22/Jun/2017:06:52:06 +0530] "GET /project_details_view_report.php?id=1109 HTTP/1.1" 200 13176 "https://www.google.co.in/" "Mozilla/5.0 (Linux; Android 5.1.1; A37f Build/LMY47V) AppleWebKit/537.36 (KHTML, like Gecko) Chrome/50.0.2661.94 Mobile Safari/537.36 OPR/37.0.2192.110129"
169.149.138.170 - - [22/Jun/2017:06:52:07 +0530] "GET /includes/ncdma.css HTTP/1.1" 200 13023 "http://www.cdmindia.gov.in/project_details_view_report.php?id=1109" "Mozilla/5.0 (Linux; Android 5.1.1; A37f Build/LMY47V) AppleWebKit/537.36 (KHTML, like Gecko) Chrome/50.0.2661.94 Mobile Safari/537.36 OPR/37.0.2192.110129"
169.149.138.170 - - [22/Jun/2017:06:52:07 +0530] "GET /ncdma.css HTTP/1.1" 200 12640 "http://www.cdmindia.gov.in/project_details_view_report.php?id=1109" "Mozilla/5.0 (Linux; Android 5.1.1; A37f Build/LMY47V) AppleWebKit/537.36 (KHTML, like Gecko) Chrome/50.0.2661.94 Mobile Safari/537.36 OPR/37.0.2192.110129"
169.149.138.170 - - [22/Jun/2017:06:52:07 +0530] "GET /Scripts/AC_RunActiveContent.js HTTP/1.1" 200 8321 "http://www.cdmindia.gov.in/project_details_view_report.php?id=1109" "Mozilla/5.0 (Linux; Android 5.1.1; A37f Build/LMY47V) AppleWebKit/537.36 (KHTML, like Gecko) Chrome/50.0.2661.94 Mobile Safari/537.36 OPR/37.0.2192.110129"
169.149.138.170 - - [22/Jun/2017:06:52:07 +0530] "GET /images/img2.jpg HTTP/1.1" 200 16276 "http://www.cdmindia.gov.in/project_details_view_report.php?id=1109" "Mozilla/5.0 (Linux; Android 5.1.1; A37f Build/LMY47V) AppleWebKit/537.36 (KHTML, like Gecko) Chrome/50.0.2661.94 Mobile Safari/537.36 OPR/37.0.2192.110129"
169.149.138.170 - - [22/Jun/2017:06:52:09 +0530] "GET /images/img3.jpg HTTP/1.1" 200 26957 "http://www.cdmindia.gov.in/project_details_view_report.php?id=1109" "Mozilla/5.0 (Linux; Android 5.1.1; A37f Build/LMY47V) AppleWebKit/537.36 (KHTML, like Gecko) Chrome/50.0.2661.94 Mobile Safari/537.36 OPR/37.0.2192.110129"
169.149.138.170 - - [22/Jun/2017:06:52:11 +0530] "GET /images/spacer.gif HTTP/1.1" 200 43 "http://www.cdmindia.gov.in/project_details_view_report.php?id=1109" "Mozilla/5.0 (Linux; Android 5.1.1; A37f Build/LMY47V) AppleWebKit/537.36 (KHTML, like Gecko) Chrome/50.0.2661.94 Mobile Safari/537.36 OPR/37.0.2192.110129"
169.149.138.170 - - [22/Jun/2017:06:52:11 +0530] "GET /images/bullet1.gif HTTP/1.1" 200 67 "http://www.cdmindia.gov.in/project_details_view_report.php?id=1109" "Mozilla/5.0 (Linux; Android 5.1.1; A37f Build/LMY47V) AppleWebKit/537.36 (KHTML, like Gecko) Chrome/50.0.2661.94 Mobile Safari/537.36 OPR/37.0.2192.110129"
169.149.138.170 - - [22/Jun/2017:06:52:11 +0530] "GET /images/bulllet2.gif HTTP/1.1" 200 58 "http://www.cdmindia.gov.in/project_details_view_report.php?id=1109" "Mozilla/5.0 (Linux; Android 5.1.1; A37f Build/LMY47V) AppleWebKit/537.36 (KHTML, like Gecko) Chrome/50.0.2661.94 Mobile Safari/537.36 OPR/37.0.2192.110129"
169.149.138.170 - - [22/Jun/2017:06:52:11 +0530] "GET /images/bullet4.gif HTTP/1.1" 200 67 "http://www.cdmindia.gov.in/project_details_view_report.php?id=1109" "Mozilla/5.0 (Linux; Android 5.1.1; A37f Build/LMY47V) AppleWebKit/537.36 (KHTML, like Gecko) Chrome/50.0.2661.94 Mobile Safari/537.36 OPR/37.0.2192.110129"
169.149.138.170 - - [22/Jun/2017:06:52:11 +0530] "GET /images/fbg.jpg HTTP/1.1" 200 325 "http://www.cdmindia.gov.in/project_details_view_report.php?id=1109" "Mozilla/5.0 (Linux; Android 5.1.1; A37f Build/LMY47V) AppleWebKit/537.36 (KHTML, like Gecko) Chrome/50.0.2661.94 Mobile Safari/537.36 OPR/37.0.2192.110129"
169.149.138.170 - - [22/Jun/2017:06:52:11 +0530] "GET /images/fdm.jpg HTTP/1.1" 200 2043 "http://www.cdmindia.gov.in/project_details_view_report.php?id=1109" "Mozilla/5.0 (Linux; Android 5.1.1; A37f Build/LMY47V) AppleWebKit/537.36 (KHTML, like Gecko) Chrome/50.0.2661.94 Mobile Safari/537.36 OPR/37.0.2192.110129"
169.149.138.170 - - [22/Jun/2017:06:52:11 +0530] "GET /images/img1.jpg HTTP/1.1" 200 1251 "http://www.cdmindia.gov.in/project_details_view_report.php?id=1109" "Mozilla/5.0 (Linux; Android 5.1.1; A37f Build/LMY47V) AppleWebKit/537.36 (KHTML, like Gecko) Chrome/50.0.2661.94 Mobile Safari/537.36 OPR/37.0.2192.110129"
169.149.138.170 - - [22/Jun/2017:06:52:11 +0530] "GET /images/gtz.jpg HTTP/1.1" 200 15484 "http://www.cdmindia.gov.in/project_details_view_report.php?id=1109" "Mozilla/5.0 (Linux; Android 5.1.1; A37f Build/LMY47V) AppleWebKit/537.36 (KHTML, like Gecko) Chrome/50.0.2661.94 Mobile Safari/537.36 OPR/37.0.2192.110129"
146.148.64.128 - - [22/Jun/2017:06:52:48 +0530] "GET /robots.txt HTTP/1.1" 404 208 "-" "ltx71 - (http://ltx71.com/)"
169.149.138.170 - - [22/Jun/2017:06:53:00 +0530] "GET /project_details_view_report.php?id=1109 HTTP/1.1" 200 13176 "https://www.google.co.in/" "Mozilla/5.0 (Linux; Android 5.1.1; A37f Build/LMY47V) AppleWebKit/537.36 (KHTML, like Gecko) Chrome/50.0.2661.94 Mobile Safari/537.36 OPR/37.0.2192.110129"
40.77.167.42 - - [22/Jun/2017:06:54:25 +0530] "GET /project_details_view.php?id=1772 HTTP/1.1" 200 14550 "-" "Mozilla/5.0 (compatible; bingbot/2.0; +http://www.bing.com/bingbot.htm)"
40.77.167.42 - - [22/Jun/2017:06:54:40 +0530] "GET /project_details_view.php?id=1772 HTTP/1.1" 200 14550 "-" "Mozilla/5.0 (compatible; bingbot/2.0; +http://www.bing.com/bingbot.htm)"
66.249.79.15 - - [22/Jun/2017:06:54:40 +0530] "GET /project_details_view.php?id=2119 HTTP/1.1" 200 13956 "-" "Mozilla/5.0 (Linux; Android 6.0.1; Nexus 5X Build/MMB29P) AppleWebKit/537.36 (KHTML, like Gecko) Chrome/41.0.2272.96 Mobile Safari/537.36 (compatible; Googlebot/2.1; +http://www.google.com/bot.html)"
168.235.195.104 - - [22/Jun/2017:06:55:05 +0530] "GET /project_details_view.php?id=1897 HTTP/1.1" 200 14871 "http://www.google.co.in/search?site=webhp&source=hp&ei=RBxLWfLCE8XYvgTm1pzoCA&q=power+plant+project+in+anantapur&oq=power+plant+project+in+anan&gs_l=mobile-gws-hp.1.0.33i22i29i30k1l3j33i160k1l2.14255.23824.0.25233.28.28.0.15.15.0.302.6026.0j11j16j1.28.0....0...1.1.64.mobile-gws-hp..1.27.3284.3..0j41j46j0i131k1j0i46k1j0i22i30k1.7s1j9a0F9VE" "Mozilla/5.0 (Linux; U; Android 5.1; en-US; Lenovo A7010a48 Build/LMY47D) AppleWebKit/534.30 (KHTML, like Gecko) Version/4.0 UCBrowser/11.3.0.950 U3/0.8.0 Mobile Safari/534.30"
168.235.195.104 - - [22/Jun/2017:06:55:06 +0530] "GET /includes/ncdma.css HTTP/1.1" 200 13023 "http://www.cdmindia.gov.in/project_details_view.php?id=1897" "Mozilla/5.0 (Linux; U; Android 5.1; en-US; Lenovo A7010a48 Build/LMY47D) AppleWebKit/534.30 (KHTML, like Gecko) Version/4.0 UCBrowser/11.3.0.950 U3/0.8.0 Mobile Safari/534.30"
168.235.195.104 - - [22/Jun/2017:06:55:06 +0530] "GET /images/bullet1.gif HTTP/1.1" 304 - "http://www.cdmindia.gov.in/project_details_view.php?id=1897" "Mozilla/5.0 (Linux; U; Android 5.1; en-US; Lenovo A7010a48 Build/LMY47D) AppleWebKit/534.30 (KHTML, like Gecko) Version/4.0 UCBrowser/11.3.0.950 U3/0.8.0 Mobile Safari/534.30"
168.235.195.104 - - [22/Jun/2017:06:55:06 +0530] "GET /images/fdm.jpg HTTP/1.1" 200 2043 "http://www.cdmindia.gov.in/project_details_view.php?id=1897" "Mozilla/5.0 (Linux; U; Android 5.1; en-US; Lenovo A7010a48 Build/LMY47D) AppleWebKit/534.30 (KHTML, like Gecko) Version/4.0 UCBrowser/11.3.0.950 U3/0.8.0 Mobile Safari/534.30"
168.235.195.104 - - [22/Jun/2017:06:55:06 +0530] "GET /images/spacer.gif HTTP/1.1" 304 - "http://www.cdmindia.gov.in/project_details_view.php?id=1897" "Mozilla/5.0 (Linux; U; Android 5.1; en-US; Lenovo A7010a48 Build/LMY47D) AppleWebKit/534.30 (KHTML, like Gecko) Version/4.0 UCBrowser/11.3.0.950 U3/0.8.0 Mobile Safari/534.30"
168.235.195.104 - - [22/Jun/2017:06:55:06 +0530] "GET /ncdma.css HTTP/1.1" 200 12640 "http://www.cdmindia.gov.in/project_details_view.php?id=1897" "Mozilla/5.0 (Linux; U; Android 5.1; en-US; Lenovo A7010a48 Build/LMY47D) AppleWebKit/534.30 (KHTML, like Gecko) Version/4.0 UCBrowser/11.3.0.950 U3/0.8.0 Mobile Safari/534.30"
168.235.195.104 - - [22/Jun/2017:06:55:06 +0530] "GET /images/bullet4.gif HTTP/1.1" 304 - "http://www.cdmindia.gov.in/project_details_view.php?id=1897" "Mozilla/5.0 (Linux; U; Android 5.1; en-US; Lenovo A7010a48 Build/LMY47D) AppleWebKit/534.30 (KHTML, like Gecko) Version/4.0 UCBrowser/11.3.0.950 U3/0.8.0 Mobile Safari/534.30"
168.235.195.104 - - [22/Jun/2017:06:55:06 +0530] "GET /images/gtz.jpg HTTP/1.1" 200 15484 "http://www.cdmindia.gov.in/project_details_view.php?id=1897" "Mozilla/5.0 (Linux; U; Android 5.1; en-US; Lenovo A7010a48 Build/LMY47D) AppleWebKit/534.30 (KHTML, like Gecko) Version/4.0 UCBrowser/11.3.0.950 U3/0.8.0 Mobile Safari/534.30"
168.235.195.104 - - [22/Jun/2017:06:55:06 +0530] "GET /images/bulllet2.gif HTTP/1.1" 304 - "http://www.cdmindia.gov.in/project_details_view.php?id=1897" "Mozilla/5.0 (Linux; U; Android 5.1; en-US; Lenovo A7010a48 Build/LMY47D) AppleWebKit/534.30 (KHTML, like Gecko) Version/4.0 UCBrowser/11.3.0.950 U3/0.8.0 Mobile Safari/534.30"
168.235.195.104 - - [22/Jun/2017:06:55:06 +0530] "GET /Scripts/AC_RunActiveContent.js HTTP/1.1" 200 8321 "http://www.cdmindia.gov.in/project_details_view.php?id=1897" "Mozilla/5.0 (Linux; U; Android 5.1; en-US; Lenovo A7010a48 Build/LMY47D) AppleWebKit/534.30 (KHTML, like Gecko) Version/4.0 UCBrowser/11.3.0.950 U3/0.8.0 Mobile Safari/534.30"
168.235.195.104 - - [22/Jun/2017:06:55:06 +0530] "GET /images/img3.jpg HTTP/1.1" 200 26957 "http://www.cdmindia.gov.in/project_details_view.php?id=1897" "Mozilla/5.0 (Linux; U; Android 5.1; en-US; Lenovo A7010a48 Build/LMY47D) AppleWebKit/534.30 (KHTML, like Gecko) Version/4.0 UCBrowser/11.3.0.950 U3/0.8.0 Mobile Safari/534.30"
168.235.195.104 - - [22/Jun/2017:06:55:06 +0530] "GET /images/img2.jpg HTTP/1.1" 200 16276 "http://www.cdmindia.gov.in/project_details_view.php?id=1897" "Mozilla/5.0 (Linux; U; Android 5.1; en-US; Lenovo A7010a48 Build/LMY47D) AppleWebKit/534.30 (KHTML, like Gecko) Version/4.0 UCBrowser/11.3.0.950 U3/0.8.0 Mobile Safari/534.30"
168.235.195.104 - - [22/Jun/2017:06:55:07 +0530] "GET /images/fbg.jpg HTTP/1.1" 200 325 "http://www.cdmindia.gov.in/project_details_view.php?id=1897" "Mozilla/5.0 (Linux; U; Android 5.1; en-US; Lenovo A7010a48 Build/LMY47D) AppleWebKit/534.30 (KHTML, like Gecko) Version/4.0 UCBrowser/11.3.0.950 U3/0.8.0 Mobile Safari/534.30"
168.235.195.104 - - [22/Jun/2017:06:55:08 +0530] "GET /images/favicon.ico HTTP/1.1" 200 1406 "http://www.cdmindia.gov.in/project_details_view.php?id=1897" "Mozilla/5.0 (Linux; U; Android 5.1; en-US; Lenovo A7010a48 Build/LMY47D) AppleWebKit/534.30 (KHTML, like Gecko) Version/4.0 UCBrowser/11.3.0.950 U3/0.8.0 Mobile Safari/534.30"
157.55.39.174 - - [22/Jun/2017:06:55:20 +0530] "GET /contactus.php HTTP/1.1" 200 18294 "-" "Mozilla/5.0 (compatible; bingbot/2.0; +http://www.bing.com/bingbot.htm)"
169.149.138.170 - - [22/Jun/2017:06:55:58 +0530] "GET /contactus.php HTTP/1.1" 200 18294 "http://www.cdmindia.gov.in/project_details_view_report.php?id=1109" "Mozilla/5.0 (Linux; Android 5.1.1; A37f Build/LMY47V) AppleWebKit/537.36 (KHTML, like Gecko) Chrome/50.0.2661.94 Mobile Safari/537.36 OPR/37.0.2192.110129"
169.149.138.170 - - [22/Jun/2017:06:55:58 +0530] "GET /js/index_validations.js HTTP/1.1" 200 3143 "http://www.cdmindia.gov.in/contactus.php" "Mozilla/5.0 (Linux; Android 5.1.1; A37f Build/LMY47V) AppleWebKit/537.36 (KHTML, like Gecko) Chrome/50.0.2661.94 Mobile Safari/537.36 OPR/37.0.2192.110129"
169.149.138.170 - - [22/Jun/2017:06:55:58 +0530] "GET /images/h_contactus.jpg HTTP/1.1" 200 21787 "http://www.cdmindia.gov.in/contactus.php" "Mozilla/5.0 (Linux; Android 5.1.1; A37f Build/LMY47V) AppleWebKit/537.36 (KHTML, like Gecko) Chrome/50.0.2661.94 Mobile Safari/537.36 OPR/37.0.2192.110129"
169.149.138.170 - - [22/Jun/2017:06:55:59 +0530] "GET /images/login1.jpg HTTP/1.1" 200 618 "http://www.cdmindia.gov.in/contactus.php" "Mozilla/5.0 (Linux; Android 5.1.1; A37f Build/LMY47V) AppleWebKit/537.36 (KHTML, like Gecko) Chrome/50.0.2661.94 Mobile Safari/537.36 OPR/37.0.2192.110129"
169.149.138.170 - - [22/Jun/2017:06:55:59 +0530] "GET /images/login.jpg HTTP/1.1" 200 1044 "http://www.cdmindia.gov.in/contactus.php" "Mozilla/5.0 (Linux; Android 5.1.1; A37f Build/LMY47V) AppleWebKit/537.36 (KHTML, like Gecko) Chrome/50.0.2661.94 Mobile Safari/537.36 OPR/37.0.2192.110129"
169.149.138.170 - - [22/Jun/2017:06:55:59 +0530] "GET /images/bullet3.gif HTTP/1.1" 200 58 "http://www.cdmindia.gov.in/contactus.php" "Mozilla/5.0 (Linux; Android 5.1.1; A37f Build/LMY47V) AppleWebKit/537.36 (KHTML, like Gecko) Chrome/50.0.2661.94 Mobile Safari/537.36 OPR/37.0.2192.110129"
169.149.138.170 - - [22/Jun/2017:06:55:59 +0530] "GET /images/fe.jpg HTTP/1.1" 200 1429 "http://www.cdmindia.gov.in/contactus.php" "Mozilla/5.0 (Linux; Android 5.1.1; A37f Build/LMY47V) AppleWebKit/537.36 (KHTML, like Gecko) Chrome/50.0.2661.94 Mobile Safari/537.36 OPR/37.0.2192.110129"
146.148.64.128 - - [22/Jun/2017:06:56:28 +0530] "GET /robots.txt HTTP/1.1" 404 208 "-" "ltx71 - (http://ltx71.com/)"
169.149.138.170 - - [22/Jun/2017:06:56:38 +0530] "GET /project_details_view_report.php?id=1109 HTTP/1.1" 200 13176 "https://www.google.co.in/" "Mozilla/5.0 (Linux; Android 5.1.1; A37f Build/LMY47V) AppleWebKit/537.36 (KHTML, like Gecko) Chrome/50.0.2661.94 Mobile Safari/537.36 OPR/37.0.2192.110129"
40.77.167.35 - - [22/Jun/2017:06:57:30 +0530] "GET /detail_news.php?id=19 HTTP/1.1" 302 19084 "-" "Mozilla/5.0 (compatible; bingbot/2.0; +http://www.bing.com/bingbot.htm)"
40.77.167.35 - - [22/Jun/2017:06:57:31 +0530] "GET /logout.php HTTP/1.1" 302 369 "-" "Mozilla/5.0 (compatible; bingbot/2.0; +http://www.bing.com/bingbot.htm)"
146.148.64.128 - - [22/Jun/2017:06:57:32 +0530] "GET /robots.txt HTTP/1.1" 404 208 "-" "ltx71 - (http://ltx71.com/)"
40.77.167.35 - - [22/Jun/2017:06:57:32 +0530] "GET /index.php HTTP/1.1" 200 19482 "-" "Mozilla/5.0 (compatible; bingbot/2.0; +http://www.bing.com/bingbot.htm)"
146.148.64.128 - - [22/Jun/2017:06:57:49 +0530] "GET /index.php HTTP/1.1" 200 19482 "-" "ltx71 - (http://ltx71.com/)"
146.148.64.128 - - [22/Jun/2017:06:57:56 +0530] "GET /aboutus.php HTTP/1.1" 200 19599 "-" "ltx71 - (http://ltx71.com/)"
146.148.64.128 - - [22/Jun/2017:06:58:45 +0530] "GET /registration.php HTTP/1.1" 302 28531 "-" "ltx71 - (http://ltx71.com/)"
146.148.64.128 - - [22/Jun/2017:06:59:05 +0530] "GET /contactus.php HTTP/1.1" 200 18294 "-" "ltx71 - (http://ltx71.com/)"
157.55.39.174 - - [22/Jun/2017:06:59:51 +0530] "GET /downloads/Existing%20PCN.doc HTTP/1.1" 200 114176 "-" "Mozilla/5.0 (compatible; bingbot/2.0; +http://www.bing.com/bingbot.htm)"
146.148.64.128 - - [22/Jun/2017:07:00:28 +0530] "GET /news_more.php HTTP/1.1" 200 21063 "-" "ltx71 - (http://ltx71.com/)"
146.148.64.128 - - [22/Jun/2017:07:02:34 +0530] "GET /Scripts/AC_RunActiveContent.js HTTP/1.1" 200 8321 "-" "ltx71 - (http://ltx71.com/)"
146.148.64.128 - - [22/Jun/2017:07:02:51 +0530] "GET /robots.txt HTTP/1.1" 404 208 "-" "ltx71 - (http://ltx71.com/)"
146.148.64.128 - - [22/Jun/2017:07:03:18 +0530] "GET /events_more.php HTTP/1.1" 200 16907 "-" "ltx71 - (http://ltx71.com/)"
40.77.167.42 - - [22/Jun/2017:07:03:30 +0530] "GET /constitution.php HTTP/1.1" 200 23671 "-" "Mozilla/5.0 (compatible; bingbot/2.0; +http://www.bing.com/bingbot.htm)"
141.8.142.74 - - [22/Jun/2017:07:03:33 +0530] "GET /downloads/Template_sharing%202Percent.doc HTTP/1.1" 200 73728 "-" "Mozilla/5.0 (compatible; YandexBot/3.0; +http://yandex.com/bots)"
157.55.39.174 - - [22/Jun/2017:07:07:28 +0530] "GET /registration.php HTTP/1.1" 302 28531 "-" "Mozilla/5.0 (compatible; bingbot/2.0; +http://www.bing.com/bingbot.htm)"
157.55.39.174 - - [22/Jun/2017:07:07:28 +0530] "GET /logout.php HTTP/1.1" 302 369 "-" "Mozilla/5.0 (compatible; bingbot/2.0; +http://www.bing.com/bingbot.htm)"
157.55.39.174 - - [22/Jun/2017:07:07:30 +0530] "GET /index.php HTTP/1.1" 200 19482 "-" "Mozilla/5.0 (compatible; bingbot/2.0; +http://www.bing.com/bingbot.htm)"
73.96.105.45 - - [22/Jun/2017:07:07:59 +0530] "GET /wp-login.php HTTP/1.1" 404 210 "-" "Mozilla/5.0 (Windows NT 6.1; WOW64; rv:40.0) Gecko/20100101 Firefox/40.1"
73.96.105.45 - - [22/Jun/2017:07:07:59 +0530] "GET / HTTP/1.1" 200 19482 "-" "Mozilla/5.0 (Windows NT 6.1; WOW64; rv:40.0) Gecko/20100101 Firefox/40.1"
35.184.189.105 - - [22/Jun/2017:07:08:06 +0530] "GET /robots.txt HTTP/1.1" 404 208 "-" "ltx71 - (http://ltx71.com/)"
157.55.39.174 - - [22/Jun/2017:07:08:13 +0530] "GET /registration.php HTTP/1.1" 302 28531 "-" "Mozilla/5.0 (compatible; bingbot/2.0; +http://www.bing.com/bingbot.htm)"
157.55.39.174 - - [22/Jun/2017:07:08:14 +0530] "GET /logout.php HTTP/1.1" 302 369 "-" "Mozilla/5.0 (compatible; bingbot/2.0; +http://www.bing.com/bingbot.htm)"
157.55.39.174 - - [22/Jun/2017:07:08:15 +0530] "GET /index.php HTTP/1.1" 200 19482 "-" "Mozilla/5.0 (compatible; bingbot/2.0; +http://www.bing.com/bingbot.htm)"
66.249.79.19 - - [22/Jun/2017:07:09:49 +0530] "GET /project_details_view.php?id=1229 HTTP/1.1" 200 15214 "-" "Mozilla/5.0 (compatible; Googlebot/2.1; +http://www.google.com/bot.html)"
66.249.79.19 - - [22/Jun/2017:07:09:50 +0530] "GET /project_details_view.php?id=1229 HTTP/1.1" 200 15214 "-" "Mozilla/5.0 (compatible; Googlebot/2.1; +http://www.google.com/bot.html)"
146.148.64.128 - - [22/Jun/2017:07:10:02 +0530] "GET /robots.txt HTTP/1.1" 404 208 "-" "ltx71 - (http://ltx71.com/)"
146.148.64.128 - - [22/Jun/2017:07:10:41 +0530] "GET /robots.txt HTTP/1.1" 404 208 "-" "ltx71 - (http://ltx71.com/)"
141.8.142.74 - - [22/Jun/2017:07:10:54 +0530] "GET /project_details_view_report.php?id=991 HTTP/1.1" 200 13244 "-" "Mozilla/5.0 (compatible; YandexBot/3.0; +http://yandex.com/bots)"
146.148.64.128 - - [22/Jun/2017:07:12:01 +0530] "GET /future_projects.php HTTP/1.1" 302 26212 "-" "ltx71 - (http://ltx71.com/)"
188.213.134.148 - - [22/Jun/2017:07:12:42 +0530] "GET / HTTP/1.0" 200 19482 "http://www.cdmindia.gov.in/" "Mozilla/4.0 (compatible; MSIE 6.0; Windows NT 5.1; SV1; .NET CLR 2.0.50727)"
35.184.189.105 - - [22/Jun/2017:07:13:32 +0530] "GET /robots.txt HTTP/1.1" 404 208 "-" "ltx71 - (http://ltx71.com/)"
40.77.167.35 - - [22/Jun/2017:07:16:39 +0530] "GET /downloads/Carbon%20Market%20Roadmap.pdf HTTP/1.1" 200 4344697 "-" "Mozilla/5.0 (compatible; bingbot/2.0; +http://www.bing.com/bingbot.htm)"
146.148.64.128 - - [22/Jun/2017:07:17:34 +0530] "GET /robots.txt HTTP/1.1" 404 208 "-" "ltx71 - (http://ltx71.com/)"
146.148.64.128 - - [22/Jun/2017:07:18:10 +0530] "GET /contactus.php HTTP/1.1" 200 18294 "-" "ltx71 - (http://ltx71.com/)"
146.148.64.128 - - [22/Jun/2017:07:23:15 +0530] "GET /robots.txt HTTP/1.1" 404 208 "-" "ltx71 - (http://ltx71.com/)"
157.55.39.174 - - [22/Jun/2017:07:28:12 +0530] "GET /approval_process.php HTTP/1.1" 200 25914 "-" "Mozilla/5.0 (compatible; bingbot/2.0; +http://www.bing.com/bingbot.htm)"
157.55.39.174 - - [22/Jun/2017:07:28:21 +0530] "GET /project_details_view.php?id=2166&oid=1&page=1&reporttype=1 HTTP/1.1" 200 15847 "-" "Mozilla/5.0 (compatible; bingbot/2.0; +http://www.bing.com/bingbot.htm)"
40.77.167.35 - - [22/Jun/2017:07:30:15 +0530] "GET /images/NCDMA%20PCN%20Format%2017072009.doc HTTP/1.1" 200 114176 "-" "Mozilla/5.0 (compatible; bingbot/2.0; +http://www.bing.com/bingbot.htm)"
199.193.251.133 - - [22/Jun/2017:07:31:07 +0530] "HEAD / HTTP/1.1" 200 - "https://www.inboundlinks.win/InboundLinks/www.cdmindia.gov.in" "Mozilla/5.0 (compatible; MSIE 9.0; Windows NT 6.1; WOW64; Trident/5.0)"
157.55.39.174 - - [22/Jun/2017:07:31:18 +0530] "GET /project_details_view.php?id=1465 HTTP/1.1" 200 14104 "-" "Mozilla/5.0 (iPhone; CPU iPhone OS 7_0 like Mac OS X) AppleWebKit/537.51.1 (KHTML, like Gecko) Version/7.0 Mobile/11A465 Safari/9537.53 (compatible; bingbot/2.0; +http://www.bing.com/bingbot.htm)"
141.8.142.74 - - [22/Jun/2017:07:37:10 +0530] "GET /project_details_view.php?id=914 HTTP/1.1" 200 14411 "-" "Mozilla/5.0 (compatible; YandexBot/3.0; +http://yandex.com/bots)"
66.249.79.19 - - [22/Jun/2017:07:40:30 +0530] "GET /project_details_view.php?id=779 HTTP/1.1" 200 14858 "-" "Mozilla/5.0 (compatible; Googlebot/2.1; +http://www.google.com/bot.html)"
66.249.79.15 - - [22/Jun/2017:07:42:42 +0530] "GET /project_details_view_report.php?id=900 HTTP/1.1" 200 13200 "-" "Mozilla/5.0 (compatible; Googlebot/2.1; +http://www.google.com/bot.html)"
146.148.64.128 - - [22/Jun/2017:07:43:45 +0530] "GET /robots.txt HTTP/1.1" 404 208 "-" "ltx71 - (http://ltx71.com/)"
49.34.185.171 - - [22/Jun/2017:07:44:25 +0530] "GET /project_details_view.php?id=340 HTTP/1.1" 200 14635 "https://www.google.co.in/" "Mozilla/5.0 (Linux; Android 5.0; Nexus 6 Build/LRX21O) AppleWebKit/537.36 (KHTML, like Gecko) Chrome/55.0.2883.91 Mobile Safari/537.36 OPR/42.8.2246.118192"
49.34.185.171 - - [22/Jun/2017:07:44:25 +0530] "GET /includes/ncdma.css HTTP/1.1" 200 13023 "http://www.cdmindia.gov.in/project_details_view.php?id=340" "Mozilla/5.0 (Linux; Android 5.0; Nexus 6 Build/LRX21O) AppleWebKit/537.36 (KHTML, like Gecko) Chrome/55.0.2883.91 Mobile Safari/537.36 OPR/42.8.2246.118192"
49.34.185.171 - - [22/Jun/2017:07:44:25 +0530] "GET /ncdma.css HTTP/1.1" 200 12640 "http://www.cdmindia.gov.in/project_details_view.php?id=340" "Mozilla/5.0 (Linux; Android 5.0; Nexus 6 Build/LRX21O) AppleWebKit/537.36 (KHTML, like Gecko) Chrome/55.0.2883.91 Mobile Safari/537.36 OPR/42.8.2246.118192"
49.34.185.171 - - [22/Jun/2017:07:44:25 +0530] "GET /Scripts/AC_RunActiveContent.js HTTP/1.1" 200 8321 "http://www.cdmindia.gov.in/project_details_view.php?id=340" "Mozilla/5.0 (Linux; Android 5.0; Nexus 6 Build/LRX21O) AppleWebKit/537.36 (KHTML, like Gecko) Chrome/55.0.2883.91 Mobile Safari/537.36 OPR/42.8.2246.118192"
49.34.185.171 - - [22/Jun/2017:07:44:26 +0530] "GET /images/spacer.gif HTTP/1.1" 200 43 "http://www.cdmindia.gov.in/project_details_view.php?id=340" "Mozilla/5.0 (Linux; Android 5.0; Nexus 6 Build/LRX21O) AppleWebKit/537.36 (KHTML, like Gecko) Chrome/55.0.2883.91 Mobile Safari/537.36 OPR/42.8.2246.118192"
49.34.185.171 - - [22/Jun/2017:07:44:26 +0530] "GET /images/bullet1.gif HTTP/1.1" 200 67 "http://www.cdmindia.gov.in/project_details_view.php?id=340" "Mozilla/5.0 (Linux; Android 5.0; Nexus 6 Build/LRX21O) AppleWebKit/537.36 (KHTML, like Gecko) Chrome/55.0.2883.91 Mobile Safari/537.36 OPR/42.8.2246.118192"
49.34.185.171 - - [22/Jun/2017:07:44:26 +0530] "GET /images/bulllet2.gif HTTP/1.1" 200 58 "http://www.cdmindia.gov.in/project_details_view.php?id=340" "Mozilla/5.0 (Linux; Android 5.0; Nexus 6 Build/LRX21O) AppleWebKit/537.36 (KHTML, like Gecko) Chrome/55.0.2883.91 Mobile Safari/537.36 OPR/42.8.2246.118192"
49.34.185.171 - - [22/Jun/2017:07:44:26 +0530] "GET /images/bullet4.gif HTTP/1.1" 200 67 "http://www.cdmindia.gov.in/project_details_view.php?id=340" "Mozilla/5.0 (Linux; Android 5.0; Nexus 6 Build/LRX21O) AppleWebKit/537.36 (KHTML, like Gecko) Chrome/55.0.2883.91 Mobile Safari/537.36 OPR/42.8.2246.118192"
49.34.185.171 - - [22/Jun/2017:07:44:26 +0530] "GET /images/img2.jpg HTTP/1.1" 200 16276 "http://www.cdmindia.gov.in/project_details_view.php?id=340" "Mozilla/5.0 (Linux; Android 5.0; Nexus 6 Build/LRX21O) AppleWebKit/537.36 (KHTML, like Gecko) Chrome/55.0.2883.91 Mobile Safari/537.36 OPR/42.8.2246.118192"
49.34.185.171 - - [22/Jun/2017:07:44:26 +0530] "GET /images/img3.jpg HTTP/1.1" 200 26957 "http://www.cdmindia.gov.in/project_details_view.php?id=340" "Mozilla/5.0 (Linux; Android 5.0; Nexus 6 Build/LRX21O) AppleWebKit/537.36 (KHTML, like Gecko) Chrome/55.0.2883.91 Mobile Safari/537.36 OPR/42.8.2246.118192"
49.34.185.171 - - [22/Jun/2017:07:44:26 +0530] "GET /images/img1.jpg HTTP/1.1" 200 1251 "http://www.cdmindia.gov.in/project_details_view.php?id=340" "Mozilla/5.0 (Linux; Android 5.0; Nexus 6 Build/LRX21O) AppleWebKit/537.36 (KHTML, like Gecko) Chrome/55.0.2883.91 Mobile Safari/537.36 OPR/42.8.2246.118192"
49.34.185.171 - - [22/Jun/2017:07:44:26 +0530] "GET /images/gtz.jpg HTTP/1.1" 200 15484 "http://www.cdmindia.gov.in/project_details_view.php?id=340" "Mozilla/5.0 (Linux; Android 5.0; Nexus 6 Build/LRX21O) AppleWebKit/537.36 (KHTML, like Gecko) Chrome/55.0.2883.91 Mobile Safari/537.36 OPR/42.8.2246.118192"
49.34.185.171 - - [22/Jun/2017:07:44:26 +0530] "GET /images/fdm.jpg HTTP/1.1" 200 2043 "http://www.cdmindia.gov.in/project_details_view.php?id=340" "Mozilla/5.0 (Linux; Android 5.0; Nexus 6 Build/LRX21O) AppleWebKit/537.36 (KHTML, like Gecko) Chrome/55.0.2883.91 Mobile Safari/537.36 OPR/42.8.2246.118192"
