202.46.57.89 - - [03/Jun/2017:01:17:37 +0530] "GET /project_details_view.php?id=753 HTTP/1.1" 200 14553 "-" "Mozilla/5.0 (Windows NT 10.0; WOW64) AppleWebKit/537.36 (KHTML, like Gecko) Chrome/45.0.2454.93 Safari/537.36"
64.233.173.136 - - [03/Jun/2017:01:22:12 +0530] "GET /includes/ncdma.css HTTP/1.1" 200 13023 "https://www.google.co.in/search?client=ms-android-motorola&ei=x8ExWfXcEoKBvgT85Z2QAQ&q=whrb+in+steam+produce&oq=whrb+in+steam+produce&gs_l=mobile-gws-serp.3..33i21k1.2818.21700.0.22280.46.38.9.3.3.0.496.9503.3j3j16j8j5.35.0....0...1.1j4.64.mobile-gws-serp..2.33.6889.3..0j35i39k1j0i131k1j0i67k1j0i30k1j0i10k1j0i22i30k1j33i160k1.IMBExc4LeOM" "Mozilla/5.0 (Linux; Android 6.0; XT1706 Build/MRA58K) AppleWebKit/537.36 (KHTML, like Gecko) Chrome/58.0.3029.83 Mobile Safari/537.36"
64.233.173.137 - - [03/Jun/2017:01:22:12 +0530] "GET /Scripts/AC_RunActiveContent.js HTTP/1.1" 200 8321 "https://www.google.co.in/search?client=ms-android-motorola&ei=x8ExWfXcEoKBvgT85Z2QAQ&q=whrb+in+steam+produce&oq=whrb+in+steam+produce&gs_l=mobile-gws-serp.3..33i21k1.2818.21700.0.22280.46.38.9.3.3.0.496.9503.3j3j16j8j5.35.0....0...1.1j4.64.mobile-gws-serp..2.33.6889.3..0j35i39k1j0i131k1j0i67k1j0i30k1j0i10k1j0i22i30k1j33i160k1.IMBExc4LeOM" "Mozilla/5.0 (Linux; Android 6.0; XT1706 Build/MRA58K) AppleWebKit/537.36 (KHTML, like Gecko) Chrome/58.0.3029.83 Mobile Safari/537.36"
64.233.173.137 - - [03/Jun/2017:01:22:12 +0530] "GET /ncdma.css HTTP/1.1" 200 12640 "https://www.google.co.in/search?client=ms-android-motorola&ei=x8ExWfXcEoKBvgT85Z2QAQ&q=whrb+in+steam+produce&oq=whrb+in+steam+produce&gs_l=mobile-gws-serp.3..33i21k1.2818.21700.0.22280.46.38.9.3.3.0.496.9503.3j3j16j8j5.35.0....0...1.1j4.64.mobile-gws-serp..2.33.6889.3..0j35i39k1j0i131k1j0i67k1j0i30k1j0i10k1j0i22i30k1j33i160k1.IMBExc4LeOM" "Mozilla/5.0 (Linux; Android 6.0; XT1706 Build/MRA58K) AppleWebKit/537.36 (KHTML, like Gecko) Chrome/58.0.3029.83 Mobile Safari/537.36"
64.233.173.138 - - [03/Jun/2017:01:22:12 +0530] "GET /project_details_view.php?id=573 HTTP/1.1" 200 15518 "https://www.google.co.in/" "Mozilla/5.0 (Linux; Android 6.0; XT1706 Build/MRA58K) AppleWebKit/537.36 (KHTML, like Gecko) Chrome/58.0.3029.83 Mobile Safari/537.36"
64.233.173.138 - - [03/Jun/2017:01:22:12 +0530] "GET /images/spacer.gif HTTP/1.1" 200 43 "http://www.cdmindia.gov.in/project_details_view.php?id=573" "Mozilla/5.0 (Linux; Android 6.0; XT1706 Build/MRA58K) AppleWebKit/537.36 (KHTML, like Gecko) Chrome/58.0.3029.83 Mobile Safari/537.36"
64.233.173.137 - - [03/Jun/2017:01:22:12 +0530] "GET /images/bullet1.gif HTTP/1.1" 200 67 "http://www.cdmindia.gov.in/project_details_view.php?id=573" "Mozilla/5.0 (Linux; Android 6.0; XT1706 Build/MRA58K) AppleWebKit/537.36 (KHTML, like Gecko) Chrome/58.0.3029.83 Mobile Safari/537.36"
64.233.173.136 - - [03/Jun/2017:01:22:12 +0530] "GET /images/bulllet2.gif HTTP/1.1" 200 58 "http://www.cdmindia.gov.in/project_details_view.php?id=573" "Mozilla/5.0 (Linux; Android 6.0; XT1706 Build/MRA58K) AppleWebKit/537.36 (KHTML, like Gecko) Chrome/58.0.3029.83 Mobile Safari/537.36"
64.233.173.136 - - [03/Jun/2017:01:22:12 +0530] "GET /images/bullet4.gif HTTP/1.1" 200 67 "http://www.cdmindia.gov.in/project_details_view.php?id=573" "Mozilla/5.0 (Linux; Android 6.0; XT1706 Build/MRA58K) AppleWebKit/537.36 (KHTML, like Gecko) Chrome/58.0.3029.83 Mobile Safari/537.36"
64.233.173.136 - - [03/Jun/2017:01:22:12 +0530] "GET /images/fbg.jpg HTTP/1.1" 200 325 "http://www.cdmindia.gov.in/project_details_view.php?id=573" "Mozilla/5.0 (Linux; Android 6.0; XT1706 Build/MRA58K) AppleWebKit/537.36 (KHTML, like Gecko) Chrome/58.0.3029.83 Mobile Safari/537.36"
64.233.173.136 - - [03/Jun/2017:01:22:12 +0530] "GET /images/img2.jpg HTTP/1.1" 200 16276 "http://www.cdmindia.gov.in/project_details_view.php?id=573" "Mozilla/5.0 (Linux; Android 6.0; XT1706 Build/MRA58K) AppleWebKit/537.36 (KHTML, like Gecko) Chrome/58.0.3029.83 Mobile Safari/537.36"
64.233.173.138 - - [03/Jun/2017:01:22:13 +0530] "GET /images/fdm.jpg HTTP/1.1" 200 2043 "http://www.cdmindia.gov.in/project_details_view.php?id=573" "Mozilla/5.0 (Linux; Android 6.0; XT1706 Build/MRA58K) AppleWebKit/537.36 (KHTML, like Gecko) Chrome/58.0.3029.83 Mobile Safari/537.36"
64.233.173.136 - - [03/Jun/2017:01:22:13 +0530] "GET /images/gtz.jpg HTTP/1.1" 200 15484 "http://www.cdmindia.gov.in/project_details_view.php?id=573" "Mozilla/5.0 (Linux; Android 6.0; XT1706 Build/MRA58K) AppleWebKit/537.36 (KHTML, like Gecko) Chrome/58.0.3029.83 Mobile Safari/537.36"
64.233.173.138 - - [03/Jun/2017:01:22:13 +0530] "GET /images/img1.jpg HTTP/1.1" 200 1251 "http://www.cdmindia.gov.in/project_details_view.php?id=573" "Mozilla/5.0 (Linux; Android 6.0; XT1706 Build/MRA58K) AppleWebKit/537.36 (KHTML, like Gecko) Chrome/58.0.3029.83 Mobile Safari/537.36"
64.233.173.136 - - [03/Jun/2017:01:22:12 +0530] "GET /images/img3.jpg HTTP/1.1" 200 26957 "http://www.cdmindia.gov.in/project_details_view.php?id=573" "Mozilla/5.0 (Linux; Android 6.0; XT1706 Build/MRA58K) AppleWebKit/537.36 (KHTML, like Gecko) Chrome/58.0.3029.83 Mobile Safari/537.36"
64.233.173.137 - - [03/Jun/2017:01:22:13 +0530] "GET /favicon.ico HTTP/1.1" 200 1189 "http://www.cdmindia.gov.in/project_details_view.php?id=573" "Mozilla/5.0 (Linux; Android 6.0; XT1706 Build/MRA58K) AppleWebKit/537.36 (KHTML, like Gecko) Chrome/58.0.3029.83 Mobile Safari/537.36"
64.233.173.136 - - [03/Jun/2017:01:23:35 +0530] "GET /project_details_view.php?id=573 HTTP/1.1" 200 15518 "https://www.google.co.in/" "Mozilla/5.0 (Linux; Android 6.0; XT1706 Build/MRA58K) AppleWebKit/537.36 (KHTML, like Gecko) Chrome/58.0.3029.83 Mobile Safari/537.36"
35.184.189.105 - - [03/Jun/2017:01:27:53 +0530] "GET /robots.txt HTTP/1.1" 404 208 "-" "ltx71 - (http://ltx71.com/)"
35.184.189.105 - - [03/Jun/2017:01:28:12 +0530] "GET /aboutus.php HTTP/1.1" 200 19598 "-" "ltx71 - (http://ltx71.com/)"
202.46.50.161 - - [03/Jun/2017:01:36:04 +0530] "GET /project_details_view.php?id=105 HTTP/1.1" 200 14283 "-" "Mozilla/5.0 (Windows NT 10.0; WOW64) AppleWebKit/537.36 (KHTML, like Gecko) Chrome/45.0.2454.93 Safari/537.36"
66.249.79.93 - - [03/Jun/2017:01:37:09 +0530] "GET /downloads/Existing%20PCN.doc HTTP/1.1" 200 114176 "-" "Mozilla/5.0 (Linux; Android 6.0.1; Nexus 5X Build/MMB29P) AppleWebKit/537.36 (KHTML, like Gecko) Chrome/41.0.2272.96 Mobile Safari/537.36 (compatible; Googlebot/2.1; +http://www.google.com/bot.html)"
207.46.13.103 - - [03/Jun/2017:01:37:30 +0530] "GET /project_details_view.php?id=541 HTTP/1.1" 200 14753 "-" "Mozilla/5.0 (iPhone; CPU iPhone OS 7_0 like Mac OS X) AppleWebKit/537.51.1 (KHTML, like Gecko) Version/7.0 Mobile/11A465 Safari/9537.53 (compatible; bingbot/2.0; +http://www.bing.com/bingbot.htm)"
157.55.39.60 - - [03/Jun/2017:01:41:01 +0530] "GET /project_details_view.php?id=571 HTTP/1.1" 200 15995 "-" "Mozilla/5.0 (compatible; bingbot/2.0; +http://www.bing.com/bingbot.htm)"
210.232.15.29 - - [03/Jun/2017:01:42:21 +0530] "GET / HTTP/1.1" 200 19481 "-" "Mozilla/5.0 (Windows NT 5.1; rv:6.0.2) Gecko/20100101 Firefox/6.0.2"
185.81.158.26 - - [03/Jun/2017:01:49:06 +0530] "GET /js/tools.js HTTP/1.1" 404 209 "-" "Mozilla/5.0 (Windows NT 6.1; WOW64; rv:53.0) Gecko/20100101 Firefox/53.0"
202.46.54.133 - - [03/Jun/2017:01:54:30 +0530] "GET /project_details_view.php?id=1590 HTTP/1.1" 200 14152 "-" "Mozilla/5.0 (Windows NT 10.0; WOW64) AppleWebKit/537.36 (KHTML, like Gecko) Chrome/45.0.2454.93 Safari/537.36"
41.56.2.132 - - [03/Jun/2017:01:57:37 +0530] "GET /wp-login.php HTTP/1.1" 404 210 "-" "Mozilla/5.0 (Windows NT 6.1; WOW64; rv:40.0) Gecko/20100101 Firefox/40.1"
41.56.2.132 - - [03/Jun/2017:01:57:38 +0530] "GET / HTTP/1.1" 200 19481 "-" "Mozilla/5.0 (Windows NT 6.1; WOW64; rv:40.0) Gecko/20100101 Firefox/40.1"
68.180.228.167 - - [03/Jun/2017:01:58:20 +0530] "GET /robots.txt HTTP/1.1" 404 208 "-" "Mozilla/5.0 (compatible; Yahoo! Slurp; http://help.yahoo.com/help/us/ysearch/slurp)"
68.180.228.167 - - [03/Jun/2017:01:58:21 +0530] "GET /downloads/Template_sharing%202Percent.doc HTTP/1.1" 304 - "-" "Mozilla/5.0 (compatible; Yahoo! Slurp; http://help.yahoo.com/help/us/ysearch/slurp)"
207.46.13.103 - - [03/Jun/2017:01:59:15 +0530] "GET /project_details_view.php?id=484 HTTP/1.1" 200 15534 "-" "Mozilla/5.0 (iPhone; CPU iPhone OS 7_0 like Mac OS X) AppleWebKit/537.51.1 (KHTML, like Gecko) Version/7.0 Mobile/11A465 Safari/9537.53 (compatible; bingbot/2.0; +http://www.bing.com/bingbot.htm)"
180.76.15.140 - - [03/Jun/2017:02:01:33 +0530] "GET / HTTP/1.1" 200 19481 "-" "Mozilla/5.0 (compatible; Baiduspider/2.0; +http://www.baidu.com/search/spider.html)"
68.180.228.167 - - [03/Jun/2017:02:04:14 +0530] "GET /downloads/New%20PCN.doc HTTP/1.1" 304 - "-" "Mozilla/5.0 (compatible; Yahoo! Slurp; http://help.yahoo.com/help/us/ysearch/slurp)"
157.55.39.98 - - [03/Jun/2017:02:04:47 +0530] "GET /project_details_view.php?id=679 HTTP/1.1" 200 14418 "-" "Mozilla/5.0 (compatible; bingbot/2.0; +http://www.bing.com/bingbot.htm)"
74.115.214.156 - - [03/Jun/2017:02:07:47 +0530] "HEAD / HTTP/1.1" 200 - "http://uptime.com/www.cdmindia.gov.in" "Mozilla/5.0 (compatible; Uptimebot/1.0; +http://www.uptime.com/uptimebot)"
65.38.74.210 - - [03/Jun/2017:02:09:44 +0530] "GET /wp-login.php HTTP/1.1" 404 210 "-" "Mozilla/5.0 (Windows NT 6.1; WOW64; rv:40.0) Gecko/20100101 Firefox/40.1"
65.38.74.210 - - [03/Jun/2017:02:09:47 +0530] "GET / HTTP/1.1" 200 19481 "-" "Mozilla/5.0 (Windows NT 6.1; WOW64; rv:40.0) Gecko/20100101 Firefox/40.1"
35.184.189.105 - - [03/Jun/2017:02:10:46 +0530] "GET /robots.txt HTTP/1.1" 404 208 "-" "ltx71 - (http://ltx71.com/)"
157.55.39.60 - - [03/Jun/2017:02:11:39 +0530] "GET / HTTP/1.1" 200 19481 "-" "Mozilla/5.0 (compatible; bingbot/2.0; +http://www.bing.com/bingbot.htm)"
157.55.39.60 - - [03/Jun/2017:02:11:48 +0530] "GET / HTTP/1.1" 200 19481 "-" "Mozilla/5.0 (compatible; bingbot/2.0; +http://www.bing.com/bingbot.htm)"
157.55.39.98 - - [03/Jun/2017:02:12:56 +0530] "GET /project_details_view.php?id=1418 HTTP/1.1" 200 15764 "-" "Mozilla/5.0 (compatible; bingbot/2.0; +http://www.bing.com/bingbot.htm)"
202.46.48.197 - - [03/Jun/2017:02:12:56 +0530] "GET /project_details_view.php?id=835 HTTP/1.1" 200 14199 "-" "Mozilla/5.0 (Windows NT 10.0; WOW64) AppleWebKit/537.36 (KHTML, like Gecko) Chrome/45.0.2454.93 Safari/537.36"
157.55.39.98 - - [03/Jun/2017:02:26:46 +0530] "GET /project_details_view.php?id=692 HTTP/1.1" 200 14237 "-" "Mozilla/5.0 (iPhone; CPU iPhone OS 7_0 like Mac OS X) AppleWebKit/537.51.1 (KHTML, like Gecko) Version/7.0 Mobile/11A465 Safari/9537.53 (compatible; bingbot/2.0; +http://www.bing.com/bingbot.htm)"
157.55.39.171 - - [03/Jun/2017:02:28:16 +0530] "GET /project_details_view_report.php?id=246 HTTP/1.1" 200 13087 "-" "Mozilla/5.0 (compatible; bingbot/2.0; +http://www.bing.com/bingbot.htm)"
92.133.171.7 - - [03/Jun/2017:02:30:01 +0530] "GET /robots.txt HTTP/1.1" 404 208 "-" "Java/1.8.0_101"
157.55.39.60 - - [03/Jun/2017:02:31:00 +0530] "GET /project_details_view.php?id=764 HTTP/1.1" 200 15374 "-" "Mozilla/5.0 (iPhone; CPU iPhone OS 7_0 like Mac OS X) AppleWebKit/537.51.1 (KHTML, like Gecko) Version/7.0 Mobile/11A465 Safari/9537.53 (compatible; bingbot/2.0; +http://www.bing.com/bingbot.htm)"
202.46.51.138 - - [03/Jun/2017:02:31:22 +0530] "GET /project_details_view_report.php?id=843 HTTP/1.1" 200 13247 "-" "Mozilla/5.0 (Windows NT 10.0; WOW64) AppleWebKit/537.36 (KHTML, like Gecko) Chrome/45.0.2454.93 Safari/537.36"
66.249.79.95 - - [03/Jun/2017:02:33:16 +0530] "GET /downloads/Carbon%20Market%20Roadmap.pdf HTTP/1.1" 200 4344697 "-" "Mozilla/5.0 (Linux; Android 6.0.1; Nexus 5X Build/MMB29P) AppleWebKit/537.36 (KHTML, like Gecko) Chrome/41.0.2272.96 Mobile Safari/537.36 (compatible; Googlebot/2.1; +http://www.google.com/bot.html)"
207.46.13.103 - - [03/Jun/2017:02:43:08 +0530] "GET /Approved_proj_reports_list_details.php?id=2&reporttype=1&scale=&sdt=&edt=&exec= HTTP/1.1" 200 12738 "-" "Mozilla/5.0 (compatible; bingbot/2.0; +http://www.bing.com/bingbot.htm)"
68.180.228.167 - - [03/Jun/2017:02:44:18 +0530] "GET /detail_news.php?id=19 HTTP/1.1" 302 19083 "-" "Mozilla/5.0 (compatible; Yahoo! Slurp; http://help.yahoo.com/help/us/ysearch/slurp)"
68.180.228.167 - - [03/Jun/2017:02:44:43 +0530] "GET /logout.php HTTP/1.1" 302 369 "-" "Mozilla/5.0 (compatible; Yahoo! Slurp; http://help.yahoo.com/help/us/ysearch/slurp)"
157.55.39.171 - - [03/Jun/2017:02:44:56 +0530] "GET /project_details_view.php?id=431 HTTP/1.1" 200 14142 "-" "Mozilla/5.0 (iPhone; CPU iPhone OS 7_0 like Mac OS X) AppleWebKit/537.51.1 (KHTML, like Gecko) Version/7.0 Mobile/11A465 Safari/9537.53 (compatible; bingbot/2.0; +http://www.bing.com/bingbot.htm)"
68.180.228.167 - - [03/Jun/2017:02:45:03 +0530] "GET /index.php HTTP/1.1" 200 19481 "-" "Mozilla/5.0 (compatible; Yahoo! Slurp; http://help.yahoo.com/help/us/ysearch/slurp)"
68.180.228.167 - - [03/Jun/2017:02:45:59 +0530] "GET /images/midbanner.swf HTTP/1.1" 304 - "-" "Mozilla/5.0 (compatible; Yahoo! Slurp; http://help.yahoo.com/help/us/ysearch/slurp)"
207.46.13.103 - - [03/Jun/2017:02:49:10 +0530] "GET /reports_list_details.php?id=Small&reporttype=4 HTTP/1.1" 200 21317 "-" "Mozilla/5.0 (compatible; bingbot/2.0; +http://www.bing.com/bingbot.htm)"
199.30.24.19 - - [03/Jun/2017:02:49:13 +0530] "GET /js/user_registration.js HTTP/1.1" 200 26819 "http://www.cdmindia.gov.in/reports_list_details.php?id=Small&reporttype=4" "Mozilla/5.0 (Windows NT 6.1; WOW64) AppleWebKit/534+ (KHTML, like Gecko) BingPreview/1.0b"
202.46.49.152 - - [03/Jun/2017:02:49:49 +0530] "GET /project_details_view.php?id=291 HTTP/1.1" 200 14364 "-" "Mozilla/5.0 (Windows NT 10.0; WOW64) AppleWebKit/537.36 (KHTML, like Gecko) Chrome/45.0.2454.93 Safari/537.36"
66.249.79.131 - - [03/Jun/2017:02:52:28 +0530] "GET / HTTP/1.1" 200 19481 "http://goidirectory.gov.in/sitecounter.php?id=11204" "Mozilla/5.0 (compatible; Googlebot/2.1; +http://www.google.com/bot.html)"
82.223.109.246 - - [03/Jun/2017:03:01:15 +0530] "GET /approval_process.php HTTP/1.0" 200 25913 "http://cdmindia.gov.in/approval_process.php" "Mozilla/5.0 (Windows NT 6.3; Win64; x64) AppleWebKit/537.36 (KHTML, like Gecko) Chrome/56.0.2924.87 Safari/537.36"
82.223.109.246 - - [03/Jun/2017:03:01:15 +0530] "GET /registration.php HTTP/1.0" 200 28530 "http://cdmindia.gov.in/registration.php" "Mozilla/5.0 (Windows NT 6.3; Win64; x64) AppleWebKit/537.36 (KHTML, like Gecko) Chrome/56.0.2924.87 Safari/537.36"
82.223.109.246 - - [03/Jun/2017:03:01:16 +0530] "GET /registration.php HTTP/1.0" 200 28530 "http://cdmindia.gov.in/registration.php" "Mozilla/5.0 (Windows NT 6.3; Win64; x64) AppleWebKit/537.36 (KHTML, like Gecko) Chrome/56.0.2924.87 Safari/537.36"
82.223.109.246 - - [03/Jun/2017:03:01:17 +0530] "GET /registration.php HTTP/1.0" 200 28530 "http://cdmindia.gov.in/registration.php" "Mozilla/5.0 (Windows NT 6.3; Win64; x64) AppleWebKit/537.36 (KHTML, like Gecko) Chrome/56.0.2924.87 Safari/537.36"
82.223.109.246 - - [03/Jun/2017:03:01:17 +0530] "GET /registration.php HTTP/1.0" 200 28530 "http://cdmindia.gov.in/registration.php" "Mozilla/5.0 (Windows NT 6.3; Win64; x64) AppleWebKit/537.36 (KHTML, like Gecko) Chrome/56.0.2924.87 Safari/537.36"
84.51.20.90 - - [03/Jun/2017:03:02:40 +0530] "GET /wp-login.php HTTP/1.1" 404 210 "-" "Mozilla/5.0 (Windows NT 6.1; WOW64; rv:40.0) Gecko/20100101 Firefox/40.1"
84.51.20.90 - - [03/Jun/2017:03:02:41 +0530] "GET / HTTP/1.1" 200 19481 "-" "Mozilla/5.0 (Windows NT 6.1; WOW64; rv:40.0) Gecko/20100101 Firefox/40.1"
157.55.39.171 - - [03/Jun/2017:03:03:39 +0530] "GET /project_details_view_report.php?id=1086 HTTP/1.1" 200 13190 "-" "Mozilla/5.0 (compatible; bingbot/2.0; +http://www.bing.com/bingbot.htm)"
207.46.13.103 - - [03/Jun/2017:03:15:10 +0530] "GET /project_details_view_report.php?id=990 HTTP/1.1" 200 13158 "-" "Mozilla/5.0 (compatible; bingbot/2.0; +http://www.bing.com/bingbot.htm)"
157.55.39.171 - - [03/Jun/2017:03:18:06 +0530] "GET /project_details_view.php?id=2178 HTTP/1.1" 200 13857 "-" "Mozilla/5.0 (compatible; bingbot/2.0; +http://www.bing.com/bingbot.htm)"
35.184.189.105 - - [03/Jun/2017:03:18:41 +0530] "GET /robots.txt HTTP/1.1" 404 208 "-" "ltx71 - (http://ltx71.com/)"
35.184.189.105 - - [03/Jun/2017:03:20:02 +0530] "GET / HTTP/1.1" 200 19481 "-" "ltx71 - (http://ltx71.com/)"
66.249.79.91 - - [03/Jun/2017:03:21:09 +0530] "GET /robots.txt HTTP/1.1" 404 208 "-" "Mozilla/5.0 (compatible; Googlebot/2.1; +http://www.google.com/bot.html)"
66.249.79.91 - - [03/Jun/2017:03:21:10 +0530] "GET /downloads/Template_sharing%202Percent.doc HTTP/1.1" 200 73728 "-" "Mozilla/5.0 (Linux; Android 6.0.1; Nexus 5X Build/MMB29P) AppleWebKit/537.36 (KHTML, like Gecko) Chrome/41.0.2272.96 Mobile Safari/537.36 (compatible; Googlebot/2.1; +http://www.google.com/bot.html)"
5.196.87.48 - - [03/Jun/2017:03:25:06 +0530] "GET /robots.txt HTTP/1.1" 404 208 "-" "Mozilla/5.0 (compatible; AhrefsBot/5.2; +http://ahrefs.com/robot/)"
202.46.52.210 - - [03/Jun/2017:03:26:41 +0530] "GET /reports_list_details.php?id=Andhra&reporttype=&page=47 HTTP/1.1" 200 21979 "-" "Mozilla/5.0 (Windows NT 10.0; WOW64) AppleWebKit/537.36 (KHTML, like Gecko) Chrome/45.0.2454.93 Safari/537.36"
68.180.228.167 - - [03/Jun/2017:03:38:21 +0530] "GET /capacity_building.php HTTP/1.1" 200 19187 "-" "Mozilla/5.0 (compatible; Yahoo! Slurp; http://help.yahoo.com/help/us/ysearch/slurp)"
46.229.164.102 - - [03/Jun/2017:03:41:34 +0530] "GET /robots.txt HTTP/1.1" 404 208 "-" "Mozilla/5.0 (compatible; SemrushBot/1.2~bl; +http://www.semrush.com/bot.html)"
157.55.39.171 - - [03/Jun/2017:03:44:15 +0530] "GET /project_details_view.php?id=1772 HTTP/1.1" 200 14549 "-" "Mozilla/5.0 (compatible; bingbot/2.0; +http://www.bing.com/bingbot.htm)"
157.55.39.171 - - [03/Jun/2017:03:50:01 +0530] "GET /project_details_view.php?id=508 HTTP/1.1" 200 15039 "-" "Mozilla/5.0 (iPhone; CPU iPhone OS 7_0 like Mac OS X) AppleWebKit/537.51.1 (KHTML, like Gecko) Version/7.0 Mobile/11A465 Safari/9537.53 (compatible; bingbot/2.0; +http://www.bing.com/bingbot.htm)"
157.55.39.60 - - [03/Jun/2017:03:56:43 +0530] "GET /project_details_view.php?id=571 HTTP/1.1" 200 15995 "-" "Mozilla/5.0 (iPhone; CPU iPhone OS 7_0 like Mac OS X) AppleWebKit/537.51.1 (KHTML, like Gecko) Version/7.0 Mobile/11A465 Safari/9537.53 (compatible; bingbot/2.0; +http://www.bing.com/bingbot.htm)"
157.55.39.60 - - [03/Jun/2017:04:00:03 +0530] "GET /project_details_view.php?id=1583 HTTP/1.1" 200 13968 "-" "Mozilla/5.0 (iPhone; CPU iPhone OS 7_0 like Mac OS X) AppleWebKit/537.51.1 (KHTML, like Gecko) Version/7.0 Mobile/11A465 Safari/9537.53 (compatible; bingbot/2.0; +http://www.bing.com/bingbot.htm)"
180.76.15.149 - - [03/Jun/2017:04:00:22 +0530] "GET / HTTP/1.1" 200 19481 "-" "Mozilla/5.0 (compatible; Baiduspider/2.0; +http://www.baidu.com/search/spider.html)"
207.46.13.103 - - [03/Jun/2017:04:03:30 +0530] "GET /detail_news.php?id=20 HTTP/1.1" 302 18267 "-" "Mozilla/5.0 (compatible; bingbot/2.0; +http://www.bing.com/bingbot.htm)"
207.46.13.103 - - [03/Jun/2017:04:03:31 +0530] "GET /logout.php HTTP/1.1" 302 369 "-" "Mozilla/5.0 (compatible; bingbot/2.0; +http://www.bing.com/bingbot.htm)"
207.46.13.103 - - [03/Jun/2017:04:03:32 +0530] "GET /index.php HTTP/1.1" 200 19481 "-" "Mozilla/5.0 (compatible; bingbot/2.0; +http://www.bing.com/bingbot.htm)"
202.46.52.206 - - [03/Jun/2017:04:03:34 +0530] "GET /reports_list_details.php?id=Small&reporttype=4&page=77 HTTP/1.1" 200 21946 "-" "Mozilla/5.0 (Windows NT 10.0; WOW64) AppleWebKit/537.36 (KHTML, like Gecko) Chrome/45.0.2454.93 Safari/537.36"
66.249.79.95 - - [03/Jun/2017:04:13:21 +0530] "GET /detail_events.php?id= HTTP/1.1" 302 16739 "-" "Mozilla/5.0 (Linux; Android 6.0.1; Nexus 5X Build/MMB29P) AppleWebKit/537.36 (KHTML, like Gecko) Chrome/41.0.2272.96 Mobile Safari/537.36 (compatible; Googlebot/2.1; +http://www.google.com/bot.html)"
66.249.79.95 - - [03/Jun/2017:04:13:22 +0530] "GET /logout.php HTTP/1.1" 302 369 "-" "Mozilla/5.0 (Linux; Android 6.0.1; Nexus 5X Build/MMB29P) AppleWebKit/537.36 (KHTML, like Gecko) Chrome/41.0.2272.96 Mobile Safari/537.36 (compatible; Googlebot/2.1; +http://www.google.com/bot.html)"
66.249.79.93 - - [03/Jun/2017:04:13:23 +0530] "GET /index.php HTTP/1.1" 200 19481 "-" "Mozilla/5.0 (Linux; Android 6.0.1; Nexus 5X Build/MMB29P) AppleWebKit/537.36 (KHTML, like Gecko) Chrome/41.0.2272.96 Mobile Safari/537.36 (compatible; Googlebot/2.1; +http://www.google.com/bot.html)"
207.46.13.103 - - [03/Jun/2017:04:14:38 +0530] "GET /project_details_view.php?id=766 HTTP/1.1" 200 14800 "-" "Mozilla/5.0 (iPhone; CPU iPhone OS 7_0 like Mac OS X) AppleWebKit/537.51.1 (KHTML, like Gecko) Version/7.0 Mobile/11A465 Safari/9537.53 (compatible; bingbot/2.0; +http://www.bing.com/bingbot.htm)"
207.46.13.103 - - [03/Jun/2017:04:15:28 +0530] "GET /downloads/Carbon%20Market%20Roadmap.pdf HTTP/1.1" 200 4344697 "-" "Mozilla/5.0 (compatible; bingbot/2.0; +http://www.bing.com/bingbot.htm)"
202.46.48.191 - - [03/Jun/2017:04:22:00 +0530] "GET /project_details_view.php?id=387 HTTP/1.1" 200 14223 "-" "Mozilla/5.0 (Windows NT 10.0; WOW64) AppleWebKit/537.36 (KHTML, like Gecko) Chrome/45.0.2454.93 Safari/537.36"
157.55.39.60 - - [03/Jun/2017:04:24:49 +0530] "GET /project_details_view.php?id=2152 HTTP/1.1" 200 15122 "-" "Mozilla/5.0 (compatible; bingbot/2.0; +http://www.bing.com/bingbot.htm)"
45.62.33.118 - - [03/Jun/2017:04:31:03 +0530] "GET / HTTP/1.1" 200 19481 "-" "Apache-HttpClient/4.5.3-SNAPSHOT (Java/1.8.0_73)"
211.0.145.109 - - [03/Jun/2017:04:36:34 +0530] "GET / HTTP/1.1" 200 19481 "-" "Mozilla/5.0 (Windows NT 5.1; rv:6.0.2) Gecko/20100101 Firefox/6.0.2"
157.55.39.60 - - [03/Jun/2017:04:37:52 +0530] "GET /downloads/New%20PCN.doc HTTP/1.1" 200 435200 "-" "Mozilla/5.0 (compatible; bingbot/2.0; +http://www.bing.com/bingbot.htm)"
202.46.56.70 - - [03/Jun/2017:04:40:27 +0530] "GET /project_details_view.php?id=1440 HTTP/1.1" 200 15669 "-" "Mozilla/5.0 (Windows NT 10.0; WOW64) AppleWebKit/537.36 (KHTML, like Gecko) Chrome/45.0.2454.93 Safari/537.36"
220.181.108.156 - - [03/Jun/2017:04:42:48 +0530] "GET /detail_news.php?id=19 HTTP/1.1" 302 19083 "-" "Mozilla/5.0 (compatible; Baiduspider/2.0; +http://www.baidu.com/search/spider.html)"
220.181.108.180 - - [03/Jun/2017:04:42:48 +0530] "GET /logout.php HTTP/1.1" 302 369 "-" "Mozilla/5.0 (compatible; Baiduspider/2.0; +http://www.baidu.com/search/spider.html)"
220.181.108.103 - - [03/Jun/2017:04:42:49 +0530] "GET /index.php HTTP/1.1" 200 19481 "-" "Mozilla/5.0 (compatible; Baiduspider/2.0; +http://www.baidu.com/search/spider.html)"
180.76.15.19 - - [03/Jun/2017:04:47:06 +0530] "GET / HTTP/1.1" 200 19481 "-" "Mozilla/5.0 (compatible; Baiduspider/2.0; +http://www.baidu.com/search/spider.html)"
180.76.15.159 - - [03/Jun/2017:04:47:12 +0530] "GET / HTTP/1.1" 200 19481 "-" "Mozilla/5.0 (compatible; Baiduspider/2.0; +http://www.baidu.com/search/spider.html)"
157.55.39.171 - - [03/Jun/2017:04:49:02 +0530] "GET /constitution.php HTTP/1.1" 200 23670 "-" "Mozilla/5.0 (compatible; bingbot/2.0; +http://www.bing.com/bingbot.htm)"
157.55.39.60 - - [03/Jun/2017:04:53:13 +0530] "GET /project_details_view.php?id=609 HTTP/1.1" 200 15500 "-" "Mozilla/5.0 (iPhone; CPU iPhone OS 7_0 like Mac OS X) AppleWebKit/537.51.1 (KHTML, like Gecko) Version/7.0 Mobile/11A465 Safari/9537.53 (compatible; bingbot/2.0; +http://www.bing.com/bingbot.htm)"
207.46.13.103 - - [03/Jun/2017:04:54:58 +0530] "GET /news_more.php HTTP/1.1" 200 21062 "-" "Mozilla/5.0 (compatible; bingbot/2.0; +http://www.bing.com/bingbot.htm)"
157.55.39.171 - - [03/Jun/2017:04:55:01 +0530] "GET /downloads/Template_sharing%202Percent.doc HTTP/1.1" 200 73728 "-" "Mozilla/5.0 (compatible; bingbot/2.0; +http://www.bing.com/bingbot.htm)"
202.46.55.183 - - [03/Jun/2017:04:58:53 +0530] "GET /project_details_view_report.php?id=1218 HTTP/1.1" 200 13571 "-" "Mozilla/5.0 (Windows NT 10.0; WOW64) AppleWebKit/537.36 (KHTML, like Gecko) Chrome/45.0.2454.93 Safari/537.36"
66.249.79.91 - - [03/Jun/2017:04:59:13 +0530] "GET /detail_news.php?id=18 HTTP/1.1" 302 18714 "-" "Mozilla/5.0 (Linux; Android 6.0.1; Nexus 5X Build/MMB29P) AppleWebKit/537.36 (KHTML, like Gecko) Chrome/41.0.2272.96 Mobile Safari/537.36 (compatible; Googlebot/2.1; +http://www.google.com/bot.html)"
66.249.79.95 - - [03/Jun/2017:04:59:15 +0530] "GET /logout.php HTTP/1.1" 302 369 "-" "Mozilla/5.0 (Linux; Android 6.0.1; Nexus 5X Build/MMB29P) AppleWebKit/537.36 (KHTML, like Gecko) Chrome/41.0.2272.96 Mobile Safari/537.36 (compatible; Googlebot/2.1; +http://www.google.com/bot.html)"
66.249.79.91 - - [03/Jun/2017:04:59:15 +0530] "GET /index.php HTTP/1.1" 200 19481 "-" "Mozilla/5.0 (Linux; Android 6.0.1; Nexus 5X Build/MMB29P) AppleWebKit/537.36 (KHTML, like Gecko) Chrome/41.0.2272.96 Mobile Safari/537.36 (compatible; Googlebot/2.1; +http://www.google.com/bot.html)"
52.233.35.127 - - [03/Jun/2017:05:03:11 +0530] "GET /detail_news.php?id=3'A=0 HTTP/1.1" 200 11731 "http://www.cdmindia.gov.in/detail_news.php?id=3'A=0" "Mozilla/5.0 (Windows; U; Windows NT 5.1; pt-PT; rv:1.9.1.2) Gecko/20090729 Firefox/3.5.2 (.NET CLR 3.5.30729)"
207.46.13.103 - - [03/Jun/2017:05:10:22 +0530] "GET /project_details_view.php?id=1486 HTTP/1.1" 200 14707 "-" "Mozilla/5.0 (compatible; bingbot/2.0; +http://www.bing.com/bingbot.htm)"
207.46.13.103 - - [03/Jun/2017:05:12:12 +0530] "GET /project_details_view.php?id=671 HTTP/1.1" 200 15101 "-" "Mozilla/5.0 (iPhone; CPU iPhone OS 7_0 like Mac OS X) AppleWebKit/537.51.1 (KHTML, like Gecko) Version/7.0 Mobile/11A465 Safari/9537.53 (compatible; bingbot/2.0; +http://www.bing.com/bingbot.htm)"
157.55.39.171 - - [03/Jun/2017:05:15:50 +0530] "GET /downloads/Template_sharing%202Percent.doc HTTP/1.1" 200 73728 "-" "Mozilla/5.0 (compatible; bingbot/2.0; +http://www.bing.com/bingbot.htm)"
157.55.39.171 - - [03/Jun/2017:05:17:00 +0530] "GET /detail_events.php?id= HTTP/1.1" 302 16739 "-" "Mozilla/5.0 (compatible; bingbot/2.0; +http://www.bing.com/bingbot.htm)"
157.55.39.171 - - [03/Jun/2017:05:17:00 +0530] "GET /logout.php HTTP/1.1" 302 369 "-" "Mozilla/5.0 (compatible; bingbot/2.0; +http://www.bing.com/bingbot.htm)"
157.55.39.171 - - [03/Jun/2017:05:17:01 +0530] "GET /index.php HTTP/1.1" 200 19481 "-" "Mozilla/5.0 (compatible; bingbot/2.0; +http://www.bing.com/bingbot.htm)"
202.46.51.175 - - [03/Jun/2017:05:17:19 +0530] "GET /project_details_view.php?id=670 HTTP/1.1" 200 14303 "-" "Mozilla/5.0 (Windows NT 10.0; WOW64) AppleWebKit/537.36 (KHTML, like Gecko) Chrome/45.0.2454.93 Safari/537.36"
207.46.13.198 - - [03/Jun/2017:05:18:09 +0530] "GET /robots.txt HTTP/1.1" 404 208 "-" "Mozilla/5.0 (compatible; bingbot/2.0; +http://www.bing.com/bingbot.htm)"
157.55.39.171 - - [03/Jun/2017:05:18:13 +0530] "GET /sitemap.php HTTP/1.1" 200 18470 "-" "Mozilla/5.0 (compatible; bingbot/2.0; +http://www.bing.com/bingbot.htm)"
35.184.189.105 - - [03/Jun/2017:05:23:53 +0530] "GET /robots.txt HTTP/1.1" 404 208 "-" "ltx71 - (http://ltx71.com/)"
105.110.198.125 - - [03/Jun/2017:05:23:59 +0530] "GET /reports_new.php?n=1 HTTP/1.1" 200 22412 "https://www.google.com/" "Mozilla/5.0 (X11; Linux i686; rv:52.0) Gecko/20100101 Firefox/52.0"
105.110.198.125 - - [03/Jun/2017:05:24:00 +0530] "GET /Scripts/AC_RunActiveContent.js HTTP/1.1" 200 8321 "http://www.cdmindia.gov.in/reports_new.php?n=1" "Mozilla/5.0 (X11; Linux i686; rv:52.0) Gecko/20100101 Firefox/52.0"
105.110.198.125 - - [03/Jun/2017:05:24:00 +0530] "GET /ncdma.css HTTP/1.1" 200 12640 "http://www.cdmindia.gov.in/reports_new.php?n=1" "Mozilla/5.0 (X11; Linux i686; rv:52.0) Gecko/20100101 Firefox/52.0"
105.110.198.125 - - [03/Jun/2017:05:24:00 +0530] "GET /includes/ncdma.css HTTP/1.1" 200 13023 "http://www.cdmindia.gov.in/reports_new.php?n=1" "Mozilla/5.0 (X11; Linux i686; rv:52.0) Gecko/20100101 Firefox/52.0"
105.110.198.125 - - [03/Jun/2017:05:24:00 +0530] "GET /js/user_registration.js HTTP/1.1" 200 26819 "http://www.cdmindia.gov.in/reports_new.php?n=1" "Mozilla/5.0 (X11; Linux i686; rv:52.0) Gecko/20100101 Firefox/52.0"
105.110.198.125 - - [03/Jun/2017:05:24:00 +0530] "GET /images/img2.jpg HTTP/1.1" 200 16276 "http://www.cdmindia.gov.in/reports_new.php?n=1" "Mozilla/5.0 (X11; Linux i686; rv:52.0) Gecko/20100101 Firefox/52.0"
105.110.198.125 - - [03/Jun/2017:05:24:00 +0530] "GET /images/spacer.gif HTTP/1.1" 200 43 "http://www.cdmindia.gov.in/reports_new.php?n=1" "Mozilla/5.0 (X11; Linux i686; rv:52.0) Gecko/20100101 Firefox/52.0"
105.110.198.125 - - [03/Jun/2017:05:24:00 +0530] "GET /images/bullet1.gif HTTP/1.1" 200 67 "http://www.cdmindia.gov.in/reports_new.php?n=1" "Mozilla/5.0 (X11; Linux i686; rv:52.0) Gecko/20100101 Firefox/52.0"
105.110.198.125 - - [03/Jun/2017:05:24:00 +0530] "GET /images/bulllet2.gif HTTP/1.1" 200 58 "http://www.cdmindia.gov.in/reports_new.php?n=1" "Mozilla/5.0 (X11; Linux i686; rv:52.0) Gecko/20100101 Firefox/52.0"
105.110.198.125 - - [03/Jun/2017:05:24:00 +0530] "GET /images/bullet4.gif HTTP/1.1" 200 67 "http://www.cdmindia.gov.in/reports_new.php?n=1" "Mozilla/5.0 (X11; Linux i686; rv:52.0) Gecko/20100101 Firefox/52.0"
105.110.198.125 - - [03/Jun/2017:05:24:00 +0530] "GET /images/img3.jpg HTTP/1.1" 200 26957 "http://www.cdmindia.gov.in/reports_new.php?n=1" "Mozilla/5.0 (X11; Linux i686; rv:52.0) Gecko/20100101 Firefox/52.0"
105.110.198.125 - - [03/Jun/2017:05:24:01 +0530] "GET /images/fdm.jpg HTTP/1.1" 200 2043 "http://www.cdmindia.gov.in/reports_new.php?n=1" "Mozilla/5.0 (X11; Linux i686; rv:52.0) Gecko/20100101 Firefox/52.0"
105.110.198.125 - - [03/Jun/2017:05:24:01 +0530] "GET /images/gtz.jpg HTTP/1.1" 200 15484 "http://www.cdmindia.gov.in/reports_new.php?n=1" "Mozilla/5.0 (X11; Linux i686; rv:52.0) Gecko/20100101 Firefox/52.0"
105.110.198.125 - - [03/Jun/2017:05:24:01 +0530] "GET /images/favicon.ico HTTP/1.1" 200 1406 "-" "Mozilla/5.0 (X11; Linux i686; rv:52.0) Gecko/20100101 Firefox/52.0"
105.110.198.125 - - [03/Jun/2017:05:24:01 +0530] "GET /images/img1.jpg HTTP/1.1" 200 1251 "http://www.cdmindia.gov.in/reports_new.php?n=1" "Mozilla/5.0 (X11; Linux i686; rv:52.0) Gecko/20100101 Firefox/52.0"
105.110.198.125 - - [03/Jun/2017:05:24:01 +0530] "GET /images/fbg.jpg HTTP/1.1" 200 325 "http://www.cdmindia.gov.in/reports_new.php?n=1" "Mozilla/5.0 (X11; Linux i686; rv:52.0) Gecko/20100101 Firefox/52.0"
105.110.198.125 - - [03/Jun/2017:05:24:12 +0530] "GET /reports_new.php?n=1%27 HTTP/1.1" 200 22412 "-" "Mozilla/5.0 (X11; Linux i686; rv:52.0) Gecko/20100101 Firefox/52.0"
157.55.39.171 - - [03/Jun/2017:05:28:47 +0530] "GET /imp_links.php HTTP/1.1" 200 17835 "-" "Mozilla/5.0 (compatible; bingbot/2.0; +http://www.bing.com/bingbot.htm)"
123.126.68.100 - - [03/Jun/2017:05:31:19 +0530] "GET /robots.txt HTTP/1.1" 404 208 "-" "Sogou web spider/4.0(+http://www.sogou.com/docs/help/webmasters.htm#07)"
123.126.68.100 - - [03/Jun/2017:05:31:29 +0530] "GET /project_details_view.php?id=1558 HTTP/1.1" 200 16563 "-" "Sogou web spider/4.0(+http://www.sogou.com/docs/help/webmasters.htm#07)"
35.184.189.105 - - [03/Jun/2017:05:31:31 +0530] "GET /robots.txt HTTP/1.1" 404 208 "-" "ltx71 - (http://ltx71.com/)"
202.46.51.33 - - [03/Jun/2017:05:35:45 +0530] "GET /project_details_view.php?id=174 HTTP/1.1" 200 14173 "-" "Mozilla/5.0 (Windows NT 10.0; WOW64) AppleWebKit/537.36 (KHTML, like Gecko) Chrome/45.0.2454.93 Safari/537.36"
157.55.39.171 - - [03/Jun/2017:05:37:38 +0530] "GET /constitution.php HTTP/1.1" 200 23670 "-" "Mozilla/5.0 (compatible; bingbot/2.0; +http://www.bing.com/bingbot.htm)"
35.184.189.105 - - [03/Jun/2017:05:38:10 +0530] "GET /robots.txt HTTP/1.1" 404 208 "-" "ltx71 - (http://ltx71.com/)"
211.6.121.136 - - [03/Jun/2017:05:41:31 +0530] "GET / HTTP/1.1" 200 19481 "-" "Mozilla/5.0 (Windows NT 5.1; rv:6.0.2) Gecko/20100101 Firefox/6.0.2"
35.184.189.105 - - [03/Jun/2017:05:41:59 +0530] "GET /robots.txt HTTP/1.1" 404 208 "-" "ltx71 - (http://ltx71.com/)"
35.184.189.105 - - [03/Jun/2017:05:43:18 +0530] "GET /registration.php HTTP/1.1" 302 28530 "-" "ltx71 - (http://ltx71.com/)"
157.55.39.60 - - [03/Jun/2017:05:45:05 +0530] "GET /downloads/Comparision%20of%20PCN_30.03.doc HTTP/1.1" 200 49664 "-" "Mozilla/5.0 (compatible; bingbot/2.0; +http://www.bing.com/bingbot.htm)"
94.54.194.7 - - [03/Jun/2017:05:46:08 +0530] "GET /wp-login.php HTTP/1.1" 404 210 "-" "Mozilla/5.0 (Linux; U; Android 2.2) AppleWebKit/533.1 (KHTML, like Gecko) Version/4.0 Mobile Safari/533.1"
94.54.194.7 - - [03/Jun/2017:05:46:52 +0530] "GET /administrator/index.php HTTP/1.1" 404 221 "-" "Mozilla/5.0 (Linux; U; Android 2.2) AppleWebKit/533.1 (KHTML, like Gecko) Version/4.0 Mobile Safari/533.1"
94.54.194.7 - - [03/Jun/2017:05:46:53 +0530] "GET /admin.php HTTP/1.1" 404 207 "-" "Mozilla/5.0 (Linux; U; Android 2.2) AppleWebKit/533.1 (KHTML, like Gecko) Version/4.0 Mobile Safari/533.1"
94.54.194.7 - - [03/Jun/2017:05:46:55 +0530] "GET /bitrix/admin/index.php?lang=en HTTP/1.1" 404 220 "-" "Mozilla/5.0 (Linux; U; Android 2.2) AppleWebKit/533.1 (KHTML, like Gecko) Version/4.0 Mobile Safari/533.1"
94.54.194.7 - - [03/Jun/2017:05:46:56 +0530] "GET /admin/login.php HTTP/1.1" 200 6922 "-" "Mozilla/5.0 (Linux; U; Android 2.2) AppleWebKit/533.1 (KHTML, like Gecko) Version/4.0 Mobile Safari/533.1"
94.54.194.7 - - [03/Jun/2017:05:46:57 +0530] "GET /admin/ HTTP/1.1" 200 6169 "-" "Mozilla/5.0 (Linux; U; Android 2.2) AppleWebKit/533.1 (KHTML, like Gecko) Version/4.0 Mobile Safari/533.1"
94.54.194.7 - - [03/Jun/2017:05:47:00 +0530] "GET /user/ HTTP/1.1" 404 203 "-" "Mozilla/5.0 (Linux; U; Android 2.2) AppleWebKit/533.1 (KHTML, like Gecko) Version/4.0 Mobile Safari/533.1"
35.184.189.105 - - [03/Jun/2017:05:47:20 +0530] "GET /robots.txt HTTP/1.1" 404 208 "-" "ltx71 - (http://ltx71.com/)"
35.184.189.105 - - [03/Jun/2017:05:48:06 +0530] "GET /capacity_building.php HTTP/1.1" 200 19187 "-" "ltx71 - (http://ltx71.com/)"
66.249.79.93 - - [03/Jun/2017:05:49:50 +0530] "GET /detail_news.php?id=20 HTTP/1.1" 302 18267 "-" "Mozilla/5.0 (Linux; Android 6.0.1; Nexus 5X Build/MMB29P) AppleWebKit/537.36 (KHTML, like Gecko) Chrome/41.0.2272.96 Mobile Safari/537.36 (compatible; Googlebot/2.1; +http://www.google.com/bot.html)"
66.249.79.93 - - [03/Jun/2017:05:49:51 +0530] "GET /logout.php HTTP/1.1" 302 369 "-" "Mozilla/5.0 (Linux; Android 6.0.1; Nexus 5X Build/MMB29P) AppleWebKit/537.36 (KHTML, like Gecko) Chrome/41.0.2272.96 Mobile Safari/537.36 (compatible; Googlebot/2.1; +http://www.google.com/bot.html)"
66.249.79.91 - - [03/Jun/2017:05:49:52 +0530] "GET /index.php HTTP/1.1" 200 19481 "-" "Mozilla/5.0 (Linux; Android 6.0.1; Nexus 5X Build/MMB29P) AppleWebKit/537.36 (KHTML, like Gecko) Chrome/41.0.2272.96 Mobile Safari/537.36 (compatible; Googlebot/2.1; +http://www.google.com/bot.html)"
180.153.236.35 - - [03/Jun/2017:05:50:27 +0530] "GET /uploads/2021334653Prior%20consideration.pdf HTTP/1.1" 200 367099 "http://cdmindia.gov.in/uploads/2021334653Prior%20consideration.pdf" "Mozilla/5.0(compatible;MSIE9.0;WindowsNT6.1;Trident/5.0)"
157.55.39.60 - - [03/Jun/2017:05:51:38 +0530] "GET /project_details_view.php?id=133 HTTP/1.1" 200 14809 "-" "Mozilla/5.0 (iPhone; CPU iPhone OS 7_0 like Mac OS X) AppleWebKit/537.51.1 (KHTML, like Gecko) Version/7.0 Mobile/11A465 Safari/9537.53 (compatible; bingbot/2.0; +http://www.bing.com/bingbot.htm)"
157.55.39.171 - - [03/Jun/2017:05:53:11 +0530] "GET /reports_list_details.php?id=1&reporttype=1 HTTP/1.1" 200 21581 "-" "Mozilla/5.0 (iPhone; CPU iPhone OS 7_0 like Mac OS X) AppleWebKit/537.51.1 (KHTML, like Gecko) Version/7.0 Mobile/11A465 Safari/9537.53 (compatible; bingbot/2.0; +http://www.bing.com/bingbot.htm)"
207.46.13.103 - - [03/Jun/2017:05:53:33 +0530] "GET /images/bullet1.gif HTTP/1.1" 200 67 "-" "Mozilla/5.0 (iPhone; CPU iPhone OS 7_0 like Mac OS X) AppleWebKit/537.51.1 (KHTML, like Gecko) Version/7.0 Mobile/11A465 Safari/9537.53 (compatible; bingbot/2.0; +http://www.bing.com/bingbot.htm)"
207.46.13.103 - - [03/Jun/2017:05:53:33 +0530] "GET /images/spacer.gif HTTP/1.1" 200 43 "-" "Mozilla/5.0 (iPhone; CPU iPhone OS 7_0 like Mac OS X) AppleWebKit/537.51.1 (KHTML, like Gecko) Version/7.0 Mobile/11A465 Safari/9537.53 (compatible; bingbot/2.0; +http://www.bing.com/bingbot.htm)"
157.55.39.98 - - [03/Jun/2017:05:53:33 +0530] "GET /images/bulllet2.gif HTTP/1.1" 200 58 "-" "Mozilla/5.0 (iPhone; CPU iPhone OS 7_0 like Mac OS X) AppleWebKit/537.51.1 (KHTML, like Gecko) Version/7.0 Mobile/11A465 Safari/9537.53 (compatible; bingbot/2.0; +http://www.bing.com/bingbot.htm)"
90.57.234.23 - - [03/Jun/2017:05:53:55 +0530] "GET /robots.txt HTTP/1.1" 404 208 "-" "Java/1.8.0_101"
202.46.50.181 - - [03/Jun/2017:05:54:12 +0530] "GET /project_details_view.php?id=1588 HTTP/1.1" 200 14032 "-" "Mozilla/5.0 (Windows NT 10.0; WOW64) AppleWebKit/537.36 (KHTML, like Gecko) Chrome/45.0.2454.93 Safari/537.36"
157.55.39.98 - - [03/Jun/2017:06:03:18 +0530] "GET /contactus.php HTTP/1.1" 200 18293 "-" "Mozilla/5.0 (compatible; bingbot/2.0; +http://www.bing.com/bingbot.htm)"
107.181.69.39 - - [03/Jun/2017:06:04:31 +0530] "GET /project_details_view.php?id=1731'A=0 HTTP/1.1" 200 11451 "http://cdmindia.gov.in/project_details_view.php?id=1731'A=0" "Mozilla/5.0 (Windows; U; Windows NT 5.1; pt-PT; rv:1.9.1.2) Gecko/20090729 Firefox/3.5.2 (.NET CLR 3.5.30729)"
207.46.13.103 - - [03/Jun/2017:06:05:31 +0530] "GET /detail_news.php?id=19 HTTP/1.1" 302 19083 "-" "Mozilla/5.0 (compatible; bingbot/2.0; +http://www.bing.com/bingbot.htm)"
207.46.13.103 - - [03/Jun/2017:06:05:32 +0530] "GET /logout.php HTTP/1.1" 302 369 "-" "Mozilla/5.0 (compatible; bingbot/2.0; +http://www.bing.com/bingbot.htm)"
207.46.13.103 - - [03/Jun/2017:06:05:33 +0530] "GET /index.php HTTP/1.1" 200 19481 "-" "Mozilla/5.0 (compatible; bingbot/2.0; +http://www.bing.com/bingbot.htm)"
123.125.71.111 - - [03/Jun/2017:06:12:29 +0530] "GET / HTTP/1.1" 200 19481 "-" "Mozilla/5.0 (compatible; Baiduspider/2.0; +http://www.baidu.com/search/spider.html)"
202.46.51.169 - - [03/Jun/2017:06:12:54 +0530] "GET /project_details_view_report.php?id=583 HTTP/1.1" 200 13191 "-" "Mozilla/5.0 (Windows NT 10.0; WOW64) AppleWebKit/537.36 (KHTML, like Gecko) Chrome/45.0.2454.93 Safari/537.36"
157.55.39.98 - - [03/Jun/2017:06:13:53 +0530] "GET /project_details_view.php?id=1414 HTTP/1.1" 200 14511 "-" "Mozilla/5.0 (compatible; bingbot/2.0; +http://www.bing.com/bingbot.htm)"
46.229.164.101 - - [03/Jun/2017:06:13:59 +0530] "GET /robots.txt HTTP/1.1" 404 208 "-" "Mozilla/5.0 (compatible; SemrushBot/1.2~bl; +http://www.semrush.com/bot.html)"
157.55.39.98 - - [03/Jun/2017:06:17:51 +0530] "GET /registration.php HTTP/1.1" 302 28530 "-" "Mozilla/5.0 (compatible; bingbot/2.0; +http://www.bing.com/bingbot.htm)"
157.55.39.98 - - [03/Jun/2017:06:19:27 +0530] "GET /logout.php HTTP/1.1" 302 369 "-" "Mozilla/5.0 (compatible; bingbot/2.0; +http://www.bing.com/bingbot.htm)"
157.55.39.98 - - [03/Jun/2017:06:19:28 +0530] "GET /index.php HTTP/1.1" 200 19481 "-" "Mozilla/5.0 (compatible; bingbot/2.0; +http://www.bing.com/bingbot.htm)"
157.55.39.98 - - [03/Jun/2017:06:19:31 +0530] "GET /registration.php HTTP/1.1" 302 28530 "-" "Mozilla/5.0 (compatible; bingbot/2.0; +http://www.bing.com/bingbot.htm)"
157.55.39.98 - - [03/Jun/2017:06:19:32 +0530] "GET /logout.php HTTP/1.1" 302 369 "-" "Mozilla/5.0 (compatible; bingbot/2.0; +http://www.bing.com/bingbot.htm)"
157.55.39.98 - - [03/Jun/2017:06:19:32 +0530] "GET /index.php HTTP/1.1" 200 19481 "-" "Mozilla/5.0 (compatible; bingbot/2.0; +http://www.bing.com/bingbot.htm)"
35.184.189.105 - - [03/Jun/2017:06:20:53 +0530] "GET /robots.txt HTTP/1.1" 404 208 "-" "ltx71 - (http://ltx71.com/)"
35.184.189.105 - - [03/Jun/2017:06:22:19 +0530] "GET /imp_links.php HTTP/1.1" 200 17835 "-" "ltx71 - (http://ltx71.com/)"
157.55.39.171 - - [03/Jun/2017:06:23:22 +0530] "GET /project_details_view_report.php?id=932 HTTP/1.1" 200 13313 "-" "Mozilla/5.0 (compatible; bingbot/2.0; +http://www.bing.com/bingbot.htm)"
35.184.189.105 - - [03/Jun/2017:06:26:31 +0530] "GET /robots.txt HTTP/1.1" 404 208 "-" "ltx71 - (http://ltx71.com/)"
207.46.13.103 - - [03/Jun/2017:06:27:07 +0530] "GET /downloads/Carbon%20Market%20Roadmap.pdf HTTP/1.1" 200 4344697 "-" "Mozilla/5.0 (compatible; bingbot/2.0; +http://www.bing.com/bingbot.htm)"
35.184.189.105 - - [03/Jun/2017:06:28:34 +0530] "GET / HTTP/1.1" 200 19481 "-" "ltx71 - (http://ltx71.com/)"
202.46.58.70 - - [03/Jun/2017:06:31:36 +0530] "GET /project_details_view.php?id=1509 HTTP/1.1" 200 14505 "-" "Mozilla/5.0 (Windows NT 10.0; WOW64) AppleWebKit/537.36 (KHTML, like Gecko) Chrome/45.0.2454.93 Safari/537.36"
194.187.170.102 - - [03/Jun/2017:06:32:11 +0530] "GET /robots.txt HTTP/1.0" 404 208 "-" "Mozilla/5.0 (compatible; Qwantify/2.4w; +https://www.qwant.com/)/2.4w"
194.187.170.102 - - [03/Jun/2017:06:32:11 +0530] "GET /detail_news.php?id=19 HTTP/1.0" 302 19083 "-" "Mozilla/5.0 (compatible; Qwantify/2.4w; +https://www.qwant.com/)/2.4w"
194.187.170.102 - - [03/Jun/2017:06:32:11 +0530] "GET /logout.php HTTP/1.0" 302 369 "-" "Mozilla/5.0 (compatible; Qwantify/2.4w; +https://www.qwant.com/)/2.4w"
194.187.170.102 - - [03/Jun/2017:06:32:12 +0530] "GET /index.php HTTP/1.0" 200 19481 "-" "Mozilla/5.0 (compatible; Qwantify/2.4w; +https://www.qwant.com/)/2.4w"
194.187.170.102 - - [03/Jun/2017:06:32:29 +0530] "GET /detail_news.php?id=18 HTTP/1.0" 302 18714 "-" "Mozilla/5.0 (compatible; Qwantify/2.4w; +https://www.qwant.com/)/2.4w"
194.187.170.102 - - [03/Jun/2017:06:32:30 +0530] "GET /logout.php HTTP/1.0" 302 369 "-" "Mozilla/5.0 (compatible; Qwantify/2.4w; +https://www.qwant.com/)/2.4w"
194.187.170.102 - - [03/Jun/2017:06:32:30 +0530] "GET /index.php HTTP/1.0" 200 19481 "-" "Mozilla/5.0 (compatible; Qwantify/2.4w; +https://www.qwant.com/)/2.4w"
157.55.39.171 - - [03/Jun/2017:06:34:21 +0530] "GET /project_details_view_report.php?id=1117 HTTP/1.1" 200 13221 "-" "Mozilla/5.0 (compatible; bingbot/2.0; +http://www.bing.com/bingbot.htm)"
66.249.79.131 - - [03/Jun/2017:06:39:03 +0530] "GET /detail_news.php?id=4 HTTP/1.1" 302 19563 "-" "Mozilla/5.0 (Linux; Android 6.0.1; Nexus 5X Build/MMB29P) AppleWebKit/537.36 (KHTML, like Gecko) Chrome/41.0.2272.96 Mobile Safari/537.36 (compatible; Googlebot/2.1; +http://www.google.com/bot.html)"
66.249.79.133 - - [03/Jun/2017:06:39:04 +0530] "GET /logout.php HTTP/1.1" 302 369 "-" "Mozilla/5.0 (Linux; Android 6.0.1; Nexus 5X Build/MMB29P) AppleWebKit/537.36 (KHTML, like Gecko) Chrome/41.0.2272.96 Mobile Safari/537.36 (compatible; Googlebot/2.1; +http://www.google.com/bot.html)"
66.249.79.129 - - [03/Jun/2017:06:39:05 +0530] "GET /index.php HTTP/1.1" 200 19481 "-" "Mozilla/5.0 (Linux; Android 6.0.1; Nexus 5X Build/MMB29P) AppleWebKit/537.36 (KHTML, like Gecko) Chrome/41.0.2272.96 Mobile Safari/537.36 (compatible; Googlebot/2.1; +http://www.google.com/bot.html)"
157.55.39.98 - - [03/Jun/2017:06:43:17 +0530] "GET /project_details_view.php?id=1547 HTTP/1.1" 200 13906 "-" "Mozilla/5.0 (iPhone; CPU iPhone OS 7_0 like Mac OS X) AppleWebKit/537.51.1 (KHTML, like Gecko) Version/7.0 Mobile/11A465 Safari/9537.53 (compatible; bingbot/2.0; +http://www.bing.com/bingbot.htm)"
35.184.189.105 - - [03/Jun/2017:06:43:49 +0530] "GET /robots.txt HTTP/1.1" 404 208 "-" "ltx71 - (http://ltx71.com/)"
194.187.170.102 - - [03/Jun/2017:06:44:19 +0530] "GET /future_projects.php HTTP/1.0" 302 26211 "-" "Mozilla/5.0 (compatible; Qwantify/2.4w; +https://www.qwant.com/)/2.4w"
194.187.170.102 - - [03/Jun/2017:06:44:20 +0530] "GET /logout.php HTTP/1.0" 302 369 "-" "Mozilla/5.0 (compatible; Qwantify/2.4w; +https://www.qwant.com/)/2.4w"
194.187.170.102 - - [03/Jun/2017:06:44:20 +0530] "GET /index.php HTTP/1.0" 200 19481 "-" "Mozilla/5.0 (compatible; Qwantify/2.4w; +https://www.qwant.com/)/2.4w"
157.55.39.98 - - [03/Jun/2017:06:45:54 +0530] "GET /approval_process.php HTTP/1.1" 200 25913 "-" "Mozilla/5.0 (compatible; bingbot/2.0; +http://www.bing.com/bingbot.htm)"
207.46.13.103 - - [03/Jun/2017:06:49:02 +0530] "GET /images/NCDMA%20PCN%20Format%2017072009.doc HTTP/1.1" 200 114176 "-" "Mozilla/5.0 (compatible; bingbot/2.0; +http://www.bing.com/bingbot.htm)"
202.46.54.37 - - [03/Jun/2017:06:50:18 +0530] "GET /project_details_view.php?id=1858 HTTP/1.1" 200 14220 "-" "Mozilla/5.0 (Windows NT 10.0; WOW64) AppleWebKit/537.36 (KHTML, like Gecko) Chrome/45.0.2454.93 Safari/537.36"
35.184.189.105 - - [03/Jun/2017:06:53:37 +0530] "GET /robots.txt HTTP/1.1" 404 208 "-" "ltx71 - (http://ltx71.com/)"
199.30.25.2 - - [03/Jun/2017:06:54:30 +0530] "GET /images/img1.jpg HTTP/1.1" 200 1251 "-" "Mozilla/5.0 (iPhone; CPU iPhone OS 7_0 like Mac OS X) AppleWebKit/537.51.1 (KHTML, like Gecko) Version/7.0 Mobile/11A465 Safari/9537.53 BingPreview/1.0b"
65.55.210.139 - - [03/Jun/2017:06:54:31 +0530] "GET /images/fbg.jpg HTTP/1.1" 200 325 "-" "Mozilla/5.0 (iPhone; CPU iPhone OS 7_0 like Mac OS X) AppleWebKit/537.51.1 (KHTML, like Gecko) Version/7.0 Mobile/11A465 Safari/9537.53 BingPreview/1.0b"
141.8.142.74 - - [03/Jun/2017:06:55:39 +0530] "GET /robots.txt HTTP/1.1" 404 208 "-" "Mozilla/5.0 (compatible; YandexBot/3.0; +http://yandex.com/bots)"
141.8.142.74 - - [03/Jun/2017:06:55:43 +0530] "GET /favicon.ico HTTP/1.1" 200 1189 "-" "Mozilla/5.0 (compatible; YandexBot/3.0; +http://yandex.com/bots)"
115.221.22.22 - - [03/Jun/2017:06:56:57 +0530] "GET / HTTP/1.0" 200 19481 "http://www.cdmindia.gov.in" "Mozilla/4.0 (compatible; MSIE 6.0; Windows NT 5.1; SV1; .NET CLR 2.0.50727)"
194.187.170.102 - - [03/Jun/2017:06:57:32 +0530] "GET /downloads/New%20PCN.doc HTTP/1.0" 304 - "-" "Mozilla/5.0 (compatible; Qwantify/2.4w; +https://www.qwant.com/)/2.4w"
115.221.22.22 - - [03/Jun/2017:06:58:25 +0530] "GET / HTTP/1.0" 200 19481 "http://cdmindia.gov.in" "Mozilla/4.0 (compatible; MSIE 6.0; Windows NT 5.1; SV1; .NET CLR 2.0.50727)"
187.120.223.6 - - [03/Jun/2017:07:01:13 +0530] "GET /approval_process.php HTTP/1.1" 200 25913 "-" "Mozilla/5.0 (X11; Linux i686; rv:14.0) Gecko/20100101 Firefox/14.0.1"
157.55.39.98 - - [03/Jun/2017:07:02:33 +0530] "GET /project_details_view.php?id=549 HTTP/1.1" 200 15121 "-" "Mozilla/5.0 (iPhone; CPU iPhone OS 7_0 like Mac OS X) AppleWebKit/537.51.1 (KHTML, like Gecko) Version/7.0 Mobile/11A465 Safari/9537.53 (compatible; bingbot/2.0; +http://www.bing.com/bingbot.htm)"
194.187.170.102 - - [03/Jun/2017:07:03:02 +0530] "GET /downloads/Carbon%20Market%20Roadmap.pdf HTTP/1.0" 304 - "-" "Mozilla/5.0 (compatible; Qwantify/2.4w; +https://www.qwant.com/)/2.4w"
194.187.170.102 - - [03/Jun/2017:07:05:01 +0530] "GET /downloads/Existing%20PCN.doc HTTP/1.0" 304 - "-" "Mozilla/5.0 (compatible; Qwantify/2.4w; +https://www.qwant.com/)/2.4w"
202.46.53.42 - - [03/Jun/2017:07:09:00 +0530] "GET /project_details_view.php?id=947 HTTP/1.1" 200 14078 "-" "Mozilla/5.0 (Windows NT 10.0; WOW64) AppleWebKit/537.36 (KHTML, like Gecko) Chrome/45.0.2454.93 Safari/537.36"
35.184.189.105 - - [03/Jun/2017:07:11:07 +0530] "GET /robots.txt HTTP/1.1" 404 208 "-" "ltx71 - (http://ltx71.com/)"
194.187.170.102 - - [03/Jun/2017:07:12:32 +0530] "GET /detail_news.php?id=20 HTTP/1.0" 302 18267 "-" "Mozilla/5.0 (compatible; Qwantify/2.4w; +https://www.qwant.com/)/2.4w"
194.187.170.102 - - [03/Jun/2017:07:12:33 +0530] "GET /logout.php HTTP/1.0" 302 369 "-" "Mozilla/5.0 (compatible; Qwantify/2.4w; +https://www.qwant.com/)/2.4w"
194.187.170.102 - - [03/Jun/2017:07:12:34 +0530] "GET /index.php HTTP/1.0" 200 19481 "-" "Mozilla/5.0 (compatible; Qwantify/2.4w; +https://www.qwant.com/)/2.4w"
8.37.233.184 - - [03/Jun/2017:07:14:30 +0530] "GET /project_details_view.php?id=764 HTTP/1.1" 200 15374 "https://www.google.co.in/m?q=wind+power+plant+dewas+m.p" "Mozilla/5.0 (Linux; U; Android 4.4.2; en-US; Penta_WS704D Build/KOT49H) AppleWebKit/534.30 (KHTML, like Gecko) Version/4.0 UCBrowser/11.3.0.950 U3/0.8.0 Mobile Safari/534.30"
8.37.233.184 - - [03/Jun/2017:07:14:31 +0530] "GET /includes/ncdma.css HTTP/1.1" 200 13023 "http://www.cdmindia.gov.in/project_details_view.php?id=764" "Mozilla/5.0 (Linux; U; Android 4.4.2; en-US; Penta_WS704D Build/KOT49H) AppleWebKit/534.30 (KHTML, like Gecko) Version/4.0 UCBrowser/11.3.0.950 U3/0.8.0 Mobile Safari/534.30"
8.37.233.184 - - [03/Jun/2017:07:14:31 +0530] "GET /images/img2.jpg HTTP/1.1" 200 16276 "http://www.cdmindia.gov.in/project_details_view.php?id=764" "Mozilla/5.0 (Linux; U; Android 4.4.2; en-US; Penta_WS704D Build/KOT49H) AppleWebKit/534.30 (KHTML, like Gecko) Version/4.0 UCBrowser/11.3.0.950 U3/0.8.0 Mobile Safari/534.30"
8.37.233.184 - - [03/Jun/2017:07:14:31 +0530] "GET /images/bulllet2.gif HTTP/1.1" 304 - "http://www.cdmindia.gov.in/project_details_view.php?id=764" "Mozilla/5.0 (Linux; U; Android 4.4.2; en-US; Penta_WS704D Build/KOT49H) AppleWebKit/534.30 (KHTML, like Gecko) Version/4.0 UCBrowser/11.3.0.950 U3/0.8.0 Mobile Safari/534.30"
8.37.233.184 - - [03/Jun/2017:07:14:31 +0530] "GET /ncdma.css HTTP/1.1" 200 12640 "http://www.cdmindia.gov.in/project_details_view.php?id=764" "Mozilla/5.0 (Linux; U; Android 4.4.2; en-US; Penta_WS704D Build/KOT49H) AppleWebKit/534.30 (KHTML, like Gecko) Version/4.0 UCBrowser/11.3.0.950 U3/0.8.0 Mobile Safari/534.30"
8.37.233.184 - - [03/Jun/2017:07:14:31 +0530] "GET /Scripts/AC_RunActiveContent.js HTTP/1.1" 200 8321 "http://www.cdmindia.gov.in/project_details_view.php?id=764" "Mozilla/5.0 (Linux; U; Android 4.4.2; en-US; Penta_WS704D Build/KOT49H) AppleWebKit/534.30 (KHTML, like Gecko) Version/4.0 UCBrowser/11.3.0.950 U3/0.8.0 Mobile Safari/534.30"
8.37.233.184 - - [03/Jun/2017:07:14:31 +0530] "GET /images/bullet1.gif HTTP/1.1" 304 - "http://www.cdmindia.gov.in/project_details_view.php?id=764" "Mozilla/5.0 (Linux; U; Android 4.4.2; en-US; Penta_WS704D Build/KOT49H) AppleWebKit/534.30 (KHTML, like Gecko) Version/4.0 UCBrowser/11.3.0.950 U3/0.8.0 Mobile Safari/534.30"
8.37.233.184 - - [03/Jun/2017:07:14:31 +0530] "GET /images/fdm.jpg HTTP/1.1" 200 2043 "http://www.cdmindia.gov.in/project_details_view.php?id=764" "Mozilla/5.0 (Linux; U; Android 4.4.2; en-US; Penta_WS704D Build/KOT49H) AppleWebKit/534.30 (KHTML, like Gecko) Version/4.0 UCBrowser/11.3.0.950 U3/0.8.0 Mobile Safari/534.30"
