68.180.228.167 - - [01/Jun/2017:05:30:04 +0530] "GET /project_details_view.php?id=1422&oid=2&page=1&reporttype=1 HTTP/1.1" 200 14457 "-" "Mozilla/5.0 (compatible; Yahoo! Slurp; http://help.yahoo.com/help/us/ysearch/slurp)"
68.180.228.167 - - [01/Jun/2017:05:30:14 +0530] "GET /Approved_proj_reports_list_details.php?id=7&reporttype=1&scale=&sdt=2005-05-02&edt=2014-05-31&exec=Private HTTP/1.1" 200 13317 "-" "Mozilla/5.0 (compatible; Yahoo! Slurp; http://help.yahoo.com/help/us/ysearch/slurp)"
68.180.228.167 - - [01/Jun/2017:05:30:19 +0530] "GET /project_details_view.php?id=557&oid=1&page=1&reporttype=1 HTTP/1.1" 200 16365 "-" "Mozilla/5.0 (compatible; Yahoo! Slurp; http://help.yahoo.com/help/us/ysearch/slurp)"
68.180.228.167 - - [01/Jun/2017:05:30:21 +0530] "GET /project_details_view.php?id=972&oid=1&page=1&reporttype=1 HTTP/1.1" 200 15006 "-" "Mozilla/5.0 (compatible; Yahoo! Slurp; http://help.yahoo.com/help/us/ysearch/slurp)"
68.180.228.167 - - [01/Jun/2017:05:30:23 +0530] "GET /Approved_proj_reports_list_details.php?id=13&reporttype=1&scale=&sdt=2005-05-02&edt=2014-05-31&exec=Private HTTP/1.1" 200 15922 "-" "Mozilla/5.0 (compatible; Yahoo! Slurp; http://help.yahoo.com/help/us/ysearch/slurp)"
68.180.228.167 - - [01/Jun/2017:05:30:27 +0530] "GET /project_details_view.php?id=1259&oid=1&page=1&reporttype=1 HTTP/1.1" 200 14300 "-" "Mozilla/5.0 (compatible; Yahoo! Slurp; http://help.yahoo.com/help/us/ysearch/slurp)"
68.180.228.167 - - [01/Jun/2017:05:30:37 +0530] "GET /project_details_view.php?id=1895&oid=3&page=1&reporttype=1 HTTP/1.1" 200 14603 "-" "Mozilla/5.0 (compatible; Yahoo! Slurp; http://help.yahoo.com/help/us/ysearch/slurp)"
68.180.228.167 - - [01/Jun/2017:05:30:44 +0530] "GET /Approved_proj_reports_list_details.php?id=3&reporttype=1&scale=&sdt=2005-05-02&edt=2014-05-31&exec=Private&page=6 HTTP/1.1" 200 14534 "-" "Mozilla/5.0 (compatible; Yahoo! Slurp; http://help.yahoo.com/help/us/ysearch/slurp)"
68.180.228.167 - - [01/Jun/2017:05:30:53 +0530] "GET /project_details_view.php?id=1195&oid=4&page=1&reporttype=1 HTTP/1.1" 200 16136 "-" "Mozilla/5.0 (compatible; Yahoo! Slurp; http://help.yahoo.com/help/us/ysearch/slurp)"
68.180.228.167 - - [01/Jun/2017:05:30:56 +0530] "GET /project_details_view.php?id=930&oid=1&page=1&reporttype=1 HTTP/1.1" 200 16545 "-" "Mozilla/5.0 (compatible; Yahoo! Slurp; http://help.yahoo.com/help/us/ysearch/slurp)"
68.180.228.167 - - [01/Jun/2017:05:31:11 +0530] "GET /project_details_view.php?id=1145&oid=9&page=1&reporttype=1 HTTP/1.1" 200 15597 "-" "Mozilla/5.0 (compatible; Yahoo! Slurp; http://help.yahoo.com/help/us/ysearch/slurp)"
68.180.228.167 - - [01/Jun/2017:05:31:12 +0530] "GET /project_details_view.php?id=661&oid=4&page=1&reporttype=1 HTTP/1.1" 200 14098 "-" "Mozilla/5.0 (compatible; Yahoo! Slurp; http://help.yahoo.com/help/us/ysearch/slurp)"
68.180.228.167 - - [01/Jun/2017:05:31:26 +0530] "GET /Approved_proj_reports_list_details.php?id=10&reporttype=1&scale=&sdt=2005-05-02&edt=2014-05-31&exec=CG HTTP/1.1" 200 12357 "-" "Mozilla/5.0 (compatible; Yahoo! Slurp; http://help.yahoo.com/help/us/ysearch/slurp)"
68.180.228.167 - - [01/Jun/2017:05:31:27 +0530] "GET /project_details_view.php?id=1610&oid=4&page=1&reporttype=1 HTTP/1.1" 200 15370 "-" "Mozilla/5.0 (compatible; Yahoo! Slurp; http://help.yahoo.com/help/us/ysearch/slurp)"
68.180.228.167 - - [01/Jun/2017:05:31:40 +0530] "GET /project_details_view.php?id=1945&oid=3&page=1&reporttype=1 HTTP/1.1" 200 14660 "-" "Mozilla/5.0 (compatible; Yahoo! Slurp; http://help.yahoo.com/help/us/ysearch/slurp)"
68.180.228.167 - - [01/Jun/2017:05:31:51 +0530] "GET /project_details_view.php?id=1257&oid=4&page=1&reporttype=1 HTTP/1.1" 200 13849 "-" "Mozilla/5.0 (compatible; Yahoo! Slurp; http://help.yahoo.com/help/us/ysearch/slurp)"
68.180.228.167 - - [01/Jun/2017:05:31:53 +0530] "GET /project_details_view.php?id=1395&oid=2&page=1&reporttype=1 HTTP/1.1" 200 14776 "-" "Mozilla/5.0 (compatible; Yahoo! Slurp; http://help.yahoo.com/help/us/ysearch/slurp)"
68.180.228.167 - - [01/Jun/2017:05:31:56 +0530] "GET /project_details_view.php?id=1489&oid=14&page=1&reporttype=1 HTTP/1.1" 200 16034 "-" "Mozilla/5.0 (compatible; Yahoo! Slurp; http://help.yahoo.com/help/us/ysearch/slurp)"
68.180.228.167 - - [01/Jun/2017:05:32:00 +0530] "GET /Approved_proj_reports_list_details.php?id=4&reporttype=1&scale=&sdt=2005-05-02&edt=2014-05-31&exec=Private&page=3 HTTP/1.1" 200 16097 "-" "Mozilla/5.0 (compatible; Yahoo! Slurp; http://help.yahoo.com/help/us/ysearch/slurp)"
68.180.228.167 - - [01/Jun/2017:05:32:06 +0530] "GET /project_details_view.php?id=1623&oid=14&page=1&reporttype=1 HTTP/1.1" 200 18547 "-" "Mozilla/5.0 (compatible; Yahoo! Slurp; http://help.yahoo.com/help/us/ysearch/slurp)"
68.180.228.167 - - [01/Jun/2017:05:32:06 +0530] "GET /Approved_proj_reports_list_details.php?id=4&reporttype=1&scale=&sdt=2005-05-02&edt=2014-05-31&exec=Private&page=4 HTTP/1.1" 200 13553 "-" "Mozilla/5.0 (compatible; Yahoo! Slurp; http://help.yahoo.com/help/us/ysearch/slurp)"
68.180.228.167 - - [01/Jun/2017:05:32:09 +0530] "GET /project_details_view.php?id=1278&oid=4&page=1&reporttype=1 HTTP/1.1" 200 13818 "-" "Mozilla/5.0 (compatible; Yahoo! Slurp; http://help.yahoo.com/help/us/ysearch/slurp)"
68.180.228.167 - - [01/Jun/2017:05:32:14 +0530] "GET /project_details_view.php?id=837&oid=13&page=1&reporttype=1 HTTP/1.1" 200 15723 "-" "Mozilla/5.0 (compatible; Yahoo! Slurp; http://help.yahoo.com/help/us/ysearch/slurp)"
68.180.228.167 - - [01/Jun/2017:05:32:21 +0530] "GET /project_details_view.php?id=1366&oid=1&page=1&reporttype=1 HTTP/1.1" 200 14690 "-" "Mozilla/5.0 (compatible; Yahoo! Slurp; http://help.yahoo.com/help/us/ysearch/slurp)"
68.180.228.167 - - [01/Jun/2017:05:32:31 +0530] "GET /Approved_proj_reports_list_details.php?id=3&reporttype=1&scale=&sdt=2005-05-02&edt=2014-05-31&exec=Private&page=5 HTTP/1.1" 200 17078 "-" "Mozilla/5.0 (compatible; Yahoo! Slurp; http://help.yahoo.com/help/us/ysearch/slurp)"
68.180.228.167 - - [01/Jun/2017:05:32:39 +0530] "GET /project_details_view.php?id=1854&oid=13&page=1&reporttype=1 HTTP/1.1" 200 15757 "-" "Mozilla/5.0 (compatible; Yahoo! Slurp; http://help.yahoo.com/help/us/ysearch/slurp)"
68.180.228.167 - - [01/Jun/2017:05:32:40 +0530] "GET /project_details_view.php?id=1624&oid=13&page=1&reporttype=1 HTTP/1.1" 200 14036 "-" "Mozilla/5.0 (compatible; Yahoo! Slurp; http://help.yahoo.com/help/us/ysearch/slurp)"
68.180.228.167 - - [01/Jun/2017:05:32:52 +0530] "GET /Approved_proj_reports_list_details.php?id=4&reporttype=1&scale=&sdt=2005-05-02&edt=2014-05-31&exec=Private&page=2 HTTP/1.1" 200 16111 "-" "Mozilla/5.0 (compatible; Yahoo! Slurp; http://help.yahoo.com/help/us/ysearch/slurp)"
68.180.228.167 - - [01/Jun/2017:05:32:53 +0530] "GET /project_details_view.php?id=1155&oid=13&page=1&reporttype=1 HTTP/1.1" 200 14599 "-" "Mozilla/5.0 (compatible; Yahoo! Slurp; http://help.yahoo.com/help/us/ysearch/slurp)"
68.180.228.167 - - [01/Jun/2017:05:32:59 +0530] "GET /project_details_view.php?id=1120&oid=4&page=1&reporttype=1 HTTP/1.1" 200 15579 "-" "Mozilla/5.0 (compatible; Yahoo! Slurp; http://help.yahoo.com/help/us/ysearch/slurp)"
68.180.228.167 - - [01/Jun/2017:05:33:01 +0530] "GET /project_details_view.php?id=850&oid=7&page=1&reporttype=1 HTTP/1.1" 200 14452 "-" "Mozilla/5.0 (compatible; Yahoo! Slurp; http://help.yahoo.com/help/us/ysearch/slurp)"
68.180.228.167 - - [01/Jun/2017:05:33:04 +0530] "GET /project_details_view.php?id=637&oid=14&page=1&reporttype=1 HTTP/1.1" 200 14300 "-" "Mozilla/5.0 (compatible; Yahoo! Slurp; http://help.yahoo.com/help/us/ysearch/slurp)"
68.180.228.167 - - [01/Jun/2017:05:33:03 +0530] "GET /Approved_proj_reports_list_details.php?id=3&reporttype=1&scale=&sdt=2005-05-02&edt=2014-05-31&exec=Private&page=4 HTTP/1.1" 200 17041 "-" "Mozilla/5.0 (compatible; Yahoo! Slurp; http://help.yahoo.com/help/us/ysearch/slurp)"
68.180.228.167 - - [01/Jun/2017:05:33:11 +0530] "GET /project_details_view.php?id=1867&oid=13&page=1&reporttype=1 HTTP/1.1" 200 14777 "-" "Mozilla/5.0 (compatible; Yahoo! Slurp; http://help.yahoo.com/help/us/ysearch/slurp)"
68.180.228.167 - - [01/Jun/2017:05:33:35 +0530] "GET /project_details_view.php?id=1698&oid=1&page=1&reporttype=1 HTTP/1.1" 200 14292 "-" "Mozilla/5.0 (compatible; Yahoo! Slurp; http://help.yahoo.com/help/us/ysearch/slurp)"
68.180.228.167 - - [01/Jun/2017:05:33:37 +0530] "GET /Approved_proj_reports_list_details.php?id=1&reporttype=1&scale=&sdt=2005-05-02&edt=2014-05-31&exec=CG HTTP/1.1" 200 15705 "-" "Mozilla/5.0 (compatible; Yahoo! Slurp; http://help.yahoo.com/help/us/ysearch/slurp)"
68.180.228.167 - - [01/Jun/2017:05:33:46 +0530] "GET /Approved_proj_reports_list_details.php?id=9&reporttype=1&scale=&sdt=2005-05-02&edt=2014-05-31&exec=Private HTTP/1.1" 200 12787 "-" "Mozilla/5.0 (compatible; Yahoo! Slurp; http://help.yahoo.com/help/us/ysearch/slurp)"
68.180.228.167 - - [01/Jun/2017:05:34:00 +0530] "GET /project_details_view.php?id=1765&oid=3&page=1&reporttype=1 HTTP/1.1" 200 14106 "-" "Mozilla/5.0 (compatible; Yahoo! Slurp; http://help.yahoo.com/help/us/ysearch/slurp)"
68.180.228.167 - - [01/Jun/2017:05:34:06 +0530] "GET /project_details_view.php?id=1525&oid=4&page=1&reporttype=1 HTTP/1.1" 200 14674 "-" "Mozilla/5.0 (compatible; Yahoo! Slurp; http://help.yahoo.com/help/us/ysearch/slurp)"
202.46.55.139 - - [01/Jun/2017:05:34:18 +0530] "GET /project_details_view.php?id=626 HTTP/1.1" 200 14554 "-" "Mozilla/5.0 (Windows NT 10.0; WOW64) AppleWebKit/537.36 (KHTML, like Gecko) Chrome/45.0.2454.93 Safari/537.36"
68.180.228.167 - - [01/Jun/2017:05:34:19 +0530] "GET /project_details_view.php?id=1463&oid=13&page=1&reporttype=1 HTTP/1.1" 200 14215 "-" "Mozilla/5.0 (compatible; Yahoo! Slurp; http://help.yahoo.com/help/us/ysearch/slurp)"
68.180.228.167 - - [01/Jun/2017:05:34:29 +0530] "GET /project_details_view.php?id=932&oid=1&page=1&reporttype=1 HTTP/1.1" 200 14069 "-" "Mozilla/5.0 (compatible; Yahoo! Slurp; http://help.yahoo.com/help/us/ysearch/slurp)"
68.180.228.167 - - [01/Jun/2017:05:34:35 +0530] "GET /project_details_view.php?id=1281&oid=4&page=1&reporttype=1 HTTP/1.1" 200 14399 "-" "Mozilla/5.0 (compatible; Yahoo! Slurp; http://help.yahoo.com/help/us/ysearch/slurp)"
68.180.228.167 - - [01/Jun/2017:05:35:04 +0530] "GET /Approved_proj_reports_list_details.php?id=13&reporttype=1&scale=&sdt=2005-05-02&edt=2014-05-31&exec=SLG HTTP/1.1" 200 13039 "-" "Mozilla/5.0 (compatible; Yahoo! Slurp; http://help.yahoo.com/help/us/ysearch/slurp)"
68.180.228.167 - - [01/Jun/2017:05:35:22 +0530] "GET /project_details_view.php?id=1567&oid=1&page=1&reporttype=1 HTTP/1.1" 200 13614 "-" "Mozilla/5.0 (compatible; Yahoo! Slurp; http://help.yahoo.com/help/us/ysearch/slurp)"
68.180.228.167 - - [01/Jun/2017:05:35:23 +0530] "GET /project_details_view.php?id=1541&oid=1&page=1&reporttype=1 HTTP/1.1" 200 13613 "-" "Mozilla/5.0 (compatible; Yahoo! Slurp; http://help.yahoo.com/help/us/ysearch/slurp)"
68.180.228.167 - - [01/Jun/2017:05:35:39 +0530] "GET /project_details_view.php?id=1250&oid=1&page=1&reporttype=1 HTTP/1.1" 200 14158 "-" "Mozilla/5.0 (compatible; Yahoo! Slurp; http://help.yahoo.com/help/us/ysearch/slurp)"
68.180.228.167 - - [01/Jun/2017:05:35:46 +0530] "GET /project_details_view.php?id=1439&oid=1&page=1&reporttype=1 HTTP/1.1" 200 13987 "-" "Mozilla/5.0 (compatible; Yahoo! Slurp; http://help.yahoo.com/help/us/ysearch/slurp)"
68.180.228.167 - - [01/Jun/2017:05:36:02 +0530] "GET /Approved_proj_reports_list_details.php?id=3&reporttype=1&scale=&sdt=2005-05-02&edt=2014-05-31&exec=Private&page=3 HTTP/1.1" 200 16284 "-" "Mozilla/5.0 (compatible; Yahoo! Slurp; http://help.yahoo.com/help/us/ysearch/slurp)"
68.180.228.167 - - [01/Jun/2017:05:36:17 +0530] "GET /project_details_view.php?id=961&oid=1&page=1&reporttype=1 HTTP/1.1" 200 14399 "-" "Mozilla/5.0 (compatible; Yahoo! Slurp; http://help.yahoo.com/help/us/ysearch/slurp)"
68.180.228.167 - - [01/Jun/2017:05:36:22 +0530] "GET /project_details_view.php?id=1475&oid=3&page=1&reporttype=1 HTTP/1.1" 200 17663 "-" "Mozilla/5.0 (compatible; Yahoo! Slurp; http://help.yahoo.com/help/us/ysearch/slurp)"
68.180.228.167 - - [01/Jun/2017:05:36:32 +0530] "GET /Approved_proj_reports_list_details.php?id=4&reporttype=1&scale=&sdt=2005-05-02&edt=2014-05-31&exec=CG HTTP/1.1" 200 13885 "-" "Mozilla/5.0 (compatible; Yahoo! Slurp; http://help.yahoo.com/help/us/ysearch/slurp)"
68.180.228.167 - - [01/Jun/2017:05:36:41 +0530] "GET /Approved_proj_reports_list_details.php?id=1&reporttype=1&scale=&sdt=2005-05-02&edt=2014-05-31&exec=CG&page=2 HTTP/1.1" 200 13298 "-" "Mozilla/5.0 (compatible; Yahoo! Slurp; http://help.yahoo.com/help/us/ysearch/slurp)"
68.180.228.167 - - [01/Jun/2017:05:37:08 +0530] "GET /project_details_view.php?id=31&oid=13&page=1&reporttype=1 HTTP/1.1" 200 13805 "-" "Mozilla/5.0 (compatible; Yahoo! Slurp; http://help.yahoo.com/help/us/ysearch/slurp)"
68.180.228.167 - - [01/Jun/2017:05:37:10 +0530] "GET /Approved_proj_reports_list_details.php?id=5&reporttype=1&scale=&sdt=2005-05-02&edt=2014-05-31&exec=Private HTTP/1.1" 200 13018 "-" "Mozilla/5.0 (compatible; Yahoo! Slurp; http://help.yahoo.com/help/us/ysearch/slurp)"
68.180.228.167 - - [01/Jun/2017:05:37:22 +0530] "GET /project_details_view.php?id=929&oid=13&page=1&reporttype=1 HTTP/1.1" 200 14933 "-" "Mozilla/5.0 (compatible; Yahoo! Slurp; http://help.yahoo.com/help/us/ysearch/slurp)"
68.180.228.167 - - [01/Jun/2017:05:37:24 +0530] "GET /project_details_view.php?id=1841&oid=7&page=1&reporttype=1 HTTP/1.1" 200 13814 "-" "Mozilla/5.0 (compatible; Yahoo! Slurp; http://help.yahoo.com/help/us/ysearch/slurp)"
68.180.228.167 - - [01/Jun/2017:05:37:36 +0530] "GET /project_details_view.php?id=1934&oid=1&page=1&reporttype=1 HTTP/1.1" 200 13730 "-" "Mozilla/5.0 (compatible; Yahoo! Slurp; http://help.yahoo.com/help/us/ysearch/slurp)"
68.180.228.167 - - [01/Jun/2017:05:38:36 +0530] "GET /project_details_view.php?id=299&oid=13&page=1&reporttype=1 HTTP/1.1" 200 18434 "-" "Mozilla/5.0 (compatible; Yahoo! Slurp; http://help.yahoo.com/help/us/ysearch/slurp)"
68.180.228.167 - - [01/Jun/2017:05:38:57 +0530] "GET /project_details_view.php?id=985&oid=1&page=1&reporttype=1 HTTP/1.1" 200 13646 "-" "Mozilla/5.0 (compatible; Yahoo! Slurp; http://help.yahoo.com/help/us/ysearch/slurp)"
68.180.228.167 - - [01/Jun/2017:05:39:01 +0530] "GET /project_details_view.php?id=1153&oid=13&page=1&reporttype=1 HTTP/1.1" 200 14408 "-" "Mozilla/5.0 (compatible; Yahoo! Slurp; http://help.yahoo.com/help/us/ysearch/slurp)"
157.55.39.63 - - [01/Jun/2017:05:39:18 +0530] "GET /reports_new.php?n=1 HTTP/1.1" 200 22412 "-" "Mozilla/5.0 (compatible; bingbot/2.0; +http://www.bing.com/bingbot.htm)"
68.180.228.167 - - [01/Jun/2017:05:39:54 +0530] "GET /Approved_proj_reports_list_details.php?id=3&reporttype=1&scale=&sdt=2005-05-02&edt=2014-05-31&exec=SLG HTTP/1.1" 200 15535 "-" "Mozilla/5.0 (compatible; Yahoo! Slurp; http://help.yahoo.com/help/us/ysearch/slurp)"
40.77.167.135 - - [01/Jun/2017:05:39:55 +0530] "GET /news_more.php HTTP/1.1" 200 21062 "-" "Mozilla/5.0 (compatible; bingbot/2.0; +http://www.bing.com/bingbot.htm)"
68.180.228.167 - - [01/Jun/2017:05:40:13 +0530] "GET /project_details_view.php?id=635&oid=10&page=1&reporttype=1 HTTP/1.1" 200 15057 "-" "Mozilla/5.0 (compatible; Yahoo! Slurp; http://help.yahoo.com/help/us/ysearch/slurp)"
68.180.228.167 - - [01/Jun/2017:05:40:46 +0530] "GET /project_details_view.php?id=1440&oid=4&page=1&reporttype=1 HTTP/1.1" 200 15669 "-" "Mozilla/5.0 (compatible; Yahoo! Slurp; http://help.yahoo.com/help/us/ysearch/slurp)"
68.180.228.167 - - [01/Jun/2017:05:40:47 +0530] "GET /project_details_view.php?id=1529&oid=4&page=1&reporttype=1 HTTP/1.1" 200 14111 "-" "Mozilla/5.0 (compatible; Yahoo! Slurp; http://help.yahoo.com/help/us/ysearch/slurp)"
68.180.228.167 - - [01/Jun/2017:05:40:49 +0530] "GET /project_details_view.php?id=410&oid=3&page=1&reporttype=1 HTTP/1.1" 200 14898 "-" "Mozilla/5.0 (compatible; Yahoo! Slurp; http://help.yahoo.com/help/us/ysearch/slurp)"
68.180.228.167 - - [01/Jun/2017:05:41:08 +0530] "GET /project_details_view.php?id=857&oid=3&page=1&reporttype=1 HTTP/1.1" 200 14334 "-" "Mozilla/5.0 (compatible; Yahoo! Slurp; http://help.yahoo.com/help/us/ysearch/slurp)"
68.180.228.167 - - [01/Jun/2017:05:41:36 +0530] "GET /project_details_view.php?id=1294&oid=3&page=1&reporttype=1 HTTP/1.1" 200 14513 "-" "Mozilla/5.0 (compatible; Yahoo! Slurp; http://help.yahoo.com/help/us/ysearch/slurp)"
68.180.228.167 - - [01/Jun/2017:05:41:49 +0530] "GET /project_details_view.php?id=480&oid=4&page=1&reporttype=1 HTTP/1.1" 200 14080 "-" "Mozilla/5.0 (compatible; Yahoo! Slurp; http://help.yahoo.com/help/us/ysearch/slurp)"
68.180.228.167 - - [01/Jun/2017:05:41:49 +0530] "GET /project_details_view.php?id=1297&oid=3&page=1&reporttype=1 HTTP/1.1" 200 14448 "-" "Mozilla/5.0 (compatible; Yahoo! Slurp; http://help.yahoo.com/help/us/ysearch/slurp)"
68.180.228.167 - - [01/Jun/2017:05:41:55 +0530] "GET /project_details_view.php?id=1293&oid=3&page=1&reporttype=1 HTTP/1.1" 200 14520 "-" "Mozilla/5.0 (compatible; Yahoo! Slurp; http://help.yahoo.com/help/us/ysearch/slurp)"
47.31.1.161 - - [01/Jun/2017:05:42:18 +0530] "GET /project_details_view.php?id=1520 HTTP/1.1" 200 18636 "https://www.google.co.in/" "Mozilla/5.0 (Windows NT 10.0; Win64; x64) AppleWebKit/537.36 (KHTML, like Gecko) Chrome/58.0.3029.110 Safari/537.36"
47.31.1.161 - - [01/Jun/2017:05:42:18 +0530] "GET /ncdma.css HTTP/1.1" 200 12640 "http://www.cdmindia.gov.in/project_details_view.php?id=1520" "Mozilla/5.0 (Windows NT 10.0; Win64; x64) AppleWebKit/537.36 (KHTML, like Gecko) Chrome/58.0.3029.110 Safari/537.36"
47.31.1.161 - - [01/Jun/2017:05:42:18 +0530] "GET /includes/ncdma.css HTTP/1.1" 200 13023 "http://www.cdmindia.gov.in/project_details_view.php?id=1520" "Mozilla/5.0 (Windows NT 10.0; Win64; x64) AppleWebKit/537.36 (KHTML, like Gecko) Chrome/58.0.3029.110 Safari/537.36"
47.31.1.161 - - [01/Jun/2017:05:42:18 +0530] "GET /Scripts/AC_RunActiveContent.js HTTP/1.1" 200 8321 "http://www.cdmindia.gov.in/project_details_view.php?id=1520" "Mozilla/5.0 (Windows NT 10.0; Win64; x64) AppleWebKit/537.36 (KHTML, like Gecko) Chrome/58.0.3029.110 Safari/537.36"
47.31.1.161 - - [01/Jun/2017:05:42:18 +0530] "GET /images/spacer.gif HTTP/1.1" 200 43 "http://www.cdmindia.gov.in/project_details_view.php?id=1520" "Mozilla/5.0 (Windows NT 10.0; Win64; x64) AppleWebKit/537.36 (KHTML, like Gecko) Chrome/58.0.3029.110 Safari/537.36"
47.31.1.161 - - [01/Jun/2017:05:42:18 +0530] "GET /images/img2.jpg HTTP/1.1" 200 16276 "http://www.cdmindia.gov.in/project_details_view.php?id=1520" "Mozilla/5.0 (Windows NT 10.0; Win64; x64) AppleWebKit/537.36 (KHTML, like Gecko) Chrome/58.0.3029.110 Safari/537.36"
47.31.1.161 - - [01/Jun/2017:05:42:18 +0530] "GET /images/bullet1.gif HTTP/1.1" 200 67 "http://www.cdmindia.gov.in/project_details_view.php?id=1520" "Mozilla/5.0 (Windows NT 10.0; Win64; x64) AppleWebKit/537.36 (KHTML, like Gecko) Chrome/58.0.3029.110 Safari/537.36"
47.31.1.161 - - [01/Jun/2017:05:42:18 +0530] "GET /images/bulllet2.gif HTTP/1.1" 200 58 "http://www.cdmindia.gov.in/project_details_view.php?id=1520" "Mozilla/5.0 (Windows NT 10.0; Win64; x64) AppleWebKit/537.36 (KHTML, like Gecko) Chrome/58.0.3029.110 Safari/537.36"
47.31.1.161 - - [01/Jun/2017:05:42:18 +0530] "GET /images/bullet4.gif HTTP/1.1" 200 67 "http://www.cdmindia.gov.in/project_details_view.php?id=1520" "Mozilla/5.0 (Windows NT 10.0; Win64; x64) AppleWebKit/537.36 (KHTML, like Gecko) Chrome/58.0.3029.110 Safari/537.36"
47.31.1.161 - - [01/Jun/2017:05:42:18 +0530] "GET /images/img3.jpg HTTP/1.1" 200 26957 "http://www.cdmindia.gov.in/project_details_view.php?id=1520" "Mozilla/5.0 (Windows NT 10.0; Win64; x64) AppleWebKit/537.36 (KHTML, like Gecko) Chrome/58.0.3029.110 Safari/537.36"
47.31.1.161 - - [01/Jun/2017:05:42:19 +0530] "GET /images/fdm.jpg HTTP/1.1" 200 2043 "http://www.cdmindia.gov.in/project_details_view.php?id=1520" "Mozilla/5.0 (Windows NT 10.0; Win64; x64) AppleWebKit/537.36 (KHTML, like Gecko) Chrome/58.0.3029.110 Safari/537.36"
47.31.1.161 - - [01/Jun/2017:05:42:19 +0530] "GET /images/img1.jpg HTTP/1.1" 200 1251 "http://www.cdmindia.gov.in/project_details_view.php?id=1520" "Mozilla/5.0 (Windows NT 10.0; Win64; x64) AppleWebKit/537.36 (KHTML, like Gecko) Chrome/58.0.3029.110 Safari/537.36"
47.31.1.161 - - [01/Jun/2017:05:42:19 +0530] "GET /images/fbg.jpg HTTP/1.1" 200 325 "http://www.cdmindia.gov.in/project_details_view.php?id=1520" "Mozilla/5.0 (Windows NT 10.0; Win64; x64) AppleWebKit/537.36 (KHTML, like Gecko) Chrome/58.0.3029.110 Safari/537.36"
47.31.1.161 - - [01/Jun/2017:05:42:19 +0530] "GET /images/gtz.jpg HTTP/1.1" 200 15484 "http://www.cdmindia.gov.in/project_details_view.php?id=1520" "Mozilla/5.0 (Windows NT 10.0; Win64; x64) AppleWebKit/537.36 (KHTML, like Gecko) Chrome/58.0.3029.110 Safari/537.36"
47.31.1.161 - - [01/Jun/2017:05:42:19 +0530] "GET /favicon.ico HTTP/1.1" 200 1189 "http://www.cdmindia.gov.in/project_details_view.php?id=1520" "Mozilla/5.0 (Windows NT 10.0; Win64; x64) AppleWebKit/537.36 (KHTML, like Gecko) Chrome/58.0.3029.110 Safari/537.36"
68.180.228.167 - - [01/Jun/2017:05:42:27 +0530] "GET /project_details_view.php?id=1292&oid=3&page=1&reporttype=1 HTTP/1.1" 200 14534 "-" "Mozilla/5.0 (compatible; Yahoo! Slurp; http://help.yahoo.com/help/us/ysearch/slurp)"
157.55.39.145 - - [01/Jun/2017:05:42:35 +0530] "GET /project_details_view.php?id=2157&oid=1&page=1&reporttype=1 HTTP/1.1" 200 14043 "-" "Mozilla/5.0 (compatible; bingbot/2.0; +http://www.bing.com/bingbot.htm)"
68.180.228.167 - - [01/Jun/2017:05:42:40 +0530] "GET /project_details_view.php?id=1402&oid=5&page=1&reporttype=1 HTTP/1.1" 200 13658 "-" "Mozilla/5.0 (compatible; Yahoo! Slurp; http://help.yahoo.com/help/us/ysearch/slurp)"
66.249.66.211 - - [01/Jun/2017:05:42:59 +0530] "GET /project_details_view.php?id=1504 HTTP/1.1" 200 15224 "-" "Mozilla/5.0 (compatible; Googlebot/2.1; +http://www.google.com/bot.html)"
68.180.228.167 - - [01/Jun/2017:05:43:02 +0530] "GET /project_details_view.php?id=1296&oid=3&page=1&reporttype=1 HTTP/1.1" 200 14459 "-" "Mozilla/5.0 (compatible; Yahoo! Slurp; http://help.yahoo.com/help/us/ysearch/slurp)"
66.249.66.207 - - [01/Jun/2017:05:43:02 +0530] "GET /project_details_view.php?id=827 HTTP/1.1" 200 14396 "-" "Mozilla/5.0 (compatible; Googlebot/2.1; +http://www.google.com/bot.html)"
68.180.228.167 - - [01/Jun/2017:05:43:02 +0530] "GET /project_details_view.php?id=1295&oid=3&page=1&reporttype=1 HTTP/1.1" 200 14455 "-" "Mozilla/5.0 (compatible; Yahoo! Slurp; http://help.yahoo.com/help/us/ysearch/slurp)"
68.180.228.167 - - [01/Jun/2017:05:43:08 +0530] "GET /project_details_view.php?id=1298&oid=3&page=1&reporttype=1 HTTP/1.1" 200 14481 "-" "Mozilla/5.0 (compatible; Yahoo! Slurp; http://help.yahoo.com/help/us/ysearch/slurp)"
40.77.167.52 - - [01/Jun/2017:05:43:22 +0530] "GET /project_details_view.php?id=1465 HTTP/1.1" 200 14103 "-" "Mozilla/5.0 (compatible; bingbot/2.0; +http://www.bing.com/bingbot.htm)"
68.180.228.167 - - [01/Jun/2017:05:43:38 +0530] "GET /Approved_proj_reports_list_details.php?id=3&reporttype=1&scale=&sdt=2005-05-02&edt=2014-05-31&exec=Private&page=2 HTTP/1.1" 200 16339 "-" "Mozilla/5.0 (compatible; Yahoo! Slurp; http://help.yahoo.com/help/us/ysearch/slurp)"
68.180.228.167 - - [01/Jun/2017:05:44:27 +0530] "GET /project_details_view.php?id=62&oid=9&page=1&reporttype=1 HTTP/1.1" 200 14208 "-" "Mozilla/5.0 (compatible; Yahoo! Slurp; http://help.yahoo.com/help/us/ysearch/slurp)"
68.180.228.167 - - [01/Jun/2017:05:45:24 +0530] "GET /project_details_view.php?id=1234&oid=3&page=1&reporttype=1 HTTP/1.1" 200 13857 "-" "Mozilla/5.0 (compatible; Yahoo! Slurp; http://help.yahoo.com/help/us/ysearch/slurp)"
68.180.228.167 - - [01/Jun/2017:05:45:44 +0530] "GET /project_details_view.php?id=839&oid=1&page=1&reporttype=1 HTTP/1.1" 200 14307 "-" "Mozilla/5.0 (compatible; Yahoo! Slurp; http://help.yahoo.com/help/us/ysearch/slurp)"
68.180.228.167 - - [01/Jun/2017:05:45:45 +0530] "GET /project_details_view.php?id=912&oid=1&page=1&reporttype=1 HTTP/1.1" 200 14184 "-" "Mozilla/5.0 (compatible; Yahoo! Slurp; http://help.yahoo.com/help/us/ysearch/slurp)"
68.180.228.167 - - [01/Jun/2017:05:46:00 +0530] "GET /Approved_proj_reports_list_details.php?id=3&reporttype=1&scale=&sdt=2005-05-02&edt=2014-05-31&exec=SLG&page=2 HTTP/1.1" 200 13901 "-" "Mozilla/5.0 (compatible; Yahoo! Slurp; http://help.yahoo.com/help/us/ysearch/slurp)"
68.180.228.167 - - [01/Jun/2017:05:46:07 +0530] "GET /project_details_view.php?id=1299&oid=3&page=1&reporttype=1 HTTP/1.1" 200 15268 "-" "Mozilla/5.0 (compatible; Yahoo! Slurp; http://help.yahoo.com/help/us/ysearch/slurp)"
68.180.228.167 - - [01/Jun/2017:05:46:24 +0530] "GET /project_details_view.php?id=1005&oid=1&page=1&reporttype=1 HTTP/1.1" 200 14227 "-" "Mozilla/5.0 (compatible; Yahoo! Slurp; http://help.yahoo.com/help/us/ysearch/slurp)"
40.77.167.135 - - [01/Jun/2017:05:46:35 +0530] "GET /detail_news.php?id=19 HTTP/1.1" 302 19083 "-" "Mozilla/5.0 (compatible; bingbot/2.0; +http://www.bing.com/bingbot.htm)"
40.77.167.135 - - [01/Jun/2017:05:46:51 +0530] "GET /logout.php HTTP/1.1" 302 369 "-" "Mozilla/5.0 (compatible; bingbot/2.0; +http://www.bing.com/bingbot.htm)"
40.77.167.135 - - [01/Jun/2017:05:46:53 +0530] "GET /index.php HTTP/1.1" 200 19481 "-" "Mozilla/5.0 (compatible; bingbot/2.0; +http://www.bing.com/bingbot.htm)"
68.180.228.167 - - [01/Jun/2017:05:47:00 +0530] "GET /Approved_proj_reports_list_details.php?id=1&reporttype=1&scale=&sdt=2005-05-02&edt=2014-05-31&exec=SLG&page=2 HTTP/1.1" 200 15712 "-" "Mozilla/5.0 (compatible; Yahoo! Slurp; http://help.yahoo.com/help/us/ysearch/slurp)"
42.236.99.44 - - [01/Jun/2017:05:47:39 +0530] "GET / HTTP/1.1" 200 19481 "http://www.cdmindia.gov.in/" "Mozilla/5.0 (Windows NT 6.1; WOW64) AppleWebKit/537.36 (KHTML, like Gecko) Chrome/50.0.2661.102 Safari/537.36; 360Spider"
157.55.39.63 - - [01/Jun/2017:05:47:47 +0530] "GET /reports_new.php?n=1 HTTP/1.1" 200 22412 "-" "Mozilla/5.0 (compatible; bingbot/2.0; +http://www.bing.com/bingbot.htm)"
66.249.66.211 - - [01/Jun/2017:05:48:11 +0530] "GET /project_details_view.php?id=1634 HTTP/1.1" 200 14063 "-" "Mozilla/5.0 (compatible; Googlebot/2.1; +http://www.google.com/bot.html)"
68.180.228.167 - - [01/Jun/2017:05:50:00 +0530] "GET /images/NCDMA%20PCN%20Format%2017072009.doc HTTP/1.1" 304 - "-" "Mozilla/5.0 (compatible; Yahoo! Slurp; http://help.yahoo.com/help/us/ysearch/slurp)"
68.180.228.167 - - [01/Jun/2017:05:50:52 +0530] "GET /project_details_view.php?id=1300&oid=3&page=1&reporttype=1 HTTP/1.1" 200 15236 "-" "Mozilla/5.0 (compatible; Yahoo! Slurp; http://help.yahoo.com/help/us/ysearch/slurp)"
68.180.228.167 - - [01/Jun/2017:05:51:44 +0530] "GET /project_details_view.php?id=1770&oid=3&page=1&reporttype=1 HTTP/1.1" 200 14044 "-" "Mozilla/5.0 (compatible; Yahoo! Slurp; http://help.yahoo.com/help/us/ysearch/slurp)"
68.180.228.167 - - [01/Jun/2017:05:53:01 +0530] "GET /project_details_view.php?id=361&oid=7&page=1&reporttype=1 HTTP/1.1" 200 14397 "-" "Mozilla/5.0 (compatible; Yahoo! Slurp; http://help.yahoo.com/help/us/ysearch/slurp)"
40.77.167.135 - - [01/Jun/2017:05:54:20 +0530] "GET /images/NCDMA%20PCN%20Format%2017072009.doc HTTP/1.1" 200 114176 "-" "Mozilla/5.0 (compatible; bingbot/2.0; +http://www.bing.com/bingbot.htm)"
70.212.132.112 - - [01/Jun/2017:05:58:04 +0530] "GET / HTTP/1.1" 200 19481 "http://envfor.nic.in/tenders-advertisements/call-proposals-under-scheme-%E2%80%9Cdevelopment-and-promotion-clean-technology-and-w" "Mozilla/5.0 (Macintosh; Intel Mac OS X 10_12_5) AppleWebKit/537.36 (KHTML, like Gecko) Chrome/58.0.3029.110 Safari/537.36"
70.212.132.112 - - [01/Jun/2017:05:58:05 +0530] "GET /includes/ncdma.css HTTP/1.1" 200 13023 "http://www.cdmindia.gov.in/" "Mozilla/5.0 (Macintosh; Intel Mac OS X 10_12_5) AppleWebKit/537.36 (KHTML, like Gecko) Chrome/58.0.3029.110 Safari/537.36"
70.212.132.112 - - [01/Jun/2017:05:58:05 +0530] "GET /ncdma.css HTTP/1.1" 200 12640 "http://www.cdmindia.gov.in/" "Mozilla/5.0 (Macintosh; Intel Mac OS X 10_12_5) AppleWebKit/537.36 (KHTML, like Gecko) Chrome/58.0.3029.110 Safari/537.36"
70.212.132.112 - - [01/Jun/2017:05:58:05 +0530] "GET /Scripts/AC_RunActiveContent.js HTTP/1.1" 200 8321 "http://www.cdmindia.gov.in/" "Mozilla/5.0 (Macintosh; Intel Mac OS X 10_12_5) AppleWebKit/537.36 (KHTML, like Gecko) Chrome/58.0.3029.110 Safari/537.36"
70.212.132.112 - - [01/Jun/2017:05:58:05 +0530] "GET /js/md5.js HTTP/1.1" 200 13194 "http://www.cdmindia.gov.in/" "Mozilla/5.0 (Macintosh; Intel Mac OS X 10_12_5) AppleWebKit/537.36 (KHTML, like Gecko) Chrome/58.0.3029.110 Safari/537.36"
70.212.132.112 - - [01/Jun/2017:05:58:05 +0530] "GET /js/base64_encode.js HTTP/1.1" 200 3002 "http://www.cdmindia.gov.in/" "Mozilla/5.0 (Macintosh; Intel Mac OS X 10_12_5) AppleWebKit/537.36 (KHTML, like Gecko) Chrome/58.0.3029.110 Safari/537.36"
70.212.132.112 - - [01/Jun/2017:05:58:06 +0530] "GET /images/bulllet2.gif HTTP/1.1" 200 58 "http://www.cdmindia.gov.in/" "Mozilla/5.0 (Macintosh; Intel Mac OS X 10_12_5) AppleWebKit/537.36 (KHTML, like Gecko) Chrome/58.0.3029.110 Safari/537.36"
70.212.132.112 - - [01/Jun/2017:05:58:06 +0530] "GET /images/bullet1.gif HTTP/1.1" 200 67 "http://www.cdmindia.gov.in/" "Mozilla/5.0 (Macintosh; Intel Mac OS X 10_12_5) AppleWebKit/537.36 (KHTML, like Gecko) Chrome/58.0.3029.110 Safari/537.36"
70.212.132.112 - - [01/Jun/2017:05:58:06 +0530] "GET /images/spacer.gif HTTP/1.1" 200 43 "http://www.cdmindia.gov.in/" "Mozilla/5.0 (Macintosh; Intel Mac OS X 10_12_5) AppleWebKit/537.36 (KHTML, like Gecko) Chrome/58.0.3029.110 Safari/537.36"
70.212.132.112 - - [01/Jun/2017:05:58:06 +0530] "GET /images/bullet4.gif HTTP/1.1" 200 67 "http://www.cdmindia.gov.in/" "Mozilla/5.0 (Macintosh; Intel Mac OS X 10_12_5) AppleWebKit/537.36 (KHTML, like Gecko) Chrome/58.0.3029.110 Safari/537.36"
70.212.132.112 - - [01/Jun/2017:05:58:06 +0530] "GET /images/img2.jpg HTTP/1.1" 200 16276 "http://www.cdmindia.gov.in/" "Mozilla/5.0 (Macintosh; Intel Mac OS X 10_12_5) AppleWebKit/537.36 (KHTML, like Gecko) Chrome/58.0.3029.110 Safari/537.36"
70.212.132.112 - - [01/Jun/2017:05:58:06 +0530] "GET /images/img3.jpg HTTP/1.1" 200 26957 "http://www.cdmindia.gov.in/" "Mozilla/5.0 (Macintosh; Intel Mac OS X 10_12_5) AppleWebKit/537.36 (KHTML, like Gecko) Chrome/58.0.3029.110 Safari/537.36"
70.212.132.112 - - [01/Jun/2017:05:58:07 +0530] "GET /images/fdm.jpg HTTP/1.1" 200 2043 "http://www.cdmindia.gov.in/" "Mozilla/5.0 (Macintosh; Intel Mac OS X 10_12_5) AppleWebKit/537.36 (KHTML, like Gecko) Chrome/58.0.3029.110 Safari/537.36"
70.212.132.112 - - [01/Jun/2017:05:58:07 +0530] "GET /images/img1.jpg HTTP/1.1" 200 1251 "http://www.cdmindia.gov.in/" "Mozilla/5.0 (Macintosh; Intel Mac OS X 10_12_5) AppleWebKit/537.36 (KHTML, like Gecko) Chrome/58.0.3029.110 Safari/537.36"
70.212.132.112 - - [01/Jun/2017:05:58:07 +0530] "GET /images/fbg.jpg HTTP/1.1" 200 325 "http://www.cdmindia.gov.in/" "Mozilla/5.0 (Macintosh; Intel Mac OS X 10_12_5) AppleWebKit/537.36 (KHTML, like Gecko) Chrome/58.0.3029.110 Safari/537.36"
70.212.132.112 - - [01/Jun/2017:05:58:07 +0530] "GET /images/fe.jpg HTTP/1.1" 200 1429 "http://www.cdmindia.gov.in/" "Mozilla/5.0 (Macintosh; Intel Mac OS X 10_12_5) AppleWebKit/537.36 (KHTML, like Gecko) Chrome/58.0.3029.110 Safari/537.36"
70.212.132.112 - - [01/Jun/2017:05:58:07 +0530] "GET /images/gtz.jpg HTTP/1.1" 200 15484 "http://www.cdmindia.gov.in/" "Mozilla/5.0 (Macintosh; Intel Mac OS X 10_12_5) AppleWebKit/537.36 (KHTML, like Gecko) Chrome/58.0.3029.110 Safari/537.36"
70.212.132.112 - - [01/Jun/2017:05:58:07 +0530] "GET /images/login1.jpg HTTP/1.1" 200 618 "http://www.cdmindia.gov.in/" "Mozilla/5.0 (Macintosh; Intel Mac OS X 10_12_5) AppleWebKit/537.36 (KHTML, like Gecko) Chrome/58.0.3029.110 Safari/537.36"
70.212.132.112 - - [01/Jun/2017:05:58:08 +0530] "GET /images/bullet3.gif HTTP/1.1" 200 58 "http://www.cdmindia.gov.in/" "Mozilla/5.0 (Macintosh; Intel Mac OS X 10_12_5) AppleWebKit/537.36 (KHTML, like Gecko) Chrome/58.0.3029.110 Safari/537.36"
70.212.132.112 - - [01/Jun/2017:05:58:08 +0530] "GET /images/login.jpg HTTP/1.1" 200 1044 "http://www.cdmindia.gov.in/" "Mozilla/5.0 (Macintosh; Intel Mac OS X 10_12_5) AppleWebKit/537.36 (KHTML, like Gecko) Chrome/58.0.3029.110 Safari/537.36"
70.212.132.112 - - [01/Jun/2017:05:58:09 +0530] "GET /favicon.ico HTTP/1.1" 200 1189 "http://www.cdmindia.gov.in/" "Mozilla/5.0 (Macintosh; Intel Mac OS X 10_12_5) AppleWebKit/537.36 (KHTML, like Gecko) Chrome/58.0.3029.110 Safari/537.36"
68.180.228.167 - - [01/Jun/2017:05:58:53 +0530] "GET /project_details_view.php?id=1301&oid=3&page=1&reporttype=1 HTTP/1.1" 200 15397 "-" "Mozilla/5.0 (compatible; Yahoo! Slurp; http://help.yahoo.com/help/us/ysearch/slurp)"
68.180.228.167 - - [01/Jun/2017:06:00:09 +0530] "GET /project_details_view.php?id=1186&oid=13&page=1&reporttype=1 HTTP/1.1" 200 16735 "-" "Mozilla/5.0 (compatible; Yahoo! Slurp; http://help.yahoo.com/help/us/ysearch/slurp)"
180.76.15.151 - - [01/Jun/2017:06:02:56 +0530] "GET / HTTP/1.1" 200 19481 "-" "Mozilla/5.0 (compatible; Baiduspider/2.0; +http://www.baidu.com/search/spider.html)"
66.249.66.211 - - [01/Jun/2017:06:03:19 +0530] "GET /project_details_view.php?id=51&oid=1&page=90&reporttype=1 HTTP/1.1" 200 14888 "-" "Mozilla/5.0 (compatible; Googlebot/2.1; +http://www.google.com/bot.html)"
66.249.66.209 - - [01/Jun/2017:06:03:20 +0530] "GET /project_details_view.php?id=51&oid=1&page=90&reporttype=1 HTTP/1.1" 200 14888 "-" "Mozilla/5.0 (compatible; Googlebot/2.1; +http://www.google.com/bot.html)"
90.57.2.157 - - [01/Jun/2017:06:04:50 +0530] "GET /robots.txt HTTP/1.1" 404 208 "-" "Java/1.8.0_101"
68.180.228.167 - - [01/Jun/2017:06:08:27 +0530] "GET /project_details_view.php?id=285&oid=4&page=1&reporttype=1 HTTP/1.1" 200 14029 "-" "Mozilla/5.0 (compatible; Yahoo! Slurp; http://help.yahoo.com/help/us/ysearch/slurp)"
220.181.108.186 - - [01/Jun/2017:06:10:37 +0530] "GET / HTTP/1.1" 200 19481 "-" "Mozilla/5.0 (compatible; Baiduspider/2.0; +http://www.baidu.com/search/spider.html)"
202.46.56.193 - - [01/Jun/2017:06:13:58 +0530] "GET /project_details_view_report.php?id=312 HTTP/1.1" 200 13152 "-" "Mozilla/5.0 (Windows NT 10.0; WOW64) AppleWebKit/537.36 (KHTML, like Gecko) Chrome/45.0.2454.93 Safari/537.36"
66.249.66.211 - - [01/Jun/2017:06:21:23 +0530] "GET /project_details_view.php?id=451&oid=&page=87&reporttype= HTTP/1.1" 200 14476 "-" "Mozilla/5.0 (compatible; Googlebot/2.1; +http://www.google.com/bot.html)"
157.55.39.145 - - [01/Jun/2017:06:22:22 +0530] "GET /project_details_view_report.php?id=957 HTTP/1.1" 200 13175 "-" "Mozilla/5.0 (iPhone; CPU iPhone OS 7_0 like Mac OS X) AppleWebKit/537.51.1 (KHTML, like Gecko) Version/7.0 Mobile/11A465 Safari/9537.53 (compatible; bingbot/2.0; +http://www.bing.com/bingbot.htm)"
40.77.167.135 - - [01/Jun/2017:06:23:04 +0530] "GET /images/img3.jpg HTTP/1.1" 200 26957 "-" "Mozilla/5.0 (iPhone; CPU iPhone OS 7_0 like Mac OS X) AppleWebKit/537.51.1 (KHTML, like Gecko) Version/7.0 Mobile/11A465 Safari/9537.53 (compatible; bingbot/2.0; +http://www.bing.com/bingbot.htm)"
68.180.228.167 - - [01/Jun/2017:06:23:28 +0530] "GET /project_details_view.php?id=1020&oid=14&page=1&reporttype=1 HTTP/1.1" 200 16192 "-" "Mozilla/5.0 (compatible; Yahoo! Slurp; http://help.yahoo.com/help/us/ysearch/slurp)"
68.180.228.167 - - [01/Jun/2017:06:24:36 +0530] "GET /project_details_view.php?id=1085&oid=9&page=1&reporttype=1 HTTP/1.1" 200 14530 "-" "Mozilla/5.0 (compatible; Yahoo! Slurp; http://help.yahoo.com/help/us/ysearch/slurp)"
157.55.39.63 - - [01/Jun/2017:06:24:50 +0530] "GET /project_details_view_report.php?id=948 HTTP/1.1" 200 13631 "-" "Mozilla/5.0 (compatible; bingbot/2.0; +http://www.bing.com/bingbot.htm)"
66.249.66.209 - - [01/Jun/2017:06:26:22 +0530] "GET /project_details_view.php?id=1466 HTTP/1.1" 200 14501 "-" "Mozilla/5.0 (compatible; Googlebot/2.1; +http://www.google.com/bot.html)"
66.249.66.211 - - [01/Jun/2017:06:31:33 +0530] "GET /Approved_proj_reports_list_details.php?id=1&reporttype=1&scale=&sdt=&edt=&exec=&page=34 HTTP/1.1" 200 17154 "-" "Mozilla/5.0 (compatible; Googlebot/2.1; +http://www.google.com/bot.html)"
51.255.71.114 - - [01/Jun/2017:06:35:30 +0530] "GET /reports_new.php?n=1 HTTP/1.1" 200 22412 "-" "Mozilla/5.0 (compatible; AhrefsBot/5.2; +http://ahrefs.com/robot/)"
157.55.39.63 - - [01/Jun/2017:06:36:30 +0530] "GET /project_details_view_report.php?id=1792 HTTP/1.1" 200 13217 "-" "Mozilla/5.0 (iPhone; CPU iPhone OS 7_0 like Mac OS X) AppleWebKit/537.51.1 (KHTML, like Gecko) Version/7.0 Mobile/11A465 Safari/9537.53 (compatible; bingbot/2.0; +http://www.bing.com/bingbot.htm)"
66.249.66.211 - - [01/Jun/2017:06:41:33 +0530] "GET /project_details_view.php?id=1730 HTTP/1.1" 200 14347 "-" "Mozilla/5.0 (Linux; Android 6.0.1; Nexus 5X Build/MMB29P) AppleWebKit/537.36 (KHTML, like Gecko) Chrome/41.0.2272.96 Mobile Safari/537.36 (compatible; Googlebot/2.1; +http://www.google.com/bot.html)"
194.187.170.137 - - [01/Jun/2017:06:46:31 +0530] "GET /robots.txt HTTP/1.0" 404 208 "-" "Mozilla/5.0 (compatible; Qwantify/2.4w; +https://www.qwant.com/)/2.4w"
194.187.170.137 - - [01/Jun/2017:06:46:31 +0530] "GET /future_projects.php HTTP/1.0" 302 26211 "-" "Mozilla/5.0 (compatible; Qwantify/2.4w; +https://www.qwant.com/)/2.4w"
194.187.170.137 - - [01/Jun/2017:06:46:32 +0530] "GET /logout.php HTTP/1.0" 302 369 "-" "Mozilla/5.0 (compatible; Qwantify/2.4w; +https://www.qwant.com/)/2.4w"
194.187.170.137 - - [01/Jun/2017:06:46:32 +0530] "GET /index.php HTTP/1.0" 200 19481 "-" "Mozilla/5.0 (compatible; Qwantify/2.4w; +https://www.qwant.com/)/2.4w"
90.57.234.23 - - [01/Jun/2017:06:47:06 +0530] "GET /robots.txt HTTP/1.1" 404 208 "-" "Java/1.8.0_101"
122.177.72.214 - - [01/Jun/2017:06:52:20 +0530] "GET /reports_list_details.php?id=14&reporttype=1 HTTP/1.1" 200 21490 "-" "Mozilla/5.0 (Windows NT 10.0; Win64; x64) AppleWebKit/537.36 (KHTML, like Gecko) Chrome/58.0.3029.110 Safari/537.36"
122.177.72.214 - - [01/Jun/2017:06:52:20 +0530] "GET /includes/ncdma.css HTTP/1.1" 200 13023 "http://www.cdmindia.gov.in/reports_list_details.php?id=14&reporttype=1" "Mozilla/5.0 (Windows NT 10.0; Win64; x64) AppleWebKit/537.36 (KHTML, like Gecko) Chrome/58.0.3029.110 Safari/537.36"
122.177.72.214 - - [01/Jun/2017:06:52:20 +0530] "GET /Scripts/AC_RunActiveContent.js HTTP/1.1" 200 8321 "http://www.cdmindia.gov.in/reports_list_details.php?id=14&reporttype=1" "Mozilla/5.0 (Windows NT 10.0; Win64; x64) AppleWebKit/537.36 (KHTML, like Gecko) Chrome/58.0.3029.110 Safari/537.36"
122.177.72.214 - - [01/Jun/2017:06:52:20 +0530] "GET /js/user_registration.js HTTP/1.1" 200 26819 "http://www.cdmindia.gov.in/reports_list_details.php?id=14&reporttype=1" "Mozilla/5.0 (Windows NT 10.0; Win64; x64) AppleWebKit/537.36 (KHTML, like Gecko) Chrome/58.0.3029.110 Safari/537.36"
122.177.72.214 - - [01/Jun/2017:06:52:20 +0530] "GET /ncdma.css HTTP/1.1" 200 12640 "http://www.cdmindia.gov.in/reports_list_details.php?id=14&reporttype=1" "Mozilla/5.0 (Windows NT 10.0; Win64; x64) AppleWebKit/537.36 (KHTML, like Gecko) Chrome/58.0.3029.110 Safari/537.36"
122.177.72.214 - - [01/Jun/2017:06:52:20 +0530] "GET /images/spacer.gif HTTP/1.1" 200 43 "http://www.cdmindia.gov.in/reports_list_details.php?id=14&reporttype=1" "Mozilla/5.0 (Windows NT 10.0; Win64; x64) AppleWebKit/537.36 (KHTML, like Gecko) Chrome/58.0.3029.110 Safari/537.36"
122.177.72.214 - - [01/Jun/2017:06:52:20 +0530] "GET /images/bullet1.gif HTTP/1.1" 200 67 "http://www.cdmindia.gov.in/reports_list_details.php?id=14&reporttype=1" "Mozilla/5.0 (Windows NT 10.0; Win64; x64) AppleWebKit/537.36 (KHTML, like Gecko) Chrome/58.0.3029.110 Safari/537.36"
122.177.72.214 - - [01/Jun/2017:06:52:20 +0530] "GET /images/bulllet2.gif HTTP/1.1" 200 58 "http://www.cdmindia.gov.in/reports_list_details.php?id=14&reporttype=1" "Mozilla/5.0 (Windows NT 10.0; Win64; x64) AppleWebKit/537.36 (KHTML, like Gecko) Chrome/58.0.3029.110 Safari/537.36"
122.177.72.214 - - [01/Jun/2017:06:52:20 +0530] "GET /images/img2.jpg HTTP/1.1" 200 16276 "http://www.cdmindia.gov.in/reports_list_details.php?id=14&reporttype=1" "Mozilla/5.0 (Windows NT 10.0; Win64; x64) AppleWebKit/537.36 (KHTML, like Gecko) Chrome/58.0.3029.110 Safari/537.36"
122.177.72.214 - - [01/Jun/2017:06:52:20 +0530] "GET /images/img1.jpg HTTP/1.1" 200 1251 "http://www.cdmindia.gov.in/reports_list_details.php?id=14&reporttype=1" "Mozilla/5.0 (Windows NT 10.0; Win64; x64) AppleWebKit/537.36 (KHTML, like Gecko) Chrome/58.0.3029.110 Safari/537.36"
122.177.72.214 - - [01/Jun/2017:06:52:20 +0530] "GET /images/img3.jpg HTTP/1.1" 200 26957 "http://www.cdmindia.gov.in/reports_list_details.php?id=14&reporttype=1" "Mozilla/5.0 (Windows NT 10.0; Win64; x64) AppleWebKit/537.36 (KHTML, like Gecko) Chrome/58.0.3029.110 Safari/537.36"
122.177.72.214 - - [01/Jun/2017:06:52:20 +0530] "GET /images/bullet4.gif HTTP/1.1" 200 67 "http://www.cdmindia.gov.in/reports_list_details.php?id=14&reporttype=1" "Mozilla/5.0 (Windows NT 10.0; Win64; x64) AppleWebKit/537.36 (KHTML, like Gecko) Chrome/58.0.3029.110 Safari/537.36"
122.177.72.214 - - [01/Jun/2017:06:52:20 +0530] "GET /images/fdm.jpg HTTP/1.1" 200 2043 "http://www.cdmindia.gov.in/reports_list_details.php?id=14&reporttype=1" "Mozilla/5.0 (Windows NT 10.0; Win64; x64) AppleWebKit/537.36 (KHTML, like Gecko) Chrome/58.0.3029.110 Safari/537.36"
122.177.72.214 - - [01/Jun/2017:06:52:20 +0530] "GET /images/gtz.jpg HTTP/1.1" 200 15484 "http://www.cdmindia.gov.in/reports_list_details.php?id=14&reporttype=1" "Mozilla/5.0 (Windows NT 10.0; Win64; x64) AppleWebKit/537.36 (KHTML, like Gecko) Chrome/58.0.3029.110 Safari/537.36"
122.177.72.214 - - [01/Jun/2017:06:52:20 +0530] "GET /images/fbg.jpg HTTP/1.1" 200 325 "http://www.cdmindia.gov.in/reports_list_details.php?id=14&reporttype=1" "Mozilla/5.0 (Windows NT 10.0; Win64; x64) AppleWebKit/537.36 (KHTML, like Gecko) Chrome/58.0.3029.110 Safari/537.36"
122.177.72.214 - - [01/Jun/2017:06:52:43 +0530] "GET /project_details_view_report.php?id=392 HTTP/1.1" 200 13343 "http://www.cdmindia.gov.in/reports_list_details.php?id=14&reporttype=1" "Mozilla/5.0 (Windows NT 10.0; Win64; x64) AppleWebKit/537.36 (KHTML, like Gecko) Chrome/58.0.3029.110 Safari/537.36"
202.46.50.75 - - [01/Jun/2017:06:53:38 +0530] "GET / HTTP/1.1" 200 19481 "-" "Mozilla/5.0 (Windows NT 10.0; WOW64) AppleWebKit/537.36 (KHTML, like Gecko) Chrome/45.0.2454.93 Safari/537.36"
66.249.66.211 - - [01/Jun/2017:06:56:42 +0530] "GET /project_details_view.php?id=507&oid=1&page=19&reporttype=1 HTTP/1.1" 200 15216 "-" "Mozilla/5.0 (compatible; Googlebot/2.1; +http://www.google.com/bot.html)"
194.187.170.137 - - [01/Jun/2017:06:59:22 +0530] "GET /downloads/New%20PCN.doc HTTP/1.0" 304 - "-" "Mozilla/5.0 (compatible; Qwantify/2.4w; +https://www.qwant.com/)/2.4w"
40.77.167.52 - - [01/Jun/2017:07:02:44 +0530] "GET /project_details_view.php?id=251 HTTP/1.1" 200 14261 "-" "Mozilla/5.0 (compatible; bingbot/2.0; +http://www.bing.com/bingbot.htm)"
64.233.173.136 - - [01/Jun/2017:07:04:18 +0530] "GET /project_details_view.php?id=195 HTTP/1.1" 200 15234 "https://www.google.co.in/" "Mozilla/5.0 (Linux; Android 5.1.1; LS-4503 Build/LMY47V) AppleWebKit/537.36 (KHTML, like Gecko) Chrome/57.0.2987.132 Mobile Safari/537.36"
64.233.173.136 - - [01/Jun/2017:07:04:19 +0530] "GET /Scripts/AC_RunActiveContent.js HTTP/1.1" 200 8321 "http://www.cdmindia.gov.in/project_details_view.php?id=195" "Mozilla/5.0 (Linux; Android 5.1.1; LS-4503 Build/LMY47V) AppleWebKit/537.36 (KHTML, like Gecko) Chrome/57.0.2987.132 Mobile Safari/537.36"
64.233.173.138 - - [01/Jun/2017:07:04:19 +0530] "GET /images/bullet4.gif HTTP/1.1" 200 67 "http://www.cdmindia.gov.in/project_details_view.php?id=195" "Mozilla/5.0 (Linux; Android 5.1.1; LS-4503 Build/LMY47V) AppleWebKit/537.36 (KHTML, like Gecko) Chrome/57.0.2987.132 Mobile Safari/537.36"
64.233.173.136 - - [01/Jun/2017:07:04:19 +0530] "GET /images/fdm.jpg HTTP/1.1" 200 2043 "http://www.cdmindia.gov.in/project_details_view.php?id=195" "Mozilla/5.0 (Linux; Android 5.1.1; LS-4503 Build/LMY47V) AppleWebKit/537.36 (KHTML, like Gecko) Chrome/57.0.2987.132 Mobile Safari/537.36"
64.233.173.137 - - [01/Jun/2017:07:04:19 +0530] "GET /images/spacer.gif HTTP/1.1" 200 43 "http://www.cdmindia.gov.in/project_details_view.php?id=195" "Mozilla/5.0 (Linux; Android 5.1.1; LS-4503 Build/LMY47V) AppleWebKit/537.36 (KHTML, like Gecko) Chrome/57.0.2987.132 Mobile Safari/537.36"
64.233.173.138 - - [01/Jun/2017:07:04:19 +0530] "GET /ncdma.css HTTP/1.1" 200 12640 "http://www.cdmindia.gov.in/project_details_view.php?id=195" "Mozilla/5.0 (Linux; Android 5.1.1; LS-4503 Build/LMY47V) AppleWebKit/537.36 (KHTML, like Gecko) Chrome/57.0.2987.132 Mobile Safari/537.36"
64.233.173.137 - - [01/Jun/2017:07:04:19 +0530] "GET /includes/ncdma.css HTTP/1.1" 200 13023 "http://www.cdmindia.gov.in/project_details_view.php?id=195" "Mozilla/5.0 (Linux; Android 5.1.1; LS-4503 Build/LMY47V) AppleWebKit/537.36 (KHTML, like Gecko) Chrome/57.0.2987.132 Mobile Safari/537.36"
64.233.173.136 - - [01/Jun/2017:07:04:19 +0530] "GET /images/img2.jpg HTTP/1.1" 200 16276 "http://www.cdmindia.gov.in/project_details_view.php?id=195" "Mozilla/5.0 (Linux; Android 5.1.1; LS-4503 Build/LMY47V) AppleWebKit/537.36 (KHTML, like Gecko) Chrome/57.0.2987.132 Mobile Safari/537.36"
64.233.173.136 - - [01/Jun/2017:07:04:19 +0530] "GET /images/bullet1.gif HTTP/1.1" 200 67 "http://www.cdmindia.gov.in/project_details_view.php?id=195" "Mozilla/5.0 (Linux; Android 5.1.1; LS-4503 Build/LMY47V) AppleWebKit/537.36 (KHTML, like Gecko) Chrome/57.0.2987.132 Mobile Safari/537.36"
64.233.173.136 - - [01/Jun/2017:07:04:19 +0530] "GET /images/bulllet2.gif HTTP/1.1" 200 58 "http://www.cdmindia.gov.in/project_details_view.php?id=195" "Mozilla/5.0 (Linux; Android 5.1.1; LS-4503 Build/LMY47V) AppleWebKit/537.36 (KHTML, like Gecko) Chrome/57.0.2987.132 Mobile Safari/537.36"
64.233.173.137 - - [01/Jun/2017:07:04:19 +0530] "GET /images/img3.jpg HTTP/1.1" 200 26957 "http://www.cdmindia.gov.in/project_details_view.php?id=195" "Mozilla/5.0 (Linux; Android 5.1.1; LS-4503 Build/LMY47V) AppleWebKit/537.36 (KHTML, like Gecko) Chrome/57.0.2987.132 Mobile Safari/537.36"
64.233.173.138 - - [01/Jun/2017:07:04:19 +0530] "GET /images/gtz.jpg HTTP/1.1" 200 15484 "http://www.cdmindia.gov.in/project_details_view.php?id=195" "Mozilla/5.0 (Linux; Android 5.1.1; LS-4503 Build/LMY47V) AppleWebKit/537.36 (KHTML, like Gecko) Chrome/57.0.2987.132 Mobile Safari/537.36"
64.233.173.136 - - [01/Jun/2017:07:04:21 +0530] "GET /images/img1.jpg HTTP/1.1" 200 1251 "http://www.cdmindia.gov.in/project_details_view.php?id=195" "Mozilla/5.0 (Linux; Android 5.1.1; LS-4503 Build/LMY47V) AppleWebKit/537.36 (KHTML, like Gecko) Chrome/57.0.2987.132 Mobile Safari/537.36"
64.233.173.136 - - [01/Jun/2017:07:04:21 +0530] "GET /images/fbg.jpg HTTP/1.1" 200 325 "http://www.cdmindia.gov.in/project_details_view.php?id=195" "Mozilla/5.0 (Linux; Android 5.1.1; LS-4503 Build/LMY47V) AppleWebKit/537.36 (KHTML, like Gecko) Chrome/57.0.2987.132 Mobile Safari/537.36"
194.187.170.137 - - [01/Jun/2017:07:04:55 +0530] "GET /downloads/Carbon%20Market%20Roadmap.pdf HTTP/1.0" 304 - "-" "Mozilla/5.0 (compatible; Qwantify/2.4w; +https://www.qwant.com/)/2.4w"
64.62.210.39 - - [01/Jun/2017:07:06:13 +0530] "GET /detail_news.php?id=3 HTTP/1.1" 302 18398 "-" "Mozilla/5.0 (Windows NT 10.0; WOW64) AppleWebKit/537.36 (KHTML, like Gecko) Chrome/51.0.2704.103 Safari/537.36"
64.62.210.39 - - [01/Jun/2017:07:06:13 +0530] "GET /logout.php HTTP/1.1" 302 369 "-" "Mozilla/5.0 (Windows NT 10.0; WOW64) AppleWebKit/537.36 (KHTML, like Gecko) Chrome/51.0.2704.103 Safari/537.36"
64.62.210.39 - - [01/Jun/2017:07:06:14 +0530] "GET /index.php HTTP/1.1" 200 19481 "-" "Mozilla/5.0 (Windows NT 10.0; WOW64) AppleWebKit/537.36 (KHTML, like Gecko) Chrome/51.0.2704.103 Safari/537.36"
66.249.66.207 - - [01/Jun/2017:07:06:41 +0530] "GET /Approved_proj_reports_list_details.php?id=1&reporttype=1&scale=&sdt=&edt=&exec=&page=22 HTTP/1.1" 200 17257 "-" "Mozilla/5.0 (compatible; Googlebot/2.1; +http://www.google.com/bot.html)"
66.249.66.207 - - [01/Jun/2017:07:06:45 +0530] "GET /Approved_proj_reports_list_details.php?id=1&reporttype=1&scale=&sdt=&edt=&exec=&page=22 HTTP/1.1" 200 17257 "-" "Mozilla/5.0 (compatible; Googlebot/2.1; +http://www.google.com/bot.html)"
194.187.170.137 - - [01/Jun/2017:07:06:56 +0530] "GET /downloads/Existing%20PCN.doc HTTP/1.0" 304 - "-" "Mozilla/5.0 (compatible; Qwantify/2.4w; +https://www.qwant.com/)/2.4w"
202.46.54.136 - - [01/Jun/2017:07:13:28 +0530] "GET /project_details_view_report.php?id=146 HTTP/1.1" 200 13096 "-" "Mozilla/5.0 (Windows NT 10.0; WOW64) AppleWebKit/537.36 (KHTML, like Gecko) Chrome/45.0.2454.93 Safari/537.36"
66.249.66.207 - - [01/Jun/2017:07:13:40 +0530] "GET /project_details_view.php?id=1557&oid=1&page=22&reporttype=1 HTTP/1.1" 200 14172 "-" "Mozilla/5.0 (compatible; Googlebot/2.1; +http://www.google.com/bot.html)"
66.249.66.207 - - [01/Jun/2017:07:15:56 +0530] "GET /project_details_view.php?id=1547&oid=1&page=22&reporttype=1 HTTP/1.1" 200 13906 "-" "Mozilla/5.0 (compatible; Googlebot/2.1; +http://www.google.com/bot.html)"
66.249.66.209 - - [01/Jun/2017:07:16:11 +0530] "GET /project_details_view.php?id=1544&oid=1&page=22&reporttype=1 HTTP/1.1" 200 14051 "-" "Mozilla/5.0 (compatible; Googlebot/2.1; +http://www.google.com/bot.html)"
66.249.66.207 - - [01/Jun/2017:07:16:26 +0530] "GET /project_details_view.php?id=1543&oid=1&page=22&reporttype=1 HTTP/1.1" 200 14436 "-" "Mozilla/5.0 (compatible; Googlebot/2.1; +http://www.google.com/bot.html)"
66.249.66.207 - - [01/Jun/2017:07:16:41 +0530] "GET /project_details_view.php?id=1545&oid=1&page=22&reporttype=1 HTTP/1.1" 200 13913 "-" "Mozilla/5.0 (compatible; Googlebot/2.1; +http://www.google.com/bot.html)"
66.249.66.207 - - [01/Jun/2017:07:16:42 +0530] "GET /project_details_view.php?id=1466&oid=&page=31&reporttype= HTTP/1.1" 200 14501 "-" "Mozilla/5.0 (compatible; Googlebot/2.1; +http://www.google.com/bot.html)"
