106.208.83.134 - - [03/Jun/2017:13:28:42 +0530] "GET /favicon.ico HTTP/1.1" 200 1189 "http://www.cdmindia.gov.in/project_details_view.php?id=1698" "Mozilla/5.0 (Linux; Android 6.0; F103 Pro Build/MRA58K) AppleWebKit/537.36 (KHTML, like Gecko) Chrome/52.0.2743.98 Mobile Safari/537.36"
35.184.189.105 - - [03/Jun/2017:13:28:48 +0530] "GET /robots.txt HTTP/1.1" 404 208 "-" "ltx71 - (http://ltx71.com/)"
202.46.57.70 - - [03/Jun/2017:13:29:38 +0530] "GET /project_details_view.php?id=1300 HTTP/1.1" 200 15236 "-" "Mozilla/5.0 (Windows NT 10.0; WOW64) AppleWebKit/537.36 (KHTML, like Gecko) Chrome/45.0.2454.93 Safari/537.36"
35.184.189.105 - - [03/Jun/2017:13:30:48 +0530] "GET /js/base64_encode.js HTTP/1.1" 200 3002 "-" "ltx71 - (http://ltx71.com/)"
35.184.189.105 - - [03/Jun/2017:13:31:25 +0530] "GET /approval_process.php HTTP/1.1" 200 25913 "-" "ltx71 - (http://ltx71.com/)"
157.55.39.171 - - [03/Jun/2017:13:41:54 +0530] "GET /project_details_view.php?id=322 HTTP/1.1" 200 14460 "-" "Mozilla/5.0 (iPhone; CPU iPhone OS 7_0 like Mac OS X) AppleWebKit/537.51.1 (KHTML, like Gecko) Version/7.0 Mobile/11A465 Safari/9537.53 (compatible; bingbot/2.0; +http://www.bing.com/bingbot.htm)"
210.232.15.30 - - [03/Jun/2017:13:42:18 +0530] "GET / HTTP/1.1" 200 19481 "-" "Mozilla/5.0 (Windows NT 5.1; rv:6.0.2) Gecko/20100101 Firefox/6.0.2"
27.250.3.102 - - [03/Jun/2017:13:42:48 +0530] "GET /project_details_view.php?id=816 HTTP/1.1" 200 15270 "https://www.google.co.in/" "Mozilla/5.0 (Windows NT 6.1; rv:51.0) Gecko/20100101 Firefox/51.0"
27.250.3.102 - - [03/Jun/2017:13:42:49 +0530] "GET /includes/ncdma.css HTTP/1.1" 200 13023 "http://www.cdmindia.gov.in/project_details_view.php?id=816" "Mozilla/5.0 (Windows NT 6.1; rv:51.0) Gecko/20100101 Firefox/51.0"
27.250.3.102 - - [03/Jun/2017:13:42:49 +0530] "GET /ncdma.css HTTP/1.1" 200 12640 "http://www.cdmindia.gov.in/project_details_view.php?id=816" "Mozilla/5.0 (Windows NT 6.1; rv:51.0) Gecko/20100101 Firefox/51.0"
27.250.3.102 - - [03/Jun/2017:13:42:49 +0530] "GET /Scripts/AC_RunActiveContent.js HTTP/1.1" 200 8321 "http://www.cdmindia.gov.in/project_details_view.php?id=816" "Mozilla/5.0 (Windows NT 6.1; rv:51.0) Gecko/20100101 Firefox/51.0"
27.250.3.102 - - [03/Jun/2017:13:42:51 +0530] "GET /images/img1.jpg HTTP/1.1" 200 1251 "http://www.cdmindia.gov.in/project_details_view.php?id=816" "Mozilla/5.0 (Windows NT 6.1; rv:51.0) Gecko/20100101 Firefox/51.0"
27.250.3.102 - - [03/Jun/2017:13:42:51 +0530] "GET /images/favicon.ico HTTP/1.1" 200 1406 "-" "Mozilla/5.0 (Windows NT 6.1; rv:51.0) Gecko/20100101 Firefox/51.0"
27.250.3.102 - - [03/Jun/2017:13:42:51 +0530] "GET /images/img2.jpg HTTP/1.1" 200 16276 "http://www.cdmindia.gov.in/project_details_view.php?id=816" "Mozilla/5.0 (Windows NT 6.1; rv:51.0) Gecko/20100101 Firefox/51.0"
27.250.3.102 - - [03/Jun/2017:13:42:51 +0530] "GET /images/fbg.jpg HTTP/1.1" 200 325 "http://www.cdmindia.gov.in/project_details_view.php?id=816" "Mozilla/5.0 (Windows NT 6.1; rv:51.0) Gecko/20100101 Firefox/51.0"
27.250.3.102 - - [03/Jun/2017:13:42:51 +0530] "GET /images/bullet4.gif HTTP/1.1" 200 67 "http://www.cdmindia.gov.in/project_details_view.php?id=816" "Mozilla/5.0 (Windows NT 6.1; rv:51.0) Gecko/20100101 Firefox/51.0"
27.250.3.102 - - [03/Jun/2017:13:42:51 +0530] "GET /images/bullet1.gif HTTP/1.1" 200 67 "http://www.cdmindia.gov.in/project_details_view.php?id=816" "Mozilla/5.0 (Windows NT 6.1; rv:51.0) Gecko/20100101 Firefox/51.0"
27.250.3.102 - - [03/Jun/2017:13:42:51 +0530] "GET /images/bulllet2.gif HTTP/1.1" 200 58 "http://www.cdmindia.gov.in/project_details_view.php?id=816" "Mozilla/5.0 (Windows NT 6.1; rv:51.0) Gecko/20100101 Firefox/51.0"
27.250.3.102 - - [03/Jun/2017:13:42:51 +0530] "GET /images/spacer.gif HTTP/1.1" 200 43 "http://www.cdmindia.gov.in/project_details_view.php?id=816" "Mozilla/5.0 (Windows NT 6.1; rv:51.0) Gecko/20100101 Firefox/51.0"
27.250.3.102 - - [03/Jun/2017:13:42:51 +0530] "GET /images/gtz.jpg HTTP/1.1" 200 15484 "http://www.cdmindia.gov.in/project_details_view.php?id=816" "Mozilla/5.0 (Windows NT 6.1; rv:51.0) Gecko/20100101 Firefox/51.0"
27.250.3.102 - - [03/Jun/2017:13:42:51 +0530] "GET /images/fdm.jpg HTTP/1.1" 200 2043 "http://www.cdmindia.gov.in/project_details_view.php?id=816" "Mozilla/5.0 (Windows NT 6.1; rv:51.0) Gecko/20100101 Firefox/51.0"
27.250.3.102 - - [03/Jun/2017:13:42:51 +0530] "GET /images/img3.jpg HTTP/1.1" 200 26957 "http://www.cdmindia.gov.in/project_details_view.php?id=816" "Mozilla/5.0 (Windows NT 6.1; rv:51.0) Gecko/20100101 Firefox/51.0"
66.102.6.19 - - [03/Jun/2017:13:46:14 +0530] "GET /project_details_view.php?id=917 HTTP/1.1" 200 14336 "https://www.google.co.in/" "Mozilla/5.0 (Linux; Android 4.2.1; en-us; Nexus 5 Build/JOP40D) AppleWebKit/535.19 (KHTML, like Gecko; googleweblight) Chrome/38.0.1025.166 Mobile Safari/535.19"
66.102.7.253 - - [03/Jun/2017:13:46:14 +0530] "GET /project_details_view.php?id=917 HTTP/1.1" 200 14336 "-" "Mozilla/5.0 (Linux; Android 4.2.1; en-us; Nexus 5 Build/JOP40D) AppleWebKit/535.19 (KHTML, like Gecko; googleweblight) Chrome/38.0.1025.166 Mobile Safari/535.19"
66.102.7.251 - - [03/Jun/2017:13:46:15 +0530] "GET /images/bullet1.gif HTTP/1.1" 200 67 "http://www.cdmindia.gov.in/project_details_view.php?id=917" "Mozilla/5.0 (Linux; Android 4.2.1; en-us; Nexus 5 Build/JOP40D) AppleWebKit/535.19 (KHTML, like Gecko; googleweblight) Chrome/38.0.1025.166 Mobile Safari/535.19"
66.102.7.252 - - [03/Jun/2017:13:46:15 +0530] "GET /images/img3.jpg HTTP/1.1" 200 26957 "http://www.cdmindia.gov.in/project_details_view.php?id=917" "Mozilla/5.0 (Linux; Android 4.2.1; en-us; Nexus 5 Build/JOP40D) AppleWebKit/535.19 (KHTML, like Gecko; googleweblight) Chrome/38.0.1025.166 Mobile Safari/535.19"
51.254.214.184 - - [03/Jun/2017:13:46:57 +0530] "GET /robots.txt HTTP/1.1" 404 208 "-" "Mozilla/5.0 (compatible; MJ12bot/v1.4.7; http://mj12bot.com/)"
51.254.214.184 - - [03/Jun/2017:13:46:59 +0530] "GET /detail_past_events.php?id=1 HTTP/1.1" 302 17806 "-" "Mozilla/5.0 (compatible; MJ12bot/v1.4.7; http://mj12bot.com/)"
51.254.214.184 - - [03/Jun/2017:13:47:01 +0530] "GET /logout.php HTTP/1.1" 302 369 "-" "Mozilla/5.0 (compatible; MJ12bot/v1.4.7; http://mj12bot.com/)"
51.254.214.184 - - [03/Jun/2017:13:47:03 +0530] "GET /index.php HTTP/1.1" 200 19481 "-" "Mozilla/5.0 (compatible; MJ12bot/v1.4.7; http://mj12bot.com/)"
66.102.6.19 - - [03/Jun/2017:13:47:06 +0530] "GET /contactus.php HTTP/1.1" 200 18293 "-" "Mozilla/5.0 (Linux; Android 4.2.1; en-us; Nexus 5 Build/JOP40D) AppleWebKit/535.19 (KHTML, like Gecko; googleweblight) Chrome/38.0.1025.166 Mobile Safari/535.19"
66.102.6.19 - - [03/Jun/2017:13:47:08 +0530] "GET /js/index_validations.js HTTP/1.1" 200 3143 "http://www.cdmindia.gov.in/contactus.php" "Mozilla/5.0 (Linux; Android 4.2.1; en-us; Nexus 5 Build/JOP40D) AppleWebKit/535.19 (KHTML, like Gecko; googleweblight) Chrome/38.0.1025.166 Mobile Safari/535.19"
66.102.6.17 - - [03/Jun/2017:13:47:07 +0530] "GET /contactus.php HTTP/1.1" 200 18293 "http://googleweblight.com/" "Mozilla/5.0 (Linux; Android 4.2.1; en-us; Nexus 5 Build/JOP40D) AppleWebKit/535.19 (KHTML, like Gecko; googleweblight) Chrome/38.0.1025.166 Mobile Safari/535.19"
66.102.7.253 - - [03/Jun/2017:13:47:08 +0530] "GET /images/h_contactus.jpg HTTP/1.1" 200 21787 "http://www.cdmindia.gov.in/contactus.php" "Mozilla/5.0 (Linux; Android 4.2.1; en-us; Nexus 5 Build/JOP40D) AppleWebKit/535.19 (KHTML, like Gecko; googleweblight) Chrome/38.0.1025.166 Mobile Safari/535.19"
66.102.7.253 - - [03/Jun/2017:13:47:08 +0530] "GET /js/index_validations.js HTTP/1.1" 200 3143 "http://www.cdmindia.gov.in/contactus.php" "Mozilla/5.0 (Linux; Android 4.2.1; en-us; Nexus 5 Build/JOP40D) AppleWebKit/535.19 (KHTML, like Gecko; googleweblight) Chrome/38.0.1025.166 Mobile Safari/535.19"
66.102.7.252 - - [03/Jun/2017:13:47:09 +0530] "GET /images/h_contactus.jpg HTTP/1.1" 200 21787 "http://www.cdmindia.gov.in/contactus.php" "Mozilla/5.0 (Linux; Android 4.2.1; en-us; Nexus 5 Build/JOP40D) AppleWebKit/535.19 (KHTML, like Gecko; googleweblight) Chrome/38.0.1025.166 Mobile Safari/535.19"
66.102.6.17 - - [03/Jun/2017:13:47:13 +0530] "GET /project_details_view.php?id=279 HTTP/1.1" 200 14652 "-" "Mozilla/5.0 (Linux; Android 4.2.1; en-us; Nexus 5 Build/JOP40D) AppleWebKit/535.19 (KHTML, like Gecko; googleweblight) Chrome/38.0.1025.166 Mobile Safari/535.19"
66.102.6.19 - - [03/Jun/2017:13:47:13 +0530] "GET /project_details_view.php?id=279 HTTP/1.1" 200 14652 "https://www.google.co.in/search?q=pioneer+wind+farm+in+triuppur&oq=pioneer+wind+farm+in+triuppur&aqs=mobile-gws-lite.." "Mozilla/5.0 (Linux; Android 4.2.1; en-us; Nexus 5 Build/JOP40D) AppleWebKit/535.19 (KHTML, like Gecko; googleweblight) Chrome/38.0.1025.166 Mobile Safari/535.19"
66.102.7.252 - - [03/Jun/2017:13:47:39 +0530] "GET /aboutus.php HTTP/1.1" 200 19598 "-" "Mozilla/5.0 (Linux; Android 4.2.1; en-us; Nexus 5 Build/JOP40D) AppleWebKit/535.19 (KHTML, like Gecko; googleweblight) Chrome/38.0.1025.166 Mobile Safari/535.19"
66.102.7.253 - - [03/Jun/2017:13:47:47 +0530] "GET /index.php HTTP/1.1" 200 19481 "-" "Mozilla/5.0 (Linux; Android 4.2.1; en-us; Nexus 5 Build/JOP40D) AppleWebKit/535.19 (KHTML, like Gecko; googleweblight) Chrome/38.0.1025.166 Mobile Safari/535.19"
66.102.6.15 - - [03/Jun/2017:13:47:48 +0530] "GET /index.php HTTP/1.1" 200 19481 "http://googleweblight.com/" "Mozilla/5.0 (Linux; Android 4.2.1; en-us; Nexus 5 Build/JOP40D) AppleWebKit/535.19 (KHTML, like Gecko; googleweblight) Chrome/38.0.1025.166 Mobile Safari/535.19"
66.102.7.253 - - [03/Jun/2017:13:47:49 +0530] "GET /Scripts/AC_RunActiveContent.js HTTP/1.1" 200 8321 "http://www.cdmindia.gov.in/index.php" "Mozilla/5.0 (Linux; Android 4.2.1; en-us; Nexus 5 Build/JOP40D) AppleWebKit/535.19 (KHTML, like Gecko; googleweblight) Chrome/38.0.1025.166 Mobile Safari/535.19"
66.102.6.17 - - [03/Jun/2017:13:47:57 +0530] "HEAD /aboutus.php HTTP/1.1" 200 - "-" "Mozilla/5.0 (Linux; Android 4.2.1; en-us; Nexus 5 Build/JOP40D) AppleWebKit/535.19 (KHTML, like Gecko) Chrome/38.0.1025.166 Mobile Safari/535.19 Google"
66.102.6.19 - - [03/Jun/2017:13:48:08 +0530] "HEAD /contactus.php HTTP/1.1" 200 - "-" "Mozilla/5.0 (Linux; Android 4.2.1; en-us; Nexus 5 Build/JOP40D) AppleWebKit/535.19 (KHTML, like Gecko) Chrome/38.0.1025.166 Mobile Safari/535.19 Google"
202.46.49.70 - - [03/Jun/2017:13:48:21 +0530] "GET /project_details_view.php?id=1291 HTTP/1.1" 200 15266 "-" "Mozilla/5.0 (Windows NT 10.0; WOW64) AppleWebKit/537.36 (KHTML, like Gecko) Chrome/45.0.2454.93 Safari/537.36"
128.90.122.240 - - [03/Jun/2017:13:51:05 +0530] "GET /project_details_view.php?id=ftp://ibuilder:ibuilder@www.ibuildermart.com/configs.php? HTTP/1.1" 200 11451 "-" "-"
128.90.122.240 - - [03/Jun/2017:13:51:05 +0530] "GET /reports_new.php?page=ftp://ibuilder:ibuilder@www.ibuildermart.com/configs.php? HTTP/1.1" 200 22796 "-" "-"
35.184.189.105 - - [03/Jun/2017:13:51:12 +0530] "GET /robots.txt HTTP/1.1" 404 208 "-" "ltx71 - (http://ltx71.com/)"
66.249.79.129 - - [03/Jun/2017:13:56:40 +0530] "GET /project_details_view.php?id=804 HTTP/1.1" 200 14970 "-" "Mozilla/5.0 (compatible; Googlebot/2.1; +http://www.google.com/bot.html)"
66.102.6.15 - - [03/Jun/2017:13:58:14 +0530] "HEAD /project_details_view.php?id=917 HTTP/1.1" 200 - "-" "Mozilla/5.0 (Linux; Android 4.2.1; en-us; Nexus 5 Build/JOP40D) AppleWebKit/535.19 (KHTML, like Gecko) Chrome/38.0.1025.166 Mobile Safari/535.19 Google"
14.139.155.114 - - [03/Jun/2017:14:00:36 +0530] "GET / HTTP/1.1" 200 19481 "https://www.google.co.in/" "Mozilla/5.0 (Windows NT 10.0; WOW64) AppleWebKit/537.36 (KHTML, like Gecko) Chrome/58.0.3029.110 Safari/537.36"
14.139.155.114 - - [03/Jun/2017:14:00:36 +0530] "GET /ncdma.css HTTP/1.1" 200 12640 "http://www.cdmindia.gov.in/" "Mozilla/5.0 (Windows NT 10.0; WOW64) AppleWebKit/537.36 (KHTML, like Gecko) Chrome/58.0.3029.110 Safari/537.36"
14.139.155.114 - - [03/Jun/2017:14:00:36 +0530] "GET /includes/ncdma.css HTTP/1.1" 200 13023 "http://www.cdmindia.gov.in/" "Mozilla/5.0 (Windows NT 10.0; WOW64) AppleWebKit/537.36 (KHTML, like Gecko) Chrome/58.0.3029.110 Safari/537.36"
14.139.155.114 - - [03/Jun/2017:14:00:36 +0530] "GET /Scripts/AC_RunActiveContent.js HTTP/1.1" 200 8321 "http://www.cdmindia.gov.in/" "Mozilla/5.0 (Windows NT 10.0; WOW64) AppleWebKit/537.36 (KHTML, like Gecko) Chrome/58.0.3029.110 Safari/537.36"
14.139.155.114 - - [03/Jun/2017:14:00:36 +0530] "GET /js/base64_encode.js HTTP/1.1" 200 3002 "http://www.cdmindia.gov.in/" "Mozilla/5.0 (Windows NT 10.0; WOW64) AppleWebKit/537.36 (KHTML, like Gecko) Chrome/58.0.3029.110 Safari/537.36"
14.139.155.114 - - [03/Jun/2017:14:00:36 +0530] "GET /js/md5.js HTTP/1.1" 200 13194 "http://www.cdmindia.gov.in/" "Mozilla/5.0 (Windows NT 10.0; WOW64) AppleWebKit/537.36 (KHTML, like Gecko) Chrome/58.0.3029.110 Safari/537.36"
14.139.155.114 - - [03/Jun/2017:14:00:36 +0530] "GET /images/img2.jpg HTTP/1.1" 200 16276 "http://www.cdmindia.gov.in/" "Mozilla/5.0 (Windows NT 10.0; WOW64) AppleWebKit/537.36 (KHTML, like Gecko) Chrome/58.0.3029.110 Safari/537.36"
14.139.155.114 - - [03/Jun/2017:14:00:36 +0530] "GET /images/bullet1.gif HTTP/1.1" 200 67 "http://www.cdmindia.gov.in/" "Mozilla/5.0 (Windows NT 10.0; WOW64) AppleWebKit/537.36 (KHTML, like Gecko) Chrome/58.0.3029.110 Safari/537.36"
14.139.155.114 - - [03/Jun/2017:14:00:36 +0530] "GET /images/spacer.gif HTTP/1.1" 200 43 "http://www.cdmindia.gov.in/" "Mozilla/5.0 (Windows NT 10.0; WOW64) AppleWebKit/537.36 (KHTML, like Gecko) Chrome/58.0.3029.110 Safari/537.36"
14.139.155.114 - - [03/Jun/2017:14:00:36 +0530] "GET /images/bulllet2.gif HTTP/1.1" 200 58 "http://www.cdmindia.gov.in/" "Mozilla/5.0 (Windows NT 10.0; WOW64) AppleWebKit/537.36 (KHTML, like Gecko) Chrome/58.0.3029.110 Safari/537.36"
14.139.155.114 - - [03/Jun/2017:14:00:36 +0530] "GET /images/bullet4.gif HTTP/1.1" 200 67 "http://www.cdmindia.gov.in/" "Mozilla/5.0 (Windows NT 10.0; WOW64) AppleWebKit/537.36 (KHTML, like Gecko) Chrome/58.0.3029.110 Safari/537.36"
14.139.155.114 - - [03/Jun/2017:14:00:36 +0530] "GET /images/img3.jpg HTTP/1.1" 200 26957 "http://www.cdmindia.gov.in/" "Mozilla/5.0 (Windows NT 10.0; WOW64) AppleWebKit/537.36 (KHTML, like Gecko) Chrome/58.0.3029.110 Safari/537.36"
14.139.155.114 - - [03/Jun/2017:14:00:36 +0530] "GET /images/fdm.jpg HTTP/1.1" 200 2043 "http://www.cdmindia.gov.in/" "Mozilla/5.0 (Windows NT 10.0; WOW64) AppleWebKit/537.36 (KHTML, like Gecko) Chrome/58.0.3029.110 Safari/537.36"
14.139.155.114 - - [03/Jun/2017:14:00:36 +0530] "GET /images/login1.jpg HTTP/1.1" 200 618 "http://www.cdmindia.gov.in/" "Mozilla/5.0 (Windows NT 10.0; WOW64) AppleWebKit/537.36 (KHTML, like Gecko) Chrome/58.0.3029.110 Safari/537.36"
14.139.155.114 - - [03/Jun/2017:14:00:36 +0530] "GET /images/login.jpg HTTP/1.1" 200 1044 "http://www.cdmindia.gov.in/" "Mozilla/5.0 (Windows NT 10.0; WOW64) AppleWebKit/537.36 (KHTML, like Gecko) Chrome/58.0.3029.110 Safari/537.36"
14.139.155.114 - - [03/Jun/2017:14:00:36 +0530] "GET /images/bullet3.gif HTTP/1.1" 200 58 "http://www.cdmindia.gov.in/" "Mozilla/5.0 (Windows NT 10.0; WOW64) AppleWebKit/537.36 (KHTML, like Gecko) Chrome/58.0.3029.110 Safari/537.36"
14.139.155.114 - - [03/Jun/2017:14:00:36 +0530] "GET /images/fe.jpg HTTP/1.1" 200 1429 "http://www.cdmindia.gov.in/" "Mozilla/5.0 (Windows NT 10.0; WOW64) AppleWebKit/537.36 (KHTML, like Gecko) Chrome/58.0.3029.110 Safari/537.36"
14.139.155.114 - - [03/Jun/2017:14:00:37 +0530] "GET /images/fbg.jpg HTTP/1.1" 200 325 "http://www.cdmindia.gov.in/" "Mozilla/5.0 (Windows NT 10.0; WOW64) AppleWebKit/537.36 (KHTML, like Gecko) Chrome/58.0.3029.110 Safari/537.36"
14.139.155.114 - - [03/Jun/2017:14:00:37 +0530] "GET /images/gtz.jpg HTTP/1.1" 200 15484 "http://www.cdmindia.gov.in/" "Mozilla/5.0 (Windows NT 10.0; WOW64) AppleWebKit/537.36 (KHTML, like Gecko) Chrome/58.0.3029.110 Safari/537.36"
14.139.155.114 - - [03/Jun/2017:14:00:37 +0530] "GET /images/img1.jpg HTTP/1.1" 200 1251 "http://www.cdmindia.gov.in/" "Mozilla/5.0 (Windows NT 10.0; WOW64) AppleWebKit/537.36 (KHTML, like Gecko) Chrome/58.0.3029.110 Safari/537.36"
14.139.155.114 - - [03/Jun/2017:14:00:37 +0530] "GET /favicon.ico HTTP/1.1" 200 1189 "http://www.cdmindia.gov.in/" "Mozilla/5.0 (Windows NT 10.0; WOW64) AppleWebKit/537.36 (KHTML, like Gecko) Chrome/58.0.3029.110 Safari/537.36"
14.139.155.114 - - [03/Jun/2017:14:01:11 +0530] "GET /approved_projects.php?n=1 HTTP/1.1" 200 16643 "http://www.cdmindia.gov.in/" "Mozilla/5.0 (Windows NT 10.0; WOW64) AppleWebKit/537.36 (KHTML, like Gecko) Chrome/58.0.3029.110 Safari/537.36"
14.139.155.114 - - [03/Jun/2017:14:01:11 +0530] "GET /js/datepicker/latest_demo.css HTTP/1.1" 200 574 "http://www.cdmindia.gov.in/approved_projects.php?n=1" "Mozilla/5.0 (Windows NT 10.0; WOW64) AppleWebKit/537.36 (KHTML, like Gecko) Chrome/58.0.3029.110 Safari/537.36"
14.139.155.114 - - [03/Jun/2017:14:01:11 +0530] "GET /js/datepicker/latest_datepicker.css HTTP/1.1" 200 2283 "http://www.cdmindia.gov.in/approved_projects.php?n=1" "Mozilla/5.0 (Windows NT 10.0; WOW64) AppleWebKit/537.36 (KHTML, like Gecko) Chrome/58.0.3029.110 Safari/537.36"
14.139.155.114 - - [03/Jun/2017:14:01:11 +0530] "GET /js/datepicker/latest_date.js HTTP/1.1" 200 11986 "http://www.cdmindia.gov.in/approved_projects.php?n=1" "Mozilla/5.0 (Windows NT 10.0; WOW64) AppleWebKit/537.36 (KHTML, like Gecko) Chrome/58.0.3029.110 Safari/537.36"
14.139.155.114 - - [03/Jun/2017:14:01:11 +0530] "GET /js/datepicker/latest_jquery.datePicker.js HTTP/1.1" 200 37423 "http://www.cdmindia.gov.in/approved_projects.php?n=1" "Mozilla/5.0 (Windows NT 10.0; WOW64) AppleWebKit/537.36 (KHTML, like Gecko) Chrome/58.0.3029.110 Safari/537.36"
14.139.155.114 - - [03/Jun/2017:14:01:11 +0530] "GET /js/jquery.js HTTP/1.1" 200 55774 "http://www.cdmindia.gov.in/approved_projects.php?n=1" "Mozilla/5.0 (Windows NT 10.0; WOW64) AppleWebKit/537.36 (KHTML, like Gecko) Chrome/58.0.3029.110 Safari/537.36"
14.139.155.114 - - [03/Jun/2017:14:01:12 +0530] "GET /js/datepicker/calendar.gif HTTP/1.1" 200 235 "http://www.cdmindia.gov.in/js/datepicker/latest_demo.css" "Mozilla/5.0 (Windows NT 10.0; WOW64) AppleWebKit/537.36 (KHTML, like Gecko) Chrome/58.0.3029.110 Safari/537.36"
14.139.155.114 - - [03/Jun/2017:14:02:09 +0530] "POST /approved_projects.php HTTP/1.1" 200 23337 "http://www.cdmindia.gov.in/approved_projects.php?n=1" "Mozilla/5.0 (Windows NT 10.0; WOW64) AppleWebKit/537.36 (KHTML, like Gecko) Chrome/58.0.3029.110 Safari/537.36"
14.139.155.114 - - [03/Jun/2017:14:02:29 +0530] "GET /admin_approved_projects.php?page=2 HTTP/1.1" 404 225 "http://www.cdmindia.gov.in/approved_projects.php" "Mozilla/5.0 (Windows NT 10.0; WOW64) AppleWebKit/537.36 (KHTML, like Gecko) Chrome/58.0.3029.110 Safari/537.36"
14.139.155.114 - - [03/Jun/2017:14:02:39 +0530] "POST /approved_projects.php HTTP/1.1" 200 23337 "http://www.cdmindia.gov.in/approved_projects.php?n=1" "Mozilla/5.0 (Windows NT 10.0; WOW64) AppleWebKit/537.36 (KHTML, like Gecko) Chrome/58.0.3029.110 Safari/537.36"
14.139.155.114 - - [03/Jun/2017:14:02:41 +0530] "GET /favicon.ico HTTP/1.1" 200 1189 "http://www.cdmindia.gov.in/approved_projects.php" "Mozilla/5.0 (Windows NT 10.0; WOW64) AppleWebKit/537.36 (KHTML, like Gecko) Chrome/58.0.3029.110 Safari/537.36"
35.184.189.105 - - [03/Jun/2017:14:02:50 +0530] "GET /robots.txt HTTP/1.1" 404 208 "-" "ltx71 - (http://ltx71.com/)"
45.32.199.118 - - [03/Jun/2017:14:06:54 +0530] "GET / HTTP/1.1" 200 19481 "https://www.google.com/" "Mozilla/5.0 (Windows NT 6.3; Win64; x64) AppleWebKit/537.36 (KHTML, like Gecko) Chrome/56.0.2924.87 Safari/537.36"
45.32.199.118 - - [03/Jun/2017:14:06:56 +0530] "GET /includes/ncdma.css HTTP/1.1" 200 13023 "http://www.cdmindia.gov.in/" "Mozilla/5.0 (Windows NT 6.3; Win64; x64) AppleWebKit/537.36 (KHTML, like Gecko) Chrome/56.0.2924.87 Safari/537.36"
45.32.199.118 - - [03/Jun/2017:14:06:56 +0530] "GET /Scripts/AC_RunActiveContent.js HTTP/1.1" 200 8321 "http://www.cdmindia.gov.in/" "Mozilla/5.0 (Windows NT 6.3; Win64; x64) AppleWebKit/537.36 (KHTML, like Gecko) Chrome/56.0.2924.87 Safari/537.36"
45.32.199.118 - - [03/Jun/2017:14:06:57 +0530] "GET /js/base64_encode.js HTTP/1.1" 200 3002 "http://www.cdmindia.gov.in/" "Mozilla/5.0 (Windows NT 6.3; Win64; x64) AppleWebKit/537.36 (KHTML, like Gecko) Chrome/56.0.2924.87 Safari/537.36"
45.32.199.118 - - [03/Jun/2017:14:06:57 +0530] "GET /js/md5.js HTTP/1.1" 200 13194 "http://www.cdmindia.gov.in/" "Mozilla/5.0 (Windows NT 6.3; Win64; x64) AppleWebKit/537.36 (KHTML, like Gecko) Chrome/56.0.2924.87 Safari/537.36"
45.32.199.118 - - [03/Jun/2017:14:06:58 +0530] "GET /ncdma.css HTTP/1.1" 200 12640 "http://www.cdmindia.gov.in/" "Mozilla/5.0 (Windows NT 6.3; Win64; x64) AppleWebKit/537.36 (KHTML, like Gecko) Chrome/56.0.2924.87 Safari/537.36"
45.32.199.118 - - [03/Jun/2017:14:06:58 +0530] "GET /images/img2.jpg HTTP/1.1" 200 16276 "http://www.cdmindia.gov.in/" "Mozilla/5.0 (Windows NT 6.3; Win64; x64) AppleWebKit/537.36 (KHTML, like Gecko) Chrome/56.0.2924.87 Safari/537.36"
45.32.199.118 - - [03/Jun/2017:14:06:58 +0530] "GET /images/spacer.gif HTTP/1.1" 200 43 "http://www.cdmindia.gov.in/" "Mozilla/5.0 (Windows NT 6.3; Win64; x64) AppleWebKit/537.36 (KHTML, like Gecko) Chrome/56.0.2924.87 Safari/537.36"
45.32.199.118 - - [03/Jun/2017:14:06:58 +0530] "GET /images/bullet1.gif HTTP/1.1" 200 67 "http://www.cdmindia.gov.in/" "Mozilla/5.0 (Windows NT 6.3; Win64; x64) AppleWebKit/537.36 (KHTML, like Gecko) Chrome/56.0.2924.87 Safari/537.36"
45.32.199.118 - - [03/Jun/2017:14:06:58 +0530] "GET /images/bulllet2.gif HTTP/1.1" 200 58 "http://www.cdmindia.gov.in/" "Mozilla/5.0 (Windows NT 6.3; Win64; x64) AppleWebKit/537.36 (KHTML, like Gecko) Chrome/56.0.2924.87 Safari/537.36"
45.32.199.118 - - [03/Jun/2017:14:06:58 +0530] "GET /images/img1.jpg HTTP/1.1" 200 1251 "http://www.cdmindia.gov.in/" "Mozilla/5.0 (Windows NT 6.3; Win64; x64) AppleWebKit/537.36 (KHTML, like Gecko) Chrome/56.0.2924.87 Safari/537.36"
45.32.199.118 - - [03/Jun/2017:14:06:58 +0530] "GET /images/img3.jpg HTTP/1.1" 200 26957 "http://www.cdmindia.gov.in/" "Mozilla/5.0 (Windows NT 6.3; Win64; x64) AppleWebKit/537.36 (KHTML, like Gecko) Chrome/56.0.2924.87 Safari/537.36"
45.32.199.118 - - [03/Jun/2017:14:06:58 +0530] "GET /images/fdm.jpg HTTP/1.1" 200 2043 "http://www.cdmindia.gov.in/" "Mozilla/5.0 (Windows NT 6.3; Win64; x64) AppleWebKit/537.36 (KHTML, like Gecko) Chrome/56.0.2924.87 Safari/537.36"
45.32.199.118 - - [03/Jun/2017:14:06:58 +0530] "GET /images/fbg.jpg HTTP/1.1" 200 325 "http://www.cdmindia.gov.in/" "Mozilla/5.0 (Windows NT 6.3; Win64; x64) AppleWebKit/537.36 (KHTML, like Gecko) Chrome/56.0.2924.87 Safari/537.36"
45.32.199.118 - - [03/Jun/2017:14:06:58 +0530] "GET /images/bullet4.gif HTTP/1.1" 200 67 "http://www.cdmindia.gov.in/" "Mozilla/5.0 (Windows NT 6.3; Win64; x64) AppleWebKit/537.36 (KHTML, like Gecko) Chrome/56.0.2924.87 Safari/537.36"
45.32.199.118 - - [03/Jun/2017:14:06:59 +0530] "GET /images/login1.jpg HTTP/1.1" 200 618 "http://www.cdmindia.gov.in/" "Mozilla/5.0 (Windows NT 6.3; Win64; x64) AppleWebKit/537.36 (KHTML, like Gecko) Chrome/56.0.2924.87 Safari/537.36"
45.32.199.118 - - [03/Jun/2017:14:06:59 +0530] "GET /images/login.jpg HTTP/1.1" 200 1044 "http://www.cdmindia.gov.in/" "Mozilla/5.0 (Windows NT 6.3; Win64; x64) AppleWebKit/537.36 (KHTML, like Gecko) Chrome/56.0.2924.87 Safari/537.36"
45.32.199.118 - - [03/Jun/2017:14:06:59 +0530] "GET /images/bullet3.gif HTTP/1.1" 200 58 "http://www.cdmindia.gov.in/" "Mozilla/5.0 (Windows NT 6.3; Win64; x64) AppleWebKit/537.36 (KHTML, like Gecko) Chrome/56.0.2924.87 Safari/537.36"
45.32.199.118 - - [03/Jun/2017:14:06:59 +0530] "GET /images/fe.jpg HTTP/1.1" 200 1429 "http://www.cdmindia.gov.in/" "Mozilla/5.0 (Windows NT 6.3; Win64; x64) AppleWebKit/537.36 (KHTML, like Gecko) Chrome/56.0.2924.87 Safari/537.36"
45.32.199.118 - - [03/Jun/2017:14:06:59 +0530] "GET /images/gtz.jpg HTTP/1.1" 200 15484 "http://www.cdmindia.gov.in/" "Mozilla/5.0 (Windows NT 6.3; Win64; x64) AppleWebKit/537.36 (KHTML, like Gecko) Chrome/56.0.2924.87 Safari/537.36"
45.32.199.118 - - [03/Jun/2017:14:07:00 +0530] "GET /favicon.ico HTTP/1.1" 200 1189 "http://www.cdmindia.gov.in/" "Mozilla/5.0 (Windows NT 6.3; Win64; x64) AppleWebKit/537.36 (KHTML, like Gecko) Chrome/56.0.2924.87 Safari/537.36"
202.46.55.65 - - [03/Jun/2017:14:07:04 +0530] "GET /project_details_view.php?id=559 HTTP/1.1" 200 14539 "-" "Mozilla/5.0 (Windows NT 10.0; WOW64) AppleWebKit/537.36 (KHTML, like Gecko) Chrome/45.0.2454.93 Safari/537.36"
66.249.79.131 - - [03/Jun/2017:14:07:28 +0530] "GET /index.php HTTP/1.1" 200 19481 "-" "Mozilla/5.0 (Linux; Android 6.0.1; Nexus 5X Build/MMB29P) AppleWebKit/537.36 (KHTML, like Gecko) Chrome/41.0.2272.96 Mobile Safari/537.36 (compatible; Googlebot/2.1; +http://www.google.com/bot.html)"
217.9.192.99 - - [03/Jun/2017:14:08:42 +0530] "GET /project_details_view.php?id=1347 HTTP/1.1" 200 15312 "https://www.google.co.uk/" "Mozilla/5.0 (Windows NT 6.1) AppleWebKit/537.36 (KHTML, like Gecko) Chrome/57.0.2987.133 Safari/537.36"
217.9.192.99 - - [03/Jun/2017:14:08:43 +0530] "GET /Scripts/AC_RunActiveContent.js HTTP/1.1" 200 8321 "http://www.cdmindia.gov.in/project_details_view.php?id=1347" "Mozilla/5.0 (Windows NT 6.1) AppleWebKit/537.36 (KHTML, like Gecko) Chrome/57.0.2987.133 Safari/537.36"
217.9.192.99 - - [03/Jun/2017:14:08:43 +0530] "GET /ncdma.css HTTP/1.1" 200 12640 "http://www.cdmindia.gov.in/project_details_view.php?id=1347" "Mozilla/5.0 (Windows NT 6.1) AppleWebKit/537.36 (KHTML, like Gecko) Chrome/57.0.2987.133 Safari/537.36"
217.9.192.99 - - [03/Jun/2017:14:08:43 +0530] "GET /includes/ncdma.css HTTP/1.1" 200 13023 "http://www.cdmindia.gov.in/project_details_view.php?id=1347" "Mozilla/5.0 (Windows NT 6.1) AppleWebKit/537.36 (KHTML, like Gecko) Chrome/57.0.2987.133 Safari/537.36"
217.9.192.99 - - [03/Jun/2017:14:08:43 +0530] "GET /images/img2.jpg HTTP/1.1" 200 16276 "http://www.cdmindia.gov.in/project_details_view.php?id=1347" "Mozilla/5.0 (Windows NT 6.1) AppleWebKit/537.36 (KHTML, like Gecko) Chrome/57.0.2987.133 Safari/537.36"
217.9.192.99 - - [03/Jun/2017:14:08:44 +0530] "GET /images/img3.jpg HTTP/1.1" 200 26957 "http://www.cdmindia.gov.in/project_details_view.php?id=1347" "Mozilla/5.0 (Windows NT 6.1) AppleWebKit/537.36 (KHTML, like Gecko) Chrome/57.0.2987.133 Safari/537.36"
217.9.192.99 - - [03/Jun/2017:14:08:44 +0530] "GET /images/spacer.gif HTTP/1.1" 200 43 "http://www.cdmindia.gov.in/project_details_view.php?id=1347" "Mozilla/5.0 (Windows NT 6.1) AppleWebKit/537.36 (KHTML, like Gecko) Chrome/57.0.2987.133 Safari/537.36"
217.9.192.99 - - [03/Jun/2017:14:08:44 +0530] "GET /images/bullet4.gif HTTP/1.1" 200 67 "http://www.cdmindia.gov.in/project_details_view.php?id=1347" "Mozilla/5.0 (Windows NT 6.1) AppleWebKit/537.36 (KHTML, like Gecko) Chrome/57.0.2987.133 Safari/537.36"
217.9.192.99 - - [03/Jun/2017:14:08:44 +0530] "GET /images/bullet1.gif HTTP/1.1" 200 67 "http://www.cdmindia.gov.in/project_details_view.php?id=1347" "Mozilla/5.0 (Windows NT 6.1) AppleWebKit/537.36 (KHTML, like Gecko) Chrome/57.0.2987.133 Safari/537.36"
217.9.192.99 - - [03/Jun/2017:14:08:44 +0530] "GET /images/bulllet2.gif HTTP/1.1" 200 58 "http://www.cdmindia.gov.in/project_details_view.php?id=1347" "Mozilla/5.0 (Windows NT 6.1) AppleWebKit/537.36 (KHTML, like Gecko) Chrome/57.0.2987.133 Safari/537.36"
217.9.192.99 - - [03/Jun/2017:14:08:44 +0530] "GET /images/fdm.jpg HTTP/1.1" 200 2043 "http://www.cdmindia.gov.in/project_details_view.php?id=1347" "Mozilla/5.0 (Windows NT 6.1) AppleWebKit/537.36 (KHTML, like Gecko) Chrome/57.0.2987.133 Safari/537.36"
217.9.192.99 - - [03/Jun/2017:14:08:44 +0530] "GET /images/img1.jpg HTTP/1.1" 200 1251 "http://www.cdmindia.gov.in/project_details_view.php?id=1347" "Mozilla/5.0 (Windows NT 6.1) AppleWebKit/537.36 (KHTML, like Gecko) Chrome/57.0.2987.133 Safari/537.36"
217.9.192.99 - - [03/Jun/2017:14:08:44 +0530] "GET /images/fbg.jpg HTTP/1.1" 200 325 "http://www.cdmindia.gov.in/project_details_view.php?id=1347" "Mozilla/5.0 (Windows NT 6.1) AppleWebKit/537.36 (KHTML, like Gecko) Chrome/57.0.2987.133 Safari/537.36"
217.9.192.99 - - [03/Jun/2017:14:08:44 +0530] "GET /images/gtz.jpg HTTP/1.1" 200 15484 "http://www.cdmindia.gov.in/project_details_view.php?id=1347" "Mozilla/5.0 (Windows NT 6.1) AppleWebKit/537.36 (KHTML, like Gecko) Chrome/57.0.2987.133 Safari/537.36"
217.9.192.99 - - [03/Jun/2017:14:08:45 +0530] "GET /favicon.ico HTTP/1.1" 200 1189 "http://www.cdmindia.gov.in/project_details_view.php?id=1347" "Mozilla/5.0 (Windows NT 6.1) AppleWebKit/537.36 (KHTML, like Gecko) Chrome/57.0.2987.133 Safari/537.36"
66.249.79.133 - - [03/Jun/2017:14:11:27 +0530] "GET /reports_list_details.php?id=tubkayrstf&reporttype=&page=167 HTTP/1.1" 200 22262 "-" "Mozilla/5.0 (compatible; Googlebot/2.1; +http://www.google.com/bot.html)"
14.139.155.114 - - [03/Jun/2017:14:12:06 +0530] "POST /approved_projects.php HTTP/1.1" 200 21086 "http://www.cdmindia.gov.in/approved_projects.php" "Mozilla/5.0 (Windows NT 10.0; WOW64) AppleWebKit/537.36 (KHTML, like Gecko) Chrome/58.0.3029.110 Safari/537.36"
165.254.222.102 - - [03/Jun/2017:14:13:29 +0530] "GET /project_details_view.php?id=573 HTTP/1.1" 200 15518 "http://www.google.co.in/search?site=webhp&ie=ISO-8859-1&oq=35tph+waste+heat+recovery+boilers+Killin+sponge+iron+file+gas+profile&aqs=mobile-gws-lite..&q=35tph+waste+heat+recovery+boilers+Killin+sponge+iron+file+gas+profile" "Mozilla/5.0 (Linux; U; Android 5.1.1; en-US; Micromax Q416 Build/LMY47V) AppleWebKit/534.30 (KHTML, like Gecko) Version/4.0 UCBrowser/11.2.0.915 U3/0.8.0 Mobile Safari/534.30"
165.254.222.102 - - [03/Jun/2017:14:13:30 +0530] "GET /images/bullet1.gif HTTP/1.1" 304 - "http://www.cdmindia.gov.in/project_details_view.php?id=573" "Mozilla/5.0 (Linux; U; Android 5.1.1; en-US; Micromax Q416 Build/LMY47V) AppleWebKit/534.30 (KHTML, like Gecko) Version/4.0 UCBrowser/11.2.0.915 U3/0.8.0 Mobile Safari/534.30"
165.254.222.102 - - [03/Jun/2017:14:13:30 +0530] "GET /images/bulllet2.gif HTTP/1.1" 304 - "http://www.cdmindia.gov.in/project_details_view.php?id=573" "Mozilla/5.0 (Linux; U; Android 5.1.1; en-US; Micromax Q416 Build/LMY47V) AppleWebKit/534.30 (KHTML, like Gecko) Version/4.0 UCBrowser/11.2.0.915 U3/0.8.0 Mobile Safari/534.30"
165.254.222.102 - - [03/Jun/2017:14:13:30 +0530] "GET /images/img2.jpg HTTP/1.1" 200 16276 "http://www.cdmindia.gov.in/project_details_view.php?id=573" "Mozilla/5.0 (Linux; U; Android 5.1.1; en-US; Micromax Q416 Build/LMY47V) AppleWebKit/534.30 (KHTML, like Gecko) Version/4.0 UCBrowser/11.2.0.915 U3/0.8.0 Mobile Safari/534.30"
165.254.222.102 - - [03/Jun/2017:14:13:30 +0530] "GET /images/bullet4.gif HTTP/1.1" 304 - "http://www.cdmindia.gov.in/project_details_view.php?id=573" "Mozilla/5.0 (Linux; U; Android 5.1.1; en-US; Micromax Q416 Build/LMY47V) AppleWebKit/534.30 (KHTML, like Gecko) Version/4.0 UCBrowser/11.2.0.915 U3/0.8.0 Mobile Safari/534.30"
165.254.222.102 - - [03/Jun/2017:14:13:30 +0530] "GET /images/fdm.jpg HTTP/1.1" 200 2043 "http://www.cdmindia.gov.in/project_details_view.php?id=573" "Mozilla/5.0 (Linux; U; Android 5.1.1; en-US; Micromax Q416 Build/LMY47V) AppleWebKit/534.30 (KHTML, like Gecko) Version/4.0 UCBrowser/11.2.0.915 U3/0.8.0 Mobile Safari/534.30"
165.254.222.102 - - [03/Jun/2017:14:13:30 +0530] "GET /images/spacer.gif HTTP/1.1" 304 - "http://www.cdmindia.gov.in/project_details_view.php?id=573" "Mozilla/5.0 (Linux; U; Android 5.1.1; en-US; Micromax Q416 Build/LMY47V) AppleWebKit/534.30 (KHTML, like Gecko) Version/4.0 UCBrowser/11.2.0.915 U3/0.8.0 Mobile Safari/534.30"
165.254.222.102 - - [03/Jun/2017:14:13:30 +0530] "GET /includes/ncdma.css HTTP/1.1" 200 13023 "http://www.cdmindia.gov.in/project_details_view.php?id=573" "Mozilla/5.0 (Linux; U; Android 5.1.1; en-US; Micromax Q416 Build/LMY47V) AppleWebKit/534.30 (KHTML, like Gecko) Version/4.0 UCBrowser/11.2.0.915 U3/0.8.0 Mobile Safari/534.30"
165.254.222.102 - - [03/Jun/2017:14:13:30 +0530] "GET /ncdma.css HTTP/1.1" 200 12640 "http://www.cdmindia.gov.in/project_details_view.php?id=573" "Mozilla/5.0 (Linux; U; Android 5.1.1; en-US; Micromax Q416 Build/LMY47V) AppleWebKit/534.30 (KHTML, like Gecko) Version/4.0 UCBrowser/11.2.0.915 U3/0.8.0 Mobile Safari/534.30"
165.254.222.102 - - [03/Jun/2017:14:13:30 +0530] "GET /Scripts/AC_RunActiveContent.js HTTP/1.1" 304 - "http://www.cdmindia.gov.in/project_details_view.php?id=573" "Mozilla/5.0 (Linux; U; Android 5.1.1; en-US; Micromax Q416 Build/LMY47V) AppleWebKit/534.30 (KHTML, like Gecko) Version/4.0 UCBrowser/11.2.0.915 U3/0.8.0 Mobile Safari/534.30"
165.254.222.102 - - [03/Jun/2017:14:13:30 +0530] "GET /images/img3.jpg HTTP/1.1" 200 26957 "http://www.cdmindia.gov.in/project_details_view.php?id=573" "Mozilla/5.0 (Linux; U; Android 5.1.1; en-US; Micromax Q416 Build/LMY47V) AppleWebKit/534.30 (KHTML, like Gecko) Version/4.0 UCBrowser/11.2.0.915 U3/0.8.0 Mobile Safari/534.30"
165.254.222.102 - - [03/Jun/2017:14:13:32 +0530] "GET /images/favicon.ico HTTP/1.1" 200 1406 "http://www.cdmindia.gov.in/project_details_view.php?id=573" "Mozilla/5.0 (Linux; U; Android 5.1.1; en-US; Micromax Q416 Build/LMY47V) AppleWebKit/534.30 (KHTML, like Gecko) Version/4.0 UCBrowser/11.2.0.915 U3/0.8.0 Mobile Safari/534.30"
123.125.71.50 - - [03/Jun/2017:14:13:42 +0530] "GET /includes/CaptchaSecurityImages.php?width=80&height=30&characters=5 HTTP/1.1" 200 2155 "-" "Baiduspider-image+(+http://www.baidu.com/search/spider.htm)"
35.184.189.105 - - [03/Jun/2017:14:15:16 +0530] "GET /robots.txt HTTP/1.1" 404 208 "-" "ltx71 - (http://ltx71.com/)"
14.139.155.114 - - [03/Jun/2017:14:16:46 +0530] "POST /approved_projects.php HTTP/1.1" 200 19516 "http://www.cdmindia.gov.in/approved_projects.php" "Mozilla/5.0 (Windows NT 10.0; WOW64) AppleWebKit/537.36 (KHTML, like Gecko) Chrome/58.0.3029.110 Safari/537.36"
14.139.155.114 - - [03/Jun/2017:14:17:23 +0530] "POST /approved_projects.php HTTP/1.1" 200 19178 "http://www.cdmindia.gov.in/approved_projects.php" "Mozilla/5.0 (Windows NT 10.0; WOW64) AppleWebKit/537.36 (KHTML, like Gecko) Chrome/58.0.3029.110 Safari/537.36"
14.139.155.114 - - [03/Jun/2017:14:17:43 +0530] "POST /approved_projects.php HTTP/1.1" 200 23320 "http://www.cdmindia.gov.in/approved_projects.php" "Mozilla/5.0 (Windows NT 10.0; WOW64) AppleWebKit/537.36 (KHTML, like Gecko) Chrome/58.0.3029.110 Safari/537.36"
157.55.39.98 - - [03/Jun/2017:14:18:12 +0530] "GET /approval_process.php HTTP/1.1" 200 25913 "-" "Mozilla/5.0 (compatible; bingbot/2.0; +http://www.bing.com/bingbot.htm)"
162.210.196.98 - - [03/Jun/2017:14:18:38 +0530] "GET /robots.txt HTTP/1.1" 404 208 "-" "Mozilla/5.0 (compatible; MJ12bot/v1.4.8; http://mj12bot.com/)"
162.210.196.98 - - [03/Jun/2017:14:18:40 +0530] "GET / HTTP/1.1" 200 19481 "-" "Mozilla/5.0 (compatible; MJ12bot/v1.4.8; http://mj12bot.com/)"
14.139.155.114 - - [03/Jun/2017:14:19:01 +0530] "GET /admin_approved_projects.php?page=2 HTTP/1.1" 404 225 "http://www.cdmindia.gov.in/approved_projects.php" "Mozilla/5.0 (Windows NT 10.0; WOW64) AppleWebKit/537.36 (KHTML, like Gecko) Chrome/58.0.3029.110 Safari/537.36"
14.139.155.114 - - [03/Jun/2017:14:19:28 +0530] "POST /approved_projects.php HTTP/1.1" 200 23320 "http://www.cdmindia.gov.in/approved_projects.php" "Mozilla/5.0 (Windows NT 10.0; WOW64) AppleWebKit/537.36 (KHTML, like Gecko) Chrome/58.0.3029.110 Safari/537.36"
14.139.155.114 - - [03/Jun/2017:14:19:29 +0530] "GET /favicon.ico HTTP/1.1" 200 1189 "http://www.cdmindia.gov.in/approved_projects.php" "Mozilla/5.0 (Windows NT 10.0; WOW64) AppleWebKit/537.36 (KHTML, like Gecko) Chrome/58.0.3029.110 Safari/537.36"
14.139.155.114 - - [03/Jun/2017:14:19:53 +0530] "POST /approved_projects.php HTTP/1.1" 200 23199 "http://www.cdmindia.gov.in/approved_projects.php" "Mozilla/5.0 (Windows NT 10.0; WOW64) AppleWebKit/537.36 (KHTML, like Gecko) Chrome/58.0.3029.110 Safari/537.36"
14.139.155.114 - - [03/Jun/2017:14:19:59 +0530] "POST /approved_projects.php HTTP/1.1" 200 23199 "http://www.cdmindia.gov.in/approved_projects.php" "Mozilla/5.0 (Windows NT 10.0; WOW64) AppleWebKit/537.36 (KHTML, like Gecko) Chrome/58.0.3029.110 Safari/537.36"
14.139.155.114 - - [03/Jun/2017:14:21:16 +0530] "POST /approved_projects.php HTTP/1.1" 200 20976 "http://www.cdmindia.gov.in/approved_projects.php" "Mozilla/5.0 (Windows NT 10.0; WOW64) AppleWebKit/537.36 (KHTML, like Gecko) Chrome/58.0.3029.110 Safari/537.36"
14.139.155.114 - - [03/Jun/2017:14:21:45 +0530] "POST /approved_projects.php HTTP/1.1" 200 20657 "http://www.cdmindia.gov.in/approved_projects.php" "Mozilla/5.0 (Windows NT 10.0; WOW64) AppleWebKit/537.36 (KHTML, like Gecko) Chrome/58.0.3029.110 Safari/537.36"
14.139.155.114 - - [03/Jun/2017:14:22:24 +0530] "POST /approved_projects.php HTTP/1.1" 200 19176 "http://www.cdmindia.gov.in/approved_projects.php" "Mozilla/5.0 (Windows NT 10.0; WOW64) AppleWebKit/537.36 (KHTML, like Gecko) Chrome/58.0.3029.110 Safari/537.36"
14.139.155.114 - - [03/Jun/2017:14:22:40 +0530] "POST /approved_projects.php HTTP/1.1" 200 18525 "http://www.cdmindia.gov.in/approved_projects.php" "Mozilla/5.0 (Windows NT 10.0; WOW64) AppleWebKit/537.36 (KHTML, like Gecko) Chrome/58.0.3029.110 Safari/537.36"
14.139.155.114 - - [03/Jun/2017:14:23:07 +0530] "POST /approved_projects.php HTTP/1.1" 200 18518 "http://www.cdmindia.gov.in/approved_projects.php" "Mozilla/5.0 (Windows NT 10.0; WOW64) AppleWebKit/537.36 (KHTML, like Gecko) Chrome/58.0.3029.110 Safari/537.36"
42.104.77.62 - - [03/Jun/2017:14:23:33 +0530] "GET /project_details_view.php?id=230 HTTP/1.1" 200 17460 "https://www.google.co.in/" "Mozilla/5.0 (Windows NT 6.1; rv:50.0) Gecko/20100101 Firefox/50.0"
42.104.77.62 - - [03/Jun/2017:14:23:33 +0530] "GET /Scripts/AC_RunActiveContent.js HTTP/1.1" 200 8321 "http://www.cdmindia.gov.in/project_details_view.php?id=230" "Mozilla/5.0 (Windows NT 6.1; rv:50.0) Gecko/20100101 Firefox/50.0"
42.104.77.62 - - [03/Jun/2017:14:23:33 +0530] "GET /includes/ncdma.css HTTP/1.1" 200 13023 "http://www.cdmindia.gov.in/project_details_view.php?id=230" "Mozilla/5.0 (Windows NT 6.1; rv:50.0) Gecko/20100101 Firefox/50.0"
42.104.77.62 - - [03/Jun/2017:14:23:33 +0530] "GET /ncdma.css HTTP/1.1" 200 12640 "http://www.cdmindia.gov.in/project_details_view.php?id=230" "Mozilla/5.0 (Windows NT 6.1; rv:50.0) Gecko/20100101 Firefox/50.0"
42.104.77.62 - - [03/Jun/2017:14:23:34 +0530] "GET /images/img2.jpg HTTP/1.1" 200 16276 "http://www.cdmindia.gov.in/project_details_view.php?id=230" "Mozilla/5.0 (Windows NT 6.1; rv:50.0) Gecko/20100101 Firefox/50.0"
42.104.77.62 - - [03/Jun/2017:14:23:34 +0530] "GET /images/img3.jpg HTTP/1.1" 200 26957 "http://www.cdmindia.gov.in/project_details_view.php?id=230" "Mozilla/5.0 (Windows NT 6.1; rv:50.0) Gecko/20100101 Firefox/50.0"
42.104.77.62 - - [03/Jun/2017:14:23:34 +0530] "GET /images/bulllet2.gif HTTP/1.1" 200 58 "http://www.cdmindia.gov.in/project_details_view.php?id=230" "Mozilla/5.0 (Windows NT 6.1; rv:50.0) Gecko/20100101 Firefox/50.0"
42.104.77.62 - - [03/Jun/2017:14:23:34 +0530] "GET /images/bullet4.gif HTTP/1.1" 200 67 "http://www.cdmindia.gov.in/project_details_view.php?id=230" "Mozilla/5.0 (Windows NT 6.1; rv:50.0) Gecko/20100101 Firefox/50.0"
42.104.77.62 - - [03/Jun/2017:14:23:34 +0530] "GET /images/bullet1.gif HTTP/1.1" 200 67 "http://www.cdmindia.gov.in/project_details_view.php?id=230" "Mozilla/5.0 (Windows NT 6.1; rv:50.0) Gecko/20100101 Firefox/50.0"
42.104.77.62 - - [03/Jun/2017:14:23:34 +0530] "GET /images/spacer.gif HTTP/1.1" 200 43 "http://www.cdmindia.gov.in/project_details_view.php?id=230" "Mozilla/5.0 (Windows NT 6.1; rv:50.0) Gecko/20100101 Firefox/50.0"
42.104.77.62 - - [03/Jun/2017:14:23:34 +0530] "GET /images/fbg.jpg HTTP/1.1" 200 325 "http://www.cdmindia.gov.in/project_details_view.php?id=230" "Mozilla/5.0 (Windows NT 6.1; rv:50.0) Gecko/20100101 Firefox/50.0"
42.104.77.62 - - [03/Jun/2017:14:23:35 +0530] "GET /images/fdm.jpg HTTP/1.1" 200 2043 "http://www.cdmindia.gov.in/project_details_view.php?id=230" "Mozilla/5.0 (Windows NT 6.1; rv:50.0) Gecko/20100101 Firefox/50.0"
42.104.77.62 - - [03/Jun/2017:14:23:35 +0530] "GET /images/gtz.jpg HTTP/1.1" 200 15484 "http://www.cdmindia.gov.in/project_details_view.php?id=230" "Mozilla/5.0 (Windows NT 6.1; rv:50.0) Gecko/20100101 Firefox/50.0"
42.104.77.62 - - [03/Jun/2017:14:23:35 +0530] "GET /images/img1.jpg HTTP/1.1" 200 1251 "http://www.cdmindia.gov.in/project_details_view.php?id=230" "Mozilla/5.0 (Windows NT 6.1; rv:50.0) Gecko/20100101 Firefox/50.0"
42.104.77.62 - - [03/Jun/2017:14:23:35 +0530] "GET /images/favicon.ico HTTP/1.1" 200 1406 "-" "Mozilla/5.0 (Windows NT 6.1; rv:50.0) Gecko/20100101 Firefox/50.0"
35.184.189.105 - - [03/Jun/2017:14:23:43 +0530] "GET /robots.txt HTTP/1.1" 404 208 "-" "ltx71 - (http://ltx71.com/)"
14.139.155.114 - - [03/Jun/2017:14:24:12 +0530] "POST /approved_projects.php HTTP/1.1" 200 19199 "http://www.cdmindia.gov.in/approved_projects.php" "Mozilla/5.0 (Windows NT 10.0; WOW64) AppleWebKit/537.36 (KHTML, like Gecko) Chrome/58.0.3029.110 Safari/537.36"
35.184.189.105 - - [03/Jun/2017:14:24:20 +0530] "GET /constitution.php HTTP/1.1" 200 23670 "-" "ltx71 - (http://ltx71.com/)"
14.139.155.114 - - [03/Jun/2017:14:24:54 +0530] "GET /approval_process.php HTTP/1.1" 200 25913 "http://www.cdmindia.gov.in/approved_projects.php" "Mozilla/5.0 (Windows NT 10.0; WOW64) AppleWebKit/537.36 (KHTML, like Gecko) Chrome/58.0.3029.110 Safari/537.36"
14.139.155.114 - - [03/Jun/2017:14:24:54 +0530] "GET /js/index_validations.js HTTP/1.1" 200 3143 "http://www.cdmindia.gov.in/approval_process.php" "Mozilla/5.0 (Windows NT 10.0; WOW64) AppleWebKit/537.36 (KHTML, like Gecko) Chrome/58.0.3029.110 Safari/537.36"
14.139.155.114 - - [03/Jun/2017:14:24:54 +0530] "GET /images/h_ap.jpg HTTP/1.1" 200 22346 "http://www.cdmindia.gov.in/approval_process.php" "Mozilla/5.0 (Windows NT 10.0; WOW64) AppleWebKit/537.36 (KHTML, like Gecko) Chrome/58.0.3029.110 Safari/537.36"
14.139.155.114 - - [03/Jun/2017:14:25:12 +0530] "GET /reports_new.php?n=1 HTTP/1.1" 200 22412 "http://www.cdmindia.gov.in/approval_process.php" "Mozilla/5.0 (Windows NT 10.0; WOW64) AppleWebKit/537.36 (KHTML, like Gecko) Chrome/58.0.3029.110 Safari/537.36"
14.139.155.114 - - [03/Jun/2017:14:25:12 +0530] "GET /js/user_registration.js HTTP/1.1" 200 26819 "http://www.cdmindia.gov.in/reports_new.php?n=1" "Mozilla/5.0 (Windows NT 10.0; WOW64) AppleWebKit/537.36 (KHTML, like Gecko) Chrome/58.0.3029.110 Safari/537.36"
14.139.155.114 - - [03/Jun/2017:14:25:32 +0530] "POST /reports_new.php HTTP/1.1" 200 26581 "http://www.cdmindia.gov.in/reports_new.php?n=1" "Mozilla/5.0 (Windows NT 10.0; WOW64) AppleWebKit/537.36 (KHTML, like Gecko) Chrome/58.0.3029.110 Safari/537.36"
14.139.155.114 - - [03/Jun/2017:14:25:54 +0530] "POST /reports_new.php HTTP/1.1" 200 26476 "http://www.cdmindia.gov.in/reports_new.php" "Mozilla/5.0 (Windows NT 10.0; WOW64) AppleWebKit/537.36 (KHTML, like Gecko) Chrome/58.0.3029.110 Safari/537.36"
14.139.155.114 - - [03/Jun/2017:14:26:10 +0530] "POST /reports_new.php HTTP/1.1" 200 28448 "http://www.cdmindia.gov.in/reports_new.php" "Mozilla/5.0 (Windows NT 10.0; WOW64) AppleWebKit/537.36 (KHTML, like Gecko) Chrome/58.0.3029.110 Safari/537.36"
14.139.155.114 - - [03/Jun/2017:14:26:48 +0530] "POST /reports_new.php HTTP/1.1" 200 24774 "http://www.cdmindia.gov.in/reports_new.php" "Mozilla/5.0 (Windows NT 10.0; WOW64) AppleWebKit/537.36 (KHTML, like Gecko) Chrome/58.0.3029.110 Safari/537.36"
66.249.79.129 - - [03/Jun/2017:14:26:57 +0530] "GET / HTTP/1.1" 200 19481 "-" "Mozilla/5.0 (compatible; Googlebot/2.1; +http://www.google.com/bot.html)"
194.187.170.108 - - [03/Jun/2017:14:27:40 +0530] "GET /robots.txt HTTP/1.0" 404 208 "-" "Mozilla/5.0 (compatible; Qwantify/2.4w; +https://www.qwant.com/)/2.4w"
194.187.170.108 - - [03/Jun/2017:14:27:40 +0530] "GET /detail_news.php?id=19 HTTP/1.0" 302 19083 "-" "Mozilla/5.0 (compatible; Qwantify/2.4w; +https://www.qwant.com/)/2.4w"
194.187.170.108 - - [03/Jun/2017:14:27:41 +0530] "GET /logout.php HTTP/1.0" 302 369 "-" "Mozilla/5.0 (compatible; Qwantify/2.4w; +https://www.qwant.com/)/2.4w"
194.187.170.108 - - [03/Jun/2017:14:27:42 +0530] "GET /index.php HTTP/1.0" 200 19481 "-" "Mozilla/5.0 (compatible; Qwantify/2.4w; +https://www.qwant.com/)/2.4w"
14.139.155.114 - - [03/Jun/2017:14:27:41 +0530] "GET /downloads/Carbon%20Market%20Roadmap.pdf HTTP/1.1" 200 4344697 "http://www.cdmindia.gov.in/reports_new.php" "Mozilla/5.0 (Windows NT 10.0; WOW64) AppleWebKit/537.36 (KHTML, like Gecko) Chrome/58.0.3029.110 Safari/537.36"
14.139.155.114 - - [03/Jun/2017:14:27:52 +0530] "GET /downloads/Carbon%20Market%20Roadmap.pdf HTTP/1.1" 206 65536 "http://www.cdmindia.gov.in/downloads/Carbon%20Market%20Roadmap.pdf" "Mozilla/5.0 (Windows NT 10.0; WOW64) AppleWebKit/537.36 (KHTML, like Gecko) Chrome/58.0.3029.110 Safari/537.36"
14.139.155.114 - - [03/Jun/2017:14:27:52 +0530] "GET /downloads/Carbon%20Market%20Roadmap.pdf HTTP/1.1" 206 2808589 "http://www.cdmindia.gov.in/downloads/Carbon%20Market%20Roadmap.pdf" "Mozilla/5.0 (Windows NT 10.0; WOW64) AppleWebKit/537.36 (KHTML, like Gecko) Chrome/58.0.3029.110 Safari/537.36"
194.187.170.108 - - [03/Jun/2017:14:27:57 +0530] "GET /detail_news.php?id=18 HTTP/1.0" 302 18714 "-" "Mozilla/5.0 (compatible; Qwantify/2.4w; +https://www.qwant.com/)/2.4w"
194.187.170.108 - - [03/Jun/2017:14:27:57 +0530] "GET /logout.php HTTP/1.0" 302 369 "-" "Mozilla/5.0 (compatible; Qwantify/2.4w; +https://www.qwant.com/)/2.4w"
194.187.170.108 - - [03/Jun/2017:14:27:58 +0530] "GET /index.php HTTP/1.0" 200 19481 "-" "Mozilla/5.0 (compatible; Qwantify/2.4w; +https://www.qwant.com/)/2.4w"
42.104.77.62 - - [03/Jun/2017:14:28:13 +0530] "GET /project_details_view.php?id=573 HTTP/1.1" 200 15518 "https://www.google.co.in/" "Mozilla/5.0 (Windows NT 6.1; rv:50.0) Gecko/20100101 Firefox/50.0"
14.139.155.114 - - [03/Jun/2017:14:28:23 +0530] "GET /downloads/Comparision%20of%20PCN_30.03.doc HTTP/1.1" 200 49664 "http://www.cdmindia.gov.in/reports_new.php" "Mozilla/5.0 (Windows NT 10.0; WOW64) AppleWebKit/537.36 (KHTML, like Gecko) Chrome/58.0.3029.110 Safari/537.36"
14.139.155.114 - - [03/Jun/2017:14:28:41 +0530] "GET /imp_links.php HTTP/1.1" 200 17835 "http://www.cdmindia.gov.in/reports_new.php" "Mozilla/5.0 (Windows NT 10.0; WOW64) AppleWebKit/537.36 (KHTML, like Gecko) Chrome/58.0.3029.110 Safari/537.36"
14.139.155.114 - - [03/Jun/2017:14:28:41 +0530] "GET /images/h_il.jpg HTTP/1.1" 200 22106 "http://www.cdmindia.gov.in/imp_links.php" "Mozilla/5.0 (Windows NT 10.0; WOW64) AppleWebKit/537.36 (KHTML, like Gecko) Chrome/58.0.3029.110 Safari/537.36"
35.184.189.105 - - [03/Jun/2017:14:34:26 +0530] "GET /robots.txt HTTP/1.1" 404 208 "-" "ltx71 - (http://ltx71.com/)"
66.249.79.131 - - [03/Jun/2017:14:35:07 +0530] "GET /registration.php HTTP/1.1" 302 28530 "-" "Mozilla/5.0 (Linux; Android 6.0.1; Nexus 5X Build/MMB29P) AppleWebKit/537.36 (KHTML, like Gecko) Chrome/41.0.2272.96 Mobile Safari/537.36 (compatible; Googlebot/2.1; +http://www.google.com/bot.html)"
8.37.231.253 - - [03/Jun/2017:14:35:08 +0530] "GET /project_details_view.php?id=878 HTTP/1.1" 200 13809 "http://www.google.co.in/search?site=webhp&ie=ISO-8859-1&q=cleanopolise+enargy+system+india+private+limited+tezpur+&oq=cleanopolise+enargy+system+india+private+limited+tezpur+&aqs=mobile-gws-lite.." "Mozilla/5.0 (Linux; U; Android 6.0.1; en-US; ASUS_Z010D Build/MMB29P) AppleWebKit/534.30 (KHTML, like Gecko) Version/4.0 UCBrowser/11.0.8.855 U3/0.8.0 Mobile Safari/534.30"
66.249.79.133 - - [03/Jun/2017:14:35:08 +0530] "GET /logout.php HTTP/1.1" 302 369 "-" "Mozilla/5.0 (Linux; Android 6.0.1; Nexus 5X Build/MMB29P) AppleWebKit/537.36 (KHTML, like Gecko) Chrome/41.0.2272.96 Mobile Safari/537.36 (compatible; Googlebot/2.1; +http://www.google.com/bot.html)"
8.37.231.253 - - [03/Jun/2017:14:35:08 +0530] "GET /Scripts/AC_RunActiveContent.js HTTP/1.1" 304 - "http://www.cdmindia.gov.in/project_details_view.php?id=878" "Mozilla/5.0 (Linux; U; Android 6.0.1; en-US; ASUS_Z010D Build/MMB29P) AppleWebKit/534.30 (KHTML, like Gecko) Version/4.0 UCBrowser/11.0.8.855 U3/0.8.0 Mobile Safari/534.30"
8.37.231.253 - - [03/Jun/2017:14:35:08 +0530] "GET /ncdma.css HTTP/1.1" 304 - "http://www.cdmindia.gov.in/project_details_view.php?id=878" "Mozilla/5.0 (Linux; U; Android 6.0.1; en-US; ASUS_Z010D Build/MMB29P) AppleWebKit/534.30 (KHTML, like Gecko) Version/4.0 UCBrowser/11.0.8.855 U3/0.8.0 Mobile Safari/534.30"
8.37.231.253 - - [03/Jun/2017:14:35:08 +0530] "GET /images/spacer.gif HTTP/1.1" 304 - "http://www.cdmindia.gov.in/project_details_view.php?id=878" "Mozilla/5.0 (Linux; U; Android 6.0.1; en-US; ASUS_Z010D Build/MMB29P) AppleWebKit/534.30 (KHTML, like Gecko) Version/4.0 UCBrowser/11.0.8.855 U3/0.8.0 Mobile Safari/534.30"
8.37.231.253 - - [03/Jun/2017:14:35:08 +0530] "GET /images/bullet1.gif HTTP/1.1" 304 - "http://www.cdmindia.gov.in/project_details_view.php?id=878" "Mozilla/5.0 (Linux; U; Android 6.0.1; en-US; ASUS_Z010D Build/MMB29P) AppleWebKit/534.30 (KHTML, like Gecko) Version/4.0 UCBrowser/11.0.8.855 U3/0.8.0 Mobile Safari/534.30"
8.37.231.253 - - [03/Jun/2017:14:35:08 +0530] "GET /includes/ncdma.css HTTP/1.1" 304 - "http://www.cdmindia.gov.in/project_details_view.php?id=878" "Mozilla/5.0 (Linux; U; Android 6.0.1; en-US; ASUS_Z010D Build/MMB29P) AppleWebKit/534.30 (KHTML, like Gecko) Version/4.0 UCBrowser/11.0.8.855 U3/0.8.0 Mobile Safari/534.30"
8.37.231.253 - - [03/Jun/2017:14:35:08 +0530] "GET /images/bulllet2.gif HTTP/1.1" 304 - "http://www.cdmindia.gov.in/project_details_view.php?id=878" "Mozilla/5.0 (Linux; U; Android 6.0.1; en-US; ASUS_Z010D Build/MMB29P) AppleWebKit/534.30 (KHTML, like Gecko) Version/4.0 UCBrowser/11.0.8.855 U3/0.8.0 Mobile Safari/534.30"
8.37.231.253 - - [03/Jun/2017:14:35:08 +0530] "GET /images/bullet4.gif HTTP/1.1" 304 - "http://www.cdmindia.gov.in/project_details_view.php?id=878" "Mozilla/5.0 (Linux; U; Android 6.0.1; en-US; ASUS_Z010D Build/MMB29P) AppleWebKit/534.30 (KHTML, like Gecko) Version/4.0 UCBrowser/11.0.8.855 U3/0.8.0 Mobile Safari/534.30"
