117.224.40.144 - - [12/Jun/2017:04:32:47 +0530] "GET /images/fbg.jpg HTTP/1.1" 200 325 "http://www.cdmindia.gov.in/aboutus.php" "Mozilla/5.0 (Windows NT 6.1; Win64; x64) AppleWebKit/537.36 (KHTML, like Gecko) Chrome/59.0.3071.86 Safari/537.36"
117.224.40.144 - - [12/Jun/2017:04:32:47 +0530] "GET /images/gtz.jpg HTTP/1.1" 200 15484 "http://www.cdmindia.gov.in/aboutus.php" "Mozilla/5.0 (Windows NT 6.1; Win64; x64) AppleWebKit/537.36 (KHTML, like Gecko) Chrome/59.0.3071.86 Safari/537.36"
117.224.40.144 - - [12/Jun/2017:04:32:48 +0530] "GET /favicon.ico HTTP/1.1" 200 1189 "http://www.cdmindia.gov.in/aboutus.php" "Mozilla/5.0 (Windows NT 6.1; Win64; x64) AppleWebKit/537.36 (KHTML, like Gecko) Chrome/59.0.3071.86 Safari/537.36"
35.184.189.105 - - [12/Jun/2017:04:38:26 +0530] "GET /robots.txt HTTP/1.1" 404 208 "-" "ltx71 - (http://ltx71.com/)"
66.249.79.129 - - [12/Jun/2017:04:38:47 +0530] "GET /reports_list_details.php?id=fnxntyvmlpku&reporttype=&page=162 HTTP/1.1" 200 22402 "-" "Mozilla/5.0 (compatible; Googlebot/2.1; +http://www.google.com/bot.html)"
202.46.51.113 - - [12/Jun/2017:04:39:04 +0530] "GET /project_details_view.php?id=1444 HTTP/1.1" 200 14472 "-" "Mozilla/5.0 (Windows NT 10.0; WOW64) AppleWebKit/537.36 (KHTML, like Gecko) Chrome/45.0.2454.93 Safari/537.36"
13.75.92.204 - - [12/Jun/2017:04:57:26 +0530] "GET /detail_news.php?id=3'A=0 HTTP/1.1" 200 11730 "http://www.cdmindia.gov.in/detail_news.php?id=3'A=0" "Mozilla/5.0 (Windows; U; Windows NT 5.1; pt-PT; rv:1.9.1.2) Gecko/20090729 Firefox/3.5.2 (.NET CLR 3.5.30729)"
202.46.54.135 - - [12/Jun/2017:04:58:03 +0530] "GET /project_details_view_report.php?id=66 HTTP/1.1" 200 13039 "-" "Mozilla/5.0 (Windows NT 10.0; WOW64) AppleWebKit/537.36 (KHTML, like Gecko) Chrome/45.0.2454.93 Safari/537.36"
210.13.74.66 - - [12/Jun/2017:05:03:35 +0530] "GET /images/gtz.jpg HTTP/1.1" 200 15484 "-" "Mozilla/5.0 (Linux; Android 4.4.2; SM-G7102 Build/KOT49H) AppleWebKit/537.36 (KHTML, like Gecko) Chrome/58.0.3029.83 Mobile Safari/537.36"
210.13.74.66 - - [12/Jun/2017:05:03:36 +0530] "GET /images/img1.jpg HTTP/1.1" 200 1251 "-" "Mozilla/5.0 (Linux; Android 4.4.2; SM-G7102 Build/KOT49H) AppleWebKit/537.36 (KHTML, like Gecko) Chrome/58.0.3029.83 Mobile Safari/537.36"
210.13.74.66 - - [12/Jun/2017:05:03:36 +0530] "GET /images/bullet1.gif HTTP/1.1" 200 67 "-" "Mozilla/5.0 (Linux; Android 4.4.2; SM-G7102 Build/KOT49H) AppleWebKit/537.36 (KHTML, like Gecko) Chrome/58.0.3029.83 Mobile Safari/537.36"
210.13.74.66 - - [12/Jun/2017:05:03:36 +0530] "GET /Scripts/AC_RunActiveContent.js HTTP/1.1" 200 8321 "-" "Mozilla/5.0 (Linux; Android 4.4.2; SM-G7102 Build/KOT49H) AppleWebKit/537.36 (KHTML, like Gecko) Chrome/58.0.3029.83 Mobile Safari/537.36"
210.13.74.66 - - [12/Jun/2017:05:03:36 +0530] "GET /images/img2.jpg HTTP/1.1" 200 16276 "-" "Mozilla/5.0 (Linux; Android 4.4.2; SM-G7102 Build/KOT49H) AppleWebKit/537.36 (KHTML, like Gecko) Chrome/58.0.3029.83 Mobile Safari/537.36"
210.13.74.66 - - [12/Jun/2017:05:03:36 +0530] "GET /images/bulllet2.gif HTTP/1.1" 200 58 "-" "Mozilla/5.0 (Linux; Android 4.4.2; SM-G7102 Build/KOT49H) AppleWebKit/537.36 (KHTML, like Gecko) Chrome/58.0.3029.83 Mobile Safari/537.36"
210.13.74.66 - - [12/Jun/2017:05:03:37 +0530] "GET /ncdma.css HTTP/1.1" 200 12640 "-" "Mozilla/5.0 (Linux; Android 4.4.2; SM-G7102 Build/KOT49H) AppleWebKit/537.36 (KHTML, like Gecko) Chrome/58.0.3029.83 Mobile Safari/537.36"
210.13.74.66 - - [12/Jun/2017:05:03:37 +0530] "GET /images/spacer.gif HTTP/1.1" 200 43 "-" "Mozilla/5.0 (Linux; Android 4.4.2; SM-G7102 Build/KOT49H) AppleWebKit/537.36 (KHTML, like Gecko) Chrome/58.0.3029.83 Mobile Safari/537.36"
210.13.74.66 - - [12/Jun/2017:05:03:37 +0530] "GET /images/img3.jpg HTTP/1.1" 200 26957 "-" "Mozilla/5.0 (Linux; Android 4.4.2; SM-G7102 Build/KOT49H) AppleWebKit/537.36 (KHTML, like Gecko) Chrome/58.0.3029.83 Mobile Safari/537.36"
210.13.74.66 - - [12/Jun/2017:05:03:37 +0530] "GET /images/fbg.jpg HTTP/1.1" 200 325 "-" "Mozilla/5.0 (Linux; Android 4.4.2; SM-G7102 Build/KOT49H) AppleWebKit/537.36 (KHTML, like Gecko) Chrome/58.0.3029.83 Mobile Safari/537.36"
210.13.74.66 - - [12/Jun/2017:05:03:38 +0530] "GET /images/bullet4.gif HTTP/1.1" 200 67 "-" "Mozilla/5.0 (Linux; Android 4.4.2; SM-G7102 Build/KOT49H) AppleWebKit/537.36 (KHTML, like Gecko) Chrome/58.0.3029.83 Mobile Safari/537.36"
210.13.74.66 - - [12/Jun/2017:05:03:38 +0530] "GET /includes/ncdma.css HTTP/1.1" 200 13023 "-" "Mozilla/5.0 (Linux; Android 4.4.2; SM-G7102 Build/KOT49H) AppleWebKit/537.36 (KHTML, like Gecko) Chrome/58.0.3029.83 Mobile Safari/537.36"
210.13.74.66 - - [12/Jun/2017:05:03:38 +0530] "GET /images/fdm.jpg HTTP/1.1" 200 2043 "-" "Mozilla/5.0 (Linux; Android 4.4.2; SM-G7102 Build/KOT49H) AppleWebKit/537.36 (KHTML, like Gecko) Chrome/58.0.3029.83 Mobile Safari/537.36"
216.244.66.248 - - [12/Jun/2017:05:05:20 +0530] "GET /robots.txt HTTP/1.1" 404 208 "-" "Mozilla/5.0 (compatible; DotBot/1.1; http://www.opensiteexplorer.org/dotbot, help@moz.com)"
89.178.92.49 - - [12/Jun/2017:05:07:08 +0530] "GET /downloads/Carbon%20Market%20Roadmap.pdf HTTP/1.1" 200 4344697 "http://yandex.ru/clck/jsredir?from=yandex.ru%3Bsearch%3Bweb%3B%3B&text=&etext=1449.fgkiqaLD5KkG_Ks1iihme5PQdJFbhTjWvrdAmHgFSuiWxYjOAvw5bMxVoV7tLfEp.f63b739a5752ef7b80a75242204e4ccbbc201419&uuid=&state=_BLhILn4SxNIvvL0W45KSic66uCIg23qh8iRG98qeIXmeppkgUc0YGHEttDsYq_w3pSJtejupWg&data=UlNrNmk5WktYejR0eWJFYk1LdmtxdW5FZWJMbGt2ZHlWWjFSa2NYZ0JXNWhiSHR1WWZYZElQSUo3NXhWNGNYbEZ2YURnOGFVbXFuMkVrWEI5UXNQN2JJM3M4ZEZ2VElVZTNCblNnamhHYVNzNVhWajBTeGJsODliNFVPT2pNVkw3NGI0bGJKM0pZQmlCYmZ0aDluNktvNzZzbDVuSl9Ma0dRSUd1M1c5UEpN&b64e=2&sign=d336917a0af5abeb0ca2facafecfb731&keyno=0&cst=AiuY0DBWFJ7IXge4WdYJQaYgAYq7Jarr2ox9Blp_i529OCsccnkBJhrxyofkNdfjJERKtYoigpOgEOoKxQxbS6unEaoTxk1a7I9FJRbj3dyJury18OnlnxtmF3D3txZ9Hp6DCUneZ-cQa1hB7nZgnF_SU1cX6dsk&ref=orjY4mGPRjk5boDnW0uvlrrd71vZw9kp5uQozpMtKCX9U1h5sqoIO7aK1q9kNm0pC3lDn3z_f7o1t4MGJ3SpWBOStfYIMCQya_EAVNS8JkM9qH0oRLuaTi4vHOT9IPyl&l10n=ru&cts=1497222210876&mc=2.78538695521" "Mozilla/4.0 (compatible; MSIE 8.0; Windows NT 5.1; Trident/4.0; .NET CLR 2.0.50727; .NET CLR 3.0.4506.2152; .NET CLR 3.5.30729)"
157.55.39.106 - - [12/Jun/2017:05:09:18 +0530] "GET /project_details_view.php?id=1568 HTTP/1.1" 200 14494 "-" "Mozilla/5.0 (compatible; bingbot/2.0; +http://www.bing.com/bingbot.htm)"
35.184.189.105 - - [12/Jun/2017:05:15:23 +0530] "GET /robots.txt HTTP/1.1" 404 208 "-" "ltx71 - (http://ltx71.com/)"
202.46.50.12 - - [12/Jun/2017:05:17:01 +0530] "GET /project_details_view.php?id=1299 HTTP/1.1" 200 15267 "-" "Mozilla/5.0 (Windows NT 10.0; WOW64) AppleWebKit/537.36 (KHTML, like Gecko) Chrome/45.0.2454.93 Safari/537.36"
157.55.39.176 - - [12/Jun/2017:05:17:52 +0530] "GET /reports_list_details.php?id=Maharashtra&reporttype=2&page=39 HTTP/1.1" 200 20803 "-" "Mozilla/5.0 (compatible; bingbot/2.0; +http://www.bing.com/bingbot.htm)"
104.131.147.112 - - [12/Jun/2017:05:19:51 +0530] "GET / HTTP/1.1" 200 19480 "-" "Mozilla/5.0 (compatible; Gluten Free Crawler/1.0; +http://glutenfreepleasure.com/)"
34.207.98.73 - - [12/Jun/2017:05:20:39 +0530] "GET /robots.txt HTTP/1.0" 404 208 "-" "ia_archiver"
34.207.98.73 - - [12/Jun/2017:05:20:39 +0530] "GET / HTTP/1.0" 200 19480 "-" "ia_archiver"
35.184.189.105 - - [12/Jun/2017:05:25:45 +0530] "GET /robots.txt HTTP/1.1" 404 208 "-" "ltx71 - (http://ltx71.com/)"
40.77.167.85 - - [12/Jun/2017:05:27:48 +0530] "GET /downloads/Carbon%20Market%20Roadmap.pdf HTTP/1.1" 200 4344697 "-" "Mozilla/5.0 (compatible; bingbot/2.0; +http://www.bing.com/bingbot.htm)"
216.244.66.248 - - [12/Jun/2017:05:29:46 +0530] "GET /approval_process.php HTTP/1.1" 200 25912 "-" "Mozilla/5.0 (compatible; DotBot/1.1; http://www.opensiteexplorer.org/dotbot, help@moz.com)"
66.249.79.133 - - [12/Jun/2017:05:30:53 +0530] "GET /project_details_view.php?id=263&oid=1&page=60&reporttype=1 HTTP/1.1" 200 15145 "-" "Mozilla/5.0 (compatible; Googlebot/2.1; +http://www.google.com/bot.html)"
202.46.58.131 - - [12/Jun/2017:05:35:59 +0530] "GET /project_details_view.php?id=150 HTTP/1.1" 200 14903 "-" "Mozilla/5.0 (Windows NT 10.0; WOW64) AppleWebKit/537.36 (KHTML, like Gecko) Chrome/45.0.2454.93 Safari/537.36"
66.249.79.129 - - [12/Jun/2017:05:36:06 +0530] "GET /project_details_view_report.php?id=764 HTTP/1.1" 200 13204 "-" "Mozilla/5.0 (compatible; Googlebot/2.1; +http://www.google.com/bot.html)"
66.249.79.129 - - [12/Jun/2017:05:41:13 +0530] "GET /project_details_view_report.php?id=1611 HTTP/1.1" 200 13249 "-" "Mozilla/5.0 (compatible; Googlebot/2.1; +http://www.google.com/bot.html)"
157.55.39.106 - - [12/Jun/2017:05:41:21 +0530] "GET /downloads/New%20PCN.doc HTTP/1.1" 200 435200 "-" "Mozilla/5.0 (compatible; bingbot/2.0; +http://www.bing.com/bingbot.htm)"
66.249.79.131 - - [12/Jun/2017:05:46:14 +0530] "GET /reports_list_details.php?id=pnjuzahme&reporttype=&page=95 HTTP/1.1" 200 22154 "-" "Mozilla/5.0 (compatible; Googlebot/2.1; +http://www.google.com/bot.html)"
157.55.39.165 - - [12/Jun/2017:05:51:09 +0530] "GET /constitution.php HTTP/1.1" 200 23669 "-" "Mozilla/5.0 (compatible; bingbot/2.0; +http://www.bing.com/bingbot.htm)"
66.249.79.131 - - [12/Jun/2017:05:54:33 +0530] "GET /reports_list_details.php?id=fnxntyvmlpku&reporttype=&page=159 HTTP/1.1" 200 22092 "-" "Mozilla/5.0 (compatible; Googlebot/2.1; +http://www.google.com/bot.html)"
202.46.53.112 - - [12/Jun/2017:05:54:58 +0530] "GET /project_details_view.php?id=325 HTTP/1.1" 200 13913 "-" "Mozilla/5.0 (Windows NT 10.0; WOW64) AppleWebKit/537.36 (KHTML, like Gecko) Chrome/45.0.2454.93 Safari/537.36"
157.55.39.165 - - [12/Jun/2017:05:57:55 +0530] "GET /downloads/Template_sharing%202Percent.doc HTTP/1.1" 200 73728 "-" "Mozilla/5.0 (compatible; bingbot/2.0; +http://www.bing.com/bingbot.htm)"
35.184.189.105 - - [12/Jun/2017:06:00:53 +0530] "GET /robots.txt HTTP/1.1" 404 208 "-" "ltx71 - (http://ltx71.com/)"
104.131.147.112 - - [12/Jun/2017:06:01:10 +0530] "GET / HTTP/1.1" 200 19480 "-" "Mozilla/5.0 (compatible; Gluten Free Crawler/1.0; +http://glutenfreepleasure.com/)"
40.77.167.85 - - [12/Jun/2017:06:06:03 +0530] "GET /news_more.php HTTP/1.1" 200 21061 "-" "Mozilla/5.0 (compatible; bingbot/2.0; +http://www.bing.com/bingbot.htm)"
1.186.174.221 - - [12/Jun/2017:06:09:37 +0530] "GET / HTTP/1.1" 200 19480 "http://www.google.co.in/" "Mozilla/5.0 (Linux; Android 6.0.1; ONE A2003 Build/MMB29M) AppleWebKit/537.36 (KHTML, like Gecko) Chrome/58.0.3029.83 Mobile Safari/537.36"
1.186.174.221 - - [12/Jun/2017:06:09:37 +0530] "GET /includes/ncdma.css HTTP/1.1" 200 13023 "http://www.cdmindia.gov.in/" "Mozilla/5.0 (Linux; Android 6.0.1; ONE A2003 Build/MMB29M) AppleWebKit/537.36 (KHTML, like Gecko) Chrome/58.0.3029.83 Mobile Safari/537.36"
1.186.174.221 - - [12/Jun/2017:06:09:37 +0530] "GET /ncdma.css HTTP/1.1" 200 12640 "http://www.cdmindia.gov.in/" "Mozilla/5.0 (Linux; Android 6.0.1; ONE A2003 Build/MMB29M) AppleWebKit/537.36 (KHTML, like Gecko) Chrome/58.0.3029.83 Mobile Safari/537.36"
1.186.174.221 - - [12/Jun/2017:06:09:37 +0530] "GET /Scripts/AC_RunActiveContent.js HTTP/1.1" 200 8321 "http://www.cdmindia.gov.in/" "Mozilla/5.0 (Linux; Android 6.0.1; ONE A2003 Build/MMB29M) AppleWebKit/537.36 (KHTML, like Gecko) Chrome/58.0.3029.83 Mobile Safari/537.36"
1.186.174.221 - - [12/Jun/2017:06:09:37 +0530] "GET /js/base64_encode.js HTTP/1.1" 200 3002 "http://www.cdmindia.gov.in/" "Mozilla/5.0 (Linux; Android 6.0.1; ONE A2003 Build/MMB29M) AppleWebKit/537.36 (KHTML, like Gecko) Chrome/58.0.3029.83 Mobile Safari/537.36"
1.186.174.221 - - [12/Jun/2017:06:09:37 +0530] "GET /js/md5.js HTTP/1.1" 200 13194 "http://www.cdmindia.gov.in/" "Mozilla/5.0 (Linux; Android 6.0.1; ONE A2003 Build/MMB29M) AppleWebKit/537.36 (KHTML, like Gecko) Chrome/58.0.3029.83 Mobile Safari/537.36"
1.186.174.221 - - [12/Jun/2017:06:09:37 +0530] "GET /images/img2.jpg HTTP/1.1" 200 16276 "http://www.cdmindia.gov.in/" "Mozilla/5.0 (Linux; Android 6.0.1; ONE A2003 Build/MMB29M) AppleWebKit/537.36 (KHTML, like Gecko) Chrome/58.0.3029.83 Mobile Safari/537.36"
1.186.174.221 - - [12/Jun/2017:06:09:37 +0530] "GET /images/spacer.gif HTTP/1.1" 200 43 "http://www.cdmindia.gov.in/" "Mozilla/5.0 (Linux; Android 6.0.1; ONE A2003 Build/MMB29M) AppleWebKit/537.36 (KHTML, like Gecko) Chrome/58.0.3029.83 Mobile Safari/537.36"
1.186.174.221 - - [12/Jun/2017:06:09:37 +0530] "GET /images/bullet1.gif HTTP/1.1" 200 67 "http://www.cdmindia.gov.in/" "Mozilla/5.0 (Linux; Android 6.0.1; ONE A2003 Build/MMB29M) AppleWebKit/537.36 (KHTML, like Gecko) Chrome/58.0.3029.83 Mobile Safari/537.36"
1.186.174.221 - - [12/Jun/2017:06:09:37 +0530] "GET /images/bulllet2.gif HTTP/1.1" 200 58 "http://www.cdmindia.gov.in/" "Mozilla/5.0 (Linux; Android 6.0.1; ONE A2003 Build/MMB29M) AppleWebKit/537.36 (KHTML, like Gecko) Chrome/58.0.3029.83 Mobile Safari/537.36"
1.186.174.221 - - [12/Jun/2017:06:09:37 +0530] "GET /images/bullet4.gif HTTP/1.1" 200 67 "http://www.cdmindia.gov.in/" "Mozilla/5.0 (Linux; Android 6.0.1; ONE A2003 Build/MMB29M) AppleWebKit/537.36 (KHTML, like Gecko) Chrome/58.0.3029.83 Mobile Safari/537.36"
1.186.174.221 - - [12/Jun/2017:06:09:37 +0530] "GET /images/img3.jpg HTTP/1.1" 200 26957 "http://www.cdmindia.gov.in/" "Mozilla/5.0 (Linux; Android 6.0.1; ONE A2003 Build/MMB29M) AppleWebKit/537.36 (KHTML, like Gecko) Chrome/58.0.3029.83 Mobile Safari/537.36"
1.186.174.221 - - [12/Jun/2017:06:09:37 +0530] "GET /images/img1.jpg HTTP/1.1" 200 1251 "http://www.cdmindia.gov.in/" "Mozilla/5.0 (Linux; Android 6.0.1; ONE A2003 Build/MMB29M) AppleWebKit/537.36 (KHTML, like Gecko) Chrome/58.0.3029.83 Mobile Safari/537.36"
1.186.174.221 - - [12/Jun/2017:06:09:37 +0530] "GET /images/fbg.jpg HTTP/1.1" 200 325 "http://www.cdmindia.gov.in/" "Mozilla/5.0 (Linux; Android 6.0.1; ONE A2003 Build/MMB29M) AppleWebKit/537.36 (KHTML, like Gecko) Chrome/58.0.3029.83 Mobile Safari/537.36"
1.186.174.221 - - [12/Jun/2017:06:09:37 +0530] "GET /images/fe.jpg HTTP/1.1" 200 1429 "http://www.cdmindia.gov.in/" "Mozilla/5.0 (Linux; Android 6.0.1; ONE A2003 Build/MMB29M) AppleWebKit/537.36 (KHTML, like Gecko) Chrome/58.0.3029.83 Mobile Safari/537.36"
1.186.174.221 - - [12/Jun/2017:06:09:37 +0530] "GET /images/fdm.jpg HTTP/1.1" 200 2043 "http://www.cdmindia.gov.in/" "Mozilla/5.0 (Linux; Android 6.0.1; ONE A2003 Build/MMB29M) AppleWebKit/537.36 (KHTML, like Gecko) Chrome/58.0.3029.83 Mobile Safari/537.36"
1.186.174.221 - - [12/Jun/2017:06:09:37 +0530] "GET /images/gtz.jpg HTTP/1.1" 200 15484 "http://www.cdmindia.gov.in/" "Mozilla/5.0 (Linux; Android 6.0.1; ONE A2003 Build/MMB29M) AppleWebKit/537.36 (KHTML, like Gecko) Chrome/58.0.3029.83 Mobile Safari/537.36"
1.186.174.221 - - [12/Jun/2017:06:09:37 +0530] "GET /images/login1.jpg HTTP/1.1" 200 618 "http://www.cdmindia.gov.in/" "Mozilla/5.0 (Linux; Android 6.0.1; ONE A2003 Build/MMB29M) AppleWebKit/537.36 (KHTML, like Gecko) Chrome/58.0.3029.83 Mobile Safari/537.36"
1.186.174.221 - - [12/Jun/2017:06:09:37 +0530] "GET /images/bullet3.gif HTTP/1.1" 200 58 "http://www.cdmindia.gov.in/" "Mozilla/5.0 (Linux; Android 6.0.1; ONE A2003 Build/MMB29M) AppleWebKit/537.36 (KHTML, like Gecko) Chrome/58.0.3029.83 Mobile Safari/537.36"
1.186.174.221 - - [12/Jun/2017:06:09:37 +0530] "GET /images/login.jpg HTTP/1.1" 200 1044 "http://www.cdmindia.gov.in/" "Mozilla/5.0 (Linux; Android 6.0.1; ONE A2003 Build/MMB29M) AppleWebKit/537.36 (KHTML, like Gecko) Chrome/58.0.3029.83 Mobile Safari/537.36"
1.186.174.221 - - [12/Jun/2017:06:09:37 +0530] "GET /favicon.ico HTTP/1.1" 200 1189 "http://www.cdmindia.gov.in/" "Mozilla/5.0 (Linux; Android 6.0.1; ONE A2003 Build/MMB29M) AppleWebKit/537.36 (KHTML, like Gecko) Chrome/58.0.3029.83 Mobile Safari/537.36"
1.186.174.221 - - [12/Jun/2017:06:09:42 +0530] "GET /constitution.php HTTP/1.1" 200 23669 "http://www.cdmindia.gov.in/" "Mozilla/5.0 (Linux; Android 6.0.1; ONE A2003 Build/MMB29M) AppleWebKit/537.36 (KHTML, like Gecko) Chrome/58.0.3029.83 Mobile Safari/537.36"
1.186.174.221 - - [12/Jun/2017:06:09:42 +0530] "GET /js/index_validations.js HTTP/1.1" 200 3143 "http://www.cdmindia.gov.in/constitution.php" "Mozilla/5.0 (Linux; Android 6.0.1; ONE A2003 Build/MMB29M) AppleWebKit/537.36 (KHTML, like Gecko) Chrome/58.0.3029.83 Mobile Safari/537.36"
1.186.174.221 - - [12/Jun/2017:06:09:42 +0530] "GET /images/h_cons.jpg HTTP/1.1" 200 21924 "http://www.cdmindia.gov.in/constitution.php" "Mozilla/5.0 (Linux; Android 6.0.1; ONE A2003 Build/MMB29M) AppleWebKit/537.36 (KHTML, like Gecko) Chrome/58.0.3029.83 Mobile Safari/537.36"
35.184.109.186 - - [12/Jun/2017:06:11:07 +0530] "GET /robots.txt HTTP/1.1" 404 208 "-" "ltx71 - (http://ltx71.com/)"
35.184.189.105 - - [12/Jun/2017:06:12:00 +0530] "GET /robots.txt HTTP/1.1" 404 208 "-" "ltx71 - (http://ltx71.com/)"
157.55.39.0 - - [12/Jun/2017:06:13:53 +0530] "GET /robots.txt HTTP/1.1" 404 208 "-" "Mozilla/5.0 (compatible; bingbot/2.0; +http://www.bing.com/bingbot.htm)"
157.55.39.165 - - [12/Jun/2017:06:13:56 +0530] "GET /reports_list_details.php?id=Small&reporttype=4&page=223 HTTP/1.1" 200 21388 "-" "Mozilla/5.0 (compatible; bingbot/2.0; +http://www.bing.com/bingbot.htm)"
35.184.189.105 - - [12/Jun/2017:06:15:09 +0530] "GET /images/NCDMA%20PCN%20Format%2017072009.doc HTTP/1.1" 200 114176 "-" "ltx71 - (http://ltx71.com/)"
1.187.212.176 - - [12/Jun/2017:06:15:36 +0530] "GET /project_details_view.php?id=754 HTTP/1.1" 200 14246 "android-app://com.google.android.googlequicksearchbox" "Mozilla/5.0 (Linux; Android 5.1; T80 Build/LMY47I) AppleWebKit/537.36 (KHTML, like Gecko) Chrome/58.0.3029.83 Safari/537.36"
1.187.212.176 - - [12/Jun/2017:06:15:37 +0530] "GET /includes/ncdma.css HTTP/1.1" 200 13023 "http://www.cdmindia.gov.in/project_details_view.php?id=754" "Mozilla/5.0 (Linux; Android 5.1; T80 Build/LMY47I) AppleWebKit/537.36 (KHTML, like Gecko) Chrome/58.0.3029.83 Safari/537.36"
1.187.212.176 - - [12/Jun/2017:06:15:37 +0530] "GET /ncdma.css HTTP/1.1" 200 12640 "http://www.cdmindia.gov.in/project_details_view.php?id=754" "Mozilla/5.0 (Linux; Android 5.1; T80 Build/LMY47I) AppleWebKit/537.36 (KHTML, like Gecko) Chrome/58.0.3029.83 Safari/537.36"
1.187.212.176 - - [12/Jun/2017:06:15:37 +0530] "GET /Scripts/AC_RunActiveContent.js HTTP/1.1" 200 8321 "http://www.cdmindia.gov.in/project_details_view.php?id=754" "Mozilla/5.0 (Linux; Android 5.1; T80 Build/LMY47I) AppleWebKit/537.36 (KHTML, like Gecko) Chrome/58.0.3029.83 Safari/537.36"
1.187.212.176 - - [12/Jun/2017:06:15:37 +0530] "GET /images/spacer.gif HTTP/1.1" 200 43 "http://www.cdmindia.gov.in/project_details_view.php?id=754" "Mozilla/5.0 (Linux; Android 5.1; T80 Build/LMY47I) AppleWebKit/537.36 (KHTML, like Gecko) Chrome/58.0.3029.83 Safari/537.36"
1.187.212.176 - - [12/Jun/2017:06:15:37 +0530] "GET /images/bullet1.gif HTTP/1.1" 200 67 "http://www.cdmindia.gov.in/project_details_view.php?id=754" "Mozilla/5.0 (Linux; Android 5.1; T80 Build/LMY47I) AppleWebKit/537.36 (KHTML, like Gecko) Chrome/58.0.3029.83 Safari/537.36"
1.187.212.176 - - [12/Jun/2017:06:15:37 +0530] "GET /images/bulllet2.gif HTTP/1.1" 200 58 "http://www.cdmindia.gov.in/project_details_view.php?id=754" "Mozilla/5.0 (Linux; Android 5.1; T80 Build/LMY47I) AppleWebKit/537.36 (KHTML, like Gecko) Chrome/58.0.3029.83 Safari/537.36"
1.187.212.176 - - [12/Jun/2017:06:15:37 +0530] "GET /images/bullet4.gif HTTP/1.1" 200 67 "http://www.cdmindia.gov.in/project_details_view.php?id=754" "Mozilla/5.0 (Linux; Android 5.1; T80 Build/LMY47I) AppleWebKit/537.36 (KHTML, like Gecko) Chrome/58.0.3029.83 Safari/537.36"
1.187.212.176 - - [12/Jun/2017:06:15:37 +0530] "GET /images/img2.jpg HTTP/1.1" 200 16276 "http://www.cdmindia.gov.in/project_details_view.php?id=754" "Mozilla/5.0 (Linux; Android 5.1; T80 Build/LMY47I) AppleWebKit/537.36 (KHTML, like Gecko) Chrome/58.0.3029.83 Safari/537.36"
1.187.212.176 - - [12/Jun/2017:06:15:37 +0530] "GET /images/img3.jpg HTTP/1.1" 200 26957 "http://www.cdmindia.gov.in/project_details_view.php?id=754" "Mozilla/5.0 (Linux; Android 5.1; T80 Build/LMY47I) AppleWebKit/537.36 (KHTML, like Gecko) Chrome/58.0.3029.83 Safari/537.36"
1.187.212.176 - - [12/Jun/2017:06:15:38 +0530] "GET /images/fbg.jpg HTTP/1.1" 200 325 "http://www.cdmindia.gov.in/project_details_view.php?id=754" "Mozilla/5.0 (Linux; Android 5.1; T80 Build/LMY47I) AppleWebKit/537.36 (KHTML, like Gecko) Chrome/58.0.3029.83 Safari/537.36"
1.187.212.176 - - [12/Jun/2017:06:15:38 +0530] "GET /images/img1.jpg HTTP/1.1" 200 1251 "http://www.cdmindia.gov.in/project_details_view.php?id=754" "Mozilla/5.0 (Linux; Android 5.1; T80 Build/LMY47I) AppleWebKit/537.36 (KHTML, like Gecko) Chrome/58.0.3029.83 Safari/537.36"
1.187.212.176 - - [12/Jun/2017:06:15:38 +0530] "GET /images/fdm.jpg HTTP/1.1" 200 2043 "http://www.cdmindia.gov.in/project_details_view.php?id=754" "Mozilla/5.0 (Linux; Android 5.1; T80 Build/LMY47I) AppleWebKit/537.36 (KHTML, like Gecko) Chrome/58.0.3029.83 Safari/537.36"
1.187.212.176 - - [12/Jun/2017:06:15:38 +0530] "GET /images/gtz.jpg HTTP/1.1" 200 15484 "http://www.cdmindia.gov.in/project_details_view.php?id=754" "Mozilla/5.0 (Linux; Android 5.1; T80 Build/LMY47I) AppleWebKit/537.36 (KHTML, like Gecko) Chrome/58.0.3029.83 Safari/537.36"
1.187.212.176 - - [12/Jun/2017:06:15:39 +0530] "GET /favicon.ico HTTP/1.1" 200 1189 "http://www.cdmindia.gov.in/project_details_view.php?id=754" "Mozilla/5.0 (Linux; Android 5.1; T80 Build/LMY47I) AppleWebKit/537.36 (KHTML, like Gecko) Chrome/58.0.3029.83 Safari/537.36"
66.249.79.133 - - [12/Jun/2017:06:16:53 +0530] "GET / HTTP/1.1" 200 19480 "-" "Mozilla/5.0 (Linux; Android 6.0.1; Nexus 5X Build/MMB29P) AppleWebKit/537.36 (KHTML, like Gecko) Chrome/41.0.2272.96 Mobile Safari/537.36 (compatible; Googlebot/2.1; +http://www.google.com/bot.html)"
216.244.66.248 - - [12/Jun/2017:06:17:34 +0530] "GET /robots.txt HTTP/1.1" 404 208 "-" "Mozilla/5.0 (compatible; DotBot/1.1; http://www.opensiteexplorer.org/dotbot, help@moz.com)"
157.55.39.165 - - [12/Jun/2017:06:21:39 +0530] "GET /downloads/Template_sharing%202Percent.doc HTTP/1.1" 200 73728 "-" "Mozilla/5.0 (compatible; bingbot/2.0; +http://www.bing.com/bingbot.htm)"
202.46.52.208 - - [12/Jun/2017:06:24:03 +0530] "GET /project_details_view.php?id=1992 HTTP/1.1" 200 13717 "-" "Mozilla/5.0 (Windows NT 10.0; WOW64) AppleWebKit/537.36 (KHTML, like Gecko) Chrome/45.0.2454.93 Safari/537.36"
1.187.212.176 - - [12/Jun/2017:06:24:10 +0530] "GET /project_details_view.php?id=396 HTTP/1.1" 200 14201 "android-app://com.google.android.googlequicksearchbox" "Mozilla/5.0 (Linux; Android 5.1; T80 Build/LMY47I) AppleWebKit/537.36 (KHTML, like Gecko) Chrome/58.0.3029.83 Safari/537.36"
157.55.39.165 - - [12/Jun/2017:06:24:47 +0530] "GET /detail_events.php?id= HTTP/1.1" 302 16738 "-" "Mozilla/5.0 (compatible; bingbot/2.0; +http://www.bing.com/bingbot.htm)"
157.55.39.165 - - [12/Jun/2017:06:24:48 +0530] "GET /logout.php HTTP/1.1" 302 369 "-" "Mozilla/5.0 (compatible; bingbot/2.0; +http://www.bing.com/bingbot.htm)"
157.55.39.165 - - [12/Jun/2017:06:24:49 +0530] "GET /index.php HTTP/1.1" 200 19480 "-" "Mozilla/5.0 (compatible; bingbot/2.0; +http://www.bing.com/bingbot.htm)"
157.55.39.165 - - [12/Jun/2017:06:26:28 +0530] "GET /sitemap.php HTTP/1.1" 200 18469 "-" "Mozilla/5.0 (compatible; bingbot/2.0; +http://www.bing.com/bingbot.htm)"
188.73.148.2 - - [12/Jun/2017:06:29:19 +0530] "GET /approval_process.php HTTP/1.0" 200 25912 "http://aksonural.ru/" "Mozilla/5.0 (Windows NT 6.3; WOW64) AppleWebKit/537.36 (KHTML, like Gecko) Chrome/56.0.2924.87 Safari/537.36"
188.73.148.2 - - [12/Jun/2017:06:29:20 +0530] "GET /registration.php HTTP/1.0" 200 28529 "http://aksonural.ru/" "Mozilla/5.0 (Windows NT 10.0; Win64; x64) AppleWebKit/537.36 (KHTML, like Gecko) Chrome/56.0.2924.87 Safari/537.36 OPR/43.0.2442.1144"
188.73.148.2 - - [12/Jun/2017:06:29:20 +0530] "GET / HTTP/1.0" 200 19480 "http://aksonural.ru/" "Mozilla/5.0 (Windows NT 6.1; WOW64) AppleWebKit/537.36 (KHTML, like Gecko) Chrome/56.0.2924.87 YaBrowser/17.3.1.840 Yowser/2.5 Safari/537.36"
35.184.189.105 - - [12/Jun/2017:06:36:36 +0530] "GET /robots.txt HTTP/1.1" 404 208 "-" "ltx71 - (http://ltx71.com/)"
66.249.79.131 - - [12/Jun/2017:06:37:15 +0530] "GET /project_details_view.php?id=1490&oid=&page=21&reporttype= HTTP/1.1" 200 14287 "-" "Mozilla/5.0 (compatible; Googlebot/2.1; +http://www.google.com/bot.html)"
157.55.39.165 - - [12/Jun/2017:06:42:25 +0530] "GET /imp_links.php HTTP/1.1" 200 17834 "-" "Mozilla/5.0 (compatible; bingbot/2.0; +http://www.bing.com/bingbot.htm)"
157.55.39.165 - - [12/Jun/2017:06:48:15 +0530] "GET /constitution.php HTTP/1.1" 200 23669 "-" "Mozilla/5.0 (compatible; bingbot/2.0; +http://www.bing.com/bingbot.htm)"
216.244.66.243 - - [12/Jun/2017:06:50:17 +0530] "GET /robots.txt HTTP/1.1" 404 208 "-" "Mozilla/5.0 (compatible; DotBot/1.1; http://www.opensiteexplorer.org/dotbot, help@moz.com)"
66.249.79.133 - - [12/Jun/2017:06:52:22 +0530] "GET / HTTP/1.1" 200 19480 "-" "Mozilla/5.0 (Linux; Android 6.0.1; Nexus 5X Build/MMB29P) AppleWebKit/537.36 (KHTML, like Gecko) Chrome/41.0.2272.96 Mobile Safari/537.36 (compatible; Googlebot/2.1; +http://www.google.com/bot.html)"
202.46.48.203 - - [12/Jun/2017:06:53:08 +0530] "GET /project_details_view_report.php?id=1758 HTTP/1.1" 200 13269 "-" "Mozilla/5.0 (Windows NT 10.0; WOW64) AppleWebKit/537.36 (KHTML, like Gecko) Chrome/45.0.2454.93 Safari/537.36"
179.34.18.94 - - [12/Jun/2017:06:55:10 +0530] "GET /wp-login.php HTTP/1.1" 404 210 "-" "Mozilla/5.0 (Windows NT 6.1; WOW64; rv:40.0) Gecko/20100101 Firefox/40.1"
179.34.18.94 - - [12/Jun/2017:06:55:10 +0530] "GET / HTTP/1.1" 200 19480 "-" "Mozilla/5.0 (Windows NT 6.1; WOW64; rv:40.0) Gecko/20100101 Firefox/40.1"
24.249.121.215 - - [12/Jun/2017:06:56:08 +0530] "GET /wp-login.php HTTP/1.0" 404 210 "-" "Mozilla/5.0 (Windows NT 6.3; WOW64; Trident/7.0; rv:11.0) like Gecko"
66.249.79.133 - - [12/Jun/2017:06:57:36 +0530] "GET /project_details_view.php?id=1217&oid=&page=47&reporttype= HTTP/1.1" 200 15277 "-" "Mozilla/5.0 (compatible; Googlebot/2.1; +http://www.google.com/bot.html)"
216.244.66.243 - - [12/Jun/2017:06:57:38 +0530] "GET /downloads/Carbon%20Market%20Roadmap.pdf HTTP/1.1" 200 4344697 "-" "Mozilla/5.0 (compatible; DotBot/1.1; http://www.opensiteexplorer.org/dotbot, help@moz.com)"
157.55.39.106 - - [12/Jun/2017:06:58:51 +0530] "GET /downloads/Comparision%20of%20PCN_30.03.doc HTTP/1.1" 200 49664 "-" "Mozilla/5.0 (compatible; bingbot/2.0; +http://www.bing.com/bingbot.htm)"
216.244.66.248 - - [12/Jun/2017:07:01:29 +0530] "GET /detail_past_events.php?id=5 HTTP/1.1" 302 17976 "-" "Mozilla/5.0 (compatible; DotBot/1.1; http://www.opensiteexplorer.org/dotbot, help@moz.com)"
104.131.147.112 - - [12/Jun/2017:07:02:52 +0530] "GET / HTTP/1.1" 200 19480 "-" "Mozilla/5.0 (compatible; Gluten Free Crawler/1.0; +http://glutenfreepleasure.com/)"
61.3.84.160 - - [12/Jun/2017:07:05:57 +0530] "GET /reports_list_details.php?id=Karnataka&reporttype=2&page=8 HTTP/1.1" 200 21593 "-" "Mozilla/5.0 (Macintosh; Intel Mac OS X 10_12_5) AppleWebKit/603.2.4 (KHTML, like Gecko)"
61.3.84.160 - - [12/Jun/2017:07:05:58 +0530] "GET /apple-touch-icon-precomposed.png HTTP/1.1" 404 230 "-" "Safari/12603.2.4 CFNetwork/811.5.4 Darwin/16.6.0 (x86_64)"
61.3.84.160 - - [12/Jun/2017:07:05:58 +0530] "GET /apple-touch-icon.png HTTP/1.1" 404 218 "-" "Safari/12603.2.4 CFNetwork/811.5.4 Darwin/16.6.0 (x86_64)"
61.3.84.160 - - [12/Jun/2017:07:05:58 +0530] "GET /favicon.ico HTTP/1.1" 200 1189 "-" "Safari/12603.2.4 CFNetwork/811.5.4 Darwin/16.6.0 (x86_64)"
61.3.84.160 - - [12/Jun/2017:07:05:58 +0530] "GET /reports_list_details.php?id=Karnataka&reporttype=2&page=8 HTTP/1.1" 200 21593 "-" "Mozilla/5.0 (iPhone; CPU iPhone OS 10_0 like Mac OS X) AppleWebKit/602.1.38 (KHTML, like Gecko) Version/10.0 Mobile/14A300 Safari/602.1"
61.3.84.160 - - [12/Jun/2017:07:05:59 +0530] "GET /apple-touch-icon-precomposed.png HTTP/1.1" 404 230 "-" "Safari/12603.2.4 CFNetwork/811.5.4 Darwin/16.6.0 (x86_64)"
61.3.84.160 - - [12/Jun/2017:07:05:59 +0530] "GET /apple-touch-icon.png HTTP/1.1" 404 218 "-" "Safari/12603.2.4 CFNetwork/811.5.4 Darwin/16.6.0 (x86_64)"
92.133.42.158 - - [12/Jun/2017:07:06:12 +0530] "GET /robots.txt HTTP/1.1" 404 208 "-" "Java/1.8.0_101"
65.19.167.130 - - [12/Jun/2017:07:07:25 +0530] "GET /wp-login.php HTTP/1.1" 404 210 "-" "Mozilla/5.0 (Windows; U; Windows NT 6.1; en-US; rv:1.9.2.28)"
66.249.79.129 - - [12/Jun/2017:07:07:53 +0530] "GET /project_details_view.php?id=1357&oid=1&page=24&reporttype=1 HTTP/1.1" 200 14159 "-" "Mozilla/5.0 (compatible; Googlebot/2.1; +http://www.google.com/bot.html)"
66.249.79.129 - - [12/Jun/2017:07:10:20 +0530] "GET /reports_list_details.php?id=fnxntyvmlpku&reporttype=&page=132 HTTP/1.1" 200 21949 "-" "Mozilla/5.0 (compatible; Googlebot/2.1; +http://www.google.com/bot.html)"
157.55.39.176 - - [12/Jun/2017:07:12:56 +0530] "GET /contactus.php HTTP/1.1" 200 18292 "-" "Mozilla/5.0 (compatible; bingbot/2.0; +http://www.bing.com/bingbot.htm)"
27.59.106.204 - - [12/Jun/2017:07:13:09 +0530] "GET /project_details_view.php?id=1415 HTTP/1.1" 200 15208 "https://www.google.co.in/" "Mozilla/5.0 (Linux; Android 6.0.1; Redmi 3S Build/MMB29M) AppleWebKit/537.36 (KHTML, like Gecko) Chrome/46.0.2490.76 Mobile Safari/537.36"
27.59.106.204 - - [12/Jun/2017:07:13:10 +0530] "GET /includes/ncdma.css HTTP/1.1" 200 13023 "http://www.cdmindia.gov.in/project_details_view.php?id=1415" "Mozilla/5.0 (Linux; Android 6.0.1; Redmi 3S Build/MMB29M) AppleWebKit/537.36 (KHTML, like Gecko) Chrome/46.0.2490.76 Mobile Safari/537.36"
27.59.106.204 - - [12/Jun/2017:07:13:10 +0530] "GET /ncdma.css HTTP/1.1" 200 12640 "http://www.cdmindia.gov.in/project_details_view.php?id=1415" "Mozilla/5.0 (Linux; Android 6.0.1; Redmi 3S Build/MMB29M) AppleWebKit/537.36 (KHTML, like Gecko) Chrome/46.0.2490.76 Mobile Safari/537.36"
27.59.106.204 - - [12/Jun/2017:07:13:10 +0530] "GET /Scripts/AC_RunActiveContent.js HTTP/1.1" 200 8321 "http://www.cdmindia.gov.in/project_details_view.php?id=1415" "Mozilla/5.0 (Linux; Android 6.0.1; Redmi 3S Build/MMB29M) AppleWebKit/537.36 (KHTML, like Gecko) Chrome/46.0.2490.76 Mobile Safari/537.36"
27.59.106.204 - - [12/Jun/2017:07:13:10 +0530] "GET /images/img2.jpg HTTP/1.1" 200 16276 "http://www.cdmindia.gov.in/project_details_view.php?id=1415" "Mozilla/5.0 (Linux; Android 6.0.1; Redmi 3S Build/MMB29M) AppleWebKit/537.36 (KHTML, like Gecko) Chrome/46.0.2490.76 Mobile Safari/537.36"
27.59.106.204 - - [12/Jun/2017:07:13:10 +0530] "GET /images/spacer.gif HTTP/1.1" 200 43 "http://www.cdmindia.gov.in/project_details_view.php?id=1415" "Mozilla/5.0 (Linux; Android 6.0.1; Redmi 3S Build/MMB29M) AppleWebKit/537.36 (KHTML, like Gecko) Chrome/46.0.2490.76 Mobile Safari/537.36"
27.59.106.204 - - [12/Jun/2017:07:13:10 +0530] "GET /images/bulllet2.gif HTTP/1.1" 200 58 "http://www.cdmindia.gov.in/project_details_view.php?id=1415" "Mozilla/5.0 (Linux; Android 6.0.1; Redmi 3S Build/MMB29M) AppleWebKit/537.36 (KHTML, like Gecko) Chrome/46.0.2490.76 Mobile Safari/537.36"
27.59.106.204 - - [12/Jun/2017:07:13:10 +0530] "GET /images/bullet1.gif HTTP/1.1" 200 67 "http://www.cdmindia.gov.in/project_details_view.php?id=1415" "Mozilla/5.0 (Linux; Android 6.0.1; Redmi 3S Build/MMB29M) AppleWebKit/537.36 (KHTML, like Gecko) Chrome/46.0.2490.76 Mobile Safari/537.36"
27.59.106.204 - - [12/Jun/2017:07:13:10 +0530] "GET /images/bullet4.gif HTTP/1.1" 200 67 "http://www.cdmindia.gov.in/project_details_view.php?id=1415" "Mozilla/5.0 (Linux; Android 6.0.1; Redmi 3S Build/MMB29M) AppleWebKit/537.36 (KHTML, like Gecko) Chrome/46.0.2490.76 Mobile Safari/537.36"
27.59.106.204 - - [12/Jun/2017:07:13:10 +0530] "GET /images/img3.jpg HTTP/1.1" 200 26957 "http://www.cdmindia.gov.in/project_details_view.php?id=1415" "Mozilla/5.0 (Linux; Android 6.0.1; Redmi 3S Build/MMB29M) AppleWebKit/537.36 (KHTML, like Gecko) Chrome/46.0.2490.76 Mobile Safari/537.36"
27.59.106.204 - - [12/Jun/2017:07:13:10 +0530] "GET /images/fdm.jpg HTTP/1.1" 200 2043 "http://www.cdmindia.gov.in/project_details_view.php?id=1415" "Mozilla/5.0 (Linux; Android 6.0.1; Redmi 3S Build/MMB29M) AppleWebKit/537.36 (KHTML, like Gecko) Chrome/46.0.2490.76 Mobile Safari/537.36"
27.59.106.204 - - [12/Jun/2017:07:13:10 +0530] "GET /images/img1.jpg HTTP/1.1" 200 1251 "http://www.cdmindia.gov.in/project_details_view.php?id=1415" "Mozilla/5.0 (Linux; Android 6.0.1; Redmi 3S Build/MMB29M) AppleWebKit/537.36 (KHTML, like Gecko) Chrome/46.0.2490.76 Mobile Safari/537.36"
27.59.106.204 - - [12/Jun/2017:07:13:10 +0530] "GET /images/gtz.jpg HTTP/1.1" 200 15484 "http://www.cdmindia.gov.in/project_details_view.php?id=1415" "Mozilla/5.0 (Linux; Android 6.0.1; Redmi 3S Build/MMB29M) AppleWebKit/537.36 (KHTML, like Gecko) Chrome/46.0.2490.76 Mobile Safari/537.36"
27.59.106.204 - - [12/Jun/2017:07:13:10 +0530] "GET /images/fbg.jpg HTTP/1.1" 200 325 "http://www.cdmindia.gov.in/project_details_view.php?id=1415" "Mozilla/5.0 (Linux; Android 6.0.1; Redmi 3S Build/MMB29M) AppleWebKit/537.36 (KHTML, like Gecko) Chrome/46.0.2490.76 Mobile Safari/537.36"
27.59.106.204 - - [12/Jun/2017:07:13:11 +0530] "GET /favicon.ico HTTP/1.1" 200 1189 "http://www.cdmindia.gov.in/project_details_view.php?id=1415" "Mozilla/5.0 (Linux; Android 6.0.1; Redmi 3S Build/MMB29M) AppleWebKit/537.36 (KHTML, like Gecko) Chrome/46.0.2490.76 Mobile Safari/537.36"
27.59.106.204 - - [12/Jun/2017:07:14:57 +0530] "GET /capacity_building.php HTTP/1.1" 200 19186 "http://www.cdmindia.gov.in/project_details_view.php?id=1415" "Mozilla/5.0 (Linux; Android 6.0.1; Redmi 3S Build/MMB29M) AppleWebKit/537.36 (KHTML, like Gecko) Chrome/46.0.2490.76 Mobile Safari/537.36"
27.59.106.204 - - [12/Jun/2017:07:14:58 +0530] "GET /js/index_validations.js HTTP/1.1" 200 3143 "http://www.cdmindia.gov.in/capacity_building.php" "Mozilla/5.0 (Linux; Android 6.0.1; Redmi 3S Build/MMB29M) AppleWebKit/537.36 (KHTML, like Gecko) Chrome/46.0.2490.76 Mobile Safari/537.36"
27.59.106.204 - - [12/Jun/2017:07:14:58 +0530] "GET /images/h_cb.jpg HTTP/1.1" 200 22394 "http://www.cdmindia.gov.in/capacity_building.php" "Mozilla/5.0 (Linux; Android 6.0.1; Redmi 3S Build/MMB29M) AppleWebKit/537.36 (KHTML, like Gecko) Chrome/46.0.2490.76 Mobile Safari/537.36"
27.59.106.204 - - [12/Jun/2017:07:14:58 +0530] "GET /images/bullet3.gif HTTP/1.1" 200 58 "http://www.cdmindia.gov.in/capacity_building.php" "Mozilla/5.0 (Linux; Android 6.0.1; Redmi 3S Build/MMB29M) AppleWebKit/537.36 (KHTML, like Gecko) Chrome/46.0.2490.76 Mobile Safari/537.36"
27.59.106.204 - - [12/Jun/2017:07:14:58 +0530] "GET /images/login1.jpg HTTP/1.1" 200 618 "http://www.cdmindia.gov.in/capacity_building.php" "Mozilla/5.0 (Linux; Android 6.0.1; Redmi 3S Build/MMB29M) AppleWebKit/537.36 (KHTML, like Gecko) Chrome/46.0.2490.76 Mobile Safari/537.36"
27.59.106.204 - - [12/Jun/2017:07:14:58 +0530] "GET /images/login.jpg HTTP/1.1" 200 1044 "http://www.cdmindia.gov.in/capacity_building.php" "Mozilla/5.0 (Linux; Android 6.0.1; Redmi 3S Build/MMB29M) AppleWebKit/537.36 (KHTML, like Gecko) Chrome/46.0.2490.76 Mobile Safari/537.36"
27.59.106.204 - - [12/Jun/2017:07:14:58 +0530] "GET /images/fe.jpg HTTP/1.1" 200 1429 "http://www.cdmindia.gov.in/capacity_building.php" "Mozilla/5.0 (Linux; Android 6.0.1; Redmi 3S Build/MMB29M) AppleWebKit/537.36 (KHTML, like Gecko) Chrome/46.0.2490.76 Mobile Safari/537.36"
27.59.106.204 - - [12/Jun/2017:07:15:15 +0530] "GET /approval_process.php HTTP/1.1" 200 25912 "http://www.cdmindia.gov.in/capacity_building.php" "Mozilla/5.0 (Linux; Android 6.0.1; Redmi 3S Build/MMB29M) AppleWebKit/537.36 (KHTML, like Gecko) Chrome/46.0.2490.76 Mobile Safari/537.36"
27.59.106.204 - - [12/Jun/2017:07:15:15 +0530] "GET /images/h_ap.jpg HTTP/1.1" 200 22346 "http://www.cdmindia.gov.in/approval_process.php" "Mozilla/5.0 (Linux; Android 6.0.1; Redmi 3S Build/MMB29M) AppleWebKit/537.36 (KHTML, like Gecko) Chrome/46.0.2490.76 Mobile Safari/537.36"
27.59.106.204 - - [12/Jun/2017:07:16:37 +0530] "GET /capacity_building.php HTTP/1.1" 200 19186 "http://www.cdmindia.gov.in/project_details_view.php?id=1415" "Mozilla/5.0 (Linux; Android 6.0.1; Redmi 3S Build/MMB29M) AppleWebKit/537.36 (KHTML, like Gecko) Chrome/46.0.2490.76 Mobile Safari/537.36"
27.59.106.204 - - [12/Jun/2017:07:16:42 +0530] "GET /downloads/Carbon%20Market%20Roadmap.pdf HTTP/1.1" 200 4344697 "http://www.cdmindia.gov.in/capacity_building.php" "Mozilla/5.0 (Linux; Android 6.0.1; Redmi 3S Build/MMB29M) AppleWebKit/537.36 (KHTML, like Gecko) Chrome/46.0.2490.76 Mobile Safari/537.36"
27.59.106.204 - - [12/Jun/2017:07:16:42 +0530] "GET /downloads/Carbon%20Market%20Roadmap.pdf HTTP/1.1" 200 4344697 "http://www.cdmindia.gov.in/capacity_building.php" "Mozilla/5.0 (Linux; Android 6.0.1; Redmi 3S Build/MMB29M) AppleWebKit/537.36 (KHTML, like Gecko) Chrome/46.0.2490.76 Mobile Safari/537.36"
27.59.106.204 - - [12/Jun/2017:07:19:48 +0530] "GET /project_details_view.php?id=1415 HTTP/1.1" 200 15208 "https://www.google.co.in/" "Mozilla/5.0 (Linux; Android 6.0.1; Redmi 3S Build/MMB29M) AppleWebKit/537.36 (KHTML, like Gecko) Chrome/46.0.2490.76 Mobile Safari/537.36"
157.55.39.176 - - [12/Jun/2017:07:21:29 +0530] "GET /registration.php HTTP/1.1" 302 28529 "-" "Mozilla/5.0 (compatible; bingbot/2.0; +http://www.bing.com/bingbot.htm)"
157.55.39.176 - - [12/Jun/2017:07:21:30 +0530] "GET /logout.php HTTP/1.1" 302 369 "-" "Mozilla/5.0 (compatible; bingbot/2.0; +http://www.bing.com/bingbot.htm)"
157.55.39.176 - - [12/Jun/2017:07:21:31 +0530] "GET /index.php HTTP/1.1" 200 19480 "-" "Mozilla/5.0 (compatible; bingbot/2.0; +http://www.bing.com/bingbot.htm)"
202.46.54.95 - - [12/Jun/2017:07:22:14 +0530] "GET /project_details_view.php?id=1167 HTTP/1.1" 200 14696 "-" "Mozilla/5.0 (Windows NT 10.0; WOW64) AppleWebKit/537.36 (KHTML, like Gecko) Chrome/45.0.2454.93 Safari/537.36"
157.55.39.176 - - [12/Jun/2017:07:22:43 +0530] "GET /registration.php HTTP/1.1" 302 28529 "-" "Mozilla/5.0 (compatible; bingbot/2.0; +http://www.bing.com/bingbot.htm)"
157.55.39.176 - - [12/Jun/2017:07:22:44 +0530] "GET /logout.php HTTP/1.1" 302 369 "-" "Mozilla/5.0 (compatible; bingbot/2.0; +http://www.bing.com/bingbot.htm)"
157.55.39.176 - - [12/Jun/2017:07:22:45 +0530] "GET /index.php HTTP/1.1" 200 19480 "-" "Mozilla/5.0 (compatible; bingbot/2.0; +http://www.bing.com/bingbot.htm)"
35.184.189.105 - - [12/Jun/2017:07:24:16 +0530] "GET /robots.txt HTTP/1.1" 404 208 "-" "ltx71 - (http://ltx71.com/)"
103.55.216.76 - - [12/Jun/2017:07:24:40 +0530] "GET /project_details_view.php?id='930 HTTP/1.1" 200 11450 "-" "-"
35.184.189.105 - - [12/Jun/2017:07:25:57 +0530] "GET /detail_news.php?id=18 HTTP/1.1" 302 18713 "-" "ltx71 - (http://ltx71.com/)"
35.184.189.105 - - [12/Jun/2017:07:27:52 +0530] "GET /aboutus.php HTTP/1.1" 200 19597 "-" "ltx71 - (http://ltx71.com/)"
220.181.108.114 - - [12/Jun/2017:07:30:52 +0530] "GET / HTTP/1.1" 200 19480 "-" "Mozilla/5.0 (compatible; Baiduspider/2.0; +http://www.baidu.com/search/spider.html)"
54.173.165.103 - - [12/Jun/2017:07:37:21 +0530] "GET / HTTP/1.1" 200 19480 "-" "Mozilla/5.0 (X11; Linux x86_64) AppleWebKit/537.36 (KHTML, like Gecko) Chrome/43.0.2357.134 Safari/537.36 http://notifyninja.com/monitoring"
157.55.39.176 - - [12/Jun/2017:07:38:01 +0530] "GET /approval_process.php HTTP/1.1" 200 25912 "-" "Mozilla/5.0 (compatible; bingbot/2.0; +http://www.bing.com/bingbot.htm)"
8.37.233.120 - - [12/Jun/2017:07:39:38 +0530] "GET /project_details_view.php?id=388 HTTP/1.1" 200 15321 "-" "Mozilla/5.0 (Linux; U; Android 5.1; en-US; Micromax E353 Build/LMY47I) AppleWebKit/534.30 (KHTML, like Gecko) Version/4.0 UCBrowser/10.4.1.565 U3/0.8.0 Mobile Safari/534.30"
8.37.233.120 - - [12/Jun/2017:07:39:39 +0530] "GET /Scripts/AC_RunActiveContent.js HTTP/1.1" 304 - "http://www.cdmindia.gov.in/project_details_view.php?id=388" "Mozilla/5.0 (Linux; U; Android 5.1; en-US; Micromax E353 Build/LMY47I) AppleWebKit/534.30 (KHTML, like Gecko) Version/4.0 UCBrowser/10.4.1.565 U3/0.8.0 Mobile Safari/534.30"
8.37.233.120 - - [12/Jun/2017:07:39:39 +0530] "GET /includes/ncdma.css HTTP/1.1" 200 13023 "http://www.cdmindia.gov.in/project_details_view.php?id=388" "Mozilla/5.0 (Linux; U; Android 5.1; en-US; Micromax E353 Build/LMY47I) AppleWebKit/534.30 (KHTML, like Gecko) Version/4.0 UCBrowser/10.4.1.565 U3/0.8.0 Mobile Safari/534.30"
8.37.233.120 - - [12/Jun/2017:07:39:39 +0530] "GET /images/bulllet2.gif HTTP/1.1" 304 - "http://www.cdmindia.gov.in/project_details_view.php?id=388" "Mozilla/5.0 (Linux; U; Android 5.1; en-US; Micromax E353 Build/LMY47I) AppleWebKit/534.30 (KHTML, like Gecko) Version/4.0 UCBrowser/10.4.1.565 U3/0.8.0 Mobile Safari/534.30"
8.37.233.120 - - [12/Jun/2017:07:39:39 +0530] "GET /images/img2.jpg HTTP/1.1" 304 - "http://www.cdmindia.gov.in/project_details_view.php?id=388" "Mozilla/5.0 (Linux; U; Android 5.1; en-US; Micromax E353 Build/LMY47I) AppleWebKit/534.30 (KHTML, like Gecko) Version/4.0 UCBrowser/10.4.1.565 U3/0.8.0 Mobile Safari/534.30"
8.37.233.120 - - [12/Jun/2017:07:39:39 +0530] "GET /ncdma.css HTTP/1.1" 200 12640 "http://www.cdmindia.gov.in/project_details_view.php?id=388" "Mozilla/5.0 (Linux; U; Android 5.1; en-US; Micromax E353 Build/LMY47I) AppleWebKit/534.30 (KHTML, like Gecko) Version/4.0 UCBrowser/10.4.1.565 U3/0.8.0 Mobile Safari/534.30"
8.37.233.120 - - [12/Jun/2017:07:39:39 +0530] "GET /images/bullet4.gif HTTP/1.1" 304 - "http://www.cdmindia.gov.in/project_details_view.php?id=388" "Mozilla/5.0 (Linux; U; Android 5.1; en-US; Micromax E353 Build/LMY47I) AppleWebKit/534.30 (KHTML, like Gecko) Version/4.0 UCBrowser/10.4.1.565 U3/0.8.0 Mobile Safari/534.30"
8.37.233.120 - - [12/Jun/2017:07:39:39 +0530] "GET /images/spacer.gif HTTP/1.1" 304 - "http://www.cdmindia.gov.in/project_details_view.php?id=388" "Mozilla/5.0 (Linux; U; Android 5.1; en-US; Micromax E353 Build/LMY47I) AppleWebKit/534.30 (KHTML, like Gecko) Version/4.0 UCBrowser/10.4.1.565 U3/0.8.0 Mobile Safari/534.30"
8.37.233.120 - - [12/Jun/2017:07:39:39 +0530] "GET /images/gtz.jpg HTTP/1.1" 200 15484 "http://www.cdmindia.gov.in/project_details_view.php?id=388" "Mozilla/5.0 (Linux; U; Android 5.1; en-US; Micromax E353 Build/LMY47I) AppleWebKit/534.30 (KHTML, like Gecko) Version/4.0 UCBrowser/10.4.1.565 U3/0.8.0 Mobile Safari/534.30"
8.37.233.120 - - [12/Jun/2017:07:39:39 +0530] "GET /images/bullet1.gif HTTP/1.1" 304 - "http://www.cdmindia.gov.in/project_details_view.php?id=388" "Mozilla/5.0 (Linux; U; Android 5.1; en-US; Micromax E353 Build/LMY47I) AppleWebKit/534.30 (KHTML, like Gecko) Version/4.0 UCBrowser/10.4.1.565 U3/0.8.0 Mobile Safari/534.30"
8.37.233.120 - - [12/Jun/2017:07:39:39 +0530] "GET /images/fdm.jpg HTTP/1.1" 304 - "http://www.cdmindia.gov.in/project_details_view.php?id=388" "Mozilla/5.0 (Linux; U; Android 5.1; en-US; Micromax E353 Build/LMY47I) AppleWebKit/534.30 (KHTML, like Gecko) Version/4.0 UCBrowser/10.4.1.565 U3/0.8.0 Mobile Safari/534.30"
8.37.233.120 - - [12/Jun/2017:07:39:39 +0530] "GET /images/img3.jpg HTTP/1.1" 200 26957 "http://www.cdmindia.gov.in/project_details_view.php?id=388" "Mozilla/5.0 (Linux; U; Android 5.1; en-US; Micromax E353 Build/LMY47I) AppleWebKit/534.30 (KHTML, like Gecko) Version/4.0 UCBrowser/10.4.1.565 U3/0.8.0 Mobile Safari/534.30"
8.37.233.120 - - [12/Jun/2017:07:39:40 +0530] "GET /images/img1.jpg HTTP/1.1" 200 1251 "http://www.cdmindia.gov.in/project_details_view.php?id=388" "Mozilla/5.0 (Linux; U; Android 5.1; en-US; Micromax E353 Build/LMY47I) AppleWebKit/534.30 (KHTML, like Gecko) Version/4.0 UCBrowser/10.4.1.565 U3/0.8.0 Mobile Safari/534.30"
8.37.233.120 - - [12/Jun/2017:07:39:41 +0530] "GET /images/favicon.ico HTTP/1.1" 200 1406 "http://www.cdmindia.gov.in/project_details_view.php?id=388" "Mozilla/5.0 (Linux; U; Android 5.1; en-US; Micromax E353 Build/LMY47I) AppleWebKit/534.30 (KHTML, like Gecko) Version/4.0 UCBrowser/10.4.1.565 U3/0.8.0 Mobile Safari/534.30"
40.77.167.85 - - [12/Jun/2017:07:45:41 +0530] "GET /downloads/Carbon%20Market%20Roadmap.pdf HTTP/1.1" 200 4344697 "-" "Mozilla/5.0 (compatible; bingbot/2.0; +http://www.bing.com/bingbot.htm)"
192.157.254.197 - - [12/Jun/2017:07:46:38 +0530] "HEAD / HTTP/1.1" 200 - "https://www.inboundlinks.win/InboundLinks/www.cdmindia.gov.in" "Mozilla/5.0 (compatible; MSIE 9.0; Windows NT 6.1; WOW64; Trident/5.0)"
123.30.175.178 - - [12/Jun/2017:07:48:25 +0530] "GET /robots.txt HTTP/1.1" 404 208 "-" "Mozilla/5.0 (compatible; coccocbot-web/1.0; +http://help.coccoc.com/searchengine)"
123.30.175.181 - - [12/Jun/2017:07:48:27 +0530] "GET /project_details_view.php?id=431 HTTP/1.1" 200 14141 "-" "Mozilla/5.0 (compatible; coccocbot-web/1.0; +http://help.coccoc.com/searchengine)"
202.46.54.25 - - [12/Jun/2017:07:51:19 +0530] "GET /project_details_view.php?id=1882 HTTP/1.1" 200 15187 "-" "Mozilla/5.0 (Windows NT 10.0; WOW64) AppleWebKit/537.36 (KHTML, like Gecko) Chrome/45.0.2454.93 Safari/537.36"
8.37.232.20 - - [12/Jun/2017:07:55:00 +0530] "GET /project_details_view_report.php?id=1047 HTTP/1.1" 200 13289 "https://www.google.co.in/search?q=indra+power+in+ambikapur&client=ucweb-b&channel=sb" "Mozilla/5.0 (Linux; U; Android 6.0; en-US; XT1706 Build/MRA58K) AppleWebKit/534.30 (KHTML, like Gecko) Version/4.0 UCBrowser/11.3.2.960 U3/0.8.0 Mobile Safari/534.30"
8.37.232.20 - - [12/Jun/2017:07:55:01 +0530] "GET /Scripts/AC_RunActiveContent.js HTTP/1.1" 304 - "http://www.cdmindia.gov.in/project_details_view_report.php?id=1047" "Mozilla/5.0 (Linux; U; Android 6.0; en-US; XT1706 Build/MRA58K) AppleWebKit/534.30 (KHTML, like Gecko) Version/4.0 UCBrowser/11.3.2.960 U3/0.8.0 Mobile Safari/534.30"
8.37.232.20 - - [12/Jun/2017:07:55:01 +0530] "GET /includes/ncdma.css HTTP/1.1" 304 - "http://www.cdmindia.gov.in/project_details_view_report.php?id=1047" "Mozilla/5.0 (Linux; U; Android 6.0; en-US; XT1706 Build/MRA58K) AppleWebKit/534.30 (KHTML, like Gecko) Version/4.0 UCBrowser/11.3.2.960 U3/0.8.0 Mobile Safari/534.30"
8.37.232.20 - - [12/Jun/2017:07:55:01 +0530] "GET /images/bulllet2.gif HTTP/1.1" 304 - "http://www.cdmindia.gov.in/project_details_view_report.php?id=1047" "Mozilla/5.0 (Linux; U; Android 6.0; en-US; XT1706 Build/MRA58K) AppleWebKit/534.30 (KHTML, like Gecko) Version/4.0 UCBrowser/11.3.2.960 U3/0.8.0 Mobile Safari/534.30"
8.37.232.20 - - [12/Jun/2017:07:55:01 +0530] "GET /images/bullet1.gif HTTP/1.1" 304 - "http://www.cdmindia.gov.in/project_details_view_report.php?id=1047" "Mozilla/5.0 (Linux; U; Android 6.0; en-US; XT1706 Build/MRA58K) AppleWebKit/534.30 (KHTML, like Gecko) Version/4.0 UCBrowser/11.3.2.960 U3/0.8.0 Mobile Safari/534.30"
8.37.232.20 - - [12/Jun/2017:07:55:01 +0530] "GET /images/spacer.gif HTTP/1.1" 304 - "http://www.cdmindia.gov.in/project_details_view_report.php?id=1047" "Mozilla/5.0 (Linux; U; Android 6.0; en-US; XT1706 Build/MRA58K) AppleWebKit/534.30 (KHTML, like Gecko) Version/4.0 UCBrowser/11.3.2.960 U3/0.8.0 Mobile Safari/534.30"
8.37.232.20 - - [12/Jun/2017:07:55:01 +0530] "GET /ncdma.css HTTP/1.1" 304 - "http://www.cdmindia.gov.in/project_details_view_report.php?id=1047" "Mozilla/5.0 (Linux; U; Android 6.0; en-US; XT1706 Build/MRA58K) AppleWebKit/534.30 (KHTML, like Gecko) Version/4.0 UCBrowser/11.3.2.960 U3/0.8.0 Mobile Safari/534.30"
8.37.232.20 - - [12/Jun/2017:07:55:01 +0530] "GET /images/bullet4.gif HTTP/1.1" 304 - "http://www.cdmindia.gov.in/project_details_view_report.php?id=1047" "Mozilla/5.0 (Linux; U; Android 6.0; en-US; XT1706 Build/MRA58K) AppleWebKit/534.30 (KHTML, like Gecko) Version/4.0 UCBrowser/11.3.2.960 U3/0.8.0 Mobile Safari/534.30"
8.37.232.20 - - [12/Jun/2017:07:55:02 +0530] "GET /images/favicon.ico HTTP/1.1" 304 - "http://www.cdmindia.gov.in/project_details_view_report.php?id=1047" "Mozilla/5.0 (Linux; U; Android 6.0; en-US; XT1706 Build/MRA58K) AppleWebKit/534.30 (KHTML, like Gecko) Version/4.0 UCBrowser/11.3.2.960 U3/0.8.0 Mobile Safari/534.30"
40.77.167.85 - - [12/Jun/2017:07:56:04 +0530] "GET /images/NCDMA%20PCN%20Format%2017072009.doc HTTP/1.1" 200 114176 "-" "Mozilla/5.0 (compatible; bingbot/2.0; +http://www.bing.com/bingbot.htm)"
31.201.144.214 - - [12/Jun/2017:07:56:08 +0530] "GET /wp-login.php HTTP/1.1" 404 210 "-" "Mozilla/5.0 (Windows NT 6.1; WOW64; rv:40.0) Gecko/20100101 Firefox/40.1"
31.201.144.214 - - [12/Jun/2017:07:56:08 +0530] "GET / HTTP/1.1" 200 19480 "-" "Mozilla/5.0 (Windows NT 6.1; WOW64; rv:40.0) Gecko/20100101 Firefox/40.1"
40.77.167.85 - - [12/Jun/2017:07:56:16 +0530] "GET /images/NCDMA%20PCN%20Format%2017072009.doc HTTP/1.1" 200 114176 "-" "Mozilla/5.0 (compatible; bingbot/2.0; +http://www.bing.com/bingbot.htm)"
90.0.147.137 - - [12/Jun/2017:07:56:29 +0530] "GET /robots.txt HTTP/1.1" 404 208 "-" "Java/1.8.0_101"
84.109.137.242 - - [12/Jun/2017:07:57:37 +0530] "GET / HTTP/1.1" 200 19480 "-" "null"
66.249.79.129 - - [12/Jun/2017:07:58:53 +0530] "GET /project_details_view.php?id=315&oid=1&page=58&reporttype=1 HTTP/1.1" 200 14646 "-" "Mozilla/5.0 (compatible; Googlebot/2.1; +http://www.google.com/bot.html)"
157.55.39.165 - - [12/Jun/2017:08:02:11 +0530] "GET /project_details_view.php?id=1186 HTTP/1.1" 200 16734 "-" "Mozilla/5.0 (compatible; bingbot/2.0; +http://www.bing.com/bingbot.htm)"
157.55.39.106 - - [12/Jun/2017:08:02:36 +0530] "GET /images/fbg.jpg HTTP/1.1" 200 325 "-" "Mozilla/5.0 (compatible; bingbot/2.0; +http://www.bing.com/bingbot.htm)"
42.109.173.247 - - [12/Jun/2017:08:03:49 +0530] "GET /project_details_view.php?id=299 HTTP/1.1" 200 18433 "-" "Mozilla/5.0 (iPhone; CPU iPhone OS 10_3_2 like Mac OS X) AppleWebKit/603.2.4 (KHTML, like Gecko) Version/10.0 Mobile/14F89 Safari/602.1"
42.109.173.247 - - [12/Jun/2017:08:03:50 +0530] "GET /images/img2.jpg HTTP/1.1" 200 16276 "http://www.cdmindia.gov.in/project_details_view.php?id=299" "Mozilla/5.0 (iPhone; CPU iPhone OS 10_3_2 like Mac OS X) AppleWebKit/603.2.4 (KHTML, like Gecko) Version/10.0 Mobile/14F89 Safari/602.1"
42.109.173.247 - - [12/Jun/2017:08:03:50 +0530] "GET /includes/ncdma.css HTTP/1.1" 200 13023 "http://www.cdmindia.gov.in/project_details_view.php?id=299" "Mozilla/5.0 (iPhone; CPU iPhone OS 10_3_2 like Mac OS X) AppleWebKit/603.2.4 (KHTML, like Gecko) Version/10.0 Mobile/14F89 Safari/602.1"
