35.184.189.105 - - [26/Jun/2017:01:17:36 +0530] "GET /robots.txt HTTP/1.1" 404 208 "-" "ltx71 - (http://ltx71.com/)"
68.180.228.153 - - [26/Jun/2017:01:18:07 +0530] "GET /detail_news.php?id=20 HTTP/1.1" 302 18266 "-" "Mozilla/5.0 (compatible; Yahoo! Slurp; http://help.yahoo.com/help/us/ysearch/slurp)"
207.46.13.27 - - [26/Jun/2017:01:19:48 +0530] "GET /project_details_view.php?id=1590 HTTP/1.1" 200 14151 "-" "Mozilla/5.0 (compatible; bingbot/2.0; +http://www.bing.com/bingbot.htm)"
66.249.66.133 - - [26/Jun/2017:01:19:52 +0530] "GET /project_details_view_report.php?id=1032 HTTP/1.1" 200 13201 "-" "Mozilla/5.0 (compatible; Googlebot/2.1; +http://www.google.com/bot.html)"
47.8.13.85 - - [26/Jun/2017:01:20:20 +0530] "GET /project_details_view.php?id=388 HTTP/1.1" 200 15321 "https://www.google.co.uk/" "Mozilla/5.0 (iPhone; CPU iPhone OS 10_3_1 like Mac OS X) AppleWebKit/603.1.30 (KHTML, like Gecko) Version/10.0 Mobile/14E304 Safari/602.1"
47.8.13.85 - - [26/Jun/2017:01:20:21 +0530] "GET /includes/ncdma.css HTTP/1.1" 200 13023 "http://www.cdmindia.gov.in/project_details_view.php?id=388" "Mozilla/5.0 (iPhone; CPU iPhone OS 10_3_1 like Mac OS X) AppleWebKit/603.1.30 (KHTML, like Gecko) Version/10.0 Mobile/14E304 Safari/602.1"
47.8.13.85 - - [26/Jun/2017:01:20:21 +0530] "GET /ncdma.css HTTP/1.1" 200 12640 "http://www.cdmindia.gov.in/project_details_view.php?id=388" "Mozilla/5.0 (iPhone; CPU iPhone OS 10_3_1 like Mac OS X) AppleWebKit/603.1.30 (KHTML, like Gecko) Version/10.0 Mobile/14E304 Safari/602.1"
47.8.13.85 - - [26/Jun/2017:01:20:21 +0530] "GET /images/img2.jpg HTTP/1.1" 200 16276 "http://www.cdmindia.gov.in/project_details_view.php?id=388" "Mozilla/5.0 (iPhone; CPU iPhone OS 10_3_1 like Mac OS X) AppleWebKit/603.1.30 (KHTML, like Gecko) Version/10.0 Mobile/14E304 Safari/602.1"
47.8.13.85 - - [26/Jun/2017:01:20:21 +0530] "GET /Scripts/AC_RunActiveContent.js HTTP/1.1" 200 8321 "http://www.cdmindia.gov.in/project_details_view.php?id=388" "Mozilla/5.0 (iPhone; CPU iPhone OS 10_3_1 like Mac OS X) AppleWebKit/603.1.30 (KHTML, like Gecko) Version/10.0 Mobile/14E304 Safari/602.1"
47.8.13.85 - - [26/Jun/2017:01:20:21 +0530] "GET /images/bullet1.gif HTTP/1.1" 200 67 "http://www.cdmindia.gov.in/project_details_view.php?id=388" "Mozilla/5.0 (iPhone; CPU iPhone OS 10_3_1 like Mac OS X) AppleWebKit/603.1.30 (KHTML, like Gecko) Version/10.0 Mobile/14E304 Safari/602.1"
47.8.13.85 - - [26/Jun/2017:01:20:21 +0530] "GET /images/bulllet2.gif HTTP/1.1" 200 58 "http://www.cdmindia.gov.in/project_details_view.php?id=388" "Mozilla/5.0 (iPhone; CPU iPhone OS 10_3_1 like Mac OS X) AppleWebKit/603.1.30 (KHTML, like Gecko) Version/10.0 Mobile/14E304 Safari/602.1"
47.8.13.85 - - [26/Jun/2017:01:20:21 +0530] "GET /images/spacer.gif HTTP/1.1" 200 43 "http://www.cdmindia.gov.in/project_details_view.php?id=388" "Mozilla/5.0 (iPhone; CPU iPhone OS 10_3_1 like Mac OS X) AppleWebKit/603.1.30 (KHTML, like Gecko) Version/10.0 Mobile/14E304 Safari/602.1"
47.8.13.85 - - [26/Jun/2017:01:20:21 +0530] "GET /images/img3.jpg HTTP/1.1" 200 26957 "http://www.cdmindia.gov.in/project_details_view.php?id=388" "Mozilla/5.0 (iPhone; CPU iPhone OS 10_3_1 like Mac OS X) AppleWebKit/603.1.30 (KHTML, like Gecko) Version/10.0 Mobile/14E304 Safari/602.1"
47.8.13.85 - - [26/Jun/2017:01:20:21 +0530] "GET /images/fdm.jpg HTTP/1.1" 200 2043 "http://www.cdmindia.gov.in/project_details_view.php?id=388" "Mozilla/5.0 (iPhone; CPU iPhone OS 10_3_1 like Mac OS X) AppleWebKit/603.1.30 (KHTML, like Gecko) Version/10.0 Mobile/14E304 Safari/602.1"
47.8.13.85 - - [26/Jun/2017:01:20:21 +0530] "GET /images/bullet4.gif HTTP/1.1" 200 67 "http://www.cdmindia.gov.in/project_details_view.php?id=388" "Mozilla/5.0 (iPhone; CPU iPhone OS 10_3_1 like Mac OS X) AppleWebKit/603.1.30 (KHTML, like Gecko) Version/10.0 Mobile/14E304 Safari/602.1"
47.8.13.85 - - [26/Jun/2017:01:20:21 +0530] "GET /images/img1.jpg HTTP/1.1" 200 1251 "http://www.cdmindia.gov.in/project_details_view.php?id=388" "Mozilla/5.0 (iPhone; CPU iPhone OS 10_3_1 like Mac OS X) AppleWebKit/603.1.30 (KHTML, like Gecko) Version/10.0 Mobile/14E304 Safari/602.1"
47.8.13.85 - - [26/Jun/2017:01:20:21 +0530] "GET /images/gtz.jpg HTTP/1.1" 200 15484 "http://www.cdmindia.gov.in/project_details_view.php?id=388" "Mozilla/5.0 (iPhone; CPU iPhone OS 10_3_1 like Mac OS X) AppleWebKit/603.1.30 (KHTML, like Gecko) Version/10.0 Mobile/14E304 Safari/602.1"
47.8.13.85 - - [26/Jun/2017:01:20:21 +0530] "GET /images/fbg.jpg HTTP/1.1" 200 325 "http://www.cdmindia.gov.in/project_details_view.php?id=388" "Mozilla/5.0 (iPhone; CPU iPhone OS 10_3_1 like Mac OS X) AppleWebKit/603.1.30 (KHTML, like Gecko) Version/10.0 Mobile/14E304 Safari/602.1"
66.249.66.129 - - [26/Jun/2017:01:36:44 +0530] "GET /project_details_view.php?id=1300 HTTP/1.1" 200 15235 "-" "Mozilla/5.0 (compatible; Googlebot/2.1; +http://www.google.com/bot.html)"
66.249.69.79 - - [26/Jun/2017:01:36:45 +0530] "GET /project_details_view.php?id=1300 HTTP/1.1" 200 15235 "-" "Mozilla/5.0 (compatible; Googlebot/2.1; +http://www.google.com/bot.html)"
66.249.69.83 - - [26/Jun/2017:01:36:47 +0530] "GET /project_details_view.php?id=917&oid=&page=53&reporttype= HTTP/1.1" 200 14335 "-" "Mozilla/5.0 (compatible; Googlebot/2.1; +http://www.google.com/bot.html)"
202.46.49.73 - - [26/Jun/2017:01:40:25 +0530] "GET /project_details_view.php?id=1347 HTTP/1.1" 200 15311 "-" "Mozilla/5.0 (Windows NT 10.0; WOW64) AppleWebKit/537.36 (KHTML, like Gecko) Chrome/45.0.2454.93 Safari/537.36"
157.55.39.174 - - [26/Jun/2017:01:43:11 +0530] "GET /project_details_view_report.php?id=489 HTTP/1.1" 200 13223 "-" "Mozilla/5.0 (compatible; bingbot/2.0; +http://www.bing.com/bingbot.htm)"
192.157.254.197 - - [26/Jun/2017:01:45:31 +0530] "HEAD / HTTP/1.1" 200 - "https://www.inboundlinks.win/InboundLinks/www.cdmindia.gov.in" "Mozilla/5.0 (compatible; MSIE 9.0; Windows NT 6.1; WOW64; Trident/5.0)"
35.186.180.85 - - [26/Jun/2017:01:48:19 +0530] "GET /project_details_view.php?id=930'A=0 HTTP/1.1" 200 11450 "http://www.cdmindia.gov.in/project_details_view.php?id=930'A=0" "Mozilla/5.0 (Windows; U; Windows NT 5.1; pt-PT; rv:1.9.1.2) Gecko/20090729 Firefox/3.5.2 (.NET CLR 3.5.30729)"
77.46.139.116 - - [26/Jun/2017:01:48:33 +0530] "GET /wp-login.php HTTP/1.1" 404 210 "-" "Mozilla/5.0 (Windows NT 6.1; WOW64; rv:40.0) Gecko/20100101 Firefox/40.1"
77.46.139.116 - - [26/Jun/2017:01:48:33 +0530] "GET / HTTP/1.1" 200 19490 "-" "Mozilla/5.0 (Windows NT 6.1; WOW64; rv:40.0) Gecko/20100101 Firefox/40.1"
66.249.69.79 - - [26/Jun/2017:01:56:44 +0530] "GET /project_details_view_report.php?id=1365 HTTP/1.1" 200 13149 "-" "Mozilla/5.0 (compatible; Googlebot/2.1; +http://www.google.com/bot.html)"
202.46.55.64 - - [26/Jun/2017:01:57:12 +0530] "GET /project_details_view_report.php?id=299 HTTP/1.1" 200 13088 "-" "Mozilla/5.0 (Windows NT 10.0; WOW64) AppleWebKit/537.36 (KHTML, like Gecko) Chrome/45.0.2454.93 Safari/537.36"
157.55.39.235 - - [26/Jun/2017:02:01:17 +0530] "GET /project_details_view.php?id=1399 HTTP/1.1" 200 15259 "-" "Mozilla/5.0 (iPhone; CPU iPhone OS 7_0 like Mac OS X) AppleWebKit/537.51.1 (KHTML, like Gecko) Version/7.0 Mobile/11A465 Safari/9537.53 (compatible; bingbot/2.0; +http://www.bing.com/bingbot.htm)"
35.184.189.105 - - [26/Jun/2017:02:01:51 +0530] "GET /robots.txt HTTP/1.1" 404 208 "-" "ltx71 - (http://ltx71.com/)"
35.184.189.105 - - [26/Jun/2017:02:02:13 +0530] "GET /detail_news.php?id=21 HTTP/1.1" 302 18149 "-" "ltx71 - (http://ltx71.com/)"
199.30.24.161 - - [26/Jun/2017:02:03:40 +0530] "GET /downloads/Carbon%20Market%20Roadmap.pdf HTTP/1.1" 200 4344697 "-" "Mozilla/5.0 (iPhone; CPU iPhone OS 7_0 like Mac OS X) AppleWebKit/537.51.1 (KHTML, like Gecko) Version/7.0 Mobile/11A465 Safari/9537.53 BingPreview/1.0b"
65.55.210.202 - - [26/Jun/2017:02:06:25 +0530] "GET /js/datepicker/calendar.gif HTTP/1.1" 200 235 "-" "Mozilla/5.0 (iPhone; CPU iPhone OS 7_0 like Mac OS X) AppleWebKit/537.51.1 (KHTML, like Gecko) Version/7.0 Mobile/11A465 Safari/9537.53 BingPreview/1.0b"
66.249.66.129 - - [26/Jun/2017:02:06:55 +0530] "GET /robots.txt HTTP/1.1" 404 208 "-" "Mozilla/5.0 (compatible; Googlebot/2.1; +http://www.google.com/bot.html)"
66.249.66.129 - - [26/Jun/2017:02:06:55 +0530] "GET /Approved_proj_reports_list_details.php?id=1&reporttype=1&scale=&sdt=&edt=&exec=&page=3 HTTP/1.1" 200 16748 "-" "Mozilla/5.0 (compatible; Googlebot/2.1; +http://www.google.com/bot.html)"
66.249.69.81 - - [26/Jun/2017:02:06:55 +0530] "GET /Approved_proj_reports_list_details.php?id=1&reporttype=1&scale=&sdt=&edt=&exec=&page=3 HTTP/1.1" 200 16748 "-" "Mozilla/5.0 (compatible; Googlebot/2.1; +http://www.google.com/bot.html)"
157.55.39.174 - - [26/Jun/2017:02:08:06 +0530] "GET /project_details_view.php?id=374 HTTP/1.1" 200 14068 "-" "Mozilla/5.0 (compatible; bingbot/2.0; +http://www.bing.com/bingbot.htm)"
157.55.39.84 - - [26/Jun/2017:02:09:07 +0530] "GET / HTTP/1.1" 200 19490 "-" "Mozilla/5.0 (compatible; bingbot/2.0; +http://www.bing.com/bingbot.htm)"
157.55.39.84 - - [26/Jun/2017:02:09:08 +0530] "GET / HTTP/1.1" 200 19490 "-" "Mozilla/5.0 (compatible; bingbot/2.0; +http://www.bing.com/bingbot.htm)"
157.55.39.235 - - [26/Jun/2017:02:12:15 +0530] "GET /project_details_view_report.php?id=1152 HTTP/1.1" 200 13204 "-" "Mozilla/5.0 (compatible; bingbot/2.0; +http://www.bing.com/bingbot.htm)"
142.91.235.151 - - [26/Jun/2017:02:15:49 +0530] "GET /reports_new.php?n=1 HTTP/1.1" 200 22411 "-" "Mozilla/5.0 (Windows NT 10.0; WOW64; rv:52.0) Gecko/20100101 Firefox/52.0"
202.46.52.108 - - [26/Jun/2017:02:17:21 +0530] "GET /project_details_view_report.php?id=1142 HTTP/1.1" 200 13140 "-" "Mozilla/5.0 (Windows NT 10.0; WOW64) AppleWebKit/537.36 (KHTML, like Gecko) Chrome/45.0.2454.93 Safari/537.36"
207.46.13.27 - - [26/Jun/2017:02:18:01 +0530] "GET /project_details_view.php?id=119 HTTP/1.1" 200 14400 "-" "Mozilla/5.0 (compatible; bingbot/2.0; +http://www.bing.com/bingbot.htm)"
35.184.189.105 - - [26/Jun/2017:02:21:00 +0530] "GET /robots.txt HTTP/1.1" 404 208 "-" "ltx71 - (http://ltx71.com/)"
66.249.69.83 - - [26/Jun/2017:02:27:04 +0530] "GET /project_details_view_report.php?id=865 HTTP/1.1" 200 13222 "-" "Mozilla/5.0 (compatible; Googlebot/2.1; +http://www.google.com/bot.html)"
35.184.189.105 - - [26/Jun/2017:02:28:12 +0530] "GET /robots.txt HTTP/1.1" 404 208 "-" "ltx71 - (http://ltx71.com/)"
157.55.39.84 - - [26/Jun/2017:02:30:15 +0530] "GET /project_details_view.php?id=1761 HTTP/1.1" 200 14108 "-" "Mozilla/5.0 (compatible; bingbot/2.0; +http://www.bing.com/bingbot.htm)"
157.55.39.84 - - [26/Jun/2017:02:32:11 +0530] "GET /project_details_view.php?id=1456 HTTP/1.1" 200 14016 "-" "Mozilla/5.0 (compatible; bingbot/2.0; +http://www.bing.com/bingbot.htm)"
207.46.13.27 - - [26/Jun/2017:02:36:51 +0530] "GET /project_details_view.php?id=1091 HTTP/1.1" 200 14402 "-" "Mozilla/5.0 (iPhone; CPU iPhone OS 7_0 like Mac OS X) AppleWebKit/537.51.1 (KHTML, like Gecko) Version/7.0 Mobile/11A465 Safari/9537.53 (compatible; bingbot/2.0; +http://www.bing.com/bingbot.htm)"
66.249.69.83 - - [26/Jun/2017:02:37:24 +0530] "GET /reports_list_details.php?id=pnjuzahme&reporttype=&page=19 HTTP/1.1" 200 22156 "-" "Mozilla/5.0 (compatible; Googlebot/2.1; +http://www.google.com/bot.html)"
202.46.49.193 - - [26/Jun/2017:02:37:29 +0530] "GET /project_details_view_report.php?id=990 HTTP/1.1" 200 13157 "-" "Mozilla/5.0 (Windows NT 10.0; WOW64) AppleWebKit/537.36 (KHTML, like Gecko) Chrome/45.0.2454.93 Safari/537.36"
66.249.66.133 - - [26/Jun/2017:02:38:00 +0530] "GET /reports_list_details.php?id=pnjuzahme&reporttype=&page=19 HTTP/1.1" 200 22156 "-" "Mozilla/5.0 (compatible; Googlebot/2.1; +http://www.google.com/bot.html)"
66.249.66.129 - - [26/Jun/2017:02:38:26 +0530] "GET /project_details_view_report.php?id=1132 HTTP/1.1" 200 13160 "-" "Mozilla/5.0 (compatible; Googlebot/2.1; +http://www.google.com/bot.html)"
208.43.225.84 - - [26/Jun/2017:02:41:28 +0530] "GET /robots.txt HTTP/1.1" 404 208 "-" "Mozilla/5.0 (compatible; SiteExplorer/1.1b; +http://siteexplorer.info/Backlink-Checker-Spider/)"
208.43.225.84 - - [26/Jun/2017:02:41:33 +0530] "GET / HTTP/1.1" 200 19490 "-" "Mozilla/5.0 (compatible; SiteExplorer/1.1b; +http://siteexplorer.info/Backlink-Checker-Spider/)"
66.249.69.83 - - [26/Jun/2017:02:41:38 +0530] "GET /reports_list_details.php?id=pnjuzahme&reporttype=&page=23 HTTP/1.1" 200 21786 "-" "Mozilla/5.0 (compatible; Googlebot/2.1; +http://www.google.com/bot.html)"
207.46.13.27 - - [26/Jun/2017:02:47:07 +0530] "GET /project_details_view_report.php?id=922 HTTP/1.1" 200 13355 "-" "Mozilla/5.0 (compatible; bingbot/2.0; +http://www.bing.com/bingbot.htm)"
54.173.165.103 - - [26/Jun/2017:02:49:37 +0530] "GET / HTTP/1.1" 200 19490 "-" "Mozilla/5.0 (X11; Linux x86_64) AppleWebKit/537.36 (KHTML, like Gecko) Chrome/43.0.2357.134 Safari/537.36 http://notifyninja.com/monitoring"
35.184.189.105 - - [26/Jun/2017:02:51:13 +0530] "GET /robots.txt HTTP/1.1" 404 208 "-" "ltx71 - (http://ltx71.com/)"
35.184.189.105 - - [26/Jun/2017:02:51:33 +0530] "GET /downloads/Existing%20PCN.doc HTTP/1.1" 200 114176 "-" "ltx71 - (http://ltx71.com/)"
66.249.69.83 - - [26/Jun/2017:02:57:44 +0530] "GET /project_details_view.php?id=508 HTTP/1.1" 200 15038 "-" "Mozilla/5.0 (compatible; Googlebot/2.1; +http://www.google.com/bot.html)"
207.46.13.27 - - [26/Jun/2017:03:04:09 +0530] "GET /project_details_view_report.php?id=1699 HTTP/1.1" 200 13245 "-" "Mozilla/5.0 (compatible; bingbot/2.0; +http://www.bing.com/bingbot.htm)"
157.55.39.235 - - [26/Jun/2017:03:09:41 +0530] "GET /project_details_view_report.php?id=1024 HTTP/1.1" 200 13198 "-" "Mozilla/5.0 (compatible; bingbot/2.0; +http://www.bing.com/bingbot.htm)"
66.249.69.79 - - [26/Jun/2017:03:13:04 +0530] "GET /reports_list_details.php?id=Andhra&reporttype=&page=219 HTTP/1.1" 200 22022 "-" "Mozilla/5.0 (compatible; Googlebot/2.1; +http://www.google.com/bot.html)"
66.249.66.133 - - [26/Jun/2017:03:13:04 +0530] "GET /reports_list_details.php?id=Andhra&reporttype=&page=219 HTTP/1.1" 200 22022 "-" "Mozilla/5.0 (compatible; Googlebot/2.1; +http://www.google.com/bot.html)"
157.55.39.235 - - [26/Jun/2017:03:16:55 +0530] "GET /news_more.php HTTP/1.1" 200 21323 "-" "Mozilla/5.0 (iPhone; CPU iPhone OS 7_0 like Mac OS X) AppleWebKit/537.51.1 (KHTML, like Gecko) Version/7.0 Mobile/11A465 Safari/9537.53 (compatible; bingbot/2.0; +http://www.bing.com/bingbot.htm)"
157.55.39.84 - - [26/Jun/2017:03:17:17 +0530] "GET /images/h_news.jpg HTTP/1.1" 200 21315 "-" "Mozilla/5.0 (iPhone; CPU iPhone OS 7_0 like Mac OS X) AppleWebKit/537.51.1 (KHTML, like Gecko) Version/7.0 Mobile/11A465 Safari/9537.53 (compatible; bingbot/2.0; +http://www.bing.com/bingbot.htm)"
202.46.50.198 - - [26/Jun/2017:03:17:46 +0530] "GET /project_details_view.php?id=861 HTTP/1.1" 200 14352 "-" "Mozilla/5.0 (Windows NT 10.0; WOW64) AppleWebKit/537.36 (KHTML, like Gecko) Chrome/45.0.2454.93 Safari/537.36"
66.249.69.83 - - [26/Jun/2017:03:18:09 +0530] "GET /project_details_view.php?id=1893&oid=1&page=6&reporttype=1 HTTP/1.1" 200 14961 "-" "Mozilla/5.0 (compatible; Googlebot/2.1; +http://www.google.com/bot.html)"
82.114.79.163 - - [26/Jun/2017:03:21:42 +0530] "GET /wp-login.php HTTP/1.1" 404 210 "-" "Mozilla/5.0 (Windows NT 6.1; WOW64; rv:40.0) Gecko/20100101 Firefox/40.1"
82.114.79.163 - - [26/Jun/2017:03:21:42 +0530] "GET / HTTP/1.1" 200 19490 "-" "Mozilla/5.0 (Windows NT 6.1; WOW64; rv:40.0) Gecko/20100101 Firefox/40.1"
64.233.173.49 - - [26/Jun/2017:03:22:39 +0530] "GET /reports_list_details.php?id=pnjuzahme&reporttype=&page=139 HTTP/1.1" 200 21737 "https://www.google.co.in/" "Mozilla/5.0 (Linux; Android 6.0.1; Redmi Note 4 Build/MMB29M) AppleWebKit/537.36 (KHTML, like Gecko) Chrome/59.0.3071.92 Mobile Safari/537.36"
64.233.173.49 - - [26/Jun/2017:03:22:40 +0530] "GET /includes/ncdma.css HTTP/1.1" 200 13023 "http://www.cdmindia.gov.in/reports_list_details.php?id=pnjuzahme&reporttype=&page=139" "Mozilla/5.0 (Linux; Android 6.0.1; Redmi Note 4 Build/MMB29M) AppleWebKit/537.36 (KHTML, like Gecko) Chrome/59.0.3071.92 Mobile Safari/537.36"
64.233.173.51 - - [26/Jun/2017:03:22:40 +0530] "GET /ncdma.css HTTP/1.1" 200 12640 "http://www.cdmindia.gov.in/reports_list_details.php?id=pnjuzahme&reporttype=&page=139" "Mozilla/5.0 (Linux; Android 6.0.1; Redmi Note 4 Build/MMB29M) AppleWebKit/537.36 (KHTML, like Gecko) Chrome/59.0.3071.92 Mobile Safari/537.36"
64.233.173.51 - - [26/Jun/2017:03:22:40 +0530] "GET /Scripts/AC_RunActiveContent.js HTTP/1.1" 200 8321 "http://www.cdmindia.gov.in/reports_list_details.php?id=pnjuzahme&reporttype=&page=139" "Mozilla/5.0 (Linux; Android 6.0.1; Redmi Note 4 Build/MMB29M) AppleWebKit/537.36 (KHTML, like Gecko) Chrome/59.0.3071.92 Mobile Safari/537.36"
64.233.173.47 - - [26/Jun/2017:03:22:40 +0530] "GET /js/user_registration.js HTTP/1.1" 200 26819 "http://www.cdmindia.gov.in/reports_list_details.php?id=pnjuzahme&reporttype=&page=139" "Mozilla/5.0 (Linux; Android 6.0.1; Redmi Note 4 Build/MMB29M) AppleWebKit/537.36 (KHTML, like Gecko) Chrome/59.0.3071.92 Mobile Safari/537.36"
64.233.173.49 - - [26/Jun/2017:03:22:40 +0530] "GET /images/img2.jpg HTTP/1.1" 200 16276 "http://www.cdmindia.gov.in/reports_list_details.php?id=pnjuzahme&reporttype=&page=139" "Mozilla/5.0 (Linux; Android 6.0.1; Redmi Note 4 Build/MMB29M) AppleWebKit/537.36 (KHTML, like Gecko) Chrome/59.0.3071.92 Mobile Safari/537.36"
64.233.173.51 - - [26/Jun/2017:03:22:41 +0530] "GET /images/bullet4.gif HTTP/1.1" 200 67 "http://www.cdmindia.gov.in/reports_list_details.php?id=pnjuzahme&reporttype=&page=139" "Mozilla/5.0 (Linux; Android 6.0.1; Redmi Note 4 Build/MMB29M) AppleWebKit/537.36 (KHTML, like Gecko) Chrome/59.0.3071.92 Mobile Safari/537.36"
64.233.173.49 - - [26/Jun/2017:03:22:41 +0530] "GET /images/bullet1.gif HTTP/1.1" 200 67 "http://www.cdmindia.gov.in/reports_list_details.php?id=pnjuzahme&reporttype=&page=139" "Mozilla/5.0 (Linux; Android 6.0.1; Redmi Note 4 Build/MMB29M) AppleWebKit/537.36 (KHTML, like Gecko) Chrome/59.0.3071.92 Mobile Safari/537.36"
64.233.173.51 - - [26/Jun/2017:03:22:41 +0530] "GET /images/spacer.gif HTTP/1.1" 200 43 "http://www.cdmindia.gov.in/reports_list_details.php?id=pnjuzahme&reporttype=&page=139" "Mozilla/5.0 (Linux; Android 6.0.1; Redmi Note 4 Build/MMB29M) AppleWebKit/537.36 (KHTML, like Gecko) Chrome/59.0.3071.92 Mobile Safari/537.36"
64.233.173.51 - - [26/Jun/2017:03:22:41 +0530] "GET /images/bulllet2.gif HTTP/1.1" 200 58 "http://www.cdmindia.gov.in/reports_list_details.php?id=pnjuzahme&reporttype=&page=139" "Mozilla/5.0 (Linux; Android 6.0.1; Redmi Note 4 Build/MMB29M) AppleWebKit/537.36 (KHTML, like Gecko) Chrome/59.0.3071.92 Mobile Safari/537.36"
64.233.173.47 - - [26/Jun/2017:03:22:41 +0530] "GET /images/fbg.jpg HTTP/1.1" 200 325 "http://www.cdmindia.gov.in/reports_list_details.php?id=pnjuzahme&reporttype=&page=139" "Mozilla/5.0 (Linux; Android 6.0.1; Redmi Note 4 Build/MMB29M) AppleWebKit/537.36 (KHTML, like Gecko) Chrome/59.0.3071.92 Mobile Safari/537.36"
64.233.173.47 - - [26/Jun/2017:03:22:41 +0530] "GET /images/img1.jpg HTTP/1.1" 200 1251 "http://www.cdmindia.gov.in/reports_list_details.php?id=pnjuzahme&reporttype=&page=139" "Mozilla/5.0 (Linux; Android 6.0.1; Redmi Note 4 Build/MMB29M) AppleWebKit/537.36 (KHTML, like Gecko) Chrome/59.0.3071.92 Mobile Safari/537.36"
64.233.173.49 - - [26/Jun/2017:03:22:41 +0530] "GET /images/gtz.jpg HTTP/1.1" 200 15484 "http://www.cdmindia.gov.in/reports_list_details.php?id=pnjuzahme&reporttype=&page=139" "Mozilla/5.0 (Linux; Android 6.0.1; Redmi Note 4 Build/MMB29M) AppleWebKit/537.36 (KHTML, like Gecko) Chrome/59.0.3071.92 Mobile Safari/537.36"
64.233.173.47 - - [26/Jun/2017:03:22:41 +0530] "GET /images/fdm.jpg HTTP/1.1" 200 2043 "http://www.cdmindia.gov.in/reports_list_details.php?id=pnjuzahme&reporttype=&page=139" "Mozilla/5.0 (Linux; Android 6.0.1; Redmi Note 4 Build/MMB29M) AppleWebKit/537.36 (KHTML, like Gecko) Chrome/59.0.3071.92 Mobile Safari/537.36"
64.233.173.49 - - [26/Jun/2017:03:22:41 +0530] "GET /images/img3.jpg HTTP/1.1" 200 26957 "http://www.cdmindia.gov.in/reports_list_details.php?id=pnjuzahme&reporttype=&page=139" "Mozilla/5.0 (Linux; Android 6.0.1; Redmi Note 4 Build/MMB29M) AppleWebKit/537.36 (KHTML, like Gecko) Chrome/59.0.3071.92 Mobile Safari/537.36"
64.233.173.49 - - [26/Jun/2017:03:22:41 +0530] "GET /favicon.ico HTTP/1.1" 200 1189 "http://www.cdmindia.gov.in/reports_list_details.php?id=pnjuzahme&reporttype=&page=139" "Mozilla/5.0 (Linux; Android 6.0.1; Redmi Note 4 Build/MMB29M) AppleWebKit/537.36 (KHTML, like Gecko) Chrome/59.0.3071.92 Mobile Safari/537.36"
120.24.190.242 - - [26/Jun/2017:03:22:47 +0530] "GET / HTTP/1.1" 200 19490 "-" "-"
120.24.190.242 - - [26/Jun/2017:03:22:49 +0530] "GET /xmlrpc.php HTTP/1.1" 404 208 "-" "-"
120.24.190.242 - - [26/Jun/2017:03:22:50 +0530] "HEAD /wp-login.php HTTP/1.1" 404 - "-" "-"
66.249.69.81 - - [26/Jun/2017:03:23:15 +0530] "GET /project_details_view.php?id=1621&oid=&page=7&reporttype= HTTP/1.1" 200 14743 "-" "Mozilla/5.0 (compatible; Googlebot/2.1; +http://www.google.com/bot.html)"
157.55.39.174 - - [26/Jun/2017:03:28:57 +0530] "GET /project_details_view.php?id=1198 HTTP/1.1" 200 15423 "-" "Mozilla/5.0 (iPhone; CPU iPhone OS 7_0 like Mac OS X) AppleWebKit/537.51.1 (KHTML, like Gecko) Version/7.0 Mobile/11A465 Safari/9537.53 (compatible; bingbot/2.0; +http://www.bing.com/bingbot.htm)"
146.148.64.128 - - [26/Jun/2017:03:36:18 +0530] "GET /robots.txt HTTP/1.1" 404 208 "-" "ltx71 - (http://ltx71.com/)"
146.148.64.128 - - [26/Jun/2017:03:37:43 +0530] "GET / HTTP/1.1" 200 19490 "-" "ltx71 - (http://ltx71.com/)"
66.249.69.83 - - [26/Jun/2017:03:38:35 +0530] "GET /Approved_proj_reports_list_details.php?id=1&reporttype=1&scale=Small&sdt=&edt=&exec=&page=65 HTTP/1.1" 200 16829 "-" "Mozilla/5.0 (compatible; Googlebot/2.1; +http://www.google.com/bot.html)"
66.249.69.79 - - [26/Jun/2017:03:41:27 +0530] "GET /project_details_view.php?id=132&oid=1&page=65&reporttype=1 HTTP/1.1" 200 14524 "-" "Mozilla/5.0 (compatible; Googlebot/2.1; +http://www.google.com/bot.html)"
157.55.39.84 - - [26/Jun/2017:03:42:11 +0530] "GET /project_details_view.php?id=1040 HTTP/1.1" 200 14397 "-" "Mozilla/5.0 (compatible; bingbot/2.0; +http://www.bing.com/bingbot.htm)"
207.46.13.27 - - [26/Jun/2017:03:42:36 +0530] "GET /constitution.php HTTP/1.1" 200 23669 "-" "Mozilla/5.0 (iPhone; CPU iPhone OS 7_0 like Mac OS X) AppleWebKit/537.51.1 (KHTML, like Gecko) Version/7.0 Mobile/11A465 Safari/9537.53 (compatible; bingbot/2.0; +http://www.bing.com/bingbot.htm)"
157.55.39.235 - - [26/Jun/2017:03:42:53 +0530] "GET /images/h_cons.jpg HTTP/1.1" 200 21924 "-" "Mozilla/5.0 (iPhone; CPU iPhone OS 7_0 like Mac OS X) AppleWebKit/537.51.1 (KHTML, like Gecko) Version/7.0 Mobile/11A465 Safari/9537.53 (compatible; bingbot/2.0; +http://www.bing.com/bingbot.htm)"
146.148.64.128 - - [26/Jun/2017:03:43:31 +0530] "GET /robots.txt HTTP/1.1" 404 208 "-" "ltx71 - (http://ltx71.com/)"
207.46.13.27 - - [26/Jun/2017:03:47:56 +0530] "GET /project_details_view.php?id=687 HTTP/1.1" 200 15638 "-" "Mozilla/5.0 (compatible; bingbot/2.0; +http://www.bing.com/bingbot.htm)"
146.148.64.128 - - [26/Jun/2017:03:47:57 +0530] "GET /robots.txt HTTP/1.1" 404 208 "-" "ltx71 - (http://ltx71.com/)"
66.249.69.79 - - [26/Jun/2017:03:48:54 +0530] "GET /project_details_view.php?id=1228 HTTP/1.1" 200 14570 "-" "Mozilla/5.0 (Linux; Android 6.0.1; Nexus 5X Build/MMB29P) AppleWebKit/537.36 (KHTML, like Gecko) Chrome/41.0.2272.96 Mobile Safari/537.36 (compatible; Googlebot/2.1; +http://www.google.com/bot.html)"
157.55.39.235 - - [26/Jun/2017:03:50:48 +0530] "GET /detail_news.php?id=20 HTTP/1.1" 302 18266 "-" "Mozilla/5.0 (compatible; bingbot/2.0; +http://www.bing.com/bingbot.htm)"
157.55.39.235 - - [26/Jun/2017:03:50:50 +0530] "GET /logout.php HTTP/1.1" 302 369 "-" "Mozilla/5.0 (compatible; bingbot/2.0; +http://www.bing.com/bingbot.htm)"
157.55.39.235 - - [26/Jun/2017:03:50:50 +0530] "GET /index.php HTTP/1.1" 200 19490 "-" "Mozilla/5.0 (compatible; bingbot/2.0; +http://www.bing.com/bingbot.htm)"
66.249.66.133 - - [26/Jun/2017:03:51:17 +0530] "GET /project_details_view_report.php?id=1063 HTTP/1.1" 200 13170 "-" "Mozilla/5.0 (compatible; Googlebot/2.1; +http://www.google.com/bot.html)"
66.249.69.81 - - [26/Jun/2017:03:54:05 +0530] "GET /project_details_view.php?id=853 HTTP/1.1" 200 15054 "-" "Mozilla/5.0 (compatible; Googlebot/2.1; +http://www.google.com/bot.html)"
146.148.64.128 - - [26/Jun/2017:03:54:07 +0530] "GET /robots.txt HTTP/1.1" 404 208 "-" "ltx71 - (http://ltx71.com/)"
157.55.39.84 - - [26/Jun/2017:03:54:46 +0530] "GET /project_details_view.php?id=2152 HTTP/1.1" 200 15121 "-" "Mozilla/5.0 (compatible; bingbot/2.0; +http://www.bing.com/bingbot.htm)"
157.55.39.235 - - [26/Jun/2017:03:57:56 +0530] "GET /downloads/Carbon%20Market%20Roadmap.pdf HTTP/1.1" 200 4344697 "-" "Mozilla/5.0 (compatible; bingbot/2.0; +http://www.bing.com/bingbot.htm)"
157.55.39.174 - - [26/Jun/2017:03:58:57 +0530] "GET /project_details_view.php?id=1019 HTTP/1.1" 200 13804 "-" "Mozilla/5.0 (iPhone; CPU iPhone OS 7_0 like Mac OS X) AppleWebKit/537.51.1 (KHTML, like Gecko) Version/7.0 Mobile/11A465 Safari/9537.53 (compatible; bingbot/2.0; +http://www.bing.com/bingbot.htm)"
35.184.189.105 - - [26/Jun/2017:04:04:39 +0530] "GET /robots.txt HTTP/1.1" 404 208 "-" "ltx71 - (http://ltx71.com/)"
35.184.189.105 - - [26/Jun/2017:04:05:23 +0530] "GET /images/NCDMA%20PCN%20Format%2017072009.doc HTTP/1.1" 200 114176 "-" "ltx71 - (http://ltx71.com/)"
66.249.69.83 - - [26/Jun/2017:04:14:45 +0530] "GET /project_details_view.php?id=1179 HTTP/1.1" 200 14301 "-" "Mozilla/5.0 (Linux; Android 6.0.1; Nexus 5X Build/MMB29P) AppleWebKit/537.36 (KHTML, like Gecko) Chrome/41.0.2272.96 Mobile Safari/537.36 (compatible; Googlebot/2.1; +http://www.google.com/bot.html)"
157.55.39.84 - - [26/Jun/2017:04:17:16 +0530] "GET /downloads/New%20PCN.doc HTTP/1.1" 200 435200 "-" "Mozilla/5.0 (compatible; bingbot/2.0; +http://www.bing.com/bingbot.htm)"
146.148.64.128 - - [26/Jun/2017:04:23:00 +0530] "GET /robots.txt HTTP/1.1" 404 208 "-" "ltx71 - (http://ltx71.com/)"
216.244.66.248 - - [26/Jun/2017:04:23:45 +0530] "GET /robots.txt HTTP/1.1" 404 208 "-" "Mozilla/5.0 (compatible; DotBot/1.1; http://www.opensiteexplorer.org/dotbot, help@moz.com)"
157.55.39.28 - - [26/Jun/2017:04:25:36 +0530] "GET /robots.txt HTTP/1.1" 404 208 "-" "Mozilla/5.0 (compatible; bingbot/2.0; +http://www.bing.com/bingbot.htm)"
207.46.13.27 - - [26/Jun/2017:04:25:45 +0530] "GET /constitution.php HTTP/1.1" 200 23669 "-" "Mozilla/5.0 (compatible; bingbot/2.0; +http://www.bing.com/bingbot.htm)"
66.249.69.79 - - [26/Jun/2017:04:27:02 +0530] "GET /reports_list_details.php?id=Rajasthan&reporttype=2&page=11 HTTP/1.1" 200 21772 "-" "Mozilla/5.0 (compatible; Googlebot/2.1; +http://www.google.com/bot.html)"
146.148.64.128 - - [26/Jun/2017:04:27:12 +0530] "GET /robots.txt HTTP/1.1" 404 208 "-" "ltx71 - (http://ltx71.com/)"
146.148.64.128 - - [26/Jun/2017:04:27:58 +0530] "GET /aboutus.php HTTP/1.1" 200 19597 "-" "ltx71 - (http://ltx71.com/)"
146.148.64.128 - - [26/Jun/2017:04:28:51 +0530] "GET /contactus.php HTTP/1.1" 200 18292 "-" "ltx71 - (http://ltx71.com/)"
207.46.13.27 - - [26/Jun/2017:04:30:07 +0530] "GET /downloads/Template_sharing%202Percent.doc HTTP/1.1" 200 73728 "-" "Mozilla/5.0 (compatible; bingbot/2.0; +http://www.bing.com/bingbot.htm)"
157.55.39.235 - - [26/Jun/2017:04:31:40 +0530] "GET /news_more.php HTTP/1.1" 200 21323 "-" "Mozilla/5.0 (compatible; bingbot/2.0; +http://www.bing.com/bingbot.htm)"
202.46.58.134 - - [26/Jun/2017:04:34:04 +0530] "GET /project_details_view.php?id=1503 HTTP/1.1" 200 15124 "-" "Mozilla/5.0 (Windows NT 10.0; WOW64) AppleWebKit/537.36 (KHTML, like Gecko) Chrome/45.0.2454.93 Safari/537.36"
146.148.64.128 - - [26/Jun/2017:04:35:11 +0530] "GET /robots.txt HTTP/1.1" 404 208 "-" "ltx71 - (http://ltx71.com/)"
207.46.13.27 - - [26/Jun/2017:04:35:48 +0530] "GET /project_details_view.php?id=585 HTTP/1.1" 200 14000 "-" "Mozilla/5.0 (compatible; bingbot/2.0; +http://www.bing.com/bingbot.htm)"
146.148.64.128 - - [26/Jun/2017:04:37:11 +0530] "GET /downloads/Carbon%20Market%20Roadmap.pdf HTTP/1.1" 200 4344697 "-" "ltx71 - (http://ltx71.com/)"
194.187.170.107 - - [26/Jun/2017:04:37:37 +0530] "GET /robots.txt HTTP/1.0" 404 208 "-" "Mozilla/5.0 (compatible; Qwantify/2.4w; +https://www.qwant.com/)/2.4w"
194.187.170.107 - - [26/Jun/2017:04:37:38 +0530] "GET /detail_news.php?id=19 HTTP/1.0" 302 19082 "-" "Mozilla/5.0 (compatible; Qwantify/2.4w; +https://www.qwant.com/)/2.4w"
194.187.170.107 - - [26/Jun/2017:04:37:39 +0530] "GET /logout.php HTTP/1.0" 302 369 "-" "Mozilla/5.0 (compatible; Qwantify/2.4w; +https://www.qwant.com/)/2.4w"
194.187.170.107 - - [26/Jun/2017:04:37:39 +0530] "GET /index.php HTTP/1.0" 200 19490 "-" "Mozilla/5.0 (compatible; Qwantify/2.4w; +https://www.qwant.com/)/2.4w"
194.187.170.107 - - [26/Jun/2017:04:37:53 +0530] "GET /detail_news.php?id=18 HTTP/1.0" 302 18713 "-" "Mozilla/5.0 (compatible; Qwantify/2.4w; +https://www.qwant.com/)/2.4w"
194.187.170.107 - - [26/Jun/2017:04:37:55 +0530] "GET /logout.php HTTP/1.0" 302 369 "-" "Mozilla/5.0 (compatible; Qwantify/2.4w; +https://www.qwant.com/)/2.4w"
194.187.170.107 - - [26/Jun/2017:04:37:55 +0530] "GET /index.php HTTP/1.0" 200 19490 "-" "Mozilla/5.0 (compatible; Qwantify/2.4w; +https://www.qwant.com/)/2.4w"
146.148.64.128 - - [26/Jun/2017:04:40:59 +0530] "GET /robots.txt HTTP/1.1" 404 208 "-" "ltx71 - (http://ltx71.com/)"
37.231.233.104 - - [26/Jun/2017:04:41:21 +0530] "GET /wp-login.php HTTP/1.1" 404 210 "-" "Mozilla/5.0 (Windows NT 6.1; WOW64; rv:40.0) Gecko/20100101 Firefox/40.1"
37.231.233.104 - - [26/Jun/2017:04:41:22 +0530] "GET / HTTP/1.1" 200 19490 "-" "Mozilla/5.0 (Windows NT 6.1; WOW64; rv:40.0) Gecko/20100101 Firefox/40.1"
66.249.69.81 - - [26/Jun/2017:04:43:14 +0530] "GET /project_details_view_report.php?id=545 HTTP/1.1" 200 13197 "-" "Mozilla/5.0 (compatible; Googlebot/2.1; +http://www.google.com/bot.html)"
157.55.39.174 - - [26/Jun/2017:04:43:44 +0530] "GET /contactus.php HTTP/1.1" 200 18292 "-" "Mozilla/5.0 (iPhone; CPU iPhone OS 7_0 like Mac OS X) AppleWebKit/537.51.1 (KHTML, like Gecko) Version/7.0 Mobile/11A465 Safari/9537.53 (compatible; bingbot/2.0; +http://www.bing.com/bingbot.htm)"
199.30.24.122 - - [26/Jun/2017:04:43:51 +0530] "GET /js/index_validations.js HTTP/1.1" 200 3143 "-" "Mozilla/5.0 (iPhone; CPU iPhone OS 7_0 like Mac OS X) AppleWebKit/537.51.1 (KHTML, like Gecko) Version/7.0 Mobile/11A465 Safari/9537.53 BingPreview/1.0b"
157.55.39.235 - - [26/Jun/2017:04:44:00 +0530] "GET /images/h_contactus.jpg HTTP/1.1" 200 21787 "-" "Mozilla/5.0 (iPhone; CPU iPhone OS 7_0 like Mac OS X) AppleWebKit/537.51.1 (KHTML, like Gecko) Version/7.0 Mobile/11A465 Safari/9537.53 (compatible; bingbot/2.0; +http://www.bing.com/bingbot.htm)"
157.55.39.84 - - [26/Jun/2017:04:44:19 +0530] "GET /project_details_view_report.php?id=847 HTTP/1.1" 200 13216 "-" "Mozilla/5.0 (compatible; bingbot/2.0; +http://www.bing.com/bingbot.htm)"
146.148.64.128 - - [26/Jun/2017:04:44:44 +0530] "GET /robots.txt HTTP/1.1" 404 208 "-" "ltx71 - (http://ltx71.com/)"
194.187.170.107 - - [26/Jun/2017:04:48:39 +0530] "GET /future_projects.php HTTP/1.0" 302 26210 "-" "Mozilla/5.0 (compatible; Qwantify/2.4w; +https://www.qwant.com/)/2.4w"
194.187.170.107 - - [26/Jun/2017:04:48:39 +0530] "GET /logout.php HTTP/1.0" 302 369 "-" "Mozilla/5.0 (compatible; Qwantify/2.4w; +https://www.qwant.com/)/2.4w"
194.187.170.107 - - [26/Jun/2017:04:48:41 +0530] "GET /index.php HTTP/1.0" 200 19490 "-" "Mozilla/5.0 (compatible; Qwantify/2.4w; +https://www.qwant.com/)/2.4w"
207.46.13.27 - - [26/Jun/2017:04:48:47 +0530] "GET /downloads/Template_sharing%202Percent.doc HTTP/1.1" 200 73728 "-" "Mozilla/5.0 (compatible; bingbot/2.0; +http://www.bing.com/bingbot.htm)"
207.46.13.27 - - [26/Jun/2017:04:49:52 +0530] "GET /detail_events.php?id= HTTP/1.1" 302 16738 "-" "Mozilla/5.0 (compatible; bingbot/2.0; +http://www.bing.com/bingbot.htm)"
207.46.13.27 - - [26/Jun/2017:04:49:54 +0530] "GET /logout.php HTTP/1.1" 302 369 "-" "Mozilla/5.0 (compatible; bingbot/2.0; +http://www.bing.com/bingbot.htm)"
207.46.13.27 - - [26/Jun/2017:04:49:56 +0530] "GET /index.php HTTP/1.1" 200 19490 "-" "Mozilla/5.0 (compatible; bingbot/2.0; +http://www.bing.com/bingbot.htm)"
207.46.13.27 - - [26/Jun/2017:04:50:51 +0530] "GET /sitemap.php HTTP/1.1" 200 18469 "-" "Mozilla/5.0 (compatible; bingbot/2.0; +http://www.bing.com/bingbot.htm)"
146.148.64.128 - - [26/Jun/2017:04:57:01 +0530] "GET /robots.txt HTTP/1.1" 404 208 "-" "ltx71 - (http://ltx71.com/)"
146.148.64.128 - - [26/Jun/2017:04:57:22 +0530] "GET /imp_links.php HTTP/1.1" 200 17834 "-" "ltx71 - (http://ltx71.com/)"
66.249.69.83 - - [26/Jun/2017:04:58:24 +0530] "GET / HTTP/1.1" 200 19490 "-" "Mozilla/5.0 (compatible; Googlebot/2.1; +http://www.google.com/bot.html)"
207.46.13.27 - - [26/Jun/2017:04:58:47 +0530] "GET /imp_links.php HTTP/1.1" 200 17834 "-" "Mozilla/5.0 (compatible; bingbot/2.0; +http://www.bing.com/bingbot.htm)"
23.88.37.115 - - [26/Jun/2017:04:59:18 +0530] "GET / HTTP/1.1" 200 19490 "http://www.domain2008.com/domains/www.cdmindia.gov.in" "Mozilla/5.0 (compatible; MSIE 9.0; Windows NT 6.1; WOW64; Trident/5.0)"
194.187.170.107 - - [26/Jun/2017:05:00:06 +0530] "GET /downloads/New%20PCN.doc HTTP/1.0" 304 - "-" "Mozilla/5.0 (compatible; Qwantify/2.4w; +https://www.qwant.com/)/2.4w"
157.55.39.84 - - [26/Jun/2017:05:00:11 +0530] "GET /project_details_view.php?id=2178&oid=14&page=1&reporttype=1 HTTP/1.1" 200 13856 "-" "Mozilla/5.0 (compatible; bingbot/2.0; +http://www.bing.com/bingbot.htm)"
207.46.13.27 - - [26/Jun/2017:05:04:33 +0530] "GET /constitution.php HTTP/1.1" 200 23669 "-" "Mozilla/5.0 (compatible; bingbot/2.0; +http://www.bing.com/bingbot.htm)"
194.187.170.107 - - [26/Jun/2017:05:05:08 +0530] "GET /downloads/Carbon%20Market%20Roadmap.pdf HTTP/1.0" 304 - "-" "Mozilla/5.0 (compatible; Qwantify/2.4w; +https://www.qwant.com/)/2.4w"
194.187.170.107 - - [26/Jun/2017:05:06:57 +0530] "GET /downloads/Existing%20PCN.doc HTTP/1.0" 304 - "-" "Mozilla/5.0 (compatible; Qwantify/2.4w; +https://www.qwant.com/)/2.4w"
66.249.66.133 - - [26/Jun/2017:05:07:05 +0530] "GET /project_details_view_report.php?id=1518 HTTP/1.1" 200 13212 "-" "Mozilla/5.0 (compatible; Googlebot/2.1; +http://www.google.com/bot.html)"
157.55.39.174 - - [26/Jun/2017:05:07:42 +0530] "GET /project_details_view.php?id=1867&oid=13&page=1&reporttype=1 HTTP/1.1" 200 14776 "-" "Mozilla/5.0 (compatible; bingbot/2.0; +http://www.bing.com/bingbot.htm)"
157.55.39.174 - - [26/Jun/2017:05:07:55 +0530] "GET /includes/ncdma.css HTTP/1.1" 200 13023 "-" "Mozilla/5.0 (compatible; bingbot/2.0; +http://www.bing.com/bingbot.htm)"
66.249.69.81 - - [26/Jun/2017:05:08:33 +0530] "GET / HTTP/1.1" 200 19490 "-" "Mozilla/5.0 (Linux; Android 6.0.1; Nexus 5X Build/MMB29P) AppleWebKit/537.36 (KHTML, like Gecko) Chrome/41.0.2272.96 Mobile Safari/537.36 (compatible; Googlebot/2.1; +http://www.google.com/bot.html)"
157.55.39.84 - - [26/Jun/2017:05:08:53 +0530] "GET /downloads/Comparision%20of%20PCN_30.03.doc HTTP/1.1" 200 49664 "-" "Mozilla/5.0 (compatible; bingbot/2.0; +http://www.bing.com/bingbot.htm)"
146.148.64.128 - - [26/Jun/2017:05:10:01 +0530] "GET /robots.txt HTTP/1.1" 404 208 "-" "ltx71 - (http://ltx71.com/)"
146.148.64.128 - - [26/Jun/2017:05:12:01 +0530] "GET /future_projects.php HTTP/1.1" 302 26210 "-" "ltx71 - (http://ltx71.com/)"
157.55.39.84 - - [26/Jun/2017:05:12:20 +0530] "GET /project_details_view.php?id=2180 HTTP/1.1" 200 14213 "-" "Mozilla/5.0 (compatible; bingbot/2.0; +http://www.bing.com/bingbot.htm)"
216.244.66.248 - - [26/Jun/2017:05:12:41 +0530] "GET /detail_news.php?id=17 HTTP/1.1" 302 18570 "-" "Mozilla/5.0 (compatible; DotBot/1.1; http://www.opensiteexplorer.org/dotbot, help@moz.com)"
66.249.69.79 - - [26/Jun/2017:05:13:35 +0530] "GET /project_details_view_report.php?id=1593 HTTP/1.1" 200 13139 "-" "Mozilla/5.0 (compatible; Googlebot/2.1; +http://www.google.com/bot.html)"
194.187.170.107 - - [26/Jun/2017:05:13:35 +0530] "GET /detail_news.php?id=20 HTTP/1.0" 302 18266 "-" "Mozilla/5.0 (compatible; Qwantify/2.4w; +https://www.qwant.com/)/2.4w"
194.187.170.107 - - [26/Jun/2017:05:13:36 +0530] "GET /logout.php HTTP/1.0" 302 369 "-" "Mozilla/5.0 (compatible; Qwantify/2.4w; +https://www.qwant.com/)/2.4w"
194.187.170.107 - - [26/Jun/2017:05:13:36 +0530] "GET /index.php HTTP/1.0" 200 19490 "-" "Mozilla/5.0 (compatible; Qwantify/2.4w; +https://www.qwant.com/)/2.4w"
202.46.54.138 - - [26/Jun/2017:05:14:20 +0530] "GET /project_details_view_report.php?id=497 HTTP/1.1" 200 13270 "-" "Mozilla/5.0 (Windows NT 10.0; WOW64) AppleWebKit/537.36 (KHTML, like Gecko) Chrome/45.0.2454.93 Safari/537.36"
123.125.71.53 - - [26/Jun/2017:05:15:45 +0530] "GET /downloads/Template_sharing%202Percent.doc HTTP/1.1" 200 73728 "-" "Mozilla/5.0 (compatible; Baiduspider/2.0; +http://www.baidu.com/search/spider.html)"
157.55.39.174 - - [26/Jun/2017:05:23:04 +0530] "GET /contactus.php HTTP/1.1" 200 18292 "-" "Mozilla/5.0 (compatible; bingbot/2.0; +http://www.bing.com/bingbot.htm)"
157.55.39.174 - - [26/Jun/2017:05:26:07 +0530] "GET /project_details_view_report.php?id=1119 HTTP/1.1" 200 13181 "-" "Mozilla/5.0 (compatible; bingbot/2.0; +http://www.bing.com/bingbot.htm)"
157.55.39.235 - - [26/Jun/2017:05:27:33 +0530] "GET /detail_news.php?id=19 HTTP/1.1" 302 19082 "-" "Mozilla/5.0 (compatible; bingbot/2.0; +http://www.bing.com/bingbot.htm)"
157.55.39.235 - - [26/Jun/2017:05:27:35 +0530] "GET /logout.php HTTP/1.1" 302 369 "-" "Mozilla/5.0 (compatible; bingbot/2.0; +http://www.bing.com/bingbot.htm)"
157.55.39.235 - - [26/Jun/2017:05:27:36 +0530] "GET /index.php HTTP/1.1" 200 19490 "-" "Mozilla/5.0 (compatible; bingbot/2.0; +http://www.bing.com/bingbot.htm)"
157.55.39.174 - - [26/Jun/2017:05:29:10 +0530] "GET /registration.php HTTP/1.1" 302 28529 "-" "Mozilla/5.0 (compatible; bingbot/2.0; +http://www.bing.com/bingbot.htm)"
157.55.39.174 - - [26/Jun/2017:05:29:11 +0530] "GET /logout.php HTTP/1.1" 302 369 "-" "Mozilla/5.0 (compatible; bingbot/2.0; +http://www.bing.com/bingbot.htm)"
157.55.39.174 - - [26/Jun/2017:05:29:12 +0530] "GET /index.php HTTP/1.1" 200 19490 "-" "Mozilla/5.0 (compatible; bingbot/2.0; +http://www.bing.com/bingbot.htm)"
66.249.75.27 - - [26/Jun/2017:05:29:28 +0530] "GET / HTTP/1.1" 200 19490 "-" "Mozilla/5.0 (compatible; Googlebot/2.1; +http://www.google.com/bot.html)"
157.55.39.174 - - [26/Jun/2017:05:31:01 +0530] "GET /registration.php HTTP/1.1" 302 28529 "-" "Mozilla/5.0 (compatible; bingbot/2.0; +http://www.bing.com/bingbot.htm)"
157.55.39.174 - - [26/Jun/2017:05:31:11 +0530] "GET /logout.php HTTP/1.1" 302 369 "-" "Mozilla/5.0 (compatible; bingbot/2.0; +http://www.bing.com/bingbot.htm)"
157.55.39.174 - - [26/Jun/2017:05:31:12 +0530] "GET /index.php HTTP/1.1" 200 19490 "-" "Mozilla/5.0 (compatible; bingbot/2.0; +http://www.bing.com/bingbot.htm)"
180.76.15.19 - - [26/Jun/2017:05:32:42 +0530] "GET /robots.txt HTTP/1.1" 404 208 "-" "Mozilla/5.0 (Windows NT 5.1; rv:6.0.2) Gecko/20100101 Firefox/6.0.2"
157.55.39.235 - - [26/Jun/2017:05:37:18 +0530] "GET /downloads/Carbon%20Market%20Roadmap.pdf HTTP/1.1" 200 4344697 "-" "Mozilla/5.0 (compatible; bingbot/2.0; +http://www.bing.com/bingbot.htm)"
157.55.39.84 - - [26/Jun/2017:05:41:41 +0530] "GET /project_details_view.php?id=1456 HTTP/1.1" 200 14016 "-" "Mozilla/5.0 (iPhone; CPU iPhone OS 7_0 like Mac OS X) AppleWebKit/537.51.1 (KHTML, like Gecko) Version/7.0 Mobile/11A465 Safari/9537.53 (compatible; bingbot/2.0; +http://www.bing.com/bingbot.htm)"
194.187.170.107 - - [26/Jun/2017:05:42:12 +0530] "GET /registration.php HTTP/1.0" 302 28529 "-" "Mozilla/5.0 (compatible; Qwantify/2.4w; +https://www.qwant.com/)/2.4w"
194.187.170.107 - - [26/Jun/2017:05:42:13 +0530] "GET /logout.php HTTP/1.0" 302 369 "-" "Mozilla/5.0 (compatible; Qwantify/2.4w; +https://www.qwant.com/)/2.4w"
194.187.170.107 - - [26/Jun/2017:05:42:14 +0530] "GET /index.php HTTP/1.0" 200 19490 "-" "Mozilla/5.0 (compatible; Qwantify/2.4w; +https://www.qwant.com/)/2.4w"
157.55.39.84 - - [26/Jun/2017:05:44:26 +0530] "GET /project_details_view_report.php?id=1869 HTTP/1.1" 200 13181 "-" "Mozilla/5.0 (compatible; bingbot/2.0; +http://www.bing.com/bingbot.htm)"
66.249.69.79 - - [26/Jun/2017:05:44:30 +0530] "GET /Approved_proj_reports_list_details.php?id=1&reporttype=1&scale=&sdt=&edt=&exec=&page=16 HTTP/1.1" 200 17248 "-" "Mozilla/5.0 (compatible; Googlebot/2.1; +http://www.google.com/bot.html)"
157.55.39.174 - - [26/Jun/2017:05:44:44 +0530] "GET /approved_projects.php HTTP/1.1" 200 16642 "-" "Mozilla/5.0 (iPhone; CPU iPhone OS 7_0 like Mac OS X) AppleWebKit/537.51.1 (KHTML, like Gecko) Version/7.0 Mobile/11A465 Safari/9537.53 (compatible; bingbot/2.0; +http://www.bing.com/bingbot.htm)"
157.55.39.84 - - [26/Jun/2017:05:45:02 +0530] "GET /images/fbg.jpg HTTP/1.1" 200 325 "-" "Mozilla/5.0 (iPhone; CPU iPhone OS 7_0 like Mac OS X) AppleWebKit/537.51.1 (KHTML, like Gecko) Version/7.0 Mobile/11A465 Safari/9537.53 (compatible; bingbot/2.0; +http://www.bing.com/bingbot.htm)"
157.55.39.174 - - [26/Jun/2017:05:46:21 +0530] "GET /approval_process.php HTTP/1.1" 200 25912 "-" "Mozilla/5.0 (compatible; bingbot/2.0; +http://www.bing.com/bingbot.htm)"
157.55.39.235 - - [26/Jun/2017:05:49:59 +0530] "GET /images/NCDMA%20PCN%20Format%2017072009.doc HTTP/1.1" 200 114176 "-" "Mozilla/5.0 (compatible; bingbot/2.0; +http://www.bing.com/bingbot.htm)"
207.46.13.27 - - [26/Jun/2017:05:50:20 +0530] "GET /detail_news.php?id=21 HTTP/1.1" 302 18149 "-" "Mozilla/5.0 (compatible; bingbot/2.0; +http://www.bing.com/bingbot.htm)"
207.46.13.27 - - [26/Jun/2017:05:50:22 +0530] "GET /logout.php HTTP/1.1" 302 369 "-" "Mozilla/5.0 (compatible; bingbot/2.0; +http://www.bing.com/bingbot.htm)"
207.46.13.27 - - [26/Jun/2017:05:50:33 +0530] "GET /index.php HTTP/1.1" 200 19490 "-" "Mozilla/5.0 (compatible; bingbot/2.0; +http://www.bing.com/bingbot.htm)"
66.249.69.79 - - [26/Jun/2017:05:54:43 +0530] "GET /project_details_view_report.php?id=1593 HTTP/1.1" 200 13139 "-" "Mozilla/5.0 (Linux; Android 6.0.1; Nexus 5X Build/MMB29P) AppleWebKit/537.36 (KHTML, like Gecko) Chrome/41.0.2272.96 Mobile Safari/537.36 (compatible; Googlebot/2.1; +http://www.google.com/bot.html)"
146.148.64.128 - - [26/Jun/2017:05:55:10 +0530] "GET /robots.txt HTTP/1.1" 404 208 "-" "ltx71 - (http://ltx71.com/)"
146.148.64.128 - - [26/Jun/2017:05:56:33 +0530] "GET /logout.php HTTP/1.1" 302 369 "-" "ltx71 - (http://ltx71.com/)"
207.46.13.27 - - [26/Jun/2017:05:57:30 +0530] "GET /aboutus.php HTTP/1.1" 200 19597 "-" "Mozilla/5.0 (iPhone; CPU iPhone OS 7_0 like Mac OS X) AppleWebKit/537.51.1 (KHTML, like Gecko) Version/7.0 Mobile/11A465 Safari/9537.53 (compatible; bingbot/2.0; +http://www.bing.com/bingbot.htm)"
207.46.13.27 - - [26/Jun/2017:05:57:53 +0530] "GET /images/h_aboutus.jpg HTTP/1.1" 200 21693 "-" "Mozilla/5.0 (iPhone; CPU iPhone OS 7_0 like Mac OS X) AppleWebKit/537.51.1 (KHTML, like Gecko) Version/7.0 Mobile/11A465 Safari/9537.53 (compatible; bingbot/2.0; +http://www.bing.com/bingbot.htm)"
66.249.69.79 - - [26/Jun/2017:05:59:53 +0530] "GET /project_details_view.php?id=1098 HTTP/1.1" 200 13916 "-" "Mozilla/5.0 (Linux; Android 6.0.1; Nexus 5X Build/MMB29P) AppleWebKit/537.36 (KHTML, like Gecko) Chrome/41.0.2272.96 Mobile Safari/537.36 (compatible; Googlebot/2.1; +http://www.google.com/bot.html)"
207.46.13.27 - - [26/Jun/2017:06:00:23 +0530] "GET /project_details_view_report.php?id=603 HTTP/1.1" 200 13203 "-" "Mozilla/5.0 (compatible; bingbot/2.0; +http://www.bing.com/bingbot.htm)"
194.187.170.107 - - [26/Jun/2017:06:02:16 +0530] "GET /downloads/Comparision%20of%20PCN_30.03.doc HTTP/1.0" 304 - "-" "Mozilla/5.0 (compatible; Qwantify/2.4w; +https://www.qwant.com/)/2.4w"
157.55.39.174 - - [26/Jun/2017:06:02:58 +0530] "GET /project_details_view.php?id=1310 HTTP/1.1" 200 15555 "-" "Mozilla/5.0 (iPhone; CPU iPhone OS 7_0 like Mac OS X) AppleWebKit/537.51.1 (KHTML, like Gecko) Version/7.0 Mobile/11A465 Safari/9537.53 (compatible; bingbot/2.0; +http://www.bing.com/bingbot.htm)"
194.187.170.107 - - [26/Jun/2017:06:03:03 +0530] "GET /sitemap.php HTTP/1.0" 200 18469 "-" "Mozilla/5.0 (compatible; Qwantify/2.4w; +https://www.qwant.com/)/2.4w"
66.249.75.26 - - [26/Jun/2017:06:04:54 +0530] "GET / HTTP/1.1" 200 19490 "-" "Mozilla/5.0 (Linux; Android 6.0.1; Nexus 5X Build/MMB29P) AppleWebKit/537.36 (KHTML, like Gecko) Chrome/41.0.2272.96 Mobile Safari/537.36 (compatible; Googlebot/2.1; +http://www.google.com/bot.html)"
106.192.185.187 - - [26/Jun/2017:06:08:44 +0530] "GET /favicon.ico HTTP/1.1" 200 1189 "http://www.cdmindia.gov.in/downloads/Carbon%20Market%20Roadmap.pdf" "Mozilla/5.0 (Windows NT 10.0; Win64; x64) AppleWebKit/537.36 (KHTML, like Gecko) Chrome/58.0.3029.110 Safari/537.36"
106.192.185.187 - - [26/Jun/2017:06:08:44 +0530] "GET /downloads/Carbon%20Market%20Roadmap.pdf HTTP/1.1" 200 4344697 "https://www.google.co.in/" "Mozilla/5.0 (Windows NT 10.0; Win64; x64) AppleWebKit/537.36 (KHTML, like Gecko) Chrome/58.0.3029.110 Safari/537.36"
106.192.185.187 - - [26/Jun/2017:06:08:44 +0530] "GET /downloads/Carbon%20Market%20Roadmap.pdf HTTP/1.1" 206 4225229 "http://www.cdmindia.gov.in/downloads/Carbon%20Market%20Roadmap.pdf" "Mozilla/5.0 (Windows NT 10.0; Win64; x64) AppleWebKit/537.36 (KHTML, like Gecko) Chrome/58.0.3029.110 Safari/537.36"
106.192.185.187 - - [26/Jun/2017:06:08:45 +0530] "GET /downloads/Carbon%20Market%20Roadmap.pdf HTTP/1.1" 206 65536 "http://www.cdmindia.gov.in/downloads/Carbon%20Market%20Roadmap.pdf" "Mozilla/5.0 (Windows NT 10.0; Win64; x64) AppleWebKit/537.36 (KHTML, like Gecko) Chrome/58.0.3029.110 Safari/537.36"
106.192.185.187 - - [26/Jun/2017:06:08:46 +0530] "GET /downloads/Carbon%20Market%20Roadmap.pdf HTTP/1.1" 206 2781763 "http://www.cdmindia.gov.in/downloads/Carbon%20Market%20Roadmap.pdf" "Mozilla/5.0 (Windows NT 10.0; Win64; x64) AppleWebKit/537.36 (KHTML, like Gecko) Chrome/58.0.3029.110 Safari/537.36"
66.249.69.81 - - [26/Jun/2017:06:10:03 +0530] "GET /project_details_view.php?id=853 HTTP/1.1" 200 15054 "-" "Mozilla/5.0 (compatible; Googlebot/2.1; +http://www.google.com/bot.html)"
194.187.170.107 - - [26/Jun/2017:06:10:29 +0530] "GET /news_more.php HTTP/1.0" 200 21323 "-" "Mozilla/5.0 (compatible; Qwantify/2.4w; +https://www.qwant.com/)/2.4w"
194.187.170.107 - - [26/Jun/2017:06:10:46 +0530] "GET /images/NCDMA%20PCN%20Format%2017072009.doc HTTP/1.0" 304 - "-" "Mozilla/5.0 (compatible; Qwantify/2.4w; +https://www.qwant.com/)/2.4w"
157.55.39.235 - - [26/Jun/2017:06:11:46 +0530] "GET /future_projects.php HTTP/1.1" 302 26210 "-" "Mozilla/5.0 (compatible; bingbot/2.0; +http://www.bing.com/bingbot.htm)"
157.55.39.235 - - [26/Jun/2017:06:11:47 +0530] "GET /logout.php HTTP/1.1" 302 369 "-" "Mozilla/5.0 (compatible; bingbot/2.0; +http://www.bing.com/bingbot.htm)"
157.55.39.235 - - [26/Jun/2017:06:11:48 +0530] "GET /index.php HTTP/1.1" 200 19490 "-" "Mozilla/5.0 (compatible; bingbot/2.0; +http://www.bing.com/bingbot.htm)"
146.148.64.128 - - [26/Jun/2017:06:14:15 +0530] "GET /robots.txt HTTP/1.1" 404 208 "-" "ltx71 - (http://ltx71.com/)"
157.55.39.84 - - [26/Jun/2017:06:15:41 +0530] "GET /project_details_view.php?id=313 HTTP/1.1" 200 14476 "-" "Mozilla/5.0 (compatible; bingbot/2.0; +http://www.bing.com/bingbot.htm)"
146.148.64.128 - - [26/Jun/2017:06:17:55 +0530] "GET /robots.txt HTTP/1.1" 404 208 "-" "ltx71 - (http://ltx71.com/)"
157.55.39.84 - - [26/Jun/2017:06:18:06 +0530] "GET /project_details_view.php?id=1766 HTTP/1.1" 200 14030 "-" "Mozilla/5.0 (compatible; bingbot/2.0; +http://www.bing.com/bingbot.htm)"
105.157.42.164 - - [26/Jun/2017:06:18:58 +0530] "GET /detail_news.php?id=3 HTTP/1.1" 200 18397 "http://www.cdmindia.gov.in/detail_news.php?id=3" "Mozilla/5.0 (Windows; U; Windows NT 5.1; pt-PT; rv:1.9.1.2) Gecko/20090729 Firefox/3.5.2 (.NET CLR 3.5.30729)"
105.157.42.164 - - [26/Jun/2017:06:19:01 +0530] "GET /detail_news.php?id=3'A=0 HTTP/1.1" 200 11730 "http://www.cdmindia.gov.in/detail_news.php?id=3'A=0" "Mozilla/5.0 (Windows; U; Windows NT 5.1; pt-PT; rv:1.9.1.2) Gecko/20090729 Firefox/3.5.2 (.NET CLR 3.5.30729)"
220.181.108.149 - - [26/Jun/2017:06:22:25 +0530] "GET /downloads/Carbon%20Market%20Roadmap.pdf HTTP/1.1" 200 4344697 "-" "Mozilla/5.0 (compatible; Baiduspider/2.0; +http://www.baidu.com/search/spider.html)"
66.249.66.129 - - [26/Jun/2017:06:22:52 +0530] "GET /project_details_view_report.php?id=1828 HTTP/1.1" 200 13210 "-" "Mozilla/5.0 (compatible; Googlebot/2.1; +http://www.google.com/bot.html)"
35.184.189.105 - - [26/Jun/2017:06:23:42 +0530] "GET /robots.txt HTTP/1.1" 404 208 "-" "ltx71 - (http://ltx71.com/)"
35.184.189.105 - - [26/Jun/2017:06:24:05 +0530] "GET /detail_news.php?id=19 HTTP/1.1" 302 19082 "-" "ltx71 - (http://ltx71.com/)"
157.55.39.235 - - [26/Jun/2017:06:24:14 +0530] "GET /project_details_view.php?id=1466 HTTP/1.1" 200 14500 "-" "Mozilla/5.0 (iPhone; CPU iPhone OS 7_0 like Mac OS X) AppleWebKit/537.51.1 (KHTML, like Gecko) Version/7.0 Mobile/11A465 Safari/9537.53 (compatible; bingbot/2.0; +http://www.bing.com/bingbot.htm)"
66.249.69.79 - - [26/Jun/2017:06:26:00 +0530] "GET /project_details_view_report.php?id=853 HTTP/1.1" 200 13237 "-" "Mozilla/5.0 (Linux; Android 6.0.1; Nexus 5X Build/MMB29P) AppleWebKit/537.36 (KHTML, like Gecko) Chrome/41.0.2272.96 Mobile Safari/537.36 (compatible; Googlebot/2.1; +http://www.google.com/bot.html)"
207.46.13.27 - - [26/Jun/2017:06:26:19 +0530] "GET /sitemap.php HTTP/1.1" 200 18469 "-" "Mozilla/5.0 (compatible; bingbot/2.0; +http://www.bing.com/bingbot.htm)"
207.46.13.27 - - [26/Jun/2017:06:27:51 +0530] "GET /capacity_building.php HTTP/1.1" 200 19186 "-" "Mozilla/5.0 (compatible; bingbot/2.0; +http://www.bing.com/bingbot.htm)"
66.249.69.81 - - [26/Jun/2017:06:30:18 +0530] "GET / HTTP/1.1" 200 19490 "-" "Mozilla/5.0 (compatible; Googlebot/2.1; +http://www.google.com/bot.html)"
157.55.39.174 - - [26/Jun/2017:06:30:57 +0530] "GET /index.php HTTP/1.1" 200 19490 "-" "Mozilla/5.0 (compatible; bingbot/2.0; +http://www.bing.com/bingbot.htm)"
