112.79.181.8 - - [26/May/2017:08:03:42 +0530] "GET /images/img1.jpg HTTP/1.1" 200 1251 "http://www.cdmindia.gov.in/project_details_view.php?id=800" "Mozilla/5.0 (iPhone; CPU iPhone OS 10_3_2 like Mac OS X) AppleWebKit/603.2.4 (KHTML, like Gecko) Version/10.0 Mobile/14F89 Safari/602.1"
112.79.181.8 - - [26/May/2017:08:03:43 +0530] "GET /images/fbg.jpg HTTP/1.1" 200 325 "http://www.cdmindia.gov.in/project_details_view.php?id=800" "Mozilla/5.0 (iPhone; CPU iPhone OS 10_3_2 like Mac OS X) AppleWebKit/603.2.4 (KHTML, like Gecko) Version/10.0 Mobile/14F89 Safari/602.1"
157.55.39.227 - - [26/May/2017:08:05:46 +0530] "GET /approved_projects.php?n=1 HTTP/1.1" 200 16641 "-" "Mozilla/5.0 (compatible; bingbot/2.0; +http://www.bing.com/bingbot.htm)"
66.249.79.79 - - [26/May/2017:08:08:29 +0530] "GET /project_details_view.php?id=1190&oid=1&page=29&reporttype=1 HTTP/1.1" 200 15465 "-" "Mozilla/5.0 (compatible; Googlebot/2.1; +http://www.google.com/bot.html)"
202.46.57.177 - - [26/May/2017:08:10:30 +0530] "GET /project_details_view.php?id=1975 HTTP/1.1" 200 14233 "-" "Mozilla/5.0 (Windows NT 10.0; WOW64) AppleWebKit/537.36 (KHTML, like Gecko) Chrome/45.0.2454.93 Safari/537.36"
168.235.200.103 - - [26/May/2017:08:13:46 +0530] "GET /project_details_view.php?id=1497 HTTP/1.1" 200 14482 "http://www.google.co.in/search?ie=ISO-8859-1&q=Rajkot+region+name+and+location+of+sokar+power+plany&btnG=Search" "Mozilla/5.0 (Linux; U; Android 4.4.2; en-US; Micromax A106 Build/KOT49H) AppleWebKit/534.30 (KHTML, like Gecko) Version/4.0 UCBrowser/10.8.8.730 U3/0.8.0 Mobile Safari/534.30"
168.235.200.103 - - [26/May/2017:08:13:46 +0530] "GET /Scripts/AC_RunActiveContent.js HTTP/1.1" 200 8321 "http://www.cdmindia.gov.in/project_details_view.php?id=1497" "Mozilla/5.0 (Linux; U; Android 4.4.2; en-US; Micromax A106 Build/KOT49H) AppleWebKit/534.30 (KHTML, like Gecko) Version/4.0 UCBrowser/10.8.8.730 U3/0.8.0 Mobile Safari/534.30"
168.235.200.103 - - [26/May/2017:08:13:46 +0530] "GET /images/bullet4.gif HTTP/1.1" 200 67 "http://www.cdmindia.gov.in/project_details_view.php?id=1497" "Mozilla/5.0 (Linux; U; Android 4.4.2; en-US; Micromax A106 Build/KOT49H) AppleWebKit/534.30 (KHTML, like Gecko) Version/4.0 UCBrowser/10.8.8.730 U3/0.8.0 Mobile Safari/534.30"
168.235.200.103 - - [26/May/2017:08:13:46 +0530] "GET /images/gtz.jpg HTTP/1.1" 200 15484 "http://www.cdmindia.gov.in/project_details_view.php?id=1497" "Mozilla/5.0 (Linux; U; Android 4.4.2; en-US; Micromax A106 Build/KOT49H) AppleWebKit/534.30 (KHTML, like Gecko) Version/4.0 UCBrowser/10.8.8.730 U3/0.8.0 Mobile Safari/534.30"
168.235.200.103 - - [26/May/2017:08:13:46 +0530] "GET /images/spacer.gif HTTP/1.1" 200 43 "http://www.cdmindia.gov.in/project_details_view.php?id=1497" "Mozilla/5.0 (Linux; U; Android 4.4.2; en-US; Micromax A106 Build/KOT49H) AppleWebKit/534.30 (KHTML, like Gecko) Version/4.0 UCBrowser/10.8.8.730 U3/0.8.0 Mobile Safari/534.30"
168.235.200.103 - - [26/May/2017:08:13:46 +0530] "GET /images/bullet1.gif HTTP/1.1" 200 67 "http://www.cdmindia.gov.in/project_details_view.php?id=1497" "Mozilla/5.0 (Linux; U; Android 4.4.2; en-US; Micromax A106 Build/KOT49H) AppleWebKit/534.30 (KHTML, like Gecko) Version/4.0 UCBrowser/10.8.8.730 U3/0.8.0 Mobile Safari/534.30"
168.235.200.103 - - [26/May/2017:08:13:46 +0530] "GET /includes/ncdma.css HTTP/1.1" 200 13023 "http://www.cdmindia.gov.in/project_details_view.php?id=1497" "Mozilla/5.0 (Linux; U; Android 4.4.2; en-US; Micromax A106 Build/KOT49H) AppleWebKit/534.30 (KHTML, like Gecko) Version/4.0 UCBrowser/10.8.8.730 U3/0.8.0 Mobile Safari/534.30"
168.235.200.103 - - [26/May/2017:08:13:46 +0530] "GET /images/bulllet2.gif HTTP/1.1" 200 58 "http://www.cdmindia.gov.in/project_details_view.php?id=1497" "Mozilla/5.0 (Linux; U; Android 4.4.2; en-US; Micromax A106 Build/KOT49H) AppleWebKit/534.30 (KHTML, like Gecko) Version/4.0 UCBrowser/10.8.8.730 U3/0.8.0 Mobile Safari/534.30"
168.235.200.103 - - [26/May/2017:08:13:46 +0530] "GET /ncdma.css HTTP/1.1" 200 12640 "http://www.cdmindia.gov.in/project_details_view.php?id=1497" "Mozilla/5.0 (Linux; U; Android 4.4.2; en-US; Micromax A106 Build/KOT49H) AppleWebKit/534.30 (KHTML, like Gecko) Version/4.0 UCBrowser/10.8.8.730 U3/0.8.0 Mobile Safari/534.30"
168.235.200.103 - - [26/May/2017:08:13:46 +0530] "GET /images/fdm.jpg HTTP/1.1" 200 2043 "http://www.cdmindia.gov.in/project_details_view.php?id=1497" "Mozilla/5.0 (Linux; U; Android 4.4.2; en-US; Micromax A106 Build/KOT49H) AppleWebKit/534.30 (KHTML, like Gecko) Version/4.0 UCBrowser/10.8.8.730 U3/0.8.0 Mobile Safari/534.30"
168.235.200.103 - - [26/May/2017:08:13:46 +0530] "GET /images/img2.jpg HTTP/1.1" 200 16276 "http://www.cdmindia.gov.in/project_details_view.php?id=1497" "Mozilla/5.0 (Linux; U; Android 4.4.2; en-US; Micromax A106 Build/KOT49H) AppleWebKit/534.30 (KHTML, like Gecko) Version/4.0 UCBrowser/10.8.8.730 U3/0.8.0 Mobile Safari/534.30"
168.235.200.103 - - [26/May/2017:08:13:46 +0530] "GET /images/img3.jpg HTTP/1.1" 200 26957 "http://www.cdmindia.gov.in/project_details_view.php?id=1497" "Mozilla/5.0 (Linux; U; Android 4.4.2; en-US; Micromax A106 Build/KOT49H) AppleWebKit/534.30 (KHTML, like Gecko) Version/4.0 UCBrowser/10.8.8.730 U3/0.8.0 Mobile Safari/534.30"
168.235.200.103 - - [26/May/2017:08:13:49 +0530] "GET /images/img1.jpg HTTP/1.1" 200 1251 "http://www.cdmindia.gov.in/project_details_view.php?id=1497" "Mozilla/5.0 (Linux; U; Android 4.4.2; en-US; Micromax A106 Build/KOT49H) AppleWebKit/534.30 (KHTML, like Gecko) Version/4.0 UCBrowser/10.8.8.730 U3/0.8.0 Mobile Safari/534.30"
168.235.200.103 - - [26/May/2017:08:13:49 +0530] "GET /images/fbg.jpg HTTP/1.1" 200 325 "http://www.cdmindia.gov.in/project_details_view.php?id=1497" "Mozilla/5.0 (Linux; U; Android 4.4.2; en-US; Micromax A106 Build/KOT49H) AppleWebKit/534.30 (KHTML, like Gecko) Version/4.0 UCBrowser/10.8.8.730 U3/0.8.0 Mobile Safari/534.30"
168.235.200.103 - - [26/May/2017:08:13:51 +0530] "GET /images/favicon.ico HTTP/1.1" 200 1406 "http://www.cdmindia.gov.in/project_details_view.php?id=1497" "Mozilla/5.0 (Linux; U; Android 4.4.2; en-US; Micromax A106 Build/KOT49H) AppleWebKit/534.30 (KHTML, like Gecko) Version/4.0 UCBrowser/10.8.8.730 U3/0.8.0 Mobile Safari/534.30"
66.249.79.83 - - [26/May/2017:08:14:07 +0530] "GET /project_details_view.php?id=769 HTTP/1.1" 200 14796 "-" "Mozilla/5.0 (compatible; Googlebot/2.1; +http://www.google.com/bot.html)"
182.73.219.130 - - [26/May/2017:08:14:08 +0530] "GET /downloads/Carbon%20Market%20Roadmap.pdf HTTP/1.1" 200 4344697 "https://www.google.co.in/" "Mozilla/5.0 (Windows NT 6.3; Win64; x64) AppleWebKit/537.36 (KHTML, like Gecko) Chrome/58.0.3029.110 Safari/537.36"
182.73.219.130 - - [26/May/2017:08:14:14 +0530] "GET /favicon.ico HTTP/1.1" 200 1189 "http://www.cdmindia.gov.in/downloads/Carbon%20Market%20Roadmap.pdf" "Mozilla/5.0 (Windows NT 6.3; Win64; x64) AppleWebKit/537.36 (KHTML, like Gecko) Chrome/58.0.3029.110 Safari/537.36"
182.73.219.130 - - [26/May/2017:08:14:15 +0530] "GET /downloads/Carbon%20Market%20Roadmap.pdf HTTP/1.1" 206 1 "https://www.google.co.in/" "Mozilla/5.0 (Windows NT 6.3; Win64; x64) AppleWebKit/537.36 (KHTML, like Gecko) Chrome/58.0.3029.110 Safari/537.36"
182.73.219.130 - - [26/May/2017:08:14:15 +0530] "GET /downloads/Carbon%20Market%20Roadmap.pdf HTTP/1.1" 206 3723225 "https://www.google.co.in/" "Mozilla/5.0 (Windows NT 6.3; Win64; x64) AppleWebKit/537.36 (KHTML, like Gecko) Chrome/58.0.3029.110 Safari/537.36"
182.73.219.130 - - [26/May/2017:08:14:17 +0530] "GET /downloads/Carbon%20Market%20Roadmap.pdf HTTP/1.1" 206 3727407 "http://www.cdmindia.gov.in/downloads/Carbon%20Market%20Roadmap.pdf" "Mozilla/5.0 (Windows NT 6.3; Win64; x64) AppleWebKit/537.36 (KHTML, like Gecko) Chrome/58.0.3029.110 Safari/537.36"
182.73.219.130 - - [26/May/2017:08:14:17 +0530] "GET /downloads/Carbon%20Market%20Roadmap.pdf HTTP/1.1" 206 3723225 "http://www.cdmindia.gov.in/downloads/Carbon%20Market%20Roadmap.pdf" "Mozilla/5.0 (Windows NT 6.3; Win64; x64) AppleWebKit/537.36 (KHTML, like Gecko) Chrome/58.0.3029.110 Safari/537.36"
182.73.219.130 - - [26/May/2017:08:14:22 +0530] "GET /downloads/Carbon%20Market%20Roadmap.pdf HTTP/1.1" 206 65536 "http://www.cdmindia.gov.in/downloads/Carbon%20Market%20Roadmap.pdf" "Mozilla/5.0 (Windows NT 6.3; Win64; x64) AppleWebKit/537.36 (KHTML, like Gecko) Chrome/58.0.3029.110 Safari/537.36"
182.73.219.130 - - [26/May/2017:08:14:23 +0530] "GET /downloads/Carbon%20Market%20Roadmap.pdf HTTP/1.1" 206 2809053 "http://www.cdmindia.gov.in/downloads/Carbon%20Market%20Roadmap.pdf" "Mozilla/5.0 (Windows NT 6.3; Win64; x64) AppleWebKit/537.36 (KHTML, like Gecko) Chrome/58.0.3029.110 Safari/537.36"
182.73.219.130 - - [26/May/2017:08:14:26 +0530] "GET /downloads/Carbon%20Market%20Roadmap.pdf HTTP/1.1" 206 68658 "http://www.cdmindia.gov.in/downloads/Carbon%20Market%20Roadmap.pdf" "Mozilla/5.0 (Windows NT 6.3; Win64; x64) AppleWebKit/537.36 (KHTML, like Gecko) Chrome/58.0.3029.110 Safari/537.36"
182.73.219.130 - - [26/May/2017:08:14:26 +0530] "GET /downloads/Carbon%20Market%20Roadmap.pdf HTTP/1.1" 206 2723978 "http://www.cdmindia.gov.in/downloads/Carbon%20Market%20Roadmap.pdf" "Mozilla/5.0 (Windows NT 6.3; Win64; x64) AppleWebKit/537.36 (KHTML, like Gecko) Chrome/58.0.3029.110 Safari/537.36"
106.192.162.67 - - [26/May/2017:08:22:19 +0530] "GET /project_details_view.php?id=1501 HTTP/1.1" 200 15175 "https://www.google.co.in/" "Mozilla/5.0 (Windows NT 6.1; Win64; x64) AppleWebKit/537.36 (KHTML, like Gecko) Chrome/58.0.3029.110 Safari/537.36"
106.192.162.67 - - [26/May/2017:08:22:19 +0530] "GET /includes/ncdma.css HTTP/1.1" 200 13023 "http://www.cdmindia.gov.in/project_details_view.php?id=1501" "Mozilla/5.0 (Windows NT 6.1; Win64; x64) AppleWebKit/537.36 (KHTML, like Gecko) Chrome/58.0.3029.110 Safari/537.36"
106.192.162.67 - - [26/May/2017:08:22:19 +0530] "GET /Scripts/AC_RunActiveContent.js HTTP/1.1" 200 8321 "http://www.cdmindia.gov.in/project_details_view.php?id=1501" "Mozilla/5.0 (Windows NT 6.1; Win64; x64) AppleWebKit/537.36 (KHTML, like Gecko) Chrome/58.0.3029.110 Safari/537.36"
106.192.162.67 - - [26/May/2017:08:22:19 +0530] "GET /ncdma.css HTTP/1.1" 200 12640 "http://www.cdmindia.gov.in/project_details_view.php?id=1501" "Mozilla/5.0 (Windows NT 6.1; Win64; x64) AppleWebKit/537.36 (KHTML, like Gecko) Chrome/58.0.3029.110 Safari/537.36"
106.192.162.67 - - [26/May/2017:08:22:20 +0530] "GET /images/img2.jpg HTTP/1.1" 200 16276 "http://www.cdmindia.gov.in/project_details_view.php?id=1501" "Mozilla/5.0 (Windows NT 6.1; Win64; x64) AppleWebKit/537.36 (KHTML, like Gecko) Chrome/58.0.3029.110 Safari/537.36"
106.192.162.67 - - [26/May/2017:08:22:20 +0530] "GET /images/spacer.gif HTTP/1.1" 200 43 "http://www.cdmindia.gov.in/project_details_view.php?id=1501" "Mozilla/5.0 (Windows NT 6.1; Win64; x64) AppleWebKit/537.36 (KHTML, like Gecko) Chrome/58.0.3029.110 Safari/537.36"
106.192.162.67 - - [26/May/2017:08:22:20 +0530] "GET /images/img3.jpg HTTP/1.1" 200 26957 "http://www.cdmindia.gov.in/project_details_view.php?id=1501" "Mozilla/5.0 (Windows NT 6.1; Win64; x64) AppleWebKit/537.36 (KHTML, like Gecko) Chrome/58.0.3029.110 Safari/537.36"
106.192.162.67 - - [26/May/2017:08:22:20 +0530] "GET /images/bulllet2.gif HTTP/1.1" 200 58 "http://www.cdmindia.gov.in/project_details_view.php?id=1501" "Mozilla/5.0 (Windows NT 6.1; Win64; x64) AppleWebKit/537.36 (KHTML, like Gecko) Chrome/58.0.3029.110 Safari/537.36"
106.192.162.67 - - [26/May/2017:08:22:20 +0530] "GET /images/fdm.jpg HTTP/1.1" 200 2043 "http://www.cdmindia.gov.in/project_details_view.php?id=1501" "Mozilla/5.0 (Windows NT 6.1; Win64; x64) AppleWebKit/537.36 (KHTML, like Gecko) Chrome/58.0.3029.110 Safari/537.36"
106.192.162.67 - - [26/May/2017:08:22:20 +0530] "GET /images/bullet4.gif HTTP/1.1" 200 67 "http://www.cdmindia.gov.in/project_details_view.php?id=1501" "Mozilla/5.0 (Windows NT 6.1; Win64; x64) AppleWebKit/537.36 (KHTML, like Gecko) Chrome/58.0.3029.110 Safari/537.36"
106.192.162.67 - - [26/May/2017:08:22:20 +0530] "GET /images/bullet1.gif HTTP/1.1" 200 67 "http://www.cdmindia.gov.in/project_details_view.php?id=1501" "Mozilla/5.0 (Windows NT 6.1; Win64; x64) AppleWebKit/537.36 (KHTML, like Gecko) Chrome/58.0.3029.110 Safari/537.36"
106.192.162.67 - - [26/May/2017:08:22:20 +0530] "GET /images/gtz.jpg HTTP/1.1" 200 15484 "http://www.cdmindia.gov.in/project_details_view.php?id=1501" "Mozilla/5.0 (Windows NT 6.1; Win64; x64) AppleWebKit/537.36 (KHTML, like Gecko) Chrome/58.0.3029.110 Safari/537.36"
106.192.162.67 - - [26/May/2017:08:22:20 +0530] "GET /images/fbg.jpg HTTP/1.1" 200 325 "http://www.cdmindia.gov.in/project_details_view.php?id=1501" "Mozilla/5.0 (Windows NT 6.1; Win64; x64) AppleWebKit/537.36 (KHTML, like Gecko) Chrome/58.0.3029.110 Safari/537.36"
106.192.162.67 - - [26/May/2017:08:22:20 +0530] "GET /images/img1.jpg HTTP/1.1" 200 1251 "http://www.cdmindia.gov.in/project_details_view.php?id=1501" "Mozilla/5.0 (Windows NT 6.1; Win64; x64) AppleWebKit/537.36 (KHTML, like Gecko) Chrome/58.0.3029.110 Safari/537.36"
106.192.162.67 - - [26/May/2017:08:22:20 +0530] "GET /favicon.ico HTTP/1.1" 200 1189 "http://www.cdmindia.gov.in/project_details_view.php?id=1501" "Mozilla/5.0 (Windows NT 6.1; Win64; x64) AppleWebKit/537.36 (KHTML, like Gecko) Chrome/58.0.3029.110 Safari/537.36"
157.55.39.49 - - [26/May/2017:08:24:01 +0530] "GET /news_more.php HTTP/1.1" 200 21060 "-" "Mozilla/5.0 (compatible; bingbot/2.0; +http://www.bing.com/bingbot.htm)"
207.46.13.77 - - [26/May/2017:08:24:26 +0530] "GET /reports_new.php?n=1 HTTP/1.1" 200 22410 "-" "Mozilla/5.0 (compatible; bingbot/2.0; +http://www.bing.com/bingbot.htm)"
157.55.39.130 - - [26/May/2017:08:27:40 +0530] "GET /downloads/New%20PCN.doc HTTP/1.1" 200 435200 "-" "Mozilla/5.0 (compatible; bingbot/2.0; +http://www.bing.com/bingbot.htm)"
157.55.39.130 - - [26/May/2017:08:29:53 +0530] "GET /uploads/1209688187PDD_NFL_Steam_Optimization_Bathinda_2012-10-29.pdf HTTP/1.1" 200 843398 "-" "Mozilla/5.0 (compatible; bingbot/2.0; +http://www.bing.com/bingbot.htm)"
144.76.80.151 - - [26/May/2017:08:30:11 +0530] "GET / HTTP/1.0" 200 19479 "-" "Mozilla/5.0 (compatible; MSIE 9.0; Windows NT 6.1; WOW64; Trident/5.0; SLCC2; .NET CLR 2.0.50727; .NET CLR 3.5.30729; .NET CLR 3.0.30729; .NET4.0C; .NET4.0E; .NET CLR 1.1.4322; InfoPath.3)"
202.46.55.91 - - [26/May/2017:08:31:16 +0530] "GET /project_details_view_report.php?id=1047 HTTP/1.1" 200 13288 "-" "Mozilla/5.0 (Windows NT 10.0; WOW64) AppleWebKit/537.36 (KHTML, like Gecko) Chrome/45.0.2454.93 Safari/537.36"
68.180.228.153 - - [26/May/2017:08:32:43 +0530] "GET /detail_news.php?id=20 HTTP/1.1" 302 18265 "-" "Mozilla/5.0 (compatible; Yahoo! Slurp; http://help.yahoo.com/help/us/ysearch/slurp)"
88.198.22.8 - - [26/May/2017:08:32:48 +0530] "GET / HTTP/1.0" 200 19479 "-" "Mozilla/5.0 (Windows NT 6.3; WOW64) AppleWebKit/537.36 (KHTML, like Gecko) Chrome/33.0.1750.154 Safari/537.36"
157.55.39.227 - - [26/May/2017:08:32:52 +0530] "GET /contactus.php HTTP/1.1" 200 18291 "-" "Mozilla/5.0 (compatible; bingbot/2.0; +http://www.bing.com/bingbot.htm)"
157.55.39.227 - - [26/May/2017:08:32:58 +0530] "GET /downloads/Existing%20PCN.doc HTTP/1.1" 200 114176 "-" "Mozilla/5.0 (compatible; bingbot/2.0; +http://www.bing.com/bingbot.htm)"
66.249.79.83 - - [26/May/2017:08:33:44 +0530] "GET /project_details_view.php?id=1197&oid=1&page=29&reporttype=1 HTTP/1.1" 200 14023 "-" "Mozilla/5.0 (compatible; Googlebot/2.1; +http://www.google.com/bot.html)"
207.46.13.77 - - [26/May/2017:08:34:42 +0530] "GET /aboutus.php HTTP/1.1" 200 19596 "-" "Mozilla/5.0 (compatible; bingbot/2.0; +http://www.bing.com/bingbot.htm)"
103.204.48.19 - - [26/May/2017:08:38:16 +0530] "GET /project_details_view.php?id=361 HTTP/1.1" 200 14395 "https://www.google.co.in/" "Mozilla/5.0 (Windows NT 10.0; Win64; x64) AppleWebKit/537.36 (KHTML, like Gecko) Chrome/58.0.3029.110 Safari/537.36"
103.204.48.19 - - [26/May/2017:08:38:16 +0530] "GET /includes/ncdma.css HTTP/1.1" 200 13023 "http://www.cdmindia.gov.in/project_details_view.php?id=361" "Mozilla/5.0 (Windows NT 10.0; Win64; x64) AppleWebKit/537.36 (KHTML, like Gecko) Chrome/58.0.3029.110 Safari/537.36"
103.204.48.19 - - [26/May/2017:08:38:17 +0530] "GET /ncdma.css HTTP/1.1" 200 12640 "http://www.cdmindia.gov.in/project_details_view.php?id=361" "Mozilla/5.0 (Windows NT 10.0; Win64; x64) AppleWebKit/537.36 (KHTML, like Gecko) Chrome/58.0.3029.110 Safari/537.36"
103.204.48.19 - - [26/May/2017:08:38:17 +0530] "GET /Scripts/AC_RunActiveContent.js HTTP/1.1" 200 8321 "http://www.cdmindia.gov.in/project_details_view.php?id=361" "Mozilla/5.0 (Windows NT 10.0; Win64; x64) AppleWebKit/537.36 (KHTML, like Gecko) Chrome/58.0.3029.110 Safari/537.36"
103.204.48.19 - - [26/May/2017:08:38:18 +0530] "GET /images/fdm.jpg HTTP/1.1" 200 2043 "http://www.cdmindia.gov.in/project_details_view.php?id=361" "Mozilla/5.0 (Windows NT 10.0; Win64; x64) AppleWebKit/537.36 (KHTML, like Gecko) Chrome/58.0.3029.110 Safari/537.36"
103.204.48.19 - - [26/May/2017:08:38:18 +0530] "GET /images/fbg.jpg HTTP/1.1" 200 325 "http://www.cdmindia.gov.in/project_details_view.php?id=361" "Mozilla/5.0 (Windows NT 10.0; Win64; x64) AppleWebKit/537.36 (KHTML, like Gecko) Chrome/58.0.3029.110 Safari/537.36"
103.204.48.19 - - [26/May/2017:08:38:18 +0530] "GET /images/img1.jpg HTTP/1.1" 200 1251 "http://www.cdmindia.gov.in/project_details_view.php?id=361" "Mozilla/5.0 (Windows NT 10.0; Win64; x64) AppleWebKit/537.36 (KHTML, like Gecko) Chrome/58.0.3029.110 Safari/537.36"
103.204.48.19 - - [26/May/2017:08:38:18 +0530] "GET /images/gtz.jpg HTTP/1.1" 200 15484 "http://www.cdmindia.gov.in/project_details_view.php?id=361" "Mozilla/5.0 (Windows NT 10.0; Win64; x64) AppleWebKit/537.36 (KHTML, like Gecko) Chrome/58.0.3029.110 Safari/537.36"
103.204.48.19 - - [26/May/2017:08:38:19 +0530] "GET /images/img2.jpg HTTP/1.1" 200 16276 "http://www.cdmindia.gov.in/project_details_view.php?id=361" "Mozilla/5.0 (Windows NT 10.0; Win64; x64) AppleWebKit/537.36 (KHTML, like Gecko) Chrome/58.0.3029.110 Safari/537.36"
103.204.48.19 - - [26/May/2017:08:38:19 +0530] "GET /images/img3.jpg HTTP/1.1" 200 26957 "http://www.cdmindia.gov.in/project_details_view.php?id=361" "Mozilla/5.0 (Windows NT 10.0; Win64; x64) AppleWebKit/537.36 (KHTML, like Gecko) Chrome/58.0.3029.110 Safari/537.36"
103.204.48.19 - - [26/May/2017:08:38:20 +0530] "GET /images/bullet4.gif HTTP/1.1" 200 67 "http://www.cdmindia.gov.in/project_details_view.php?id=361" "Mozilla/5.0 (Windows NT 10.0; Win64; x64) AppleWebKit/537.36 (KHTML, like Gecko) Chrome/58.0.3029.110 Safari/537.36"
103.204.48.19 - - [26/May/2017:08:38:20 +0530] "GET /images/spacer.gif HTTP/1.1" 200 43 "http://www.cdmindia.gov.in/project_details_view.php?id=361" "Mozilla/5.0 (Windows NT 10.0; Win64; x64) AppleWebKit/537.36 (KHTML, like Gecko) Chrome/58.0.3029.110 Safari/537.36"
103.204.48.19 - - [26/May/2017:08:38:20 +0530] "GET /images/bullet1.gif HTTP/1.1" 200 67 "http://www.cdmindia.gov.in/project_details_view.php?id=361" "Mozilla/5.0 (Windows NT 10.0; Win64; x64) AppleWebKit/537.36 (KHTML, like Gecko) Chrome/58.0.3029.110 Safari/537.36"
103.204.48.19 - - [26/May/2017:08:38:21 +0530] "GET /images/bulllet2.gif HTTP/1.1" 200 58 "http://www.cdmindia.gov.in/project_details_view.php?id=361" "Mozilla/5.0 (Windows NT 10.0; Win64; x64) AppleWebKit/537.36 (KHTML, like Gecko) Chrome/58.0.3029.110 Safari/537.36"
103.204.48.19 - - [26/May/2017:08:38:22 +0530] "GET /favicon.ico HTTP/1.1" 200 1189 "http://www.cdmindia.gov.in/project_details_view.php?id=361" "Mozilla/5.0 (Windows NT 10.0; Win64; x64) AppleWebKit/537.36 (KHTML, like Gecko) Chrome/58.0.3029.110 Safari/537.36"
103.204.48.19 - - [26/May/2017:08:38:24 +0530] "GET /project_details_view.php?id=361%27 HTTP/1.1" 200 11449 "-" "Mozilla/5.0 (Windows NT 10.0; Win64; x64) AppleWebKit/537.36 (KHTML, like Gecko) Chrome/58.0.3029.110 Safari/537.36"
66.249.79.81 - - [26/May/2017:08:38:54 +0530] "GET /project_details_view_report.php?id=1094 HTTP/1.1" 200 13136 "-" "Mozilla/5.0 (compatible; Googlebot/2.1; +http://www.google.com/bot.html)"
199.30.24.178 - - [26/May/2017:08:39:50 +0530] "GET /downloads/Carbon%20Market%20Roadmap.pdf HTTP/1.1" 200 4344697 "-" "Mozilla/5.0 (iPhone; CPU iPhone OS 7_0 like Mac OS X) AppleWebKit/537.51.1 (KHTML, like Gecko) Version/7.0 Mobile/11A465 Safari/9537.53 BingPreview/1.0b"
207.46.13.77 - - [26/May/2017:08:43:48 +0530] "GET /reports_new.php?n=1 HTTP/1.1" 200 22410 "-" "Mozilla/5.0 (compatible; bingbot/2.0; +http://www.bing.com/bingbot.htm)"
213.239.205.118 - - [26/May/2017:08:43:50 +0530] "GET /news_more.php HTTP/1.0" 200 21060 "-" "Mozilla/5.0 (compatible; MSIE 10.0; Windows NT 6.1; WOW64; Trident/6.0; SLCC2; .NET CLR 2.0.50727; .NET CLR 3.5.30729; .NET CLR 3.0.30729; Media Center PC 6.0; .NET4.0C; .NET4.0E)"
213.239.205.118 - - [26/May/2017:08:43:50 +0530] "GET /registration.php HTTP/1.0" 302 28528 "-" "Mozilla/5.0 (compatible; MSIE 10.0; Windows NT 6.1; WOW64; Trident/6.0; SLCC2; .NET CLR 2.0.50727; .NET CLR 3.5.30729; .NET CLR 3.0.30729; Media Center PC 6.0; .NET4.0C; .NET4.0E)"
213.239.205.118 - - [26/May/2017:08:43:51 +0530] "GET /logout.php HTTP/1.0" 302 369 "-" "Mozilla/5.0 (compatible; MSIE 10.0; Windows NT 6.1; WOW64; Trident/6.0; SLCC2; .NET CLR 2.0.50727; .NET CLR 3.5.30729; .NET CLR 3.0.30729; Media Center PC 6.0; .NET4.0C; .NET4.0E)"
213.239.205.118 - - [26/May/2017:08:43:51 +0530] "GET /index.php HTTP/1.0" 200 19479 "-" "Mozilla/5.0 (compatible; MSIE 10.0; Windows NT 6.1; WOW64; Trident/6.0; SLCC2; .NET CLR 2.0.50727; .NET CLR 3.5.30729; .NET CLR 3.0.30729; Media Center PC 6.0; .NET4.0C; .NET4.0E)"
66.249.79.83 - - [26/May/2017:08:43:54 +0530] "GET /project_details_view.php?id=1539&oid=1&page=22&reporttype=1 HTTP/1.1" 200 13806 "-" "Mozilla/5.0 (compatible; Googlebot/2.1; +http://www.google.com/bot.html)"
157.55.39.49 - - [26/May/2017:08:45:30 +0530] "GET /detail_news.php?id=19 HTTP/1.1" 302 19081 "-" "Mozilla/5.0 (compatible; bingbot/2.0; +http://www.bing.com/bingbot.htm)"
157.55.39.49 - - [26/May/2017:08:45:31 +0530] "GET /logout.php HTTP/1.1" 302 369 "-" "Mozilla/5.0 (compatible; bingbot/2.0; +http://www.bing.com/bingbot.htm)"
157.55.39.49 - - [26/May/2017:08:45:32 +0530] "GET /index.php HTTP/1.1" 200 19479 "-" "Mozilla/5.0 (compatible; bingbot/2.0; +http://www.bing.com/bingbot.htm)"
180.76.15.139 - - [26/May/2017:08:47:31 +0530] "GET / HTTP/1.1" 200 19479 "-" "Mozilla/5.0 (compatible; Baiduspider/2.0; +http://www.baidu.com/search/spider.html)"
66.249.79.79 - - [26/May/2017:08:49:04 +0530] "GET /project_details_view.php?id=1061 HTTP/1.1" 200 15312 "-" "Mozilla/5.0 (compatible; Googlebot/2.1; +http://www.google.com/bot.html)"
66.102.6.115 - - [26/May/2017:08:51:02 +0530] "GET /project_details_view.php?id=764 HTTP/1.1" 200 15372 "-" "Mozilla/5.0 (Linux; Android 4.2.1; en-us; Nexus 5 Build/JOP40D) AppleWebKit/535.19 (KHTML, like Gecko; googleweblight) Chrome/38.0.1025.166 Mobile Safari/535.19"
66.102.6.111 - - [26/May/2017:08:51:02 +0530] "GET /images/bulllet2.gif HTTP/1.1" 200 58 "http://www.cdmindia.gov.in/project_details_view.php?id=764" "Mozilla/5.0 (Linux; Android 4.2.1; en-us; Nexus 5 Build/JOP40D) AppleWebKit/535.19 (KHTML, like Gecko; googleweblight) Chrome/38.0.1025.166 Mobile Safari/535.19"
66.102.7.129 - - [26/May/2017:08:51:02 +0530] "GET /project_details_view.php?id=764 HTTP/1.1" 200 15372 "-" "Mozilla/5.0 (Linux; Android 4.2.1; en-us; Nexus 5 Build/JOP40D) AppleWebKit/535.19 (KHTML, like Gecko; googleweblight) Chrome/38.0.1025.166 Mobile Safari/535.19"
66.102.6.111 - - [26/May/2017:08:51:03 +0530] "GET /images/spacer.gif HTTP/1.1" 200 43 "http://www.cdmindia.gov.in/project_details_view.php?id=764" "Mozilla/5.0 (Linux; Android 4.2.1; en-us; Nexus 5 Build/JOP40D) AppleWebKit/535.19 (KHTML, like Gecko; googleweblight) Chrome/38.0.1025.166 Mobile Safari/535.19"
66.102.6.111 - - [26/May/2017:08:51:03 +0530] "GET /images/bullet4.gif HTTP/1.1" 200 67 "http://www.cdmindia.gov.in/project_details_view.php?id=764" "Mozilla/5.0 (Linux; Android 4.2.1; en-us; Nexus 5 Build/JOP40D) AppleWebKit/535.19 (KHTML, like Gecko; googleweblight) Chrome/38.0.1025.166 Mobile Safari/535.19"
66.102.6.115 - - [26/May/2017:08:51:03 +0530] "GET /ncdma.css HTTP/1.1" 200 12640 "http://www.cdmindia.gov.in/project_details_view.php?id=764" "Mozilla/5.0 (Linux; Android 4.2.1; en-us; Nexus 5 Build/JOP40D) AppleWebKit/535.19 (KHTML, like Gecko; googleweblight) Chrome/38.0.1025.166 Mobile Safari/535.19"
66.102.6.113 - - [26/May/2017:08:51:03 +0530] "GET /images/fdm.jpg HTTP/1.1" 200 2043 "http://www.cdmindia.gov.in/project_details_view.php?id=764" "Mozilla/5.0 (Linux; Android 4.2.1; en-us; Nexus 5 Build/JOP40D) AppleWebKit/535.19 (KHTML, like Gecko; googleweblight) Chrome/38.0.1025.166 Mobile Safari/535.19"
66.102.6.115 - - [26/May/2017:08:51:03 +0530] "GET /images/gtz.jpg HTTP/1.1" 200 15484 "http://www.cdmindia.gov.in/project_details_view.php?id=764" "Mozilla/5.0 (Linux; Android 4.2.1; en-us; Nexus 5 Build/JOP40D) AppleWebKit/535.19 (KHTML, like Gecko; googleweblight) Chrome/38.0.1025.166 Mobile Safari/535.19"
66.102.6.113 - - [26/May/2017:08:51:03 +0530] "GET /images/img1.jpg HTTP/1.1" 200 1251 "http://www.cdmindia.gov.in/project_details_view.php?id=764" "Mozilla/5.0 (Linux; Android 4.2.1; en-us; Nexus 5 Build/JOP40D) AppleWebKit/535.19 (KHTML, like Gecko; googleweblight) Chrome/38.0.1025.166 Mobile Safari/535.19"
66.102.6.111 - - [26/May/2017:08:51:03 +0530] "GET /images/fbg.jpg HTTP/1.1" 200 325 "http://www.cdmindia.gov.in/project_details_view.php?id=764" "Mozilla/5.0 (Linux; Android 4.2.1; en-us; Nexus 5 Build/JOP40D) AppleWebKit/535.19 (KHTML, like Gecko; googleweblight) Chrome/38.0.1025.166 Mobile Safari/535.19"
66.102.6.113 - - [26/May/2017:08:51:03 +0530] "GET /images/img2.jpg HTTP/1.1" 200 16276 "http://www.cdmindia.gov.in/project_details_view.php?id=764" "Mozilla/5.0 (Linux; Android 4.2.1; en-us; Nexus 5 Build/JOP40D) AppleWebKit/535.19 (KHTML, like Gecko; googleweblight) Chrome/38.0.1025.166 Mobile Safari/535.19"
66.102.6.115 - - [26/May/2017:08:51:03 +0530] "GET /images/bullet1.gif HTTP/1.1" 200 67 "http://www.cdmindia.gov.in/project_details_view.php?id=764" "Mozilla/5.0 (Linux; Android 4.2.1; en-us; Nexus 5 Build/JOP40D) AppleWebKit/535.19 (KHTML, like Gecko; googleweblight) Chrome/38.0.1025.166 Mobile Safari/535.19"
66.102.6.115 - - [26/May/2017:08:51:03 +0530] "GET /Scripts/AC_RunActiveContent.js HTTP/1.1" 200 8321 "http://www.cdmindia.gov.in/project_details_view.php?id=764" "Mozilla/5.0 (Linux; Android 4.2.1; en-us; Nexus 5 Build/JOP40D) AppleWebKit/535.19 (KHTML, like Gecko; googleweblight) Chrome/38.0.1025.166 Mobile Safari/535.19"
66.102.6.115 - - [26/May/2017:08:51:03 +0530] "GET /includes/ncdma.css HTTP/1.1" 200 13023 "http://www.cdmindia.gov.in/project_details_view.php?id=764" "Mozilla/5.0 (Linux; Android 4.2.1; en-us; Nexus 5 Build/JOP40D) AppleWebKit/535.19 (KHTML, like Gecko; googleweblight) Chrome/38.0.1025.166 Mobile Safari/535.19"
66.102.6.111 - - [26/May/2017:08:51:03 +0530] "GET /images/img3.jpg HTTP/1.1" 200 26957 "http://www.cdmindia.gov.in/project_details_view.php?id=764" "Mozilla/5.0 (Linux; Android 4.2.1; en-us; Nexus 5 Build/JOP40D) AppleWebKit/535.19 (KHTML, like Gecko; googleweblight) Chrome/38.0.1025.166 Mobile Safari/535.19"
66.102.6.115 - - [26/May/2017:08:51:03 +0530] "GET /Scripts/AC_RunActiveContent.js HTTP/1.1" 200 8321 "http://www.cdmindia.gov.in/project_details_view.php?id=764" "Mozilla/5.0 (Linux; Android 4.2.1; en-us; Nexus 5 Build/JOP40D) AppleWebKit/535.19 (KHTML, like Gecko; googleweblight) Chrome/38.0.1025.166 Mobile Safari/535.19"
66.102.6.113 - - [26/May/2017:08:51:03 +0530] "GET /images/bullet1.gif HTTP/1.1" 200 67 "http://www.cdmindia.gov.in/project_details_view.php?id=764" "Mozilla/5.0 (Linux; Android 4.2.1; en-us; Nexus 5 Build/JOP40D) AppleWebKit/535.19 (KHTML, like Gecko; googleweblight) Chrome/38.0.1025.166 Mobile Safari/535.19"
66.102.6.115 - - [26/May/2017:08:51:03 +0530] "GET /images/bullet4.gif HTTP/1.1" 200 67 "http://www.cdmindia.gov.in/project_details_view.php?id=764" "Mozilla/5.0 (Linux; Android 4.2.1; en-us; Nexus 5 Build/JOP40D) AppleWebKit/535.19 (KHTML, like Gecko; googleweblight) Chrome/38.0.1025.166 Mobile Safari/535.19"
66.102.6.113 - - [26/May/2017:08:51:03 +0530] "GET /ncdma.css HTTP/1.1" 200 12640 "http://www.cdmindia.gov.in/project_details_view.php?id=764" "Mozilla/5.0 (Linux; Android 4.2.1; en-us; Nexus 5 Build/JOP40D) AppleWebKit/535.19 (KHTML, like Gecko; googleweblight) Chrome/38.0.1025.166 Mobile Safari/535.19"
66.102.6.115 - - [26/May/2017:08:51:03 +0530] "GET /images/gtz.jpg HTTP/1.1" 200 15484 "http://www.cdmindia.gov.in/project_details_view.php?id=764" "Mozilla/5.0 (Linux; Android 4.2.1; en-us; Nexus 5 Build/JOP40D) AppleWebKit/535.19 (KHTML, like Gecko; googleweblight) Chrome/38.0.1025.166 Mobile Safari/535.19"
66.102.6.113 - - [26/May/2017:08:51:03 +0530] "GET /includes/ncdma.css HTTP/1.1" 200 13023 "http://www.cdmindia.gov.in/project_details_view.php?id=764" "Mozilla/5.0 (Linux; Android 4.2.1; en-us; Nexus 5 Build/JOP40D) AppleWebKit/535.19 (KHTML, like Gecko; googleweblight) Chrome/38.0.1025.166 Mobile Safari/535.19"
66.102.6.115 - - [26/May/2017:08:51:03 +0530] "GET /images/fdm.jpg HTTP/1.1" 200 2043 "http://www.cdmindia.gov.in/project_details_view.php?id=764" "Mozilla/5.0 (Linux; Android 4.2.1; en-us; Nexus 5 Build/JOP40D) AppleWebKit/535.19 (KHTML, like Gecko; googleweblight) Chrome/38.0.1025.166 Mobile Safari/535.19"
66.102.7.133 - - [26/May/2017:08:51:03 +0530] "GET /images/bulllet2.gif HTTP/1.1" 200 58 "http://www.cdmindia.gov.in/project_details_view.php?id=764" "Mozilla/5.0 (Linux; Android 4.2.1; en-us; Nexus 5 Build/JOP40D) AppleWebKit/535.19 (KHTML, like Gecko; googleweblight) Chrome/38.0.1025.166 Mobile Safari/535.19"
66.102.6.111 - - [26/May/2017:08:51:03 +0530] "GET /images/img3.jpg HTTP/1.1" 200 26957 "http://www.cdmindia.gov.in/project_details_view.php?id=764" "Mozilla/5.0 (Linux; Android 4.2.1; en-us; Nexus 5 Build/JOP40D) AppleWebKit/535.19 (KHTML, like Gecko; googleweblight) Chrome/38.0.1025.166 Mobile Safari/535.19"
66.102.7.129 - - [26/May/2017:08:51:04 +0530] "GET /images/spacer.gif HTTP/1.1" 200 43 "http://www.cdmindia.gov.in/project_details_view.php?id=764" "Mozilla/5.0 (Linux; Android 4.2.1; en-us; Nexus 5 Build/JOP40D) AppleWebKit/535.19 (KHTML, like Gecko; googleweblight) Chrome/38.0.1025.166 Mobile Safari/535.19"
66.102.7.133 - - [26/May/2017:08:51:04 +0530] "GET /images/fbg.jpg HTTP/1.1" 200 325 "http://www.cdmindia.gov.in/project_details_view.php?id=764" "Mozilla/5.0 (Linux; Android 4.2.1; en-us; Nexus 5 Build/JOP40D) AppleWebKit/535.19 (KHTML, like Gecko; googleweblight) Chrome/38.0.1025.166 Mobile Safari/535.19"
66.102.7.129 - - [26/May/2017:08:51:04 +0530] "GET /images/img2.jpg HTTP/1.1" 200 16276 "http://www.cdmindia.gov.in/project_details_view.php?id=764" "Mozilla/5.0 (Linux; Android 4.2.1; en-us; Nexus 5 Build/JOP40D) AppleWebKit/535.19 (KHTML, like Gecko; googleweblight) Chrome/38.0.1025.166 Mobile Safari/535.19"
66.102.7.129 - - [26/May/2017:08:51:04 +0530] "GET /images/img1.jpg HTTP/1.1" 200 1251 "http://www.cdmindia.gov.in/project_details_view.php?id=764" "Mozilla/5.0 (Linux; Android 4.2.1; en-us; Nexus 5 Build/JOP40D) AppleWebKit/535.19 (KHTML, like Gecko; googleweblight) Chrome/38.0.1025.166 Mobile Safari/535.19"
169.149.245.220 - - [26/May/2017:08:51:59 +0530] "GET /project_details_view.php?id=328 HTTP/1.1" 200 14087 "-" "Mozilla/5.0 (Linux; U; Android 5.1; en-US; Aqua Ace Build/LMY47D) AppleWebKit/534.30 (KHTML, like Gecko) Version/4.0 UCBrowser/11.3.0.950 U3/0.8.0 Mobile Safari/534.30"
169.149.245.220 - - [26/May/2017:08:51:59 +0530] "GET /includes/ncdma.css HTTP/1.1" 200 13023 "http://www.cdmindia.gov.in/project_details_view.php?id=328" "Mozilla/5.0 (Linux; U; Android 5.1; en-US; Aqua Ace Build/LMY47D) AppleWebKit/534.30 (KHTML, like Gecko) Version/4.0 UCBrowser/11.3.0.950 U3/0.8.0 Mobile Safari/534.30"
169.149.245.220 - - [26/May/2017:08:51:59 +0530] "GET /Scripts/AC_RunActiveContent.js HTTP/1.1" 200 8321 "http://www.cdmindia.gov.in/project_details_view.php?id=328" "Mozilla/5.0 (Linux; U; Android 5.1; en-US; Aqua Ace Build/LMY47D) AppleWebKit/534.30 (KHTML, like Gecko) Version/4.0 UCBrowser/11.3.0.950 U3/0.8.0 Mobile Safari/534.30"
169.149.245.220 - - [26/May/2017:08:51:59 +0530] "GET /ncdma.css HTTP/1.1" 200 12640 "http://www.cdmindia.gov.in/project_details_view.php?id=328" "Mozilla/5.0 (Linux; U; Android 5.1; en-US; Aqua Ace Build/LMY47D) AppleWebKit/534.30 (KHTML, like Gecko) Version/4.0 UCBrowser/11.3.0.950 U3/0.8.0 Mobile Safari/534.30"
169.149.245.220 - - [26/May/2017:08:51:59 +0530] "GET /images/spacer.gif HTTP/1.1" 200 43 "http://www.cdmindia.gov.in/project_details_view.php?id=328" "Mozilla/5.0 (Linux; U; Android 5.1; en-US; Aqua Ace Build/LMY47D) AppleWebKit/534.30 (KHTML, like Gecko) Version/4.0 UCBrowser/11.3.0.950 U3/0.8.0 Mobile Safari/534.30"
169.149.245.220 - - [26/May/2017:08:51:59 +0530] "GET /images/bullet1.gif HTTP/1.1" 200 67 "http://www.cdmindia.gov.in/project_details_view.php?id=328" "Mozilla/5.0 (Linux; U; Android 5.1; en-US; Aqua Ace Build/LMY47D) AppleWebKit/534.30 (KHTML, like Gecko) Version/4.0 UCBrowser/11.3.0.950 U3/0.8.0 Mobile Safari/534.30"
169.149.245.220 - - [26/May/2017:08:51:59 +0530] "GET /images/bulllet2.gif HTTP/1.1" 200 58 "http://www.cdmindia.gov.in/project_details_view.php?id=328" "Mozilla/5.0 (Linux; U; Android 5.1; en-US; Aqua Ace Build/LMY47D) AppleWebKit/534.30 (KHTML, like Gecko) Version/4.0 UCBrowser/11.3.0.950 U3/0.8.0 Mobile Safari/534.30"
169.149.245.220 - - [26/May/2017:08:51:59 +0530] "GET /images/bullet4.gif HTTP/1.1" 200 67 "http://www.cdmindia.gov.in/project_details_view.php?id=328" "Mozilla/5.0 (Linux; U; Android 5.1; en-US; Aqua Ace Build/LMY47D) AppleWebKit/534.30 (KHTML, like Gecko) Version/4.0 UCBrowser/11.3.0.950 U3/0.8.0 Mobile Safari/534.30"
169.149.245.220 - - [26/May/2017:08:52:00 +0530] "GET /images/fdm.jpg HTTP/1.1" 200 2043 "http://www.cdmindia.gov.in/project_details_view.php?id=328" "Mozilla/5.0 (Linux; U; Android 5.1; en-US; Aqua Ace Build/LMY47D) AppleWebKit/534.30 (KHTML, like Gecko) Version/4.0 UCBrowser/11.3.0.950 U3/0.8.0 Mobile Safari/534.30"
169.149.245.220 - - [26/May/2017:08:52:00 +0530] "GET /images/gtz.jpg HTTP/1.1" 200 15484 "http://www.cdmindia.gov.in/project_details_view.php?id=328" "Mozilla/5.0 (Linux; U; Android 5.1; en-US; Aqua Ace Build/LMY47D) AppleWebKit/534.30 (KHTML, like Gecko) Version/4.0 UCBrowser/11.3.0.950 U3/0.8.0 Mobile Safari/534.30"
169.149.245.220 - - [26/May/2017:08:51:59 +0530] "GET /images/img2.jpg HTTP/1.1" 200 16276 "http://www.cdmindia.gov.in/project_details_view.php?id=328" "Mozilla/5.0 (Linux; U; Android 5.1; en-US; Aqua Ace Build/LMY47D) AppleWebKit/534.30 (KHTML, like Gecko) Version/4.0 UCBrowser/11.3.0.950 U3/0.8.0 Mobile Safari/534.30"
202.46.51.109 - - [26/May/2017:08:52:03 +0530] "GET /project_details_view_report.php?id=1402 HTTP/1.1" 200 13302 "-" "Mozilla/5.0 (Windows NT 10.0; WOW64) AppleWebKit/537.36 (KHTML, like Gecko) Chrome/45.0.2454.93 Safari/537.36"
169.149.245.220 - - [26/May/2017:08:52:04 +0530] "GET /images/img1.jpg HTTP/1.1" 200 1251 "http://www.cdmindia.gov.in/project_details_view.php?id=328" "Mozilla/5.0 (Linux; U; Android 5.1; en-US; Aqua Ace Build/LMY47D) AppleWebKit/534.30 (KHTML, like Gecko) Version/4.0 UCBrowser/11.3.0.950 U3/0.8.0 Mobile Safari/534.30"
169.149.245.220 - - [26/May/2017:08:52:04 +0530] "GET /images/fbg.jpg HTTP/1.1" 200 325 "http://www.cdmindia.gov.in/project_details_view.php?id=328" "Mozilla/5.0 (Linux; U; Android 5.1; en-US; Aqua Ace Build/LMY47D) AppleWebKit/534.30 (KHTML, like Gecko) Version/4.0 UCBrowser/11.3.0.950 U3/0.8.0 Mobile Safari/534.30"
169.149.245.220 - - [26/May/2017:08:51:59 +0530] "GET /images/img3.jpg HTTP/1.1" 200 26957 "http://www.cdmindia.gov.in/project_details_view.php?id=328" "Mozilla/5.0 (Linux; U; Android 5.1; en-US; Aqua Ace Build/LMY47D) AppleWebKit/534.30 (KHTML, like Gecko) Version/4.0 UCBrowser/11.3.0.950 U3/0.8.0 Mobile Safari/534.30"
169.149.245.220 - - [26/May/2017:08:52:06 +0530] "GET /images/favicon.ico HTTP/1.1" 200 1406 "http://www.cdmindia.gov.in/project_details_view.php?id=328" "Mozilla/5.0 (Linux; U; Android 5.1; en-US; Aqua Ace Build/LMY47D) AppleWebKit/534.30 (KHTML, like Gecko) Version/4.0 UCBrowser/11.3.0.950 U3/0.8.0 Mobile Safari/534.30"
66.249.79.83 - - [26/May/2017:08:54:14 +0530] "GET /project_details_view.php?id=1576 HTTP/1.1" 200 14328 "-" "Mozilla/5.0 (compatible; Googlebot/2.1; +http://www.google.com/bot.html)"
157.55.39.227 - - [26/May/2017:08:55:57 +0530] "GET /approval_process.php HTTP/1.1" 200 25911 "-" "Mozilla/5.0 (compatible; bingbot/2.0; +http://www.bing.com/bingbot.htm)"
157.55.39.130 - - [26/May/2017:08:56:01 +0530] "GET /downloads/Comparision%20of%20PCN_30.03.doc HTTP/1.1" 200 49664 "-" "Mozilla/5.0 (compatible; bingbot/2.0; +http://www.bing.com/bingbot.htm)"
66.249.79.83 - - [26/May/2017:08:59:15 +0530] "GET /project_details_view_report.php?id=1402 HTTP/1.1" 200 13302 "-" "Mozilla/5.0 (compatible; Googlebot/2.1; +http://www.google.com/bot.html)"
66.249.79.83 - - [26/May/2017:08:59:16 +0530] "GET /project_details_view_report.php?id=1402 HTTP/1.1" 200 13302 "-" "Mozilla/5.0 (compatible; Googlebot/2.1; +http://www.google.com/bot.html)"
8.37.237.221 - - [26/May/2017:09:00:28 +0530] "GET /project_details_view.php?id=1258 HTTP/1.1" 200 14031 "http://www.google.co.in/search?ie=ISO-8859-1&q=nsl+power+kinnaur&btnG=Search" "Mozilla/5.0 (Linux; U; Android 5.1.1; en-US; SM-E500H Build/LMY47X) AppleWebKit/534.30 (KHTML, like Gecko) Version/4.0 UCBrowser/11.2.8.945 U3/0.8.0 Mobile Safari/534.30"
8.37.237.221 - - [26/May/2017:09:00:29 +0530] "GET /images/fdm.jpg HTTP/1.1" 200 2043 "http://www.cdmindia.gov.in/project_details_view.php?id=1258" "Mozilla/5.0 (Linux; U; Android 5.1.1; en-US; SM-E500H Build/LMY47X) AppleWebKit/534.30 (KHTML, like Gecko) Version/4.0 UCBrowser/11.2.8.945 U3/0.8.0 Mobile Safari/534.30"
8.37.237.221 - - [26/May/2017:09:00:29 +0530] "GET /images/bullet1.gif HTTP/1.1" 304 - "http://www.cdmindia.gov.in/project_details_view.php?id=1258" "Mozilla/5.0 (Linux; U; Android 5.1.1; en-US; SM-E500H Build/LMY47X) AppleWebKit/534.30 (KHTML, like Gecko) Version/4.0 UCBrowser/11.2.8.945 U3/0.8.0 Mobile Safari/534.30"
8.37.237.221 - - [26/May/2017:09:00:29 +0530] "GET /images/img2.jpg HTTP/1.1" 200 16276 "http://www.cdmindia.gov.in/project_details_view.php?id=1258" "Mozilla/5.0 (Linux; U; Android 5.1.1; en-US; SM-E500H Build/LMY47X) AppleWebKit/534.30 (KHTML, like Gecko) Version/4.0 UCBrowser/11.2.8.945 U3/0.8.0 Mobile Safari/534.30"
8.37.237.221 - - [26/May/2017:09:00:29 +0530] "GET /images/spacer.gif HTTP/1.1" 304 - "http://www.cdmindia.gov.in/project_details_view.php?id=1258" "Mozilla/5.0 (Linux; U; Android 5.1.1; en-US; SM-E500H Build/LMY47X) AppleWebKit/534.30 (KHTML, like Gecko) Version/4.0 UCBrowser/11.2.8.945 U3/0.8.0 Mobile Safari/534.30"
8.37.237.221 - - [26/May/2017:09:00:29 +0530] "GET /Scripts/AC_RunActiveContent.js HTTP/1.1" 200 8321 "http://www.cdmindia.gov.in/project_details_view.php?id=1258" "Mozilla/5.0 (Linux; U; Android 5.1.1; en-US; SM-E500H Build/LMY47X) AppleWebKit/534.30 (KHTML, like Gecko) Version/4.0 UCBrowser/11.2.8.945 U3/0.8.0 Mobile Safari/534.30"
8.37.237.221 - - [26/May/2017:09:00:29 +0530] "GET /includes/ncdma.css HTTP/1.1" 200 13023 "http://www.cdmindia.gov.in/project_details_view.php?id=1258" "Mozilla/5.0 (Linux; U; Android 5.1.1; en-US; SM-E500H Build/LMY47X) AppleWebKit/534.30 (KHTML, like Gecko) Version/4.0 UCBrowser/11.2.8.945 U3/0.8.0 Mobile Safari/534.30"
8.37.237.221 - - [26/May/2017:09:00:29 +0530] "GET /images/bulllet2.gif HTTP/1.1" 304 - "http://www.cdmindia.gov.in/project_details_view.php?id=1258" "Mozilla/5.0 (Linux; U; Android 5.1.1; en-US; SM-E500H Build/LMY47X) AppleWebKit/534.30 (KHTML, like Gecko) Version/4.0 UCBrowser/11.2.8.945 U3/0.8.0 Mobile Safari/534.30"
8.37.237.221 - - [26/May/2017:09:00:29 +0530] "GET /images/gtz.jpg HTTP/1.1" 200 15484 "http://www.cdmindia.gov.in/project_details_view.php?id=1258" "Mozilla/5.0 (Linux; U; Android 5.1.1; en-US; SM-E500H Build/LMY47X) AppleWebKit/534.30 (KHTML, like Gecko) Version/4.0 UCBrowser/11.2.8.945 U3/0.8.0 Mobile Safari/534.30"
8.37.237.221 - - [26/May/2017:09:00:29 +0530] "GET /images/bullet4.gif HTTP/1.1" 304 - "http://www.cdmindia.gov.in/project_details_view.php?id=1258" "Mozilla/5.0 (Linux; U; Android 5.1.1; en-US; SM-E500H Build/LMY47X) AppleWebKit/534.30 (KHTML, like Gecko) Version/4.0 UCBrowser/11.2.8.945 U3/0.8.0 Mobile Safari/534.30"
8.37.237.221 - - [26/May/2017:09:00:29 +0530] "GET /ncdma.css HTTP/1.1" 200 12640 "http://www.cdmindia.gov.in/project_details_view.php?id=1258" "Mozilla/5.0 (Linux; U; Android 5.1.1; en-US; SM-E500H Build/LMY47X) AppleWebKit/534.30 (KHTML, like Gecko) Version/4.0 UCBrowser/11.2.8.945 U3/0.8.0 Mobile Safari/534.30"
8.37.237.221 - - [26/May/2017:09:00:29 +0530] "GET /images/img3.jpg HTTP/1.1" 200 26957 "http://www.cdmindia.gov.in/project_details_view.php?id=1258" "Mozilla/5.0 (Linux; U; Android 5.1.1; en-US; SM-E500H Build/LMY47X) AppleWebKit/534.30 (KHTML, like Gecko) Version/4.0 UCBrowser/11.2.8.945 U3/0.8.0 Mobile Safari/534.30"
8.37.237.221 - - [26/May/2017:09:00:31 +0530] "GET /images/img1.jpg HTTP/1.1" 200 1251 "http://www.cdmindia.gov.in/project_details_view.php?id=1258" "Mozilla/5.0 (Linux; U; Android 5.1.1; en-US; SM-E500H Build/LMY47X) AppleWebKit/534.30 (KHTML, like Gecko) Version/4.0 UCBrowser/11.2.8.945 U3/0.8.0 Mobile Safari/534.30"
8.37.237.221 - - [26/May/2017:09:00:32 +0530] "GET /images/favicon.ico HTTP/1.1" 200 1406 "http://www.cdmindia.gov.in/project_details_view.php?id=1258" "Mozilla/5.0 (Linux; U; Android 5.1.1; en-US; SM-E500H Build/LMY47X) AppleWebKit/534.30 (KHTML, like Gecko) Version/4.0 UCBrowser/11.2.8.945 U3/0.8.0 Mobile Safari/534.30"
8.37.237.221 - - [26/May/2017:09:00:48 +0530] "GET /sitemap.php HTTP/1.1" 200 18468 "http://www.cdmindia.gov.in/project_details_view.php?id=1258" "Mozilla/5.0 (Linux; U; Android 5.1.1; en-US; SM-E500H Build/LMY47X) AppleWebKit/534.30 (KHTML, like Gecko) Version/4.0 UCBrowser/11.2.8.945 U3/0.8.0 Mobile Safari/534.30"
8.37.237.221 - - [26/May/2017:09:00:48 +0530] "GET /images/bullet4.gif HTTP/1.1" 304 - "http://www.cdmindia.gov.in/sitemap.php" "Mozilla/5.0 (Linux; U; Android 5.1.1; en-US; SM-E500H Build/LMY47X) AppleWebKit/534.30 (KHTML, like Gecko) Version/4.0 UCBrowser/11.2.8.945 U3/0.8.0 Mobile Safari/534.30"
8.37.237.221 - - [26/May/2017:09:00:48 +0530] "GET /images/bullet1.gif HTTP/1.1" 304 - "http://www.cdmindia.gov.in/sitemap.php" "Mozilla/5.0 (Linux; U; Android 5.1.1; en-US; SM-E500H Build/LMY47X) AppleWebKit/534.30 (KHTML, like Gecko) Version/4.0 UCBrowser/11.2.8.945 U3/0.8.0 Mobile Safari/534.30"
8.37.237.221 - - [26/May/2017:09:00:48 +0530] "GET /includes/ncdma.css HTTP/1.1" 304 - "http://www.cdmindia.gov.in/sitemap.php" "Mozilla/5.0 (Linux; U; Android 5.1.1; en-US; SM-E500H Build/LMY47X) AppleWebKit/534.30 (KHTML, like Gecko) Version/4.0 UCBrowser/11.2.8.945 U3/0.8.0 Mobile Safari/534.30"
8.37.237.221 - - [26/May/2017:09:00:48 +0530] "GET /ncdma.css HTTP/1.1" 304 - "http://www.cdmindia.gov.in/sitemap.php" "Mozilla/5.0 (Linux; U; Android 5.1.1; en-US; SM-E500H Build/LMY47X) AppleWebKit/534.30 (KHTML, like Gecko) Version/4.0 UCBrowser/11.2.8.945 U3/0.8.0 Mobile Safari/534.30"
8.37.237.221 - - [26/May/2017:09:00:48 +0530] "GET /Scripts/AC_RunActiveContent.js HTTP/1.1" 304 - "http://www.cdmindia.gov.in/sitemap.php" "Mozilla/5.0 (Linux; U; Android 5.1.1; en-US; SM-E500H Build/LMY47X) AppleWebKit/534.30 (KHTML, like Gecko) Version/4.0 UCBrowser/11.2.8.945 U3/0.8.0 Mobile Safari/534.30"
8.37.237.221 - - [26/May/2017:09:00:48 +0530] "GET /images/spacer.gif HTTP/1.1" 304 - "http://www.cdmindia.gov.in/sitemap.php" "Mozilla/5.0 (Linux; U; Android 5.1.1; en-US; SM-E500H Build/LMY47X) AppleWebKit/534.30 (KHTML, like Gecko) Version/4.0 UCBrowser/11.2.8.945 U3/0.8.0 Mobile Safari/534.30"
8.37.237.221 - - [26/May/2017:09:00:48 +0530] "GET /images/bulllet2.gif HTTP/1.1" 304 - "http://www.cdmindia.gov.in/sitemap.php" "Mozilla/5.0 (Linux; U; Android 5.1.1; en-US; SM-E500H Build/LMY47X) AppleWebKit/534.30 (KHTML, like Gecko) Version/4.0 UCBrowser/11.2.8.945 U3/0.8.0 Mobile Safari/534.30"
8.37.237.221 - - [26/May/2017:09:00:48 +0530] "GET /images/fe.jpg HTTP/1.1" 200 1429 "http://www.cdmindia.gov.in/sitemap.php" "Mozilla/5.0 (Linux; U; Android 5.1.1; en-US; SM-E500H Build/LMY47X) AppleWebKit/534.30 (KHTML, like Gecko) Version/4.0 UCBrowser/11.2.8.945 U3/0.8.0 Mobile Safari/534.30"
8.37.237.221 - - [26/May/2017:09:00:48 +0530] "GET /images/bullet3.gif HTTP/1.1" 304 - "http://www.cdmindia.gov.in/sitemap.php" "Mozilla/5.0 (Linux; U; Android 5.1.1; en-US; SM-E500H Build/LMY47X) AppleWebKit/534.30 (KHTML, like Gecko) Version/4.0 UCBrowser/11.2.8.945 U3/0.8.0 Mobile Safari/534.30"
8.37.237.221 - - [26/May/2017:09:00:48 +0530] "GET /images/login1.jpg HTTP/1.1" 200 618 "http://www.cdmindia.gov.in/sitemap.php" "Mozilla/5.0 (Linux; U; Android 5.1.1; en-US; SM-E500H Build/LMY47X) AppleWebKit/534.30 (KHTML, like Gecko) Version/4.0 UCBrowser/11.2.8.945 U3/0.8.0 Mobile Safari/534.30"
8.37.237.221 - - [26/May/2017:09:00:48 +0530] "GET /images/h_sitemap.jpg HTTP/1.1" 200 21569 "http://www.cdmindia.gov.in/sitemap.php" "Mozilla/5.0 (Linux; U; Android 5.1.1; en-US; SM-E500H Build/LMY47X) AppleWebKit/534.30 (KHTML, like Gecko) Version/4.0 UCBrowser/11.2.8.945 U3/0.8.0 Mobile Safari/534.30"
8.37.237.221 - - [26/May/2017:09:00:51 +0530] "GET /images/login.jpg HTTP/1.1" 200 1044 "http://www.cdmindia.gov.in/sitemap.php" "Mozilla/5.0 (Linux; U; Android 5.1.1; en-US; SM-E500H Build/LMY47X) AppleWebKit/534.30 (KHTML, like Gecko) Version/4.0 UCBrowser/11.2.8.945 U3/0.8.0 Mobile Safari/534.30"
207.46.13.77 - - [26/May/2017:09:02:24 +0530] "GET /detail_news.php?id=18 HTTP/1.1" 302 18712 "-" "Mozilla/5.0 (compatible; bingbot/2.0; +http://www.bing.com/bingbot.htm)"
207.46.13.77 - - [26/May/2017:09:02:24 +0530] "GET /logout.php HTTP/1.1" 302 369 "-" "Mozilla/5.0 (compatible; bingbot/2.0; +http://www.bing.com/bingbot.htm)"
207.46.13.77 - - [26/May/2017:09:02:25 +0530] "GET /index.php HTTP/1.1" 200 19479 "-" "Mozilla/5.0 (compatible; bingbot/2.0; +http://www.bing.com/bingbot.htm)"
66.249.79.83 - - [26/May/2017:09:04:24 +0530] "GET /project_details_view.php?id=1019&oid=1&page=47&reporttype=1 HTTP/1.1" 200 13803 "-" "Mozilla/5.0 (compatible; Googlebot/2.1; +http://www.google.com/bot.html)"
157.55.39.49 - - [26/May/2017:09:04:48 +0530] "GET /project_details_view.php?id=914 HTTP/1.1" 200 14408 "-" "Mozilla/5.0 (compatible; bingbot/2.0; +http://www.bing.com/bingbot.htm)"
66.249.79.93 - - [26/May/2017:09:09:34 +0530] "GET / HTTP/1.1" 200 19479 "-" "Mozilla/5.0 (Linux; Android 6.0.1; Nexus 5X Build/MMB29P) AppleWebKit/537.36 (KHTML, like Gecko) Chrome/41.0.2272.96 Mobile Safari/537.36 (compatible; Googlebot/2.1; +http://www.google.com/bot.html)"
202.46.52.164 - - [26/May/2017:09:12:50 +0530] "GET /project_details_view_report.php?id=428 HTTP/1.1" 200 13101 "-" "Mozilla/5.0 (Windows NT 10.0; WOW64) AppleWebKit/537.36 (KHTML, like Gecko) Chrome/45.0.2454.93 Safari/537.36"
157.55.39.227 - - [26/May/2017:09:12:51 +0530] "GET /approved_projects.php?n=1 HTTP/1.1" 200 16641 "-" "Mozilla/5.0 (compatible; bingbot/2.0; +http://www.bing.com/bingbot.htm)"
169.149.230.180 - - [26/May/2017:09:14:25 +0530] "GET /project_details_view.php?id=1501 HTTP/1.1" 200 15175 "-" "Mozilla/5.0 (Windows NT 6.1; Win64; x64) AppleWebKit/537.36 (KHTML, like Gecko) Chrome/58.0.3029.110 Safari/537.36"
117.239.89.81 - - [26/May/2017:09:14:26 +0530] "GET /project_details_view.php?id=853 HTTP/1.1" 200 15053 "https://www.google.co.in/" "Mozilla/5.0 (Windows NT 6.1; Win64; x64) AppleWebKit/537.36 (KHTML, like Gecko) Chrome/58.0.3029.110 Safari/537.36"
117.239.89.81 - - [26/May/2017:09:14:26 +0530] "GET /includes/ncdma.css HTTP/1.1" 200 13023 "http://www.cdmindia.gov.in/project_details_view.php?id=853" "Mozilla/5.0 (Windows NT 6.1; Win64; x64) AppleWebKit/537.36 (KHTML, like Gecko) Chrome/58.0.3029.110 Safari/537.36"
117.239.89.81 - - [26/May/2017:09:14:26 +0530] "GET /ncdma.css HTTP/1.1" 200 12640 "http://www.cdmindia.gov.in/project_details_view.php?id=853" "Mozilla/5.0 (Windows NT 6.1; Win64; x64) AppleWebKit/537.36 (KHTML, like Gecko) Chrome/58.0.3029.110 Safari/537.36"
117.239.89.81 - - [26/May/2017:09:14:27 +0530] "GET /Scripts/AC_RunActiveContent.js HTTP/1.1" 200 8321 "http://www.cdmindia.gov.in/project_details_view.php?id=853" "Mozilla/5.0 (Windows NT 6.1; Win64; x64) AppleWebKit/537.36 (KHTML, like Gecko) Chrome/58.0.3029.110 Safari/537.36"
169.149.230.180 - - [26/May/2017:09:14:28 +0530] "GET /includes/ncdma.css HTTP/1.1" 200 13023 "http://www.cdmindia.gov.in/project_details_view.php?id=1501" "Mozilla/5.0 (Windows NT 6.1; Win64; x64) AppleWebKit/537.36 (KHTML, like Gecko) Chrome/58.0.3029.110 Safari/537.36"
169.149.230.180 - - [26/May/2017:09:14:28 +0530] "GET /Scripts/AC_RunActiveContent.js HTTP/1.1" 200 8321 "http://www.cdmindia.gov.in/project_details_view.php?id=1501" "Mozilla/5.0 (Windows NT 6.1; Win64; x64) AppleWebKit/537.36 (KHTML, like Gecko) Chrome/58.0.3029.110 Safari/537.36"
169.149.230.180 - - [26/May/2017:09:14:28 +0530] "GET /ncdma.css HTTP/1.1" 200 12640 "http://www.cdmindia.gov.in/project_details_view.php?id=1501" "Mozilla/5.0 (Windows NT 6.1; Win64; x64) AppleWebKit/537.36 (KHTML, like Gecko) Chrome/58.0.3029.110 Safari/537.36"
117.239.89.81 - - [26/May/2017:09:14:31 +0530] "GET /images/bullet1.gif HTTP/1.1" 200 67 "http://www.cdmindia.gov.in/project_details_view.php?id=853" "Mozilla/5.0 (Windows NT 6.1; Win64; x64) AppleWebKit/537.36 (KHTML, like Gecko) Chrome/58.0.3029.110 Safari/537.36"
117.239.89.81 - - [26/May/2017:09:14:31 +0530] "GET /images/img1.jpg HTTP/1.1" 200 1251 "http://www.cdmindia.gov.in/project_details_view.php?id=853" "Mozilla/5.0 (Windows NT 6.1; Win64; x64) AppleWebKit/537.36 (KHTML, like Gecko) Chrome/58.0.3029.110 Safari/537.36"
