64.233.173.138 - - [01/Jun/2017:13:17:24 +0530] "GET /images/gtz.jpg HTTP/1.1" 200 15484 "http://www.cdmindia.gov.in/aboutus.php" "Mozilla/5.0 (Linux; Android 5.1; XT1033 Build/LPBS23.13-56-2) AppleWebKit/537.36 (KHTML, like Gecko) Chrome/51.0.2704.81 Mobile Safari/537.36"
64.233.173.138 - - [01/Jun/2017:13:17:24 +0530] "GET /images/bullet3.gif HTTP/1.1" 200 58 "http://www.cdmindia.gov.in/aboutus.php" "Mozilla/5.0 (Linux; Android 5.1; XT1033 Build/LPBS23.13-56-2) AppleWebKit/537.36 (KHTML, like Gecko) Chrome/51.0.2704.81 Mobile Safari/537.36"
64.233.173.136 - - [01/Jun/2017:13:17:24 +0530] "GET /images/login1.jpg HTTP/1.1" 200 618 "http://www.cdmindia.gov.in/aboutus.php" "Mozilla/5.0 (Linux; Android 5.1; XT1033 Build/LPBS23.13-56-2) AppleWebKit/537.36 (KHTML, like Gecko) Chrome/51.0.2704.81 Mobile Safari/537.36"
64.233.173.138 - - [01/Jun/2017:13:17:24 +0530] "GET /images/fe.jpg HTTP/1.1" 200 1429 "http://www.cdmindia.gov.in/aboutus.php" "Mozilla/5.0 (Linux; Android 5.1; XT1033 Build/LPBS23.13-56-2) AppleWebKit/537.36 (KHTML, like Gecko) Chrome/51.0.2704.81 Mobile Safari/537.36"
64.233.173.137 - - [01/Jun/2017:13:17:24 +0530] "GET /images/fdm.jpg HTTP/1.1" 200 2043 "http://www.cdmindia.gov.in/aboutus.php" "Mozilla/5.0 (Linux; Android 5.1; XT1033 Build/LPBS23.13-56-2) AppleWebKit/537.36 (KHTML, like Gecko) Chrome/51.0.2704.81 Mobile Safari/537.36"
64.233.173.137 - - [01/Jun/2017:13:17:24 +0530] "GET /images/bullet1.gif HTTP/1.1" 200 67 "http://www.cdmindia.gov.in/aboutus.php" "Mozilla/5.0 (Linux; Android 5.1; XT1033 Build/LPBS23.13-56-2) AppleWebKit/537.36 (KHTML, like Gecko) Chrome/51.0.2704.81 Mobile Safari/537.36"
64.233.173.136 - - [01/Jun/2017:13:17:24 +0530] "GET /images/bullet4.gif HTTP/1.1" 200 67 "http://www.cdmindia.gov.in/aboutus.php" "Mozilla/5.0 (Linux; Android 5.1; XT1033 Build/LPBS23.13-56-2) AppleWebKit/537.36 (KHTML, like Gecko) Chrome/51.0.2704.81 Mobile Safari/537.36"
64.233.173.138 - - [01/Jun/2017:13:17:24 +0530] "GET /images/login.jpg HTTP/1.1" 200 1044 "http://www.cdmindia.gov.in/aboutus.php" "Mozilla/5.0 (Linux; Android 5.1; XT1033 Build/LPBS23.13-56-2) AppleWebKit/537.36 (KHTML, like Gecko) Chrome/51.0.2704.81 Mobile Safari/537.36"
117.215.48.66 - - [01/Jun/2017:13:17:24 +0530] "GET /images/bulllet2.gif HTTP/1.1" 200 58 "http://www.cdmindia.gov.in/project_details_view.php?id=67" "Mozilla/5.0 (Windows NT 6.1) AppleWebKit/537.36 (KHTML, like Gecko) Chrome/57.4.2987.98 Safari/537.36"
64.233.173.136 - - [01/Jun/2017:13:17:24 +0530] "GET /images/bulllet2.gif HTTP/1.1" 200 58 "http://www.cdmindia.gov.in/aboutus.php" "Mozilla/5.0 (Linux; Android 5.1; XT1033 Build/LPBS23.13-56-2) AppleWebKit/537.36 (KHTML, like Gecko) Chrome/51.0.2704.81 Mobile Safari/537.36"
64.233.173.137 - - [01/Jun/2017:13:17:24 +0530] "GET /images/img1.jpg HTTP/1.1" 200 1251 "http://www.cdmindia.gov.in/aboutus.php" "Mozilla/5.0 (Linux; Android 5.1; XT1033 Build/LPBS23.13-56-2) AppleWebKit/537.36 (KHTML, like Gecko) Chrome/51.0.2704.81 Mobile Safari/537.36"
64.233.173.136 - - [01/Jun/2017:13:17:24 +0530] "GET /images/fbg.jpg HTTP/1.1" 200 325 "http://www.cdmindia.gov.in/aboutus.php" "Mozilla/5.0 (Linux; Android 5.1; XT1033 Build/LPBS23.13-56-2) AppleWebKit/537.36 (KHTML, like Gecko) Chrome/51.0.2704.81 Mobile Safari/537.36"
64.233.173.136 - - [01/Jun/2017:13:17:24 +0530] "GET /images/spacer.gif HTTP/1.1" 200 43 "http://www.cdmindia.gov.in/aboutus.php" "Mozilla/5.0 (Linux; Android 5.1; XT1033 Build/LPBS23.13-56-2) AppleWebKit/537.36 (KHTML, like Gecko) Chrome/51.0.2704.81 Mobile Safari/537.36"
64.233.173.136 - - [01/Jun/2017:13:17:24 +0530] "GET /images/h_aboutus.jpg HTTP/1.1" 200 21693 "http://www.cdmindia.gov.in/aboutus.php" "Mozilla/5.0 (Linux; Android 5.1; XT1033 Build/LPBS23.13-56-2) AppleWebKit/537.36 (KHTML, like Gecko) Chrome/51.0.2704.81 Mobile Safari/537.36"
64.233.173.137 - - [01/Jun/2017:13:17:24 +0530] "GET /images/img2.jpg HTTP/1.1" 200 16276 "http://www.cdmindia.gov.in/aboutus.php" "Mozilla/5.0 (Linux; Android 5.1; XT1033 Build/LPBS23.13-56-2) AppleWebKit/537.36 (KHTML, like Gecko) Chrome/51.0.2704.81 Mobile Safari/537.36"
64.233.173.136 - - [01/Jun/2017:13:17:24 +0530] "GET /images/img3.jpg HTTP/1.1" 200 26957 "http://www.cdmindia.gov.in/aboutus.php" "Mozilla/5.0 (Linux; Android 5.1; XT1033 Build/LPBS23.13-56-2) AppleWebKit/537.36 (KHTML, like Gecko) Chrome/51.0.2704.81 Mobile Safari/537.36"
64.233.173.137 - - [01/Jun/2017:13:17:25 +0530] "GET /favicon.ico HTTP/1.1" 200 1189 "http://www.cdmindia.gov.in/aboutus.php" "Mozilla/5.0 (Linux; Android 5.1; XT1033 Build/LPBS23.13-56-2) AppleWebKit/537.36 (KHTML, like Gecko) Chrome/51.0.2704.81 Mobile Safari/537.36"
117.215.48.66 - - [01/Jun/2017:13:17:25 +0530] "GET /images/bullet4.gif HTTP/1.1" 200 67 "http://www.cdmindia.gov.in/project_details_view.php?id=67" "Mozilla/5.0 (Windows NT 6.1) AppleWebKit/537.36 (KHTML, like Gecko) Chrome/57.4.2987.98 Safari/537.36"
117.215.48.66 - - [01/Jun/2017:13:17:26 +0530] "GET /images/fdm.jpg HTTP/1.1" 200 2043 "http://www.cdmindia.gov.in/project_details_view.php?id=67" "Mozilla/5.0 (Windows NT 6.1) AppleWebKit/537.36 (KHTML, like Gecko) Chrome/57.4.2987.98 Safari/537.36"
117.215.48.66 - - [01/Jun/2017:13:17:26 +0530] "GET /images/gtz.jpg HTTP/1.1" 200 15484 "http://www.cdmindia.gov.in/project_details_view.php?id=67" "Mozilla/5.0 (Windows NT 6.1) AppleWebKit/537.36 (KHTML, like Gecko) Chrome/57.4.2987.98 Safari/537.36"
117.215.48.66 - - [01/Jun/2017:13:17:26 +0530] "GET /images/img1.jpg HTTP/1.1" 200 1251 "http://www.cdmindia.gov.in/project_details_view.php?id=67" "Mozilla/5.0 (Windows NT 6.1) AppleWebKit/537.36 (KHTML, like Gecko) Chrome/57.4.2987.98 Safari/537.36"
117.215.48.66 - - [01/Jun/2017:13:17:26 +0530] "GET /images/fbg.jpg HTTP/1.1" 200 325 "http://www.cdmindia.gov.in/project_details_view.php?id=67" "Mozilla/5.0 (Windows NT 6.1) AppleWebKit/537.36 (KHTML, like Gecko) Chrome/57.4.2987.98 Safari/537.36"
117.215.48.66 - - [01/Jun/2017:13:17:26 +0530] "GET /favicon.ico HTTP/1.1" 200 1189 "http://www.cdmindia.gov.in/project_details_view.php?id=67" "Mozilla/5.0 (Windows NT 6.1) AppleWebKit/537.36 (KHTML, like Gecko) Chrome/57.4.2987.98 Safari/537.36"
64.233.173.138 - - [01/Jun/2017:13:17:45 +0530] "GET /constitution.php HTTP/1.1" 200 23670 "http://www.cdmindia.gov.in/aboutus.php" "Mozilla/5.0 (Linux; Android 5.1; XT1033 Build/LPBS23.13-56-2) AppleWebKit/537.36 (KHTML, like Gecko) Chrome/51.0.2704.81 Mobile Safari/537.36"
64.233.173.138 - - [01/Jun/2017:13:17:46 +0530] "GET /js/index_validations.js HTTP/1.1" 200 3143 "http://www.cdmindia.gov.in/constitution.php" "Mozilla/5.0 (Linux; Android 5.1; XT1033 Build/LPBS23.13-56-2) AppleWebKit/537.36 (KHTML, like Gecko) Chrome/51.0.2704.81 Mobile Safari/537.36"
64.233.173.137 - - [01/Jun/2017:13:17:46 +0530] "GET /images/h_cons.jpg HTTP/1.1" 200 21924 "http://www.cdmindia.gov.in/constitution.php" "Mozilla/5.0 (Linux; Android 5.1; XT1033 Build/LPBS23.13-56-2) AppleWebKit/537.36 (KHTML, like Gecko) Chrome/51.0.2704.81 Mobile Safari/537.36"
66.249.66.207 - - [01/Jun/2017:13:19:11 +0530] "GET /project_details_view.php?id=431 HTTP/1.1" 200 14142 "-" "Mozilla/5.0 (compatible; Googlebot/2.1; +http://www.google.com/bot.html)"
157.55.39.63 - - [01/Jun/2017:13:20:50 +0530] "GET /project_details_view_report.php?id=1896 HTTP/1.1" 200 13200 "-" "Mozilla/5.0 (iPhone; CPU iPhone OS 7_0 like Mac OS X) AppleWebKit/537.51.1 (KHTML, like Gecko) Version/7.0 Mobile/11A465 Safari/9537.53 (compatible; bingbot/2.0; +http://www.bing.com/bingbot.htm)"
14.139.239.210 - - [01/Jun/2017:13:22:24 +0530] "GET /project_details_view.php?id=282 HTTP/1.1" 200 14652 "https://www.google.co.in/" "Mozilla/5.0 (Windows NT 10.0; Win64; x64) AppleWebKit/537.36 (KHTML, like Gecko) Chrome/58.0.3029.110 Safari/537.36"
14.139.239.210 - - [01/Jun/2017:13:22:25 +0530] "GET /ncdma.css HTTP/1.1" 200 12640 "http://www.cdmindia.gov.in/project_details_view.php?id=282" "Mozilla/5.0 (Windows NT 10.0; Win64; x64) AppleWebKit/537.36 (KHTML, like Gecko) Chrome/58.0.3029.110 Safari/537.36"
14.139.239.210 - - [01/Jun/2017:13:22:25 +0530] "GET /includes/ncdma.css HTTP/1.1" 200 13023 "http://www.cdmindia.gov.in/project_details_view.php?id=282" "Mozilla/5.0 (Windows NT 10.0; Win64; x64) AppleWebKit/537.36 (KHTML, like Gecko) Chrome/58.0.3029.110 Safari/537.36"
14.139.239.210 - - [01/Jun/2017:13:22:25 +0530] "GET /Scripts/AC_RunActiveContent.js HTTP/1.1" 200 8321 "http://www.cdmindia.gov.in/project_details_view.php?id=282" "Mozilla/5.0 (Windows NT 10.0; Win64; x64) AppleWebKit/537.36 (KHTML, like Gecko) Chrome/58.0.3029.110 Safari/537.36"
14.139.239.210 - - [01/Jun/2017:13:22:25 +0530] "GET /images/img2.jpg HTTP/1.1" 200 16276 "http://www.cdmindia.gov.in/project_details_view.php?id=282" "Mozilla/5.0 (Windows NT 10.0; Win64; x64) AppleWebKit/537.36 (KHTML, like Gecko) Chrome/58.0.3029.110 Safari/537.36"
14.139.239.210 - - [01/Jun/2017:13:22:26 +0530] "GET /images/bulllet2.gif HTTP/1.1" 200 58 "http://www.cdmindia.gov.in/project_details_view.php?id=282" "Mozilla/5.0 (Windows NT 10.0; Win64; x64) AppleWebKit/537.36 (KHTML, like Gecko) Chrome/58.0.3029.110 Safari/537.36"
14.139.239.210 - - [01/Jun/2017:13:22:26 +0530] "GET /images/spacer.gif HTTP/1.1" 200 43 "http://www.cdmindia.gov.in/project_details_view.php?id=282" "Mozilla/5.0 (Windows NT 10.0; Win64; x64) AppleWebKit/537.36 (KHTML, like Gecko) Chrome/58.0.3029.110 Safari/537.36"
14.139.239.210 - - [01/Jun/2017:13:22:26 +0530] "GET /images/bullet4.gif HTTP/1.1" 200 67 "http://www.cdmindia.gov.in/project_details_view.php?id=282" "Mozilla/5.0 (Windows NT 10.0; Win64; x64) AppleWebKit/537.36 (KHTML, like Gecko) Chrome/58.0.3029.110 Safari/537.36"
14.139.239.210 - - [01/Jun/2017:13:22:26 +0530] "GET /images/bullet1.gif HTTP/1.1" 200 67 "http://www.cdmindia.gov.in/project_details_view.php?id=282" "Mozilla/5.0 (Windows NT 10.0; Win64; x64) AppleWebKit/537.36 (KHTML, like Gecko) Chrome/58.0.3029.110 Safari/537.36"
14.139.239.210 - - [01/Jun/2017:13:22:26 +0530] "GET /images/img3.jpg HTTP/1.1" 200 26957 "http://www.cdmindia.gov.in/project_details_view.php?id=282" "Mozilla/5.0 (Windows NT 10.0; Win64; x64) AppleWebKit/537.36 (KHTML, like Gecko) Chrome/58.0.3029.110 Safari/537.36"
14.139.239.210 - - [01/Jun/2017:13:22:26 +0530] "GET /images/img1.jpg HTTP/1.1" 200 1251 "http://www.cdmindia.gov.in/project_details_view.php?id=282" "Mozilla/5.0 (Windows NT 10.0; Win64; x64) AppleWebKit/537.36 (KHTML, like Gecko) Chrome/58.0.3029.110 Safari/537.36"
14.139.239.210 - - [01/Jun/2017:13:22:26 +0530] "GET /images/gtz.jpg HTTP/1.1" 200 15484 "http://www.cdmindia.gov.in/project_details_view.php?id=282" "Mozilla/5.0 (Windows NT 10.0; Win64; x64) AppleWebKit/537.36 (KHTML, like Gecko) Chrome/58.0.3029.110 Safari/537.36"
14.139.239.210 - - [01/Jun/2017:13:22:26 +0530] "GET /images/fdm.jpg HTTP/1.1" 200 2043 "http://www.cdmindia.gov.in/project_details_view.php?id=282" "Mozilla/5.0 (Windows NT 10.0; Win64; x64) AppleWebKit/537.36 (KHTML, like Gecko) Chrome/58.0.3029.110 Safari/537.36"
14.139.239.210 - - [01/Jun/2017:13:22:28 +0530] "GET /images/fbg.jpg HTTP/1.1" 200 325 "http://www.cdmindia.gov.in/project_details_view.php?id=282" "Mozilla/5.0 (Windows NT 10.0; Win64; x64) AppleWebKit/537.36 (KHTML, like Gecko) Chrome/58.0.3029.110 Safari/537.36"
14.139.239.210 - - [01/Jun/2017:13:22:31 +0530] "GET /favicon.ico HTTP/1.1" 200 1189 "http://www.cdmindia.gov.in/project_details_view.php?id=282" "Mozilla/5.0 (Windows NT 10.0; Win64; x64) AppleWebKit/537.36 (KHTML, like Gecko) Chrome/58.0.3029.110 Safari/537.36"
46.14.208.86 - - [01/Jun/2017:13:22:44 +0530] "GET / HTTP/1.1" 200 19481 "-" "Java/1.8.0_101"
46.14.208.86 - - [01/Jun/2017:13:22:45 +0530] "GET /aboutus.php HTTP/1.1" 200 19598 "-" "Java/1.8.0_101"
46.14.208.86 - - [01/Jun/2017:13:22:46 +0530] "GET /approval_process.php HTTP/1.1" 200 25913 "-" "Java/1.8.0_101"
46.14.208.86 - - [01/Jun/2017:13:22:47 +0530] "GET /approved_projects.php?n=1 HTTP/1.1" 200 16643 "-" "Java/1.8.0_101"
46.14.208.86 - - [01/Jun/2017:13:22:48 +0530] "GET /capacity_building.php HTTP/1.1" 200 19187 "-" "Java/1.8.0_101"
46.14.208.86 - - [01/Jun/2017:13:22:49 +0530] "GET /constitution.php HTTP/1.1" 200 23670 "-" "Java/1.8.0_101"
46.14.208.86 - - [01/Jun/2017:13:22:50 +0530] "GET /contactus.php HTTP/1.1" 200 18293 "-" "Java/1.8.0_101"
46.14.208.86 - - [01/Jun/2017:13:22:51 +0530] "GET /detail_events.php?id= HTTP/1.1" 302 16739 "-" "Java/1.8.0_101"
46.14.208.86 - - [01/Jun/2017:13:22:52 +0530] "GET /logout.php HTTP/1.1" 302 369 "-" "Java/1.8.0_101"
46.14.208.86 - - [01/Jun/2017:13:22:53 +0530] "GET /index.php HTTP/1.1" 200 19481 "-" "Java/1.8.0_101"
46.14.208.86 - - [01/Jun/2017:13:22:53 +0530] "GET /detail_news.php?id=18 HTTP/1.1" 302 18714 "-" "Java/1.8.0_101"
46.14.208.86 - - [01/Jun/2017:13:22:54 +0530] "GET /logout.php HTTP/1.1" 302 369 "-" "Java/1.8.0_101"
46.14.208.86 - - [01/Jun/2017:13:22:55 +0530] "GET /index.php HTTP/1.1" 200 19481 "-" "Java/1.8.0_101"
46.14.208.86 - - [01/Jun/2017:13:22:56 +0530] "GET /future_projects.php HTTP/1.1" 302 26211 "-" "Java/1.8.0_101"
46.14.208.86 - - [01/Jun/2017:13:22:56 +0530] "GET /logout.php HTTP/1.1" 302 369 "-" "Java/1.8.0_101"
46.14.208.86 - - [01/Jun/2017:13:22:57 +0530] "GET /index.php HTTP/1.1" 200 19481 "-" "Java/1.8.0_101"
46.14.208.86 - - [01/Jun/2017:13:22:58 +0530] "GET /imp_links.php HTTP/1.1" 200 17835 "-" "Java/1.8.0_101"
46.14.208.86 - - [01/Jun/2017:13:22:59 +0530] "GET /index.php HTTP/1.1" 200 19481 "-" "Java/1.8.0_101"
46.14.208.86 - - [01/Jun/2017:13:23:00 +0530] "GET /news_more.php HTTP/1.1" 200 21062 "-" "Java/1.8.0_101"
46.14.208.86 - - [01/Jun/2017:13:23:01 +0530] "GET /registration.php HTTP/1.1" 302 28530 "-" "Java/1.8.0_101"
46.14.208.86 - - [01/Jun/2017:13:23:02 +0530] "GET /logout.php HTTP/1.1" 302 369 "-" "Java/1.8.0_101"
46.14.208.86 - - [01/Jun/2017:13:23:03 +0530] "GET /index.php HTTP/1.1" 200 19481 "-" "Java/1.8.0_101"
46.14.208.86 - - [01/Jun/2017:13:23:04 +0530] "GET /reports_new.php?n=1 HTTP/1.1" 200 22412 "-" "Java/1.8.0_101"
46.14.208.86 - - [01/Jun/2017:13:23:05 +0530] "GET /sitemap.php HTTP/1.1" 200 18470 "-" "Java/1.8.0_101"
46.14.208.86 - - [01/Jun/2017:13:23:06 +0530] "GET /events_more.php HTTP/1.1" 200 16906 "-" "Java/1.8.0_101"
46.14.208.86 - - [01/Jun/2017:13:23:07 +0530] "GET /Scripts/AC_RunActiveContent.js HTTP/1.1" 200 8321 "-" "Java/1.8.0_101"
46.14.208.86 - - [01/Jun/2017:13:23:07 +0530] "GET /js/base64_encode.js HTTP/1.1" 200 3002 "-" "Java/1.8.0_101"
46.14.208.86 - - [01/Jun/2017:13:23:09 +0530] "GET /js/index_validations.js HTTP/1.1" 200 3143 "-" "Java/1.8.0_101"
46.14.208.86 - - [01/Jun/2017:13:23:10 +0530] "GET /js/md5.js HTTP/1.1" 200 13194 "-" "Java/1.8.0_101"
46.14.208.86 - - [01/Jun/2017:13:23:11 +0530] "GET /js/jquery.js HTTP/1.1" 200 55774 "-" "Java/1.8.0_101"
46.14.208.86 - - [01/Jun/2017:13:23:12 +0530] "GET /js/user_registration.js HTTP/1.1" 200 26819 "-" "Java/1.8.0_101"
46.14.208.86 - - [01/Jun/2017:13:23:14 +0530] "GET /js/)self.html(selector?jQuery( HTTP/1.1" 404 220 "-" "Java/1.8.0_101"
46.14.208.86 - - [01/Jun/2017:13:23:14 +0530] "GET /js/datepicker/latest_date.js HTTP/1.1" 200 11986 "-" "Java/1.8.0_101"
46.14.208.86 - - [01/Jun/2017:13:23:15 +0530] "GET /js/datepicker/latest_jquery.datePicker.js HTTP/1.1" 200 37423 "-" "Java/1.8.0_101"
46.14.208.86 - - [01/Jun/2017:13:23:16 +0530] "GET /js/datepicker/+ $td.html() + HTTP/1.1" 404 213 "-" "Java/1.8.0_101"
46.14.208.86 - - [01/Jun/2017:13:23:17 +0530] "GET /js/datepicker/, this.context).html(Date.monthNames[this.displayedMonth] + HTTP/1.1" 404 213 "-" "Java/1.8.0_101"
46.14.208.86 - - [01/Jun/2017:13:23:18 +0530] "GET /detail_news.php?id=19 HTTP/1.1" 302 19083 "-" "Java/1.8.0_101"
46.14.208.86 - - [01/Jun/2017:13:23:18 +0530] "GET /logout.php HTTP/1.1" 302 369 "-" "Java/1.8.0_101"
46.14.208.86 - - [01/Jun/2017:13:23:19 +0530] "GET /index.php HTTP/1.1" 200 19481 "-" "Java/1.8.0_101"
46.14.208.86 - - [01/Jun/2017:13:23:20 +0530] "GET /detail_news.php?id=20 HTTP/1.1" 302 18267 "-" "Java/1.8.0_101"
46.14.208.86 - - [01/Jun/2017:13:23:21 +0530] "GET /logout.php HTTP/1.1" 302 369 "-" "Java/1.8.0_101"
46.14.208.86 - - [01/Jun/2017:13:23:21 +0530] "GET /index.php HTTP/1.1" 200 19481 "-" "Java/1.8.0_101"
46.14.208.86 - - [01/Jun/2017:13:23:22 +0530] "GET /detail_news.php?id=10 HTTP/1.1" 302 20220 "-" "Java/1.8.0_101"
46.14.208.86 - - [01/Jun/2017:13:23:23 +0530] "GET /logout.php HTTP/1.1" 302 369 "-" "Java/1.8.0_101"
46.14.208.86 - - [01/Jun/2017:13:23:24 +0530] "GET /index.php HTTP/1.1" 200 19481 "-" "Java/1.8.0_101"
46.14.208.86 - - [01/Jun/2017:13:23:25 +0530] "GET /detail_news.php?id=11 HTTP/1.1" 302 18422 "-" "Java/1.8.0_101"
46.14.208.86 - - [01/Jun/2017:13:23:26 +0530] "GET /logout.php HTTP/1.1" 302 369 "-" "Java/1.8.0_101"
46.14.208.86 - - [01/Jun/2017:13:23:26 +0530] "GET /index.php HTTP/1.1" 200 19481 "-" "Java/1.8.0_101"
46.14.208.86 - - [01/Jun/2017:13:23:27 +0530] "GET /detail_news.php?id=13 HTTP/1.1" 302 37749 "-" "Java/1.8.0_101"
46.14.208.86 - - [01/Jun/2017:13:23:28 +0530] "GET /logout.php HTTP/1.1" 302 369 "-" "Java/1.8.0_101"
46.14.208.86 - - [01/Jun/2017:13:23:29 +0530] "GET /index.php HTTP/1.1" 200 19481 "-" "Java/1.8.0_101"
46.14.208.86 - - [01/Jun/2017:13:23:30 +0530] "GET /detail_news.php?id=16 HTTP/1.1" 302 18333 "-" "Java/1.8.0_101"
46.14.208.86 - - [01/Jun/2017:13:23:30 +0530] "GET /logout.php HTTP/1.1" 302 369 "-" "Java/1.8.0_101"
46.14.208.86 - - [01/Jun/2017:13:23:31 +0530] "GET /index.php HTTP/1.1" 200 19481 "-" "Java/1.8.0_101"
46.14.208.86 - - [01/Jun/2017:13:23:32 +0530] "GET /detail_news.php?id=17 HTTP/1.1" 302 18571 "-" "Java/1.8.0_101"
46.14.208.86 - - [01/Jun/2017:13:23:33 +0530] "GET /logout.php HTTP/1.1" 302 369 "-" "Java/1.8.0_101"
46.14.208.86 - - [01/Jun/2017:13:23:33 +0530] "GET /index.php HTTP/1.1" 200 19481 "-" "Java/1.8.0_101"
46.14.208.86 - - [01/Jun/2017:13:23:34 +0530] "GET /detail_news.php?id=3 HTTP/1.1" 302 18398 "-" "Java/1.8.0_101"
46.14.208.86 - - [01/Jun/2017:13:23:35 +0530] "GET /logout.php HTTP/1.1" 302 369 "-" "Java/1.8.0_101"
46.14.208.86 - - [01/Jun/2017:13:23:36 +0530] "GET /index.php HTTP/1.1" 200 19481 "-" "Java/1.8.0_101"
46.14.208.86 - - [01/Jun/2017:13:23:37 +0530] "GET /detail_news.php?id=4 HTTP/1.1" 302 19563 "-" "Java/1.8.0_101"
46.14.208.86 - - [01/Jun/2017:13:23:37 +0530] "GET /logout.php HTTP/1.1" 302 369 "-" "Java/1.8.0_101"
46.14.208.86 - - [01/Jun/2017:13:23:38 +0530] "GET /index.php HTTP/1.1" 200 19481 "-" "Java/1.8.0_101"
46.14.208.86 - - [01/Jun/2017:13:23:39 +0530] "GET /detail_news.php?id=5 HTTP/1.1" 302 19151 "-" "Java/1.8.0_101"
46.14.208.86 - - [01/Jun/2017:13:23:40 +0530] "GET /logout.php HTTP/1.1" 302 369 "-" "Java/1.8.0_101"
46.14.208.86 - - [01/Jun/2017:13:23:40 +0530] "GET /index.php HTTP/1.1" 200 19481 "-" "Java/1.8.0_101"
66.249.66.211 - - [01/Jun/2017:13:24:10 +0530] "GET /project_details_view.php?id=853 HTTP/1.1" 200 15055 "-" "Mozilla/5.0 (compatible; Googlebot/2.1; +http://www.google.com/bot.html)"
66.249.66.209 - - [01/Jun/2017:13:29:21 +0530] "GET /project_details_view.php?id=1619 HTTP/1.1" 200 14338 "-" "Mozilla/5.0 (compatible; Googlebot/2.1; +http://www.google.com/bot.html)"
40.77.167.135 - - [01/Jun/2017:13:34:32 +0530] "GET /future_projects.php HTTP/1.1" 302 26211 "-" "Mozilla/5.0 (compatible; bingbot/2.0; +http://www.bing.com/bingbot.htm)"
40.77.167.135 - - [01/Jun/2017:13:34:34 +0530] "GET /logout.php HTTP/1.1" 302 369 "-" "Mozilla/5.0 (compatible; bingbot/2.0; +http://www.bing.com/bingbot.htm)"
40.77.167.135 - - [01/Jun/2017:13:34:36 +0530] "GET /index.php HTTP/1.1" 200 19481 "-" "Mozilla/5.0 (compatible; bingbot/2.0; +http://www.bing.com/bingbot.htm)"
66.249.66.209 - - [01/Jun/2017:13:39:29 +0530] "GET /project_details_view_report.php?id=1527 HTTP/1.1" 200 13187 "-" "Mozilla/5.0 (compatible; Googlebot/2.1; +http://www.google.com/bot.html)"
211.6.122.125 - - [01/Jun/2017:13:41:56 +0530] "GET / HTTP/1.1" 200 19481 "-" "Mozilla/5.0 (Windows NT 5.1; rv:6.0.2) Gecko/20100101 Firefox/6.0.2"
111.93.251.186 - - [01/Jun/2017:13:44:10 +0530] "GET /Approved_proj_reports_list_details.php?id=1&reporttype=1&scale=&sdt=2005-01-01&edt=2017-05-29&exec=&page=13 HTTP/1.1" 200 17553 "http://www.cdmindia.gov.in/Approved_proj_reports_list_details.php?id=1&reporttype=1&scale=&sdt=2005-01-01&edt=2017-05-29&exec=&page=12" "Mozilla/5.0 (Windows NT 10.0; Win64; x64) AppleWebKit/537.36 (KHTML, like Gecko) Chrome/58.0.3029.110 Safari/537.36"
111.93.251.186 - - [01/Jun/2017:13:44:22 +0530] "GET /Approved_proj_reports_list_details.php?id=1&reporttype=1&scale=&sdt=2005-01-01&edt=2017-05-29&exec=&page=14 HTTP/1.1" 200 17459 "http://www.cdmindia.gov.in/Approved_proj_reports_list_details.php?id=1&reporttype=1&scale=&sdt=2005-01-01&edt=2017-05-29&exec=&page=13" "Mozilla/5.0 (Windows NT 10.0; Win64; x64) AppleWebKit/537.36 (KHTML, like Gecko) Chrome/58.0.3029.110 Safari/537.36"
66.249.66.211 - - [01/Jun/2017:13:44:30 +0530] "GET /project_details_view.php?id=853 HTTP/1.1" 200 15055 "-" "Mozilla/5.0 (Linux; Android 6.0.1; Nexus 5X Build/MMB29P) AppleWebKit/537.36 (KHTML, like Gecko) Chrome/41.0.2272.96 Mobile Safari/537.36 (compatible; Googlebot/2.1; +http://www.google.com/bot.html)"
111.93.251.186 - - [01/Jun/2017:13:44:39 +0530] "GET /project_details_view.php?id=1752&oid=1&page=14&reporttype=1 HTTP/1.1" 200 13880 "http://www.cdmindia.gov.in/Approved_proj_reports_list_details.php?id=1&reporttype=1&scale=&sdt=2005-01-01&edt=2017-05-29&exec=&page=14" "Mozilla/5.0 (Windows NT 10.0; Win64; x64) AppleWebKit/537.36 (KHTML, like Gecko) Chrome/58.0.3029.110 Safari/537.36"
49.203.248.1 - - [01/Jun/2017:13:44:42 +0530] "GET /favicon.ico HTTP/1.1" 200 1189 "http://www.cdmindia.gov.in/downloads/Carbon%20Market%20Roadmap.pdf" "Mozilla/5.0 (Windows NT 6.1) AppleWebKit/537.36 (KHTML, like Gecko) Chrome/58.0.3029.110 Safari/537.36"
49.203.248.1 - - [01/Jun/2017:13:44:40 +0530] "GET /downloads/Carbon%20Market%20Roadmap.pdf HTTP/1.1" 200 4344697 "https://www.google.co.in/" "Mozilla/5.0 (Windows NT 6.1) AppleWebKit/537.36 (KHTML, like Gecko) Chrome/58.0.3029.110 Safari/537.36"
122.160.43.202 - - [01/Jun/2017:13:45:42 +0530] "GET /project_details_view.php?id=299 HTTP/1.1" 200 18434 "https://www.google.co.in/" "Mozilla/5.0 (Windows NT 6.2; Win64; x64) AppleWebKit/537.36 (KHTML, like Gecko) Chrome/58.0.3029.110 Safari/537.36"
122.160.43.202 - - [01/Jun/2017:13:45:42 +0530] "GET /includes/ncdma.css HTTP/1.1" 200 13023 "http://www.cdmindia.gov.in/project_details_view.php?id=299" "Mozilla/5.0 (Windows NT 6.2; Win64; x64) AppleWebKit/537.36 (KHTML, like Gecko) Chrome/58.0.3029.110 Safari/537.36"
122.160.43.202 - - [01/Jun/2017:13:45:42 +0530] "GET /ncdma.css HTTP/1.1" 200 12640 "http://www.cdmindia.gov.in/project_details_view.php?id=299" "Mozilla/5.0 (Windows NT 6.2; Win64; x64) AppleWebKit/537.36 (KHTML, like Gecko) Chrome/58.0.3029.110 Safari/537.36"
122.160.43.202 - - [01/Jun/2017:13:45:42 +0530] "GET /Scripts/AC_RunActiveContent.js HTTP/1.1" 200 8321 "http://www.cdmindia.gov.in/project_details_view.php?id=299" "Mozilla/5.0 (Windows NT 6.2; Win64; x64) AppleWebKit/537.36 (KHTML, like Gecko) Chrome/58.0.3029.110 Safari/537.36"
122.160.43.202 - - [01/Jun/2017:13:45:42 +0530] "GET /images/img2.jpg HTTP/1.1" 200 16276 "http://www.cdmindia.gov.in/project_details_view.php?id=299" "Mozilla/5.0 (Windows NT 6.2; Win64; x64) AppleWebKit/537.36 (KHTML, like Gecko) Chrome/58.0.3029.110 Safari/537.36"
122.160.43.202 - - [01/Jun/2017:13:45:42 +0530] "GET /images/spacer.gif HTTP/1.1" 200 43 "http://www.cdmindia.gov.in/project_details_view.php?id=299" "Mozilla/5.0 (Windows NT 6.2; Win64; x64) AppleWebKit/537.36 (KHTML, like Gecko) Chrome/58.0.3029.110 Safari/537.36"
122.160.43.202 - - [01/Jun/2017:13:45:42 +0530] "GET /images/bullet1.gif HTTP/1.1" 200 67 "http://www.cdmindia.gov.in/project_details_view.php?id=299" "Mozilla/5.0 (Windows NT 6.2; Win64; x64) AppleWebKit/537.36 (KHTML, like Gecko) Chrome/58.0.3029.110 Safari/537.36"
122.160.43.202 - - [01/Jun/2017:13:45:42 +0530] "GET /images/bulllet2.gif HTTP/1.1" 200 58 "http://www.cdmindia.gov.in/project_details_view.php?id=299" "Mozilla/5.0 (Windows NT 6.2; Win64; x64) AppleWebKit/537.36 (KHTML, like Gecko) Chrome/58.0.3029.110 Safari/537.36"
122.160.43.202 - - [01/Jun/2017:13:45:42 +0530] "GET /images/bullet4.gif HTTP/1.1" 200 67 "http://www.cdmindia.gov.in/project_details_view.php?id=299" "Mozilla/5.0 (Windows NT 6.2; Win64; x64) AppleWebKit/537.36 (KHTML, like Gecko) Chrome/58.0.3029.110 Safari/537.36"
122.160.43.202 - - [01/Jun/2017:13:45:42 +0530] "GET /images/img3.jpg HTTP/1.1" 200 26957 "http://www.cdmindia.gov.in/project_details_view.php?id=299" "Mozilla/5.0 (Windows NT 6.2; Win64; x64) AppleWebKit/537.36 (KHTML, like Gecko) Chrome/58.0.3029.110 Safari/537.36"
122.160.43.202 - - [01/Jun/2017:13:45:42 +0530] "GET /images/fdm.jpg HTTP/1.1" 200 2043 "http://www.cdmindia.gov.in/project_details_view.php?id=299" "Mozilla/5.0 (Windows NT 6.2; Win64; x64) AppleWebKit/537.36 (KHTML, like Gecko) Chrome/58.0.3029.110 Safari/537.36"
122.160.43.202 - - [01/Jun/2017:13:45:42 +0530] "GET /images/gtz.jpg HTTP/1.1" 200 15484 "http://www.cdmindia.gov.in/project_details_view.php?id=299" "Mozilla/5.0 (Windows NT 6.2; Win64; x64) AppleWebKit/537.36 (KHTML, like Gecko) Chrome/58.0.3029.110 Safari/537.36"
122.160.43.202 - - [01/Jun/2017:13:45:42 +0530] "GET /images/img1.jpg HTTP/1.1" 200 1251 "http://www.cdmindia.gov.in/project_details_view.php?id=299" "Mozilla/5.0 (Windows NT 6.2; Win64; x64) AppleWebKit/537.36 (KHTML, like Gecko) Chrome/58.0.3029.110 Safari/537.36"
122.160.43.202 - - [01/Jun/2017:13:45:42 +0530] "GET /images/fbg.jpg HTTP/1.1" 200 325 "http://www.cdmindia.gov.in/project_details_view.php?id=299" "Mozilla/5.0 (Windows NT 6.2; Win64; x64) AppleWebKit/537.36 (KHTML, like Gecko) Chrome/58.0.3029.110 Safari/537.36"
122.160.43.202 - - [01/Jun/2017:13:45:43 +0530] "GET /favicon.ico HTTP/1.1" 200 1189 "http://www.cdmindia.gov.in/project_details_view.php?id=299" "Mozilla/5.0 (Windows NT 6.2; Win64; x64) AppleWebKit/537.36 (KHTML, like Gecko) Chrome/58.0.3029.110 Safari/537.36"
40.77.167.130 - - [01/Jun/2017:13:46:20 +0530] "GET /project_details_view_report.php?id=1696 HTTP/1.1" 200 13173 "-" "Mozilla/5.0 (compatible; bingbot/2.0; +http://www.bing.com/bingbot.htm)"
34.207.98.73 - - [01/Jun/2017:13:46:22 +0530] "GET /robots.txt HTTP/1.0" 404 208 "-" "ia_archiver"
34.207.98.73 - - [01/Jun/2017:13:46:23 +0530] "GET / HTTP/1.0" 200 19481 "-" "ia_archiver"
111.93.251.186 - - [01/Jun/2017:13:46:23 +0530] "GET /Approved_proj_reports_list_details.php?id=1&reporttype=1&scale=&sdt=2005-01-01&edt=2017-05-29&exec=&page=14 HTTP/1.1" 200 17459 "http://www.cdmindia.gov.in/Approved_proj_reports_list_details.php?id=1&reporttype=1&scale=&sdt=2005-01-01&edt=2017-05-29&exec=&page=13" "Mozilla/5.0 (Windows NT 10.0; Win64; x64) AppleWebKit/537.36 (KHTML, like Gecko) Chrome/58.0.3029.110 Safari/537.36"
111.93.251.186 - - [01/Jun/2017:13:46:26 +0530] "GET /project_details_view.php?id=1751&oid=1&page=14&reporttype=1 HTTP/1.1" 200 14156 "http://www.cdmindia.gov.in/Approved_proj_reports_list_details.php?id=1&reporttype=1&scale=&sdt=2005-01-01&edt=2017-05-29&exec=&page=14" "Mozilla/5.0 (Windows NT 10.0; Win64; x64) AppleWebKit/537.36 (KHTML, like Gecko) Chrome/58.0.3029.110 Safari/537.36"
34.207.98.73 - - [01/Jun/2017:13:46:28 +0530] "GET /robots.txt HTTP/1.0" 404 208 "-" "ia_archiver"
34.207.98.73 - - [01/Jun/2017:13:46:29 +0530] "GET /project_details_view.php?id=1897 HTTP/1.0" 200 14870 "-" "ia_archiver"
34.207.98.73 - - [01/Jun/2017:13:46:33 +0530] "GET /project_details_view.php?id=63 HTTP/1.0" 200 14617 "-" "ia_archiver"
14.98.135.66 - - [01/Jun/2017:13:44:46 +0530] "GET /downloads/Carbon%20Market%20Roadmap.pdf HTTP/1.1" 206 3943089 "http://www.cdmindia.gov.in/downloads/Carbon%20Market%20Roadmap.pdf" "Mozilla/5.0 (Windows NT 6.1) AppleWebKit/537.36 (KHTML, like Gecko) Chrome/58.0.3029.110 Safari/537.36"
49.203.248.1 - - [01/Jun/2017:13:46:32 +0530] "GET /downloads/Carbon%20Market%20Roadmap.pdf HTTP/1.1" 200 4344697 "https://www.google.co.in/" "Mozilla/5.0 (Windows NT 6.1) AppleWebKit/537.36 (KHTML, like Gecko) Chrome/58.0.3029.110 Safari/537.36"
49.203.248.1 - - [01/Jun/2017:13:46:38 +0530] "GET /downloads/Carbon%20Market%20Roadmap.pdf HTTP/1.1" 206 381384 "http://www.cdmindia.gov.in/downloads/Carbon%20Market%20Roadmap.pdf" "Mozilla/5.0 (Windows NT 6.1) AppleWebKit/537.36 (KHTML, like Gecko) Chrome/58.0.3029.110 Safari/537.36"
40.77.167.130 - - [01/Jun/2017:13:46:49 +0530] "GET /project_details_view_report.php?id=1494 HTTP/1.1" 200 13306 "-" "Mozilla/5.0 (compatible; bingbot/2.0; +http://www.bing.com/bingbot.htm)"
49.203.248.1 - - [01/Jun/2017:13:46:53 +0530] "GET /downloads/Carbon%20Market%20Roadmap.pdf HTTP/1.1" 206 3424121 "http://www.cdmindia.gov.in/downloads/Carbon%20Market%20Roadmap.pdf" "Mozilla/5.0 (Windows NT 6.1) AppleWebKit/537.36 (KHTML, like Gecko) Chrome/58.0.3029.110 Safari/537.36"
49.203.248.1 - - [01/Jun/2017:13:46:59 +0530] "GET /downloads/Carbon%20Market%20Roadmap.pdf HTTP/1.1" 206 65536 "http://www.cdmindia.gov.in/downloads/Carbon%20Market%20Roadmap.pdf" "Mozilla/5.0 (Windows NT 6.1) AppleWebKit/537.36 (KHTML, like Gecko) Chrome/58.0.3029.110 Safari/537.36"
49.203.248.1 - - [01/Jun/2017:13:47:00 +0530] "GET /downloads/Carbon%20Market%20Roadmap.pdf HTTP/1.1" 206 2809355 "http://www.cdmindia.gov.in/downloads/Carbon%20Market%20Roadmap.pdf" "Mozilla/5.0 (Windows NT 6.1) AppleWebKit/537.36 (KHTML, like Gecko) Chrome/58.0.3029.110 Safari/537.36"
49.203.248.1 - - [01/Jun/2017:13:47:04 +0530] "GET /downloads/Carbon%20Market%20Roadmap.pdf HTTP/1.1" 206 68658 "http://www.cdmindia.gov.in/downloads/Carbon%20Market%20Roadmap.pdf" "Mozilla/5.0 (Windows NT 6.1) AppleWebKit/537.36 (KHTML, like Gecko) Chrome/58.0.3029.110 Safari/537.36"
49.203.248.1 - - [01/Jun/2017:13:47:07 +0530] "GET /downloads/Carbon%20Market%20Roadmap.pdf HTTP/1.1" 206 2535108 "http://www.cdmindia.gov.in/downloads/Carbon%20Market%20Roadmap.pdf" "Mozilla/5.0 (Windows NT 6.1) AppleWebKit/537.36 (KHTML, like Gecko) Chrome/58.0.3029.110 Safari/537.36"
111.93.251.186 - - [01/Jun/2017:13:48:15 +0530] "GET /Approved_proj_reports_list_details.php?id=1&reporttype=1&scale=&sdt=2005-01-01&edt=2017-05-29&exec=&page=14 HTTP/1.1" 200 17459 "http://www.cdmindia.gov.in/Approved_proj_reports_list_details.php?id=1&reporttype=1&scale=&sdt=2005-01-01&edt=2017-05-29&exec=&page=13" "Mozilla/5.0 (Windows NT 10.0; Win64; x64) AppleWebKit/537.36 (KHTML, like Gecko) Chrome/58.0.3029.110 Safari/537.36"
111.93.251.186 - - [01/Jun/2017:13:48:24 +0530] "GET /project_details_view.php?id=1750&oid=1&page=14&reporttype=1 HTTP/1.1" 200 13895 "http://www.cdmindia.gov.in/Approved_proj_reports_list_details.php?id=1&reporttype=1&scale=&sdt=2005-01-01&edt=2017-05-29&exec=&page=14" "Mozilla/5.0 (Windows NT 10.0; Win64; x64) AppleWebKit/537.36 (KHTML, like Gecko) Chrome/58.0.3029.110 Safari/537.36"
66.249.66.211 - - [01/Jun/2017:13:49:30 +0530] "GET /project_details_view.php?id=804&oid=1&page=58&reporttype=1 HTTP/1.1" 200 14970 "-" "Mozilla/5.0 (compatible; Googlebot/2.1; +http://www.google.com/bot.html)"
111.93.251.186 - - [01/Jun/2017:13:49:36 +0530] "GET /Approved_proj_reports_list_details.php?id=1&reporttype=1&scale=&sdt=2005-01-01&edt=2017-05-29&exec=&page=14 HTTP/1.1" 200 17459 "http://www.cdmindia.gov.in/Approved_proj_reports_list_details.php?id=1&reporttype=1&scale=&sdt=2005-01-01&edt=2017-05-29&exec=&page=13" "Mozilla/5.0 (Windows NT 10.0; Win64; x64) AppleWebKit/537.36 (KHTML, like Gecko) Chrome/58.0.3029.110 Safari/537.36"
111.93.251.186 - - [01/Jun/2017:13:49:39 +0530] "GET /project_details_view.php?id=1747&oid=1&page=14&reporttype=1 HTTP/1.1" 200 14233 "http://www.cdmindia.gov.in/Approved_proj_reports_list_details.php?id=1&reporttype=1&scale=&sdt=2005-01-01&edt=2017-05-29&exec=&page=14" "Mozilla/5.0 (Windows NT 10.0; Win64; x64) AppleWebKit/537.36 (KHTML, like Gecko) Chrome/58.0.3029.110 Safari/537.36"
111.93.251.186 - - [01/Jun/2017:13:51:24 +0530] "GET /Approved_proj_reports_list_details.php?id=1&reporttype=1&scale=&sdt=2005-01-01&edt=2017-05-29&exec=&page=14 HTTP/1.1" 200 17459 "http://www.cdmindia.gov.in/Approved_proj_reports_list_details.php?id=1&reporttype=1&scale=&sdt=2005-01-01&edt=2017-05-29&exec=&page=13" "Mozilla/5.0 (Windows NT 10.0; Win64; x64) AppleWebKit/537.36 (KHTML, like Gecko) Chrome/58.0.3029.110 Safari/537.36"
111.93.251.186 - - [01/Jun/2017:13:51:38 +0530] "GET /project_details_view.php?id=1746&oid=1&page=14&reporttype=1 HTTP/1.1" 200 14413 "http://www.cdmindia.gov.in/Approved_proj_reports_list_details.php?id=1&reporttype=1&scale=&sdt=2005-01-01&edt=2017-05-29&exec=&page=14" "Mozilla/5.0 (Windows NT 10.0; Win64; x64) AppleWebKit/537.36 (KHTML, like Gecko) Chrome/58.0.3029.110 Safari/537.36"
111.93.251.186 - - [01/Jun/2017:13:52:52 +0530] "GET /Approved_proj_reports_list_details.php?id=1&reporttype=1&scale=&sdt=2005-01-01&edt=2017-05-29&exec=&page=14 HTTP/1.1" 200 17459 "http://www.cdmindia.gov.in/Approved_proj_reports_list_details.php?id=1&reporttype=1&scale=&sdt=2005-01-01&edt=2017-05-29&exec=&page=13" "Mozilla/5.0 (Windows NT 10.0; Win64; x64) AppleWebKit/537.36 (KHTML, like Gecko) Chrome/58.0.3029.110 Safari/537.36"
111.93.251.186 - - [01/Jun/2017:13:52:58 +0530] "GET /project_details_view.php?id=1744&oid=1&page=14&reporttype=1 HTTP/1.1" 200 14142 "http://www.cdmindia.gov.in/Approved_proj_reports_list_details.php?id=1&reporttype=1&scale=&sdt=2005-01-01&edt=2017-05-29&exec=&page=14" "Mozilla/5.0 (Windows NT 10.0; Win64; x64) AppleWebKit/537.36 (KHTML, like Gecko) Chrome/58.0.3029.110 Safari/537.36"
66.249.66.209 - - [01/Jun/2017:13:54:30 +0530] "GET /project_details_view.php?id=1136&oid=&page=52&reporttype= HTTP/1.1" 200 14581 "-" "Mozilla/5.0 (compatible; Googlebot/2.1; +http://www.google.com/bot.html)"
111.93.251.186 - - [01/Jun/2017:13:55:23 +0530] "GET /Approved_proj_reports_list_details.php?id=1&reporttype=1&scale=&sdt=2005-01-01&edt=2017-05-29&exec=&page=14 HTTP/1.1" 200 17459 "http://www.cdmindia.gov.in/Approved_proj_reports_list_details.php?id=1&reporttype=1&scale=&sdt=2005-01-01&edt=2017-05-29&exec=&page=13" "Mozilla/5.0 (Windows NT 10.0; Win64; x64) AppleWebKit/537.36 (KHTML, like Gecko) Chrome/58.0.3029.110 Safari/537.36"
111.93.251.186 - - [01/Jun/2017:13:55:30 +0530] "GET /project_details_view.php?id=1741&oid=1&page=14&reporttype=1 HTTP/1.1" 200 14325 "http://www.cdmindia.gov.in/Approved_proj_reports_list_details.php?id=1&reporttype=1&scale=&sdt=2005-01-01&edt=2017-05-29&exec=&page=14" "Mozilla/5.0 (Windows NT 10.0; Win64; x64) AppleWebKit/537.36 (KHTML, like Gecko) Chrome/58.0.3029.110 Safari/537.36"
111.93.251.186 - - [01/Jun/2017:13:56:31 +0530] "GET /Approved_proj_reports_list_details.php?id=1&reporttype=1&scale=&sdt=2005-01-01&edt=2017-05-29&exec=&page=14 HTTP/1.1" 200 17459 "http://www.cdmindia.gov.in/Approved_proj_reports_list_details.php?id=1&reporttype=1&scale=&sdt=2005-01-01&edt=2017-05-29&exec=&page=13" "Mozilla/5.0 (Windows NT 10.0; Win64; x64) AppleWebKit/537.36 (KHTML, like Gecko) Chrome/58.0.3029.110 Safari/537.36"
111.93.251.186 - - [01/Jun/2017:13:56:35 +0530] "GET /project_details_view.php?id=1740&oid=1&page=14&reporttype=1 HTTP/1.1" 200 14118 "http://www.cdmindia.gov.in/Approved_proj_reports_list_details.php?id=1&reporttype=1&scale=&sdt=2005-01-01&edt=2017-05-29&exec=&page=14" "Mozilla/5.0 (Windows NT 10.0; Win64; x64) AppleWebKit/537.36 (KHTML, like Gecko) Chrome/58.0.3029.110 Safari/537.36"
111.93.251.186 - - [01/Jun/2017:13:58:05 +0530] "GET /Approved_proj_reports_list_details.php?id=1&reporttype=1&scale=&sdt=2005-01-01&edt=2017-05-29&exec=&page=14 HTTP/1.1" 200 17459 "http://www.cdmindia.gov.in/Approved_proj_reports_list_details.php?id=1&reporttype=1&scale=&sdt=2005-01-01&edt=2017-05-29&exec=&page=13" "Mozilla/5.0 (Windows NT 10.0; Win64; x64) AppleWebKit/537.36 (KHTML, like Gecko) Chrome/58.0.3029.110 Safari/537.36"
111.93.251.186 - - [01/Jun/2017:13:58:09 +0530] "GET /project_details_view.php?id=1739&oid=1&page=14&reporttype=1 HTTP/1.1" 200 13984 "http://www.cdmindia.gov.in/Approved_proj_reports_list_details.php?id=1&reporttype=1&scale=&sdt=2005-01-01&edt=2017-05-29&exec=&page=14" "Mozilla/5.0 (Windows NT 10.0; Win64; x64) AppleWebKit/537.36 (KHTML, like Gecko) Chrome/58.0.3029.110 Safari/537.36"
111.93.251.186 - - [01/Jun/2017:13:59:06 +0530] "GET /Approved_proj_reports_list_details.php?id=1&reporttype=1&scale=&sdt=2005-01-01&edt=2017-05-29&exec=&page=14 HTTP/1.1" 200 17459 "http://www.cdmindia.gov.in/Approved_proj_reports_list_details.php?id=1&reporttype=1&scale=&sdt=2005-01-01&edt=2017-05-29&exec=&page=13" "Mozilla/5.0 (Windows NT 10.0; Win64; x64) AppleWebKit/537.36 (KHTML, like Gecko) Chrome/58.0.3029.110 Safari/537.36"
111.93.251.186 - - [01/Jun/2017:13:59:13 +0530] "GET /project_details_view.php?id=1738&oid=1&page=14&reporttype=1 HTTP/1.1" 200 14221 "http://www.cdmindia.gov.in/Approved_proj_reports_list_details.php?id=1&reporttype=1&scale=&sdt=2005-01-01&edt=2017-05-29&exec=&page=14" "Mozilla/5.0 (Windows NT 10.0; Win64; x64) AppleWebKit/537.36 (KHTML, like Gecko) Chrome/58.0.3029.110 Safari/537.36"
66.249.66.207 - - [01/Jun/2017:13:59:31 +0530] "GET /project_details_view_report.php?id=1309 HTTP/1.1" 200 13261 "-" "Mozilla/5.0 (compatible; Googlebot/2.1; +http://www.google.com/bot.html)"
66.249.66.209 - - [01/Jun/2017:13:59:35 +0530] "GET /reports_list_details.php?id=2&reporttype=1 HTTP/1.1" 200 20366 "-" "Mozilla/5.0 (compatible; Googlebot/2.1; +http://www.google.com/bot.html)"
111.93.251.186 - - [01/Jun/2017:14:00:03 +0530] "GET /Approved_proj_reports_list_details.php?id=1&reporttype=1&scale=&sdt=2005-01-01&edt=2017-05-29&exec=&page=14 HTTP/1.1" 200 17459 "http://www.cdmindia.gov.in/Approved_proj_reports_list_details.php?id=1&reporttype=1&scale=&sdt=2005-01-01&edt=2017-05-29&exec=&page=13" "Mozilla/5.0 (Windows NT 10.0; Win64; x64) AppleWebKit/537.36 (KHTML, like Gecko) Chrome/58.0.3029.110 Safari/537.36"
111.93.251.186 - - [01/Jun/2017:14:00:07 +0530] "GET /Approved_proj_reports_list_details.php?id=1&reporttype=1&scale=&sdt=2005-01-01&edt=2017-05-29&exec=&page=15 HTTP/1.1" 200 17512 "http://www.cdmindia.gov.in/Approved_proj_reports_list_details.php?id=1&reporttype=1&scale=&sdt=2005-01-01&edt=2017-05-29&exec=&page=14" "Mozilla/5.0 (Windows NT 10.0; Win64; x64) AppleWebKit/537.36 (KHTML, like Gecko) Chrome/58.0.3029.110 Safari/537.36"
180.76.15.14 - - [01/Jun/2017:14:00:21 +0530] "GET / HTTP/1.1" 200 19481 "-" "Mozilla/5.0 (compatible; Baiduspider/2.0; +http://www.baidu.com/search/spider.html)"
111.93.251.186 - - [01/Jun/2017:14:00:31 +0530] "GET /project_details_view.php?id=1731&oid=1&page=15&reporttype=1 HTTP/1.1" 200 14114 "http://www.cdmindia.gov.in/Approved_proj_reports_list_details.php?id=1&reporttype=1&scale=&sdt=2005-01-01&edt=2017-05-29&exec=&page=15" "Mozilla/5.0 (Windows NT 10.0; Win64; x64) AppleWebKit/537.36 (KHTML, like Gecko) Chrome/58.0.3029.110 Safari/537.36"
111.93.251.186 - - [01/Jun/2017:14:01:33 +0530] "GET /Approved_proj_reports_list_details.php?id=1&reporttype=1&scale=&sdt=2005-01-01&edt=2017-05-29&exec=&page=15 HTTP/1.1" 200 17512 "http://www.cdmindia.gov.in/Approved_proj_reports_list_details.php?id=1&reporttype=1&scale=&sdt=2005-01-01&edt=2017-05-29&exec=&page=14" "Mozilla/5.0 (Windows NT 10.0; Win64; x64) AppleWebKit/537.36 (KHTML, like Gecko) Chrome/58.0.3029.110 Safari/537.36"
111.93.251.186 - - [01/Jun/2017:14:01:36 +0530] "GET /project_details_view.php?id=1730&oid=1&page=15&reporttype=1 HTTP/1.1" 200 14347 "http://www.cdmindia.gov.in/Approved_proj_reports_list_details.php?id=1&reporttype=1&scale=&sdt=2005-01-01&edt=2017-05-29&exec=&page=15" "Mozilla/5.0 (Windows NT 10.0; Win64; x64) AppleWebKit/537.36 (KHTML, like Gecko) Chrome/58.0.3029.110 Safari/537.36"
111.93.251.186 - - [01/Jun/2017:14:02:27 +0530] "GET /Approved_proj_reports_list_details.php?id=1&reporttype=1&scale=&sdt=2005-01-01&edt=2017-05-29&exec=&page=15 HTTP/1.1" 200 17512 "http://www.cdmindia.gov.in/Approved_proj_reports_list_details.php?id=1&reporttype=1&scale=&sdt=2005-01-01&edt=2017-05-29&exec=&page=14" "Mozilla/5.0 (Windows NT 10.0; Win64; x64) AppleWebKit/537.36 (KHTML, like Gecko) Chrome/58.0.3029.110 Safari/537.36"
111.93.251.186 - - [01/Jun/2017:14:02:30 +0530] "GET /project_details_view.php?id=1729&oid=1&page=15&reporttype=1 HTTP/1.1" 200 14637 "http://www.cdmindia.gov.in/Approved_proj_reports_list_details.php?id=1&reporttype=1&scale=&sdt=2005-01-01&edt=2017-05-29&exec=&page=15" "Mozilla/5.0 (Windows NT 10.0; Win64; x64) AppleWebKit/537.36 (KHTML, like Gecko) Chrome/58.0.3029.110 Safari/537.36"
141.8.142.74 - - [01/Jun/2017:14:02:50 +0530] "GET /project_details_view_report.php?id=738 HTTP/1.1" 200 13308 "-" "Mozilla/5.0 (compatible; YandexBot/3.0; +http://yandex.com/bots)"
111.93.251.186 - - [01/Jun/2017:14:03:22 +0530] "GET /Approved_proj_reports_list_details.php?id=1&reporttype=1&scale=&sdt=2005-01-01&edt=2017-05-29&exec=&page=15 HTTP/1.1" 200 17512 "http://www.cdmindia.gov.in/Approved_proj_reports_list_details.php?id=1&reporttype=1&scale=&sdt=2005-01-01&edt=2017-05-29&exec=&page=14" "Mozilla/5.0 (Windows NT 10.0; Win64; x64) AppleWebKit/537.36 (KHTML, like Gecko) Chrome/58.0.3029.110 Safari/537.36"
111.93.251.186 - - [01/Jun/2017:14:03:27 +0530] "GET /project_details_view.php?id=1716&oid=1&page=15&reporttype=1 HTTP/1.1" 200 14589 "http://www.cdmindia.gov.in/Approved_proj_reports_list_details.php?id=1&reporttype=1&scale=&sdt=2005-01-01&edt=2017-05-29&exec=&page=15" "Mozilla/5.0 (Windows NT 10.0; Win64; x64) AppleWebKit/537.36 (KHTML, like Gecko) Chrome/58.0.3029.110 Safari/537.36"
66.249.66.209 - - [01/Jun/2017:14:04:32 +0530] "GET /project_details_view.php?id=1182 HTTP/1.1" 200 15389 "-" "Mozilla/5.0 (compatible; Googlebot/2.1; +http://www.google.com/bot.html)"
111.93.251.186 - - [01/Jun/2017:14:05:16 +0530] "GET /Approved_proj_reports_list_details.php?id=1&reporttype=1&scale=&sdt=2005-01-01&edt=2017-05-29&exec=&page=15 HTTP/1.1" 200 17512 "http://www.cdmindia.gov.in/Approved_proj_reports_list_details.php?id=1&reporttype=1&scale=&sdt=2005-01-01&edt=2017-05-29&exec=&page=14" "Mozilla/5.0 (Windows NT 10.0; Win64; x64) AppleWebKit/537.36 (KHTML, like Gecko) Chrome/58.0.3029.110 Safari/537.36"
111.93.251.186 - - [01/Jun/2017:14:05:21 +0530] "GET /project_details_view.php?id=1714&oid=1&page=15&reporttype=1 HTTP/1.1" 200 16023 "http://www.cdmindia.gov.in/Approved_proj_reports_list_details.php?id=1&reporttype=1&scale=&sdt=2005-01-01&edt=2017-05-29&exec=&page=15" "Mozilla/5.0 (Windows NT 10.0; Win64; x64) AppleWebKit/537.36 (KHTML, like Gecko) Chrome/58.0.3029.110 Safari/537.36"
219.91.153.41 - - [01/Jun/2017:14:06:25 +0530] "GET /project_details_view_report.php?id=603 HTTP/1.1" 200 13204 "https://www.google.co.in/" "Mozilla/5.0 (Windows NT 5.1) AppleWebKit/537.36 (KHTML, like Gecko) Chrome/49.0.2623.112 Safari/537.36"
219.91.153.41 - - [01/Jun/2017:14:06:25 +0530] "GET /project_details_view_report.php?id=603 HTTP/1.1" 200 13204 "https://www.google.co.in/" "Mozilla/5.0 (Windows NT 5.1) AppleWebKit/537.36 (KHTML, like Gecko) Chrome/49.0.2623.112 Safari/537.36"
219.91.153.41 - - [01/Jun/2017:14:06:26 +0530] "GET /includes/ncdma.css HTTP/1.1" 200 13023 "http://www.cdmindia.gov.in/project_details_view_report.php?id=603" "Mozilla/5.0 (Windows NT 5.1) AppleWebKit/537.36 (KHTML, like Gecko) Chrome/49.0.2623.112 Safari/537.36"
219.91.153.41 - - [01/Jun/2017:14:06:26 +0530] "GET /Scripts/AC_RunActiveContent.js HTTP/1.1" 200 8321 "http://www.cdmindia.gov.in/project_details_view_report.php?id=603" "Mozilla/5.0 (Windows NT 5.1) AppleWebKit/537.36 (KHTML, like Gecko) Chrome/49.0.2623.112 Safari/537.36"
219.91.153.41 - - [01/Jun/2017:14:06:27 +0530] "GET /ncdma.css HTTP/1.1" 200 12640 "http://www.cdmindia.gov.in/project_details_view_report.php?id=603" "Mozilla/5.0 (Windows NT 5.1) AppleWebKit/537.36 (KHTML, like Gecko) Chrome/49.0.2623.112 Safari/537.36"
219.91.153.41 - - [01/Jun/2017:14:06:27 +0530] "GET /images/img2.jpg HTTP/1.1" 200 16276 "http://www.cdmindia.gov.in/project_details_view_report.php?id=603" "Mozilla/5.0 (Windows NT 5.1) AppleWebKit/537.36 (KHTML, like Gecko) Chrome/49.0.2623.112 Safari/537.36"
219.91.153.41 - - [01/Jun/2017:14:06:28 +0530] "GET /images/img3.jpg HTTP/1.1" 200 26957 "http://www.cdmindia.gov.in/project_details_view_report.php?id=603" "Mozilla/5.0 (Windows NT 5.1) AppleWebKit/537.36 (KHTML, like Gecko) Chrome/49.0.2623.112 Safari/537.36"
219.91.153.41 - - [01/Jun/2017:14:06:28 +0530] "GET /images/spacer.gif HTTP/1.1" 200 43 "http://www.cdmindia.gov.in/project_details_view_report.php?id=603" "Mozilla/5.0 (Windows NT 5.1) AppleWebKit/537.36 (KHTML, like Gecko) Chrome/49.0.2623.112 Safari/537.36"
219.91.153.41 - - [01/Jun/2017:14:06:28 +0530] "GET /images/bullet1.gif HTTP/1.1" 200 67 "http://www.cdmindia.gov.in/project_details_view_report.php?id=603" "Mozilla/5.0 (Windows NT 5.1) AppleWebKit/537.36 (KHTML, like Gecko) Chrome/49.0.2623.112 Safari/537.36"
219.91.153.41 - - [01/Jun/2017:14:06:28 +0530] "GET /images/bulllet2.gif HTTP/1.1" 200 58 "http://www.cdmindia.gov.in/project_details_view_report.php?id=603" "Mozilla/5.0 (Windows NT 5.1) AppleWebKit/537.36 (KHTML, like Gecko) Chrome/49.0.2623.112 Safari/537.36"
219.91.153.41 - - [01/Jun/2017:14:06:28 +0530] "GET /images/bullet4.gif HTTP/1.1" 200 67 "http://www.cdmindia.gov.in/project_details_view_report.php?id=603" "Mozilla/5.0 (Windows NT 5.1) AppleWebKit/537.36 (KHTML, like Gecko) Chrome/49.0.2623.112 Safari/537.36"
219.91.153.41 - - [01/Jun/2017:14:06:29 +0530] "GET /images/img1.jpg HTTP/1.1" 200 1251 "http://www.cdmindia.gov.in/project_details_view_report.php?id=603" "Mozilla/5.0 (Windows NT 5.1) AppleWebKit/537.36 (KHTML, like Gecko) Chrome/49.0.2623.112 Safari/537.36"
219.91.153.41 - - [01/Jun/2017:14:06:29 +0530] "GET /images/fdm.jpg HTTP/1.1" 200 2043 "http://www.cdmindia.gov.in/project_details_view_report.php?id=603" "Mozilla/5.0 (Windows NT 5.1) AppleWebKit/537.36 (KHTML, like Gecko) Chrome/49.0.2623.112 Safari/537.36"
219.91.153.41 - - [01/Jun/2017:14:06:29 +0530] "GET /images/gtz.jpg HTTP/1.1" 200 15484 "http://www.cdmindia.gov.in/project_details_view_report.php?id=603" "Mozilla/5.0 (Windows NT 5.1) AppleWebKit/537.36 (KHTML, like Gecko) Chrome/49.0.2623.112 Safari/537.36"
219.91.153.41 - - [01/Jun/2017:14:06:29 +0530] "GET /images/fbg.jpg HTTP/1.1" 200 325 "http://www.cdmindia.gov.in/project_details_view_report.php?id=603" "Mozilla/5.0 (Windows NT 5.1) AppleWebKit/537.36 (KHTML, like Gecko) Chrome/49.0.2623.112 Safari/537.36"
219.91.153.41 - - [01/Jun/2017:14:06:29 +0530] "GET /favicon.ico HTTP/1.1" 200 1189 "http://www.cdmindia.gov.in/project_details_view_report.php?id=603" "Mozilla/5.0 (Windows NT 5.1) AppleWebKit/537.36 (KHTML, like Gecko) Chrome/49.0.2623.112 Safari/537.36"
111.93.251.186 - - [01/Jun/2017:14:06:30 +0530] "GET /Approved_proj_reports_list_details.php?id=1&reporttype=1&scale=&sdt=2005-01-01&edt=2017-05-29&exec=&page=15 HTTP/1.1" 200 17512 "http://www.cdmindia.gov.in/Approved_proj_reports_list_details.php?id=1&reporttype=1&scale=&sdt=2005-01-01&edt=2017-05-29&exec=&page=14" "Mozilla/5.0 (Windows NT 10.0; Win64; x64) AppleWebKit/537.36 (KHTML, like Gecko) Chrome/58.0.3029.110 Safari/537.36"
111.93.251.186 - - [01/Jun/2017:14:06:34 +0530] "GET /project_details_view.php?id=1708&oid=1&page=15&reporttype=1 HTTP/1.1" 200 14188 "http://www.cdmindia.gov.in/Approved_proj_reports_list_details.php?id=1&reporttype=1&scale=&sdt=2005-01-01&edt=2017-05-29&exec=&page=15" "Mozilla/5.0 (Windows NT 10.0; Win64; x64) AppleWebKit/537.36 (KHTML, like Gecko) Chrome/58.0.3029.110 Safari/537.36"
111.93.251.186 - - [01/Jun/2017:14:07:46 +0530] "GET /Approved_proj_reports_list_details.php?id=1&reporttype=1&scale=&sdt=2005-01-01&edt=2017-05-29&exec=&page=15 HTTP/1.1" 200 17512 "http://www.cdmindia.gov.in/Approved_proj_reports_list_details.php?id=1&reporttype=1&scale=&sdt=2005-01-01&edt=2017-05-29&exec=&page=14" "Mozilla/5.0 (Windows NT 10.0; Win64; x64) AppleWebKit/537.36 (KHTML, like Gecko) Chrome/58.0.3029.110 Safari/537.36"
111.93.251.186 - - [01/Jun/2017:14:07:51 +0530] "GET /project_details_view.php?id=1707&oid=1&page=15&reporttype=1 HTTP/1.1" 200 13726 "http://www.cdmindia.gov.in/Approved_proj_reports_list_details.php?id=1&reporttype=1&scale=&sdt=2005-01-01&edt=2017-05-29&exec=&page=15" "Mozilla/5.0 (Windows NT 10.0; Win64; x64) AppleWebKit/537.36 (KHTML, like Gecko) Chrome/58.0.3029.110 Safari/537.36"
66.249.66.207 - - [01/Jun/2017:14:09:33 +0530] "GET /project_details_view_report.php?id=1111 HTTP/1.1" 200 13213 "-" "Mozilla/5.0 (compatible; Googlebot/2.1; +http://www.google.com/bot.html)"
202.46.52.210 - - [01/Jun/2017:14:09:36 +0530] "GET /project_details_view_report.php?id=1428 HTTP/1.1" 200 13164 "-" "Mozilla/5.0 (Windows NT 10.0; WOW64) AppleWebKit/537.36 (KHTML, like Gecko) Chrome/45.0.2454.93 Safari/537.36"
111.93.251.186 - - [01/Jun/2017:14:09:39 +0530] "GET /Approved_proj_reports_list_details.php?id=1&reporttype=1&scale=&sdt=2005-01-01&edt=2017-05-29&exec=&page=15 HTTP/1.1" 200 17512 "http://www.cdmindia.gov.in/Approved_proj_reports_list_details.php?id=1&reporttype=1&scale=&sdt=2005-01-01&edt=2017-05-29&exec=&page=14" "Mozilla/5.0 (Windows NT 10.0; Win64; x64) AppleWebKit/537.36 (KHTML, like Gecko) Chrome/58.0.3029.110 Safari/537.36"
111.93.251.186 - - [01/Jun/2017:14:09:46 +0530] "GET /project_details_view.php?id=1704&oid=1&page=15&reporttype=1 HTTP/1.1" 200 14352 "http://www.cdmindia.gov.in/Approved_proj_reports_list_details.php?id=1&reporttype=1&scale=&sdt=2005-01-01&edt=2017-05-29&exec=&page=15" "Mozilla/5.0 (Windows NT 10.0; Win64; x64) AppleWebKit/537.36 (KHTML, like Gecko) Chrome/58.0.3029.110 Safari/537.36"
