47.9.188.121 - - [09/Jun/2017:07:13:26 +0530] "GET /ncdma.css HTTP/1.1" 200 12640 "http://www.cdmindia.gov.in/" "Mozilla/5.0 (Windows NT 10.0; Win64; x64) AppleWebKit/537.36 (KHTML, like Gecko) Chrome/51.0.2704.79 Safari/537.36 Edge/14.14393"
47.9.188.121 - - [09/Jun/2017:07:13:26 +0530] "GET /js/base64_encode.js HTTP/1.1" 200 3002 "http://www.cdmindia.gov.in/" "Mozilla/5.0 (Windows NT 10.0; Win64; x64) AppleWebKit/537.36 (KHTML, like Gecko) Chrome/51.0.2704.79 Safari/537.36 Edge/14.14393"
47.9.188.121 - - [09/Jun/2017:07:13:26 +0530] "GET /Scripts/AC_RunActiveContent.js HTTP/1.1" 200 8321 "http://www.cdmindia.gov.in/" "Mozilla/5.0 (Windows NT 10.0; Win64; x64) AppleWebKit/537.36 (KHTML, like Gecko) Chrome/51.0.2704.79 Safari/537.36 Edge/14.14393"
47.9.188.121 - - [09/Jun/2017:07:13:26 +0530] "GET /images/img2.jpg HTTP/1.1" 200 16276 "http://www.cdmindia.gov.in/" "Mozilla/5.0 (Windows NT 10.0; Win64; x64) AppleWebKit/537.36 (KHTML, like Gecko) Chrome/51.0.2704.79 Safari/537.36 Edge/14.14393"
47.9.188.121 - - [09/Jun/2017:07:13:26 +0530] "GET /images/bulllet2.gif HTTP/1.1" 200 58 "http://www.cdmindia.gov.in/" "Mozilla/5.0 (Windows NT 10.0; Win64; x64) AppleWebKit/537.36 (KHTML, like Gecko) Chrome/51.0.2704.79 Safari/537.36 Edge/14.14393"
47.9.188.121 - - [09/Jun/2017:07:13:26 +0530] "GET /images/bullet1.gif HTTP/1.1" 200 67 "http://www.cdmindia.gov.in/" "Mozilla/5.0 (Windows NT 10.0; Win64; x64) AppleWebKit/537.36 (KHTML, like Gecko) Chrome/51.0.2704.79 Safari/537.36 Edge/14.14393"
47.9.188.121 - - [09/Jun/2017:07:13:26 +0530] "GET /images/spacer.gif HTTP/1.1" 200 43 "http://www.cdmindia.gov.in/" "Mozilla/5.0 (Windows NT 10.0; Win64; x64) AppleWebKit/537.36 (KHTML, like Gecko) Chrome/51.0.2704.79 Safari/537.36 Edge/14.14393"
47.9.188.121 - - [09/Jun/2017:07:13:26 +0530] "GET /images/img3.jpg HTTP/1.1" 200 26957 "http://www.cdmindia.gov.in/" "Mozilla/5.0 (Windows NT 10.0; Win64; x64) AppleWebKit/537.36 (KHTML, like Gecko) Chrome/51.0.2704.79 Safari/537.36 Edge/14.14393"
47.9.188.121 - - [09/Jun/2017:07:13:26 +0530] "GET /images/bullet4.gif HTTP/1.1" 200 67 "http://www.cdmindia.gov.in/" "Mozilla/5.0 (Windows NT 10.0; Win64; x64) AppleWebKit/537.36 (KHTML, like Gecko) Chrome/51.0.2704.79 Safari/537.36 Edge/14.14393"
47.9.188.121 - - [09/Jun/2017:07:13:26 +0530] "GET /images/fdm.jpg HTTP/1.1" 200 2043 "http://www.cdmindia.gov.in/" "Mozilla/5.0 (Windows NT 10.0; Win64; x64) AppleWebKit/537.36 (KHTML, like Gecko) Chrome/51.0.2704.79 Safari/537.36 Edge/14.14393"
47.9.188.121 - - [09/Jun/2017:07:13:26 +0530] "GET /images/bullet3.gif HTTP/1.1" 200 58 "http://www.cdmindia.gov.in/" "Mozilla/5.0 (Windows NT 10.0; Win64; x64) AppleWebKit/537.36 (KHTML, like Gecko) Chrome/51.0.2704.79 Safari/537.36 Edge/14.14393"
47.9.188.121 - - [09/Jun/2017:07:13:26 +0530] "GET /images/login.jpg HTTP/1.1" 200 1044 "http://www.cdmindia.gov.in/" "Mozilla/5.0 (Windows NT 10.0; Win64; x64) AppleWebKit/537.36 (KHTML, like Gecko) Chrome/51.0.2704.79 Safari/537.36 Edge/14.14393"
47.9.188.121 - - [09/Jun/2017:07:13:26 +0530] "GET /images/favicon.ico HTTP/1.1" 200 1406 "-" "Mozilla/5.0 (Windows NT 10.0; Win64; x64) AppleWebKit/537.36 (KHTML, like Gecko) Chrome/51.0.2704.79 Safari/537.36 Edge/14.14393"
47.9.188.121 - - [09/Jun/2017:07:13:26 +0530] "GET /images/login1.jpg HTTP/1.1" 200 618 "http://www.cdmindia.gov.in/" "Mozilla/5.0 (Windows NT 10.0; Win64; x64) AppleWebKit/537.36 (KHTML, like Gecko) Chrome/51.0.2704.79 Safari/537.36 Edge/14.14393"
66.249.79.129 - - [09/Jun/2017:07:13:26 +0530] "GET /project_details_view.php?id=1870&oid=1&page=4&reporttype=1 HTTP/1.1" 200 13912 "-" "Mozilla/5.0 (compatible; Googlebot/2.1; +http://www.google.com/bot.html)"
47.9.188.121 - - [09/Jun/2017:07:13:26 +0530] "GET /images/fe.jpg HTTP/1.1" 200 1429 "http://www.cdmindia.gov.in/" "Mozilla/5.0 (Windows NT 10.0; Win64; x64) AppleWebKit/537.36 (KHTML, like Gecko) Chrome/51.0.2704.79 Safari/537.36 Edge/14.14393"
47.9.188.121 - - [09/Jun/2017:07:13:26 +0530] "GET /images/gtz.jpg HTTP/1.1" 200 15484 "http://www.cdmindia.gov.in/" "Mozilla/5.0 (Windows NT 10.0; Win64; x64) AppleWebKit/537.36 (KHTML, like Gecko) Chrome/51.0.2704.79 Safari/537.36 Edge/14.14393"
66.249.79.129 - - [09/Jun/2017:07:13:28 +0530] "GET /project_details_view.php?id=1803&oid=1&page=6&reporttype=1 HTTP/1.1" 200 15076 "-" "Mozilla/5.0 (compatible; Googlebot/2.1; +http://www.google.com/bot.html)"
66.249.79.129 - - [09/Jun/2017:07:13:30 +0530] "GET /project_details_view.php?id=1761&oid=3&page=2&reporttype=1 HTTP/1.1" 200 14107 "-" "Mozilla/5.0 (compatible; Googlebot/2.1; +http://www.google.com/bot.html)"
47.9.188.121 - - [09/Jun/2017:07:13:31 +0530] "GET /images/img1.jpg HTTP/1.1" 200 1251 "http://www.cdmindia.gov.in/" "Mozilla/5.0 (Windows NT 10.0; Win64; x64) AppleWebKit/537.36 (KHTML, like Gecko) Chrome/51.0.2704.79 Safari/537.36 Edge/14.14393"
47.9.188.121 - - [09/Jun/2017:07:13:31 +0530] "GET /images/fbg.jpg HTTP/1.1" 200 325 "http://www.cdmindia.gov.in/" "Mozilla/5.0 (Windows NT 10.0; Win64; x64) AppleWebKit/537.36 (KHTML, like Gecko) Chrome/51.0.2704.79 Safari/537.36 Edge/14.14393"
66.249.79.129 - - [09/Jun/2017:07:13:31 +0530] "GET /project_details_view.php?id=85&oid=1&page=2&reporttype=1 HTTP/1.1" 200 14182 "-" "Mozilla/5.0 (compatible; Googlebot/2.1; +http://www.google.com/bot.html)"
66.249.79.129 - - [09/Jun/2017:07:13:33 +0530] "GET /project_details_view.php?id=1220&oid=3&page=2&reporttype=1 HTTP/1.1" 200 15272 "-" "Mozilla/5.0 (compatible; Googlebot/2.1; +http://www.google.com/bot.html)"
47.9.188.121 - - [09/Jun/2017:07:13:33 +0530] "GET /images/midbanner.swf HTTP/1.1" 200 285833 "http://www.cdmindia.gov.in/" "Mozilla/5.0 (Windows NT 10.0; Win64; x64) AppleWebKit/537.36 (KHTML, like Gecko) Chrome/51.0.2704.79 Safari/537.36 Edge/14.14393"
66.249.79.129 - - [09/Jun/2017:07:13:34 +0530] "GET /project_details_view.php?id=3&oid=1&page=82&reporttype=1 HTTP/1.1" 200 14222 "-" "Mozilla/5.0 (compatible; Googlebot/2.1; +http://www.google.com/bot.html)"
66.249.79.129 - - [09/Jun/2017:07:13:36 +0530] "GET /project_details_view.php?id=11&oid=1&page=3&reporttype=1 HTTP/1.1" 200 14857 "-" "Mozilla/5.0 (compatible; Googlebot/2.1; +http://www.google.com/bot.html)"
66.249.79.129 - - [09/Jun/2017:07:13:38 +0530] "GET /project_details_view.php?id=1131&oid=3&page=3&reporttype=1 HTTP/1.1" 200 14558 "-" "Mozilla/5.0 (compatible; Googlebot/2.1; +http://www.google.com/bot.html)"
66.249.79.129 - - [09/Jun/2017:07:13:39 +0530] "GET /project_details_view.php?id=1820&oid=1&page=6&reporttype=1 HTTP/1.1" 200 16790 "-" "Mozilla/5.0 (compatible; Googlebot/2.1; +http://www.google.com/bot.html)"
66.249.79.129 - - [09/Jun/2017:07:13:41 +0530] "GET /Approved_proj_reports_list_details.php?id=1&reporttype=1&scale=&sdt=2005-05-02&edt=2014-05-31&exec=Private&page=78 HTTP/1.1" 200 17110 "-" "Mozilla/5.0 (compatible; Googlebot/2.1; +http://www.google.com/bot.html)"
66.249.79.129 - - [09/Jun/2017:07:13:44 +0530] "GET /project_details_view.php?id=1908&oid=1&page=2&reporttype=1 HTTP/1.1" 200 14626 "-" "Mozilla/5.0 (compatible; Googlebot/2.1; +http://www.google.com/bot.html)"
66.249.79.129 - - [09/Jun/2017:07:13:45 +0530] "GET /project_details_view.php?id=1842&oid=1&page=5&reporttype=1 HTTP/1.1" 200 14393 "-" "Mozilla/5.0 (compatible; Googlebot/2.1; +http://www.google.com/bot.html)"
66.249.79.129 - - [09/Jun/2017:07:13:46 +0530] "GET /project_details_view.php?id=552&oid=4&page=3&reporttype=1 HTTP/1.1" 200 13852 "-" "Mozilla/5.0 (compatible; Googlebot/2.1; +http://www.google.com/bot.html)"
66.249.79.129 - - [09/Jun/2017:07:13:47 +0530] "GET /project_details_view.php?id=1850&oid=1&page=5&reporttype=1 HTTP/1.1" 200 14050 "-" "Mozilla/5.0 (compatible; Googlebot/2.1; +http://www.google.com/bot.html)"
47.9.188.121 - - [09/Jun/2017:07:13:48 +0530] "GET /news_more.php HTTP/1.1" 200 21060 "http://www.cdmindia.gov.in/" "Mozilla/5.0 (Windows NT 10.0; Win64; x64) AppleWebKit/537.36 (KHTML, like Gecko) Chrome/51.0.2704.79 Safari/537.36 Edge/14.14393"
47.9.188.121 - - [09/Jun/2017:07:13:48 +0530] "GET /images/h_news.jpg HTTP/1.1" 200 21315 "http://www.cdmindia.gov.in/news_more.php" "Mozilla/5.0 (Windows NT 10.0; Win64; x64) AppleWebKit/537.36 (KHTML, like Gecko) Chrome/51.0.2704.79 Safari/537.36 Edge/14.14393"
66.249.79.129 - - [09/Jun/2017:07:13:49 +0530] "GET /project_details_view.php?id=1893&oid=1&page=3&reporttype=1 HTTP/1.1" 200 14960 "-" "Mozilla/5.0 (compatible; Googlebot/2.1; +http://www.google.com/bot.html)"
66.249.79.129 - - [09/Jun/2017:07:13:51 +0530] "GET /project_details_view.php?id=1851&oid=1&page=5&reporttype=1 HTTP/1.1" 200 14258 "-" "Mozilla/5.0 (compatible; Googlebot/2.1; +http://www.google.com/bot.html)"
66.249.79.129 - - [09/Jun/2017:07:13:52 +0530] "GET /project_details_view.php?id=1377&oid=3&page=2&reporttype=1 HTTP/1.1" 200 14906 "-" "Mozilla/5.0 (compatible; Googlebot/2.1; +http://www.google.com/bot.html)"
66.249.79.129 - - [09/Jun/2017:07:13:54 +0530] "GET /project_details_view.php?id=1866&oid=1&page=4&reporttype=1 HTTP/1.1" 200 14660 "-" "Mozilla/5.0 (compatible; Googlebot/2.1; +http://www.google.com/bot.html)"
66.249.79.129 - - [09/Jun/2017:07:13:55 +0530] "GET /project_details_view.php?id=13&oid=1&page=82&reporttype=1 HTTP/1.1" 200 13658 "-" "Mozilla/5.0 (compatible; Googlebot/2.1; +http://www.google.com/bot.html)"
66.249.79.129 - - [09/Jun/2017:07:13:57 +0530] "GET /project_details_view.php?id=18&oid=1&page=82&reporttype=1 HTTP/1.1" 200 14604 "-" "Mozilla/5.0 (compatible; Googlebot/2.1; +http://www.google.com/bot.html)"
66.249.79.129 - - [09/Jun/2017:07:13:59 +0530] "GET /project_details_view.php?id=14&oid=1&page=82&reporttype=1 HTTP/1.1" 200 14056 "-" "Mozilla/5.0 (compatible; Googlebot/2.1; +http://www.google.com/bot.html)"
66.249.79.129 - - [09/Jun/2017:07:14:00 +0530] "GET /project_details_view.php?id=1802&oid=1&page=6&reporttype=1 HTTP/1.1" 200 14163 "-" "Mozilla/5.0 (compatible; Googlebot/2.1; +http://www.google.com/bot.html)"
66.249.79.129 - - [09/Jun/2017:07:14:02 +0530] "GET /project_details_view.php?id=1109&oid=4&page=2&reporttype=1 HTTP/1.1" 200 14243 "-" "Mozilla/5.0 (compatible; Googlebot/2.1; +http://www.google.com/bot.html)"
66.249.79.129 - - [09/Jun/2017:07:14:03 +0530] "GET /project_details_view.php?id=1834&oid=1&page=5&reporttype=1 HTTP/1.1" 200 13719 "-" "Mozilla/5.0 (compatible; Googlebot/2.1; +http://www.google.com/bot.html)"
47.9.188.121 - - [09/Jun/2017:07:14:03 +0530] "GET /detail_news.php?id=11 HTTP/1.1" 200 18420 "http://www.cdmindia.gov.in/news_more.php" "Mozilla/5.0 (Windows NT 10.0; Win64; x64) AppleWebKit/537.36 (KHTML, like Gecko) Chrome/51.0.2704.79 Safari/537.36 Edge/14.14393"
66.249.79.129 - - [09/Jun/2017:07:14:05 +0530] "GET /project_details_view.php?id=1940&oid=1&page=2&reporttype=1 HTTP/1.1" 200 14846 "-" "Mozilla/5.0 (compatible; Googlebot/2.1; +http://www.google.com/bot.html)"
66.249.79.129 - - [09/Jun/2017:07:14:07 +0530] "GET /project_details_view.php?id=10&oid=1&page=82&reporttype=1 HTTP/1.1" 200 14986 "-" "Mozilla/5.0 (compatible; Googlebot/2.1; +http://www.google.com/bot.html)"
47.9.188.121 - - [09/Jun/2017:07:14:08 +0530] "GET /detail_news.php?id=3 HTTP/1.1" 200 18396 "http://www.cdmindia.gov.in/news_more.php" "Mozilla/5.0 (Windows NT 10.0; Win64; x64) AppleWebKit/537.36 (KHTML, like Gecko) Chrome/51.0.2704.79 Safari/537.36 Edge/14.14393"
66.249.79.129 - - [09/Jun/2017:07:14:08 +0530] "GET /project_details_view.php?id=1828&oid=1&page=6&reporttype=1 HTTP/1.1" 200 14101 "-" "Mozilla/5.0 (compatible; Googlebot/2.1; +http://www.google.com/bot.html)"
66.249.79.129 - - [09/Jun/2017:07:14:10 +0530] "GET /project_details_view.php?id=1905&oid=1&page=2&reporttype=1 HTTP/1.1" 200 13945 "-" "Mozilla/5.0 (compatible; Googlebot/2.1; +http://www.google.com/bot.html)"
47.9.188.121 - - [09/Jun/2017:07:14:11 +0530] "GET /detail_news.php?id=13 HTTP/1.1" 200 37747 "http://www.cdmindia.gov.in/news_more.php" "Mozilla/5.0 (Windows NT 10.0; Win64; x64) AppleWebKit/537.36 (KHTML, like Gecko) Chrome/51.0.2704.79 Safari/537.36 Edge/14.14393"
66.249.79.129 - - [09/Jun/2017:07:14:12 +0530] "GET /project_details_view.php?id=58&oid=1&page=2&reporttype=1 HTTP/1.1" 200 14549 "-" "Mozilla/5.0 (compatible; Googlebot/2.1; +http://www.google.com/bot.html)"
66.249.79.129 - - [09/Jun/2017:07:14:13 +0530] "GET /project_details_view.php?id=774&oid=3&page=4&reporttype=1 HTTP/1.1" 200 15031 "-" "Mozilla/5.0 (compatible; Googlebot/2.1; +http://www.google.com/bot.html)"
66.249.79.129 - - [09/Jun/2017:07:14:15 +0530] "GET /project_details_view.php?id=1915&oid=1&page=2&reporttype=1 HTTP/1.1" 200 14807 "-" "Mozilla/5.0 (compatible; Googlebot/2.1; +http://www.google.com/bot.html)"
47.9.188.121 - - [09/Jun/2017:07:14:16 +0530] "GET /detail_news.php?id=16 HTTP/1.1" 200 18331 "http://www.cdmindia.gov.in/news_more.php" "Mozilla/5.0 (Windows NT 10.0; Win64; x64) AppleWebKit/537.36 (KHTML, like Gecko) Chrome/51.0.2704.79 Safari/537.36 Edge/14.14393"
66.249.79.129 - - [09/Jun/2017:07:14:16 +0530] "GET /Approved_proj_reports_list_details.php?id=1&reporttype=1&scale=&sdt=2005-05-02&edt=2014-05-31&exec=Private&page=0 HTTP/1.1" 200 13516 "-" "Mozilla/5.0 (compatible; Googlebot/2.1; +http://www.google.com/bot.html)"
66.249.79.129 - - [09/Jun/2017:07:14:18 +0530] "GET /project_details_view.php?id=1853&oid=1&page=5&reporttype=1 HTTP/1.1" 200 14158 "-" "Mozilla/5.0 (compatible; Googlebot/2.1; +http://www.google.com/bot.html)"
47.9.188.121 - - [09/Jun/2017:07:14:18 +0530] "GET /detail_news.php?id=17 HTTP/1.1" 200 18569 "http://www.cdmindia.gov.in/news_more.php" "Mozilla/5.0 (Windows NT 10.0; Win64; x64) AppleWebKit/537.36 (KHTML, like Gecko) Chrome/51.0.2704.79 Safari/537.36 Edge/14.14393"
66.249.79.129 - - [09/Jun/2017:07:14:20 +0530] "GET /Approved_proj_reports_list_details.php?id=1&reporttype=1&scale=&sdt=2005-05-02&edt=2014-05-31&exec=Private&page=1 HTTP/1.1" 200 16723 "-" "Mozilla/5.0 (compatible; Googlebot/2.1; +http://www.google.com/bot.html)"
66.249.79.129 - - [09/Jun/2017:07:14:22 +0530] "GET /project_details_view.php?id=1894&oid=1&page=3&reporttype=1 HTTP/1.1" 200 14276 "-" "Mozilla/5.0 (compatible; Googlebot/2.1; +http://www.google.com/bot.html)"
66.249.79.129 - - [09/Jun/2017:07:14:23 +0530] "GET /Approved_proj_reports_list_details.php?id=1&reporttype=1&scale=&sdt=2005-05-02&edt=2014-05-31&exec=Private&page=8 HTTP/1.1" 200 17548 "-" "Mozilla/5.0 (compatible; Googlebot/2.1; +http://www.google.com/bot.html)"
66.249.79.129 - - [09/Jun/2017:07:14:26 +0530] "GET /project_details_view.php?id=877&oid=4&page=2&reporttype=1 HTTP/1.1" 200 14347 "-" "Mozilla/5.0 (compatible; Googlebot/2.1; +http://www.google.com/bot.html)"
66.249.79.129 - - [09/Jun/2017:07:14:27 +0530] "GET /project_details_view.php?id=509&oid=13&page=2&reporttype=1 HTTP/1.1" 200 16191 "-" "Mozilla/5.0 (compatible; Googlebot/2.1; +http://www.google.com/bot.html)"
66.249.79.129 - - [09/Jun/2017:07:14:28 +0530] "GET /project_details_view.php?id=771&oid=3&page=5&reporttype=1 HTTP/1.1" 200 14886 "-" "Mozilla/5.0 (compatible; Googlebot/2.1; +http://www.google.com/bot.html)"
66.249.79.129 - - [09/Jun/2017:07:14:29 +0530] "GET /project_details_view.php?id=1287&oid=3&page=2&reporttype=1 HTTP/1.1" 200 15283 "-" "Mozilla/5.0 (compatible; Googlebot/2.1; +http://www.google.com/bot.html)"
47.9.188.121 - - [09/Jun/2017:07:14:29 +0530] "GET /detail_news.php?id=20 HTTP/1.1" 200 18265 "http://www.cdmindia.gov.in/news_more.php" "Mozilla/5.0 (Windows NT 10.0; Win64; x64) AppleWebKit/537.36 (KHTML, like Gecko) Chrome/51.0.2704.79 Safari/537.36 Edge/14.14393"
66.249.79.129 - - [09/Jun/2017:07:14:31 +0530] "GET /project_details_view.php?id=1218&oid=3&page=3&reporttype=1 HTTP/1.1" 200 15271 "-" "Mozilla/5.0 (compatible; Googlebot/2.1; +http://www.google.com/bot.html)"
66.249.79.129 - - [09/Jun/2017:07:14:33 +0530] "GET /project_details_view.php?id=1139&oid=3&page=3&reporttype=1 HTTP/1.1" 200 14749 "-" "Mozilla/5.0 (compatible; Googlebot/2.1; +http://www.google.com/bot.html)"
66.249.79.129 - - [09/Jun/2017:07:14:34 +0530] "GET /project_details_view.php?id=505&oid=4&page=3&reporttype=1 HTTP/1.1" 200 15604 "-" "Mozilla/5.0 (compatible; Googlebot/2.1; +http://www.google.com/bot.html)"
66.249.79.129 - - [09/Jun/2017:07:14:36 +0530] "GET /project_details_view.php?id=100&oid=3&page=5&reporttype=1 HTTP/1.1" 200 14001 "-" "Mozilla/5.0 (compatible; Googlebot/2.1; +http://www.google.com/bot.html)"
66.249.79.129 - - [09/Jun/2017:07:14:37 +0530] "GET /project_details_view.php?id=1520&oid=3&page=2&reporttype=1 HTTP/1.1" 200 18634 "-" "Mozilla/5.0 (compatible; Googlebot/2.1; +http://www.google.com/bot.html)"
66.249.79.129 - - [09/Jun/2017:07:14:39 +0530] "GET /project_details_view.php?id=1133&oid=3&page=3&reporttype=1 HTTP/1.1" 200 14584 "-" "Mozilla/5.0 (compatible; Googlebot/2.1; +http://www.google.com/bot.html)"
66.249.79.129 - - [09/Jun/2017:07:14:41 +0530] "GET /project_details_view.php?id=1285&oid=3&page=2&reporttype=1 HTTP/1.1" 200 14267 "-" "Mozilla/5.0 (compatible; Googlebot/2.1; +http://www.google.com/bot.html)"
66.249.79.129 - - [09/Jun/2017:07:14:42 +0530] "GET /project_details_view.php?id=362&oid=4&page=3&reporttype=1 HTTP/1.1" 200 14186 "-" "Mozilla/5.0 (compatible; Googlebot/2.1; +http://www.google.com/bot.html)"
66.249.79.129 - - [09/Jun/2017:07:14:44 +0530] "GET /project_details_view.php?id=485&oid=4&page=3&reporttype=1 HTTP/1.1" 200 14021 "-" "Mozilla/5.0 (compatible; Googlebot/2.1; +http://www.google.com/bot.html)"
66.249.79.129 - - [09/Jun/2017:07:14:45 +0530] "GET /project_details_view.php?id=133&oid=3&page=5&reporttype=1 HTTP/1.1" 200 14807 "-" "Mozilla/5.0 (compatible; Googlebot/2.1; +http://www.google.com/bot.html)"
66.249.79.129 - - [09/Jun/2017:07:14:47 +0530] "GET /project_details_view.php?id=1288&oid=3&page=2&reporttype=1 HTTP/1.1" 200 15231 "-" "Mozilla/5.0 (compatible; Googlebot/2.1; +http://www.google.com/bot.html)"
66.249.79.129 - - [09/Jun/2017:07:14:49 +0530] "GET /project_details_view.php?id=777&oid=3&page=4&reporttype=1 HTTP/1.1" 200 14849 "-" "Mozilla/5.0 (compatible; Googlebot/2.1; +http://www.google.com/bot.html)"
66.249.79.129 - - [09/Jun/2017:07:14:50 +0530] "GET /project_details_view.php?id=174&oid=4&page=4&reporttype=1 HTTP/1.1" 200 14171 "-" "Mozilla/5.0 (compatible; Googlebot/2.1; +http://www.google.com/bot.html)"
66.249.79.129 - - [09/Jun/2017:07:14:52 +0530] "GET /project_details_view.php?id=404&oid=4&page=3&reporttype=1 HTTP/1.1" 200 16562 "-" "Mozilla/5.0 (compatible; Googlebot/2.1; +http://www.google.com/bot.html)"
66.249.79.129 - - [09/Jun/2017:07:14:54 +0530] "GET /Approved_proj_reports_list_details.php?id=1&reporttype=1&scale=&sdt=2005-05-02&edt=2014-05-31&exec=Private&page=79 HTTP/1.1" 200 16926 "-" "Mozilla/5.0 (compatible; Googlebot/2.1; +http://www.google.com/bot.html)"
66.249.79.129 - - [09/Jun/2017:07:14:56 +0530] "GET /project_details_view.php?id=1291&oid=3&page=2&reporttype=1 HTTP/1.1" 200 15264 "-" "Mozilla/5.0 (compatible; Googlebot/2.1; +http://www.google.com/bot.html)"
66.249.79.129 - - [09/Jun/2017:07:14:57 +0530] "GET /project_details_view.php?id=317&oid=4&page=3&reporttype=1 HTTP/1.1" 200 14547 "-" "Mozilla/5.0 (compatible; Googlebot/2.1; +http://www.google.com/bot.html)"
66.249.79.129 - - [09/Jun/2017:07:14:58 +0530] "GET /Approved_proj_reports_list_details.php?id=1&reporttype=1&scale=&sdt=2005-05-02&edt=2014-05-31&exec=Private&page=77 HTTP/1.1" 200 17595 "-" "Mozilla/5.0 (compatible; Googlebot/2.1; +http://www.google.com/bot.html)"
66.249.79.133 - - [09/Jun/2017:07:15:01 +0530] "GET /Approved_proj_reports_list_details.php?id=1&reporttype=1&scale=&sdt=2005-05-02&edt=2014-05-31&exec=Private&page=80 HTTP/1.1" 200 17016 "-" "Mozilla/5.0 (compatible; Googlebot/2.1; +http://www.google.com/bot.html)"
66.249.79.129 - - [09/Jun/2017:07:15:05 +0530] "GET /project_details_view.php?id=1425&oid=3&page=2&reporttype=1 HTTP/1.1" 200 15825 "-" "Mozilla/5.0 (compatible; Googlebot/2.1; +http://www.google.com/bot.html)"
66.249.79.129 - - [09/Jun/2017:07:15:07 +0530] "GET /project_details_view.php?id=1762&oid=3&page=2&reporttype=1 HTTP/1.1" 200 14009 "-" "Mozilla/5.0 (compatible; Googlebot/2.1; +http://www.google.com/bot.html)"
66.249.79.129 - - [09/Jun/2017:07:15:08 +0530] "GET /project_details_view.php?id=678&oid=4&page=2&reporttype=1 HTTP/1.1" 200 14253 "-" "Mozilla/5.0 (compatible; Googlebot/2.1; +http://www.google.com/bot.html)"
66.249.79.129 - - [09/Jun/2017:07:15:10 +0530] "GET /project_details_view.php?id=770&oid=3&page=5&reporttype=1 HTTP/1.1" 200 14896 "-" "Mozilla/5.0 (compatible; Googlebot/2.1; +http://www.google.com/bot.html)"
66.249.79.129 - - [09/Jun/2017:07:15:11 +0530] "GET /project_details_view.php?id=775&oid=3&page=4&reporttype=1 HTTP/1.1" 200 14986 "-" "Mozilla/5.0 (compatible; Googlebot/2.1; +http://www.google.com/bot.html)"
66.249.79.129 - - [09/Jun/2017:07:15:12 +0530] "GET /project_details_view.php?id=686&oid=4&page=2&reporttype=1 HTTP/1.1" 200 14404 "-" "Mozilla/5.0 (compatible; Googlebot/2.1; +http://www.google.com/bot.html)"
66.249.79.129 - - [09/Jun/2017:07:15:13 +0530] "GET /Approved_proj_reports_list_details.php?id=3&reporttype=1&scale=&sdt=2005-05-02&edt=2014-05-31&exec=SLG&page=1 HTTP/1.1" 200 15533 "-" "Mozilla/5.0 (compatible; Googlebot/2.1; +http://www.google.com/bot.html)"
66.249.79.129 - - [09/Jun/2017:07:15:15 +0530] "GET /project_details_view.php?id=768&oid=3&page=5&reporttype=1 HTTP/1.1" 200 14824 "-" "Mozilla/5.0 (compatible; Googlebot/2.1; +http://www.google.com/bot.html)"
66.249.79.129 - - [09/Jun/2017:07:15:16 +0530] "GET /project_details_view.php?id=982&oid=4&page=2&reporttype=1 HTTP/1.1" 200 14504 "-" "Mozilla/5.0 (compatible; Googlebot/2.1; +http://www.google.com/bot.html)"
66.249.79.129 - - [09/Jun/2017:07:15:17 +0530] "GET /project_details_view.php?id=7&oid=3&page=6&reporttype=1 HTTP/1.1" 200 13992 "-" "Mozilla/5.0 (compatible; Googlebot/2.1; +http://www.google.com/bot.html)"
66.249.79.129 - - [09/Jun/2017:07:15:18 +0530] "GET /project_details_view.php?id=337&oid=3&page=5&reporttype=1 HTTP/1.1" 200 14568 "-" "Mozilla/5.0 (compatible; Googlebot/2.1; +http://www.google.com/bot.html)"
66.249.79.129 - - [09/Jun/2017:07:15:19 +0530] "GET /project_details_view.php?id=1513&oid=3&page=2&reporttype=1 HTTP/1.1" 200 13844 "-" "Mozilla/5.0 (compatible; Googlebot/2.1; +http://www.google.com/bot.html)"
66.249.79.129 - - [09/Jun/2017:07:15:20 +0530] "GET /project_details_view.php?id=769&oid=3&page=5&reporttype=1 HTTP/1.1" 200 14796 "-" "Mozilla/5.0 (compatible; Googlebot/2.1; +http://www.google.com/bot.html)"
66.249.79.129 - - [09/Jun/2017:07:15:22 +0530] "GET /Approved_proj_reports_list_details.php?id=1&reporttype=1&scale=&sdt=2005-05-02&edt=2014-05-31&exec=Private&page=81 HTTP/1.1" 200 16802 "-" "Mozilla/5.0 (compatible; Googlebot/2.1; +http://www.google.com/bot.html)"
66.249.79.129 - - [09/Jun/2017:07:15:25 +0530] "GET /project_details_view.php?id=1130&oid=3&page=4&reporttype=1 HTTP/1.1" 200 14554 "-" "Mozilla/5.0 (compatible; Googlebot/2.1; +http://www.google.com/bot.html)"
66.249.79.129 - - [09/Jun/2017:07:15:26 +0530] "GET /Approved_proj_reports_list_details.php?id=1&reporttype=1&scale=&sdt=2005-05-02&edt=2014-05-31&exec=Private&page=11 HTTP/1.1" 200 17589 "-" "Mozilla/5.0 (compatible; Googlebot/2.1; +http://www.google.com/bot.html)"
66.249.79.129 - - [09/Jun/2017:07:15:29 +0530] "GET /project_details_view.php?id=131&oid=4&page=4&reporttype=1 HTTP/1.1" 200 13973 "-" "Mozilla/5.0 (compatible; Googlebot/2.1; +http://www.google.com/bot.html)"
66.249.79.129 - - [09/Jun/2017:07:15:30 +0530] "GET /project_details_view.php?id=34&oid=3&page=6&reporttype=1 HTTP/1.1" 200 14088 "-" "Mozilla/5.0 (compatible; Googlebot/2.1; +http://www.google.com/bot.html)"
66.249.79.129 - - [09/Jun/2017:07:15:31 +0530] "GET /project_details_view.php?id=1217&oid=3&page=3&reporttype=1 HTTP/1.1" 200 15276 "-" "Mozilla/5.0 (compatible; Googlebot/2.1; +http://www.google.com/bot.html)"
66.249.79.129 - - [09/Jun/2017:07:15:33 +0530] "GET /project_details_view.php?id=1135&oid=3&page=3&reporttype=1 HTTP/1.1" 200 14545 "-" "Mozilla/5.0 (compatible; Googlebot/2.1; +http://www.google.com/bot.html)"
66.249.79.129 - - [09/Jun/2017:07:15:34 +0530] "GET /project_details_view.php?id=818&oid=3&page=4&reporttype=1 HTTP/1.1" 200 14240 "-" "Mozilla/5.0 (compatible; Googlebot/2.1; +http://www.google.com/bot.html)"
66.249.79.129 - - [09/Jun/2017:07:15:35 +0530] "GET /project_details_view.php?id=244&oid=4&page=3&reporttype=1 HTTP/1.1" 200 14417 "-" "Mozilla/5.0 (compatible; Googlebot/2.1; +http://www.google.com/bot.html)"
66.249.79.129 - - [09/Jun/2017:07:15:36 +0530] "GET /project_details_view.php?id=1504&oid=3&page=2&reporttype=1 HTTP/1.1" 200 15222 "-" "Mozilla/5.0 (compatible; Googlebot/2.1; +http://www.google.com/bot.html)"
66.249.79.129 - - [09/Jun/2017:07:15:38 +0530] "GET /Approved_proj_reports_list_details.php?id=4&reporttype=1&scale=&sdt=2005-05-02&edt=2014-05-31&exec=Private&page=1 HTTP/1.1" 200 16184 "-" "Mozilla/5.0 (compatible; Googlebot/2.1; +http://www.google.com/bot.html)"
66.249.79.129 - - [09/Jun/2017:07:15:40 +0530] "GET /project_details_view.php?id=624&oid=3&page=5&reporttype=1 HTTP/1.1" 200 14108 "-" "Mozilla/5.0 (compatible; Googlebot/2.1; +http://www.google.com/bot.html)"
66.249.79.129 - - [09/Jun/2017:07:15:42 +0530] "GET /project_details_view.php?id=573&oid=4&page=2&reporttype=1 HTTP/1.1" 200 15516 "-" "Mozilla/5.0 (compatible; Googlebot/2.1; +http://www.google.com/bot.html)"
66.249.79.129 - - [09/Jun/2017:07:15:43 +0530] "GET /Approved_proj_reports_list_details.php?id=13&reporttype=1&scale=&sdt=2005-05-02&edt=2014-05-31&exec=Private&page=1 HTTP/1.1" 200 15920 "-" "Mozilla/5.0 (compatible; Googlebot/2.1; +http://www.google.com/bot.html)"
66.249.79.129 - - [09/Jun/2017:07:15:45 +0530] "GET /Approved_proj_reports_list_details.php?id=3&reporttype=1&scale=&sdt=2005-05-02&edt=2014-05-31&exec=Private&page=0 HTTP/1.1" 200 13515 "-" "Mozilla/5.0 (compatible; Googlebot/2.1; +http://www.google.com/bot.html)"
66.249.79.129 - - [09/Jun/2017:07:15:47 +0530] "GET /project_details_view.php?id=778&oid=3&page=4&reporttype=1 HTTP/1.1" 200 14882 "-" "Mozilla/5.0 (compatible; Googlebot/2.1; +http://www.google.com/bot.html)"
66.249.79.133 - - [09/Jun/2017:07:16:05 +0530] "GET /Approved_proj_reports_list_details.php?id=3&reporttype=1&scale=&sdt=2005-05-02&edt=2014-05-31&exec=Private&page= HTTP/1.1" 200 16509 "-" "Mozilla/5.0 (compatible; Googlebot/2.1; +http://www.google.com/bot.html)"
66.249.79.129 - - [09/Jun/2017:07:16:27 +0530] "GET /Approved_proj_reports_list_details.php?id=1&reporttype=1&scale=&sdt=2005-05-02&edt=2014-05-31&exec=Private&page= HTTP/1.1" 200 16723 "-" "Mozilla/5.0 (compatible; Googlebot/2.1; +http://www.google.com/bot.html)"
66.249.79.129 - - [09/Jun/2017:07:16:30 +0530] "GET /project_details_view.php?id=1666&oid=1&page=10&reporttype=1 HTTP/1.1" 200 13902 "-" "Mozilla/5.0 (compatible; Googlebot/2.1; +http://www.google.com/bot.html)"
66.249.79.129 - - [09/Jun/2017:07:16:32 +0530] "GET /Approved_proj_reports_list_details.php?id=1&reporttype=1&scale=&sdt=2005-05-02&edt=2014-05-31&exec=Private&page=75 HTTP/1.1" 200 17685 "-" "Mozilla/5.0 (compatible; Googlebot/2.1; +http://www.google.com/bot.html)"
66.249.79.129 - - [09/Jun/2017:07:16:36 +0530] "GET /Approved_proj_reports_list_details.php?id=1&reporttype=1&scale=&sdt=2005-05-02&edt=2014-05-31&exec=Private&page=73 HTTP/1.1" 200 17673 "-" "Mozilla/5.0 (compatible; Googlebot/2.1; +http://www.google.com/bot.html)"
66.249.79.129 - - [09/Jun/2017:07:16:39 +0530] "GET /Approved_proj_reports_list_details.php?id=1&reporttype=1&scale=&sdt=2005-05-02&edt=2014-05-31&exec=Private&page=16 HTTP/1.1" 200 17625 "-" "Mozilla/5.0 (compatible; Googlebot/2.1; +http://www.google.com/bot.html)"
66.249.79.129 - - [09/Jun/2017:07:16:42 +0530] "GET /Approved_proj_reports_list_details.php?id=1&reporttype=1&scale=&sdt=2005-05-02&edt=2014-05-31&exec=Private&page=76 HTTP/1.1" 200 17719 "-" "Mozilla/5.0 (compatible; Googlebot/2.1; +http://www.google.com/bot.html)"
66.249.79.129 - - [09/Jun/2017:07:16:46 +0530] "GET /Approved_proj_reports_list_details.php?id=1&reporttype=1&scale=&sdt=2005-05-02&edt=2014-05-31&exec=Private&page=15 HTTP/1.1" 200 17665 "-" "Mozilla/5.0 (compatible; Googlebot/2.1; +http://www.google.com/bot.html)"
66.249.79.129 - - [09/Jun/2017:07:16:49 +0530] "GET /project_details_view.php?id=28&oid=1&page=81&reporttype=1 HTTP/1.1" 200 14792 "-" "Mozilla/5.0 (compatible; Googlebot/2.1; +http://www.google.com/bot.html)"
66.249.79.129 - - [09/Jun/2017:07:16:51 +0530] "GET /project_details_view.php?id=122&oid=1&page=78&reporttype=1 HTTP/1.1" 200 15263 "-" "Mozilla/5.0 (compatible; Googlebot/2.1; +http://www.google.com/bot.html)"
66.249.79.129 - - [09/Jun/2017:07:16:53 +0530] "GET /Approved_proj_reports_list_details.php?id=1&reporttype=1&scale=&sdt=2005-05-02&edt=2014-05-31&exec=Private&page=74 HTTP/1.1" 200 17642 "-" "Mozilla/5.0 (compatible; Googlebot/2.1; +http://www.google.com/bot.html)"
66.249.79.129 - - [09/Jun/2017:07:16:56 +0530] "GET /project_details_view.php?id=123&oid=1&page=78&reporttype=1 HTTP/1.1" 200 15495 "-" "Mozilla/5.0 (compatible; Googlebot/2.1; +http://www.google.com/bot.html)"
66.249.79.129 - - [09/Jun/2017:07:16:58 +0530] "GET /project_details_view.php?id=1729&oid=1&page=9&reporttype=1 HTTP/1.1" 200 14635 "-" "Mozilla/5.0 (compatible; Googlebot/2.1; +http://www.google.com/bot.html)"
66.249.79.129 - - [09/Jun/2017:07:17:01 +0530] "GET /project_details_view.php?id=119&oid=1&page=78&reporttype=1 HTTP/1.1" 200 14399 "-" "Mozilla/5.0 (compatible; Googlebot/2.1; +http://www.google.com/bot.html)"
66.249.79.129 - - [09/Jun/2017:07:17:02 +0530] "GET /project_details_view.php?id=1626&oid=1&page=11&reporttype=1 HTTP/1.1" 200 14389 "-" "Mozilla/5.0 (compatible; Googlebot/2.1; +http://www.google.com/bot.html)"
66.249.79.129 - - [09/Jun/2017:07:17:04 +0530] "GET /project_details_view.php?id=151&oid=1&page=77&reporttype=1 HTTP/1.1" 200 14659 "-" "Mozilla/5.0 (compatible; Googlebot/2.1; +http://www.google.com/bot.html)"
66.249.79.129 - - [09/Jun/2017:07:17:06 +0530] "GET /project_details_view.php?id=152&oid=1&page=77&reporttype=1 HTTP/1.1" 200 14665 "-" "Mozilla/5.0 (compatible; Googlebot/2.1; +http://www.google.com/bot.html)"
66.249.79.129 - - [09/Jun/2017:07:17:09 +0530] "GET /project_details_view.php?id=124&oid=1&page=78&reporttype=1 HTTP/1.1" 200 13846 "-" "Mozilla/5.0 (compatible; Googlebot/2.1; +http://www.google.com/bot.html)"
66.249.79.129 - - [09/Jun/2017:07:17:11 +0530] "GET /Approved_proj_reports_list_details.php?id=1&reporttype=1&scale=&sdt=2005-05-02&edt=2014-05-31&exec=Private&page=14 HTTP/1.1" 200 17565 "-" "Mozilla/5.0 (compatible; Googlebot/2.1; +http://www.google.com/bot.html)"
66.249.79.129 - - [09/Jun/2017:07:17:14 +0530] "GET /project_details_view.php?id=1612&oid=1&page=11&reporttype=1 HTTP/1.1" 200 14983 "-" "Mozilla/5.0 (compatible; Googlebot/2.1; +http://www.google.com/bot.html)"
66.249.79.129 - - [09/Jun/2017:07:17:17 +0530] "GET /project_details_view.php?id=68&oid=1&page=80&reporttype=1 HTTP/1.1" 200 15416 "-" "Mozilla/5.0 (compatible; Googlebot/2.1; +http://www.google.com/bot.html)"
66.249.79.129 - - [09/Jun/2017:07:17:20 +0530] "GET /project_details_view.php?id=35&oid=1&page=81&reporttype=1 HTTP/1.1" 200 14229 "-" "Mozilla/5.0 (compatible; Googlebot/2.1; +http://www.google.com/bot.html)"
66.249.79.129 - - [09/Jun/2017:07:17:23 +0530] "GET /Approved_proj_reports_list_details.php?id=1&reporttype=1&scale=&sdt=2005-05-02&edt=2014-05-31&exec=Private&page=13 HTTP/1.1" 200 17664 "-" "Mozilla/5.0 (compatible; Googlebot/2.1; +http://www.google.com/bot.html)"
66.249.79.129 - - [09/Jun/2017:07:17:25 +0530] "GET /project_details_view.php?id=128&oid=1&page=77&reporttype=1 HTTP/1.1" 200 13803 "-" "Mozilla/5.0 (compatible; Googlebot/2.1; +http://www.google.com/bot.html)"
66.249.79.129 - - [09/Jun/2017:07:17:28 +0530] "GET /Approved_proj_reports_list_details.php?id=1&reporttype=1&scale=&sdt=2005-05-02&edt=2014-05-31&exec=Private&page=12 HTTP/1.1" 200 17528 "-" "Mozilla/5.0 (compatible; Googlebot/2.1; +http://www.google.com/bot.html)"
66.249.79.129 - - [09/Jun/2017:07:17:31 +0530] "GET /Approved_proj_reports_list_details.php?id=1&reporttype=1&scale=&sdt=2005-05-02&edt=2014-05-31&exec=Private&page=72 HTTP/1.1" 200 17630 "-" "Mozilla/5.0 (compatible; Googlebot/2.1; +http://www.google.com/bot.html)"
66.249.79.129 - - [09/Jun/2017:07:17:34 +0530] "GET /project_details_view.php?id=30&oid=1&page=81&reporttype=1 HTTP/1.1" 200 14135 "-" "Mozilla/5.0 (compatible; Googlebot/2.1; +http://www.google.com/bot.html)"
66.249.79.129 - - [09/Jun/2017:07:17:36 +0530] "GET /project_details_view.php?id=1731&oid=1&page=8&reporttype=1 HTTP/1.1" 200 14112 "-" "Mozilla/5.0 (compatible; Googlebot/2.1; +http://www.google.com/bot.html)"
66.249.79.129 - - [09/Jun/2017:07:17:39 +0530] "GET /project_details_view.php?id=1750&oid=1&page=8&reporttype=1 HTTP/1.1" 200 13893 "-" "Mozilla/5.0 (compatible; Googlebot/2.1; +http://www.google.com/bot.html)"
66.249.79.129 - - [09/Jun/2017:07:17:42 +0530] "GET /project_details_view.php?id=63&oid=1&page=80&reporttype=1 HTTP/1.1" 200 14615 "-" "Mozilla/5.0 (compatible; Googlebot/2.1; +http://www.google.com/bot.html)"
66.249.79.129 - - [09/Jun/2017:07:17:45 +0530] "GET /project_details_view.php?id=1618&oid=1&page=11&reporttype=1 HTTP/1.1" 200 14705 "-" "Mozilla/5.0 (compatible; Googlebot/2.1; +http://www.google.com/bot.html)"
66.249.79.129 - - [09/Jun/2017:07:17:47 +0530] "GET /project_details_view.php?id=87&oid=1&page=79&reporttype=1 HTTP/1.1" 200 14209 "-" "Mozilla/5.0 (compatible; Googlebot/2.1; +http://www.google.com/bot.html)"
66.249.79.129 - - [09/Jun/2017:07:17:50 +0530] "GET /project_details_view.php?id=125&oid=1&page=78&reporttype=1 HTTP/1.1" 200 13845 "-" "Mozilla/5.0 (compatible; Googlebot/2.1; +http://www.google.com/bot.html)"
66.249.79.129 - - [09/Jun/2017:07:17:53 +0530] "GET /project_details_view.php?id=1797&oid=1&page=7&reporttype=1 HTTP/1.1" 200 14530 "-" "Mozilla/5.0 (compatible; Googlebot/2.1; +http://www.google.com/bot.html)"
66.249.79.129 - - [09/Jun/2017:07:17:56 +0530] "GET /project_details_view.php?id=1693&oid=1&page=9&reporttype=1 HTTP/1.1" 200 14433 "-" "Mozilla/5.0 (compatible; Googlebot/2.1; +http://www.google.com/bot.html)"
66.249.79.129 - - [09/Jun/2017:07:17:59 +0530] "GET /project_details_view.php?id=94&oid=1&page=79&reporttype=1 HTTP/1.1" 200 14192 "-" "Mozilla/5.0 (compatible; Googlebot/2.1; +http://www.google.com/bot.html)"
66.249.79.129 - - [09/Jun/2017:07:18:01 +0530] "GET /project_details_view.php?id=109&oid=1&page=78&reporttype=1 HTTP/1.1" 200 14614 "-" "Mozilla/5.0 (compatible; Googlebot/2.1; +http://www.google.com/bot.html)"
66.249.79.129 - - [09/Jun/2017:07:18:04 +0530] "GET /project_details_view.php?id=132&oid=1&page=77&reporttype=1 HTTP/1.1" 200 14523 "-" "Mozilla/5.0 (compatible; Googlebot/2.1; +http://www.google.com/bot.html)"
66.249.79.129 - - [09/Jun/2017:07:18:07 +0530] "GET /project_details_view.php?id=1730&oid=1&page=8&reporttype=1 HTTP/1.1" 200 14345 "-" "Mozilla/5.0 (compatible; Googlebot/2.1; +http://www.google.com/bot.html)"
66.249.79.129 - - [09/Jun/2017:07:18:10 +0530] "GET /project_details_view.php?id=74&oid=1&page=80&reporttype=1 HTTP/1.1" 200 14169 "-" "Mozilla/5.0 (compatible; Googlebot/2.1; +http://www.google.com/bot.html)"
66.249.79.129 - - [09/Jun/2017:07:18:12 +0530] "GET /project_details_view.php?id=1772&oid=1&page=7&reporttype=1 HTTP/1.1" 200 14547 "-" "Mozilla/5.0 (compatible; Googlebot/2.1; +http://www.google.com/bot.html)"
66.249.79.129 - - [09/Jun/2017:07:18:15 +0530] "GET /project_details_view.php?id=1744&oid=1&page=8&reporttype=1 HTTP/1.1" 200 14140 "-" "Mozilla/5.0 (compatible; Googlebot/2.1; +http://www.google.com/bot.html)"
66.249.79.129 - - [09/Jun/2017:07:18:18 +0530] "GET /project_details_view.php?id=61&oid=1&page=80&reporttype=1 HTTP/1.1" 200 14066 "-" "Mozilla/5.0 (compatible; Googlebot/2.1; +http://www.google.com/bot.html)"
66.249.79.129 - - [09/Jun/2017:07:18:22 +0530] "GET /project_details_view.php?id=49&oid=1&page=81&reporttype=1 HTTP/1.1" 200 14406 "-" "Mozilla/5.0 (compatible; Googlebot/2.1; +http://www.google.com/bot.html)"
66.249.79.129 - - [09/Jun/2017:07:18:25 +0530] "GET /project_details_view.php?id=1708&oid=1&page=9&reporttype=1 HTTP/1.1" 200 14186 "-" "Mozilla/5.0 (compatible; Googlebot/2.1; +http://www.google.com/bot.html)"
66.249.79.129 - - [09/Jun/2017:07:18:28 +0530] "GET /project_details_view.php?id=150&oid=1&page=77&reporttype=1 HTTP/1.1" 200 14902 "-" "Mozilla/5.0 (compatible; Googlebot/2.1; +http://www.google.com/bot.html)"
66.249.79.129 - - [09/Jun/2017:07:18:32 +0530] "GET /project_details_view.php?id=1620&oid=1&page=11&reporttype=1 HTTP/1.1" 200 14335 "-" "Mozilla/5.0 (compatible; Googlebot/2.1; +http://www.google.com/bot.html)"
66.249.79.129 - - [09/Jun/2017:07:18:35 +0530] "GET /project_details_view.php?id=86&oid=1&page=79&reporttype=1 HTTP/1.1" 200 13992 "-" "Mozilla/5.0 (compatible; Googlebot/2.1; +http://www.google.com/bot.html)"
66.249.79.129 - - [09/Jun/2017:07:18:38 +0530] "GET /project_details_view.php?id=29&oid=1&page=81&reporttype=1 HTTP/1.1" 200 14658 "-" "Mozilla/5.0 (compatible; Googlebot/2.1; +http://www.google.com/bot.html)"
66.249.79.129 - - [09/Jun/2017:07:18:41 +0530] "GET /project_details_view.php?id=1739&oid=1&page=8&reporttype=1 HTTP/1.1" 200 13982 "-" "Mozilla/5.0 (compatible; Googlebot/2.1; +http://www.google.com/bot.html)"
66.249.79.129 - - [09/Jun/2017:07:18:44 +0530] "GET /project_details_view.php?id=97&oid=1&page=79&reporttype=1 HTTP/1.1" 200 14988 "-" "Mozilla/5.0 (compatible; Googlebot/2.1; +http://www.google.com/bot.html)"
66.249.79.129 - - [09/Jun/2017:07:18:48 +0530] "GET /project_details_view.php?id=1654&oid=1&page=10&reporttype=1 HTTP/1.1" 200 14166 "-" "Mozilla/5.0 (compatible; Googlebot/2.1; +http://www.google.com/bot.html)"
66.249.79.129 - - [09/Jun/2017:07:18:51 +0530] "GET /project_details_view.php?id=1759&oid=1&page=7&reporttype=1 HTTP/1.1" 200 13894 "-" "Mozilla/5.0 (compatible; Googlebot/2.1; +http://www.google.com/bot.html)"
66.249.79.129 - - [09/Jun/2017:07:18:54 +0530] "GET /project_details_view.php?id=71&oid=1&page=80&reporttype=1 HTTP/1.1" 200 14814 "-" "Mozilla/5.0 (compatible; Googlebot/2.1; +http://www.google.com/bot.html)"
66.249.79.129 - - [09/Jun/2017:07:18:57 +0530] "GET /project_details_view.php?id=1775&oid=1&page=7&reporttype=1 HTTP/1.1" 200 14191 "-" "Mozilla/5.0 (compatible; Googlebot/2.1; +http://www.google.com/bot.html)"
66.249.79.129 - - [09/Jun/2017:07:19:01 +0530] "GET /project_details_view.php?id=1631&oid=1&page=10&reporttype=1 HTTP/1.1" 200 14897 "-" "Mozilla/5.0 (compatible; Googlebot/2.1; +http://www.google.com/bot.html)"
66.249.79.129 - - [09/Jun/2017:07:19:04 +0530] "GET /project_details_view.php?id=1747&oid=1&page=8&reporttype=1 HTTP/1.1" 200 14231 "-" "Mozilla/5.0 (compatible; Googlebot/2.1; +http://www.google.com/bot.html)"
66.249.79.129 - - [09/Jun/2017:07:19:07 +0530] "GET /project_details_view.php?id=1752&oid=1&page=7&reporttype=1 HTTP/1.1" 200 13878 "-" "Mozilla/5.0 (compatible; Googlebot/2.1; +http://www.google.com/bot.html)"
66.249.79.131 - - [09/Jun/2017:07:19:10 +0530] "GET /project_details_view.php?id=1628&oid=1&page=10&reporttype=1 HTTP/1.1" 200 14435 "-" "Mozilla/5.0 (compatible; Googlebot/2.1; +http://www.google.com/bot.html)"
66.249.79.129 - - [09/Jun/2017:07:19:14 +0530] "GET /project_details_view.php?id=1635&oid=1&page=10&reporttype=1 HTTP/1.1" 200 14214 "-" "Mozilla/5.0 (compatible; Googlebot/2.1; +http://www.google.com/bot.html)"
66.249.79.129 - - [09/Jun/2017:07:19:17 +0530] "GET /project_details_view.php?id=149&oid=1&page=77&reporttype=1 HTTP/1.1" 200 14506 "-" "Mozilla/5.0 (compatible; Googlebot/2.1; +http://www.google.com/bot.html)"
66.249.79.129 - - [09/Jun/2017:07:19:20 +0530] "GET /project_details_view.php?id=1621&oid=1&page=11&reporttype=1 HTTP/1.1" 200 14742 "-" "Mozilla/5.0 (compatible; Googlebot/2.1; +http://www.google.com/bot.html)"
66.249.79.129 - - [09/Jun/2017:07:19:23 +0530] "GET /project_details_view.php?id=1771&oid=1&page=7&reporttype=1 HTTP/1.1" 200 14093 "-" "Mozilla/5.0 (compatible; Googlebot/2.1; +http://www.google.com/bot.html)"
66.249.79.129 - - [09/Jun/2017:07:19:27 +0530] "GET /project_details_view.php?id=81&oid=1&page=80&reporttype=1 HTTP/1.1" 200 14574 "-" "Mozilla/5.0 (compatible; Googlebot/2.1; +http://www.google.com/bot.html)"
66.249.79.129 - - [09/Jun/2017:07:19:30 +0530] "GET /project_details_view.php?id=67&oid=1&page=80&reporttype=1 HTTP/1.1" 200 16362 "-" "Mozilla/5.0 (compatible; Googlebot/2.1; +http://www.google.com/bot.html)"
66.249.79.129 - - [09/Jun/2017:07:19:33 +0530] "GET /project_details_view.php?id=1795&oid=1&page=7&reporttype=1 HTTP/1.1" 200 14106 "-" "Mozilla/5.0 (compatible; Googlebot/2.1; +http://www.google.com/bot.html)"
66.249.79.129 - - [09/Jun/2017:07:19:36 +0530] "GET /project_details_view.php?id=102&oid=1&page=79&reporttype=1 HTTP/1.1" 200 14178 "-" "Mozilla/5.0 (compatible; Googlebot/2.1; +http://www.google.com/bot.html)"
66.249.79.129 - - [09/Jun/2017:07:19:40 +0530] "GET /project_details_view.php?id=84&oid=1&page=79&reporttype=1 HTTP/1.1" 200 13854 "-" "Mozilla/5.0 (compatible; Googlebot/2.1; +http://www.google.com/bot.html)"
66.249.79.129 - - [09/Jun/2017:07:19:43 +0530] "GET /project_details_view.php?id=117&oid=1&page=78&reporttype=1 HTTP/1.1" 200 14177 "-" "Mozilla/5.0 (compatible; Googlebot/2.1; +http://www.google.com/bot.html)"
66.249.79.129 - - [09/Jun/2017:07:19:46 +0530] "GET /project_details_view.php?id=121&oid=1&page=78&reporttype=1 HTTP/1.1" 200 14109 "-" "Mozilla/5.0 (compatible; Googlebot/2.1; +http://www.google.com/bot.html)"
34.209.211.241 - - [09/Jun/2017:07:19:49 +0530] "GET /robots.txt HTTP/1.1" 404 208 "-" "Mozilla/5.0 (compatible; DomainAppender /1.0; +http://www.profound.net/domainappender)"
34.209.211.241 - - [09/Jun/2017:07:19:50 +0530] "GET /robots.txt HTTP/1.1" 404 208 "-" "Mozilla/5.0 (compatible; DomainAppender /1.0; +http://www.profound.net/domainappender)"
66.249.79.129 - - [09/Jun/2017:07:19:49 +0530] "GET /project_details_view.php?id=45&oid=1&page=81&reporttype=1 HTTP/1.1" 200 14346 "-" "Mozilla/5.0 (compatible; Googlebot/2.1; +http://www.google.com/bot.html)"
66.249.79.129 - - [09/Jun/2017:07:19:53 +0530] "GET /project_details_view.php?id=54&oid=1&page=81&reporttype=1 HTTP/1.1" 200 15579 "-" "Mozilla/5.0 (compatible; Googlebot/2.1; +http://www.google.com/bot.html)"
66.249.79.129 - - [09/Jun/2017:07:19:56 +0530] "GET /project_details_view.php?id=143&oid=1&page=77&reporttype=1 HTTP/1.1" 200 14201 "-" "Mozilla/5.0 (compatible; Googlebot/2.1; +http://www.google.com/bot.html)"
66.249.79.129 - - [09/Jun/2017:07:19:59 +0530] "GET /project_details_view.php?id=136&oid=1&page=77&reporttype=1 HTTP/1.1" 200 15157 "-" "Mozilla/5.0 (compatible; Googlebot/2.1; +http://www.google.com/bot.html)"
66.249.79.129 - - [09/Jun/2017:07:20:02 +0530] "GET /project_details_view.php?id=1667&oid=1&page=9&reporttype=1 HTTP/1.1" 200 14149 "-" "Mozilla/5.0 (compatible; Googlebot/2.1; +http://www.google.com/bot.html)"
66.249.79.129 - - [09/Jun/2017:07:20:06 +0530] "GET /project_details_view.php?id=1746&oid=1&page=8&reporttype=1 HTTP/1.1" 200 14411 "-" "Mozilla/5.0 (compatible; Googlebot/2.1; +http://www.google.com/bot.html)"
66.249.79.129 - - [09/Jun/2017:07:20:09 +0530] "GET /project_details_view.php?id=1637&oid=1&page=10&reporttype=1 HTTP/1.1" 200 14439 "-" "Mozilla/5.0 (compatible; Googlebot/2.1; +http://www.google.com/bot.html)"
34.209.211.241 - - [09/Jun/2017:07:20:10 +0530] "GET / HTTP/1.1" 200 19479 "-" "Mozilla/5.0 (compatible; DomainAppender /1.0; +http://www.profound.net/domainappender)"
66.249.79.129 - - [09/Jun/2017:07:20:12 +0530] "GET /project_details_view.php?id=1707&oid=1&page=9&reporttype=1 HTTP/1.1" 200 13724 "-" "Mozilla/5.0 (compatible; Googlebot/2.1; +http://www.google.com/bot.html)"
66.249.79.129 - - [09/Jun/2017:07:20:15 +0530] "GET /project_details_view.php?id=90&oid=1&page=79&reporttype=1 HTTP/1.1" 200 14490 "-" "Mozilla/5.0 (compatible; Googlebot/2.1; +http://www.google.com/bot.html)"
66.249.79.129 - - [09/Jun/2017:07:20:19 +0530] "GET /project_details_view.php?id=1629&oid=1&page=10&reporttype=1 HTTP/1.1" 200 13987 "-" "Mozilla/5.0 (compatible; Googlebot/2.1; +http://www.google.com/bot.html)"
66.249.79.129 - - [09/Jun/2017:07:20:22 +0530] "GET /project_details_view.php?id=108&oid=1&page=78&reporttype=1 HTTP/1.1" 200 14620 "-" "Mozilla/5.0 (compatible; Googlebot/2.1; +http://www.google.com/bot.html)"
66.249.79.129 - - [09/Jun/2017:07:20:25 +0530] "GET /project_details_view.php?id=1697&oid=1&page=9&reporttype=1 HTTP/1.1" 200 14638 "-" "Mozilla/5.0 (compatible; Googlebot/2.1; +http://www.google.com/bot.html)"
66.249.79.129 - - [09/Jun/2017:07:20:28 +0530] "GET /project_details_view.php?id=1714&oid=1&page=9&reporttype=1 HTTP/1.1" 200 16021 "-" "Mozilla/5.0 (compatible; Googlebot/2.1; +http://www.google.com/bot.html)"
34.209.211.241 - - [09/Jun/2017:07:20:30 +0530] "GET /registration.php HTTP/1.1" 302 28528 "-" "Mozilla/5.0 (compatible; DomainAppender /1.0; +http://www.profound.net/domainappender)"
34.209.211.241 - - [09/Jun/2017:07:20:30 +0530] "GET /logout.php HTTP/1.1" 302 369 "-" "Mozilla/5.0 (compatible; DomainAppender /1.0; +http://www.profound.net/domainappender)"
34.209.211.241 - - [09/Jun/2017:07:20:31 +0530] "GET /index.php HTTP/1.1" 200 19479 "-" "Mozilla/5.0 (compatible; DomainAppender /1.0; +http://www.profound.net/domainappender)"
66.249.79.129 - - [09/Jun/2017:07:20:32 +0530] "GET /project_details_view.php?id=52&oid=1&page=81&reporttype=1 HTTP/1.1" 200 13880 "-" "Mozilla/5.0 (compatible; Googlebot/2.1; +http://www.google.com/bot.html)"
34.209.211.241 - - [09/Jun/2017:07:20:32 +0530] "GET /aboutus.php HTTP/1.1" 200 19596 "-" "Mozilla/5.0 (compatible; DomainAppender /1.0; +http://www.profound.net/domainappender)"
66.249.79.129 - - [09/Jun/2017:07:20:35 +0530] "GET /project_details_view.php?id=1754&oid=1&page=7&reporttype=1 HTTP/1.1" 200 15024 "-" "Mozilla/5.0 (compatible; Googlebot/2.1; +http://www.google.com/bot.html)"
34.209.211.241 - - [09/Jun/2017:07:20:36 +0530] "GET /contactus.php HTTP/1.1" 200 18291 "-" "Mozilla/5.0 (compatible; DomainAppender /1.0; +http://www.profound.net/domainappender)"
34.209.211.241 - - [09/Jun/2017:07:20:37 +0530] "GET /approval_process.php HTTP/1.1" 200 25911 "-" "Mozilla/5.0 (compatible; DomainAppender /1.0; +http://www.profound.net/domainappender)"
66.249.79.129 - - [09/Jun/2017:07:20:38 +0530] "GET /project_details_view.php?id=138&oid=1&page=77&reporttype=1 HTTP/1.1" 200 14177 "-" "Mozilla/5.0 (compatible; Googlebot/2.1; +http://www.google.com/bot.html)"
157.55.39.98 - - [09/Jun/2017:07:22:46 +0530] "GET /approval_process.php HTTP/1.1" 200 25911 "-" "Mozilla/5.0 (compatible; bingbot/2.0; +http://www.bing.com/bingbot.htm)"
66.249.79.133 - - [09/Jun/2017:07:22:48 +0530] "GET /Approved_proj_reports_list_details.php?id=1&reporttype=1&scale=&sdt=2005-05-02&edt=2014-05-31&exec=Private&page=69 HTTP/1.1" 200 17637 "-" "Mozilla/5.0 (compatible; Googlebot/2.1; +http://www.google.com/bot.html)"
157.55.39.165 - - [09/Jun/2017:07:23:09 +0530] "GET /project_details_view.php?id=1772 HTTP/1.1" 200 14547 "-" "Mozilla/5.0 (compatible; bingbot/2.0; +http://www.bing.com/bingbot.htm)"
157.55.39.165 - - [09/Jun/2017:07:23:24 +0530] "GET /ncdma.css HTTP/1.1" 200 12640 "-" "Mozilla/5.0 (compatible; bingbot/2.0; +http://www.bing.com/bingbot.htm)"
40.77.167.85 - - [09/Jun/2017:07:26:05 +0530] "GET /images/NCDMA%20PCN%20Format%2017072009.doc HTTP/1.1" 200 114176 "-" "Mozilla/5.0 (compatible; bingbot/2.0; +http://www.bing.com/bingbot.htm)"
66.249.79.133 - - [09/Jun/2017:07:26:35 +0530] "GET /project_details_view.php?id=320&oid=1&page=69&reporttype=1 HTTP/1.1" 200 14461 "-" "Mozilla/5.0 (compatible; Googlebot/2.1; +http://www.google.com/bot.html)"
157.55.39.98 - - [09/Jun/2017:07:27:28 +0530] "GET /project_details_view.php?id=1547 HTTP/1.1" 200 13904 "-" "Mozilla/5.0 (iPhone; CPU iPhone OS 7_0 like Mac OS X) AppleWebKit/537.51.1 (KHTML, like Gecko) Version/7.0 Mobile/11A465 Safari/9537.53 (compatible; bingbot/2.0; +http://www.bing.com/bingbot.htm)"
157.55.39.156 - - [09/Jun/2017:07:28:19 +0530] "GET /project_details_view.php?id=949 HTTP/1.1" 200 15970 "-" "Mozilla/5.0 (iPhone; CPU iPhone OS 7_0 like Mac OS X) AppleWebKit/537.51.1 (KHTML, like Gecko) Version/7.0 Mobile/11A465 Safari/9537.53 (compatible; bingbot/2.0; +http://www.bing.com/bingbot.htm)"
66.249.79.129 - - [09/Jun/2017:07:30:22 +0530] "GET /Approved_proj_reports_list_details.php?id=1&reporttype=1&scale=&sdt=2005-05-02&edt=2014-05-31&exec=Private&page=65 HTTP/1.1" 200 17664 "-" "Mozilla/5.0 (compatible; Googlebot/2.1; +http://www.google.com/bot.html)"
107.167.111.60 - - [09/Jun/2017:07:32:37 +0530] "GET /project_details_view.php?id=257 HTTP/1.1" 200 14373 "android-app://com.google.android.googlequicksearchbox" "Mozilla/5.0 (Linux; Android 6.0.1; SM-G610F Build/MMB29K) AppleWebKit/537.36 (KHTML, like Gecko) Chrome/58.0.3029.83 Mobile Safari/537.36"
64.233.173.137 - - [09/Jun/2017:07:32:38 +0530] "GET /project_details_view.php?id=257 HTTP/1.1" 200 14373 "android-app://com.google.android.googlequicksearchbox" "Mozilla/5.0 (Linux; Android 6.0.1; SM-G610F Build/MMB29K) AppleWebKit/537.36 (KHTML, like Gecko) Chrome/58.0.3029.83 Mobile Safari/537.36"
64.233.173.137 - - [09/Jun/2017:07:32:38 +0530] "GET /images/gtz.jpg HTTP/1.1" 200 15484 "http://www.cdmindia.gov.in/project_details_view.php?id=257" "Mozilla/5.0 (Linux; Android 6.0.1; SM-G610F Build/MMB29K) AppleWebKit/537.36 (KHTML, like Gecko) Chrome/58.0.3029.83 Mobile Safari/537.36"
64.233.173.138 - - [09/Jun/2017:07:32:38 +0530] "GET /images/bullet1.gif HTTP/1.1" 200 67 "http://www.cdmindia.gov.in/project_details_view.php?id=257" "Mozilla/5.0 (Linux; Android 6.0.1; SM-G610F Build/MMB29K) AppleWebKit/537.36 (KHTML, like Gecko) Chrome/58.0.3029.83 Mobile Safari/537.36"
