202.46.49.202 - - [13/Jun/2017:10:31:19 +0530] "GET /project_details_view.php?id=1585 HTTP/1.1" 200 14056 "-" "Mozilla/5.0 (Windows NT 10.0; WOW64) AppleWebKit/537.36 (KHTML, like Gecko) Chrome/45.0.2454.93 Safari/537.36"
27.63.43.85 - - [13/Jun/2017:10:33:40 +0530] "GET /contactus.php HTTP/1.1" 200 18293 "http://www.cdmindia.gov.in/project_details_view.php?id=773" "Mozilla/5.0 (iPhone; CPU iPhone OS 10_3_2 like Mac OS X) AppleWebKit/603.2.4 (KHTML, like Gecko) Version/10.0 Mobile/14F89 Safari/602.1"
27.63.43.85 - - [13/Jun/2017:10:33:41 +0530] "GET /js/index_validations.js HTTP/1.1" 200 3143 "http://www.cdmindia.gov.in/contactus.php" "Mozilla/5.0 (iPhone; CPU iPhone OS 10_3_2 like Mac OS X) AppleWebKit/603.2.4 (KHTML, like Gecko) Version/10.0 Mobile/14F89 Safari/602.1"
27.63.43.85 - - [13/Jun/2017:10:33:41 +0530] "GET /images/login.jpg HTTP/1.1" 200 1044 "http://www.cdmindia.gov.in/contactus.php" "Mozilla/5.0 (iPhone; CPU iPhone OS 10_3_2 like Mac OS X) AppleWebKit/603.2.4 (KHTML, like Gecko) Version/10.0 Mobile/14F89 Safari/602.1"
27.63.43.85 - - [13/Jun/2017:10:33:41 +0530] "GET /images/login1.jpg HTTP/1.1" 200 618 "http://www.cdmindia.gov.in/contactus.php" "Mozilla/5.0 (iPhone; CPU iPhone OS 10_3_2 like Mac OS X) AppleWebKit/603.2.4 (KHTML, like Gecko) Version/10.0 Mobile/14F89 Safari/602.1"
27.63.43.85 - - [13/Jun/2017:10:33:41 +0530] "GET /images/h_contactus.jpg HTTP/1.1" 200 21787 "http://www.cdmindia.gov.in/contactus.php" "Mozilla/5.0 (iPhone; CPU iPhone OS 10_3_2 like Mac OS X) AppleWebKit/603.2.4 (KHTML, like Gecko) Version/10.0 Mobile/14F89 Safari/602.1"
27.63.43.85 - - [13/Jun/2017:10:33:41 +0530] "GET /images/fe.jpg HTTP/1.1" 200 1429 "http://www.cdmindia.gov.in/contactus.php" "Mozilla/5.0 (iPhone; CPU iPhone OS 10_3_2 like Mac OS X) AppleWebKit/603.2.4 (KHTML, like Gecko) Version/10.0 Mobile/14F89 Safari/602.1"
27.63.43.85 - - [13/Jun/2017:10:33:41 +0530] "GET /images/bullet3.gif HTTP/1.1" 200 58 "http://www.cdmindia.gov.in/contactus.php" "Mozilla/5.0 (iPhone; CPU iPhone OS 10_3_2 like Mac OS X) AppleWebKit/603.2.4 (KHTML, like Gecko) Version/10.0 Mobile/14F89 Safari/602.1"
27.63.43.85 - - [13/Jun/2017:10:34:11 +0530] "GET /sitemap.php HTTP/1.1" 200 18470 "http://www.cdmindia.gov.in/contactus.php" "Mozilla/5.0 (iPhone; CPU iPhone OS 10_3_2 like Mac OS X) AppleWebKit/603.2.4 (KHTML, like Gecko) Version/10.0 Mobile/14F89 Safari/602.1"
27.63.43.85 - - [13/Jun/2017:10:34:11 +0530] "GET /images/h_sitemap.jpg HTTP/1.1" 200 21569 "http://www.cdmindia.gov.in/sitemap.php" "Mozilla/5.0 (iPhone; CPU iPhone OS 10_3_2 like Mac OS X) AppleWebKit/603.2.4 (KHTML, like Gecko) Version/10.0 Mobile/14F89 Safari/602.1"
27.63.43.85 - - [13/Jun/2017:10:34:26 +0530] "GET /index.php HTTP/1.1" 200 19481 "http://www.cdmindia.gov.in/sitemap.php" "Mozilla/5.0 (iPhone; CPU iPhone OS 10_3_2 like Mac OS X) AppleWebKit/603.2.4 (KHTML, like Gecko) Version/10.0 Mobile/14F89 Safari/602.1"
27.63.43.85 - - [13/Jun/2017:10:34:27 +0530] "GET /js/base64_encode.js HTTP/1.1" 200 3002 "http://www.cdmindia.gov.in/index.php" "Mozilla/5.0 (iPhone; CPU iPhone OS 10_3_2 like Mac OS X) AppleWebKit/603.2.4 (KHTML, like Gecko) Version/10.0 Mobile/14F89 Safari/602.1"
27.63.43.85 - - [13/Jun/2017:10:34:27 +0530] "GET /js/md5.js HTTP/1.1" 200 13194 "http://www.cdmindia.gov.in/index.php" "Mozilla/5.0 (iPhone; CPU iPhone OS 10_3_2 like Mac OS X) AppleWebKit/603.2.4 (KHTML, like Gecko) Version/10.0 Mobile/14F89 Safari/602.1"
27.63.43.85 - - [13/Jun/2017:10:34:39 +0530] "GET /news_more.php HTTP/1.1" 200 21062 "http://www.cdmindia.gov.in/index.php" "Mozilla/5.0 (iPhone; CPU iPhone OS 10_3_2 like Mac OS X) AppleWebKit/603.2.4 (KHTML, like Gecko) Version/10.0 Mobile/14F89 Safari/602.1"
27.63.43.85 - - [13/Jun/2017:10:34:40 +0530] "GET /images/h_news.jpg HTTP/1.1" 200 21315 "http://www.cdmindia.gov.in/news_more.php" "Mozilla/5.0 (iPhone; CPU iPhone OS 10_3_2 like Mac OS X) AppleWebKit/603.2.4 (KHTML, like Gecko) Version/10.0 Mobile/14F89 Safari/602.1"
111.93.251.186 - - [13/Jun/2017:10:35:09 +0530] "GET /Approved_proj_reports_list_details.php?id=1&reporttype=1&scale=&sdt=2005-01-01&edt=2017-05-29&exec=&page=77 HTTP/1.1" 200 17362 "http://www.cdmindia.gov.in/Approved_proj_reports_list_details.php?id=1&reporttype=1&scale=&sdt=2005-01-01&edt=2017-05-29&exec=&page=76" "Mozilla/5.0 (Windows NT 10.0; Win64; x64) AppleWebKit/537.36 (KHTML, like Gecko) Chrome/58.0.3029.110 Safari/537.36"
111.93.251.186 - - [13/Jun/2017:10:35:17 +0530] "GET /project_details_view.php?id=326&oid=1&page=77&reporttype=1 HTTP/1.1" 200 13908 "http://www.cdmindia.gov.in/Approved_proj_reports_list_details.php?id=1&reporttype=1&scale=&sdt=2005-01-01&edt=2017-05-29&exec=&page=77" "Mozilla/5.0 (Windows NT 10.0; Win64; x64) AppleWebKit/537.36 (KHTML, like Gecko) Chrome/58.0.3029.110 Safari/537.36"
27.63.43.85 - - [13/Jun/2017:10:35:18 +0530] "GET /contactus.php HTTP/1.1" 200 18293 "http://www.cdmindia.gov.in/project_details_view.php?id=773" "Mozilla/5.0 (iPhone; CPU iPhone OS 10_3_2 like Mac OS X) AppleWebKit/603.2.4 (KHTML, like Gecko) Version/10.0 Mobile/14F89 Safari/602.1"
27.63.43.85 - - [13/Jun/2017:10:35:21 +0530] "GET /project_details_view.php?id=773 HTTP/1.1" 200 15034 "https://www.google.co.in/" "Mozilla/5.0 (iPhone; CPU iPhone OS 10_3_2 like Mac OS X) AppleWebKit/603.2.4 (KHTML, like Gecko) Version/10.0 Mobile/14F89 Safari/602.1"
111.93.251.186 - - [13/Jun/2017:10:36:08 +0530] "GET /Approved_proj_reports_list_details.php?id=1&reporttype=1&scale=&sdt=2005-01-01&edt=2017-05-29&exec=&page=77 HTTP/1.1" 200 17362 "http://www.cdmindia.gov.in/Approved_proj_reports_list_details.php?id=1&reporttype=1&scale=&sdt=2005-01-01&edt=2017-05-29&exec=&page=76" "Mozilla/5.0 (Windows NT 10.0; Win64; x64) AppleWebKit/537.36 (KHTML, like Gecko) Chrome/58.0.3029.110 Safari/537.36"
111.93.251.186 - - [13/Jun/2017:10:36:11 +0530] "GET /project_details_view.php?id=325&oid=1&page=77&reporttype=1 HTTP/1.1" 200 13914 "http://www.cdmindia.gov.in/Approved_proj_reports_list_details.php?id=1&reporttype=1&scale=&sdt=2005-01-01&edt=2017-05-29&exec=&page=77" "Mozilla/5.0 (Windows NT 10.0; Win64; x64) AppleWebKit/537.36 (KHTML, like Gecko) Chrome/58.0.3029.110 Safari/537.36"
111.93.251.186 - - [13/Jun/2017:10:36:54 +0530] "GET /Approved_proj_reports_list_details.php?id=1&reporttype=1&scale=&sdt=2005-01-01&edt=2017-05-29&exec=&page=77 HTTP/1.1" 200 17362 "http://www.cdmindia.gov.in/Approved_proj_reports_list_details.php?id=1&reporttype=1&scale=&sdt=2005-01-01&edt=2017-05-29&exec=&page=76" "Mozilla/5.0 (Windows NT 10.0; Win64; x64) AppleWebKit/537.36 (KHTML, like Gecko) Chrome/58.0.3029.110 Safari/537.36"
111.93.251.186 - - [13/Jun/2017:10:36:58 +0530] "GET /project_details_view.php?id=324&oid=1&page=77&reporttype=1 HTTP/1.1" 200 13906 "http://www.cdmindia.gov.in/Approved_proj_reports_list_details.php?id=1&reporttype=1&scale=&sdt=2005-01-01&edt=2017-05-29&exec=&page=77" "Mozilla/5.0 (Windows NT 10.0; Win64; x64) AppleWebKit/537.36 (KHTML, like Gecko) Chrome/58.0.3029.110 Safari/537.36"
27.63.43.85 - - [13/Jun/2017:10:37:20 +0530] "GET /project_details_view.php?id=773 HTTP/1.1" 200 15034 "https://www.google.co.in/" "Mozilla/5.0 (iPhone; CPU iPhone OS 10_3_2 like Mac OS X) AppleWebKit/603.2.4 (KHTML, like Gecko) Version/10.0 Mobile/14F89 Safari/602.1"
111.93.251.186 - - [13/Jun/2017:10:37:34 +0530] "GET /Approved_proj_reports_list_details.php?id=1&reporttype=1&scale=&sdt=2005-01-01&edt=2017-05-29&exec=&page=77 HTTP/1.1" 200 17362 "http://www.cdmindia.gov.in/Approved_proj_reports_list_details.php?id=1&reporttype=1&scale=&sdt=2005-01-01&edt=2017-05-29&exec=&page=76" "Mozilla/5.0 (Windows NT 10.0; Win64; x64) AppleWebKit/537.36 (KHTML, like Gecko) Chrome/58.0.3029.110 Safari/537.36"
111.93.251.186 - - [13/Jun/2017:10:37:40 +0530] "GET /project_details_view.php?id=323&oid=1&page=77&reporttype=1 HTTP/1.1" 200 14163 "http://www.cdmindia.gov.in/Approved_proj_reports_list_details.php?id=1&reporttype=1&scale=&sdt=2005-01-01&edt=2017-05-29&exec=&page=77" "Mozilla/5.0 (Windows NT 10.0; Win64; x64) AppleWebKit/537.36 (KHTML, like Gecko) Chrome/58.0.3029.110 Safari/537.36"
59.163.10.9 - - [13/Jun/2017:10:38:16 +0530] "GET /project_details_view.php?id=2099 HTTP/1.1" 200 14355 "https://www.google.co.in/" "Mozilla/5.0 (Windows NT 10.0; Win64; x64) AppleWebKit/537.36 (KHTML, like Gecko) Chrome/59.0.3071.86 Safari/537.36"
110.44.123.36 - - [13/Jun/2017:10:38:40 +0530] "GET /project_details_view.php?id=300 HTTP/1.1" 200 15221 "https://www.google.com.np/" "Mozilla/5.0 (Windows NT 6.3; Win64; x64) AppleWebKit/537.36 (KHTML, like Gecko) Chrome/58.0.3029.110 Safari/537.36"
110.44.123.36 - - [13/Jun/2017:10:38:40 +0530] "GET /includes/ncdma.css HTTP/1.1" 200 13023 "http://www.cdmindia.gov.in/project_details_view.php?id=300" "Mozilla/5.0 (Windows NT 6.3; Win64; x64) AppleWebKit/537.36 (KHTML, like Gecko) Chrome/58.0.3029.110 Safari/537.36"
110.44.123.36 - - [13/Jun/2017:10:38:40 +0530] "GET /Scripts/AC_RunActiveContent.js HTTP/1.1" 200 8321 "http://www.cdmindia.gov.in/project_details_view.php?id=300" "Mozilla/5.0 (Windows NT 6.3; Win64; x64) AppleWebKit/537.36 (KHTML, like Gecko) Chrome/58.0.3029.110 Safari/537.36"
110.44.123.36 - - [13/Jun/2017:10:38:40 +0530] "GET /ncdma.css HTTP/1.1" 200 12640 "http://www.cdmindia.gov.in/project_details_view.php?id=300" "Mozilla/5.0 (Windows NT 6.3; Win64; x64) AppleWebKit/537.36 (KHTML, like Gecko) Chrome/58.0.3029.110 Safari/537.36"
110.44.123.36 - - [13/Jun/2017:10:38:41 +0530] "GET /images/img2.jpg HTTP/1.1" 200 16276 "http://www.cdmindia.gov.in/project_details_view.php?id=300" "Mozilla/5.0 (Windows NT 6.3; Win64; x64) AppleWebKit/537.36 (KHTML, like Gecko) Chrome/58.0.3029.110 Safari/537.36"
110.44.123.36 - - [13/Jun/2017:10:38:41 +0530] "GET /images/spacer.gif HTTP/1.1" 200 43 "http://www.cdmindia.gov.in/project_details_view.php?id=300" "Mozilla/5.0 (Windows NT 6.3; Win64; x64) AppleWebKit/537.36 (KHTML, like Gecko) Chrome/58.0.3029.110 Safari/537.36"
110.44.123.36 - - [13/Jun/2017:10:38:41 +0530] "GET /images/img1.jpg HTTP/1.1" 200 1251 "http://www.cdmindia.gov.in/project_details_view.php?id=300" "Mozilla/5.0 (Windows NT 6.3; Win64; x64) AppleWebKit/537.36 (KHTML, like Gecko) Chrome/58.0.3029.110 Safari/537.36"
110.44.123.36 - - [13/Jun/2017:10:38:41 +0530] "GET /images/fbg.jpg HTTP/1.1" 200 325 "http://www.cdmindia.gov.in/project_details_view.php?id=300" "Mozilla/5.0 (Windows NT 6.3; Win64; x64) AppleWebKit/537.36 (KHTML, like Gecko) Chrome/58.0.3029.110 Safari/537.36"
110.44.123.36 - - [13/Jun/2017:10:38:41 +0530] "GET /images/fdm.jpg HTTP/1.1" 200 2043 "http://www.cdmindia.gov.in/project_details_view.php?id=300" "Mozilla/5.0 (Windows NT 6.3; Win64; x64) AppleWebKit/537.36 (KHTML, like Gecko) Chrome/58.0.3029.110 Safari/537.36"
110.44.123.36 - - [13/Jun/2017:10:38:41 +0530] "GET /images/img3.jpg HTTP/1.1" 200 26957 "http://www.cdmindia.gov.in/project_details_view.php?id=300" "Mozilla/5.0 (Windows NT 6.3; Win64; x64) AppleWebKit/537.36 (KHTML, like Gecko) Chrome/58.0.3029.110 Safari/537.36"
110.44.123.36 - - [13/Jun/2017:10:38:41 +0530] "GET /images/bullet1.gif HTTP/1.1" 200 67 "http://www.cdmindia.gov.in/project_details_view.php?id=300" "Mozilla/5.0 (Windows NT 6.3; Win64; x64) AppleWebKit/537.36 (KHTML, like Gecko) Chrome/58.0.3029.110 Safari/537.36"
110.44.123.36 - - [13/Jun/2017:10:38:41 +0530] "GET /images/bulllet2.gif HTTP/1.1" 200 58 "http://www.cdmindia.gov.in/project_details_view.php?id=300" "Mozilla/5.0 (Windows NT 6.3; Win64; x64) AppleWebKit/537.36 (KHTML, like Gecko) Chrome/58.0.3029.110 Safari/537.36"
110.44.123.36 - - [13/Jun/2017:10:38:41 +0530] "GET /images/bullet4.gif HTTP/1.1" 200 67 "http://www.cdmindia.gov.in/project_details_view.php?id=300" "Mozilla/5.0 (Windows NT 6.3; Win64; x64) AppleWebKit/537.36 (KHTML, like Gecko) Chrome/58.0.3029.110 Safari/537.36"
110.44.123.36 - - [13/Jun/2017:10:38:41 +0530] "GET /images/gtz.jpg HTTP/1.1" 200 15484 "http://www.cdmindia.gov.in/project_details_view.php?id=300" "Mozilla/5.0 (Windows NT 6.3; Win64; x64) AppleWebKit/537.36 (KHTML, like Gecko) Chrome/58.0.3029.110 Safari/537.36"
110.44.123.36 - - [13/Jun/2017:10:38:41 +0530] "GET /favicon.ico HTTP/1.1" 200 1189 "http://www.cdmindia.gov.in/project_details_view.php?id=300" "Mozilla/5.0 (Windows NT 6.3; Win64; x64) AppleWebKit/537.36 (KHTML, like Gecko) Chrome/58.0.3029.110 Safari/537.36"
59.163.10.9 - - [13/Jun/2017:10:38:44 +0530] "GET /project_details_view.php?id=2108 HTTP/1.1" 200 13973 "https://www.google.co.in/" "Mozilla/5.0 (Windows NT 10.0; Win64; x64) AppleWebKit/537.36 (KHTML, like Gecko) Chrome/59.0.3071.86 Safari/537.36"
111.93.251.186 - - [13/Jun/2017:10:38:52 +0530] "GET /Approved_proj_reports_list_details.php?id=1&reporttype=1&scale=&sdt=2005-01-01&edt=2017-05-29&exec=&page=77 HTTP/1.1" 200 17362 "http://www.cdmindia.gov.in/Approved_proj_reports_list_details.php?id=1&reporttype=1&scale=&sdt=2005-01-01&edt=2017-05-29&exec=&page=76" "Mozilla/5.0 (Windows NT 10.0; Win64; x64) AppleWebKit/537.36 (KHTML, like Gecko) Chrome/58.0.3029.110 Safari/537.36"
111.93.251.186 - - [13/Jun/2017:10:38:59 +0530] "GET /Approved_proj_reports_list_details.php?id=1&reporttype=1&scale=&sdt=2005-01-01&edt=2017-05-29&exec=&page=78 HTTP/1.1" 200 17584 "http://www.cdmindia.gov.in/Approved_proj_reports_list_details.php?id=1&reporttype=1&scale=&sdt=2005-01-01&edt=2017-05-29&exec=&page=77" "Mozilla/5.0 (Windows NT 10.0; Win64; x64) AppleWebKit/537.36 (KHTML, like Gecko) Chrome/58.0.3029.110 Safari/537.36"
111.93.251.186 - - [13/Jun/2017:10:40:11 +0530] "GET /project_details_view.php?id=322&oid=1&page=78&reporttype=1 HTTP/1.1" 200 14460 "http://www.cdmindia.gov.in/Approved_proj_reports_list_details.php?id=1&reporttype=1&scale=&sdt=2005-01-01&edt=2017-05-29&exec=&page=78" "Mozilla/5.0 (Windows NT 10.0; Win64; x64) AppleWebKit/537.36 (KHTML, like Gecko) Chrome/58.0.3029.110 Safari/537.36"
110.44.123.36 - - [13/Jun/2017:10:41:50 +0530] "GET /aboutus.php HTTP/1.1" 200 19598 "http://www.cdmindia.gov.in/project_details_view.php?id=300" "Mozilla/5.0 (Windows NT 6.3; Win64; x64) AppleWebKit/537.36 (KHTML, like Gecko) Chrome/58.0.3029.110 Safari/537.36"
110.44.123.36 - - [13/Jun/2017:10:41:51 +0530] "GET /images/bullet3.gif HTTP/1.1" 200 58 "http://www.cdmindia.gov.in/aboutus.php" "Mozilla/5.0 (Windows NT 6.3; Win64; x64) AppleWebKit/537.36 (KHTML, like Gecko) Chrome/58.0.3029.110 Safari/537.36"
110.44.123.36 - - [13/Jun/2017:10:41:51 +0530] "GET /images/fe.jpg HTTP/1.1" 200 1429 "http://www.cdmindia.gov.in/aboutus.php" "Mozilla/5.0 (Windows NT 6.3; Win64; x64) AppleWebKit/537.36 (KHTML, like Gecko) Chrome/58.0.3029.110 Safari/537.36"
110.44.123.36 - - [13/Jun/2017:10:41:51 +0530] "GET /images/login1.jpg HTTP/1.1" 200 618 "http://www.cdmindia.gov.in/aboutus.php" "Mozilla/5.0 (Windows NT 6.3; Win64; x64) AppleWebKit/537.36 (KHTML, like Gecko) Chrome/58.0.3029.110 Safari/537.36"
110.44.123.36 - - [13/Jun/2017:10:41:51 +0530] "GET /images/login.jpg HTTP/1.1" 200 1044 "http://www.cdmindia.gov.in/aboutus.php" "Mozilla/5.0 (Windows NT 6.3; Win64; x64) AppleWebKit/537.36 (KHTML, like Gecko) Chrome/58.0.3029.110 Safari/537.36"
110.44.123.36 - - [13/Jun/2017:10:41:51 +0530] "GET /images/h_aboutus.jpg HTTP/1.1" 200 21693 "http://www.cdmindia.gov.in/aboutus.php" "Mozilla/5.0 (Windows NT 6.3; Win64; x64) AppleWebKit/537.36 (KHTML, like Gecko) Chrome/58.0.3029.110 Safari/537.36"
110.44.123.36 - - [13/Jun/2017:10:41:53 +0530] "GET /index.php HTTP/1.1" 200 19481 "http://www.cdmindia.gov.in/aboutus.php" "Mozilla/5.0 (Windows NT 6.3; Win64; x64) AppleWebKit/537.36 (KHTML, like Gecko) Chrome/58.0.3029.110 Safari/537.36"
110.44.123.36 - - [13/Jun/2017:10:41:53 +0530] "GET /js/md5.js HTTP/1.1" 200 13194 "http://www.cdmindia.gov.in/index.php" "Mozilla/5.0 (Windows NT 6.3; Win64; x64) AppleWebKit/537.36 (KHTML, like Gecko) Chrome/58.0.3029.110 Safari/537.36"
110.44.123.36 - - [13/Jun/2017:10:41:53 +0530] "GET /js/base64_encode.js HTTP/1.1" 200 3002 "http://www.cdmindia.gov.in/index.php" "Mozilla/5.0 (Windows NT 6.3; Win64; x64) AppleWebKit/537.36 (KHTML, like Gecko) Chrome/58.0.3029.110 Safari/537.36"
157.55.39.165 - - [13/Jun/2017:10:44:22 +0530] "GET /project_details_view.php?id=431 HTTP/1.1" 200 14142 "-" "Mozilla/5.0 (compatible; bingbot/2.0; +http://www.bing.com/bingbot.htm)"
59.163.10.9 - - [13/Jun/2017:10:44:43 +0530] "GET /project_details_view.php?id=1562 HTTP/1.1" 200 14514 "https://www.google.co.in/" "Mozilla/5.0 (Windows NT 10.0; Win64; x64) AppleWebKit/537.36 (KHTML, like Gecko) Chrome/59.0.3071.86 Safari/537.36"
111.93.251.186 - - [13/Jun/2017:10:46:52 +0530] "GET /Approved_proj_reports_list_details.php?id=1&reporttype=1&scale=&sdt=2005-01-01&edt=2017-05-29&exec=&page=78 HTTP/1.1" 200 17584 "http://www.cdmindia.gov.in/Approved_proj_reports_list_details.php?id=1&reporttype=1&scale=&sdt=2005-01-01&edt=2017-05-29&exec=&page=77" "Mozilla/5.0 (Windows NT 10.0; Win64; x64) AppleWebKit/537.36 (KHTML, like Gecko) Chrome/58.0.3029.110 Safari/537.36"
111.93.251.186 - - [13/Jun/2017:10:46:56 +0530] "GET /project_details_view.php?id=321&oid=1&page=78&reporttype=1 HTTP/1.1" 200 15934 "http://www.cdmindia.gov.in/Approved_proj_reports_list_details.php?id=1&reporttype=1&scale=&sdt=2005-01-01&edt=2017-05-29&exec=&page=78" "Mozilla/5.0 (Windows NT 10.0; Win64; x64) AppleWebKit/537.36 (KHTML, like Gecko) Chrome/58.0.3029.110 Safari/537.36"
111.93.251.186 - - [13/Jun/2017:10:47:45 +0530] "GET /Approved_proj_reports_list_details.php?id=1&reporttype=1&scale=&sdt=2005-01-01&edt=2017-05-29&exec=&page=78 HTTP/1.1" 200 17584 "http://www.cdmindia.gov.in/Approved_proj_reports_list_details.php?id=1&reporttype=1&scale=&sdt=2005-01-01&edt=2017-05-29&exec=&page=77" "Mozilla/5.0 (Windows NT 10.0; Win64; x64) AppleWebKit/537.36 (KHTML, like Gecko) Chrome/58.0.3029.110 Safari/537.36"
111.93.251.186 - - [13/Jun/2017:10:47:58 +0530] "GET /project_details_view.php?id=320&oid=1&page=78&reporttype=1 HTTP/1.1" 200 14463 "http://www.cdmindia.gov.in/Approved_proj_reports_list_details.php?id=1&reporttype=1&scale=&sdt=2005-01-01&edt=2017-05-29&exec=&page=78" "Mozilla/5.0 (Windows NT 10.0; Win64; x64) AppleWebKit/537.36 (KHTML, like Gecko) Chrome/58.0.3029.110 Safari/537.36"
111.93.251.186 - - [13/Jun/2017:10:48:31 +0530] "GET /Approved_proj_reports_list_details.php?id=1&reporttype=1&scale=&sdt=2005-01-01&edt=2017-05-29&exec=&page=78 HTTP/1.1" 200 17584 "http://www.cdmindia.gov.in/Approved_proj_reports_list_details.php?id=1&reporttype=1&scale=&sdt=2005-01-01&edt=2017-05-29&exec=&page=77" "Mozilla/5.0 (Windows NT 10.0; Win64; x64) AppleWebKit/537.36 (KHTML, like Gecko) Chrome/58.0.3029.110 Safari/537.36"
111.93.251.186 - - [13/Jun/2017:10:48:35 +0530] "GET /project_details_view.php?id=316&oid=1&page=78&reporttype=1 HTTP/1.1" 200 14898 "http://www.cdmindia.gov.in/Approved_proj_reports_list_details.php?id=1&reporttype=1&scale=&sdt=2005-01-01&edt=2017-05-29&exec=&page=78" "Mozilla/5.0 (Windows NT 10.0; Win64; x64) AppleWebKit/537.36 (KHTML, like Gecko) Chrome/58.0.3029.110 Safari/537.36"
111.93.251.186 - - [13/Jun/2017:10:49:30 +0530] "GET /Approved_proj_reports_list_details.php?id=1&reporttype=1&scale=&sdt=2005-01-01&edt=2017-05-29&exec=&page=78 HTTP/1.1" 200 17584 "http://www.cdmindia.gov.in/Approved_proj_reports_list_details.php?id=1&reporttype=1&scale=&sdt=2005-01-01&edt=2017-05-29&exec=&page=77" "Mozilla/5.0 (Windows NT 10.0; Win64; x64) AppleWebKit/537.36 (KHTML, like Gecko) Chrome/58.0.3029.110 Safari/537.36"
111.93.251.186 - - [13/Jun/2017:10:49:36 +0530] "GET /project_details_view.php?id=315&oid=1&page=78&reporttype=1 HTTP/1.1" 200 14647 "http://www.cdmindia.gov.in/Approved_proj_reports_list_details.php?id=1&reporttype=1&scale=&sdt=2005-01-01&edt=2017-05-29&exec=&page=78" "Mozilla/5.0 (Windows NT 10.0; Win64; x64) AppleWebKit/537.36 (KHTML, like Gecko) Chrome/58.0.3029.110 Safari/537.36"
111.93.251.186 - - [13/Jun/2017:10:50:48 +0530] "GET /Approved_proj_reports_list_details.php?id=1&reporttype=1&scale=&sdt=2005-01-01&edt=2017-05-29&exec=&page=78 HTTP/1.1" 200 17584 "http://www.cdmindia.gov.in/Approved_proj_reports_list_details.php?id=1&reporttype=1&scale=&sdt=2005-01-01&edt=2017-05-29&exec=&page=77" "Mozilla/5.0 (Windows NT 10.0; Win64; x64) AppleWebKit/537.36 (KHTML, like Gecko) Chrome/58.0.3029.110 Safari/537.36"
111.93.251.186 - - [13/Jun/2017:10:50:53 +0530] "GET /project_details_view.php?id=313&oid=1&page=78&reporttype=1 HTTP/1.1" 200 14477 "http://www.cdmindia.gov.in/Approved_proj_reports_list_details.php?id=1&reporttype=1&scale=&sdt=2005-01-01&edt=2017-05-29&exec=&page=78" "Mozilla/5.0 (Windows NT 10.0; Win64; x64) AppleWebKit/537.36 (KHTML, like Gecko) Chrome/58.0.3029.110 Safari/537.36"
111.93.251.186 - - [13/Jun/2017:10:51:43 +0530] "GET /Approved_proj_reports_list_details.php?id=1&reporttype=1&scale=&sdt=2005-01-01&edt=2017-05-29&exec=&page=78 HTTP/1.1" 200 17584 "http://www.cdmindia.gov.in/Approved_proj_reports_list_details.php?id=1&reporttype=1&scale=&sdt=2005-01-01&edt=2017-05-29&exec=&page=77" "Mozilla/5.0 (Windows NT 10.0; Win64; x64) AppleWebKit/537.36 (KHTML, like Gecko) Chrome/58.0.3029.110 Safari/537.36"
111.93.251.186 - - [13/Jun/2017:10:51:49 +0530] "GET /project_details_view.php?id=307&oid=1&page=78&reporttype=1 HTTP/1.1" 200 14321 "http://www.cdmindia.gov.in/Approved_proj_reports_list_details.php?id=1&reporttype=1&scale=&sdt=2005-01-01&edt=2017-05-29&exec=&page=78" "Mozilla/5.0 (Windows NT 10.0; Win64; x64) AppleWebKit/537.36 (KHTML, like Gecko) Chrome/58.0.3029.110 Safari/537.36"
111.93.251.186 - - [13/Jun/2017:10:52:25 +0530] "GET /Approved_proj_reports_list_details.php?id=1&reporttype=1&scale=&sdt=2005-01-01&edt=2017-05-29&exec=&page=78 HTTP/1.1" 200 17584 "http://www.cdmindia.gov.in/Approved_proj_reports_list_details.php?id=1&reporttype=1&scale=&sdt=2005-01-01&edt=2017-05-29&exec=&page=77" "Mozilla/5.0 (Windows NT 10.0; Win64; x64) AppleWebKit/537.36 (KHTML, like Gecko) Chrome/58.0.3029.110 Safari/537.36"
111.93.251.186 - - [13/Jun/2017:10:52:32 +0530] "GET /project_details_view.php?id=305&oid=1&page=78&reporttype=1 HTTP/1.1" 200 13585 "http://www.cdmindia.gov.in/Approved_proj_reports_list_details.php?id=1&reporttype=1&scale=&sdt=2005-01-01&edt=2017-05-29&exec=&page=78" "Mozilla/5.0 (Windows NT 10.0; Win64; x64) AppleWebKit/537.36 (KHTML, like Gecko) Chrome/58.0.3029.110 Safari/537.36"
111.93.251.186 - - [13/Jun/2017:10:53:31 +0530] "GET /Approved_proj_reports_list_details.php?id=1&reporttype=1&scale=&sdt=2005-01-01&edt=2017-05-29&exec=&page=78 HTTP/1.1" 200 17584 "http://www.cdmindia.gov.in/Approved_proj_reports_list_details.php?id=1&reporttype=1&scale=&sdt=2005-01-01&edt=2017-05-29&exec=&page=77" "Mozilla/5.0 (Windows NT 10.0; Win64; x64) AppleWebKit/537.36 (KHTML, like Gecko) Chrome/58.0.3029.110 Safari/537.36"
35.184.189.105 - - [13/Jun/2017:10:55:15 +0530] "GET /robots.txt HTTP/1.1" 404 208 "-" "ltx71 - (http://ltx71.com/)"
157.55.39.176 - - [13/Jun/2017:10:56:51 +0530] "GET /project_details_view_report.php?id=1381 HTTP/1.1" 200 13304 "-" "Mozilla/5.0 (compatible; bingbot/2.0; +http://www.bing.com/bingbot.htm)"
35.184.189.105 - - [13/Jun/2017:10:56:56 +0530] "GET /detail_news.php?id=18 HTTP/1.1" 302 18714 "-" "ltx71 - (http://ltx71.com/)"
111.93.251.186 - - [13/Jun/2017:10:57:26 +0530] "GET /project_details_view.php?id=303&oid=1&page=78&reporttype=1 HTTP/1.1" 200 14280 "http://www.cdmindia.gov.in/Approved_proj_reports_list_details.php?id=1&reporttype=1&scale=&sdt=2005-01-01&edt=2017-05-29&exec=&page=78" "Mozilla/5.0 (Windows NT 10.0; Win64; x64) AppleWebKit/537.36 (KHTML, like Gecko) Chrome/58.0.3029.110 Safari/537.36"
111.93.251.186 - - [13/Jun/2017:10:58:19 +0530] "GET /Approved_proj_reports_list_details.php?id=1&reporttype=1&scale=&sdt=2005-01-01&edt=2017-05-29&exec=&page=78 HTTP/1.1" 200 17584 "http://www.cdmindia.gov.in/Approved_proj_reports_list_details.php?id=1&reporttype=1&scale=&sdt=2005-01-01&edt=2017-05-29&exec=&page=77" "Mozilla/5.0 (Windows NT 10.0; Win64; x64) AppleWebKit/537.36 (KHTML, like Gecko) Chrome/58.0.3029.110 Safari/537.36"
111.93.251.186 - - [13/Jun/2017:10:58:23 +0530] "GET /project_details_view.php?id=302&oid=1&page=78&reporttype=1 HTTP/1.1" 200 14469 "http://www.cdmindia.gov.in/Approved_proj_reports_list_details.php?id=1&reporttype=1&scale=&sdt=2005-01-01&edt=2017-05-29&exec=&page=78" "Mozilla/5.0 (Windows NT 10.0; Win64; x64) AppleWebKit/537.36 (KHTML, like Gecko) Chrome/58.0.3029.110 Safari/537.36"
111.93.251.186 - - [13/Jun/2017:10:59:17 +0530] "GET /Approved_proj_reports_list_details.php?id=1&reporttype=1&scale=&sdt=2005-01-01&edt=2017-05-29&exec=&page=78 HTTP/1.1" 200 17584 "http://www.cdmindia.gov.in/Approved_proj_reports_list_details.php?id=1&reporttype=1&scale=&sdt=2005-01-01&edt=2017-05-29&exec=&page=77" "Mozilla/5.0 (Windows NT 10.0; Win64; x64) AppleWebKit/537.36 (KHTML, like Gecko) Chrome/58.0.3029.110 Safari/537.36"
111.93.251.186 - - [13/Jun/2017:10:59:21 +0530] "GET /Approved_proj_reports_list_details.php?id=1&reporttype=1&scale=&sdt=2005-01-01&edt=2017-05-29&exec=&page=79 HTTP/1.1" 200 17527 "http://www.cdmindia.gov.in/Approved_proj_reports_list_details.php?id=1&reporttype=1&scale=&sdt=2005-01-01&edt=2017-05-29&exec=&page=78" "Mozilla/5.0 (Windows NT 10.0; Win64; x64) AppleWebKit/537.36 (KHTML, like Gecko) Chrome/58.0.3029.110 Safari/537.36"
188.239.32.94 - - [13/Jun/2017:11:00:03 +0530] "GET /approval_process.php HTTP/1.0" 200 25913 "http://cdmindia.gov.in/approval_process.php" "Mozilla/5.0 (Windows NT 6.1; WOW64) AppleWebKit/537.36 (KHTML, like Gecko) Chrome/57.0.2987.98 Safari/537.36 OPR/44.0.2510.857"
111.93.251.186 - - [13/Jun/2017:11:00:14 +0530] "GET /project_details_view.php?id=301&oid=1&page=79&reporttype=1 HTTP/1.1" 200 15144 "http://www.cdmindia.gov.in/Approved_proj_reports_list_details.php?id=1&reporttype=1&scale=&sdt=2005-01-01&edt=2017-05-29&exec=&page=79" "Mozilla/5.0 (Windows NT 10.0; Win64; x64) AppleWebKit/537.36 (KHTML, like Gecko) Chrome/58.0.3029.110 Safari/537.36"
202.46.57.89 - - [13/Jun/2017:11:00:25 +0530] "GET /project_details_view.php?id=1162 HTTP/1.1" 200 14058 "-" "Mozilla/5.0 (Windows NT 10.0; WOW64) AppleWebKit/537.36 (KHTML, like Gecko) Chrome/45.0.2454.93 Safari/537.36"
111.93.251.186 - - [13/Jun/2017:11:00:52 +0530] "GET /Approved_proj_reports_list_details.php?id=1&reporttype=1&scale=&sdt=2005-01-01&edt=2017-05-29&exec=&page=79 HTTP/1.1" 200 17527 "http://www.cdmindia.gov.in/Approved_proj_reports_list_details.php?id=1&reporttype=1&scale=&sdt=2005-01-01&edt=2017-05-29&exec=&page=78" "Mozilla/5.0 (Windows NT 10.0; Win64; x64) AppleWebKit/537.36 (KHTML, like Gecko) Chrome/58.0.3029.110 Safari/537.36"
111.93.251.186 - - [13/Jun/2017:11:00:56 +0530] "GET /project_details_view.php?id=300&oid=1&page=79&reporttype=1 HTTP/1.1" 200 15221 "http://www.cdmindia.gov.in/Approved_proj_reports_list_details.php?id=1&reporttype=1&scale=&sdt=2005-01-01&edt=2017-05-29&exec=&page=79" "Mozilla/5.0 (Windows NT 10.0; Win64; x64) AppleWebKit/537.36 (KHTML, like Gecko) Chrome/58.0.3029.110 Safari/537.36"
111.93.251.186 - - [13/Jun/2017:11:01:45 +0530] "GET /Approved_proj_reports_list_details.php?id=1&reporttype=1&scale=&sdt=2005-01-01&edt=2017-05-29&exec=&page=79 HTTP/1.1" 200 17527 "http://www.cdmindia.gov.in/Approved_proj_reports_list_details.php?id=1&reporttype=1&scale=&sdt=2005-01-01&edt=2017-05-29&exec=&page=78" "Mozilla/5.0 (Windows NT 10.0; Win64; x64) AppleWebKit/537.36 (KHTML, like Gecko) Chrome/58.0.3029.110 Safari/537.36"
111.93.251.186 - - [13/Jun/2017:11:01:50 +0530] "GET /project_details_view.php?id=294&oid=1&page=79&reporttype=1 HTTP/1.1" 200 14453 "http://www.cdmindia.gov.in/Approved_proj_reports_list_details.php?id=1&reporttype=1&scale=&sdt=2005-01-01&edt=2017-05-29&exec=&page=79" "Mozilla/5.0 (Windows NT 10.0; Win64; x64) AppleWebKit/537.36 (KHTML, like Gecko) Chrome/58.0.3029.110 Safari/537.36"
111.93.251.186 - - [13/Jun/2017:11:02:35 +0530] "GET /Approved_proj_reports_list_details.php?id=1&reporttype=1&scale=&sdt=2005-01-01&edt=2017-05-29&exec=&page=79 HTTP/1.1" 200 17527 "http://www.cdmindia.gov.in/Approved_proj_reports_list_details.php?id=1&reporttype=1&scale=&sdt=2005-01-01&edt=2017-05-29&exec=&page=78" "Mozilla/5.0 (Windows NT 10.0; Win64; x64) AppleWebKit/537.36 (KHTML, like Gecko) Chrome/58.0.3029.110 Safari/537.36"
111.93.251.186 - - [13/Jun/2017:11:02:39 +0530] "GET /project_details_view.php?id=293&oid=1&page=79&reporttype=1 HTTP/1.1" 200 14922 "http://www.cdmindia.gov.in/Approved_proj_reports_list_details.php?id=1&reporttype=1&scale=&sdt=2005-01-01&edt=2017-05-29&exec=&page=79" "Mozilla/5.0 (Windows NT 10.0; Win64; x64) AppleWebKit/537.36 (KHTML, like Gecko) Chrome/58.0.3029.110 Safari/537.36"
111.93.251.186 - - [13/Jun/2017:11:03:20 +0530] "GET /Approved_proj_reports_list_details.php?id=1&reporttype=1&scale=&sdt=2005-01-01&edt=2017-05-29&exec=&page=79 HTTP/1.1" 200 17527 "http://www.cdmindia.gov.in/Approved_proj_reports_list_details.php?id=1&reporttype=1&scale=&sdt=2005-01-01&edt=2017-05-29&exec=&page=78" "Mozilla/5.0 (Windows NT 10.0; Win64; x64) AppleWebKit/537.36 (KHTML, like Gecko) Chrome/58.0.3029.110 Safari/537.36"
111.93.251.186 - - [13/Jun/2017:11:03:23 +0530] "GET /project_details_view.php?id=292&oid=1&page=79&reporttype=1 HTTP/1.1" 200 14030 "http://www.cdmindia.gov.in/Approved_proj_reports_list_details.php?id=1&reporttype=1&scale=&sdt=2005-01-01&edt=2017-05-29&exec=&page=79" "Mozilla/5.0 (Windows NT 10.0; Win64; x64) AppleWebKit/537.36 (KHTML, like Gecko) Chrome/58.0.3029.110 Safari/537.36"
117.218.179.153 - - [13/Jun/2017:11:03:56 +0530] "GET /reports_list_details.php?id=Small&reporttype=4&page=202 HTTP/1.1" 200 22223 "https://www.google.co.in/" "Mozilla/5.0 (Windows NT 6.1) AppleWebKit/537.36 (KHTML, like Gecko) Chrome/59.0.3071.86 Safari/537.36"
117.218.179.153 - - [13/Jun/2017:11:03:57 +0530] "GET /includes/ncdma.css HTTP/1.1" 200 13023 "http://www.cdmindia.gov.in/reports_list_details.php?id=Small&reporttype=4&page=202" "Mozilla/5.0 (Windows NT 6.1) AppleWebKit/537.36 (KHTML, like Gecko) Chrome/59.0.3071.86 Safari/537.36"
117.218.179.153 - - [13/Jun/2017:11:03:57 +0530] "GET /ncdma.css HTTP/1.1" 200 12640 "http://www.cdmindia.gov.in/reports_list_details.php?id=Small&reporttype=4&page=202" "Mozilla/5.0 (Windows NT 6.1) AppleWebKit/537.36 (KHTML, like Gecko) Chrome/59.0.3071.86 Safari/537.36"
117.218.179.153 - - [13/Jun/2017:11:03:57 +0530] "GET /Scripts/AC_RunActiveContent.js HTTP/1.1" 200 8321 "http://www.cdmindia.gov.in/reports_list_details.php?id=Small&reporttype=4&page=202" "Mozilla/5.0 (Windows NT 6.1) AppleWebKit/537.36 (KHTML, like Gecko) Chrome/59.0.3071.86 Safari/537.36"
117.218.179.153 - - [13/Jun/2017:11:03:57 +0530] "GET /images/img2.jpg HTTP/1.1" 200 16276 "http://www.cdmindia.gov.in/reports_list_details.php?id=Small&reporttype=4&page=202" "Mozilla/5.0 (Windows NT 6.1) AppleWebKit/537.36 (KHTML, like Gecko) Chrome/59.0.3071.86 Safari/537.36"
117.218.179.153 - - [13/Jun/2017:11:03:57 +0530] "GET /js/user_registration.js HTTP/1.1" 200 26819 "http://www.cdmindia.gov.in/reports_list_details.php?id=Small&reporttype=4&page=202" "Mozilla/5.0 (Windows NT 6.1) AppleWebKit/537.36 (KHTML, like Gecko) Chrome/59.0.3071.86 Safari/537.36"
117.218.179.153 - - [13/Jun/2017:11:03:58 +0530] "GET /images/spacer.gif HTTP/1.1" 200 43 "http://www.cdmindia.gov.in/reports_list_details.php?id=Small&reporttype=4&page=202" "Mozilla/5.0 (Windows NT 6.1) AppleWebKit/537.36 (KHTML, like Gecko) Chrome/59.0.3071.86 Safari/537.36"
117.218.179.153 - - [13/Jun/2017:11:03:58 +0530] "GET /images/bulllet2.gif HTTP/1.1" 200 58 "http://www.cdmindia.gov.in/reports_list_details.php?id=Small&reporttype=4&page=202" "Mozilla/5.0 (Windows NT 6.1) AppleWebKit/537.36 (KHTML, like Gecko) Chrome/59.0.3071.86 Safari/537.36"
117.218.179.153 - - [13/Jun/2017:11:03:58 +0530] "GET /images/bullet4.gif HTTP/1.1" 200 67 "http://www.cdmindia.gov.in/reports_list_details.php?id=Small&reporttype=4&page=202" "Mozilla/5.0 (Windows NT 6.1) AppleWebKit/537.36 (KHTML, like Gecko) Chrome/59.0.3071.86 Safari/537.36"
117.218.179.153 - - [13/Jun/2017:11:03:58 +0530] "GET /images/bullet1.gif HTTP/1.1" 200 67 "http://www.cdmindia.gov.in/reports_list_details.php?id=Small&reporttype=4&page=202" "Mozilla/5.0 (Windows NT 6.1) AppleWebKit/537.36 (KHTML, like Gecko) Chrome/59.0.3071.86 Safari/537.36"
117.218.179.153 - - [13/Jun/2017:11:03:58 +0530] "GET /images/fdm.jpg HTTP/1.1" 200 2043 "http://www.cdmindia.gov.in/reports_list_details.php?id=Small&reporttype=4&page=202" "Mozilla/5.0 (Windows NT 6.1) AppleWebKit/537.36 (KHTML, like Gecko) Chrome/59.0.3071.86 Safari/537.36"
117.218.179.153 - - [13/Jun/2017:11:03:58 +0530] "GET /images/img3.jpg HTTP/1.1" 200 26957 "http://www.cdmindia.gov.in/reports_list_details.php?id=Small&reporttype=4&page=202" "Mozilla/5.0 (Windows NT 6.1) AppleWebKit/537.36 (KHTML, like Gecko) Chrome/59.0.3071.86 Safari/537.36"
117.218.179.153 - - [13/Jun/2017:11:03:59 +0530] "GET /images/img1.jpg HTTP/1.1" 200 1251 "http://www.cdmindia.gov.in/reports_list_details.php?id=Small&reporttype=4&page=202" "Mozilla/5.0 (Windows NT 6.1) AppleWebKit/537.36 (KHTML, like Gecko) Chrome/59.0.3071.86 Safari/537.36"
117.218.179.153 - - [13/Jun/2017:11:03:59 +0530] "GET /images/fbg.jpg HTTP/1.1" 200 325 "http://www.cdmindia.gov.in/reports_list_details.php?id=Small&reporttype=4&page=202" "Mozilla/5.0 (Windows NT 6.1) AppleWebKit/537.36 (KHTML, like Gecko) Chrome/59.0.3071.86 Safari/537.36"
117.218.179.153 - - [13/Jun/2017:11:03:59 +0530] "GET /images/gtz.jpg HTTP/1.1" 200 15484 "http://www.cdmindia.gov.in/reports_list_details.php?id=Small&reporttype=4&page=202" "Mozilla/5.0 (Windows NT 6.1) AppleWebKit/537.36 (KHTML, like Gecko) Chrome/59.0.3071.86 Safari/537.36"
117.218.179.153 - - [13/Jun/2017:11:03:59 +0530] "GET /favicon.ico HTTP/1.1" 200 1189 "http://www.cdmindia.gov.in/reports_list_details.php?id=Small&reporttype=4&page=202" "Mozilla/5.0 (Windows NT 6.1) AppleWebKit/537.36 (KHTML, like Gecko) Chrome/59.0.3071.86 Safari/537.36"
111.93.251.186 - - [13/Jun/2017:11:04:08 +0530] "GET /Approved_proj_reports_list_details.php?id=1&reporttype=1&scale=&sdt=2005-01-01&edt=2017-05-29&exec=&page=79 HTTP/1.1" 200 17527 "http://www.cdmindia.gov.in/Approved_proj_reports_list_details.php?id=1&reporttype=1&scale=&sdt=2005-01-01&edt=2017-05-29&exec=&page=78" "Mozilla/5.0 (Windows NT 10.0; Win64; x64) AppleWebKit/537.36 (KHTML, like Gecko) Chrome/58.0.3029.110 Safari/537.36"
111.93.251.186 - - [13/Jun/2017:11:04:13 +0530] "GET /project_details_view.php?id=291&oid=1&page=79&reporttype=1 HTTP/1.1" 200 14364 "http://www.cdmindia.gov.in/Approved_proj_reports_list_details.php?id=1&reporttype=1&scale=&sdt=2005-01-01&edt=2017-05-29&exec=&page=79" "Mozilla/5.0 (Windows NT 10.0; Win64; x64) AppleWebKit/537.36 (KHTML, like Gecko) Chrome/58.0.3029.110 Safari/537.36"
111.93.251.186 - - [13/Jun/2017:11:05:11 +0530] "GET /Approved_proj_reports_list_details.php?id=1&reporttype=1&scale=&sdt=2005-01-01&edt=2017-05-29&exec=&page=79 HTTP/1.1" 200 17527 "http://www.cdmindia.gov.in/Approved_proj_reports_list_details.php?id=1&reporttype=1&scale=&sdt=2005-01-01&edt=2017-05-29&exec=&page=78" "Mozilla/5.0 (Windows NT 10.0; Win64; x64) AppleWebKit/537.36 (KHTML, like Gecko) Chrome/58.0.3029.110 Safari/537.36"
111.93.251.186 - - [13/Jun/2017:11:05:22 +0530] "GET /project_details_view.php?id=290&oid=1&page=79&reporttype=1 HTTP/1.1" 200 13843 "http://www.cdmindia.gov.in/Approved_proj_reports_list_details.php?id=1&reporttype=1&scale=&sdt=2005-01-01&edt=2017-05-29&exec=&page=79" "Mozilla/5.0 (Windows NT 10.0; Win64; x64) AppleWebKit/537.36 (KHTML, like Gecko) Chrome/58.0.3029.110 Safari/537.36"
111.93.251.186 - - [13/Jun/2017:11:06:30 +0530] "GET /Approved_proj_reports_list_details.php?id=1&reporttype=1&scale=&sdt=2005-01-01&edt=2017-05-29&exec=&page=79 HTTP/1.1" 200 17527 "http://www.cdmindia.gov.in/Approved_proj_reports_list_details.php?id=1&reporttype=1&scale=&sdt=2005-01-01&edt=2017-05-29&exec=&page=78" "Mozilla/5.0 (Windows NT 10.0; Win64; x64) AppleWebKit/537.36 (KHTML, like Gecko) Chrome/58.0.3029.110 Safari/537.36"
111.93.251.186 - - [13/Jun/2017:11:06:41 +0530] "GET /project_details_view.php?id=289&oid=1&page=79&reporttype=1 HTTP/1.1" 200 14213 "http://www.cdmindia.gov.in/Approved_proj_reports_list_details.php?id=1&reporttype=1&scale=&sdt=2005-01-01&edt=2017-05-29&exec=&page=79" "Mozilla/5.0 (Windows NT 10.0; Win64; x64) AppleWebKit/537.36 (KHTML, like Gecko) Chrome/58.0.3029.110 Safari/537.36"
111.93.251.186 - - [13/Jun/2017:11:07:37 +0530] "GET /Approved_proj_reports_list_details.php?id=1&reporttype=1&scale=&sdt=2005-01-01&edt=2017-05-29&exec=&page=79 HTTP/1.1" 200 17527 "http://www.cdmindia.gov.in/Approved_proj_reports_list_details.php?id=1&reporttype=1&scale=&sdt=2005-01-01&edt=2017-05-29&exec=&page=78" "Mozilla/5.0 (Windows NT 10.0; Win64; x64) AppleWebKit/537.36 (KHTML, like Gecko) Chrome/58.0.3029.110 Safari/537.36"
111.93.251.186 - - [13/Jun/2017:11:07:41 +0530] "GET /project_details_view.php?id=287&oid=1&page=79&reporttype=1 HTTP/1.1" 200 14360 "http://www.cdmindia.gov.in/Approved_proj_reports_list_details.php?id=1&reporttype=1&scale=&sdt=2005-01-01&edt=2017-05-29&exec=&page=79" "Mozilla/5.0 (Windows NT 10.0; Win64; x64) AppleWebKit/537.36 (KHTML, like Gecko) Chrome/58.0.3029.110 Safari/537.36"
111.93.251.186 - - [13/Jun/2017:11:08:21 +0530] "GET /Approved_proj_reports_list_details.php?id=1&reporttype=1&scale=&sdt=2005-01-01&edt=2017-05-29&exec=&page=79 HTTP/1.1" 200 17527 "http://www.cdmindia.gov.in/Approved_proj_reports_list_details.php?id=1&reporttype=1&scale=&sdt=2005-01-01&edt=2017-05-29&exec=&page=78" "Mozilla/5.0 (Windows NT 10.0; Win64; x64) AppleWebKit/537.36 (KHTML, like Gecko) Chrome/58.0.3029.110 Safari/537.36"
111.93.251.186 - - [13/Jun/2017:11:08:24 +0530] "GET /project_details_view.php?id=286&oid=1&page=79&reporttype=1 HTTP/1.1" 200 14204 "http://www.cdmindia.gov.in/Approved_proj_reports_list_details.php?id=1&reporttype=1&scale=&sdt=2005-01-01&edt=2017-05-29&exec=&page=79" "Mozilla/5.0 (Windows NT 10.0; Win64; x64) AppleWebKit/537.36 (KHTML, like Gecko) Chrome/58.0.3029.110 Safari/537.36"
111.93.251.186 - - [13/Jun/2017:11:09:52 +0530] "GET /Approved_proj_reports_list_details.php?id=1&reporttype=1&scale=&sdt=2005-01-01&edt=2017-05-29&exec=&page=79 HTTP/1.1" 200 17527 "http://www.cdmindia.gov.in/Approved_proj_reports_list_details.php?id=1&reporttype=1&scale=&sdt=2005-01-01&edt=2017-05-29&exec=&page=78" "Mozilla/5.0 (Windows NT 10.0; Win64; x64) AppleWebKit/537.36 (KHTML, like Gecko) Chrome/58.0.3029.110 Safari/537.36"
47.8.6.89 - - [13/Jun/2017:11:10:05 +0530] "GET /project_details_view_report.php?id=1869 HTTP/1.1" 200 13182 "https://www.google.co.in/" "Mozilla/5.0 (Linux; Android 5.1.1; SAMSUNG SM-J200G Build/LMY47X) AppleWebKit/537.36 (KHTML, like Gecko) SamsungBrowser/3.5 Chrome/38.0.2125.102 Mobile Safari/537.36"
47.8.6.89 - - [13/Jun/2017:11:10:05 +0530] "GET /includes/ncdma.css HTTP/1.1" 200 13023 "http://www.cdmindia.gov.in/project_details_view_report.php?id=1869" "Mozilla/5.0 (Linux; Android 5.1.1; SAMSUNG SM-J200G Build/LMY47X) AppleWebKit/537.36 (KHTML, like Gecko) SamsungBrowser/3.5 Chrome/38.0.2125.102 Mobile Safari/537.36"
47.8.6.89 - - [13/Jun/2017:11:10:05 +0530] "GET /ncdma.css HTTP/1.1" 200 12640 "http://www.cdmindia.gov.in/project_details_view_report.php?id=1869" "Mozilla/5.0 (Linux; Android 5.1.1; SAMSUNG SM-J200G Build/LMY47X) AppleWebKit/537.36 (KHTML, like Gecko) SamsungBrowser/3.5 Chrome/38.0.2125.102 Mobile Safari/537.36"
47.8.6.89 - - [13/Jun/2017:11:10:05 +0530] "GET /Scripts/AC_RunActiveContent.js HTTP/1.1" 200 8321 "http://www.cdmindia.gov.in/project_details_view_report.php?id=1869" "Mozilla/5.0 (Linux; Android 5.1.1; SAMSUNG SM-J200G Build/LMY47X) AppleWebKit/537.36 (KHTML, like Gecko) SamsungBrowser/3.5 Chrome/38.0.2125.102 Mobile Safari/537.36"
47.8.6.89 - - [13/Jun/2017:11:10:05 +0530] "GET /images/img2.jpg HTTP/1.1" 200 16276 "http://www.cdmindia.gov.in/project_details_view_report.php?id=1869" "Mozilla/5.0 (Linux; Android 5.1.1; SAMSUNG SM-J200G Build/LMY47X) AppleWebKit/537.36 (KHTML, like Gecko) SamsungBrowser/3.5 Chrome/38.0.2125.102 Mobile Safari/537.36"
47.8.6.89 - - [13/Jun/2017:11:10:06 +0530] "GET /images/spacer.gif HTTP/1.1" 200 43 "http://www.cdmindia.gov.in/project_details_view_report.php?id=1869" "Mozilla/5.0 (Linux; Android 5.1.1; SAMSUNG SM-J200G Build/LMY47X) AppleWebKit/537.36 (KHTML, like Gecko) SamsungBrowser/3.5 Chrome/38.0.2125.102 Mobile Safari/537.36"
47.8.6.89 - - [13/Jun/2017:11:10:06 +0530] "GET /images/bullet1.gif HTTP/1.1" 200 67 "http://www.cdmindia.gov.in/project_details_view_report.php?id=1869" "Mozilla/5.0 (Linux; Android 5.1.1; SAMSUNG SM-J200G Build/LMY47X) AppleWebKit/537.36 (KHTML, like Gecko) SamsungBrowser/3.5 Chrome/38.0.2125.102 Mobile Safari/537.36"
47.8.6.89 - - [13/Jun/2017:11:10:06 +0530] "GET /images/bulllet2.gif HTTP/1.1" 200 58 "http://www.cdmindia.gov.in/project_details_view_report.php?id=1869" "Mozilla/5.0 (Linux; Android 5.1.1; SAMSUNG SM-J200G Build/LMY47X) AppleWebKit/537.36 (KHTML, like Gecko) SamsungBrowser/3.5 Chrome/38.0.2125.102 Mobile Safari/537.36"
47.8.6.89 - - [13/Jun/2017:11:10:06 +0530] "GET /images/bullet4.gif HTTP/1.1" 200 67 "http://www.cdmindia.gov.in/project_details_view_report.php?id=1869" "Mozilla/5.0 (Linux; Android 5.1.1; SAMSUNG SM-J200G Build/LMY47X) AppleWebKit/537.36 (KHTML, like Gecko) SamsungBrowser/3.5 Chrome/38.0.2125.102 Mobile Safari/537.36"
47.8.6.89 - - [13/Jun/2017:11:10:06 +0530] "GET /images/fdm.jpg HTTP/1.1" 200 2043 "http://www.cdmindia.gov.in/project_details_view_report.php?id=1869" "Mozilla/5.0 (Linux; Android 5.1.1; SAMSUNG SM-J200G Build/LMY47X) AppleWebKit/537.36 (KHTML, like Gecko) SamsungBrowser/3.5 Chrome/38.0.2125.102 Mobile Safari/537.36"
47.8.6.89 - - [13/Jun/2017:11:10:06 +0530] "GET /images/gtz.jpg HTTP/1.1" 200 15484 "http://www.cdmindia.gov.in/project_details_view_report.php?id=1869" "Mozilla/5.0 (Linux; Android 5.1.1; SAMSUNG SM-J200G Build/LMY47X) AppleWebKit/537.36 (KHTML, like Gecko) SamsungBrowser/3.5 Chrome/38.0.2125.102 Mobile Safari/537.36"
47.8.6.89 - - [13/Jun/2017:11:10:06 +0530] "GET /images/img1.jpg HTTP/1.1" 200 1251 "http://www.cdmindia.gov.in/project_details_view_report.php?id=1869" "Mozilla/5.0 (Linux; Android 5.1.1; SAMSUNG SM-J200G Build/LMY47X) AppleWebKit/537.36 (KHTML, like Gecko) SamsungBrowser/3.5 Chrome/38.0.2125.102 Mobile Safari/537.36"
47.8.6.89 - - [13/Jun/2017:11:10:06 +0530] "GET /images/fbg.jpg HTTP/1.1" 200 325 "http://www.cdmindia.gov.in/project_details_view_report.php?id=1869" "Mozilla/5.0 (Linux; Android 5.1.1; SAMSUNG SM-J200G Build/LMY47X) AppleWebKit/537.36 (KHTML, like Gecko) SamsungBrowser/3.5 Chrome/38.0.2125.102 Mobile Safari/537.36"
47.8.6.89 - - [13/Jun/2017:11:10:06 +0530] "GET /images/img3.jpg HTTP/1.1" 200 26957 "http://www.cdmindia.gov.in/project_details_view_report.php?id=1869" "Mozilla/5.0 (Linux; Android 5.1.1; SAMSUNG SM-J200G Build/LMY47X) AppleWebKit/537.36 (KHTML, like Gecko) SamsungBrowser/3.5 Chrome/38.0.2125.102 Mobile Safari/537.36"
47.8.6.89 - - [13/Jun/2017:11:10:07 +0530] "GET /favicon.ico HTTP/1.1" 200 1189 "-" "Mozilla/5.0 (Linux; Android 5.1.1; SAMSUNG SM-J200G Build/LMY47X) AppleWebKit/537.36 (KHTML, like Gecko) SamsungBrowser/3.5 Chrome/38.0.2125.102 Mobile Safari/537.36"
111.93.251.186 - - [13/Jun/2017:11:10:40 +0530] "GET /Approved_proj_reports_list_details.php?id=1&reporttype=1&scale=&sdt=2005-01-01&edt=2017-05-29&exec=&page=80 HTTP/1.1" 200 17618 "http://www.cdmindia.gov.in/Approved_proj_reports_list_details.php?id=1&reporttype=1&scale=&sdt=2005-01-01&edt=2017-05-29&exec=&page=79" "Mozilla/5.0 (Windows NT 10.0; Win64; x64) AppleWebKit/537.36 (KHTML, like Gecko) Chrome/58.0.3029.110 Safari/537.36"
117.218.136.176 - - [13/Jun/2017:11:11:08 +0530] "GET /project_details_view.php?id=1408 HTTP/1.1" 200 15406 "https://www.google.co.in/" "Mozilla/5.0 (Windows NT 6.1; Win64; x64) AppleWebKit/537.36 (KHTML, like Gecko) Chrome/58.0.3029.110 Safari/537.36"
117.218.136.176 - - [13/Jun/2017:11:11:08 +0530] "GET /includes/ncdma.css HTTP/1.1" 200 13023 "http://www.cdmindia.gov.in/project_details_view.php?id=1408" "Mozilla/5.0 (Windows NT 6.1; Win64; x64) AppleWebKit/537.36 (KHTML, like Gecko) Chrome/58.0.3029.110 Safari/537.36"
117.218.136.176 - - [13/Jun/2017:11:11:08 +0530] "GET /ncdma.css HTTP/1.1" 200 12640 "http://www.cdmindia.gov.in/project_details_view.php?id=1408" "Mozilla/5.0 (Windows NT 6.1; Win64; x64) AppleWebKit/537.36 (KHTML, like Gecko) Chrome/58.0.3029.110 Safari/537.36"
117.218.136.176 - - [13/Jun/2017:11:11:08 +0530] "GET /Scripts/AC_RunActiveContent.js HTTP/1.1" 200 8321 "http://www.cdmindia.gov.in/project_details_view.php?id=1408" "Mozilla/5.0 (Windows NT 6.1; Win64; x64) AppleWebKit/537.36 (KHTML, like Gecko) Chrome/58.0.3029.110 Safari/537.36"
117.218.136.176 - - [13/Jun/2017:11:11:08 +0530] "GET /images/img1.jpg HTTP/1.1" 200 1251 "http://www.cdmindia.gov.in/project_details_view.php?id=1408" "Mozilla/5.0 (Windows NT 6.1; Win64; x64) AppleWebKit/537.36 (KHTML, like Gecko) Chrome/58.0.3029.110 Safari/537.36"
117.218.136.176 - - [13/Jun/2017:11:11:08 +0530] "GET /images/img2.jpg HTTP/1.1" 200 16276 "http://www.cdmindia.gov.in/project_details_view.php?id=1408" "Mozilla/5.0 (Windows NT 6.1; Win64; x64) AppleWebKit/537.36 (KHTML, like Gecko) Chrome/58.0.3029.110 Safari/537.36"
117.218.136.176 - - [13/Jun/2017:11:11:08 +0530] "GET /images/spacer.gif HTTP/1.1" 200 43 "http://www.cdmindia.gov.in/project_details_view.php?id=1408" "Mozilla/5.0 (Windows NT 6.1; Win64; x64) AppleWebKit/537.36 (KHTML, like Gecko) Chrome/58.0.3029.110 Safari/537.36"
117.218.136.176 - - [13/Jun/2017:11:11:08 +0530] "GET /images/bullet1.gif HTTP/1.1" 200 67 "http://www.cdmindia.gov.in/project_details_view.php?id=1408" "Mozilla/5.0 (Windows NT 6.1; Win64; x64) AppleWebKit/537.36 (KHTML, like Gecko) Chrome/58.0.3029.110 Safari/537.36"
117.218.136.176 - - [13/Jun/2017:11:11:08 +0530] "GET /images/bulllet2.gif HTTP/1.1" 200 58 "http://www.cdmindia.gov.in/project_details_view.php?id=1408" "Mozilla/5.0 (Windows NT 6.1; Win64; x64) AppleWebKit/537.36 (KHTML, like Gecko) Chrome/58.0.3029.110 Safari/537.36"
117.218.136.176 - - [13/Jun/2017:11:11:08 +0530] "GET /images/img3.jpg HTTP/1.1" 200 26957 "http://www.cdmindia.gov.in/project_details_view.php?id=1408" "Mozilla/5.0 (Windows NT 6.1; Win64; x64) AppleWebKit/537.36 (KHTML, like Gecko) Chrome/58.0.3029.110 Safari/537.36"
117.218.136.176 - - [13/Jun/2017:11:11:08 +0530] "GET /images/bullet4.gif HTTP/1.1" 200 67 "http://www.cdmindia.gov.in/project_details_view.php?id=1408" "Mozilla/5.0 (Windows NT 6.1; Win64; x64) AppleWebKit/537.36 (KHTML, like Gecko) Chrome/58.0.3029.110 Safari/537.36"
117.218.136.176 - - [13/Jun/2017:11:11:08 +0530] "GET /images/fdm.jpg HTTP/1.1" 200 2043 "http://www.cdmindia.gov.in/project_details_view.php?id=1408" "Mozilla/5.0 (Windows NT 6.1; Win64; x64) AppleWebKit/537.36 (KHTML, like Gecko) Chrome/58.0.3029.110 Safari/537.36"
117.218.136.176 - - [13/Jun/2017:11:11:08 +0530] "GET /images/gtz.jpg HTTP/1.1" 200 15484 "http://www.cdmindia.gov.in/project_details_view.php?id=1408" "Mozilla/5.0 (Windows NT 6.1; Win64; x64) AppleWebKit/537.36 (KHTML, like Gecko) Chrome/58.0.3029.110 Safari/537.36"
117.218.136.176 - - [13/Jun/2017:11:11:08 +0530] "GET /images/fbg.jpg HTTP/1.1" 200 325 "http://www.cdmindia.gov.in/project_details_view.php?id=1408" "Mozilla/5.0 (Windows NT 6.1; Win64; x64) AppleWebKit/537.36 (KHTML, like Gecko) Chrome/58.0.3029.110 Safari/537.36"
117.218.136.176 - - [13/Jun/2017:11:11:08 +0530] "GET /favicon.ico HTTP/1.1" 200 1189 "http://www.cdmindia.gov.in/project_details_view.php?id=1408" "Mozilla/5.0 (Windows NT 6.1; Win64; x64) AppleWebKit/537.36 (KHTML, like Gecko) Chrome/58.0.3029.110 Safari/537.36"
111.93.251.186 - - [13/Jun/2017:11:11:32 +0530] "GET /project_details_view.php?id=283&oid=1&page=80&reporttype=1 HTTP/1.1" 200 14422 "http://www.cdmindia.gov.in/Approved_proj_reports_list_details.php?id=1&reporttype=1&scale=&sdt=2005-01-01&edt=2017-05-29&exec=&page=80" "Mozilla/5.0 (Windows NT 10.0; Win64; x64) AppleWebKit/537.36 (KHTML, like Gecko) Chrome/58.0.3029.110 Safari/537.36"
35.184.189.105 - - [13/Jun/2017:11:12:42 +0530] "GET /robots.txt HTTP/1.1" 404 208 "-" "ltx71 - (http://ltx71.com/)"
8.37.231.135 - - [13/Jun/2017:11:13:05 +0530] "GET /project_details_view.php?id=816 HTTP/1.1" 200 15270 "http://www.google.co.in/search?q=ganret%20vish.com" "UCWEB/2.0 (Java; U; MIDP-2.0; Nokia203/20.37) U2/1.0.0 UCBrowser/8.7.0.218 U2/1.0.0 Mobile"
8.37.231.135 - - [13/Jun/2017:11:13:06 +0530] "GET /Scripts/AC_RunActiveContent.js HTTP/1.1" 304 - "http://www.cdmindia.gov.in/project_details_view.php?id=816" "UCWEB/2.0 (Java; U; MIDP-2.0; Nokia203/20.37) U2/1.0.0 UCBrowser/8.7.0.218 U2/1.0.0 Mobile"
8.37.231.135 - - [13/Jun/2017:11:13:06 +0530] "GET /ncdma.css HTTP/1.1" 200 12640 "http://www.cdmindia.gov.in/project_details_view.php?id=816" "UCWEB/2.0 (Java; U; MIDP-2.0; Nokia203/20.37) U2/1.0.0 UCBrowser/8.7.0.218 U2/1.0.0 Mobile"
8.37.231.135 - - [13/Jun/2017:11:13:07 +0530] "GET /includes/ncdma.css HTTP/1.1" 200 13023 "http://www.cdmindia.gov.in/project_details_view.php?id=816" "UCWEB/2.0 (Java; U; MIDP-2.0; Nokia203/20.37) U2/1.0.0 UCBrowser/8.7.0.218 U2/1.0.0 Mobile"
8.37.231.135 - - [13/Jun/2017:11:13:07 +0530] "GET /images/fdm.jpg HTTP/1.1" 200 2043 "http://www.cdmindia.gov.in/project_details_view.php?id=816" "UCWEB/2.0 (Java; U; MIDP-2.0; Nokia203/20.37) U2/1.0.0 UCBrowser/8.7.0.218 U2/1.0.0 Mobile"
8.37.231.135 - - [13/Jun/2017:11:13:07 +0530] "GET /images/img2.jpg HTTP/1.1" 304 - "http://www.cdmindia.gov.in/project_details_view.php?id=816" "UCWEB/2.0 (Java; U; MIDP-2.0; Nokia203/20.37) U2/1.0.0 UCBrowser/8.7.0.218 U2/1.0.0 Mobile"
8.37.231.135 - - [13/Jun/2017:11:13:07 +0530] "GET /images/spacer.gif HTTP/1.1" 304 - "http://www.cdmindia.gov.in/project_details_view.php?id=816" "UCWEB/2.0 (Java; U; MIDP-2.0; Nokia203/20.37) U2/1.0.0 UCBrowser/8.7.0.218 U2/1.0.0 Mobile"
