64.233.173.47 - - [23/Jun/2017:08:17:50 +0530] "GET /images/bullet1.gif HTTP/1.1" 200 67 "http://www.cdmindia.gov.in/project_details_view.php?id=1501" "Mozilla/5.0 (Linux; Android 6.0.1; Moto G Play Build/MPI24.241-2.47) AppleWebKit/537.36 (KHTML, like Gecko) Chrome/52.0.2743.98 Mobile Safari/537.36"
64.233.173.47 - - [23/Jun/2017:08:17:50 +0530] "GET /images/bullet4.gif HTTP/1.1" 200 67 "http://www.cdmindia.gov.in/project_details_view.php?id=1501" "Mozilla/5.0 (Linux; Android 6.0.1; Moto G Play Build/MPI24.241-2.47) AppleWebKit/537.36 (KHTML, like Gecko) Chrome/52.0.2743.98 Mobile Safari/537.36"
64.233.173.51 - - [23/Jun/2017:08:17:50 +0530] "GET /images/fdm.jpg HTTP/1.1" 200 2043 "http://www.cdmindia.gov.in/project_details_view.php?id=1501" "Mozilla/5.0 (Linux; Android 6.0.1; Moto G Play Build/MPI24.241-2.47) AppleWebKit/537.36 (KHTML, like Gecko) Chrome/52.0.2743.98 Mobile Safari/537.36"
64.233.173.51 - - [23/Jun/2017:08:17:50 +0530] "GET /images/bulllet2.gif HTTP/1.1" 200 58 "http://www.cdmindia.gov.in/project_details_view.php?id=1501" "Mozilla/5.0 (Linux; Android 6.0.1; Moto G Play Build/MPI24.241-2.47) AppleWebKit/537.36 (KHTML, like Gecko) Chrome/52.0.2743.98 Mobile Safari/537.36"
64.233.173.49 - - [23/Jun/2017:08:17:50 +0530] "GET /images/gtz.jpg HTTP/1.1" 200 15484 "http://www.cdmindia.gov.in/project_details_view.php?id=1501" "Mozilla/5.0 (Linux; Android 6.0.1; Moto G Play Build/MPI24.241-2.47) AppleWebKit/537.36 (KHTML, like Gecko) Chrome/52.0.2743.98 Mobile Safari/537.36"
64.233.173.51 - - [23/Jun/2017:08:17:50 +0530] "GET /images/img1.jpg HTTP/1.1" 200 1251 "http://www.cdmindia.gov.in/project_details_view.php?id=1501" "Mozilla/5.0 (Linux; Android 6.0.1; Moto G Play Build/MPI24.241-2.47) AppleWebKit/537.36 (KHTML, like Gecko) Chrome/52.0.2743.98 Mobile Safari/537.36"
64.233.173.47 - - [23/Jun/2017:08:17:50 +0530] "GET /images/fbg.jpg HTTP/1.1" 200 325 "http://www.cdmindia.gov.in/project_details_view.php?id=1501" "Mozilla/5.0 (Linux; Android 6.0.1; Moto G Play Build/MPI24.241-2.47) AppleWebKit/537.36 (KHTML, like Gecko) Chrome/52.0.2743.98 Mobile Safari/537.36"
64.233.173.47 - - [23/Jun/2017:08:17:50 +0530] "GET /images/img2.jpg HTTP/1.1" 200 16276 "http://www.cdmindia.gov.in/project_details_view.php?id=1501" "Mozilla/5.0 (Linux; Android 6.0.1; Moto G Play Build/MPI24.241-2.47) AppleWebKit/537.36 (KHTML, like Gecko) Chrome/52.0.2743.98 Mobile Safari/537.36"
64.233.173.49 - - [23/Jun/2017:08:17:50 +0530] "GET /images/img3.jpg HTTP/1.1" 200 26957 "http://www.cdmindia.gov.in/project_details_view.php?id=1501" "Mozilla/5.0 (Linux; Android 6.0.1; Moto G Play Build/MPI24.241-2.47) AppleWebKit/537.36 (KHTML, like Gecko) Chrome/52.0.2743.98 Mobile Safari/537.36"
64.233.173.47 - - [23/Jun/2017:08:17:51 +0530] "GET /favicon.ico HTTP/1.1" 200 1189 "http://www.cdmindia.gov.in/project_details_view.php?id=1501" "Mozilla/5.0 (Linux; Android 6.0.1; Moto G Play Build/MPI24.241-2.47) AppleWebKit/537.36 (KHTML, like Gecko) Chrome/52.0.2743.98 Mobile Safari/537.36"
35.184.189.105 - - [23/Jun/2017:08:18:16 +0530] "GET /robots.txt HTTP/1.1" 404 208 "-" "ltx71 - (http://ltx71.com/)"
66.102.6.111 - - [23/Jun/2017:08:21:16 +0530] "GET /project_details_view.php?id=1143 HTTP/1.1" 200 14466 "-" "Mozilla/5.0 (Linux; Android 4.2.1; en-us; Nexus 5 Build/JOP40D) AppleWebKit/535.19 (KHTML, like Gecko; googleweblight) Chrome/38.0.1025.166 Mobile Safari/535.19"
66.102.6.111 - - [23/Jun/2017:08:21:16 +0530] "GET /project_details_view.php?id=1143 HTTP/1.1" 200 14466 "-" "Mozilla/5.0 (Linux; Android 4.2.1; en-us; Nexus 5 Build/JOP40D) AppleWebKit/535.19 (KHTML, like Gecko; googleweblight) Chrome/38.0.1025.166 Mobile Safari/535.19"
66.102.6.113 - - [23/Jun/2017:08:21:16 +0530] "GET /images/gtz.jpg HTTP/1.1" 200 15484 "http://www.cdmindia.gov.in/project_details_view.php?id=1143" "Mozilla/5.0 (Linux; Android 4.2.1; en-us; Nexus 5 Build/JOP40D) AppleWebKit/535.19 (KHTML, like Gecko; googleweblight) Chrome/38.0.1025.166 Mobile Safari/535.19"
66.102.6.115 - - [23/Jun/2017:08:21:16 +0530] "GET /ncdma.css HTTP/1.1" 200 12640 "http://www.cdmindia.gov.in/project_details_view.php?id=1143" "Mozilla/5.0 (Linux; Android 4.2.1; en-us; Nexus 5 Build/JOP40D) AppleWebKit/535.19 (KHTML, like Gecko; googleweblight) Chrome/38.0.1025.166 Mobile Safari/535.19"
66.102.6.115 - - [23/Jun/2017:08:21:16 +0530] "GET /images/img3.jpg HTTP/1.1" 200 26957 "http://www.cdmindia.gov.in/project_details_view.php?id=1143" "Mozilla/5.0 (Linux; Android 4.2.1; en-us; Nexus 5 Build/JOP40D) AppleWebKit/535.19 (KHTML, like Gecko; googleweblight) Chrome/38.0.1025.166 Mobile Safari/535.19"
66.102.6.113 - - [23/Jun/2017:08:22:48 +0530] "HEAD /project_details_view.php?id=1143 HTTP/1.1" 200 - "-" "Mozilla/5.0 (Linux; Android 4.2.1; en-us; Nexus 5 Build/JOP40D) AppleWebKit/535.19 (KHTML, like Gecko) Chrome/38.0.1025.166 Mobile Safari/535.19 Google"
66.102.6.115 - - [23/Jun/2017:08:23:27 +0530] "HEAD /project_details_view.php?id=1143 HTTP/1.1" 200 - "-" "Mozilla/5.0 (Linux; Android 4.2.1; en-us; Nexus 5 Build/JOP40D) AppleWebKit/535.19 (KHTML, like Gecko) Chrome/38.0.1025.166 Mobile Safari/535.19 Google"
157.55.39.81 - - [23/Jun/2017:08:25:15 +0530] "GET /project_details_view.php?id=1069 HTTP/1.1" 200 14654 "-" "Mozilla/5.0 (iPhone; CPU iPhone OS 7_0 like Mac OS X) AppleWebKit/537.51.1 (KHTML, like Gecko) Version/7.0 Mobile/11A465 Safari/9537.53 (compatible; bingbot/2.0; +http://www.bing.com/bingbot.htm)"
202.46.50.13 - - [23/Jun/2017:08:26:12 +0530] "GET /project_details_view_report.php?id=1084 HTTP/1.1" 200 13274 "-" "Mozilla/5.0 (Windows NT 10.0; WOW64) AppleWebKit/537.36 (KHTML, like Gecko) Chrome/45.0.2454.93 Safari/537.36"
66.249.79.15 - - [23/Jun/2017:08:26:58 +0530] "GET /project_details_view.php?id=1334&oid=&page=28&reporttype= HTTP/1.1" 200 14414 "-" "Mozilla/5.0 (compatible; Googlebot/2.1; +http://www.google.com/bot.html)"
66.249.79.17 - - [23/Jun/2017:08:26:58 +0530] "GET /robots.txt HTTP/1.1" 404 208 "-" "Mozilla/5.0 (compatible; Googlebot/2.1; +http://www.google.com/bot.html)"
207.241.225.236 - - [23/Jun/2017:08:27:15 +0530] "GET /robots.txt HTTP/1.1" 404 208 "-" "Mozilla/5.0 (compatible; archive.org_bot; Wayback Machine Live Record; +http://archive.org/details/archive.org_bot)"
207.241.225.236 - - [23/Jun/2017:08:27:16 +0530] "GET /robots.txt HTTP/1.1" 404 208 "-" "Mozilla/5.0 (compatible; archive.org_bot; Wayback Machine Live Record; +http://archive.org/details/archive.org_bot)"
66.249.79.19 - - [23/Jun/2017:08:28:13 +0530] "GET /registration.php HTTP/1.1" 302 28529 "-" "Mozilla/5.0 (compatible; Googlebot/2.1; +http://www.google.com/bot.html)"
66.249.79.19 - - [23/Jun/2017:08:28:14 +0530] "GET /logout.php HTTP/1.1" 302 369 "-" "Mozilla/5.0 (compatible; Googlebot/2.1; +http://www.google.com/bot.html)"
66.249.79.15 - - [23/Jun/2017:08:28:14 +0530] "GET /index.php HTTP/1.1" 200 19480 "-" "Mozilla/5.0 (compatible; Googlebot/2.1; +http://www.google.com/bot.html)"
66.249.79.19 - - [23/Jun/2017:08:32:07 +0530] "GET / HTTP/1.1" 200 19480 "-" "Mozilla/5.0 (compatible; Googlebot/2.1; +http://www.google.com/bot.html)"
66.249.79.17 - - [23/Jun/2017:08:32:13 +0530] "GET /project_details_view.php?id=671 HTTP/1.1" 200 15100 "-" "Mozilla/5.0 (compatible; Googlebot/2.1; +http://www.google.com/bot.html)"
146.148.64.128 - - [23/Jun/2017:08:36:19 +0530] "GET /robots.txt HTTP/1.1" 404 208 "-" "ltx71 - (http://ltx71.com/)"
35.184.189.105 - - [23/Jun/2017:08:36:25 +0530] "GET /robots.txt HTTP/1.1" 404 208 "-" "ltx71 - (http://ltx71.com/)"
66.249.79.21 - - [23/Jun/2017:08:37:08 +0530] "GET /project_details_view.php?id=760 HTTP/1.1" 200 14926 "-" "Mozilla/5.0 (compatible; Googlebot/2.1; +http://www.google.com/bot.html)"
146.148.64.128 - - [23/Jun/2017:08:37:22 +0530] "GET /imp_links.php HTTP/1.1" 200 17834 "-" "ltx71 - (http://ltx71.com/)"
66.249.79.17 - - [23/Jun/2017:08:38:07 +0530] "GET /images/midbanner.swf HTTP/1.1" 200 285833 "-" "Mozilla/5.0 (compatible; Googlebot/2.1; +http://www.google.com/bot.html)"
216.244.66.248 - - [23/Jun/2017:08:39:23 +0530] "GET /sitemap.php HTTP/1.1" 200 18469 "-" "Mozilla/5.0 (compatible; DotBot/1.1; http://www.opensiteexplorer.org/dotbot, help@moz.com)"
66.249.79.21 - - [23/Jun/2017:08:42:18 +0530] "GET /Approved_proj_reports_list_details.php?id=1&reporttype=1&scale=&sdt=&edt=&exec=&page=23 HTTP/1.1" 200 17236 "-" "Mozilla/5.0 (compatible; Googlebot/2.1; +http://www.google.com/bot.html)"
157.55.39.174 - - [23/Jun/2017:08:42:29 +0530] "GET /approved_projects.php HTTP/1.1" 200 16642 "-" "Mozilla/5.0 (iPhone; CPU iPhone OS 7_0 like Mac OS X) AppleWebKit/537.51.1 (KHTML, like Gecko) Version/7.0 Mobile/11A465 Safari/9537.53 (compatible; bingbot/2.0; +http://www.bing.com/bingbot.htm)"
64.233.173.51 - - [23/Jun/2017:08:44:18 +0530] "GET /project_details_view.php?id=1258 HTTP/1.1" 200 14032 "https://www.google.co.in/" "Mozilla/5.0 (Linux; Android 6.0.1; Moto G Play Build/MPI24.241-2.47) AppleWebKit/537.36 (KHTML, like Gecko) Chrome/52.0.2743.98 Mobile Safari/537.36"
64.233.173.51 - - [23/Jun/2017:08:45:33 +0530] "GET /project_details_view.php?id=1334 HTTP/1.1" 200 14414 "https://www.google.co.in/" "Mozilla/5.0 (Linux; Android 6.0.1; Moto G Play Build/MPI24.241-2.47) AppleWebKit/537.36 (KHTML, like Gecko) Chrome/52.0.2743.98 Mobile Safari/537.36"
202.46.48.141 - - [23/Jun/2017:08:46:02 +0530] "GET /project_details_view.php?id=589 HTTP/1.1" 200 15519 "-" "Mozilla/5.0 (Windows NT 10.0; WOW64) AppleWebKit/537.36 (KHTML, like Gecko) Chrome/45.0.2454.93 Safari/537.36"
66.249.79.15 - - [23/Jun/2017:08:47:20 +0530] "GET /project_details_view.php?id=1201 HTTP/1.1" 200 15272 "-" "Mozilla/5.0 (compatible; Googlebot/2.1; +http://www.google.com/bot.html)"
66.249.79.15 - - [23/Jun/2017:08:47:26 +0530] "GET /reports_new.php?n=1 HTTP/1.1" 200 22411 "-" "Mozilla/5.0 (compatible; Googlebot/2.1; +http://www.google.com/bot.html)"
146.148.64.128 - - [23/Jun/2017:08:47:43 +0530] "GET /robots.txt HTTP/1.1" 404 208 "-" "ltx71 - (http://ltx71.com/)"
146.148.64.128 - - [23/Jun/2017:08:48:58 +0530] "GET /detail_news.php?id=19 HTTP/1.1" 302 19082 "-" "ltx71 - (http://ltx71.com/)"
146.148.64.128 - - [23/Jun/2017:08:50:09 +0530] "GET /detail_news.php?id=18 HTTP/1.1" 302 18713 "-" "ltx71 - (http://ltx71.com/)"
146.148.64.128 - - [23/Jun/2017:08:51:09 +0530] "GET /detail_news.php?id=17 HTTP/1.1" 302 18570 "-" "ltx71 - (http://ltx71.com/)"
35.184.189.105 - - [23/Jun/2017:08:52:30 +0530] "GET /robots.txt HTTP/1.1" 404 208 "-" "ltx71 - (http://ltx71.com/)"
146.148.64.128 - - [23/Jun/2017:08:52:39 +0530] "GET /detail_news.php?id=5 HTTP/1.1" 302 19150 "-" "ltx71 - (http://ltx71.com/)"
168.235.206.134 - - [23/Jun/2017:08:56:08 +0530] "GET /project_details_view.php?id=1334 HTTP/1.1" 200 14414 "http://www.google.co.in/search?site=webhp&q=%E0%A4%85%E0%A4%B6%E0%A5%8D%E0%A4%B5%E0%A4%B6%E0%A4%95%E0%A5%8D%E0%A4%A4%E0%A4%BF+khosmhooshydelprojectchaanju+%E0%A4%9A%E0%A4%82%E0%A4%AC%E0%A4%BE&hl=hi&ohl=hi&tsq=hp+khosmhooshydelprojectchaanju+chamba&sa=X&ved=0ahUKEwiHl6OtgdPUAhUEPo8KHbZxBOMQ9nEIJygA" "Mozilla/5.0 (Linux; U; Android 4.4.2; en-US; SM-G350E Build/KOT49H) AppleWebKit/534.30 (KHTML, like Gecko) Version/4.0 UCBrowser/10.2.0.535 U3/0.8.0 Mobile Safari/534.30"
168.235.206.134 - - [23/Jun/2017:08:56:09 +0530] "GET /images/spacer.gif HTTP/1.1" 200 43 "http://www.cdmindia.gov.in/project_details_view.php?id=1334" "Mozilla/5.0 (Linux; U; Android 4.4.2; en-US; SM-G350E Build/KOT49H) AppleWebKit/534.30 (KHTML, like Gecko) Version/4.0 UCBrowser/10.2.0.535 U3/0.8.0 Mobile Safari/534.30"
168.235.206.134 - - [23/Jun/2017:08:56:09 +0530] "GET /images/bullet1.gif HTTP/1.1" 304 - "http://www.cdmindia.gov.in/project_details_view.php?id=1334" "Mozilla/5.0 (Linux; U; Android 4.4.2; en-US; SM-G350E Build/KOT49H) AppleWebKit/534.30 (KHTML, like Gecko) Version/4.0 UCBrowser/10.2.0.535 U3/0.8.0 Mobile Safari/534.30"
168.235.206.134 - - [23/Jun/2017:08:56:09 +0530] "GET /Scripts/AC_RunActiveContent.js HTTP/1.1" 200 8321 "http://www.cdmindia.gov.in/project_details_view.php?id=1334" "Mozilla/5.0 (Linux; U; Android 4.4.2; en-US; SM-G350E Build/KOT49H) AppleWebKit/534.30 (KHTML, like Gecko) Version/4.0 UCBrowser/10.2.0.535 U3/0.8.0 Mobile Safari/534.30"
168.235.206.134 - - [23/Jun/2017:08:56:09 +0530] "GET /images/gtz.jpg HTTP/1.1" 200 15484 "http://www.cdmindia.gov.in/project_details_view.php?id=1334" "Mozilla/5.0 (Linux; U; Android 4.4.2; en-US; SM-G350E Build/KOT49H) AppleWebKit/534.30 (KHTML, like Gecko) Version/4.0 UCBrowser/10.2.0.535 U3/0.8.0 Mobile Safari/534.30"
168.235.206.134 - - [23/Jun/2017:08:56:09 +0530] "GET /includes/ncdma.css HTTP/1.1" 200 13023 "http://www.cdmindia.gov.in/project_details_view.php?id=1334" "Mozilla/5.0 (Linux; U; Android 4.4.2; en-US; SM-G350E Build/KOT49H) AppleWebKit/534.30 (KHTML, like Gecko) Version/4.0 UCBrowser/10.2.0.535 U3/0.8.0 Mobile Safari/534.30"
168.235.206.134 - - [23/Jun/2017:08:56:09 +0530] "GET /images/bullet4.gif HTTP/1.1" 304 - "http://www.cdmindia.gov.in/project_details_view.php?id=1334" "Mozilla/5.0 (Linux; U; Android 4.4.2; en-US; SM-G350E Build/KOT49H) AppleWebKit/534.30 (KHTML, like Gecko) Version/4.0 UCBrowser/10.2.0.535 U3/0.8.0 Mobile Safari/534.30"
168.235.206.134 - - [23/Jun/2017:08:56:09 +0530] "GET /images/bulllet2.gif HTTP/1.1" 304 - "http://www.cdmindia.gov.in/project_details_view.php?id=1334" "Mozilla/5.0 (Linux; U; Android 4.4.2; en-US; SM-G350E Build/KOT49H) AppleWebKit/534.30 (KHTML, like Gecko) Version/4.0 UCBrowser/10.2.0.535 U3/0.8.0 Mobile Safari/534.30"
168.235.206.134 - - [23/Jun/2017:08:56:09 +0530] "GET /images/fdm.jpg HTTP/1.1" 200 2043 "http://www.cdmindia.gov.in/project_details_view.php?id=1334" "Mozilla/5.0 (Linux; U; Android 4.4.2; en-US; SM-G350E Build/KOT49H) AppleWebKit/534.30 (KHTML, like Gecko) Version/4.0 UCBrowser/10.2.0.535 U3/0.8.0 Mobile Safari/534.30"
168.235.206.134 - - [23/Jun/2017:08:56:09 +0530] "GET /ncdma.css HTTP/1.1" 200 12640 "http://www.cdmindia.gov.in/project_details_view.php?id=1334" "Mozilla/5.0 (Linux; U; Android 4.4.2; en-US; SM-G350E Build/KOT49H) AppleWebKit/534.30 (KHTML, like Gecko) Version/4.0 UCBrowser/10.2.0.535 U3/0.8.0 Mobile Safari/534.30"
168.235.206.134 - - [23/Jun/2017:08:56:09 +0530] "GET /images/img2.jpg HTTP/1.1" 200 16276 "http://www.cdmindia.gov.in/project_details_view.php?id=1334" "Mozilla/5.0 (Linux; U; Android 4.4.2; en-US; SM-G350E Build/KOT49H) AppleWebKit/534.30 (KHTML, like Gecko) Version/4.0 UCBrowser/10.2.0.535 U3/0.8.0 Mobile Safari/534.30"
168.235.206.134 - - [23/Jun/2017:08:56:09 +0530] "GET /images/img3.jpg HTTP/1.1" 200 26957 "http://www.cdmindia.gov.in/project_details_view.php?id=1334" "Mozilla/5.0 (Linux; U; Android 4.4.2; en-US; SM-G350E Build/KOT49H) AppleWebKit/534.30 (KHTML, like Gecko) Version/4.0 UCBrowser/10.2.0.535 U3/0.8.0 Mobile Safari/534.30"
168.235.206.134 - - [23/Jun/2017:08:56:16 +0530] "GET /images/img1.jpg HTTP/1.1" 200 1251 "http://www.cdmindia.gov.in/project_details_view.php?id=1334" "Mozilla/5.0 (Linux; U; Android 4.4.2; en-US; SM-G350E Build/KOT49H) AppleWebKit/534.30 (KHTML, like Gecko) Version/4.0 UCBrowser/10.2.0.535 U3/0.8.0 Mobile Safari/534.30"
168.235.206.134 - - [23/Jun/2017:08:56:16 +0530] "GET /images/fbg.jpg HTTP/1.1" 304 - "http://www.cdmindia.gov.in/project_details_view.php?id=1334" "Mozilla/5.0 (Linux; U; Android 4.4.2; en-US; SM-G350E Build/KOT49H) AppleWebKit/534.30 (KHTML, like Gecko) Version/4.0 UCBrowser/10.2.0.535 U3/0.8.0 Mobile Safari/534.30"
168.235.206.134 - - [23/Jun/2017:08:56:23 +0530] "GET /images/favicon.ico HTTP/1.1" 200 1406 "http://www.cdmindia.gov.in/project_details_view.php?id=1334" "Mozilla/5.0 (Linux; U; Android 4.4.2; en-US; SM-G350E Build/KOT49H) AppleWebKit/534.30 (KHTML, like Gecko) Version/4.0 UCBrowser/10.2.0.535 U3/0.8.0 Mobile Safari/534.30"
66.249.79.15 - - [23/Jun/2017:08:56:35 +0530] "GET /detail_news.php?id=18 HTTP/1.1" 302 18713 "-" "Mozilla/5.0 (compatible; Googlebot/2.1; +http://www.google.com/bot.html)"
66.249.79.19 - - [23/Jun/2017:08:56:36 +0530] "GET /logout.php HTTP/1.1" 302 369 "-" "Mozilla/5.0 (compatible; Googlebot/2.1; +http://www.google.com/bot.html)"
66.249.79.19 - - [23/Jun/2017:08:56:37 +0530] "GET /index.php HTTP/1.1" 200 19480 "-" "Mozilla/5.0 (compatible; Googlebot/2.1; +http://www.google.com/bot.html)"
40.77.167.35 - - [23/Jun/2017:08:57:07 +0530] "GET /images/NCDMA%20PCN%20Format%2017072009.doc HTTP/1.1" 200 114176 "-" "Mozilla/5.0 (compatible; bingbot/2.0; +http://www.bing.com/bingbot.htm)"
66.249.79.19 - - [23/Jun/2017:08:57:18 +0530] "GET /project_details_view_report.php?id=857 HTTP/1.1" 200 13164 "-" "Mozilla/5.0 (compatible; Googlebot/2.1; +http://www.google.com/bot.html)"
64.233.173.49 - - [23/Jun/2017:08:57:55 +0530] "GET /project_details_view.php?id=894 HTTP/1.1" 200 15169 "https://www.google.co.in/" "Mozilla/5.0 (Linux; Android 6.0.1; Moto G Play Build/MPI24.241-2.47) AppleWebKit/537.36 (KHTML, like Gecko) Chrome/52.0.2743.98 Mobile Safari/537.36"
78.92.3.222 - - [23/Jun/2017:08:57:56 +0530] "GET /wp-login.php HTTP/1.1" 404 210 "-" "Mozilla/5.0 (Windows NT 6.1; WOW64; rv:40.0) Gecko/20100101 Firefox/40.1"
78.92.3.222 - - [23/Jun/2017:08:57:57 +0530] "GET / HTTP/1.1" 200 19480 "-" "Mozilla/5.0 (Windows NT 6.1; WOW64; rv:40.0) Gecko/20100101 Firefox/40.1"
35.184.189.105 - - [23/Jun/2017:08:59:13 +0530] "GET /robots.txt HTTP/1.1" 404 208 "-" "ltx71 - (http://ltx71.com/)"
35.184.189.105 - - [23/Jun/2017:09:00:11 +0530] "GET /Scripts/AC_RunActiveContent.js HTTP/1.1" 200 8321 "-" "ltx71 - (http://ltx71.com/)"
202.46.49.195 - - [23/Jun/2017:09:05:52 +0530] "GET /project_details_view.php?id=1110 HTTP/1.1" 200 13962 "-" "Mozilla/5.0 (Windows NT 10.0; WOW64) AppleWebKit/537.36 (KHTML, like Gecko) Chrome/45.0.2454.93 Safari/537.36"
66.249.79.15 - - [23/Jun/2017:09:06:13 +0530] "GET /detail_news.php?id=19 HTTP/1.1" 302 19082 "-" "Mozilla/5.0 (compatible; Googlebot/2.1; +http://www.google.com/bot.html)"
66.249.79.17 - - [23/Jun/2017:09:06:14 +0530] "GET /logout.php HTTP/1.1" 302 369 "-" "Mozilla/5.0 (compatible; Googlebot/2.1; +http://www.google.com/bot.html)"
66.249.79.19 - - [23/Jun/2017:09:06:15 +0530] "GET /index.php HTTP/1.1" 200 19480 "-" "Mozilla/5.0 (compatible; Googlebot/2.1; +http://www.google.com/bot.html)"
66.249.79.93 - - [23/Jun/2017:09:07:39 +0530] "GET /uploads/102113119Undertaking.pdf HTTP/1.1" 304 - "-" "Mozilla/5.0 (compatible; Googlebot/2.1; +http://www.google.com/bot.html)"
35.184.189.105 - - [23/Jun/2017:09:08:11 +0530] "GET /robots.txt HTTP/1.1" 404 208 "-" "ltx71 - (http://ltx71.com/)"
192.157.254.197 - - [23/Jun/2017:09:10:43 +0530] "HEAD / HTTP/1.1" 200 - "https://www.inboundlinks.win/InboundLinks/www.cdmindia.gov.in" "Mozilla/5.0 (compatible; MSIE 9.0; Windows NT 6.1; WOW64; Trident/5.0)"
101.222.227.130 - - [23/Jun/2017:09:11:24 +0530] "GET /project_details_view.php?id=994 HTTP/1.1" 200 14142 "https://www.google.co.in/" "Mozilla/5.0 (Linux; Android 5.1; Snap 4G2 Build/LMY47D) AppleWebKit/537.36 (KHTML, like Gecko) Chrome/58.0.3029.83 Safari/537.36"
101.222.227.130 - - [23/Jun/2017:09:11:24 +0530] "GET /includes/ncdma.css HTTP/1.1" 200 13023 "http://www.cdmindia.gov.in/project_details_view.php?id=994" "Mozilla/5.0 (Linux; Android 5.1; Snap 4G2 Build/LMY47D) AppleWebKit/537.36 (KHTML, like Gecko) Chrome/58.0.3029.83 Safari/537.36"
101.222.227.130 - - [23/Jun/2017:09:11:24 +0530] "GET /ncdma.css HTTP/1.1" 200 12640 "http://www.cdmindia.gov.in/project_details_view.php?id=994" "Mozilla/5.0 (Linux; Android 5.1; Snap 4G2 Build/LMY47D) AppleWebKit/537.36 (KHTML, like Gecko) Chrome/58.0.3029.83 Safari/537.36"
101.222.227.130 - - [23/Jun/2017:09:11:24 +0530] "GET /Scripts/AC_RunActiveContent.js HTTP/1.1" 200 8321 "http://www.cdmindia.gov.in/project_details_view.php?id=994" "Mozilla/5.0 (Linux; Android 5.1; Snap 4G2 Build/LMY47D) AppleWebKit/537.36 (KHTML, like Gecko) Chrome/58.0.3029.83 Safari/537.36"
101.222.227.130 - - [23/Jun/2017:09:11:25 +0530] "GET /images/spacer.gif HTTP/1.1" 200 43 "http://www.cdmindia.gov.in/project_details_view.php?id=994" "Mozilla/5.0 (Linux; Android 5.1; Snap 4G2 Build/LMY47D) AppleWebKit/537.36 (KHTML, like Gecko) Chrome/58.0.3029.83 Safari/537.36"
101.222.227.130 - - [23/Jun/2017:09:11:25 +0530] "GET /images/bullet1.gif HTTP/1.1" 200 67 "http://www.cdmindia.gov.in/project_details_view.php?id=994" "Mozilla/5.0 (Linux; Android 5.1; Snap 4G2 Build/LMY47D) AppleWebKit/537.36 (KHTML, like Gecko) Chrome/58.0.3029.83 Safari/537.36"
101.222.227.130 - - [23/Jun/2017:09:11:25 +0530] "GET /images/bulllet2.gif HTTP/1.1" 200 58 "http://www.cdmindia.gov.in/project_details_view.php?id=994" "Mozilla/5.0 (Linux; Android 5.1; Snap 4G2 Build/LMY47D) AppleWebKit/537.36 (KHTML, like Gecko) Chrome/58.0.3029.83 Safari/537.36"
101.222.227.130 - - [23/Jun/2017:09:11:25 +0530] "GET /images/bullet4.gif HTTP/1.1" 200 67 "http://www.cdmindia.gov.in/project_details_view.php?id=994" "Mozilla/5.0 (Linux; Android 5.1; Snap 4G2 Build/LMY47D) AppleWebKit/537.36 (KHTML, like Gecko) Chrome/58.0.3029.83 Safari/537.36"
101.222.227.130 - - [23/Jun/2017:09:11:25 +0530] "GET /images/img2.jpg HTTP/1.1" 200 16276 "http://www.cdmindia.gov.in/project_details_view.php?id=994" "Mozilla/5.0 (Linux; Android 5.1; Snap 4G2 Build/LMY47D) AppleWebKit/537.36 (KHTML, like Gecko) Chrome/58.0.3029.83 Safari/537.36"
101.222.227.130 - - [23/Jun/2017:09:11:25 +0530] "GET /images/img3.jpg HTTP/1.1" 200 26957 "http://www.cdmindia.gov.in/project_details_view.php?id=994" "Mozilla/5.0 (Linux; Android 5.1; Snap 4G2 Build/LMY47D) AppleWebKit/537.36 (KHTML, like Gecko) Chrome/58.0.3029.83 Safari/537.36"
101.222.227.130 - - [23/Jun/2017:09:11:25 +0530] "GET /images/fbg.jpg HTTP/1.1" 200 325 "http://www.cdmindia.gov.in/project_details_view.php?id=994" "Mozilla/5.0 (Linux; Android 5.1; Snap 4G2 Build/LMY47D) AppleWebKit/537.36 (KHTML, like Gecko) Chrome/58.0.3029.83 Safari/537.36"
101.222.227.130 - - [23/Jun/2017:09:11:25 +0530] "GET /images/img1.jpg HTTP/1.1" 200 1251 "http://www.cdmindia.gov.in/project_details_view.php?id=994" "Mozilla/5.0 (Linux; Android 5.1; Snap 4G2 Build/LMY47D) AppleWebKit/537.36 (KHTML, like Gecko) Chrome/58.0.3029.83 Safari/537.36"
101.222.227.130 - - [23/Jun/2017:09:11:25 +0530] "GET /images/fdm.jpg HTTP/1.1" 200 2043 "http://www.cdmindia.gov.in/project_details_view.php?id=994" "Mozilla/5.0 (Linux; Android 5.1; Snap 4G2 Build/LMY47D) AppleWebKit/537.36 (KHTML, like Gecko) Chrome/58.0.3029.83 Safari/537.36"
101.222.227.130 - - [23/Jun/2017:09:11:25 +0530] "GET /images/gtz.jpg HTTP/1.1" 200 15484 "http://www.cdmindia.gov.in/project_details_view.php?id=994" "Mozilla/5.0 (Linux; Android 5.1; Snap 4G2 Build/LMY47D) AppleWebKit/537.36 (KHTML, like Gecko) Chrome/58.0.3029.83 Safari/537.36"
101.222.227.130 - - [23/Jun/2017:09:11:26 +0530] "GET /favicon.ico HTTP/1.1" 200 1189 "http://www.cdmindia.gov.in/project_details_view.php?id=994" "Mozilla/5.0 (Linux; Android 5.1; Snap 4G2 Build/LMY47D) AppleWebKit/537.36 (KHTML, like Gecko) Chrome/58.0.3029.83 Safari/537.36"
54.193.114.69 - - [23/Jun/2017:09:12:10 +0530] "GET /robots.txt HTTP/1.1" 404 208 "-" "LinkedInBot/1.0 (compatible; Mozilla/5.0; Jakarta Commons-HttpClient/3.1 +http://www.linkedin.com)/1.0 (LinkedInBot; https://www.linkedin.com/; omni-crawler@linkedin.com)"
54.193.114.69 - - [23/Jun/2017:09:12:11 +0530] "GET / HTTP/1.1" 200 19480 "-" "LinkedInBot/1.0 (compatible; Mozilla/5.0; Jakarta Commons-HttpClient/3.1 +http://www.linkedin.com)/1.0 (LinkedInBot; https://www.linkedin.com/; omni-crawler@linkedin.com)"
66.249.79.15 - - [23/Jun/2017:09:15:46 +0530] "GET /detail_events.php?id= HTTP/1.1" 302 16738 "-" "Mozilla/5.0 (compatible; Googlebot/2.1; +http://www.google.com/bot.html)"
66.249.79.17 - - [23/Jun/2017:09:15:48 +0530] "GET /logout.php HTTP/1.1" 302 369 "-" "Mozilla/5.0 (compatible; Googlebot/2.1; +http://www.google.com/bot.html)"
66.249.79.17 - - [23/Jun/2017:09:15:49 +0530] "GET /index.php HTTP/1.1" 200 19480 "-" "Mozilla/5.0 (compatible; Googlebot/2.1; +http://www.google.com/bot.html)"
157.55.39.174 - - [23/Jun/2017:09:17:28 +0530] "GET /approved_projects.php?n=1 HTTP/1.1" 200 16642 "-" "Mozilla/5.0 (compatible; bingbot/2.0; +http://www.bing.com/bingbot.htm)"
66.249.79.15 - - [23/Jun/2017:09:17:47 +0530] "GET /project_details_view_report.php?id=1276 HTTP/1.1" 200 13281 "-" "Mozilla/5.0 (compatible; Googlebot/2.1; +http://www.google.com/bot.html)"
207.46.13.27 - - [23/Jun/2017:09:18:08 +0530] "GET /project_details_view.php?id=322 HTTP/1.1" 200 14459 "-" "Mozilla/5.0 (iPhone; CPU iPhone OS 7_0 like Mac OS X) AppleWebKit/537.51.1 (KHTML, like Gecko) Version/7.0 Mobile/11A465 Safari/9537.53 (compatible; bingbot/2.0; +http://www.bing.com/bingbot.htm)"
35.184.189.105 - - [23/Jun/2017:09:19:42 +0530] "GET /robots.txt HTTP/1.1" 404 208 "-" "ltx71 - (http://ltx71.com/)"
64.233.173.47 - - [23/Jun/2017:09:20:07 +0530] "GET /project_details_view.php?id=961 HTTP/1.1" 200 14398 "https://www.google.co.in/" "Mozilla/5.0 (Linux; Android 6.0.1; Redmi Note 3 Build/MMB29M) AppleWebKit/537.36 (KHTML, like Gecko) Chrome/56.0.2924.87 Mobile Safari/537.36"
64.233.173.51 - - [23/Jun/2017:09:20:08 +0530] "GET /Scripts/AC_RunActiveContent.js HTTP/1.1" 200 8321 "http://www.cdmindia.gov.in/project_details_view.php?id=961" "Mozilla/5.0 (Linux; Android 6.0.1; Redmi Note 3 Build/MMB29M) AppleWebKit/537.36 (KHTML, like Gecko) Chrome/56.0.2924.87 Mobile Safari/537.36"
64.233.173.51 - - [23/Jun/2017:09:20:08 +0530] "GET /includes/ncdma.css HTTP/1.1" 200 13023 "http://www.cdmindia.gov.in/project_details_view.php?id=961" "Mozilla/5.0 (Linux; Android 6.0.1; Redmi Note 3 Build/MMB29M) AppleWebKit/537.36 (KHTML, like Gecko) Chrome/56.0.2924.87 Mobile Safari/537.36"
64.233.173.47 - - [23/Jun/2017:09:20:08 +0530] "GET /ncdma.css HTTP/1.1" 200 12640 "http://www.cdmindia.gov.in/project_details_view.php?id=961" "Mozilla/5.0 (Linux; Android 6.0.1; Redmi Note 3 Build/MMB29M) AppleWebKit/537.36 (KHTML, like Gecko) Chrome/56.0.2924.87 Mobile Safari/537.36"
64.233.173.49 - - [23/Jun/2017:09:20:08 +0530] "GET /images/spacer.gif HTTP/1.1" 200 43 "http://www.cdmindia.gov.in/project_details_view.php?id=961" "Mozilla/5.0 (Linux; Android 6.0.1; Redmi Note 3 Build/MMB29M) AppleWebKit/537.36 (KHTML, like Gecko) Chrome/56.0.2924.87 Mobile Safari/537.36"
64.233.173.51 - - [23/Jun/2017:09:20:08 +0530] "GET /images/bullet1.gif HTTP/1.1" 200 67 "http://www.cdmindia.gov.in/project_details_view.php?id=961" "Mozilla/5.0 (Linux; Android 6.0.1; Redmi Note 3 Build/MMB29M) AppleWebKit/537.36 (KHTML, like Gecko) Chrome/56.0.2924.87 Mobile Safari/537.36"
64.233.173.49 - - [23/Jun/2017:09:20:08 +0530] "GET /images/bulllet2.gif HTTP/1.1" 200 58 "http://www.cdmindia.gov.in/project_details_view.php?id=961" "Mozilla/5.0 (Linux; Android 6.0.1; Redmi Note 3 Build/MMB29M) AppleWebKit/537.36 (KHTML, like Gecko) Chrome/56.0.2924.87 Mobile Safari/537.36"
64.233.173.49 - - [23/Jun/2017:09:20:08 +0530] "GET /images/bullet4.gif HTTP/1.1" 200 67 "http://www.cdmindia.gov.in/project_details_view.php?id=961" "Mozilla/5.0 (Linux; Android 6.0.1; Redmi Note 3 Build/MMB29M) AppleWebKit/537.36 (KHTML, like Gecko) Chrome/56.0.2924.87 Mobile Safari/537.36"
64.233.173.47 - - [23/Jun/2017:09:20:08 +0530] "GET /images/img2.jpg HTTP/1.1" 200 16276 "http://www.cdmindia.gov.in/project_details_view.php?id=961" "Mozilla/5.0 (Linux; Android 6.0.1; Redmi Note 3 Build/MMB29M) AppleWebKit/537.36 (KHTML, like Gecko) Chrome/56.0.2924.87 Mobile Safari/537.36"
64.233.173.51 - - [23/Jun/2017:09:20:08 +0530] "GET /images/img3.jpg HTTP/1.1" 200 26957 "http://www.cdmindia.gov.in/project_details_view.php?id=961" "Mozilla/5.0 (Linux; Android 6.0.1; Redmi Note 3 Build/MMB29M) AppleWebKit/537.36 (KHTML, like Gecko) Chrome/56.0.2924.87 Mobile Safari/537.36"
64.233.173.47 - - [23/Jun/2017:09:20:08 +0530] "GET /images/fdm.jpg HTTP/1.1" 200 2043 "http://www.cdmindia.gov.in/project_details_view.php?id=961" "Mozilla/5.0 (Linux; Android 6.0.1; Redmi Note 3 Build/MMB29M) AppleWebKit/537.36 (KHTML, like Gecko) Chrome/56.0.2924.87 Mobile Safari/537.36"
64.233.173.49 - - [23/Jun/2017:09:20:08 +0530] "GET /images/gtz.jpg HTTP/1.1" 200 15484 "http://www.cdmindia.gov.in/project_details_view.php?id=961" "Mozilla/5.0 (Linux; Android 6.0.1; Redmi Note 3 Build/MMB29M) AppleWebKit/537.36 (KHTML, like Gecko) Chrome/56.0.2924.87 Mobile Safari/537.36"
64.233.173.47 - - [23/Jun/2017:09:20:08 +0530] "GET /images/img1.jpg HTTP/1.1" 200 1251 "http://www.cdmindia.gov.in/project_details_view.php?id=961" "Mozilla/5.0 (Linux; Android 6.0.1; Redmi Note 3 Build/MMB29M) AppleWebKit/537.36 (KHTML, like Gecko) Chrome/56.0.2924.87 Mobile Safari/537.36"
64.233.173.51 - - [23/Jun/2017:09:20:08 +0530] "GET /images/fbg.jpg HTTP/1.1" 200 325 "http://www.cdmindia.gov.in/project_details_view.php?id=961" "Mozilla/5.0 (Linux; Android 6.0.1; Redmi Note 3 Build/MMB29M) AppleWebKit/537.36 (KHTML, like Gecko) Chrome/56.0.2924.87 Mobile Safari/537.36"
64.233.173.47 - - [23/Jun/2017:09:20:09 +0530] "GET /favicon.ico HTTP/1.1" 200 1189 "http://www.cdmindia.gov.in/project_details_view.php?id=961" "Mozilla/5.0 (Linux; Android 6.0.1; Redmi Note 3 Build/MMB29M) AppleWebKit/537.36 (KHTML, like Gecko) Chrome/56.0.2924.87 Mobile Safari/537.36"
64.233.173.51 - - [23/Jun/2017:09:22:24 +0530] "GET /project_details_view.php?id=961 HTTP/1.1" 200 14398 "https://www.google.co.in/" "Mozilla/5.0 (Linux; Android 6.0.1; Redmi Note 3 Build/MMB29M) AppleWebKit/537.36 (KHTML, like Gecko) Chrome/56.0.2924.87 Mobile Safari/537.36"
66.249.79.17 - - [23/Jun/2017:09:22:48 +0530] "GET /project_details_view_report.php?id=240 HTTP/1.1" 200 13083 "-" "Mozilla/5.0 (compatible; Googlebot/2.1; +http://www.google.com/bot.html)"
90.57.12.222 - - [23/Jun/2017:09:23:37 +0530] "GET /robots.txt HTTP/1.1" 404 208 "-" "Java/1.8.0_101"
40.77.167.35 - - [23/Jun/2017:09:23:43 +0530] "GET /admin/forgotpassword.php HTTP/1.1" 200 6189 "-" "Mozilla/5.0 (compatible; bingbot/2.0; +http://www.bing.com/bingbot.htm)"
157.55.39.174 - - [23/Jun/2017:09:24:06 +0530] "GET /Approved_proj_reports_list_details.php?id=1&reporttype=1&scale=&sdt=&edt=&exec= HTTP/1.1" 200 16308 "-" "Mozilla/5.0 (iPhone; CPU iPhone OS 7_0 like Mac OS X) AppleWebKit/537.51.1 (KHTML, like Gecko) Version/7.0 Mobile/11A465 Safari/9537.53 (compatible; bingbot/2.0; +http://www.bing.com/bingbot.htm)"
66.249.79.17 - - [23/Jun/2017:09:24:30 +0530] "GET /detail_news.php?id=20 HTTP/1.1" 302 18266 "-" "Mozilla/5.0 (compatible; Googlebot/2.1; +http://www.google.com/bot.html)"
66.249.79.19 - - [23/Jun/2017:09:24:31 +0530] "GET /logout.php HTTP/1.1" 302 369 "-" "Mozilla/5.0 (compatible; Googlebot/2.1; +http://www.google.com/bot.html)"
66.249.79.15 - - [23/Jun/2017:09:24:31 +0530] "GET /index.php HTTP/1.1" 200 19480 "-" "Mozilla/5.0 (compatible; Googlebot/2.1; +http://www.google.com/bot.html)"
207.46.13.27 - - [23/Jun/2017:09:24:34 +0530] "GET /project_details_view.php?id=1186 HTTP/1.1" 200 16734 "-" "Mozilla/5.0 (compatible; bingbot/2.0; +http://www.bing.com/bingbot.htm)"
202.46.51.83 - - [23/Jun/2017:09:25:42 +0530] "GET /project_details_view_report.php?id=187 HTTP/1.1" 200 13092 "-" "Mozilla/5.0 (Windows NT 10.0; WOW64) AppleWebKit/537.36 (KHTML, like Gecko) Chrome/45.0.2454.93 Safari/537.36"
213.251.182.111 - - [23/Jun/2017:09:27:20 +0530] "GET /reports_list_details.php?id=1'&reporttype=1'&page=51'\" HTTP/1.1" 200 21309 "-" "-"
213.251.182.111 - - [23/Jun/2017:09:27:21 +0530] "GET /reports_list_details.php?reporttype=1&page=51&id=1 HTTP/1.1" 200 21970 "-" "-"
213.251.182.111 - - [23/Jun/2017:09:27:22 +0530] "GET /reports_list_details.php?reporttype=1&page=51&id=12121121121212.1 HTTP/1.1" 200 16954 "-" "-"
213.251.182.111 - - [23/Jun/2017:09:27:59 +0530] "GET /reports_list_details.php?reporttype=1&page=51&id=1%20and%201%3E1 HTTP/1.1" 200 16954 "-" "-"
157.55.39.81 - - [23/Jun/2017:09:28:37 +0530] "GET /project_details_view.php?id=321 HTTP/1.1" 200 15933 "-" "Mozilla/5.0 (compatible; bingbot/2.0; +http://www.bing.com/bingbot.htm)"
213.251.182.111 - - [23/Jun/2017:09:31:02 +0530] "GET /reports_list_details.php?id=1&page=51&reporttype=1 HTTP/1.1" 200 21970 "-" "-"
213.251.182.111 - - [23/Jun/2017:09:31:03 +0530] "GET /reports_list_details.php?id=1&page=51&reporttype=12121121121212.1 HTTP/1.1" 200 21892 "-" "-"
213.251.182.111 - - [23/Jun/2017:09:31:40 +0530] "GET /reports_list_details.php?id=1&page=51&reporttype=1%20and%201%3E1 HTTP/1.1" 200 21892 "-" "-"
223.179.149.24 - - [23/Jun/2017:09:33:11 +0530] "GET /project_details_view.php?id=1867 HTTP/1.1" 200 14776 "https://www.google.co.in/" "Mozilla/5.0 (Windows NT 6.1; Win64; x64) AppleWebKit/537.36 (KHTML, like Gecko) Chrome/58.0.3029.110 Safari/537.36"
223.179.149.24 - - [23/Jun/2017:09:33:12 +0530] "GET /includes/ncdma.css HTTP/1.1" 200 13023 "http://www.cdmindia.gov.in/project_details_view.php?id=1867" "Mozilla/5.0 (Windows NT 6.1; Win64; x64) AppleWebKit/537.36 (KHTML, like Gecko) Chrome/58.0.3029.110 Safari/537.36"
223.179.149.24 - - [23/Jun/2017:09:33:12 +0530] "GET /ncdma.css HTTP/1.1" 200 12640 "http://www.cdmindia.gov.in/project_details_view.php?id=1867" "Mozilla/5.0 (Windows NT 6.1; Win64; x64) AppleWebKit/537.36 (KHTML, like Gecko) Chrome/58.0.3029.110 Safari/537.36"
223.179.149.24 - - [23/Jun/2017:09:33:12 +0530] "GET /Scripts/AC_RunActiveContent.js HTTP/1.1" 200 8321 "http://www.cdmindia.gov.in/project_details_view.php?id=1867" "Mozilla/5.0 (Windows NT 6.1; Win64; x64) AppleWebKit/537.36 (KHTML, like Gecko) Chrome/58.0.3029.110 Safari/537.36"
223.179.149.24 - - [23/Jun/2017:09:33:30 +0530] "GET /images/img2.jpg HTTP/1.1" 200 16276 "http://www.cdmindia.gov.in/project_details_view.php?id=1867" "Mozilla/5.0 (Windows NT 6.1; Win64; x64) AppleWebKit/537.36 (KHTML, like Gecko) Chrome/58.0.3029.110 Safari/537.36"
223.179.149.24 - - [23/Jun/2017:09:33:38 +0530] "GET /images/img1.jpg HTTP/1.1" 200 1251 "http://www.cdmindia.gov.in/project_details_view.php?id=1867" "Mozilla/5.0 (Windows NT 6.1; Win64; x64) AppleWebKit/537.36 (KHTML, like Gecko) Chrome/58.0.3029.110 Safari/537.36"
223.179.149.24 - - [23/Jun/2017:09:33:38 +0530] "GET /images/bulllet2.gif HTTP/1.1" 200 58 "http://www.cdmindia.gov.in/project_details_view.php?id=1867" "Mozilla/5.0 (Windows NT 6.1; Win64; x64) AppleWebKit/537.36 (KHTML, like Gecko) Chrome/58.0.3029.110 Safari/537.36"
223.179.149.24 - - [23/Jun/2017:09:33:38 +0530] "GET /images/bullet1.gif HTTP/1.1" 200 67 "http://www.cdmindia.gov.in/project_details_view.php?id=1867" "Mozilla/5.0 (Windows NT 6.1; Win64; x64) AppleWebKit/537.36 (KHTML, like Gecko) Chrome/58.0.3029.110 Safari/537.36"
223.179.149.24 - - [23/Jun/2017:09:33:38 +0530] "GET /images/img3.jpg HTTP/1.1" 200 26957 "http://www.cdmindia.gov.in/project_details_view.php?id=1867" "Mozilla/5.0 (Windows NT 6.1; Win64; x64) AppleWebKit/537.36 (KHTML, like Gecko) Chrome/58.0.3029.110 Safari/537.36"
223.179.149.24 - - [23/Jun/2017:09:33:38 +0530] "GET /images/spacer.gif HTTP/1.1" 200 43 "http://www.cdmindia.gov.in/project_details_view.php?id=1867" "Mozilla/5.0 (Windows NT 6.1; Win64; x64) AppleWebKit/537.36 (KHTML, like Gecko) Chrome/58.0.3029.110 Safari/537.36"
223.179.149.24 - - [23/Jun/2017:09:34:01 +0530] "GET /images/bullet4.gif HTTP/1.1" 200 67 "http://www.cdmindia.gov.in/project_details_view.php?id=1867" "Mozilla/5.0 (Windows NT 6.1; Win64; x64) AppleWebKit/537.36 (KHTML, like Gecko) Chrome/58.0.3029.110 Safari/537.36"
223.179.149.24 - - [23/Jun/2017:09:34:04 +0530] "GET /reports_new.php?n=1 HTTP/1.1" 200 22411 "http://www.cdmindia.gov.in/project_details_view.php?id=1867" "Mozilla/5.0 (Windows NT 6.1; Win64; x64) AppleWebKit/537.36 (KHTML, like Gecko) Chrome/58.0.3029.110 Safari/537.36"
223.179.149.24 - - [23/Jun/2017:09:34:09 +0530] "GET /images/fdm.jpg HTTP/1.1" 200 2043 "http://www.cdmindia.gov.in/reports_new.php?n=1" "Mozilla/5.0 (Windows NT 6.1; Win64; x64) AppleWebKit/537.36 (KHTML, like Gecko) Chrome/58.0.3029.110 Safari/537.36"
223.179.149.24 - - [23/Jun/2017:09:34:11 +0530] "GET /images/gtz.jpg HTTP/1.1" 200 15484 "http://www.cdmindia.gov.in/reports_new.php?n=1" "Mozilla/5.0 (Windows NT 6.1; Win64; x64) AppleWebKit/537.36 (KHTML, like Gecko) Chrome/58.0.3029.110 Safari/537.36"
223.179.149.24 - - [23/Jun/2017:09:34:05 +0530] "GET /js/user_registration.js HTTP/1.1" 200 26819 "http://www.cdmindia.gov.in/reports_new.php?n=1" "Mozilla/5.0 (Windows NT 6.1; Win64; x64) AppleWebKit/537.36 (KHTML, like Gecko) Chrome/58.0.3029.110 Safari/537.36"
223.179.149.24 - - [23/Jun/2017:09:34:26 +0530] "GET /images/fbg.jpg HTTP/1.1" 200 325 "http://www.cdmindia.gov.in/reports_new.php?n=1" "Mozilla/5.0 (Windows NT 6.1; Win64; x64) AppleWebKit/537.36 (KHTML, like Gecko) Chrome/58.0.3029.110 Safari/537.36"
223.179.149.24 - - [23/Jun/2017:09:34:26 +0530] "GET /favicon.ico HTTP/1.1" 200 1189 "http://www.cdmindia.gov.in/reports_new.php?n=1" "Mozilla/5.0 (Windows NT 6.1; Win64; x64) AppleWebKit/537.36 (KHTML, like Gecko) Chrome/58.0.3029.110 Safari/537.36"
146.148.64.128 - - [23/Jun/2017:09:34:35 +0530] "GET /robots.txt HTTP/1.1" 404 208 "-" "ltx71 - (http://ltx71.com/)"
146.148.64.128 - - [23/Jun/2017:09:35:02 +0530] "GET /Scripts/AC_RunActiveContent.js HTTP/1.1" 200 8321 "-" "ltx71 - (http://ltx71.com/)"
182.19.88.109 - - [23/Jun/2017:09:35:11 +0530] "GET /project_details_view.php?id=488 HTTP/1.1" 200 14892 "-" "Mozilla/5.0 (Windows NT 6.2; Win64; x64) AppleWebKit/537.36 (KHTML, like Gecko) Chrome/58.0.3029.110 Safari/537.36"
207.46.13.27 - - [23/Jun/2017:09:39:32 +0530] "GET /project_details_view.php?id=1215 HTTP/1.1" 200 14189 "-" "Mozilla/5.0 (compatible; bingbot/2.0; +http://www.bing.com/bingbot.htm)"
40.77.167.35 - - [23/Jun/2017:09:42:04 +0530] "GET /project_details_view_report.php?id=668 HTTP/1.1" 200 13300 "-" "Mozilla/5.0 (compatible; bingbot/2.0; +http://www.bing.com/bingbot.htm)"
40.77.178.193 - - [23/Jun/2017:09:42:05 +0530] "GET /Scripts/AC_RunActiveContent.js HTTP/1.1" 200 8321 "-" "Mozilla/5.0 (Windows NT 6.1; WOW64) AppleWebKit/534+ (KHTML, like Gecko) BingPreview/1.0b"
40.77.178.193 - - [23/Jun/2017:09:42:06 +0530] "GET /ncdma.css HTTP/1.1" 200 12640 "-" "Mozilla/5.0 (Windows NT 6.1; WOW64) AppleWebKit/534+ (KHTML, like Gecko) BingPreview/1.0b"
146.148.64.128 - - [23/Jun/2017:09:44:01 +0530] "GET /robots.txt HTTP/1.1" 404 208 "-" "ltx71 - (http://ltx71.com/)"
202.46.57.17 - - [23/Jun/2017:09:45:32 +0530] "GET /project_details_view.php?id=320 HTTP/1.1" 200 14462 "-" "Mozilla/5.0 (Windows NT 10.0; WOW64) AppleWebKit/537.36 (KHTML, like Gecko) Chrome/45.0.2454.93 Safari/537.36"
111.93.60.162 - - [23/Jun/2017:09:48:35 +0530] "GET /project_details_view_report.php?id=715 HTTP/1.1" 200 13221 "http://www.cdmindia.gov.in/reports_list_details.php?id=1&reporttype=1&page=25" "Mozilla/5.0 (Windows NT 6.1; Win64; x64) AppleWebKit/537.36 (KHTML, like Gecko) Chrome/59.0.3071.109 Safari/537.36"
40.77.167.35 - - [23/Jun/2017:09:52:56 +0530] "GET /news_more.php HTTP/1.1" 200 21061 "-" "Mozilla/5.0 (compatible; bingbot/2.0; +http://www.bing.com/bingbot.htm)"
49.35.12.133 - - [23/Jun/2017:09:53:51 +0530] "GET /project_details_view.php?id=932 HTTP/1.1" 200 14068 "-" "Mozilla/5.0 (Linux; U; Android 5.1.1; en-US; YU5010 Build/LMY49J) AppleWebKit/534.30 (KHTML, like Gecko) Version/4.0 UCBrowser/11.3.2.960 U3/0.8.0 Mobile Safari/534.30"
49.35.12.133 - - [23/Jun/2017:09:53:51 +0530] "GET /includes/ncdma.css HTTP/1.1" 200 13023 "http://www.cdmindia.gov.in/project_details_view.php?id=932" "Mozilla/5.0 (Linux; U; Android 5.1.1; en-US; YU5010 Build/LMY49J) AppleWebKit/534.30 (KHTML, like Gecko) Version/4.0 UCBrowser/11.3.2.960 U3/0.8.0 Mobile Safari/534.30"
49.35.12.133 - - [23/Jun/2017:09:53:51 +0530] "GET /Scripts/AC_RunActiveContent.js HTTP/1.1" 200 8321 "http://www.cdmindia.gov.in/project_details_view.php?id=932" "Mozilla/5.0 (Linux; U; Android 5.1.1; en-US; YU5010 Build/LMY49J) AppleWebKit/534.30 (KHTML, like Gecko) Version/4.0 UCBrowser/11.3.2.960 U3/0.8.0 Mobile Safari/534.30"
49.35.12.133 - - [23/Jun/2017:09:53:51 +0530] "GET /ncdma.css HTTP/1.1" 200 12640 "http://www.cdmindia.gov.in/project_details_view.php?id=932" "Mozilla/5.0 (Linux; U; Android 5.1.1; en-US; YU5010 Build/LMY49J) AppleWebKit/534.30 (KHTML, like Gecko) Version/4.0 UCBrowser/11.3.2.960 U3/0.8.0 Mobile Safari/534.30"
49.35.12.133 - - [23/Jun/2017:09:53:51 +0530] "GET /images/spacer.gif HTTP/1.1" 200 43 "http://www.cdmindia.gov.in/project_details_view.php?id=932" "Mozilla/5.0 (Linux; U; Android 5.1.1; en-US; YU5010 Build/LMY49J) AppleWebKit/534.30 (KHTML, like Gecko) Version/4.0 UCBrowser/11.3.2.960 U3/0.8.0 Mobile Safari/534.30"
49.35.12.133 - - [23/Jun/2017:09:53:51 +0530] "GET /images/bullet1.gif HTTP/1.1" 200 67 "http://www.cdmindia.gov.in/project_details_view.php?id=932" "Mozilla/5.0 (Linux; U; Android 5.1.1; en-US; YU5010 Build/LMY49J) AppleWebKit/534.30 (KHTML, like Gecko) Version/4.0 UCBrowser/11.3.2.960 U3/0.8.0 Mobile Safari/534.30"
49.35.12.133 - - [23/Jun/2017:09:53:51 +0530] "GET /images/bulllet2.gif HTTP/1.1" 200 58 "http://www.cdmindia.gov.in/project_details_view.php?id=932" "Mozilla/5.0 (Linux; U; Android 5.1.1; en-US; YU5010 Build/LMY49J) AppleWebKit/534.30 (KHTML, like Gecko) Version/4.0 UCBrowser/11.3.2.960 U3/0.8.0 Mobile Safari/534.30"
49.35.12.133 - - [23/Jun/2017:09:53:51 +0530] "GET /images/img3.jpg HTTP/1.1" 200 26957 "http://www.cdmindia.gov.in/project_details_view.php?id=932" "Mozilla/5.0 (Linux; U; Android 5.1.1; en-US; YU5010 Build/LMY49J) AppleWebKit/534.30 (KHTML, like Gecko) Version/4.0 UCBrowser/11.3.2.960 U3/0.8.0 Mobile Safari/534.30"
49.35.12.133 - - [23/Jun/2017:09:53:51 +0530] "GET /images/img2.jpg HTTP/1.1" 200 16276 "http://www.cdmindia.gov.in/project_details_view.php?id=932" "Mozilla/5.0 (Linux; U; Android 5.1.1; en-US; YU5010 Build/LMY49J) AppleWebKit/534.30 (KHTML, like Gecko) Version/4.0 UCBrowser/11.3.2.960 U3/0.8.0 Mobile Safari/534.30"
49.35.12.133 - - [23/Jun/2017:09:53:52 +0530] "GET /images/img1.jpg HTTP/1.1" 200 1251 "http://www.cdmindia.gov.in/project_details_view.php?id=932" "Mozilla/5.0 (Linux; U; Android 5.1.1; en-US; YU5010 Build/LMY49J) AppleWebKit/534.30 (KHTML, like Gecko) Version/4.0 UCBrowser/11.3.2.960 U3/0.8.0 Mobile Safari/534.30"
49.35.12.133 - - [23/Jun/2017:09:53:52 +0530] "GET /images/fdm.jpg HTTP/1.1" 200 2043 "http://www.cdmindia.gov.in/project_details_view.php?id=932" "Mozilla/5.0 (Linux; U; Android 5.1.1; en-US; YU5010 Build/LMY49J) AppleWebKit/534.30 (KHTML, like Gecko) Version/4.0 UCBrowser/11.3.2.960 U3/0.8.0 Mobile Safari/534.30"
49.35.12.133 - - [23/Jun/2017:09:53:52 +0530] "GET /images/bullet4.gif HTTP/1.1" 200 67 "http://www.cdmindia.gov.in/project_details_view.php?id=932" "Mozilla/5.0 (Linux; U; Android 5.1.1; en-US; YU5010 Build/LMY49J) AppleWebKit/534.30 (KHTML, like Gecko) Version/4.0 UCBrowser/11.3.2.960 U3/0.8.0 Mobile Safari/534.30"
49.35.12.133 - - [23/Jun/2017:09:53:52 +0530] "GET /images/fbg.jpg HTTP/1.1" 200 325 "http://www.cdmindia.gov.in/project_details_view.php?id=932" "Mozilla/5.0 (Linux; U; Android 5.1.1; en-US; YU5010 Build/LMY49J) AppleWebKit/534.30 (KHTML, like Gecko) Version/4.0 UCBrowser/11.3.2.960 U3/0.8.0 Mobile Safari/534.30"
49.35.12.133 - - [23/Jun/2017:09:53:52 +0530] "GET /images/gtz.jpg HTTP/1.1" 200 15484 "http://www.cdmindia.gov.in/project_details_view.php?id=932" "Mozilla/5.0 (Linux; U; Android 5.1.1; en-US; YU5010 Build/LMY49J) AppleWebKit/534.30 (KHTML, like Gecko) Version/4.0 UCBrowser/11.3.2.960 U3/0.8.0 Mobile Safari/534.30"
49.35.12.133 - - [23/Jun/2017:09:53:52 +0530] "GET /images/favicon.ico HTTP/1.1" 200 1406 "http://www.cdmindia.gov.in/project_details_view.php?id=932" "Mozilla/5.0 (Linux; U; Android 5.1.1; en-US; YU5010 Build/LMY49J) AppleWebKit/534.30 (KHTML, like Gecko) Version/4.0 UCBrowser/11.3.2.960 U3/0.8.0 Mobile Safari/534.30"
157.55.39.81 - - [23/Jun/2017:09:55:49 +0530] "GET /project_details_view.php?id=816 HTTP/1.1" 200 15269 "-" "Mozilla/5.0 (compatible; bingbot/2.0; +http://www.bing.com/bingbot.htm)"
49.35.12.133 - - [23/Jun/2017:09:56:16 +0530] "GET /future_projects.php HTTP/1.1" 200 26210 "http://www.cdmindia.gov.in/project_details_view.php?id=932" "Mozilla/5.0 (Linux; U; Android 5.1.1; en-US; YU5010 Build/LMY49J) AppleWebKit/534.30 (KHTML, like Gecko) Version/4.0 UCBrowser/11.3.2.960 U3/0.8.0 Mobile Safari/534.30"
49.35.12.133 - - [23/Jun/2017:09:56:16 +0530] "GET /js/future_projects.js HTTP/1.1" 200 19436 "http://www.cdmindia.gov.in/future_projects.php" "Mozilla/5.0 (Linux; U; Android 5.1.1; en-US; YU5010 Build/LMY49J) AppleWebKit/534.30 (KHTML, like Gecko) Version/4.0 UCBrowser/11.3.2.960 U3/0.8.0 Mobile Safari/534.30"
49.35.12.133 - - [23/Jun/2017:09:56:17 +0530] "GET /js/ajax_client.js HTTP/1.1" 200 20869 "http://www.cdmindia.gov.in/future_projects.php" "Mozilla/5.0 (Linux; U; Android 5.1.1; en-US; YU5010 Build/LMY49J) AppleWebKit/534.30 (KHTML, like Gecko) Version/4.0 UCBrowser/11.3.2.960 U3/0.8.0 Mobile Safari/534.30"
49.35.12.133 - - [23/Jun/2017:09:56:17 +0530] "GET /includes/CaptchaSecurityImages.php?width=80&height=30&characters=5 HTTP/1.1" 200 2146 "http://www.cdmindia.gov.in/future_projects.php" "Mozilla/5.0 (Linux; U; Android 5.1.1; en-US; YU5010 Build/LMY49J) AppleWebKit/534.30 (KHTML, like Gecko) Version/4.0 UCBrowser/11.3.2.960 U3/0.8.0 Mobile Safari/534.30"
203.212.25.93 - - [23/Jun/2017:09:57:06 +0530] "GET /wp-login.php HTTP/1.1" 404 210 "-" "Mozilla/5.0 (Windows NT 6.1; WOW64; rv:40.0) Gecko/20100101 Firefox/40.1"
203.212.25.93 - - [23/Jun/2017:09:57:06 +0530] "GET / HTTP/1.1" 200 19480 "-" "Mozilla/5.0 (Windows NT 6.1; WOW64; rv:40.0) Gecko/20100101 Firefox/40.1"
157.55.39.174 - - [23/Jun/2017:09:59:16 +0530] "GET /contactus.php HTTP/1.1" 200 18292 "-" "Mozilla/5.0 (compatible; bingbot/2.0; +http://www.bing.com/bingbot.htm)"
157.55.39.174 - - [23/Jun/2017:09:59:18 +0530] "GET /downloads/Existing%20PCN.doc HTTP/1.1" 200 114176 "-" "Mozilla/5.0 (compatible; bingbot/2.0; +http://www.bing.com/bingbot.htm)"
146.148.64.128 - - [23/Jun/2017:10:00:52 +0530] "GET /robots.txt HTTP/1.1" 404 208 "-" "ltx71 - (http://ltx71.com/)"
35.184.189.105 - - [23/Jun/2017:10:01:10 +0530] "GET /robots.txt HTTP/1.1" 404 208 "-" "ltx71 - (http://ltx71.com/)"
107.167.116.18 - - [23/Jun/2017:10:02:49 +0530] "GET /project_details_view_report.php?id=1696 HTTP/1.1" 200 13172 "-" "Opera/9.80 (J2ME/MIDP; Opera Mini/8.0.35626/65.213; U; en) Presto/2.12.423 Version/12.16"
107.167.116.18 - - [23/Jun/2017:10:02:49 +0530] "GET /Scripts/AC_RunActiveContent.js HTTP/1.1" 200 8321 "http://www.cdmindia.gov.in/project_details_view_report.php?id=1696" "Opera/9.80 (J2ME/MIDP; Opera Mini/8.0.35626/65.213; U; en) Presto/2.12.423 Version/12.16"
107.167.116.18 - - [23/Jun/2017:10:02:49 +0530] "GET /includes/ncdma.css HTTP/1.1" 200 13023 "http://www.cdmindia.gov.in/project_details_view_report.php?id=1696" "Opera/9.80 (J2ME/MIDP; Opera Mini/8.0.35626/65.213; U; en) Presto/2.12.423 Version/12.16"
107.167.116.18 - - [23/Jun/2017:10:02:49 +0530] "GET /ncdma.css HTTP/1.1" 200 12640 "http://www.cdmindia.gov.in/project_details_view_report.php?id=1696" "Opera/9.80 (J2ME/MIDP; Opera Mini/8.0.35626/65.213; U; en) Presto/2.12.423 Version/12.16"
107.167.116.18 - - [23/Jun/2017:10:02:49 +0530] "GET /images/favicon.ico HTTP/1.1" 200 1406 "http://www.cdmindia.gov.in/project_details_view_report.php?id=1696" "Opera/9.80 (J2ME/MIDP; Opera Mini/8.0.35626/65.213; U; en) Presto/2.12.423 Version/12.16"
107.167.116.18 - - [23/Jun/2017:10:02:49 +0530] "GET /images/img2.jpg HTTP/1.1" 200 16276 "http://www.cdmindia.gov.in/project_details_view_report.php?id=1696" "Opera/9.80 (J2ME/MIDP; Opera Mini/8.0.35626/65.213; U; en) Presto/2.12.423 Version/12.16"
107.167.116.18 - - [23/Jun/2017:10:02:49 +0530] "GET /images/img3.jpg HTTP/1.1" 200 26957 "http://www.cdmindia.gov.in/project_details_view_report.php?id=1696" "Opera/9.80 (J2ME/MIDP; Opera Mini/8.0.35626/65.213; U; en) Presto/2.12.423 Version/12.16"
107.167.116.18 - - [23/Jun/2017:10:02:50 +0530] "GET /images/spacer.gif HTTP/1.1" 200 43 "http://www.cdmindia.gov.in/project_details_view_report.php?id=1696" "Opera/9.80 (J2ME/MIDP; Opera Mini/8.0.35626/65.213; U; en) Presto/2.12.423 Version/12.16"
107.167.116.18 - - [23/Jun/2017:10:02:50 +0530] "GET /images/bullet1.gif HTTP/1.1" 200 67 "http://www.cdmindia.gov.in/project_details_view_report.php?id=1696" "Opera/9.80 (J2ME/MIDP; Opera Mini/8.0.35626/65.213; U; en) Presto/2.12.423 Version/12.16"
107.167.116.18 - - [23/Jun/2017:10:02:50 +0530] "GET /images/bullet4.gif HTTP/1.1" 200 67 "http://www.cdmindia.gov.in/project_details_view_report.php?id=1696" "Opera/9.80 (J2ME/MIDP; Opera Mini/8.0.35626/65.213; U; en) Presto/2.12.423 Version/12.16"
107.167.116.18 - - [23/Jun/2017:10:02:50 +0530] "GET /images/fdm.jpg HTTP/1.1" 200 2043 "http://www.cdmindia.gov.in/project_details_view_report.php?id=1696" "Opera/9.80 (J2ME/MIDP; Opera Mini/8.0.35626/65.213; U; en) Presto/2.12.423 Version/12.16"
107.167.116.18 - - [23/Jun/2017:10:02:50 +0530] "GET /images/bulllet2.gif HTTP/1.1" 200 58 "http://www.cdmindia.gov.in/project_details_view_report.php?id=1696" "Opera/9.80 (J2ME/MIDP; Opera Mini/8.0.35626/65.213; U; en) Presto/2.12.423 Version/12.16"
107.167.116.18 - - [23/Jun/2017:10:02:50 +0530] "GET /images/gtz.jpg HTTP/1.1" 200 15484 "http://www.cdmindia.gov.in/project_details_view_report.php?id=1696" "Opera/9.80 (J2ME/MIDP; Opera Mini/8.0.35626/65.213; U; en) Presto/2.12.423 Version/12.16"
107.167.116.18 - - [23/Jun/2017:10:02:50 +0530] "GET /images/img1.jpg HTTP/1.1" 200 1251 "http://www.cdmindia.gov.in/project_details_view_report.php?id=1696" "Opera/9.80 (J2ME/MIDP; Opera Mini/8.0.35626/65.213; U; en) Presto/2.12.423 Version/12.16"
107.167.116.18 - - [23/Jun/2017:10:02:50 +0530] "GET /images/fbg.jpg HTTP/1.1" 200 325 "http://www.cdmindia.gov.in/project_details_view_report.php?id=1696" "Opera/9.80 (J2ME/MIDP; Opera Mini/8.0.35626/65.213; U; en) Presto/2.12.423 Version/12.16"
115.249.209.189 - - [23/Jun/2017:10:03:06 +0530] "GET /project_details_view_report.php?id=1277 HTTP/1.1" 200 13214 "https://www.google.co.in/" "Mozilla/5.0 (Windows NT 10.0; Win64; x64) AppleWebKit/537.36 (KHTML, like Gecko) Chrome/58.0.3029.110 Safari/537.36"
