66.249.79.19 - - [17/Jun/2017:05:18:06 +0530] "GET /reports HTTP/1.1" 404 205 "-" "Mozilla/5.0 (compatible; Googlebot/2.1; +http://www.google.com/bot.html)"
40.77.167.112 - - [17/Jun/2017:05:18:36 +0530] "GET /project_details_view.php?id=857 HTTP/1.1" 200 14335 "-" "Mozilla/5.0 (compatible; bingbot/2.0; +http://www.bing.com/bingbot.htm)"
35.184.189.105 - - [17/Jun/2017:05:19:16 +0530] "GET /aboutus.php HTTP/1.1" 200 19599 "-" "ltx71 - (http://ltx71.com/)"
207.46.13.66 - - [17/Jun/2017:05:22:37 +0530] "GET /registration.php HTTP/1.1" 302 28531 "-" "Mozilla/5.0 (compatible; bingbot/2.0; +http://www.bing.com/bingbot.htm)"
207.46.13.66 - - [17/Jun/2017:05:22:39 +0530] "GET /logout.php HTTP/1.1" 302 369 "-" "Mozilla/5.0 (compatible; bingbot/2.0; +http://www.bing.com/bingbot.htm)"
207.46.13.66 - - [17/Jun/2017:05:22:40 +0530] "GET /index.php HTTP/1.1" 200 19482 "-" "Mozilla/5.0 (compatible; bingbot/2.0; +http://www.bing.com/bingbot.htm)"
90.57.2.239 - - [17/Jun/2017:05:24:16 +0530] "GET /robots.txt HTTP/1.1" 404 208 "-" "Java/1.8.0_101"
66.249.79.19 - - [17/Jun/2017:05:27:36 +0530] "GET /project_details_view.php?id=2141 HTTP/1.1" 200 13948 "-" "Mozilla/5.0 (compatible; Googlebot/2.1; +http://www.google.com/bot.html)"
66.249.79.19 - - [17/Jun/2017:05:28:39 +0530] "GET /project_details_view.php?id=1545 HTTP/1.1" 200 13914 "-" "Mozilla/5.0 (compatible; Googlebot/2.1; +http://www.google.com/bot.html)"
141.8.142.74 - - [17/Jun/2017:05:29:31 +0530] "GET /project_details_view_report.php?id=969 HTTP/1.1" 200 13105 "-" "Mozilla/5.0 (compatible; YandexBot/3.0; +http://yandex.com/bots)"
40.77.167.112 - - [17/Jun/2017:05:31:08 +0530] "GET /downloads/Carbon%20Market%20Roadmap.pdf HTTP/1.1" 200 4344697 "-" "Mozilla/5.0 (compatible; bingbot/2.0; +http://www.bing.com/bingbot.htm)"
141.8.142.74 - - [17/Jun/2017:05:31:23 +0530] "GET /project_details_view_report.php?id=1984 HTTP/1.1" 200 13197 "-" "Mozilla/5.0 (compatible; YandexBot/3.0; +http://yandex.com/bots)"
207.46.13.2 - - [17/Jun/2017:05:31:58 +0530] "GET /project_details_view.php?id=646 HTTP/1.1" 200 14904 "-" "Mozilla/5.0 (iPhone; CPU iPhone OS 7_0 like Mac OS X) AppleWebKit/537.51.1 (KHTML, like Gecko) Version/7.0 Mobile/11A465 Safari/9537.53 (compatible; bingbot/2.0; +http://www.bing.com/bingbot.htm)"
207.46.13.2 - - [17/Jun/2017:05:32:25 +0530] "GET /project_details_view_report.php?id=1082 HTTP/1.1" 200 13192 "-" "Mozilla/5.0 (compatible; bingbot/2.0; +http://www.bing.com/bingbot.htm)"
141.8.142.74 - - [17/Jun/2017:05:32:41 +0530] "GET /project_details_view_report.php?id=94 HTTP/1.1" 200 13165 "-" "Mozilla/5.0 (compatible; YandexBot/3.0; +http://yandex.com/bots)"
66.249.79.15 - - [17/Jun/2017:05:33:19 +0530] "GET /reports_list_details.php?id=fnxntyvmlpku&reporttype=&page=253 HTTP/1.1" 200 22423 "-" "Mozilla/5.0 (compatible; Googlebot/2.1; +http://www.google.com/bot.html)"
35.184.189.105 - - [17/Jun/2017:05:34:40 +0530] "GET /robots.txt HTTP/1.1" 404 208 "-" "ltx71 - (http://ltx71.com/)"
141.8.142.74 - - [17/Jun/2017:05:34:48 +0530] "GET /project_details_view_report.php?id=1432 HTTP/1.1" 200 13137 "-" "Mozilla/5.0 (compatible; YandexBot/3.0; +http://yandex.com/bots)"
202.46.51.198 - - [17/Jun/2017:05:35:07 +0530] "GET /project_details_view.php?id=806 HTTP/1.1" 200 15203 "-" "Mozilla/5.0 (Windows NT 10.0; WOW64) AppleWebKit/537.36 (KHTML, like Gecko) Chrome/45.0.2454.93 Safari/537.36"
207.46.13.2 - - [17/Jun/2017:05:36:26 +0530] "GET /project_details_view.php?id=299 HTTP/1.1" 200 18435 "-" "Mozilla/5.0 (iPhone; CPU iPhone OS 7_0 like Mac OS X) AppleWebKit/537.51.1 (KHTML, like Gecko) Version/7.0 Mobile/11A465 Safari/9537.53 (compatible; bingbot/2.0; +http://www.bing.com/bingbot.htm)"
141.8.142.74 - - [17/Jun/2017:05:37:41 +0530] "GET /project_details_view_report.php?id=992 HTTP/1.1" 200 13162 "-" "Mozilla/5.0 (compatible; YandexBot/3.0; +http://yandex.com/bots)"
66.249.79.15 - - [17/Jun/2017:05:38:03 +0530] "GET /project_details_view_report.php?id=219 HTTP/1.1" 200 13139 "-" "Mozilla/5.0 (compatible; Googlebot/2.1; +http://www.google.com/bot.html)"
207.46.13.66 - - [17/Jun/2017:05:38:47 +0530] "GET /registration.php HTTP/1.1" 302 28531 "-" "Mozilla/5.0 (compatible; bingbot/2.0; +http://www.bing.com/bingbot.htm)"
207.46.13.66 - - [17/Jun/2017:05:38:48 +0530] "GET /logout.php HTTP/1.1" 302 369 "-" "Mozilla/5.0 (compatible; bingbot/2.0; +http://www.bing.com/bingbot.htm)"
207.46.13.66 - - [17/Jun/2017:05:38:49 +0530] "GET /index.php HTTP/1.1" 200 19482 "-" "Mozilla/5.0 (compatible; bingbot/2.0; +http://www.bing.com/bingbot.htm)"
124.124.44.154 - - [17/Jun/2017:05:39:06 +0530] "GET /project_details_view.php?id=914 HTTP/1.0" 200 14411 "https://www.google.co.in/" "Mozilla/5.0 (Windows NT 6.1) AppleWebKit/537.36 (KHTML, like Gecko) Chrome/58.0.3029.110 Safari/537.36"
124.124.44.154 - - [17/Jun/2017:05:39:06 +0530] "GET /favicon.ico HTTP/1.0" 200 1189 "http://www.cdmindia.gov.in/project_details_view.php?id=914" "Mozilla/5.0 (Windows NT 6.1) AppleWebKit/537.36 (KHTML, like Gecko) Chrome/58.0.3029.110 Safari/537.36"
216.244.66.196 - - [17/Jun/2017:05:41:23 +0530] "GET /robots.txt HTTP/1.1" 404 208 "-" "Mozilla/5.0 (compatible; DotBot/1.1; http://www.opensiteexplorer.org/dotbot, help@moz.com)"
141.8.142.74 - - [17/Jun/2017:05:42:11 +0530] "GET /reports_list_details.php?id=7&reporttype=1&page=2 HTTP/1.1" 200 17124 "-" "Mozilla/5.0 (compatible; YandexBot/3.0; +http://yandex.com/bots)"
40.77.167.112 - - [17/Jun/2017:05:42:19 +0530] "GET /project_details_view.php?id=808 HTTP/1.1" 200 14150 "-" "Mozilla/5.0 (iPhone; CPU iPhone OS 7_0 like Mac OS X) AppleWebKit/537.51.1 (KHTML, like Gecko) Version/7.0 Mobile/11A465 Safari/9537.53 (compatible; bingbot/2.0; +http://www.bing.com/bingbot.htm)"
207.46.13.66 - - [17/Jun/2017:05:46:49 +0530] "GET /approval_process.php HTTP/1.1" 200 25914 "-" "Mozilla/5.0 (compatible; bingbot/2.0; +http://www.bing.com/bingbot.htm)"
27.6.231.206 - - [17/Jun/2017:05:48:22 +0530] "GET / HTTP/1.1" 200 19482 "http://envfor.nic.in/major-initiatives/geac-clearances" "Mozilla/5.0 (Windows NT 6.1) AppleWebKit/537.36 (KHTML, like Gecko) Chrome/58.0.3029.110 Safari/537.36"
27.6.231.206 - - [17/Jun/2017:05:48:23 +0530] "GET /ncdma.css HTTP/1.1" 200 12640 "http://www.cdmindia.gov.in/" "Mozilla/5.0 (Windows NT 6.1) AppleWebKit/537.36 (KHTML, like Gecko) Chrome/58.0.3029.110 Safari/537.36"
27.6.231.206 - - [17/Jun/2017:05:48:23 +0530] "GET /includes/ncdma.css HTTP/1.1" 200 13023 "http://www.cdmindia.gov.in/" "Mozilla/5.0 (Windows NT 6.1) AppleWebKit/537.36 (KHTML, like Gecko) Chrome/58.0.3029.110 Safari/537.36"
27.6.231.206 - - [17/Jun/2017:05:48:23 +0530] "GET /js/md5.js HTTP/1.1" 200 13194 "http://www.cdmindia.gov.in/" "Mozilla/5.0 (Windows NT 6.1) AppleWebKit/537.36 (KHTML, like Gecko) Chrome/58.0.3029.110 Safari/537.36"
27.6.231.206 - - [17/Jun/2017:05:48:23 +0530] "GET /js/base64_encode.js HTTP/1.1" 200 3002 "http://www.cdmindia.gov.in/" "Mozilla/5.0 (Windows NT 6.1) AppleWebKit/537.36 (KHTML, like Gecko) Chrome/58.0.3029.110 Safari/537.36"
27.6.231.206 - - [17/Jun/2017:05:48:23 +0530] "GET /Scripts/AC_RunActiveContent.js HTTP/1.1" 200 8321 "http://www.cdmindia.gov.in/" "Mozilla/5.0 (Windows NT 6.1) AppleWebKit/537.36 (KHTML, like Gecko) Chrome/58.0.3029.110 Safari/537.36"
27.6.231.206 - - [17/Jun/2017:05:48:23 +0530] "GET /images/img1.jpg HTTP/1.1" 200 1251 "http://www.cdmindia.gov.in/" "Mozilla/5.0 (Windows NT 6.1) AppleWebKit/537.36 (KHTML, like Gecko) Chrome/58.0.3029.110 Safari/537.36"
27.6.231.206 - - [17/Jun/2017:05:48:23 +0530] "GET /images/fdm.jpg HTTP/1.1" 200 2043 "http://www.cdmindia.gov.in/" "Mozilla/5.0 (Windows NT 6.1) AppleWebKit/537.36 (KHTML, like Gecko) Chrome/58.0.3029.110 Safari/537.36"
27.6.231.206 - - [17/Jun/2017:05:48:23 +0530] "GET /images/bullet3.gif HTTP/1.1" 200 58 "http://www.cdmindia.gov.in/" "Mozilla/5.0 (Windows NT 6.1) AppleWebKit/537.36 (KHTML, like Gecko) Chrome/58.0.3029.110 Safari/537.36"
27.6.231.206 - - [17/Jun/2017:05:48:23 +0530] "GET /images/login.jpg HTTP/1.1" 200 1044 "http://www.cdmindia.gov.in/" "Mozilla/5.0 (Windows NT 6.1) AppleWebKit/537.36 (KHTML, like Gecko) Chrome/58.0.3029.110 Safari/537.36"
27.6.231.206 - - [17/Jun/2017:05:48:23 +0530] "GET /images/fe.jpg HTTP/1.1" 200 1429 "http://www.cdmindia.gov.in/" "Mozilla/5.0 (Windows NT 6.1) AppleWebKit/537.36 (KHTML, like Gecko) Chrome/58.0.3029.110 Safari/537.36"
27.6.231.206 - - [17/Jun/2017:05:48:23 +0530] "GET /images/login1.jpg HTTP/1.1" 200 618 "http://www.cdmindia.gov.in/" "Mozilla/5.0 (Windows NT 6.1) AppleWebKit/537.36 (KHTML, like Gecko) Chrome/58.0.3029.110 Safari/537.36"
27.6.231.206 - - [17/Jun/2017:05:48:23 +0530] "GET /images/bullet1.gif HTTP/1.1" 200 67 "http://www.cdmindia.gov.in/" "Mozilla/5.0 (Windows NT 6.1) AppleWebKit/537.36 (KHTML, like Gecko) Chrome/58.0.3029.110 Safari/537.36"
27.6.231.206 - - [17/Jun/2017:05:48:23 +0530] "GET /images/spacer.gif HTTP/1.1" 200 43 "http://www.cdmindia.gov.in/" "Mozilla/5.0 (Windows NT 6.1) AppleWebKit/537.36 (KHTML, like Gecko) Chrome/58.0.3029.110 Safari/537.36"
27.6.231.206 - - [17/Jun/2017:05:48:23 +0530] "GET /images/img2.jpg HTTP/1.1" 200 16276 "http://www.cdmindia.gov.in/" "Mozilla/5.0 (Windows NT 6.1) AppleWebKit/537.36 (KHTML, like Gecko) Chrome/58.0.3029.110 Safari/537.36"
27.6.231.206 - - [17/Jun/2017:05:48:23 +0530] "GET /images/img3.jpg HTTP/1.1" 200 26957 "http://www.cdmindia.gov.in/" "Mozilla/5.0 (Windows NT 6.1) AppleWebKit/537.36 (KHTML, like Gecko) Chrome/58.0.3029.110 Safari/537.36"
27.6.231.206 - - [17/Jun/2017:05:48:23 +0530] "GET /images/bulllet2.gif HTTP/1.1" 200 58 "http://www.cdmindia.gov.in/" "Mozilla/5.0 (Windows NT 6.1) AppleWebKit/537.36 (KHTML, like Gecko) Chrome/58.0.3029.110 Safari/537.36"
27.6.231.206 - - [17/Jun/2017:05:48:23 +0530] "GET /images/bullet4.gif HTTP/1.1" 200 67 "http://www.cdmindia.gov.in/" "Mozilla/5.0 (Windows NT 6.1) AppleWebKit/537.36 (KHTML, like Gecko) Chrome/58.0.3029.110 Safari/537.36"
27.6.231.206 - - [17/Jun/2017:05:48:24 +0530] "GET /images/gtz.jpg HTTP/1.1" 200 15484 "http://www.cdmindia.gov.in/" "Mozilla/5.0 (Windows NT 6.1) AppleWebKit/537.36 (KHTML, like Gecko) Chrome/58.0.3029.110 Safari/537.36"
27.6.231.206 - - [17/Jun/2017:05:48:24 +0530] "GET /images/fbg.jpg HTTP/1.1" 200 325 "http://www.cdmindia.gov.in/" "Mozilla/5.0 (Windows NT 6.1) AppleWebKit/537.36 (KHTML, like Gecko) Chrome/58.0.3029.110 Safari/537.36"
27.6.231.206 - - [17/Jun/2017:05:48:24 +0530] "GET /favicon.ico HTTP/1.1" 200 1189 "http://www.cdmindia.gov.in/" "Mozilla/5.0 (Windows NT 6.1) AppleWebKit/537.36 (KHTML, like Gecko) Chrome/58.0.3029.110 Safari/537.36"
207.46.13.66 - - [17/Jun/2017:05:48:54 +0530] "GET /project_details_view.php?id=1098 HTTP/1.1" 200 13918 "-" "Mozilla/5.0 (compatible; bingbot/2.0; +http://www.bing.com/bingbot.htm)"
40.77.167.73 - - [17/Jun/2017:05:52:11 +0530] "GET /project_details_view.php?id=508 HTTP/1.1" 200 15040 "-" "Mozilla/5.0 (iPhone; CPU iPhone OS 7_0 like Mac OS X) AppleWebKit/537.51.1 (KHTML, like Gecko) Version/7.0 Mobile/11A465 Safari/9537.53 (compatible; bingbot/2.0; +http://www.bing.com/bingbot.htm)"
66.249.79.15 - - [17/Jun/2017:05:54:44 +0530] "GET /project_details_view_report.php?id=432 HTTP/1.1" 200 13211 "-" "Mozilla/5.0 (compatible; Googlebot/2.1; +http://www.google.com/bot.html)"
202.46.58.208 - - [17/Jun/2017:05:56:13 +0530] "GET /project_details_view.php?id=691 HTTP/1.1" 200 14225 "-" "Mozilla/5.0 (Windows NT 10.0; WOW64) AppleWebKit/537.36 (KHTML, like Gecko) Chrome/45.0.2454.93 Safari/537.36"
40.77.167.112 - - [17/Jun/2017:05:56:26 +0530] "GET /images/NCDMA%20PCN%20Format%2017072009.doc HTTP/1.1" 200 114176 "-" "Mozilla/5.0 (compatible; bingbot/2.0; +http://www.bing.com/bingbot.htm)"
146.148.64.128 - - [17/Jun/2017:05:56:30 +0530] "GET /robots.txt HTTP/1.1" 404 208 "-" "ltx71 - (http://ltx71.com/)"
146.148.64.128 - - [17/Jun/2017:05:56:54 +0530] "GET / HTTP/1.1" 200 19482 "-" "ltx71 - (http://ltx71.com/)"
146.148.64.128 - - [17/Jun/2017:05:59:24 +0530] "GET /robots.txt HTTP/1.1" 404 208 "-" "ltx71 - (http://ltx71.com/)"
141.8.142.74 - - [17/Jun/2017:06:00:21 +0530] "GET /downloads/Carbon%20Market%20Roadmap.pdf HTTP/1.1" 200 4344697 "-" "Mozilla/5.0 (compatible; YandexBot/3.0; +http://yandex.com/bots)"
66.249.79.17 - - [17/Jun/2017:06:01:03 +0530] "GET /project_details_view_report.php?id=254 HTTP/1.1" 200 13148 "-" "Mozilla/5.0 (compatible; Googlebot/2.1; +http://www.google.com/bot.html)"
123.125.71.40 - - [17/Jun/2017:06:01:16 +0530] "GET / HTTP/1.1" 200 19482 "-" "Mozilla/5.0 (compatible; Baiduspider/2.0; +http://www.baidu.com/search/spider.html)"
141.8.142.74 - - [17/Jun/2017:06:02:22 +0530] "GET /project_details_view_report.php?id=987 HTTP/1.1" 200 13155 "-" "Mozilla/5.0 (compatible; YandexBot/3.0; +http://yandex.com/bots)"
141.8.142.74 - - [17/Jun/2017:06:02:24 +0530] "GET /project_details_view_report.php?id=736 HTTP/1.1" 200 13265 "-" "Mozilla/5.0 (compatible; YandexBot/3.0; +http://yandex.com/bots)"
65.55.210.13 - - [17/Jun/2017:06:02:41 +0530] "GET /images/fbg.jpg HTTP/1.1" 200 325 "-" "Mozilla/5.0 (iPhone; CPU iPhone OS 7_0 like Mac OS X) AppleWebKit/537.51.1 (KHTML, like Gecko) Version/7.0 Mobile/11A465 Safari/9537.53 BingPreview/1.0b"
146.148.64.128 - - [17/Jun/2017:06:03:10 +0530] "GET /robots.txt HTTP/1.1" 404 208 "-" "ltx71 - (http://ltx71.com/)"
207.46.13.66 - - [17/Jun/2017:06:03:28 +0530] "GET /project_details_view.php?id=31 HTTP/1.1" 200 13806 "-" "Mozilla/5.0 (iPhone; CPU iPhone OS 7_0 like Mac OS X) AppleWebKit/537.51.1 (KHTML, like Gecko) Version/7.0 Mobile/11A465 Safari/9537.53 (compatible; bingbot/2.0; +http://www.bing.com/bingbot.htm)"
40.77.167.73 - - [17/Jun/2017:06:04:55 +0530] "GET /project_details_view.php?id=431 HTTP/1.1" 200 14143 "-" "Mozilla/5.0 (iPhone; CPU iPhone OS 7_0 like Mac OS X) AppleWebKit/537.51.1 (KHTML, like Gecko) Version/7.0 Mobile/11A465 Safari/9537.53 (compatible; bingbot/2.0; +http://www.bing.com/bingbot.htm)"
40.77.167.73 - - [17/Jun/2017:06:05:36 +0530] "GET /project_details_view.php?id=80 HTTP/1.1" 200 14131 "-" "Mozilla/5.0 (iPhone; CPU iPhone OS 7_0 like Mac OS X) AppleWebKit/537.51.1 (KHTML, like Gecko) Version/7.0 Mobile/11A465 Safari/9537.53 (compatible; bingbot/2.0; +http://www.bing.com/bingbot.htm)"
64.233.173.47 - - [17/Jun/2017:06:09:44 +0530] "GET /constitution.php HTTP/1.1" 200 23671 "http://www.cdmindia.gov.in/" "Mozilla/5.0 (Linux; Android 6.0.1; Redmi Note 3 Build/MMB29M) AppleWebKit/537.36 (KHTML, like Gecko) Chrome/58.0.3029.83 Mobile Safari/537.36"
66.249.79.15 - - [17/Jun/2017:06:11:07 +0530] "GET /project_details_view_report.php?id=563 HTTP/1.1" 200 13143 "-" "Mozilla/5.0 (compatible; Googlebot/2.1; +http://www.google.com/bot.html)"
146.148.64.128 - - [17/Jun/2017:06:14:13 +0530] "GET /robots.txt HTTP/1.1" 404 208 "-" "ltx71 - (http://ltx71.com/)"
40.77.167.112 - - [17/Jun/2017:06:14:55 +0530] "GET /project_details_view.php?id=546 HTTP/1.1" 200 14596 "-" "Mozilla/5.0 (iPhone; CPU iPhone OS 7_0 like Mac OS X) AppleWebKit/537.51.1 (KHTML, like Gecko) Version/7.0 Mobile/11A465 Safari/9537.53 (compatible; bingbot/2.0; +http://www.bing.com/bingbot.htm)"
66.249.79.15 - - [17/Jun/2017:06:15:03 +0530] "GET /favicon.ico HTTP/1.1" 304 - "-" "Googlebot-Image/1.0"
207.46.13.2 - - [17/Jun/2017:06:15:39 +0530] "GET /project_details_view.php?id=938 HTTP/1.1" 200 14327 "-" "Mozilla/5.0 (compatible; bingbot/2.0; +http://www.bing.com/bingbot.htm)"
202.46.48.140 - - [17/Jun/2017:06:17:20 +0530] "GET /project_details_view.php?id=1386 HTTP/1.1" 200 14122 "-" "Mozilla/5.0 (Windows NT 10.0; WOW64) AppleWebKit/537.36 (KHTML, like Gecko) Chrome/45.0.2454.93 Safari/537.36"
207.46.13.2 - - [17/Jun/2017:06:18:00 +0530] "GET /project_details_view.php?id=133 HTTP/1.1" 200 14810 "-" "Mozilla/5.0 (iPhone; CPU iPhone OS 7_0 like Mac OS X) AppleWebKit/537.51.1 (KHTML, like Gecko) Version/7.0 Mobile/11A465 Safari/9537.53 (compatible; bingbot/2.0; +http://www.bing.com/bingbot.htm)"
40.77.167.112 - - [17/Jun/2017:06:18:13 +0530] "GET /downloads/Carbon%20Market%20Roadmap.pdf HTTP/1.1" 200 4344697 "-" "Mozilla/5.0 (compatible; bingbot/2.0; +http://www.bing.com/bingbot.htm)"
81.162.224.132 - - [17/Jun/2017:06:20:02 +0530] "GET /approval_process.php HTTP/1.0" 200 25914 "http://cdmindia.gov.in/approval_process.php" "Mozilla/5.0 (Windows NT 10.0; Win64; x64) AppleWebKit/537.36 (KHTML, like Gecko) Chrome/56.0.2924.87 Safari/537.36"
81.162.224.132 - - [17/Jun/2017:06:20:03 +0530] "GET /registration.php HTTP/1.0" 200 28531 "http://cdmindia.gov.in/registration.php" "Mozilla/5.0 (Windows NT 10.0; Win64; x64) AppleWebKit/537.36 (KHTML, like Gecko) Chrome/56.0.2924.87 Safari/537.36"
81.162.224.132 - - [17/Jun/2017:06:20:04 +0530] "GET /registration.php HTTP/1.0" 200 28531 "http://cdmindia.gov.in/registration.php" "Mozilla/5.0 (Windows NT 10.0; Win64; x64) AppleWebKit/537.36 (KHTML, like Gecko) Chrome/56.0.2924.87 Safari/537.36"
81.162.224.132 - - [17/Jun/2017:06:20:04 +0530] "GET /registration.php HTTP/1.0" 200 28531 "http://cdmindia.gov.in/registration.php" "Mozilla/5.0 (Windows NT 10.0; Win64; x64) AppleWebKit/537.36 (KHTML, like Gecko) Chrome/56.0.2924.87 Safari/537.36"
81.162.224.132 - - [17/Jun/2017:06:20:05 +0530] "GET /registration.php HTTP/1.0" 200 28531 "http://cdmindia.gov.in/registration.php" "Mozilla/5.0 (Windows NT 10.0; Win64; x64) AppleWebKit/537.36 (KHTML, like Gecko) Chrome/56.0.2924.87 Safari/537.36"
146.148.64.128 - - [17/Jun/2017:06:20:50 +0530] "GET /robots.txt HTTP/1.1" 404 208 "-" "ltx71 - (http://ltx71.com/)"
40.77.167.112 - - [17/Jun/2017:06:21:35 +0530] "GET /project_details_view_report.php?id=1561 HTTP/1.1" 200 13349 "-" "Mozilla/5.0 (compatible; bingbot/2.0; +http://www.bing.com/bingbot.htm)"
146.148.64.128 - - [17/Jun/2017:06:23:57 +0530] "GET /robots.txt HTTP/1.1" 404 208 "-" "ltx71 - (http://ltx71.com/)"
182.23.115.162 - - [17/Jun/2017:06:25:36 +0530] "GET /project_details_view.php?id='1511 HTTP/1.1" 200 11452 "-" "-"
146.148.64.128 - - [17/Jun/2017:06:30:14 +0530] "GET /robots.txt HTTP/1.1" 404 208 "-" "ltx71 - (http://ltx71.com/)"
66.102.6.111 - - [17/Jun/2017:06:31:49 +0530] "GET /project_details_view.php?id=488 HTTP/1.1" 200 14894 "https://www.google.co.in/" "Mozilla/5.0 (Linux; Android 4.2.1; en-us; Nexus 5 Build/JOP40D) AppleWebKit/535.19 (KHTML, like Gecko; googleweblight) Chrome/38.0.1025.166 Mobile Safari/535.19"
66.102.6.113 - - [17/Jun/2017:06:31:50 +0530] "GET /images/bullet1.gif HTTP/1.1" 200 67 "http://www.cdmindia.gov.in/project_details_view.php?id=488" "Mozilla/5.0 (Linux; Android 4.2.1; en-us; Nexus 5 Build/JOP40D) AppleWebKit/535.19 (KHTML, like Gecko; googleweblight) Chrome/38.0.1025.166 Mobile Safari/535.19"
66.102.6.113 - - [17/Jun/2017:06:31:50 +0530] "GET /images/bullet4.gif HTTP/1.1" 200 67 "http://www.cdmindia.gov.in/project_details_view.php?id=488" "Mozilla/5.0 (Linux; Android 4.2.1; en-us; Nexus 5 Build/JOP40D) AppleWebKit/535.19 (KHTML, like Gecko; googleweblight) Chrome/38.0.1025.166 Mobile Safari/535.19"
66.102.6.113 - - [17/Jun/2017:06:31:50 +0530] "GET /images/fbg.jpg HTTP/1.1" 200 325 "http://www.cdmindia.gov.in/project_details_view.php?id=488" "Mozilla/5.0 (Linux; Android 4.2.1; en-us; Nexus 5 Build/JOP40D) AppleWebKit/535.19 (KHTML, like Gecko; googleweblight) Chrome/38.0.1025.166 Mobile Safari/535.19"
66.102.6.113 - - [17/Jun/2017:06:31:50 +0530] "GET /images/bulllet2.gif HTTP/1.1" 200 58 "http://www.cdmindia.gov.in/project_details_view.php?id=488" "Mozilla/5.0 (Linux; Android 4.2.1; en-us; Nexus 5 Build/JOP40D) AppleWebKit/535.19 (KHTML, like Gecko; googleweblight) Chrome/38.0.1025.166 Mobile Safari/535.19"
66.102.6.113 - - [17/Jun/2017:06:31:50 +0530] "GET /images/img1.jpg HTTP/1.1" 200 1251 "http://www.cdmindia.gov.in/project_details_view.php?id=488" "Mozilla/5.0 (Linux; Android 4.2.1; en-us; Nexus 5 Build/JOP40D) AppleWebKit/535.19 (KHTML, like Gecko; googleweblight) Chrome/38.0.1025.166 Mobile Safari/535.19"
66.102.6.113 - - [17/Jun/2017:06:31:50 +0530] "GET /images/gtz.jpg HTTP/1.1" 200 15484 "http://www.cdmindia.gov.in/project_details_view.php?id=488" "Mozilla/5.0 (Linux; Android 4.2.1; en-us; Nexus 5 Build/JOP40D) AppleWebKit/535.19 (KHTML, like Gecko; googleweblight) Chrome/38.0.1025.166 Mobile Safari/535.19"
66.102.6.111 - - [17/Jun/2017:06:31:51 +0530] "GET /includes/ncdma.css HTTP/1.1" 200 13023 "http://www.cdmindia.gov.in/project_details_view.php?id=488" "Mozilla/5.0 (Linux; Android 4.2.1; en-us; Nexus 5 Build/JOP40D) AppleWebKit/535.19 (KHTML, like Gecko; googleweblight) Chrome/38.0.1025.166 Mobile Safari/535.19"
66.102.6.113 - - [17/Jun/2017:06:31:51 +0530] "GET /images/fdm.jpg HTTP/1.1" 200 2043 "http://www.cdmindia.gov.in/project_details_view.php?id=488" "Mozilla/5.0 (Linux; Android 4.2.1; en-us; Nexus 5 Build/JOP40D) AppleWebKit/535.19 (KHTML, like Gecko; googleweblight) Chrome/38.0.1025.166 Mobile Safari/535.19"
66.102.6.113 - - [17/Jun/2017:06:31:51 +0530] "GET /ncdma.css HTTP/1.1" 200 12640 "http://www.cdmindia.gov.in/project_details_view.php?id=488" "Mozilla/5.0 (Linux; Android 4.2.1; en-us; Nexus 5 Build/JOP40D) AppleWebKit/535.19 (KHTML, like Gecko; googleweblight) Chrome/38.0.1025.166 Mobile Safari/535.19"
66.102.6.111 - - [17/Jun/2017:06:31:50 +0530] "GET /images/img3.jpg HTTP/1.1" 200 26957 "http://www.cdmindia.gov.in/project_details_view.php?id=488" "Mozilla/5.0 (Linux; Android 4.2.1; en-us; Nexus 5 Build/JOP40D) AppleWebKit/535.19 (KHTML, like Gecko; googleweblight) Chrome/38.0.1025.166 Mobile Safari/535.19"
66.102.6.111 - - [17/Jun/2017:06:31:50 +0530] "GET /images/img2.jpg HTTP/1.1" 200 16276 "http://www.cdmindia.gov.in/project_details_view.php?id=488" "Mozilla/5.0 (Linux; Android 4.2.1; en-us; Nexus 5 Build/JOP40D) AppleWebKit/535.19 (KHTML, like Gecko; googleweblight) Chrome/38.0.1025.166 Mobile Safari/535.19"
66.102.6.115 - - [17/Jun/2017:06:31:51 +0530] "GET /images/spacer.gif HTTP/1.1" 200 43 "http://www.cdmindia.gov.in/project_details_view.php?id=488" "Mozilla/5.0 (Linux; Android 4.2.1; en-us; Nexus 5 Build/JOP40D) AppleWebKit/535.19 (KHTML, like Gecko; googleweblight) Chrome/38.0.1025.166 Mobile Safari/535.19"
66.102.6.115 - - [17/Jun/2017:06:31:51 +0530] "GET /Scripts/AC_RunActiveContent.js HTTP/1.1" 200 8321 "http://www.cdmindia.gov.in/project_details_view.php?id=488" "Mozilla/5.0 (Linux; Android 4.2.1; en-us; Nexus 5 Build/JOP40D) AppleWebKit/535.19 (KHTML, like Gecko; googleweblight) Chrome/38.0.1025.166 Mobile Safari/535.19"
66.249.79.17 - - [17/Jun/2017:06:33:19 +0530] "GET /project_details_view_report.php?id=180 HTTP/1.1" 200 13133 "-" "Mozilla/5.0 (compatible; Googlebot/2.1; +http://www.google.com/bot.html)"
40.77.167.73 - - [17/Jun/2017:06:34:02 +0530] "GET /project_details_view.php?id=760 HTTP/1.1" 200 14928 "-" "Mozilla/5.0 (iPhone; CPU iPhone OS 7_0 like Mac OS X) AppleWebKit/537.51.1 (KHTML, like Gecko) Version/7.0 Mobile/11A465 Safari/9537.53 (compatible; bingbot/2.0; +http://www.bing.com/bingbot.htm)"
146.148.64.128 - - [17/Jun/2017:06:37:48 +0530] "GET /robots.txt HTTP/1.1" 404 208 "-" "ltx71 - (http://ltx71.com/)"
202.46.51.210 - - [17/Jun/2017:06:38:27 +0530] "GET /project_details_view.php?id=660 HTTP/1.1" 200 13963 "-" "Mozilla/5.0 (Windows NT 10.0; WOW64) AppleWebKit/537.36 (KHTML, like Gecko) Chrome/45.0.2454.93 Safari/537.36"
54.234.218.89 - - [17/Jun/2017:06:39:25 +0530] "GET /wp-login.php HTTP/1.1" 404 210 "-" "Mozilla/5.0 (Linux; U; Android 2.2) AppleWebKit/533.1 (KHTML, like Gecko) Version/4.0 Mobile Safari/533.1"
54.234.218.89 - - [17/Jun/2017:06:39:26 +0530] "GET /administrator/index.php HTTP/1.1" 404 221 "-" "Mozilla/5.0 (Linux; U; Android 2.2) AppleWebKit/533.1 (KHTML, like Gecko) Version/4.0 Mobile Safari/533.1"
54.234.218.89 - - [17/Jun/2017:06:39:26 +0530] "GET /admin.php HTTP/1.1" 404 207 "-" "Mozilla/5.0 (Linux; U; Android 2.2) AppleWebKit/533.1 (KHTML, like Gecko) Version/4.0 Mobile Safari/533.1"
54.234.218.89 - - [17/Jun/2017:06:39:27 +0530] "GET /bitrix/admin/index.php?lang=en HTTP/1.1" 404 220 "-" "Mozilla/5.0 (Linux; U; Android 2.2) AppleWebKit/533.1 (KHTML, like Gecko) Version/4.0 Mobile Safari/533.1"
54.234.218.89 - - [17/Jun/2017:06:39:27 +0530] "GET /admin/login.php HTTP/1.1" 200 6923 "-" "Mozilla/5.0 (Linux; U; Android 2.2) AppleWebKit/533.1 (KHTML, like Gecko) Version/4.0 Mobile Safari/533.1"
54.234.218.89 - - [17/Jun/2017:06:39:28 +0530] "GET /admin/ HTTP/1.1" 200 6170 "-" "Mozilla/5.0 (Linux; U; Android 2.2) AppleWebKit/533.1 (KHTML, like Gecko) Version/4.0 Mobile Safari/533.1"
54.234.218.89 - - [17/Jun/2017:06:39:29 +0530] "GET /user/ HTTP/1.1" 404 203 "-" "Mozilla/5.0 (Linux; U; Android 2.2) AppleWebKit/533.1 (KHTML, like Gecko) Version/4.0 Mobile Safari/533.1"
207.46.13.66 - - [17/Jun/2017:06:40:06 +0530] "GET /project_details_view.php?id=825 HTTP/1.1" 200 14788 "-" "Mozilla/5.0 (iPhone; CPU iPhone OS 7_0 like Mac OS X) AppleWebKit/537.51.1 (KHTML, like Gecko) Version/7.0 Mobile/11A465 Safari/9537.53 (compatible; bingbot/2.0; +http://www.bing.com/bingbot.htm)"
207.46.13.66 - - [17/Jun/2017:06:47:44 +0530] "GET /project_details_view.php?id=692 HTTP/1.1" 200 14238 "-" "Mozilla/5.0 (iPhone; CPU iPhone OS 7_0 like Mac OS X) AppleWebKit/537.51.1 (KHTML, like Gecko) Version/7.0 Mobile/11A465 Safari/9537.53 (compatible; bingbot/2.0; +http://www.bing.com/bingbot.htm)"
40.77.167.73 - - [17/Jun/2017:06:49:26 +0530] "GET /sitemap.php HTTP/1.1" 200 18471 "-" "Mozilla/5.0 (compatible; bingbot/2.0; +http://www.bing.com/bingbot.htm)"
35.184.189.105 - - [17/Jun/2017:06:49:51 +0530] "GET /robots.txt HTTP/1.1" 404 208 "-" "ltx71 - (http://ltx71.com/)"
40.77.167.73 - - [17/Jun/2017:06:52:22 +0530] "GET /capacity_building.php HTTP/1.1" 200 19188 "-" "Mozilla/5.0 (compatible; bingbot/2.0; +http://www.bing.com/bingbot.htm)"
207.46.13.66 - - [17/Jun/2017:06:58:02 +0530] "GET /downloads/Existing%20PCN.doc HTTP/1.1" 200 114176 "-" "Mozilla/5.0 (compatible; bingbot/2.0; +http://www.bing.com/bingbot.htm)"
66.249.79.17 - - [17/Jun/2017:06:59:07 +0530] "GET /reports_list_details.php?id=fnxntyvmlpku&reporttype=&page=66 HTTP/1.1" 200 22180 "-" "Mozilla/5.0 (compatible; Googlebot/2.1; +http://www.google.com/bot.html)"
40.77.167.73 - - [17/Jun/2017:06:59:21 +0530] "GET /detail_news.php?id=18 HTTP/1.1" 302 18715 "-" "Mozilla/5.0 (compatible; bingbot/2.0; +http://www.bing.com/bingbot.htm)"
40.77.167.73 - - [17/Jun/2017:06:59:22 +0530] "GET /logout.php HTTP/1.1" 302 369 "-" "Mozilla/5.0 (compatible; bingbot/2.0; +http://www.bing.com/bingbot.htm)"
40.77.167.73 - - [17/Jun/2017:06:59:23 +0530] "GET /index.php HTTP/1.1" 200 19482 "-" "Mozilla/5.0 (compatible; bingbot/2.0; +http://www.bing.com/bingbot.htm)"
202.46.56.96 - - [17/Jun/2017:06:59:34 +0530] "GET /project_details_view_report.php?id=1217 HTTP/1.1" 200 13180 "-" "Mozilla/5.0 (Windows NT 10.0; WOW64) AppleWebKit/537.36 (KHTML, like Gecko) Chrome/45.0.2454.93 Safari/537.36"
8.37.232.87 - - [17/Jun/2017:07:01:58 +0530] "GET /project_details_view.php?id=993 HTTP/1.1" 200 13684 "http://www.google.co.in/search?site=webhp&q=sai+sudhir+solar+power+plant&sa=X&ved=0ahUKEwim5vGP3cPUAhVEpI8KHe7hAmcQ1QII7gEoBw&biw=360&bih=567" "Mozilla/5.0 (Linux; U; Android 5.0; en-US; Micromax Q380 Build/LRX21M) AppleWebKit/534.30 (KHTML, like Gecko) Version/4.0 UCBrowser/11.3.2.960 U3/0.8.0 Mobile Safari/534.30"
8.37.232.87 - - [17/Jun/2017:07:01:58 +0530] "GET /includes/ncdma.css HTTP/1.1" 200 13023 "http://www.cdmindia.gov.in/project_details_view.php?id=993" "Mozilla/5.0 (Linux; U; Android 5.0; en-US; Micromax Q380 Build/LRX21M) AppleWebKit/534.30 (KHTML, like Gecko) Version/4.0 UCBrowser/11.3.2.960 U3/0.8.0 Mobile Safari/534.30"
8.37.232.87 - - [17/Jun/2017:07:01:58 +0530] "GET /images/img2.jpg HTTP/1.1" 200 16276 "http://www.cdmindia.gov.in/project_details_view.php?id=993" "Mozilla/5.0 (Linux; U; Android 5.0; en-US; Micromax Q380 Build/LRX21M) AppleWebKit/534.30 (KHTML, like Gecko) Version/4.0 UCBrowser/11.3.2.960 U3/0.8.0 Mobile Safari/534.30"
8.37.232.87 - - [17/Jun/2017:07:01:58 +0530] "GET /ncdma.css HTTP/1.1" 200 12640 "http://www.cdmindia.gov.in/project_details_view.php?id=993" "Mozilla/5.0 (Linux; U; Android 5.0; en-US; Micromax Q380 Build/LRX21M) AppleWebKit/534.30 (KHTML, like Gecko) Version/4.0 UCBrowser/11.3.2.960 U3/0.8.0 Mobile Safari/534.30"
8.37.232.87 - - [17/Jun/2017:07:01:58 +0530] "GET /images/fdm.jpg HTTP/1.1" 200 2043 "http://www.cdmindia.gov.in/project_details_view.php?id=993" "Mozilla/5.0 (Linux; U; Android 5.0; en-US; Micromax Q380 Build/LRX21M) AppleWebKit/534.30 (KHTML, like Gecko) Version/4.0 UCBrowser/11.3.2.960 U3/0.8.0 Mobile Safari/534.30"
8.37.232.87 - - [17/Jun/2017:07:01:58 +0530] "GET /images/bullet4.gif HTTP/1.1" 200 67 "http://www.cdmindia.gov.in/project_details_view.php?id=993" "Mozilla/5.0 (Linux; U; Android 5.0; en-US; Micromax Q380 Build/LRX21M) AppleWebKit/534.30 (KHTML, like Gecko) Version/4.0 UCBrowser/11.3.2.960 U3/0.8.0 Mobile Safari/534.30"
8.37.232.87 - - [17/Jun/2017:07:01:59 +0530] "GET /images/bullet1.gif HTTP/1.1" 200 67 "http://www.cdmindia.gov.in/project_details_view.php?id=993" "Mozilla/5.0 (Linux; U; Android 5.0; en-US; Micromax Q380 Build/LRX21M) AppleWebKit/534.30 (KHTML, like Gecko) Version/4.0 UCBrowser/11.3.2.960 U3/0.8.0 Mobile Safari/534.30"
8.37.232.87 - - [17/Jun/2017:07:01:59 +0530] "GET /Scripts/AC_RunActiveContent.js HTTP/1.1" 200 8321 "http://www.cdmindia.gov.in/project_details_view.php?id=993" "Mozilla/5.0 (Linux; U; Android 5.0; en-US; Micromax Q380 Build/LRX21M) AppleWebKit/534.30 (KHTML, like Gecko) Version/4.0 UCBrowser/11.3.2.960 U3/0.8.0 Mobile Safari/534.30"
8.37.232.87 - - [17/Jun/2017:07:01:58 +0530] "GET /images/img3.jpg HTTP/1.1" 200 26957 "http://www.cdmindia.gov.in/project_details_view.php?id=993" "Mozilla/5.0 (Linux; U; Android 5.0; en-US; Micromax Q380 Build/LRX21M) AppleWebKit/534.30 (KHTML, like Gecko) Version/4.0 UCBrowser/11.3.2.960 U3/0.8.0 Mobile Safari/534.30"
8.37.232.87 - - [17/Jun/2017:07:01:59 +0530] "GET /images/spacer.gif HTTP/1.1" 304 - "http://www.cdmindia.gov.in/project_details_view.php?id=993" "Mozilla/5.0 (Linux; U; Android 5.0; en-US; Micromax Q380 Build/LRX21M) AppleWebKit/534.30 (KHTML, like Gecko) Version/4.0 UCBrowser/11.3.2.960 U3/0.8.0 Mobile Safari/534.30"
8.37.232.87 - - [17/Jun/2017:07:01:59 +0530] "GET /images/bulllet2.gif HTTP/1.1" 200 58 "http://www.cdmindia.gov.in/project_details_view.php?id=993" "Mozilla/5.0 (Linux; U; Android 5.0; en-US; Micromax Q380 Build/LRX21M) AppleWebKit/534.30 (KHTML, like Gecko) Version/4.0 UCBrowser/11.3.2.960 U3/0.8.0 Mobile Safari/534.30"
8.37.232.87 - - [17/Jun/2017:07:02:02 +0530] "GET /images/favicon.ico HTTP/1.1" 200 1406 "http://www.cdmindia.gov.in/project_details_view.php?id=993" "Mozilla/5.0 (Linux; U; Android 5.0; en-US; Micromax Q380 Build/LRX21M) AppleWebKit/534.30 (KHTML, like Gecko) Version/4.0 UCBrowser/11.3.2.960 U3/0.8.0 Mobile Safari/534.30"
35.184.189.105 - - [17/Jun/2017:07:03:04 +0530] "GET /robots.txt HTTP/1.1" 404 208 "-" "ltx71 - (http://ltx71.com/)"
141.8.142.74 - - [17/Jun/2017:07:03:34 +0530] "GET /images/gtz.jpg HTTP/1.1" 304 - "-" "Mozilla/5.0 (compatible; YandexImages/3.0; +http://yandex.com/bots)"
35.184.189.105 - - [17/Jun/2017:07:06:23 +0530] "GET /robots.txt HTTP/1.1" 404 208 "-" "ltx71 - (http://ltx71.com/)"
40.77.167.73 - - [17/Jun/2017:07:07:56 +0530] "GET /project_details_view.php?id=322 HTTP/1.1" 200 14461 "-" "Mozilla/5.0 (iPhone; CPU iPhone OS 7_0 like Mac OS X) AppleWebKit/537.51.1 (KHTML, like Gecko) Version/7.0 Mobile/11A465 Safari/9537.53 (compatible; bingbot/2.0; +http://www.bing.com/bingbot.htm)"
212.92.136.93 - - [17/Jun/2017:07:13:41 +0530] "GET / HTTP/1.1" 200 19482 "http://yandex.ru/clck/jsredir?from=yandex.ru%3Bsearch%3Bweb%3B%3B&text=&etext=1454.AESA2xuveGYD0bPiq8Jk5chhxu7daga63WuIua9Pe0PpPj20c2szw7HgJMPlBzjk.0d59b88e33e67a507e59f5119bb2dc6283f447cc&uuid=&state=_BLhILn4SxNIvvL0W45KSic66uCIg23qh8iRG98qeIXmeppkgUc0YGHEttDsYq_w3pSJtejupWg&data=UlNrNmk5WktYejR0eWJFYk1LdmtxdW5FZWJMbGt2ZHlWWjFSa2NYZ0JXNEtfYTQwdTJYWGluS1BNUDlMUnZZSFRnUFpReVN3a3pRSHRhTVdzTHgtTGRqM0I5bkFUYzVWLWVXdlBVMkZuWm8&b64e=2&sign=7e3924340af69556e1b1b160f6c87184&keyno=0&cst=AiuY0DBWFJ7IXge4WdYJQaYgAYq7JarrR_qM6JGXCnJR9sDwlwkC4cElexOQUSEL7GaNex5OSLQqMdo4IKZUVLJj57aVmn5GVTMolERE8h3mh_Qg-B2kdztrW0ukWBSM0R7qIW3N3S9ouNhJGANNXGTWRwOQaUyx&ref=orjY4mGPRjk5boDnW0uvlrrd71vZw9kp5uQozpMtKCV-HtQ36UFK0zgetCzofrD4_kO8Cj0o731iwvFynmrAVRiQH9bkiVRqJWUEAIBFGIlYJQ3Kg6G62PZVddTufvjv&l10n=ru&cts=1497659714709&mc=4.89299495865" "Mozilla/4.0 (compatible; MSIE 8.0; Windows NT 6.1; Trident/4.0; SLCC2; .NET CLR 2.0.50727; .NET CLR 3.5.30729; .NET CLR 3.0.30729; Media Center PC 6.0)"
212.92.136.93 - - [17/Jun/2017:07:13:42 +0530] "GET /Scripts/AC_RunActiveContent.js HTTP/1.1" 200 8321 "http://www.cdmindia.gov.in/" "Mozilla/4.0 (compatible; MSIE 8.0; Windows NT 6.1; Trident/4.0; SLCC2; .NET CLR 2.0.50727; .NET CLR 3.5.30729; .NET CLR 3.0.30729; Media Center PC 6.0)"
212.92.136.93 - - [17/Jun/2017:07:13:42 +0530] "GET /includes/ncdma.css HTTP/1.1" 200 13023 "http://www.cdmindia.gov.in/" "Mozilla/4.0 (compatible; MSIE 8.0; Windows NT 6.1; Trident/4.0; SLCC2; .NET CLR 2.0.50727; .NET CLR 3.5.30729; .NET CLR 3.0.30729; Media Center PC 6.0)"
212.92.136.93 - - [17/Jun/2017:07:13:42 +0530] "GET /js/md5.js HTTP/1.1" 200 13194 "http://www.cdmindia.gov.in/" "Mozilla/4.0 (compatible; MSIE 8.0; Windows NT 6.1; Trident/4.0; SLCC2; .NET CLR 2.0.50727; .NET CLR 3.5.30729; .NET CLR 3.0.30729; Media Center PC 6.0)"
212.92.136.93 - - [17/Jun/2017:07:13:42 +0530] "GET /js/base64_encode.js HTTP/1.1" 200 3002 "http://www.cdmindia.gov.in/" "Mozilla/4.0 (compatible; MSIE 8.0; Windows NT 6.1; Trident/4.0; SLCC2; .NET CLR 2.0.50727; .NET CLR 3.5.30729; .NET CLR 3.0.30729; Media Center PC 6.0)"
212.92.136.93 - - [17/Jun/2017:07:13:42 +0530] "GET /ncdma.css HTTP/1.1" 200 12640 "http://www.cdmindia.gov.in/" "Mozilla/4.0 (compatible; MSIE 8.0; Windows NT 6.1; Trident/4.0; SLCC2; .NET CLR 2.0.50727; .NET CLR 3.5.30729; .NET CLR 3.0.30729; Media Center PC 6.0)"
115.28.76.22 - - [17/Jun/2017:07:13:41 +0530] "GET / HTTP/1.1" 200 19482 "-" "-"
115.28.76.22 - - [17/Jun/2017:07:13:44 +0530] "GET /xmlrpc.php HTTP/1.1" 404 208 "-" "-"
212.92.136.93 - - [17/Jun/2017:07:13:43 +0530] "GET /images/midbanner.swf HTTP/1.1" 200 285833 "http://www.cdmindia.gov.in/" "Mozilla/4.0 (compatible; MSIE 8.0; Windows NT 6.1; Trident/4.0; SLCC2; .NET CLR 2.0.50727; .NET CLR 3.5.30729; .NET CLR 3.0.30729; Media Center PC 6.0)"
115.28.76.22 - - [17/Jun/2017:07:13:44 +0530] "HEAD /wp-login.php HTTP/1.1" 404 - "-" "-"
212.37.27.58 - - [17/Jun/2017:07:13:46 +0530] "GET /robots.txt HTTP/1.0" 404 208 "-" "psbot/0.1 (+http://www.picsearch.com/bot.html)"
212.37.27.58 - - [17/Jun/2017:07:13:47 +0530] "GET /approval_process.php HTTP/1.0" 200 25914 "-" "psbot/0.1 (+http://www.picsearch.com/bot.html)"
88.17.168.203 - - [17/Jun/2017:07:14:03 +0530] "GET /wp-login.php HTTP/1.1" 404 210 "-" "Mozilla/5.0 (Windows NT 6.1; WOW64; rv:40.0) Gecko/20100101 Firefox/40.1"
88.17.168.203 - - [17/Jun/2017:07:14:04 +0530] "GET / HTTP/1.1" 200 19482 "-" "Mozilla/5.0 (Windows NT 6.1; WOW64; rv:40.0) Gecko/20100101 Firefox/40.1"
40.77.167.73 - - [17/Jun/2017:07:15:11 +0530] "GET /imp_links.php HTTP/1.1" 200 17836 "-" "Mozilla/5.0 (compatible; bingbot/2.0; +http://www.bing.com/bingbot.htm)"
207.46.13.66 - - [17/Jun/2017:07:16:52 +0530] "GET /index.php HTTP/1.1" 200 19482 "-" "Mozilla/5.0 (compatible; bingbot/2.0; +http://www.bing.com/bingbot.htm)"
216.244.66.196 - - [17/Jun/2017:07:18:49 +0530] "GET /admin/forgotpassword.php HTTP/1.1" 200 6191 "-" "Mozilla/5.0 (compatible; DotBot/1.1; http://www.opensiteexplorer.org/dotbot, help@moz.com)"
202.46.52.206 - - [17/Jun/2017:07:20:41 +0530] "GET /project_details_view_report.php?id=190 HTTP/1.1" 200 13095 "-" "Mozilla/5.0 (Windows NT 10.0; WOW64) AppleWebKit/537.36 (KHTML, like Gecko) Chrome/45.0.2454.93 Safari/537.36"
146.148.64.128 - - [17/Jun/2017:07:27:06 +0530] "GET /robots.txt HTTP/1.1" 404 208 "-" "ltx71 - (http://ltx71.com/)"
146.148.64.128 - - [17/Jun/2017:07:28:10 +0530] "GET /registration.php HTTP/1.1" 302 28531 "-" "ltx71 - (http://ltx71.com/)"
92.133.42.158 - - [17/Jun/2017:07:29:15 +0530] "GET /robots.txt HTTP/1.1" 404 208 "-" "Java/1.8.0_101"
207.46.13.49 - - [17/Jun/2017:07:29:35 +0530] "GET /detail_news.php?id=20 HTTP/1.1" 302 18268 "-" "Mozilla/5.0 (compatible; bingbot/2.0; +http://www.bing.com/bingbot.htm)"
207.46.13.49 - - [17/Jun/2017:07:29:36 +0530] "GET /logout.php HTTP/1.1" 302 369 "-" "Mozilla/5.0 (compatible; bingbot/2.0; +http://www.bing.com/bingbot.htm)"
207.46.13.49 - - [17/Jun/2017:07:29:37 +0530] "GET /index.php HTTP/1.1" 200 19482 "-" "Mozilla/5.0 (compatible; bingbot/2.0; +http://www.bing.com/bingbot.htm)"
207.46.13.49 - - [17/Jun/2017:07:41:21 +0530] "GET /future_projects.php HTTP/1.1" 302 26212 "-" "Mozilla/5.0 (compatible; bingbot/2.0; +http://www.bing.com/bingbot.htm)"
207.46.13.49 - - [17/Jun/2017:07:41:22 +0530] "GET /logout.php HTTP/1.1" 302 369 "-" "Mozilla/5.0 (compatible; bingbot/2.0; +http://www.bing.com/bingbot.htm)"
207.46.13.49 - - [17/Jun/2017:07:41:23 +0530] "GET /index.php HTTP/1.1" 200 19482 "-" "Mozilla/5.0 (compatible; bingbot/2.0; +http://www.bing.com/bingbot.htm)"
202.46.56.73 - - [17/Jun/2017:07:41:48 +0530] "GET /project_details_view.php?id=1504 HTTP/1.1" 200 15225 "-" "Mozilla/5.0 (Windows NT 10.0; WOW64) AppleWebKit/537.36 (KHTML, like Gecko) Chrome/45.0.2454.93 Safari/537.36"
66.249.79.19 - - [17/Jun/2017:07:47:15 +0530] "GET /project_details_view_report.php?id=351 HTTP/1.1" 200 13110 "-" "Mozilla/5.0 (compatible; Googlebot/2.1; +http://www.google.com/bot.html)"
40.77.167.73 - - [17/Jun/2017:07:48:31 +0530] "GET /project_details_view.php?id=67 HTTP/1.1" 200 16365 "-" "Mozilla/5.0 (compatible; bingbot/2.0; +http://www.bing.com/bingbot.htm)"
207.46.13.49 - - [17/Jun/2017:07:52:14 +0530] "GET /project_details_view.php?id=766 HTTP/1.1" 200 14801 "-" "Mozilla/5.0 (iPhone; CPU iPhone OS 7_0 like Mac OS X) AppleWebKit/537.51.1 (KHTML, like Gecko) Version/7.0 Mobile/11A465 Safari/9537.53 (compatible; bingbot/2.0; +http://www.bing.com/bingbot.htm)"
207.46.13.2 - - [17/Jun/2017:07:53:03 +0530] "GET /project_details_view.php?id=816 HTTP/1.1" 200 15271 "-" "Mozilla/5.0 (compatible; bingbot/2.0; +http://www.bing.com/bingbot.htm)"
34.207.98.73 - - [17/Jun/2017:07:55:15 +0530] "GET /robots.txt HTTP/1.0" 404 208 "-" "ia_archiver"
34.207.98.73 - - [17/Jun/2017:07:55:15 +0530] "GET /project_details_view.php? HTTP/1.0" 200 11452 "-" "ia_archiver"
146.148.64.128 - - [17/Jun/2017:08:00:24 +0530] "GET /robots.txt HTTP/1.1" 404 208 "-" "ltx71 - (http://ltx71.com/)"
146.148.64.128 - - [17/Jun/2017:08:01:19 +0530] "GET /capacity_building.php HTTP/1.1" 200 19188 "-" "ltx71 - (http://ltx71.com/)"
146.148.64.128 - - [17/Jun/2017:08:01:42 +0530] "GET /future_projects.php HTTP/1.1" 302 26212 "-" "ltx71 - (http://ltx71.com/)"
146.148.64.128 - - [17/Jun/2017:08:02:11 +0530] "GET /downloads/Carbon%20Market%20Roadmap.pdf HTTP/1.1" 200 4344697 "-" "ltx71 - (http://ltx71.com/)"
146.148.64.128 - - [17/Jun/2017:08:02:52 +0530] "GET /logout.php HTTP/1.1" 302 369 "-" "ltx71 - (http://ltx71.com/)"
202.46.58.132 - - [17/Jun/2017:08:02:54 +0530] "GET /project_details_view.php?id=870 HTTP/1.1" 200 14110 "-" "Mozilla/5.0 (Windows NT 10.0; WOW64) AppleWebKit/537.36 (KHTML, like Gecko) Chrome/45.0.2454.93 Safari/537.36"
146.148.64.128 - - [17/Jun/2017:08:03:05 +0530] "GET /constitution.php HTTP/1.1" 200 23671 "-" "ltx71 - (http://ltx71.com/)"
146.148.64.128 - - [17/Jun/2017:08:03:19 +0530] "GET /imp_links.php HTTP/1.1" 200 17836 "-" "ltx71 - (http://ltx71.com/)"
146.148.64.128 - - [17/Jun/2017:08:03:34 +0530] "GET /js/base64_encode.js HTTP/1.1" 200 3002 "-" "ltx71 - (http://ltx71.com/)"
146.148.64.128 - - [17/Jun/2017:08:03:46 +0530] "GET /approval_process.php HTTP/1.1" 200 25914 "-" "ltx71 - (http://ltx71.com/)"
207.46.13.66 - - [17/Jun/2017:08:04:23 +0530] "GET /project_details_view.php?id=549 HTTP/1.1" 200 15122 "-" "Mozilla/5.0 (iPhone; CPU iPhone OS 7_0 like Mac OS X) AppleWebKit/537.51.1 (KHTML, like Gecko) Version/7.0 Mobile/11A465 Safari/9537.53 (compatible; bingbot/2.0; +http://www.bing.com/bingbot.htm)"
35.184.189.105 - - [17/Jun/2017:08:05:52 +0530] "GET /robots.txt HTTP/1.1" 404 208 "-" "ltx71 - (http://ltx71.com/)"
35.184.189.105 - - [17/Jun/2017:08:06:21 +0530] "GET /logout.php HTTP/1.1" 302 369 "-" "ltx71 - (http://ltx71.com/)"
218.236.19.186 - - [17/Jun/2017:08:08:07 +0530] "GET /downloads/Carbon%20Market%20Roadmap.pdf HTTP/1.1" 200 4344697 "http://www.google.co.kr/url?sa=t&rct=j&q=&esrc=s&source=web&cd=7&ved=0ahUKEwiprvS17MPUAhVEKZQKHexHDDEQFghQMAY&url=http%3A%2F%2Fwww.cdmindia.gov.in%2Fdownloads%2FCarbon%2520Market%2520Roadmap.pdf&usg=AFQjCNEoSiccCeCUsoW67H0SHuO_75uEbQ" "Mozilla/5.0 (Windows NT 6.1; WOW64; Trident/7.0; rv:11.0) like Gecko"
218.236.19.186 - - [17/Jun/2017:08:08:12 +0530] "GET /downloads/Carbon%20Market%20Roadmap.pdf HTTP/1.1" 206 2425 "-" "Mozilla/5.0 (Windows NT 6.1; WOW64; Trident/7.0; rv:11.0) like Gecko"
218.236.19.186 - - [17/Jun/2017:08:08:13 +0530] "GET /downloads/Carbon%20Market%20Roadmap.pdf HTTP/1.1" 206 512 "-" "Mozilla/5.0 (Windows NT 6.1; WOW64; Trident/7.0; rv:11.0) like Gecko"
218.236.19.186 - - [17/Jun/2017:08:08:13 +0530] "GET /downloads/Carbon%20Market%20Roadmap.pdf HTTP/1.1" 206 3584 "-" "Mozilla/5.0 (Windows NT 6.1; WOW64; Trident/7.0; rv:11.0) like Gecko"
218.236.19.186 - - [17/Jun/2017:08:08:14 +0530] "GET /downloads/Carbon%20Market%20Roadmap.pdf HTTP/1.1" 206 16384 "-" "Mozilla/5.0 (Windows NT 6.1; WOW64; Trident/7.0; rv:11.0) like Gecko"
218.236.19.186 - - [17/Jun/2017:08:08:14 +0530] "GET /downloads/Carbon%20Market%20Roadmap.pdf HTTP/1.1" 206 12288 "-" "Mozilla/5.0 (Windows NT 6.1; WOW64; Trident/7.0; rv:11.0) like Gecko"
218.236.19.186 - - [17/Jun/2017:08:08:15 +0530] "GET /downloads/Carbon%20Market%20Roadmap.pdf HTTP/1.1" 206 512 "-" "Mozilla/5.0 (Windows NT 6.1; WOW64; Trident/7.0; rv:11.0) like Gecko"
218.236.19.186 - - [17/Jun/2017:08:08:15 +0530] "GET /downloads/Carbon%20Market%20Roadmap.pdf HTTP/1.1" 206 17116 "-" "Mozilla/5.0 (Windows NT 6.1; WOW64; Trident/7.0; rv:11.0) like Gecko"
218.236.19.186 - - [17/Jun/2017:08:08:15 +0530] "GET /downloads/Carbon%20Market%20Roadmap.pdf HTTP/1.1" 206 16384 "-" "Mozilla/5.0 (Windows NT 6.1; WOW64; Trident/7.0; rv:11.0) like Gecko"
218.236.19.186 - - [17/Jun/2017:08:08:16 +0530] "GET /downloads/Carbon%20Market%20Roadmap.pdf HTTP/1.1" 206 16384 "-" "Mozilla/5.0 (Windows NT 6.1; WOW64; Trident/7.0; rv:11.0) like Gecko"
218.236.19.186 - - [17/Jun/2017:08:08:16 +0530] "GET /downloads/Carbon%20Market%20Roadmap.pdf HTTP/1.1" 206 16384 "-" "Mozilla/5.0 (Windows NT 6.1; WOW64; Trident/7.0; rv:11.0) like Gecko"
218.236.19.186 - - [17/Jun/2017:08:08:17 +0530] "GET /downloads/Carbon%20Market%20Roadmap.pdf HTTP/1.1" 206 5632 "-" "Mozilla/5.0 (Windows NT 6.1; WOW64; Trident/7.0; rv:11.0) like Gecko"
218.236.19.186 - - [17/Jun/2017:08:08:18 +0530] "GET /downloads/Carbon%20Market%20Roadmap.pdf HTTP/1.1" 206 14556 "-" "Mozilla/5.0 (Windows NT 6.1; WOW64; Trident/7.0; rv:11.0) like Gecko"
218.236.19.186 - - [17/Jun/2017:08:08:18 +0530] "GET /downloads/Carbon%20Market%20Roadmap.pdf HTTP/1.1" 206 512 "-" "Mozilla/5.0 (Windows NT 6.1; WOW64; Trident/7.0; rv:11.0) like Gecko"
218.236.19.186 - - [17/Jun/2017:08:08:19 +0530] "GET /downloads/Carbon%20Market%20Roadmap.pdf HTTP/1.1" 206 2780 "-" "Mozilla/5.0 (Windows NT 6.1; WOW64; Trident/7.0; rv:11.0) like Gecko"
218.236.19.186 - - [17/Jun/2017:08:08:19 +0530] "GET /downloads/Carbon%20Market%20Roadmap.pdf HTTP/1.1" 206 2780 "-" "Mozilla/5.0 (Windows NT 6.1; WOW64; Trident/7.0; rv:11.0) like Gecko"
218.236.19.186 - - [17/Jun/2017:08:08:20 +0530] "GET /downloads/Carbon%20Market%20Roadmap.pdf HTTP/1.1" 206 7168 "-" "Mozilla/5.0 (Windows NT 6.1; WOW64; Trident/7.0; rv:11.0) like Gecko"
218.236.19.186 - - [17/Jun/2017:08:08:20 +0530] "GET /downloads/Carbon%20Market%20Roadmap.pdf HTTP/1.1" 206 8412 "-" "Mozilla/5.0 (Windows NT 6.1; WOW64; Trident/7.0; rv:11.0) like Gecko"
218.236.19.186 - - [17/Jun/2017:08:08:21 +0530] "GET /downloads/Carbon%20Market%20Roadmap.pdf HTTP/1.1" 206 16384 "-" "Mozilla/5.0 (Windows NT 6.1; WOW64; Trident/7.0; rv:11.0) like Gecko"
218.236.19.186 - - [17/Jun/2017:08:08:21 +0530] "GET /downloads/Carbon%20Market%20Roadmap.pdf HTTP/1.1" 206 16384 "-" "Mozilla/5.0 (Windows NT 6.1; WOW64; Trident/7.0; rv:11.0) like Gecko"
218.236.19.186 - - [17/Jun/2017:08:08:23 +0530] "GET /downloads/Carbon%20Market%20Roadmap.pdf HTTP/1.1" 206 1536 "-" "Mozilla/5.0 (Windows NT 6.1; WOW64; Trident/7.0; rv:11.0) like Gecko"
218.236.19.186 - - [17/Jun/2017:08:08:23 +0530] "GET /downloads/Carbon%20Market%20Roadmap.pdf HTTP/1.1" 206 16384 "-" "Mozilla/5.0 (Windows NT 6.1; WOW64; Trident/7.0; rv:11.0) like Gecko"
218.236.19.186 - - [17/Jun/2017:08:08:24 +0530] "GET /downloads/Carbon%20Market%20Roadmap.pdf HTTP/1.1" 206 16384 "-" "Mozilla/5.0 (Windows NT 6.1; WOW64; Trident/7.0; rv:11.0) like Gecko"
218.236.19.186 - - [17/Jun/2017:08:08:25 +0530] "GET /downloads/Carbon%20Market%20Roadmap.pdf HTTP/1.1" 206 16384 "-" "Mozilla/5.0 (Windows NT 6.1; WOW64; Trident/7.0; rv:11.0) like Gecko"
218.236.19.186 - - [17/Jun/2017:08:08:25 +0530] "GET /downloads/Carbon%20Market%20Roadmap.pdf HTTP/1.1" 206 16384 "-" "Mozilla/5.0 (Windows NT 6.1; WOW64; Trident/7.0; rv:11.0) like Gecko"
218.236.19.186 - - [17/Jun/2017:08:08:26 +0530] "GET /downloads/Carbon%20Market%20Roadmap.pdf HTTP/1.1" 206 16384 "-" "Mozilla/5.0 (Windows NT 6.1; WOW64; Trident/7.0; rv:11.0) like Gecko"
218.236.19.186 - - [17/Jun/2017:08:08:26 +0530] "GET /downloads/Carbon%20Market%20Roadmap.pdf HTTP/1.1" 206 16384 "-" "Mozilla/5.0 (Windows NT 6.1; WOW64; Trident/7.0; rv:11.0) like Gecko"
218.236.19.186 - - [17/Jun/2017:08:08:27 +0530] "GET /downloads/Carbon%20Market%20Roadmap.pdf HTTP/1.1" 206 16384 "-" "Mozilla/5.0 (Windows NT 6.1; WOW64; Trident/7.0; rv:11.0) like Gecko"
218.236.19.186 - - [17/Jun/2017:08:08:27 +0530] "GET /downloads/Carbon%20Market%20Roadmap.pdf HTTP/1.1" 206 16384 "-" "Mozilla/5.0 (Windows NT 6.1; WOW64; Trident/7.0; rv:11.0) like Gecko"
218.236.19.186 - - [17/Jun/2017:08:08:28 +0530] "GET /downloads/Carbon%20Market%20Roadmap.pdf HTTP/1.1" 206 16384 "-" "Mozilla/5.0 (Windows NT 6.1; WOW64; Trident/7.0; rv:11.0) like Gecko"
218.236.19.186 - - [17/Jun/2017:08:08:28 +0530] "GET /downloads/Carbon%20Market%20Roadmap.pdf HTTP/1.1" 206 16384 "-" "Mozilla/5.0 (Windows NT 6.1; WOW64; Trident/7.0; rv:11.0) like Gecko"
218.236.19.186 - - [17/Jun/2017:08:08:29 +0530] "GET /downloads/Carbon%20Market%20Roadmap.pdf HTTP/1.1" 206 16384 "-" "Mozilla/5.0 (Windows NT 6.1; WOW64; Trident/7.0; rv:11.0) like Gecko"
218.236.19.186 - - [17/Jun/2017:08:08:29 +0530] "GET /downloads/Carbon%20Market%20Roadmap.pdf HTTP/1.1" 206 16384 "-" "Mozilla/5.0 (Windows NT 6.1; WOW64; Trident/7.0; rv:11.0) like Gecko"
218.236.19.186 - - [17/Jun/2017:08:08:31 +0530] "GET /downloads/Carbon%20Market%20Roadmap.pdf HTTP/1.1" 206 16384 "-" "Mozilla/5.0 (Windows NT 6.1; WOW64; Trident/7.0; rv:11.0) like Gecko"
218.236.19.186 - - [17/Jun/2017:08:08:31 +0530] "GET /downloads/Carbon%20Market%20Roadmap.pdf HTTP/1.1" 206 16384 "-" "Mozilla/5.0 (Windows NT 6.1; WOW64; Trident/7.0; rv:11.0) like Gecko"
218.236.19.186 - - [17/Jun/2017:08:08:32 +0530] "GET /downloads/Carbon%20Market%20Roadmap.pdf HTTP/1.1" 206 16384 "-" "Mozilla/5.0 (Windows NT 6.1; WOW64; Trident/7.0; rv:11.0) like Gecko"
218.236.19.186 - - [17/Jun/2017:08:08:32 +0530] "GET /downloads/Carbon%20Market%20Roadmap.pdf HTTP/1.1" 206 16384 "-" "Mozilla/5.0 (Windows NT 6.1; WOW64; Trident/7.0; rv:11.0) like Gecko"
218.236.19.186 - - [17/Jun/2017:08:08:33 +0530] "GET /downloads/Carbon%20Market%20Roadmap.pdf HTTP/1.1" 206 16384 "-" "Mozilla/5.0 (Windows NT 6.1; WOW64; Trident/7.0; rv:11.0) like Gecko"
218.236.19.186 - - [17/Jun/2017:08:08:33 +0530] "GET /downloads/Carbon%20Market%20Roadmap.pdf HTTP/1.1" 206 16384 "-" "Mozilla/5.0 (Windows NT 6.1; WOW64; Trident/7.0; rv:11.0) like Gecko"
218.236.19.186 - - [17/Jun/2017:08:08:34 +0530] "GET /downloads/Carbon%20Market%20Roadmap.pdf HTTP/1.1" 206 16384 "-" "Mozilla/5.0 (Windows NT 6.1; WOW64; Trident/7.0; rv:11.0) like Gecko"
218.236.19.186 - - [17/Jun/2017:08:08:34 +0530] "GET /downloads/Carbon%20Market%20Roadmap.pdf HTTP/1.1" 206 16384 "-" "Mozilla/5.0 (Windows NT 6.1; WOW64; Trident/7.0; rv:11.0) like Gecko"
218.236.19.186 - - [17/Jun/2017:08:08:35 +0530] "GET /downloads/Carbon%20Market%20Roadmap.pdf HTTP/1.1" 206 16384 "-" "Mozilla/5.0 (Windows NT 6.1; WOW64; Trident/7.0; rv:11.0) like Gecko"
218.236.19.186 - - [17/Jun/2017:08:08:35 +0530] "GET /downloads/Carbon%20Market%20Roadmap.pdf HTTP/1.1" 206 16384 "-" "Mozilla/5.0 (Windows NT 6.1; WOW64; Trident/7.0; rv:11.0) like Gecko"
218.236.19.186 - - [17/Jun/2017:08:08:36 +0530] "GET /downloads/Carbon%20Market%20Roadmap.pdf HTTP/1.1" 206 16384 "-" "Mozilla/5.0 (Windows NT 6.1; WOW64; Trident/7.0; rv:11.0) like Gecko"
218.236.19.186 - - [17/Jun/2017:08:08:36 +0530] "GET /downloads/Carbon%20Market%20Roadmap.pdf HTTP/1.1" 206 16384 "-" "Mozilla/5.0 (Windows NT 6.1; WOW64; Trident/7.0; rv:11.0) like Gecko"
218.236.19.186 - - [17/Jun/2017:08:08:37 +0530] "GET /downloads/Carbon%20Market%20Roadmap.pdf HTTP/1.1" 206 16384 "-" "Mozilla/5.0 (Windows NT 6.1; WOW64; Trident/7.0; rv:11.0) like Gecko"
218.236.19.186 - - [17/Jun/2017:08:08:37 +0530] "GET /downloads/Carbon%20Market%20Roadmap.pdf HTTP/1.1" 206 16384 "-" "Mozilla/5.0 (Windows NT 6.1; WOW64; Trident/7.0; rv:11.0) like Gecko"
218.236.19.186 - - [17/Jun/2017:08:08:38 +0530] "GET /downloads/Carbon%20Market%20Roadmap.pdf HTTP/1.1" 206 16384 "-" "Mozilla/5.0 (Windows NT 6.1; WOW64; Trident/7.0; rv:11.0) like Gecko"
218.236.19.186 - - [17/Jun/2017:08:08:39 +0530] "GET /downloads/Carbon%20Market%20Roadmap.pdf HTTP/1.1" 206 16384 "-" "Mozilla/5.0 (Windows NT 6.1; WOW64; Trident/7.0; rv:11.0) like Gecko"
218.236.19.186 - - [17/Jun/2017:08:08:40 +0530] "GET /downloads/Carbon%20Market%20Roadmap.pdf HTTP/1.1" 206 16384 "-" "Mozilla/5.0 (Windows NT 6.1; WOW64; Trident/7.0; rv:11.0) like Gecko"
