111.93.251.186 - - [29/May/2017:10:39:36 +0530] "GET /js/datepicker/latest_jquery.datePicker.js HTTP/1.1" 200 37423 "http://www.cdmindia.gov.in/approved_projects.php?n=1" "Mozilla/5.0 (Windows NT 10.0; Win64; x64) AppleWebKit/537.36 (KHTML, like Gecko) Chrome/58.0.3029.110 Safari/537.36"
111.93.251.186 - - [29/May/2017:10:39:36 +0530] "GET /js/jquery.js HTTP/1.1" 200 55774 "http://www.cdmindia.gov.in/approved_projects.php?n=1" "Mozilla/5.0 (Windows NT 10.0; Win64; x64) AppleWebKit/537.36 (KHTML, like Gecko) Chrome/58.0.3029.110 Safari/537.36"
111.93.251.186 - - [29/May/2017:10:39:36 +0530] "GET /images/img2.jpg HTTP/1.1" 200 16276 "http://www.cdmindia.gov.in/approved_projects.php?n=1" "Mozilla/5.0 (Windows NT 10.0; Win64; x64) AppleWebKit/537.36 (KHTML, like Gecko) Chrome/58.0.3029.110 Safari/537.36"
111.93.251.186 - - [29/May/2017:10:39:36 +0530] "GET /images/spacer.gif HTTP/1.1" 200 43 "http://www.cdmindia.gov.in/approved_projects.php?n=1" "Mozilla/5.0 (Windows NT 10.0; Win64; x64) AppleWebKit/537.36 (KHTML, like Gecko) Chrome/58.0.3029.110 Safari/537.36"
111.93.251.186 - - [29/May/2017:10:39:36 +0530] "GET /images/bullet4.gif HTTP/1.1" 200 67 "http://www.cdmindia.gov.in/approved_projects.php?n=1" "Mozilla/5.0 (Windows NT 10.0; Win64; x64) AppleWebKit/537.36 (KHTML, like Gecko) Chrome/58.0.3029.110 Safari/537.36"
111.93.251.186 - - [29/May/2017:10:39:36 +0530] "GET /images/bulllet2.gif HTTP/1.1" 200 58 "http://www.cdmindia.gov.in/approved_projects.php?n=1" "Mozilla/5.0 (Windows NT 10.0; Win64; x64) AppleWebKit/537.36 (KHTML, like Gecko) Chrome/58.0.3029.110 Safari/537.36"
111.93.251.186 - - [29/May/2017:10:39:36 +0530] "GET /images/bullet1.gif HTTP/1.1" 200 67 "http://www.cdmindia.gov.in/approved_projects.php?n=1" "Mozilla/5.0 (Windows NT 10.0; Win64; x64) AppleWebKit/537.36 (KHTML, like Gecko) Chrome/58.0.3029.110 Safari/537.36"
111.93.251.186 - - [29/May/2017:10:39:36 +0530] "GET /images/img3.jpg HTTP/1.1" 200 26957 "http://www.cdmindia.gov.in/approved_projects.php?n=1" "Mozilla/5.0 (Windows NT 10.0; Win64; x64) AppleWebKit/537.36 (KHTML, like Gecko) Chrome/58.0.3029.110 Safari/537.36"
111.93.251.186 - - [29/May/2017:10:39:36 +0530] "GET /images/img1.jpg HTTP/1.1" 200 1251 "http://www.cdmindia.gov.in/approved_projects.php?n=1" "Mozilla/5.0 (Windows NT 10.0; Win64; x64) AppleWebKit/537.36 (KHTML, like Gecko) Chrome/58.0.3029.110 Safari/537.36"
111.93.251.186 - - [29/May/2017:10:39:36 +0530] "GET /js/datepicker/calendar.gif HTTP/1.1" 200 235 "http://www.cdmindia.gov.in/js/datepicker/latest_demo.css" "Mozilla/5.0 (Windows NT 10.0; Win64; x64) AppleWebKit/537.36 (KHTML, like Gecko) Chrome/58.0.3029.110 Safari/537.36"
111.93.251.186 - - [29/May/2017:10:39:36 +0530] "GET /images/fdm.jpg HTTP/1.1" 200 2043 "http://www.cdmindia.gov.in/approved_projects.php?n=1" "Mozilla/5.0 (Windows NT 10.0; Win64; x64) AppleWebKit/537.36 (KHTML, like Gecko) Chrome/58.0.3029.110 Safari/537.36"
111.93.251.186 - - [29/May/2017:10:39:36 +0530] "GET /images/gtz.jpg HTTP/1.1" 200 15484 "http://www.cdmindia.gov.in/approved_projects.php?n=1" "Mozilla/5.0 (Windows NT 10.0; Win64; x64) AppleWebKit/537.36 (KHTML, like Gecko) Chrome/58.0.3029.110 Safari/537.36"
111.93.251.186 - - [29/May/2017:10:39:36 +0530] "GET /images/fbg.jpg HTTP/1.1" 200 325 "http://www.cdmindia.gov.in/approved_projects.php?n=1" "Mozilla/5.0 (Windows NT 10.0; Win64; x64) AppleWebKit/537.36 (KHTML, like Gecko) Chrome/58.0.3029.110 Safari/537.36"
111.93.251.186 - - [29/May/2017:10:39:36 +0530] "GET /favicon.ico HTTP/1.1" 200 1189 "http://www.cdmindia.gov.in/approved_projects.php?n=1" "Mozilla/5.0 (Windows NT 10.0; Win64; x64) AppleWebKit/537.36 (KHTML, like Gecko) Chrome/58.0.3029.110 Safari/537.36"
119.226.153.196 - - [29/May/2017:10:39:52 +0530] "GET /project_details_view.php?id=1428 HTTP/1.1" 200 14729 "http://www.google.co.in/url?sa=t&rct=j&q=&esrc=s&source=web&cd=14&ved=0ahUKEwjLp9aLq5TUAhXMu48KHYy1AxQ4ChAWCC4wAw&url=http%3A%2F%2Fwww.cdmindia.gov.in%2Fproject_details_view.php%3Fid%3D1428&usg=AFQjCNHn08f9n9z2yPSlWvCLo4WXMaXn5g" "Mozilla/5.0 (Windows NT 6.1; Trident/7.0; rv:11.0) like Gecko"
119.226.153.196 - - [29/May/2017:10:39:52 +0530] "GET /includes/ncdma.css HTTP/1.1" 200 13023 "http://www.cdmindia.gov.in/project_details_view.php?id=1428" "Mozilla/5.0 (Windows NT 6.1; Trident/7.0; rv:11.0) like Gecko"
119.226.153.196 - - [29/May/2017:10:39:52 +0530] "GET /Scripts/AC_RunActiveContent.js HTTP/1.1" 200 8321 "http://www.cdmindia.gov.in/project_details_view.php?id=1428" "Mozilla/5.0 (Windows NT 6.1; Trident/7.0; rv:11.0) like Gecko"
119.226.153.196 - - [29/May/2017:10:39:52 +0530] "GET /images/img2.jpg HTTP/1.1" 200 16276 "http://www.cdmindia.gov.in/project_details_view.php?id=1428" "Mozilla/5.0 (Windows NT 6.1; Trident/7.0; rv:11.0) like Gecko"
119.226.153.196 - - [29/May/2017:10:39:52 +0530] "GET /ncdma.css HTTP/1.1" 200 12640 "http://www.cdmindia.gov.in/project_details_view.php?id=1428" "Mozilla/5.0 (Windows NT 6.1; Trident/7.0; rv:11.0) like Gecko"
119.226.153.196 - - [29/May/2017:10:39:52 +0530] "GET /images/img3.jpg HTTP/1.1" 200 26957 "http://www.cdmindia.gov.in/project_details_view.php?id=1428" "Mozilla/5.0 (Windows NT 6.1; Trident/7.0; rv:11.0) like Gecko"
119.226.153.196 - - [29/May/2017:10:39:53 +0530] "GET /images/spacer.gif HTTP/1.1" 200 43 "http://www.cdmindia.gov.in/project_details_view.php?id=1428" "Mozilla/5.0 (Windows NT 6.1; Trident/7.0; rv:11.0) like Gecko"
119.226.153.196 - - [29/May/2017:10:39:53 +0530] "GET /images/bullet1.gif HTTP/1.1" 200 67 "http://www.cdmindia.gov.in/project_details_view.php?id=1428" "Mozilla/5.0 (Windows NT 6.1; Trident/7.0; rv:11.0) like Gecko"
119.226.153.196 - - [29/May/2017:10:39:53 +0530] "GET /images/fdm.jpg HTTP/1.1" 200 2043 "http://www.cdmindia.gov.in/project_details_view.php?id=1428" "Mozilla/5.0 (Windows NT 6.1; Trident/7.0; rv:11.0) like Gecko"
119.226.153.196 - - [29/May/2017:10:39:53 +0530] "GET /images/bullet4.gif HTTP/1.1" 200 67 "http://www.cdmindia.gov.in/project_details_view.php?id=1428" "Mozilla/5.0 (Windows NT 6.1; Trident/7.0; rv:11.0) like Gecko"
119.226.153.196 - - [29/May/2017:10:39:53 +0530] "GET /images/bulllet2.gif HTTP/1.1" 200 58 "http://www.cdmindia.gov.in/project_details_view.php?id=1428" "Mozilla/5.0 (Windows NT 6.1; Trident/7.0; rv:11.0) like Gecko"
119.226.153.196 - - [29/May/2017:10:39:53 +0530] "GET /images/gtz.jpg HTTP/1.1" 200 15484 "http://www.cdmindia.gov.in/project_details_view.php?id=1428" "Mozilla/5.0 (Windows NT 6.1; Trident/7.0; rv:11.0) like Gecko"
119.226.153.196 - - [29/May/2017:10:39:53 +0530] "GET /images/fbg.jpg HTTP/1.1" 200 325 "http://www.cdmindia.gov.in/project_details_view.php?id=1428" "Mozilla/5.0 (Windows NT 6.1; Trident/7.0; rv:11.0) like Gecko"
119.226.153.196 - - [29/May/2017:10:39:53 +0530] "GET /images/img1.jpg HTTP/1.1" 200 1251 "http://www.cdmindia.gov.in/project_details_view.php?id=1428" "Mozilla/5.0 (Windows NT 6.1; Trident/7.0; rv:11.0) like Gecko"
111.93.251.186 - - [29/May/2017:10:42:32 +0530] "POST /approved_projects.php HTTP/1.1" 200 23335 "http://www.cdmindia.gov.in/approved_projects.php?n=1" "Mozilla/5.0 (Windows NT 10.0; Win64; x64) AppleWebKit/537.36 (KHTML, like Gecko) Chrome/58.0.3029.110 Safari/537.36"
111.93.251.186 - - [29/May/2017:10:42:52 +0530] "POST /approved_projects.php HTTP/1.1" 200 17769 "http://www.cdmindia.gov.in/approved_projects.php" "Mozilla/5.0 (Windows NT 10.0; Win64; x64) AppleWebKit/537.36 (KHTML, like Gecko) Chrome/58.0.3029.110 Safari/537.36"
111.93.251.186 - - [29/May/2017:10:42:55 +0530] "GET /Approved_proj_reports_list_details.php?id=14&reporttype=1&scale=&sdt=2005-01-01&edt=2016-12-31&exec= HTTP/1.1" 200 16073 "http://www.cdmindia.gov.in/approved_projects.php" "Mozilla/5.0 (Windows NT 10.0; Win64; x64) AppleWebKit/537.36 (KHTML, like Gecko) Chrome/58.0.3029.110 Safari/537.36"
66.249.79.133 - - [29/May/2017:10:43:00 +0530] "GET /project_details_view.php?id=629&oid=1&page=47&reporttype=1 HTTP/1.1" 200 14656 "-" "Mozilla/5.0 (compatible; Googlebot/2.1; +http://www.google.com/bot.html)"
111.93.251.186 - - [29/May/2017:10:43:02 +0530] "GET /approved_projects.php?n=1 HTTP/1.1" 200 16641 "-" "Mozilla/5.0 (Windows NT 10.0; Win64; x64) AppleWebKit/537.36 (KHTML, like Gecko) Chrome/58.0.3029.110 Safari/537.36"
168.235.194.130 - - [29/May/2017:10:43:25 +0530] "GET /project_details_view.php?id=1605 HTTP/1.1" 200 15159 "http://www.google.co.in/search?hl=en&ie=ISO-8859-1&q=gamesa+jobs+in+sangli" "Mozilla/5.0 (Linux; U; Android 4.4.2; en-US; HTC Desire 526GPLUS dual sim Build/KOT49H) AppleWebKit/534.30 (KHTML, like Gecko) Version/4.0 UCBrowser/11.2.8.945 U3/0.8.0 Mobile Safari/534.30"
168.235.194.130 - - [29/May/2017:10:43:25 +0530] "GET /images/spacer.gif HTTP/1.1" 304 - "http://www.cdmindia.gov.in/project_details_view.php?id=1605" "Mozilla/5.0 (Linux; U; Android 4.4.2; en-US; HTC Desire 526GPLUS dual sim Build/KOT49H) AppleWebKit/534.30 (KHTML, like Gecko) Version/4.0 UCBrowser/11.2.8.945 U3/0.8.0 Mobile Safari/534.30"
168.235.194.130 - - [29/May/2017:10:43:25 +0530] "GET /Scripts/AC_RunActiveContent.js HTTP/1.1" 200 8321 "http://www.cdmindia.gov.in/project_details_view.php?id=1605" "Mozilla/5.0 (Linux; U; Android 4.4.2; en-US; HTC Desire 526GPLUS dual sim Build/KOT49H) AppleWebKit/534.30 (KHTML, like Gecko) Version/4.0 UCBrowser/11.2.8.945 U3/0.8.0 Mobile Safari/534.30"
168.235.194.130 - - [29/May/2017:10:43:25 +0530] "GET /images/bullet4.gif HTTP/1.1" 304 - "http://www.cdmindia.gov.in/project_details_view.php?id=1605" "Mozilla/5.0 (Linux; U; Android 4.4.2; en-US; HTC Desire 526GPLUS dual sim Build/KOT49H) AppleWebKit/534.30 (KHTML, like Gecko) Version/4.0 UCBrowser/11.2.8.945 U3/0.8.0 Mobile Safari/534.30"
168.235.194.130 - - [29/May/2017:10:43:25 +0530] "GET /ncdma.css HTTP/1.1" 200 12640 "http://www.cdmindia.gov.in/project_details_view.php?id=1605" "Mozilla/5.0 (Linux; U; Android 4.4.2; en-US; HTC Desire 526GPLUS dual sim Build/KOT49H) AppleWebKit/534.30 (KHTML, like Gecko) Version/4.0 UCBrowser/11.2.8.945 U3/0.8.0 Mobile Safari/534.30"
168.235.194.130 - - [29/May/2017:10:43:25 +0530] "GET /images/img2.jpg HTTP/1.1" 200 16276 "http://www.cdmindia.gov.in/project_details_view.php?id=1605" "Mozilla/5.0 (Linux; U; Android 4.4.2; en-US; HTC Desire 526GPLUS dual sim Build/KOT49H) AppleWebKit/534.30 (KHTML, like Gecko) Version/4.0 UCBrowser/11.2.8.945 U3/0.8.0 Mobile Safari/534.30"
168.235.194.130 - - [29/May/2017:10:43:25 +0530] "GET /images/fdm.jpg HTTP/1.1" 304 - "http://www.cdmindia.gov.in/project_details_view.php?id=1605" "Mozilla/5.0 (Linux; U; Android 4.4.2; en-US; HTC Desire 526GPLUS dual sim Build/KOT49H) AppleWebKit/534.30 (KHTML, like Gecko) Version/4.0 UCBrowser/11.2.8.945 U3/0.8.0 Mobile Safari/534.30"
168.235.194.130 - - [29/May/2017:10:43:25 +0530] "GET /images/bulllet2.gif HTTP/1.1" 304 - "http://www.cdmindia.gov.in/project_details_view.php?id=1605" "Mozilla/5.0 (Linux; U; Android 4.4.2; en-US; HTC Desire 526GPLUS dual sim Build/KOT49H) AppleWebKit/534.30 (KHTML, like Gecko) Version/4.0 UCBrowser/11.2.8.945 U3/0.8.0 Mobile Safari/534.30"
168.235.194.130 - - [29/May/2017:10:43:25 +0530] "GET /images/bullet1.gif HTTP/1.1" 304 - "http://www.cdmindia.gov.in/project_details_view.php?id=1605" "Mozilla/5.0 (Linux; U; Android 4.4.2; en-US; HTC Desire 526GPLUS dual sim Build/KOT49H) AppleWebKit/534.30 (KHTML, like Gecko) Version/4.0 UCBrowser/11.2.8.945 U3/0.8.0 Mobile Safari/534.30"
168.235.194.130 - - [29/May/2017:10:43:25 +0530] "GET /includes/ncdma.css HTTP/1.1" 200 13023 "http://www.cdmindia.gov.in/project_details_view.php?id=1605" "Mozilla/5.0 (Linux; U; Android 4.4.2; en-US; HTC Desire 526GPLUS dual sim Build/KOT49H) AppleWebKit/534.30 (KHTML, like Gecko) Version/4.0 UCBrowser/11.2.8.945 U3/0.8.0 Mobile Safari/534.30"
168.235.194.130 - - [29/May/2017:10:43:25 +0530] "GET /images/gtz.jpg HTTP/1.1" 200 15484 "http://www.cdmindia.gov.in/project_details_view.php?id=1605" "Mozilla/5.0 (Linux; U; Android 4.4.2; en-US; HTC Desire 526GPLUS dual sim Build/KOT49H) AppleWebKit/534.30 (KHTML, like Gecko) Version/4.0 UCBrowser/11.2.8.945 U3/0.8.0 Mobile Safari/534.30"
168.235.194.130 - - [29/May/2017:10:43:25 +0530] "GET /images/img3.jpg HTTP/1.1" 200 26957 "http://www.cdmindia.gov.in/project_details_view.php?id=1605" "Mozilla/5.0 (Linux; U; Android 4.4.2; en-US; HTC Desire 526GPLUS dual sim Build/KOT49H) AppleWebKit/534.30 (KHTML, like Gecko) Version/4.0 UCBrowser/11.2.8.945 U3/0.8.0 Mobile Safari/534.30"
168.235.194.130 - - [29/May/2017:10:43:30 +0530] "GET /images/favicon.ico HTTP/1.1" 200 1406 "http://www.cdmindia.gov.in/project_details_view.php?id=1605" "Mozilla/5.0 (Linux; U; Android 4.4.2; en-US; HTC Desire 526GPLUS dual sim Build/KOT49H) AppleWebKit/534.30 (KHTML, like Gecko) Version/4.0 UCBrowser/11.2.8.945 U3/0.8.0 Mobile Safari/534.30"
168.235.194.130 - - [29/May/2017:10:44:18 +0530] "GET /contactus.php HTTP/1.1" 200 18291 "http://www.cdmindia.gov.in/project_details_view.php?id=1605" "Mozilla/5.0 (Linux; U; Android 4.4.2; en-US; HTC Desire 526GPLUS dual sim Build/KOT49H) AppleWebKit/534.30 (KHTML, like Gecko) Version/4.0 UCBrowser/11.2.8.945 U3/0.8.0 Mobile Safari/534.30"
168.235.194.130 - - [29/May/2017:10:44:18 +0530] "GET /images/bullet1.gif HTTP/1.1" 304 - "http://www.cdmindia.gov.in/contactus.php" "Mozilla/5.0 (Linux; U; Android 4.4.2; en-US; HTC Desire 526GPLUS dual sim Build/KOT49H) AppleWebKit/534.30 (KHTML, like Gecko) Version/4.0 UCBrowser/11.2.8.945 U3/0.8.0 Mobile Safari/534.30"
168.235.194.130 - - [29/May/2017:10:44:18 +0530] "GET /js/index_validations.js HTTP/1.1" 200 3143 "http://www.cdmindia.gov.in/contactus.php" "Mozilla/5.0 (Linux; U; Android 4.4.2; en-US; HTC Desire 526GPLUS dual sim Build/KOT49H) AppleWebKit/534.30 (KHTML, like Gecko) Version/4.0 UCBrowser/11.2.8.945 U3/0.8.0 Mobile Safari/534.30"
168.235.194.130 - - [29/May/2017:10:44:18 +0530] "GET /images/bulllet2.gif HTTP/1.1" 304 - "http://www.cdmindia.gov.in/contactus.php" "Mozilla/5.0 (Linux; U; Android 4.4.2; en-US; HTC Desire 526GPLUS dual sim Build/KOT49H) AppleWebKit/534.30 (KHTML, like Gecko) Version/4.0 UCBrowser/11.2.8.945 U3/0.8.0 Mobile Safari/534.30"
168.235.194.130 - - [29/May/2017:10:44:18 +0530] "GET /images/bullet4.gif HTTP/1.1" 304 - "http://www.cdmindia.gov.in/contactus.php" "Mozilla/5.0 (Linux; U; Android 4.4.2; en-US; HTC Desire 526GPLUS dual sim Build/KOT49H) AppleWebKit/534.30 (KHTML, like Gecko) Version/4.0 UCBrowser/11.2.8.945 U3/0.8.0 Mobile Safari/534.30"
168.235.194.130 - - [29/May/2017:10:44:18 +0530] "GET /Scripts/AC_RunActiveContent.js HTTP/1.1" 304 - "http://www.cdmindia.gov.in/contactus.php" "Mozilla/5.0 (Linux; U; Android 4.4.2; en-US; HTC Desire 526GPLUS dual sim Build/KOT49H) AppleWebKit/534.30 (KHTML, like Gecko) Version/4.0 UCBrowser/11.2.8.945 U3/0.8.0 Mobile Safari/534.30"
168.235.194.130 - - [29/May/2017:10:44:18 +0530] "GET /images/spacer.gif HTTP/1.1" 304 - "http://www.cdmindia.gov.in/contactus.php" "Mozilla/5.0 (Linux; U; Android 4.4.2; en-US; HTC Desire 526GPLUS dual sim Build/KOT49H) AppleWebKit/534.30 (KHTML, like Gecko) Version/4.0 UCBrowser/11.2.8.945 U3/0.8.0 Mobile Safari/534.30"
168.235.194.130 - - [29/May/2017:10:44:19 +0530] "GET /includes/ncdma.css HTTP/1.1" 304 - "http://www.cdmindia.gov.in/contactus.php" "Mozilla/5.0 (Linux; U; Android 4.4.2; en-US; HTC Desire 526GPLUS dual sim Build/KOT49H) AppleWebKit/534.30 (KHTML, like Gecko) Version/4.0 UCBrowser/11.2.8.945 U3/0.8.0 Mobile Safari/534.30"
168.235.194.130 - - [29/May/2017:10:44:19 +0530] "GET /ncdma.css HTTP/1.1" 304 - "http://www.cdmindia.gov.in/contactus.php" "Mozilla/5.0 (Linux; U; Android 4.4.2; en-US; HTC Desire 526GPLUS dual sim Build/KOT49H) AppleWebKit/534.30 (KHTML, like Gecko) Version/4.0 UCBrowser/11.2.8.945 U3/0.8.0 Mobile Safari/534.30"
168.235.194.130 - - [29/May/2017:10:44:19 +0530] "GET /images/login1.jpg HTTP/1.1" 200 618 "http://www.cdmindia.gov.in/contactus.php" "Mozilla/5.0 (Linux; U; Android 4.4.2; en-US; HTC Desire 526GPLUS dual sim Build/KOT49H) AppleWebKit/534.30 (KHTML, like Gecko) Version/4.0 UCBrowser/11.2.8.945 U3/0.8.0 Mobile Safari/534.30"
168.235.194.130 - - [29/May/2017:10:44:19 +0530] "GET /images/fe.jpg HTTP/1.1" 200 1429 "http://www.cdmindia.gov.in/contactus.php" "Mozilla/5.0 (Linux; U; Android 4.4.2; en-US; HTC Desire 526GPLUS dual sim Build/KOT49H) AppleWebKit/534.30 (KHTML, like Gecko) Version/4.0 UCBrowser/11.2.8.945 U3/0.8.0 Mobile Safari/534.30"
168.235.194.130 - - [29/May/2017:10:44:19 +0530] "GET /images/bullet3.gif HTTP/1.1" 304 - "http://www.cdmindia.gov.in/contactus.php" "Mozilla/5.0 (Linux; U; Android 4.4.2; en-US; HTC Desire 526GPLUS dual sim Build/KOT49H) AppleWebKit/534.30 (KHTML, like Gecko) Version/4.0 UCBrowser/11.2.8.945 U3/0.8.0 Mobile Safari/534.30"
168.235.194.130 - - [29/May/2017:10:44:18 +0530] "GET /images/h_contactus.jpg HTTP/1.1" 200 21787 "http://www.cdmindia.gov.in/contactus.php" "Mozilla/5.0 (Linux; U; Android 4.4.2; en-US; HTC Desire 526GPLUS dual sim Build/KOT49H) AppleWebKit/534.30 (KHTML, like Gecko) Version/4.0 UCBrowser/11.2.8.945 U3/0.8.0 Mobile Safari/534.30"
49.204.76.10 - - [29/May/2017:10:46:57 +0530] "GET /Approved_proj_reports_list_details.php?id=1&reporttype=1&scale=&sdt=&edt=&exec= HTTP/1.1" 200 16307 "http://www.cdmindia.gov.in/approved_projects.php" "Mozilla/5.0 (Windows NT 10.0; Win64; x64) AppleWebKit/537.36 (KHTML, like Gecko) Chrome/58.0.3029.110 Safari/537.36"
49.204.76.10 - - [29/May/2017:10:47:08 +0530] "GET /approved_projects.php?n1=1 HTTP/1.1" 200 23115 "http://www.cdmindia.gov.in/Approved_proj_reports_list_details.php?id=1&reporttype=1&scale=&sdt=&edt=&exec=" "Mozilla/5.0 (Windows NT 10.0; Win64; x64) AppleWebKit/537.36 (KHTML, like Gecko) Chrome/58.0.3029.110 Safari/537.36"
202.46.58.74 - - [29/May/2017:10:47:17 +0530] "GET /project_details_view.php?id=10 HTTP/1.1" 200 14986 "-" "Mozilla/5.0 (Windows NT 10.0; WOW64) AppleWebKit/537.36 (KHTML, like Gecko) Chrome/45.0.2454.93 Safari/537.36"
49.204.76.10 - - [29/May/2017:10:47:19 +0530] "GET /Approved_proj_reports_list_details.php?id=7&reporttype=1&scale=&sdt=&edt=&exec= HTTP/1.1" 200 13315 "http://www.cdmindia.gov.in/approved_projects.php?n1=1" "Mozilla/5.0 (Windows NT 10.0; Win64; x64) AppleWebKit/537.36 (KHTML, like Gecko) Chrome/58.0.3029.110 Safari/537.36"
49.204.76.10 - - [29/May/2017:10:47:26 +0530] "GET /project_details_view.php?id=1841&oid=7&page=1&reporttype=1 HTTP/1.1" 200 13812 "http://www.cdmindia.gov.in/Approved_proj_reports_list_details.php?id=7&reporttype=1&scale=&sdt=&edt=&exec=" "Mozilla/5.0 (Windows NT 10.0; Win64; x64) AppleWebKit/537.36 (KHTML, like Gecko) Chrome/58.0.3029.110 Safari/537.36"
121.241.112.130 - - [29/May/2017:10:47:40 +0530] "GET /project_details_view_report.php?id=942 HTTP/1.1" 200 13182 "https://www.google.co.in/" "Mozilla/5.0 (Windows NT 6.1; WOW64; rv:53.0) Gecko/20100101 Firefox/53.0"
121.241.112.130 - - [29/May/2017:10:47:40 +0530] "GET /Scripts/AC_RunActiveContent.js HTTP/1.1" 200 8321 "http://www.cdmindia.gov.in/project_details_view_report.php?id=942" "Mozilla/5.0 (Windows NT 6.1; WOW64; rv:53.0) Gecko/20100101 Firefox/53.0"
121.241.112.130 - - [29/May/2017:10:47:40 +0530] "GET /includes/ncdma.css HTTP/1.1" 200 13023 "http://www.cdmindia.gov.in/project_details_view_report.php?id=942" "Mozilla/5.0 (Windows NT 6.1; WOW64; rv:53.0) Gecko/20100101 Firefox/53.0"
121.241.112.130 - - [29/May/2017:10:47:40 +0530] "GET /ncdma.css HTTP/1.1" 200 12640 "http://www.cdmindia.gov.in/project_details_view_report.php?id=942" "Mozilla/5.0 (Windows NT 6.1; WOW64; rv:53.0) Gecko/20100101 Firefox/53.0"
121.241.112.130 - - [29/May/2017:10:47:40 +0530] "GET /images/img2.jpg HTTP/1.1" 200 16276 "http://www.cdmindia.gov.in/project_details_view_report.php?id=942" "Mozilla/5.0 (Windows NT 6.1; WOW64; rv:53.0) Gecko/20100101 Firefox/53.0"
121.241.112.130 - - [29/May/2017:10:47:40 +0530] "GET /images/fdm.jpg HTTP/1.1" 200 2043 "http://www.cdmindia.gov.in/project_details_view_report.php?id=942" "Mozilla/5.0 (Windows NT 6.1; WOW64; rv:53.0) Gecko/20100101 Firefox/53.0"
121.241.112.130 - - [29/May/2017:10:47:40 +0530] "GET /images/bulllet2.gif HTTP/1.1" 200 58 "http://www.cdmindia.gov.in/project_details_view_report.php?id=942" "Mozilla/5.0 (Windows NT 6.1; WOW64; rv:53.0) Gecko/20100101 Firefox/53.0"
121.241.112.130 - - [29/May/2017:10:47:40 +0530] "GET /images/gtz.jpg HTTP/1.1" 200 15484 "http://www.cdmindia.gov.in/project_details_view_report.php?id=942" "Mozilla/5.0 (Windows NT 6.1; WOW64; rv:53.0) Gecko/20100101 Firefox/53.0"
121.241.112.130 - - [29/May/2017:10:47:40 +0530] "GET /images/bullet4.gif HTTP/1.1" 200 67 "http://www.cdmindia.gov.in/project_details_view_report.php?id=942" "Mozilla/5.0 (Windows NT 6.1; WOW64; rv:53.0) Gecko/20100101 Firefox/53.0"
121.241.112.130 - - [29/May/2017:10:47:40 +0530] "GET /images/img3.jpg HTTP/1.1" 200 26957 "http://www.cdmindia.gov.in/project_details_view_report.php?id=942" "Mozilla/5.0 (Windows NT 6.1; WOW64; rv:53.0) Gecko/20100101 Firefox/53.0"
121.241.112.130 - - [29/May/2017:10:47:40 +0530] "GET /images/spacer.gif HTTP/1.1" 200 43 "http://www.cdmindia.gov.in/project_details_view_report.php?id=942" "Mozilla/5.0 (Windows NT 6.1; WOW64; rv:53.0) Gecko/20100101 Firefox/53.0"
121.241.112.130 - - [29/May/2017:10:47:40 +0530] "GET /images/bullet1.gif HTTP/1.1" 200 67 "http://www.cdmindia.gov.in/project_details_view_report.php?id=942" "Mozilla/5.0 (Windows NT 6.1; WOW64; rv:53.0) Gecko/20100101 Firefox/53.0"
121.241.112.130 - - [29/May/2017:10:47:40 +0530] "GET /images/favicon.ico HTTP/1.1" 200 1406 "-" "Mozilla/5.0 (Windows NT 6.1; WOW64; rv:53.0) Gecko/20100101 Firefox/53.0"
121.241.112.130 - - [29/May/2017:10:47:40 +0530] "GET /images/img1.jpg HTTP/1.1" 200 1251 "http://www.cdmindia.gov.in/project_details_view_report.php?id=942" "Mozilla/5.0 (Windows NT 6.1; WOW64; rv:53.0) Gecko/20100101 Firefox/53.0"
121.241.112.130 - - [29/May/2017:10:47:40 +0530] "GET /images/fbg.jpg HTTP/1.1" 200 325 "http://www.cdmindia.gov.in/project_details_view_report.php?id=942" "Mozilla/5.0 (Windows NT 6.1; WOW64; rv:53.0) Gecko/20100101 Firefox/53.0"
180.76.15.153 - - [29/May/2017:10:47:41 +0530] "GET / HTTP/1.1" 200 19479 "-" "Mozilla/5.0 (compatible; Baiduspider/2.0; +http://www.baidu.com/search/spider.html)"
66.249.79.133 - - [29/May/2017:10:48:10 +0530] "GET /reports_list_details.php?id=Andhra&reporttype=&page=126 HTTP/1.1" 200 21448 "-" "Mozilla/5.0 (compatible; Googlebot/2.1; +http://www.google.com/bot.html)"
111.93.251.186 - - [29/May/2017:10:50:44 +0530] "POST /approved_projects.php HTTP/1.1" 200 17769 "http://www.cdmindia.gov.in/approved_projects.php?n=1" "Mozilla/5.0 (Windows NT 10.0; Win64; x64) AppleWebKit/537.36 (KHTML, like Gecko) Chrome/58.0.3029.110 Safari/537.36"
111.93.251.186 - - [29/May/2017:10:50:53 +0530] "POST /approved_projects.php HTTP/1.1" 200 23335 "http://www.cdmindia.gov.in/approved_projects.php" "Mozilla/5.0 (Windows NT 10.0; Win64; x64) AppleWebKit/537.36 (KHTML, like Gecko) Chrome/58.0.3029.110 Safari/537.36"
54.197.39.49 - - [29/May/2017:10:50:55 +0530] "GET / HTTP/1.1" 200 19479 "-" "Mozilla/5.0 (X11; Linux x86_64) AppleWebKit/537.36 (KHTML, like Gecko) Chrome/43.0.2357.134 Safari/537.36 http://notifyninja.com/monitoring"
111.93.251.186 - - [29/May/2017:10:51:01 +0530] "POST /approved_projects.php HTTP/1.1" 200 17769 "http://www.cdmindia.gov.in/approved_projects.php" "Mozilla/5.0 (Windows NT 10.0; Win64; x64) AppleWebKit/537.36 (KHTML, like Gecko) Chrome/58.0.3029.110 Safari/537.36"
157.55.39.99 - - [29/May/2017:10:51:30 +0530] "GET /news_more.php HTTP/1.1" 200 21060 "-" "Mozilla/5.0 (compatible; bingbot/2.0; +http://www.bing.com/bingbot.htm)"
42.106.6.196 - - [29/May/2017:10:51:55 +0530] "GET /project_details_view.php?id=1229 HTTP/1.1" 200 15211 "https://www.google.co.in/" "Mozilla/5.0 (iPhone; CPU iPhone OS 10_3_2 like Mac OS X) AppleWebKit/603.2.4 (KHTML, like Gecko) Version/10.0 Mobile/14F89 Safari/602.1"
42.106.6.196 - - [29/May/2017:10:51:55 +0530] "GET /includes/ncdma.css HTTP/1.1" 200 13023 "http://www.cdmindia.gov.in/project_details_view.php?id=1229" "Mozilla/5.0 (iPhone; CPU iPhone OS 10_3_2 like Mac OS X) AppleWebKit/603.2.4 (KHTML, like Gecko) Version/10.0 Mobile/14F89 Safari/602.1"
42.106.6.196 - - [29/May/2017:10:51:55 +0530] "GET /Scripts/AC_RunActiveContent.js HTTP/1.1" 200 8321 "http://www.cdmindia.gov.in/project_details_view.php?id=1229" "Mozilla/5.0 (iPhone; CPU iPhone OS 10_3_2 like Mac OS X) AppleWebKit/603.2.4 (KHTML, like Gecko) Version/10.0 Mobile/14F89 Safari/602.1"
42.106.6.196 - - [29/May/2017:10:51:55 +0530] "GET /ncdma.css HTTP/1.1" 200 12640 "http://www.cdmindia.gov.in/project_details_view.php?id=1229" "Mozilla/5.0 (iPhone; CPU iPhone OS 10_3_2 like Mac OS X) AppleWebKit/603.2.4 (KHTML, like Gecko) Version/10.0 Mobile/14F89 Safari/602.1"
42.106.6.196 - - [29/May/2017:10:51:55 +0530] "GET /images/img2.jpg HTTP/1.1" 200 16276 "http://www.cdmindia.gov.in/project_details_view.php?id=1229" "Mozilla/5.0 (iPhone; CPU iPhone OS 10_3_2 like Mac OS X) AppleWebKit/603.2.4 (KHTML, like Gecko) Version/10.0 Mobile/14F89 Safari/602.1"
42.106.6.196 - - [29/May/2017:10:51:55 +0530] "GET /images/spacer.gif HTTP/1.1" 200 43 "http://www.cdmindia.gov.in/project_details_view.php?id=1229" "Mozilla/5.0 (iPhone; CPU iPhone OS 10_3_2 like Mac OS X) AppleWebKit/603.2.4 (KHTML, like Gecko) Version/10.0 Mobile/14F89 Safari/602.1"
42.106.6.196 - - [29/May/2017:10:51:55 +0530] "GET /images/img3.jpg HTTP/1.1" 200 26957 "http://www.cdmindia.gov.in/project_details_view.php?id=1229" "Mozilla/5.0 (iPhone; CPU iPhone OS 10_3_2 like Mac OS X) AppleWebKit/603.2.4 (KHTML, like Gecko) Version/10.0 Mobile/14F89 Safari/602.1"
42.106.6.196 - - [29/May/2017:10:51:55 +0530] "GET /images/bullet1.gif HTTP/1.1" 200 67 "http://www.cdmindia.gov.in/project_details_view.php?id=1229" "Mozilla/5.0 (iPhone; CPU iPhone OS 10_3_2 like Mac OS X) AppleWebKit/603.2.4 (KHTML, like Gecko) Version/10.0 Mobile/14F89 Safari/602.1"
42.106.6.196 - - [29/May/2017:10:51:55 +0530] "GET /images/bulllet2.gif HTTP/1.1" 200 58 "http://www.cdmindia.gov.in/project_details_view.php?id=1229" "Mozilla/5.0 (iPhone; CPU iPhone OS 10_3_2 like Mac OS X) AppleWebKit/603.2.4 (KHTML, like Gecko) Version/10.0 Mobile/14F89 Safari/602.1"
42.106.6.196 - - [29/May/2017:10:51:55 +0530] "GET /images/bullet4.gif HTTP/1.1" 200 67 "http://www.cdmindia.gov.in/project_details_view.php?id=1229" "Mozilla/5.0 (iPhone; CPU iPhone OS 10_3_2 like Mac OS X) AppleWebKit/603.2.4 (KHTML, like Gecko) Version/10.0 Mobile/14F89 Safari/602.1"
42.106.6.196 - - [29/May/2017:10:51:55 +0530] "GET /images/fdm.jpg HTTP/1.1" 200 2043 "http://www.cdmindia.gov.in/project_details_view.php?id=1229" "Mozilla/5.0 (iPhone; CPU iPhone OS 10_3_2 like Mac OS X) AppleWebKit/603.2.4 (KHTML, like Gecko) Version/10.0 Mobile/14F89 Safari/602.1"
42.106.6.196 - - [29/May/2017:10:51:56 +0530] "GET /images/gtz.jpg HTTP/1.1" 200 15484 "http://www.cdmindia.gov.in/project_details_view.php?id=1229" "Mozilla/5.0 (iPhone; CPU iPhone OS 10_3_2 like Mac OS X) AppleWebKit/603.2.4 (KHTML, like Gecko) Version/10.0 Mobile/14F89 Safari/602.1"
42.106.6.196 - - [29/May/2017:10:51:56 +0530] "GET /images/img1.jpg HTTP/1.1" 200 1251 "http://www.cdmindia.gov.in/project_details_view.php?id=1229" "Mozilla/5.0 (iPhone; CPU iPhone OS 10_3_2 like Mac OS X) AppleWebKit/603.2.4 (KHTML, like Gecko) Version/10.0 Mobile/14F89 Safari/602.1"
42.106.6.196 - - [29/May/2017:10:51:56 +0530] "GET /images/fbg.jpg HTTP/1.1" 200 325 "http://www.cdmindia.gov.in/project_details_view.php?id=1229" "Mozilla/5.0 (iPhone; CPU iPhone OS 10_3_2 like Mac OS X) AppleWebKit/603.2.4 (KHTML, like Gecko) Version/10.0 Mobile/14F89 Safari/602.1"
157.55.39.63 - - [29/May/2017:10:52:39 +0530] "GET /project_details_view.php?id=1143 HTTP/1.1" 200 14465 "-" "Mozilla/5.0 (iPhone; CPU iPhone OS 7_0 like Mac OS X) AppleWebKit/537.51.1 (KHTML, like Gecko) Version/7.0 Mobile/11A465 Safari/9537.53 (compatible; bingbot/2.0; +http://www.bing.com/bingbot.htm)"
157.55.39.63 - - [29/May/2017:10:52:59 +0530] "GET /reports_new.php?n=1 HTTP/1.1" 200 22410 "-" "Mozilla/5.0 (compatible; bingbot/2.0; +http://www.bing.com/bingbot.htm)"
42.106.6.196 - - [29/May/2017:10:53:49 +0530] "GET /project_details_view.php?id=1052 HTTP/1.1" 200 14955 "https://www.google.co.in/" "Mozilla/5.0 (iPhone; CPU iPhone OS 10_3_2 like Mac OS X) AppleWebKit/603.2.4 (KHTML, like Gecko) Version/10.0 Mobile/14F89 Safari/602.1"
199.193.251.133 - - [29/May/2017:10:53:50 +0530] "HEAD / HTTP/1.1" 200 - "https://www.inboundlinks.win/InboundLinks/www.cdmindia.gov.in" "Mozilla/5.0 (compatible; MSIE 9.0; Windows NT 6.1; WOW64; Trident/5.0)"
68.180.228.167 - - [29/May/2017:10:54:04 +0530] "GET / HTTP/1.1" 200 19479 "-" "Mozilla/5.0 (compatible; Yahoo! Slurp; http://help.yahoo.com/help/us/ysearch/slurp)"
42.106.6.196 - - [29/May/2017:10:55:12 +0530] "GET /project_details_view.php?id=1052 HTTP/1.1" 200 14955 "https://www.google.co.in/" "Mozilla/5.0 (iPhone; CPU iPhone OS 10_3_2 like Mac OS X) AppleWebKit/603.2.4 (KHTML, like Gecko) Version/10.0 Mobile/14F89 Safari/602.1"
68.180.228.167 - - [29/May/2017:10:55:13 +0530] "GET /detail_news.php?id=20 HTTP/1.1" 302 18265 "-" "Mozilla/5.0 (compatible; Yahoo! Slurp; http://help.yahoo.com/help/us/ysearch/slurp)"
42.106.6.196 - - [29/May/2017:10:55:31 +0530] "GET /apple-touch-icon-120x120-precomposed.png HTTP/1.1" 404 238 "-" "MobileSafari/602.1 CFNetwork/811.5.4 Darwin/16.6.0"
42.106.6.196 - - [29/May/2017:10:55:31 +0530] "GET /apple-touch-icon-120x120.png HTTP/1.1" 404 226 "-" "MobileSafari/602.1 CFNetwork/811.5.4 Darwin/16.6.0"
42.106.6.196 - - [29/May/2017:10:55:31 +0530] "GET /apple-touch-icon.png HTTP/1.1" 404 218 "-" "MobileSafari/602.1 CFNetwork/811.5.4 Darwin/16.6.0"
42.106.6.196 - - [29/May/2017:10:55:45 +0530] "GET /project_details_view.php?id=1052 HTTP/1.1" 200 14955 "-" "Mozilla/5.0 (iPhone; CPU iPhone OS 10_3_2 like Mac OS X) AppleWebKit/603.2.4 (KHTML, like Gecko) Version/10.0 Mobile/14F89 Safari/602.1"
42.106.6.196 - - [29/May/2017:10:55:46 +0530] "GET /apple-touch-icon-precomposed.png HTTP/1.1" 404 230 "-" "MobileSafari/602.1 CFNetwork/811.5.4 Darwin/16.6.0"
42.106.6.196 - - [29/May/2017:10:55:46 +0530] "GET /favicon.ico HTTP/1.1" 200 1189 "-" "MobileSafari/602.1 CFNetwork/811.5.4 Darwin/16.6.0"
157.55.39.227 - - [29/May/2017:10:57:06 +0530] "GET /contactus.php HTTP/1.1" 200 18291 "-" "Mozilla/5.0 (compatible; bingbot/2.0; +http://www.bing.com/bingbot.htm)"
157.55.39.130 - - [29/May/2017:10:57:05 +0530] "GET /downloads/New%20PCN.doc HTTP/1.1" 200 435200 "-" "Mozilla/5.0 (compatible; bingbot/2.0; +http://www.bing.com/bingbot.htm)"
157.55.39.227 - - [29/May/2017:10:57:25 +0530] "GET /downloads/Existing%20PCN.doc HTTP/1.1" 200 114176 "-" "Mozilla/5.0 (compatible; bingbot/2.0; +http://www.bing.com/bingbot.htm)"
68.180.228.167 - - [29/May/2017:10:58:53 +0530] "GET /detail_events.php?id= HTTP/1.1" 302 16737 "-" "Mozilla/5.0 (compatible; Yahoo! Slurp; http://help.yahoo.com/help/us/ysearch/slurp)"
42.106.6.196 - - [29/May/2017:10:59:23 +0530] "GET /project_details_view.php?id=1052 HTTP/1.1" 200 14955 "-" "Mozilla/5.0 (iPhone; CPU iPhone OS 10_3_2 like Mac OS X) AppleWebKit/603.2.4 (KHTML, like Gecko) Version/10.0 Mobile/14F89 Safari/602.1"
42.106.6.196 - - [29/May/2017:11:00:45 +0530] "GET /project_details_view.php?id=1052 HTTP/1.1" 200 14955 "https://www.google.co.in/" "Mozilla/5.0 (iPhone; CPU iPhone OS 10_3_2 like Mac OS X) AppleWebKit/603.2.4 (KHTML, like Gecko) Version/10.0 Mobile/14F89 Safari/602.1"
157.55.39.63 - - [29/May/2017:11:01:43 +0530] "GET /aboutus.php HTTP/1.1" 200 19596 "-" "Mozilla/5.0 (compatible; bingbot/2.0; +http://www.bing.com/bingbot.htm)"
202.46.54.32 - - [29/May/2017:11:01:49 +0530] "GET /project_details_view.php?id=632 HTTP/1.1" 200 15465 "-" "Mozilla/5.0 (Windows NT 10.0; WOW64) AppleWebKit/537.36 (KHTML, like Gecko) Chrome/45.0.2454.93 Safari/537.36"
42.106.6.196 - - [29/May/2017:11:03:18 +0530] "GET /project_details_view.php?id=1052 HTTP/1.1" 200 14955 "https://www.google.co.in/" "Mozilla/5.0 (iPhone; CPU iPhone OS 10_3_2 like Mac OS X) AppleWebKit/603.2.4 (KHTML, like Gecko) Version/10.0 Mobile/14F89 Safari/602.1"
42.106.6.196 - - [29/May/2017:11:03:32 +0530] "GET /project_details_view.php?id=1052 HTTP/1.1" 200 14955 "https://www.google.co.in/" "Mozilla/5.0 (iPhone; CPU iPhone OS 10_3_2 like Mac OS X) AppleWebKit/603.2.4 (KHTML, like Gecko) Version/10.0 Mobile/14F89 Safari/602.1"
66.249.79.93 - - [29/May/2017:11:03:41 +0530] "GET /robots.txt HTTP/1.1" 404 208 "-" "Mozilla/5.0 (compatible; Googlebot/2.1; +http://www.google.com/bot.html)"
66.249.79.95 - - [29/May/2017:11:03:41 +0530] "GET / HTTP/1.1" 200 19479 "-" "Mozilla/5.0 (Linux; Android 6.0.1; Nexus 5X Build/MMB29P) AppleWebKit/537.36 (KHTML, like Gecko) Chrome/41.0.2272.96 Mobile Safari/537.36 (compatible; Googlebot/2.1; +http://www.google.com/bot.html)"
66.249.79.91 - - [29/May/2017:11:03:43 +0530] "GET / HTTP/1.1" 200 19479 "-" "Mozilla/5.0 (Linux; Android 6.0.1; Nexus 5X Build/MMB29P) AppleWebKit/537.36 (KHTML, like Gecko) Chrome/41.0.2272.96 Mobile Safari/537.36 (compatible; Googlebot/2.1; +http://www.google.com/bot.html)"
42.106.6.196 - - [29/May/2017:11:03:54 +0530] "GET /index.php HTTP/1.1" 200 19479 "http://www.cdmindia.gov.in/project_details_view.php?id=1052" "Mozilla/5.0 (iPhone; CPU iPhone OS 10_3_2 like Mac OS X) AppleWebKit/603.2.4 (KHTML, like Gecko) Version/10.0 Mobile/14F89 Safari/602.1"
42.106.6.196 - - [29/May/2017:11:03:54 +0530] "GET /images/login.jpg HTTP/1.1" 200 1044 "http://www.cdmindia.gov.in/index.php" "Mozilla/5.0 (iPhone; CPU iPhone OS 10_3_2 like Mac OS X) AppleWebKit/603.2.4 (KHTML, like Gecko) Version/10.0 Mobile/14F89 Safari/602.1"
42.106.6.196 - - [29/May/2017:11:03:54 +0530] "GET /js/base64_encode.js HTTP/1.1" 200 3002 "http://www.cdmindia.gov.in/index.php" "Mozilla/5.0 (iPhone; CPU iPhone OS 10_3_2 like Mac OS X) AppleWebKit/603.2.4 (KHTML, like Gecko) Version/10.0 Mobile/14F89 Safari/602.1"
42.106.6.196 - - [29/May/2017:11:03:54 +0530] "GET /js/md5.js HTTP/1.1" 200 13194 "http://www.cdmindia.gov.in/index.php" "Mozilla/5.0 (iPhone; CPU iPhone OS 10_3_2 like Mac OS X) AppleWebKit/603.2.4 (KHTML, like Gecko) Version/10.0 Mobile/14F89 Safari/602.1"
42.106.6.196 - - [29/May/2017:11:03:54 +0530] "GET /images/login1.jpg HTTP/1.1" 200 618 "http://www.cdmindia.gov.in/index.php" "Mozilla/5.0 (iPhone; CPU iPhone OS 10_3_2 like Mac OS X) AppleWebKit/603.2.4 (KHTML, like Gecko) Version/10.0 Mobile/14F89 Safari/602.1"
42.106.6.196 - - [29/May/2017:11:03:55 +0530] "GET /images/bullet3.gif HTTP/1.1" 200 58 "http://www.cdmindia.gov.in/index.php" "Mozilla/5.0 (iPhone; CPU iPhone OS 10_3_2 like Mac OS X) AppleWebKit/603.2.4 (KHTML, like Gecko) Version/10.0 Mobile/14F89 Safari/602.1"
42.106.6.196 - - [29/May/2017:11:03:55 +0530] "GET /images/fe.jpg HTTP/1.1" 200 1429 "http://www.cdmindia.gov.in/index.php" "Mozilla/5.0 (iPhone; CPU iPhone OS 10_3_2 like Mac OS X) AppleWebKit/603.2.4 (KHTML, like Gecko) Version/10.0 Mobile/14F89 Safari/602.1"
202.41.10.3 - - [29/May/2017:11:04:55 +0530] "GET / HTTP/1.1" 200 19479 "https://www.google.co.in/" "Mozilla/5.0 (Windows NT 10.0; Win64; x64) AppleWebKit/537.36 (KHTML, like Gecko) Chrome/58.0.3029.110 Safari/537.36"
202.41.10.3 - - [29/May/2017:11:04:55 +0530] "GET /includes/ncdma.css HTTP/1.1" 200 13023 "http://www.cdmindia.gov.in/" "Mozilla/5.0 (Windows NT 10.0; Win64; x64) AppleWebKit/537.36 (KHTML, like Gecko) Chrome/58.0.3029.110 Safari/537.36"
202.41.10.3 - - [29/May/2017:11:04:55 +0530] "GET /js/md5.js HTTP/1.1" 200 13194 "http://www.cdmindia.gov.in/" "Mozilla/5.0 (Windows NT 10.0; Win64; x64) AppleWebKit/537.36 (KHTML, like Gecko) Chrome/58.0.3029.110 Safari/537.36"
202.41.10.3 - - [29/May/2017:11:04:55 +0530] "GET /ncdma.css HTTP/1.1" 200 12640 "http://www.cdmindia.gov.in/" "Mozilla/5.0 (Windows NT 10.0; Win64; x64) AppleWebKit/537.36 (KHTML, like Gecko) Chrome/58.0.3029.110 Safari/537.36"
202.41.10.3 - - [29/May/2017:11:04:55 +0530] "GET /js/base64_encode.js HTTP/1.1" 200 3002 "http://www.cdmindia.gov.in/" "Mozilla/5.0 (Windows NT 10.0; Win64; x64) AppleWebKit/537.36 (KHTML, like Gecko) Chrome/58.0.3029.110 Safari/537.36"
202.41.10.3 - - [29/May/2017:11:04:55 +0530] "GET /Scripts/AC_RunActiveContent.js HTTP/1.1" 200 8321 "http://www.cdmindia.gov.in/" "Mozilla/5.0 (Windows NT 10.0; Win64; x64) AppleWebKit/537.36 (KHTML, like Gecko) Chrome/58.0.3029.110 Safari/537.36"
202.41.10.3 - - [29/May/2017:11:04:55 +0530] "GET /images/img2.jpg HTTP/1.1" 200 16276 "http://www.cdmindia.gov.in/" "Mozilla/5.0 (Windows NT 10.0; Win64; x64) AppleWebKit/537.36 (KHTML, like Gecko) Chrome/58.0.3029.110 Safari/537.36"
202.41.10.3 - - [29/May/2017:11:04:55 +0530] "GET /images/bullet1.gif HTTP/1.1" 200 67 "http://www.cdmindia.gov.in/" "Mozilla/5.0 (Windows NT 10.0; Win64; x64) AppleWebKit/537.36 (KHTML, like Gecko) Chrome/58.0.3029.110 Safari/537.36"
202.41.10.3 - - [29/May/2017:11:04:55 +0530] "GET /images/spacer.gif HTTP/1.1" 200 43 "http://www.cdmindia.gov.in/" "Mozilla/5.0 (Windows NT 10.0; Win64; x64) AppleWebKit/537.36 (KHTML, like Gecko) Chrome/58.0.3029.110 Safari/537.36"
202.41.10.3 - - [29/May/2017:11:04:55 +0530] "GET /images/bulllet2.gif HTTP/1.1" 200 58 "http://www.cdmindia.gov.in/" "Mozilla/5.0 (Windows NT 10.0; Win64; x64) AppleWebKit/537.36 (KHTML, like Gecko) Chrome/58.0.3029.110 Safari/537.36"
202.41.10.3 - - [29/May/2017:11:04:55 +0530] "GET /images/img3.jpg HTTP/1.1" 200 26957 "http://www.cdmindia.gov.in/" "Mozilla/5.0 (Windows NT 10.0; Win64; x64) AppleWebKit/537.36 (KHTML, like Gecko) Chrome/58.0.3029.110 Safari/537.36"
202.41.10.3 - - [29/May/2017:11:04:55 +0530] "GET /images/bullet4.gif HTTP/1.1" 200 67 "http://www.cdmindia.gov.in/" "Mozilla/5.0 (Windows NT 10.0; Win64; x64) AppleWebKit/537.36 (KHTML, like Gecko) Chrome/58.0.3029.110 Safari/537.36"
202.41.10.3 - - [29/May/2017:11:04:55 +0530] "GET /images/fdm.jpg HTTP/1.1" 200 2043 "http://www.cdmindia.gov.in/" "Mozilla/5.0 (Windows NT 10.0; Win64; x64) AppleWebKit/537.36 (KHTML, like Gecko) Chrome/58.0.3029.110 Safari/537.36"
202.41.10.3 - - [29/May/2017:11:04:55 +0530] "GET /images/login1.jpg HTTP/1.1" 200 618 "http://www.cdmindia.gov.in/" "Mozilla/5.0 (Windows NT 10.0; Win64; x64) AppleWebKit/537.36 (KHTML, like Gecko) Chrome/58.0.3029.110 Safari/537.36"
202.41.10.3 - - [29/May/2017:11:04:55 +0530] "GET /images/fe.jpg HTTP/1.1" 200 1429 "http://www.cdmindia.gov.in/" "Mozilla/5.0 (Windows NT 10.0; Win64; x64) AppleWebKit/537.36 (KHTML, like Gecko) Chrome/58.0.3029.110 Safari/537.36"
202.41.10.3 - - [29/May/2017:11:04:55 +0530] "GET /images/login.jpg HTTP/1.1" 200 1044 "http://www.cdmindia.gov.in/" "Mozilla/5.0 (Windows NT 10.0; Win64; x64) AppleWebKit/537.36 (KHTML, like Gecko) Chrome/58.0.3029.110 Safari/537.36"
202.41.10.3 - - [29/May/2017:11:04:55 +0530] "GET /images/bullet3.gif HTTP/1.1" 200 58 "http://www.cdmindia.gov.in/" "Mozilla/5.0 (Windows NT 10.0; Win64; x64) AppleWebKit/537.36 (KHTML, like Gecko) Chrome/58.0.3029.110 Safari/537.36"
202.41.10.3 - - [29/May/2017:11:04:55 +0530] "GET /images/gtz.jpg HTTP/1.1" 200 15484 "http://www.cdmindia.gov.in/" "Mozilla/5.0 (Windows NT 10.0; Win64; x64) AppleWebKit/537.36 (KHTML, like Gecko) Chrome/58.0.3029.110 Safari/537.36"
202.41.10.3 - - [29/May/2017:11:04:55 +0530] "GET /images/img1.jpg HTTP/1.1" 200 1251 "http://www.cdmindia.gov.in/" "Mozilla/5.0 (Windows NT 10.0; Win64; x64) AppleWebKit/537.36 (KHTML, like Gecko) Chrome/58.0.3029.110 Safari/537.36"
202.41.10.3 - - [29/May/2017:11:04:55 +0530] "GET /images/fbg.jpg HTTP/1.1" 200 325 "http://www.cdmindia.gov.in/" "Mozilla/5.0 (Windows NT 10.0; Win64; x64) AppleWebKit/537.36 (KHTML, like Gecko) Chrome/58.0.3029.110 Safari/537.36"
202.41.10.3 - - [29/May/2017:11:04:55 +0530] "GET /favicon.ico HTTP/1.1" 200 1189 "http://www.cdmindia.gov.in/" "Mozilla/5.0 (Windows NT 10.0; Win64; x64) AppleWebKit/537.36 (KHTML, like Gecko) Chrome/58.0.3029.110 Safari/537.36"
202.41.10.3 - - [29/May/2017:11:05:03 +0530] "GET /constitution.php HTTP/1.1" 200 23668 "http://www.cdmindia.gov.in/" "Mozilla/5.0 (Windows NT 10.0; Win64; x64) AppleWebKit/537.36 (KHTML, like Gecko) Chrome/58.0.3029.110 Safari/537.36"
202.41.10.3 - - [29/May/2017:11:05:03 +0530] "GET /js/index_validations.js HTTP/1.1" 200 3143 "http://www.cdmindia.gov.in/constitution.php" "Mozilla/5.0 (Windows NT 10.0; Win64; x64) AppleWebKit/537.36 (KHTML, like Gecko) Chrome/58.0.3029.110 Safari/537.36"
202.41.10.3 - - [29/May/2017:11:05:03 +0530] "GET /images/h_cons.jpg HTTP/1.1" 200 21924 "http://www.cdmindia.gov.in/constitution.php" "Mozilla/5.0 (Windows NT 10.0; Win64; x64) AppleWebKit/537.36 (KHTML, like Gecko) Chrome/58.0.3029.110 Safari/537.36"
157.55.39.227 - - [29/May/2017:11:05:03 +0530] "GET /approved_projects.php?n=1 HTTP/1.1" 200 16641 "-" "Mozilla/5.0 (compatible; bingbot/2.0; +http://www.bing.com/bingbot.htm)"
42.106.6.196 - - [29/May/2017:11:07:28 +0530] "GET /project_details_view.php?id=1052 HTTP/1.1" 200 14955 "https://www.google.co.in/" "Mozilla/5.0 (iPhone; CPU iPhone OS 10_3_2 like Mac OS X) AppleWebKit/603.2.4 (KHTML, like Gecko) Version/10.0 Mobile/14F89 Safari/602.1"
66.249.79.129 - - [29/May/2017:11:08:51 +0530] "GET /reports_list_details.php?id=pnjuzahme&reporttype=&page=89 HTTP/1.1" 200 22034 "-" "Mozilla/5.0 (compatible; Googlebot/2.1; +http://www.google.com/bot.html)"
64.62.210.39 - - [29/May/2017:11:09:29 +0530] "GET /project_details_view.php?id=1620 HTTP/1.1" 200 14335 "-" "Mozilla/5.0 (Windows NT 10.0; WOW64) AppleWebKit/537.36 (KHTML, like Gecko) Chrome/51.0.2704.103 Safari/537.36"
157.55.39.99 - - [29/May/2017:11:11:06 +0530] "GET /detail_news.php?id=19 HTTP/1.1" 302 19081 "-" "Mozilla/5.0 (compatible; bingbot/2.0; +http://www.bing.com/bingbot.htm)"
157.55.39.99 - - [29/May/2017:11:11:07 +0530] "GET /logout.php HTTP/1.1" 302 369 "-" "Mozilla/5.0 (compatible; bingbot/2.0; +http://www.bing.com/bingbot.htm)"
157.55.39.99 - - [29/May/2017:11:11:08 +0530] "GET /index.php HTTP/1.1" 200 19479 "-" "Mozilla/5.0 (compatible; bingbot/2.0; +http://www.bing.com/bingbot.htm)"
207.46.13.205 - - [29/May/2017:11:11:08 +0530] "GET /robots.txt HTTP/1.1" 404 208 "-" "Mozilla/5.0 (compatible; bingbot/2.0; +http://www.bing.com/bingbot.htm)"
123.30.143.193 - - [29/May/2017:11:15:58 +0530] "GET /web/wp-admin/setup-config.php?step=1 HTTP/1.1" 404 227 "-" "Mozilla/5.0 (compatible; Googlebot/2.1; +http://www.google.com/bot.html)"
202.46.54.95 - - [29/May/2017:11:16:22 +0530] "GET /project_details_view_report.php?id=1861 HTTP/1.1" 200 13134 "-" "Mozilla/5.0 (Windows NT 10.0; WOW64) AppleWebKit/537.36 (KHTML, like Gecko) Chrome/45.0.2454.93 Safari/537.36"
157.55.39.63 - - [29/May/2017:11:16:28 +0530] "GET /reports_list_details.php?id=Punjab&reporttype=2&page=8 HTTP/1.1" 200 18836 "-" "Mozilla/5.0 (compatible; bingbot/2.0; +http://www.bing.com/bingbot.htm)"
157.55.39.63 - - [29/May/2017:11:16:37 +0530] "GET /project_details_view.php?id=1209 HTTP/1.1" 200 14529 "-" "Mozilla/5.0 (iPhone; CPU iPhone OS 7_0 like Mac OS X) AppleWebKit/537.51.1 (KHTML, like Gecko) Version/7.0 Mobile/11A465 Safari/9537.53 (compatible; bingbot/2.0; +http://www.bing.com/bingbot.htm)"
66.249.79.133 - - [29/May/2017:11:18:31 +0530] "GET /project_details_view_report.php?id=107 HTTP/1.1" 200 13105 "-" "Mozilla/5.0 (compatible; Googlebot/2.1; +http://www.google.com/bot.html)"
8.37.225.254 - - [29/May/2017:11:19:27 +0530] "GET /project_details_view.php?id=328 HTTP/1.1" 200 14087 "http://www.google.co.in/m?q=address+of+hydro+project+in+jia+himanchal+pradesh" "UCWEB/2.0 (Java; U; MIDP-2.0; Nokia203/20.37) U2/1.0.0 UCBrowser/8.7.0.218 U2/1.0.0 Mobile"
101.218.244.187 - - [29/May/2017:11:20:07 +0530] "GET /project_details_view_report.php?id=325 HTTP/1.1" 200 13130 "https://www.google.co.in/" "Mozilla/5.0 (Windows NT 6.1) AppleWebKit/537.36 (KHTML, like Gecko) Chrome/58.0.3029.110 Safari/537.36"
101.218.244.187 - - [29/May/2017:11:20:08 +0530] "GET /Scripts/AC_RunActiveContent.js HTTP/1.1" 200 8321 "http://www.cdmindia.gov.in/project_details_view_report.php?id=325" "Mozilla/5.0 (Windows NT 6.1) AppleWebKit/537.36 (KHTML, like Gecko) Chrome/58.0.3029.110 Safari/537.36"
101.218.244.187 - - [29/May/2017:11:20:08 +0530] "GET /ncdma.css HTTP/1.1" 200 12640 "http://www.cdmindia.gov.in/project_details_view_report.php?id=325" "Mozilla/5.0 (Windows NT 6.1) AppleWebKit/537.36 (KHTML, like Gecko) Chrome/58.0.3029.110 Safari/537.36"
101.218.244.187 - - [29/May/2017:11:20:08 +0530] "GET /includes/ncdma.css HTTP/1.1" 200 13023 "http://www.cdmindia.gov.in/project_details_view_report.php?id=325" "Mozilla/5.0 (Windows NT 6.1) AppleWebKit/537.36 (KHTML, like Gecko) Chrome/58.0.3029.110 Safari/537.36"
101.218.244.187 - - [29/May/2017:11:20:08 +0530] "GET /images/img1.jpg HTTP/1.1" 200 1251 "http://www.cdmindia.gov.in/project_details_view_report.php?id=325" "Mozilla/5.0 (Windows NT 6.1) AppleWebKit/537.36 (KHTML, like Gecko) Chrome/58.0.3029.110 Safari/537.36"
101.218.244.187 - - [29/May/2017:11:20:08 +0530] "GET /images/img2.jpg HTTP/1.1" 200 16276 "http://www.cdmindia.gov.in/project_details_view_report.php?id=325" "Mozilla/5.0 (Windows NT 6.1) AppleWebKit/537.36 (KHTML, like Gecko) Chrome/58.0.3029.110 Safari/537.36"
101.218.244.187 - - [29/May/2017:11:20:08 +0530] "GET /images/spacer.gif HTTP/1.1" 200 43 "http://www.cdmindia.gov.in/project_details_view_report.php?id=325" "Mozilla/5.0 (Windows NT 6.1) AppleWebKit/537.36 (KHTML, like Gecko) Chrome/58.0.3029.110 Safari/537.36"
101.218.244.187 - - [29/May/2017:11:20:08 +0530] "GET /images/bullet1.gif HTTP/1.1" 200 67 "http://www.cdmindia.gov.in/project_details_view_report.php?id=325" "Mozilla/5.0 (Windows NT 6.1) AppleWebKit/537.36 (KHTML, like Gecko) Chrome/58.0.3029.110 Safari/537.36"
101.218.244.187 - - [29/May/2017:11:20:08 +0530] "GET /images/bulllet2.gif HTTP/1.1" 200 58 "http://www.cdmindia.gov.in/project_details_view_report.php?id=325" "Mozilla/5.0 (Windows NT 6.1) AppleWebKit/537.36 (KHTML, like Gecko) Chrome/58.0.3029.110 Safari/537.36"
101.218.244.187 - - [29/May/2017:11:20:08 +0530] "GET /images/img3.jpg HTTP/1.1" 200 26957 "http://www.cdmindia.gov.in/project_details_view_report.php?id=325" "Mozilla/5.0 (Windows NT 6.1) AppleWebKit/537.36 (KHTML, like Gecko) Chrome/58.0.3029.110 Safari/537.36"
101.218.244.187 - - [29/May/2017:11:20:08 +0530] "GET /images/bullet4.gif HTTP/1.1" 200 67 "http://www.cdmindia.gov.in/project_details_view_report.php?id=325" "Mozilla/5.0 (Windows NT 6.1) AppleWebKit/537.36 (KHTML, like Gecko) Chrome/58.0.3029.110 Safari/537.36"
101.218.244.187 - - [29/May/2017:11:20:08 +0530] "GET /images/gtz.jpg HTTP/1.1" 200 15484 "http://www.cdmindia.gov.in/project_details_view_report.php?id=325" "Mozilla/5.0 (Windows NT 6.1) AppleWebKit/537.36 (KHTML, like Gecko) Chrome/58.0.3029.110 Safari/537.36"
101.218.244.187 - - [29/May/2017:11:20:08 +0530] "GET /images/fbg.jpg HTTP/1.1" 200 325 "http://www.cdmindia.gov.in/project_details_view_report.php?id=325" "Mozilla/5.0 (Windows NT 6.1) AppleWebKit/537.36 (KHTML, like Gecko) Chrome/58.0.3029.110 Safari/537.36"
101.218.244.187 - - [29/May/2017:11:20:08 +0530] "GET /images/fdm.jpg HTTP/1.1" 200 2043 "http://www.cdmindia.gov.in/project_details_view_report.php?id=325" "Mozilla/5.0 (Windows NT 6.1) AppleWebKit/537.36 (KHTML, like Gecko) Chrome/58.0.3029.110 Safari/537.36"
101.218.244.187 - - [29/May/2017:11:20:09 +0530] "GET /favicon.ico HTTP/1.1" 200 1189 "http://www.cdmindia.gov.in/project_details_view_report.php?id=325" "Mozilla/5.0 (Windows NT 6.1) AppleWebKit/537.36 (KHTML, like Gecko) Chrome/58.0.3029.110 Safari/537.36"
8.37.225.254 - - [29/May/2017:11:20:41 +0530] "GET /project_details_view.php?id=328 HTTP/1.1" 200 14087 "http://www.google.co.in/m?q=address+of+hydro+project+in+jia+himanchal+pradesh" "UCWEB/2.0 (Java; U; MIDP-2.0; Nokia203/20.37) U2/1.0.0 UCBrowser/8.7.0.218 U2/1.0.0 Mobile"
8.37.225.254 - - [29/May/2017:11:21:41 +0530] "GET /project_details_view.php?id=328 HTTP/1.1" 200 14087 "http://www.google.co.in/m?q=address+of+hydro+project+in+jia+himanchal+pradesh" "UCWEB/2.0 (Java; U; MIDP-2.0; Nokia203/20.37) U2/1.0.0 UCBrowser/8.7.0.218 U2/1.0.0 Mobile"
188.73.148.2 - - [29/May/2017:11:22:39 +0530] "GET /approval_process.php HTTP/1.0" 200 25911 "http://aksonural.ru/" "Mozilla/5.0 (compatible; MSIE 9.0; Windows NT 6.0; Trident/5.0; Trident/5.0)"
188.73.148.2 - - [29/May/2017:11:22:40 +0530] "GET /registration.php HTTP/1.0" 200 28528 "http://aksonural.ru/" "Mozilla/5.0 (Windows NT 6.1; WOW64) AppleWebKit/537.36 (KHTML, like Gecko) Chrome/58.0.3029.81 Safari/537.36"
188.73.148.2 - - [29/May/2017:11:22:41 +0530] "GET / HTTP/1.0" 200 19479 "http://aksonural.ru/" "Mozilla/5.0 (Windows NT 10.0; Win64; x64) AppleWebKit/537.36 (KHTML, like Gecko) Chrome/58.0.3029.96 Safari/537.36"
157.55.39.227 - - [29/May/2017:11:24:56 +0530] "GET /approval_process.php HTTP/1.1" 200 25911 "-" "Mozilla/5.0 (compatible; bingbot/2.0; +http://www.bing.com/bingbot.htm)"
110.227.253.56 - - [29/May/2017:11:25:36 +0530] "GET /project_details_view.php?id=1424 HTTP/1.1" 200 15629 "https://www.google.co.in" "Mozilla/5.0 (X11; Linux x86_64; rv:45.0) Gecko/20100101 Firefox/45.0"
59.144.124.183 - - [29/May/2017:11:25:36 +0530] "GET /includes/ncdma.css HTTP/1.1" 200 13023 "http://www.cdmindia.gov.in/project_details_view.php?id=1424" "Mozilla/5.0 (X11; Linux x86_64; rv:45.0) Gecko/20100101 Firefox/45.0"
59.144.124.183 - - [29/May/2017:11:25:36 +0530] "GET /ncdma.css HTTP/1.1" 200 12640 "http://www.cdmindia.gov.in/project_details_view.php?id=1424" "Mozilla/5.0 (X11; Linux x86_64; rv:45.0) Gecko/20100101 Firefox/45.0"
110.227.253.56 - - [29/May/2017:11:25:36 +0530] "GET /Scripts/AC_RunActiveContent.js HTTP/1.1" 200 8321 "http://www.cdmindia.gov.in/project_details_view.php?id=1424" "Mozilla/5.0 (X11; Linux x86_64; rv:45.0) Gecko/20100101 Firefox/45.0"
59.144.124.183 - - [29/May/2017:11:25:36 +0530] "GET /images/spacer.gif HTTP/1.1" 200 43 "http://www.cdmindia.gov.in/project_details_view.php?id=1424" "Mozilla/5.0 (X11; Linux x86_64; rv:45.0) Gecko/20100101 Firefox/45.0"
