35.184.189.105 - - [15/Jun/2017:01:22:40 +0530] "GET /robots.txt HTTP/1.1" 404 208 "-" "ltx71 - (http://ltx71.com/)"
35.184.189.105 - - [15/Jun/2017:01:23:29 +0530] "GET /detail_news.php?id=19 HTTP/1.1" 302 19084 "-" "ltx71 - (http://ltx71.com/)"
195.22.127.196 - - [15/Jun/2017:01:26:45 +0530] "GET /project_details_view.php?id=488 HTTP/1.1" 200 14894 "-" "Mozilla/5.0 (Windows NT 6.1; rv:39.0) Gecko/20100101 Firefox/39.0"
90.0.147.137 - - [15/Jun/2017:01:32:34 +0530] "GET /robots.txt HTTP/1.1" 404 208 "-" "Java/1.8.0_101"
202.46.53.178 - - [15/Jun/2017:01:35:33 +0530] "GET /project_details_view_report.php?id=539 HTTP/1.1" 200 13257 "-" "Mozilla/5.0 (Windows NT 10.0; WOW64) AppleWebKit/537.36 (KHTML, like Gecko) Chrome/45.0.2454.93 Safari/537.36"
94.254.158.17 - - [15/Jun/2017:01:37:29 +0530] "GET /wp-login.php HTTP/1.1" 404 210 "-" "Mozilla/5.0 (Windows NT 6.1; WOW64; rv:40.0) Gecko/20100101 Firefox/40.1"
157.55.39.208 - - [15/Jun/2017:01:39:23 +0530] "GET /project_details_view.php?id=1517 HTTP/1.1" 200 15032 "-" "Mozilla/5.0 (compatible; bingbot/2.0; +http://www.bing.com/bingbot.htm)"
217.182.132.63 - - [15/Jun/2017:01:39:30 +0530] "GET /admin/ HTTP/1.1" 200 6170 "-" "Mozilla/5.0 (compatible; AhrefsBot/5.2; +http://ahrefs.com/robot/)"
5.196.87.51 - - [15/Jun/2017:01:39:50 +0530] "GET /robots.txt HTTP/1.1" 404 208 "-" "Mozilla/5.0 (compatible; AhrefsBot/5.2; +http://ahrefs.com/robot/)"
207.46.13.141 - - [15/Jun/2017:01:39:52 +0530] "GET /admin/Scripts/AC_RunActiveContent.js HTTP/1.1" 404 234 "-" "Mozilla/5.0 (compatible; bingbot/2.0; +http://www.bing.com/bingbot.htm)"
207.46.13.141 - - [15/Jun/2017:01:39:53 +0530] "GET /admin/js/ajax_client.js HTTP/1.1" 200 22793 "-" "Mozilla/5.0 (compatible; bingbot/2.0; +http://www.bing.com/bingbot.htm)"
207.46.13.141 - - [15/Jun/2017:01:39:54 +0530] "GET /includes/CaptchaSecurityImages.php?width=80&height=30&characters=5 HTTP/1.1" 200 2133 "-" "Mozilla/5.0 (compatible; bingbot/2.0; +http://www.bing.com/bingbot.htm)"
207.46.13.141 - - [15/Jun/2017:01:39:57 +0530] "GET /js/md5.js HTTP/1.1" 200 13194 "-" "Mozilla/5.0 (compatible; bingbot/2.0; +http://www.bing.com/bingbot.htm)"
157.55.39.208 - - [15/Jun/2017:01:39:57 +0530] "GET /admin/js/index_validation.js HTTP/1.1" 200 1988 "-" "Mozilla/5.0 (compatible; bingbot/2.0; +http://www.bing.com/bingbot.htm)"
157.55.39.208 - - [15/Jun/2017:01:39:58 +0530] "GET /js/base64_encode.js HTTP/1.1" 200 3002 "-" "Mozilla/5.0 (compatible; bingbot/2.0; +http://www.bing.com/bingbot.htm)"
66.249.75.207 - - [15/Jun/2017:01:40:35 +0530] "GET /sitemap.php HTTP/1.1" 200 18471 "-" "Mozilla/5.0 (Linux; Android 6.0.1; Nexus 5X Build/MMB29P) AppleWebKit/537.36 (KHTML, like Gecko) Chrome/41.0.2272.96 Mobile Safari/537.36 (compatible; Googlebot/2.1; +http://www.google.com/bot.html)"
45.115.172.176 - - [15/Jun/2017:01:41:19 +0530] "GET /wp-login.php HTTP/1.1" 404 210 "-" "Mozilla/5.0 (Windows NT 6.1; WOW64; rv:40.0) Gecko/20100101 Firefox/40.1"
45.115.172.176 - - [15/Jun/2017:01:41:20 +0530] "GET / HTTP/1.1" 200 19482 "-" "Mozilla/5.0 (Windows NT 6.1; WOW64; rv:40.0) Gecko/20100101 Firefox/40.1"
66.249.75.211 - - [15/Jun/2017:01:41:33 +0530] "GET /project_details_view.php?id=126&oid=1&page=87&reporttype=1 HTTP/1.1" 200 13611 "-" "Mozilla/5.0 (compatible; Googlebot/2.1; +http://www.google.com/bot.html)"
216.244.66.248 - - [15/Jun/2017:01:43:29 +0530] "GET /events_more.php HTTP/1.1" 200 16907 "-" "Mozilla/5.0 (compatible; DotBot/1.1; http://www.opensiteexplorer.org/dotbot, help@moz.com)"
66.249.75.211 - - [15/Jun/2017:01:46:45 +0530] "GET /project_details_view.php?id=1771&oid=&page=16&reporttype= HTTP/1.1" 200 14096 "-" "Mozilla/5.0 (compatible; Googlebot/2.1; +http://www.google.com/bot.html)"
202.46.49.199 - - [15/Jun/2017:01:56:40 +0530] "GET /project_details_view.php?id=362 HTTP/1.1" 200 14189 "-" "Mozilla/5.0 (Windows NT 10.0; WOW64) AppleWebKit/537.36 (KHTML, like Gecko) Chrome/45.0.2454.93 Safari/537.36"
35.184.189.105 - - [15/Jun/2017:01:57:22 +0530] "GET /robots.txt HTTP/1.1" 404 208 "-" "ltx71 - (http://ltx71.com/)"
162.144.111.251 - - [15/Jun/2017:01:57:43 +0530] "GET /detail_news.php?id=999999.9'+UnIoN+AlL+SeLeCt+1,2,CoNcAt(char(33,126,33),VeRsIoN(),char(33,126,33)),4,5+and+'0'='0 HTTP/1.1" 200 18134 "http://www.cdmindia.gov.in/detail_news.php?id=999999.9'+UnIoN+AlL+SeLeCt+1,2,CoNcAt(char(33,126,33),VeRsIoN(),char(33,126,33)),4,5+and+'0'='0" "Mozilla/5.0 (Windows; U; Windows NT 5.1; pt-PT; rv:1.9.1.2) Gecko/20090729 Firefox/3.5.2 (.NET CLR 3.5.30729)"
162.144.111.251 - - [15/Jun/2017:01:57:44 +0530] "GET /detail_news.php?id=999999.9'+UnIoN+AlL+SeLeCt+1,2,CoNcAt(char(33,126,33),VeRsIoN(),char(33,126,33)),4,5+and+'0'='0 HTTP/1.1" 200 18134 "http://www.cdmindia.gov.in/detail_news.php?id=999999.9'+UnIoN+AlL+SeLeCt+1,2,CoNcAt(char(33,126,33),VeRsIoN(),char(33,126,33)),4,5+and+'0'='0" "Mozilla/5.0 (Windows; U; Windows NT 5.1; pt-PT; rv:1.9.1.2) Gecko/20090729 Firefox/3.5.2 (.NET CLR 3.5.30729)"
207.46.13.141 - - [15/Jun/2017:02:00:52 +0530] "GET / HTTP/1.1" 200 19482 "-" "Mozilla/5.0 (compatible; bingbot/2.0; +http://www.bing.com/bingbot.htm)"
207.46.13.141 - - [15/Jun/2017:02:02:12 +0530] "GET / HTTP/1.1" 200 19482 "-" "Mozilla/5.0 (compatible; bingbot/2.0; +http://www.bing.com/bingbot.htm)"
66.249.69.91 - - [15/Jun/2017:02:02:15 +0530] "GET / HTTP/1.1" 200 19482 "-" "Mozilla/5.0 (compatible; Googlebot/2.1; +http://www.google.com/bot.html)"
66.249.69.93 - - [15/Jun/2017:02:07:26 +0530] "GET / HTTP/1.1" 200 19482 "-" "Mozilla/5.0 (Linux; Android 6.0.1; Nexus 5X Build/MMB29P) AppleWebKit/537.36 (KHTML, like Gecko) Chrome/41.0.2272.96 Mobile Safari/537.36 (compatible; Googlebot/2.1; +http://www.google.com/bot.html)"
216.244.66.248 - - [15/Jun/2017:02:08:17 +0530] "GET /robots.txt HTTP/1.1" 404 208 "-" "Mozilla/5.0 (compatible; DotBot/1.1; http://www.opensiteexplorer.org/dotbot, help@moz.com)"
220.181.108.102 - - [15/Jun/2017:02:11:52 +0530] "GET /approval_process.php HTTP/1.1" 200 25914 "-" "Mozilla/5.0 (compatible; Baiduspider/2.0; +http://www.baidu.com/search/spider.html)"
216.244.66.243 - - [15/Jun/2017:02:13:25 +0530] "GET /robots.txt HTTP/1.1" 404 208 "-" "Mozilla/5.0 (compatible; DotBot/1.1; http://www.opensiteexplorer.org/dotbot, help@moz.com)"
66.249.75.209 - - [15/Jun/2017:02:17:35 +0530] "GET / HTTP/1.1" 200 19482 "-" "Mozilla/5.0 (Linux; Android 6.0.1; Nexus 5X Build/MMB29P) AppleWebKit/537.36 (KHTML, like Gecko) Chrome/41.0.2272.96 Mobile Safari/537.36 (compatible; Googlebot/2.1; +http://www.google.com/bot.html)"
202.46.49.61 - - [15/Jun/2017:02:17:47 +0530] "GET /project_details_view_report.php?id=518 HTTP/1.1" 200 13142 "-" "Mozilla/5.0 (Windows NT 10.0; WOW64) AppleWebKit/537.36 (KHTML, like Gecko) Chrome/45.0.2454.93 Safari/537.36"
66.249.75.211 - - [15/Jun/2017:02:18:50 +0530] "GET /contactus.php HTTP/1.1" 200 18294 "-" "Mozilla/5.0 (Linux; Android 6.0.1; Nexus 5X Build/MMB29P) AppleWebKit/537.36 (KHTML, like Gecko) Chrome/41.0.2272.96 Mobile Safari/537.36 (compatible; Googlebot/2.1; +http://www.google.com/bot.html)"
66.249.75.209 - - [15/Jun/2017:02:19:28 +0530] "GET /reports_list_details.php?id=tubkayrstf&reporttype=&page=195 HTTP/1.1" 200 22446 "-" "Mozilla/5.0 (compatible; Googlebot/2.1; +http://www.google.com/bot.html)"
66.249.75.209 - - [15/Jun/2017:02:22:51 +0530] "GET /project_details_view_report.php?id=635 HTTP/1.1" 200 13186 "-" "Mozilla/5.0 (compatible; Googlebot/2.1; +http://www.google.com/bot.html)"
216.244.66.243 - - [15/Jun/2017:02:25:09 +0530] "GET /downloads/Template_sharing%202Percent.doc HTTP/1.1" 200 73728 "-" "Mozilla/5.0 (compatible; DotBot/1.1; http://www.opensiteexplorer.org/dotbot, help@moz.com)"
77.75.77.54 - - [15/Jun/2017:02:26:50 +0530] "GET /robots.txt HTTP/1.1" 404 208 "-" "Mozilla/5.0 (compatible; SeznamBot/3.2; +http://napoveda.seznam.cz/en/seznambot-intro/)"
77.75.77.54 - - [15/Jun/2017:02:26:57 +0530] "GET / HTTP/1.1" 200 19482 "-" "Mozilla/5.0 (compatible; SeznamBot/3.2; +http://napoveda.seznam.cz/en/seznambot-intro/)"
66.249.75.211 - - [15/Jun/2017:02:27:49 +0530] "GET /project_details_view_report.php?id=1279 HTTP/1.1" 200 13197 "-" "Mozilla/5.0 (compatible; Googlebot/2.1; +http://www.google.com/bot.html)"
40.77.167.73 - - [15/Jun/2017:02:27:56 +0530] "GET /project_details_view.php?id=1186 HTTP/1.1" 200 16736 "-" "Mozilla/5.0 (compatible; bingbot/2.0; +http://www.bing.com/bingbot.htm)"
54.172.241.121 - - [15/Jun/2017:02:36:40 +0530] "GET /robots.txt HTTP/1.1" 404 208 "-" "ltx71 - (http://ltx71.com/)"
66.249.75.211 - - [15/Jun/2017:02:38:05 +0530] "GET /project_details_view.php?id=1867 HTTP/1.1" 200 14778 "-" "Mozilla/5.0 (Linux; Android 6.0.1; Nexus 5X Build/MMB29P) AppleWebKit/537.36 (KHTML, like Gecko) Chrome/41.0.2272.96 Mobile Safari/537.36 (compatible; Googlebot/2.1; +http://www.google.com/bot.html)"
196.52.39.23 - - [15/Jun/2017:02:38:20 +0530] "GET /project_details_view.php?id=930'A=0 HTTP/1.1" 200 11452 "http://www.cdmindia.gov.in/project_details_view.php?id=930'A=0" "Mozilla/5.0 (Windows; U; Windows NT 5.1; pt-PT; rv:1.9.1.2) Gecko/20090729 Firefox/3.5.2 (.NET CLR 3.5.30729)"
202.46.51.179 - - [15/Jun/2017:02:38:53 +0530] "GET /project_details_view.php?id=1497 HTTP/1.1" 200 14485 "-" "Mozilla/5.0 (Windows NT 10.0; WOW64) AppleWebKit/537.36 (KHTML, like Gecko) Chrome/45.0.2454.93 Safari/537.36"
49.34.156.183 - - [15/Jun/2017:02:42:03 +0530] "GET /project_details_view.php?id=1558 HTTP/1.1" 200 16564 "https://www.google.co.in/" "Mozilla/5.0 (Linux; Android 7.0; SM-G935F Build/NRD90M) AppleWebKit/537.36 (KHTML, like Gecko) Chrome/55.0.2883.91 Mobile Safari/537.36"
49.34.156.183 - - [15/Jun/2017:02:42:04 +0530] "GET /includes/ncdma.css HTTP/1.1" 200 13023 "http://www.cdmindia.gov.in/project_details_view.php?id=1558" "Mozilla/5.0 (Linux; Android 7.0; SM-G935F Build/NRD90M) AppleWebKit/537.36 (KHTML, like Gecko) Chrome/55.0.2883.91 Mobile Safari/537.36"
49.34.156.183 - - [15/Jun/2017:02:42:04 +0530] "GET /ncdma.css HTTP/1.1" 200 12640 "http://www.cdmindia.gov.in/project_details_view.php?id=1558" "Mozilla/5.0 (Linux; Android 7.0; SM-G935F Build/NRD90M) AppleWebKit/537.36 (KHTML, like Gecko) Chrome/55.0.2883.91 Mobile Safari/537.36"
49.34.156.183 - - [15/Jun/2017:02:42:04 +0530] "GET /Scripts/AC_RunActiveContent.js HTTP/1.1" 200 8321 "http://www.cdmindia.gov.in/project_details_view.php?id=1558" "Mozilla/5.0 (Linux; Android 7.0; SM-G935F Build/NRD90M) AppleWebKit/537.36 (KHTML, like Gecko) Chrome/55.0.2883.91 Mobile Safari/537.36"
49.34.156.183 - - [15/Jun/2017:02:42:04 +0530] "GET /images/spacer.gif HTTP/1.1" 200 43 "http://www.cdmindia.gov.in/project_details_view.php?id=1558" "Mozilla/5.0 (Linux; Android 7.0; SM-G935F Build/NRD90M) AppleWebKit/537.36 (KHTML, like Gecko) Chrome/55.0.2883.91 Mobile Safari/537.36"
49.34.156.183 - - [15/Jun/2017:02:42:04 +0530] "GET /images/bullet1.gif HTTP/1.1" 200 67 "http://www.cdmindia.gov.in/project_details_view.php?id=1558" "Mozilla/5.0 (Linux; Android 7.0; SM-G935F Build/NRD90M) AppleWebKit/537.36 (KHTML, like Gecko) Chrome/55.0.2883.91 Mobile Safari/537.36"
49.34.156.183 - - [15/Jun/2017:02:42:04 +0530] "GET /images/img2.jpg HTTP/1.1" 200 16276 "http://www.cdmindia.gov.in/project_details_view.php?id=1558" "Mozilla/5.0 (Linux; Android 7.0; SM-G935F Build/NRD90M) AppleWebKit/537.36 (KHTML, like Gecko) Chrome/55.0.2883.91 Mobile Safari/537.36"
49.34.156.183 - - [15/Jun/2017:02:42:04 +0530] "GET /images/bulllet2.gif HTTP/1.1" 200 58 "http://www.cdmindia.gov.in/project_details_view.php?id=1558" "Mozilla/5.0 (Linux; Android 7.0; SM-G935F Build/NRD90M) AppleWebKit/537.36 (KHTML, like Gecko) Chrome/55.0.2883.91 Mobile Safari/537.36"
49.34.156.183 - - [15/Jun/2017:02:42:04 +0530] "GET /images/bullet4.gif HTTP/1.1" 200 67 "http://www.cdmindia.gov.in/project_details_view.php?id=1558" "Mozilla/5.0 (Linux; Android 7.0; SM-G935F Build/NRD90M) AppleWebKit/537.36 (KHTML, like Gecko) Chrome/55.0.2883.91 Mobile Safari/537.36"
49.34.156.183 - - [15/Jun/2017:02:42:04 +0530] "GET /images/img3.jpg HTTP/1.1" 200 26957 "http://www.cdmindia.gov.in/project_details_view.php?id=1558" "Mozilla/5.0 (Linux; Android 7.0; SM-G935F Build/NRD90M) AppleWebKit/537.36 (KHTML, like Gecko) Chrome/55.0.2883.91 Mobile Safari/537.36"
49.34.156.183 - - [15/Jun/2017:02:42:04 +0530] "GET /images/img1.jpg HTTP/1.1" 200 1251 "http://www.cdmindia.gov.in/project_details_view.php?id=1558" "Mozilla/5.0 (Linux; Android 7.0; SM-G935F Build/NRD90M) AppleWebKit/537.36 (KHTML, like Gecko) Chrome/55.0.2883.91 Mobile Safari/537.36"
49.34.156.183 - - [15/Jun/2017:02:42:04 +0530] "GET /images/gtz.jpg HTTP/1.1" 200 15484 "http://www.cdmindia.gov.in/project_details_view.php?id=1558" "Mozilla/5.0 (Linux; Android 7.0; SM-G935F Build/NRD90M) AppleWebKit/537.36 (KHTML, like Gecko) Chrome/55.0.2883.91 Mobile Safari/537.36"
49.34.156.183 - - [15/Jun/2017:02:42:04 +0530] "GET /images/fdm.jpg HTTP/1.1" 200 2043 "http://www.cdmindia.gov.in/project_details_view.php?id=1558" "Mozilla/5.0 (Linux; Android 7.0; SM-G935F Build/NRD90M) AppleWebKit/537.36 (KHTML, like Gecko) Chrome/55.0.2883.91 Mobile Safari/537.36"
49.34.156.183 - - [15/Jun/2017:02:42:04 +0530] "GET /images/fbg.jpg HTTP/1.1" 200 325 "http://www.cdmindia.gov.in/project_details_view.php?id=1558" "Mozilla/5.0 (Linux; Android 7.0; SM-G935F Build/NRD90M) AppleWebKit/537.36 (KHTML, like Gecko) Chrome/55.0.2883.91 Mobile Safari/537.36"
49.34.156.183 - - [15/Jun/2017:02:42:04 +0530] "GET /favicon.ico HTTP/1.1" 200 1189 "http://www.cdmindia.gov.in/project_details_view.php?id=1558" "Mozilla/5.0 (Linux; Android 7.0; SM-G935F Build/NRD90M) AppleWebKit/537.36 (KHTML, like Gecko) Chrome/55.0.2883.91 Mobile Safari/537.36"
66.249.75.209 - - [15/Jun/2017:02:43:05 +0530] "GET /reports_list_details.php?id=pnjuzahme&reporttype=&page=8 HTTP/1.1" 200 22102 "-" "Mozilla/5.0 (compatible; Googlebot/2.1; +http://www.google.com/bot.html)"
157.55.39.208 - - [15/Jun/2017:02:44:28 +0530] "GET /project_details_view_report.php?id=1443 HTTP/1.1" 200 13181 "-" "Mozilla/5.0 (iPhone; CPU iPhone OS 7_0 like Mac OS X) AppleWebKit/537.51.1 (KHTML, like Gecko) Version/7.0 Mobile/11A465 Safari/9537.53 (compatible; bingbot/2.0; +http://www.bing.com/bingbot.htm)"
66.249.75.207 - - [15/Jun/2017:02:48:05 +0530] "GET /project_details_view.php?id=1061 HTTP/1.1" 200 15315 "-" "Mozilla/5.0 (compatible; Googlebot/2.1; +http://www.google.com/bot.html)"
66.249.75.211 - - [15/Jun/2017:02:53:15 +0530] "GET /project_details_view.php?id=1854&oid=&page=13&reporttype= HTTP/1.1" 200 15758 "-" "Mozilla/5.0 (Linux; Android 6.0.1; Nexus 5X Build/MMB29P) AppleWebKit/537.36 (KHTML, like Gecko) Chrome/41.0.2272.96 Mobile Safari/537.36 (compatible; Googlebot/2.1; +http://www.google.com/bot.html)"
66.249.75.211 - - [15/Jun/2017:02:55:59 +0530] "GET /imp_links.php HTTP/1.1" 200 17836 "-" "Mozilla/5.0 (Linux; Android 6.0.1; Nexus 5X Build/MMB29P) AppleWebKit/537.36 (KHTML, like Gecko) Chrome/41.0.2272.96 Mobile Safari/537.36 (compatible; Googlebot/2.1; +http://www.google.com/bot.html)"
66.249.75.211 - - [15/Jun/2017:02:58:25 +0530] "GET /project_details_view.php?id=2067&oid=&page=5&reporttype= HTTP/1.1" 200 14313 "-" "Mozilla/5.0 (compatible; Googlebot/2.1; +http://www.google.com/bot.html)"
35.184.189.105 - - [15/Jun/2017:02:58:53 +0530] "GET /robots.txt HTTP/1.1" 404 208 "-" "ltx71 - (http://ltx71.com/)"
216.244.66.248 - - [15/Jun/2017:02:58:53 +0530] "GET /aboutus.php HTTP/1.1" 200 19599 "-" "Mozilla/5.0 (compatible; DotBot/1.1; http://www.opensiteexplorer.org/dotbot, help@moz.com)"
202.46.54.22 - - [15/Jun/2017:03:00:00 +0530] "GET /project_details_view_report.php?id=775 HTTP/1.1" 200 13250 "-" "Mozilla/5.0 (Windows NT 10.0; WOW64) AppleWebKit/537.36 (KHTML, like Gecko) Chrome/45.0.2454.93 Safari/537.36"
154.73.132.152 - - [15/Jun/2017:03:01:57 +0530] "GET /wp-login.php HTTP/1.1" 404 210 "-" "Mozilla/5.0 (Windows NT 6.1; WOW64; rv:40.0) Gecko/20100101 Firefox/40.1"
154.73.132.152 - - [15/Jun/2017:03:01:57 +0530] "GET / HTTP/1.1" 200 19482 "-" "Mozilla/5.0 (Windows NT 6.1; WOW64; rv:40.0) Gecko/20100101 Firefox/40.1"
40.77.167.73 - - [15/Jun/2017:03:02:32 +0530] "GET /reports_list_details.php?id=Tamil%20Nadu&reporttype=2&page=2 HTTP/1.1" 200 21191 "-" "Mozilla/5.0 (compatible; bingbot/2.0; +http://www.bing.com/bingbot.htm)"
66.249.69.93 - - [15/Jun/2017:03:03:37 +0530] "GET / HTTP/1.1" 200 19482 "-" "Mozilla/5.0 (compatible; Googlebot/2.1; +http://www.google.com/bot.html)"
35.184.189.105 - - [15/Jun/2017:03:08:26 +0530] "GET /robots.txt HTTP/1.1" 404 208 "-" "ltx71 - (http://ltx71.com/)"
66.249.75.211 - - [15/Jun/2017:03:08:47 +0530] "GET /project_details_view.php?id=766&oid=&page=69&reporttype= HTTP/1.1" 200 14801 "-" "Mozilla/5.0 (compatible; Googlebot/2.1; +http://www.google.com/bot.html)"
66.249.75.207 - - [15/Jun/2017:03:13:52 +0530] "GET /project_details_view.php?id=1510 HTTP/1.1" 200 14346 "-" "Mozilla/5.0 (Linux; Android 6.0.1; Nexus 5X Build/MMB29P) AppleWebKit/537.36 (KHTML, like Gecko) Chrome/41.0.2272.96 Mobile Safari/537.36 (compatible; Googlebot/2.1; +http://www.google.com/bot.html)"
66.249.75.207 - - [15/Jun/2017:03:18:45 +0530] "GET /project_details_view.php?id=1387 HTTP/1.1" 200 14323 "-" "Mozilla/5.0 (compatible; Googlebot/2.1; +http://www.google.com/bot.html)"
202.46.50.153 - - [15/Jun/2017:03:21:07 +0530] "GET /project_details_view_report.php?id=1891 HTTP/1.1" 200 13215 "-" "Mozilla/5.0 (Windows NT 10.0; WOW64) AppleWebKit/537.36 (KHTML, like Gecko) Chrome/45.0.2454.93 Safari/537.36"
35.184.189.105 - - [15/Jun/2017:03:24:05 +0530] "GET /robots.txt HTTP/1.1" 404 208 "-" "ltx71 - (http://ltx71.com/)"
157.55.39.208 - - [15/Jun/2017:03:28:06 +0530] "GET /admin/index.php HTTP/1.1" 200 6170 "-" "Mozilla/5.0 (compatible; bingbot/2.0; +http://www.bing.com/bingbot.htm)"
207.46.13.141 - - [15/Jun/2017:03:28:13 +0530] "GET /images/img2.jpg HTTP/1.1" 200 16276 "-" "Mozilla/5.0 (compatible; bingbot/2.0; +http://www.bing.com/bingbot.htm)"
207.46.13.141 - - [15/Jun/2017:03:28:14 +0530] "GET /images/fbg.jpg HTTP/1.1" 200 325 "-" "Mozilla/5.0 (compatible; bingbot/2.0; +http://www.bing.com/bingbot.htm)"
157.55.39.208 - - [15/Jun/2017:03:28:17 +0530] "GET /images/img3.jpg HTTP/1.1" 200 26957 "-" "Mozilla/5.0 (compatible; bingbot/2.0; +http://www.bing.com/bingbot.htm)"
66.249.75.207 - - [15/Jun/2017:03:29:06 +0530] "GET /project_details_view.php?id=1198 HTTP/1.1" 200 15425 "-" "Mozilla/5.0 (compatible; Googlebot/2.1; +http://www.google.com/bot.html)"
66.249.75.209 - - [15/Jun/2017:03:31:36 +0530] "GET /constitution.php HTTP/1.1" 200 23671 "-" "Mozilla/5.0 (Linux; Android 6.0.1; Nexus 5X Build/MMB29P) AppleWebKit/537.36 (KHTML, like Gecko) Chrome/41.0.2272.96 Mobile Safari/537.36 (compatible; Googlebot/2.1; +http://www.google.com/bot.html)"
35.184.189.105 - - [15/Jun/2017:03:31:37 +0530] "GET /robots.txt HTTP/1.1" 404 208 "-" "ltx71 - (http://ltx71.com/)"
66.249.75.207 - - [15/Jun/2017:03:34:04 +0530] "GET /project_details_view.php?id=124&oid=&page=104&reporttype= HTTP/1.1" 200 13849 "-" "Mozilla/5.0 (compatible; Googlebot/2.1; +http://www.google.com/bot.html)"
66.249.75.209 - - [15/Jun/2017:03:37:57 +0530] "GET /reports_list_details.php?id=tubkayrstf&reporttype=&page=201 HTTP/1.1" 200 21945 "-" "Mozilla/5.0 (compatible; Googlebot/2.1; +http://www.google.com/bot.html)"
66.249.75.209 - - [15/Jun/2017:03:39:15 +0530] "GET /project_details_view.php?id=408 HTTP/1.1" 200 13859 "-" "Mozilla/5.0 (compatible; Googlebot/2.1; +http://www.google.com/bot.html)"
202.46.54.16 - - [15/Jun/2017:03:42:14 +0530] "GET /project_details_view.php?id=2087 HTTP/1.1" 200 13930 "-" "Mozilla/5.0 (Windows NT 10.0; WOW64) AppleWebKit/537.36 (KHTML, like Gecko) Chrome/45.0.2454.93 Safari/537.36"
207.46.13.141 - - [15/Jun/2017:03:42:29 +0530] "GET /project_details_view.php?id=2152 HTTP/1.1" 200 15123 "-" "Mozilla/5.0 (compatible; bingbot/2.0; +http://www.bing.com/bingbot.htm)"
35.184.189.105 - - [15/Jun/2017:03:43:41 +0530] "GET /robots.txt HTTP/1.1" 404 208 "-" "ltx71 - (http://ltx71.com/)"
66.249.75.209 - - [15/Jun/2017:03:44:24 +0530] "GET /project_details_view.php?id=13&oid=1&page=69&reporttype=1 HTTP/1.1" 200 13661 "-" "Mozilla/5.0 (compatible; Googlebot/2.1; +http://www.google.com/bot.html)"
66.249.75.207 - - [15/Jun/2017:03:44:27 +0530] "GET /project_details_view.php?id=1408&oid=&page=26&reporttype= HTTP/1.1" 200 15407 "-" "Mozilla/5.0 (compatible; Googlebot/2.1; +http://www.google.com/bot.html)"
123.30.175.175 - - [15/Jun/2017:03:46:35 +0530] "GET /robots.txt HTTP/1.1" 404 208 "-" "Mozilla/5.0 (compatible; coccocbot-web/1.0; +http://help.coccoc.com/searchengine)"
123.30.175.180 - - [15/Jun/2017:03:46:37 +0530] "GET /project_details_view.php?id=1942 HTTP/1.1" 200 14351 "-" "Mozilla/5.0 (compatible; coccocbot-web/1.0; +http://help.coccoc.com/searchengine)"
77.40.129.123 - - [15/Jun/2017:03:48:37 +0530] "GET / HTTP/1.1" 200 19482 "-" "Mozilla/5.0 (Windows; U; Windows NT 6.1; en-US) AppleWebKit/534.10 (KHTML, like Gecko) Chrome/8.0.552.237 Safari/534.1"
77.40.129.123 - - [15/Jun/2017:03:48:37 +0530] "GET /js/md5.js HTTP/1.1" 200 13194 "http://cdmindia.gov.in/" "Mozilla/5.0 (Windows; U; Windows NT 6.1; en-US) AppleWebKit/534.10 (KHTML, like Gecko) Chrome/8.0.552.237 Safari/534.1"
77.40.129.123 - - [15/Jun/2017:03:48:37 +0530] "GET /includes/ncdma.css HTTP/1.1" 200 13023 "http://cdmindia.gov.in/" "Mozilla/5.0 (Windows; U; Windows NT 6.1; en-US) AppleWebKit/534.10 (KHTML, like Gecko) Chrome/8.0.552.237 Safari/534.1"
77.40.129.123 - - [15/Jun/2017:03:48:37 +0530] "GET /Scripts/AC_RunActiveContent.js HTTP/1.1" 200 8321 "http://cdmindia.gov.in/" "Mozilla/5.0 (Windows; U; Windows NT 6.1; en-US) AppleWebKit/534.10 (KHTML, like Gecko) Chrome/8.0.552.237 Safari/534.1"
77.40.129.123 - - [15/Jun/2017:03:48:37 +0530] "GET /ncdma.css HTTP/1.1" 200 12640 "http://cdmindia.gov.in/" "Mozilla/5.0 (Windows; U; Windows NT 6.1; en-US) AppleWebKit/534.10 (KHTML, like Gecko) Chrome/8.0.552.237 Safari/534.1"
77.40.129.123 - - [15/Jun/2017:03:48:37 +0530] "GET /js/base64_encode.js HTTP/1.1" 200 3002 "http://cdmindia.gov.in/" "Mozilla/5.0 (Windows; U; Windows NT 6.1; en-US) AppleWebKit/534.10 (KHTML, like Gecko) Chrome/8.0.552.237 Safari/534.1"
77.40.129.123 - - [15/Jun/2017:03:48:37 +0530] "GET /images/img2.jpg HTTP/1.1" 200 16276 "http://cdmindia.gov.in/" "Mozilla/5.0 (Windows; U; Windows NT 6.1; en-US) AppleWebKit/534.10 (KHTML, like Gecko) Chrome/8.0.552.237 Safari/534.1"
77.40.129.123 - - [15/Jun/2017:03:48:38 +0530] "GET /images/bullet1.gif HTTP/1.1" 200 67 "http://cdmindia.gov.in/" "Mozilla/5.0 (Windows; U; Windows NT 6.1; en-US) AppleWebKit/534.10 (KHTML, like Gecko) Chrome/8.0.552.237 Safari/534.1"
77.40.129.123 - - [15/Jun/2017:03:48:38 +0530] "GET /images/bulllet2.gif HTTP/1.1" 200 58 "http://cdmindia.gov.in/" "Mozilla/5.0 (Windows; U; Windows NT 6.1; en-US) AppleWebKit/534.10 (KHTML, like Gecko) Chrome/8.0.552.237 Safari/534.1"
77.40.129.123 - - [15/Jun/2017:03:48:38 +0530] "GET /images/spacer.gif HTTP/1.1" 200 43 "http://cdmindia.gov.in/" "Mozilla/5.0 (Windows; U; Windows NT 6.1; en-US) AppleWebKit/534.10 (KHTML, like Gecko) Chrome/8.0.552.237 Safari/534.1"
77.40.129.123 - - [15/Jun/2017:03:48:38 +0530] "GET /images/bullet4.gif HTTP/1.1" 200 67 "http://cdmindia.gov.in/" "Mozilla/5.0 (Windows; U; Windows NT 6.1; en-US) AppleWebKit/534.10 (KHTML, like Gecko) Chrome/8.0.552.237 Safari/534.1"
77.40.129.123 - - [15/Jun/2017:03:48:38 +0530] "GET /images/img1.jpg HTTP/1.1" 200 1251 "http://cdmindia.gov.in/" "Mozilla/5.0 (Windows; U; Windows NT 6.1; en-US) AppleWebKit/534.10 (KHTML, like Gecko) Chrome/8.0.552.237 Safari/534.1"
77.40.129.123 - - [15/Jun/2017:03:48:38 +0530] "GET /images/img3.jpg HTTP/1.1" 200 26957 "http://cdmindia.gov.in/" "Mozilla/5.0 (Windows; U; Windows NT 6.1; en-US) AppleWebKit/534.10 (KHTML, like Gecko) Chrome/8.0.552.237 Safari/534.1"
77.40.129.123 - - [15/Jun/2017:03:48:38 +0530] "GET /images/gtz.jpg HTTP/1.1" 200 15484 "http://cdmindia.gov.in/" "Mozilla/5.0 (Windows; U; Windows NT 6.1; en-US) AppleWebKit/534.10 (KHTML, like Gecko) Chrome/8.0.552.237 Safari/534.1"
77.40.129.123 - - [15/Jun/2017:03:48:38 +0530] "GET /images/fdm.jpg HTTP/1.1" 200 2043 "http://cdmindia.gov.in/" "Mozilla/5.0 (Windows; U; Windows NT 6.1; en-US) AppleWebKit/534.10 (KHTML, like Gecko) Chrome/8.0.552.237 Safari/534.1"
77.40.129.123 - - [15/Jun/2017:03:48:38 +0530] "GET /images/bullet3.gif HTTP/1.1" 200 58 "http://cdmindia.gov.in/" "Mozilla/5.0 (Windows; U; Windows NT 6.1; en-US) AppleWebKit/534.10 (KHTML, like Gecko) Chrome/8.0.552.237 Safari/534.1"
77.40.129.123 - - [15/Jun/2017:03:48:38 +0530] "GET /images/fe.jpg HTTP/1.1" 200 1429 "http://cdmindia.gov.in/" "Mozilla/5.0 (Windows; U; Windows NT 6.1; en-US) AppleWebKit/534.10 (KHTML, like Gecko) Chrome/8.0.552.237 Safari/534.1"
77.40.129.123 - - [15/Jun/2017:03:48:38 +0530] "GET /images/favicon.ico HTTP/1.1" 200 1406 "-" "Mozilla/5.0 (Windows; U; Windows NT 6.1; en-US) AppleWebKit/534.10 (KHTML, like Gecko) Chrome/8.0.552.237 Safari/534.1"
77.40.129.123 - - [15/Jun/2017:03:48:39 +0530] "GET /images/login.jpg HTTP/1.1" 200 1044 "http://cdmindia.gov.in/" "Mozilla/5.0 (Windows; U; Windows NT 6.1; en-US) AppleWebKit/534.10 (KHTML, like Gecko) Chrome/8.0.552.237 Safari/534.1"
77.40.129.123 - - [15/Jun/2017:03:48:39 +0530] "GET /images/fbg.jpg HTTP/1.1" 200 325 "http://cdmindia.gov.in/" "Mozilla/5.0 (Windows; U; Windows NT 6.1; en-US) AppleWebKit/534.10 (KHTML, like Gecko) Chrome/8.0.552.237 Safari/534.1"
77.40.129.123 - - [15/Jun/2017:03:48:40 +0530] "GET /images/login1.jpg HTTP/1.1" 200 618 "http://cdmindia.gov.in/" "Mozilla/5.0 (Windows; U; Windows NT 6.1; en-US) AppleWebKit/534.10 (KHTML, like Gecko) Chrome/8.0.552.237 Safari/534.1"
77.40.129.123 - - [15/Jun/2017:03:48:40 +0530] "GET /images/midbanner.swf HTTP/1.1" 200 285833 "http://cdmindia.gov.in/" "Mozilla/5.0 (Windows; U; Windows NT 6.1; en-US) AppleWebKit/534.10 (KHTML, like Gecko) Chrome/8.0.552.237 Safari/534.1"
90.0.147.137 - - [15/Jun/2017:03:51:14 +0530] "GET /robots.txt HTTP/1.1" 404 208 "-" "Java/1.8.0_101"
40.77.167.78 - - [15/Jun/2017:03:52:39 +0530] "GET /admin/ HTTP/1.1" 200 6170 "-" "Mozilla/5.0 (iPhone; CPU iPhone OS 7_0 like Mac OS X) AppleWebKit/537.51.1 (KHTML, like Gecko) Version/7.0 Mobile/11A465 Safari/9537.53 (compatible; bingbot/2.0; +http://www.bing.com/bingbot.htm)"
66.249.75.209 - - [15/Jun/2017:03:54:45 +0530] "GET /project_details_view.php?id=752&oid=1&page=59&reporttype=1 HTTP/1.1" 200 14490 "-" "Mozilla/5.0 (compatible; Googlebot/2.1; +http://www.google.com/bot.html)"
66.249.75.207 - - [15/Jun/2017:03:59:56 +0530] "GET /project_details_view.php?id=1166&oid=&page=50&reporttype= HTTP/1.1" 200 15047 "-" "Mozilla/5.0 (compatible; Googlebot/2.1; +http://www.google.com/bot.html)"
40.77.167.73 - - [15/Jun/2017:04:01:17 +0530] "GET /project_details_view.php?id=1597 HTTP/1.1" 200 14398 "-" "Mozilla/5.0 (iPhone; CPU iPhone OS 7_0 like Mac OS X) AppleWebKit/537.51.1 (KHTML, like Gecko) Version/7.0 Mobile/11A465 Safari/9537.53 (compatible; bingbot/2.0; +http://www.bing.com/bingbot.htm)"
202.46.54.207 - - [15/Jun/2017:04:03:21 +0530] "GET /project_details_view_report.php?id=1342 HTTP/1.1" 200 13228 "-" "Mozilla/5.0 (Windows NT 10.0; WOW64) AppleWebKit/537.36 (KHTML, like Gecko) Chrome/45.0.2454.93 Safari/537.36"
66.249.75.211 - - [15/Jun/2017:04:04:56 +0530] "GET /project_details_view_report.php?id=309 HTTP/1.1" 200 13125 "-" "Mozilla/5.0 (compatible; Googlebot/2.1; +http://www.google.com/bot.html)"
157.55.39.208 - - [15/Jun/2017:04:07:52 +0530] "GET /detail_news.php?id=20 HTTP/1.1" 302 18268 "-" "Mozilla/5.0 (compatible; bingbot/2.0; +http://www.bing.com/bingbot.htm)"
157.55.39.208 - - [15/Jun/2017:04:07:53 +0530] "GET /logout.php HTTP/1.1" 302 369 "-" "Mozilla/5.0 (compatible; bingbot/2.0; +http://www.bing.com/bingbot.htm)"
157.55.39.208 - - [15/Jun/2017:04:07:55 +0530] "GET /index.php HTTP/1.1" 200 19482 "-" "Mozilla/5.0 (compatible; bingbot/2.0; +http://www.bing.com/bingbot.htm)"
35.184.189.105 - - [15/Jun/2017:04:11:49 +0530] "GET /robots.txt HTTP/1.1" 404 208 "-" "ltx71 - (http://ltx71.com/)"
35.184.189.105 - - [15/Jun/2017:04:13:29 +0530] "GET /images/NCDMA%20PCN%20Format%2017072009.doc HTTP/1.1" 200 114176 "-" "ltx71 - (http://ltx71.com/)"
66.249.75.207 - - [15/Jun/2017:04:15:05 +0530] "GET /project_details_view.php?id=1406 HTTP/1.1" 200 13979 "-" "Mozilla/5.0 (compatible; Googlebot/2.1; +http://www.google.com/bot.html)"
66.249.75.207 - - [15/Jun/2017:04:15:05 +0530] "GET /robots.txt HTTP/1.1" 404 208 "-" "Mozilla/5.0 (compatible; Googlebot/2.1; +http://www.google.com/bot.html)"
54.173.165.103 - - [15/Jun/2017:04:20:24 +0530] "GET / HTTP/1.1" 200 19482 "-" "Mozilla/5.0 (X11; Linux x86_64) AppleWebKit/537.36 (KHTML, like Gecko) Chrome/43.0.2357.134 Safari/537.36 http://notifyninja.com/monitoring"
66.249.69.91 - - [15/Jun/2017:04:24:24 +0530] "GET / HTTP/1.1" 200 19482 "-" "Mozilla/5.0 (Linux; Android 6.0.1; Nexus 5X Build/MMB29P) AppleWebKit/537.36 (KHTML, like Gecko) Chrome/41.0.2272.96 Mobile Safari/537.36 (compatible; Googlebot/2.1; +http://www.google.com/bot.html)"
202.46.53.141 - - [15/Jun/2017:04:24:28 +0530] "GET /project_details_view.php?id=1754 HTTP/1.1" 200 15027 "-" "Mozilla/5.0 (Windows NT 10.0; WOW64) AppleWebKit/537.36 (KHTML, like Gecko) Chrome/45.0.2454.93 Safari/537.36"
157.55.39.208 - - [15/Jun/2017:04:25:28 +0530] "GET /downloads/Carbon%20Market%20Roadmap.pdf HTTP/1.1" 200 4344697 "-" "Mozilla/5.0 (compatible; bingbot/2.0; +http://www.bing.com/bingbot.htm)"
199.30.24.226 - - [15/Jun/2017:04:26:43 +0530] "GET /admin/Scripts/AC_RunActiveContent.js HTTP/1.1" 404 234 "-" "Mozilla/5.0 (Windows NT 6.1; WOW64) AppleWebKit/534+ (KHTML, like Gecko) BingPreview/1.0b"
199.30.25.119 - - [15/Jun/2017:04:26:43 +0530] "GET /js/base64_encode.js HTTP/1.1" 200 3002 "-" "Mozilla/5.0 (Windows NT 6.1; WOW64) AppleWebKit/534+ (KHTML, like Gecko) BingPreview/1.0b"
199.30.24.26 - - [15/Jun/2017:04:26:44 +0530] "GET /admin/js/index_validation.js HTTP/1.1" 200 1988 "-" "Mozilla/5.0 (Windows NT 6.1; WOW64) AppleWebKit/534+ (KHTML, like Gecko) BingPreview/1.0b"
199.30.25.119 - - [15/Jun/2017:04:26:45 +0530] "GET /admin/js/ajax_client.js HTTP/1.1" 200 22793 "-" "Mozilla/5.0 (Windows NT 6.1; WOW64) AppleWebKit/534+ (KHTML, like Gecko) BingPreview/1.0b"
199.30.24.4 - - [15/Jun/2017:04:26:46 +0530] "GET /admin/ncdma.css HTTP/1.1" 404 213 "-" "Mozilla/5.0 (Windows NT 6.1; WOW64) AppleWebKit/534+ (KHTML, like Gecko) BingPreview/1.0b"
199.30.25.200 - - [15/Jun/2017:04:26:46 +0530] "GET /includes/CaptchaSecurityImages.php?width=80&height=30&characters=5 HTTP/1.1" 200 2153 "-" "Mozilla/5.0 (Windows NT 6.1; WOW64) AppleWebKit/534+ (KHTML, like Gecko) BingPreview/1.0b"
66.249.75.207 - - [15/Jun/2017:04:29:24 +0530] "GET /project_details_view.php?id=1098&oid=&page=54&reporttype= HTTP/1.1" 200 13918 "-" "Mozilla/5.0 (compatible; Googlebot/2.1; +http://www.google.com/bot.html)"
37.19.3.26 - - [15/Jun/2017:04:29:38 +0530] "GET /project_details_view.php?id=1945&amp;oid=&amp;page=8&amp;reporttype= HTTP/1.1" 200 14661 "-" "Mozilla/4.0 (compatible; MSIE 7.0; Windows NT 6.1; WOW64; Trident/7.0; SLCC2; .NET CLR 2.0.50727; .NET4.0C; .NET4.0E)"
66.249.75.211 - - [15/Jun/2017:04:34:34 +0530] "GET /project_details_view.php?id=1084 HTTP/1.1" 200 15330 "-" "Mozilla/5.0 (compatible; Googlebot/2.1; +http://www.google.com/bot.html)"
5.196.87.172 - - [15/Jun/2017:04:35:46 +0530] "GET /images/NCDMA%20PCN%20Format%2017072009.doc HTTP/1.1" 200 114176 "-" "Mozilla/5.0 (compatible; AhrefsBot/5.2; +http://ahrefs.com/robot/)"
40.77.167.78 - - [15/Jun/2017:04:36:56 +0530] "GET /project_details_view.php?id=961 HTTP/1.1" 200 14400 "-" "Mozilla/5.0 (compatible; bingbot/2.0; +http://www.bing.com/bingbot.htm)"
66.249.75.207 - - [15/Jun/2017:04:39:44 +0530] "GET /project_details_view.php?id=1839&oid=&page=6&reporttype= HTTP/1.1" 200 14071 "-" "Mozilla/5.0 (compatible; Googlebot/2.1; +http://www.google.com/bot.html)"
54.172.241.121 - - [15/Jun/2017:04:43:39 +0530] "GET /robots.txt HTTP/1.1" 404 208 "-" "ltx71 - (http://ltx71.com/)"
54.172.241.121 - - [15/Jun/2017:04:44:29 +0530] "GET / HTTP/1.1" 200 19482 "-" "ltx71 - (http://ltx71.com/)"
202.46.53.41 - - [15/Jun/2017:04:45:35 +0530] "GET /project_details_view.php?id=392 HTTP/1.1" 200 13957 "-" "Mozilla/5.0 (Windows NT 10.0; WOW64) AppleWebKit/537.36 (KHTML, like Gecko) Chrome/45.0.2454.93 Safari/537.36"
54.172.241.121 - - [15/Jun/2017:04:45:43 +0530] "GET / HTTP/1.1" 200 19482 "-" "ltx71 - (http://ltx71.com/)"
54.172.241.121 - - [15/Jun/2017:04:46:02 +0530] "GET /news_more.php HTTP/1.1" 200 21063 "-" "ltx71 - (http://ltx71.com/)"
207.46.13.141 - - [15/Jun/2017:04:46:24 +0530] "GET /downloads/New%20PCN.doc HTTP/1.1" 200 435200 "-" "Mozilla/5.0 (compatible; bingbot/2.0; +http://www.bing.com/bingbot.htm)"
54.172.241.121 - - [15/Jun/2017:04:46:56 +0530] "GET /sitemap.php HTTP/1.1" 200 18471 "-" "ltx71 - (http://ltx71.com/)"
35.184.189.105 - - [15/Jun/2017:04:47:21 +0530] "GET /robots.txt HTTP/1.1" 404 208 "-" "ltx71 - (http://ltx71.com/)"
207.46.13.141 - - [15/Jun/2017:04:50:11 +0530] "GET /project_details_view.php?id=392 HTTP/1.1" 200 13957 "-" "Mozilla/5.0 (compatible; bingbot/2.0; +http://www.bing.com/bingbot.htm)"
66.249.75.207 - - [15/Jun/2017:04:50:14 +0530] "GET /project_details_view_report.php?id=98 HTTP/1.1" 200 13205 "-" "Mozilla/5.0 (compatible; Googlebot/2.1; +http://www.google.com/bot.html)"
66.249.75.211 - - [15/Jun/2017:04:50:16 +0530] "GET /future_projects.php HTTP/1.1" 302 26212 "-" "Mozilla/5.0 (Linux; Android 6.0.1; Nexus 5X Build/MMB29P) AppleWebKit/537.36 (KHTML, like Gecko) Chrome/41.0.2272.96 Mobile Safari/537.36 (compatible; Googlebot/2.1; +http://www.google.com/bot.html)"
66.249.75.211 - - [15/Jun/2017:04:50:17 +0530] "GET /logout.php HTTP/1.1" 302 369 "-" "Mozilla/5.0 (Linux; Android 6.0.1; Nexus 5X Build/MMB29P) AppleWebKit/537.36 (KHTML, like Gecko) Chrome/41.0.2272.96 Mobile Safari/537.36 (compatible; Googlebot/2.1; +http://www.google.com/bot.html)"
66.249.75.211 - - [15/Jun/2017:04:50:18 +0530] "GET /index.php HTTP/1.1" 200 19482 "-" "Mozilla/5.0 (Linux; Android 6.0.1; Nexus 5X Build/MMB29P) AppleWebKit/537.36 (KHTML, like Gecko) Chrome/41.0.2272.96 Mobile Safari/537.36 (compatible; Googlebot/2.1; +http://www.google.com/bot.html)"
66.249.75.207 - - [15/Jun/2017:04:51:03 +0530] "GET /reports_list_details.php?id=tubkayrstf&reporttype=&page=203 HTTP/1.1" 200 22228 "-" "Mozilla/5.0 (compatible; Googlebot/2.1; +http://www.google.com/bot.html)"
199.30.25.21 - - [15/Jun/2017:04:55:53 +0530] "GET /Scripts/AC_RunActiveContent.js HTTP/1.1" 200 8321 "-" "Mozilla/5.0 (iPhone; CPU iPhone OS 7_0 like Mac OS X) AppleWebKit/537.51.1 (KHTML, like Gecko) Version/7.0 Mobile/11A465 Safari/9537.53 BingPreview/1.0b"
65.55.210.130 - - [15/Jun/2017:04:55:55 +0530] "GET /ncdma.css HTTP/1.1" 200 12640 "-" "Mozilla/5.0 (iPhone; CPU iPhone OS 7_0 like Mac OS X) AppleWebKit/537.51.1 (KHTML, like Gecko) Version/7.0 Mobile/11A465 Safari/9537.53 BingPreview/1.0b"
40.77.167.73 - - [15/Jun/2017:04:58:10 +0530] "GET /constitution.php HTTP/1.1" 200 23671 "-" "Mozilla/5.0 (compatible; bingbot/2.0; +http://www.bing.com/bingbot.htm)"
66.249.75.211 - - [15/Jun/2017:04:59:58 +0530] "GET /project_details_view_report.php?id=408 HTTP/1.1" 200 13190 "-" "Mozilla/5.0 (compatible; Googlebot/2.1; +http://www.google.com/bot.html)"
54.172.241.121 - - [15/Jun/2017:05:01:11 +0530] "GET /robots.txt HTTP/1.1" 404 208 "-" "ltx71 - (http://ltx71.com/)"
54.172.241.121 - - [15/Jun/2017:05:02:39 +0530] "GET /index.php HTTP/1.1" 200 19482 "-" "ltx71 - (http://ltx71.com/)"
54.172.241.121 - - [15/Jun/2017:05:03:01 +0530] "GET /aboutus.php HTTP/1.1" 200 19599 "-" "ltx71 - (http://ltx71.com/)"
40.77.167.73 - - [15/Jun/2017:05:04:52 +0530] "GET /downloads/Template_sharing%202Percent.doc HTTP/1.1" 200 73728 "-" "Mozilla/5.0 (compatible; bingbot/2.0; +http://www.bing.com/bingbot.htm)"
66.249.75.211 - - [15/Jun/2017:05:05:10 +0530] "GET /project_details_view_report.php?id=1020 HTTP/1.1" 200 13221 "-" "Mozilla/5.0 (Linux; Android 6.0.1; Nexus 5X Build/MMB29P) AppleWebKit/537.36 (KHTML, like Gecko) Chrome/41.0.2272.96 Mobile Safari/537.36 (compatible; Googlebot/2.1; +http://www.google.com/bot.html)"
157.55.39.208 - - [15/Jun/2017:05:05:41 +0530] "GET /news_more.php HTTP/1.1" 200 21063 "-" "Mozilla/5.0 (compatible; bingbot/2.0; +http://www.bing.com/bingbot.htm)"
202.46.48.130 - - [15/Jun/2017:05:06:42 +0530] "GET /project_details_view_report.php?id=1830 HTTP/1.1" 200 13206 "-" "Mozilla/5.0 (Windows NT 10.0; WOW64) AppleWebKit/537.36 (KHTML, like Gecko) Chrome/45.0.2454.93 Safari/537.36"
40.77.167.78 - - [15/Jun/2017:05:08:00 +0530] "GET /project_details_view.php?id=1547 HTTP/1.1" 200 13907 "-" "Mozilla/5.0 (iPhone; CPU iPhone OS 7_0 like Mac OS X) AppleWebKit/537.51.1 (KHTML, like Gecko) Version/7.0 Mobile/11A465 Safari/9537.53 (compatible; bingbot/2.0; +http://www.bing.com/bingbot.htm)"
40.77.167.78 - - [15/Jun/2017:05:08:54 +0530] "GET /admin/images/loginbg.jpg HTTP/1.1" 200 11936 "-" "Mozilla/5.0 (iPhone; CPU iPhone OS 7_0 like Mac OS X) AppleWebKit/537.51.1 (KHTML, like Gecko) Version/7.0 Mobile/11A465 Safari/9537.53 (compatible; bingbot/2.0; +http://www.bing.com/bingbot.htm)"
207.46.13.141 - - [15/Jun/2017:05:08:59 +0530] "GET /admin/images/fbg.jpg HTTP/1.1" 200 325 "-" "Mozilla/5.0 (iPhone; CPU iPhone OS 7_0 like Mac OS X) AppleWebKit/537.51.1 (KHTML, like Gecko) Version/7.0 Mobile/11A465 Safari/9537.53 (compatible; bingbot/2.0; +http://www.bing.com/bingbot.htm)"
207.46.13.141 - - [15/Jun/2017:05:08:59 +0530] "GET /admin/images/img3.jpg HTTP/1.1" 200 26957 "-" "Mozilla/5.0 (iPhone; CPU iPhone OS 7_0 like Mac OS X) AppleWebKit/537.51.1 (KHTML, like Gecko) Version/7.0 Mobile/11A465 Safari/9537.53 (compatible; bingbot/2.0; +http://www.bing.com/bingbot.htm)"
54.172.241.121 - - [15/Jun/2017:05:09:01 +0530] "GET /robots.txt HTTP/1.1" 404 208 "-" "ltx71 - (http://ltx71.com/)"
157.55.39.208 - - [15/Jun/2017:05:09:04 +0530] "GET /admin/images/img2.jpg HTTP/1.1" 200 16276 "-" "Mozilla/5.0 (iPhone; CPU iPhone OS 7_0 like Mac OS X) AppleWebKit/537.51.1 (KHTML, like Gecko) Version/7.0 Mobile/11A465 Safari/9537.53 (compatible; bingbot/2.0; +http://www.bing.com/bingbot.htm)"
40.77.167.73 - - [15/Jun/2017:05:09:08 +0530] "GET /admin/images/img1.jpg HTTP/1.1" 200 1251 "-" "Mozilla/5.0 (iPhone; CPU iPhone OS 7_0 like Mac OS X) AppleWebKit/537.51.1 (KHTML, like Gecko) Version/7.0 Mobile/11A465 Safari/9537.53 (compatible; bingbot/2.0; +http://www.bing.com/bingbot.htm)"
66.249.75.209 - - [15/Jun/2017:05:09:42 +0530] "GET /project_details_view.php?id=754&oid=&page=60&reporttype= HTTP/1.1" 200 14248 "-" "Mozilla/5.0 (compatible; Googlebot/2.1; +http://www.google.com/bot.html)"
35.184.189.105 - - [15/Jun/2017:05:09:51 +0530] "GET /robots.txt HTTP/1.1" 404 208 "-" "ltx71 - (http://ltx71.com/)"
54.172.241.121 - - [15/Jun/2017:05:11:04 +0530] "GET /downloads/New%20PCN.doc HTTP/1.1" 200 435200 "-" "ltx71 - (http://ltx71.com/)"
80.241.218.168 - - [15/Jun/2017:05:11:13 +0530] "GET /project_details_view.php?id=2152 HTTP/1.1" 200 15123 "http://www.cdmindia.gov.in/project_details_view.php?id=2152" "Mozilla/5.0 (Windows; U; Windows NT 5.1; pt-PT; rv:1.9.1.2) Gecko/20090729 Firefox/3.5.2 (.NET CLR 3.5.30729)"
80.241.218.168 - - [15/Jun/2017:05:11:14 +0530] "GET /project_details_view.php?id=2152'A=0 HTTP/1.1" 200 11452 "http://www.cdmindia.gov.in/project_details_view.php?id=2152'A=0" "Mozilla/5.0 (Windows; U; Windows NT 5.1; pt-PT; rv:1.9.1.2) Gecko/20090729 Firefox/3.5.2 (.NET CLR 3.5.30729)"
35.184.189.105 - - [15/Jun/2017:05:12:13 +0530] "GET /reports_new.php?n=1 HTTP/1.1" 200 22413 "-" "ltx71 - (http://ltx71.com/)"
54.172.241.121 - - [15/Jun/2017:05:16:29 +0530] "GET /robots.txt HTTP/1.1" 404 208 "-" "ltx71 - (http://ltx71.com/)"
40.77.167.73 - - [15/Jun/2017:05:18:19 +0530] "GET /downloads/Template_sharing%202Percent.doc HTTP/1.1" 200 73728 "-" "Mozilla/5.0 (compatible; bingbot/2.0; +http://www.bing.com/bingbot.htm)"
66.249.75.207 - - [15/Jun/2017:05:19:26 +0530] "GET /project_details_view.php?id=1084 HTTP/1.1" 200 15330 "-" "Mozilla/5.0 (compatible; Googlebot/2.1; +http://www.google.com/bot.html)"
40.77.167.73 - - [15/Jun/2017:05:21:27 +0530] "GET /sitemap.php HTTP/1.1" 200 18471 "-" "Mozilla/5.0 (compatible; bingbot/2.0; +http://www.bing.com/bingbot.htm)"
35.184.189.105 - - [15/Jun/2017:05:25:57 +0530] "GET /robots.txt HTTP/1.1" 404 208 "-" "ltx71 - (http://ltx71.com/)"
54.172.241.121 - - [15/Jun/2017:05:26:26 +0530] "GET /robots.txt HTTP/1.1" 404 208 "-" "ltx71 - (http://ltx71.com/)"
202.46.58.166 - - [15/Jun/2017:05:27:48 +0530] "GET /project_details_view_report.php?id=467 HTTP/1.1" 200 13288 "-" "Mozilla/5.0 (Windows NT 10.0; WOW64) AppleWebKit/537.36 (KHTML, like Gecko) Chrome/45.0.2454.93 Safari/537.36"
66.249.75.207 - - [15/Jun/2017:05:28:50 +0530] "GET /approval_process.php HTTP/1.1" 200 25914 "-" "Mozilla/5.0 (Linux; Android 6.0.1; Nexus 5X Build/MMB29P) AppleWebKit/537.36 (KHTML, like Gecko) Chrome/41.0.2272.96 Mobile Safari/537.36 (compatible; Googlebot/2.1; +http://www.google.com/bot.html)"
66.249.75.207 - - [15/Jun/2017:05:29:09 +0530] "GET / HTTP/1.1" 200 19482 "-" "Mozilla/5.0 (Linux; Android 6.0.1; Nexus 5X Build/MMB29P) AppleWebKit/537.36 (KHTML, like Gecko) Chrome/41.0.2272.96 Mobile Safari/537.36 (compatible; Googlebot/2.1; +http://www.google.com/bot.html)"
40.77.167.73 - - [15/Jun/2017:05:34:10 +0530] "GET /imp_links.php HTTP/1.1" 200 17836 "-" "Mozilla/5.0 (compatible; bingbot/2.0; +http://www.bing.com/bingbot.htm)"
40.77.167.73 - - [15/Jun/2017:05:38:56 +0530] "GET /constitution.php HTTP/1.1" 200 23671 "-" "Mozilla/5.0 (compatible; bingbot/2.0; +http://www.bing.com/bingbot.htm)"
54.172.241.121 - - [15/Jun/2017:05:42:05 +0530] "GET /robots.txt HTTP/1.1" 404 208 "-" "ltx71 - (http://ltx71.com/)"
207.46.13.141 - - [15/Jun/2017:05:46:55 +0530] "GET /downloads/Comparision%20of%20PCN_30.03.doc HTTP/1.1" 200 49664 "-" "Mozilla/5.0 (compatible; bingbot/2.0; +http://www.bing.com/bingbot.htm)"
66.249.75.209 - - [15/Jun/2017:05:48:37 +0530] "GET /project_details_view_report.php?id=1414 HTTP/1.1" 200 13159 "-" "Mozilla/5.0 (compatible; Googlebot/2.1; +http://www.google.com/bot.html)"
202.46.54.137 - - [15/Jun/2017:05:48:55 +0530] "GET /project_details_view.php?id=744 HTTP/1.1" 200 14071 "-" "Mozilla/5.0 (Windows NT 10.0; WOW64) AppleWebKit/537.36 (KHTML, like Gecko) Chrome/45.0.2454.93 Safari/537.36"
191.112.93.49 - - [15/Jun/2017:05:49:11 +0530] "GET /wp-login.php HTTP/1.1" 404 210 "-" "Mozilla/5.0 (Windows NT 6.1; WOW64; rv:40.0) Gecko/20100101 Firefox/40.1"
191.112.93.49 - - [15/Jun/2017:05:49:12 +0530] "GET / HTTP/1.1" 200 19482 "-" "Mozilla/5.0 (Windows NT 6.1; WOW64; rv:40.0) Gecko/20100101 Firefox/40.1"
54.172.241.121 - - [15/Jun/2017:05:49:56 +0530] "GET /robots.txt HTTP/1.1" 404 208 "-" "ltx71 - (http://ltx71.com/)"
35.184.189.105 - - [15/Jun/2017:05:54:47 +0530] "GET /robots.txt HTTP/1.1" 404 208 "-" "ltx71 - (http://ltx71.com/)"
66.249.75.207 - - [15/Jun/2017:05:58:21 +0530] "GET /project_details_view.php?id=683 HTTP/1.1" 200 13968 "-" "Mozilla/5.0 (compatible; Googlebot/2.1; +http://www.google.com/bot.html)"
35.184.189.105 - - [15/Jun/2017:06:03:29 +0530] "GET /robots.txt HTTP/1.1" 404 208 "-" "ltx71 - (http://ltx71.com/)"
35.184.189.105 - - [15/Jun/2017:06:05:21 +0530] "GET /registration.php HTTP/1.1" 302 28531 "-" "ltx71 - (http://ltx71.com/)"
66.249.75.209 - - [15/Jun/2017:06:06:30 +0530] "GET /capacity_building.php HTTP/1.1" 200 19188 "-" "Mozilla/5.0 (Linux; Android 6.0.1; Nexus 5X Build/MMB29P) AppleWebKit/537.36 (KHTML, like Gecko) Chrome/41.0.2272.96 Mobile Safari/537.36 (compatible; Googlebot/2.1; +http://www.google.com/bot.html)"
40.77.167.78 - - [15/Jun/2017:06:07:01 +0530] "GET /contactus.php HTTP/1.1" 200 18294 "-" "Mozilla/5.0 (compatible; bingbot/2.0; +http://www.bing.com/bingbot.htm)"
66.249.75.209 - - [15/Jun/2017:06:07:36 +0530] "GET /reports_list_details.php?id=tubkayrstf&reporttype=&page=196 HTTP/1.1" 200 22646 "-" "Mozilla/5.0 (compatible; Googlebot/2.1; +http://www.google.com/bot.html)"
66.249.75.211 - - [15/Jun/2017:06:08:05 +0530] "GET /project_details_view_report.php?id=1088 HTTP/1.1" 200 13179 "-" "Mozilla/5.0 (compatible; Googlebot/2.1; +http://www.google.com/bot.html)"
202.46.48.196 - - [15/Jun/2017:06:10:02 +0530] "GET /project_details_view_report.php?id=786 HTTP/1.1" 200 13240 "-" "Mozilla/5.0 (Windows NT 10.0; WOW64) AppleWebKit/537.36 (KHTML, like Gecko) Chrome/45.0.2454.93 Safari/537.36"
37.142.201.220 - - [15/Jun/2017:06:12:27 +0530] "GET /wp-login.php HTTP/1.1" 404 210 "-" "Mozilla/5.0 (Windows NT 6.1; WOW64; rv:40.0) Gecko/20100101 Firefox/40.1"
37.142.201.220 - - [15/Jun/2017:06:12:27 +0530] "GET / HTTP/1.1" 200 19482 "-" "Mozilla/5.0 (Windows NT 6.1; WOW64; rv:40.0) Gecko/20100101 Firefox/40.1"
35.184.189.105 - - [15/Jun/2017:06:12:42 +0530] "GET /robots.txt HTTP/1.1" 404 208 "-" "ltx71 - (http://ltx71.com/)"
40.77.167.78 - - [15/Jun/2017:06:13:28 +0530] "GET /registration.php HTTP/1.1" 302 28531 "-" "Mozilla/5.0 (compatible; bingbot/2.0; +http://www.bing.com/bingbot.htm)"
40.77.167.78 - - [15/Jun/2017:06:13:29 +0530] "GET /logout.php HTTP/1.1" 302 369 "-" "Mozilla/5.0 (compatible; bingbot/2.0; +http://www.bing.com/bingbot.htm)"
40.77.167.78 - - [15/Jun/2017:06:13:30 +0530] "GET /index.php HTTP/1.1" 200 19482 "-" "Mozilla/5.0 (compatible; bingbot/2.0; +http://www.bing.com/bingbot.htm)"
40.77.167.78 - - [15/Jun/2017:06:17:38 +0530] "GET /registration.php HTTP/1.1" 302 28531 "-" "Mozilla/5.0 (compatible; bingbot/2.0; +http://www.bing.com/bingbot.htm)"
40.77.167.78 - - [15/Jun/2017:06:17:40 +0530] "GET /logout.php HTTP/1.1" 302 369 "-" "Mozilla/5.0 (compatible; bingbot/2.0; +http://www.bing.com/bingbot.htm)"
40.77.167.78 - - [15/Jun/2017:06:17:40 +0530] "GET /index.php HTTP/1.1" 200 19482 "-" "Mozilla/5.0 (compatible; bingbot/2.0; +http://www.bing.com/bingbot.htm)"
66.249.75.211 - - [15/Jun/2017:06:17:48 +0530] "GET /project_details_view.php?id=1351&oid=1&page=32&reporttype=1 HTTP/1.1" 200 14182 "-" "Mozilla/5.0 (compatible; Googlebot/2.1; +http://www.google.com/bot.html)"
35.184.189.105 - - [15/Jun/2017:06:20:43 +0530] "GET /robots.txt HTTP/1.1" 404 208 "-" "ltx71 - (http://ltx71.com/)"
42.236.99.130 - - [15/Jun/2017:06:21:14 +0530] "GET / HTTP/1.1" 200 19482 "http://www.cdmindia.gov.in/" "Mozilla/5.0 (Windows NT 6.1; WOW64) AppleWebKit/537.36 (KHTML, like Gecko) Chrome/50.0.2661.102 Safari/537.36; 360Spider"
35.184.189.105 - - [15/Jun/2017:06:21:18 +0530] "GET /future_projects.php HTTP/1.1" 302 26212 "-" "ltx71 - (http://ltx71.com/)"
66.249.75.207 - - [15/Jun/2017:06:27:32 +0530] "GET /project_details_view.php?id=1584&oid=&page=15&reporttype= HTTP/1.1" 200 14975 "-" "Mozilla/5.0 (compatible; Googlebot/2.1; +http://www.google.com/bot.html)"
202.46.48.92 - - [15/Jun/2017:06:31:09 +0530] "GET /project_details_view_report.php?id=655 HTTP/1.1" 200 13181 "-" "Mozilla/5.0 (Windows NT 10.0; WOW64) AppleWebKit/537.36 (KHTML, like Gecko) Chrome/45.0.2454.93 Safari/537.36"
220.181.108.122 - - [15/Jun/2017:06:36:46 +0530] "GET / HTTP/1.1" 200 19482 "-" "Mozilla/5.0 (compatible; Baiduspider/2.0; +http://www.baidu.com/search/spider.html)"
66.249.75.207 - - [15/Jun/2017:06:37:16 +0530] "GET /project_details_view.php?id=1019 HTTP/1.1" 200 13806 "-" "Mozilla/5.0 (compatible; Googlebot/2.1; +http://www.google.com/bot.html)"
40.77.167.78 - - [15/Jun/2017:06:37:27 +0530] "GET /approval_process.php HTTP/1.1" 200 25914 "-" "Mozilla/5.0 (compatible; bingbot/2.0; +http://www.bing.com/bingbot.htm)"
223.180.17.93 - - [15/Jun/2017:06:39:44 +0530] "GET /project_details_view.php?id=1143 HTTP/1.1" 200 14468 "https://www.google.co.in/" "Mozilla/5.0 (iPhone; CPU iPhone OS 10_3_2 like Mac OS X) AppleWebKit/603.2.4 (KHTML, like Gecko) Version/10.0 Mobile/14F89 Safari/602.1"
223.180.17.93 - - [15/Jun/2017:06:39:44 +0530] "GET /includes/ncdma.css HTTP/1.1" 200 13023 "http://www.cdmindia.gov.in/project_details_view.php?id=1143" "Mozilla/5.0 (iPhone; CPU iPhone OS 10_3_2 like Mac OS X) AppleWebKit/603.2.4 (KHTML, like Gecko) Version/10.0 Mobile/14F89 Safari/602.1"
223.180.17.93 - - [15/Jun/2017:06:39:44 +0530] "GET /ncdma.css HTTP/1.1" 200 12640 "http://www.cdmindia.gov.in/project_details_view.php?id=1143" "Mozilla/5.0 (iPhone; CPU iPhone OS 10_3_2 like Mac OS X) AppleWebKit/603.2.4 (KHTML, like Gecko) Version/10.0 Mobile/14F89 Safari/602.1"
223.180.17.93 - - [15/Jun/2017:06:39:44 +0530] "GET /Scripts/AC_RunActiveContent.js HTTP/1.1" 200 8321 "http://www.cdmindia.gov.in/project_details_view.php?id=1143" "Mozilla/5.0 (iPhone; CPU iPhone OS 10_3_2 like Mac OS X) AppleWebKit/603.2.4 (KHTML, like Gecko) Version/10.0 Mobile/14F89 Safari/602.1"
223.180.17.93 - - [15/Jun/2017:06:39:44 +0530] "GET /images/img2.jpg HTTP/1.1" 200 16276 "http://www.cdmindia.gov.in/project_details_view.php?id=1143" "Mozilla/5.0 (iPhone; CPU iPhone OS 10_3_2 like Mac OS X) AppleWebKit/603.2.4 (KHTML, like Gecko) Version/10.0 Mobile/14F89 Safari/602.1"
223.180.17.93 - - [15/Jun/2017:06:39:44 +0530] "GET /images/spacer.gif HTTP/1.1" 200 43 "http://www.cdmindia.gov.in/project_details_view.php?id=1143" "Mozilla/5.0 (iPhone; CPU iPhone OS 10_3_2 like Mac OS X) AppleWebKit/603.2.4 (KHTML, like Gecko) Version/10.0 Mobile/14F89 Safari/602.1"
223.180.17.93 - - [15/Jun/2017:06:39:44 +0530] "GET /images/bullet1.gif HTTP/1.1" 200 67 "http://www.cdmindia.gov.in/project_details_view.php?id=1143" "Mozilla/5.0 (iPhone; CPU iPhone OS 10_3_2 like Mac OS X) AppleWebKit/603.2.4 (KHTML, like Gecko) Version/10.0 Mobile/14F89 Safari/602.1"
223.180.17.93 - - [15/Jun/2017:06:39:44 +0530] "GET /images/bulllet2.gif HTTP/1.1" 200 58 "http://www.cdmindia.gov.in/project_details_view.php?id=1143" "Mozilla/5.0 (iPhone; CPU iPhone OS 10_3_2 like Mac OS X) AppleWebKit/603.2.4 (KHTML, like Gecko) Version/10.0 Mobile/14F89 Safari/602.1"
