111.93.251.186 - - [01/Jun/2017:10:14:04 +0530] "POST /approved_projects.php HTTP/1.1" 200 17799 "http://www.cdmindia.gov.in/approved_projects.php" "Mozilla/5.0 (Windows NT 10.0; Win64; x64) AppleWebKit/537.36 (KHTML, like Gecko) Chrome/58.0.3029.110 Safari/537.36"
66.249.66.209 - - [01/Jun/2017:10:14:08 +0530] "GET /project_details_view.php?id=230&oid=1&page=31&reporttype=1 HTTP/1.1" 200 17460 "-" "Mozilla/5.0 (compatible; Googlebot/2.1; +http://www.google.com/bot.html)"
111.93.251.186 - - [01/Jun/2017:10:14:16 +0530] "GET /Approved_proj_reports_list_details.php?id=1&reporttype=1&scale=&sdt=2005-01-01&edt=2017-05-29&exec= HTTP/1.1" 200 16449 "http://www.cdmindia.gov.in/approved_projects.php" "Mozilla/5.0 (Windows NT 10.0; Win64; x64) AppleWebKit/537.36 (KHTML, like Gecko) Chrome/58.0.3029.110 Safari/537.36"
111.93.251.186 - - [01/Jun/2017:10:14:26 +0530] "GET /Approved_proj_reports_list_details.php?id=1&reporttype=1&scale=&sdt=2005-01-01&edt=2017-05-29&exec=&page=6 HTTP/1.1" 200 17534 "http://www.cdmindia.gov.in/Approved_proj_reports_list_details.php?id=1&reporttype=1&scale=&sdt=2005-01-01&edt=2017-05-29&exec=" "Mozilla/5.0 (Windows NT 10.0; Win64; x64) AppleWebKit/537.36 (KHTML, like Gecko) Chrome/58.0.3029.110 Safari/537.36"
111.93.251.186 - - [01/Jun/2017:10:14:31 +0530] "GET /Approved_proj_reports_list_details.php?id=1&reporttype=1&scale=&sdt=2005-01-01&edt=2017-05-29&exec=&page=9 HTTP/1.1" 200 17601 "http://www.cdmindia.gov.in/Approved_proj_reports_list_details.php?id=1&reporttype=1&scale=&sdt=2005-01-01&edt=2017-05-29&exec=&page=6" "Mozilla/5.0 (Windows NT 10.0; Win64; x64) AppleWebKit/537.36 (KHTML, like Gecko) Chrome/58.0.3029.110 Safari/537.36"
111.93.251.186 - - [01/Jun/2017:10:14:36 +0530] "GET /Approved_proj_reports_list_details.php?id=1&reporttype=1&scale=&sdt=2005-01-01&edt=2017-05-29&exec=&page=10 HTTP/1.1" 200 17612 "http://www.cdmindia.gov.in/Approved_proj_reports_list_details.php?id=1&reporttype=1&scale=&sdt=2005-01-01&edt=2017-05-29&exec=&page=9" "Mozilla/5.0 (Windows NT 10.0; Win64; x64) AppleWebKit/537.36 (KHTML, like Gecko) Chrome/58.0.3029.110 Safari/537.36"
111.93.251.186 - - [01/Jun/2017:10:14:40 +0530] "GET /Approved_proj_reports_list_details.php?id=1&reporttype=1&scale=&sdt=2005-01-01&edt=2017-05-29&exec=&page=11 HTTP/1.1" 200 17553 "http://www.cdmindia.gov.in/Approved_proj_reports_list_details.php?id=1&reporttype=1&scale=&sdt=2005-01-01&edt=2017-05-29&exec=&page=10" "Mozilla/5.0 (Windows NT 10.0; Win64; x64) AppleWebKit/537.36 (KHTML, like Gecko) Chrome/58.0.3029.110 Safari/537.36"
66.102.6.115 - - [01/Jun/2017:10:15:31 +0530] "GET /reports_list_details.php?id=Himachal%20Pradesh HTTP/1.1" 200 21373 "https://www.google.co.in/" "Mozilla/5.0 (Linux; Android 4.2.1; en-us; Nexus 5 Build/JOP40D) AppleWebKit/535.19 (KHTML, like Gecko; googleweblight) Chrome/38.0.1025.166 Mobile Safari/535.19"
66.102.6.111 - - [01/Jun/2017:10:15:33 +0530] "GET /images/bullet1.gif HTTP/1.1" 200 67 "http://www.cdmindia.gov.in/reports_list_details.php?id=Himachal%20Pradesh" "Mozilla/5.0 (Linux; Android 4.2.1; en-us; Nexus 5 Build/JOP40D) AppleWebKit/535.19 (KHTML, like Gecko; googleweblight) Chrome/38.0.1025.166 Mobile Safari/535.19"
66.102.6.111 - - [01/Jun/2017:10:15:33 +0530] "GET /images/bulllet2.gif HTTP/1.1" 200 58 "http://www.cdmindia.gov.in/reports_list_details.php?id=Himachal%20Pradesh" "Mozilla/5.0 (Linux; Android 4.2.1; en-us; Nexus 5 Build/JOP40D) AppleWebKit/535.19 (KHTML, like Gecko; googleweblight) Chrome/38.0.1025.166 Mobile Safari/535.19"
66.102.6.115 - - [01/Jun/2017:10:15:33 +0530] "GET /ncdma.css HTTP/1.1" 200 12640 "http://www.cdmindia.gov.in/reports_list_details.php?id=Himachal%20Pradesh" "Mozilla/5.0 (Linux; Android 4.2.1; en-us; Nexus 5 Build/JOP40D) AppleWebKit/535.19 (KHTML, like Gecko; googleweblight) Chrome/38.0.1025.166 Mobile Safari/535.19"
66.102.6.113 - - [01/Jun/2017:10:15:33 +0530] "GET /Scripts/AC_RunActiveContent.js HTTP/1.1" 200 8321 "http://www.cdmindia.gov.in/reports_list_details.php?id=Himachal%20Pradesh" "Mozilla/5.0 (Linux; Android 4.2.1; en-us; Nexus 5 Build/JOP40D) AppleWebKit/535.19 (KHTML, like Gecko; googleweblight) Chrome/38.0.1025.166 Mobile Safari/535.19"
66.102.6.111 - - [01/Jun/2017:10:15:33 +0530] "GET /images/spacer.gif HTTP/1.1" 200 43 "http://www.cdmindia.gov.in/reports_list_details.php?id=Himachal%20Pradesh" "Mozilla/5.0 (Linux; Android 4.2.1; en-us; Nexus 5 Build/JOP40D) AppleWebKit/535.19 (KHTML, like Gecko; googleweblight) Chrome/38.0.1025.166 Mobile Safari/535.19"
66.102.6.113 - - [01/Jun/2017:10:15:33 +0530] "GET /images/gtz.jpg HTTP/1.1" 200 15484 "http://www.cdmindia.gov.in/reports_list_details.php?id=Himachal%20Pradesh" "Mozilla/5.0 (Linux; Android 4.2.1; en-us; Nexus 5 Build/JOP40D) AppleWebKit/535.19 (KHTML, like Gecko; googleweblight) Chrome/38.0.1025.166 Mobile Safari/535.19"
66.102.6.115 - - [01/Jun/2017:10:15:33 +0530] "GET /images/img3.jpg HTTP/1.1" 200 26957 "http://www.cdmindia.gov.in/reports_list_details.php?id=Himachal%20Pradesh" "Mozilla/5.0 (Linux; Android 4.2.1; en-us; Nexus 5 Build/JOP40D) AppleWebKit/535.19 (KHTML, like Gecko; googleweblight) Chrome/38.0.1025.166 Mobile Safari/535.19"
66.102.6.111 - - [01/Jun/2017:10:15:33 +0530] "GET /js/user_registration.js HTTP/1.1" 200 26819 "http://www.cdmindia.gov.in/reports_list_details.php?id=Himachal%20Pradesh" "Mozilla/5.0 (Linux; Android 4.2.1; en-us; Nexus 5 Build/JOP40D) AppleWebKit/535.19 (KHTML, like Gecko; googleweblight) Chrome/38.0.1025.166 Mobile Safari/535.19"
66.249.83.19 - - [01/Jun/2017:10:15:33 +0530] "GET /images/bullet4.gif HTTP/1.1" 200 67 "http://www.cdmindia.gov.in/reports_list_details.php?id=Himachal%20Pradesh" "Mozilla/5.0 (Linux; Android 4.2.1; en-us; Nexus 5 Build/JOP40D) AppleWebKit/535.19 (KHTML, like Gecko; googleweblight) Chrome/38.0.1025.166 Mobile Safari/535.19"
66.249.88.141 - - [01/Jun/2017:10:15:33 +0530] "GET /images/fdm.jpg HTTP/1.1" 200 2043 "http://www.cdmindia.gov.in/reports_list_details.php?id=Himachal%20Pradesh" "Mozilla/5.0 (Linux; Android 4.2.1; en-us; Nexus 5 Build/JOP40D) AppleWebKit/535.19 (KHTML, like Gecko; googleweblight) Chrome/38.0.1025.166 Mobile Safari/535.19"
66.249.83.15 - - [01/Jun/2017:10:15:33 +0530] "GET /includes/ncdma.css HTTP/1.1" 200 13023 "http://www.cdmindia.gov.in/reports_list_details.php?id=Himachal%20Pradesh" "Mozilla/5.0 (Linux; Android 4.2.1; en-us; Nexus 5 Build/JOP40D) AppleWebKit/535.19 (KHTML, like Gecko; googleweblight) Chrome/38.0.1025.166 Mobile Safari/535.19"
66.249.83.19 - - [01/Jun/2017:10:15:33 +0530] "GET /images/img2.jpg HTTP/1.1" 200 16276 "http://www.cdmindia.gov.in/reports_list_details.php?id=Himachal%20Pradesh" "Mozilla/5.0 (Linux; Android 4.2.1; en-us; Nexus 5 Build/JOP40D) AppleWebKit/535.19 (KHTML, like Gecko; googleweblight) Chrome/38.0.1025.166 Mobile Safari/535.19"
66.102.6.111 - - [01/Jun/2017:10:15:34 +0530] "GET /images/img1.jpg HTTP/1.1" 200 1251 "http://www.cdmindia.gov.in/reports_list_details.php?id=Himachal%20Pradesh" "Mozilla/5.0 (Linux; Android 4.2.1; en-us; Nexus 5 Build/JOP40D) AppleWebKit/535.19 (KHTML, like Gecko; googleweblight) Chrome/38.0.1025.166 Mobile Safari/535.19"
66.249.88.141 - - [01/Jun/2017:10:15:34 +0530] "GET /images/fbg.jpg HTTP/1.1" 200 325 "http://www.cdmindia.gov.in/reports_list_details.php?id=Himachal%20Pradesh" "Mozilla/5.0 (Linux; Android 4.2.1; en-us; Nexus 5 Build/JOP40D) AppleWebKit/535.19 (KHTML, like Gecko; googleweblight) Chrome/38.0.1025.166 Mobile Safari/535.19"
117.225.238.68 - - [01/Jun/2017:10:17:40 +0530] "GET /project_details_view.php?id=388 HTTP/1.1" 200 15322 "https://www.google.co.in/" "Mozilla/5.0 (Linux; Android 4.4.2; Micromax A106 Build/KOT49H) AppleWebKit/537.36 (KHTML, like Gecko) Chrome/34.0.1847.114 Mobile Safari/537.36"
117.225.238.68 - - [01/Jun/2017:10:17:42 +0530] "GET /includes/ncdma.css HTTP/1.1" 200 13023 "http://www.cdmindia.gov.in/project_details_view.php?id=388" "Mozilla/5.0 (Linux; Android 4.4.2; Micromax A106 Build/KOT49H) AppleWebKit/537.36 (KHTML, like Gecko) Chrome/34.0.1847.114 Mobile Safari/537.36"
117.225.238.68 - - [01/Jun/2017:10:17:42 +0530] "GET /ncdma.css HTTP/1.1" 200 12640 "http://www.cdmindia.gov.in/project_details_view.php?id=388" "Mozilla/5.0 (Linux; Android 4.4.2; Micromax A106 Build/KOT49H) AppleWebKit/537.36 (KHTML, like Gecko) Chrome/34.0.1847.114 Mobile Safari/537.36"
117.225.238.68 - - [01/Jun/2017:10:17:42 +0530] "GET /Scripts/AC_RunActiveContent.js HTTP/1.1" 200 8321 "http://www.cdmindia.gov.in/project_details_view.php?id=388" "Mozilla/5.0 (Linux; Android 4.4.2; Micromax A106 Build/KOT49H) AppleWebKit/537.36 (KHTML, like Gecko) Chrome/34.0.1847.114 Mobile Safari/537.36"
117.225.238.68 - - [01/Jun/2017:10:17:42 +0530] "GET /images/img2.jpg HTTP/1.1" 200 16276 "http://www.cdmindia.gov.in/project_details_view.php?id=388" "Mozilla/5.0 (Linux; Android 4.4.2; Micromax A106 Build/KOT49H) AppleWebKit/537.36 (KHTML, like Gecko) Chrome/34.0.1847.114 Mobile Safari/537.36"
117.225.238.68 - - [01/Jun/2017:10:17:45 +0530] "GET /images/img3.jpg HTTP/1.1" 200 26957 "http://www.cdmindia.gov.in/project_details_view.php?id=388" "Mozilla/5.0 (Linux; Android 4.4.2; Micromax A106 Build/KOT49H) AppleWebKit/537.36 (KHTML, like Gecko) Chrome/34.0.1847.114 Mobile Safari/537.36"
117.225.238.68 - - [01/Jun/2017:10:17:49 +0530] "GET /images/spacer.gif HTTP/1.1" 200 43 "http://www.cdmindia.gov.in/project_details_view.php?id=388" "Mozilla/5.0 (Linux; Android 4.4.2; Micromax A106 Build/KOT49H) AppleWebKit/537.36 (KHTML, like Gecko) Chrome/34.0.1847.114 Mobile Safari/537.36"
117.225.238.68 - - [01/Jun/2017:10:17:49 +0530] "GET /images/bullet1.gif HTTP/1.1" 200 67 "http://www.cdmindia.gov.in/project_details_view.php?id=388" "Mozilla/5.0 (Linux; Android 4.4.2; Micromax A106 Build/KOT49H) AppleWebKit/537.36 (KHTML, like Gecko) Chrome/34.0.1847.114 Mobile Safari/537.36"
117.225.238.68 - - [01/Jun/2017:10:17:50 +0530] "GET /images/fdm.jpg HTTP/1.1" 200 2043 "http://www.cdmindia.gov.in/project_details_view.php?id=388" "Mozilla/5.0 (Linux; Android 4.4.2; Micromax A106 Build/KOT49H) AppleWebKit/537.36 (KHTML, like Gecko) Chrome/34.0.1847.114 Mobile Safari/537.36"
117.225.238.68 - - [01/Jun/2017:10:17:50 +0530] "GET /images/img1.jpg HTTP/1.1" 200 1251 "http://www.cdmindia.gov.in/project_details_view.php?id=388" "Mozilla/5.0 (Linux; Android 4.4.2; Micromax A106 Build/KOT49H) AppleWebKit/537.36 (KHTML, like Gecko) Chrome/34.0.1847.114 Mobile Safari/537.36"
117.225.238.68 - - [01/Jun/2017:10:17:51 +0530] "GET /images/bulllet2.gif HTTP/1.1" 200 58 "http://www.cdmindia.gov.in/project_details_view.php?id=388" "Mozilla/5.0 (Linux; Android 4.4.2; Micromax A106 Build/KOT49H) AppleWebKit/537.36 (KHTML, like Gecko) Chrome/34.0.1847.114 Mobile Safari/537.36"
117.225.238.68 - - [01/Jun/2017:10:17:51 +0530] "GET /images/bullet4.gif HTTP/1.1" 200 67 "http://www.cdmindia.gov.in/project_details_view.php?id=388" "Mozilla/5.0 (Linux; Android 4.4.2; Micromax A106 Build/KOT49H) AppleWebKit/537.36 (KHTML, like Gecko) Chrome/34.0.1847.114 Mobile Safari/537.36"
117.225.238.68 - - [01/Jun/2017:10:17:52 +0530] "GET /images/gtz.jpg HTTP/1.1" 200 15484 "http://www.cdmindia.gov.in/project_details_view.php?id=388" "Mozilla/5.0 (Linux; Android 4.4.2; Micromax A106 Build/KOT49H) AppleWebKit/537.36 (KHTML, like Gecko) Chrome/34.0.1847.114 Mobile Safari/537.36"
117.225.238.68 - - [01/Jun/2017:10:17:52 +0530] "GET /images/fbg.jpg HTTP/1.1" 200 325 "http://www.cdmindia.gov.in/project_details_view.php?id=388" "Mozilla/5.0 (Linux; Android 4.4.2; Micromax A106 Build/KOT49H) AppleWebKit/537.36 (KHTML, like Gecko) Chrome/34.0.1847.114 Mobile Safari/537.36"
117.225.238.68 - - [01/Jun/2017:10:17:57 +0530] "GET /favicon.ico HTTP/1.1" 200 1189 "-" "Mozilla/5.0 (Linux; Android 4.4.2; Micromax A106 Build/KOT49H) AppleWebKit/537.36 (KHTML, like Gecko) Chrome/34.0.1847.114 Mobile Safari/537.36"
199.30.24.128 - - [01/Jun/2017:10:18:48 +0530] "GET /images/bullet4.gif HTTP/1.1" 200 67 "http://cdmindia.gov.in/project_details_view.php?id=2081" "Mozilla/5.0 (iPhone; CPU iPhone OS 7_0 like Mac OS X) AppleWebKit/537.51.1 (KHTML, like Gecko) Version/7.0 Mobile/11A465 Safari/9537.53 BingPreview/1.0b"
103.78.221.2 - - [01/Jun/2017:10:19:57 +0530] "GET /project_details_view.php?id=426 HTTP/1.1" 200 14092 "https://www.google.co.in/" "Mozilla/5.0 (Windows NT 10.0; Win64; x64) AppleWebKit/537.36 (KHTML, like Gecko) Chrome/58.0.3029.110 Safari/537.36"
103.78.221.2 - - [01/Jun/2017:10:19:57 +0530] "GET /includes/ncdma.css HTTP/1.1" 200 13023 "http://www.cdmindia.gov.in/project_details_view.php?id=426" "Mozilla/5.0 (Windows NT 10.0; Win64; x64) AppleWebKit/537.36 (KHTML, like Gecko) Chrome/58.0.3029.110 Safari/537.36"
103.78.221.2 - - [01/Jun/2017:10:19:57 +0530] "GET /ncdma.css HTTP/1.1" 200 12640 "http://www.cdmindia.gov.in/project_details_view.php?id=426" "Mozilla/5.0 (Windows NT 10.0; Win64; x64) AppleWebKit/537.36 (KHTML, like Gecko) Chrome/58.0.3029.110 Safari/537.36"
103.78.221.2 - - [01/Jun/2017:10:19:57 +0530] "GET /Scripts/AC_RunActiveContent.js HTTP/1.1" 200 8321 "http://www.cdmindia.gov.in/project_details_view.php?id=426" "Mozilla/5.0 (Windows NT 10.0; Win64; x64) AppleWebKit/537.36 (KHTML, like Gecko) Chrome/58.0.3029.110 Safari/537.36"
103.78.221.2 - - [01/Jun/2017:10:19:57 +0530] "GET /images/spacer.gif HTTP/1.1" 200 43 "http://www.cdmindia.gov.in/project_details_view.php?id=426" "Mozilla/5.0 (Windows NT 10.0; Win64; x64) AppleWebKit/537.36 (KHTML, like Gecko) Chrome/58.0.3029.110 Safari/537.36"
103.78.221.2 - - [01/Jun/2017:10:19:57 +0530] "GET /images/bullet1.gif HTTP/1.1" 200 67 "http://www.cdmindia.gov.in/project_details_view.php?id=426" "Mozilla/5.0 (Windows NT 10.0; Win64; x64) AppleWebKit/537.36 (KHTML, like Gecko) Chrome/58.0.3029.110 Safari/537.36"
103.78.221.2 - - [01/Jun/2017:10:19:57 +0530] "GET /images/bulllet2.gif HTTP/1.1" 200 58 "http://www.cdmindia.gov.in/project_details_view.php?id=426" "Mozilla/5.0 (Windows NT 10.0; Win64; x64) AppleWebKit/537.36 (KHTML, like Gecko) Chrome/58.0.3029.110 Safari/537.36"
103.78.221.2 - - [01/Jun/2017:10:19:57 +0530] "GET /images/bullet4.gif HTTP/1.1" 200 67 "http://www.cdmindia.gov.in/project_details_view.php?id=426" "Mozilla/5.0 (Windows NT 10.0; Win64; x64) AppleWebKit/537.36 (KHTML, like Gecko) Chrome/58.0.3029.110 Safari/537.36"
103.78.221.2 - - [01/Jun/2017:10:19:57 +0530] "GET /images/img2.jpg HTTP/1.1" 200 16276 "http://www.cdmindia.gov.in/project_details_view.php?id=426" "Mozilla/5.0 (Windows NT 10.0; Win64; x64) AppleWebKit/537.36 (KHTML, like Gecko) Chrome/58.0.3029.110 Safari/537.36"
103.78.221.2 - - [01/Jun/2017:10:19:57 +0530] "GET /images/img3.jpg HTTP/1.1" 200 26957 "http://www.cdmindia.gov.in/project_details_view.php?id=426" "Mozilla/5.0 (Windows NT 10.0; Win64; x64) AppleWebKit/537.36 (KHTML, like Gecko) Chrome/58.0.3029.110 Safari/537.36"
103.78.221.2 - - [01/Jun/2017:10:19:57 +0530] "GET /images/img1.jpg HTTP/1.1" 200 1251 "http://www.cdmindia.gov.in/project_details_view.php?id=426" "Mozilla/5.0 (Windows NT 10.0; Win64; x64) AppleWebKit/537.36 (KHTML, like Gecko) Chrome/58.0.3029.110 Safari/537.36"
103.78.221.2 - - [01/Jun/2017:10:19:57 +0530] "GET /images/fdm.jpg HTTP/1.1" 200 2043 "http://www.cdmindia.gov.in/project_details_view.php?id=426" "Mozilla/5.0 (Windows NT 10.0; Win64; x64) AppleWebKit/537.36 (KHTML, like Gecko) Chrome/58.0.3029.110 Safari/537.36"
103.78.221.2 - - [01/Jun/2017:10:19:57 +0530] "GET /images/gtz.jpg HTTP/1.1" 200 15484 "http://www.cdmindia.gov.in/project_details_view.php?id=426" "Mozilla/5.0 (Windows NT 10.0; Win64; x64) AppleWebKit/537.36 (KHTML, like Gecko) Chrome/58.0.3029.110 Safari/537.36"
103.78.221.2 - - [01/Jun/2017:10:19:57 +0530] "GET /images/fbg.jpg HTTP/1.1" 200 325 "http://www.cdmindia.gov.in/project_details_view.php?id=426" "Mozilla/5.0 (Windows NT 10.0; Win64; x64) AppleWebKit/537.36 (KHTML, like Gecko) Chrome/58.0.3029.110 Safari/537.36"
103.78.221.2 - - [01/Jun/2017:10:19:58 +0530] "GET /favicon.ico HTTP/1.1" 200 1189 "http://www.cdmindia.gov.in/project_details_view.php?id=426" "Mozilla/5.0 (Windows NT 10.0; Win64; x64) AppleWebKit/537.36 (KHTML, like Gecko) Chrome/58.0.3029.110 Safari/537.36"
103.78.221.2 - - [01/Jun/2017:10:20:14 +0530] "GET /contactus.php HTTP/1.1" 200 18293 "http://www.cdmindia.gov.in/project_details_view.php?id=426" "Mozilla/5.0 (Windows NT 10.0; Win64; x64) AppleWebKit/537.36 (KHTML, like Gecko) Chrome/58.0.3029.110 Safari/537.36"
103.78.221.2 - - [01/Jun/2017:10:20:14 +0530] "GET /js/index_validations.js HTTP/1.1" 200 3143 "http://www.cdmindia.gov.in/contactus.php" "Mozilla/5.0 (Windows NT 10.0; Win64; x64) AppleWebKit/537.36 (KHTML, like Gecko) Chrome/58.0.3029.110 Safari/537.36"
103.78.221.2 - - [01/Jun/2017:10:20:14 +0530] "GET /images/h_contactus.jpg HTTP/1.1" 200 21787 "http://www.cdmindia.gov.in/contactus.php" "Mozilla/5.0 (Windows NT 10.0; Win64; x64) AppleWebKit/537.36 (KHTML, like Gecko) Chrome/58.0.3029.110 Safari/537.36"
103.78.221.2 - - [01/Jun/2017:10:20:15 +0530] "GET /images/login.jpg HTTP/1.1" 200 1044 "http://www.cdmindia.gov.in/contactus.php" "Mozilla/5.0 (Windows NT 10.0; Win64; x64) AppleWebKit/537.36 (KHTML, like Gecko) Chrome/58.0.3029.110 Safari/537.36"
103.78.221.2 - - [01/Jun/2017:10:20:15 +0530] "GET /images/login1.jpg HTTP/1.1" 200 618 "http://www.cdmindia.gov.in/contactus.php" "Mozilla/5.0 (Windows NT 10.0; Win64; x64) AppleWebKit/537.36 (KHTML, like Gecko) Chrome/58.0.3029.110 Safari/537.36"
103.78.221.2 - - [01/Jun/2017:10:20:15 +0530] "GET /images/bullet3.gif HTTP/1.1" 200 58 "http://www.cdmindia.gov.in/contactus.php" "Mozilla/5.0 (Windows NT 10.0; Win64; x64) AppleWebKit/537.36 (KHTML, like Gecko) Chrome/58.0.3029.110 Safari/537.36"
103.78.221.2 - - [01/Jun/2017:10:20:15 +0530] "GET /images/fe.jpg HTTP/1.1" 200 1429 "http://www.cdmindia.gov.in/contactus.php" "Mozilla/5.0 (Windows NT 10.0; Win64; x64) AppleWebKit/537.36 (KHTML, like Gecko) Chrome/58.0.3029.110 Safari/537.36"
103.78.221.2 - - [01/Jun/2017:10:20:21 +0530] "GET /project_details_view.php?id=426 HTTP/1.1" 200 14092 "https://www.google.co.in/" "Mozilla/5.0 (Windows NT 10.0; Win64; x64) AppleWebKit/537.36 (KHTML, like Gecko) Chrome/58.0.3029.110 Safari/537.36"
157.49.7.40 - - [01/Jun/2017:10:21:17 +0530] "GET /project_details_view_report.php?id=1817 HTTP/1.1" 200 13223 "-" "Mozilla/5.0 (Linux; U; Android 5.1.1; en-gb; Redmi Note 3 Build/LMY47V) AppleWebKit/537.36 (KHTML, like Gecko) Version/4.0 Chrome/46.0.2490.85 Mobile Safari/537.36 XiaoMi/MiuiBrowser/8.1.4"
117.200.190.107 - - [01/Jun/2017:10:21:42 +0530] "GET /project_details_view_report.php?id=1486 HTTP/1.1" 200 13167 "https://www.google.co.in/" "Mozilla/5.0 (Windows NT 5.1) AppleWebKit/537.36 (KHTML, like Gecko) Chrome/49.0.2623.112 Safari/537.36"
117.200.190.107 - - [01/Jun/2017:10:21:42 +0530] "GET /includes/ncdma.css HTTP/1.1" 200 13023 "http://www.cdmindia.gov.in/project_details_view_report.php?id=1486" "Mozilla/5.0 (Windows NT 5.1) AppleWebKit/537.36 (KHTML, like Gecko) Chrome/49.0.2623.112 Safari/537.36"
117.200.190.107 - - [01/Jun/2017:10:21:42 +0530] "GET /Scripts/AC_RunActiveContent.js HTTP/1.1" 200 8321 "http://www.cdmindia.gov.in/project_details_view_report.php?id=1486" "Mozilla/5.0 (Windows NT 5.1) AppleWebKit/537.36 (KHTML, like Gecko) Chrome/49.0.2623.112 Safari/537.36"
117.200.190.107 - - [01/Jun/2017:10:21:42 +0530] "GET /ncdma.css HTTP/1.1" 200 12640 "http://www.cdmindia.gov.in/project_details_view_report.php?id=1486" "Mozilla/5.0 (Windows NT 5.1) AppleWebKit/537.36 (KHTML, like Gecko) Chrome/49.0.2623.112 Safari/537.36"
117.200.190.107 - - [01/Jun/2017:10:21:42 +0530] "GET /images/img1.jpg HTTP/1.1" 200 1251 "http://www.cdmindia.gov.in/project_details_view_report.php?id=1486" "Mozilla/5.0 (Windows NT 5.1) AppleWebKit/537.36 (KHTML, like Gecko) Chrome/49.0.2623.112 Safari/537.36"
117.200.190.107 - - [01/Jun/2017:10:21:42 +0530] "GET /images/img2.jpg HTTP/1.1" 200 16276 "http://www.cdmindia.gov.in/project_details_view_report.php?id=1486" "Mozilla/5.0 (Windows NT 5.1) AppleWebKit/537.36 (KHTML, like Gecko) Chrome/49.0.2623.112 Safari/537.36"
117.200.190.107 - - [01/Jun/2017:10:21:42 +0530] "GET /images/spacer.gif HTTP/1.1" 200 43 "http://www.cdmindia.gov.in/project_details_view_report.php?id=1486" "Mozilla/5.0 (Windows NT 5.1) AppleWebKit/537.36 (KHTML, like Gecko) Chrome/49.0.2623.112 Safari/537.36"
117.200.190.107 - - [01/Jun/2017:10:21:42 +0530] "GET /images/bullet1.gif HTTP/1.1" 200 67 "http://www.cdmindia.gov.in/project_details_view_report.php?id=1486" "Mozilla/5.0 (Windows NT 5.1) AppleWebKit/537.36 (KHTML, like Gecko) Chrome/49.0.2623.112 Safari/537.36"
117.200.190.107 - - [01/Jun/2017:10:21:43 +0530] "GET /images/bulllet2.gif HTTP/1.1" 200 58 "http://www.cdmindia.gov.in/project_details_view_report.php?id=1486" "Mozilla/5.0 (Windows NT 5.1) AppleWebKit/537.36 (KHTML, like Gecko) Chrome/49.0.2623.112 Safari/537.36"
117.200.190.107 - - [01/Jun/2017:10:21:42 +0530] "GET /images/img3.jpg HTTP/1.1" 200 26957 "http://www.cdmindia.gov.in/project_details_view_report.php?id=1486" "Mozilla/5.0 (Windows NT 5.1) AppleWebKit/537.36 (KHTML, like Gecko) Chrome/49.0.2623.112 Safari/537.36"
117.200.190.107 - - [01/Jun/2017:10:21:43 +0530] "GET /images/bullet4.gif HTTP/1.1" 200 67 "http://www.cdmindia.gov.in/project_details_view_report.php?id=1486" "Mozilla/5.0 (Windows NT 5.1) AppleWebKit/537.36 (KHTML, like Gecko) Chrome/49.0.2623.112 Safari/537.36"
117.200.190.107 - - [01/Jun/2017:10:21:43 +0530] "GET /images/fdm.jpg HTTP/1.1" 200 2043 "http://www.cdmindia.gov.in/project_details_view_report.php?id=1486" "Mozilla/5.0 (Windows NT 5.1) AppleWebKit/537.36 (KHTML, like Gecko) Chrome/49.0.2623.112 Safari/537.36"
117.200.190.107 - - [01/Jun/2017:10:21:45 +0530] "GET /images/gtz.jpg HTTP/1.1" 200 15484 "http://www.cdmindia.gov.in/project_details_view_report.php?id=1486" "Mozilla/5.0 (Windows NT 5.1) AppleWebKit/537.36 (KHTML, like Gecko) Chrome/49.0.2623.112 Safari/537.36"
117.200.190.107 - - [01/Jun/2017:10:21:46 +0530] "GET /images/fbg.jpg HTTP/1.1" 200 325 "http://www.cdmindia.gov.in/project_details_view_report.php?id=1486" "Mozilla/5.0 (Windows NT 5.1) AppleWebKit/537.36 (KHTML, like Gecko) Chrome/49.0.2623.112 Safari/537.36"
117.200.190.107 - - [01/Jun/2017:10:21:47 +0530] "GET /favicon.ico HTTP/1.1" 200 1189 "http://www.cdmindia.gov.in/project_details_view_report.php?id=1486" "Mozilla/5.0 (Windows NT 5.1) AppleWebKit/537.36 (KHTML, like Gecko) Chrome/49.0.2623.112 Safari/537.36"
66.102.6.113 - - [01/Jun/2017:10:22:09 +0530] "GET /project_details_view_report.php?id=1539 HTTP/1.1" 200 13213 "-" "Mozilla/5.0 (Linux; Android 4.2.1; en-us; Nexus 5 Build/JOP40D) AppleWebKit/535.19 (KHTML, like Gecko; googleweblight) Chrome/38.0.1025.166 Mobile Safari/535.19"
66.102.7.133 - - [01/Jun/2017:10:22:10 +0530] "GET /project_details_view_report.php?id=1539 HTTP/1.1" 200 13213 "-" "Mozilla/5.0 (Linux; Android 4.2.1; en-us; Nexus 5 Build/JOP40D) AppleWebKit/535.19 (KHTML, like Gecko; googleweblight) Chrome/38.0.1025.166 Mobile Safari/535.19"
66.102.6.111 - - [01/Jun/2017:10:22:10 +0530] "GET /images/fdm.jpg HTTP/1.1" 200 2043 "http://www.cdmindia.gov.in/project_details_view_report.php?id=1539" "Mozilla/5.0 (Linux; Android 4.2.1; en-us; Nexus 5 Build/JOP40D) AppleWebKit/535.19 (KHTML, like Gecko; googleweblight) Chrome/38.0.1025.166 Mobile Safari/535.19"
66.102.6.111 - - [01/Jun/2017:10:22:10 +0530] "GET /images/bullet4.gif HTTP/1.1" 200 67 "http://www.cdmindia.gov.in/project_details_view_report.php?id=1539" "Mozilla/5.0 (Linux; Android 4.2.1; en-us; Nexus 5 Build/JOP40D) AppleWebKit/535.19 (KHTML, like Gecko; googleweblight) Chrome/38.0.1025.166 Mobile Safari/535.19"
66.102.6.111 - - [01/Jun/2017:10:22:10 +0530] "GET /Scripts/AC_RunActiveContent.js HTTP/1.1" 200 8321 "http://www.cdmindia.gov.in/project_details_view_report.php?id=1539" "Mozilla/5.0 (Linux; Android 4.2.1; en-us; Nexus 5 Build/JOP40D) AppleWebKit/535.19 (KHTML, like Gecko; googleweblight) Chrome/38.0.1025.166 Mobile Safari/535.19"
66.102.6.115 - - [01/Jun/2017:10:22:10 +0530] "GET /ncdma.css HTTP/1.1" 200 12640 "http://www.cdmindia.gov.in/project_details_view_report.php?id=1539" "Mozilla/5.0 (Linux; Android 4.2.1; en-us; Nexus 5 Build/JOP40D) AppleWebKit/535.19 (KHTML, like Gecko; googleweblight) Chrome/38.0.1025.166 Mobile Safari/535.19"
66.102.6.115 - - [01/Jun/2017:10:22:11 +0530] "GET /includes/ncdma.css HTTP/1.1" 200 13023 "http://www.cdmindia.gov.in/project_details_view_report.php?id=1539" "Mozilla/5.0 (Linux; Android 4.2.1; en-us; Nexus 5 Build/JOP40D) AppleWebKit/535.19 (KHTML, like Gecko; googleweblight) Chrome/38.0.1025.166 Mobile Safari/535.19"
66.102.6.113 - - [01/Jun/2017:10:22:11 +0530] "GET /images/bulllet2.gif HTTP/1.1" 200 58 "http://www.cdmindia.gov.in/project_details_view_report.php?id=1539" "Mozilla/5.0 (Linux; Android 4.2.1; en-us; Nexus 5 Build/JOP40D) AppleWebKit/535.19 (KHTML, like Gecko; googleweblight) Chrome/38.0.1025.166 Mobile Safari/535.19"
66.102.6.113 - - [01/Jun/2017:10:22:11 +0530] "GET /images/gtz.jpg HTTP/1.1" 200 15484 "http://www.cdmindia.gov.in/project_details_view_report.php?id=1539" "Mozilla/5.0 (Linux; Android 4.2.1; en-us; Nexus 5 Build/JOP40D) AppleWebKit/535.19 (KHTML, like Gecko; googleweblight) Chrome/38.0.1025.166 Mobile Safari/535.19"
66.102.6.115 - - [01/Jun/2017:10:22:11 +0530] "GET /images/spacer.gif HTTP/1.1" 200 43 "http://www.cdmindia.gov.in/project_details_view_report.php?id=1539" "Mozilla/5.0 (Linux; Android 4.2.1; en-us; Nexus 5 Build/JOP40D) AppleWebKit/535.19 (KHTML, like Gecko; googleweblight) Chrome/38.0.1025.166 Mobile Safari/535.19"
66.102.6.113 - - [01/Jun/2017:10:22:10 +0530] "GET /images/img2.jpg HTTP/1.1" 200 16276 "http://www.cdmindia.gov.in/project_details_view_report.php?id=1539" "Mozilla/5.0 (Linux; Android 4.2.1; en-us; Nexus 5 Build/JOP40D) AppleWebKit/535.19 (KHTML, like Gecko; googleweblight) Chrome/38.0.1025.166 Mobile Safari/535.19"
66.102.6.113 - - [01/Jun/2017:10:22:11 +0530] "GET /images/img3.jpg HTTP/1.1" 200 26957 "http://www.cdmindia.gov.in/project_details_view_report.php?id=1539" "Mozilla/5.0 (Linux; Android 4.2.1; en-us; Nexus 5 Build/JOP40D) AppleWebKit/535.19 (KHTML, like Gecko; googleweblight) Chrome/38.0.1025.166 Mobile Safari/535.19"
66.102.7.131 - - [01/Jun/2017:10:22:11 +0530] "GET /images/bullet1.gif HTTP/1.1" 200 67 "http://www.cdmindia.gov.in/project_details_view_report.php?id=1539" "Mozilla/5.0 (Linux; Android 4.2.1; en-us; Nexus 5 Build/JOP40D) AppleWebKit/535.19 (KHTML, like Gecko; googleweblight) Chrome/38.0.1025.166 Mobile Safari/535.19"
66.102.6.113 - - [01/Jun/2017:10:22:11 +0530] "GET /images/fbg.jpg HTTP/1.1" 200 325 "http://www.cdmindia.gov.in/project_details_view_report.php?id=1539" "Mozilla/5.0 (Linux; Android 4.2.1; en-us; Nexus 5 Build/JOP40D) AppleWebKit/535.19 (KHTML, like Gecko; googleweblight) Chrome/38.0.1025.166 Mobile Safari/535.19"
66.249.88.143 - - [01/Jun/2017:10:22:11 +0530] "GET /images/img1.jpg HTTP/1.1" 200 1251 "http://www.cdmindia.gov.in/project_details_view_report.php?id=1539" "Mozilla/5.0 (Linux; Android 4.2.1; en-us; Nexus 5 Build/JOP40D) AppleWebKit/535.19 (KHTML, like Gecko; googleweblight) Chrome/38.0.1025.166 Mobile Safari/535.19"
111.93.251.186 - - [01/Jun/2017:10:22:53 +0530] "GET /project_details_view.php?id=1856&oid=1&page=11&reporttype=1 HTTP/1.1" 200 14227 "http://www.cdmindia.gov.in/Approved_proj_reports_list_details.php?id=1&reporttype=1&scale=&sdt=2005-01-01&edt=2017-05-29&exec=&page=11" "Mozilla/5.0 (Windows NT 10.0; Win64; x64) AppleWebKit/537.36 (KHTML, like Gecko) Chrome/58.0.3029.110 Safari/537.36"
111.93.251.186 - - [01/Jun/2017:10:23:17 +0530] "GET /Approved_proj_reports_list_details.php?id=1&reporttype=1&scale=&sdt=2005-01-01&edt=2017-05-29&exec=&page=11 HTTP/1.1" 200 17553 "http://www.cdmindia.gov.in/Approved_proj_reports_list_details.php?id=1&reporttype=1&scale=&sdt=2005-01-01&edt=2017-05-29&exec=&page=10" "Mozilla/5.0 (Windows NT 10.0; Win64; x64) AppleWebKit/537.36 (KHTML, like Gecko) Chrome/58.0.3029.110 Safari/537.36"
111.93.251.186 - - [01/Jun/2017:10:23:21 +0530] "GET /project_details_view.php?id=1855&oid=1&page=11&reporttype=1 HTTP/1.1" 200 14245 "http://www.cdmindia.gov.in/Approved_proj_reports_list_details.php?id=1&reporttype=1&scale=&sdt=2005-01-01&edt=2017-05-29&exec=&page=11" "Mozilla/5.0 (Windows NT 10.0; Win64; x64) AppleWebKit/537.36 (KHTML, like Gecko) Chrome/58.0.3029.110 Safari/537.36"
111.93.251.186 - - [01/Jun/2017:10:23:57 +0530] "GET /Approved_proj_reports_list_details.php?id=1&reporttype=1&scale=&sdt=2005-01-01&edt=2017-05-29&exec=&page=11 HTTP/1.1" 200 17553 "http://www.cdmindia.gov.in/Approved_proj_reports_list_details.php?id=1&reporttype=1&scale=&sdt=2005-01-01&edt=2017-05-29&exec=&page=10" "Mozilla/5.0 (Windows NT 10.0; Win64; x64) AppleWebKit/537.36 (KHTML, like Gecko) Chrome/58.0.3029.110 Safari/537.36"
111.93.251.186 - - [01/Jun/2017:10:24:01 +0530] "GET /project_details_view.php?id=1853&oid=1&page=11&reporttype=1 HTTP/1.1" 200 14160 "http://www.cdmindia.gov.in/Approved_proj_reports_list_details.php?id=1&reporttype=1&scale=&sdt=2005-01-01&edt=2017-05-29&exec=&page=11" "Mozilla/5.0 (Windows NT 10.0; Win64; x64) AppleWebKit/537.36 (KHTML, like Gecko) Chrome/58.0.3029.110 Safari/537.36"
66.249.66.207 - - [01/Jun/2017:10:24:12 +0530] "GET / HTTP/1.1" 200 19481 "-" "Mozilla/5.0 (compatible; Googlebot/2.1; +http://www.google.com/bot.html)"
111.93.251.186 - - [01/Jun/2017:10:24:21 +0530] "GET /Approved_proj_reports_list_details.php?id=1&reporttype=1&scale=&sdt=2005-01-01&edt=2017-05-29&exec=&page=11 HTTP/1.1" 200 17553 "http://www.cdmindia.gov.in/Approved_proj_reports_list_details.php?id=1&reporttype=1&scale=&sdt=2005-01-01&edt=2017-05-29&exec=&page=10" "Mozilla/5.0 (Windows NT 10.0; Win64; x64) AppleWebKit/537.36 (KHTML, like Gecko) Chrome/58.0.3029.110 Safari/537.36"
111.93.251.186 - - [01/Jun/2017:10:24:24 +0530] "GET /project_details_view.php?id=1851&oid=1&page=11&reporttype=1 HTTP/1.1" 200 14260 "http://www.cdmindia.gov.in/Approved_proj_reports_list_details.php?id=1&reporttype=1&scale=&sdt=2005-01-01&edt=2017-05-29&exec=&page=11" "Mozilla/5.0 (Windows NT 10.0; Win64; x64) AppleWebKit/537.36 (KHTML, like Gecko) Chrome/58.0.3029.110 Safari/537.36"
111.93.251.186 - - [01/Jun/2017:10:24:49 +0530] "GET /Approved_proj_reports_list_details.php?id=1&reporttype=1&scale=&sdt=2005-01-01&edt=2017-05-29&exec=&page=11 HTTP/1.1" 200 17553 "http://www.cdmindia.gov.in/Approved_proj_reports_list_details.php?id=1&reporttype=1&scale=&sdt=2005-01-01&edt=2017-05-29&exec=&page=10" "Mozilla/5.0 (Windows NT 10.0; Win64; x64) AppleWebKit/537.36 (KHTML, like Gecko) Chrome/58.0.3029.110 Safari/537.36"
111.93.251.186 - - [01/Jun/2017:10:24:53 +0530] "GET /project_details_view.php?id=1850&oid=1&page=11&reporttype=1 HTTP/1.1" 200 14052 "http://www.cdmindia.gov.in/Approved_proj_reports_list_details.php?id=1&reporttype=1&scale=&sdt=2005-01-01&edt=2017-05-29&exec=&page=11" "Mozilla/5.0 (Windows NT 10.0; Win64; x64) AppleWebKit/537.36 (KHTML, like Gecko) Chrome/58.0.3029.110 Safari/537.36"
66.102.6.115 - - [01/Jun/2017:10:25:00 +0530] "HEAD /project_details_view_report.php?id=1539 HTTP/1.1" 200 - "-" "Mozilla/5.0 (Linux; Android 4.2.1; en-us; Nexus 5 Build/JOP40D) AppleWebKit/535.19 (KHTML, like Gecko) Chrome/38.0.1025.166 Mobile Safari/535.19 Google"
111.93.251.186 - - [01/Jun/2017:10:25:53 +0530] "GET /Approved_proj_reports_list_details.php?id=1&reporttype=1&scale=&sdt=2005-01-01&edt=2017-05-29&exec=&page=11 HTTP/1.1" 200 17553 "http://www.cdmindia.gov.in/Approved_proj_reports_list_details.php?id=1&reporttype=1&scale=&sdt=2005-01-01&edt=2017-05-29&exec=&page=10" "Mozilla/5.0 (Windows NT 10.0; Win64; x64) AppleWebKit/537.36 (KHTML, like Gecko) Chrome/58.0.3029.110 Safari/537.36"
111.93.251.186 - - [01/Jun/2017:10:25:57 +0530] "GET /project_details_view.php?id=1849&oid=1&page=11&reporttype=1 HTTP/1.1" 200 13776 "http://www.cdmindia.gov.in/Approved_proj_reports_list_details.php?id=1&reporttype=1&scale=&sdt=2005-01-01&edt=2017-05-29&exec=&page=11" "Mozilla/5.0 (Windows NT 10.0; Win64; x64) AppleWebKit/537.36 (KHTML, like Gecko) Chrome/58.0.3029.110 Safari/537.36"
66.102.6.111 - - [01/Jun/2017:10:26:47 +0530] "HEAD /project_details_view_report.php?id=1539 HTTP/1.1" 200 - "-" "Mozilla/5.0 (Linux; Android 4.2.1; en-us; Nexus 5 Build/JOP40D) AppleWebKit/535.19 (KHTML, like Gecko) Chrome/38.0.1025.166 Mobile Safari/535.19 Google"
111.93.251.186 - - [01/Jun/2017:10:26:45 +0530] "GET /Approved_proj_reports_list_details.php?id=1&reporttype=1&scale=&sdt=2005-01-01&edt=2017-05-29&exec=&page=11 HTTP/1.1" 200 17553 "http://www.cdmindia.gov.in/Approved_proj_reports_list_details.php?id=1&reporttype=1&scale=&sdt=2005-01-01&edt=2017-05-29&exec=&page=10" "Mozilla/5.0 (Windows NT 10.0; Win64; x64) AppleWebKit/537.36 (KHTML, like Gecko) Chrome/58.0.3029.110 Safari/537.36"
111.93.251.186 - - [01/Jun/2017:10:26:54 +0530] "GET /project_details_view.php?id=1842&oid=1&page=11&reporttype=1 HTTP/1.1" 200 14395 "http://www.cdmindia.gov.in/Approved_proj_reports_list_details.php?id=1&reporttype=1&scale=&sdt=2005-01-01&edt=2017-05-29&exec=&page=11" "Mozilla/5.0 (Windows NT 10.0; Win64; x64) AppleWebKit/537.36 (KHTML, like Gecko) Chrome/58.0.3029.110 Safari/537.36"
66.102.6.113 - - [01/Jun/2017:10:27:06 +0530] "GET /capacity_building.php HTTP/1.1" 200 19187 "http://googleweblight.com/" "Mozilla/5.0 (Linux; Android 4.2.1; en-us; Nexus 5 Build/JOP40D) AppleWebKit/535.19 (KHTML, like Gecko; googleweblight) Chrome/38.0.1025.166 Mobile Safari/535.19"
66.102.6.113 - - [01/Jun/2017:10:27:06 +0530] "GET /capacity_building.php HTTP/1.1" 200 19187 "-" "Mozilla/5.0 (Linux; Android 4.2.1; en-us; Nexus 5 Build/JOP40D) AppleWebKit/535.19 (KHTML, like Gecko; googleweblight) Chrome/38.0.1025.166 Mobile Safari/535.19"
66.102.7.129 - - [01/Jun/2017:10:27:07 +0530] "GET /js/index_validations.js HTTP/1.1" 200 3143 "http://www.cdmindia.gov.in/capacity_building.php" "Mozilla/5.0 (Linux; Android 4.2.1; en-us; Nexus 5 Build/JOP40D) AppleWebKit/535.19 (KHTML, like Gecko; googleweblight) Chrome/38.0.1025.166 Mobile Safari/535.19"
66.102.6.115 - - [01/Jun/2017:10:27:07 +0530] "GET /images/login1.jpg HTTP/1.1" 200 618 "http://www.cdmindia.gov.in/capacity_building.php" "Mozilla/5.0 (Linux; Android 4.2.1; en-us; Nexus 5 Build/JOP40D) AppleWebKit/535.19 (KHTML, like Gecko; googleweblight) Chrome/38.0.1025.166 Mobile Safari/535.19"
66.102.6.111 - - [01/Jun/2017:10:27:07 +0530] "GET /images/login1.jpg HTTP/1.1" 200 618 "http://www.cdmindia.gov.in/capacity_building.php" "Mozilla/5.0 (Linux; Android 4.2.1; en-us; Nexus 5 Build/JOP40D) AppleWebKit/535.19 (KHTML, like Gecko; googleweblight) Chrome/38.0.1025.166 Mobile Safari/535.19"
66.102.6.111 - - [01/Jun/2017:10:27:07 +0530] "GET /images/login.jpg HTTP/1.1" 200 1044 "http://www.cdmindia.gov.in/capacity_building.php" "Mozilla/5.0 (Linux; Android 4.2.1; en-us; Nexus 5 Build/JOP40D) AppleWebKit/535.19 (KHTML, like Gecko; googleweblight) Chrome/38.0.1025.166 Mobile Safari/535.19"
66.102.6.111 - - [01/Jun/2017:10:27:07 +0530] "GET /images/fe.jpg HTTP/1.1" 200 1429 "http://www.cdmindia.gov.in/capacity_building.php" "Mozilla/5.0 (Linux; Android 4.2.1; en-us; Nexus 5 Build/JOP40D) AppleWebKit/535.19 (KHTML, like Gecko; googleweblight) Chrome/38.0.1025.166 Mobile Safari/535.19"
66.102.6.113 - - [01/Jun/2017:10:27:07 +0530] "GET /images/bullet3.gif HTTP/1.1" 200 58 "http://www.cdmindia.gov.in/capacity_building.php" "Mozilla/5.0 (Linux; Android 4.2.1; en-us; Nexus 5 Build/JOP40D) AppleWebKit/535.19 (KHTML, like Gecko; googleweblight) Chrome/38.0.1025.166 Mobile Safari/535.19"
66.102.6.115 - - [01/Jun/2017:10:27:07 +0530] "GET /images/login.jpg HTTP/1.1" 200 1044 "http://www.cdmindia.gov.in/capacity_building.php" "Mozilla/5.0 (Linux; Android 4.2.1; en-us; Nexus 5 Build/JOP40D) AppleWebKit/535.19 (KHTML, like Gecko; googleweblight) Chrome/38.0.1025.166 Mobile Safari/535.19"
66.102.6.115 - - [01/Jun/2017:10:27:07 +0530] "GET /images/bullet3.gif HTTP/1.1" 200 58 "http://www.cdmindia.gov.in/capacity_building.php" "Mozilla/5.0 (Linux; Android 4.2.1; en-us; Nexus 5 Build/JOP40D) AppleWebKit/535.19 (KHTML, like Gecko; googleweblight) Chrome/38.0.1025.166 Mobile Safari/535.19"
66.102.7.131 - - [01/Jun/2017:10:27:07 +0530] "GET /images/fe.jpg HTTP/1.1" 200 1429 "http://www.cdmindia.gov.in/capacity_building.php" "Mozilla/5.0 (Linux; Android 4.2.1; en-us; Nexus 5 Build/JOP40D) AppleWebKit/535.19 (KHTML, like Gecko; googleweblight) Chrome/38.0.1025.166 Mobile Safari/535.19"
66.102.6.115 - - [01/Jun/2017:10:27:07 +0530] "GET /images/h_cb.jpg HTTP/1.1" 200 22394 "http://www.cdmindia.gov.in/capacity_building.php" "Mozilla/5.0 (Linux; Android 4.2.1; en-us; Nexus 5 Build/JOP40D) AppleWebKit/535.19 (KHTML, like Gecko; googleweblight) Chrome/38.0.1025.166 Mobile Safari/535.19"
66.102.7.131 - - [01/Jun/2017:10:27:07 +0530] "GET /js/index_validations.js HTTP/1.1" 200 3143 "http://www.cdmindia.gov.in/capacity_building.php" "Mozilla/5.0 (Linux; Android 4.2.1; en-us; Nexus 5 Build/JOP40D) AppleWebKit/535.19 (KHTML, like Gecko; googleweblight) Chrome/38.0.1025.166 Mobile Safari/535.19"
66.102.7.129 - - [01/Jun/2017:10:27:07 +0530] "GET /images/img1.jpg HTTP/1.1" 200 1251 "http://www.cdmindia.gov.in/capacity_building.php" "Mozilla/5.0 (Linux; Android 4.2.1; en-us; Nexus 5 Build/JOP40D) AppleWebKit/535.19 (KHTML, like Gecko; googleweblight) Chrome/38.0.1025.166 Mobile Safari/535.19"
66.249.88.142 - - [01/Jun/2017:10:27:07 +0530] "GET /images/h_cb.jpg HTTP/1.1" 200 22394 "http://www.cdmindia.gov.in/capacity_building.php" "Mozilla/5.0 (Linux; Android 4.2.1; en-us; Nexus 5 Build/JOP40D) AppleWebKit/535.19 (KHTML, like Gecko; googleweblight) Chrome/38.0.1025.166 Mobile Safari/535.19"
66.102.6.111 - - [01/Jun/2017:10:27:08 +0530] "GET /images/fbg.jpg HTTP/1.1" 200 325 "http://www.cdmindia.gov.in/capacity_building.php" "Mozilla/5.0 (Linux; Android 4.2.1; en-us; Nexus 5 Build/JOP40D) AppleWebKit/535.19 (KHTML, like Gecko; googleweblight) Chrome/38.0.1025.166 Mobile Safari/535.19"
66.102.6.113 - - [01/Jun/2017:10:27:08 +0530] "GET /images/login.jpg HTTP/1.1" 200 1044 "http://www.cdmindia.gov.in/capacity_building.php" "Mozilla/5.0 (Linux; Android 4.2.1; en-us; Nexus 5 Build/JOP40D) AppleWebKit/535.19 (KHTML, like Gecko; googleweblight) Chrome/38.0.1025.166 Mobile Safari/535.19"
111.93.251.186 - - [01/Jun/2017:10:27:54 +0530] "GET /Approved_proj_reports_list_details.php?id=1&reporttype=1&scale=&sdt=2005-01-01&edt=2017-05-29&exec=&page=11 HTTP/1.1" 200 17553 "http://www.cdmindia.gov.in/Approved_proj_reports_list_details.php?id=1&reporttype=1&scale=&sdt=2005-01-01&edt=2017-05-29&exec=&page=10" "Mozilla/5.0 (Windows NT 10.0; Win64; x64) AppleWebKit/537.36 (KHTML, like Gecko) Chrome/58.0.3029.110 Safari/537.36"
111.93.251.186 - - [01/Jun/2017:10:27:57 +0530] "GET /project_details_view.php?id=1840&oid=1&page=11&reporttype=1 HTTP/1.1" 200 14692 "http://www.cdmindia.gov.in/Approved_proj_reports_list_details.php?id=1&reporttype=1&scale=&sdt=2005-01-01&edt=2017-05-29&exec=&page=11" "Mozilla/5.0 (Windows NT 10.0; Win64; x64) AppleWebKit/537.36 (KHTML, like Gecko) Chrome/58.0.3029.110 Safari/537.36"
202.46.52.155 - - [01/Jun/2017:10:28:31 +0530] "GET /project_details_view.php?id=1886 HTTP/1.1" 200 14390 "-" "Mozilla/5.0 (Windows NT 10.0; WOW64) AppleWebKit/537.36 (KHTML, like Gecko) Chrome/45.0.2454.93 Safari/537.36"
111.93.251.186 - - [01/Jun/2017:10:28:33 +0530] "GET /Approved_proj_reports_list_details.php?id=1&reporttype=1&scale=&sdt=2005-01-01&edt=2017-05-29&exec=&page=11 HTTP/1.1" 200 17553 "http://www.cdmindia.gov.in/Approved_proj_reports_list_details.php?id=1&reporttype=1&scale=&sdt=2005-01-01&edt=2017-05-29&exec=&page=10" "Mozilla/5.0 (Windows NT 10.0; Win64; x64) AppleWebKit/537.36 (KHTML, like Gecko) Chrome/58.0.3029.110 Safari/537.36"
111.93.251.186 - - [01/Jun/2017:10:28:38 +0530] "GET /project_details_view.php?id=1839&oid=1&page=11&reporttype=1 HTTP/1.1" 200 14070 "http://www.cdmindia.gov.in/Approved_proj_reports_list_details.php?id=1&reporttype=1&scale=&sdt=2005-01-01&edt=2017-05-29&exec=&page=11" "Mozilla/5.0 (Windows NT 10.0; Win64; x64) AppleWebKit/537.36 (KHTML, like Gecko) Chrome/58.0.3029.110 Safari/537.36"
111.93.251.186 - - [01/Jun/2017:10:29:17 +0530] "GET /Approved_proj_reports_list_details.php?id=1&reporttype=1&scale=&sdt=2005-01-01&edt=2017-05-29&exec=&page=11 HTTP/1.1" 200 17553 "http://www.cdmindia.gov.in/Approved_proj_reports_list_details.php?id=1&reporttype=1&scale=&sdt=2005-01-01&edt=2017-05-29&exec=&page=10" "Mozilla/5.0 (Windows NT 10.0; Win64; x64) AppleWebKit/537.36 (KHTML, like Gecko) Chrome/58.0.3029.110 Safari/537.36"
111.93.251.186 - - [01/Jun/2017:10:29:20 +0530] "GET /project_details_view.php?id=1837&oid=1&page=11&reporttype=1 HTTP/1.1" 200 14728 "http://www.cdmindia.gov.in/Approved_proj_reports_list_details.php?id=1&reporttype=1&scale=&sdt=2005-01-01&edt=2017-05-29&exec=&page=11" "Mozilla/5.0 (Windows NT 10.0; Win64; x64) AppleWebKit/537.36 (KHTML, like Gecko) Chrome/58.0.3029.110 Safari/537.36"
139.167.9.92 - - [01/Jun/2017:10:30:56 +0530] "GET /project_details_view.php?id=853 HTTP/1.1" 200 15055 "https://www.google.co.in/" "Mozilla/5.0 (Windows NT 6.1; rv:53.0) Gecko/20100101 Firefox/53.0"
139.167.9.92 - - [01/Jun/2017:10:30:56 +0530] "GET /includes/ncdma.css HTTP/1.1" 200 13023 "http://www.cdmindia.gov.in/project_details_view.php?id=853" "Mozilla/5.0 (Windows NT 6.1; rv:53.0) Gecko/20100101 Firefox/53.0"
139.167.9.92 - - [01/Jun/2017:10:30:56 +0530] "GET /Scripts/AC_RunActiveContent.js HTTP/1.1" 200 8321 "http://www.cdmindia.gov.in/project_details_view.php?id=853" "Mozilla/5.0 (Windows NT 6.1; rv:53.0) Gecko/20100101 Firefox/53.0"
139.167.9.92 - - [01/Jun/2017:10:30:56 +0530] "GET /ncdma.css HTTP/1.1" 200 12640 "http://www.cdmindia.gov.in/project_details_view.php?id=853" "Mozilla/5.0 (Windows NT 6.1; rv:53.0) Gecko/20100101 Firefox/53.0"
139.167.9.92 - - [01/Jun/2017:10:30:56 +0530] "GET /images/img2.jpg HTTP/1.1" 200 16276 "http://www.cdmindia.gov.in/project_details_view.php?id=853" "Mozilla/5.0 (Windows NT 6.1; rv:53.0) Gecko/20100101 Firefox/53.0"
139.167.9.92 - - [01/Jun/2017:10:30:56 +0530] "GET /images/img3.jpg HTTP/1.1" 200 26957 "http://www.cdmindia.gov.in/project_details_view.php?id=853" "Mozilla/5.0 (Windows NT 6.1; rv:53.0) Gecko/20100101 Firefox/53.0"
139.167.9.92 - - [01/Jun/2017:10:30:56 +0530] "GET /images/bulllet2.gif HTTP/1.1" 200 58 "http://www.cdmindia.gov.in/project_details_view.php?id=853" "Mozilla/5.0 (Windows NT 6.1; rv:53.0) Gecko/20100101 Firefox/53.0"
139.167.9.92 - - [01/Jun/2017:10:30:56 +0530] "GET /images/bullet1.gif HTTP/1.1" 200 67 "http://www.cdmindia.gov.in/project_details_view.php?id=853" "Mozilla/5.0 (Windows NT 6.1; rv:53.0) Gecko/20100101 Firefox/53.0"
139.167.9.92 - - [01/Jun/2017:10:30:56 +0530] "GET /images/img1.jpg HTTP/1.1" 200 1251 "http://www.cdmindia.gov.in/project_details_view.php?id=853" "Mozilla/5.0 (Windows NT 6.1; rv:53.0) Gecko/20100101 Firefox/53.0"
139.167.9.92 - - [01/Jun/2017:10:30:56 +0530] "GET /images/spacer.gif HTTP/1.1" 200 43 "http://www.cdmindia.gov.in/project_details_view.php?id=853" "Mozilla/5.0 (Windows NT 6.1; rv:53.0) Gecko/20100101 Firefox/53.0"
139.167.9.92 - - [01/Jun/2017:10:30:57 +0530] "GET /images/fbg.jpg HTTP/1.1" 200 325 "http://www.cdmindia.gov.in/project_details_view.php?id=853" "Mozilla/5.0 (Windows NT 6.1; rv:53.0) Gecko/20100101 Firefox/53.0"
139.167.9.92 - - [01/Jun/2017:10:30:57 +0530] "GET /images/gtz.jpg HTTP/1.1" 200 15484 "http://www.cdmindia.gov.in/project_details_view.php?id=853" "Mozilla/5.0 (Windows NT 6.1; rv:53.0) Gecko/20100101 Firefox/53.0"
139.167.9.92 - - [01/Jun/2017:10:30:57 +0530] "GET /images/fdm.jpg HTTP/1.1" 200 2043 "http://www.cdmindia.gov.in/project_details_view.php?id=853" "Mozilla/5.0 (Windows NT 6.1; rv:53.0) Gecko/20100101 Firefox/53.0"
139.167.9.92 - - [01/Jun/2017:10:30:57 +0530] "GET /images/bullet4.gif HTTP/1.1" 200 67 "http://www.cdmindia.gov.in/project_details_view.php?id=853" "Mozilla/5.0 (Windows NT 6.1; rv:53.0) Gecko/20100101 Firefox/53.0"
95.221.234.30 - - [01/Jun/2017:10:30:56 +0530] "GET /project_details_view.php?id=388 HTTP/1.1" 200 15322 "http://yandex.ru/clck/jsredir?from=yandex.ru%3Bsearch%3Bweb%3B%3B&text=&etext=1439.nOEBVbJBs-T5QR8CeEeNkKIp607gJjXnqAam5mIrw36QG_ahEwwLAp00OhdSy7Jc.957425458e0aceb78f9359bf67f3829475e55721&uuid=&state=_BLhILn4SxNIvvL0W45KSic66uCIg23qh8iRG98qeIXmeppkgUc0YGHEttDsYq_w3pSJtejupWg&data=UlNrNmk5WktYejR0eWJFYk1LdmtxdW5FZWJMbGt2ZHlWWjFSa2NYZ0JXNjI1ODVMdGQ1bmJxWlFHNHpDemp5b0t0a3pjTHZmTXZTb2ttTDNHZVYwczYteTR5UXFGbFBDM01IZkdoRWU5d1FXM0tNTHRhT0xtbXJIeHp6Q0pXbTFzTVFCNGF5MzhEY1NaZUJUSnp1YlJR&b64e=2&sign=59450667f7354898334452c97f19156f&keyno=0&cst=AiuY0DBWFJ7IXge4WdYJQYuwSQLovbTTJTFkZGQsUUBhPHELKvE2EvMT3qSO0wF7VJ0EGwh2eQBFMHdBc6_RLte2ABKBs_C5N4vLc58hQ_zmQQld-nAMIWgnKDetKM892RkgJxkUI45aG3CnJyK-r9Xw3HoiOMvX&ref=orjY4mGPRjk5boDnW0uvlrrd71vZw9kp5uQozpMtKCXboeqr305aIEExrB51x0b0gvXZbMItH49ziR7NF8-zaqSuH5yc7uy8t27Ltakg7n9Y9R1t59Jtg5llly-OOMhk&l10n=ru&cts=1496293012563&mc=2.09002803416" "Mozilla/4.0 (compatible; MSIE 8.0; Windows NT 5.1; Trident/4.0; .NET CLR 1.1.4322; .NET CLR 2.0.50727; .NET CLR 3.0.4506.2152; .NET CLR 3.5.30729)"
139.167.9.92 - - [01/Jun/2017:10:30:57 +0530] "GET /images/favicon.ico HTTP/1.1" 200 1406 "-" "Mozilla/5.0 (Windows NT 6.1; rv:53.0) Gecko/20100101 Firefox/53.0"
95.221.234.30 - - [01/Jun/2017:10:30:57 +0530] "GET /ncdma.css HTTP/1.1" 200 12640 "http://www.cdmindia.gov.in/project_details_view.php?id=388" "Mozilla/4.0 (compatible; MSIE 8.0; Windows NT 5.1; Trident/4.0; .NET CLR 1.1.4322; .NET CLR 2.0.50727; .NET CLR 3.0.4506.2152; .NET CLR 3.5.30729)"
95.221.234.30 - - [01/Jun/2017:10:30:57 +0530] "GET /includes/ncdma.css HTTP/1.1" 200 13023 "http://www.cdmindia.gov.in/project_details_view.php?id=388" "Mozilla/4.0 (compatible; MSIE 8.0; Windows NT 5.1; Trident/4.0; .NET CLR 1.1.4322; .NET CLR 2.0.50727; .NET CLR 3.0.4506.2152; .NET CLR 3.5.30729)"
95.221.234.30 - - [01/Jun/2017:10:30:57 +0530] "GET /Scripts/AC_RunActiveContent.js HTTP/1.1" 200 8321 "http://www.cdmindia.gov.in/project_details_view.php?id=388" "Mozilla/4.0 (compatible; MSIE 8.0; Windows NT 5.1; Trident/4.0; .NET CLR 1.1.4322; .NET CLR 2.0.50727; .NET CLR 3.0.4506.2152; .NET CLR 3.5.30729)"
139.167.9.92 - - [01/Jun/2017:10:31:34 +0530] "GET /contactus.php HTTP/1.1" 200 18293 "http://www.cdmindia.gov.in/project_details_view.php?id=853" "Mozilla/5.0 (Windows NT 6.1; rv:53.0) Gecko/20100101 Firefox/53.0"
139.167.9.92 - - [01/Jun/2017:10:31:34 +0530] "GET /js/index_validations.js HTTP/1.1" 200 3143 "http://www.cdmindia.gov.in/contactus.php" "Mozilla/5.0 (Windows NT 6.1; rv:53.0) Gecko/20100101 Firefox/53.0"
139.167.9.92 - - [01/Jun/2017:10:31:34 +0530] "GET /images/fe.jpg HTTP/1.1" 200 1429 "http://www.cdmindia.gov.in/contactus.php" "Mozilla/5.0 (Windows NT 6.1; rv:53.0) Gecko/20100101 Firefox/53.0"
139.167.9.92 - - [01/Jun/2017:10:31:34 +0530] "GET /images/login1.jpg HTTP/1.1" 200 618 "http://www.cdmindia.gov.in/contactus.php" "Mozilla/5.0 (Windows NT 6.1; rv:53.0) Gecko/20100101 Firefox/53.0"
139.167.9.92 - - [01/Jun/2017:10:31:34 +0530] "GET /images/bullet3.gif HTTP/1.1" 200 58 "http://www.cdmindia.gov.in/contactus.php" "Mozilla/5.0 (Windows NT 6.1; rv:53.0) Gecko/20100101 Firefox/53.0"
139.167.9.92 - - [01/Jun/2017:10:31:34 +0530] "GET /images/h_contactus.jpg HTTP/1.1" 200 21787 "http://www.cdmindia.gov.in/contactus.php" "Mozilla/5.0 (Windows NT 6.1; rv:53.0) Gecko/20100101 Firefox/53.0"
139.167.9.92 - - [01/Jun/2017:10:31:35 +0530] "GET /images/login.jpg HTTP/1.1" 200 1044 "http://www.cdmindia.gov.in/contactus.php" "Mozilla/5.0 (Windows NT 6.1; rv:53.0) Gecko/20100101 Firefox/53.0"
141.8.142.74 - - [01/Jun/2017:10:33:03 +0530] "GET /project_details_view_report.php?id=717 HTTP/1.1" 200 13187 "-" "Mozilla/5.0 (compatible; YandexBot/3.0; +http://yandex.com/bots)"
139.167.9.92 - - [01/Jun/2017:10:33:09 +0530] "GET /contactus.php HTTP/1.1" 200 18293 "http://www.cdmindia.gov.in/contactus.php" "Mozilla/5.0 (Windows NT 6.1; rv:53.0) Gecko/20100101 Firefox/53.0"
157.55.39.233 - - [01/Jun/2017:10:33:09 +0530] "GET /project_details_view_report.php?id=999 HTTP/1.1" 200 13209 "-" "Mozilla/5.0 (compatible; bingbot/2.0; +http://www.bing.com/bingbot.htm)"
141.8.142.74 - - [01/Jun/2017:10:33:51 +0530] "GET /project_details_view_report.php?id=219 HTTP/1.1" 200 13138 "-" "Mozilla/5.0 (compatible; YandexBot/3.0; +http://yandex.com/bots)"
66.249.66.211 - - [01/Jun/2017:10:34:12 +0530] "GET /downloads/Carbon%20Market%20Roadmap.pdf HTTP/1.1" 304 - "-" "Mozilla/5.0 (compatible; Googlebot/2.1; +http://www.google.com/bot.html)"
40.77.167.54 - - [01/Jun/2017:10:35:06 +0530] "GET /project_details_view_report.php?id=830 HTTP/1.1" 200 13184 "-" "Mozilla/5.0 (iPhone; CPU iPhone OS 7_0 like Mac OS X) AppleWebKit/537.51.1 (KHTML, like Gecko) Version/7.0 Mobile/11A465 Safari/9537.53 (compatible; bingbot/2.0; +http://www.bing.com/bingbot.htm)"
40.77.167.135 - - [01/Jun/2017:10:35:11 +0530] "GET /project_details_view_report.php?id=522 HTTP/1.1" 200 13186 "-" "Mozilla/5.0 (iPhone; CPU iPhone OS 7_0 like Mac OS X) AppleWebKit/537.51.1 (KHTML, like Gecko) Version/7.0 Mobile/11A465 Safari/9537.53 (compatible; bingbot/2.0; +http://www.bing.com/bingbot.htm)"
66.249.66.211 - - [01/Jun/2017:10:39:12 +0530] "GET / HTTP/1.1" 200 19481 "-" "Mozilla/5.0 (Linux; Android 6.0.1; Nexus 5X Build/MMB29P) AppleWebKit/537.36 (KHTML, like Gecko) Chrome/41.0.2272.96 Mobile Safari/537.36 (compatible; Googlebot/2.1; +http://www.google.com/bot.html)"
211.123.206.77 - - [01/Jun/2017:10:42:35 +0530] "GET / HTTP/1.1" 200 19481 "-" "Mozilla/5.0 (Windows NT 5.1; rv:6.0.2) Gecko/20100101 Firefox/6.0.2"
66.249.66.207 - - [01/Jun/2017:10:44:17 +0530] "GET /project_details_view.php?id=266 HTTP/1.1" 200 14174 "-" "Mozilla/5.0 (compatible; Googlebot/2.1; +http://www.google.com/bot.html)"
35.184.189.105 - - [01/Jun/2017:10:45:22 +0530] "GET /robots.txt HTTP/1.1" 404 208 "-" "ltx71 - (http://ltx71.com/)"
