199.30.25.193 - - [04/Jun/2017:10:54:41 +0530] "GET /js/base64_encode.js HTTP/1.1" 200 3002 "http://cdmindia.gov.in/admin/" "Mozilla/5.0 (Windows NT 6.1; WOW64) AppleWebKit/534+ (KHTML, like Gecko) BingPreview/1.0b"
199.30.25.193 - - [04/Jun/2017:10:54:41 +0530] "GET /js/md5.js HTTP/1.1" 200 13194 "http://cdmindia.gov.in/admin/" "Mozilla/5.0 (Windows NT 6.1; WOW64) AppleWebKit/534+ (KHTML, like Gecko) BingPreview/1.0b"
199.30.25.193 - - [04/Jun/2017:10:54:42 +0530] "GET /admin/js/index_validation.js HTTP/1.1" 200 1988 "http://cdmindia.gov.in/admin/" "Mozilla/5.0 (Windows NT 6.1; WOW64) AppleWebKit/534+ (KHTML, like Gecko) BingPreview/1.0b"
199.30.25.193 - - [04/Jun/2017:10:54:43 +0530] "GET /admin/js/ajax_client.js HTTP/1.1" 200 22793 "http://cdmindia.gov.in/admin/" "Mozilla/5.0 (Windows NT 6.1; WOW64) AppleWebKit/534+ (KHTML, like Gecko) BingPreview/1.0b"
199.30.25.193 - - [04/Jun/2017:10:54:44 +0530] "GET /admin/ncdma.css HTTP/1.1" 404 213 "http://cdmindia.gov.in/admin/" "Mozilla/5.0 (Windows NT 6.1; WOW64) AppleWebKit/534+ (KHTML, like Gecko) BingPreview/1.0b"
199.30.25.193 - - [04/Jun/2017:10:54:44 +0530] "GET /includes/CaptchaSecurityImages.php?width=80&height=30&characters=5 HTTP/1.1" 200 2164 "http://cdmindia.gov.in/admin/" "Mozilla/5.0 (Windows NT 6.1; WOW64) AppleWebKit/534+ (KHTML, like Gecko) BingPreview/1.0b"
66.249.79.133 - - [04/Jun/2017:11:02:07 +0530] "GET /downloads/New%20PCN.doc HTTP/1.1" 200 435200 "-" "Mozilla/5.0 (Linux; Android 6.0.1; Nexus 5X Build/MMB29P) AppleWebKit/537.36 (KHTML, like Gecko) Chrome/41.0.2272.96 Mobile Safari/537.36 (compatible; Googlebot/2.1; +http://www.google.com/bot.html)"
180.153.236.35 - - [04/Jun/2017:11:03:55 +0530] "GET /uploads/2021334653Prior%20consideration.pdf HTTP/1.1" 200 367099 "http://cdmindia.gov.in/uploads/2021334653Prior%20consideration.pdf" "Mozilla/5.0(compatible;MSIE9.0;WindowsNT6.1;Trident/5.0)"
35.184.189.105 - - [04/Jun/2017:11:04:23 +0530] "GET /robots.txt HTTP/1.1" 404 208 "-" "ltx71 - (http://ltx71.com/)"
202.46.54.90 - - [04/Jun/2017:11:05:03 +0530] "GET /project_details_view_report.php?id=769 HTTP/1.1" 200 13212 "-" "Mozilla/5.0 (Windows NT 10.0; WOW64) AppleWebKit/537.36 (KHTML, like Gecko) Chrome/45.0.2454.93 Safari/537.36"
35.184.189.105 - - [04/Jun/2017:11:14:22 +0530] "GET /robots.txt HTTP/1.1" 404 208 "-" "ltx71 - (http://ltx71.com/)"
66.249.79.129 - - [04/Jun/2017:11:20:23 +0530] "GET /project_details_view.php?id=196&oid=&page=98&reporttype= HTTP/1.1" 200 15141 "-" "Mozilla/5.0 (compatible; Googlebot/2.1; +http://www.google.com/bot.html)"
35.184.189.105 - - [04/Jun/2017:11:20:56 +0530] "GET /robots.txt HTTP/1.1" 404 208 "-" "ltx71 - (http://ltx71.com/)"
202.46.52.78 - - [04/Jun/2017:11:23:30 +0530] "GET /project_details_view_report.php?id=1416 HTTP/1.1" 200 13210 "-" "Mozilla/5.0 (Windows NT 10.0; WOW64) AppleWebKit/537.36 (KHTML, like Gecko) Chrome/45.0.2454.93 Safari/537.36"
35.184.189.105 - - [04/Jun/2017:11:25:18 +0530] "GET /robots.txt HTTP/1.1" 404 208 "-" "ltx71 - (http://ltx71.com/)"
35.184.189.105 - - [04/Jun/2017:11:30:07 +0530] "GET /robots.txt HTTP/1.1" 404 208 "-" "ltx71 - (http://ltx71.com/)"
66.249.79.129 - - [04/Jun/2017:11:30:43 +0530] "GET /reports_list_details.php?id=pnjuzahme&reporttype=&page=53 HTTP/1.1" 200 21695 "-" "Mozilla/5.0 (Linux; Android 6.0.1; Nexus 5X Build/MMB29P) AppleWebKit/537.36 (KHTML, like Gecko) Chrome/41.0.2272.96 Mobile Safari/537.36 (compatible; Googlebot/2.1; +http://www.google.com/bot.html)"
66.249.79.133 - - [04/Jun/2017:11:31:36 +0530] "GET /project_details_view_report.php?id=403 HTTP/1.1" 200 13129 "-" "Mozilla/5.0 (compatible; Googlebot/2.1; +http://www.google.com/bot.html)"
157.55.39.98 - - [04/Jun/2017:11:32:18 +0530] "GET /approved_projects.php?n=1 HTTP/1.1" 200 16641 "-" "Mozilla/5.0 (iPhone; CPU iPhone OS 7_0 like Mac OS X) AppleWebKit/537.51.1 (KHTML, like Gecko) Version/7.0 Mobile/11A465 Safari/9537.53 (compatible; bingbot/2.0; +http://www.bing.com/bingbot.htm)"
157.55.39.245 - - [04/Jun/2017:11:32:29 +0530] "GET /js/datepicker/latest_datepicker.css HTTP/1.1" 200 2283 "-" "Mozilla/5.0 (iPhone; CPU iPhone OS 7_0 like Mac OS X) AppleWebKit/537.51.1 (KHTML, like Gecko) Version/7.0 Mobile/11A465 Safari/9537.53 (compatible; bingbot/2.0; +http://www.bing.com/bingbot.htm)"
157.55.39.245 - - [04/Jun/2017:11:32:30 +0530] "GET /js/datepicker/latest_jquery.datePicker.js HTTP/1.1" 200 37423 "-" "Mozilla/5.0 (iPhone; CPU iPhone OS 7_0 like Mac OS X) AppleWebKit/537.51.1 (KHTML, like Gecko) Version/7.0 Mobile/11A465 Safari/9537.53 (compatible; bingbot/2.0; +http://www.bing.com/bingbot.htm)"
157.55.39.98 - - [04/Jun/2017:11:32:35 +0530] "GET /js/datepicker/latest_demo.css HTTP/1.1" 200 574 "-" "Mozilla/5.0 (iPhone; CPU iPhone OS 7_0 like Mac OS X) AppleWebKit/537.51.1 (KHTML, like Gecko) Version/7.0 Mobile/11A465 Safari/9537.53 (compatible; bingbot/2.0; +http://www.bing.com/bingbot.htm)"
122.252.232.42 - - [04/Jun/2017:11:35:14 +0530] "GET /project_details_view.php?id=195 HTTP/1.0" 200 15232 "https://www.google.co.in/" "Mozilla/5.0 (Windows NT 10.0; Win64; x64) AppleWebKit/537.36 (KHTML, like Gecko) Chrome/58.0.3029.110 Safari/537.36"
122.252.232.42 - - [04/Jun/2017:11:35:14 +0530] "GET /includes/ncdma.css HTTP/1.0" 200 13023 "http://www.cdmindia.gov.in/project_details_view.php?id=195" "Mozilla/5.0 (Windows NT 10.0; Win64; x64) AppleWebKit/537.36 (KHTML, like Gecko) Chrome/58.0.3029.110 Safari/537.36"
122.252.232.42 - - [04/Jun/2017:11:35:14 +0530] "GET /ncdma.css HTTP/1.0" 200 12640 "http://www.cdmindia.gov.in/project_details_view.php?id=195" "Mozilla/5.0 (Windows NT 10.0; Win64; x64) AppleWebKit/537.36 (KHTML, like Gecko) Chrome/58.0.3029.110 Safari/537.36"
122.252.232.42 - - [04/Jun/2017:11:35:14 +0530] "GET /Scripts/AC_RunActiveContent.js HTTP/1.0" 200 8321 "http://www.cdmindia.gov.in/project_details_view.php?id=195" "Mozilla/5.0 (Windows NT 10.0; Win64; x64) AppleWebKit/537.36 (KHTML, like Gecko) Chrome/58.0.3029.110 Safari/537.36"
122.252.232.42 - - [04/Jun/2017:11:35:14 +0530] "GET /images/img2.jpg HTTP/1.0" 200 16276 "http://www.cdmindia.gov.in/project_details_view.php?id=195" "Mozilla/5.0 (Windows NT 10.0; Win64; x64) AppleWebKit/537.36 (KHTML, like Gecko) Chrome/58.0.3029.110 Safari/537.36"
122.252.232.42 - - [04/Jun/2017:11:35:14 +0530] "GET /images/spacer.gif HTTP/1.0" 200 43 "http://www.cdmindia.gov.in/project_details_view.php?id=195" "Mozilla/5.0 (Windows NT 10.0; Win64; x64) AppleWebKit/537.36 (KHTML, like Gecko) Chrome/58.0.3029.110 Safari/537.36"
122.252.232.42 - - [04/Jun/2017:11:35:14 +0530] "GET /images/bulllet2.gif HTTP/1.0" 200 58 "http://www.cdmindia.gov.in/project_details_view.php?id=195" "Mozilla/5.0 (Windows NT 10.0; Win64; x64) AppleWebKit/537.36 (KHTML, like Gecko) Chrome/58.0.3029.110 Safari/537.36"
122.252.232.42 - - [04/Jun/2017:11:35:14 +0530] "GET /images/img3.jpg HTTP/1.0" 200 26957 "http://www.cdmindia.gov.in/project_details_view.php?id=195" "Mozilla/5.0 (Windows NT 10.0; Win64; x64) AppleWebKit/537.36 (KHTML, like Gecko) Chrome/58.0.3029.110 Safari/537.36"
122.252.232.42 - - [04/Jun/2017:11:35:14 +0530] "GET /images/bullet4.gif HTTP/1.0" 200 67 "http://www.cdmindia.gov.in/project_details_view.php?id=195" "Mozilla/5.0 (Windows NT 10.0; Win64; x64) AppleWebKit/537.36 (KHTML, like Gecko) Chrome/58.0.3029.110 Safari/537.36"
122.252.232.42 - - [04/Jun/2017:11:35:14 +0530] "GET /images/bullet1.gif HTTP/1.0" 200 67 "http://www.cdmindia.gov.in/project_details_view.php?id=195" "Mozilla/5.0 (Windows NT 10.0; Win64; x64) AppleWebKit/537.36 (KHTML, like Gecko) Chrome/58.0.3029.110 Safari/537.36"
122.252.232.42 - - [04/Jun/2017:11:35:14 +0530] "GET /images/fdm.jpg HTTP/1.0" 200 2043 "http://www.cdmindia.gov.in/project_details_view.php?id=195" "Mozilla/5.0 (Windows NT 10.0; Win64; x64) AppleWebKit/537.36 (KHTML, like Gecko) Chrome/58.0.3029.110 Safari/537.36"
122.252.232.42 - - [04/Jun/2017:11:35:14 +0530] "GET /images/img1.jpg HTTP/1.0" 200 1251 "http://www.cdmindia.gov.in/project_details_view.php?id=195" "Mozilla/5.0 (Windows NT 10.0; Win64; x64) AppleWebKit/537.36 (KHTML, like Gecko) Chrome/58.0.3029.110 Safari/537.36"
122.252.232.42 - - [04/Jun/2017:11:35:14 +0530] "GET /images/gtz.jpg HTTP/1.0" 200 15484 "http://www.cdmindia.gov.in/project_details_view.php?id=195" "Mozilla/5.0 (Windows NT 10.0; Win64; x64) AppleWebKit/537.36 (KHTML, like Gecko) Chrome/58.0.3029.110 Safari/537.36"
122.252.232.42 - - [04/Jun/2017:11:35:14 +0530] "GET /images/fbg.jpg HTTP/1.0" 200 325 "http://www.cdmindia.gov.in/project_details_view.php?id=195" "Mozilla/5.0 (Windows NT 10.0; Win64; x64) AppleWebKit/537.36 (KHTML, like Gecko) Chrome/58.0.3029.110 Safari/537.36"
122.252.232.42 - - [04/Jun/2017:11:35:15 +0530] "GET /favicon.ico HTTP/1.0" 200 1189 "http://www.cdmindia.gov.in/project_details_view.php?id=195" "Mozilla/5.0 (Windows NT 10.0; Win64; x64) AppleWebKit/537.36 (KHTML, like Gecko) Chrome/58.0.3029.110 Safari/537.36"
68.180.228.167 - - [04/Jun/2017:11:41:26 +0530] "GET /events_more.php HTTP/1.1" 200 16904 "-" "Mozilla/5.0 (compatible; Yahoo! Slurp; http://help.yahoo.com/help/us/ysearch/slurp)"
202.46.52.112 - - [04/Jun/2017:11:41:56 +0530] "GET /project_details_view_report.php?id=1169 HTTP/1.1" 200 13224 "-" "Mozilla/5.0 (Windows NT 10.0; WOW64) AppleWebKit/537.36 (KHTML, like Gecko) Chrome/45.0.2454.93 Safari/537.36"
35.184.189.105 - - [04/Jun/2017:11:42:50 +0530] "GET /robots.txt HTTP/1.1" 404 208 "-" "ltx71 - (http://ltx71.com/)"
66.249.79.131 - - [04/Jun/2017:11:45:53 +0530] "GET /reports_list_details.php?id=fnxntyvmlpku&reporttype=&page=182 HTTP/1.1" 200 22264 "-" "Mozilla/5.0 (compatible; Googlebot/2.1; +http://www.google.com/bot.html)"
35.184.189.105 - - [04/Jun/2017:11:46:44 +0530] "GET /robots.txt HTTP/1.1" 404 208 "-" "ltx71 - (http://ltx71.com/)"
66.249.79.131 - - [04/Jun/2017:11:46:57 +0530] "GET /downloads/Existing%20PCN.doc HTTP/1.1" 200 114176 "-" "Mozilla/5.0 (Linux; Android 6.0.1; Nexus 5X Build/MMB29P) AppleWebKit/537.36 (KHTML, like Gecko) Chrome/41.0.2272.96 Mobile Safari/537.36 (compatible; Googlebot/2.1; +http://www.google.com/bot.html)"
207.46.13.103 - - [04/Jun/2017:11:47:26 +0530] "GET /project_details_view.php?id=1218 HTTP/1.1" 200 15271 "-" "Mozilla/5.0 (compatible; bingbot/2.0; +http://www.bing.com/bingbot.htm)"
35.184.189.105 - - [04/Jun/2017:11:47:26 +0530] "GET /images/NCDMA%20PCN%20Format%2017072009.doc HTTP/1.1" 200 114176 "-" "ltx71 - (http://ltx71.com/)"
69.30.205.218 - - [04/Jun/2017:11:50:48 +0530] "GET /robots.txt HTTP/1.1" 404 208 "-" "Mozilla/5.0 (compatible; MJ12bot/v1.4.7; http://mj12bot.com/)"
69.30.205.218 - - [04/Jun/2017:11:50:56 +0530] "GET /detail_events.php?id= HTTP/1.1" 302 16737 "-" "Mozilla/5.0 (compatible; MJ12bot/v1.4.7; http://mj12bot.com/)"
69.30.205.218 - - [04/Jun/2017:11:51:00 +0530] "GET /logout.php HTTP/1.1" 302 369 "-" "Mozilla/5.0 (compatible; MJ12bot/v1.4.7; http://mj12bot.com/)"
69.30.205.218 - - [04/Jun/2017:11:51:10 +0530] "GET /index.php HTTP/1.1" 200 19479 "-" "Mozilla/5.0 (compatible; MJ12bot/v1.4.7; http://mj12bot.com/)"
69.30.205.218 - - [04/Jun/2017:11:51:25 +0530] "GET /detail_news.php?id=18 HTTP/1.1" 302 18712 "-" "Mozilla/5.0 (compatible; MJ12bot/v1.4.7; http://mj12bot.com/)"
69.30.205.218 - - [04/Jun/2017:11:51:31 +0530] "GET /logout.php HTTP/1.1" 302 369 "-" "Mozilla/5.0 (compatible; MJ12bot/v1.4.7; http://mj12bot.com/)"
69.30.205.218 - - [04/Jun/2017:11:51:38 +0530] "GET /index.php HTTP/1.1" 200 19479 "-" "Mozilla/5.0 (compatible; MJ12bot/v1.4.7; http://mj12bot.com/)"
69.30.205.218 - - [04/Jun/2017:11:51:46 +0530] "GET /detail_news.php?id=19 HTTP/1.1" 302 19081 "-" "Mozilla/5.0 (compatible; MJ12bot/v1.4.7; http://mj12bot.com/)"
69.30.205.218 - - [04/Jun/2017:11:51:51 +0530] "GET /logout.php HTTP/1.1" 302 369 "-" "Mozilla/5.0 (compatible; MJ12bot/v1.4.7; http://mj12bot.com/)"
69.30.205.218 - - [04/Jun/2017:11:52:04 +0530] "GET /index.php HTTP/1.1" 200 19479 "-" "Mozilla/5.0 (compatible; MJ12bot/v1.4.7; http://mj12bot.com/)"
157.55.39.226 - - [04/Jun/2017:11:52:18 +0530] "GET /project_details_view.php?id=1772 HTTP/1.1" 200 14547 "-" "Mozilla/5.0 (compatible; bingbot/2.0; +http://www.bing.com/bingbot.htm)"
69.30.205.218 - - [04/Jun/2017:11:52:21 +0530] "GET /detail_news.php?id=20 HTTP/1.1" 302 18265 "-" "Mozilla/5.0 (compatible; MJ12bot/v1.4.7; http://mj12bot.com/)"
69.30.205.218 - - [04/Jun/2017:11:52:34 +0530] "GET /logout.php HTTP/1.1" 302 369 "-" "Mozilla/5.0 (compatible; MJ12bot/v1.4.7; http://mj12bot.com/)"
69.30.205.218 - - [04/Jun/2017:11:52:43 +0530] "GET /index.php HTTP/1.1" 200 19479 "-" "Mozilla/5.0 (compatible; MJ12bot/v1.4.7; http://mj12bot.com/)"
69.30.205.218 - - [04/Jun/2017:11:52:57 +0530] "GET /registration.php HTTP/1.1" 302 28528 "-" "Mozilla/5.0 (compatible; MJ12bot/v1.4.7; http://mj12bot.com/)"
69.30.205.218 - - [04/Jun/2017:11:53:03 +0530] "GET /logout.php HTTP/1.1" 302 369 "-" "Mozilla/5.0 (compatible; MJ12bot/v1.4.7; http://mj12bot.com/)"
69.30.205.218 - - [04/Jun/2017:11:53:14 +0530] "GET /index.php HTTP/1.1" 200 19479 "-" "Mozilla/5.0 (compatible; MJ12bot/v1.4.7; http://mj12bot.com/)"
157.55.39.52 - - [04/Jun/2017:11:58:34 +0530] "GET /robots.txt HTTP/1.1" 404 208 "-" "Mozilla/5.0 (compatible; bingbot/2.0; +http://www.bing.com/bingbot.htm)"
157.55.39.226 - - [04/Jun/2017:11:58:41 +0530] "GET /project_details_view.php?id=1708 HTTP/1.1" 200 14186 "-" "Mozilla/5.0 (compatible; bingbot/2.0; +http://www.bing.com/bingbot.htm)"
162.210.196.129 - - [04/Jun/2017:11:58:41 +0530] "GET /robots.txt HTTP/1.1" 404 208 "-" "Mozilla/5.0 (compatible; MJ12bot/v1.4.8; http://mj12bot.com/)"
162.210.196.129 - - [04/Jun/2017:11:58:43 +0530] "GET / HTTP/1.1" 200 19479 "-" "Mozilla/5.0 (compatible; MJ12bot/v1.4.8; http://mj12bot.com/)"
202.46.58.86 - - [04/Jun/2017:12:00:22 +0530] "GET /project_details_view_report.php?id=712 HTTP/1.1" 200 13238 "-" "Mozilla/5.0 (Windows NT 10.0; WOW64) AppleWebKit/537.36 (KHTML, like Gecko) Chrome/45.0.2454.93 Safari/537.36"
66.249.79.129 - - [04/Jun/2017:12:01:03 +0530] "GET /project_details_view.php?id=1563&oid=1&page=21&reporttype=1 HTTP/1.1" 200 13714 "-" "Mozilla/5.0 (compatible; Googlebot/2.1; +http://www.google.com/bot.html)"
223.180.23.73 - - [04/Jun/2017:12:06:23 +0530] "GET /project_details_view.php?id=1928 HTTP/1.1" 200 14053 "https://www.google.co.in/" "Mozilla/5.0 (Windows NT 6.1; WOW64; rv:53.0) Gecko/20100101 Firefox/53.0"
223.180.23.73 - - [04/Jun/2017:12:06:24 +0530] "GET /ncdma.css HTTP/1.1" 200 12640 "http://www.cdmindia.gov.in/project_details_view.php?id=1928" "Mozilla/5.0 (Windows NT 6.1; WOW64; rv:53.0) Gecko/20100101 Firefox/53.0"
223.180.23.73 - - [04/Jun/2017:12:06:24 +0530] "GET /includes/ncdma.css HTTP/1.1" 200 13023 "http://www.cdmindia.gov.in/project_details_view.php?id=1928" "Mozilla/5.0 (Windows NT 6.1; WOW64; rv:53.0) Gecko/20100101 Firefox/53.0"
223.180.23.73 - - [04/Jun/2017:12:06:24 +0530] "GET /Scripts/AC_RunActiveContent.js HTTP/1.1" 200 8321 "http://www.cdmindia.gov.in/project_details_view.php?id=1928" "Mozilla/5.0 (Windows NT 6.1; WOW64; rv:53.0) Gecko/20100101 Firefox/53.0"
223.180.23.73 - - [04/Jun/2017:12:06:25 +0530] "GET /images/img2.jpg HTTP/1.1" 200 16276 "http://www.cdmindia.gov.in/project_details_view.php?id=1928" "Mozilla/5.0 (Windows NT 6.1; WOW64; rv:53.0) Gecko/20100101 Firefox/53.0"
223.180.23.73 - - [04/Jun/2017:12:06:25 +0530] "GET /images/spacer.gif HTTP/1.1" 200 43 "http://www.cdmindia.gov.in/project_details_view.php?id=1928" "Mozilla/5.0 (Windows NT 6.1; WOW64; rv:53.0) Gecko/20100101 Firefox/53.0"
223.180.23.73 - - [04/Jun/2017:12:06:25 +0530] "GET /images/img3.jpg HTTP/1.1" 200 26957 "http://www.cdmindia.gov.in/project_details_view.php?id=1928" "Mozilla/5.0 (Windows NT 6.1; WOW64; rv:53.0) Gecko/20100101 Firefox/53.0"
223.180.23.73 - - [04/Jun/2017:12:06:25 +0530] "GET /images/bulllet2.gif HTTP/1.1" 200 58 "http://www.cdmindia.gov.in/project_details_view.php?id=1928" "Mozilla/5.0 (Windows NT 6.1; WOW64; rv:53.0) Gecko/20100101 Firefox/53.0"
223.180.23.73 - - [04/Jun/2017:12:06:25 +0530] "GET /images/bullet4.gif HTTP/1.1" 200 67 "http://www.cdmindia.gov.in/project_details_view.php?id=1928" "Mozilla/5.0 (Windows NT 6.1; WOW64; rv:53.0) Gecko/20100101 Firefox/53.0"
223.180.23.73 - - [04/Jun/2017:12:06:25 +0530] "GET /images/bullet1.gif HTTP/1.1" 200 67 "http://www.cdmindia.gov.in/project_details_view.php?id=1928" "Mozilla/5.0 (Windows NT 6.1; WOW64; rv:53.0) Gecko/20100101 Firefox/53.0"
223.180.23.73 - - [04/Jun/2017:12:06:25 +0530] "GET /images/fdm.jpg HTTP/1.1" 200 2043 "http://www.cdmindia.gov.in/project_details_view.php?id=1928" "Mozilla/5.0 (Windows NT 6.1; WOW64; rv:53.0) Gecko/20100101 Firefox/53.0"
223.180.23.73 - - [04/Jun/2017:12:06:26 +0530] "GET /images/gtz.jpg HTTP/1.1" 200 15484 "http://www.cdmindia.gov.in/project_details_view.php?id=1928" "Mozilla/5.0 (Windows NT 6.1; WOW64; rv:53.0) Gecko/20100101 Firefox/53.0"
223.180.23.73 - - [04/Jun/2017:12:06:26 +0530] "GET /images/favicon.ico HTTP/1.1" 200 1406 "-" "Mozilla/5.0 (Windows NT 6.1; WOW64; rv:53.0) Gecko/20100101 Firefox/53.0"
223.180.23.73 - - [04/Jun/2017:12:06:26 +0530] "GET /images/img1.jpg HTTP/1.1" 200 1251 "http://www.cdmindia.gov.in/project_details_view.php?id=1928" "Mozilla/5.0 (Windows NT 6.1; WOW64; rv:53.0) Gecko/20100101 Firefox/53.0"
223.180.23.73 - - [04/Jun/2017:12:06:26 +0530] "GET /images/fbg.jpg HTTP/1.1" 200 325 "http://www.cdmindia.gov.in/project_details_view.php?id=1928" "Mozilla/5.0 (Windows NT 6.1; WOW64; rv:53.0) Gecko/20100101 Firefox/53.0"
157.55.39.98 - - [04/Jun/2017:12:10:17 +0530] "GET /project_details_view.php?id=2171 HTTP/1.1" 200 16655 "-" "Mozilla/5.0 (iPhone; CPU iPhone OS 7_0 like Mac OS X) AppleWebKit/537.51.1 (KHTML, like Gecko) Version/7.0 Mobile/11A465 Safari/9537.53 (compatible; bingbot/2.0; +http://www.bing.com/bingbot.htm)"
173.234.164.11 - - [04/Jun/2017:12:10:58 +0530] "HEAD / HTTP/1.1" 200 - "http://uptime.com/www.cdmindia.gov.in" "Mozilla/5.0 (compatible; Uptimebot/1.0; +http://www.uptime.com/uptimebot)"
213.111.213.2 - - [04/Jun/2017:12:15:18 +0530] "GET /approval_process.php HTTP/1.0" 200 25911 "http://cdmindia.gov.in/approval_process.php" "Mozilla/5.0 (Windows NT 6.3; Win64; x64) AppleWebKit/537.36 (KHTML, like Gecko) Chrome/56.0.2924.87 Safari/537.36"
213.111.213.2 - - [04/Jun/2017:12:15:19 +0530] "GET /registration.php HTTP/1.0" 200 28528 "http://cdmindia.gov.in/registration.php" "Mozilla/5.0 (Windows NT 6.3; Win64; x64) AppleWebKit/537.36 (KHTML, like Gecko) Chrome/56.0.2924.87 Safari/537.36"
213.111.213.2 - - [04/Jun/2017:12:15:20 +0530] "GET /registration.php HTTP/1.0" 200 28528 "http://cdmindia.gov.in/registration.php" "Mozilla/5.0 (Windows NT 6.3; Win64; x64) AppleWebKit/537.36 (KHTML, like Gecko) Chrome/56.0.2924.87 Safari/537.36"
213.111.213.2 - - [04/Jun/2017:12:15:20 +0530] "GET /registration.php HTTP/1.0" 200 28528 "http://cdmindia.gov.in/registration.php" "Mozilla/5.0 (Windows NT 6.3; Win64; x64) AppleWebKit/537.36 (KHTML, like Gecko) Chrome/56.0.2924.87 Safari/537.36"
213.111.213.2 - - [04/Jun/2017:12:15:21 +0530] "GET /registration.php HTTP/1.0" 200 28528 "http://cdmindia.gov.in/registration.php" "Mozilla/5.0 (Windows NT 6.3; Win64; x64) AppleWebKit/537.36 (KHTML, like Gecko) Chrome/56.0.2924.87 Safari/537.36"
66.249.79.93 - - [04/Jun/2017:12:16:19 +0530] "GET / HTTP/1.1" 200 19479 "-" "Mozilla/5.0 (Linux; Android 6.0.1; Nexus 5X Build/MMB29P) AppleWebKit/537.36 (KHTML, like Gecko) Chrome/41.0.2272.96 Mobile Safari/537.36 (compatible; Googlebot/2.1; +http://www.google.com/bot.html)"
202.46.48.138 - - [04/Jun/2017:12:18:48 +0530] "GET /project_details_view.php?id=1404 HTTP/1.1" 200 14395 "-" "Mozilla/5.0 (Windows NT 10.0; WOW64) AppleWebKit/537.36 (KHTML, like Gecko) Chrome/45.0.2454.93 Safari/537.36"
42.106.126.0 - - [04/Jun/2017:12:20:05 +0530] "GET /project_details_view.php?id=853 HTTP/1.1" 200 15053 "https://www.google.co.in/" "Mozilla/5.0 (iPhone; CPU iPhone OS 10_3_1 like Mac OS X) AppleWebKit/603.1.30 (KHTML, like Gecko) Version/10.0 Mobile/14E304 Safari/602.1"
42.106.126.0 - - [04/Jun/2017:12:20:06 +0530] "GET /Scripts/AC_RunActiveContent.js HTTP/1.1" 200 8321 "http://www.cdmindia.gov.in/project_details_view.php?id=853" "Mozilla/5.0 (iPhone; CPU iPhone OS 10_3_1 like Mac OS X) AppleWebKit/603.1.30 (KHTML, like Gecko) Version/10.0 Mobile/14E304 Safari/602.1"
42.106.126.0 - - [04/Jun/2017:12:20:06 +0530] "GET /includes/ncdma.css HTTP/1.1" 200 13023 "http://www.cdmindia.gov.in/project_details_view.php?id=853" "Mozilla/5.0 (iPhone; CPU iPhone OS 10_3_1 like Mac OS X) AppleWebKit/603.1.30 (KHTML, like Gecko) Version/10.0 Mobile/14E304 Safari/602.1"
42.106.126.0 - - [04/Jun/2017:12:20:06 +0530] "GET /ncdma.css HTTP/1.1" 200 12640 "http://www.cdmindia.gov.in/project_details_view.php?id=853" "Mozilla/5.0 (iPhone; CPU iPhone OS 10_3_1 like Mac OS X) AppleWebKit/603.1.30 (KHTML, like Gecko) Version/10.0 Mobile/14E304 Safari/602.1"
42.106.126.0 - - [04/Jun/2017:12:20:06 +0530] "GET /images/img2.jpg HTTP/1.1" 200 16276 "http://www.cdmindia.gov.in/project_details_view.php?id=853" "Mozilla/5.0 (iPhone; CPU iPhone OS 10_3_1 like Mac OS X) AppleWebKit/603.1.30 (KHTML, like Gecko) Version/10.0 Mobile/14E304 Safari/602.1"
42.106.126.0 - - [04/Jun/2017:12:20:06 +0530] "GET /images/spacer.gif HTTP/1.1" 200 43 "http://www.cdmindia.gov.in/project_details_view.php?id=853" "Mozilla/5.0 (iPhone; CPU iPhone OS 10_3_1 like Mac OS X) AppleWebKit/603.1.30 (KHTML, like Gecko) Version/10.0 Mobile/14E304 Safari/602.1"
42.106.126.0 - - [04/Jun/2017:12:20:07 +0530] "GET /images/bullet1.gif HTTP/1.1" 200 67 "http://www.cdmindia.gov.in/project_details_view.php?id=853" "Mozilla/5.0 (iPhone; CPU iPhone OS 10_3_1 like Mac OS X) AppleWebKit/603.1.30 (KHTML, like Gecko) Version/10.0 Mobile/14E304 Safari/602.1"
42.106.126.0 - - [04/Jun/2017:12:20:07 +0530] "GET /images/bulllet2.gif HTTP/1.1" 200 58 "http://www.cdmindia.gov.in/project_details_view.php?id=853" "Mozilla/5.0 (iPhone; CPU iPhone OS 10_3_1 like Mac OS X) AppleWebKit/603.1.30 (KHTML, like Gecko) Version/10.0 Mobile/14E304 Safari/602.1"
42.106.126.0 - - [04/Jun/2017:12:20:06 +0530] "GET /images/img3.jpg HTTP/1.1" 200 26957 "http://www.cdmindia.gov.in/project_details_view.php?id=853" "Mozilla/5.0 (iPhone; CPU iPhone OS 10_3_1 like Mac OS X) AppleWebKit/603.1.30 (KHTML, like Gecko) Version/10.0 Mobile/14E304 Safari/602.1"
42.106.126.0 - - [04/Jun/2017:12:20:07 +0530] "GET /images/fdm.jpg HTTP/1.1" 200 2043 "http://www.cdmindia.gov.in/project_details_view.php?id=853" "Mozilla/5.0 (iPhone; CPU iPhone OS 10_3_1 like Mac OS X) AppleWebKit/603.1.30 (KHTML, like Gecko) Version/10.0 Mobile/14E304 Safari/602.1"
42.106.126.0 - - [04/Jun/2017:12:20:07 +0530] "GET /images/gtz.jpg HTTP/1.1" 200 15484 "http://www.cdmindia.gov.in/project_details_view.php?id=853" "Mozilla/5.0 (iPhone; CPU iPhone OS 10_3_1 like Mac OS X) AppleWebKit/603.1.30 (KHTML, like Gecko) Version/10.0 Mobile/14E304 Safari/602.1"
42.106.126.0 - - [04/Jun/2017:12:20:07 +0530] "GET /images/bullet4.gif HTTP/1.1" 200 67 "http://www.cdmindia.gov.in/project_details_view.php?id=853" "Mozilla/5.0 (iPhone; CPU iPhone OS 10_3_1 like Mac OS X) AppleWebKit/603.1.30 (KHTML, like Gecko) Version/10.0 Mobile/14E304 Safari/602.1"
42.106.126.0 - - [04/Jun/2017:12:20:07 +0530] "GET /images/img1.jpg HTTP/1.1" 200 1251 "http://www.cdmindia.gov.in/project_details_view.php?id=853" "Mozilla/5.0 (iPhone; CPU iPhone OS 10_3_1 like Mac OS X) AppleWebKit/603.1.30 (KHTML, like Gecko) Version/10.0 Mobile/14E304 Safari/602.1"
42.106.126.0 - - [04/Jun/2017:12:20:07 +0530] "GET /images/fbg.jpg HTTP/1.1" 200 325 "http://www.cdmindia.gov.in/project_details_view.php?id=853" "Mozilla/5.0 (iPhone; CPU iPhone OS 10_3_1 like Mac OS X) AppleWebKit/603.1.30 (KHTML, like Gecko) Version/10.0 Mobile/14E304 Safari/602.1"
149.202.82.75 - - [04/Jun/2017:12:29:19 +0530] "GET /ncdma.css HTTP/1.1" 200 12640 "-" "Melvil MeatPacker/1.0"
149.202.82.75 - - [04/Jun/2017:12:29:19 +0530] "GET /includes/ncdma.css HTTP/1.1" 200 13023 "-" "Melvil MeatPacker/1.0"
118.208.232.190 - - [04/Jun/2017:12:30:24 +0530] "GET /wp-login.php HTTP/1.1" 404 210 "-" "Mozilla/5.0 (Windows NT 6.1; WOW64; rv:40.0) Gecko/20100101 Firefox/40.1"
118.208.232.190 - - [04/Jun/2017:12:30:25 +0530] "GET / HTTP/1.1" 200 19479 "-" "Mozilla/5.0 (Windows NT 6.1; WOW64; rv:40.0) Gecko/20100101 Firefox/40.1"
66.249.79.133 - - [04/Jun/2017:12:31:10 +0530] "GET /downloads/Template_sharing%202Percent.doc HTTP/1.1" 200 73728 "-" "Mozilla/5.0 (Linux; Android 6.0.1; Nexus 5X Build/MMB29P) AppleWebKit/537.36 (KHTML, like Gecko) Chrome/41.0.2272.96 Mobile Safari/537.36 (compatible; Googlebot/2.1; +http://www.google.com/bot.html)"
157.55.39.245 - - [04/Jun/2017:12:34:31 +0530] "GET /project_details_view.php?id=1895 HTTP/1.1" 200 14601 "-" "Mozilla/5.0 (compatible; bingbot/2.0; +http://www.bing.com/bingbot.htm)"
202.46.58.139 - - [04/Jun/2017:12:37:15 +0530] "GET /project_details_view.php?id=914 HTTP/1.1" 200 14408 "-" "Mozilla/5.0 (Windows NT 10.0; WOW64) AppleWebKit/537.36 (KHTML, like Gecko) Chrome/45.0.2454.93 Safari/537.36"
66.249.79.133 - - [04/Jun/2017:12:40:53 +0530] "GET /project_details_view.php?id=2037&oid=1&page=4&reporttype=1 HTTP/1.1" 200 14458 "-" "Mozilla/5.0 (compatible; Googlebot/2.1; +http://www.google.com/bot.html)"
203.163.233.166 - - [04/Jun/2017:12:42:04 +0530] "GET /project_details_view.php?id=410 HTTP/1.1" 200 14896 "https://www.google.co.in/" "Mozilla/5.0 (Windows NT 6.1) AppleWebKit/537.36 (KHTML, like Gecko) Chrome/58.0.3029.110 Safari/537.36"
203.163.233.166 - - [04/Jun/2017:12:42:04 +0530] "GET /ncdma.css HTTP/1.1" 200 12640 "http://www.cdmindia.gov.in/project_details_view.php?id=410" "Mozilla/5.0 (Windows NT 6.1) AppleWebKit/537.36 (KHTML, like Gecko) Chrome/58.0.3029.110 Safari/537.36"
203.163.233.166 - - [04/Jun/2017:12:42:04 +0530] "GET /includes/ncdma.css HTTP/1.1" 200 13023 "http://www.cdmindia.gov.in/project_details_view.php?id=410" "Mozilla/5.0 (Windows NT 6.1) AppleWebKit/537.36 (KHTML, like Gecko) Chrome/58.0.3029.110 Safari/537.36"
203.163.233.166 - - [04/Jun/2017:12:42:04 +0530] "GET /Scripts/AC_RunActiveContent.js HTTP/1.1" 200 8321 "http://www.cdmindia.gov.in/project_details_view.php?id=410" "Mozilla/5.0 (Windows NT 6.1) AppleWebKit/537.36 (KHTML, like Gecko) Chrome/58.0.3029.110 Safari/537.36"
203.163.233.166 - - [04/Jun/2017:12:42:04 +0530] "GET /images/img2.jpg HTTP/1.1" 200 16276 "http://www.cdmindia.gov.in/project_details_view.php?id=410" "Mozilla/5.0 (Windows NT 6.1) AppleWebKit/537.36 (KHTML, like Gecko) Chrome/58.0.3029.110 Safari/537.36"
203.163.233.166 - - [04/Jun/2017:12:42:04 +0530] "GET /images/spacer.gif HTTP/1.1" 200 43 "http://www.cdmindia.gov.in/project_details_view.php?id=410" "Mozilla/5.0 (Windows NT 6.1) AppleWebKit/537.36 (KHTML, like Gecko) Chrome/58.0.3029.110 Safari/537.36"
203.163.233.166 - - [04/Jun/2017:12:42:04 +0530] "GET /images/bullet1.gif HTTP/1.1" 200 67 "http://www.cdmindia.gov.in/project_details_view.php?id=410" "Mozilla/5.0 (Windows NT 6.1) AppleWebKit/537.36 (KHTML, like Gecko) Chrome/58.0.3029.110 Safari/537.36"
203.163.233.166 - - [04/Jun/2017:12:42:04 +0530] "GET /images/bulllet2.gif HTTP/1.1" 200 58 "http://www.cdmindia.gov.in/project_details_view.php?id=410" "Mozilla/5.0 (Windows NT 6.1) AppleWebKit/537.36 (KHTML, like Gecko) Chrome/58.0.3029.110 Safari/537.36"
203.163.233.166 - - [04/Jun/2017:12:42:04 +0530] "GET /images/bullet4.gif HTTP/1.1" 200 67 "http://www.cdmindia.gov.in/project_details_view.php?id=410" "Mozilla/5.0 (Windows NT 6.1) AppleWebKit/537.36 (KHTML, like Gecko) Chrome/58.0.3029.110 Safari/537.36"
203.163.233.166 - - [04/Jun/2017:12:42:04 +0530] "GET /images/img3.jpg HTTP/1.1" 200 26957 "http://www.cdmindia.gov.in/project_details_view.php?id=410" "Mozilla/5.0 (Windows NT 6.1) AppleWebKit/537.36 (KHTML, like Gecko) Chrome/58.0.3029.110 Safari/537.36"
203.163.233.166 - - [04/Jun/2017:12:42:04 +0530] "GET /images/fdm.jpg HTTP/1.1" 200 2043 "http://www.cdmindia.gov.in/project_details_view.php?id=410" "Mozilla/5.0 (Windows NT 6.1) AppleWebKit/537.36 (KHTML, like Gecko) Chrome/58.0.3029.110 Safari/537.36"
203.163.233.166 - - [04/Jun/2017:12:42:04 +0530] "GET /images/gtz.jpg HTTP/1.1" 200 15484 "http://www.cdmindia.gov.in/project_details_view.php?id=410" "Mozilla/5.0 (Windows NT 6.1) AppleWebKit/537.36 (KHTML, like Gecko) Chrome/58.0.3029.110 Safari/537.36"
203.163.233.166 - - [04/Jun/2017:12:42:04 +0530] "GET /images/img1.jpg HTTP/1.1" 200 1251 "http://www.cdmindia.gov.in/project_details_view.php?id=410" "Mozilla/5.0 (Windows NT 6.1) AppleWebKit/537.36 (KHTML, like Gecko) Chrome/58.0.3029.110 Safari/537.36"
203.163.233.166 - - [04/Jun/2017:12:42:04 +0530] "GET /images/fbg.jpg HTTP/1.1" 200 325 "http://www.cdmindia.gov.in/project_details_view.php?id=410" "Mozilla/5.0 (Windows NT 6.1) AppleWebKit/537.36 (KHTML, like Gecko) Chrome/58.0.3029.110 Safari/537.36"
203.163.233.166 - - [04/Jun/2017:12:42:04 +0530] "GET /favicon.ico HTTP/1.1" 200 1189 "http://www.cdmindia.gov.in/project_details_view.php?id=410" "Mozilla/5.0 (Windows NT 6.1) AppleWebKit/537.36 (KHTML, like Gecko) Chrome/58.0.3029.110 Safari/537.36"
207.46.13.103 - - [04/Jun/2017:12:43:41 +0530] "GET /project_details_view.php?id=387 HTTP/1.1" 200 14221 "-" "Mozilla/5.0 (compatible; bingbot/2.0; +http://www.bing.com/bingbot.htm)"
66.249.79.131 - - [04/Jun/2017:12:47:01 +0530] "GET /project_details_view_report.php?id=406 HTTP/1.1" 200 13162 "-" "Mozilla/5.0 (compatible; Googlebot/2.1; +http://www.google.com/bot.html)"
207.46.13.103 - - [04/Jun/2017:12:50:31 +0530] "GET /project_details_view.php?id=1486 HTTP/1.1" 200 14705 "-" "Mozilla/5.0 (compatible; bingbot/2.0; +http://www.bing.com/bingbot.htm)"
157.55.39.245 - - [04/Jun/2017:12:50:40 +0530] "GET /project_details_view.php?id=801 HTTP/1.1" 200 15056 "-" "Mozilla/5.0 (compatible; bingbot/2.0; +http://www.bing.com/bingbot.htm)"
41.202.90.152 - - [04/Jun/2017:12:59:37 +0530] "GET / HTTP/1.1" 200 19479 "-" "Mozilla/4.0 (compatible; MSIE 5.0; Windows NT; DigExt; DTS Agent"
66.249.93.212 - - [04/Jun/2017:13:07:48 +0530] "GET /project_details_view.php?id=1281 HTTP/1.1" 200 14397 "http://www.google.ae/" "Mozilla/5.0 (Linux; Android 7.0; G3112 Build/40.0.A.5.14) AppleWebKit/537.36 (KHTML, like Gecko) Chrome/58.0.3029.83 Mobile Safari/537.36"
66.249.93.213 - - [04/Jun/2017:13:07:49 +0530] "GET /ncdma.css HTTP/1.1" 200 12640 "http://www.cdmindia.gov.in/project_details_view.php?id=1281" "Mozilla/5.0 (Linux; Android 7.0; G3112 Build/40.0.A.5.14) AppleWebKit/537.36 (KHTML, like Gecko) Chrome/58.0.3029.83 Mobile Safari/537.36"
66.249.93.213 - - [04/Jun/2017:13:07:49 +0530] "GET /Scripts/AC_RunActiveContent.js HTTP/1.1" 200 8321 "http://www.cdmindia.gov.in/project_details_view.php?id=1281" "Mozilla/5.0 (Linux; Android 7.0; G3112 Build/40.0.A.5.14) AppleWebKit/537.36 (KHTML, like Gecko) Chrome/58.0.3029.83 Mobile Safari/537.36"
66.249.93.214 - - [04/Jun/2017:13:07:50 +0530] "GET /includes/ncdma.css HTTP/1.1" 200 13023 "http://www.cdmindia.gov.in/project_details_view.php?id=1281" "Mozilla/5.0 (Linux; Android 7.0; G3112 Build/40.0.A.5.14) AppleWebKit/537.36 (KHTML, like Gecko) Chrome/58.0.3029.83 Mobile Safari/537.36"
66.249.93.213 - - [04/Jun/2017:13:07:50 +0530] "GET /images/img2.jpg HTTP/1.1" 200 16276 "http://www.cdmindia.gov.in/project_details_view.php?id=1281" "Mozilla/5.0 (Linux; Android 7.0; G3112 Build/40.0.A.5.14) AppleWebKit/537.36 (KHTML, like Gecko) Chrome/58.0.3029.83 Mobile Safari/537.36"
66.249.93.213 - - [04/Jun/2017:13:07:51 +0530] "GET /images/bulllet2.gif HTTP/1.1" 200 58 "http://www.cdmindia.gov.in/project_details_view.php?id=1281" "Mozilla/5.0 (Linux; Android 7.0; G3112 Build/40.0.A.5.14) AppleWebKit/537.36 (KHTML, like Gecko) Chrome/58.0.3029.83 Mobile Safari/537.36"
66.249.93.213 - - [04/Jun/2017:13:07:51 +0530] "GET /images/bullet4.gif HTTP/1.1" 200 67 "http://www.cdmindia.gov.in/project_details_view.php?id=1281" "Mozilla/5.0 (Linux; Android 7.0; G3112 Build/40.0.A.5.14) AppleWebKit/537.36 (KHTML, like Gecko) Chrome/58.0.3029.83 Mobile Safari/537.36"
66.249.93.213 - - [04/Jun/2017:13:07:51 +0530] "GET /images/bullet1.gif HTTP/1.1" 200 67 "http://www.cdmindia.gov.in/project_details_view.php?id=1281" "Mozilla/5.0 (Linux; Android 7.0; G3112 Build/40.0.A.5.14) AppleWebKit/537.36 (KHTML, like Gecko) Chrome/58.0.3029.83 Mobile Safari/537.36"
66.249.93.214 - - [04/Jun/2017:13:07:51 +0530] "GET /images/spacer.gif HTTP/1.1" 200 43 "http://www.cdmindia.gov.in/project_details_view.php?id=1281" "Mozilla/5.0 (Linux; Android 7.0; G3112 Build/40.0.A.5.14) AppleWebKit/537.36 (KHTML, like Gecko) Chrome/58.0.3029.83 Mobile Safari/537.36"
66.249.93.213 - - [04/Jun/2017:13:07:51 +0530] "GET /images/img3.jpg HTTP/1.1" 200 26957 "http://www.cdmindia.gov.in/project_details_view.php?id=1281" "Mozilla/5.0 (Linux; Android 7.0; G3112 Build/40.0.A.5.14) AppleWebKit/537.36 (KHTML, like Gecko) Chrome/58.0.3029.83 Mobile Safari/537.36"
66.249.93.214 - - [04/Jun/2017:13:07:52 +0530] "GET /images/fdm.jpg HTTP/1.1" 200 2043 "http://www.cdmindia.gov.in/project_details_view.php?id=1281" "Mozilla/5.0 (Linux; Android 7.0; G3112 Build/40.0.A.5.14) AppleWebKit/537.36 (KHTML, like Gecko) Chrome/58.0.3029.83 Mobile Safari/537.36"
66.249.93.214 - - [04/Jun/2017:13:07:52 +0530] "GET /images/fbg.jpg HTTP/1.1" 200 325 "http://www.cdmindia.gov.in/project_details_view.php?id=1281" "Mozilla/5.0 (Linux; Android 7.0; G3112 Build/40.0.A.5.14) AppleWebKit/537.36 (KHTML, like Gecko) Chrome/58.0.3029.83 Mobile Safari/537.36"
66.249.93.212 - - [04/Jun/2017:13:07:52 +0530] "GET /images/img1.jpg HTTP/1.1" 200 1251 "http://www.cdmindia.gov.in/project_details_view.php?id=1281" "Mozilla/5.0 (Linux; Android 7.0; G3112 Build/40.0.A.5.14) AppleWebKit/537.36 (KHTML, like Gecko) Chrome/58.0.3029.83 Mobile Safari/537.36"
66.249.93.212 - - [04/Jun/2017:13:07:52 +0530] "GET /images/gtz.jpg HTTP/1.1" 200 15484 "http://www.cdmindia.gov.in/project_details_view.php?id=1281" "Mozilla/5.0 (Linux; Android 7.0; G3112 Build/40.0.A.5.14) AppleWebKit/537.36 (KHTML, like Gecko) Chrome/58.0.3029.83 Mobile Safari/537.36"
66.249.93.214 - - [04/Jun/2017:13:07:53 +0530] "GET /favicon.ico HTTP/1.1" 200 1189 "http://www.cdmindia.gov.in/project_details_view.php?id=1281" "Mozilla/5.0 (Linux; Android 7.0; G3112 Build/40.0.A.5.14) AppleWebKit/537.36 (KHTML, like Gecko) Chrome/58.0.3029.83 Mobile Safari/537.36"
202.168.159.18 - - [04/Jun/2017:13:08:13 +0530] "GET / HTTP/1.1" 200 19479 "https://www.google.co.in/" "Mozilla/5.0 (X11; Fedora; Linux x86_64; rv:51.0) Gecko/20100101 Firefox/51.0"
202.168.159.18 - - [04/Jun/2017:13:08:14 +0530] "GET /includes/ncdma.css HTTP/1.1" 200 13023 "http://www.cdmindia.gov.in/" "Mozilla/5.0 (X11; Fedora; Linux x86_64; rv:51.0) Gecko/20100101 Firefox/51.0"
202.168.159.18 - - [04/Jun/2017:13:08:14 +0530] "GET /js/base64_encode.js HTTP/1.1" 200 3002 "http://www.cdmindia.gov.in/" "Mozilla/5.0 (X11; Fedora; Linux x86_64; rv:51.0) Gecko/20100101 Firefox/51.0"
202.168.159.18 - - [04/Jun/2017:13:08:14 +0530] "GET /Scripts/AC_RunActiveContent.js HTTP/1.1" 200 8321 "http://www.cdmindia.gov.in/" "Mozilla/5.0 (X11; Fedora; Linux x86_64; rv:51.0) Gecko/20100101 Firefox/51.0"
202.168.159.18 - - [04/Jun/2017:13:08:14 +0530] "GET /ncdma.css HTTP/1.1" 200 12640 "http://www.cdmindia.gov.in/" "Mozilla/5.0 (X11; Fedora; Linux x86_64; rv:51.0) Gecko/20100101 Firefox/51.0"
202.168.159.18 - - [04/Jun/2017:13:08:14 +0530] "GET /js/md5.js HTTP/1.1" 200 13194 "http://www.cdmindia.gov.in/" "Mozilla/5.0 (X11; Fedora; Linux x86_64; rv:51.0) Gecko/20100101 Firefox/51.0"
202.168.159.18 - - [04/Jun/2017:13:08:14 +0530] "GET /images/img2.jpg HTTP/1.1" 200 16276 "http://www.cdmindia.gov.in/" "Mozilla/5.0 (X11; Fedora; Linux x86_64; rv:51.0) Gecko/20100101 Firefox/51.0"
202.168.159.18 - - [04/Jun/2017:13:08:14 +0530] "GET /images/bullet1.gif HTTP/1.1" 200 67 "http://www.cdmindia.gov.in/" "Mozilla/5.0 (X11; Fedora; Linux x86_64; rv:51.0) Gecko/20100101 Firefox/51.0"
202.168.159.18 - - [04/Jun/2017:13:08:14 +0530] "GET /images/spacer.gif HTTP/1.1" 200 43 "http://www.cdmindia.gov.in/" "Mozilla/5.0 (X11; Fedora; Linux x86_64; rv:51.0) Gecko/20100101 Firefox/51.0"
202.168.159.18 - - [04/Jun/2017:13:08:14 +0530] "GET /images/bulllet2.gif HTTP/1.1" 200 58 "http://www.cdmindia.gov.in/" "Mozilla/5.0 (X11; Fedora; Linux x86_64; rv:51.0) Gecko/20100101 Firefox/51.0"
202.168.159.18 - - [04/Jun/2017:13:08:14 +0530] "GET /images/bullet4.gif HTTP/1.1" 200 67 "http://www.cdmindia.gov.in/" "Mozilla/5.0 (X11; Fedora; Linux x86_64; rv:51.0) Gecko/20100101 Firefox/51.0"
202.168.159.18 - - [04/Jun/2017:13:08:14 +0530] "GET /images/img3.jpg HTTP/1.1" 200 26957 "http://www.cdmindia.gov.in/" "Mozilla/5.0 (X11; Fedora; Linux x86_64; rv:51.0) Gecko/20100101 Firefox/51.0"
202.168.159.18 - - [04/Jun/2017:13:08:14 +0530] "GET /images/fdm.jpg HTTP/1.1" 200 2043 "http://www.cdmindia.gov.in/" "Mozilla/5.0 (X11; Fedora; Linux x86_64; rv:51.0) Gecko/20100101 Firefox/51.0"
202.168.159.18 - - [04/Jun/2017:13:08:15 +0530] "GET /images/bullet3.gif HTTP/1.1" 200 58 "http://www.cdmindia.gov.in/" "Mozilla/5.0 (X11; Fedora; Linux x86_64; rv:51.0) Gecko/20100101 Firefox/51.0"
202.168.159.18 - - [04/Jun/2017:13:08:15 +0530] "GET /images/login1.jpg HTTP/1.1" 200 618 "http://www.cdmindia.gov.in/" "Mozilla/5.0 (X11; Fedora; Linux x86_64; rv:51.0) Gecko/20100101 Firefox/51.0"
202.168.159.18 - - [04/Jun/2017:13:08:15 +0530] "GET /images/fe.jpg HTTP/1.1" 200 1429 "http://www.cdmindia.gov.in/" "Mozilla/5.0 (X11; Fedora; Linux x86_64; rv:51.0) Gecko/20100101 Firefox/51.0"
202.168.159.18 - - [04/Jun/2017:13:08:15 +0530] "GET /images/gtz.jpg HTTP/1.1" 200 15484 "http://www.cdmindia.gov.in/" "Mozilla/5.0 (X11; Fedora; Linux x86_64; rv:51.0) Gecko/20100101 Firefox/51.0"
202.168.159.18 - - [04/Jun/2017:13:08:15 +0530] "GET /images/favicon.ico HTTP/1.1" 200 1406 "-" "Mozilla/5.0 (X11; Fedora; Linux x86_64; rv:51.0) Gecko/20100101 Firefox/51.0"
202.168.159.18 - - [04/Jun/2017:13:08:15 +0530] "GET /images/login.jpg HTTP/1.1" 200 1044 "http://www.cdmindia.gov.in/" "Mozilla/5.0 (X11; Fedora; Linux x86_64; rv:51.0) Gecko/20100101 Firefox/51.0"
202.168.159.18 - - [04/Jun/2017:13:08:15 +0530] "GET /images/img1.jpg HTTP/1.1" 200 1251 "http://www.cdmindia.gov.in/" "Mozilla/5.0 (X11; Fedora; Linux x86_64; rv:51.0) Gecko/20100101 Firefox/51.0"
202.168.159.18 - - [04/Jun/2017:13:08:15 +0530] "GET /images/fbg.jpg HTTP/1.1" 200 325 "http://www.cdmindia.gov.in/" "Mozilla/5.0 (X11; Fedora; Linux x86_64; rv:51.0) Gecko/20100101 Firefox/51.0"
202.168.159.18 - - [04/Jun/2017:13:08:15 +0530] "GET /images/midbanner.swf HTTP/1.1" 200 285833 "http://www.cdmindia.gov.in/" "Mozilla/5.0 (X11; Fedora; Linux x86_64; rv:51.0) Gecko/20100101 Firefox/51.0"
195.154.252.41 - - [04/Jun/2017:13:08:25 +0530] "GET /approval_process.php HTTP/1.0" 200 25911 "http://cdmindia.gov.in/approval_process.php" "Mozilla/5.0 (Windows NT 6.2; Win64; x64) AppleWebKit/537.36 (KHTML, like Gecko) Chrome/57.0.2987.133 Safari/537.36"
195.154.252.41 - - [04/Jun/2017:13:08:26 +0530] "GET /registration.php HTTP/1.0" 200 28528 "http://cdmindia.gov.in/registration.php" "Mozilla/5.0 (Windows NT 6.2; Win64; x64) AppleWebKit/537.36 (KHTML, like Gecko) Chrome/57.0.2987.133 Safari/537.36"
195.154.252.41 - - [04/Jun/2017:13:08:27 +0530] "GET /registration.php HTTP/1.0" 200 28528 "http://cdmindia.gov.in/registration.php" "Mozilla/5.0 (Windows NT 6.2; Win64; x64) AppleWebKit/537.36 (KHTML, like Gecko) Chrome/57.0.2987.133 Safari/537.36"
195.154.252.41 - - [04/Jun/2017:13:08:28 +0530] "GET /registration.php HTTP/1.0" 200 28528 "http://cdmindia.gov.in/registration.php" "Mozilla/5.0 (Windows NT 6.2; Win64; x64) AppleWebKit/537.36 (KHTML, like Gecko) Chrome/57.0.2987.133 Safari/537.36"
195.154.252.41 - - [04/Jun/2017:13:08:29 +0530] "GET /registration.php HTTP/1.0" 200 28528 "http://cdmindia.gov.in/registration.php" "Mozilla/5.0 (Windows NT 6.2; Win64; x64) AppleWebKit/537.36 (KHTML, like Gecko) Chrome/57.0.2987.133 Safari/537.36"
66.249.79.131 - - [04/Jun/2017:13:11:38 +0530] "GET /detail_news.php?id=4 HTTP/1.1" 302 19561 "-" "Mozilla/5.0 (Linux; Android 6.0.1; Nexus 5X Build/MMB29P) AppleWebKit/537.36 (KHTML, like Gecko) Chrome/41.0.2272.96 Mobile Safari/537.36 (compatible; Googlebot/2.1; +http://www.google.com/bot.html)"
66.249.79.133 - - [04/Jun/2017:13:11:40 +0530] "GET /logout.php HTTP/1.1" 302 369 "-" "Mozilla/5.0 (Linux; Android 6.0.1; Nexus 5X Build/MMB29P) AppleWebKit/537.36 (KHTML, like Gecko) Chrome/41.0.2272.96 Mobile Safari/537.36 (compatible; Googlebot/2.1; +http://www.google.com/bot.html)"
66.249.79.133 - - [04/Jun/2017:13:11:40 +0530] "GET /index.php HTTP/1.1" 200 19479 "-" "Mozilla/5.0 (Linux; Android 6.0.1; Nexus 5X Build/MMB29P) AppleWebKit/537.36 (KHTML, like Gecko) Chrome/41.0.2272.96 Mobile Safari/537.36 (compatible; Googlebot/2.1; +http://www.google.com/bot.html)"
117.209.175.215 - - [04/Jun/2017:13:13:44 +0530] "GET /project_details_view.php?id=426 HTTP/1.1" 200 14090 "https://www.google.co.in/" "Mozilla/5.0 (Windows NT 6.1) AppleWebKit/537.36 (KHTML, like Gecko) Chrome/58.0.3029.110 Safari/537.36"
117.209.175.215 - - [04/Jun/2017:13:13:44 +0530] "GET /includes/ncdma.css HTTP/1.1" 200 13023 "http://www.cdmindia.gov.in/project_details_view.php?id=426" "Mozilla/5.0 (Windows NT 6.1) AppleWebKit/537.36 (KHTML, like Gecko) Chrome/58.0.3029.110 Safari/537.36"
117.209.175.215 - - [04/Jun/2017:13:13:44 +0530] "GET /ncdma.css HTTP/1.1" 200 12640 "http://www.cdmindia.gov.in/project_details_view.php?id=426" "Mozilla/5.0 (Windows NT 6.1) AppleWebKit/537.36 (KHTML, like Gecko) Chrome/58.0.3029.110 Safari/537.36"
117.209.175.215 - - [04/Jun/2017:13:13:45 +0530] "GET /Scripts/AC_RunActiveContent.js HTTP/1.1" 200 8321 "http://www.cdmindia.gov.in/project_details_view.php?id=426" "Mozilla/5.0 (Windows NT 6.1) AppleWebKit/537.36 (KHTML, like Gecko) Chrome/58.0.3029.110 Safari/537.36"
117.209.175.215 - - [04/Jun/2017:13:13:53 +0530] "GET /images/img2.jpg HTTP/1.1" 200 16276 "http://www.cdmindia.gov.in/project_details_view.php?id=426" "Mozilla/5.0 (Windows NT 6.1) AppleWebKit/537.36 (KHTML, like Gecko) Chrome/58.0.3029.110 Safari/537.36"
117.209.175.215 - - [04/Jun/2017:13:13:54 +0530] "GET /images/bullet4.gif HTTP/1.1" 200 67 "http://www.cdmindia.gov.in/project_details_view.php?id=426" "Mozilla/5.0 (Windows NT 6.1) AppleWebKit/537.36 (KHTML, like Gecko) Chrome/58.0.3029.110 Safari/537.36"
117.209.175.215 - - [04/Jun/2017:13:13:54 +0530] "GET /images/img1.jpg HTTP/1.1" 200 1251 "http://www.cdmindia.gov.in/project_details_view.php?id=426" "Mozilla/5.0 (Windows NT 6.1) AppleWebKit/537.36 (KHTML, like Gecko) Chrome/58.0.3029.110 Safari/537.36"
117.209.175.215 - - [04/Jun/2017:13:13:55 +0530] "GET /images/spacer.gif HTTP/1.1" 200 43 "http://www.cdmindia.gov.in/project_details_view.php?id=426" "Mozilla/5.0 (Windows NT 6.1) AppleWebKit/537.36 (KHTML, like Gecko) Chrome/58.0.3029.110 Safari/537.36"
117.209.175.215 - - [04/Jun/2017:13:13:54 +0530] "GET /images/img3.jpg HTTP/1.1" 200 26957 "http://www.cdmindia.gov.in/project_details_view.php?id=426" "Mozilla/5.0 (Windows NT 6.1) AppleWebKit/537.36 (KHTML, like Gecko) Chrome/58.0.3029.110 Safari/537.36"
117.209.175.215 - - [04/Jun/2017:13:13:55 +0530] "GET /images/bullet1.gif HTTP/1.1" 200 67 "http://www.cdmindia.gov.in/project_details_view.php?id=426" "Mozilla/5.0 (Windows NT 6.1) AppleWebKit/537.36 (KHTML, like Gecko) Chrome/58.0.3029.110 Safari/537.36"
117.209.175.215 - - [04/Jun/2017:13:13:56 +0530] "GET /images/bulllet2.gif HTTP/1.1" 200 58 "http://www.cdmindia.gov.in/project_details_view.php?id=426" "Mozilla/5.0 (Windows NT 6.1) AppleWebKit/537.36 (KHTML, like Gecko) Chrome/58.0.3029.110 Safari/537.36"
117.209.175.215 - - [04/Jun/2017:13:13:57 +0530] "GET /images/fdm.jpg HTTP/1.1" 200 2043 "http://www.cdmindia.gov.in/project_details_view.php?id=426" "Mozilla/5.0 (Windows NT 6.1) AppleWebKit/537.36 (KHTML, like Gecko) Chrome/58.0.3029.110 Safari/537.36"
117.209.175.215 - - [04/Jun/2017:13:13:58 +0530] "GET /images/fbg.jpg HTTP/1.1" 200 325 "http://www.cdmindia.gov.in/project_details_view.php?id=426" "Mozilla/5.0 (Windows NT 6.1) AppleWebKit/537.36 (KHTML, like Gecko) Chrome/58.0.3029.110 Safari/537.36"
202.46.52.111 - - [04/Jun/2017:13:14:07 +0530] "GET /project_details_view_report.php?id=49 HTTP/1.1" 200 13070 "-" "Mozilla/5.0 (Windows NT 10.0; WOW64) AppleWebKit/537.36 (KHTML, like Gecko) Chrome/45.0.2454.93 Safari/537.36"
117.209.175.215 - - [04/Jun/2017:13:15:55 +0530] "GET /project_details_view.php?id=426 HTTP/1.1" 200 14090 "https://www.google.co.in/" "Mozilla/5.0 (Windows NT 6.1) AppleWebKit/537.36 (KHTML, like Gecko) Chrome/58.0.3029.110 Safari/537.36"
117.209.175.215 - - [04/Jun/2017:13:15:56 +0530] "GET /images/img3.jpg HTTP/1.1" 206 1 "http://www.cdmindia.gov.in/project_details_view.php?id=426" "Mozilla/5.0 (Windows NT 6.1) AppleWebKit/537.36 (KHTML, like Gecko) Chrome/58.0.3029.110 Safari/537.36"
117.209.175.215 - - [04/Jun/2017:13:15:58 +0530] "GET /images/img3.jpg HTTP/1.1" 206 2000 "http://www.cdmindia.gov.in/project_details_view.php?id=426" "Mozilla/5.0 (Windows NT 6.1) AppleWebKit/537.36 (KHTML, like Gecko) Chrome/58.0.3029.110 Safari/537.36"
117.209.175.215 - - [04/Jun/2017:13:15:59 +0530] "GET /images/gtz.jpg HTTP/1.1" 200 15484 "http://www.cdmindia.gov.in/project_details_view.php?id=426" "Mozilla/5.0 (Windows NT 6.1) AppleWebKit/537.36 (KHTML, like Gecko) Chrome/58.0.3029.110 Safari/537.36"
157.55.39.245 - - [04/Jun/2017:13:16:49 +0530] "GET /project_details_view.php?id=340 HTTP/1.1" 200 14632 "-" "Mozilla/5.0 (compatible; bingbot/2.0; +http://www.bing.com/bingbot.htm)"
35.184.189.105 - - [04/Jun/2017:13:18:22 +0530] "GET /robots.txt HTTP/1.1" 404 208 "-" "ltx71 - (http://ltx71.com/)"
35.184.189.105 - - [04/Jun/2017:13:19:37 +0530] "GET /reports_new.php?n=1 HTTP/1.1" 200 22410 "-" "ltx71 - (http://ltx71.com/)"
93.145.150.34 - - [04/Jun/2017:13:20:29 +0530] "GET / HTTP/1.1" 200 19479 "-" "Mozilla/4.0 (compatible; MSIE 5.0; Windows NT; DigExt; DTS Agent"
35.184.189.105 - - [04/Jun/2017:13:21:29 +0530] "GET /index.php HTTP/1.1" 200 19479 "-" "ltx71 - (http://ltx71.com/)"
35.184.189.105 - - [04/Jun/2017:13:31:29 +0530] "GET /robots.txt HTTP/1.1" 404 208 "-" "ltx71 - (http://ltx71.com/)"
35.184.189.105 - - [04/Jun/2017:13:32:34 +0530] "GET /registration.php HTTP/1.1" 302 28528 "-" "ltx71 - (http://ltx71.com/)"
47.15.11.205 - - [04/Jun/2017:13:33:23 +0530] "GET /project_details_view.php?id=2087 HTTP/1.1" 200 13927 "https://www.google.co.in/" "Mozilla/5.0 (Linux; Android 4.4.2; LG-D686 Build/KOT49I.D68620d) AppleWebKit/537.36 (KHTML, like Gecko) Chrome/58.0.3029.83 Mobile Safari/537.36"
47.15.11.205 - - [04/Jun/2017:13:33:24 +0530] "GET /includes/ncdma.css HTTP/1.1" 200 13023 "http://www.cdmindia.gov.in/project_details_view.php?id=2087" "Mozilla/5.0 (Linux; Android 4.4.2; LG-D686 Build/KOT49I.D68620d) AppleWebKit/537.36 (KHTML, like Gecko) Chrome/58.0.3029.83 Mobile Safari/537.36"
47.15.11.205 - - [04/Jun/2017:13:33:24 +0530] "GET /ncdma.css HTTP/1.1" 200 12640 "http://www.cdmindia.gov.in/project_details_view.php?id=2087" "Mozilla/5.0 (Linux; Android 4.4.2; LG-D686 Build/KOT49I.D68620d) AppleWebKit/537.36 (KHTML, like Gecko) Chrome/58.0.3029.83 Mobile Safari/537.36"
47.15.11.205 - - [04/Jun/2017:13:33:24 +0530] "GET /Scripts/AC_RunActiveContent.js HTTP/1.1" 200 8321 "http://www.cdmindia.gov.in/project_details_view.php?id=2087" "Mozilla/5.0 (Linux; Android 4.4.2; LG-D686 Build/KOT49I.D68620d) AppleWebKit/537.36 (KHTML, like Gecko) Chrome/58.0.3029.83 Mobile Safari/537.36"
47.15.11.205 - - [04/Jun/2017:13:33:24 +0530] "GET /images/img2.jpg HTTP/1.1" 200 16276 "http://www.cdmindia.gov.in/project_details_view.php?id=2087" "Mozilla/5.0 (Linux; Android 4.4.2; LG-D686 Build/KOT49I.D68620d) AppleWebKit/537.36 (KHTML, like Gecko) Chrome/58.0.3029.83 Mobile Safari/537.36"
47.15.11.205 - - [04/Jun/2017:13:33:24 +0530] "GET /images/spacer.gif HTTP/1.1" 200 43 "http://www.cdmindia.gov.in/project_details_view.php?id=2087" "Mozilla/5.0 (Linux; Android 4.4.2; LG-D686 Build/KOT49I.D68620d) AppleWebKit/537.36 (KHTML, like Gecko) Chrome/58.0.3029.83 Mobile Safari/537.36"
47.15.11.205 - - [04/Jun/2017:13:33:24 +0530] "GET /images/bullet1.gif HTTP/1.1" 200 67 "http://www.cdmindia.gov.in/project_details_view.php?id=2087" "Mozilla/5.0 (Linux; Android 4.4.2; LG-D686 Build/KOT49I.D68620d) AppleWebKit/537.36 (KHTML, like Gecko) Chrome/58.0.3029.83 Mobile Safari/537.36"
47.15.11.205 - - [04/Jun/2017:13:33:24 +0530] "GET /images/bulllet2.gif HTTP/1.1" 200 58 "http://www.cdmindia.gov.in/project_details_view.php?id=2087" "Mozilla/5.0 (Linux; Android 4.4.2; LG-D686 Build/KOT49I.D68620d) AppleWebKit/537.36 (KHTML, like Gecko) Chrome/58.0.3029.83 Mobile Safari/537.36"
47.15.11.205 - - [04/Jun/2017:13:33:24 +0530] "GET /images/bullet4.gif HTTP/1.1" 200 67 "http://www.cdmindia.gov.in/project_details_view.php?id=2087" "Mozilla/5.0 (Linux; Android 4.4.2; LG-D686 Build/KOT49I.D68620d) AppleWebKit/537.36 (KHTML, like Gecko) Chrome/58.0.3029.83 Mobile Safari/537.36"
47.15.11.205 - - [04/Jun/2017:13:33:24 +0530] "GET /images/img3.jpg HTTP/1.1" 200 26957 "http://www.cdmindia.gov.in/project_details_view.php?id=2087" "Mozilla/5.0 (Linux; Android 4.4.2; LG-D686 Build/KOT49I.D68620d) AppleWebKit/537.36 (KHTML, like Gecko) Chrome/58.0.3029.83 Mobile Safari/537.36"
47.15.11.205 - - [04/Jun/2017:13:33:24 +0530] "GET /images/fbg.jpg HTTP/1.1" 200 325 "http://www.cdmindia.gov.in/project_details_view.php?id=2087" "Mozilla/5.0 (Linux; Android 4.4.2; LG-D686 Build/KOT49I.D68620d) AppleWebKit/537.36 (KHTML, like Gecko) Chrome/58.0.3029.83 Mobile Safari/537.36"
47.15.11.205 - - [04/Jun/2017:13:33:24 +0530] "GET /images/gtz.jpg HTTP/1.1" 200 15484 "http://www.cdmindia.gov.in/project_details_view.php?id=2087" "Mozilla/5.0 (Linux; Android 4.4.2; LG-D686 Build/KOT49I.D68620d) AppleWebKit/537.36 (KHTML, like Gecko) Chrome/58.0.3029.83 Mobile Safari/537.36"
