111.93.251.186 - - [29/May/2017:11:51:13 +0530] "GET /project_details_view.php?id=2056&oid=14&page=1&reporttype=1 HTTP/1.1" 200 13903 "-" "Mozilla/4.0 (compatible; MSIE 7.0; Windows NT 6.2; WOW64; Trident/7.0; .NET4.0C; .NET4.0E; .NET CLR 2.0.50727; .NET CLR 3.0.30729; .NET CLR 3.5.30729; MDDSJS; ms-office)"
111.93.251.186 - - [29/May/2017:11:51:14 +0530] "GET /project_details_view.php?id=2056&oid=14&page=1&reporttype=1 HTTP/1.1" 200 13903 "-" "Mozilla/5.0 (Windows NT 10.0; Win64; x64) AppleWebKit/537.36 (KHTML, like Gecko) Chrome/51.0.2704.79 Safari/537.36 Edge/14.14393"
111.93.251.186 - - [29/May/2017:11:51:25 +0530] "OPTIONS / HTTP/1.1" 200 19479 "-" "Microsoft Office Protocol Discovery"
111.93.251.186 - - [29/May/2017:11:51:25 +0530] "GET /project_details_view.php?id=2035&oid=14&page=1&reporttype=1 HTTP/1.1" 200 13863 "-" "Mozilla/4.0 (compatible; MSIE 7.0; Windows NT 6.2; WOW64; Trident/7.0; .NET4.0C; .NET4.0E; .NET CLR 2.0.50727; .NET CLR 3.0.30729; .NET CLR 3.5.30729; MDDSJS; ms-office)"
111.93.251.186 - - [29/May/2017:11:51:26 +0530] "GET /project_details_view.php?id=2035&oid=14&page=1&reporttype=1 HTTP/1.1" 200 13863 "-" "Mozilla/5.0 (Windows NT 10.0; Win64; x64) AppleWebKit/537.36 (KHTML, like Gecko) Chrome/51.0.2704.79 Safari/537.36 Edge/14.14393"
111.93.251.186 - - [29/May/2017:11:51:41 +0530] "OPTIONS / HTTP/1.1" 200 19479 "-" "Microsoft Office Protocol Discovery"
111.93.251.186 - - [29/May/2017:11:51:41 +0530] "GET /project_details_view.php?id=2020&oid=14&page=1&reporttype=1 HTTP/1.1" 200 13898 "-" "Mozilla/4.0 (compatible; MSIE 7.0; Windows NT 6.2; WOW64; Trident/7.0; .NET4.0C; .NET4.0E; .NET CLR 2.0.50727; .NET CLR 3.0.30729; .NET CLR 3.5.30729; MDDSJS; ms-office)"
111.93.251.186 - - [29/May/2017:11:51:42 +0530] "GET /project_details_view.php?id=2020&oid=14&page=1&reporttype=1 HTTP/1.1" 200 13898 "-" "Mozilla/5.0 (Windows NT 10.0; Win64; x64) AppleWebKit/537.36 (KHTML, like Gecko) Chrome/51.0.2704.79 Safari/537.36 Edge/14.14393"
111.93.251.186 - - [29/May/2017:11:51:59 +0530] "OPTIONS / HTTP/1.1" 200 19479 "-" "Microsoft Office Protocol Discovery"
111.93.251.186 - - [29/May/2017:11:52:00 +0530] "GET /project_details_view.php?id=1958&oid=14&page=1&reporttype=1 HTTP/1.1" 200 14203 "-" "Mozilla/4.0 (compatible; MSIE 7.0; Windows NT 6.2; WOW64; Trident/7.0; .NET4.0C; .NET4.0E; .NET CLR 2.0.50727; .NET CLR 3.0.30729; .NET CLR 3.5.30729; MDDSJS; ms-office)"
111.93.251.186 - - [29/May/2017:11:52:00 +0530] "GET /project_details_view.php?id=1958&oid=14&page=1&reporttype=1 HTTP/1.1" 200 14203 "-" "Mozilla/5.0 (Windows NT 10.0; Win64; x64) AppleWebKit/537.36 (KHTML, like Gecko) Chrome/51.0.2704.79 Safari/537.36 Edge/14.14393"
111.93.251.186 - - [29/May/2017:11:53:01 +0530] "GET /Approved_proj_reports_list_details.php?id=14&reporttype=1&scale=&sdt=2005-01-01&edt=2016-12-31&exec= HTTP/1.1" 200 16073 "http://www.cdmindia.gov.in/approved_projects.php" "Mozilla/5.0 (Windows NT 10.0; Win64; x64) AppleWebKit/537.36 (KHTML, like Gecko) Chrome/58.0.3029.110 Safari/537.36"
111.93.251.186 - - [29/May/2017:11:53:06 +0530] "GET /Approved_proj_reports_list_details.php?id=14&reporttype=1&scale=&sdt=2005-01-01&edt=2016-12-31&exec=&page=2 HTTP/1.1" 200 14017 "http://www.cdmindia.gov.in/Approved_proj_reports_list_details.php?id=14&reporttype=1&scale=&sdt=2005-01-01&edt=2016-12-31&exec=" "Mozilla/5.0 (Windows NT 10.0; Win64; x64) AppleWebKit/537.36 (KHTML, like Gecko) Chrome/58.0.3029.110 Safari/537.36"
111.93.251.186 - - [29/May/2017:11:55:46 +0530] "GET /project_details_view.php?id=1742&oid=14&page=2&reporttype=1 HTTP/1.1" 200 14248 "http://www.cdmindia.gov.in/Approved_proj_reports_list_details.php?id=14&reporttype=1&scale=&sdt=2005-01-01&edt=2016-12-31&exec=&page=2" "Mozilla/5.0 (Windows NT 10.0; Win64; x64) AppleWebKit/537.36 (KHTML, like Gecko) Chrome/58.0.3029.110 Safari/537.36"
47.31.13.106 - - [29/May/2017:11:57:41 +0530] "GET /downloads/Carbon%20Market%20Roadmap.pdf HTTP/1.1" 206 14336 "http://www.cdmindia.gov.in/downloads/Carbon%20Market%20Roadmap.pdf" "Mozilla/5.0 (Windows NT 6.3; Win64; x64) AppleWebKit/537.36 (KHTML, like Gecko) Chrome/58.0.3029.110 Safari/537.36"
47.31.13.106 - - [29/May/2017:11:57:43 +0530] "GET /downloads/Carbon%20Market%20Roadmap.pdf HTTP/1.1" 206 65536 "http://www.cdmindia.gov.in/downloads/Carbon%20Market%20Roadmap.pdf" "Mozilla/5.0 (Windows NT 6.3; Win64; x64) AppleWebKit/537.36 (KHTML, like Gecko) Chrome/58.0.3029.110 Safari/537.36"
182.74.163.110 - - [29/May/2017:11:57:49 +0530] "GET /project_details_view.php?id=1897 HTTP/1.1" 200 14868 "https://www.google.co.in/" "Mozilla/5.0 (Windows NT 6.1) AppleWebKit/537.36 (KHTML, like Gecko) Chrome/58.0.3029.110 Safari/537.36"
182.74.163.110 - - [29/May/2017:11:57:49 +0530] "GET /ncdma.css HTTP/1.1" 200 12640 "http://www.cdmindia.gov.in/project_details_view.php?id=1897" "Mozilla/5.0 (Windows NT 6.1) AppleWebKit/537.36 (KHTML, like Gecko) Chrome/58.0.3029.110 Safari/537.36"
182.74.163.110 - - [29/May/2017:11:57:49 +0530] "GET /includes/ncdma.css HTTP/1.1" 200 13023 "http://www.cdmindia.gov.in/project_details_view.php?id=1897" "Mozilla/5.0 (Windows NT 6.1) AppleWebKit/537.36 (KHTML, like Gecko) Chrome/58.0.3029.110 Safari/537.36"
182.74.163.110 - - [29/May/2017:11:57:49 +0530] "GET /Scripts/AC_RunActiveContent.js HTTP/1.1" 200 8321 "http://www.cdmindia.gov.in/project_details_view.php?id=1897" "Mozilla/5.0 (Windows NT 6.1) AppleWebKit/537.36 (KHTML, like Gecko) Chrome/58.0.3029.110 Safari/537.36"
182.74.163.110 - - [29/May/2017:11:57:50 +0530] "GET /images/img2.jpg HTTP/1.1" 200 16276 "http://www.cdmindia.gov.in/project_details_view.php?id=1897" "Mozilla/5.0 (Windows NT 6.1) AppleWebKit/537.36 (KHTML, like Gecko) Chrome/58.0.3029.110 Safari/537.36"
182.74.163.110 - - [29/May/2017:11:57:50 +0530] "GET /images/bullet1.gif HTTP/1.1" 200 67 "http://www.cdmindia.gov.in/project_details_view.php?id=1897" "Mozilla/5.0 (Windows NT 6.1) AppleWebKit/537.36 (KHTML, like Gecko) Chrome/58.0.3029.110 Safari/537.36"
182.74.163.110 - - [29/May/2017:11:57:50 +0530] "GET /images/bulllet2.gif HTTP/1.1" 200 58 "http://www.cdmindia.gov.in/project_details_view.php?id=1897" "Mozilla/5.0 (Windows NT 6.1) AppleWebKit/537.36 (KHTML, like Gecko) Chrome/58.0.3029.110 Safari/537.36"
182.74.163.110 - - [29/May/2017:11:57:50 +0530] "GET /images/spacer.gif HTTP/1.1" 200 43 "http://www.cdmindia.gov.in/project_details_view.php?id=1897" "Mozilla/5.0 (Windows NT 6.1) AppleWebKit/537.36 (KHTML, like Gecko) Chrome/58.0.3029.110 Safari/537.36"
182.74.163.110 - - [29/May/2017:11:57:50 +0530] "GET /images/bullet4.gif HTTP/1.1" 200 67 "http://www.cdmindia.gov.in/project_details_view.php?id=1897" "Mozilla/5.0 (Windows NT 6.1) AppleWebKit/537.36 (KHTML, like Gecko) Chrome/58.0.3029.110 Safari/537.36"
182.74.163.110 - - [29/May/2017:11:57:50 +0530] "GET /images/img3.jpg HTTP/1.1" 200 26957 "http://www.cdmindia.gov.in/project_details_view.php?id=1897" "Mozilla/5.0 (Windows NT 6.1) AppleWebKit/537.36 (KHTML, like Gecko) Chrome/58.0.3029.110 Safari/537.36"
182.74.163.110 - - [29/May/2017:11:57:50 +0530] "GET /images/fdm.jpg HTTP/1.1" 200 2043 "http://www.cdmindia.gov.in/project_details_view.php?id=1897" "Mozilla/5.0 (Windows NT 6.1) AppleWebKit/537.36 (KHTML, like Gecko) Chrome/58.0.3029.110 Safari/537.36"
182.74.163.110 - - [29/May/2017:11:57:50 +0530] "GET /images/gtz.jpg HTTP/1.1" 200 15484 "http://www.cdmindia.gov.in/project_details_view.php?id=1897" "Mozilla/5.0 (Windows NT 6.1) AppleWebKit/537.36 (KHTML, like Gecko) Chrome/58.0.3029.110 Safari/537.36"
182.74.163.110 - - [29/May/2017:11:57:50 +0530] "GET /images/img1.jpg HTTP/1.1" 200 1251 "http://www.cdmindia.gov.in/project_details_view.php?id=1897" "Mozilla/5.0 (Windows NT 6.1) AppleWebKit/537.36 (KHTML, like Gecko) Chrome/58.0.3029.110 Safari/537.36"
182.74.163.110 - - [29/May/2017:11:57:50 +0530] "GET /images/fbg.jpg HTTP/1.1" 200 325 "http://www.cdmindia.gov.in/project_details_view.php?id=1897" "Mozilla/5.0 (Windows NT 6.1) AppleWebKit/537.36 (KHTML, like Gecko) Chrome/58.0.3029.110 Safari/537.36"
111.93.251.186 - - [29/May/2017:11:57:50 +0530] "GET /Approved_proj_reports_list_details.php?id=14&reporttype=1&scale=&sdt=2005-01-01&edt=2016-12-31&exec=&page=2 HTTP/1.1" 200 14017 "http://www.cdmindia.gov.in/Approved_proj_reports_list_details.php?id=14&reporttype=1&scale=&sdt=2005-01-01&edt=2016-12-31&exec=" "Mozilla/5.0 (Windows NT 10.0; Win64; x64) AppleWebKit/537.36 (KHTML, like Gecko) Chrome/58.0.3029.110 Safari/537.36"
182.74.163.110 - - [29/May/2017:11:57:50 +0530] "GET /favicon.ico HTTP/1.1" 200 1189 "http://www.cdmindia.gov.in/project_details_view.php?id=1897" "Mozilla/5.0 (Windows NT 6.1) AppleWebKit/537.36 (KHTML, like Gecko) Chrome/58.0.3029.110 Safari/537.36"
111.93.251.186 - - [29/May/2017:11:57:54 +0530] "GET /project_details_view.php?id=1623&oid=14&page=2&reporttype=1 HTTP/1.1" 200 18545 "http://www.cdmindia.gov.in/Approved_proj_reports_list_details.php?id=14&reporttype=1&scale=&sdt=2005-01-01&edt=2016-12-31&exec=&page=2" "Mozilla/5.0 (Windows NT 10.0; Win64; x64) AppleWebKit/537.36 (KHTML, like Gecko) Chrome/58.0.3029.110 Safari/537.36"
182.74.163.110 - - [29/May/2017:11:58:20 +0530] "GET /contactus.php HTTP/1.1" 200 18291 "http://www.cdmindia.gov.in/project_details_view.php?id=1897" "Mozilla/5.0 (Windows NT 6.1) AppleWebKit/537.36 (KHTML, like Gecko) Chrome/58.0.3029.110 Safari/537.36"
182.74.163.110 - - [29/May/2017:11:58:20 +0530] "GET /js/index_validations.js HTTP/1.1" 200 3143 "http://www.cdmindia.gov.in/contactus.php" "Mozilla/5.0 (Windows NT 6.1) AppleWebKit/537.36 (KHTML, like Gecko) Chrome/58.0.3029.110 Safari/537.36"
182.74.163.110 - - [29/May/2017:11:58:20 +0530] "GET /images/h_contactus.jpg HTTP/1.1" 200 21787 "http://www.cdmindia.gov.in/contactus.php" "Mozilla/5.0 (Windows NT 6.1) AppleWebKit/537.36 (KHTML, like Gecko) Chrome/58.0.3029.110 Safari/537.36"
182.74.163.110 - - [29/May/2017:11:58:20 +0530] "GET /images/login1.jpg HTTP/1.1" 200 618 "http://www.cdmindia.gov.in/contactus.php" "Mozilla/5.0 (Windows NT 6.1) AppleWebKit/537.36 (KHTML, like Gecko) Chrome/58.0.3029.110 Safari/537.36"
182.74.163.110 - - [29/May/2017:11:58:20 +0530] "GET /images/bullet3.gif HTTP/1.1" 200 58 "http://www.cdmindia.gov.in/contactus.php" "Mozilla/5.0 (Windows NT 6.1) AppleWebKit/537.36 (KHTML, like Gecko) Chrome/58.0.3029.110 Safari/537.36"
182.74.163.110 - - [29/May/2017:11:58:20 +0530] "GET /images/login.jpg HTTP/1.1" 200 1044 "http://www.cdmindia.gov.in/contactus.php" "Mozilla/5.0 (Windows NT 6.1) AppleWebKit/537.36 (KHTML, like Gecko) Chrome/58.0.3029.110 Safari/537.36"
182.74.163.110 - - [29/May/2017:11:58:20 +0530] "GET /images/fe.jpg HTTP/1.1" 200 1429 "http://www.cdmindia.gov.in/contactus.php" "Mozilla/5.0 (Windows NT 6.1) AppleWebKit/537.36 (KHTML, like Gecko) Chrome/58.0.3029.110 Safari/537.36"
182.74.163.110 - - [29/May/2017:11:59:04 +0530] "GET /aboutus.php HTTP/1.1" 200 19596 "http://www.cdmindia.gov.in/contactus.php" "Mozilla/5.0 (Windows NT 6.1) AppleWebKit/537.36 (KHTML, like Gecko) Chrome/58.0.3029.110 Safari/537.36"
182.74.163.110 - - [29/May/2017:11:59:04 +0530] "GET /images/h_aboutus.jpg HTTP/1.1" 200 21693 "http://www.cdmindia.gov.in/aboutus.php" "Mozilla/5.0 (Windows NT 6.1) AppleWebKit/537.36 (KHTML, like Gecko) Chrome/58.0.3029.110 Safari/537.36"
111.93.251.186 - - [29/May/2017:11:59:05 +0530] "GET /Approved_proj_reports_list_details.php?id=14&reporttype=1&scale=&sdt=2005-01-01&edt=2016-12-31&exec=&page=2 HTTP/1.1" 200 14017 "http://www.cdmindia.gov.in/Approved_proj_reports_list_details.php?id=14&reporttype=1&scale=&sdt=2005-01-01&edt=2016-12-31&exec=" "Mozilla/5.0 (Windows NT 10.0; Win64; x64) AppleWebKit/537.36 (KHTML, like Gecko) Chrome/58.0.3029.110 Safari/537.36"
111.93.251.186 - - [29/May/2017:11:59:08 +0530] "GET /project_details_view.php?id=1489&oid=14&page=2&reporttype=1 HTTP/1.1" 200 16032 "http://www.cdmindia.gov.in/Approved_proj_reports_list_details.php?id=14&reporttype=1&scale=&sdt=2005-01-01&edt=2016-12-31&exec=&page=2" "Mozilla/5.0 (Windows NT 10.0; Win64; x64) AppleWebKit/537.36 (KHTML, like Gecko) Chrome/58.0.3029.110 Safari/537.36"
182.74.163.110 - - [29/May/2017:11:59:11 +0530] "GET /index.php HTTP/1.1" 200 19479 "http://www.cdmindia.gov.in/aboutus.php" "Mozilla/5.0 (Windows NT 6.1) AppleWebKit/537.36 (KHTML, like Gecko) Chrome/58.0.3029.110 Safari/537.36"
182.74.163.110 - - [29/May/2017:11:59:11 +0530] "GET /js/md5.js HTTP/1.1" 200 13194 "http://www.cdmindia.gov.in/index.php" "Mozilla/5.0 (Windows NT 6.1) AppleWebKit/537.36 (KHTML, like Gecko) Chrome/58.0.3029.110 Safari/537.36"
182.74.163.110 - - [29/May/2017:11:59:11 +0530] "GET /js/base64_encode.js HTTP/1.1" 200 3002 "http://www.cdmindia.gov.in/index.php" "Mozilla/5.0 (Windows NT 6.1) AppleWebKit/537.36 (KHTML, like Gecko) Chrome/58.0.3029.110 Safari/537.36"
182.74.163.110 - - [29/May/2017:11:59:30 +0530] "GET /reports_new.php?n=1 HTTP/1.1" 200 22410 "http://www.cdmindia.gov.in/index.php" "Mozilla/5.0 (Windows NT 6.1) AppleWebKit/537.36 (KHTML, like Gecko) Chrome/58.0.3029.110 Safari/537.36"
182.74.163.110 - - [29/May/2017:11:59:30 +0530] "GET /js/user_registration.js HTTP/1.1" 200 26819 "http://www.cdmindia.gov.in/reports_new.php?n=1" "Mozilla/5.0 (Windows NT 6.1) AppleWebKit/537.36 (KHTML, like Gecko) Chrome/58.0.3029.110 Safari/537.36"
182.74.163.110 - - [29/May/2017:11:59:34 +0530] "GET /approved_projects.php?n=1 HTTP/1.1" 200 16641 "http://www.cdmindia.gov.in/reports_new.php?n=1" "Mozilla/5.0 (Windows NT 6.1) AppleWebKit/537.36 (KHTML, like Gecko) Chrome/58.0.3029.110 Safari/537.36"
182.74.163.110 - - [29/May/2017:11:59:35 +0530] "GET /js/datepicker/latest_date.js HTTP/1.1" 200 11986 "http://www.cdmindia.gov.in/approved_projects.php?n=1" "Mozilla/5.0 (Windows NT 6.1) AppleWebKit/537.36 (KHTML, like Gecko) Chrome/58.0.3029.110 Safari/537.36"
182.74.163.110 - - [29/May/2017:11:59:35 +0530] "GET /js/datepicker/latest_jquery.datePicker.js HTTP/1.1" 200 37423 "http://www.cdmindia.gov.in/approved_projects.php?n=1" "Mozilla/5.0 (Windows NT 6.1) AppleWebKit/537.36 (KHTML, like Gecko) Chrome/58.0.3029.110 Safari/537.36"
182.74.163.110 - - [29/May/2017:11:59:35 +0530] "GET /js/jquery.js HTTP/1.1" 200 55774 "http://www.cdmindia.gov.in/approved_projects.php?n=1" "Mozilla/5.0 (Windows NT 6.1) AppleWebKit/537.36 (KHTML, like Gecko) Chrome/58.0.3029.110 Safari/537.36"
182.74.163.110 - - [29/May/2017:11:59:35 +0530] "GET /js/datepicker/latest_datepicker.css HTTP/1.1" 200 2283 "http://www.cdmindia.gov.in/approved_projects.php?n=1" "Mozilla/5.0 (Windows NT 6.1) AppleWebKit/537.36 (KHTML, like Gecko) Chrome/58.0.3029.110 Safari/537.36"
182.74.163.110 - - [29/May/2017:11:59:35 +0530] "GET /js/datepicker/latest_demo.css HTTP/1.1" 200 574 "http://www.cdmindia.gov.in/approved_projects.php?n=1" "Mozilla/5.0 (Windows NT 6.1) AppleWebKit/537.36 (KHTML, like Gecko) Chrome/58.0.3029.110 Safari/537.36"
182.74.163.110 - - [29/May/2017:11:59:35 +0530] "GET /js/datepicker/calendar.gif HTTP/1.1" 200 235 "http://www.cdmindia.gov.in/js/datepicker/latest_demo.css" "Mozilla/5.0 (Windows NT 6.1) AppleWebKit/537.36 (KHTML, like Gecko) Chrome/58.0.3029.110 Safari/537.36"
202.46.56.63 - - [29/May/2017:12:00:00 +0530] "GET /project_details_view_report.php?id=160 HTTP/1.1" 200 13117 "-" "Mozilla/5.0 (Windows NT 10.0; WOW64) AppleWebKit/537.36 (KHTML, like Gecko) Chrome/45.0.2454.93 Safari/537.36"
111.93.251.186 - - [29/May/2017:12:00:00 +0530] "GET /Approved_proj_reports_list_details.php?id=14&reporttype=1&scale=&sdt=2005-01-01&edt=2016-12-31&exec=&page=2 HTTP/1.1" 200 14017 "http://www.cdmindia.gov.in/Approved_proj_reports_list_details.php?id=14&reporttype=1&scale=&sdt=2005-01-01&edt=2016-12-31&exec=" "Mozilla/5.0 (Windows NT 10.0; Win64; x64) AppleWebKit/537.36 (KHTML, like Gecko) Chrome/58.0.3029.110 Safari/537.36"
111.93.251.186 - - [29/May/2017:12:00:02 +0530] "GET /project_details_view.php?id=1020&oid=14&page=2&reporttype=1 HTTP/1.1" 200 16190 "http://www.cdmindia.gov.in/Approved_proj_reports_list_details.php?id=14&reporttype=1&scale=&sdt=2005-01-01&edt=2016-12-31&exec=&page=2" "Mozilla/5.0 (Windows NT 10.0; Win64; x64) AppleWebKit/537.36 (KHTML, like Gecko) Chrome/58.0.3029.110 Safari/537.36"
157.55.39.99 - - [29/May/2017:12:00:12 +0530] "GET /downloads/Carbon%20Market%20Roadmap.pdf HTTP/1.1" 200 4344697 "-" "Mozilla/5.0 (iPhone; CPU iPhone OS 7_0 like Mac OS X) AppleWebKit/537.51.1 (KHTML, like Gecko) Version/7.0 Mobile/11A465 Safari/9537.53 (compatible; bingbot/2.0; +http://www.bing.com/bingbot.htm)"
168.235.198.111 - - [29/May/2017:12:01:34 +0530] "GET /downloads/Carbon%20Market%20Roadmap.pdf HTTP/1.1" 200 4344697 "https://www.google.co.in/search?hl=en&ie=ISO-8859-1&q=carbon+trading+in+india+pdf" "Mozilla/5.0 (Linux; U; Android 6.0; en-US; XT1706 Build/MRA58K) AppleWebKit/534.30 (KHTML, like Gecko) Version/4.0 UCBrowser/11.2.0.915 U3/0.8.0 Mobile Safari/534.30"
111.93.251.186 - - [29/May/2017:12:01:44 +0530] "GET /Approved_proj_reports_list_details.php?id=14&reporttype=1&scale=&sdt=2005-01-01&edt=2016-12-31&exec=&page=2 HTTP/1.1" 200 14017 "http://www.cdmindia.gov.in/Approved_proj_reports_list_details.php?id=14&reporttype=1&scale=&sdt=2005-01-01&edt=2016-12-31&exec=" "Mozilla/5.0 (Windows NT 10.0; Win64; x64) AppleWebKit/537.36 (KHTML, like Gecko) Chrome/58.0.3029.110 Safari/537.36"
111.93.251.186 - - [29/May/2017:12:01:46 +0530] "GET /project_details_view.php?id=637&oid=14&page=2&reporttype=1 HTTP/1.1" 200 14298 "http://www.cdmindia.gov.in/Approved_proj_reports_list_details.php?id=14&reporttype=1&scale=&sdt=2005-01-01&edt=2016-12-31&exec=&page=2" "Mozilla/5.0 (Windows NT 10.0; Win64; x64) AppleWebKit/537.36 (KHTML, like Gecko) Chrome/58.0.3029.110 Safari/537.36"
117.239.231.250 - - [29/May/2017:12:01:58 +0530] "GET /downloads/Carbon%20Market%20Roadmap.pdf HTTP/1.1" 206 1445960 "https://www.google.co.in/search?hl=en&ie=ISO-8859-1&q=carbon+trading+in+india+pdf" "Mozilla/5.0 (Linux; U; Android 6.0; en-US; XT1706 Build/MRA58K) AppleWebKit/534.30 (KHTML, like Gecko) Version/4.0 UCBrowser/11.2.0.915 U3/0.8.0 Mobile Safari/534.30"
117.239.231.250 - - [29/May/2017:12:01:38 +0530] "GET /downloads/Carbon%20Market%20Roadmap.pdf HTTP/1.1" 206 4344697 "https://www.google.co.in/search?hl=en&ie=ISO-8859-1&q=carbon+trading+in+india+pdf" "Mozilla/5.0 (Linux; U; Android 6.0; en-US; XT1706 Build/MRA58K) AppleWebKit/534.30 (KHTML, like Gecko) Version/4.0 UCBrowser/11.2.0.915 U3/0.8.0 Mobile Safari/534.30"
117.239.231.250 - - [29/May/2017:12:01:56 +0530] "GET /downloads/Carbon%20Market%20Roadmap.pdf HTTP/1.1" 206 1448232 "https://www.google.co.in/search?hl=en&ie=ISO-8859-1&q=carbon+trading+in+india+pdf" "Mozilla/5.0 (Linux; U; Android 6.0; en-US; XT1706 Build/MRA58K) AppleWebKit/534.30 (KHTML, like Gecko) Version/4.0 UCBrowser/11.2.0.915 U3/0.8.0 Mobile Safari/534.30"
180.76.15.140 - - [29/May/2017:12:03:07 +0530] "GET / HTTP/1.1" 200 19479 "-" "Mozilla/5.0 (compatible; Baiduspider/2.0; +http://www.baidu.com/search/spider.html)"
117.239.231.250 - - [29/May/2017:12:02:23 +0530] "GET /downloads/Carbon%20Market%20Roadmap.pdf HTTP/1.1" 206 1444847 "https://www.google.co.in/search?hl=en&ie=ISO-8859-1&q=carbon+trading+in+india+pdf" "Mozilla/5.0 (Linux; U; Android 6.0; en-US; XT1706 Build/MRA58K) AppleWebKit/534.30 (KHTML, like Gecko) Version/4.0 UCBrowser/11.2.0.915 U3/0.8.0 Mobile Safari/534.30"
117.239.231.250 - - [29/May/2017:12:03:06 +0530] "GET /downloads/Carbon%20Market%20Roadmap.pdf HTTP/1.1" 206 1438038 "https://www.google.co.in/search?hl=en&ie=ISO-8859-1&q=carbon+trading+in+india+pdf" "Mozilla/5.0 (Linux; U; Android 6.0; en-US; XT1706 Build/MRA58K) AppleWebKit/534.30 (KHTML, like Gecko) Version/4.0 UCBrowser/11.2.0.915 U3/0.8.0 Mobile Safari/534.30"
117.239.231.250 - - [29/May/2017:12:02:14 +0530] "GET /downloads/Carbon%20Market%20Roadmap.pdf HTTP/1.1" 206 1443690 "https://www.google.co.in/search?hl=en&ie=ISO-8859-1&q=carbon+trading+in+india+pdf" "Mozilla/5.0 (Linux; U; Android 6.0; en-US; XT1706 Build/MRA58K) AppleWebKit/534.30 (KHTML, like Gecko) Version/4.0 UCBrowser/11.2.0.915 U3/0.8.0 Mobile Safari/534.30"
117.239.231.250 - - [29/May/2017:12:02:29 +0530] "GET /downloads/Carbon%20Market%20Roadmap.pdf HTTP/1.1" 206 1438575 "https://www.google.co.in/search?hl=en&ie=ISO-8859-1&q=carbon+trading+in+india+pdf" "Mozilla/5.0 (Linux; U; Android 6.0; en-US; XT1706 Build/MRA58K) AppleWebKit/534.30 (KHTML, like Gecko) Version/4.0 UCBrowser/11.2.0.915 U3/0.8.0 Mobile Safari/534.30"
117.239.231.250 - - [29/May/2017:12:03:47 +0530] "GET /downloads/Carbon%20Market%20Roadmap.pdf HTTP/1.1" 206 1422685 "https://www.google.co.in/search?hl=en&ie=ISO-8859-1&q=carbon+trading+in+india+pdf" "Mozilla/5.0 (Linux; U; Android 6.0; en-US; XT1706 Build/MRA58K) AppleWebKit/534.30 (KHTML, like Gecko) Version/4.0 UCBrowser/11.2.0.915 U3/0.8.0 Mobile Safari/534.30"
117.239.231.250 - - [29/May/2017:12:03:06 +0530] "GET /downloads/Carbon%20Market%20Roadmap.pdf HTTP/1.1" 206 1384190 "https://www.google.co.in/search?hl=en&ie=ISO-8859-1&q=carbon+trading+in+india+pdf" "Mozilla/5.0 (Linux; U; Android 6.0; en-US; XT1706 Build/MRA58K) AppleWebKit/534.30 (KHTML, like Gecko) Version/4.0 UCBrowser/11.2.0.915 U3/0.8.0 Mobile Safari/534.30"
117.239.231.250 - - [29/May/2017:12:04:44 +0530] "GET /downloads/Carbon%20Market%20Roadmap.pdf HTTP/1.1" 206 1296521 "https://www.google.co.in/search?hl=en&ie=ISO-8859-1&q=carbon+trading+in+india+pdf" "Mozilla/5.0 (Linux; U; Android 6.0; en-US; XT1706 Build/MRA58K) AppleWebKit/534.30 (KHTML, like Gecko) Version/4.0 UCBrowser/11.2.0.915 U3/0.8.0 Mobile Safari/534.30"
117.239.231.250 - - [29/May/2017:12:04:13 +0530] "GET /downloads/Carbon%20Market%20Roadmap.pdf HTTP/1.1" 206 1324691 "https://www.google.co.in/search?hl=en&ie=ISO-8859-1&q=carbon+trading+in+india+pdf" "Mozilla/5.0 (Linux; U; Android 6.0; en-US; XT1706 Build/MRA58K) AppleWebKit/534.30 (KHTML, like Gecko) Version/4.0 UCBrowser/11.2.0.915 U3/0.8.0 Mobile Safari/534.30"
117.239.231.250 - - [29/May/2017:12:03:47 +0530] "GET /downloads/Carbon%20Market%20Roadmap.pdf HTTP/1.1" 206 1411830 "https://www.google.co.in/search?hl=en&ie=ISO-8859-1&q=carbon+trading+in+india+pdf" "Mozilla/5.0 (Linux; U; Android 6.0; en-US; XT1706 Build/MRA58K) AppleWebKit/534.30 (KHTML, like Gecko) Version/4.0 UCBrowser/11.2.0.915 U3/0.8.0 Mobile Safari/534.30"
103.249.83.66 - - [29/May/2017:12:05:23 +0530] "GET /project_details_view.php?id=1905 HTTP/1.1" 200 13945 "https://www.google.co.in/" "Mozilla/5.0 (Windows NT 6.1) AppleWebKit/537.36 (KHTML, like Gecko) Chrome/54.0.2840.99 Safari/537.36"
117.239.231.250 - - [29/May/2017:12:05:14 +0530] "GET /downloads/Carbon%20Market%20Roadmap.pdf HTTP/1.1" 206 1271199 "https://www.google.co.in/search?hl=en&ie=ISO-8859-1&q=carbon+trading+in+india+pdf" "Mozilla/5.0 (Linux; U; Android 6.0; en-US; XT1706 Build/MRA58K) AppleWebKit/534.30 (KHTML, like Gecko) Version/4.0 UCBrowser/11.2.0.915 U3/0.8.0 Mobile Safari/534.30"
117.239.231.250 - - [29/May/2017:12:04:32 +0530] "GET /downloads/Carbon%20Market%20Roadmap.pdf HTTP/1.1" 206 1289140 "https://www.google.co.in/search?hl=en&ie=ISO-8859-1&q=carbon+trading+in+india+pdf" "Mozilla/5.0 (Linux; U; Android 6.0; en-US; XT1706 Build/MRA58K) AppleWebKit/534.30 (KHTML, like Gecko) Version/4.0 UCBrowser/11.2.0.915 U3/0.8.0 Mobile Safari/534.30"
111.93.251.186 - - [29/May/2017:12:06:44 +0530] "OPTIONS / HTTP/1.1" 200 19479 "-" "Microsoft Office Protocol Discovery"
111.93.251.186 - - [29/May/2017:12:06:45 +0530] "GET /project_details_view.php?id=1489&oid=14&page=2&reporttype=1 HTTP/1.1" 200 16032 "-" "Mozilla/4.0 (compatible; MSIE 7.0; Windows NT 6.2; WOW64; Trident/7.0; .NET4.0C; .NET4.0E; .NET CLR 2.0.50727; .NET CLR 3.0.30729; .NET CLR 3.5.30729; MDDSJS; ms-office)"
111.93.251.186 - - [29/May/2017:12:06:45 +0530] "GET /project_details_view.php?id=1489&oid=14&page=2&reporttype=1 HTTP/1.1" 200 16032 "-" "Mozilla/5.0 (Windows NT 10.0; Win64; x64) AppleWebKit/537.36 (KHTML, like Gecko) Chrome/51.0.2704.79 Safari/537.36 Edge/14.14393"
117.239.231.250 - - [29/May/2017:12:06:55 +0530] "GET /downloads/Carbon%20Market%20Roadmap.pdf HTTP/1.1" 206 1189771 "https://www.google.co.in/search?hl=en&ie=ISO-8859-1&q=carbon+trading+in+india+pdf" "Mozilla/5.0 (Linux; U; Android 6.0; en-US; XT1706 Build/MRA58K) AppleWebKit/534.30 (KHTML, like Gecko) Version/4.0 UCBrowser/11.2.0.915 U3/0.8.0 Mobile Safari/534.30"
117.239.231.250 - - [29/May/2017:12:05:14 +0530] "GET /downloads/Carbon%20Market%20Roadmap.pdf HTTP/1.1" 206 1281133 "https://www.google.co.in/search?hl=en&ie=ISO-8859-1&q=carbon+trading+in+india+pdf" "Mozilla/5.0 (Linux; U; Android 6.0; en-US; XT1706 Build/MRA58K) AppleWebKit/534.30 (KHTML, like Gecko) Version/4.0 UCBrowser/11.2.0.915 U3/0.8.0 Mobile Safari/534.30"
117.239.231.250 - - [29/May/2017:12:06:15 +0530] "GET /downloads/Carbon%20Market%20Roadmap.pdf HTTP/1.1" 206 1198885 "https://www.google.co.in/search?hl=en&ie=ISO-8859-1&q=carbon+trading+in+india+pdf" "Mozilla/5.0 (Linux; U; Android 6.0; en-US; XT1706 Build/MRA58K) AppleWebKit/534.30 (KHTML, like Gecko) Version/4.0 UCBrowser/11.2.0.915 U3/0.8.0 Mobile Safari/534.30"
117.239.231.250 - - [29/May/2017:12:06:54 +0530] "GET /downloads/Carbon%20Market%20Roadmap.pdf HTTP/1.1" 206 1189771 "https://www.google.co.in/search?hl=en&ie=ISO-8859-1&q=carbon+trading+in+india+pdf" "Mozilla/5.0 (Linux; U; Android 6.0; en-US; XT1706 Build/MRA58K) AppleWebKit/534.30 (KHTML, like Gecko) Version/4.0 UCBrowser/11.2.0.915 U3/0.8.0 Mobile Safari/534.30"
111.93.251.186 - - [29/May/2017:12:08:54 +0530] "GET /Approved_proj_reports_list_details.php?id=14&reporttype=1&scale=&sdt=2005-01-01&edt=2016-12-31&exec=&page=2 HTTP/1.1" 200 14017 "http://www.cdmindia.gov.in/Approved_proj_reports_list_details.php?id=14&reporttype=1&scale=&sdt=2005-01-01&edt=2016-12-31&exec=" "Mozilla/5.0 (Windows NT 10.0; Win64; x64) AppleWebKit/537.36 (KHTML, like Gecko) Chrome/58.0.3029.110 Safari/537.36"
117.239.231.250 - - [29/May/2017:12:06:41 +0530] "GET /downloads/Carbon%20Market%20Roadmap.pdf HTTP/1.1" 206 1241572 "https://www.google.co.in/search?hl=en&ie=ISO-8859-1&q=carbon+trading+in+india+pdf" "Mozilla/5.0 (Linux; U; Android 6.0; en-US; XT1706 Build/MRA58K) AppleWebKit/534.30 (KHTML, like Gecko) Version/4.0 UCBrowser/11.2.0.915 U3/0.8.0 Mobile Safari/534.30"
117.239.231.250 - - [29/May/2017:12:06:55 +0530] "GET /downloads/Carbon%20Market%20Roadmap.pdf HTTP/1.1" 206 1170715 "https://www.google.co.in/search?hl=en&ie=ISO-8859-1&q=carbon+trading+in+india+pdf" "Mozilla/5.0 (Linux; U; Android 6.0; en-US; XT1706 Build/MRA58K) AppleWebKit/534.30 (KHTML, like Gecko) Version/4.0 UCBrowser/11.2.0.915 U3/0.8.0 Mobile Safari/534.30"
117.239.231.250 - - [29/May/2017:12:09:01 +0530] "GET /downloads/Carbon%20Market%20Roadmap.pdf HTTP/1.1" 206 509947 "https://www.google.co.in/search?hl=en&ie=ISO-8859-1&q=carbon+trading+in+india+pdf" "Mozilla/5.0 (Linux; U; Android 6.0; en-US; XT1706 Build/MRA58K) AppleWebKit/534.30 (KHTML, like Gecko) Version/4.0 UCBrowser/11.2.0.915 U3/0.8.0 Mobile Safari/534.30"
117.239.231.250 - - [29/May/2017:12:08:40 +0530] "GET /downloads/Carbon%20Market%20Roadmap.pdf HTTP/1.1" 206 676897 "https://www.google.co.in/search?hl=en&ie=ISO-8859-1&q=carbon+trading+in+india+pdf" "Mozilla/5.0 (Linux; U; Android 6.0; en-US; XT1706 Build/MRA58K) AppleWebKit/534.30 (KHTML, like Gecko) Version/4.0 UCBrowser/11.2.0.915 U3/0.8.0 Mobile Safari/534.30"
111.93.251.186 - - [29/May/2017:12:10:18 +0530] "GET /Approved_proj_reports_list_details.php?id=14&reporttype=1&scale=&sdt=2005-01-01&edt=2016-12-31&exec= HTTP/1.1" 200 16073 "http://www.cdmindia.gov.in/approved_projects.php" "Mozilla/5.0 (Windows NT 10.0; Win64; x64) AppleWebKit/537.36 (KHTML, like Gecko) Chrome/58.0.3029.110 Safari/537.36"
111.93.251.186 - - [29/May/2017:12:10:33 +0530] "GET /project_details_view.php?id=2178&oid=14&page=1&reporttype=1 HTTP/1.1" 200 13855 "http://www.cdmindia.gov.in/Approved_proj_reports_list_details.php?id=14&reporttype=1&scale=&sdt=2005-01-01&edt=2016-12-31&exec=" "Mozilla/5.0 (Windows NT 10.0; Win64; x64) AppleWebKit/537.36 (KHTML, like Gecko) Chrome/58.0.3029.110 Safari/537.36"
111.93.251.186 - - [29/May/2017:12:10:45 +0530] "GET /Approved_proj_reports_list_details.php?id=14&reporttype=1&scale=&sdt=2005-01-01&edt=2016-12-31&exec= HTTP/1.1" 200 16073 "http://www.cdmindia.gov.in/approved_projects.php" "Mozilla/5.0 (Windows NT 10.0; Win64; x64) AppleWebKit/537.36 (KHTML, like Gecko) Chrome/58.0.3029.110 Safari/537.36"
117.239.231.250 - - [29/May/2017:12:09:25 +0530] "GET /downloads/Carbon%20Market%20Roadmap.pdf HTTP/1.1" 206 509947 "https://www.google.co.in/search?hl=en&ie=ISO-8859-1&q=carbon+trading+in+india+pdf" "Mozilla/5.0 (Linux; U; Android 6.0; en-US; XT1706 Build/MRA58K) AppleWebKit/534.30 (KHTML, like Gecko) Version/4.0 UCBrowser/11.2.0.915 U3/0.8.0 Mobile Safari/534.30"
111.93.251.186 - - [29/May/2017:12:10:58 +0530] "GET /project_details_view.php?id=2020&oid=14&page=1&reporttype=1 HTTP/1.1" 200 13898 "http://www.cdmindia.gov.in/Approved_proj_reports_list_details.php?id=14&reporttype=1&scale=&sdt=2005-01-01&edt=2016-12-31&exec=" "Mozilla/5.0 (Windows NT 10.0; Win64; x64) AppleWebKit/537.36 (KHTML, like Gecko) Chrome/58.0.3029.110 Safari/537.36"
111.93.251.186 - - [29/May/2017:12:11:04 +0530] "GET /Approved_proj_reports_list_details.php?id=14&reporttype=1&scale=&sdt=2005-01-01&edt=2016-12-31&exec= HTTP/1.1" 200 16073 "http://www.cdmindia.gov.in/approved_projects.php" "Mozilla/5.0 (Windows NT 10.0; Win64; x64) AppleWebKit/537.36 (KHTML, like Gecko) Chrome/58.0.3029.110 Safari/537.36"
111.93.251.186 - - [29/May/2017:12:11:09 +0530] "GET /approved_projects.php?n=1 HTTP/1.1" 200 16641 "-" "Mozilla/5.0 (Windows NT 10.0; Win64; x64) AppleWebKit/537.36 (KHTML, like Gecko) Chrome/58.0.3029.110 Safari/537.36"
117.239.231.250 - - [29/May/2017:12:10:51 +0530] "GET /downloads/Carbon%20Market%20Roadmap.pdf HTTP/1.1" 206 289537 "https://www.google.co.in/search?hl=en&ie=ISO-8859-1&q=carbon+trading+in+india+pdf" "Mozilla/5.0 (Linux; U; Android 6.0; en-US; XT1706 Build/MRA58K) AppleWebKit/534.30 (KHTML, like Gecko) Version/4.0 UCBrowser/11.2.0.915 U3/0.8.0 Mobile Safari/534.30"
111.93.251.186 - - [29/May/2017:12:11:40 +0530] "POST /approved_projects.php HTTP/1.1" 200 17769 "http://www.cdmindia.gov.in/approved_projects.php?n=1" "Mozilla/5.0 (Windows NT 10.0; Win64; x64) AppleWebKit/537.36 (KHTML, like Gecko) Chrome/58.0.3029.110 Safari/537.36"
111.93.251.186 - - [29/May/2017:12:11:40 +0530] "POST /approved_projects.php HTTP/1.1" 200 17769 "http://www.cdmindia.gov.in/approved_projects.php?n=1" "Mozilla/5.0 (Windows NT 10.0; Win64; x64) AppleWebKit/537.36 (KHTML, like Gecko) Chrome/58.0.3029.110 Safari/537.36"
111.93.251.186 - - [29/May/2017:12:12:05 +0530] "POST /approved_projects.php HTTP/1.1" 200 17729 "http://www.cdmindia.gov.in/approved_projects.php" "Mozilla/5.0 (Windows NT 10.0; Win64; x64) AppleWebKit/537.36 (KHTML, like Gecko) Chrome/58.0.3029.110 Safari/537.36"
117.239.231.250 - - [29/May/2017:12:07:19 +0530] "GET /downloads/Carbon%20Market%20Roadmap.pdf HTTP/1.1" 206 1188658 "https://www.google.co.in/search?hl=en&ie=ISO-8859-1&q=carbon+trading+in+india+pdf" "Mozilla/5.0 (Linux; U; Android 6.0; en-US; XT1706 Build/MRA58K) AppleWebKit/534.30 (KHTML, like Gecko) Version/4.0 UCBrowser/11.2.0.915 U3/0.8.0 Mobile Safari/534.30"
117.239.231.250 - - [29/May/2017:12:11:35 +0530] "GET /downloads/Carbon%20Market%20Roadmap.pdf HTTP/1.1" 206 247705 "https://www.google.co.in/search?hl=en&ie=ISO-8859-1&q=carbon+trading+in+india+pdf" "Mozilla/5.0 (Linux; U; Android 6.0; en-US; XT1706 Build/MRA58K) AppleWebKit/534.30 (KHTML, like Gecko) Version/4.0 UCBrowser/11.2.0.915 U3/0.8.0 Mobile Safari/534.30"
111.93.251.186 - - [29/May/2017:12:12:38 +0530] "POST /approved_projects.php HTTP/1.1" 200 17729 "http://www.cdmindia.gov.in/approved_projects.php" "Mozilla/5.0 (Windows NT 10.0; Win64; x64) AppleWebKit/537.36 (KHTML, like Gecko) Chrome/58.0.3029.110 Safari/537.36"
111.93.251.186 - - [29/May/2017:12:12:40 +0530] "GET /Approved_proj_reports_list_details.php?id=15&reporttype=1&scale=&sdt=2005-01-01&edt=2017-05-29&exec= HTTP/1.1" 200 12349 "http://www.cdmindia.gov.in/approved_projects.php" "Mozilla/5.0 (Windows NT 10.0; Win64; x64) AppleWebKit/537.36 (KHTML, like Gecko) Chrome/58.0.3029.110 Safari/537.36"
117.239.231.250 - - [29/May/2017:12:11:45 +0530] "GET /downloads/Carbon%20Market%20Roadmap.pdf HTTP/1.1" 206 178775 "https://www.google.co.in/search?hl=en&ie=ISO-8859-1&q=carbon+trading+in+india+pdf" "Mozilla/5.0 (Linux; U; Android 6.0; en-US; XT1706 Build/MRA58K) AppleWebKit/534.30 (KHTML, like Gecko) Version/4.0 UCBrowser/11.2.0.915 U3/0.8.0 Mobile Safari/534.30"
111.93.251.186 - - [29/May/2017:12:13:07 +0530] "GET /project_details_view.php?id=1810&oid=15&page=1&reporttype=1 HTTP/1.1" 200 15445 "http://www.cdmindia.gov.in/Approved_proj_reports_list_details.php?id=15&reporttype=1&scale=&sdt=2005-01-01&edt=2017-05-29&exec=" "Mozilla/5.0 (Windows NT 10.0; Win64; x64) AppleWebKit/537.36 (KHTML, like Gecko) Chrome/58.0.3029.110 Safari/537.36"
117.239.231.250 - - [29/May/2017:12:10:02 +0530] "GET /downloads/Carbon%20Market%20Roadmap.pdf HTTP/1.1" 206 477846 "https://www.google.co.in/search?hl=en&ie=ISO-8859-1&q=carbon+trading+in+india+pdf" "Mozilla/5.0 (Linux; U; Android 6.0; en-US; XT1706 Build/MRA58K) AppleWebKit/534.30 (KHTML, like Gecko) Version/4.0 UCBrowser/11.2.0.915 U3/0.8.0 Mobile Safari/534.30"
117.239.231.250 - - [29/May/2017:12:12:26 +0530] "GET /downloads/Carbon%20Market%20Roadmap.pdf HTTP/1.1" 206 196751 "https://www.google.co.in/search?hl=en&ie=ISO-8859-1&q=carbon+trading+in+india+pdf" "Mozilla/5.0 (Linux; U; Android 6.0; en-US; XT1706 Build/MRA58K) AppleWebKit/534.30 (KHTML, like Gecko) Version/4.0 UCBrowser/11.2.0.915 U3/0.8.0 Mobile Safari/534.30"
117.239.231.250 - - [29/May/2017:12:13:13 +0530] "GET /downloads/Carbon%20Market%20Roadmap.pdf HTTP/1.1" 206 146363 "https://www.google.co.in/search?hl=en&ie=ISO-8859-1&q=carbon+trading+in+india+pdf" "Mozilla/5.0 (Linux; U; Android 6.0; en-US; XT1706 Build/MRA58K) AppleWebKit/534.30 (KHTML, like Gecko) Version/4.0 UCBrowser/11.2.0.915 U3/0.8.0 Mobile Safari/534.30"
202.46.54.159 - - [29/May/2017:12:14:33 +0530] "GET /project_details_view_report.php?id=545 HTTP/1.1" 200 13196 "-" "Mozilla/5.0 (Windows NT 10.0; WOW64) AppleWebKit/537.36 (KHTML, like Gecko) Chrome/45.0.2454.93 Safari/537.36"
202.94.121.2 - - [29/May/2017:12:15:26 +0530] "GET /project_details_view.php?id=609 HTTP/1.1" 200 15498 "https://www.google.co.in/" "Mozilla/5.0 (Windows NT 6.1; Win64; x64) AppleWebKit/537.36 (KHTML, like Gecko) Chrome/58.0.3029.110 Safari/537.36"
202.94.121.2 - - [29/May/2017:12:15:27 +0530] "GET /includes/ncdma.css HTTP/1.1" 200 13023 "-" "Mozilla/4.0 (compatible;)"
202.94.121.2 - - [29/May/2017:12:15:27 +0530] "GET /Scripts/AC_RunActiveContent.js HTTP/1.1" 200 8321 "-" "Mozilla/4.0 (compatible;)"
202.94.121.2 - - [29/May/2017:12:15:27 +0530] "GET /images/favicon.ico HTTP/1.1" 200 1406 "-" "Mozilla/4.0 (compatible;)"
202.94.121.2 - - [29/May/2017:12:15:27 +0530] "GET /images/bulllet2.gif HTTP/1.1" 200 58 "-" "Mozilla/4.0 (compatible;)"
202.94.121.2 - - [29/May/2017:12:15:27 +0530] "GET /images/bullet4.gif HTTP/1.1" 200 67 "-" "Mozilla/4.0 (compatible;)"
202.94.121.2 - - [29/May/2017:12:15:27 +0530] "GET /ncdma.css HTTP/1.1" 200 12640 "-" "Mozilla/4.0 (compatible;)"
202.94.121.2 - - [29/May/2017:12:15:27 +0530] "GET /images/bullet1.gif HTTP/1.1" 200 67 "-" "Mozilla/4.0 (compatible;)"
202.94.121.2 - - [29/May/2017:12:15:27 +0530] "GET /images/spacer.gif HTTP/1.1" 200 43 "-" "Mozilla/4.0 (compatible;)"
202.94.121.2 - - [29/May/2017:12:15:27 +0530] "GET /images/img1.jpg HTTP/1.1" 200 1251 "-" "Mozilla/4.0 (compatible;)"
202.94.121.2 - - [29/May/2017:12:15:27 +0530] "GET /images/fdm.jpg HTTP/1.1" 200 2043 "-" "Mozilla/4.0 (compatible;)"
202.94.121.2 - - [29/May/2017:12:15:27 +0530] "GET /images/gtz.jpg HTTP/1.1" 200 15484 "-" "Mozilla/4.0 (compatible;)"
202.94.121.2 - - [29/May/2017:12:15:27 +0530] "GET /images/img3.jpg HTTP/1.1" 200 26957 "-" "Mozilla/4.0 (compatible;)"
202.94.121.2 - - [29/May/2017:12:15:27 +0530] "GET /images/fbg.jpg HTTP/1.1" 200 325 "-" "Mozilla/4.0 (compatible;)"
202.94.121.2 - - [29/May/2017:12:15:27 +0530] "GET /images/img2.jpg HTTP/1.1" 200 16276 "-" "Mozilla/4.0 (compatible;)"
202.94.121.2 - - [29/May/2017:12:15:28 +0530] "GET /favicon.ico HTTP/1.1" 200 1189 "http://www.cdmindia.gov.in/project_details_view.php?id=609" "Mozilla/5.0 (Windows NT 6.1; Win64; x64) AppleWebKit/537.36 (KHTML, like Gecko) Chrome/58.0.3029.110 Safari/537.36"
115.160.249.158 - - [29/May/2017:12:15:40 +0530] "GET /project_details_view.php?id=1754 HTTP/1.1" 200 15024 "https://www.google.co.in/" "Mozilla/5.0 (Windows NT 6.1) AppleWebKit/537.36 (KHTML, like Gecko) Chrome/58.0.3029.110 Safari/537.36"
115.160.249.158 - - [29/May/2017:12:15:41 +0530] "GET /includes/ncdma.css HTTP/1.1" 200 13023 "http://www.cdmindia.gov.in/project_details_view.php?id=1754" "Mozilla/5.0 (Windows NT 6.1) AppleWebKit/537.36 (KHTML, like Gecko) Chrome/58.0.3029.110 Safari/537.36"
115.160.249.158 - - [29/May/2017:12:15:41 +0530] "GET /ncdma.css HTTP/1.1" 200 12640 "http://www.cdmindia.gov.in/project_details_view.php?id=1754" "Mozilla/5.0 (Windows NT 6.1) AppleWebKit/537.36 (KHTML, like Gecko) Chrome/58.0.3029.110 Safari/537.36"
115.160.249.158 - - [29/May/2017:12:15:41 +0530] "GET /Scripts/AC_RunActiveContent.js HTTP/1.1" 200 8321 "http://www.cdmindia.gov.in/project_details_view.php?id=1754" "Mozilla/5.0 (Windows NT 6.1) AppleWebKit/537.36 (KHTML, like Gecko) Chrome/58.0.3029.110 Safari/537.36"
115.160.249.158 - - [29/May/2017:12:15:41 +0530] "GET /images/img2.jpg HTTP/1.1" 200 16276 "http://www.cdmindia.gov.in/project_details_view.php?id=1754" "Mozilla/5.0 (Windows NT 6.1) AppleWebKit/537.36 (KHTML, like Gecko) Chrome/58.0.3029.110 Safari/537.36"
115.160.249.158 - - [29/May/2017:12:15:41 +0530] "GET /images/bullet1.gif HTTP/1.1" 200 67 "http://www.cdmindia.gov.in/project_details_view.php?id=1754" "Mozilla/5.0 (Windows NT 6.1) AppleWebKit/537.36 (KHTML, like Gecko) Chrome/58.0.3029.110 Safari/537.36"
115.160.249.158 - - [29/May/2017:12:15:41 +0530] "GET /images/spacer.gif HTTP/1.1" 200 43 "http://www.cdmindia.gov.in/project_details_view.php?id=1754" "Mozilla/5.0 (Windows NT 6.1) AppleWebKit/537.36 (KHTML, like Gecko) Chrome/58.0.3029.110 Safari/537.36"
115.160.249.158 - - [29/May/2017:12:15:41 +0530] "GET /images/bulllet2.gif HTTP/1.1" 200 58 "http://www.cdmindia.gov.in/project_details_view.php?id=1754" "Mozilla/5.0 (Windows NT 6.1) AppleWebKit/537.36 (KHTML, like Gecko) Chrome/58.0.3029.110 Safari/537.36"
115.160.249.158 - - [29/May/2017:12:15:41 +0530] "GET /images/img3.jpg HTTP/1.1" 200 26957 "http://www.cdmindia.gov.in/project_details_view.php?id=1754" "Mozilla/5.0 (Windows NT 6.1) AppleWebKit/537.36 (KHTML, like Gecko) Chrome/58.0.3029.110 Safari/537.36"
115.160.249.158 - - [29/May/2017:12:15:41 +0530] "GET /images/bullet4.gif HTTP/1.1" 200 67 "http://www.cdmindia.gov.in/project_details_view.php?id=1754" "Mozilla/5.0 (Windows NT 6.1) AppleWebKit/537.36 (KHTML, like Gecko) Chrome/58.0.3029.110 Safari/537.36"
115.160.249.158 - - [29/May/2017:12:15:41 +0530] "GET /images/img1.jpg HTTP/1.1" 200 1251 "http://www.cdmindia.gov.in/project_details_view.php?id=1754" "Mozilla/5.0 (Windows NT 6.1) AppleWebKit/537.36 (KHTML, like Gecko) Chrome/58.0.3029.110 Safari/537.36"
115.160.249.158 - - [29/May/2017:12:15:41 +0530] "GET /images/fdm.jpg HTTP/1.1" 200 2043 "http://www.cdmindia.gov.in/project_details_view.php?id=1754" "Mozilla/5.0 (Windows NT 6.1) AppleWebKit/537.36 (KHTML, like Gecko) Chrome/58.0.3029.110 Safari/537.36"
115.160.249.158 - - [29/May/2017:12:15:41 +0530] "GET /images/gtz.jpg HTTP/1.1" 200 15484 "http://www.cdmindia.gov.in/project_details_view.php?id=1754" "Mozilla/5.0 (Windows NT 6.1) AppleWebKit/537.36 (KHTML, like Gecko) Chrome/58.0.3029.110 Safari/537.36"
115.160.249.158 - - [29/May/2017:12:15:42 +0530] "GET /images/fbg.jpg HTTP/1.1" 200 325 "http://www.cdmindia.gov.in/project_details_view.php?id=1754" "Mozilla/5.0 (Windows NT 6.1) AppleWebKit/537.36 (KHTML, like Gecko) Chrome/58.0.3029.110 Safari/537.36"
115.160.249.158 - - [29/May/2017:12:15:42 +0530] "GET /favicon.ico HTTP/1.1" 200 1189 "http://www.cdmindia.gov.in/project_details_view.php?id=1754" "Mozilla/5.0 (Windows NT 6.1) AppleWebKit/537.36 (KHTML, like Gecko) Chrome/58.0.3029.110 Safari/537.36"
111.93.251.186 - - [29/May/2017:12:17:30 +0530] "GET /Approved_proj_reports_list_details.php?id=15&reporttype=1&scale=&sdt=2005-01-01&edt=2017-05-29&exec= HTTP/1.1" 200 12349 "http://www.cdmindia.gov.in/approved_projects.php" "Mozilla/5.0 (Windows NT 10.0; Win64; x64) AppleWebKit/537.36 (KHTML, like Gecko) Chrome/58.0.3029.110 Safari/537.36"
111.93.251.186 - - [29/May/2017:12:17:34 +0530] "GET /approved_projects.php?n=1 HTTP/1.1" 200 16641 "-" "Mozilla/5.0 (Windows NT 10.0; Win64; x64) AppleWebKit/537.36 (KHTML, like Gecko) Chrome/58.0.3029.110 Safari/537.36"
123.30.143.193 - - [29/May/2017:12:18:00 +0530] "GET /blog/wp-admin/setup-config.php?step=1 HTTP/1.1" 404 228 "-" "Mozilla/5.0 (compatible; Googlebot/2.1; +http://www.google.com/bot.html)"
111.93.251.186 - - [29/May/2017:12:18:05 +0530] "POST /approved_projects.php HTTP/1.1" 200 17750 "http://www.cdmindia.gov.in/approved_projects.php?n=1" "Mozilla/5.0 (Windows NT 10.0; Win64; x64) AppleWebKit/537.36 (KHTML, like Gecko) Chrome/58.0.3029.110 Safari/537.36"
157.55.39.227 - - [29/May/2017:12:21:00 +0530] "GET /project_details_view.php?id=1037 HTTP/1.1" 200 14755 "-" "Mozilla/5.0 (compatible; bingbot/2.0; +http://www.bing.com/bingbot.htm)"
183.82.96.133 - - [29/May/2017:12:23:09 +0530] "GET /project_details_view.php?id=1000 HTTP/1.1" 200 15750 "https://www.google.co.in/" "Mozilla/5.0 (Windows NT 6.1; Win64; x64) AppleWebKit/537.36 (KHTML, like Gecko) Chrome/58.0.3029.110 Safari/537.36"
183.82.96.133 - - [29/May/2017:12:23:09 +0530] "GET /includes/ncdma.css HTTP/1.1" 200 13023 "http://www.cdmindia.gov.in/project_details_view.php?id=1000" "Mozilla/5.0 (Windows NT 6.1; Win64; x64) AppleWebKit/537.36 (KHTML, like Gecko) Chrome/58.0.3029.110 Safari/537.36"
183.82.96.133 - - [29/May/2017:12:23:09 +0530] "GET /ncdma.css HTTP/1.1" 200 12640 "http://www.cdmindia.gov.in/project_details_view.php?id=1000" "Mozilla/5.0 (Windows NT 6.1; Win64; x64) AppleWebKit/537.36 (KHTML, like Gecko) Chrome/58.0.3029.110 Safari/537.36"
183.82.96.133 - - [29/May/2017:12:23:09 +0530] "GET /Scripts/AC_RunActiveContent.js HTTP/1.1" 200 8321 "http://www.cdmindia.gov.in/project_details_view.php?id=1000" "Mozilla/5.0 (Windows NT 6.1; Win64; x64) AppleWebKit/537.36 (KHTML, like Gecko) Chrome/58.0.3029.110 Safari/537.36"
183.82.96.133 - - [29/May/2017:12:23:09 +0530] "GET /images/img2.jpg HTTP/1.1" 200 16276 "http://www.cdmindia.gov.in/project_details_view.php?id=1000" "Mozilla/5.0 (Windows NT 6.1; Win64; x64) AppleWebKit/537.36 (KHTML, like Gecko) Chrome/58.0.3029.110 Safari/537.36"
183.82.96.133 - - [29/May/2017:12:23:09 +0530] "GET /images/img1.jpg HTTP/1.1" 200 1251 "http://www.cdmindia.gov.in/project_details_view.php?id=1000" "Mozilla/5.0 (Windows NT 6.1; Win64; x64) AppleWebKit/537.36 (KHTML, like Gecko) Chrome/58.0.3029.110 Safari/537.36"
183.82.96.133 - - [29/May/2017:12:23:09 +0530] "GET /images/bullet1.gif HTTP/1.1" 200 67 "http://www.cdmindia.gov.in/project_details_view.php?id=1000" "Mozilla/5.0 (Windows NT 6.1; Win64; x64) AppleWebKit/537.36 (KHTML, like Gecko) Chrome/58.0.3029.110 Safari/537.36"
183.82.96.133 - - [29/May/2017:12:23:09 +0530] "GET /images/bulllet2.gif HTTP/1.1" 200 58 "http://www.cdmindia.gov.in/project_details_view.php?id=1000" "Mozilla/5.0 (Windows NT 6.1; Win64; x64) AppleWebKit/537.36 (KHTML, like Gecko) Chrome/58.0.3029.110 Safari/537.36"
183.82.96.133 - - [29/May/2017:12:23:09 +0530] "GET /images/spacer.gif HTTP/1.1" 200 43 "http://www.cdmindia.gov.in/project_details_view.php?id=1000" "Mozilla/5.0 (Windows NT 6.1; Win64; x64) AppleWebKit/537.36 (KHTML, like Gecko) Chrome/58.0.3029.110 Safari/537.36"
183.82.96.133 - - [29/May/2017:12:23:09 +0530] "GET /images/img3.jpg HTTP/1.1" 200 26957 "http://www.cdmindia.gov.in/project_details_view.php?id=1000" "Mozilla/5.0 (Windows NT 6.1; Win64; x64) AppleWebKit/537.36 (KHTML, like Gecko) Chrome/58.0.3029.110 Safari/537.36"
183.82.96.133 - - [29/May/2017:12:23:10 +0530] "GET /images/bullet4.gif HTTP/1.1" 200 67 "http://www.cdmindia.gov.in/project_details_view.php?id=1000" "Mozilla/5.0 (Windows NT 6.1; Win64; x64) AppleWebKit/537.36 (KHTML, like Gecko) Chrome/58.0.3029.110 Safari/537.36"
183.82.96.133 - - [29/May/2017:12:23:10 +0530] "GET /images/gtz.jpg HTTP/1.1" 200 15484 "http://www.cdmindia.gov.in/project_details_view.php?id=1000" "Mozilla/5.0 (Windows NT 6.1; Win64; x64) AppleWebKit/537.36 (KHTML, like Gecko) Chrome/58.0.3029.110 Safari/537.36"
183.82.96.133 - - [29/May/2017:12:23:10 +0530] "GET /images/fdm.jpg HTTP/1.1" 200 2043 "http://www.cdmindia.gov.in/project_details_view.php?id=1000" "Mozilla/5.0 (Windows NT 6.1; Win64; x64) AppleWebKit/537.36 (KHTML, like Gecko) Chrome/58.0.3029.110 Safari/537.36"
183.82.96.133 - - [29/May/2017:12:23:10 +0530] "GET /images/fbg.jpg HTTP/1.1" 200 325 "http://www.cdmindia.gov.in/project_details_view.php?id=1000" "Mozilla/5.0 (Windows NT 6.1; Win64; x64) AppleWebKit/537.36 (KHTML, like Gecko) Chrome/58.0.3029.110 Safari/537.36"
183.82.96.133 - - [29/May/2017:12:23:10 +0530] "GET /favicon.ico HTTP/1.1" 200 1189 "http://www.cdmindia.gov.in/project_details_view.php?id=1000" "Mozilla/5.0 (Windows NT 6.1; Win64; x64) AppleWebKit/537.36 (KHTML, like Gecko) Chrome/58.0.3029.110 Safari/537.36"
210.212.222.14 - - [29/May/2017:12:23:52 +0530] "GET / HTTP/1.1" 200 19479 "http://www.moef.nic.in/division/water-pollution" "Mozilla/5.0 (Windows NT 5.1) AppleWebKit/537.36 (KHTML, like Gecko) Chrome/49.0.2623.112 Safari/537.36"
210.212.222.14 - - [29/May/2017:12:23:52 +0530] "GET /includes/ncdma.css HTTP/1.1" 200 13023 "http://www.cdmindia.gov.in/" "Mozilla/5.0 (Windows NT 5.1) AppleWebKit/537.36 (KHTML, like Gecko) Chrome/49.0.2623.112 Safari/537.36"
210.212.222.14 - - [29/May/2017:12:23:52 +0530] "GET /ncdma.css HTTP/1.1" 200 12640 "http://www.cdmindia.gov.in/" "Mozilla/5.0 (Windows NT 5.1) AppleWebKit/537.36 (KHTML, like Gecko) Chrome/49.0.2623.112 Safari/537.36"
210.212.222.14 - - [29/May/2017:12:23:52 +0530] "GET /Scripts/AC_RunActiveContent.js HTTP/1.1" 200 8321 "http://www.cdmindia.gov.in/" "Mozilla/5.0 (Windows NT 5.1) AppleWebKit/537.36 (KHTML, like Gecko) Chrome/49.0.2623.112 Safari/537.36"
210.212.222.14 - - [29/May/2017:12:23:52 +0530] "GET /js/base64_encode.js HTTP/1.1" 200 3002 "http://www.cdmindia.gov.in/" "Mozilla/5.0 (Windows NT 5.1) AppleWebKit/537.36 (KHTML, like Gecko) Chrome/49.0.2623.112 Safari/537.36"
210.212.222.14 - - [29/May/2017:12:23:52 +0530] "GET /js/md5.js HTTP/1.1" 200 13194 "http://www.cdmindia.gov.in/" "Mozilla/5.0 (Windows NT 5.1) AppleWebKit/537.36 (KHTML, like Gecko) Chrome/49.0.2623.112 Safari/537.36"
210.212.222.14 - - [29/May/2017:12:23:53 +0530] "GET /images/img2.jpg HTTP/1.1" 200 16276 "http://www.cdmindia.gov.in/" "Mozilla/5.0 (Windows NT 5.1) AppleWebKit/537.36 (KHTML, like Gecko) Chrome/49.0.2623.112 Safari/537.36"
210.212.222.14 - - [29/May/2017:12:23:53 +0530] "GET /images/img3.jpg HTTP/1.1" 200 26957 "http://www.cdmindia.gov.in/" "Mozilla/5.0 (Windows NT 5.1) AppleWebKit/537.36 (KHTML, like Gecko) Chrome/49.0.2623.112 Safari/537.36"
210.212.222.14 - - [29/May/2017:12:23:53 +0530] "GET /images/spacer.gif HTTP/1.1" 200 43 "http://www.cdmindia.gov.in/" "Mozilla/5.0 (Windows NT 5.1) AppleWebKit/537.36 (KHTML, like Gecko) Chrome/49.0.2623.112 Safari/537.36"
210.212.222.14 - - [29/May/2017:12:23:53 +0530] "GET /images/bullet1.gif HTTP/1.1" 200 67 "http://www.cdmindia.gov.in/" "Mozilla/5.0 (Windows NT 5.1) AppleWebKit/537.36 (KHTML, like Gecko) Chrome/49.0.2623.112 Safari/537.36"
210.212.222.14 - - [29/May/2017:12:23:53 +0530] "GET /images/img1.jpg HTTP/1.1" 200 1251 "http://www.cdmindia.gov.in/" "Mozilla/5.0 (Windows NT 5.1) AppleWebKit/537.36 (KHTML, like Gecko) Chrome/49.0.2623.112 Safari/537.36"
210.212.222.14 - - [29/May/2017:12:23:53 +0530] "GET /images/bullet3.gif HTTP/1.1" 200 58 "http://www.cdmindia.gov.in/" "Mozilla/5.0 (Windows NT 5.1) AppleWebKit/537.36 (KHTML, like Gecko) Chrome/49.0.2623.112 Safari/537.36"
210.212.222.14 - - [29/May/2017:12:23:53 +0530] "GET /images/fe.jpg HTTP/1.1" 200 1429 "http://www.cdmindia.gov.in/" "Mozilla/5.0 (Windows NT 5.1) AppleWebKit/537.36 (KHTML, like Gecko) Chrome/49.0.2623.112 Safari/537.36"
210.212.222.14 - - [29/May/2017:12:23:53 +0530] "GET /images/bulllet2.gif HTTP/1.1" 200 58 "http://www.cdmindia.gov.in/" "Mozilla/5.0 (Windows NT 5.1) AppleWebKit/537.36 (KHTML, like Gecko) Chrome/49.0.2623.112 Safari/537.36"
210.212.222.14 - - [29/May/2017:12:23:53 +0530] "GET /images/bullet4.gif HTTP/1.1" 200 67 "http://www.cdmindia.gov.in/" "Mozilla/5.0 (Windows NT 5.1) AppleWebKit/537.36 (KHTML, like Gecko) Chrome/49.0.2623.112 Safari/537.36"
210.212.222.14 - - [29/May/2017:12:23:53 +0530] "GET /images/fdm.jpg HTTP/1.1" 200 2043 "http://www.cdmindia.gov.in/" "Mozilla/5.0 (Windows NT 5.1) AppleWebKit/537.36 (KHTML, like Gecko) Chrome/49.0.2623.112 Safari/537.36"
210.212.222.14 - - [29/May/2017:12:23:53 +0530] "GET /images/gtz.jpg HTTP/1.1" 200 15484 "http://www.cdmindia.gov.in/" "Mozilla/5.0 (Windows NT 5.1) AppleWebKit/537.36 (KHTML, like Gecko) Chrome/49.0.2623.112 Safari/537.36"
210.212.222.14 - - [29/May/2017:12:23:53 +0530] "GET /images/login.jpg HTTP/1.1" 200 1044 "http://www.cdmindia.gov.in/" "Mozilla/5.0 (Windows NT 5.1) AppleWebKit/537.36 (KHTML, like Gecko) Chrome/49.0.2623.112 Safari/537.36"
210.212.222.14 - - [29/May/2017:12:23:53 +0530] "GET /images/login1.jpg HTTP/1.1" 200 618 "http://www.cdmindia.gov.in/" "Mozilla/5.0 (Windows NT 5.1) AppleWebKit/537.36 (KHTML, like Gecko) Chrome/49.0.2623.112 Safari/537.36"
