66.249.79.131 - - [08/Jun/2017:01:20:51 +0530] "GET /project_details_view.php?id=889 HTTP/1.1" 200 14455 "-" "Mozilla/5.0 (compatible; Googlebot/2.1; +http://www.google.com/bot.html)"
66.249.79.129 - - [08/Jun/2017:01:26:01 +0530] "GET /reports_list_details.php?id=fnxntyvmlpku&reporttype=&page=95 HTTP/1.1" 200 22197 "-" "Mozilla/5.0 (compatible; Googlebot/2.1; +http://www.google.com/bot.html)"
90.28.53.7 - - [08/Jun/2017:01:26:34 +0530] "GET /robots.txt HTTP/1.1" 404 208 "-" "Java/1.8.0_101"
66.249.79.131 - - [08/Jun/2017:01:31:01 +0530] "GET /reports_list_details.php?id=fnxntyvmlpku&reporttype=&page=175 HTTP/1.1" 200 22497 "-" "Mozilla/5.0 (compatible; Googlebot/2.1; +http://www.google.com/bot.html)"
220.181.51.87 - - [08/Jun/2017:01:33:42 +0530] "GET /robots.txt HTTP/1.1" 404 208 "-" "Mozilla/5.0 (Windows NT 10.0; WOW64) AppleWebKit/537.36 (KHTML, like Gecko) Chrome/45.0.2454.93 Safari/537.36"
157.49.11.22 - - [08/Jun/2017:01:34:13 +0530] "GET /project_details_view.php?id=1466 HTTP/1.1" 200 14501 "-" "Mozilla/5.0 (Linux; Android 7.0; Moto G (4) Build/NPJ25.93-14) AppleWebKit/537.36 (KHTML, like Gecko) Chrome/58.0.3029.83 Mobile Safari/537.36"
157.49.11.22 - - [08/Jun/2017:01:34:14 +0530] "GET /includes/ncdma.css HTTP/1.1" 200 13023 "http://www.cdmindia.gov.in/project_details_view.php?id=1466" "Mozilla/5.0 (Linux; Android 7.0; Moto G (4) Build/NPJ25.93-14) AppleWebKit/537.36 (KHTML, like Gecko) Chrome/58.0.3029.83 Mobile Safari/537.36"
157.49.11.22 - - [08/Jun/2017:01:34:14 +0530] "GET /Scripts/AC_RunActiveContent.js HTTP/1.1" 200 8321 "http://www.cdmindia.gov.in/project_details_view.php?id=1466" "Mozilla/5.0 (Linux; Android 7.0; Moto G (4) Build/NPJ25.93-14) AppleWebKit/537.36 (KHTML, like Gecko) Chrome/58.0.3029.83 Mobile Safari/537.36"
157.49.11.22 - - [08/Jun/2017:01:34:14 +0530] "GET /ncdma.css HTTP/1.1" 200 12640 "http://www.cdmindia.gov.in/project_details_view.php?id=1466" "Mozilla/5.0 (Linux; Android 7.0; Moto G (4) Build/NPJ25.93-14) AppleWebKit/537.36 (KHTML, like Gecko) Chrome/58.0.3029.83 Mobile Safari/537.36"
157.49.11.22 - - [08/Jun/2017:01:34:14 +0530] "GET /images/bullet1.gif HTTP/1.1" 200 67 "http://www.cdmindia.gov.in/project_details_view.php?id=1466" "Mozilla/5.0 (Linux; Android 7.0; Moto G (4) Build/NPJ25.93-14) AppleWebKit/537.36 (KHTML, like Gecko) Chrome/58.0.3029.83 Mobile Safari/537.36"
157.49.11.22 - - [08/Jun/2017:01:34:14 +0530] "GET /images/bulllet2.gif HTTP/1.1" 200 58 "http://www.cdmindia.gov.in/project_details_view.php?id=1466" "Mozilla/5.0 (Linux; Android 7.0; Moto G (4) Build/NPJ25.93-14) AppleWebKit/537.36 (KHTML, like Gecko) Chrome/58.0.3029.83 Mobile Safari/537.36"
157.49.11.22 - - [08/Jun/2017:01:34:14 +0530] "GET /images/bullet4.gif HTTP/1.1" 200 67 "http://www.cdmindia.gov.in/project_details_view.php?id=1466" "Mozilla/5.0 (Linux; Android 7.0; Moto G (4) Build/NPJ25.93-14) AppleWebKit/537.36 (KHTML, like Gecko) Chrome/58.0.3029.83 Mobile Safari/537.36"
157.49.11.22 - - [08/Jun/2017:01:34:14 +0530] "GET /images/spacer.gif HTTP/1.1" 200 43 "http://www.cdmindia.gov.in/project_details_view.php?id=1466" "Mozilla/5.0 (Linux; Android 7.0; Moto G (4) Build/NPJ25.93-14) AppleWebKit/537.36 (KHTML, like Gecko) Chrome/58.0.3029.83 Mobile Safari/537.36"
157.49.11.22 - - [08/Jun/2017:01:34:14 +0530] "GET /images/img2.jpg HTTP/1.1" 200 16276 "http://www.cdmindia.gov.in/project_details_view.php?id=1466" "Mozilla/5.0 (Linux; Android 7.0; Moto G (4) Build/NPJ25.93-14) AppleWebKit/537.36 (KHTML, like Gecko) Chrome/58.0.3029.83 Mobile Safari/537.36"
157.49.11.22 - - [08/Jun/2017:01:34:14 +0530] "GET /images/img3.jpg HTTP/1.1" 200 26957 "http://www.cdmindia.gov.in/project_details_view.php?id=1466" "Mozilla/5.0 (Linux; Android 7.0; Moto G (4) Build/NPJ25.93-14) AppleWebKit/537.36 (KHTML, like Gecko) Chrome/58.0.3029.83 Mobile Safari/537.36"
157.49.11.22 - - [08/Jun/2017:01:34:14 +0530] "GET /images/fbg.jpg HTTP/1.1" 200 325 "http://www.cdmindia.gov.in/project_details_view.php?id=1466" "Mozilla/5.0 (Linux; Android 7.0; Moto G (4) Build/NPJ25.93-14) AppleWebKit/537.36 (KHTML, like Gecko) Chrome/58.0.3029.83 Mobile Safari/537.36"
157.49.11.22 - - [08/Jun/2017:01:34:14 +0530] "GET /images/img1.jpg HTTP/1.1" 200 1251 "http://www.cdmindia.gov.in/project_details_view.php?id=1466" "Mozilla/5.0 (Linux; Android 7.0; Moto G (4) Build/NPJ25.93-14) AppleWebKit/537.36 (KHTML, like Gecko) Chrome/58.0.3029.83 Mobile Safari/537.36"
157.49.11.22 - - [08/Jun/2017:01:34:14 +0530] "GET /images/fdm.jpg HTTP/1.1" 200 2043 "http://www.cdmindia.gov.in/project_details_view.php?id=1466" "Mozilla/5.0 (Linux; Android 7.0; Moto G (4) Build/NPJ25.93-14) AppleWebKit/537.36 (KHTML, like Gecko) Chrome/58.0.3029.83 Mobile Safari/537.36"
157.49.11.22 - - [08/Jun/2017:01:34:14 +0530] "GET /images/gtz.jpg HTTP/1.1" 200 15484 "http://www.cdmindia.gov.in/project_details_view.php?id=1466" "Mozilla/5.0 (Linux; Android 7.0; Moto G (4) Build/NPJ25.93-14) AppleWebKit/537.36 (KHTML, like Gecko) Chrome/58.0.3029.83 Mobile Safari/537.36"
157.49.11.22 - - [08/Jun/2017:01:34:15 +0530] "GET /favicon.ico HTTP/1.1" 200 1189 "http://www.cdmindia.gov.in/project_details_view.php?id=1466" "Mozilla/5.0 (Linux; Android 7.0; Moto G (4) Build/NPJ25.93-14) AppleWebKit/537.36 (KHTML, like Gecko) Chrome/58.0.3029.83 Mobile Safari/537.36"
90.28.53.7 - - [08/Jun/2017:01:34:48 +0530] "GET /robots.txt HTTP/1.1" 404 208 "-" "Java/1.8.0_101"
157.49.11.22 - - [08/Jun/2017:01:34:55 +0530] "GET /project_details_view.php?id=1466 HTTP/1.1" 200 14501 "-" "Mozilla/5.0 (Linux; Android 7.0; Moto G (4) Build/NPJ25.93-14) AppleWebKit/537.36 (KHTML, like Gecko) Chrome/58.0.3029.83 Mobile Safari/537.36"
157.49.11.22 - - [08/Jun/2017:01:34:55 +0530] "GET /favicon.ico HTTP/1.1" 200 1189 "http://www.cdmindia.gov.in/project_details_view.php?id=1466" "Mozilla/5.0 (Linux; Android 7.0; Moto G (4) Build/NPJ25.93-14) AppleWebKit/537.36 (KHTML, like Gecko) Chrome/58.0.3029.83 Mobile Safari/537.36"
66.249.79.129 - - [08/Jun/2017:01:36:11 +0530] "GET /project_details_view.php?id=1422&oid=&page=24&reporttype= HTTP/1.1" 200 14457 "-" "Mozilla/5.0 (compatible; Googlebot/2.1; +http://www.google.com/bot.html)"
66.249.79.129 - - [08/Jun/2017:01:41:11 +0530] "GET /project_details_view.php?id=31&oid=&page=106&reporttype= HTTP/1.1" 200 13805 "-" "Mozilla/5.0 (compatible; Googlebot/2.1; +http://www.google.com/bot.html)"
211.0.145.104 - - [08/Jun/2017:01:41:56 +0530] "GET / HTTP/1.1" 200 19481 "-" "Mozilla/5.0 (Windows NT 5.1; rv:6.0.2) Gecko/20100101 Firefox/6.0.2"
157.55.39.239 - - [08/Jun/2017:01:42:07 +0530] "GET /reports_list_details.php?id=Gujarat&reporttype=2&page=4 HTTP/1.1" 200 21178 "-" "Mozilla/5.0 (compatible; bingbot/2.0; +http://www.bing.com/bingbot.htm)"
66.249.79.133 - - [08/Jun/2017:01:43:31 +0530] "GET /project_details_view_report.php?id=332 HTTP/1.1" 200 13163 "-" "Mozilla/5.0 (compatible; Googlebot/2.1; +http://www.google.com/bot.html)"
66.249.79.129 - - [08/Jun/2017:01:46:21 +0530] "GET /project_details_view.php?id=800 HTTP/1.1" 200 14018 "-" "Mozilla/5.0 (Linux; Android 6.0.1; Nexus 5X Build/MMB29P) AppleWebKit/537.36 (KHTML, like Gecko) Chrome/41.0.2272.96 Mobile Safari/537.36 (compatible; Googlebot/2.1; +http://www.google.com/bot.html)"
94.23.17.116 - - [08/Jun/2017:01:50:13 +0530] "HEAD /approved_projects.php HTTP/1.1" 200 - "-" "-"
94.23.17.116 - - [08/Jun/2017:01:50:14 +0530] "GET /approved_projects.php HTTP/1.1" 200 16643 "-" "Mozilla/5.0 (X11; Linux x86_64; rv:38.0) Gecko/20100101 Firefox/38.0"
94.23.17.116 - - [08/Jun/2017:01:50:14 +0530] "GET /includes/ncdma.css HTTP/1.1" 200 13023 "http://www.cdmindia.gov.in/approved_projects.php" "Mozilla/5.0 (X11; Linux x86_64; rv:38.0) Gecko/20100101 Firefox/38.0"
94.23.17.116 - - [08/Jun/2017:01:50:14 +0530] "GET /js/datepicker/latest_date.js HTTP/1.1" 200 11986 "http://www.cdmindia.gov.in/approved_projects.php" "Mozilla/5.0 (X11; Linux x86_64; rv:38.0) Gecko/20100101 Firefox/38.0"
94.23.17.116 - - [08/Jun/2017:01:50:14 +0530] "GET /js/datepicker/latest_datepicker.css HTTP/1.1" 200 2283 "http://www.cdmindia.gov.in/approved_projects.php" "Mozilla/5.0 (X11; Linux x86_64; rv:38.0) Gecko/20100101 Firefox/38.0"
94.23.17.116 - - [08/Jun/2017:01:50:14 +0530] "GET /js/datepicker/latest_demo.css HTTP/1.1" 200 574 "http://www.cdmindia.gov.in/approved_projects.php" "Mozilla/5.0 (X11; Linux x86_64; rv:38.0) Gecko/20100101 Firefox/38.0"
94.23.17.116 - - [08/Jun/2017:01:50:15 +0530] "GET /ncdma.css HTTP/1.1" 200 12640 "http://www.cdmindia.gov.in/approved_projects.php" "Mozilla/5.0 (X11; Linux x86_64; rv:38.0) Gecko/20100101 Firefox/38.0"
94.23.17.116 - - [08/Jun/2017:01:50:14 +0530] "GET /js/datepicker/latest_jquery.datePicker.js HTTP/1.1" 200 37423 "http://www.cdmindia.gov.in/approved_projects.php" "Mozilla/5.0 (X11; Linux x86_64; rv:38.0) Gecko/20100101 Firefox/38.0"
94.23.17.116 - - [08/Jun/2017:01:50:15 +0530] "GET /Scripts/AC_RunActiveContent.js HTTP/1.1" 200 8321 "http://www.cdmindia.gov.in/approved_projects.php" "Mozilla/5.0 (X11; Linux x86_64; rv:38.0) Gecko/20100101 Firefox/38.0"
94.23.17.116 - - [08/Jun/2017:01:50:14 +0530] "GET /js/jquery.js HTTP/1.1" 200 55774 "http://www.cdmindia.gov.in/approved_projects.php" "Mozilla/5.0 (X11; Linux x86_64; rv:38.0) Gecko/20100101 Firefox/38.0"
94.23.17.116 - - [08/Jun/2017:01:50:15 +0530] "GET /images/img2.jpg HTTP/1.1" 200 16276 "http://www.cdmindia.gov.in/approved_projects.php" "Mozilla/5.0 (X11; Linux x86_64; rv:38.0) Gecko/20100101 Firefox/38.0"
94.23.17.116 - - [08/Jun/2017:01:50:15 +0530] "GET /images/spacer.gif HTTP/1.1" 200 43 "http://www.cdmindia.gov.in/approved_projects.php" "Mozilla/5.0 (X11; Linux x86_64; rv:38.0) Gecko/20100101 Firefox/38.0"
94.23.17.116 - - [08/Jun/2017:01:50:15 +0530] "GET /images/bullet4.gif HTTP/1.1" 200 67 "http://www.cdmindia.gov.in/approved_projects.php" "Mozilla/5.0 (X11; Linux x86_64; rv:38.0) Gecko/20100101 Firefox/38.0"
94.23.17.116 - - [08/Jun/2017:01:50:15 +0530] "GET /images/bullet1.gif HTTP/1.1" 200 67 "http://www.cdmindia.gov.in/approved_projects.php" "Mozilla/5.0 (X11; Linux x86_64; rv:38.0) Gecko/20100101 Firefox/38.0"
94.23.17.116 - - [08/Jun/2017:01:50:15 +0530] "GET /images/bulllet2.gif HTTP/1.1" 200 58 "http://www.cdmindia.gov.in/approved_projects.php" "Mozilla/5.0 (X11; Linux x86_64; rv:38.0) Gecko/20100101 Firefox/38.0"
94.23.17.116 - - [08/Jun/2017:01:50:15 +0530] "GET /images/img3.jpg HTTP/1.1" 200 26957 "http://www.cdmindia.gov.in/approved_projects.php" "Mozilla/5.0 (X11; Linux x86_64; rv:38.0) Gecko/20100101 Firefox/38.0"
94.23.17.116 - - [08/Jun/2017:01:50:15 +0530] "GET /images/img1.jpg HTTP/1.1" 200 1251 "http://www.cdmindia.gov.in/approved_projects.php" "Mozilla/5.0 (X11; Linux x86_64; rv:38.0) Gecko/20100101 Firefox/38.0"
94.23.17.116 - - [08/Jun/2017:01:50:15 +0530] "GET /images/fbg.jpg HTTP/1.1" 200 325 "http://www.cdmindia.gov.in/approved_projects.php" "Mozilla/5.0 (X11; Linux x86_64; rv:38.0) Gecko/20100101 Firefox/38.0"
94.23.17.116 - - [08/Jun/2017:01:50:15 +0530] "GET /images/favicon.ico HTTP/1.1" 200 1406 "-" "Mozilla/5.0 (X11; Linux x86_64; rv:38.0) Gecko/20100101 Firefox/38.0"
94.23.17.116 - - [08/Jun/2017:01:50:15 +0530] "GET /js/datepicker/calendar.gif HTTP/1.1" 200 235 "http://www.cdmindia.gov.in/js/datepicker/latest_demo.css" "Mozilla/5.0 (X11; Linux x86_64; rv:38.0) Gecko/20100101 Firefox/38.0"
94.23.17.116 - - [08/Jun/2017:01:50:16 +0530] "GET /images/gtz.jpg HTTP/1.1" 200 15484 "http://www.cdmindia.gov.in/approved_projects.php" "Mozilla/5.0 (X11; Linux x86_64; rv:38.0) Gecko/20100101 Firefox/38.0"
94.23.17.116 - - [08/Jun/2017:01:50:16 +0530] "GET /images/fdm.jpg HTTP/1.1" 200 2043 "http://www.cdmindia.gov.in/approved_projects.php" "Mozilla/5.0 (X11; Linux x86_64; rv:38.0) Gecko/20100101 Firefox/38.0"
66.249.79.133 - - [08/Jun/2017:01:56:31 +0530] "GET /reports_list_details.php?id=fnxntyvmlpku&reporttype=&page=209 HTTP/1.1" 200 22520 "-" "Mozilla/5.0 (compatible; Googlebot/2.1; +http://www.google.com/bot.html)"
78.175.7.86 - - [08/Jun/2017:01:57:01 +0530] "GET /wp-login.php HTTP/1.1" 404 210 "-" "Mozilla/5.0 (Windows NT 6.1; WOW64; rv:40.0) Gecko/20100101 Firefox/40.1"
78.175.7.86 - - [08/Jun/2017:01:57:02 +0530] "GET / HTTP/1.1" 200 19481 "-" "Mozilla/5.0 (Windows NT 6.1; WOW64; rv:40.0) Gecko/20100101 Firefox/40.1"
216.244.66.248 - - [08/Jun/2017:01:57:34 +0530] "GET /detail_news.php?id=16 HTTP/1.1" 302 18333 "-" "Mozilla/5.0 (compatible; DotBot/1.1; http://www.opensiteexplorer.org/dotbot, help@moz.com)"
180.76.15.153 - - [08/Jun/2017:01:59:09 +0530] "GET / HTTP/1.1" 200 19481 "-" "Mozilla/5.0 (compatible; Baiduspider/2.0; +http://www.baidu.com/search/spider.html)"
66.249.79.133 - - [08/Jun/2017:02:01:43 +0530] "GET /reports_list_details.php?id=fnxntyvmlpku&reporttype=&page=210 HTTP/1.1" 200 22034 "-" "Mozilla/5.0 (compatible; Googlebot/2.1; +http://www.google.com/bot.html)"
27.57.182.10 - - [08/Jun/2017:02:02:56 +0530] "HEAD / HTTP/1.1" 200 - "http://www.envfor.nic.in/about-ministry/regional-offices" "Mozilla/5.0 (Windows; U; MSIE 9.0; Windows NT 9.0; en-US)"
27.57.182.10 - - [08/Jun/2017:02:02:56 +0530] "GET / HTTP/1.1" 200 19481 "http://www.envfor.nic.in/about-ministry/regional-offices" "Mozilla/5.0 (Windows; U; MSIE 9.0; Windows NT 9.0; en-US)"
14.139.243.180 - - [08/Jun/2017:02:03:13 +0530] "GET /reports_new.php HTTP/1.1" 200 22412 "-" "Mozilla/5.0 (Windows NT 6.3; Win64; x64) AppleWebKit/537.36 (KHTML, like Gecko) Chrome/58.0.3029.110 Safari/537.36"
14.139.243.180 - - [08/Jun/2017:02:03:13 +0530] "GET /includes/ncdma.css HTTP/1.1" 200 13023 "http://www.cdmindia.gov.in/reports_new.php" "Mozilla/5.0 (Windows NT 6.3; Win64; x64) AppleWebKit/537.36 (KHTML, like Gecko) Chrome/58.0.3029.110 Safari/537.36"
14.139.243.180 - - [08/Jun/2017:02:03:13 +0530] "GET /Scripts/AC_RunActiveContent.js HTTP/1.1" 200 8321 "http://www.cdmindia.gov.in/reports_new.php" "Mozilla/5.0 (Windows NT 6.3; Win64; x64) AppleWebKit/537.36 (KHTML, like Gecko) Chrome/58.0.3029.110 Safari/537.36"
14.139.243.180 - - [08/Jun/2017:02:03:13 +0530] "GET /ncdma.css HTTP/1.1" 200 12640 "http://www.cdmindia.gov.in/reports_new.php" "Mozilla/5.0 (Windows NT 6.3; Win64; x64) AppleWebKit/537.36 (KHTML, like Gecko) Chrome/58.0.3029.110 Safari/537.36"
14.139.243.180 - - [08/Jun/2017:02:03:13 +0530] "GET /js/user_registration.js HTTP/1.1" 200 26819 "http://www.cdmindia.gov.in/reports_new.php" "Mozilla/5.0 (Windows NT 6.3; Win64; x64) AppleWebKit/537.36 (KHTML, like Gecko) Chrome/58.0.3029.110 Safari/537.36"
14.139.243.180 - - [08/Jun/2017:02:03:16 +0530] "GET /images/img2.jpg HTTP/1.1" 200 16276 "http://www.cdmindia.gov.in/reports_new.php" "Mozilla/5.0 (Windows NT 6.3; Win64; x64) AppleWebKit/537.36 (KHTML, like Gecko) Chrome/58.0.3029.110 Safari/537.36"
14.139.243.180 - - [08/Jun/2017:02:03:16 +0530] "GET /images/spacer.gif HTTP/1.1" 200 43 "http://www.cdmindia.gov.in/reports_new.php" "Mozilla/5.0 (Windows NT 6.3; Win64; x64) AppleWebKit/537.36 (KHTML, like Gecko) Chrome/58.0.3029.110 Safari/537.36"
14.139.243.180 - - [08/Jun/2017:02:03:16 +0530] "GET /images/bulllet2.gif HTTP/1.1" 200 58 "http://www.cdmindia.gov.in/reports_new.php" "Mozilla/5.0 (Windows NT 6.3; Win64; x64) AppleWebKit/537.36 (KHTML, like Gecko) Chrome/58.0.3029.110 Safari/537.36"
14.139.243.180 - - [08/Jun/2017:02:03:16 +0530] "GET /images/bullet1.gif HTTP/1.1" 200 67 "http://www.cdmindia.gov.in/reports_new.php" "Mozilla/5.0 (Windows NT 6.3; Win64; x64) AppleWebKit/537.36 (KHTML, like Gecko) Chrome/58.0.3029.110 Safari/537.36"
14.139.243.180 - - [08/Jun/2017:02:03:16 +0530] "GET /images/bullet4.gif HTTP/1.1" 200 67 "http://www.cdmindia.gov.in/reports_new.php" "Mozilla/5.0 (Windows NT 6.3; Win64; x64) AppleWebKit/537.36 (KHTML, like Gecko) Chrome/58.0.3029.110 Safari/537.36"
14.139.243.180 - - [08/Jun/2017:02:03:16 +0530] "GET /images/img3.jpg HTTP/1.1" 200 26957 "http://www.cdmindia.gov.in/reports_new.php" "Mozilla/5.0 (Windows NT 6.3; Win64; x64) AppleWebKit/537.36 (KHTML, like Gecko) Chrome/58.0.3029.110 Safari/537.36"
14.139.243.180 - - [08/Jun/2017:02:03:16 +0530] "GET /images/img1.jpg HTTP/1.1" 200 1251 "http://www.cdmindia.gov.in/reports_new.php" "Mozilla/5.0 (Windows NT 6.3; Win64; x64) AppleWebKit/537.36 (KHTML, like Gecko) Chrome/58.0.3029.110 Safari/537.36"
14.139.243.180 - - [08/Jun/2017:02:03:16 +0530] "GET /images/fdm.jpg HTTP/1.1" 200 2043 "http://www.cdmindia.gov.in/reports_new.php" "Mozilla/5.0 (Windows NT 6.3; Win64; x64) AppleWebKit/537.36 (KHTML, like Gecko) Chrome/58.0.3029.110 Safari/537.36"
14.139.243.180 - - [08/Jun/2017:02:03:16 +0530] "GET /images/gtz.jpg HTTP/1.1" 200 15484 "http://www.cdmindia.gov.in/reports_new.php" "Mozilla/5.0 (Windows NT 6.3; Win64; x64) AppleWebKit/537.36 (KHTML, like Gecko) Chrome/58.0.3029.110 Safari/537.36"
14.139.243.180 - - [08/Jun/2017:02:03:16 +0530] "GET /images/fbg.jpg HTTP/1.1" 200 325 "http://www.cdmindia.gov.in/reports_new.php" "Mozilla/5.0 (Windows NT 6.3; Win64; x64) AppleWebKit/537.36 (KHTML, like Gecko) Chrome/58.0.3029.110 Safari/537.36"
14.139.243.180 - - [08/Jun/2017:02:03:17 +0530] "GET /favicon.ico HTTP/1.1" 200 1189 "http://www.cdmindia.gov.in/reports_new.php" "Mozilla/5.0 (Windows NT 6.3; Win64; x64) AppleWebKit/537.36 (KHTML, like Gecko) Chrome/58.0.3029.110 Safari/537.36"
125.16.215.2 - - [08/Jun/2017:02:05:36 +0530] "GET /project_details_view.php?id=94 HTTP/1.1" 200 14194 "https://www.google.co.in/" "Mozilla/5.0 (Windows NT 6.1; WOW64; rv:53.0) Gecko/20100101 Firefox/53.0"
125.16.215.2 - - [08/Jun/2017:02:05:36 +0530] "GET /includes/ncdma.css HTTP/1.1" 200 13023 "http://www.cdmindia.gov.in/project_details_view.php?id=94" "Mozilla/5.0 (Windows NT 6.1; WOW64; rv:53.0) Gecko/20100101 Firefox/53.0"
125.16.215.2 - - [08/Jun/2017:02:05:36 +0530] "GET /Scripts/AC_RunActiveContent.js HTTP/1.1" 200 8321 "http://www.cdmindia.gov.in/project_details_view.php?id=94" "Mozilla/5.0 (Windows NT 6.1; WOW64; rv:53.0) Gecko/20100101 Firefox/53.0"
125.16.215.2 - - [08/Jun/2017:02:05:36 +0530] "GET /ncdma.css HTTP/1.1" 200 12640 "http://www.cdmindia.gov.in/project_details_view.php?id=94" "Mozilla/5.0 (Windows NT 6.1; WOW64; rv:53.0) Gecko/20100101 Firefox/53.0"
125.16.215.2 - - [08/Jun/2017:02:05:37 +0530] "GET /images/img2.jpg HTTP/1.1" 200 16276 "http://www.cdmindia.gov.in/project_details_view.php?id=94" "Mozilla/5.0 (Windows NT 6.1; WOW64; rv:53.0) Gecko/20100101 Firefox/53.0"
125.16.215.2 - - [08/Jun/2017:02:05:37 +0530] "GET /images/img3.jpg HTTP/1.1" 200 26957 "http://www.cdmindia.gov.in/project_details_view.php?id=94" "Mozilla/5.0 (Windows NT 6.1; WOW64; rv:53.0) Gecko/20100101 Firefox/53.0"
125.16.215.2 - - [08/Jun/2017:02:05:37 +0530] "GET /images/spacer.gif HTTP/1.1" 200 43 "http://www.cdmindia.gov.in/project_details_view.php?id=94" "Mozilla/5.0 (Windows NT 6.1; WOW64; rv:53.0) Gecko/20100101 Firefox/53.0"
125.16.215.2 - - [08/Jun/2017:02:05:37 +0530] "GET /images/bullet4.gif HTTP/1.1" 200 67 "http://www.cdmindia.gov.in/project_details_view.php?id=94" "Mozilla/5.0 (Windows NT 6.1; WOW64; rv:53.0) Gecko/20100101 Firefox/53.0"
125.16.215.2 - - [08/Jun/2017:02:05:37 +0530] "GET /images/bullet1.gif HTTP/1.1" 200 67 "http://www.cdmindia.gov.in/project_details_view.php?id=94" "Mozilla/5.0 (Windows NT 6.1; WOW64; rv:53.0) Gecko/20100101 Firefox/53.0"
125.16.215.2 - - [08/Jun/2017:02:05:37 +0530] "GET /images/bulllet2.gif HTTP/1.1" 200 58 "http://www.cdmindia.gov.in/project_details_view.php?id=94" "Mozilla/5.0 (Windows NT 6.1; WOW64; rv:53.0) Gecko/20100101 Firefox/53.0"
125.16.215.2 - - [08/Jun/2017:02:05:37 +0530] "GET /images/img1.jpg HTTP/1.1" 200 1251 "http://www.cdmindia.gov.in/project_details_view.php?id=94" "Mozilla/5.0 (Windows NT 6.1; WOW64; rv:53.0) Gecko/20100101 Firefox/53.0"
125.16.215.2 - - [08/Jun/2017:02:05:37 +0530] "GET /images/fbg.jpg HTTP/1.1" 200 325 "http://www.cdmindia.gov.in/project_details_view.php?id=94" "Mozilla/5.0 (Windows NT 6.1; WOW64; rv:53.0) Gecko/20100101 Firefox/53.0"
125.16.215.2 - - [08/Jun/2017:02:05:37 +0530] "GET /images/favicon.ico HTTP/1.1" 200 1406 "-" "Mozilla/5.0 (Windows NT 6.1; WOW64; rv:53.0) Gecko/20100101 Firefox/53.0"
125.16.215.2 - - [08/Jun/2017:02:05:37 +0530] "GET /images/gtz.jpg HTTP/1.1" 200 15484 "http://www.cdmindia.gov.in/project_details_view.php?id=94" "Mozilla/5.0 (Windows NT 6.1; WOW64; rv:53.0) Gecko/20100101 Firefox/53.0"
125.16.215.2 - - [08/Jun/2017:02:05:37 +0530] "GET /images/fdm.jpg HTTP/1.1" 200 2043 "http://www.cdmindia.gov.in/project_details_view.php?id=94" "Mozilla/5.0 (Windows NT 6.1; WOW64; rv:53.0) Gecko/20100101 Firefox/53.0"
35.184.189.105 - - [08/Jun/2017:02:06:11 +0530] "GET /robots.txt HTTP/1.1" 404 208 "-" "ltx71 - (http://ltx71.com/)"
66.249.79.129 - - [08/Jun/2017:02:06:51 +0530] "GET /project_details_view.php?id=1242&oid=1&page=38&reporttype=1 HTTP/1.1" 200 14370 "-" "Mozilla/5.0 (compatible; Googlebot/2.1; +http://www.google.com/bot.html)"
103.41.10.3 - - [08/Jun/2017:02:07:45 +0530] "GET /contactus.php HTTP/1.1" 200 18293 "http://www.cdmindia.gov.in/project_details_view.php?id=94" "Mozilla/5.0 (Windows NT 6.1; WOW64; rv:53.0) Gecko/20100101 Firefox/53.0"
103.41.10.3 - - [08/Jun/2017:02:07:45 +0530] "GET /js/index_validations.js HTTP/1.1" 200 3143 "http://www.cdmindia.gov.in/contactus.php" "Mozilla/5.0 (Windows NT 6.1; WOW64; rv:53.0) Gecko/20100101 Firefox/53.0"
103.41.10.3 - - [08/Jun/2017:02:07:46 +0530] "GET /images/login1.jpg HTTP/1.1" 200 618 "http://www.cdmindia.gov.in/contactus.php" "Mozilla/5.0 (Windows NT 6.1; WOW64; rv:53.0) Gecko/20100101 Firefox/53.0"
103.41.10.3 - - [08/Jun/2017:02:07:46 +0530] "GET /images/bullet3.gif HTTP/1.1" 200 58 "http://www.cdmindia.gov.in/contactus.php" "Mozilla/5.0 (Windows NT 6.1; WOW64; rv:53.0) Gecko/20100101 Firefox/53.0"
103.41.10.3 - - [08/Jun/2017:02:07:46 +0530] "GET /images/h_contactus.jpg HTTP/1.1" 200 21787 "http://www.cdmindia.gov.in/contactus.php" "Mozilla/5.0 (Windows NT 6.1; WOW64; rv:53.0) Gecko/20100101 Firefox/53.0"
103.41.10.3 - - [08/Jun/2017:02:07:46 +0530] "GET /images/fe.jpg HTTP/1.1" 200 1429 "http://www.cdmindia.gov.in/contactus.php" "Mozilla/5.0 (Windows NT 6.1; WOW64; rv:53.0) Gecko/20100101 Firefox/53.0"
103.41.10.3 - - [08/Jun/2017:02:07:46 +0530] "GET /images/login.jpg HTTP/1.1" 200 1044 "http://www.cdmindia.gov.in/contactus.php" "Mozilla/5.0 (Windows NT 6.1; WOW64; rv:53.0) Gecko/20100101 Firefox/53.0"
103.41.10.3 - - [08/Jun/2017:02:08:26 +0530] "GET /sitemap.php HTTP/1.1" 200 18470 "http://www.cdmindia.gov.in/contactus.php" "Mozilla/5.0 (Windows NT 6.1; WOW64; rv:53.0) Gecko/20100101 Firefox/53.0"
103.41.10.3 - - [08/Jun/2017:02:08:26 +0530] "GET /images/h_sitemap.jpg HTTP/1.1" 200 21569 "http://www.cdmindia.gov.in/sitemap.php" "Mozilla/5.0 (Windows NT 6.1; WOW64; rv:53.0) Gecko/20100101 Firefox/53.0"
103.41.10.3 - - [08/Jun/2017:02:08:30 +0530] "GET /contactus.php HTTP/1.1" 200 18293 "http://www.cdmindia.gov.in/sitemap.php" "Mozilla/5.0 (Windows NT 6.1; WOW64; rv:53.0) Gecko/20100101 Firefox/53.0"
103.41.10.3 - - [08/Jun/2017:02:08:34 +0530] "GET /sitemap.php HTTP/1.1" 200 18470 "http://www.cdmindia.gov.in/contactus.php" "Mozilla/5.0 (Windows NT 6.1; WOW64; rv:53.0) Gecko/20100101 Firefox/53.0"
103.41.10.3 - - [08/Jun/2017:02:08:35 +0530] "GET /contactus.php HTTP/1.1" 200 18293 "http://www.cdmindia.gov.in/project_details_view.php?id=94" "Mozilla/5.0 (Windows NT 6.1; WOW64; rv:53.0) Gecko/20100101 Firefox/53.0"
103.41.10.3 - - [08/Jun/2017:02:08:37 +0530] "GET /project_details_view.php?id=94 HTTP/1.1" 200 14194 "https://www.google.co.in/" "Mozilla/5.0 (Windows NT 6.1; WOW64; rv:53.0) Gecko/20100101 Firefox/53.0"
66.249.79.131 - - [08/Jun/2017:02:11:51 +0530] "GET /reports_list_details.php?id=fnxntyvmlpku&reporttype=&page=212 HTTP/1.1" 200 22381 "-" "Mozilla/5.0 (compatible; Googlebot/2.1; +http://www.google.com/bot.html)"
54.173.165.103 - - [08/Jun/2017:02:12:47 +0530] "GET / HTTP/1.1" 200 19481 "-" "Mozilla/5.0 (X11; Linux x86_64) AppleWebKit/537.36 (KHTML, like Gecko) Chrome/43.0.2357.134 Safari/537.36 http://notifyninja.com/monitoring"
35.184.189.105 - - [08/Jun/2017:02:14:26 +0530] "GET /robots.txt HTTP/1.1" 404 208 "-" "ltx71 - (http://ltx71.com/)"
66.249.79.131 - - [08/Jun/2017:02:16:51 +0530] "GET /project_details_view.php?id=1928 HTTP/1.1" 200 14055 "-" "Mozilla/5.0 (Linux; Android 6.0.1; Nexus 5X Build/MMB29P) AppleWebKit/537.36 (KHTML, like Gecko) Chrome/41.0.2272.96 Mobile Safari/537.36 (compatible; Googlebot/2.1; +http://www.google.com/bot.html)"
40.77.167.85 - - [08/Jun/2017:02:21:45 +0530] "GET /project_details_view.php?id=2108 HTTP/1.1" 200 13973 "-" "Mozilla/5.0 (compatible; bingbot/2.0; +http://www.bing.com/bingbot.htm)"
180.76.15.139 - - [08/Jun/2017:02:21:51 +0530] "GET /project_details_view_report.php?id=1465 HTTP/1.1" 200 13212 "-" "Mozilla/5.0 (compatible; Baiduspider/2.0; +http://www.baidu.com/search/spider.html)"
66.249.79.129 - - [08/Jun/2017:02:22:01 +0530] "GET /project_details_view.php?id=1052 HTTP/1.1" 200 14957 "-" "Mozilla/5.0 (compatible; Googlebot/2.1; +http://www.google.com/bot.html)"
35.184.189.105 - - [08/Jun/2017:02:24:45 +0530] "GET /robots.txt HTTP/1.1" 404 208 "-" "ltx71 - (http://ltx71.com/)"
66.249.79.133 - - [08/Jun/2017:02:27:13 +0530] "GET / HTTP/1.1" 200 19481 "-" "Mozilla/5.0 (compatible; Googlebot/2.1; +http://www.google.com/bot.html)"
35.184.189.105 - - [08/Jun/2017:02:29:54 +0530] "GET /robots.txt HTTP/1.1" 404 208 "-" "ltx71 - (http://ltx71.com/)"
90.57.7.122 - - [08/Jun/2017:02:32:19 +0530] "GET /robots.txt HTTP/1.1" 404 208 "-" "Java/1.8.0_101"
66.249.79.129 - - [08/Jun/2017:02:32:38 +0530] "GET /reports_list_details.php?id=fnxntyvmlpku&reporttype=&page=254 HTTP/1.1" 200 22007 "-" "Mozilla/5.0 (compatible; Googlebot/2.1; +http://www.google.com/bot.html)"
66.249.79.129 - - [08/Jun/2017:02:37:32 +0530] "GET / HTTP/1.1" 200 19481 "-" "Mozilla/5.0 (Linux; Android 6.0.1; Nexus 5X Build/MMB29P) AppleWebKit/537.36 (KHTML, like Gecko) Chrome/41.0.2272.96 Mobile Safari/537.36 (compatible; Googlebot/2.1; +http://www.google.com/bot.html)"
157.55.39.239 - - [08/Jun/2017:02:40:00 +0530] "GET / HTTP/1.1" 200 19481 "-" "Mozilla/5.0 (compatible; bingbot/2.0; +http://www.bing.com/bingbot.htm)"
157.55.39.239 - - [08/Jun/2017:02:41:31 +0530] "GET / HTTP/1.1" 200 19481 "-" "Mozilla/5.0 (compatible; bingbot/2.0; +http://www.bing.com/bingbot.htm)"
66.249.79.129 - - [08/Jun/2017:02:42:42 +0530] "GET /reports_list_details.php?id=fnxntyvmlpku&reporttype=&page=111 HTTP/1.1" 200 22034 "-" "Mozilla/5.0 (compatible; Googlebot/2.1; +http://www.google.com/bot.html)"
123.125.71.47 - - [08/Jun/2017:02:45:02 +0530] "GET /images/bulllet2.gif HTTP/1.1" 200 58 "-" "Baiduspider-image+(+http://www.baidu.com/search/spider.htm)"
180.76.15.159 - - [08/Jun/2017:02:47:01 +0530] "GET / HTTP/1.1" 200 19481 "-" "Mozilla/5.0 (compatible; Baiduspider/2.0; +http://www.baidu.com/search/spider.html)"
66.249.79.129 - - [08/Jun/2017:02:47:51 +0530] "GET / HTTP/1.1" 200 19481 "-" "Mozilla/5.0 (compatible; Googlebot/2.1; +http://www.google.com/bot.html)"
66.249.79.133 - - [08/Jun/2017:02:53:07 +0530] "GET / HTTP/1.1" 200 19481 "-" "Mozilla/5.0 (Linux; Android 6.0.1; Nexus 5X Build/MMB29P) AppleWebKit/537.36 (KHTML, like Gecko) Chrome/41.0.2272.96 Mobile Safari/537.36 (compatible; Googlebot/2.1; +http://www.google.com/bot.html)"
66.249.79.131 - - [08/Jun/2017:02:53:59 +0530] "GET /project_details_view_report.php?id=350 HTTP/1.1" 200 13137 "-" "Mozilla/5.0 (compatible; Googlebot/2.1; +http://www.google.com/bot.html)"
94.23.1.159 - - [08/Jun/2017:02:55:11 +0530] "HEAD /approved_projects.php HTTP/1.1" 200 - "-" "-"
94.23.1.159 - - [08/Jun/2017:02:55:12 +0530] "GET /approved_projects.php HTTP/1.1" 200 16643 "-" "Mozilla/5.0 (X11; Linux x86_64; rv:38.0) Gecko/20100101 Firefox/38.0"
94.23.1.159 - - [08/Jun/2017:02:55:13 +0530] "GET /includes/ncdma.css HTTP/1.1" 200 13023 "http://www.cdmindia.gov.in/approved_projects.php" "Mozilla/5.0 (X11; Linux x86_64; rv:38.0) Gecko/20100101 Firefox/38.0"
94.23.1.159 - - [08/Jun/2017:02:55:13 +0530] "GET /js/datepicker/latest_date.js HTTP/1.1" 200 11986 "http://www.cdmindia.gov.in/approved_projects.php" "Mozilla/5.0 (X11; Linux x86_64; rv:38.0) Gecko/20100101 Firefox/38.0"
94.23.1.159 - - [08/Jun/2017:02:55:13 +0530] "GET /js/datepicker/latest_datepicker.css HTTP/1.1" 200 2283 "http://www.cdmindia.gov.in/approved_projects.php" "Mozilla/5.0 (X11; Linux x86_64; rv:38.0) Gecko/20100101 Firefox/38.0"
94.23.1.159 - - [08/Jun/2017:02:55:13 +0530] "GET /js/datepicker/latest_demo.css HTTP/1.1" 200 574 "http://www.cdmindia.gov.in/approved_projects.php" "Mozilla/5.0 (X11; Linux x86_64; rv:38.0) Gecko/20100101 Firefox/38.0"
94.23.1.159 - - [08/Jun/2017:02:55:13 +0530] "GET /ncdma.css HTTP/1.1" 200 12640 "http://www.cdmindia.gov.in/approved_projects.php" "Mozilla/5.0 (X11; Linux x86_64; rv:38.0) Gecko/20100101 Firefox/38.0"
94.23.1.159 - - [08/Jun/2017:02:55:13 +0530] "GET /js/datepicker/latest_jquery.datePicker.js HTTP/1.1" 200 37423 "http://www.cdmindia.gov.in/approved_projects.php" "Mozilla/5.0 (X11; Linux x86_64; rv:38.0) Gecko/20100101 Firefox/38.0"
94.23.1.159 - - [08/Jun/2017:02:55:13 +0530] "GET /js/jquery.js HTTP/1.1" 200 55774 "http://www.cdmindia.gov.in/approved_projects.php" "Mozilla/5.0 (X11; Linux x86_64; rv:38.0) Gecko/20100101 Firefox/38.0"
94.23.1.159 - - [08/Jun/2017:02:55:13 +0530] "GET /Scripts/AC_RunActiveContent.js HTTP/1.1" 200 8321 "http://www.cdmindia.gov.in/approved_projects.php" "Mozilla/5.0 (X11; Linux x86_64; rv:38.0) Gecko/20100101 Firefox/38.0"
94.23.1.159 - - [08/Jun/2017:02:55:14 +0530] "GET /images/bullet4.gif HTTP/1.1" 200 67 "http://www.cdmindia.gov.in/approved_projects.php" "Mozilla/5.0 (X11; Linux x86_64; rv:38.0) Gecko/20100101 Firefox/38.0"
94.23.1.159 - - [08/Jun/2017:02:55:14 +0530] "GET /images/bulllet2.gif HTTP/1.1" 200 58 "http://www.cdmindia.gov.in/approved_projects.php" "Mozilla/5.0 (X11; Linux x86_64; rv:38.0) Gecko/20100101 Firefox/38.0"
94.23.1.159 - - [08/Jun/2017:02:55:14 +0530] "GET /images/bullet1.gif HTTP/1.1" 200 67 "http://www.cdmindia.gov.in/approved_projects.php" "Mozilla/5.0 (X11; Linux x86_64; rv:38.0) Gecko/20100101 Firefox/38.0"
94.23.1.159 - - [08/Jun/2017:02:55:14 +0530] "GET /images/spacer.gif HTTP/1.1" 200 43 "http://www.cdmindia.gov.in/approved_projects.php" "Mozilla/5.0 (X11; Linux x86_64; rv:38.0) Gecko/20100101 Firefox/38.0"
94.23.1.159 - - [08/Jun/2017:02:55:14 +0530] "GET /images/img2.jpg HTTP/1.1" 200 16276 "http://www.cdmindia.gov.in/approved_projects.php" "Mozilla/5.0 (X11; Linux x86_64; rv:38.0) Gecko/20100101 Firefox/38.0"
94.23.1.159 - - [08/Jun/2017:02:55:14 +0530] "GET /images/img3.jpg HTTP/1.1" 200 26957 "http://www.cdmindia.gov.in/approved_projects.php" "Mozilla/5.0 (X11; Linux x86_64; rv:38.0) Gecko/20100101 Firefox/38.0"
94.23.1.159 - - [08/Jun/2017:02:55:14 +0530] "GET /images/favicon.ico HTTP/1.1" 200 1406 "-" "Mozilla/5.0 (X11; Linux x86_64; rv:38.0) Gecko/20100101 Firefox/38.0"
94.23.1.159 - - [08/Jun/2017:02:55:14 +0530] "GET /images/gtz.jpg HTTP/1.1" 200 15484 "http://www.cdmindia.gov.in/approved_projects.php" "Mozilla/5.0 (X11; Linux x86_64; rv:38.0) Gecko/20100101 Firefox/38.0"
94.23.1.159 - - [08/Jun/2017:02:55:14 +0530] "GET /images/fdm.jpg HTTP/1.1" 200 2043 "http://www.cdmindia.gov.in/approved_projects.php" "Mozilla/5.0 (X11; Linux x86_64; rv:38.0) Gecko/20100101 Firefox/38.0"
94.23.1.159 - - [08/Jun/2017:02:55:14 +0530] "GET /images/fbg.jpg HTTP/1.1" 200 325 "http://www.cdmindia.gov.in/approved_projects.php" "Mozilla/5.0 (X11; Linux x86_64; rv:38.0) Gecko/20100101 Firefox/38.0"
94.23.1.159 - - [08/Jun/2017:02:55:14 +0530] "GET /images/img1.jpg HTTP/1.1" 200 1251 "http://www.cdmindia.gov.in/approved_projects.php" "Mozilla/5.0 (X11; Linux x86_64; rv:38.0) Gecko/20100101 Firefox/38.0"
94.23.1.159 - - [08/Jun/2017:02:55:14 +0530] "GET /js/datepicker/calendar.gif HTTP/1.1" 200 235 "http://www.cdmindia.gov.in/js/datepicker/latest_demo.css" "Mozilla/5.0 (X11; Linux x86_64; rv:38.0) Gecko/20100101 Firefox/38.0"
66.249.79.133 - - [08/Jun/2017:02:58:07 +0530] "GET /project_details_view.php?id=816 HTTP/1.1" 200 15270 "-" "Mozilla/5.0 (compatible; Googlebot/2.1; +http://www.google.com/bot.html)"
66.249.79.131 - - [08/Jun/2017:03:03:01 +0530] "GET /project_details_view_report.php?id=1829 HTTP/1.1" 200 13178 "-" "Mozilla/5.0 (compatible; Googlebot/2.1; +http://www.google.com/bot.html)"
66.249.79.129 - - [08/Jun/2017:03:03:02 +0530] "GET /project_details_view_report.php?id=1829 HTTP/1.1" 200 13178 "-" "Mozilla/5.0 (compatible; Googlebot/2.1; +http://www.google.com/bot.html)"
66.249.79.131 - - [08/Jun/2017:03:08:11 +0530] "GET /project_details_view.php?id=800 HTTP/1.1" 200 14018 "-" "Mozilla/5.0 (Linux; Android 6.0.1; Nexus 5X Build/MMB29P) AppleWebKit/537.36 (KHTML, like Gecko) Chrome/41.0.2272.96 Mobile Safari/537.36 (compatible; Googlebot/2.1; +http://www.google.com/bot.html)"
66.249.79.131 - - [08/Jun/2017:03:13:23 +0530] "GET /future_projects.php HTTP/1.1" 302 26211 "-" "Mozilla/5.0 (compatible; Googlebot/2.1; +http://www.google.com/bot.html)"
66.249.79.133 - - [08/Jun/2017:03:13:24 +0530] "GET /logout.php HTTP/1.1" 302 369 "-" "Mozilla/5.0 (compatible; Googlebot/2.1; +http://www.google.com/bot.html)"
66.249.79.129 - - [08/Jun/2017:03:13:24 +0530] "GET /index.php HTTP/1.1" 200 19481 "-" "Mozilla/5.0 (compatible; Googlebot/2.1; +http://www.google.com/bot.html)"
180.76.15.16 - - [08/Jun/2017:03:15:39 +0530] "GET /project_details_view.php?id=1294 HTTP/1.1" 200 14513 "-" "Mozilla/5.0 (compatible; Baiduspider/2.0; +http://www.baidu.com/search/spider.html)"
66.249.79.131 - - [08/Jun/2017:03:18:23 +0530] "GET /project_details_view_report.php?id=1088 HTTP/1.1" 200 13178 "-" "Mozilla/5.0 (Linux; Android 6.0.1; Nexus 5X Build/MMB29P) AppleWebKit/537.36 (KHTML, like Gecko) Chrome/41.0.2272.96 Mobile Safari/537.36 (compatible; Googlebot/2.1; +http://www.google.com/bot.html)"
66.249.79.129 - - [08/Jun/2017:03:23:31 +0530] "GET /reports_list_details.php?id=fnxntyvmlpku&reporttype=&page=211 HTTP/1.1" 200 22252 "-" "Mozilla/5.0 (compatible; Googlebot/2.1; +http://www.google.com/bot.html)"
66.249.79.133 - - [08/Jun/2017:03:28:43 +0530] "GET /project_details_view_report.php?id=1817 HTTP/1.1" 200 13223 "-" "Mozilla/5.0 (compatible; Googlebot/2.1; +http://www.google.com/bot.html)"
216.244.66.248 - - [08/Jun/2017:03:32:19 +0530] "GET /robots.txt HTTP/1.1" 404 208 "-" "Mozilla/5.0 (compatible; DotBot/1.1; http://www.opensiteexplorer.org/dotbot, help@moz.com)"
180.76.15.139 - - [08/Jun/2017:03:33:35 +0530] "GET /project_details_view.php?id=764 HTTP/1.1" 200 15374 "-" "Mozilla/5.0 (compatible; Baiduspider/2.0; +http://www.baidu.com/search/spider.html)"
66.249.79.133 - - [08/Jun/2017:03:33:41 +0530] "GET /project_details_view.php?id=54 HTTP/1.1" 200 15581 "-" "Mozilla/5.0 (compatible; Googlebot/2.1; +http://www.google.com/bot.html)"
66.249.79.129 - - [08/Jun/2017:03:38:42 +0530] "GET /project_details_view.php?id=845&oid=1&page=56&reporttype=1 HTTP/1.1" 200 14641 "-" "Mozilla/5.0 (compatible; Googlebot/2.1; +http://www.google.com/bot.html)"
178.137.88.27 - - [08/Jun/2017:03:41:37 +0530] "GET /robots.txt HTTP/1.1" 404 208 "-" "Mozilla/5.0 (Windows NT 10.0; WOW64) AppleWebKit/537.36 (KHTML, like Gecko) Chrome/49.0.2623.75 Safari/537.36 OPR/36.0.2130.32"
178.137.88.27 - - [08/Jun/2017:03:41:37 +0530] "GET / HTTP/1.1" 200 19481 "-" "Mozilla/5.0 (Windows NT 10.0; WOW64) AppleWebKit/537.36 (KHTML, like Gecko) Chrome/49.0.2623.75 Safari/537.36 OPR/36.0.2130.32"
178.137.88.27 - - [08/Jun/2017:03:41:38 +0530] "GET /xmlrpc.php?rsd HTTP/1.1" 404 208 "-" "Mozilla/5.0 (Windows NT 10.0; WOW64) AppleWebKit/537.36 (KHTML, like Gecko) Chrome/49.0.2623.75 Safari/537.36 OPR/36.0.2130.32"
178.137.88.27 - - [08/Jun/2017:03:41:38 +0530] "GET /blog/robots.txt HTTP/1.1" 404 213 "-" "Mozilla/5.0 (Windows NT 10.0; WOW64) AppleWebKit/537.36 (KHTML, like Gecko) Chrome/49.0.2623.75 Safari/537.36 OPR/36.0.2130.32"
178.137.88.27 - - [08/Jun/2017:03:41:39 +0530] "GET /blog/ HTTP/1.1" 404 203 "-" "Mozilla/5.0 (Windows NT 10.0; WOW64) AppleWebKit/537.36 (KHTML, like Gecko) Chrome/49.0.2623.75 Safari/537.36 OPR/36.0.2130.32"
178.137.88.27 - - [08/Jun/2017:03:41:39 +0530] "GET /wordpress/ HTTP/1.1" 404 208 "-" "Mozilla/5.0 (Windows NT 10.0; WOW64) AppleWebKit/537.36 (KHTML, like Gecko) Chrome/49.0.2623.75 Safari/537.36 OPR/36.0.2130.32"
178.137.88.27 - - [08/Jun/2017:03:41:39 +0530] "GET /wp/ HTTP/1.1" 404 201 "-" "Mozilla/5.0 (Windows NT 10.0; WOW64) AppleWebKit/537.36 (KHTML, like Gecko) Chrome/49.0.2623.75 Safari/537.36 OPR/36.0.2130.32"
66.249.79.133 - - [08/Jun/2017:03:43:40 +0530] "GET /project_details_view.php?id=672 HTTP/1.1" 200 14089 "-" "Mozilla/5.0 (compatible; Googlebot/2.1; +http://www.google.com/bot.html)"
66.249.79.129 - - [08/Jun/2017:03:48:40 +0530] "GET /Approved_proj_reports_list_details.php?id=&reporttype=&scale=&sdt=&edt=vqwielkp&exec=&page=5 HTTP/1.1" 200 17282 "-" "Mozilla/5.0 (compatible; Googlebot/2.1; +http://www.google.com/bot.html)"
180.76.15.6 - - [08/Jun/2017:03:51:31 +0530] "GET /project_details_view.php?id=761 HTTP/1.1" 200 14412 "-" "Mozilla/5.0 (compatible; Baiduspider/2.0; +http://www.baidu.com/search/spider.html)"
66.249.79.129 - - [08/Jun/2017:03:51:34 +0530] "GET /project_details_view.php?id=2037&oid=&page=5&reporttype= HTTP/1.1" 200 14460 "-" "Mozilla/5.0 (compatible; Googlebot/2.1; +http://www.google.com/bot.html)"
68.180.228.167 - - [08/Jun/2017:03:51:54 +0530] "GET /robots.txt HTTP/1.1" 404 208 "-" "Mozilla/5.0 (compatible; Yahoo! Slurp; http://help.yahoo.com/help/us/ysearch/slurp)"
68.180.228.167 - - [08/Jun/2017:03:51:55 +0530] "GET /detail_news.php?id=17 HTTP/1.1" 302 18571 "-" "Mozilla/5.0 (compatible; Yahoo! Slurp; http://help.yahoo.com/help/us/ysearch/slurp)"
131.161.84.169 - - [08/Jun/2017:03:52:41 +0530] "GET /wp-login.php HTTP/1.1" 404 210 "-" "Mozilla/5.0 (Windows NT 6.1; WOW64; rv:40.0) Gecko/20100101 Firefox/40.1"
131.161.84.169 - - [08/Jun/2017:03:52:42 +0530] "GET / HTTP/1.1" 200 19481 "-" "Mozilla/5.0 (Windows NT 6.1; WOW64; rv:40.0) Gecko/20100101 Firefox/40.1"
66.249.79.131 - - [08/Jun/2017:03:53:51 +0530] "GET /project_details_view.php?id=725 HTTP/1.1" 200 14122 "-" "Mozilla/5.0 (Linux; Android 6.0.1; Nexus 5X Build/MMB29P) AppleWebKit/537.36 (KHTML, like Gecko) Chrome/41.0.2272.96 Mobile Safari/537.36 (compatible; Googlebot/2.1; +http://www.google.com/bot.html)"
216.244.66.248 - - [08/Jun/2017:03:57:47 +0530] "GET /reports_new.php?n=1 HTTP/1.1" 200 22412 "-" "Mozilla/5.0 (compatible; DotBot/1.1; http://www.opensiteexplorer.org/dotbot, help@moz.com)"
66.249.79.131 - - [08/Jun/2017:03:58:51 +0530] "GET /project_details_view.php?id=455 HTTP/1.1" 200 14266 "-" "Mozilla/5.0 (Linux; Android 6.0.1; Nexus 5X Build/MMB29P) AppleWebKit/537.36 (KHTML, like Gecko) Chrome/41.0.2272.96 Mobile Safari/537.36 (compatible; Googlebot/2.1; +http://www.google.com/bot.html)"
94.23.17.116 - - [08/Jun/2017:04:00:06 +0530] "HEAD /approved_projects.php HTTP/1.1" 200 - "-" "-"
94.23.17.116 - - [08/Jun/2017:04:00:10 +0530] "GET /approved_projects.php HTTP/1.1" 200 16643 "-" "Mozilla/5.0 (X11; Linux x86_64; rv:38.0) Gecko/20100101 Firefox/38.0"
94.23.17.116 - - [08/Jun/2017:04:00:10 +0530] "GET /includes/ncdma.css HTTP/1.1" 200 13023 "http://www.cdmindia.gov.in/approved_projects.php" "Mozilla/5.0 (X11; Linux x86_64; rv:38.0) Gecko/20100101 Firefox/38.0"
94.23.17.116 - - [08/Jun/2017:04:00:10 +0530] "GET /js/datepicker/latest_demo.css HTTP/1.1" 200 574 "http://www.cdmindia.gov.in/approved_projects.php" "Mozilla/5.0 (X11; Linux x86_64; rv:38.0) Gecko/20100101 Firefox/38.0"
94.23.17.116 - - [08/Jun/2017:04:00:10 +0530] "GET /js/datepicker/latest_date.js HTTP/1.1" 200 11986 "http://www.cdmindia.gov.in/approved_projects.php" "Mozilla/5.0 (X11; Linux x86_64; rv:38.0) Gecko/20100101 Firefox/38.0"
94.23.17.116 - - [08/Jun/2017:04:00:10 +0530] "GET /js/datepicker/latest_datepicker.css HTTP/1.1" 200 2283 "http://www.cdmindia.gov.in/approved_projects.php" "Mozilla/5.0 (X11; Linux x86_64; rv:38.0) Gecko/20100101 Firefox/38.0"
94.23.17.116 - - [08/Jun/2017:04:00:10 +0530] "GET /ncdma.css HTTP/1.1" 200 12640 "http://www.cdmindia.gov.in/approved_projects.php" "Mozilla/5.0 (X11; Linux x86_64; rv:38.0) Gecko/20100101 Firefox/38.0"
94.23.17.116 - - [08/Jun/2017:04:00:10 +0530] "GET /js/datepicker/latest_jquery.datePicker.js HTTP/1.1" 200 37423 "http://www.cdmindia.gov.in/approved_projects.php" "Mozilla/5.0 (X11; Linux x86_64; rv:38.0) Gecko/20100101 Firefox/38.0"
94.23.17.116 - - [08/Jun/2017:04:00:10 +0530] "GET /js/jquery.js HTTP/1.1" 200 55774 "http://www.cdmindia.gov.in/approved_projects.php" "Mozilla/5.0 (X11; Linux x86_64; rv:38.0) Gecko/20100101 Firefox/38.0"
94.23.17.116 - - [08/Jun/2017:04:00:10 +0530] "GET /Scripts/AC_RunActiveContent.js HTTP/1.1" 200 8321 "http://www.cdmindia.gov.in/approved_projects.php" "Mozilla/5.0 (X11; Linux x86_64; rv:38.0) Gecko/20100101 Firefox/38.0"
94.23.17.116 - - [08/Jun/2017:04:00:11 +0530] "GET /images/img2.jpg HTTP/1.1" 200 16276 "http://www.cdmindia.gov.in/approved_projects.php" "Mozilla/5.0 (X11; Linux x86_64; rv:38.0) Gecko/20100101 Firefox/38.0"
94.23.17.116 - - [08/Jun/2017:04:00:11 +0530] "GET /images/bullet1.gif HTTP/1.1" 200 67 "http://www.cdmindia.gov.in/approved_projects.php" "Mozilla/5.0 (X11; Linux x86_64; rv:38.0) Gecko/20100101 Firefox/38.0"
94.23.17.116 - - [08/Jun/2017:04:00:11 +0530] "GET /images/bulllet2.gif HTTP/1.1" 200 58 "http://www.cdmindia.gov.in/approved_projects.php" "Mozilla/5.0 (X11; Linux x86_64; rv:38.0) Gecko/20100101 Firefox/38.0"
94.23.17.116 - - [08/Jun/2017:04:00:11 +0530] "GET /images/spacer.gif HTTP/1.1" 200 43 "http://www.cdmindia.gov.in/approved_projects.php" "Mozilla/5.0 (X11; Linux x86_64; rv:38.0) Gecko/20100101 Firefox/38.0"
94.23.17.116 - - [08/Jun/2017:04:00:11 +0530] "GET /images/bullet4.gif HTTP/1.1" 200 67 "http://www.cdmindia.gov.in/approved_projects.php" "Mozilla/5.0 (X11; Linux x86_64; rv:38.0) Gecko/20100101 Firefox/38.0"
94.23.17.116 - - [08/Jun/2017:04:00:11 +0530] "GET /images/img3.jpg HTTP/1.1" 200 26957 "http://www.cdmindia.gov.in/approved_projects.php" "Mozilla/5.0 (X11; Linux x86_64; rv:38.0) Gecko/20100101 Firefox/38.0"
94.23.17.116 - - [08/Jun/2017:04:00:11 +0530] "GET /images/fbg.jpg HTTP/1.1" 200 325 "http://www.cdmindia.gov.in/approved_projects.php" "Mozilla/5.0 (X11; Linux x86_64; rv:38.0) Gecko/20100101 Firefox/38.0"
94.23.17.116 - - [08/Jun/2017:04:00:11 +0530] "GET /js/datepicker/calendar.gif HTTP/1.1" 200 235 "http://www.cdmindia.gov.in/js/datepicker/latest_demo.css" "Mozilla/5.0 (X11; Linux x86_64; rv:38.0) Gecko/20100101 Firefox/38.0"
94.23.17.116 - - [08/Jun/2017:04:00:11 +0530] "GET /images/img1.jpg HTTP/1.1" 200 1251 "http://www.cdmindia.gov.in/approved_projects.php" "Mozilla/5.0 (X11; Linux x86_64; rv:38.0) Gecko/20100101 Firefox/38.0"
94.23.17.116 - - [08/Jun/2017:04:00:11 +0530] "GET /images/favicon.ico HTTP/1.1" 200 1406 "-" "Mozilla/5.0 (X11; Linux x86_64; rv:38.0) Gecko/20100101 Firefox/38.0"
94.23.17.116 - - [08/Jun/2017:04:00:11 +0530] "GET /images/fdm.jpg HTTP/1.1" 200 2043 "http://www.cdmindia.gov.in/approved_projects.php" "Mozilla/5.0 (X11; Linux x86_64; rv:38.0) Gecko/20100101 Firefox/38.0"
94.23.17.116 - - [08/Jun/2017:04:00:11 +0530] "GET /images/gtz.jpg HTTP/1.1" 200 15484 "http://www.cdmindia.gov.in/approved_projects.php" "Mozilla/5.0 (X11; Linux x86_64; rv:38.0) Gecko/20100101 Firefox/38.0"
180.76.15.148 - - [08/Jun/2017:04:00:57 +0530] "GET / HTTP/1.1" 200 19481 "-" "Mozilla/5.0 (compatible; Baiduspider/2.0; +http://www.baidu.com/search/spider.html)"
66.249.79.129 - - [08/Jun/2017:04:04:01 +0530] "GET /project_details_view.php?id=1802 HTTP/1.1" 200 14165 "-" "Mozilla/5.0 (Linux; Android 6.0.1; Nexus 5X Build/MMB29P) AppleWebKit/537.36 (KHTML, like Gecko) Chrome/41.0.2272.96 Mobile Safari/537.36 (compatible; Googlebot/2.1; +http://www.google.com/bot.html)"
66.249.79.129 - - [08/Jun/2017:04:09:11 +0530] "GET /Approved_proj_reports_list_details.php?id=1&reporttype=1&scale=&sdt=&edt=&exec=&page=75 HTTP/1.1" 200 17255 "-" "Mozilla/5.0 (compatible; Googlebot/2.1; +http://www.google.com/bot.html)"
180.76.15.146 - - [08/Jun/2017:04:09:27 +0530] "GET /project_details_view.php?id=924 HTTP/1.1" 200 15881 "-" "Mozilla/5.0 (compatible; Baiduspider/2.0; +http://www.baidu.com/search/spider.html)"
117.218.52.140 - - [08/Jun/2017:04:10:05 +0530] "GET /wp-login.php HTTP/1.1" 404 210 "-" "Mozilla/5.0 (Windows NT 6.1; WOW64; rv:40.0) Gecko/20100101 Firefox/40.1"
117.218.52.140 - - [08/Jun/2017:04:10:05 +0530] "GET / HTTP/1.1" 200 19481 "-" "Mozilla/5.0 (Windows NT 6.1; WOW64; rv:40.0) Gecko/20100101 Firefox/40.1"
66.249.79.133 - - [08/Jun/2017:04:14:26 +0530] "GET /project_details_view_report.php?id=231 HTTP/1.1" 200 13144 "-" "Mozilla/5.0 (Linux; Android 6.0.1; Nexus 5X Build/MMB29P) AppleWebKit/537.36 (KHTML, like Gecko) Chrome/41.0.2272.96 Mobile Safari/537.36 (compatible; Googlebot/2.1; +http://www.google.com/bot.html)"
66.249.79.129 - - [08/Jun/2017:04:19:30 +0530] "GET / HTTP/1.1" 200 19481 "-" "Mozilla/5.0 (compatible; Googlebot/2.1; +http://www.google.com/bot.html)"
66.249.79.131 - - [08/Jun/2017:04:19:31 +0530] "GET /project_details_view.php?id=2071 HTTP/1.1" 200 14037 "-" "Mozilla/5.0 (Linux; Android 6.0.1; Nexus 5X Build/MMB29P) AppleWebKit/537.36 (KHTML, like Gecko) Chrome/41.0.2272.96 Mobile Safari/537.36 (compatible; Googlebot/2.1; +http://www.google.com/bot.html)"
66.249.79.133 - - [08/Jun/2017:04:20:50 +0530] "GET /project_details_view_report.php?id=345 HTTP/1.1" 200 13117 "-" "Mozilla/5.0 (compatible; Googlebot/2.1; +http://www.google.com/bot.html)"
68.180.228.167 - - [08/Jun/2017:04:24:18 +0530] "GET /images/NCDMA%20PCN%20Format%2017072009.doc HTTP/1.1" 304 - "-" "Mozilla/5.0 (compatible; Yahoo! Slurp; http://help.yahoo.com/help/us/ysearch/slurp)"
66.249.79.133 - - [08/Jun/2017:04:24:31 +0530] "GET / HTTP/1.1" 200 19481 "-" "Mozilla/5.0 (Linux; Android 6.0.1; Nexus 5X Build/MMB29P) AppleWebKit/537.36 (KHTML, like Gecko) Chrome/41.0.2272.96 Mobile Safari/537.36 (compatible; Googlebot/2.1; +http://www.google.com/bot.html)"
66.249.79.129 - - [08/Jun/2017:04:24:32 +0530] "GET / HTTP/1.1" 200 19481 "-" "Mozilla/5.0 (Linux; Android 6.0.1; Nexus 5X Build/MMB29P) AppleWebKit/537.36 (KHTML, like Gecko) Chrome/41.0.2272.96 Mobile Safari/537.36 (compatible; Googlebot/2.1; +http://www.google.com/bot.html)"
41.237.181.3 - - [08/Jun/2017:04:25:59 +0530] "GET /wp-login.php HTTP/1.1" 404 210 "-" "Mozilla/5.0 (Windows NT 6.1; WOW64; rv:40.0) Gecko/20100101 Firefox/40.1"
41.237.181.3 - - [08/Jun/2017:04:25:59 +0530] "GET / HTTP/1.1" 200 19481 "-" "Mozilla/5.0 (Windows NT 6.1; WOW64; rv:40.0) Gecko/20100101 Firefox/40.1"
157.55.39.98 - - [08/Jun/2017:04:29:15 +0530] "GET /project_details_view.php?id=961 HTTP/1.1" 200 14399 "-" "Mozilla/5.0 (compatible; bingbot/2.0; +http://www.bing.com/bingbot.htm)"
157.55.39.98 - - [08/Jun/2017:04:29:25 +0530] "GET /Scripts/AC_RunActiveContent.js HTTP/1.1" 200 8321 "-" "Mozilla/5.0 (compatible; bingbot/2.0; +http://www.bing.com/bingbot.htm)"
66.249.79.129 - - [08/Jun/2017:04:29:30 +0530] "GET /reports_list_details.php?id=Andhra%20Pradesh&reporttype=2&page=11 HTTP/1.1" 200 21994 "-" "Mozilla/5.0 (Linux; Android 6.0.1; Nexus 5X Build/MMB29P) AppleWebKit/537.36 (KHTML, like Gecko) Chrome/41.0.2272.96 Mobile Safari/537.36 (compatible; Googlebot/2.1; +http://www.google.com/bot.html)"
66.249.79.133 - - [08/Jun/2017:04:29:32 +0530] "GET /project_details_view_report.php?id=876 HTTP/1.1" 200 13315 "-" "Mozilla/5.0 (Linux; Android 6.0.1; Nexus 5X Build/MMB29P) AppleWebKit/537.36 (KHTML, like Gecko) Chrome/41.0.2272.96 Mobile Safari/537.36 (compatible; Googlebot/2.1; +http://www.google.com/bot.html)"
66.249.79.129 - - [08/Jun/2017:04:34:42 +0530] "GET /project_details_view_report.php?id=1624 HTTP/1.1" 200 13198 "-" "Mozilla/5.0 (Linux; Android 6.0.1; Nexus 5X Build/MMB29P) AppleWebKit/537.36 (KHTML, like Gecko) Chrome/41.0.2272.96 Mobile Safari/537.36 (compatible; Googlebot/2.1; +http://www.google.com/bot.html)"
66.249.79.129 - - [08/Jun/2017:04:34:47 +0530] "GET /reports_list_details.php?id=fnxntyvmlpku&reporttype=&page=208 HTTP/1.1" 200 22289 "-" "Mozilla/5.0 (compatible; Googlebot/2.1; +http://www.google.com/bot.html)"
210.232.15.28 - - [08/Jun/2017:04:36:32 +0530] "GET / HTTP/1.1" 200 19481 "-" "Mozilla/5.0 (Windows NT 5.1; rv:6.0.2) Gecko/20100101 Firefox/6.0.2"
66.249.79.133 - - [08/Jun/2017:04:39:51 +0530] "GET /reports_list_details.php?id=fnxntyvmlpku&reporttype=&page=204 HTTP/1.1" 200 22084 "-" "Mozilla/5.0 (compatible; Googlebot/2.1; +http://www.google.com/bot.html)"
66.249.79.129 - - [08/Jun/2017:04:39:53 +0530] "GET /reports_list_details.php?id=fnxntyvmlpku&reporttype=&page=206 HTTP/1.1" 200 22429 "-" "Mozilla/5.0 (compatible; Googlebot/2.1; +http://www.google.com/bot.html)"
66.249.79.133 - - [08/Jun/2017:04:44:51 +0530] "GET /reports_list_details.php?id=fnxntyvmlpku&reporttype=&page=118 HTTP/1.1" 200 21581 "-" "Mozilla/5.0 (compatible; Googlebot/2.1; +http://www.google.com/bot.html)"
66.249.79.131 - - [08/Jun/2017:04:44:52 +0530] "GET /reports_list_details.php?id=fnxntyvmlpku&reporttype=&page=91 HTTP/1.1" 200 22059 "-" "Mozilla/5.0 (compatible; Googlebot/2.1; +http://www.google.com/bot.html)"
180.76.15.22 - - [08/Jun/2017:04:47:09 +0530] "GET / HTTP/1.1" 200 19481 "-" "Mozilla/5.0 (compatible; Baiduspider/2.0; +http://www.baidu.com/search/spider.html)"
66.249.79.129 - - [08/Jun/2017:04:50:00 +0530] "GET /reports_list_details.php?id=pnjuzahme&reporttype=&page=88 HTTP/1.1" 200 21991 "-" "Mozilla/5.0 (compatible; Googlebot/2.1; +http://www.google.com/bot.html)"
66.249.79.129 - - [08/Jun/2017:04:50:01 +0530] "GET /reports_list_details.php?id=fnxntyvmlpku&reporttype=&page=105 HTTP/1.1" 200 21853 "-" "Mozilla/5.0 (compatible; Googlebot/2.1; +http://www.google.com/bot.html)"
66.249.79.133 - - [08/Jun/2017:04:51:07 +0530] "GET /reports_list_details.php?id=fnxntyvmlpku&reporttype=&page=177 HTTP/1.1" 200 22136 "-" "Mozilla/5.0 (compatible; Googlebot/2.1; +http://www.google.com/bot.html)"
