64.233.173.136 - - [01/Jun/2017:11:22:14 +0530] "GET /favicon.ico HTTP/1.1" 200 1189 "http://www.cdmindia.gov.in/project_details_view.php?id=930" "Mozilla/5.0 (Linux; Android 6.0.1; ONE E1003 Build/MMB29M) AppleWebKit/537.36 (KHTML, like Gecko) Chrome/56.0.2924.87 Mobile Safari/537.36"
49.204.76.10 - - [01/Jun/2017:11:22:22 +0530] "GET /project_details_view.php?id=1136&oid=3&page=5&reporttype=1 HTTP/1.1" 200 14581 "http://www.cdmindia.gov.in/Approved_proj_reports_list_details.php?id=3&reporttype=1&scale=&sdt=&edt=&exec=&page=5" "Mozilla/5.0 (Windows NT 10.0; Win64; x64) AppleWebKit/537.36 (KHTML, like Gecko) Chrome/58.0.3029.110 Safari/537.36"
49.204.76.10 - - [01/Jun/2017:11:22:26 +0530] "GET /Approved_proj_reports_list_details.php?id=3&reporttype=1&scale=&sdt=&edt=&exec=&page=5 HTTP/1.1" 200 16595 "http://www.cdmindia.gov.in/Approved_proj_reports_list_details.php?id=3&reporttype=1&scale=&sdt=&edt=&exec=&page=4" "Mozilla/5.0 (Windows NT 10.0; Win64; x64) AppleWebKit/537.36 (KHTML, like Gecko) Chrome/58.0.3029.110 Safari/537.36"
49.204.76.10 - - [01/Jun/2017:11:22:29 +0530] "GET /Approved_proj_reports_list_details.php?id=3&reporttype=1&scale=&sdt=&edt=&exec=&page=6 HTTP/1.1" 200 17453 "http://www.cdmindia.gov.in/Approved_proj_reports_list_details.php?id=3&reporttype=1&scale=&sdt=&edt=&exec=&page=5" "Mozilla/5.0 (Windows NT 10.0; Win64; x64) AppleWebKit/537.36 (KHTML, like Gecko) Chrome/58.0.3029.110 Safari/537.36"
49.204.76.10 - - [01/Jun/2017:11:22:34 +0530] "GET /project_details_view.php?id=778&oid=3&page=6&reporttype=1 HTTP/1.1" 200 14884 "http://www.cdmindia.gov.in/Approved_proj_reports_list_details.php?id=3&reporttype=1&scale=&sdt=&edt=&exec=&page=6" "Mozilla/5.0 (Windows NT 10.0; Win64; x64) AppleWebKit/537.36 (KHTML, like Gecko) Chrome/58.0.3029.110 Safari/537.36"
49.204.76.10 - - [01/Jun/2017:11:22:44 +0530] "GET /Approved_proj_reports_list_details.php?id=3&reporttype=1&scale=&sdt=&edt=&exec=&page=6 HTTP/1.1" 200 17453 "http://www.cdmindia.gov.in/Approved_proj_reports_list_details.php?id=3&reporttype=1&scale=&sdt=&edt=&exec=&page=5" "Mozilla/5.0 (Windows NT 10.0; Win64; x64) AppleWebKit/537.36 (KHTML, like Gecko) Chrome/58.0.3029.110 Safari/537.36"
49.204.76.10 - - [01/Jun/2017:11:22:47 +0530] "GET /Approved_proj_reports_list_details.php?id=3&reporttype=1&scale=&sdt=&edt=&exec=&page=7 HTTP/1.1" 200 16878 "http://www.cdmindia.gov.in/Approved_proj_reports_list_details.php?id=3&reporttype=1&scale=&sdt=&edt=&exec=&page=6" "Mozilla/5.0 (Windows NT 10.0; Win64; x64) AppleWebKit/537.36 (KHTML, like Gecko) Chrome/58.0.3029.110 Safari/537.36"
49.204.76.10 - - [01/Jun/2017:11:22:51 +0530] "GET /project_details_view.php?id=410&oid=3&page=7&reporttype=1 HTTP/1.1" 200 14898 "http://www.cdmindia.gov.in/Approved_proj_reports_list_details.php?id=3&reporttype=1&scale=&sdt=&edt=&exec=&page=7" "Mozilla/5.0 (Windows NT 10.0; Win64; x64) AppleWebKit/537.36 (KHTML, like Gecko) Chrome/58.0.3029.110 Safari/537.36"
49.204.76.10 - - [01/Jun/2017:11:22:54 +0530] "GET /Approved_proj_reports_list_details.php?id=3&reporttype=1&scale=&sdt=&edt=&exec=&page=7 HTTP/1.1" 200 16878 "http://www.cdmindia.gov.in/Approved_proj_reports_list_details.php?id=3&reporttype=1&scale=&sdt=&edt=&exec=&page=6" "Mozilla/5.0 (Windows NT 10.0; Win64; x64) AppleWebKit/537.36 (KHTML, like Gecko) Chrome/58.0.3029.110 Safari/537.36"
14.140.215.196 - - [01/Jun/2017:11:23:03 +0530] "GET /project_details_view.php?id=133 HTTP/1.1" 200 14809 "https://www.google.co.in/" "Mozilla/5.0 (Windows NT 10.0; Win64; x64) AppleWebKit/537.36 (KHTML, like Gecko) Chrome/58.0.3029.110 Safari/537.36"
14.140.215.196 - - [01/Jun/2017:11:23:03 +0530] "GET /includes/ncdma.css HTTP/1.1" 200 13023 "http://www.cdmindia.gov.in/project_details_view.php?id=133" "Mozilla/5.0 (Windows NT 10.0; Win64; x64) AppleWebKit/537.36 (KHTML, like Gecko) Chrome/58.0.3029.110 Safari/537.36"
14.140.215.196 - - [01/Jun/2017:11:23:03 +0530] "GET /ncdma.css HTTP/1.1" 200 12640 "http://www.cdmindia.gov.in/project_details_view.php?id=133" "Mozilla/5.0 (Windows NT 10.0; Win64; x64) AppleWebKit/537.36 (KHTML, like Gecko) Chrome/58.0.3029.110 Safari/537.36"
14.140.215.196 - - [01/Jun/2017:11:23:03 +0530] "GET /Scripts/AC_RunActiveContent.js HTTP/1.1" 200 8321 "http://www.cdmindia.gov.in/project_details_view.php?id=133" "Mozilla/5.0 (Windows NT 10.0; Win64; x64) AppleWebKit/537.36 (KHTML, like Gecko) Chrome/58.0.3029.110 Safari/537.36"
14.140.215.196 - - [01/Jun/2017:11:23:03 +0530] "GET /images/img2.jpg HTTP/1.1" 200 16276 "http://www.cdmindia.gov.in/project_details_view.php?id=133" "Mozilla/5.0 (Windows NT 10.0; Win64; x64) AppleWebKit/537.36 (KHTML, like Gecko) Chrome/58.0.3029.110 Safari/537.36"
14.140.215.196 - - [01/Jun/2017:11:23:03 +0530] "GET /images/spacer.gif HTTP/1.1" 200 43 "http://www.cdmindia.gov.in/project_details_view.php?id=133" "Mozilla/5.0 (Windows NT 10.0; Win64; x64) AppleWebKit/537.36 (KHTML, like Gecko) Chrome/58.0.3029.110 Safari/537.36"
14.140.215.196 - - [01/Jun/2017:11:23:03 +0530] "GET /images/bullet1.gif HTTP/1.1" 200 67 "http://www.cdmindia.gov.in/project_details_view.php?id=133" "Mozilla/5.0 (Windows NT 10.0; Win64; x64) AppleWebKit/537.36 (KHTML, like Gecko) Chrome/58.0.3029.110 Safari/537.36"
14.140.215.196 - - [01/Jun/2017:11:23:03 +0530] "GET /images/bullet4.gif HTTP/1.1" 200 67 "http://www.cdmindia.gov.in/project_details_view.php?id=133" "Mozilla/5.0 (Windows NT 10.0; Win64; x64) AppleWebKit/537.36 (KHTML, like Gecko) Chrome/58.0.3029.110 Safari/537.36"
14.140.215.196 - - [01/Jun/2017:11:23:03 +0530] "GET /images/bulllet2.gif HTTP/1.1" 200 58 "http://www.cdmindia.gov.in/project_details_view.php?id=133" "Mozilla/5.0 (Windows NT 10.0; Win64; x64) AppleWebKit/537.36 (KHTML, like Gecko) Chrome/58.0.3029.110 Safari/537.36"
14.140.215.196 - - [01/Jun/2017:11:23:03 +0530] "GET /images/img3.jpg HTTP/1.1" 200 26957 "http://www.cdmindia.gov.in/project_details_view.php?id=133" "Mozilla/5.0 (Windows NT 10.0; Win64; x64) AppleWebKit/537.36 (KHTML, like Gecko) Chrome/58.0.3029.110 Safari/537.36"
14.140.215.196 - - [01/Jun/2017:11:23:03 +0530] "GET /images/fdm.jpg HTTP/1.1" 200 2043 "http://www.cdmindia.gov.in/project_details_view.php?id=133" "Mozilla/5.0 (Windows NT 10.0; Win64; x64) AppleWebKit/537.36 (KHTML, like Gecko) Chrome/58.0.3029.110 Safari/537.36"
14.140.215.196 - - [01/Jun/2017:11:23:03 +0530] "GET /images/gtz.jpg HTTP/1.1" 200 15484 "http://www.cdmindia.gov.in/project_details_view.php?id=133" "Mozilla/5.0 (Windows NT 10.0; Win64; x64) AppleWebKit/537.36 (KHTML, like Gecko) Chrome/58.0.3029.110 Safari/537.36"
14.140.215.196 - - [01/Jun/2017:11:23:03 +0530] "GET /images/img1.jpg HTTP/1.1" 200 1251 "http://www.cdmindia.gov.in/project_details_view.php?id=133" "Mozilla/5.0 (Windows NT 10.0; Win64; x64) AppleWebKit/537.36 (KHTML, like Gecko) Chrome/58.0.3029.110 Safari/537.36"
14.140.215.196 - - [01/Jun/2017:11:23:03 +0530] "GET /images/fbg.jpg HTTP/1.1" 200 325 "http://www.cdmindia.gov.in/project_details_view.php?id=133" "Mozilla/5.0 (Windows NT 10.0; Win64; x64) AppleWebKit/537.36 (KHTML, like Gecko) Chrome/58.0.3029.110 Safari/537.36"
14.140.215.196 - - [01/Jun/2017:11:23:04 +0530] "GET /favicon.ico HTTP/1.1" 200 1189 "http://www.cdmindia.gov.in/project_details_view.php?id=133" "Mozilla/5.0 (Windows NT 10.0; Win64; x64) AppleWebKit/537.36 (KHTML, like Gecko) Chrome/58.0.3029.110 Safari/537.36"
49.204.76.10 - - [01/Jun/2017:11:23:06 +0530] "GET /Approved_proj_reports_list_details.php?id=3&reporttype=1&scale=&sdt=&edt=&exec=&page=8 HTTP/1.1" 200 15084 "http://www.cdmindia.gov.in/Approved_proj_reports_list_details.php?id=3&reporttype=1&scale=&sdt=&edt=&exec=&page=7" "Mozilla/5.0 (Windows NT 10.0; Win64; x64) AppleWebKit/537.36 (KHTML, like Gecko) Chrome/58.0.3029.110 Safari/537.36"
157.55.39.63 - - [01/Jun/2017:11:23:42 +0530] "GET /project_details_view.php?id=1570 HTTP/1.1" 200 14481 "-" "Mozilla/5.0 (compatible; bingbot/2.0; +http://www.bing.com/bingbot.htm)"
103.219.4.11 - - [01/Jun/2017:11:24:15 +0530] "GET /project_details_view.php?id=1597 HTTP/1.1" 200 14397 "https://www.google.co.in/" "Mozilla/5.0 (Windows NT 6.1) AppleWebKit/537.36 (KHTML, like Gecko) Chrome/58.0.3029.110 Safari/537.36"
103.219.4.11 - - [01/Jun/2017:11:24:15 +0530] "GET /includes/ncdma.css HTTP/1.1" 200 13023 "http://www.cdmindia.gov.in/project_details_view.php?id=1597" "Mozilla/5.0 (Windows NT 6.1) AppleWebKit/537.36 (KHTML, like Gecko) Chrome/58.0.3029.110 Safari/537.36"
103.219.4.11 - - [01/Jun/2017:11:24:15 +0530] "GET /Scripts/AC_RunActiveContent.js HTTP/1.1" 200 8321 "http://www.cdmindia.gov.in/project_details_view.php?id=1597" "Mozilla/5.0 (Windows NT 6.1) AppleWebKit/537.36 (KHTML, like Gecko) Chrome/58.0.3029.110 Safari/537.36"
103.219.4.11 - - [01/Jun/2017:11:24:15 +0530] "GET /ncdma.css HTTP/1.1" 200 12640 "http://www.cdmindia.gov.in/project_details_view.php?id=1597" "Mozilla/5.0 (Windows NT 6.1) AppleWebKit/537.36 (KHTML, like Gecko) Chrome/58.0.3029.110 Safari/537.36"
103.219.4.11 - - [01/Jun/2017:11:24:16 +0530] "GET /images/img2.jpg HTTP/1.1" 200 16276 "http://www.cdmindia.gov.in/project_details_view.php?id=1597" "Mozilla/5.0 (Windows NT 6.1) AppleWebKit/537.36 (KHTML, like Gecko) Chrome/58.0.3029.110 Safari/537.36"
103.219.4.11 - - [01/Jun/2017:11:24:16 +0530] "GET /images/spacer.gif HTTP/1.1" 200 43 "http://www.cdmindia.gov.in/project_details_view.php?id=1597" "Mozilla/5.0 (Windows NT 6.1) AppleWebKit/537.36 (KHTML, like Gecko) Chrome/58.0.3029.110 Safari/537.36"
103.219.4.11 - - [01/Jun/2017:11:24:16 +0530] "GET /images/bullet1.gif HTTP/1.1" 200 67 "http://www.cdmindia.gov.in/project_details_view.php?id=1597" "Mozilla/5.0 (Windows NT 6.1) AppleWebKit/537.36 (KHTML, like Gecko) Chrome/58.0.3029.110 Safari/537.36"
103.219.4.11 - - [01/Jun/2017:11:24:16 +0530] "GET /images/bulllet2.gif HTTP/1.1" 200 58 "http://www.cdmindia.gov.in/project_details_view.php?id=1597" "Mozilla/5.0 (Windows NT 6.1) AppleWebKit/537.36 (KHTML, like Gecko) Chrome/58.0.3029.110 Safari/537.36"
103.219.4.11 - - [01/Jun/2017:11:24:16 +0530] "GET /images/bullet4.gif HTTP/1.1" 200 67 "http://www.cdmindia.gov.in/project_details_view.php?id=1597" "Mozilla/5.0 (Windows NT 6.1) AppleWebKit/537.36 (KHTML, like Gecko) Chrome/58.0.3029.110 Safari/537.36"
103.219.4.11 - - [01/Jun/2017:11:24:16 +0530] "GET /images/img3.jpg HTTP/1.1" 200 26957 "http://www.cdmindia.gov.in/project_details_view.php?id=1597" "Mozilla/5.0 (Windows NT 6.1) AppleWebKit/537.36 (KHTML, like Gecko) Chrome/58.0.3029.110 Safari/537.36"
103.219.4.11 - - [01/Jun/2017:11:24:16 +0530] "GET /images/fdm.jpg HTTP/1.1" 200 2043 "http://www.cdmindia.gov.in/project_details_view.php?id=1597" "Mozilla/5.0 (Windows NT 6.1) AppleWebKit/537.36 (KHTML, like Gecko) Chrome/58.0.3029.110 Safari/537.36"
103.219.4.11 - - [01/Jun/2017:11:24:16 +0530] "GET /images/fbg.jpg HTTP/1.1" 200 325 "http://www.cdmindia.gov.in/project_details_view.php?id=1597" "Mozilla/5.0 (Windows NT 6.1) AppleWebKit/537.36 (KHTML, like Gecko) Chrome/58.0.3029.110 Safari/537.36"
103.219.4.11 - - [01/Jun/2017:11:24:16 +0530] "GET /images/img1.jpg HTTP/1.1" 200 1251 "http://www.cdmindia.gov.in/project_details_view.php?id=1597" "Mozilla/5.0 (Windows NT 6.1) AppleWebKit/537.36 (KHTML, like Gecko) Chrome/58.0.3029.110 Safari/537.36"
103.219.4.11 - - [01/Jun/2017:11:24:16 +0530] "GET /images/gtz.jpg HTTP/1.1" 200 15484 "http://www.cdmindia.gov.in/project_details_view.php?id=1597" "Mozilla/5.0 (Windows NT 6.1) AppleWebKit/537.36 (KHTML, like Gecko) Chrome/58.0.3029.110 Safari/537.36"
103.219.4.11 - - [01/Jun/2017:11:24:16 +0530] "GET /favicon.ico HTTP/1.1" 200 1189 "http://www.cdmindia.gov.in/project_details_view.php?id=1597" "Mozilla/5.0 (Windows NT 6.1) AppleWebKit/537.36 (KHTML, like Gecko) Chrome/58.0.3029.110 Safari/537.36"
66.249.66.211 - - [01/Jun/2017:11:25:02 +0530] "GET /project_details_view.php?id=773 HTTP/1.1" 200 15034 "-" "Mozilla/5.0 (Linux; Android 6.0.1; Nexus 5X Build/MMB29P) AppleWebKit/537.36 (KHTML, like Gecko) Chrome/41.0.2272.96 Mobile Safari/537.36 (compatible; Googlebot/2.1; +http://www.google.com/bot.html)"
111.93.251.186 - - [01/Jun/2017:11:25:42 +0530] "GET /project_details_view.php?id=1803&oid=1&page=13&reporttype=1 HTTP/1.1" 200 15078 "http://www.cdmindia.gov.in/Approved_proj_reports_list_details.php?id=1&reporttype=1&scale=&sdt=2005-01-01&edt=2017-05-29&exec=&page=13" "Mozilla/5.0 (Windows NT 10.0; Win64; x64) AppleWebKit/537.36 (KHTML, like Gecko) Chrome/58.0.3029.110 Safari/537.36"
157.55.39.63 - - [01/Jun/2017:11:27:22 +0530] "GET /project_details_view.php?id=1598&oid=1&page=13&reporttype=1 HTTP/1.1" 200 14211 "-" "Mozilla/5.0 (compatible; bingbot/2.0; +http://www.bing.com/bingbot.htm)"
210.212.72.25 - - [01/Jun/2017:11:28:11 +0530] "GET /project_details_view.php?id=1024 HTTP/1.1" 200 14795 "https://www.google.co.in/" "Mozilla/5.0 (Windows NT 6.1) AppleWebKit/537.36 (KHTML, like Gecko) Chrome/58.0.3029.110 Safari/537.36"
111.93.251.186 - - [01/Jun/2017:11:28:39 +0530] "GET /Approved_proj_reports_list_details.php?id=1&reporttype=1&scale=&sdt=2005-01-01&edt=2017-05-29&exec=&page=13 HTTP/1.1" 200 17553 "http://www.cdmindia.gov.in/Approved_proj_reports_list_details.php?id=1&reporttype=1&scale=&sdt=2005-01-01&edt=2017-05-29&exec=&page=12" "Mozilla/5.0 (Windows NT 10.0; Win64; x64) AppleWebKit/537.36 (KHTML, like Gecko) Chrome/58.0.3029.110 Safari/537.36"
111.93.251.186 - - [01/Jun/2017:11:28:43 +0530] "GET /project_details_view.php?id=1802&oid=1&page=13&reporttype=1 HTTP/1.1" 200 14165 "http://www.cdmindia.gov.in/Approved_proj_reports_list_details.php?id=1&reporttype=1&scale=&sdt=2005-01-01&edt=2017-05-29&exec=&page=13" "Mozilla/5.0 (Windows NT 10.0; Win64; x64) AppleWebKit/537.36 (KHTML, like Gecko) Chrome/58.0.3029.110 Safari/537.36"
64.233.173.136 - - [01/Jun/2017:11:28:45 +0530] "GET /project_details_view.php?id=675&oid=7&page=1&reporttype=1 HTTP/1.1" 200 15248 "https://www.google.co.in/" "Mozilla/5.0 (Linux; Android 6.0.1; vivo 1603 Build/MMB29M) AppleWebKit/537.36 (KHTML, like Gecko) Chrome/53.0.2785.124 Mobile Safari/537.36"
64.233.173.136 - - [01/Jun/2017:11:28:46 +0530] "GET /includes/ncdma.css HTTP/1.1" 200 13023 "http://www.cdmindia.gov.in/project_details_view.php?id=675&oid=7&page=1&reporttype=1" "Mozilla/5.0 (Linux; Android 6.0.1; vivo 1603 Build/MMB29M) AppleWebKit/537.36 (KHTML, like Gecko) Chrome/53.0.2785.124 Mobile Safari/537.36"
64.233.173.137 - - [01/Jun/2017:11:28:46 +0530] "GET /ncdma.css HTTP/1.1" 200 12640 "http://www.cdmindia.gov.in/project_details_view.php?id=675&oid=7&page=1&reporttype=1" "Mozilla/5.0 (Linux; Android 6.0.1; vivo 1603 Build/MMB29M) AppleWebKit/537.36 (KHTML, like Gecko) Chrome/53.0.2785.124 Mobile Safari/537.36"
64.233.173.136 - - [01/Jun/2017:11:28:46 +0530] "GET /images/bullet4.gif HTTP/1.1" 200 67 "http://www.cdmindia.gov.in/project_details_view.php?id=675&oid=7&page=1&reporttype=1" "Mozilla/5.0 (Linux; Android 6.0.1; vivo 1603 Build/MMB29M) AppleWebKit/537.36 (KHTML, like Gecko) Chrome/53.0.2785.124 Mobile Safari/537.36"
64.233.173.136 - - [01/Jun/2017:11:28:46 +0530] "GET /images/gtz.jpg HTTP/1.1" 200 15484 "http://www.cdmindia.gov.in/project_details_view.php?id=675&oid=7&page=1&reporttype=1" "Mozilla/5.0 (Linux; Android 6.0.1; vivo 1603 Build/MMB29M) AppleWebKit/537.36 (KHTML, like Gecko) Chrome/53.0.2785.124 Mobile Safari/537.36"
64.233.173.137 - - [01/Jun/2017:11:28:46 +0530] "GET /Scripts/AC_RunActiveContent.js HTTP/1.1" 200 8321 "http://www.cdmindia.gov.in/project_details_view.php?id=675&oid=7&page=1&reporttype=1" "Mozilla/5.0 (Linux; Android 6.0.1; vivo 1603 Build/MMB29M) AppleWebKit/537.36 (KHTML, like Gecko) Chrome/53.0.2785.124 Mobile Safari/537.36"
64.233.173.136 - - [01/Jun/2017:11:28:46 +0530] "GET /images/bullet1.gif HTTP/1.1" 200 67 "http://www.cdmindia.gov.in/project_details_view.php?id=675&oid=7&page=1&reporttype=1" "Mozilla/5.0 (Linux; Android 6.0.1; vivo 1603 Build/MMB29M) AppleWebKit/537.36 (KHTML, like Gecko) Chrome/53.0.2785.124 Mobile Safari/537.36"
64.233.173.137 - - [01/Jun/2017:11:28:46 +0530] "GET /images/fdm.jpg HTTP/1.1" 200 2043 "http://www.cdmindia.gov.in/project_details_view.php?id=675&oid=7&page=1&reporttype=1" "Mozilla/5.0 (Linux; Android 6.0.1; vivo 1603 Build/MMB29M) AppleWebKit/537.36 (KHTML, like Gecko) Chrome/53.0.2785.124 Mobile Safari/537.36"
64.233.173.138 - - [01/Jun/2017:11:28:46 +0530] "GET /images/bulllet2.gif HTTP/1.1" 200 58 "http://www.cdmindia.gov.in/project_details_view.php?id=675&oid=7&page=1&reporttype=1" "Mozilla/5.0 (Linux; Android 6.0.1; vivo 1603 Build/MMB29M) AppleWebKit/537.36 (KHTML, like Gecko) Chrome/53.0.2785.124 Mobile Safari/537.36"
64.233.173.137 - - [01/Jun/2017:11:28:46 +0530] "GET /images/spacer.gif HTTP/1.1" 200 43 "http://www.cdmindia.gov.in/project_details_view.php?id=675&oid=7&page=1&reporttype=1" "Mozilla/5.0 (Linux; Android 6.0.1; vivo 1603 Build/MMB29M) AppleWebKit/537.36 (KHTML, like Gecko) Chrome/53.0.2785.124 Mobile Safari/537.36"
64.233.173.137 - - [01/Jun/2017:11:28:46 +0530] "GET /images/img2.jpg HTTP/1.1" 200 16276 "http://www.cdmindia.gov.in/project_details_view.php?id=675&oid=7&page=1&reporttype=1" "Mozilla/5.0 (Linux; Android 6.0.1; vivo 1603 Build/MMB29M) AppleWebKit/537.36 (KHTML, like Gecko) Chrome/53.0.2785.124 Mobile Safari/537.36"
64.233.173.136 - - [01/Jun/2017:11:28:46 +0530] "GET /images/img3.jpg HTTP/1.1" 200 26957 "http://www.cdmindia.gov.in/project_details_view.php?id=675&oid=7&page=1&reporttype=1" "Mozilla/5.0 (Linux; Android 6.0.1; vivo 1603 Build/MMB29M) AppleWebKit/537.36 (KHTML, like Gecko) Chrome/53.0.2785.124 Mobile Safari/537.36"
64.233.173.138 - - [01/Jun/2017:11:28:46 +0530] "GET /images/img1.jpg HTTP/1.1" 200 1251 "http://www.cdmindia.gov.in/project_details_view.php?id=675&oid=7&page=1&reporttype=1" "Mozilla/5.0 (Linux; Android 6.0.1; vivo 1603 Build/MMB29M) AppleWebKit/537.36 (KHTML, like Gecko) Chrome/53.0.2785.124 Mobile Safari/537.36"
64.233.173.138 - - [01/Jun/2017:11:28:46 +0530] "GET /images/fbg.jpg HTTP/1.1" 200 325 "http://www.cdmindia.gov.in/project_details_view.php?id=675&oid=7&page=1&reporttype=1" "Mozilla/5.0 (Linux; Android 6.0.1; vivo 1603 Build/MMB29M) AppleWebKit/537.36 (KHTML, like Gecko) Chrome/53.0.2785.124 Mobile Safari/537.36"
64.233.173.136 - - [01/Jun/2017:11:28:47 +0530] "GET /favicon.ico HTTP/1.1" 200 1189 "http://www.cdmindia.gov.in/project_details_view.php?id=675&oid=7&page=1&reporttype=1" "Mozilla/5.0 (Linux; Android 6.0.1; vivo 1603 Build/MMB29M) AppleWebKit/537.36 (KHTML, like Gecko) Chrome/53.0.2785.124 Mobile Safari/537.36"
111.93.251.186 - - [01/Jun/2017:11:29:11 +0530] "GET /Approved_proj_reports_list_details.php?id=1&reporttype=1&scale=&sdt=2005-01-01&edt=2017-05-29&exec=&page=13 HTTP/1.1" 200 17553 "http://www.cdmindia.gov.in/Approved_proj_reports_list_details.php?id=1&reporttype=1&scale=&sdt=2005-01-01&edt=2017-05-29&exec=&page=12" "Mozilla/5.0 (Windows NT 10.0; Win64; x64) AppleWebKit/537.36 (KHTML, like Gecko) Chrome/58.0.3029.110 Safari/537.36"
111.93.251.186 - - [01/Jun/2017:11:29:15 +0530] "GET /project_details_view.php?id=1797&oid=1&page=13&reporttype=1 HTTP/1.1" 200 14532 "http://www.cdmindia.gov.in/Approved_proj_reports_list_details.php?id=1&reporttype=1&scale=&sdt=2005-01-01&edt=2017-05-29&exec=&page=13" "Mozilla/5.0 (Windows NT 10.0; Win64; x64) AppleWebKit/537.36 (KHTML, like Gecko) Chrome/58.0.3029.110 Safari/537.36"
111.93.251.186 - - [01/Jun/2017:11:29:55 +0530] "GET /Approved_proj_reports_list_details.php?id=1&reporttype=1&scale=&sdt=2005-01-01&edt=2017-05-29&exec=&page=13 HTTP/1.1" 200 17553 "http://www.cdmindia.gov.in/Approved_proj_reports_list_details.php?id=1&reporttype=1&scale=&sdt=2005-01-01&edt=2017-05-29&exec=&page=12" "Mozilla/5.0 (Windows NT 10.0; Win64; x64) AppleWebKit/537.36 (KHTML, like Gecko) Chrome/58.0.3029.110 Safari/537.36"
111.93.251.186 - - [01/Jun/2017:11:30:25 +0530] "GET /project_details_view.php?id=1795&oid=1&page=13&reporttype=1 HTTP/1.1" 200 14108 "http://www.cdmindia.gov.in/Approved_proj_reports_list_details.php?id=1&reporttype=1&scale=&sdt=2005-01-01&edt=2017-05-29&exec=&page=13" "Mozilla/5.0 (Windows NT 10.0; Win64; x64) AppleWebKit/537.36 (KHTML, like Gecko) Chrome/58.0.3029.110 Safari/537.36"
111.93.251.186 - - [01/Jun/2017:11:30:56 +0530] "GET /Approved_proj_reports_list_details.php?id=1&reporttype=1&scale=&sdt=2005-01-01&edt=2017-05-29&exec=&page=13 HTTP/1.1" 200 17553 "http://www.cdmindia.gov.in/Approved_proj_reports_list_details.php?id=1&reporttype=1&scale=&sdt=2005-01-01&edt=2017-05-29&exec=&page=12" "Mozilla/5.0 (Windows NT 10.0; Win64; x64) AppleWebKit/537.36 (KHTML, like Gecko) Chrome/58.0.3029.110 Safari/537.36"
111.93.251.186 - - [01/Jun/2017:11:31:00 +0530] "GET /project_details_view.php?id=1775&oid=1&page=13&reporttype=1 HTTP/1.1" 200 14193 "http://www.cdmindia.gov.in/Approved_proj_reports_list_details.php?id=1&reporttype=1&scale=&sdt=2005-01-01&edt=2017-05-29&exec=&page=13" "Mozilla/5.0 (Windows NT 10.0; Win64; x64) AppleWebKit/537.36 (KHTML, like Gecko) Chrome/58.0.3029.110 Safari/537.36"
111.93.251.186 - - [01/Jun/2017:11:31:29 +0530] "GET /Approved_proj_reports_list_details.php?id=1&reporttype=1&scale=&sdt=2005-01-01&edt=2017-05-29&exec=&page=13 HTTP/1.1" 200 17553 "http://www.cdmindia.gov.in/Approved_proj_reports_list_details.php?id=1&reporttype=1&scale=&sdt=2005-01-01&edt=2017-05-29&exec=&page=12" "Mozilla/5.0 (Windows NT 10.0; Win64; x64) AppleWebKit/537.36 (KHTML, like Gecko) Chrome/58.0.3029.110 Safari/537.36"
111.93.251.186 - - [01/Jun/2017:11:31:33 +0530] "GET /project_details_view.php?id=1774&oid=1&page=13&reporttype=1 HTTP/1.1" 200 14254 "http://www.cdmindia.gov.in/Approved_proj_reports_list_details.php?id=1&reporttype=1&scale=&sdt=2005-01-01&edt=2017-05-29&exec=&page=13" "Mozilla/5.0 (Windows NT 10.0; Win64; x64) AppleWebKit/537.36 (KHTML, like Gecko) Chrome/58.0.3029.110 Safari/537.36"
8.37.225.184 - - [01/Jun/2017:11:31:35 +0530] "GET /project_details_view.php?id=195 HTTP/1.1" 200 15234 "http://www.google.co.in/m?q=power+plant+at+nakodar+punjab" "UCWEB/2.0 (Java; U; MIDP-2.0; Nokia203/20.37) U2/1.0.0 UCBrowser/8.7.0.218 U2/1.0.0 Mobile"
111.93.251.186 - - [01/Jun/2017:11:32:02 +0530] "GET /Approved_proj_reports_list_details.php?id=1&reporttype=1&scale=&sdt=2005-01-01&edt=2017-05-29&exec=&page=13 HTTP/1.1" 200 17553 "http://www.cdmindia.gov.in/Approved_proj_reports_list_details.php?id=1&reporttype=1&scale=&sdt=2005-01-01&edt=2017-05-29&exec=&page=12" "Mozilla/5.0 (Windows NT 10.0; Win64; x64) AppleWebKit/537.36 (KHTML, like Gecko) Chrome/58.0.3029.110 Safari/537.36"
111.93.251.186 - - [01/Jun/2017:11:32:05 +0530] "GET /project_details_view.php?id=1772&oid=1&page=13&reporttype=1 HTTP/1.1" 200 14549 "http://www.cdmindia.gov.in/Approved_proj_reports_list_details.php?id=1&reporttype=1&scale=&sdt=2005-01-01&edt=2017-05-29&exec=&page=13" "Mozilla/5.0 (Windows NT 10.0; Win64; x64) AppleWebKit/537.36 (KHTML, like Gecko) Chrome/58.0.3029.110 Safari/537.36"
8.37.225.184 - - [01/Jun/2017:11:32:23 +0530] "GET /project_details_view.php?id=1399 HTTP/1.1" 200 15260 "http://www.google.co.in/m?q=power+plant+at+nakodar+punjab" "UCWEB/2.0 (Java; U; MIDP-2.0; Nokia203/20.37) U2/1.0.0 UCBrowser/8.7.0.218 U2/1.0.0 Mobile"
111.93.251.186 - - [01/Jun/2017:11:32:33 +0530] "GET /Approved_proj_reports_list_details.php?id=1&reporttype=1&scale=&sdt=2005-01-01&edt=2017-05-29&exec=&page=13 HTTP/1.1" 200 17553 "http://www.cdmindia.gov.in/Approved_proj_reports_list_details.php?id=1&reporttype=1&scale=&sdt=2005-01-01&edt=2017-05-29&exec=&page=12" "Mozilla/5.0 (Windows NT 10.0; Win64; x64) AppleWebKit/537.36 (KHTML, like Gecko) Chrome/58.0.3029.110 Safari/537.36"
111.93.251.186 - - [01/Jun/2017:11:32:36 +0530] "GET /project_details_view.php?id=1771&oid=1&page=13&reporttype=1 HTTP/1.1" 200 14095 "http://www.cdmindia.gov.in/Approved_proj_reports_list_details.php?id=1&reporttype=1&scale=&sdt=2005-01-01&edt=2017-05-29&exec=&page=13" "Mozilla/5.0 (Windows NT 10.0; Win64; x64) AppleWebKit/537.36 (KHTML, like Gecko) Chrome/58.0.3029.110 Safari/537.36"
111.93.251.186 - - [01/Jun/2017:11:33:03 +0530] "GET /Approved_proj_reports_list_details.php?id=1&reporttype=1&scale=&sdt=2005-01-01&edt=2017-05-29&exec=&page=13 HTTP/1.1" 200 17553 "http://www.cdmindia.gov.in/Approved_proj_reports_list_details.php?id=1&reporttype=1&scale=&sdt=2005-01-01&edt=2017-05-29&exec=&page=12" "Mozilla/5.0 (Windows NT 10.0; Win64; x64) AppleWebKit/537.36 (KHTML, like Gecko) Chrome/58.0.3029.110 Safari/537.36"
111.93.251.186 - - [01/Jun/2017:11:33:07 +0530] "GET /project_details_view.php?id=1759&oid=1&page=13&reporttype=1 HTTP/1.1" 200 13896 "http://www.cdmindia.gov.in/Approved_proj_reports_list_details.php?id=1&reporttype=1&scale=&sdt=2005-01-01&edt=2017-05-29&exec=&page=13" "Mozilla/5.0 (Windows NT 10.0; Win64; x64) AppleWebKit/537.36 (KHTML, like Gecko) Chrome/58.0.3029.110 Safari/537.36"
111.93.251.186 - - [01/Jun/2017:11:33:35 +0530] "GET /Approved_proj_reports_list_details.php?id=1&reporttype=1&scale=&sdt=2005-01-01&edt=2017-05-29&exec=&page=13 HTTP/1.1" 200 17553 "http://www.cdmindia.gov.in/Approved_proj_reports_list_details.php?id=1&reporttype=1&scale=&sdt=2005-01-01&edt=2017-05-29&exec=&page=12" "Mozilla/5.0 (Windows NT 10.0; Win64; x64) AppleWebKit/537.36 (KHTML, like Gecko) Chrome/58.0.3029.110 Safari/537.36"
111.93.251.186 - - [01/Jun/2017:11:33:39 +0530] "GET /project_details_view.php?id=1754&oid=1&page=13&reporttype=1 HTTP/1.1" 200 15026 "http://www.cdmindia.gov.in/Approved_proj_reports_list_details.php?id=1&reporttype=1&scale=&sdt=2005-01-01&edt=2017-05-29&exec=&page=13" "Mozilla/5.0 (Windows NT 10.0; Win64; x64) AppleWebKit/537.36 (KHTML, like Gecko) Chrome/58.0.3029.110 Safari/537.36"
66.249.66.207 - - [01/Jun/2017:11:35:12 +0530] "GET /project_details_view.php?id=1519&oid=&page=26&reporttype= HTTP/1.1" 200 14211 "-" "Mozilla/5.0 (compatible; Googlebot/2.1; +http://www.google.com/bot.html)"
40.77.167.135 - - [01/Jun/2017:11:36:21 +0530] "GET /project_details_view.php?id=1425 HTTP/1.1" 200 15827 "-" "Mozilla/5.0 (iPhone; CPU iPhone OS 7_0 like Mac OS X) AppleWebKit/537.51.1 (KHTML, like Gecko) Version/7.0 Mobile/11A465 Safari/9537.53 (compatible; bingbot/2.0; +http://www.bing.com/bingbot.htm)"
40.77.179.45 - - [01/Jun/2017:11:36:26 +0530] "GET /ncdma.css HTTP/1.1" 200 12640 "-" "Mozilla/5.0 (iPhone; CPU iPhone OS 7_0 like Mac OS X) AppleWebKit/537.51.1 (KHTML, like Gecko) Version/7.0 Mobile/11A465 Safari/9537.53 BingPreview/1.0b"
40.77.179.45 - - [01/Jun/2017:11:36:27 +0530] "GET /images/bulllet2.gif HTTP/1.1" 200 58 "-" "Mozilla/5.0 (iPhone; CPU iPhone OS 7_0 like Mac OS X) AppleWebKit/537.51.1 (KHTML, like Gecko) Version/7.0 Mobile/11A465 Safari/9537.53 BingPreview/1.0b"
8.37.225.184 - - [01/Jun/2017:11:40:21 +0530] "GET /project_details_view.php?id=195 HTTP/1.1" 200 15234 "http://www.google.co.in/m?q=15+mw+power+plant+in+nakodar+punjab" "UCWEB/2.0 (Java; U; MIDP-2.0; Nokia203/20.37) U2/1.0.0 UCBrowser/8.7.0.218 U2/1.0.0 Mobile"
157.55.39.70 - - [01/Jun/2017:11:42:27 +0530] "GET /contactus.php HTTP/1.1" 200 18293 "-" "Mozilla/5.0 (compatible; bingbot/2.0; +http://www.bing.com/bingbot.htm)"
157.55.39.70 - - [01/Jun/2017:11:42:28 +0530] "GET /downloads/Existing%20PCN.doc HTTP/1.1" 200 114176 "-" "Mozilla/5.0 (compatible; bingbot/2.0; +http://www.bing.com/bingbot.htm)"
157.55.39.63 - - [01/Jun/2017:11:42:34 +0530] "GET /capacity_building.php HTTP/1.1" 200 19187 "-" "Mozilla/5.0 (compatible; bingbot/2.0; +http://www.bing.com/bingbot.htm)"
157.55.39.70 - - [01/Jun/2017:11:43:03 +0530] "GET /project_details_view.php?id=1601 HTTP/1.1" 200 14151 "-" "Mozilla/5.0 (compatible; bingbot/2.0; +http://www.bing.com/bingbot.htm)"
157.55.39.70 - - [01/Jun/2017:11:45:08 +0530] "GET /project_details_view.php?id=31 HTTP/1.1" 200 13805 "-" "Mozilla/5.0 (compatible; bingbot/2.0; +http://www.bing.com/bingbot.htm)"
66.249.66.207 - - [01/Jun/2017:11:45:22 +0530] "GET /Approved_proj_reports_list_details.php?id=1&reporttype=1&scale=&sdt=&edt=&exec=&page=72 HTTP/1.1" 200 17152 "-" "Mozilla/5.0 (compatible; Googlebot/2.1; +http://www.google.com/bot.html)"
66.249.66.211 - - [01/Jun/2017:11:46:53 +0530] "GET /project_details_view.php?id=444&oid=1&page=72&reporttype=1 HTTP/1.1" 200 14163 "-" "Mozilla/5.0 (compatible; Googlebot/2.1; +http://www.google.com/bot.html)"
66.249.66.209 - - [01/Jun/2017:11:47:23 +0530] "GET /project_details_view.php?id=451&oid=1&page=72&reporttype=1 HTTP/1.1" 200 14476 "-" "Mozilla/5.0 (compatible; Googlebot/2.1; +http://www.google.com/bot.html)"
66.249.66.207 - - [01/Jun/2017:11:47:59 +0530] "GET /project_details_view.php?id=434&oid=1&page=72&reporttype=1 HTTP/1.1" 200 14313 "-" "Mozilla/5.0 (compatible; Googlebot/2.1; +http://www.google.com/bot.html)"
157.55.39.63 - - [01/Jun/2017:11:48:47 +0530] "GET /project_details_view.php?id=878 HTTP/1.1" 200 13809 "-" "Mozilla/5.0 (compatible; bingbot/2.0; +http://www.bing.com/bingbot.htm)"
66.249.66.209 - - [01/Jun/2017:11:49:13 +0530] "GET /project_details_view.php?id=448&oid=1&page=72&reporttype=1 HTTP/1.1" 200 14216 "-" "Mozilla/5.0 (compatible; Googlebot/2.1; +http://www.google.com/bot.html)"
157.55.39.63 - - [01/Jun/2017:11:50:14 +0530] "GET /project_details_view.php?id=225 HTTP/1.1" 200 14380 "-" "Mozilla/5.0 (compatible; bingbot/2.0; +http://www.bing.com/bingbot.htm)"
66.249.66.211 - - [01/Jun/2017:11:50:15 +0530] "GET /project_details_view.php?id=456&oid=1&page=72&reporttype=1 HTTP/1.1" 200 14514 "-" "Mozilla/5.0 (compatible; Googlebot/2.1; +http://www.google.com/bot.html)"
66.249.66.209 - - [01/Jun/2017:11:50:23 +0530] "GET /project_details_view.php?id=1150&oid=1&page=31&reporttype=1 HTTP/1.1" 200 15061 "-" "Mozilla/5.0 (compatible; Googlebot/2.1; +http://www.google.com/bot.html)"
202.46.55.62 - - [01/Jun/2017:11:50:59 +0530] "GET /project_details_view.php?id=664 HTTP/1.1" 200 15288 "-" "Mozilla/5.0 (Windows NT 10.0; WOW64) AppleWebKit/537.36 (KHTML, like Gecko) Chrome/45.0.2454.93 Safari/537.36"
157.55.39.63 - - [01/Jun/2017:11:52:14 +0530] "GET /project_details_view_report.php?id=621 HTTP/1.1" 200 13178 "-" "Mozilla/5.0 (compatible; bingbot/2.0; +http://www.bing.com/bingbot.htm)"
157.55.39.70 - - [01/Jun/2017:11:53:55 +0530] "GET /project_details_view.php?id=1019 HTTP/1.1" 200 13805 "-" "Mozilla/5.0 (compatible; bingbot/2.0; +http://www.bing.com/bingbot.htm)"
163.172.74.103 - - [01/Jun/2017:11:54:09 +0530] "GET /robots.txt HTTP/1.0" 404 208 "-" "Mozilla/5.0 (compatible; MJ12bot/v1.4.7; http://mj12bot.com/)"
163.172.74.103 - - [01/Jun/2017:11:54:11 +0530] "GET /approval_process.php HTTP/1.0" 200 25913 "-" "Mozilla/5.0 (compatible; MJ12bot/v1.4.7; http://mj12bot.com/)"
163.172.74.103 - - [01/Jun/2017:11:54:14 +0530] "GET /approved_projects.php?n=1 HTTP/1.1" 200 16643 "-" "Mozilla/5.0 (compatible; MJ12bot/v1.4.7; http://mj12bot.com/)"
163.172.74.103 - - [01/Jun/2017:11:54:23 +0530] "GET /robots.txt HTTP/1.1" 404 208 "-" "Mozilla/5.0 (compatible; MJ12bot/v1.4.7; http://mj12bot.com/)"
163.172.74.103 - - [01/Jun/2017:11:54:26 +0530] "GET /approved_projects.php HTTP/1.1" 200 16643 "-" "Mozilla/5.0 (compatible; MJ12bot/v1.4.7; http://mj12bot.com/)"
163.172.74.103 - - [01/Jun/2017:11:54:29 +0530] "GET /detail_news.php?id=10 HTTP/1.1" 302 20220 "-" "Mozilla/5.0 (compatible; MJ12bot/v1.4.7; http://mj12bot.com/)"
163.172.74.103 - - [01/Jun/2017:11:54:32 +0530] "GET /logout.php HTTP/1.1" 302 369 "-" "Mozilla/5.0 (compatible; MJ12bot/v1.4.7; http://mj12bot.com/)"
163.172.74.103 - - [01/Jun/2017:11:54:34 +0530] "GET /index.php HTTP/1.1" 200 19481 "-" "Mozilla/5.0 (compatible; MJ12bot/v1.4.7; http://mj12bot.com/)"
163.172.74.103 - - [01/Jun/2017:11:54:36 +0530] "GET /detail_news.php?id=3 HTTP/1.1" 302 18398 "-" "Mozilla/5.0 (compatible; MJ12bot/v1.4.7; http://mj12bot.com/)"
163.172.74.103 - - [01/Jun/2017:11:54:38 +0530] "GET /logout.php HTTP/1.1" 302 369 "-" "Mozilla/5.0 (compatible; MJ12bot/v1.4.7; http://mj12bot.com/)"
163.172.74.103 - - [01/Jun/2017:11:54:42 +0530] "GET /index.php HTTP/1.1" 200 19481 "-" "Mozilla/5.0 (compatible; MJ12bot/v1.4.7; http://mj12bot.com/)"
163.172.74.103 - - [01/Jun/2017:11:55:03 +0530] "GET /detail_news.php?id=5 HTTP/1.1" 302 19151 "-" "Mozilla/5.0 (compatible; MJ12bot/v1.4.7; http://mj12bot.com/)"
163.172.74.103 - - [01/Jun/2017:11:55:05 +0530] "GET /logout.php HTTP/1.1" 302 369 "-" "Mozilla/5.0 (compatible; MJ12bot/v1.4.7; http://mj12bot.com/)"
163.172.74.103 - - [01/Jun/2017:11:55:07 +0530] "GET /index.php HTTP/1.1" 200 19481 "-" "Mozilla/5.0 (compatible; MJ12bot/v1.4.7; http://mj12bot.com/)"
157.55.39.8 - - [01/Jun/2017:11:55:45 +0530] "GET /robots.txt HTTP/1.1" 404 208 "-" "Mozilla/5.0 (compatible; bingbot/2.0; +http://www.bing.com/bingbot.htm)"
157.55.39.70 - - [01/Jun/2017:11:55:45 +0530] "GET /contactus.php HTTP/1.1" 200 18293 "-" "Mozilla/5.0 (compatible; bingbot/2.0; +http://www.bing.com/bingbot.htm)"
125.99.113.150 - - [01/Jun/2017:11:58:59 +0530] "GET /project_details_view_report.php?id=322 HTTP/1.1" 200 13147 "https://www.google.co.in/" "Mozilla/5.0 (Windows NT 6.3; Win64; x64) AppleWebKit/537.36 (KHTML, like Gecko) Chrome/58.0.3029.110 Safari/537.36"
125.99.113.150 - - [01/Jun/2017:11:58:59 +0530] "GET /includes/ncdma.css HTTP/1.1" 200 13023 "http://www.cdmindia.gov.in/project_details_view_report.php?id=322" "Mozilla/5.0 (Windows NT 6.3; Win64; x64) AppleWebKit/537.36 (KHTML, like Gecko) Chrome/58.0.3029.110 Safari/537.36"
125.99.113.150 - - [01/Jun/2017:11:58:59 +0530] "GET /ncdma.css HTTP/1.1" 200 12640 "http://www.cdmindia.gov.in/project_details_view_report.php?id=322" "Mozilla/5.0 (Windows NT 6.3; Win64; x64) AppleWebKit/537.36 (KHTML, like Gecko) Chrome/58.0.3029.110 Safari/537.36"
125.99.113.150 - - [01/Jun/2017:11:59:00 +0530] "GET /images/img2.jpg HTTP/1.1" 200 16276 "http://www.cdmindia.gov.in/project_details_view_report.php?id=322" "Mozilla/5.0 (Windows NT 6.3; Win64; x64) AppleWebKit/537.36 (KHTML, like Gecko) Chrome/58.0.3029.110 Safari/537.36"
125.99.113.150 - - [01/Jun/2017:11:59:00 +0530] "GET /images/img3.jpg HTTP/1.1" 200 26957 "http://www.cdmindia.gov.in/project_details_view_report.php?id=322" "Mozilla/5.0 (Windows NT 6.3; Win64; x64) AppleWebKit/537.36 (KHTML, like Gecko) Chrome/58.0.3029.110 Safari/537.36"
125.99.113.150 - - [01/Jun/2017:11:59:00 +0530] "GET /images/spacer.gif HTTP/1.1" 200 43 "http://www.cdmindia.gov.in/project_details_view_report.php?id=322" "Mozilla/5.0 (Windows NT 6.3; Win64; x64) AppleWebKit/537.36 (KHTML, like Gecko) Chrome/58.0.3029.110 Safari/537.36"
125.99.113.150 - - [01/Jun/2017:11:59:00 +0530] "GET /images/bullet1.gif HTTP/1.1" 200 67 "http://www.cdmindia.gov.in/project_details_view_report.php?id=322" "Mozilla/5.0 (Windows NT 6.3; Win64; x64) AppleWebKit/537.36 (KHTML, like Gecko) Chrome/58.0.3029.110 Safari/537.36"
125.99.113.150 - - [01/Jun/2017:11:59:01 +0530] "GET /images/bulllet2.gif HTTP/1.1" 200 58 "http://www.cdmindia.gov.in/project_details_view_report.php?id=322" "Mozilla/5.0 (Windows NT 6.3; Win64; x64) AppleWebKit/537.36 (KHTML, like Gecko) Chrome/58.0.3029.110 Safari/537.36"
125.99.113.150 - - [01/Jun/2017:11:59:01 +0530] "GET /images/bullet4.gif HTTP/1.1" 200 67 "http://www.cdmindia.gov.in/project_details_view_report.php?id=322" "Mozilla/5.0 (Windows NT 6.3; Win64; x64) AppleWebKit/537.36 (KHTML, like Gecko) Chrome/58.0.3029.110 Safari/537.36"
125.99.113.150 - - [01/Jun/2017:11:59:01 +0530] "GET /images/fdm.jpg HTTP/1.1" 200 2043 "http://www.cdmindia.gov.in/project_details_view_report.php?id=322" "Mozilla/5.0 (Windows NT 6.3; Win64; x64) AppleWebKit/537.36 (KHTML, like Gecko) Chrome/58.0.3029.110 Safari/537.36"
125.99.113.150 - - [01/Jun/2017:11:59:01 +0530] "GET /images/gtz.jpg HTTP/1.1" 200 15484 "http://www.cdmindia.gov.in/project_details_view_report.php?id=322" "Mozilla/5.0 (Windows NT 6.3; Win64; x64) AppleWebKit/537.36 (KHTML, like Gecko) Chrome/58.0.3029.110 Safari/537.36"
125.99.113.150 - - [01/Jun/2017:11:59:02 +0530] "GET /Scripts/AC_RunActiveContent.js HTTP/1.1" 200 8321 "http://www.cdmindia.gov.in/project_details_view_report.php?id=322" "Mozilla/5.0 (Windows NT 6.3; Win64; x64) AppleWebKit/537.36 (KHTML, like Gecko) Chrome/58.0.3029.110 Safari/537.36"
125.99.113.150 - - [01/Jun/2017:11:59:03 +0530] "GET /images/img1.jpg HTTP/1.1" 200 1251 "http://www.cdmindia.gov.in/project_details_view_report.php?id=322" "Mozilla/5.0 (Windows NT 6.3; Win64; x64) AppleWebKit/537.36 (KHTML, like Gecko) Chrome/58.0.3029.110 Safari/537.36"
125.99.113.150 - - [01/Jun/2017:11:59:03 +0530] "GET /images/fbg.jpg HTTP/1.1" 200 325 "http://www.cdmindia.gov.in/project_details_view_report.php?id=322" "Mozilla/5.0 (Windows NT 6.3; Win64; x64) AppleWebKit/537.36 (KHTML, like Gecko) Chrome/58.0.3029.110 Safari/537.36"
117.220.33.39 - - [01/Jun/2017:11:59:03 +0530] "GET /wp-login.php HTTP/1.1" 404 210 "-" "Mozilla/5.0 (Windows NT 6.1; WOW64; rv:40.0) Gecko/20100101 Firefox/40.1"
117.220.33.39 - - [01/Jun/2017:11:59:03 +0530] "GET / HTTP/1.1" 200 19481 "-" "Mozilla/5.0 (Windows NT 6.1; WOW64; rv:40.0) Gecko/20100101 Firefox/40.1"
125.99.113.150 - - [01/Jun/2017:11:59:03 +0530] "GET /favicon.ico HTTP/1.1" 200 1189 "http://www.cdmindia.gov.in/project_details_view_report.php?id=322" "Mozilla/5.0 (Windows NT 6.3; Win64; x64) AppleWebKit/537.36 (KHTML, like Gecko) Chrome/58.0.3029.110 Safari/537.36"
49.204.76.10 - - [01/Jun/2017:11:59:41 +0530] "GET /project_details_view.php?id=133&oid=3&page=8&reporttype=1 HTTP/1.1" 200 14809 "http://www.cdmindia.gov.in/Approved_proj_reports_list_details.php?id=3&reporttype=1&scale=&sdt=&edt=&exec=&page=8" "Mozilla/5.0 (Windows NT 10.0; Win64; x64) AppleWebKit/537.36 (KHTML, like Gecko) Chrome/58.0.3029.110 Safari/537.36"
66.249.66.207 - - [01/Jun/2017:12:00:45 +0530] "GET / HTTP/1.1" 200 19481 "-" "Mozilla/5.0 (compatible; Googlebot/2.1; +http://www.google.com/bot.html)"
180.76.15.149 - - [01/Jun/2017:12:02:26 +0530] "GET / HTTP/1.1" 200 19481 "-" "Mozilla/5.0 (compatible; Baiduspider/2.0; +http://www.baidu.com/search/spider.html)"
141.8.142.74 - - [01/Jun/2017:12:02:52 +0530] "GET /project_details_view_report.php?id=1304 HTTP/1.1" 200 13194 "-" "Mozilla/5.0 (compatible; YandexBot/3.0; +http://yandex.com/bots)"
141.8.142.74 - - [01/Jun/2017:12:04:08 +0530] "GET /project_details_view_report.php?id=93 HTTP/1.1" 200 13208 "-" "Mozilla/5.0 (compatible; YandexBot/3.0; +http://yandex.com/bots)"
66.249.66.211 - - [01/Jun/2017:12:05:42 +0530] "GET / HTTP/1.1" 200 19481 "-" "Mozilla/5.0 (Linux; Android 6.0.1; Nexus 5X Build/MMB29P) AppleWebKit/537.36 (KHTML, like Gecko) Chrome/41.0.2272.96 Mobile Safari/537.36 (compatible; Googlebot/2.1; +http://www.google.com/bot.html)"
64.233.173.136 - - [01/Jun/2017:12:08:47 +0530] "GET /project_details_view.php?id=1143 HTTP/1.1" 200 14467 "https://www.google.co.in/" "Mozilla/5.0 (Linux; Android 5.1.1; C6902 Build/14.6.A.1.236) AppleWebKit/537.36 (KHTML, like Gecko) Chrome/58.0.3029.83 Mobile Safari/537.36"
64.233.173.138 - - [01/Jun/2017:12:08:47 +0530] "GET /Scripts/AC_RunActiveContent.js HTTP/1.1" 200 8321 "http://www.cdmindia.gov.in/project_details_view.php?id=1143" "Mozilla/5.0 (Linux; Android 5.1.1; C6902 Build/14.6.A.1.236) AppleWebKit/537.36 (KHTML, like Gecko) Chrome/58.0.3029.83 Mobile Safari/537.36"
64.233.173.138 - - [01/Jun/2017:12:08:47 +0530] "GET /ncdma.css HTTP/1.1" 200 12640 "http://www.cdmindia.gov.in/project_details_view.php?id=1143" "Mozilla/5.0 (Linux; Android 5.1.1; C6902 Build/14.6.A.1.236) AppleWebKit/537.36 (KHTML, like Gecko) Chrome/58.0.3029.83 Mobile Safari/537.36"
64.233.173.138 - - [01/Jun/2017:12:08:47 +0530] "GET /includes/ncdma.css HTTP/1.1" 200 13023 "http://www.cdmindia.gov.in/project_details_view.php?id=1143" "Mozilla/5.0 (Linux; Android 5.1.1; C6902 Build/14.6.A.1.236) AppleWebKit/537.36 (KHTML, like Gecko) Chrome/58.0.3029.83 Mobile Safari/537.36"
64.233.173.137 - - [01/Jun/2017:12:08:48 +0530] "GET /images/bulllet2.gif HTTP/1.1" 200 58 "http://www.cdmindia.gov.in/project_details_view.php?id=1143" "Mozilla/5.0 (Linux; Android 5.1.1; C6902 Build/14.6.A.1.236) AppleWebKit/537.36 (KHTML, like Gecko) Chrome/58.0.3029.83 Mobile Safari/537.36"
64.233.173.136 - - [01/Jun/2017:12:08:48 +0530] "GET /images/bullet1.gif HTTP/1.1" 200 67 "http://www.cdmindia.gov.in/project_details_view.php?id=1143" "Mozilla/5.0 (Linux; Android 5.1.1; C6902 Build/14.6.A.1.236) AppleWebKit/537.36 (KHTML, like Gecko) Chrome/58.0.3029.83 Mobile Safari/537.36"
64.233.173.136 - - [01/Jun/2017:12:08:48 +0530] "GET /images/spacer.gif HTTP/1.1" 200 43 "http://www.cdmindia.gov.in/project_details_view.php?id=1143" "Mozilla/5.0 (Linux; Android 5.1.1; C6902 Build/14.6.A.1.236) AppleWebKit/537.36 (KHTML, like Gecko) Chrome/58.0.3029.83 Mobile Safari/537.36"
64.233.173.138 - - [01/Jun/2017:12:08:48 +0530] "GET /images/bullet4.gif HTTP/1.1" 200 67 "http://www.cdmindia.gov.in/project_details_view.php?id=1143" "Mozilla/5.0 (Linux; Android 5.1.1; C6902 Build/14.6.A.1.236) AppleWebKit/537.36 (KHTML, like Gecko) Chrome/58.0.3029.83 Mobile Safari/537.36"
64.233.173.137 - - [01/Jun/2017:12:08:48 +0530] "GET /images/gtz.jpg HTTP/1.1" 200 15484 "http://www.cdmindia.gov.in/project_details_view.php?id=1143" "Mozilla/5.0 (Linux; Android 5.1.1; C6902 Build/14.6.A.1.236) AppleWebKit/537.36 (KHTML, like Gecko) Chrome/58.0.3029.83 Mobile Safari/537.36"
64.233.173.137 - - [01/Jun/2017:12:08:48 +0530] "GET /images/img1.jpg HTTP/1.1" 200 1251 "http://www.cdmindia.gov.in/project_details_view.php?id=1143" "Mozilla/5.0 (Linux; Android 5.1.1; C6902 Build/14.6.A.1.236) AppleWebKit/537.36 (KHTML, like Gecko) Chrome/58.0.3029.83 Mobile Safari/537.36"
64.233.173.137 - - [01/Jun/2017:12:08:48 +0530] "GET /images/img2.jpg HTTP/1.1" 200 16276 "http://www.cdmindia.gov.in/project_details_view.php?id=1143" "Mozilla/5.0 (Linux; Android 5.1.1; C6902 Build/14.6.A.1.236) AppleWebKit/537.36 (KHTML, like Gecko) Chrome/58.0.3029.83 Mobile Safari/537.36"
64.233.173.137 - - [01/Jun/2017:12:08:48 +0530] "GET /images/fdm.jpg HTTP/1.1" 200 2043 "http://www.cdmindia.gov.in/project_details_view.php?id=1143" "Mozilla/5.0 (Linux; Android 5.1.1; C6902 Build/14.6.A.1.236) AppleWebKit/537.36 (KHTML, like Gecko) Chrome/58.0.3029.83 Mobile Safari/537.36"
64.233.173.137 - - [01/Jun/2017:12:08:48 +0530] "GET /images/fbg.jpg HTTP/1.1" 200 325 "http://www.cdmindia.gov.in/project_details_view.php?id=1143" "Mozilla/5.0 (Linux; Android 5.1.1; C6902 Build/14.6.A.1.236) AppleWebKit/537.36 (KHTML, like Gecko) Chrome/58.0.3029.83 Mobile Safari/537.36"
64.233.173.137 - - [01/Jun/2017:12:08:48 +0530] "GET /images/img3.jpg HTTP/1.1" 200 26957 "http://www.cdmindia.gov.in/project_details_view.php?id=1143" "Mozilla/5.0 (Linux; Android 5.1.1; C6902 Build/14.6.A.1.236) AppleWebKit/537.36 (KHTML, like Gecko) Chrome/58.0.3029.83 Mobile Safari/537.36"
64.233.173.136 - - [01/Jun/2017:12:08:48 +0530] "GET /favicon.ico HTTP/1.1" 200 1189 "http://www.cdmindia.gov.in/project_details_view.php?id=1143" "Mozilla/5.0 (Linux; Android 5.1.1; C6902 Build/14.6.A.1.236) AppleWebKit/537.36 (KHTML, like Gecko) Chrome/58.0.3029.83 Mobile Safari/537.36"
210.212.72.25 - - [01/Jun/2017:12:10:26 +0530] "GET /project_details_view_report.php?id=715 HTTP/1.1" 200 13222 "https://www.google.co.in/" "Mozilla/5.0 (Windows NT 6.1) AppleWebKit/537.36 (KHTML, like Gecko) Chrome/58.0.3029.110 Safari/537.36"
66.249.66.207 - - [01/Jun/2017:12:10:57 +0530] "GET /project_details_view.php?id=90&oid=1&page=37&reporttype=1 HTTP/1.1" 200 14492 "-" "Mozilla/5.0 (compatible; Googlebot/2.1; +http://www.google.com/bot.html)"
66.249.66.207 - - [01/Jun/2017:12:11:48 +0530] "GET /js/datepicker/latest_demo.css HTTP/1.1" 200 574 "http://www.cdmindia.gov.in/approved_projects.php" "Mozilla/5.0 (compatible; Googlebot/2.1; +http://www.google.com/bot.html)"
66.249.66.209 - - [01/Jun/2017:12:11:49 +0530] "GET /js/datepicker/latest_datepicker.css HTTP/1.1" 200 2283 "http://www.cdmindia.gov.in/approved_projects.php" "Mozilla/5.0 (compatible; Googlebot/2.1; +http://www.google.com/bot.html)"
66.249.66.207 - - [01/Jun/2017:12:13:14 +0530] "GET /project_details_view.php?id=825&oid=1&page=42&reporttype=1 HTTP/1.1" 200 14787 "-" "Mozilla/5.0 (compatible; Googlebot/2.1; +http://www.google.com/bot.html)"
182.75.66.218 - - [01/Jun/2017:12:13:45 +0530] "GET /downloads/Carbon%20Market%20Roadmap.pdf HTTP/1.1" 200 4344697 "https://www.google.co.in/" "Mozilla/5.0 (Windows NT 10.0; Win64; x64) AppleWebKit/537.36 (KHTML, like Gecko) Chrome/58.0.3029.110 Safari/537.36"
182.75.66.218 - - [01/Jun/2017:12:13:47 +0530] "GET /downloads/Carbon%20Market%20Roadmap.pdf HTTP/1.1" 206 4298538 "http://www.cdmindia.gov.in/downloads/Carbon%20Market%20Roadmap.pdf" "Mozilla/5.0 (Windows NT 10.0; Win64; x64) AppleWebKit/537.36 (KHTML, like Gecko) Chrome/58.0.3029.110 Safari/537.36"
182.75.66.218 - - [01/Jun/2017:12:14:39 +0530] "GET /downloads/Carbon%20Market%20Roadmap.pdf HTTP/1.1" 206 65536 "http://www.cdmindia.gov.in/downloads/Carbon%20Market%20Roadmap.pdf" "Mozilla/5.0 (Windows NT 10.0; Win64; x64) AppleWebKit/537.36 (KHTML, like Gecko) Chrome/58.0.3029.110 Safari/537.36"
182.75.66.218 - - [01/Jun/2017:12:13:46 +0530] "GET /downloads/Carbon%20Market%20Roadmap.pdf HTTP/1.1" 206 4299689 "http://www.cdmindia.gov.in/downloads/Carbon%20Market%20Roadmap.pdf" "Mozilla/5.0 (Windows NT 10.0; Win64; x64) AppleWebKit/537.36 (KHTML, like Gecko) Chrome/58.0.3029.110 Safari/537.36"
182.75.66.218 - - [01/Jun/2017:12:14:41 +0530] "GET /downloads/Carbon%20Market%20Roadmap.pdf HTTP/1.1" 206 2809811 "http://www.cdmindia.gov.in/downloads/Carbon%20Market%20Roadmap.pdf" "Mozilla/5.0 (Windows NT 10.0; Win64; x64) AppleWebKit/537.36 (KHTML, like Gecko) Chrome/58.0.3029.110 Safari/537.36"
182.75.66.218 - - [01/Jun/2017:12:15:49 +0530] "GET /downloads/Carbon%20Market%20Roadmap.pdf HTTP/1.1" 206 68658 "http://www.cdmindia.gov.in/downloads/Carbon%20Market%20Roadmap.pdf" "Mozilla/5.0 (Windows NT 10.0; Win64; x64) AppleWebKit/537.36 (KHTML, like Gecko) Chrome/58.0.3029.110 Safari/537.36"
182.75.66.218 - - [01/Jun/2017:12:15:52 +0530] "GET /downloads/Carbon%20Market%20Roadmap.pdf HTTP/1.1" 206 1532584 "http://www.cdmindia.gov.in/downloads/Carbon%20Market%20Roadmap.pdf" "Mozilla/5.0 (Windows NT 10.0; Win64; x64) AppleWebKit/537.36 (KHTML, like Gecko) Chrome/58.0.3029.110 Safari/537.36"
66.249.66.209 - - [01/Jun/2017:12:18:52 +0530] "GET /project_details_view_report.php?id=830 HTTP/1.1" 200 13184 "-" "Mozilla/5.0 (compatible; Googlebot/2.1; +http://www.google.com/bot.html)"
66.102.6.113 - - [01/Jun/2017:12:18:55 +0530] "GET / HTTP/1.1" 200 19481 "https://www.google.co.in/" "Mozilla/5.0 (Linux; Android 4.2.1; en-us; Nexus 5 Build/JOP40D) AppleWebKit/535.19 (KHTML, like Gecko; googleweblight) Chrome/38.0.1025.166 Mobile Safari/535.19"
66.102.6.111 - - [01/Jun/2017:12:18:56 +0530] "GET /images/bullet3.gif HTTP/1.1" 200 58 "http://www.cdmindia.gov.in/" "Mozilla/5.0 (Linux; Android 4.2.1; en-us; Nexus 5 Build/JOP40D) AppleWebKit/535.19 (KHTML, like Gecko; googleweblight) Chrome/38.0.1025.166 Mobile Safari/535.19"
66.102.6.111 - - [01/Jun/2017:12:18:56 +0530] "GET /js/base64_encode.js HTTP/1.1" 200 3002 "http://www.cdmindia.gov.in/" "Mozilla/5.0 (Linux; Android 4.2.1; en-us; Nexus 5 Build/JOP40D) AppleWebKit/535.19 (KHTML, like Gecko; googleweblight) Chrome/38.0.1025.166 Mobile Safari/535.19"
66.102.6.113 - - [01/Jun/2017:12:18:56 +0530] "GET /images/login.jpg HTTP/1.1" 200 1044 "http://www.cdmindia.gov.in/" "Mozilla/5.0 (Linux; Android 4.2.1; en-us; Nexus 5 Build/JOP40D) AppleWebKit/535.19 (KHTML, like Gecko; googleweblight) Chrome/38.0.1025.166 Mobile Safari/535.19"
66.102.6.113 - - [01/Jun/2017:12:18:56 +0530] "GET /images/login1.jpg HTTP/1.1" 200 618 "http://www.cdmindia.gov.in/" "Mozilla/5.0 (Linux; Android 4.2.1; en-us; Nexus 5 Build/JOP40D) AppleWebKit/535.19 (KHTML, like Gecko; googleweblight) Chrome/38.0.1025.166 Mobile Safari/535.19"
66.249.83.19 - - [01/Jun/2017:12:18:56 +0530] "GET /js/md5.js HTTP/1.1" 200 13194 "http://www.cdmindia.gov.in/" "Mozilla/5.0 (Linux; Android 4.2.1; en-us; Nexus 5 Build/JOP40D) AppleWebKit/535.19 (KHTML, like Gecko; googleweblight) Chrome/38.0.1025.166 Mobile Safari/535.19"
66.249.83.17 - - [01/Jun/2017:12:18:56 +0530] "GET /Scripts/AC_RunActiveContent.js HTTP/1.1" 200 8321 "http://www.cdmindia.gov.in/" "Mozilla/5.0 (Linux; Android 4.2.1; en-us; Nexus 5 Build/JOP40D) AppleWebKit/535.19 (KHTML, like Gecko; googleweblight) Chrome/38.0.1025.166 Mobile Safari/535.19"
66.249.83.15 - - [01/Jun/2017:12:18:56 +0530] "GET /images/fe.jpg HTTP/1.1" 200 1429 "http://www.cdmindia.gov.in/" "Mozilla/5.0 (Linux; Android 4.2.1; en-us; Nexus 5 Build/JOP40D) AppleWebKit/535.19 (KHTML, like Gecko; googleweblight) Chrome/38.0.1025.166 Mobile Safari/535.19"
66.249.83.15 - - [01/Jun/2017:12:18:56 +0530] "GET /images/img3.jpg HTTP/1.1" 200 26957 "http://www.cdmindia.gov.in/" "Mozilla/5.0 (Linux; Android 4.2.1; en-us; Nexus 5 Build/JOP40D) AppleWebKit/535.19 (KHTML, like Gecko; googleweblight) Chrome/38.0.1025.166 Mobile Safari/535.19"
59.99.231.88 - - [01/Jun/2017:12:23:11 +0530] "GET /project_details_view.php?id=853 HTTP/1.1" 200 15055 "https://www.google.co.in/" "Mozilla/5.0 (Windows NT 10.0; Win64; x64) AppleWebKit/537.36 (KHTML, like Gecko) Chrome/58.0.3029.110 Safari/537.36"
59.99.231.88 - - [01/Jun/2017:12:23:11 +0530] "GET /includes/ncdma.css HTTP/1.1" 200 13023 "http://www.cdmindia.gov.in/project_details_view.php?id=853" "Mozilla/5.0 (Windows NT 10.0; Win64; x64) AppleWebKit/537.36 (KHTML, like Gecko) Chrome/58.0.3029.110 Safari/537.36"
59.99.231.88 - - [01/Jun/2017:12:23:11 +0530] "GET /ncdma.css HTTP/1.1" 200 12640 "http://www.cdmindia.gov.in/project_details_view.php?id=853" "Mozilla/5.0 (Windows NT 10.0; Win64; x64) AppleWebKit/537.36 (KHTML, like Gecko) Chrome/58.0.3029.110 Safari/537.36"
59.99.231.88 - - [01/Jun/2017:12:23:11 +0530] "GET /Scripts/AC_RunActiveContent.js HTTP/1.1" 200 8321 "http://www.cdmindia.gov.in/project_details_view.php?id=853" "Mozilla/5.0 (Windows NT 10.0; Win64; x64) AppleWebKit/537.36 (KHTML, like Gecko) Chrome/58.0.3029.110 Safari/537.36"
