202.46.51.27 - - [06/Jun/2017:01:17:32 +0530] "GET /project_details_view_report.php?id=849 HTTP/1.1" 200 13228 "-" "Mozilla/5.0 (Windows NT 10.0; WOW64) AppleWebKit/537.36 (KHTML, like Gecko) Chrome/45.0.2454.93 Safari/537.36"
66.249.79.131 - - [06/Jun/2017:01:22:51 +0530] "GET /robots.txt HTTP/1.1" 404 208 "-" "Mozilla/5.0 (compatible; Googlebot/2.1; +http://www.google.com/bot.html)"
66.249.79.133 - - [06/Jun/2017:01:22:52 +0530] "GET /downloads/Comparision%20of%20PCN_30.03.doc HTTP/1.1" 200 49664 "-" "Googlebot/2.1 (+http://www.google.com/bot.html)"
109.93.195.142 - - [06/Jun/2017:01:24:09 +0530] "GET /wp-login.php HTTP/1.1" 404 210 "-" "Mozilla/5.0 (Windows NT 6.1; WOW64; rv:40.0) Gecko/20100101 Firefox/40.1"
109.93.195.142 - - [06/Jun/2017:01:24:09 +0530] "GET / HTTP/1.1" 200 19480 "-" "Mozilla/5.0 (Windows NT 6.1; WOW64; rv:40.0) Gecko/20100101 Firefox/40.1"
157.55.39.239 - - [06/Jun/2017:01:33:00 +0530] "GET /project_details_view.php?id=1632 HTTP/1.1" 200 14820 "-" "Mozilla/5.0 (compatible; bingbot/2.0; +http://www.bing.com/bingbot.htm)"
157.55.39.98 - - [06/Jun/2017:01:33:37 +0530] "GET /images/img1.jpg HTTP/1.1" 200 1251 "-" "Mozilla/5.0 (compatible; bingbot/2.0; +http://www.bing.com/bingbot.htm)"
211.0.145.106 - - [06/Jun/2017:01:35:48 +0530] "GET / HTTP/1.1" 200 19480 "-" "Mozilla/5.0 (Windows NT 5.1; rv:6.0.2) Gecko/20100101 Firefox/6.0.2"
202.46.55.138 - - [06/Jun/2017:01:36:30 +0530] "GET /project_details_view_report.php?id=1984 HTTP/1.1" 200 13195 "-" "Mozilla/5.0 (Windows NT 10.0; WOW64) AppleWebKit/537.36 (KHTML, like Gecko) Chrome/45.0.2454.93 Safari/537.36"
35.184.189.105 - - [06/Jun/2017:01:40:23 +0530] "GET /robots.txt HTTP/1.1" 404 208 "-" "ltx71 - (http://ltx71.com/)"
180.76.15.139 - - [06/Jun/2017:01:40:32 +0530] "GET / HTTP/1.1" 200 19480 "-" "Mozilla/5.0 (compatible; Baiduspider/2.0; +http://www.baidu.com/search/spider.html)"
35.184.189.105 - - [06/Jun/2017:01:43:10 +0530] "GET /robots.txt HTTP/1.1" 404 208 "-" "ltx71 - (http://ltx71.com/)"
66.249.79.129 - - [06/Jun/2017:01:46:35 +0530] "GET /project_details_view.php?id=1336&oid=1&page=33&reporttype=1 HTTP/1.1" 200 14910 "-" "Mozilla/5.0 (compatible; Googlebot/2.1; +http://www.google.com/bot.html)"
157.55.39.98 - - [06/Jun/2017:01:51:31 +0530] "GET /project_details_view.php?id=1531 HTTP/1.1" 200 15424 "-" "Mozilla/5.0 (compatible; bingbot/2.0; +http://www.bing.com/bingbot.htm)"
54.173.165.103 - - [06/Jun/2017:01:53:26 +0530] "GET / HTTP/1.1" 200 19480 "-" "Mozilla/5.0 (X11; Linux x86_64) AppleWebKit/537.36 (KHTML, like Gecko) Chrome/43.0.2357.134 Safari/537.36 http://notifyninja.com/monitoring"
202.46.58.121 - - [06/Jun/2017:01:55:28 +0530] "GET /project_details_view.php?id=1377 HTTP/1.1" 200 14907 "-" "Mozilla/5.0 (Windows NT 10.0; WOW64) AppleWebKit/537.36 (KHTML, like Gecko) Chrome/45.0.2454.93 Safari/537.36"
35.184.189.105 - - [06/Jun/2017:01:58:55 +0530] "GET /robots.txt HTTP/1.1" 404 208 "-" "ltx71 - (http://ltx71.com/)"
35.184.189.105 - - [06/Jun/2017:02:00:16 +0530] "GET /constitution.php HTTP/1.1" 200 23669 "-" "ltx71 - (http://ltx71.com/)"
40.77.167.85 - - [06/Jun/2017:02:07:23 +0530] "GET /approved_projects.php?n1=1 HTTP/1.1" 200 23116 "-" "Mozilla/5.0 (compatible; bingbot/2.0; +http://www.bing.com/bingbot.htm)"
40.77.177.248 - - [06/Jun/2017:02:07:26 +0530] "GET /js/jquery.js HTTP/1.1" 200 55774 "-" "Mozilla/5.0 (Windows NT 6.1; WOW64) AppleWebKit/534+ (KHTML, like Gecko) BingPreview/1.0b"
40.77.177.248 - - [06/Jun/2017:02:07:28 +0530] "GET /js/datepicker/latest_date.js HTTP/1.1" 200 11986 "-" "Mozilla/5.0 (Windows NT 6.1; WOW64) AppleWebKit/534+ (KHTML, like Gecko) BingPreview/1.0b"
40.77.177.248 - - [06/Jun/2017:02:07:28 +0530] "GET /js/datepicker/latest_jquery.datePicker.js HTTP/1.1" 200 37423 "-" "Mozilla/5.0 (Windows NT 6.1; WOW64) AppleWebKit/534+ (KHTML, like Gecko) BingPreview/1.0b"
40.77.177.248 - - [06/Jun/2017:02:07:29 +0530] "GET /js/datepicker/latest_datepicker.css HTTP/1.1" 200 2283 "-" "Mozilla/5.0 (Windows NT 6.1; WOW64) AppleWebKit/534+ (KHTML, like Gecko) BingPreview/1.0b"
40.77.177.248 - - [06/Jun/2017:02:07:30 +0530] "GET /js/datepicker/latest_demo.css HTTP/1.1" 200 574 "-" "Mozilla/5.0 (Windows NT 6.1; WOW64) AppleWebKit/534+ (KHTML, like Gecko) BingPreview/1.0b"
35.184.189.105 - - [06/Jun/2017:02:08:09 +0530] "GET /robots.txt HTTP/1.1" 404 208 "-" "ltx71 - (http://ltx71.com/)"
35.184.189.105 - - [06/Jun/2017:02:12:32 +0530] "GET /robots.txt HTTP/1.1" 404 208 "-" "ltx71 - (http://ltx71.com/)"
202.46.57.164 - - [06/Jun/2017:02:14:27 +0530] "GET /project_details_view_report.php?id=113 HTTP/1.1" 200 13112 "-" "Mozilla/5.0 (Windows NT 10.0; WOW64) AppleWebKit/537.36 (KHTML, like Gecko) Chrome/45.0.2454.93 Safari/537.36"
35.184.189.105 - - [06/Jun/2017:02:18:48 +0530] "GET /robots.txt HTTP/1.1" 404 208 "-" "ltx71 - (http://ltx71.com/)"
64.233.173.136 - - [06/Jun/2017:02:20:38 +0530] "GET /includes/ncdma.css HTTP/1.1" 200 13023 "https://www.google.co.in/search?client=ms-android-lenovo&ei=W781WfT-O4f6vATl7LqYDA&q=basavana+bagewadi+wind+project&oq=basavana+bagewadi+wind+pro&gs_l=mobile-gws-serp.1.0.33i160k1l5.3508.15342.0.16706.28.21.1.0.0.0.320.4772.2-19j1.20.0....0...1.1j4.64.mobile-gws-serp..14.14.3165...0j35i39k1j0i20k1j0i67k1j0i22i30k1.1wWsijKyWQg" "Mozilla/5.0 (Linux; Android 6.0; Lenovo K50a40 Build/MRA58K) AppleWebKit/537.36 (KHTML, like Gecko) Chrome/57.0.2987.132 Mobile Safari/537.36"
64.233.173.138 - - [06/Jun/2017:02:20:38 +0530] "GET /ncdma.css HTTP/1.1" 200 12640 "https://www.google.co.in/search?client=ms-android-lenovo&ei=W781WfT-O4f6vATl7LqYDA&q=basavana+bagewadi+wind+project&oq=basavana+bagewadi+wind+pro&gs_l=mobile-gws-serp.1.0.33i160k1l5.3508.15342.0.16706.28.21.1.0.0.0.320.4772.2-19j1.20.0....0...1.1j4.64.mobile-gws-serp..14.14.3165...0j35i39k1j0i20k1j0i67k1j0i22i30k1.1wWsijKyWQg" "Mozilla/5.0 (Linux; Android 6.0; Lenovo K50a40 Build/MRA58K) AppleWebKit/537.36 (KHTML, like Gecko) Chrome/57.0.2987.132 Mobile Safari/537.36"
64.233.173.137 - - [06/Jun/2017:02:20:38 +0530] "GET /project_details_view.php?id=1579 HTTP/1.1" 200 14425 "https://www.google.co.in/" "Mozilla/5.0 (Linux; Android 6.0; Lenovo K50a40 Build/MRA58K) AppleWebKit/537.36 (KHTML, like Gecko) Chrome/57.0.2987.132 Mobile Safari/537.36"
64.233.173.136 - - [06/Jun/2017:02:20:38 +0530] "GET /Scripts/AC_RunActiveContent.js HTTP/1.1" 200 8321 "https://www.google.co.in/search?client=ms-android-lenovo&ei=W781WfT-O4f6vATl7LqYDA&q=basavana+bagewadi+wind+project&oq=basavana+bagewadi+wind+pro&gs_l=mobile-gws-serp.1.0.33i160k1l5.3508.15342.0.16706.28.21.1.0.0.0.320.4772.2-19j1.20.0....0...1.1j4.64.mobile-gws-serp..14.14.3165...0j35i39k1j0i20k1j0i67k1j0i22i30k1.1wWsijKyWQg" "Mozilla/5.0 (Linux; Android 6.0; Lenovo K50a40 Build/MRA58K) AppleWebKit/537.36 (KHTML, like Gecko) Chrome/57.0.2987.132 Mobile Safari/537.36"
64.233.173.137 - - [06/Jun/2017:02:20:39 +0530] "GET /images/spacer.gif HTTP/1.1" 200 43 "http://www.cdmindia.gov.in/project_details_view.php?id=1579" "Mozilla/5.0 (Linux; Android 6.0; Lenovo K50a40 Build/MRA58K) AppleWebKit/537.36 (KHTML, like Gecko) Chrome/57.0.2987.132 Mobile Safari/537.36"
64.233.173.138 - - [06/Jun/2017:02:20:39 +0530] "GET /images/bullet1.gif HTTP/1.1" 200 67 "http://www.cdmindia.gov.in/project_details_view.php?id=1579" "Mozilla/5.0 (Linux; Android 6.0; Lenovo K50a40 Build/MRA58K) AppleWebKit/537.36 (KHTML, like Gecko) Chrome/57.0.2987.132 Mobile Safari/537.36"
64.233.173.137 - - [06/Jun/2017:02:20:39 +0530] "GET /images/bulllet2.gif HTTP/1.1" 200 58 "http://www.cdmindia.gov.in/project_details_view.php?id=1579" "Mozilla/5.0 (Linux; Android 6.0; Lenovo K50a40 Build/MRA58K) AppleWebKit/537.36 (KHTML, like Gecko) Chrome/57.0.2987.132 Mobile Safari/537.36"
64.233.173.138 - - [06/Jun/2017:02:20:39 +0530] "GET /images/img2.jpg HTTP/1.1" 200 16276 "http://www.cdmindia.gov.in/project_details_view.php?id=1579" "Mozilla/5.0 (Linux; Android 6.0; Lenovo K50a40 Build/MRA58K) AppleWebKit/537.36 (KHTML, like Gecko) Chrome/57.0.2987.132 Mobile Safari/537.36"
64.233.173.138 - - [06/Jun/2017:02:20:39 +0530] "GET /images/img3.jpg HTTP/1.1" 200 26957 "http://www.cdmindia.gov.in/project_details_view.php?id=1579" "Mozilla/5.0 (Linux; Android 6.0; Lenovo K50a40 Build/MRA58K) AppleWebKit/537.36 (KHTML, like Gecko) Chrome/57.0.2987.132 Mobile Safari/537.36"
64.233.173.136 - - [06/Jun/2017:02:20:42 +0530] "GET /images/fdm.jpg HTTP/1.1" 200 2043 "http://www.cdmindia.gov.in/project_details_view.php?id=1579" "Mozilla/5.0 (Linux; Android 6.0; Lenovo K50a40 Build/MRA58K) AppleWebKit/537.36 (KHTML, like Gecko) Chrome/57.0.2987.132 Mobile Safari/537.36"
64.233.173.136 - - [06/Jun/2017:02:20:42 +0530] "GET /images/img1.jpg HTTP/1.1" 200 1251 "http://www.cdmindia.gov.in/project_details_view.php?id=1579" "Mozilla/5.0 (Linux; Android 6.0; Lenovo K50a40 Build/MRA58K) AppleWebKit/537.36 (KHTML, like Gecko) Chrome/57.0.2987.132 Mobile Safari/537.36"
64.233.173.137 - - [06/Jun/2017:02:20:42 +0530] "GET /images/fbg.jpg HTTP/1.1" 200 325 "http://www.cdmindia.gov.in/project_details_view.php?id=1579" "Mozilla/5.0 (Linux; Android 6.0; Lenovo K50a40 Build/MRA58K) AppleWebKit/537.36 (KHTML, like Gecko) Chrome/57.0.2987.132 Mobile Safari/537.36"
64.233.173.138 - - [06/Jun/2017:02:20:42 +0530] "GET /images/gtz.jpg HTTP/1.1" 200 15484 "http://www.cdmindia.gov.in/project_details_view.php?id=1579" "Mozilla/5.0 (Linux; Android 6.0; Lenovo K50a40 Build/MRA58K) AppleWebKit/537.36 (KHTML, like Gecko) Chrome/57.0.2987.132 Mobile Safari/537.36"
64.233.173.137 - - [06/Jun/2017:02:20:42 +0530] "GET /images/bullet4.gif HTTP/1.1" 200 67 "http://www.cdmindia.gov.in/project_details_view.php?id=1579" "Mozilla/5.0 (Linux; Android 6.0; Lenovo K50a40 Build/MRA58K) AppleWebKit/537.36 (KHTML, like Gecko) Chrome/57.0.2987.132 Mobile Safari/537.36"
64.233.173.137 - - [06/Jun/2017:02:20:45 +0530] "GET /favicon.ico HTTP/1.1" 200 1189 "http://www.cdmindia.gov.in/project_details_view.php?id=1579" "Mozilla/5.0 (Linux; Android 6.0; Lenovo K50a40 Build/MRA58K) AppleWebKit/537.36 (KHTML, like Gecko) Chrome/57.0.2987.132 Mobile Safari/537.36"
157.55.39.98 - - [06/Jun/2017:02:24:33 +0530] "GET /project_details_view.php?id=388 HTTP/1.1" 200 15321 "-" "Mozilla/5.0 (compatible; bingbot/2.0; +http://www.bing.com/bingbot.htm)"
66.249.79.131 - - [06/Jun/2017:02:24:34 +0530] "GET /Approved_proj_reports_list_details.php?id=1&reporttype=1&scale=Small&sdt=&edt=&exec=&page=17 HTTP/1.1" 200 17306 "-" "Mozilla/5.0 (compatible; Googlebot/2.1; +http://www.google.com/bot.html)"
35.184.189.105 - - [06/Jun/2017:02:25:38 +0530] "GET /robots.txt HTTP/1.1" 404 208 "-" "ltx71 - (http://ltx71.com/)"
66.249.79.133 - - [06/Jun/2017:02:30:29 +0530] "GET /project_details_view.php?id=1698&oid=1&page=12&reporttype=1 HTTP/1.1" 200 14291 "-" "Mozilla/5.0 (compatible; Googlebot/2.1; +http://www.google.com/bot.html)"
202.46.56.91 - - [06/Jun/2017:02:33:25 +0530] "GET /project_details_view.php?id=1360 HTTP/1.1" 200 14386 "-" "Mozilla/5.0 (Windows NT 10.0; WOW64) AppleWebKit/537.36 (KHTML, like Gecko) Chrome/45.0.2454.93 Safari/537.36"
66.249.79.129 - - [06/Jun/2017:02:33:44 +0530] "GET /images/favicon.ico HTTP/1.1" 304 - "-" "Googlebot-Image/1.0"
131.253.25.227 - - [06/Jun/2017:02:34:19 +0530] "GET /includes/ncdma.css HTTP/1.1" 200 13023 "-" "Mozilla/5.0 (Windows NT 6.1; WOW64) AppleWebKit/534+ (KHTML, like Gecko) BingPreview/1.0b"
131.253.25.227 - - [06/Jun/2017:02:34:20 +0530] "GET /ncdma.css HTTP/1.1" 200 12640 "-" "Mozilla/5.0 (Windows NT 6.1; WOW64) AppleWebKit/534+ (KHTML, like Gecko) BingPreview/1.0b"
66.249.79.133 - - [06/Jun/2017:02:35:08 +0530] "GET /project_details_view.php?id=104&oid=1&page=88&reporttype=1 HTTP/1.1" 200 14299 "-" "Mozilla/5.0 (compatible; Googlebot/2.1; +http://www.google.com/bot.html)"
211.0.145.106 - - [06/Jun/2017:02:35:59 +0530] "GET / HTTP/1.1" 200 19480 "-" "Mozilla/5.0 (Windows NT 5.1; rv:6.0.2) Gecko/20100101 Firefox/6.0.2"
216.244.66.248 - - [06/Jun/2017:02:36:21 +0530] "GET /robots.txt HTTP/1.1" 404 208 "-" "Mozilla/5.0 (compatible; DotBot/1.1; http://www.opensiteexplorer.org/dotbot, help@moz.com)"
66.249.79.133 - - [06/Jun/2017:02:37:15 +0530] "GET /reports_list_details.php?id=tubkayrstf&reporttype=&page=147 HTTP/1.1" 200 22337 "-" "Mozilla/5.0 (compatible; Googlebot/2.1; +http://www.google.com/bot.html)"
66.249.79.131 - - [06/Jun/2017:02:37:52 +0530] "GET /Approved_proj_reports_list_details.php?id=1&reporttype=1&scale=&sdt=&edt=&exec=&page=84 HTTP/1.1" 200 17267 "-" "Mozilla/5.0 (compatible; Googlebot/2.1; +http://www.google.com/bot.html)"
66.249.79.129 - - [06/Jun/2017:02:39:26 +0530] "GET /Approved_proj_reports_list_details.php?id=1&reporttype=1&scale=Small&sdt=&edt=&exec=&page=8 HTTP/1.1" 200 17327 "-" "Mozilla/5.0 (compatible; Googlebot/2.1; +http://www.google.com/bot.html)"
157.55.39.98 - - [06/Jun/2017:02:43:01 +0530] "GET /project_details_view_report.php?id=1759 HTTP/1.1" 200 13163 "-" "Mozilla/5.0 (compatible; bingbot/2.0; +http://www.bing.com/bingbot.htm)"
180.76.15.142 - - [06/Jun/2017:02:43:56 +0530] "GET / HTTP/1.1" 200 19480 "-" "Mozilla/5.0 (compatible; Baiduspider/2.0; +http://www.baidu.com/search/spider.html)"
66.249.79.133 - - [06/Jun/2017:02:46:19 +0530] "GET /project_details_view.php?id=94&oid=1&page=88&reporttype=1 HTTP/1.1" 200 14193 "-" "Mozilla/5.0 (compatible; Googlebot/2.1; +http://www.google.com/bot.html)"
202.46.50.181 - - [06/Jun/2017:02:52:23 +0530] "GET /project_details_view.php?id=1730 HTTP/1.1" 200 14346 "-" "Mozilla/5.0 (Windows NT 10.0; WOW64) AppleWebKit/537.36 (KHTML, like Gecko) Chrome/45.0.2454.93 Safari/537.36"
66.249.79.131 - - [06/Jun/2017:02:57:48 +0530] "GET / HTTP/1.1" 200 19480 "-" "Mozilla/5.0 (compatible; Googlebot/2.1; +http://www.google.com/bot.html)"
35.184.189.105 - - [06/Jun/2017:03:03:52 +0530] "GET /robots.txt HTTP/1.1" 404 208 "-" "ltx71 - (http://ltx71.com/)"
157.55.39.15 - - [06/Jun/2017:03:04:10 +0530] "GET /robots.txt HTTP/1.1" 404 208 "-" "Mozilla/5.0 (compatible; bingbot/2.0; +http://www.bing.com/bingbot.htm)"
157.55.39.239 - - [06/Jun/2017:03:04:20 +0530] "GET / HTTP/1.1" 200 19480 "-" "Mozilla/5.0 (compatible; bingbot/2.0; +http://www.bing.com/bingbot.htm)"
157.55.39.239 - - [06/Jun/2017:03:05:11 +0530] "GET / HTTP/1.1" 200 19480 "-" "Mozilla/5.0 (compatible; bingbot/2.0; +http://www.bing.com/bingbot.htm)"
66.249.79.129 - - [06/Jun/2017:03:05:25 +0530] "GET /Approved_proj_reports_list_details.php?id=1&reporttype=1&scale=&sdt=&edt=&exec=&page=89 HTTP/1.1" 200 16780 "-" "Mozilla/5.0 (compatible; Googlebot/2.1; +http://www.google.com/bot.html)"
40.77.167.85 - - [06/Jun/2017:03:09:14 +0530] "GET /project_details_view.php?id=766 HTTP/1.1" 200 14799 "-" "Mozilla/5.0 (compatible; bingbot/2.0; +http://www.bing.com/bingbot.htm)"
202.46.51.179 - - [06/Jun/2017:03:11:22 +0530] "GET /project_details_view_report.php?id=886 HTTP/1.1" 200 13245 "-" "Mozilla/5.0 (Windows NT 10.0; WOW64) AppleWebKit/537.36 (KHTML, like Gecko) Chrome/45.0.2454.93 Safari/537.36"
62.210.80.51 - - [06/Jun/2017:03:17:01 +0530] "GET /project_details_view.php?id=779 HTTP/1.0" 200 14856 "-" "Mozilla/5.0 (Windows NT 6.1) AppleWebKit/537.36 (KHTML, like Gecko) Chrome/41.0.2228.0 Safari/537.36"
66.249.79.129 - - [06/Jun/2017:03:21:19 +0530] "GET /Approved_proj_reports_list_details.php?id=1&reporttype=1&scale=&sdt=&edt=&exec=&page=91 HTTP/1.1" 200 16709 "-" "Mozilla/5.0 (compatible; Googlebot/2.1; +http://www.google.com/bot.html)"
35.184.189.105 - - [06/Jun/2017:03:21:25 +0530] "GET /robots.txt HTTP/1.1" 404 208 "-" "ltx71 - (http://ltx71.com/)"
40.77.167.151 - - [06/Jun/2017:03:23:35 +0530] "GET /aboutus.php HTTP/1.1" 200 19597 "-" "Mozilla/5.0 (iPhone; CPU iPhone OS 7_0 like Mac OS X) AppleWebKit/537.51.1 (KHTML, like Gecko) Version/7.0 Mobile/11A465 Safari/9537.53 (compatible; bingbot/2.0; +http://www.bing.com/bingbot.htm)"
40.77.167.151 - - [06/Jun/2017:03:23:54 +0530] "GET /images/h_aboutus.jpg HTTP/1.1" 200 21693 "-" "Mozilla/5.0 (iPhone; CPU iPhone OS 7_0 like Mac OS X) AppleWebKit/537.51.1 (KHTML, like Gecko) Version/7.0 Mobile/11A465 Safari/9537.53 (compatible; bingbot/2.0; +http://www.bing.com/bingbot.htm)"
40.77.167.151 - - [06/Jun/2017:03:25:40 +0530] "GET /project_details_view.php?id=1590 HTTP/1.1" 200 14151 "-" "Mozilla/5.0 (compatible; bingbot/2.0; +http://www.bing.com/bingbot.htm)"
66.249.79.131 - - [06/Jun/2017:03:28:05 +0530] "GET /reports_list_details.php?id=tubkayrstf&reporttype=&page=144 HTTP/1.1" 200 21668 "-" "Mozilla/5.0 (compatible; Googlebot/2.1; +http://www.google.com/bot.html)"
202.46.51.194 - - [06/Jun/2017:03:30:20 +0530] "GET /project_details_view_report.php?id=1360 HTTP/1.1" 200 13221 "-" "Mozilla/5.0 (Windows NT 10.0; WOW64) AppleWebKit/537.36 (KHTML, like Gecko) Chrome/45.0.2454.93 Safari/537.36"
40.77.167.151 - - [06/Jun/2017:03:30:30 +0530] "GET /project_details_view_report.php?id=922 HTTP/1.1" 200 13355 "-" "Mozilla/5.0 (compatible; bingbot/2.0; +http://www.bing.com/bingbot.htm)"
216.244.66.248 - - [06/Jun/2017:03:30:34 +0530] "GET /detail_news.php?id=5 HTTP/1.1" 302 19150 "-" "Mozilla/5.0 (compatible; DotBot/1.1; http://www.opensiteexplorer.org/dotbot, help@moz.com)"
77.179.180.167 - - [06/Jun/2017:03:35:39 +0530] "GET /project_details_view.php?id=917 HTTP/1.1" 200 14335 "https://www.google.de/" "Mozilla/5.0 (Linux; Android 7.0; SM-T820 Build/NRD90M) AppleWebKit/537.36 (KHTML, like Gecko) Chrome/58.0.3029.83 Safari/537.36"
35.184.189.105 - - [06/Jun/2017:03:39:36 +0530] "GET /robots.txt HTTP/1.1" 404 208 "-" "ltx71 - (http://ltx71.com/)"
211.123.206.78 - - [06/Jun/2017:03:40:12 +0530] "GET / HTTP/1.1" 200 19480 "-" "Mozilla/5.0 (Windows NT 5.1; rv:6.0.2) Gecko/20100101 Firefox/6.0.2"
35.184.189.105 - - [06/Jun/2017:03:42:59 +0530] "GET /robots.txt HTTP/1.1" 404 208 "-" "ltx71 - (http://ltx71.com/)"
66.249.79.129 - - [06/Jun/2017:03:44:11 +0530] "GET /project_details_view.php?id=109&oid=1&page=88&reporttype=1 HTTP/1.1" 200 14615 "-" "Mozilla/5.0 (compatible; Googlebot/2.1; +http://www.google.com/bot.html)"
66.249.79.129 - - [06/Jun/2017:03:46:47 +0530] "GET /cbjfhzgsfr.html HTTP/1.1" 404 213 "-" "Mozilla/5.0 (compatible; Googlebot/2.1; +http://www.google.com/bot.html)"
66.249.79.131 - - [06/Jun/2017:03:47:25 +0530] "GET /Approved_proj_reports_list_details.php?id=1&reporttype=1&scale=&sdt=&edt=&exec=&page=87 HTTP/1.1" 200 17161 "-" "Mozilla/5.0 (compatible; Googlebot/2.1; +http://www.google.com/bot.html)"
40.77.167.85 - - [06/Jun/2017:03:47:32 +0530] "GET /project_details_view_report.php?id=1292 HTTP/1.1" 200 13213 "-" "Mozilla/5.0 (compatible; bingbot/2.0; +http://www.bing.com/bingbot.htm)"
202.46.48.199 - - [06/Jun/2017:03:49:18 +0530] "GET /project_details_view_report.php?id=503 HTTP/1.1" 200 13159 "-" "Mozilla/5.0 (Windows NT 10.0; WOW64) AppleWebKit/537.36 (KHTML, like Gecko) Chrome/45.0.2454.93 Safari/537.36"
66.249.79.133 - - [06/Jun/2017:03:51:07 +0530] "GET /Approved_proj_reports_list_details.php?id=1&reporttype=1&scale=Small&sdt=&edt=&exec=&page=1 HTTP/1.1" 200 16381 "-" "Mozilla/5.0 (compatible; Googlebot/2.1; +http://www.google.com/bot.html)"
180.76.15.148 - - [06/Jun/2017:03:55:34 +0530] "GET / HTTP/1.1" 200 19480 "-" "Mozilla/5.0 (compatible; Baiduspider/2.0; +http://www.baidu.com/search/spider.html)"
35.184.189.105 - - [06/Jun/2017:03:57:09 +0530] "GET /robots.txt HTTP/1.1" 404 208 "-" "ltx71 - (http://ltx71.com/)"
66.249.79.133 - - [06/Jun/2017:03:58:54 +0530] "GET /detail_past_events.php?id=5 HTTP/1.1" 302 17976 "-" "Mozilla/5.0 (compatible; Googlebot/2.1; +http://www.google.com/bot.html)"
66.249.79.131 - - [06/Jun/2017:03:58:56 +0530] "GET /logout.php HTTP/1.1" 302 369 "-" "Mozilla/5.0 (compatible; Googlebot/2.1; +http://www.google.com/bot.html)"
66.249.79.129 - - [06/Jun/2017:03:58:57 +0530] "GET /index.php HTTP/1.1" 200 19480 "-" "Mozilla/5.0 (compatible; Googlebot/2.1; +http://www.google.com/bot.html)"
216.244.66.248 - - [06/Jun/2017:03:58:57 +0530] "GET /robots.txt HTTP/1.1" 404 208 "-" "Mozilla/5.0 (compatible; DotBot/1.1; http://www.opensiteexplorer.org/dotbot, help@moz.com)"
35.184.189.105 - - [06/Jun/2017:03:59:13 +0530] "GET /downloads/New%20PCN.doc HTTP/1.1" 200 435200 "-" "ltx71 - (http://ltx71.com/)"
202.46.48.124 - - [06/Jun/2017:04:08:17 +0530] "GET /project_details_view_report.php?id=1435 HTTP/1.1" 200 13143 "-" "Mozilla/5.0 (Windows NT 10.0; WOW64) AppleWebKit/537.36 (KHTML, like Gecko) Chrome/45.0.2454.93 Safari/537.36"
199.30.25.178 - - [06/Jun/2017:04:11:47 +0530] "GET /Scripts/AC_RunActiveContent.js HTTP/1.1" 200 8321 "-" "Mozilla/5.0 (Windows NT 6.1; WOW64) AppleWebKit/534+ (KHTML, like Gecko) BingPreview/1.0b"
65.55.210.80 - - [06/Jun/2017:04:11:48 +0530] "GET /ncdma.css HTTP/1.1" 200 12640 "-" "Mozilla/5.0 (Windows NT 6.1; WOW64) AppleWebKit/534+ (KHTML, like Gecko) BingPreview/1.0b"
66.249.79.129 - - [06/Jun/2017:04:16:03 +0530] "GET /project_details_view.php?id=97&oid=1&page=88&reporttype=1 HTTP/1.1" 200 14989 "-" "Mozilla/5.0 (compatible; Googlebot/2.1; +http://www.google.com/bot.html)"
66.249.79.131 - - [06/Jun/2017:04:16:15 +0530] "GET /Approved_proj_reports_list_details.php?id=1&reporttype=1&scale=Small&sdt=&edt=&exec=&page=11 HTTP/1.1" 200 17297 "-" "Mozilla/5.0 (compatible; Googlebot/2.1; +http://www.google.com/bot.html)"
66.249.79.131 - - [06/Jun/2017:04:21:22 +0530] "GET /project_details_view.php?id=90&oid=1&page=88&reporttype=1 HTTP/1.1" 200 14491 "-" "Mozilla/5.0 (compatible; Googlebot/2.1; +http://www.google.com/bot.html)"
199.30.24.63 - - [06/Jun/2017:04:25:03 +0530] "GET /images/login.jpg HTTP/1.1" 200 1044 "-" "Mozilla/5.0 (iPhone; CPU iPhone OS 7_0 like Mac OS X) AppleWebKit/537.51.1 (KHTML, like Gecko) Version/7.0 Mobile/11A465 Safari/9537.53 BingPreview/1.0b"
202.46.51.203 - - [06/Jun/2017:04:27:15 +0530] "GET /project_details_view.php?id=594 HTTP/1.1" 200 14581 "-" "Mozilla/5.0 (Windows NT 10.0; WOW64) AppleWebKit/537.36 (KHTML, like Gecko) Chrome/45.0.2454.93 Safari/537.36"
40.77.167.151 - - [06/Jun/2017:04:28:37 +0530] "GET /reports_new.php?n=1 HTTP/1.1" 200 22411 "-" "Mozilla/5.0 (iPhone; CPU iPhone OS 7_0 like Mac OS X) AppleWebKit/537.51.1 (KHTML, like Gecko) Version/7.0 Mobile/11A465 Safari/9537.53 (compatible; bingbot/2.0; +http://www.bing.com/bingbot.htm)"
157.55.39.98 - - [06/Jun/2017:04:34:20 +0530] "GET /project_details_view.php?id=1084 HTTP/1.1" 200 15328 "-" "Mozilla/5.0 (compatible; bingbot/2.0; +http://www.bing.com/bingbot.htm)"
91.238.134.93 - - [06/Jun/2017:04:34:47 +0530] "GET /approval_process.php HTTP/1.1" 200 25912 "http://cdmindia.gov.in/" "Mozilla/5.0 (Macintosh; Intel Mac OS X 10.7; rv:34.0) Gecko/20100101 Firefox/34.0"
216.244.66.196 - - [06/Jun/2017:04:35:18 +0530] "GET /robots.txt HTTP/1.1" 404 208 "-" "Mozilla/5.0 (compatible; DotBot/1.1; http://www.opensiteexplorer.org/dotbot, help@moz.com)"
216.244.66.248 - - [06/Jun/2017:04:35:26 +0530] "GET /view_past_events.php HTTP/1.1" 200 18854 "-" "Mozilla/5.0 (compatible; DotBot/1.1; http://www.opensiteexplorer.org/dotbot, help@moz.com)"
40.77.167.85 - - [06/Jun/2017:04:36:01 +0530] "GET /project_details_view_report.php?id=204 HTTP/1.1" 200 13119 "-" "Mozilla/5.0 (compatible; bingbot/2.0; +http://www.bing.com/bingbot.htm)"
211.123.208.17 - - [06/Jun/2017:04:36:14 +0530] "GET / HTTP/1.1" 200 19480 "-" "Mozilla/5.0 (Windows NT 5.1; rv:6.0.2) Gecko/20100101 Firefox/6.0.2"
66.249.79.131 - - [06/Jun/2017:04:42:20 +0530] "GET /Approved_proj_reports_list_details.php?id=1&reporttype=1&scale=&sdt=&edt=&exec=&page=90 HTTP/1.1" 200 16702 "-" "Mozilla/5.0 (compatible; Googlebot/2.1; +http://www.google.com/bot.html)"
180.76.15.27 - - [06/Jun/2017:04:42:57 +0530] "GET / HTTP/1.1" 200 19480 "-" "Mozilla/5.0 (compatible; Baiduspider/2.0; +http://www.baidu.com/search/spider.html)"
157.48.12.159 - - [06/Jun/2017:04:43:01 +0530] "GET /project_details_view.php?id=609 HTTP/1.1" 200 15499 "https://www.google.co.in/" "Mozilla/5.0 (Windows NT 6.1) AppleWebKit/537.36 (KHTML, like Gecko) Chrome/58.0.3029.110 Safari/537.36"
157.48.12.159 - - [06/Jun/2017:04:43:01 +0530] "GET /ncdma.css HTTP/1.1" 200 12640 "http://www.cdmindia.gov.in/project_details_view.php?id=609" "Mozilla/5.0 (Windows NT 6.1) AppleWebKit/537.36 (KHTML, like Gecko) Chrome/58.0.3029.110 Safari/537.36"
157.48.12.159 - - [06/Jun/2017:04:43:01 +0530] "GET /includes/ncdma.css HTTP/1.1" 200 13023 "http://www.cdmindia.gov.in/project_details_view.php?id=609" "Mozilla/5.0 (Windows NT 6.1) AppleWebKit/537.36 (KHTML, like Gecko) Chrome/58.0.3029.110 Safari/537.36"
157.48.12.159 - - [06/Jun/2017:04:43:01 +0530] "GET /Scripts/AC_RunActiveContent.js HTTP/1.1" 200 8321 "http://www.cdmindia.gov.in/project_details_view.php?id=609" "Mozilla/5.0 (Windows NT 6.1) AppleWebKit/537.36 (KHTML, like Gecko) Chrome/58.0.3029.110 Safari/537.36"
157.48.12.159 - - [06/Jun/2017:04:43:01 +0530] "GET /images/bullet1.gif HTTP/1.1" 200 67 "http://www.cdmindia.gov.in/project_details_view.php?id=609" "Mozilla/5.0 (Windows NT 6.1) AppleWebKit/537.36 (KHTML, like Gecko) Chrome/58.0.3029.110 Safari/537.36"
157.48.12.159 - - [06/Jun/2017:04:43:01 +0530] "GET /images/spacer.gif HTTP/1.1" 200 43 "http://www.cdmindia.gov.in/project_details_view.php?id=609" "Mozilla/5.0 (Windows NT 6.1) AppleWebKit/537.36 (KHTML, like Gecko) Chrome/58.0.3029.110 Safari/537.36"
157.48.12.159 - - [06/Jun/2017:04:43:01 +0530] "GET /images/bulllet2.gif HTTP/1.1" 200 58 "http://www.cdmindia.gov.in/project_details_view.php?id=609" "Mozilla/5.0 (Windows NT 6.1) AppleWebKit/537.36 (KHTML, like Gecko) Chrome/58.0.3029.110 Safari/537.36"
157.48.12.159 - - [06/Jun/2017:04:43:01 +0530] "GET /images/bullet4.gif HTTP/1.1" 200 67 "http://www.cdmindia.gov.in/project_details_view.php?id=609" "Mozilla/5.0 (Windows NT 6.1) AppleWebKit/537.36 (KHTML, like Gecko) Chrome/58.0.3029.110 Safari/537.36"
157.48.12.159 - - [06/Jun/2017:04:43:01 +0530] "GET /images/img2.jpg HTTP/1.1" 200 16276 "http://www.cdmindia.gov.in/project_details_view.php?id=609" "Mozilla/5.0 (Windows NT 6.1) AppleWebKit/537.36 (KHTML, like Gecko) Chrome/58.0.3029.110 Safari/537.36"
157.48.12.159 - - [06/Jun/2017:04:43:01 +0530] "GET /images/img3.jpg HTTP/1.1" 200 26957 "http://www.cdmindia.gov.in/project_details_view.php?id=609" "Mozilla/5.0 (Windows NT 6.1) AppleWebKit/537.36 (KHTML, like Gecko) Chrome/58.0.3029.110 Safari/537.36"
157.48.12.159 - - [06/Jun/2017:04:43:01 +0530] "GET /images/fdm.jpg HTTP/1.1" 200 2043 "http://www.cdmindia.gov.in/project_details_view.php?id=609" "Mozilla/5.0 (Windows NT 6.1) AppleWebKit/537.36 (KHTML, like Gecko) Chrome/58.0.3029.110 Safari/537.36"
157.48.12.159 - - [06/Jun/2017:04:43:01 +0530] "GET /images/gtz.jpg HTTP/1.1" 200 15484 "http://www.cdmindia.gov.in/project_details_view.php?id=609" "Mozilla/5.0 (Windows NT 6.1) AppleWebKit/537.36 (KHTML, like Gecko) Chrome/58.0.3029.110 Safari/537.36"
157.48.12.159 - - [06/Jun/2017:04:43:02 +0530] "GET /images/img1.jpg HTTP/1.1" 200 1251 "http://www.cdmindia.gov.in/project_details_view.php?id=609" "Mozilla/5.0 (Windows NT 6.1) AppleWebKit/537.36 (KHTML, like Gecko) Chrome/58.0.3029.110 Safari/537.36"
157.48.12.159 - - [06/Jun/2017:04:43:02 +0530] "GET /images/fbg.jpg HTTP/1.1" 200 325 "http://www.cdmindia.gov.in/project_details_view.php?id=609" "Mozilla/5.0 (Windows NT 6.1) AppleWebKit/537.36 (KHTML, like Gecko) Chrome/58.0.3029.110 Safari/537.36"
217.182.132.175 - - [06/Jun/2017:04:43:02 +0530] "GET /aboutus.php HTTP/1.1" 200 19597 "-" "Mozilla/5.0 (compatible; AhrefsBot/5.2; +http://ahrefs.com/robot/)"
157.48.12.159 - - [06/Jun/2017:04:43:02 +0530] "GET /favicon.ico HTTP/1.1" 200 1189 "http://www.cdmindia.gov.in/project_details_view.php?id=609" "Mozilla/5.0 (Windows NT 6.1) AppleWebKit/537.36 (KHTML, like Gecko) Chrome/58.0.3029.110 Safari/537.36"
66.249.79.129 - - [06/Jun/2017:04:45:26 +0530] "GET /project_details_view.php?id=1666&oid=1&page=12&reporttype=1 HTTP/1.1" 200 13903 "-" "Mozilla/5.0 (compatible; Googlebot/2.1; +http://www.google.com/bot.html)"
125.78.221.247 - - [06/Jun/2017:04:59:28 +0530] "GET / HTTP/1.0" 200 19480 "http://cdmindia.gov.in/" "Mozilla/4.0 (compatible; MSIE 6.0; Windows NT 5.1; SV1; .NET CLR 2.0.50727)"
66.249.79.129 - - [06/Jun/2017:05:01:17 +0530] "GET /Approved_proj_reports_list_details.php?id=1&reporttype=1&scale=Small&sdt=&edt=&exec=&page=16 HTTP/1.1" 200 17337 "-" "Mozilla/5.0 (compatible; Googlebot/2.1; +http://www.google.com/bot.html)"
40.77.167.85 - - [06/Jun/2017:05:02:04 +0530] "GET /project_details_view.php?id=2108 HTTP/1.1" 200 13972 "-" "Mozilla/5.0 (compatible; bingbot/2.0; +http://www.bing.com/bingbot.htm)"
66.249.79.129 - - [06/Jun/2017:05:03:08 +0530] "GET /project_details_view.php?id=1357 HTTP/1.1" 200 14159 "-" "Mozilla/5.0 (compatible; Googlebot/2.1; +http://www.google.com/bot.html)"
40.77.167.85 - - [06/Jun/2017:05:04:30 +0530] "GET /detail_news.php?id=20 HTTP/1.1" 302 18266 "-" "Mozilla/5.0 (compatible; bingbot/2.0; +http://www.bing.com/bingbot.htm)"
40.77.167.85 - - [06/Jun/2017:05:04:32 +0530] "GET /logout.php HTTP/1.1" 302 369 "-" "Mozilla/5.0 (compatible; bingbot/2.0; +http://www.bing.com/bingbot.htm)"
40.77.167.85 - - [06/Jun/2017:05:04:33 +0530] "GET /index.php HTTP/1.1" 200 19480 "-" "Mozilla/5.0 (compatible; bingbot/2.0; +http://www.bing.com/bingbot.htm)"
169.149.192.168 - - [06/Jun/2017:05:05:00 +0530] "GET /project_details_view.php?id=930 HTTP/1.1" 200 16544 "https://www.google.co.in/" "Mozilla/5.0 (Linux; Android 6.0.1; LS-4505 Build/MMB29M) AppleWebKit/537.36 (KHTML, like Gecko) Chrome/56.0.2924.87 Mobile Safari/537.36"
35.184.189.105 - - [06/Jun/2017:05:05:15 +0530] "GET /robots.txt HTTP/1.1" 404 208 "-" "ltx71 - (http://ltx71.com/)"
35.184.189.105 - - [06/Jun/2017:05:06:00 +0530] "GET /imp_links.php HTTP/1.1" 200 17834 "-" "ltx71 - (http://ltx71.com/)"
169.149.192.168 - - [06/Jun/2017:05:06:05 +0530] "GET /sitemap.php HTTP/1.1" 200 18469 "http://www.cdmindia.gov.in/project_details_view.php?id=930" "Mozilla/5.0 (Linux; Android 6.0.1; LS-4505 Build/MMB29M) AppleWebKit/537.36 (KHTML, like Gecko) Chrome/56.0.2924.87 Mobile Safari/537.36"
169.149.192.168 - - [06/Jun/2017:05:06:05 +0530] "GET /images/login.jpg HTTP/1.1" 200 1044 "http://www.cdmindia.gov.in/sitemap.php" "Mozilla/5.0 (Linux; Android 6.0.1; LS-4505 Build/MMB29M) AppleWebKit/537.36 (KHTML, like Gecko) Chrome/56.0.2924.87 Mobile Safari/537.36"
169.149.192.168 - - [06/Jun/2017:05:06:05 +0530] "GET /images/bullet3.gif HTTP/1.1" 200 58 "http://www.cdmindia.gov.in/sitemap.php" "Mozilla/5.0 (Linux; Android 6.0.1; LS-4505 Build/MMB29M) AppleWebKit/537.36 (KHTML, like Gecko) Chrome/56.0.2924.87 Mobile Safari/537.36"
169.149.192.168 - - [06/Jun/2017:05:06:05 +0530] "GET /images/fe.jpg HTTP/1.1" 200 1429 "http://www.cdmindia.gov.in/sitemap.php" "Mozilla/5.0 (Linux; Android 6.0.1; LS-4505 Build/MMB29M) AppleWebKit/537.36 (KHTML, like Gecko) Chrome/56.0.2924.87 Mobile Safari/537.36"
169.149.192.168 - - [06/Jun/2017:05:06:05 +0530] "GET /images/login1.jpg HTTP/1.1" 200 618 "http://www.cdmindia.gov.in/sitemap.php" "Mozilla/5.0 (Linux; Android 6.0.1; LS-4505 Build/MMB29M) AppleWebKit/537.36 (KHTML, like Gecko) Chrome/56.0.2924.87 Mobile Safari/537.36"
169.149.192.168 - - [06/Jun/2017:05:06:05 +0530] "GET /images/h_sitemap.jpg HTTP/1.1" 200 21569 "http://www.cdmindia.gov.in/sitemap.php" "Mozilla/5.0 (Linux; Android 6.0.1; LS-4505 Build/MMB29M) AppleWebKit/537.36 (KHTML, like Gecko) Chrome/56.0.2924.87 Mobile Safari/537.36"
169.149.192.168 - - [06/Jun/2017:05:06:11 +0530] "GET /project_details_view.php?id=930 HTTP/1.1" 200 16544 "https://www.google.co.in/" "Mozilla/5.0 (Linux; Android 6.0.1; LS-4505 Build/MMB29M) AppleWebKit/537.36 (KHTML, like Gecko) Chrome/56.0.2924.87 Mobile Safari/537.36"
90.57.7.122 - - [06/Jun/2017:05:08:48 +0530] "GET /robots.txt HTTP/1.1" 404 208 "-" "Java/1.8.0_101"
66.249.79.133 - - [06/Jun/2017:05:09:37 +0530] "GET /project_details_view.php?id=1637&oid=1&page=12&reporttype=1 HTTP/1.1" 200 14440 "-" "Mozilla/5.0 (compatible; Googlebot/2.1; +http://www.google.com/bot.html)"
202.46.58.189 - - [06/Jun/2017:05:10:36 +0530] "GET /project_details_view_report.php?id=748 HTTP/1.1" 200 13290 "-" "Mozilla/5.0 (Windows NT 10.0; WOW64) AppleWebKit/537.36 (KHTML, like Gecko) Chrome/45.0.2454.93 Safari/537.36"
41.83.38.28 - - [06/Jun/2017:05:10:42 +0530] "GET / HTTP/1.1" 200 19480 "-" "Mozilla/4.0 (compatible; MSIE 5.0; Windows NT; DigExt; DTS Agent"
216.244.66.248 - - [06/Jun/2017:05:13:36 +0530] "GET /robots.txt HTTP/1.1" 404 208 "-" "Mozilla/5.0 (compatible; DotBot/1.1; http://www.opensiteexplorer.org/dotbot, help@moz.com)"
40.77.167.85 - - [06/Jun/2017:05:15:26 +0530] "GET /downloads/Carbon%20Market%20Roadmap.pdf HTTP/1.1" 200 4344697 "-" "Mozilla/5.0 (compatible; bingbot/2.0; +http://www.bing.com/bingbot.htm)"
35.184.189.105 - - [06/Jun/2017:05:15:38 +0530] "GET /robots.txt HTTP/1.1" 404 208 "-" "ltx71 - (http://ltx71.com/)"
66.249.79.131 - - [06/Jun/2017:05:17:02 +0530] "GET /project_details_view.php?id=105&oid=1&page=88&reporttype=1 HTTP/1.1" 200 14282 "-" "Mozilla/5.0 (compatible; Googlebot/2.1; +http://www.google.com/bot.html)"
40.77.167.151 - - [06/Jun/2017:05:20:18 +0530] "GET /project_details_view.php?id=894 HTTP/1.1" 200 15169 "-" "Mozilla/5.0 (compatible; bingbot/2.0; +http://www.bing.com/bingbot.htm)"
41.83.38.28 - - [06/Jun/2017:05:26:36 +0530] "GET /aboutus.php HTTP/1.1" 200 19597 "-" "Mozilla/4.0 (compatible; MSIE 5.0; Windows NT; DigExt; DTS Agent"
41.83.38.28 - - [06/Jun/2017:05:26:37 +0530] "GET /contactus.php HTTP/1.1" 200 18292 "-" "Mozilla/4.0 (compatible; MSIE 5.0; Windows NT; DigExt; DTS Agent"
141.8.142.74 - - [06/Jun/2017:05:27:55 +0530] "GET /project_details_view_report.php?id=1030 HTTP/1.1" 200 13160 "-" "Mozilla/5.0 (compatible; YandexBot/3.0; +http://yandex.com/bots)"
123.125.71.116 - - [06/Jun/2017:05:29:19 +0530] "GET /downloads/Template_sharing%202Percent.doc HTTP/1.1" 200 73728 "-" "Mozilla/5.0 (compatible; Baiduspider/2.0; +http://www.baidu.com/search/spider.html)"
37.48.68.247 - - [06/Jun/2017:05:30:57 +0530] "GET / HTTP/1.0" 200 19480 "http://www.cdmindia.gov.in/" "Mozilla/4.0 (compatible; MSIE 6.0; Windows NT 5.1; SV1; .NET CLR 2.0.50727)"
66.249.79.129 - - [06/Jun/2017:05:35:45 +0530] "GET /project_details_view_report.php?id=287 HTTP/1.1" 200 13185 "-" "Mozilla/5.0 (compatible; Googlebot/2.1; +http://www.google.com/bot.html)"
157.55.39.239 - - [06/Jun/2017:05:38:56 +0530] "GET /downloads/New%20PCN.doc HTTP/1.1" 200 435200 "-" "Mozilla/5.0 (compatible; bingbot/2.0; +http://www.bing.com/bingbot.htm)"
216.244.66.248 - - [06/Jun/2017:05:39:33 +0530] "GET /future_projects.php HTTP/1.1" 302 26210 "-" "Mozilla/5.0 (compatible; DotBot/1.1; http://www.opensiteexplorer.org/dotbot, help@moz.com)"
216.244.66.196 - - [06/Jun/2017:05:46:44 +0530] "GET /registration.php HTTP/1.1" 302 28529 "-" "Mozilla/5.0 (compatible; DotBot/1.1; http://www.opensiteexplorer.org/dotbot, help@moz.com)"
66.249.79.131 - - [06/Jun/2017:05:48:55 +0530] "GET /project_details_view.php?id=102&oid=1&page=88&reporttype=1 HTTP/1.1" 200 14179 "-" "Mozilla/5.0 (compatible; Googlebot/2.1; +http://www.google.com/bot.html)"
66.249.79.133 - - [06/Jun/2017:05:49:07 +0530] "GET /project_details_view.php?id=1693&oid=1&page=12&reporttype=1 HTTP/1.1" 200 14434 "-" "Mozilla/5.0 (compatible; Googlebot/2.1; +http://www.google.com/bot.html)"
40.77.167.151 - - [06/Jun/2017:05:51:24 +0530] "GET /constitution.php HTTP/1.1" 200 23669 "-" "Mozilla/5.0 (compatible; bingbot/2.0; +http://www.bing.com/bingbot.htm)"
35.184.189.105 - - [06/Jun/2017:05:52:18 +0530] "GET /robots.txt HTTP/1.1" 404 208 "-" "ltx71 - (http://ltx71.com/)"
35.184.189.105 - - [06/Jun/2017:05:52:46 +0530] "GET /index.php HTTP/1.1" 200 19480 "-" "ltx71 - (http://ltx71.com/)"
54.173.165.103 - - [06/Jun/2017:05:53:27 +0530] "GET / HTTP/1.1" 200 19480 "-" "Mozilla/5.0 (X11; Linux x86_64) AppleWebKit/537.36 (KHTML, like Gecko) Chrome/43.0.2357.134 Safari/537.36 http://notifyninja.com/monitoring"
66.249.79.129 - - [06/Jun/2017:05:55:46 +0530] "GET /project_details_view.php?id=1635&oid=1&page=12&reporttype=1 HTTP/1.1" 200 14215 "-" "Mozilla/5.0 (compatible; Googlebot/2.1; +http://www.google.com/bot.html)"
40.77.167.151 - - [06/Jun/2017:05:57:50 +0530] "GET /downloads/Template_sharing%202Percent.doc HTTP/1.1" 200 73728 "-" "Mozilla/5.0 (compatible; bingbot/2.0; +http://www.bing.com/bingbot.htm)"
40.77.167.85 - - [06/Jun/2017:05:58:56 +0530] "GET /project_details_view.php?id=2082 HTTP/1.1" 200 17232 "-" "Mozilla/5.0 (compatible; bingbot/2.0; +http://www.bing.com/bingbot.htm)"
35.184.189.105 - - [06/Jun/2017:05:59:21 +0530] "GET /robots.txt HTTP/1.1" 404 208 "-" "ltx71 - (http://ltx71.com/)"
40.77.167.85 - - [06/Jun/2017:05:59:57 +0530] "GET /news_more.php HTTP/1.1" 200 21061 "-" "Mozilla/5.0 (compatible; bingbot/2.0; +http://www.bing.com/bingbot.htm)"
35.184.189.105 - - [06/Jun/2017:06:03:41 +0530] "GET /robots.txt HTTP/1.1" 404 208 "-" "ltx71 - (http://ltx71.com/)"
35.184.189.105 - - [06/Jun/2017:06:04:22 +0530] "GET /registration.php HTTP/1.1" 302 28529 "-" "ltx71 - (http://ltx71.com/)"
180.76.15.150 - - [06/Jun/2017:06:07:02 +0530] "GET / HTTP/1.1" 200 19480 "-" "Mozilla/5.0 (compatible; Baiduspider/2.0; +http://www.baidu.com/search/spider.html)"
202.46.51.180 - - [06/Jun/2017:06:07:07 +0530] "GET /project_details_view_report.php?id=1353 HTTP/1.1" 200 13415 "-" "Mozilla/5.0 (Windows NT 10.0; WOW64) AppleWebKit/537.36 (KHTML, like Gecko) Chrome/45.0.2454.93 Safari/537.36"
66.249.79.131 - - [06/Jun/2017:06:09:34 +0530] "GET /Approved_proj_reports_list_details.php?id=1&reporttype=1&scale=&sdt=&edt=&exec=&page=85 HTTP/1.1" 200 17350 "-" "Mozilla/5.0 (compatible; Googlebot/2.1; +http://www.google.com/bot.html)"
103.229.124.123 - - [06/Jun/2017:06:16:46 +0530] "GET / HTTP/1.1" 200 19480 "-" "-"
103.229.124.123 - - [06/Jun/2017:06:16:50 +0530] "GET /xmlrpc.php HTTP/1.1" 404 208 "-" "-"
103.229.124.123 - - [06/Jun/2017:06:16:50 +0530] "HEAD /wp-login.php HTTP/1.1" 404 - "-" "-"
47.247.9.76 - - [06/Jun/2017:06:18:13 +0530] "GET /includes/ncdma.css HTTP/1.1" 200 13023 "https://www.google.co.in/" "Mozilla/5.0 (Linux; Android 5.1.1; SM-J200G Build/LMY47X) AppleWebKit/537.36 (KHTML, like Gecko) Chrome/50.0.2661.89 Mobile Safari/537.36"
47.247.9.76 - - [06/Jun/2017:06:18:13 +0530] "GET /Scripts/AC_RunActiveContent.js HTTP/1.1" 200 8321 "https://www.google.co.in/" "Mozilla/5.0 (Linux; Android 5.1.1; SM-J200G Build/LMY47X) AppleWebKit/537.36 (KHTML, like Gecko) Chrome/50.0.2661.89 Mobile Safari/537.36"
47.247.9.76 - - [06/Jun/2017:06:18:13 +0530] "GET /project_details_view.php?id=1069 HTTP/1.1" 200 14654 "https://www.google.co.in/" "Mozilla/5.0 (Linux; Android 5.1.1; SM-J200G Build/LMY47X) AppleWebKit/537.36 (KHTML, like Gecko) Chrome/50.0.2661.89 Mobile Safari/537.36"
47.247.9.76 - - [06/Jun/2017:06:18:13 +0530] "GET /ncdma.css HTTP/1.1" 200 12640 "https://www.google.co.in/" "Mozilla/5.0 (Linux; Android 5.1.1; SM-J200G Build/LMY47X) AppleWebKit/537.36 (KHTML, like Gecko) Chrome/50.0.2661.89 Mobile Safari/537.36"
47.247.9.76 - - [06/Jun/2017:06:18:14 +0530] "GET /images/img1.jpg HTTP/1.1" 200 1251 "http://www.cdmindia.gov.in/project_details_view.php?id=1069" "Mozilla/5.0 (Linux; Android 5.1.1; SM-J200G Build/LMY47X) AppleWebKit/537.36 (KHTML, like Gecko) Chrome/50.0.2661.89 Mobile Safari/537.36"
47.247.9.76 - - [06/Jun/2017:06:18:14 +0530] "GET /images/img2.jpg HTTP/1.1" 200 16276 "http://www.cdmindia.gov.in/project_details_view.php?id=1069" "Mozilla/5.0 (Linux; Android 5.1.1; SM-J200G Build/LMY47X) AppleWebKit/537.36 (KHTML, like Gecko) Chrome/50.0.2661.89 Mobile Safari/537.36"
47.247.9.76 - - [06/Jun/2017:06:18:14 +0530] "GET /images/img3.jpg HTTP/1.1" 200 26957 "http://www.cdmindia.gov.in/project_details_view.php?id=1069" "Mozilla/5.0 (Linux; Android 5.1.1; SM-J200G Build/LMY47X) AppleWebKit/537.36 (KHTML, like Gecko) Chrome/50.0.2661.89 Mobile Safari/537.36"
47.247.9.76 - - [06/Jun/2017:06:18:14 +0530] "GET /images/spacer.gif HTTP/1.1" 200 43 "http://www.cdmindia.gov.in/project_details_view.php?id=1069" "Mozilla/5.0 (Linux; Android 5.1.1; SM-J200G Build/LMY47X) AppleWebKit/537.36 (KHTML, like Gecko) Chrome/50.0.2661.89 Mobile Safari/537.36"
47.247.9.76 - - [06/Jun/2017:06:18:14 +0530] "GET /images/bullet1.gif HTTP/1.1" 200 67 "http://www.cdmindia.gov.in/project_details_view.php?id=1069" "Mozilla/5.0 (Linux; Android 5.1.1; SM-J200G Build/LMY47X) AppleWebKit/537.36 (KHTML, like Gecko) Chrome/50.0.2661.89 Mobile Safari/537.36"
122.161.169.192 - - [06/Jun/2017:06:18:15 +0530] "GET /project_details_view.php?id=133 HTTP/1.1" 200 14808 "https://www.bing.com/search?q=ongc%20green%20initiatives&pivot=web&mkt=en-IN&setlang=en-GB&input=1" "Mozilla/5.0 (Mobile; Windows Phone 8.1; Android 4.0; ARM; Trident/7.0; Touch; rv:11.0; IEMobile/11.0; NOKIA; Lumia 630 Dual SIM) like iPhone OS 7_0_3 Mac OS X AppleWebKit/537 (KHTML, like Gecko) Mobile Safari/537"
122.161.169.192 - - [06/Jun/2017:06:18:15 +0530] "GET /includes/ncdma.css HTTP/1.1" 200 13023 "https://www.bing.com/search?q=ongc%20green%20initiatives&pivot=web&mkt=en-IN&setlang=en-GB&input=1" "Mozilla/5.0 (Mobile; Windows Phone 8.1; Android 4.0; ARM; Trident/7.0; Touch; rv:11.0; IEMobile/11.0; NOKIA; Lumia 630 Dual SIM) like iPhone OS 7_0_3 Mac OS X AppleWebKit/537 (KHTML, like Gecko) Mobile Safari/537"
122.161.169.192 - - [06/Jun/2017:06:18:15 +0530] "GET /images/bullet1.gif HTTP/1.1" 200 67 "https://www.bing.com/search?q=ongc%20green%20initiatives&pivot=web&mkt=en-IN&setlang=en-GB&input=1" "Mozilla/5.0 (Mobile; Windows Phone 8.1; Android 4.0; ARM; Trident/7.0; Touch; rv:11.0; IEMobile/11.0; NOKIA; Lumia 630 Dual SIM) like iPhone OS 7_0_3 Mac OS X AppleWebKit/537 (KHTML, like Gecko) Mobile Safari/537"
122.161.169.192 - - [06/Jun/2017:06:18:15 +0530] "GET /images/img2.jpg HTTP/1.1" 200 16276 "https://www.bing.com/search?q=ongc%20green%20initiatives&pivot=web&mkt=en-IN&setlang=en-GB&input=1" "Mozilla/5.0 (Mobile; Windows Phone 8.1; Android 4.0; ARM; Trident/7.0; Touch; rv:11.0; IEMobile/11.0; NOKIA; Lumia 630 Dual SIM) like iPhone OS 7_0_3 Mac OS X AppleWebKit/537 (KHTML, like Gecko) Mobile Safari/537"
122.161.169.192 - - [06/Jun/2017:06:18:15 +0530] "GET /ncdma.css HTTP/1.1" 200 12640 "https://www.bing.com/search?q=ongc%20green%20initiatives&pivot=web&mkt=en-IN&setlang=en-GB&input=1" "Mozilla/5.0 (Mobile; Windows Phone 8.1; Android 4.0; ARM; Trident/7.0; Touch; rv:11.0; IEMobile/11.0; NOKIA; Lumia 630 Dual SIM) like iPhone OS 7_0_3 Mac OS X AppleWebKit/537 (KHTML, like Gecko) Mobile Safari/537"
122.161.169.192 - - [06/Jun/2017:06:18:15 +0530] "GET /images/spacer.gif HTTP/1.1" 200 43 "https://www.bing.com/search?q=ongc%20green%20initiatives&pivot=web&mkt=en-IN&setlang=en-GB&input=1" "Mozilla/5.0 (Mobile; Windows Phone 8.1; Android 4.0; ARM; Trident/7.0; Touch; rv:11.0; IEMobile/11.0; NOKIA; Lumia 630 Dual SIM) like iPhone OS 7_0_3 Mac OS X AppleWebKit/537 (KHTML, like Gecko) Mobile Safari/537"
122.161.169.192 - - [06/Jun/2017:06:18:15 +0530] "GET /Scripts/AC_RunActiveContent.js HTTP/1.1" 200 8321 "https://www.bing.com/search?q=ongc%20green%20initiatives&pivot=web&mkt=en-IN&setlang=en-GB&input=1" "Mozilla/5.0 (Mobile; Windows Phone 8.1; Android 4.0; ARM; Trident/7.0; Touch; rv:11.0; IEMobile/11.0; NOKIA; Lumia 630 Dual SIM) like iPhone OS 7_0_3 Mac OS X AppleWebKit/537 (KHTML, like Gecko) Mobile Safari/537"
122.161.169.192 - - [06/Jun/2017:06:18:15 +0530] "GET /images/bulllet2.gif HTTP/1.1" 200 58 "https://www.bing.com/search?q=ongc%20green%20initiatives&pivot=web&mkt=en-IN&setlang=en-GB&input=1" "Mozilla/5.0 (Mobile; Windows Phone 8.1; Android 4.0; ARM; Trident/7.0; Touch; rv:11.0; IEMobile/11.0; NOKIA; Lumia 630 Dual SIM) like iPhone OS 7_0_3 Mac OS X AppleWebKit/537 (KHTML, like Gecko) Mobile Safari/537"
122.161.169.192 - - [06/Jun/2017:06:18:15 +0530] "GET /images/img3.jpg HTTP/1.1" 200 26957 "https://www.bing.com/search?q=ongc%20green%20initiatives&pivot=web&mkt=en-IN&setlang=en-GB&input=1" "Mozilla/5.0 (Mobile; Windows Phone 8.1; Android 4.0; ARM; Trident/7.0; Touch; rv:11.0; IEMobile/11.0; NOKIA; Lumia 630 Dual SIM) like iPhone OS 7_0_3 Mac OS X AppleWebKit/537 (KHTML, like Gecko) Mobile Safari/537"
122.161.169.192 - - [06/Jun/2017:06:18:15 +0530] "GET /images/fdm.jpg HTTP/1.1" 200 2043 "https://www.bing.com/search?q=ongc%20green%20initiatives&pivot=web&mkt=en-IN&setlang=en-GB&input=1" "Mozilla/5.0 (Mobile; Windows Phone 8.1; Android 4.0; ARM; Trident/7.0; Touch; rv:11.0; IEMobile/11.0; NOKIA; Lumia 630 Dual SIM) like iPhone OS 7_0_3 Mac OS X AppleWebKit/537 (KHTML, like Gecko) Mobile Safari/537"
122.161.169.192 - - [06/Jun/2017:06:18:15 +0530] "GET /images/gtz.jpg HTTP/1.1" 200 15484 "https://www.bing.com/search?q=ongc%20green%20initiatives&pivot=web&mkt=en-IN&setlang=en-GB&input=1" "Mozilla/5.0 (Mobile; Windows Phone 8.1; Android 4.0; ARM; Trident/7.0; Touch; rv:11.0; IEMobile/11.0; NOKIA; Lumia 630 Dual SIM) like iPhone OS 7_0_3 Mac OS X AppleWebKit/537 (KHTML, like Gecko) Mobile Safari/537"
122.161.169.192 - - [06/Jun/2017:06:18:15 +0530] "GET /images/bullet4.gif HTTP/1.1" 200 67 "https://www.bing.com/search?q=ongc%20green%20initiatives&pivot=web&mkt=en-IN&setlang=en-GB&input=1" "Mozilla/5.0 (Mobile; Windows Phone 8.1; Android 4.0; ARM; Trident/7.0; Touch; rv:11.0; IEMobile/11.0; NOKIA; Lumia 630 Dual SIM) like iPhone OS 7_0_3 Mac OS X AppleWebKit/537 (KHTML, like Gecko) Mobile Safari/537"
122.161.169.192 - - [06/Jun/2017:06:18:15 +0530] "GET /images/fbg.jpg HTTP/1.1" 200 325 "https://www.bing.com/search?q=ongc%20green%20initiatives&pivot=web&mkt=en-IN&setlang=en-GB&input=1" "Mozilla/5.0 (Mobile; Windows Phone 8.1; Android 4.0; ARM; Trident/7.0; Touch; rv:11.0; IEMobile/11.0; NOKIA; Lumia 630 Dual SIM) like iPhone OS 7_0_3 Mac OS X AppleWebKit/537 (KHTML, like Gecko) Mobile Safari/537"
122.161.169.192 - - [06/Jun/2017:06:18:15 +0530] "GET /images/img1.jpg HTTP/1.1" 200 1251 "https://www.bing.com/search?q=ongc%20green%20initiatives&pivot=web&mkt=en-IN&setlang=en-GB&input=1" "Mozilla/5.0 (Mobile; Windows Phone 8.1; Android 4.0; ARM; Trident/7.0; Touch; rv:11.0; IEMobile/11.0; NOKIA; Lumia 630 Dual SIM) like iPhone OS 7_0_3 Mac OS X AppleWebKit/537 (KHTML, like Gecko) Mobile Safari/537"
40.77.167.151 - - [06/Jun/2017:06:19:10 +0530] "GET /downloads/Template_sharing%202Percent.doc HTTP/1.1" 200 73728 "-" "Mozilla/5.0 (compatible; bingbot/2.0; +http://www.bing.com/bingbot.htm)"
47.247.9.76 - - [06/Jun/2017:06:20:22 +0530] "GET /favicon.ico HTTP/1.1" 200 1189 "http://www.cdmindia.gov.in/project_details_view.php?id=1069" "Mozilla/5.0 (Linux; Android 5.1.1; SM-J200G Build/LMY47X) AppleWebKit/537.36 (KHTML, like Gecko) Chrome/50.0.2661.89 Mobile Safari/537.36"
66.249.79.129 - - [06/Jun/2017:06:21:52 +0530] "GET /detail_past_events.php?id=1 HTTP/1.1" 302 17805 "-" "Mozilla/5.0 (compatible; Googlebot/2.1; +http://www.google.com/bot.html)"
66.249.79.131 - - [06/Jun/2017:06:21:53 +0530] "GET /logout.php HTTP/1.1" 302 369 "-" "Mozilla/5.0 (compatible; Googlebot/2.1; +http://www.google.com/bot.html)"
66.249.79.131 - - [06/Jun/2017:06:21:54 +0530] "GET /index.php HTTP/1.1" 200 19480 "-" "Mozilla/5.0 (compatible; Googlebot/2.1; +http://www.google.com/bot.html)"
40.77.167.151 - - [06/Jun/2017:06:22:15 +0530] "GET /detail_events.php?id= HTTP/1.1" 302 16738 "-" "Mozilla/5.0 (compatible; bingbot/2.0; +http://www.bing.com/bingbot.htm)"
40.77.167.151 - - [06/Jun/2017:06:22:17 +0530] "GET /logout.php HTTP/1.1" 302 369 "-" "Mozilla/5.0 (compatible; bingbot/2.0; +http://www.bing.com/bingbot.htm)"
40.77.167.151 - - [06/Jun/2017:06:22:18 +0530] "GET /index.php HTTP/1.1" 200 19480 "-" "Mozilla/5.0 (compatible; bingbot/2.0; +http://www.bing.com/bingbot.htm)"
40.77.167.151 - - [06/Jun/2017:06:25:02 +0530] "GET /sitemap.php HTTP/1.1" 200 18469 "-" "Mozilla/5.0 (compatible; bingbot/2.0; +http://www.bing.com/bingbot.htm)"
66.249.79.133 - - [06/Jun/2017:06:25:27 +0530] "GET /project_details_view.php?id=34 HTTP/1.1" 200 14089 "-" "Mozilla/5.0 (compatible; Googlebot/2.1; +http://www.google.com/bot.html)"
202.46.51.104 - - [06/Jun/2017:06:26:05 +0530] "GET /project_details_view.php?id=853 HTTP/1.1" 200 15054 "-" "Mozilla/5.0 (Windows NT 10.0; WOW64) AppleWebKit/537.36 (KHTML, like Gecko) Chrome/45.0.2454.93 Safari/537.36"
66.249.79.131 - - [06/Jun/2017:06:27:46 +0530] "GET /project_details_view.php?id=352 HTTP/1.1" 200 14627 "-" "Mozilla/5.0 (compatible; Googlebot/2.1; +http://www.google.com/bot.html)"
157.55.39.98 - - [06/Jun/2017:06:28:19 +0530] "GET /project_details_view.php?id=273 HTTP/1.1" 200 13971 "-" "Mozilla/5.0 (compatible; bingbot/2.0; +http://www.bing.com/bingbot.htm)"
141.8.142.74 - - [06/Jun/2017:06:28:20 +0530] "GET /project_details_view_report.php?id=1200 HTTP/1.1" 200 13212 "-" "Mozilla/5.0 (compatible; YandexBot/3.0; +http://yandex.com/bots)"
35.184.189.105 - - [06/Jun/2017:06:28:26 +0530] "GET /robots.txt HTTP/1.1" 404 208 "-" "ltx71 - (http://ltx71.com/)"
40.77.167.85 - - [06/Jun/2017:06:31:41 +0530] "GET /project_details_view.php?id=427 HTTP/1.1" 200 14467 "-" "Mozilla/5.0 (compatible; bingbot/2.0; +http://www.bing.com/bingbot.htm)"
40.77.167.151 - - [06/Jun/2017:06:35:44 +0530] "GET /project_details_view_report.php?id=1309 HTTP/1.1" 200 13260 "-" "Mozilla/5.0 (iPhone; CPU iPhone OS 7_0 like Mac OS X) AppleWebKit/537.51.1 (KHTML, like Gecko) Version/7.0 Mobile/11A465 Safari/9537.53 (compatible; bingbot/2.0; +http://www.bing.com/bingbot.htm)"
211.0.145.107 - - [06/Jun/2017:06:35:59 +0530] "GET / HTTP/1.1" 200 19480 "-" "Mozilla/5.0 (Windows NT 5.1; rv:6.0.2) Gecko/20100101 Firefox/6.0.2"
40.77.167.151 - - [06/Jun/2017:06:36:19 +0530] "GET /imp_links.php HTTP/1.1" 200 17834 "-" "Mozilla/5.0 (compatible; bingbot/2.0; +http://www.bing.com/bingbot.htm)"
35.184.189.105 - - [06/Jun/2017:06:37:50 +0530] "GET /robots.txt HTTP/1.1" 404 208 "-" "ltx71 - (http://ltx71.com/)"
35.184.189.105 - - [06/Jun/2017:06:40:19 +0530] "GET /robots.txt HTTP/1.1" 404 208 "-" "ltx71 - (http://ltx71.com/)"
180.76.15.19 - - [06/Jun/2017:06:43:04 +0530] "GET / HTTP/1.1" 200 19480 "-" "Mozilla/5.0 (compatible; Baiduspider/2.0; +http://www.baidu.com/search/spider.html)"
