42.107.175.154 - - [24/Jun/2017:11:22:17 +0530] "GET /images/img2.jpg HTTP/1.1" 200 16276 "http://www.cdmindia.gov.in/project_details_view.php?id=679" "Mozilla/5.0 (Linux; Android 6.0; Lenovo K50a40 Build/MRA58K) AppleWebKit/537.36 (KHTML, like Gecko) Chrome/57.0.2987.132 Mobile Safari/537.36"
42.107.175.154 - - [24/Jun/2017:11:22:18 +0530] "GET /favicon.ico HTTP/1.1" 200 1189 "http://www.cdmindia.gov.in/project_details_view.php?id=679" "Mozilla/5.0 (Linux; Android 6.0; Lenovo K50a40 Build/MRA58K) AppleWebKit/537.36 (KHTML, like Gecko) Chrome/57.0.2987.132 Mobile Safari/537.36"
157.55.39.84 - - [24/Jun/2017:11:23:42 +0530] "GET /project_details_view.php?id=683 HTTP/1.1" 200 13968 "-" "Mozilla/5.0 (iPhone; CPU iPhone OS 7_0 like Mac OS X) AppleWebKit/537.51.1 (KHTML, like Gecko) Version/7.0 Mobile/11A465 Safari/9537.53 (compatible; bingbot/2.0; +http://www.bing.com/bingbot.htm)"
47.247.12.12 - - [24/Jun/2017:11:25:18 +0530] "GET /project_details_view.php?id=889 HTTP/1.1" 200 14456 "https://www.google.co.in/" "Mozilla/5.0 (Windows NT 6.1) AppleWebKit/537.36 (KHTML, like Gecko) Chrome/58.0.3029.110 Safari/537.36"
47.247.12.12 - - [24/Jun/2017:11:25:18 +0530] "GET /includes/ncdma.css HTTP/1.1" 200 13023 "http://www.cdmindia.gov.in/project_details_view.php?id=889" "Mozilla/5.0 (Windows NT 6.1) AppleWebKit/537.36 (KHTML, like Gecko) Chrome/58.0.3029.110 Safari/537.36"
47.247.12.12 - - [24/Jun/2017:11:25:18 +0530] "GET /Scripts/AC_RunActiveContent.js HTTP/1.1" 200 8321 "http://www.cdmindia.gov.in/project_details_view.php?id=889" "Mozilla/5.0 (Windows NT 6.1) AppleWebKit/537.36 (KHTML, like Gecko) Chrome/58.0.3029.110 Safari/537.36"
47.247.12.12 - - [24/Jun/2017:11:25:18 +0530] "GET /ncdma.css HTTP/1.1" 200 12640 "http://www.cdmindia.gov.in/project_details_view.php?id=889" "Mozilla/5.0 (Windows NT 6.1) AppleWebKit/537.36 (KHTML, like Gecko) Chrome/58.0.3029.110 Safari/537.36"
47.247.12.12 - - [24/Jun/2017:11:25:19 +0530] "GET /images/img2.jpg HTTP/1.1" 200 16276 "http://www.cdmindia.gov.in/project_details_view.php?id=889" "Mozilla/5.0 (Windows NT 6.1) AppleWebKit/537.36 (KHTML, like Gecko) Chrome/58.0.3029.110 Safari/537.36"
47.247.12.12 - - [24/Jun/2017:11:25:19 +0530] "GET /images/img1.jpg HTTP/1.1" 200 1251 "http://www.cdmindia.gov.in/project_details_view.php?id=889" "Mozilla/5.0 (Windows NT 6.1) AppleWebKit/537.36 (KHTML, like Gecko) Chrome/58.0.3029.110 Safari/537.36"
47.247.12.12 - - [24/Jun/2017:11:25:19 +0530] "GET /images/bullet1.gif HTTP/1.1" 200 67 "http://www.cdmindia.gov.in/project_details_view.php?id=889" "Mozilla/5.0 (Windows NT 6.1) AppleWebKit/537.36 (KHTML, like Gecko) Chrome/58.0.3029.110 Safari/537.36"
47.247.12.12 - - [24/Jun/2017:11:25:19 +0530] "GET /images/bulllet2.gif HTTP/1.1" 200 58 "http://www.cdmindia.gov.in/project_details_view.php?id=889" "Mozilla/5.0 (Windows NT 6.1) AppleWebKit/537.36 (KHTML, like Gecko) Chrome/58.0.3029.110 Safari/537.36"
47.247.12.12 - - [24/Jun/2017:11:25:19 +0530] "GET /images/img3.jpg HTTP/1.1" 200 26957 "http://www.cdmindia.gov.in/project_details_view.php?id=889" "Mozilla/5.0 (Windows NT 6.1) AppleWebKit/537.36 (KHTML, like Gecko) Chrome/58.0.3029.110 Safari/537.36"
47.247.12.12 - - [24/Jun/2017:11:25:19 +0530] "GET /images/bullet4.gif HTTP/1.1" 200 67 "http://www.cdmindia.gov.in/project_details_view.php?id=889" "Mozilla/5.0 (Windows NT 6.1) AppleWebKit/537.36 (KHTML, like Gecko) Chrome/58.0.3029.110 Safari/537.36"
47.247.12.12 - - [24/Jun/2017:11:25:19 +0530] "GET /images/fdm.jpg HTTP/1.1" 200 2043 "http://www.cdmindia.gov.in/project_details_view.php?id=889" "Mozilla/5.0 (Windows NT 6.1) AppleWebKit/537.36 (KHTML, like Gecko) Chrome/58.0.3029.110 Safari/537.36"
47.247.12.12 - - [24/Jun/2017:11:25:19 +0530] "GET /images/gtz.jpg HTTP/1.1" 200 15484 "http://www.cdmindia.gov.in/project_details_view.php?id=889" "Mozilla/5.0 (Windows NT 6.1) AppleWebKit/537.36 (KHTML, like Gecko) Chrome/58.0.3029.110 Safari/537.36"
47.247.12.12 - - [24/Jun/2017:11:25:19 +0530] "GET /images/fbg.jpg HTTP/1.1" 200 325 "http://www.cdmindia.gov.in/project_details_view.php?id=889" "Mozilla/5.0 (Windows NT 6.1) AppleWebKit/537.36 (KHTML, like Gecko) Chrome/58.0.3029.110 Safari/537.36"
47.247.12.12 - - [24/Jun/2017:11:26:21 +0530] "GET /favicon.ico HTTP/1.1" 200 1189 "http://www.cdmindia.gov.in/project_details_view.php?id=889" "Mozilla/5.0 (Windows NT 6.1) AppleWebKit/537.36 (KHTML, like Gecko) Chrome/58.0.3029.110 Safari/537.36"
66.249.69.83 - - [24/Jun/2017:11:26:36 +0530] "GET /project_details_view_report.php?id=1125 HTTP/1.1" 200 13373 "-" "Mozilla/5.0 (compatible; Googlebot/2.1; +http://www.google.com/bot.html)"
66.102.6.115 - - [24/Jun/2017:11:27:21 +0530] "GET /project_details_view_report.php?id=1371 HTTP/1.1" 200 13157 "https://www.google.co.in/" "Mozilla/5.0 (Linux; Android 4.2.1; en-us; Nexus 5 Build/JOP40D) AppleWebKit/535.19 (KHTML, like Gecko; googleweblight) Chrome/38.0.1025.166 Mobile Safari/535.19"
66.249.79.17 - - [24/Jun/2017:11:30:07 +0530] "GET /project_details_view.php?id=172&oid=1&page=84&reporttype=1 HTTP/1.1" 200 14917 "-" "Mozilla/5.0 (compatible; Googlebot/2.1; +http://www.google.com/bot.html)"
202.46.50.88 - - [24/Jun/2017:11:32:39 +0530] "GET /project_details_view_report.php?id=288 HTTP/1.1" 200 13108 "-" "Mozilla/5.0 (Windows NT 10.0; WOW64) AppleWebKit/537.36 (KHTML, like Gecko) Chrome/45.0.2454.93 Safari/537.36"
157.55.39.239 - - [24/Jun/2017:11:32:49 +0530] "GET /project_details_view.php?id=484 HTTP/1.1" 200 15535 "-" "Mozilla/5.0 (iPhone; CPU iPhone OS 7_0 like Mac OS X) AppleWebKit/537.51.1 (KHTML, like Gecko) Version/7.0 Mobile/11A465 Safari/9537.53 (compatible; bingbot/2.0; +http://www.bing.com/bingbot.htm)"
110.169.249.218 - - [24/Jun/2017:11:35:00 +0530] "GET /wp-login.php HTTP/1.1" 404 210 "-" "Mozilla/5.0 (Windows NT 6.1; WOW64; rv:40.0) Gecko/20100101 Firefox/40.1"
110.169.249.218 - - [24/Jun/2017:11:35:00 +0530] "GET / HTTP/1.1" 200 19482 "-" "Mozilla/5.0 (Windows NT 6.1; WOW64; rv:40.0) Gecko/20100101 Firefox/40.1"
66.249.79.15 - - [24/Jun/2017:11:35:06 +0530] "GET /reports_list_details.php?id=pnjuzahme&reporttype=&page=38 HTTP/1.1" 200 22502 "-" "Mozilla/5.0 (compatible; Googlebot/2.1; +http://www.google.com/bot.html)"
123.125.67.162 - - [24/Jun/2017:11:41:56 +0530] "GET /robots.txt HTTP/1.1" 404 208 "-" "Mozilla/5.0 (Windows NT 10.0; WOW64) AppleWebKit/537.36 (KHTML, like Gecko) Chrome/45.0.2454.93 Safari/537.36"
157.55.39.239 - - [24/Jun/2017:11:43:22 +0530] "GET /project_details_view.php?id=1106 HTTP/1.1" 200 13991 "-" "Mozilla/5.0 (compatible; bingbot/2.0; +http://www.bing.com/bingbot.htm)"
207.46.13.27 - - [24/Jun/2017:11:43:55 +0530] "GET /project_details_view.php?id=1186 HTTP/1.1" 200 16736 "-" "Mozilla/5.0 (compatible; bingbot/2.0; +http://www.bing.com/bingbot.htm)"
220.181.108.119 - - [24/Jun/2017:11:44:27 +0530] "GET /uploads/341706507Note%20on%20status%20of%20gas%20supply%20agreement.pdf HTTP/1.1" 200 1025838 "-" "Mozilla/5.0 (compatible; Baiduspider/2.0; +http://www.baidu.com/search/spider.html)"
66.249.79.19 - - [24/Jun/2017:11:45:27 +0530] "GET /reports_list_details.php?id=pnjuzahme&reporttype=&page=57 HTTP/1.1" 200 21974 "-" "Mozilla/5.0 (compatible; Googlebot/2.1; +http://www.google.com/bot.html)"
66.249.79.19 - - [24/Jun/2017:11:46:09 +0530] "GET /reports_list_details.php?id=pnjuzahme&reporttype=&page=53 HTTP/1.1" 200 21698 "-" "Mozilla/5.0 (compatible; Googlebot/2.1; +http://www.google.com/bot.html)"
8.37.235.43 - - [24/Jun/2017:11:47:20 +0530] "GET /project_details_view.php?id=1731 HTTP/1.1" 200 14115 "http://www.google.co.in/search?site=webhp&ei=mANOWZ7tDMffvgS-irb4Dw&q=mini+hydro+projects+company+himachal+pradesh&oq=mini+hydro+projects+company+himachal+pradesh&gs_l=mobile-gws-serp.12...16017.27763.0.29169.18.17.1.0.0.0.442.4588.2-16j0j1.17.0....0...1.1.64.mobile-gws-serp..3.9.2455...0i13k1j0i7i30k1j0i13i30k1j0i30k1j0i8i13i30k1.HuxrIwSKCoY" "Mozilla/5.0 (Linux; U; Android 5.1.1; en-US; vivo Y21L Build/LMY47V) AppleWebKit/534.30 (KHTML, like Gecko) Version/4.0 UCBrowser/11.3.0.950 U3/0.8.0 Mobile Safari/534.30"
8.37.235.43 - - [24/Jun/2017:11:47:21 +0530] "GET /images/bullet4.gif HTTP/1.1" 304 - "http://www.cdmindia.gov.in/project_details_view.php?id=1731" "Mozilla/5.0 (Linux; U; Android 5.1.1; en-US; vivo Y21L Build/LMY47V) AppleWebKit/534.30 (KHTML, like Gecko) Version/4.0 UCBrowser/11.3.0.950 U3/0.8.0 Mobile Safari/534.30"
8.37.235.43 - - [24/Jun/2017:11:47:21 +0530] "GET /images/gtz.jpg HTTP/1.1" 200 15484 "http://www.cdmindia.gov.in/project_details_view.php?id=1731" "Mozilla/5.0 (Linux; U; Android 5.1.1; en-US; vivo Y21L Build/LMY47V) AppleWebKit/534.30 (KHTML, like Gecko) Version/4.0 UCBrowser/11.3.0.950 U3/0.8.0 Mobile Safari/534.30"
8.37.235.43 - - [24/Jun/2017:11:47:21 +0530] "GET /images/spacer.gif HTTP/1.1" 304 - "http://www.cdmindia.gov.in/project_details_view.php?id=1731" "Mozilla/5.0 (Linux; U; Android 5.1.1; en-US; vivo Y21L Build/LMY47V) AppleWebKit/534.30 (KHTML, like Gecko) Version/4.0 UCBrowser/11.3.0.950 U3/0.8.0 Mobile Safari/534.30"
8.37.235.43 - - [24/Jun/2017:11:47:21 +0530] "GET /includes/ncdma.css HTTP/1.1" 200 13023 "http://www.cdmindia.gov.in/project_details_view.php?id=1731" "Mozilla/5.0 (Linux; U; Android 5.1.1; en-US; vivo Y21L Build/LMY47V) AppleWebKit/534.30 (KHTML, like Gecko) Version/4.0 UCBrowser/11.3.0.950 U3/0.8.0 Mobile Safari/534.30"
8.37.235.43 - - [24/Jun/2017:11:47:21 +0530] "GET /images/img2.jpg HTTP/1.1" 304 - "http://www.cdmindia.gov.in/project_details_view.php?id=1731" "Mozilla/5.0 (Linux; U; Android 5.1.1; en-US; vivo Y21L Build/LMY47V) AppleWebKit/534.30 (KHTML, like Gecko) Version/4.0 UCBrowser/11.3.0.950 U3/0.8.0 Mobile Safari/534.30"
8.37.235.43 - - [24/Jun/2017:11:47:21 +0530] "GET /images/bullet1.gif HTTP/1.1" 304 - "http://www.cdmindia.gov.in/project_details_view.php?id=1731" "Mozilla/5.0 (Linux; U; Android 5.1.1; en-US; vivo Y21L Build/LMY47V) AppleWebKit/534.30 (KHTML, like Gecko) Version/4.0 UCBrowser/11.3.0.950 U3/0.8.0 Mobile Safari/534.30"
8.37.235.43 - - [24/Jun/2017:11:47:21 +0530] "GET /ncdma.css HTTP/1.1" 200 12640 "http://www.cdmindia.gov.in/project_details_view.php?id=1731" "Mozilla/5.0 (Linux; U; Android 5.1.1; en-US; vivo Y21L Build/LMY47V) AppleWebKit/534.30 (KHTML, like Gecko) Version/4.0 UCBrowser/11.3.0.950 U3/0.8.0 Mobile Safari/534.30"
8.37.235.43 - - [24/Jun/2017:11:47:21 +0530] "GET /Scripts/AC_RunActiveContent.js HTTP/1.1" 304 - "http://www.cdmindia.gov.in/project_details_view.php?id=1731" "Mozilla/5.0 (Linux; U; Android 5.1.1; en-US; vivo Y21L Build/LMY47V) AppleWebKit/534.30 (KHTML, like Gecko) Version/4.0 UCBrowser/11.3.0.950 U3/0.8.0 Mobile Safari/534.30"
8.37.235.43 - - [24/Jun/2017:11:47:21 +0530] "GET /images/img3.jpg HTTP/1.1" 304 - "http://www.cdmindia.gov.in/project_details_view.php?id=1731" "Mozilla/5.0 (Linux; U; Android 5.1.1; en-US; vivo Y21L Build/LMY47V) AppleWebKit/534.30 (KHTML, like Gecko) Version/4.0 UCBrowser/11.3.0.950 U3/0.8.0 Mobile Safari/534.30"
8.37.235.43 - - [24/Jun/2017:11:47:21 +0530] "GET /images/bulllet2.gif HTTP/1.1" 304 - "http://www.cdmindia.gov.in/project_details_view.php?id=1731" "Mozilla/5.0 (Linux; U; Android 5.1.1; en-US; vivo Y21L Build/LMY47V) AppleWebKit/534.30 (KHTML, like Gecko) Version/4.0 UCBrowser/11.3.0.950 U3/0.8.0 Mobile Safari/534.30"
8.37.235.43 - - [24/Jun/2017:11:47:21 +0530] "GET /images/fdm.jpg HTTP/1.1" 304 - "http://www.cdmindia.gov.in/project_details_view.php?id=1731" "Mozilla/5.0 (Linux; U; Android 5.1.1; en-US; vivo Y21L Build/LMY47V) AppleWebKit/534.30 (KHTML, like Gecko) Version/4.0 UCBrowser/11.3.0.950 U3/0.8.0 Mobile Safari/534.30"
8.37.235.43 - - [24/Jun/2017:11:47:22 +0530] "GET /images/img1.jpg HTTP/1.1" 304 - "http://www.cdmindia.gov.in/project_details_view.php?id=1731" "Mozilla/5.0 (Linux; U; Android 5.1.1; en-US; vivo Y21L Build/LMY47V) AppleWebKit/534.30 (KHTML, like Gecko) Version/4.0 UCBrowser/11.3.0.950 U3/0.8.0 Mobile Safari/534.30"
8.37.235.43 - - [24/Jun/2017:11:47:23 +0530] "GET /images/favicon.ico HTTP/1.1" 200 1406 "http://www.cdmindia.gov.in/project_details_view.php?id=1731" "Mozilla/5.0 (Linux; U; Android 5.1.1; en-US; vivo Y21L Build/LMY47V) AppleWebKit/534.30 (KHTML, like Gecko) Version/4.0 UCBrowser/11.3.0.950 U3/0.8.0 Mobile Safari/534.30"
14.139.94.1 - - [24/Jun/2017:11:47:59 +0530] "GET /includes/ncdma.css HTTP/1.1" 200 13023 "http://www.cdmindia.gov.in/" "Mozilla/5.0 (Windows NT 6.1) AppleWebKit/537.36 (KHTML, like Gecko) Chrome/58.0.3029.110 Safari/537.36"
14.139.94.1 - - [24/Jun/2017:11:47:59 +0530] "GET /js/base64_encode.js HTTP/1.1" 200 3002 "http://www.cdmindia.gov.in/" "Mozilla/5.0 (Windows NT 6.1) AppleWebKit/537.36 (KHTML, like Gecko) Chrome/58.0.3029.110 Safari/537.36"
14.139.94.1 - - [24/Jun/2017:11:47:59 +0530] "GET /ncdma.css HTTP/1.1" 200 12640 "http://www.cdmindia.gov.in/" "Mozilla/5.0 (Windows NT 6.1) AppleWebKit/537.36 (KHTML, like Gecko) Chrome/58.0.3029.110 Safari/537.36"
14.139.94.1 - - [24/Jun/2017:11:47:59 +0530] "GET /Scripts/AC_RunActiveContent.js HTTP/1.1" 200 8321 "http://www.cdmindia.gov.in/" "Mozilla/5.0 (Windows NT 6.1) AppleWebKit/537.36 (KHTML, like Gecko) Chrome/58.0.3029.110 Safari/537.36"
14.139.94.1 - - [24/Jun/2017:11:47:59 +0530] "GET /js/md5.js HTTP/1.1" 200 13194 "http://www.cdmindia.gov.in/" "Mozilla/5.0 (Windows NT 6.1) AppleWebKit/537.36 (KHTML, like Gecko) Chrome/58.0.3029.110 Safari/537.36"
14.139.94.1 - - [24/Jun/2017:11:47:59 +0530] "GET / HTTP/1.1" 200 19482 "https://www.google.co.in/" "Mozilla/5.0 (Windows NT 6.1) AppleWebKit/537.36 (KHTML, like Gecko) Chrome/58.0.3029.110 Safari/537.36"
14.139.94.1 - - [24/Jun/2017:11:48:00 +0530] "GET /images/img2.jpg HTTP/1.1" 200 16276 "http://www.cdmindia.gov.in/" "Mozilla/5.0 (Windows NT 6.1) AppleWebKit/537.36 (KHTML, like Gecko) Chrome/58.0.3029.110 Safari/537.36"
14.139.94.1 - - [24/Jun/2017:11:48:00 +0530] "GET /images/spacer.gif HTTP/1.1" 200 43 "http://www.cdmindia.gov.in/" "Mozilla/5.0 (Windows NT 6.1) AppleWebKit/537.36 (KHTML, like Gecko) Chrome/58.0.3029.110 Safari/537.36"
14.139.94.1 - - [24/Jun/2017:11:48:00 +0530] "GET /images/bulllet2.gif HTTP/1.1" 200 58 "http://www.cdmindia.gov.in/" "Mozilla/5.0 (Windows NT 6.1) AppleWebKit/537.36 (KHTML, like Gecko) Chrome/58.0.3029.110 Safari/537.36"
14.139.94.1 - - [24/Jun/2017:11:48:00 +0530] "GET /images/bullet1.gif HTTP/1.1" 200 67 "http://www.cdmindia.gov.in/" "Mozilla/5.0 (Windows NT 6.1) AppleWebKit/537.36 (KHTML, like Gecko) Chrome/58.0.3029.110 Safari/537.36"
14.139.94.1 - - [24/Jun/2017:11:48:01 +0530] "GET /images/img1.jpg HTTP/1.1" 200 1251 "http://www.cdmindia.gov.in/" "Mozilla/5.0 (Windows NT 6.1) AppleWebKit/537.36 (KHTML, like Gecko) Chrome/58.0.3029.110 Safari/537.36"
14.139.94.1 - - [24/Jun/2017:11:48:01 +0530] "GET /images/login.jpg HTTP/1.1" 200 1044 "http://www.cdmindia.gov.in/" "Mozilla/5.0 (Windows NT 6.1) AppleWebKit/537.36 (KHTML, like Gecko) Chrome/58.0.3029.110 Safari/537.36"
14.139.94.1 - - [24/Jun/2017:11:48:01 +0530] "GET /images/login1.jpg HTTP/1.1" 200 618 "http://www.cdmindia.gov.in/" "Mozilla/5.0 (Windows NT 6.1) AppleWebKit/537.36 (KHTML, like Gecko) Chrome/58.0.3029.110 Safari/537.36"
14.139.94.1 - - [24/Jun/2017:11:48:01 +0530] "GET /images/bullet3.gif HTTP/1.1" 200 58 "http://www.cdmindia.gov.in/" "Mozilla/5.0 (Windows NT 6.1) AppleWebKit/537.36 (KHTML, like Gecko) Chrome/58.0.3029.110 Safari/537.36"
14.139.94.1 - - [24/Jun/2017:11:48:01 +0530] "GET /images/fdm.jpg HTTP/1.1" 200 2043 "http://www.cdmindia.gov.in/" "Mozilla/5.0 (Windows NT 6.1) AppleWebKit/537.36 (KHTML, like Gecko) Chrome/58.0.3029.110 Safari/537.36"
14.139.94.1 - - [24/Jun/2017:11:48:01 +0530] "GET /images/fe.jpg HTTP/1.1" 200 1429 "http://www.cdmindia.gov.in/" "Mozilla/5.0 (Windows NT 6.1) AppleWebKit/537.36 (KHTML, like Gecko) Chrome/58.0.3029.110 Safari/537.36"
14.139.94.1 - - [24/Jun/2017:11:48:01 +0530] "GET /images/bullet4.gif HTTP/1.1" 200 67 "http://www.cdmindia.gov.in/" "Mozilla/5.0 (Windows NT 6.1) AppleWebKit/537.36 (KHTML, like Gecko) Chrome/58.0.3029.110 Safari/537.36"
14.139.94.1 - - [24/Jun/2017:11:48:00 +0530] "GET /images/img3.jpg HTTP/1.1" 200 26957 "http://www.cdmindia.gov.in/" "Mozilla/5.0 (Windows NT 6.1) AppleWebKit/537.36 (KHTML, like Gecko) Chrome/58.0.3029.110 Safari/537.36"
14.139.94.1 - - [24/Jun/2017:11:48:02 +0530] "GET /images/gtz.jpg HTTP/1.1" 200 15484 "http://www.cdmindia.gov.in/" "Mozilla/5.0 (Windows NT 6.1) AppleWebKit/537.36 (KHTML, like Gecko) Chrome/58.0.3029.110 Safari/537.36"
14.139.94.1 - - [24/Jun/2017:11:48:02 +0530] "GET /images/fbg.jpg HTTP/1.1" 200 325 "http://www.cdmindia.gov.in/" "Mozilla/5.0 (Windows NT 6.1) AppleWebKit/537.36 (KHTML, like Gecko) Chrome/58.0.3029.110 Safari/537.36"
14.139.94.1 - - [24/Jun/2017:11:48:09 +0530] "GET /reports_new.php?n=1 HTTP/1.1" 200 22413 "http://www.cdmindia.gov.in/" "Mozilla/5.0 (Windows NT 6.1) AppleWebKit/537.36 (KHTML, like Gecko) Chrome/58.0.3029.110 Safari/537.36"
14.139.94.1 - - [24/Jun/2017:11:48:10 +0530] "GET /js/user_registration.js HTTP/1.1" 200 26819 "http://www.cdmindia.gov.in/reports_new.php?n=1" "Mozilla/5.0 (Windows NT 6.1) AppleWebKit/537.36 (KHTML, like Gecko) Chrome/58.0.3029.110 Safari/537.36"
14.139.94.1 - - [24/Jun/2017:11:48:11 +0530] "GET /approved_projects.php?n=1 HTTP/1.1" 200 16644 "http://www.cdmindia.gov.in/" "Mozilla/5.0 (Windows NT 6.1) AppleWebKit/537.36 (KHTML, like Gecko) Chrome/58.0.3029.110 Safari/537.36"
14.139.94.1 - - [24/Jun/2017:11:48:12 +0530] "GET /js/datepicker/latest_datepicker.css HTTP/1.1" 200 2283 "http://www.cdmindia.gov.in/approved_projects.php?n=1" "Mozilla/5.0 (Windows NT 6.1) AppleWebKit/537.36 (KHTML, like Gecko) Chrome/58.0.3029.110 Safari/537.36"
14.139.94.1 - - [24/Jun/2017:11:48:12 +0530] "GET /js/datepicker/latest_demo.css HTTP/1.1" 200 574 "http://www.cdmindia.gov.in/approved_projects.php?n=1" "Mozilla/5.0 (Windows NT 6.1) AppleWebKit/537.36 (KHTML, like Gecko) Chrome/58.0.3029.110 Safari/537.36"
14.139.94.1 - - [24/Jun/2017:11:48:12 +0530] "GET /js/datepicker/latest_date.js HTTP/1.1" 200 11986 "http://www.cdmindia.gov.in/approved_projects.php?n=1" "Mozilla/5.0 (Windows NT 6.1) AppleWebKit/537.36 (KHTML, like Gecko) Chrome/58.0.3029.110 Safari/537.36"
14.139.94.1 - - [24/Jun/2017:11:48:12 +0530] "GET /js/datepicker/latest_jquery.datePicker.js HTTP/1.1" 200 37423 "http://www.cdmindia.gov.in/approved_projects.php?n=1" "Mozilla/5.0 (Windows NT 6.1) AppleWebKit/537.36 (KHTML, like Gecko) Chrome/58.0.3029.110 Safari/537.36"
14.139.94.1 - - [24/Jun/2017:11:48:12 +0530] "GET /js/jquery.js HTTP/1.1" 200 55774 "http://www.cdmindia.gov.in/approved_projects.php?n=1" "Mozilla/5.0 (Windows NT 6.1) AppleWebKit/537.36 (KHTML, like Gecko) Chrome/58.0.3029.110 Safari/537.36"
14.139.94.1 - - [24/Jun/2017:11:48:13 +0530] "GET /js/datepicker/calendar.gif HTTP/1.1" 200 235 "http://www.cdmindia.gov.in/js/datepicker/latest_demo.css" "Mozilla/5.0 (Windows NT 6.1) AppleWebKit/537.36 (KHTML, like Gecko) Chrome/58.0.3029.110 Safari/537.36"
14.139.94.1 - - [24/Jun/2017:11:48:40 +0530] "POST /reports_new.php HTTP/1.1" 200 33140 "http://www.cdmindia.gov.in/reports_new.php?n=1" "Mozilla/5.0 (Windows NT 6.1) AppleWebKit/537.36 (KHTML, like Gecko) Chrome/58.0.3029.110 Safari/537.36"
157.55.39.84 - - [24/Jun/2017:11:48:47 +0530] "GET /project_details_view.php?id=1624&oid=13&page=1&reporttype=1 HTTP/1.1" 200 14037 "-" "Mozilla/5.0 (compatible; bingbot/2.0; +http://www.bing.com/bingbot.htm)"
14.139.94.1 - - [24/Jun/2017:11:49:10 +0530] "POST /reports_new.php HTTP/1.1" 200 23293 "http://www.cdmindia.gov.in/reports_new.php" "Mozilla/5.0 (Windows NT 6.1) AppleWebKit/537.36 (KHTML, like Gecko) Chrome/58.0.3029.110 Safari/537.36"
14.139.94.1 - - [24/Jun/2017:11:49:37 +0530] "GET / HTTP/1.1" 200 19482 "https://www.google.co.in/" "Mozilla/5.0 (Windows NT 6.1) AppleWebKit/537.36 (KHTML, like Gecko) Chrome/58.0.3029.110 Safari/537.36"
14.139.94.1 - - [24/Jun/2017:11:49:43 +0530] "GET /reports_new.php?n=1 HTTP/1.1" 200 22413 "http://www.cdmindia.gov.in/" "Mozilla/5.0 (Windows NT 6.1) AppleWebKit/537.36 (KHTML, like Gecko) Chrome/58.0.3029.110 Safari/537.36"
14.139.94.1 - - [24/Jun/2017:11:49:49 +0530] "POST /reports_new.php HTTP/1.1" 200 33140 "http://www.cdmindia.gov.in/reports_new.php?n=1" "Mozilla/5.0 (Windows NT 6.1) AppleWebKit/537.36 (KHTML, like Gecko) Chrome/58.0.3029.110 Safari/537.36"
14.139.94.1 - - [24/Jun/2017:11:50:06 +0530] "GET /future_projects.php HTTP/1.1" 200 26212 "http://www.cdmindia.gov.in/reports_new.php" "Mozilla/5.0 (Windows NT 6.1) AppleWebKit/537.36 (KHTML, like Gecko) Chrome/58.0.3029.110 Safari/537.36"
14.139.94.1 - - [24/Jun/2017:11:50:06 +0530] "GET /includes/CaptchaSecurityImages.php?width=80&height=30&characters=5 HTTP/1.1" 200 2131 "http://www.cdmindia.gov.in/future_projects.php" "Mozilla/5.0 (Windows NT 6.1) AppleWebKit/537.36 (KHTML, like Gecko) Chrome/58.0.3029.110 Safari/537.36"
14.139.94.1 - - [24/Jun/2017:11:50:06 +0530] "GET /js/future_projects.js HTTP/1.1" 200 19436 "http://www.cdmindia.gov.in/future_projects.php" "Mozilla/5.0 (Windows NT 6.1) AppleWebKit/537.36 (KHTML, like Gecko) Chrome/58.0.3029.110 Safari/537.36"
14.139.94.1 - - [24/Jun/2017:11:50:06 +0530] "GET /js/ajax_client.js HTTP/1.1" 200 20869 "http://www.cdmindia.gov.in/future_projects.php" "Mozilla/5.0 (Windows NT 6.1) AppleWebKit/537.36 (KHTML, like Gecko) Chrome/58.0.3029.110 Safari/537.36"
66.249.79.19 - - [24/Jun/2017:11:50:29 +0530] "GET /reports_list_details.php?id=pnjuzahme&reporttype=&page=61 HTTP/1.1" 200 22150 "-" "Mozilla/5.0 (compatible; Googlebot/2.1; +http://www.google.com/bot.html)"
14.139.94.1 - - [24/Jun/2017:11:50:43 +0530] "GET /approved_projects.php?n=1 HTTP/1.1" 200 16644 "http://www.cdmindia.gov.in/reports_new.php" "Mozilla/5.0 (Windows NT 6.1) AppleWebKit/537.36 (KHTML, like Gecko) Chrome/58.0.3029.110 Safari/537.36"
14.139.94.1 - - [24/Jun/2017:11:51:55 +0530] "POST /approved_projects.php HTTP/1.1" 200 23323 "http://www.cdmindia.gov.in/approved_projects.php?n=1" "Mozilla/5.0 (Windows NT 6.1) AppleWebKit/537.36 (KHTML, like Gecko) Chrome/58.0.3029.110 Safari/537.36"
14.139.94.1 - - [24/Jun/2017:11:52:07 +0530] "GET /admin_approved_projects.php?page=2 HTTP/1.1" 404 225 "http://www.cdmindia.gov.in/approved_projects.php" "Mozilla/5.0 (Windows NT 6.1) AppleWebKit/537.36 (KHTML, like Gecko) Chrome/58.0.3029.110 Safari/537.36"
14.139.94.1 - - [24/Jun/2017:11:52:11 +0530] "GET /approved_projects.php?n=1 HTTP/1.1" 200 16644 "http://www.cdmindia.gov.in/reports_new.php" "Mozilla/5.0 (Windows NT 6.1) AppleWebKit/537.36 (KHTML, like Gecko) Chrome/58.0.3029.110 Safari/537.36"
202.46.51.114 - - [24/Jun/2017:11:52:29 +0530] "GET /project_details_view.php?id=677 HTTP/1.1" 200 13972 "-" "Mozilla/5.0 (Windows NT 10.0; WOW64) AppleWebKit/537.36 (KHTML, like Gecko) Chrome/45.0.2454.93 Safari/537.36"
14.139.94.1 - - [24/Jun/2017:11:52:33 +0530] "POST /approved_projects.php HTTP/1.1" 200 21470 "http://www.cdmindia.gov.in/approved_projects.php?n=1" "Mozilla/5.0 (Windows NT 6.1) AppleWebKit/537.36 (KHTML, like Gecko) Chrome/58.0.3029.110 Safari/537.36"
14.139.94.1 - - [24/Jun/2017:11:53:47 +0530] "GET /downloads/Existing%20PCN.doc HTTP/1.1" 200 114176 "http://www.cdmindia.gov.in/approved_projects.php" "Mozilla/5.0 (Windows NT 6.1) AppleWebKit/537.36 (KHTML, like Gecko) Chrome/58.0.3029.110 Safari/537.36"
208.43.225.85 - - [24/Jun/2017:11:55:16 +0530] "GET /robots.txt HTTP/1.1" 404 208 "-" "Mozilla/5.0 (compatible; SiteExplorer/1.1b; +http://siteexplorer.info/Backlink-Checker-Spider/)"
207.46.13.27 - - [24/Jun/2017:11:55:19 +0530] "GET /project_details_view.php?id=431 HTTP/1.1" 200 14143 "-" "Mozilla/5.0 (iPhone; CPU iPhone OS 7_0 like Mac OS X) AppleWebKit/537.51.1 (KHTML, like Gecko) Version/7.0 Mobile/11A465 Safari/9537.53 (compatible; bingbot/2.0; +http://www.bing.com/bingbot.htm)"
208.43.225.85 - - [24/Jun/2017:11:55:22 +0530] "GET / HTTP/1.1" 200 19482 "-" "Mozilla/5.0 (compatible; SiteExplorer/1.1b; +http://siteexplorer.info/Backlink-Checker-Spider/)"
182.65.173.208 - - [24/Jun/2017:11:56:02 +0530] "GET /project_details_view_report.php?id=1052 HTTP/1.1" 200 13157 "http://www.google.co.in/url?sa=t&rct=j&q=&esrc=s&source=web&cd=3&ved=0ahUKEwiZoefP7NXUAhVDK48KHRsPD9cQFggzMAI&url=http%3A%2F%2Fwww.cdmindia.gov.in%2Fproject_details_view_report.php%3Fid%3D1052&usg=AFQjCNFMVUfsu9dmzAwBv_tq0sQeufpBjQ" "Mozilla/5.0 (Windows NT 6.1; Trident/7.0; rv:11.0) like Gecko"
182.65.173.208 - - [24/Jun/2017:11:56:02 +0530] "GET /includes/ncdma.css HTTP/1.1" 200 13023 "http://www.cdmindia.gov.in/project_details_view_report.php?id=1052" "Mozilla/5.0 (Windows NT 6.1; Trident/7.0; rv:11.0) like Gecko"
182.65.173.208 - - [24/Jun/2017:11:56:02 +0530] "GET /Scripts/AC_RunActiveContent.js HTTP/1.1" 200 8321 "http://www.cdmindia.gov.in/project_details_view_report.php?id=1052" "Mozilla/5.0 (Windows NT 6.1; Trident/7.0; rv:11.0) like Gecko"
182.65.173.208 - - [24/Jun/2017:11:56:02 +0530] "GET /images/img2.jpg HTTP/1.1" 200 16276 "http://www.cdmindia.gov.in/project_details_view_report.php?id=1052" "Mozilla/5.0 (Windows NT 6.1; Trident/7.0; rv:11.0) like Gecko"
182.65.173.208 - - [24/Jun/2017:11:56:02 +0530] "GET /ncdma.css HTTP/1.1" 200 12640 "http://www.cdmindia.gov.in/project_details_view_report.php?id=1052" "Mozilla/5.0 (Windows NT 6.1; Trident/7.0; rv:11.0) like Gecko"
182.65.173.208 - - [24/Jun/2017:11:56:02 +0530] "GET /images/spacer.gif HTTP/1.1" 200 43 "http://www.cdmindia.gov.in/project_details_view_report.php?id=1052" "Mozilla/5.0 (Windows NT 6.1; Trident/7.0; rv:11.0) like Gecko"
182.65.173.208 - - [24/Jun/2017:11:56:02 +0530] "GET /images/bullet1.gif HTTP/1.1" 200 67 "http://www.cdmindia.gov.in/project_details_view_report.php?id=1052" "Mozilla/5.0 (Windows NT 6.1; Trident/7.0; rv:11.0) like Gecko"
182.65.173.208 - - [24/Jun/2017:11:56:02 +0530] "GET /images/img3.jpg HTTP/1.1" 200 26957 "http://www.cdmindia.gov.in/project_details_view_report.php?id=1052" "Mozilla/5.0 (Windows NT 6.1; Trident/7.0; rv:11.0) like Gecko"
182.65.173.208 - - [24/Jun/2017:11:56:02 +0530] "GET /images/bulllet2.gif HTTP/1.1" 200 58 "http://www.cdmindia.gov.in/project_details_view_report.php?id=1052" "Mozilla/5.0 (Windows NT 6.1; Trident/7.0; rv:11.0) like Gecko"
182.65.173.208 - - [24/Jun/2017:11:56:02 +0530] "GET /images/bullet4.gif HTTP/1.1" 200 67 "http://www.cdmindia.gov.in/project_details_view_report.php?id=1052" "Mozilla/5.0 (Windows NT 6.1; Trident/7.0; rv:11.0) like Gecko"
182.65.173.208 - - [24/Jun/2017:11:56:02 +0530] "GET /images/gtz.jpg HTTP/1.1" 200 15484 "http://www.cdmindia.gov.in/project_details_view_report.php?id=1052" "Mozilla/5.0 (Windows NT 6.1; Trident/7.0; rv:11.0) like Gecko"
182.65.173.208 - - [24/Jun/2017:11:56:02 +0530] "GET /images/fdm.jpg HTTP/1.1" 200 2043 "http://www.cdmindia.gov.in/project_details_view_report.php?id=1052" "Mozilla/5.0 (Windows NT 6.1; Trident/7.0; rv:11.0) like Gecko"
182.65.173.208 - - [24/Jun/2017:11:56:02 +0530] "GET /images/fbg.jpg HTTP/1.1" 200 325 "http://www.cdmindia.gov.in/project_details_view_report.php?id=1052" "Mozilla/5.0 (Windows NT 6.1; Trident/7.0; rv:11.0) like Gecko"
182.65.173.208 - - [24/Jun/2017:11:56:02 +0530] "GET /images/img1.jpg HTTP/1.1" 200 1251 "http://www.cdmindia.gov.in/project_details_view_report.php?id=1052" "Mozilla/5.0 (Windows NT 6.1; Trident/7.0; rv:11.0) like Gecko"
182.65.173.208 - - [24/Jun/2017:11:56:03 +0530] "GET /images/favicon.ico HTTP/1.1" 200 1406 "-" "Mozilla/5.0 (Windows NT 6.1; Trident/7.0; rv:11.0) like Gecko"
107.167.116.102 - - [24/Jun/2017:11:58:51 +0530] "GET /project_details_view.php?id=300 HTTP/1.1" 200 15222 "http://www.google.co.in/search?q=lonco+fhata&btnG=&client=ms-opera-mini-android" "Opera/9.80 (Android; Opera Mini/7.5.33725/65.213; U; en) Presto/2.12.423 Version/12.16"
107.167.116.102 - - [24/Jun/2017:11:58:52 +0530] "GET /includes/ncdma.css HTTP/1.1" 200 13023 "http://www.cdmindia.gov.in/project_details_view.php?id=300" "Opera/9.80 (Android; Opera Mini/7.5.33725/65.213; U; en) Presto/2.12.423 Version/12.16"
107.167.116.102 - - [24/Jun/2017:11:58:52 +0530] "GET /images/img2.jpg HTTP/1.1" 200 16276 "http://www.cdmindia.gov.in/project_details_view.php?id=300" "Opera/9.80 (Android; Opera Mini/7.5.33725/65.213; U; en) Presto/2.12.423 Version/12.16"
107.167.116.102 - - [24/Jun/2017:11:58:52 +0530] "GET /Scripts/AC_RunActiveContent.js HTTP/1.1" 200 8321 "http://www.cdmindia.gov.in/project_details_view.php?id=300" "Opera/9.80 (Android; Opera Mini/7.5.33725/65.213; U; en) Presto/2.12.423 Version/12.16"
107.167.116.102 - - [24/Jun/2017:11:58:52 +0530] "GET /images/favicon.ico HTTP/1.1" 200 1406 "http://www.cdmindia.gov.in/project_details_view.php?id=300" "Opera/9.80 (Android; Opera Mini/7.5.33725/65.213; U; en) Presto/2.12.423 Version/12.16"
107.167.116.102 - - [24/Jun/2017:11:58:52 +0530] "GET /ncdma.css HTTP/1.1" 200 12640 "http://www.cdmindia.gov.in/project_details_view.php?id=300" "Opera/9.80 (Android; Opera Mini/7.5.33725/65.213; U; en) Presto/2.12.423 Version/12.16"
107.167.116.102 - - [24/Jun/2017:11:58:52 +0530] "GET /images/img3.jpg HTTP/1.1" 200 26957 "http://www.cdmindia.gov.in/project_details_view.php?id=300" "Opera/9.80 (Android; Opera Mini/7.5.33725/65.213; U; en) Presto/2.12.423 Version/12.16"
107.167.116.102 - - [24/Jun/2017:11:58:52 +0530] "GET /images/fdm.jpg HTTP/1.1" 200 2043 "http://www.cdmindia.gov.in/project_details_view.php?id=300" "Opera/9.80 (Android; Opera Mini/7.5.33725/65.213; U; en) Presto/2.12.423 Version/12.16"
107.167.116.102 - - [24/Jun/2017:11:58:52 +0530] "GET /images/bullet1.gif HTTP/1.1" 200 67 "http://www.cdmindia.gov.in/project_details_view.php?id=300" "Opera/9.80 (Android; Opera Mini/7.5.33725/65.213; U; en) Presto/2.12.423 Version/12.16"
107.167.116.102 - - [24/Jun/2017:11:58:52 +0530] "GET /images/spacer.gif HTTP/1.1" 200 43 "http://www.cdmindia.gov.in/project_details_view.php?id=300" "Opera/9.80 (Android; Opera Mini/7.5.33725/65.213; U; en) Presto/2.12.423 Version/12.16"
107.167.116.102 - - [24/Jun/2017:11:58:52 +0530] "GET /images/bullet4.gif HTTP/1.1" 200 67 "http://www.cdmindia.gov.in/project_details_view.php?id=300" "Opera/9.80 (Android; Opera Mini/7.5.33725/65.213; U; en) Presto/2.12.423 Version/12.16"
107.167.116.102 - - [24/Jun/2017:11:58:52 +0530] "GET /images/bulllet2.gif HTTP/1.1" 200 58 "http://www.cdmindia.gov.in/project_details_view.php?id=300" "Opera/9.80 (Android; Opera Mini/7.5.33725/65.213; U; en) Presto/2.12.423 Version/12.16"
107.167.116.102 - - [24/Jun/2017:11:58:52 +0530] "GET /images/gtz.jpg HTTP/1.1" 200 15484 "http://www.cdmindia.gov.in/project_details_view.php?id=300" "Opera/9.80 (Android; Opera Mini/7.5.33725/65.213; U; en) Presto/2.12.423 Version/12.16"
107.167.116.102 - - [24/Jun/2017:11:58:53 +0530] "GET /images/img1.jpg HTTP/1.1" 200 1251 "http://www.cdmindia.gov.in/project_details_view.php?id=300" "Opera/9.80 (Android; Opera Mini/7.5.33725/65.213; U; en) Presto/2.12.423 Version/12.16"
107.167.116.102 - - [24/Jun/2017:11:58:53 +0530] "GET /images/fbg.jpg HTTP/1.1" 200 325 "http://www.cdmindia.gov.in/project_details_view.php?id=300" "Opera/9.80 (Android; Opera Mini/7.5.33725/65.213; U; en) Presto/2.12.423 Version/12.16"
207.46.13.27 - - [24/Jun/2017:11:59:58 +0530] "GET /project_details_view.php?id=1772 HTTP/1.1" 200 14550 "-" "Mozilla/5.0 (compatible; bingbot/2.0; +http://www.bing.com/bingbot.htm)"
35.184.189.105 - - [24/Jun/2017:12:05:51 +0530] "GET /robots.txt HTTP/1.1" 404 208 "-" "ltx71 - (http://ltx71.com/)"
66.249.79.19 - - [24/Jun/2017:12:06:28 +0530] "GET /project_details_view.php?id=1951 HTTP/1.1" 200 14241 "-" "Mozilla/5.0 (compatible; Googlebot/2.1; +http://www.google.com/bot.html)"
157.55.39.84 - - [24/Jun/2017:12:07:42 +0530] "GET /project_details_view.php?id=138 HTTP/1.1" 200 14180 "-" "Mozilla/5.0 (compatible; bingbot/2.0; +http://www.bing.com/bingbot.htm)"
202.46.55.182 - - [24/Jun/2017:12:12:19 +0530] "GET /project_details_view.php?id=509 HTTP/1.1" 200 16194 "-" "Mozilla/5.0 (Windows NT 10.0; WOW64) AppleWebKit/537.36 (KHTML, like Gecko) Chrome/45.0.2454.93 Safari/537.36"
157.55.39.84 - - [24/Jun/2017:12:15:36 +0530] "GET /project_details_view.php?id=1770&oid=3&page=1&reporttype=1 HTTP/1.1" 200 14045 "-" "Mozilla/5.0 (compatible; bingbot/2.0; +http://www.bing.com/bingbot.htm)"
14.139.94.1 - - [24/Jun/2017:12:17:20 +0530] "GET /approved_projects.php?n=1 HTTP/1.1" 200 16644 "http://www.cdmindia.gov.in/reports_new.php" "Mozilla/5.0 (Windows NT 6.1) AppleWebKit/537.36 (KHTML, like Gecko) Chrome/58.0.3029.110 Safari/537.36"
14.139.94.1 - - [24/Jun/2017:12:17:32 +0530] "GET /js/index_validations.js HTTP/1.1" 200 3143 "http://www.cdmindia.gov.in/imp_links.php" "Mozilla/5.0 (Windows NT 6.1) AppleWebKit/537.36 (KHTML, like Gecko) Chrome/58.0.3029.110 Safari/537.36"
14.139.94.1 - - [24/Jun/2017:12:17:32 +0530] "GET /imp_links.php HTTP/1.1" 200 17836 "http://www.cdmindia.gov.in/approved_projects.php?n=1" "Mozilla/5.0 (Windows NT 6.1) AppleWebKit/537.36 (KHTML, like Gecko) Chrome/58.0.3029.110 Safari/537.36"
14.139.94.1 - - [24/Jun/2017:12:17:33 +0530] "GET /images/h_il.jpg HTTP/1.1" 200 22106 "http://www.cdmindia.gov.in/imp_links.php" "Mozilla/5.0 (Windows NT 6.1) AppleWebKit/537.36 (KHTML, like Gecko) Chrome/58.0.3029.110 Safari/537.36"
14.139.94.1 - - [24/Jun/2017:12:19:22 +0530] "GET / HTTP/1.1" 200 19482 "https://www.google.co.in/" "Mozilla/5.0 (Windows NT 6.1) AppleWebKit/537.36 (KHTML, like Gecko) Chrome/58.0.3029.110 Safari/537.36"
43.224.159.214 - - [24/Jun/2017:12:19:41 +0530] "GET /project_details_view.php?id=1607 HTTP/1.1" 200 14903 "https://www.google.co.in/" "Mozilla/5.0 (Windows NT 6.1) AppleWebKit/537.36 (KHTML, like Gecko) Chrome/58.0.3029.110 Safari/537.36"
43.224.159.214 - - [24/Jun/2017:12:19:41 +0530] "GET /Scripts/AC_RunActiveContent.js HTTP/1.1" 200 8321 "http://www.cdmindia.gov.in/project_details_view.php?id=1607" "Mozilla/5.0 (Windows NT 6.1) AppleWebKit/537.36 (KHTML, like Gecko) Chrome/58.0.3029.110 Safari/537.36"
43.224.159.214 - - [24/Jun/2017:12:19:41 +0530] "GET /ncdma.css HTTP/1.1" 200 12640 "http://www.cdmindia.gov.in/project_details_view.php?id=1607" "Mozilla/5.0 (Windows NT 6.1) AppleWebKit/537.36 (KHTML, like Gecko) Chrome/58.0.3029.110 Safari/537.36"
43.224.159.214 - - [24/Jun/2017:12:19:41 +0530] "GET /includes/ncdma.css HTTP/1.1" 200 13023 "http://www.cdmindia.gov.in/project_details_view.php?id=1607" "Mozilla/5.0 (Windows NT 6.1) AppleWebKit/537.36 (KHTML, like Gecko) Chrome/58.0.3029.110 Safari/537.36"
43.224.159.214 - - [24/Jun/2017:12:19:41 +0530] "GET /images/img2.jpg HTTP/1.1" 200 16276 "http://www.cdmindia.gov.in/project_details_view.php?id=1607" "Mozilla/5.0 (Windows NT 6.1) AppleWebKit/537.36 (KHTML, like Gecko) Chrome/58.0.3029.110 Safari/537.36"
43.224.159.214 - - [24/Jun/2017:12:19:42 +0530] "GET /images/bulllet2.gif HTTP/1.1" 200 58 "http://www.cdmindia.gov.in/project_details_view.php?id=1607" "Mozilla/5.0 (Windows NT 6.1) AppleWebKit/537.36 (KHTML, like Gecko) Chrome/58.0.3029.110 Safari/537.36"
43.224.159.214 - - [24/Jun/2017:12:19:42 +0530] "GET /images/bullet1.gif HTTP/1.1" 200 67 "http://www.cdmindia.gov.in/project_details_view.php?id=1607" "Mozilla/5.0 (Windows NT 6.1) AppleWebKit/537.36 (KHTML, like Gecko) Chrome/58.0.3029.110 Safari/537.36"
43.224.159.214 - - [24/Jun/2017:12:19:42 +0530] "GET /images/bullet4.gif HTTP/1.1" 200 67 "http://www.cdmindia.gov.in/project_details_view.php?id=1607" "Mozilla/5.0 (Windows NT 6.1) AppleWebKit/537.36 (KHTML, like Gecko) Chrome/58.0.3029.110 Safari/537.36"
43.224.159.214 - - [24/Jun/2017:12:19:42 +0530] "GET /images/spacer.gif HTTP/1.1" 200 43 "http://www.cdmindia.gov.in/project_details_view.php?id=1607" "Mozilla/5.0 (Windows NT 6.1) AppleWebKit/537.36 (KHTML, like Gecko) Chrome/58.0.3029.110 Safari/537.36"
43.224.159.214 - - [24/Jun/2017:12:19:42 +0530] "GET /images/img3.jpg HTTP/1.1" 200 26957 "http://www.cdmindia.gov.in/project_details_view.php?id=1607" "Mozilla/5.0 (Windows NT 6.1) AppleWebKit/537.36 (KHTML, like Gecko) Chrome/58.0.3029.110 Safari/537.36"
43.224.159.214 - - [24/Jun/2017:12:19:42 +0530] "GET /images/img1.jpg HTTP/1.1" 200 1251 "http://www.cdmindia.gov.in/project_details_view.php?id=1607" "Mozilla/5.0 (Windows NT 6.1) AppleWebKit/537.36 (KHTML, like Gecko) Chrome/58.0.3029.110 Safari/537.36"
43.224.159.214 - - [24/Jun/2017:12:19:42 +0530] "GET /images/fdm.jpg HTTP/1.1" 200 2043 "http://www.cdmindia.gov.in/project_details_view.php?id=1607" "Mozilla/5.0 (Windows NT 6.1) AppleWebKit/537.36 (KHTML, like Gecko) Chrome/58.0.3029.110 Safari/537.36"
43.224.159.214 - - [24/Jun/2017:12:19:42 +0530] "GET /images/gtz.jpg HTTP/1.1" 200 15484 "http://www.cdmindia.gov.in/project_details_view.php?id=1607" "Mozilla/5.0 (Windows NT 6.1) AppleWebKit/537.36 (KHTML, like Gecko) Chrome/58.0.3029.110 Safari/537.36"
43.224.159.214 - - [24/Jun/2017:12:19:42 +0530] "GET /images/fbg.jpg HTTP/1.1" 200 325 "http://www.cdmindia.gov.in/project_details_view.php?id=1607" "Mozilla/5.0 (Windows NT 6.1) AppleWebKit/537.36 (KHTML, like Gecko) Chrome/58.0.3029.110 Safari/537.36"
43.224.159.214 - - [24/Jun/2017:12:19:42 +0530] "GET /favicon.ico HTTP/1.1" 200 1189 "http://www.cdmindia.gov.in/project_details_view.php?id=1607" "Mozilla/5.0 (Windows NT 6.1) AppleWebKit/537.36 (KHTML, like Gecko) Chrome/58.0.3029.110 Safari/537.36"
157.55.39.84 - - [24/Jun/2017:12:21:51 +0530] "GET /project_details_view.php?id=709 HTTP/1.1" 200 13704 "-" "Mozilla/5.0 (iPhone; CPU iPhone OS 7_0 like Mac OS X) AppleWebKit/537.51.1 (KHTML, like Gecko) Version/7.0 Mobile/11A465 Safari/9537.53 (compatible; bingbot/2.0; +http://www.bing.com/bingbot.htm)"
43.224.159.214 - - [24/Jun/2017:12:21:58 +0530] "GET /project_details_view.php?id=1574 HTTP/1.1" 200 14058 "https://www.google.co.in/" "Mozilla/5.0 (Windows NT 6.1) AppleWebKit/537.36 (KHTML, like Gecko) Chrome/58.0.3029.110 Safari/537.36"
207.46.13.27 - - [24/Jun/2017:12:25:05 +0530] "GET /project_details_view.php?id=2182&oid=1&page=1&reporttype=1 HTTP/1.1" 200 14212 "-" "Mozilla/5.0 (iPhone; CPU iPhone OS 7_0 like Mac OS X) AppleWebKit/537.51.1 (KHTML, like Gecko) Version/7.0 Mobile/11A465 Safari/9537.53 (compatible; bingbot/2.0; +http://www.bing.com/bingbot.htm)"
43.224.159.214 - - [24/Jun/2017:12:26:01 +0530] "GET /project_details_view.php?id=1575 HTTP/1.1" 200 14020 "https://www.google.co.in/" "Mozilla/5.0 (Windows NT 6.1) AppleWebKit/537.36 (KHTML, like Gecko) Chrome/58.0.3029.110 Safari/537.36"
66.249.79.19 - - [24/Jun/2017:12:26:36 +0530] "GET /reports_list_details.php?id=pnjuzahme&reporttype=&page=117 HTTP/1.1" 200 21693 "-" "Mozilla/5.0 (compatible; Googlebot/2.1; +http://www.google.com/bot.html)"
207.46.13.27 - - [24/Jun/2017:12:29:00 +0530] "GET /project_details_view.php?id=723 HTTP/1.1" 200 14983 "-" "Mozilla/5.0 (iPhone; CPU iPhone OS 7_0 like Mac OS X) AppleWebKit/537.51.1 (KHTML, like Gecko) Version/7.0 Mobile/11A465 Safari/9537.53 (compatible; bingbot/2.0; +http://www.bing.com/bingbot.htm)"
64.233.173.49 - - [24/Jun/2017:12:29:24 +0530] "GET /project_details_view.php?id=1839 HTTP/1.1" 200 14071 "-" "Mozilla/5.0 (Linux; Android 6.0.1; SM-J210F Build/MMB29Q) AppleWebKit/537.36 (KHTML, like Gecko) Chrome/52.0.2743.98 Mobile Safari/537.36"
66.249.79.15 - - [24/Jun/2017:12:31:39 +0530] "GET /reports_list_details.php?id=pnjuzahme&reporttype=&page=113 HTTP/1.1" 200 21702 "-" "Mozilla/5.0 (compatible; Googlebot/2.1; +http://www.google.com/bot.html)"
49.44.49.71 - - [24/Jun/2017:12:31:53 +0530] "GET /includes/ncdma.css HTTP/1.1" 200 13023 "https://www.google.co.in/search?client=ms-android-oppo&ei=RA5OWb_LEoH_vgSM0oWgBA&q=jamanwada+kutch+gujarat&oq=jamanwada+kutch+gujarat&gs_l=mobile-gws-serp.12...11627.14194.0.15482.7.7.0.0.0.0.683.1828.0j2j2j1j0j1.6.0....0...1.1j4.64.mobile-gws-serp..3.1.306...35i39k1.Q-vs9pwKm94" "Mozilla/5.0 (Linux; Android 5.1.1; R7plusf Build/LMY47V) AppleWebKit/537.36 (KHTML, like Gecko) Chrome/58.0.3029.83 Mobile Safari/537.36"
49.44.49.71 - - [24/Jun/2017:12:31:53 +0530] "GET /Scripts/AC_RunActiveContent.js HTTP/1.1" 200 8321 "https://www.google.co.in/search?client=ms-android-oppo&ei=RA5OWb_LEoH_vgSM0oWgBA&q=jamanwada+kutch+gujarat&oq=jamanwada+kutch+gujarat&gs_l=mobile-gws-serp.12...11627.14194.0.15482.7.7.0.0.0.0.683.1828.0j2j2j1j0j1.6.0....0...1.1j4.64.mobile-gws-serp..3.1.306...35i39k1.Q-vs9pwKm94" "Mozilla/5.0 (Linux; Android 5.1.1; R7plusf Build/LMY47V) AppleWebKit/537.36 (KHTML, like Gecko) Chrome/58.0.3029.83 Mobile Safari/537.36"
49.44.49.71 - - [24/Jun/2017:12:31:53 +0530] "GET /ncdma.css HTTP/1.1" 200 12640 "https://www.google.co.in/search?client=ms-android-oppo&ei=RA5OWb_LEoH_vgSM0oWgBA&q=jamanwada+kutch+gujarat&oq=jamanwada+kutch+gujarat&gs_l=mobile-gws-serp.12...11627.14194.0.15482.7.7.0.0.0.0.683.1828.0j2j2j1j0j1.6.0....0...1.1j4.64.mobile-gws-serp..3.1.306...35i39k1.Q-vs9pwKm94" "Mozilla/5.0 (Linux; Android 5.1.1; R7plusf Build/LMY47V) AppleWebKit/537.36 (KHTML, like Gecko) Chrome/58.0.3029.83 Mobile Safari/537.36"
49.44.49.71 - - [24/Jun/2017:12:31:53 +0530] "GET /project_details_view.php?id=1387 HTTP/1.1" 200 14323 "https://www.google.co.in/" "Mozilla/5.0 (Linux; Android 5.1.1; R7plusf Build/LMY47V) AppleWebKit/537.36 (KHTML, like Gecko) Chrome/58.0.3029.83 Mobile Safari/537.36"
49.44.49.71 - - [24/Jun/2017:12:31:53 +0530] "GET /images/spacer.gif HTTP/1.1" 200 43 "http://www.cdmindia.gov.in/project_details_view.php?id=1387" "Mozilla/5.0 (Linux; Android 5.1.1; R7plusf Build/LMY47V) AppleWebKit/537.36 (KHTML, like Gecko) Chrome/58.0.3029.83 Mobile Safari/537.36"
49.44.49.71 - - [24/Jun/2017:12:31:53 +0530] "GET /images/img2.jpg HTTP/1.1" 200 16276 "http://www.cdmindia.gov.in/project_details_view.php?id=1387" "Mozilla/5.0 (Linux; Android 5.1.1; R7plusf Build/LMY47V) AppleWebKit/537.36 (KHTML, like Gecko) Chrome/58.0.3029.83 Mobile Safari/537.36"
49.44.49.71 - - [24/Jun/2017:12:31:53 +0530] "GET /images/bulllet2.gif HTTP/1.1" 200 58 "http://www.cdmindia.gov.in/project_details_view.php?id=1387" "Mozilla/5.0 (Linux; Android 5.1.1; R7plusf Build/LMY47V) AppleWebKit/537.36 (KHTML, like Gecko) Chrome/58.0.3029.83 Mobile Safari/537.36"
49.44.49.71 - - [24/Jun/2017:12:31:53 +0530] "GET /images/bullet4.gif HTTP/1.1" 200 67 "http://www.cdmindia.gov.in/project_details_view.php?id=1387" "Mozilla/5.0 (Linux; Android 5.1.1; R7plusf Build/LMY47V) AppleWebKit/537.36 (KHTML, like Gecko) Chrome/58.0.3029.83 Mobile Safari/537.36"
49.44.49.71 - - [24/Jun/2017:12:31:53 +0530] "GET /images/gtz.jpg HTTP/1.1" 200 15484 "http://www.cdmindia.gov.in/project_details_view.php?id=1387" "Mozilla/5.0 (Linux; Android 5.1.1; R7plusf Build/LMY47V) AppleWebKit/537.36 (KHTML, like Gecko) Chrome/58.0.3029.83 Mobile Safari/537.36"
49.44.49.71 - - [24/Jun/2017:12:31:53 +0530] "GET /images/fdm.jpg HTTP/1.1" 200 2043 "http://www.cdmindia.gov.in/project_details_view.php?id=1387" "Mozilla/5.0 (Linux; Android 5.1.1; R7plusf Build/LMY47V) AppleWebKit/537.36 (KHTML, like Gecko) Chrome/58.0.3029.83 Mobile Safari/537.36"
49.44.49.71 - - [24/Jun/2017:12:31:53 +0530] "GET /images/bullet1.gif HTTP/1.1" 200 67 "http://www.cdmindia.gov.in/project_details_view.php?id=1387" "Mozilla/5.0 (Linux; Android 5.1.1; R7plusf Build/LMY47V) AppleWebKit/537.36 (KHTML, like Gecko) Chrome/58.0.3029.83 Mobile Safari/537.36"
49.44.49.71 - - [24/Jun/2017:12:31:53 +0530] "GET /images/fbg.jpg HTTP/1.1" 200 325 "http://www.cdmindia.gov.in/project_details_view.php?id=1387" "Mozilla/5.0 (Linux; Android 5.1.1; R7plusf Build/LMY47V) AppleWebKit/537.36 (KHTML, like Gecko) Chrome/58.0.3029.83 Mobile Safari/537.36"
49.44.49.71 - - [24/Jun/2017:12:31:53 +0530] "GET /images/img1.jpg HTTP/1.1" 200 1251 "http://www.cdmindia.gov.in/project_details_view.php?id=1387" "Mozilla/5.0 (Linux; Android 5.1.1; R7plusf Build/LMY47V) AppleWebKit/537.36 (KHTML, like Gecko) Chrome/58.0.3029.83 Mobile Safari/537.36"
49.44.49.71 - - [24/Jun/2017:12:31:53 +0530] "GET /images/img3.jpg HTTP/1.1" 200 26957 "http://www.cdmindia.gov.in/project_details_view.php?id=1387" "Mozilla/5.0 (Linux; Android 5.1.1; R7plusf Build/LMY47V) AppleWebKit/537.36 (KHTML, like Gecko) Chrome/58.0.3029.83 Mobile Safari/537.36"
49.44.49.71 - - [24/Jun/2017:12:31:53 +0530] "GET /favicon.ico HTTP/1.1" 200 1189 "http://www.cdmindia.gov.in/project_details_view.php?id=1387" "Mozilla/5.0 (Linux; Android 5.1.1; R7plusf Build/LMY47V) AppleWebKit/537.36 (KHTML, like Gecko) Chrome/58.0.3029.83 Mobile Safari/537.36"
202.46.55.175 - - [24/Jun/2017:12:32:09 +0530] "GET /project_details_view_report.php?id=697 HTTP/1.1" 200 13234 "-" "Mozilla/5.0 (Windows NT 10.0; WOW64) AppleWebKit/537.36 (KHTML, like Gecko) Chrome/45.0.2454.93 Safari/537.36"
66.249.79.17 - - [24/Jun/2017:12:32:42 +0530] "GET /reports_list_details.php?id=pnjuzahme&reporttype=&page=116 HTTP/1.1" 200 21724 "-" "Mozilla/5.0 (compatible; Googlebot/2.1; +http://www.google.com/bot.html)"
27.97.45.172 - - [24/Jun/2017:12:33:01 +0530] "GET /project_details_view.php?id=764 HTTP/1.1" 200 15375 "http://www.google.co.in/search?q=amona+dewas+wind+power+&oq=amona+dewas+wind+power+&gs_l=mobile-heirloom-serp.12...34688.39021.0.40303.8.8.0.0.0.0.344.2382.2-3j5.8.0....0...1.1.34.mobile-heirloom-serp..7.1.334.GH-ek3_vEP4" "Mozilla/5.0 (Mobile; Windows Phone 8.1; Android 4.0; ARM; Trident/7.0; Touch; rv:11.0; IEMobile/11.0; Microsoft; Lumia 535 Dual SIM) like iPhone OS 7_0_3 Mac OS X AppleWebKit/537 (KHTML, like Gecko) Mobile Safari/537"
27.97.45.172 - - [24/Jun/2017:12:33:03 +0530] "GET /includes/ncdma.css HTTP/1.1" 200 13023 "http://www.cdmindia.gov.in/project_details_view.php?id=764" "Mozilla/5.0 (Mobile; Windows Phone 8.1; Android 4.0; ARM; Trident/7.0; Touch; rv:11.0; IEMobile/11.0; Microsoft; Lumia 535 Dual SIM) like iPhone OS 7_0_3 Mac OS X AppleWebKit/537 (KHTML, like Gecko) Mobile Safari/537"
27.97.45.172 - - [24/Jun/2017:12:33:03 +0530] "GET /images/bullet1.gif HTTP/1.1" 200 67 "http://www.cdmindia.gov.in/project_details_view.php?id=764" "Mozilla/5.0 (Mobile; Windows Phone 8.1; Android 4.0; ARM; Trident/7.0; Touch; rv:11.0; IEMobile/11.0; Microsoft; Lumia 535 Dual SIM) like iPhone OS 7_0_3 Mac OS X AppleWebKit/537 (KHTML, like Gecko) Mobile Safari/537"
27.97.45.172 - - [24/Jun/2017:12:33:04 +0530] "GET /images/bullet4.gif HTTP/1.1" 200 67 "http://www.cdmindia.gov.in/project_details_view.php?id=764" "Mozilla/5.0 (Mobile; Windows Phone 8.1; Android 4.0; ARM; Trident/7.0; Touch; rv:11.0; IEMobile/11.0; Microsoft; Lumia 535 Dual SIM) like iPhone OS 7_0_3 Mac OS X AppleWebKit/537 (KHTML, like Gecko) Mobile Safari/537"
27.97.45.172 - - [24/Jun/2017:12:33:05 +0530] "GET /Scripts/AC_RunActiveContent.js HTTP/1.1" 200 8321 "http://www.cdmindia.gov.in/project_details_view.php?id=764" "Mozilla/5.0 (Mobile; Windows Phone 8.1; Android 4.0; ARM; Trident/7.0; Touch; rv:11.0; IEMobile/11.0; Microsoft; Lumia 535 Dual SIM) like iPhone OS 7_0_3 Mac OS X AppleWebKit/537 (KHTML, like Gecko) Mobile Safari/537"
27.97.45.172 - - [24/Jun/2017:12:33:05 +0530] "GET /images/bulllet2.gif HTTP/1.1" 200 58 "http://www.cdmindia.gov.in/project_details_view.php?id=764" "Mozilla/5.0 (Mobile; Windows Phone 8.1; Android 4.0; ARM; Trident/7.0; Touch; rv:11.0; IEMobile/11.0; Microsoft; Lumia 535 Dual SIM) like iPhone OS 7_0_3 Mac OS X AppleWebKit/537 (KHTML, like Gecko) Mobile Safari/537"
27.97.45.172 - - [24/Jun/2017:12:33:06 +0530] "GET /images/spacer.gif HTTP/1.1" 200 43 "http://www.cdmindia.gov.in/project_details_view.php?id=764" "Mozilla/5.0 (Mobile; Windows Phone 8.1; Android 4.0; ARM; Trident/7.0; Touch; rv:11.0; IEMobile/11.0; Microsoft; Lumia 535 Dual SIM) like iPhone OS 7_0_3 Mac OS X AppleWebKit/537 (KHTML, like Gecko) Mobile Safari/537"
27.97.45.172 - - [24/Jun/2017:12:33:10 +0530] "GET /ncdma.css HTTP/1.1" 200 12640 "http://www.cdmindia.gov.in/project_details_view.php?id=764" "Mozilla/5.0 (Mobile; Windows Phone 8.1; Android 4.0; ARM; Trident/7.0; Touch; rv:11.0; IEMobile/11.0; Microsoft; Lumia 535 Dual SIM) like iPhone OS 7_0_3 Mac OS X AppleWebKit/537 (KHTML, like Gecko) Mobile Safari/537"
27.97.45.172 - - [24/Jun/2017:12:33:10 +0530] "GET /images/gtz.jpg HTTP/1.1" 200 15484 "http://www.cdmindia.gov.in/project_details_view.php?id=764" "Mozilla/5.0 (Mobile; Windows Phone 8.1; Android 4.0; ARM; Trident/7.0; Touch; rv:11.0; IEMobile/11.0; Microsoft; Lumia 535 Dual SIM) like iPhone OS 7_0_3 Mac OS X AppleWebKit/537 (KHTML, like Gecko) Mobile Safari/537"
27.97.45.172 - - [24/Jun/2017:12:33:13 +0530] "GET /images/fdm.jpg HTTP/1.1" 200 2043 "http://www.cdmindia.gov.in/project_details_view.php?id=764" "Mozilla/5.0 (Mobile; Windows Phone 8.1; Android 4.0; ARM; Trident/7.0; Touch; rv:11.0; IEMobile/11.0; Microsoft; Lumia 535 Dual SIM) like iPhone OS 7_0_3 Mac OS X AppleWebKit/537 (KHTML, like Gecko) Mobile Safari/537"
27.97.45.172 - - [24/Jun/2017:12:33:03 +0530] "GET /images/img3.jpg HTTP/1.1" 200 26957 "http://www.cdmindia.gov.in/project_details_view.php?id=764" "Mozilla/5.0 (Mobile; Windows Phone 8.1; Android 4.0; ARM; Trident/7.0; Touch; rv:11.0; IEMobile/11.0; Microsoft; Lumia 535 Dual SIM) like iPhone OS 7_0_3 Mac OS X AppleWebKit/537 (KHTML, like Gecko) Mobile Safari/537"
185.109.250.239 - - [24/Jun/2017:12:34:01 +0530] "GET /detail_news.php?id=3'A=0 HTTP/1.1" 200 11732 "http://www.cdmindia.gov.in/detail_news.php?id=3'A=0" "Mozilla/5.0 (Windows; U; Windows NT 5.1; pt-PT; rv:1.9.1.2) Gecko/20090729 Firefox/3.5.2 (.NET CLR 3.5.30729)"
27.97.45.172 - - [24/Jun/2017:12:33:02 +0530] "GET /images/img2.jpg HTTP/1.1" 200 16276 "http://www.cdmindia.gov.in/project_details_view.php?id=764" "Mozilla/5.0 (Mobile; Windows Phone 8.1; Android 4.0; ARM; Trident/7.0; Touch; rv:11.0; IEMobile/11.0; Microsoft; Lumia 535 Dual SIM) like iPhone OS 7_0_3 Mac OS X AppleWebKit/537 (KHTML, like Gecko) Mobile Safari/537"
122.176.238.133 - - [24/Jun/2017:12:34:23 +0530] "GET /project_details_view.php?id=257 HTTP/1.1" 200 14376 "https://www.google.co.in/" "Mozilla/5.0 (Windows NT 6.1) AppleWebKit/537.36 (KHTML, like Gecko) Chrome/58.0.3029.110 Safari/537.36"
