66.102.6.115 - - [20/Jun/2017:07:37:36 +0530] "GET /images/login.jpg HTTP/1.1" 200 1044 "http://www.cdmindia.gov.in/sitemap.php" "Mozilla/5.0 (Linux; Android 4.2.1; en-us; Nexus 5 Build/JOP40D) AppleWebKit/535.19 (KHTML, like Gecko; googleweblight) Chrome/38.0.1025.166 Mobile Safari/535.19"
66.102.6.111 - - [20/Jun/2017:07:37:36 +0530] "GET /images/h_sitemap.jpg HTTP/1.1" 200 21569 "http://www.cdmindia.gov.in/sitemap.php" "Mozilla/5.0 (Linux; Android 4.2.1; en-us; Nexus 5 Build/JOP40D) AppleWebKit/535.19 (KHTML, like Gecko; googleweblight) Chrome/38.0.1025.166 Mobile Safari/535.19"
66.102.6.115 - - [20/Jun/2017:07:37:36 +0530] "GET /images/h_sitemap.jpg HTTP/1.1" 200 21569 "http://www.cdmindia.gov.in/sitemap.php" "Mozilla/5.0 (Linux; Android 4.2.1; en-us; Nexus 5 Build/JOP40D) AppleWebKit/535.19 (KHTML, like Gecko; googleweblight) Chrome/38.0.1025.166 Mobile Safari/535.19"
40.77.167.132 - - [20/Jun/2017:07:38:24 +0530] "GET /approval_process.php HTTP/1.1" 200 25913 "-" "Mozilla/5.0 (compatible; bingbot/2.0; +http://www.bing.com/bingbot.htm)"
35.184.189.105 - - [20/Jun/2017:07:38:28 +0530] "GET /robots.txt HTTP/1.1" 404 208 "-" "ltx71 - (http://ltx71.com/)"
47.29.71.139 - - [20/Jun/2017:07:39:25 +0530] "GET / HTTP/1.1" 200 19481 "http://envfor.nic.in/major-initiatives/geac-clearances" "Mozilla/5.0 (Windows NT 6.3; Win64; x64) AppleWebKit/537.36 (KHTML, like Gecko) Chrome/58.0.3029.110 Safari/537.36"
47.29.71.139 - - [20/Jun/2017:07:39:25 +0530] "GET /includes/ncdma.css HTTP/1.1" 200 13023 "http://www.cdmindia.gov.in/" "Mozilla/5.0 (Windows NT 6.3; Win64; x64) AppleWebKit/537.36 (KHTML, like Gecko) Chrome/58.0.3029.110 Safari/537.36"
47.29.71.139 - - [20/Jun/2017:07:39:25 +0530] "GET /Scripts/AC_RunActiveContent.js HTTP/1.1" 200 8321 "http://www.cdmindia.gov.in/" "Mozilla/5.0 (Windows NT 6.3; Win64; x64) AppleWebKit/537.36 (KHTML, like Gecko) Chrome/58.0.3029.110 Safari/537.36"
47.29.71.139 - - [20/Jun/2017:07:39:25 +0530] "GET /ncdma.css HTTP/1.1" 200 12640 "http://www.cdmindia.gov.in/" "Mozilla/5.0 (Windows NT 6.3; Win64; x64) AppleWebKit/537.36 (KHTML, like Gecko) Chrome/58.0.3029.110 Safari/537.36"
47.29.71.139 - - [20/Jun/2017:07:39:25 +0530] "GET /js/md5.js HTTP/1.1" 200 13194 "http://www.cdmindia.gov.in/" "Mozilla/5.0 (Windows NT 6.3; Win64; x64) AppleWebKit/537.36 (KHTML, like Gecko) Chrome/58.0.3029.110 Safari/537.36"
47.29.71.139 - - [20/Jun/2017:07:39:25 +0530] "GET /js/base64_encode.js HTTP/1.1" 200 3002 "http://www.cdmindia.gov.in/" "Mozilla/5.0 (Windows NT 6.3; Win64; x64) AppleWebKit/537.36 (KHTML, like Gecko) Chrome/58.0.3029.110 Safari/537.36"
47.29.71.139 - - [20/Jun/2017:07:39:25 +0530] "GET /images/fdm.jpg HTTP/1.1" 200 2043 "http://www.cdmindia.gov.in/" "Mozilla/5.0 (Windows NT 6.3; Win64; x64) AppleWebKit/537.36 (KHTML, like Gecko) Chrome/58.0.3029.110 Safari/537.36"
47.29.71.139 - - [20/Jun/2017:07:39:25 +0530] "GET /images/spacer.gif HTTP/1.1" 200 43 "http://www.cdmindia.gov.in/" "Mozilla/5.0 (Windows NT 6.3; Win64; x64) AppleWebKit/537.36 (KHTML, like Gecko) Chrome/58.0.3029.110 Safari/537.36"
47.29.71.139 - - [20/Jun/2017:07:39:25 +0530] "GET /images/bullet1.gif HTTP/1.1" 200 67 "http://www.cdmindia.gov.in/" "Mozilla/5.0 (Windows NT 6.3; Win64; x64) AppleWebKit/537.36 (KHTML, like Gecko) Chrome/58.0.3029.110 Safari/537.36"
47.29.71.139 - - [20/Jun/2017:07:39:25 +0530] "GET /images/img1.jpg HTTP/1.1" 200 1251 "http://www.cdmindia.gov.in/" "Mozilla/5.0 (Windows NT 6.3; Win64; x64) AppleWebKit/537.36 (KHTML, like Gecko) Chrome/58.0.3029.110 Safari/537.36"
47.29.71.139 - - [20/Jun/2017:07:39:25 +0530] "GET /images/img2.jpg HTTP/1.1" 200 16276 "http://www.cdmindia.gov.in/" "Mozilla/5.0 (Windows NT 6.3; Win64; x64) AppleWebKit/537.36 (KHTML, like Gecko) Chrome/58.0.3029.110 Safari/537.36"
47.29.71.139 - - [20/Jun/2017:07:39:25 +0530] "GET /images/img3.jpg HTTP/1.1" 200 26957 "http://www.cdmindia.gov.in/" "Mozilla/5.0 (Windows NT 6.3; Win64; x64) AppleWebKit/537.36 (KHTML, like Gecko) Chrome/58.0.3029.110 Safari/537.36"
47.29.71.139 - - [20/Jun/2017:07:39:26 +0530] "GET /images/fe.jpg HTTP/1.1" 200 1429 "http://www.cdmindia.gov.in/" "Mozilla/5.0 (Windows NT 6.3; Win64; x64) AppleWebKit/537.36 (KHTML, like Gecko) Chrome/58.0.3029.110 Safari/537.36"
47.29.71.139 - - [20/Jun/2017:07:39:26 +0530] "GET /images/fbg.jpg HTTP/1.1" 200 325 "http://www.cdmindia.gov.in/" "Mozilla/5.0 (Windows NT 6.3; Win64; x64) AppleWebKit/537.36 (KHTML, like Gecko) Chrome/58.0.3029.110 Safari/537.36"
47.29.71.139 - - [20/Jun/2017:07:39:26 +0530] "GET /images/gtz.jpg HTTP/1.1" 200 15484 "http://www.cdmindia.gov.in/" "Mozilla/5.0 (Windows NT 6.3; Win64; x64) AppleWebKit/537.36 (KHTML, like Gecko) Chrome/58.0.3029.110 Safari/537.36"
47.29.71.139 - - [20/Jun/2017:07:39:26 +0530] "GET /images/login1.jpg HTTP/1.1" 200 618 "http://www.cdmindia.gov.in/" "Mozilla/5.0 (Windows NT 6.3; Win64; x64) AppleWebKit/537.36 (KHTML, like Gecko) Chrome/58.0.3029.110 Safari/537.36"
47.29.71.139 - - [20/Jun/2017:07:39:26 +0530] "GET /images/login.jpg HTTP/1.1" 200 1044 "http://www.cdmindia.gov.in/" "Mozilla/5.0 (Windows NT 6.3; Win64; x64) AppleWebKit/537.36 (KHTML, like Gecko) Chrome/58.0.3029.110 Safari/537.36"
47.29.71.139 - - [20/Jun/2017:07:39:26 +0530] "GET /images/bullet3.gif HTTP/1.1" 200 58 "http://www.cdmindia.gov.in/" "Mozilla/5.0 (Windows NT 6.3; Win64; x64) AppleWebKit/537.36 (KHTML, like Gecko) Chrome/58.0.3029.110 Safari/537.36"
47.29.71.139 - - [20/Jun/2017:07:39:26 +0530] "GET /images/bulllet2.gif HTTP/1.1" 200 58 "http://www.cdmindia.gov.in/" "Mozilla/5.0 (Windows NT 6.3; Win64; x64) AppleWebKit/537.36 (KHTML, like Gecko) Chrome/58.0.3029.110 Safari/537.36"
47.29.71.139 - - [20/Jun/2017:07:39:26 +0530] "GET /images/bullet4.gif HTTP/1.1" 200 67 "http://www.cdmindia.gov.in/" "Mozilla/5.0 (Windows NT 6.3; Win64; x64) AppleWebKit/537.36 (KHTML, like Gecko) Chrome/58.0.3029.110 Safari/537.36"
47.29.71.139 - - [20/Jun/2017:07:39:26 +0530] "GET /favicon.ico HTTP/1.1" 200 1189 "http://www.cdmindia.gov.in/" "Mozilla/5.0 (Windows NT 6.3; Win64; x64) AppleWebKit/537.36 (KHTML, like Gecko) Chrome/58.0.3029.110 Safari/537.36"
47.29.71.139 - - [20/Jun/2017:07:39:43 +0530] "GET /approval_process.php HTTP/1.1" 200 25913 "http://www.cdmindia.gov.in/" "Mozilla/5.0 (Windows NT 6.3; Win64; x64) AppleWebKit/537.36 (KHTML, like Gecko) Chrome/58.0.3029.110 Safari/537.36"
47.29.71.139 - - [20/Jun/2017:07:39:43 +0530] "GET /js/index_validations.js HTTP/1.1" 200 3143 "http://www.cdmindia.gov.in/approval_process.php" "Mozilla/5.0 (Windows NT 6.3; Win64; x64) AppleWebKit/537.36 (KHTML, like Gecko) Chrome/58.0.3029.110 Safari/537.36"
47.29.71.139 - - [20/Jun/2017:07:39:43 +0530] "GET /images/h_ap.jpg HTTP/1.1" 200 22346 "http://www.cdmindia.gov.in/approval_process.php" "Mozilla/5.0 (Windows NT 6.3; Win64; x64) AppleWebKit/537.36 (KHTML, like Gecko) Chrome/58.0.3029.110 Safari/537.36"
35.184.189.105 - - [20/Jun/2017:07:39:54 +0530] "GET /js/md5.js HTTP/1.1" 200 13194 "-" "ltx71 - (http://ltx71.com/)"
47.29.71.139 - - [20/Jun/2017:07:41:23 +0530] "GET /constitution.php HTTP/1.1" 200 23670 "http://www.cdmindia.gov.in/approval_process.php" "Mozilla/5.0 (Windows NT 6.3; Win64; x64) AppleWebKit/537.36 (KHTML, like Gecko) Chrome/58.0.3029.110 Safari/537.36"
47.29.71.139 - - [20/Jun/2017:07:41:23 +0530] "GET /images/h_cons.jpg HTTP/1.1" 200 21924 "http://www.cdmindia.gov.in/constitution.php" "Mozilla/5.0 (Windows NT 6.3; Win64; x64) AppleWebKit/537.36 (KHTML, like Gecko) Chrome/58.0.3029.110 Safari/537.36"
146.148.64.128 - - [20/Jun/2017:07:41:31 +0530] "GET /robots.txt HTTP/1.1" 404 208 "-" "ltx71 - (http://ltx71.com/)"
47.29.71.139 - - [20/Jun/2017:07:42:05 +0530] "GET /downloads/Carbon%20Market%20Roadmap.pdf HTTP/1.1" 200 4344697 "http://www.cdmindia.gov.in/constitution.php" "Mozilla/5.0 (Windows NT 6.3; Win64; x64) AppleWebKit/537.36 (KHTML, like Gecko) Chrome/58.0.3029.110 Safari/537.36"
47.29.71.139 - - [20/Jun/2017:07:42:05 +0530] "GET /downloads/Carbon%20Market%20Roadmap.pdf HTTP/1.1" 206 3942717 "http://www.cdmindia.gov.in/constitution.php" "Mozilla/5.0 (Windows NT 6.3; Win64; x64) AppleWebKit/537.36 (KHTML, like Gecko) Chrome/58.0.3029.110 Safari/537.36"
47.29.71.139 - - [20/Jun/2017:07:42:05 +0530] "GET /downloads/Carbon%20Market%20Roadmap.pdf HTTP/1.1" 206 980963 "http://www.cdmindia.gov.in/constitution.php" "Mozilla/5.0 (Windows NT 6.3; Win64; x64) AppleWebKit/537.36 (KHTML, like Gecko) Chrome/58.0.3029.110 Safari/537.36"
47.29.71.139 - - [20/Jun/2017:07:42:05 +0530] "GET /downloads/Carbon%20Market%20Roadmap.pdf HTTP/1.1" 206 1961924 "http://www.cdmindia.gov.in/constitution.php" "Mozilla/5.0 (Windows NT 6.3; Win64; x64) AppleWebKit/537.36 (KHTML, like Gecko) Chrome/58.0.3029.110 Safari/537.36"
47.29.71.139 - - [20/Jun/2017:07:42:05 +0530] "GET /downloads/Carbon%20Market%20Roadmap.pdf HTTP/1.1" 206 472051 "http://www.cdmindia.gov.in/constitution.php" "Mozilla/5.0 (Windows NT 6.3; Win64; x64) AppleWebKit/537.36 (KHTML, like Gecko) Chrome/58.0.3029.110 Safari/537.36"
47.29.71.139 - - [20/Jun/2017:07:42:05 +0530] "GET /downloads/Carbon%20Market%20Roadmap.pdf HTTP/1.1" 206 474882 "http://www.cdmindia.gov.in/constitution.php" "Mozilla/5.0 (Windows NT 6.3; Win64; x64) AppleWebKit/537.36 (KHTML, like Gecko) Chrome/58.0.3029.110 Safari/537.36"
47.29.71.139 - - [20/Jun/2017:07:42:05 +0530] "GET /downloads/Carbon%20Market%20Roadmap.pdf HTTP/1.1" 206 474283 "http://www.cdmindia.gov.in/constitution.php" "Mozilla/5.0 (Windows NT 6.3; Win64; x64) AppleWebKit/537.36 (KHTML, like Gecko) Chrome/58.0.3029.110 Safari/537.36"
47.29.71.139 - - [20/Jun/2017:07:42:05 +0530] "GET /downloads/Carbon%20Market%20Roadmap.pdf HTTP/1.1" 206 944036 "http://www.cdmindia.gov.in/constitution.php" "Mozilla/5.0 (Windows NT 6.3; Win64; x64) AppleWebKit/537.36 (KHTML, like Gecko) Chrome/58.0.3029.110 Safari/537.36"
47.29.71.139 - - [20/Jun/2017:07:42:06 +0530] "GET /downloads/Carbon%20Market%20Roadmap.pdf HTTP/1.1" 206 318610 "http://www.cdmindia.gov.in/constitution.php" "Mozilla/5.0 (Windows NT 6.3; Win64; x64) AppleWebKit/537.36 (KHTML, like Gecko) Chrome/58.0.3029.110 Safari/537.36"
47.29.71.139 - - [20/Jun/2017:07:42:07 +0530] "GET /downloads/Carbon%20Market%20Roadmap.pdf HTTP/1.1" 206 91537 "http://www.cdmindia.gov.in/constitution.php" "Mozilla/5.0 (Windows NT 6.3; Win64; x64) AppleWebKit/537.36 (KHTML, like Gecko) Chrome/58.0.3029.110 Safari/537.36"
47.29.71.139 - - [20/Jun/2017:07:42:07 +0530] "GET /downloads/Carbon%20Market%20Roadmap.pdf HTTP/1.1" 206 75923 "http://www.cdmindia.gov.in/constitution.php" "Mozilla/5.0 (Windows NT 6.3; Win64; x64) AppleWebKit/537.36 (KHTML, like Gecko) Chrome/58.0.3029.110 Safari/537.36"
47.29.71.139 - - [20/Jun/2017:07:42:06 +0530] "GET /downloads/Carbon%20Market%20Roadmap.pdf HTTP/1.1" 206 132093 "http://www.cdmindia.gov.in/constitution.php" "Mozilla/5.0 (Windows NT 6.3; Win64; x64) AppleWebKit/537.36 (KHTML, like Gecko) Chrome/58.0.3029.110 Safari/537.36"
40.77.167.42 - - [20/Jun/2017:07:44:09 +0530] "GET /project_details_view_report.php?id=176 HTTP/1.1" 200 13102 "-" "Mozilla/5.0 (iPhone; CPU iPhone OS 7_0 like Mac OS X) AppleWebKit/537.51.1 (KHTML, like Gecko) Version/7.0 Mobile/11A465 Safari/9537.53 (compatible; bingbot/2.0; +http://www.bing.com/bingbot.htm)"
202.46.56.63 - - [20/Jun/2017:07:45:03 +0530] "GET /project_details_view_report.php?id=325 HTTP/1.1" 200 13132 "-" "Mozilla/5.0 (Windows NT 10.0; WOW64) AppleWebKit/537.36 (KHTML, like Gecko) Chrome/45.0.2454.93 Safari/537.36"
47.29.71.139 - - [20/Jun/2017:07:45:05 +0530] "GET /images/NCDMA%20PCN%20Format%2017072009.doc HTTP/1.1" 200 114176 "http://www.cdmindia.gov.in/constitution.php" "Mozilla/5.0 (Windows NT 6.3; Win64; x64) AppleWebKit/537.36 (KHTML, like Gecko) Chrome/58.0.3029.110 Safari/537.36"
47.29.71.139 - - [20/Jun/2017:07:45:26 +0530] "GET /imp_links.php HTTP/1.1" 200 17835 "http://www.cdmindia.gov.in/constitution.php" "Mozilla/5.0 (Windows NT 6.3; Win64; x64) AppleWebKit/537.36 (KHTML, like Gecko) Chrome/58.0.3029.110 Safari/537.36"
47.29.71.139 - - [20/Jun/2017:07:45:26 +0530] "GET /images/h_il.jpg HTTP/1.1" 200 22106 "http://www.cdmindia.gov.in/imp_links.php" "Mozilla/5.0 (Windows NT 6.3; Win64; x64) AppleWebKit/537.36 (KHTML, like Gecko) Chrome/58.0.3029.110 Safari/537.36"
47.29.71.139 - - [20/Jun/2017:07:46:24 +0530] "GET /approval_process.php HTTP/1.1" 200 25913 "http://www.cdmindia.gov.in/imp_links.php" "Mozilla/5.0 (Windows NT 6.3; Win64; x64) AppleWebKit/537.36 (KHTML, like Gecko) Chrome/58.0.3029.110 Safari/537.36"
66.249.73.221 - - [20/Jun/2017:07:46:55 +0530] "GET /project_details_view_report.php?id=553 HTTP/1.1" 200 13283 "-" "Mozilla/5.0 (compatible; Googlebot/2.1; +http://www.google.com/bot.html)"
146.148.64.128 - - [20/Jun/2017:07:49:24 +0530] "GET /robots.txt HTTP/1.1" 404 208 "-" "ltx71 - (http://ltx71.com/)"
5.196.87.175 - - [20/Jun/2017:07:50:30 +0530] "GET /registration.php HTTP/1.1" 302 28530 "-" "Mozilla/5.0 (compatible; AhrefsBot/5.2; +http://ahrefs.com/robot/)"
40.77.167.132 - - [20/Jun/2017:07:50:31 +0530] "GET /approved_projects.php?n=1 HTTP/1.1" 200 16643 "-" "Mozilla/5.0 (compatible; bingbot/2.0; +http://www.bing.com/bingbot.htm)"
146.148.64.128 - - [20/Jun/2017:07:51:43 +0530] "GET /robots.txt HTTP/1.1" 404 208 "-" "ltx71 - (http://ltx71.com/)"
66.249.73.221 - - [20/Jun/2017:07:52:43 +0530] "GET /project_details_view.php?id=1239&oid=1&page=38&reporttype=1 HTTP/1.1" 200 13959 "-" "Mozilla/5.0 (compatible; Googlebot/2.1; +http://www.google.com/bot.html)"
146.148.64.128 - - [20/Jun/2017:07:55:13 +0530] "GET /robots.txt HTTP/1.1" 404 208 "-" "ltx71 - (http://ltx71.com/)"
40.77.167.35 - - [20/Jun/2017:07:56:54 +0530] "GET /images/NCDMA%20PCN%20Format%2017072009.doc HTTP/1.1" 200 114176 "-" "Mozilla/5.0 (compatible; bingbot/2.0; +http://www.bing.com/bingbot.htm)"
40.77.167.42 - - [20/Jun/2017:07:57:17 +0530] "GET /detail_news.php?id=18 HTTP/1.1" 302 18714 "-" "Mozilla/5.0 (compatible; bingbot/2.0; +http://www.bing.com/bingbot.htm)"
40.77.167.42 - - [20/Jun/2017:07:57:18 +0530] "GET /logout.php HTTP/1.1" 302 369 "-" "Mozilla/5.0 (compatible; bingbot/2.0; +http://www.bing.com/bingbot.htm)"
40.77.167.42 - - [20/Jun/2017:07:57:19 +0530] "GET /index.php HTTP/1.1" 200 19481 "-" "Mozilla/5.0 (compatible; bingbot/2.0; +http://www.bing.com/bingbot.htm)"
107.21.1.8 - - [20/Jun/2017:07:57:46 +0530] "GET / HTTP/1.1" 200 19481 "http://www.cdmindia.gov.in/" "Mozilla/5.0 (compatible; DuckDuckGo-Favicons-Bot/1.0; +http://duckduckgo.com)"
107.21.1.8 - - [20/Jun/2017:07:57:49 +0530] "GET /images/favicon.ico HTTP/1.1" 200 1406 "http://www.cdmindia.gov.in/images/favicon.ico" "Mozilla/5.0 (compatible; DuckDuckGo-Favicons-Bot/1.0; +http://duckduckgo.com)"
207.46.13.146 - - [20/Jun/2017:07:58:39 +0530] "GET / HTTP/1.1" 200 19481 "-" "Mozilla/5.0 (compatible; bingbot/2.0; +http://www.bing.com/bingbot.htm)"
183.83.227.181 - - [20/Jun/2017:08:00:43 +0530] "GET /project_details_view.php?id=1235 HTTP/1.1" 200 15047 "https://www.google.co.in/" "Mozilla/5.0 (Windows NT 6.1; Win64; x64) AppleWebKit/537.36 (KHTML, like Gecko) Chrome/58.0.3029.110 Safari/537.36"
183.83.227.181 - - [20/Jun/2017:08:00:44 +0530] "GET /includes/ncdma.css HTTP/1.1" 200 13023 "http://www.cdmindia.gov.in/project_details_view.php?id=1235" "Mozilla/5.0 (Windows NT 6.1; Win64; x64) AppleWebKit/537.36 (KHTML, like Gecko) Chrome/58.0.3029.110 Safari/537.36"
183.83.227.181 - - [20/Jun/2017:08:00:44 +0530] "GET /ncdma.css HTTP/1.1" 200 12640 "http://www.cdmindia.gov.in/project_details_view.php?id=1235" "Mozilla/5.0 (Windows NT 6.1; Win64; x64) AppleWebKit/537.36 (KHTML, like Gecko) Chrome/58.0.3029.110 Safari/537.36"
183.83.227.181 - - [20/Jun/2017:08:00:44 +0530] "GET /Scripts/AC_RunActiveContent.js HTTP/1.1" 200 8321 "http://www.cdmindia.gov.in/project_details_view.php?id=1235" "Mozilla/5.0 (Windows NT 6.1; Win64; x64) AppleWebKit/537.36 (KHTML, like Gecko) Chrome/58.0.3029.110 Safari/537.36"
183.83.227.181 - - [20/Jun/2017:08:00:44 +0530] "GET /images/img2.jpg HTTP/1.1" 200 16276 "http://www.cdmindia.gov.in/project_details_view.php?id=1235" "Mozilla/5.0 (Windows NT 6.1; Win64; x64) AppleWebKit/537.36 (KHTML, like Gecko) Chrome/58.0.3029.110 Safari/537.36"
183.83.227.181 - - [20/Jun/2017:08:00:44 +0530] "GET /images/spacer.gif HTTP/1.1" 200 43 "http://www.cdmindia.gov.in/project_details_view.php?id=1235" "Mozilla/5.0 (Windows NT 6.1; Win64; x64) AppleWebKit/537.36 (KHTML, like Gecko) Chrome/58.0.3029.110 Safari/537.36"
183.83.227.181 - - [20/Jun/2017:08:00:44 +0530] "GET /images/bullet1.gif HTTP/1.1" 200 67 "http://www.cdmindia.gov.in/project_details_view.php?id=1235" "Mozilla/5.0 (Windows NT 6.1; Win64; x64) AppleWebKit/537.36 (KHTML, like Gecko) Chrome/58.0.3029.110 Safari/537.36"
183.83.227.181 - - [20/Jun/2017:08:00:44 +0530] "GET /images/bulllet2.gif HTTP/1.1" 200 58 "http://www.cdmindia.gov.in/project_details_view.php?id=1235" "Mozilla/5.0 (Windows NT 6.1; Win64; x64) AppleWebKit/537.36 (KHTML, like Gecko) Chrome/58.0.3029.110 Safari/537.36"
183.83.227.181 - - [20/Jun/2017:08:00:44 +0530] "GET /images/bullet4.gif HTTP/1.1" 200 67 "http://www.cdmindia.gov.in/project_details_view.php?id=1235" "Mozilla/5.0 (Windows NT 6.1; Win64; x64) AppleWebKit/537.36 (KHTML, like Gecko) Chrome/58.0.3029.110 Safari/537.36"
183.83.227.181 - - [20/Jun/2017:08:00:44 +0530] "GET /images/img3.jpg HTTP/1.1" 200 26957 "http://www.cdmindia.gov.in/project_details_view.php?id=1235" "Mozilla/5.0 (Windows NT 6.1; Win64; x64) AppleWebKit/537.36 (KHTML, like Gecko) Chrome/58.0.3029.110 Safari/537.36"
183.83.227.181 - - [20/Jun/2017:08:00:44 +0530] "GET /images/gtz.jpg HTTP/1.1" 200 15484 "http://www.cdmindia.gov.in/project_details_view.php?id=1235" "Mozilla/5.0 (Windows NT 6.1; Win64; x64) AppleWebKit/537.36 (KHTML, like Gecko) Chrome/58.0.3029.110 Safari/537.36"
183.83.227.181 - - [20/Jun/2017:08:00:44 +0530] "GET /images/fdm.jpg HTTP/1.1" 200 2043 "http://www.cdmindia.gov.in/project_details_view.php?id=1235" "Mozilla/5.0 (Windows NT 6.1; Win64; x64) AppleWebKit/537.36 (KHTML, like Gecko) Chrome/58.0.3029.110 Safari/537.36"
183.83.227.181 - - [20/Jun/2017:08:00:44 +0530] "GET /images/img1.jpg HTTP/1.1" 200 1251 "http://www.cdmindia.gov.in/project_details_view.php?id=1235" "Mozilla/5.0 (Windows NT 6.1; Win64; x64) AppleWebKit/537.36 (KHTML, like Gecko) Chrome/58.0.3029.110 Safari/537.36"
183.83.227.181 - - [20/Jun/2017:08:00:44 +0530] "GET /images/fbg.jpg HTTP/1.1" 200 325 "http://www.cdmindia.gov.in/project_details_view.php?id=1235" "Mozilla/5.0 (Windows NT 6.1; Win64; x64) AppleWebKit/537.36 (KHTML, like Gecko) Chrome/58.0.3029.110 Safari/537.36"
183.83.227.181 - - [20/Jun/2017:08:00:44 +0530] "GET /favicon.ico HTTP/1.1" 200 1189 "http://www.cdmindia.gov.in/project_details_view.php?id=1235" "Mozilla/5.0 (Windows NT 6.1; Win64; x64) AppleWebKit/537.36 (KHTML, like Gecko) Chrome/58.0.3029.110 Safari/537.36"
207.46.13.146 - - [20/Jun/2017:08:02:45 +0530] "GET /project_details_view.php?id=1103 HTTP/1.1" 200 14113 "-" "Mozilla/5.0 (compatible; bingbot/2.0; +http://www.bing.com/bingbot.htm)"
13.76.241.210 - - [20/Jun/2017:08:03:20 +0530] "GET /project_details_view.php?id=1235 HTTP/1.1" 200 15047 "-" "Mozilla/5.0 (Windows NT 6.1; WOW64) SkypeUriPreview Preview/0.5"
13.76.241.210 - - [20/Jun/2017:08:03:20 +0530] "GET /favicon.ico HTTP/1.1" 200 1189 "-" "Mozilla/5.0 (Windows NT 6.1; WOW64) SkypeUriPreview Preview/0.5"
202.46.58.11 - - [20/Jun/2017:08:03:30 +0530] "GET /project_details_view_report.php?id=128 HTTP/1.1" 200 13102 "-" "Mozilla/5.0 (Windows NT 10.0; WOW64) AppleWebKit/537.36 (KHTML, like Gecko) Chrome/45.0.2454.93 Safari/537.36"
40.77.167.42 - - [20/Jun/2017:08:05:36 +0530] "GET /capacity_building.php HTTP/1.1" 200 19187 "-" "Mozilla/5.0 (compatible; bingbot/2.0; +http://www.bing.com/bingbot.htm)"
64.233.173.47 - - [20/Jun/2017:08:06:35 +0530] "GET /project_details_view.php?id=1631 HTTP/1.1" 200 14899 "https://www.google.co.in/" "Mozilla/5.0 (Linux; Android 6.0.1; MotoG3-TE Build/MPDS24.107-56-1-17) AppleWebKit/537.36 (KHTML, like Gecko) Chrome/57.0.2987.132 Mobile Safari/537.36"
64.233.173.51 - - [20/Jun/2017:08:06:36 +0530] "GET /images/spacer.gif HTTP/1.1" 200 43 "http://www.cdmindia.gov.in/project_details_view.php?id=1631" "Mozilla/5.0 (Linux; Android 6.0.1; MotoG3-TE Build/MPDS24.107-56-1-17) AppleWebKit/537.36 (KHTML, like Gecko) Chrome/57.0.2987.132 Mobile Safari/537.36"
64.233.173.47 - - [20/Jun/2017:08:06:36 +0530] "GET /images/bullet1.gif HTTP/1.1" 200 67 "http://www.cdmindia.gov.in/project_details_view.php?id=1631" "Mozilla/5.0 (Linux; Android 6.0.1; MotoG3-TE Build/MPDS24.107-56-1-17) AppleWebKit/537.36 (KHTML, like Gecko) Chrome/57.0.2987.132 Mobile Safari/537.36"
64.233.173.51 - - [20/Jun/2017:08:06:36 +0530] "GET /images/fdm.jpg HTTP/1.1" 200 2043 "http://www.cdmindia.gov.in/project_details_view.php?id=1631" "Mozilla/5.0 (Linux; Android 6.0.1; MotoG3-TE Build/MPDS24.107-56-1-17) AppleWebKit/537.36 (KHTML, like Gecko) Chrome/57.0.2987.132 Mobile Safari/537.36"
64.233.173.47 - - [20/Jun/2017:08:06:36 +0530] "GET /Scripts/AC_RunActiveContent.js HTTP/1.1" 200 8321 "http://www.cdmindia.gov.in/project_details_view.php?id=1631" "Mozilla/5.0 (Linux; Android 6.0.1; MotoG3-TE Build/MPDS24.107-56-1-17) AppleWebKit/537.36 (KHTML, like Gecko) Chrome/57.0.2987.132 Mobile Safari/537.36"
64.233.173.49 - - [20/Jun/2017:08:06:36 +0530] "GET /images/bulllet2.gif HTTP/1.1" 200 58 "http://www.cdmindia.gov.in/project_details_view.php?id=1631" "Mozilla/5.0 (Linux; Android 6.0.1; MotoG3-TE Build/MPDS24.107-56-1-17) AppleWebKit/537.36 (KHTML, like Gecko) Chrome/57.0.2987.132 Mobile Safari/537.36"
64.233.173.49 - - [20/Jun/2017:08:06:36 +0530] "GET /ncdma.css HTTP/1.1" 200 12640 "http://www.cdmindia.gov.in/project_details_view.php?id=1631" "Mozilla/5.0 (Linux; Android 6.0.1; MotoG3-TE Build/MPDS24.107-56-1-17) AppleWebKit/537.36 (KHTML, like Gecko) Chrome/57.0.2987.132 Mobile Safari/537.36"
64.233.173.49 - - [20/Jun/2017:08:06:36 +0530] "GET /includes/ncdma.css HTTP/1.1" 200 13023 "http://www.cdmindia.gov.in/project_details_view.php?id=1631" "Mozilla/5.0 (Linux; Android 6.0.1; MotoG3-TE Build/MPDS24.107-56-1-17) AppleWebKit/537.36 (KHTML, like Gecko) Chrome/57.0.2987.132 Mobile Safari/537.36"
64.233.173.51 - - [20/Jun/2017:08:06:36 +0530] "GET /images/bullet4.gif HTTP/1.1" 200 67 "http://www.cdmindia.gov.in/project_details_view.php?id=1631" "Mozilla/5.0 (Linux; Android 6.0.1; MotoG3-TE Build/MPDS24.107-56-1-17) AppleWebKit/537.36 (KHTML, like Gecko) Chrome/57.0.2987.132 Mobile Safari/537.36"
64.233.173.49 - - [20/Jun/2017:08:06:36 +0530] "GET /images/gtz.jpg HTTP/1.1" 200 15484 "http://www.cdmindia.gov.in/project_details_view.php?id=1631" "Mozilla/5.0 (Linux; Android 6.0.1; MotoG3-TE Build/MPDS24.107-56-1-17) AppleWebKit/537.36 (KHTML, like Gecko) Chrome/57.0.2987.132 Mobile Safari/537.36"
64.233.173.51 - - [20/Jun/2017:08:06:36 +0530] "GET /images/img2.jpg HTTP/1.1" 200 16276 "http://www.cdmindia.gov.in/project_details_view.php?id=1631" "Mozilla/5.0 (Linux; Android 6.0.1; MotoG3-TE Build/MPDS24.107-56-1-17) AppleWebKit/537.36 (KHTML, like Gecko) Chrome/57.0.2987.132 Mobile Safari/537.36"
64.233.173.51 - - [20/Jun/2017:08:06:36 +0530] "GET /images/img3.jpg HTTP/1.1" 200 26957 "http://www.cdmindia.gov.in/project_details_view.php?id=1631" "Mozilla/5.0 (Linux; Android 6.0.1; MotoG3-TE Build/MPDS24.107-56-1-17) AppleWebKit/537.36 (KHTML, like Gecko) Chrome/57.0.2987.132 Mobile Safari/537.36"
64.233.173.49 - - [20/Jun/2017:08:06:36 +0530] "GET /images/img1.jpg HTTP/1.1" 200 1251 "http://www.cdmindia.gov.in/project_details_view.php?id=1631" "Mozilla/5.0 (Linux; Android 6.0.1; MotoG3-TE Build/MPDS24.107-56-1-17) AppleWebKit/537.36 (KHTML, like Gecko) Chrome/57.0.2987.132 Mobile Safari/537.36"
64.233.173.51 - - [20/Jun/2017:08:06:36 +0530] "GET /images/fbg.jpg HTTP/1.1" 200 325 "http://www.cdmindia.gov.in/project_details_view.php?id=1631" "Mozilla/5.0 (Linux; Android 6.0.1; MotoG3-TE Build/MPDS24.107-56-1-17) AppleWebKit/537.36 (KHTML, like Gecko) Chrome/57.0.2987.132 Mobile Safari/537.36"
64.233.173.49 - - [20/Jun/2017:08:06:37 +0530] "GET /favicon.ico HTTP/1.1" 200 1189 "http://www.cdmindia.gov.in/project_details_view.php?id=1631" "Mozilla/5.0 (Linux; Android 6.0.1; MotoG3-TE Build/MPDS24.107-56-1-17) AppleWebKit/537.36 (KHTML, like Gecko) Chrome/57.0.2987.132 Mobile Safari/537.36"
146.148.64.128 - - [20/Jun/2017:08:06:52 +0530] "GET /robots.txt HTTP/1.1" 404 208 "-" "ltx71 - (http://ltx71.com/)"
146.148.64.128 - - [20/Jun/2017:08:08:05 +0530] "GET /constitution.php HTTP/1.1" 200 23670 "-" "ltx71 - (http://ltx71.com/)"
146.148.64.128 - - [20/Jun/2017:08:09:11 +0530] "GET /imp_links.php HTTP/1.1" 200 17835 "-" "ltx71 - (http://ltx71.com/)"
146.148.64.128 - - [20/Jun/2017:08:10:14 +0530] "GET /js/base64_encode.js HTTP/1.1" 200 3002 "-" "ltx71 - (http://ltx71.com/)"
146.148.64.128 - - [20/Jun/2017:08:10:27 +0530] "GET /approval_process.php HTTP/1.1" 200 25913 "-" "ltx71 - (http://ltx71.com/)"
146.148.64.128 - - [20/Jun/2017:08:10:43 +0530] "GET /events_more.php HTTP/1.1" 200 16906 "-" "ltx71 - (http://ltx71.com/)"
146.148.64.128 - - [20/Jun/2017:08:11:08 +0530] "GET /downloads/Template_sharing%202Percent.doc HTTP/1.1" 200 73728 "-" "ltx71 - (http://ltx71.com/)"
50.63.194.128 - - [20/Jun/2017:08:11:38 +0530] "GET /project_details_view.php?id=1005'\" HTTP/1.1" 200 11451 "-" "-"
50.63.194.128 - - [20/Jun/2017:08:11:38 +0530] "GET /project_details_view.php?id=1005 HTTP/1.1" 200 14227 "-" "-"
50.63.194.128 - - [20/Jun/2017:08:11:39 +0530] "GET /project_details_view.php?id=10052121121121212.1 HTTP/1.1" 200 11451 "-" "-"
146.148.64.128 - - [20/Jun/2017:08:12:05 +0530] "GET /downloads/New%20PCN.doc HTTP/1.1" 200 435200 "-" "ltx71 - (http://ltx71.com/)"
66.249.73.222 - - [20/Jun/2017:08:12:07 +0530] "GET /images/midbanner.swf HTTP/1.1" 200 285833 "-" "Mozilla/5.0 (Linux; Android 6.0.1; Nexus 5X Build/MMB29P) AppleWebKit/537.36 (KHTML, like Gecko) Chrome/41.0.2272.96 Mobile Safari/537.36 (compatible; Googlebot/2.1; +http://www.google.com/bot.html)"
50.63.194.128 - - [20/Jun/2017:08:12:16 +0530] "GET /project_details_view.php?id=1005%20and%201%3E1 HTTP/1.1" 200 11451 "-" "-"
146.148.64.128 - - [20/Jun/2017:08:14:06 +0530] "GET /images/NCDMA%20PCN%20Format%2017072009.doc HTTP/1.1" 200 114176 "-" "ltx71 - (http://ltx71.com/)"
66.249.73.220 - - [20/Jun/2017:08:14:43 +0530] "GET /project_details_view_report.php?id=852 HTTP/1.1" 200 13153 "-" "Mozilla/5.0 (compatible; Googlebot/2.1; +http://www.google.com/bot.html)"
207.46.13.146 - - [20/Jun/2017:08:15:26 +0530] "GET /project_details_view.php?id=554 HTTP/1.1" 200 15066 "-" "Mozilla/5.0 (compatible; bingbot/2.0; +http://www.bing.com/bingbot.htm)"
40.77.167.132 - - [20/Jun/2017:08:15:39 +0530] "GET /Scripts/AC_RunActiveContent.js HTTP/1.1" 200 8321 "-" "Mozilla/5.0 (compatible; bingbot/2.0; +http://www.bing.com/bingbot.htm)"
66.249.73.220 - - [20/Jun/2017:08:16:34 +0530] "GET /project_details_view_report.php?id=484 HTTP/1.1" 200 13241 "-" "Mozilla/5.0 (compatible; Googlebot/2.1; +http://www.google.com/bot.html)"
66.249.73.221 - - [20/Jun/2017:08:17:34 +0530] "GET /project_details_view_report.php?id=819 HTTP/1.1" 200 13251 "-" "Mozilla/5.0 (compatible; Googlebot/2.1; +http://www.google.com/bot.html)"
35.184.189.105 - - [20/Jun/2017:08:17:55 +0530] "GET /robots.txt HTTP/1.1" 404 208 "-" "ltx71 - (http://ltx71.com/)"
40.77.167.35 - - [20/Jun/2017:08:18:07 +0530] "GET /project_details_view_report.php?id=1292 HTTP/1.1" 200 13214 "-" "Mozilla/5.0 (iPhone; CPU iPhone OS 7_0 like Mac OS X) AppleWebKit/537.51.1 (KHTML, like Gecko) Version/7.0 Mobile/11A465 Safari/9537.53 (compatible; bingbot/2.0; +http://www.bing.com/bingbot.htm)"
35.184.189.105 - - [20/Jun/2017:08:18:29 +0530] "GET /detail_news.php?id=11 HTTP/1.1" 302 18422 "-" "ltx71 - (http://ltx71.com/)"
66.249.73.220 - - [20/Jun/2017:08:18:37 +0530] "GET /project_details_view_report.php?id=474 HTTP/1.1" 200 13153 "-" "Mozilla/5.0 (compatible; Googlebot/2.1; +http://www.google.com/bot.html)"
216.244.66.248 - - [20/Jun/2017:08:20:20 +0530] "GET /reports_new.php?n=1 HTTP/1.1" 200 22412 "-" "Mozilla/5.0 (compatible; DotBot/1.1; http://www.opensiteexplorer.org/dotbot, help@moz.com)"
106.79.58.11 - - [20/Jun/2017:08:21:40 +0530] "GET /project_details_view.php?id=853 HTTP/1.1" 200 15055 "http://www.google.co.in/search?q=lnt+project+in+rudraprayag&btnG=Search" "Mozilla/5.0 (MeeGo; NokiaN9) AppleWebKit/534.13 (KHTML, like Gecko) NokiaBrowser/8.5.0 Mobile Safari/534.13"
106.79.58.11 - - [20/Jun/2017:08:21:40 +0530] "GET /Scripts/AC_RunActiveContent.js HTTP/1.1" 200 8321 "http://www.google.co.in/search?q=lnt+project+in+rudraprayag&btnG=Search" "Mozilla/5.0 (MeeGo; NokiaN9) AppleWebKit/534.13 (KHTML, like Gecko) NokiaBrowser/8.5.0 Mobile Safari/534.13"
106.79.58.11 - - [20/Jun/2017:08:21:40 +0530] "GET /includes/ncdma.css HTTP/1.1" 200 13023 "http://www.google.co.in/search?q=lnt+project+in+rudraprayag&btnG=Search" "Mozilla/5.0 (MeeGo; NokiaN9) AppleWebKit/534.13 (KHTML, like Gecko) NokiaBrowser/8.5.0 Mobile Safari/534.13"
106.79.58.11 - - [20/Jun/2017:08:21:40 +0530] "GET /ncdma.css HTTP/1.1" 200 12640 "http://www.google.co.in/search?q=lnt+project+in+rudraprayag&btnG=Search" "Mozilla/5.0 (MeeGo; NokiaN9) AppleWebKit/534.13 (KHTML, like Gecko) NokiaBrowser/8.5.0 Mobile Safari/534.13"
106.79.58.11 - - [20/Jun/2017:08:21:40 +0530] "GET /images/bulllet2.gif HTTP/1.1" 200 58 "http://www.google.co.in/search?q=lnt+project+in+rudraprayag&btnG=Search" "Mozilla/5.0 (MeeGo; NokiaN9) AppleWebKit/534.13 (KHTML, like Gecko) NokiaBrowser/8.5.0 Mobile Safari/534.13"
106.79.58.11 - - [20/Jun/2017:08:21:40 +0530] "GET /images/bullet1.gif HTTP/1.1" 200 67 "http://www.google.co.in/search?q=lnt+project+in+rudraprayag&btnG=Search" "Mozilla/5.0 (MeeGo; NokiaN9) AppleWebKit/534.13 (KHTML, like Gecko) NokiaBrowser/8.5.0 Mobile Safari/534.13"
106.79.58.11 - - [20/Jun/2017:08:21:40 +0530] "GET /images/img3.jpg HTTP/1.1" 200 26957 "http://www.google.co.in/search?q=lnt+project+in+rudraprayag&btnG=Search" "Mozilla/5.0 (MeeGo; NokiaN9) AppleWebKit/534.13 (KHTML, like Gecko) NokiaBrowser/8.5.0 Mobile Safari/534.13"
106.79.58.11 - - [20/Jun/2017:08:21:40 +0530] "GET /images/img2.jpg HTTP/1.1" 200 16276 "http://www.google.co.in/search?q=lnt+project+in+rudraprayag&btnG=Search" "Mozilla/5.0 (MeeGo; NokiaN9) AppleWebKit/534.13 (KHTML, like Gecko) NokiaBrowser/8.5.0 Mobile Safari/534.13"
106.79.58.11 - - [20/Jun/2017:08:21:41 +0530] "GET /images/bullet4.gif HTTP/1.1" 200 67 "http://www.google.co.in/search?q=lnt+project+in+rudraprayag&btnG=Search" "Mozilla/5.0 (MeeGo; NokiaN9) AppleWebKit/534.13 (KHTML, like Gecko) NokiaBrowser/8.5.0 Mobile Safari/534.13"
106.79.58.11 - - [20/Jun/2017:08:21:41 +0530] "GET /images/fdm.jpg HTTP/1.1" 200 2043 "http://www.google.co.in/search?q=lnt+project+in+rudraprayag&btnG=Search" "Mozilla/5.0 (MeeGo; NokiaN9) AppleWebKit/534.13 (KHTML, like Gecko) NokiaBrowser/8.5.0 Mobile Safari/534.13"
106.79.58.11 - - [20/Jun/2017:08:21:41 +0530] "GET /images/gtz.jpg HTTP/1.1" 200 15484 "http://www.google.co.in/search?q=lnt+project+in+rudraprayag&btnG=Search" "Mozilla/5.0 (MeeGo; NokiaN9) AppleWebKit/534.13 (KHTML, like Gecko) NokiaBrowser/8.5.0 Mobile Safari/534.13"
106.79.58.11 - - [20/Jun/2017:08:21:41 +0530] "GET /images/spacer.gif HTTP/1.1" 200 43 "http://www.google.co.in/search?q=lnt+project+in+rudraprayag&btnG=Search" "Mozilla/5.0 (MeeGo; NokiaN9) AppleWebKit/534.13 (KHTML, like Gecko) NokiaBrowser/8.5.0 Mobile Safari/534.13"
106.79.58.11 - - [20/Jun/2017:08:21:41 +0530] "GET /images/img1.jpg HTTP/1.1" 200 1251 "http://www.google.co.in/search?q=lnt+project+in+rudraprayag&btnG=Search" "Mozilla/5.0 (MeeGo; NokiaN9) AppleWebKit/534.13 (KHTML, like Gecko) NokiaBrowser/8.5.0 Mobile Safari/534.13"
106.79.58.11 - - [20/Jun/2017:08:21:41 +0530] "GET /images/fbg.jpg HTTP/1.1" 200 325 "http://www.google.co.in/search?q=lnt+project+in+rudraprayag&btnG=Search" "Mozilla/5.0 (MeeGo; NokiaN9) AppleWebKit/534.13 (KHTML, like Gecko) NokiaBrowser/8.5.0 Mobile Safari/534.13"
35.184.189.105 - - [20/Jun/2017:08:21:46 +0530] "GET /robots.txt HTTP/1.1" 404 208 "-" "ltx71 - (http://ltx71.com/)"
202.46.52.170 - - [20/Jun/2017:08:21:56 +0530] "GET /project_details_view.php?id=2071 HTTP/1.1" 200 14037 "-" "Mozilla/5.0 (Windows NT 10.0; WOW64) AppleWebKit/537.36 (KHTML, like Gecko) Chrome/45.0.2454.93 Safari/537.36"
66.249.73.222 - - [20/Jun/2017:08:22:00 +0530] "GET /project_details_view_report.php?id=522 HTTP/1.1" 200 13186 "-" "Mozilla/5.0 (compatible; Googlebot/2.1; +http://www.google.com/bot.html)"
146.148.64.128 - - [20/Jun/2017:08:26:03 +0530] "GET /robots.txt HTTP/1.1" 404 208 "-" "ltx71 - (http://ltx71.com/)"
146.148.64.128 - - [20/Jun/2017:08:26:43 +0530] "GET /view_past_events.php HTTP/1.1" 200 18855 "-" "ltx71 - (http://ltx71.com/)"
84.109.137.242 - - [20/Jun/2017:08:29:34 +0530] "GET / HTTP/1.1" 200 19481 "-" "null"
146.148.64.128 - - [20/Jun/2017:08:31:08 +0530] "GET /robots.txt HTTP/1.1" 404 208 "-" "ltx71 - (http://ltx71.com/)"
146.148.64.128 - - [20/Jun/2017:08:31:33 +0530] "GET /sitemap.php HTTP/1.1" 200 18470 "-" "ltx71 - (http://ltx71.com/)"
40.77.167.35 - - [20/Jun/2017:08:37:03 +0530] "GET /project_details_view.php?id=1425 HTTP/1.1" 200 15827 "-" "Mozilla/5.0 (iPhone; CPU iPhone OS 7_0 like Mac OS X) AppleWebKit/537.51.1 (KHTML, like Gecko) Version/7.0 Mobile/11A465 Safari/9537.53 (compatible; bingbot/2.0; +http://www.bing.com/bingbot.htm)"
66.249.73.220 - - [20/Jun/2017:08:37:44 +0530] "GET /project_details_view_report.php?id=465 HTTP/1.1" 200 13185 "-" "Mozilla/5.0 (compatible; Googlebot/2.1; +http://www.google.com/bot.html)"
131.253.27.36 - - [20/Jun/2017:08:37:51 +0530] "GET /Scripts/AC_RunActiveContent.js HTTP/1.1" 200 8321 "http://cdmindia.gov.in/project_details_view.php?id=1209" "Mozilla/5.0 (iPhone; CPU iPhone OS 7_0 like Mac OS X) AppleWebKit/537.51.1 (KHTML, like Gecko) Version/7.0 Mobile/11A465 Safari/9537.53 BingPreview/1.0b"
203.130.238.115 - - [20/Jun/2017:08:39:00 +0530] "GET /wp-login.php HTTP/1.1" 404 210 "-" "Mozilla/5.0 (Windows NT 6.1; WOW64; rv:40.0) Gecko/20100101 Firefox/40.1"
202.46.52.174 - - [20/Jun/2017:08:40:22 +0530] "GET /project_details_view_report.php?id=622 HTTP/1.1" 200 13194 "-" "Mozilla/5.0 (Windows NT 10.0; WOW64) AppleWebKit/537.36 (KHTML, like Gecko) Chrome/45.0.2454.93 Safari/537.36"
146.148.64.128 - - [20/Jun/2017:08:42:37 +0530] "GET /robots.txt HTTP/1.1" 404 208 "-" "ltx71 - (http://ltx71.com/)"
40.77.167.42 - - [20/Jun/2017:08:47:05 +0530] "GET /project_details_view.php?id=1186 HTTP/1.1" 200 16735 "-" "Mozilla/5.0 (compatible; bingbot/2.0; +http://www.bing.com/bingbot.htm)"
8.37.234.212 - - [20/Jun/2017:08:49:37 +0530] "GET /project_details_view.php?id=800 HTTP/1.1" 200 14018 "https://www.google.co.in/search?client=ucweb-b&channel=sb&q=gama+power+plant+kashipur&sa=X&ved=0ahUKEwidz8WVu8vUAhVMLI8KHXZvDvMQ1QIIEg" "Mozilla/5.0 (Linux; U; Android 6.0.1; en-US; vivo 1603 Build/MMB29M) AppleWebKit/534.30 (KHTML, like Gecko) Version/4.0 UCBrowser/11.2.8.945 U3/0.8.0 Mobile Safari/534.30"
8.37.234.212 - - [20/Jun/2017:08:49:37 +0530] "GET /Scripts/AC_RunActiveContent.js HTTP/1.1" 200 8321 "http://www.cdmindia.gov.in/project_details_view.php?id=800" "Mozilla/5.0 (Linux; U; Android 6.0.1; en-US; vivo 1603 Build/MMB29M) AppleWebKit/534.30 (KHTML, like Gecko) Version/4.0 UCBrowser/11.2.8.945 U3/0.8.0 Mobile Safari/534.30"
8.37.234.212 - - [20/Jun/2017:08:49:38 +0530] "GET /images/gtz.jpg HTTP/1.1" 200 15484 "http://www.cdmindia.gov.in/project_details_view.php?id=800" "Mozilla/5.0 (Linux; U; Android 6.0.1; en-US; vivo 1603 Build/MMB29M) AppleWebKit/534.30 (KHTML, like Gecko) Version/4.0 UCBrowser/11.2.8.945 U3/0.8.0 Mobile Safari/534.30"
8.37.234.212 - - [20/Jun/2017:08:49:38 +0530] "GET /images/bulllet2.gif HTTP/1.1" 200 58 "http://www.cdmindia.gov.in/project_details_view.php?id=800" "Mozilla/5.0 (Linux; U; Android 6.0.1; en-US; vivo 1603 Build/MMB29M) AppleWebKit/534.30 (KHTML, like Gecko) Version/4.0 UCBrowser/11.2.8.945 U3/0.8.0 Mobile Safari/534.30"
8.37.234.212 - - [20/Jun/2017:08:49:38 +0530] "GET /ncdma.css HTTP/1.1" 200 12640 "http://www.cdmindia.gov.in/project_details_view.php?id=800" "Mozilla/5.0 (Linux; U; Android 6.0.1; en-US; vivo 1603 Build/MMB29M) AppleWebKit/534.30 (KHTML, like Gecko) Version/4.0 UCBrowser/11.2.8.945 U3/0.8.0 Mobile Safari/534.30"
8.37.234.212 - - [20/Jun/2017:08:49:38 +0530] "GET /images/fdm.jpg HTTP/1.1" 200 2043 "http://www.cdmindia.gov.in/project_details_view.php?id=800" "Mozilla/5.0 (Linux; U; Android 6.0.1; en-US; vivo 1603 Build/MMB29M) AppleWebKit/534.30 (KHTML, like Gecko) Version/4.0 UCBrowser/11.2.8.945 U3/0.8.0 Mobile Safari/534.30"
8.37.234.212 - - [20/Jun/2017:08:49:38 +0530] "GET /images/bullet4.gif HTTP/1.1" 200 67 "http://www.cdmindia.gov.in/project_details_view.php?id=800" "Mozilla/5.0 (Linux; U; Android 6.0.1; en-US; vivo 1603 Build/MMB29M) AppleWebKit/534.30 (KHTML, like Gecko) Version/4.0 UCBrowser/11.2.8.945 U3/0.8.0 Mobile Safari/534.30"
8.37.234.212 - - [20/Jun/2017:08:49:38 +0530] "GET /images/img2.jpg HTTP/1.1" 200 16276 "http://www.cdmindia.gov.in/project_details_view.php?id=800" "Mozilla/5.0 (Linux; U; Android 6.0.1; en-US; vivo 1603 Build/MMB29M) AppleWebKit/534.30 (KHTML, like Gecko) Version/4.0 UCBrowser/11.2.8.945 U3/0.8.0 Mobile Safari/534.30"
8.37.234.212 - - [20/Jun/2017:08:49:38 +0530] "GET /images/bullet1.gif HTTP/1.1" 200 67 "http://www.cdmindia.gov.in/project_details_view.php?id=800" "Mozilla/5.0 (Linux; U; Android 6.0.1; en-US; vivo 1603 Build/MMB29M) AppleWebKit/534.30 (KHTML, like Gecko) Version/4.0 UCBrowser/11.2.8.945 U3/0.8.0 Mobile Safari/534.30"
8.37.234.212 - - [20/Jun/2017:08:49:38 +0530] "GET /includes/ncdma.css HTTP/1.1" 200 13023 "http://www.cdmindia.gov.in/project_details_view.php?id=800" "Mozilla/5.0 (Linux; U; Android 6.0.1; en-US; vivo 1603 Build/MMB29M) AppleWebKit/534.30 (KHTML, like Gecko) Version/4.0 UCBrowser/11.2.8.945 U3/0.8.0 Mobile Safari/534.30"
8.37.234.212 - - [20/Jun/2017:08:49:38 +0530] "GET /images/spacer.gif HTTP/1.1" 304 - "http://www.cdmindia.gov.in/project_details_view.php?id=800" "Mozilla/5.0 (Linux; U; Android 6.0.1; en-US; vivo 1603 Build/MMB29M) AppleWebKit/534.30 (KHTML, like Gecko) Version/4.0 UCBrowser/11.2.8.945 U3/0.8.0 Mobile Safari/534.30"
8.37.234.212 - - [20/Jun/2017:08:49:38 +0530] "GET /images/img3.jpg HTTP/1.1" 200 26957 "http://www.cdmindia.gov.in/project_details_view.php?id=800" "Mozilla/5.0 (Linux; U; Android 6.0.1; en-US; vivo 1603 Build/MMB29M) AppleWebKit/534.30 (KHTML, like Gecko) Version/4.0 UCBrowser/11.2.8.945 U3/0.8.0 Mobile Safari/534.30"
8.37.234.212 - - [20/Jun/2017:08:49:39 +0530] "GET /images/fbg.jpg HTTP/1.1" 200 325 "http://www.cdmindia.gov.in/project_details_view.php?id=800" "Mozilla/5.0 (Linux; U; Android 6.0.1; en-US; vivo 1603 Build/MMB29M) AppleWebKit/534.30 (KHTML, like Gecko) Version/4.0 UCBrowser/11.2.8.945 U3/0.8.0 Mobile Safari/534.30"
8.37.234.212 - - [20/Jun/2017:08:49:39 +0530] "GET /images/img1.jpg HTTP/1.1" 200 1251 "http://www.cdmindia.gov.in/project_details_view.php?id=800" "Mozilla/5.0 (Linux; U; Android 6.0.1; en-US; vivo 1603 Build/MMB29M) AppleWebKit/534.30 (KHTML, like Gecko) Version/4.0 UCBrowser/11.2.8.945 U3/0.8.0 Mobile Safari/534.30"
8.37.234.212 - - [20/Jun/2017:08:49:40 +0530] "GET /images/favicon.ico HTTP/1.1" 200 1406 "http://www.cdmindia.gov.in/project_details_view.php?id=800" "Mozilla/5.0 (Linux; U; Android 6.0.1; en-US; vivo 1603 Build/MMB29M) AppleWebKit/534.30 (KHTML, like Gecko) Version/4.0 UCBrowser/11.2.8.945 U3/0.8.0 Mobile Safari/534.30"
203.76.137.58 - - [20/Jun/2017:08:50:27 +0530] "GET /project_details_view_report.php?id=1359 HTTP/1.1" 200 13249 "https://www.google.co.in/" "Mozilla/5.0 (Windows NT 6.1; Win64; x64; rv:53.0) Gecko/20100101 Firefox/53.0"
203.76.137.58 - - [20/Jun/2017:08:50:30 +0530] "GET /Scripts/AC_RunActiveContent.js HTTP/1.1" 200 8321 "http://www.cdmindia.gov.in/project_details_view_report.php?id=1359" "Mozilla/5.0 (Windows NT 6.1; Win64; x64; rv:53.0) Gecko/20100101 Firefox/53.0"
203.76.137.58 - - [20/Jun/2017:08:50:30 +0530] "GET /includes/ncdma.css HTTP/1.1" 200 13023 "http://www.cdmindia.gov.in/project_details_view_report.php?id=1359" "Mozilla/5.0 (Windows NT 6.1; Win64; x64; rv:53.0) Gecko/20100101 Firefox/53.0"
203.76.137.58 - - [20/Jun/2017:08:50:30 +0530] "GET /ncdma.css HTTP/1.1" 200 12640 "http://www.cdmindia.gov.in/project_details_view_report.php?id=1359" "Mozilla/5.0 (Windows NT 6.1; Win64; x64; rv:53.0) Gecko/20100101 Firefox/53.0"
203.76.137.58 - - [20/Jun/2017:08:50:30 +0530] "GET /images/favicon.ico HTTP/1.1" 200 1406 "-" "Mozilla/5.0 (Windows NT 6.1; Win64; x64; rv:53.0) Gecko/20100101 Firefox/53.0"
203.76.137.58 - - [20/Jun/2017:08:50:30 +0530] "GET /images/img1.jpg HTTP/1.1" 200 1251 "http://www.cdmindia.gov.in/project_details_view_report.php?id=1359" "Mozilla/5.0 (Windows NT 6.1; Win64; x64; rv:53.0) Gecko/20100101 Firefox/53.0"
203.76.137.58 - - [20/Jun/2017:08:50:30 +0530] "GET /images/img2.jpg HTTP/1.1" 200 16276 "http://www.cdmindia.gov.in/project_details_view_report.php?id=1359" "Mozilla/5.0 (Windows NT 6.1; Win64; x64; rv:53.0) Gecko/20100101 Firefox/53.0"
203.76.137.58 - - [20/Jun/2017:08:50:30 +0530] "GET /images/bullet1.gif HTTP/1.1" 200 67 "http://www.cdmindia.gov.in/project_details_view_report.php?id=1359" "Mozilla/5.0 (Windows NT 6.1; Win64; x64; rv:53.0) Gecko/20100101 Firefox/53.0"
203.76.137.58 - - [20/Jun/2017:08:50:30 +0530] "GET /images/spacer.gif HTTP/1.1" 200 43 "http://www.cdmindia.gov.in/project_details_view_report.php?id=1359" "Mozilla/5.0 (Windows NT 6.1; Win64; x64; rv:53.0) Gecko/20100101 Firefox/53.0"
203.76.137.58 - - [20/Jun/2017:08:50:30 +0530] "GET /images/fbg.jpg HTTP/1.1" 200 325 "http://www.cdmindia.gov.in/project_details_view_report.php?id=1359" "Mozilla/5.0 (Windows NT 6.1; Win64; x64; rv:53.0) Gecko/20100101 Firefox/53.0"
203.76.137.58 - - [20/Jun/2017:08:50:30 +0530] "GET /images/bulllet2.gif HTTP/1.1" 200 58 "http://www.cdmindia.gov.in/project_details_view_report.php?id=1359" "Mozilla/5.0 (Windows NT 6.1; Win64; x64; rv:53.0) Gecko/20100101 Firefox/53.0"
203.76.137.58 - - [20/Jun/2017:08:50:30 +0530] "GET /images/img3.jpg HTTP/1.1" 200 26957 "http://www.cdmindia.gov.in/project_details_view_report.php?id=1359" "Mozilla/5.0 (Windows NT 6.1; Win64; x64; rv:53.0) Gecko/20100101 Firefox/53.0"
203.76.137.58 - - [20/Jun/2017:08:50:30 +0530] "GET /images/bullet4.gif HTTP/1.1" 200 67 "http://www.cdmindia.gov.in/project_details_view_report.php?id=1359" "Mozilla/5.0 (Windows NT 6.1; Win64; x64; rv:53.0) Gecko/20100101 Firefox/53.0"
203.76.137.58 - - [20/Jun/2017:08:50:30 +0530] "GET /images/fdm.jpg HTTP/1.1" 200 2043 "http://www.cdmindia.gov.in/project_details_view_report.php?id=1359" "Mozilla/5.0 (Windows NT 6.1; Win64; x64; rv:53.0) Gecko/20100101 Firefox/53.0"
203.76.137.58 - - [20/Jun/2017:08:50:30 +0530] "GET /images/gtz.jpg HTTP/1.1" 200 15484 "http://www.cdmindia.gov.in/project_details_view_report.php?id=1359" "Mozilla/5.0 (Windows NT 6.1; Win64; x64; rv:53.0) Gecko/20100101 Firefox/53.0"
64.233.173.47 - - [20/Jun/2017:08:50:34 +0530] "GET /project_details_view.php?id=1477 HTTP/1.1" 200 14681 "https://www.google.co.in/" "Mozilla/5.0 (Linux; Android 6.0.1; Coolpad 3600I Build/MMB29M) AppleWebKit/537.36 (KHTML, like Gecko) Chrome/53.0.2785.124 Mobile Safari/537.36"
64.233.173.49 - - [20/Jun/2017:08:50:34 +0530] "GET /includes/ncdma.css HTTP/1.1" 200 13023 "http://www.cdmindia.gov.in/project_details_view.php?id=1477" "Mozilla/5.0 (Linux; Android 6.0.1; Coolpad 3600I Build/MMB29M) AppleWebKit/537.36 (KHTML, like Gecko) Chrome/53.0.2785.124 Mobile Safari/537.36"
64.233.173.47 - - [20/Jun/2017:08:50:34 +0530] "GET /Scripts/AC_RunActiveContent.js HTTP/1.1" 200 8321 "http://www.cdmindia.gov.in/project_details_view.php?id=1477" "Mozilla/5.0 (Linux; Android 6.0.1; Coolpad 3600I Build/MMB29M) AppleWebKit/537.36 (KHTML, like Gecko) Chrome/53.0.2785.124 Mobile Safari/537.36"
64.233.173.47 - - [20/Jun/2017:08:50:34 +0530] "GET /images/bullet1.gif HTTP/1.1" 200 67 "http://www.cdmindia.gov.in/project_details_view.php?id=1477" "Mozilla/5.0 (Linux; Android 6.0.1; Coolpad 3600I Build/MMB29M) AppleWebKit/537.36 (KHTML, like Gecko) Chrome/53.0.2785.124 Mobile Safari/537.36"
64.233.173.49 - - [20/Jun/2017:08:50:34 +0530] "GET /images/spacer.gif HTTP/1.1" 200 43 "http://www.cdmindia.gov.in/project_details_view.php?id=1477" "Mozilla/5.0 (Linux; Android 6.0.1; Coolpad 3600I Build/MMB29M) AppleWebKit/537.36 (KHTML, like Gecko) Chrome/53.0.2785.124 Mobile Safari/537.36"
64.233.173.51 - - [20/Jun/2017:08:50:34 +0530] "GET /images/gtz.jpg HTTP/1.1" 200 15484 "http://www.cdmindia.gov.in/project_details_view.php?id=1477" "Mozilla/5.0 (Linux; Android 6.0.1; Coolpad 3600I Build/MMB29M) AppleWebKit/537.36 (KHTML, like Gecko) Chrome/53.0.2785.124 Mobile Safari/537.36"
64.233.173.47 - - [20/Jun/2017:08:50:34 +0530] "GET /images/bullet4.gif HTTP/1.1" 200 67 "http://www.cdmindia.gov.in/project_details_view.php?id=1477" "Mozilla/5.0 (Linux; Android 6.0.1; Coolpad 3600I Build/MMB29M) AppleWebKit/537.36 (KHTML, like Gecko) Chrome/53.0.2785.124 Mobile Safari/537.36"
64.233.173.51 - - [20/Jun/2017:08:50:34 +0530] "GET /ncdma.css HTTP/1.1" 200 12640 "http://www.cdmindia.gov.in/project_details_view.php?id=1477" "Mozilla/5.0 (Linux; Android 6.0.1; Coolpad 3600I Build/MMB29M) AppleWebKit/537.36 (KHTML, like Gecko) Chrome/53.0.2785.124 Mobile Safari/537.36"
64.233.173.47 - - [20/Jun/2017:08:50:34 +0530] "GET /images/img2.jpg HTTP/1.1" 200 16276 "http://www.cdmindia.gov.in/project_details_view.php?id=1477" "Mozilla/5.0 (Linux; Android 6.0.1; Coolpad 3600I Build/MMB29M) AppleWebKit/537.36 (KHTML, like Gecko) Chrome/53.0.2785.124 Mobile Safari/537.36"
64.233.173.47 - - [20/Jun/2017:08:50:34 +0530] "GET /images/bulllet2.gif HTTP/1.1" 200 58 "http://www.cdmindia.gov.in/project_details_view.php?id=1477" "Mozilla/5.0 (Linux; Android 6.0.1; Coolpad 3600I Build/MMB29M) AppleWebKit/537.36 (KHTML, like Gecko) Chrome/53.0.2785.124 Mobile Safari/537.36"
64.233.173.51 - - [20/Jun/2017:08:50:34 +0530] "GET /images/fdm.jpg HTTP/1.1" 200 2043 "http://www.cdmindia.gov.in/project_details_view.php?id=1477" "Mozilla/5.0 (Linux; Android 6.0.1; Coolpad 3600I Build/MMB29M) AppleWebKit/537.36 (KHTML, like Gecko) Chrome/53.0.2785.124 Mobile Safari/537.36"
64.233.173.47 - - [20/Jun/2017:08:50:34 +0530] "GET /images/img3.jpg HTTP/1.1" 200 26957 "http://www.cdmindia.gov.in/project_details_view.php?id=1477" "Mozilla/5.0 (Linux; Android 6.0.1; Coolpad 3600I Build/MMB29M) AppleWebKit/537.36 (KHTML, like Gecko) Chrome/53.0.2785.124 Mobile Safari/537.36"
64.233.173.47 - - [20/Jun/2017:08:50:35 +0530] "GET /images/img1.jpg HTTP/1.1" 200 1251 "http://www.cdmindia.gov.in/project_details_view.php?id=1477" "Mozilla/5.0 (Linux; Android 6.0.1; Coolpad 3600I Build/MMB29M) AppleWebKit/537.36 (KHTML, like Gecko) Chrome/53.0.2785.124 Mobile Safari/537.36"
64.233.173.47 - - [20/Jun/2017:08:50:35 +0530] "GET /images/fbg.jpg HTTP/1.1" 200 325 "http://www.cdmindia.gov.in/project_details_view.php?id=1477" "Mozilla/5.0 (Linux; Android 6.0.1; Coolpad 3600I Build/MMB29M) AppleWebKit/537.36 (KHTML, like Gecko) Chrome/53.0.2785.124 Mobile Safari/537.36"
64.233.173.51 - - [20/Jun/2017:08:50:35 +0530] "GET /favicon.ico HTTP/1.1" 200 1189 "http://www.cdmindia.gov.in/project_details_view.php?id=1477" "Mozilla/5.0 (Linux; Android 6.0.1; Coolpad 3600I Build/MMB29M) AppleWebKit/537.36 (KHTML, like Gecko) Chrome/53.0.2785.124 Mobile Safari/537.36"
163.53.150.194 - - [20/Jun/2017:08:50:56 +0530] "GET /project_details_view.php?id=571 HTTP/1.1" 200 15995 "https://www.google.com/" "Mozilla/5.0 (Windows NT 6.1; rv:53.0) Gecko/20100101 Firefox/53.0"
163.53.150.194 - - [20/Jun/2017:08:50:56 +0530] "GET /includes/ncdma.css HTTP/1.1" 200 13023 "http://www.cdmindia.gov.in/project_details_view.php?id=571" "Mozilla/5.0 (Windows NT 6.1; rv:53.0) Gecko/20100101 Firefox/53.0"
163.53.150.194 - - [20/Jun/2017:08:50:56 +0530] "GET /Scripts/AC_RunActiveContent.js HTTP/1.1" 200 8321 "http://www.cdmindia.gov.in/project_details_view.php?id=571" "Mozilla/5.0 (Windows NT 6.1; rv:53.0) Gecko/20100101 Firefox/53.0"
163.53.150.194 - - [20/Jun/2017:08:50:56 +0530] "GET /ncdma.css HTTP/1.1" 200 12640 "http://www.cdmindia.gov.in/project_details_view.php?id=571" "Mozilla/5.0 (Windows NT 6.1; rv:53.0) Gecko/20100101 Firefox/53.0"
163.53.150.194 - - [20/Jun/2017:08:50:56 +0530] "GET /images/img2.jpg HTTP/1.1" 200 16276 "http://www.cdmindia.gov.in/project_details_view.php?id=571" "Mozilla/5.0 (Windows NT 6.1; rv:53.0) Gecko/20100101 Firefox/53.0"
163.53.150.194 - - [20/Jun/2017:08:50:56 +0530] "GET /images/bullet1.gif HTTP/1.1" 200 67 "http://www.cdmindia.gov.in/project_details_view.php?id=571" "Mozilla/5.0 (Windows NT 6.1; rv:53.0) Gecko/20100101 Firefox/53.0"
163.53.150.194 - - [20/Jun/2017:08:50:56 +0530] "GET /images/bullet4.gif HTTP/1.1" 200 67 "http://www.cdmindia.gov.in/project_details_view.php?id=571" "Mozilla/5.0 (Windows NT 6.1; rv:53.0) Gecko/20100101 Firefox/53.0"
163.53.150.194 - - [20/Jun/2017:08:50:56 +0530] "GET /images/bulllet2.gif HTTP/1.1" 200 58 "http://www.cdmindia.gov.in/project_details_view.php?id=571" "Mozilla/5.0 (Windows NT 6.1; rv:53.0) Gecko/20100101 Firefox/53.0"
163.53.150.194 - - [20/Jun/2017:08:50:56 +0530] "GET /images/spacer.gif HTTP/1.1" 200 43 "http://www.cdmindia.gov.in/project_details_view.php?id=571" "Mozilla/5.0 (Windows NT 6.1; rv:53.0) Gecko/20100101 Firefox/53.0"
163.53.150.194 - - [20/Jun/2017:08:50:56 +0530] "GET /images/img3.jpg HTTP/1.1" 200 26957 "http://www.cdmindia.gov.in/project_details_view.php?id=571" "Mozilla/5.0 (Windows NT 6.1; rv:53.0) Gecko/20100101 Firefox/53.0"
163.53.150.194 - - [20/Jun/2017:08:50:56 +0530] "GET /images/img1.jpg HTTP/1.1" 200 1251 "http://www.cdmindia.gov.in/project_details_view.php?id=571" "Mozilla/5.0 (Windows NT 6.1; rv:53.0) Gecko/20100101 Firefox/53.0"
