223.190.96.124 - - [13/Jun/2017:11:57:08 +0530] "GET /Approved_proj_reports_list_details.php?id=1&reporttype=1&scale=&sdt=&edt=&exec= HTTP/1.1" 200 16309 "http://www.cdmindia.gov.in/approved_projects.php" "Mozilla/5.0 (Windows NT 6.1; WOW64) AppleWebKit/537.36 (KHTML, like Gecko) Chrome/58.0.3029.110 Safari/537.36"
157.55.39.176 - - [13/Jun/2017:11:58:20 +0530] "GET /project_details_view.php?id=800 HTTP/1.1" 200 14018 "-" "Mozilla/5.0 (compatible; bingbot/2.0; +http://www.bing.com/bingbot.htm)"
202.46.49.193 - - [13/Jun/2017:11:58:36 +0530] "GET /project_details_view.php?id=1567 HTTP/1.1" 200 13614 "-" "Mozilla/5.0 (Windows NT 10.0; WOW64) AppleWebKit/537.36 (KHTML, like Gecko) Chrome/45.0.2454.93 Safari/537.36"
157.55.39.165 - - [13/Jun/2017:11:59:50 +0530] "GET /project_details_view.php?id=2180&oid=1&page=1&reporttype=1 HTTP/1.1" 200 14214 "-" "Mozilla/5.0 (iPhone; CPU iPhone OS 7_0 like Mac OS X) AppleWebKit/537.51.1 (KHTML, like Gecko) Version/7.0 Mobile/11A465 Safari/9537.53 (compatible; bingbot/2.0; +http://www.bing.com/bingbot.htm)"
35.184.189.105 - - [13/Jun/2017:12:01:31 +0530] "GET /robots.txt HTTP/1.1" 404 208 "-" "ltx71 - (http://ltx71.com/)"
64.233.173.137 - - [13/Jun/2017:12:03:38 +0530] "GET /project_details_view.php?id=1399 HTTP/1.1" 200 15260 "http://www.google.co.in/" "Mozilla/5.0 (Linux; Android 7.1.1; ONEPLUS A3003 Build/NMF26F) AppleWebKit/537.36 (KHTML, like Gecko) Chrome/55.0.2883.91 Mobile Safari/537.36"
64.233.173.138 - - [13/Jun/2017:12:03:38 +0530] "GET /Scripts/AC_RunActiveContent.js HTTP/1.1" 200 8321 "http://www.cdmindia.gov.in/project_details_view.php?id=1399" "Mozilla/5.0 (Linux; Android 7.1.1; ONEPLUS A3003 Build/NMF26F) AppleWebKit/537.36 (KHTML, like Gecko) Chrome/55.0.2883.91 Mobile Safari/537.36"
64.233.173.138 - - [13/Jun/2017:12:03:38 +0530] "GET /images/bullet1.gif HTTP/1.1" 200 67 "http://www.cdmindia.gov.in/project_details_view.php?id=1399" "Mozilla/5.0 (Linux; Android 7.1.1; ONEPLUS A3003 Build/NMF26F) AppleWebKit/537.36 (KHTML, like Gecko) Chrome/55.0.2883.91 Mobile Safari/537.36"
64.233.173.136 - - [13/Jun/2017:12:03:38 +0530] "GET /images/bulllet2.gif HTTP/1.1" 200 58 "http://www.cdmindia.gov.in/project_details_view.php?id=1399" "Mozilla/5.0 (Linux; Android 7.1.1; ONEPLUS A3003 Build/NMF26F) AppleWebKit/537.36 (KHTML, like Gecko) Chrome/55.0.2883.91 Mobile Safari/537.36"
64.233.173.137 - - [13/Jun/2017:12:03:38 +0530] "GET /images/fdm.jpg HTTP/1.1" 200 2043 "http://www.cdmindia.gov.in/project_details_view.php?id=1399" "Mozilla/5.0 (Linux; Android 7.1.1; ONEPLUS A3003 Build/NMF26F) AppleWebKit/537.36 (KHTML, like Gecko) Chrome/55.0.2883.91 Mobile Safari/537.36"
64.233.173.136 - - [13/Jun/2017:12:03:38 +0530] "GET /includes/ncdma.css HTTP/1.1" 200 13023 "http://www.cdmindia.gov.in/project_details_view.php?id=1399" "Mozilla/5.0 (Linux; Android 7.1.1; ONEPLUS A3003 Build/NMF26F) AppleWebKit/537.36 (KHTML, like Gecko) Chrome/55.0.2883.91 Mobile Safari/537.36"
64.233.173.136 - - [13/Jun/2017:12:03:38 +0530] "GET /images/spacer.gif HTTP/1.1" 200 43 "http://www.cdmindia.gov.in/project_details_view.php?id=1399" "Mozilla/5.0 (Linux; Android 7.1.1; ONEPLUS A3003 Build/NMF26F) AppleWebKit/537.36 (KHTML, like Gecko) Chrome/55.0.2883.91 Mobile Safari/537.36"
64.233.173.137 - - [13/Jun/2017:12:03:38 +0530] "GET /ncdma.css HTTP/1.1" 200 12640 "http://www.cdmindia.gov.in/project_details_view.php?id=1399" "Mozilla/5.0 (Linux; Android 7.1.1; ONEPLUS A3003 Build/NMF26F) AppleWebKit/537.36 (KHTML, like Gecko) Chrome/55.0.2883.91 Mobile Safari/537.36"
64.233.173.136 - - [13/Jun/2017:12:03:38 +0530] "GET /images/gtz.jpg HTTP/1.1" 200 15484 "http://www.cdmindia.gov.in/project_details_view.php?id=1399" "Mozilla/5.0 (Linux; Android 7.1.1; ONEPLUS A3003 Build/NMF26F) AppleWebKit/537.36 (KHTML, like Gecko) Chrome/55.0.2883.91 Mobile Safari/537.36"
64.233.173.138 - - [13/Jun/2017:12:03:38 +0530] "GET /images/bullet4.gif HTTP/1.1" 200 67 "http://www.cdmindia.gov.in/project_details_view.php?id=1399" "Mozilla/5.0 (Linux; Android 7.1.1; ONEPLUS A3003 Build/NMF26F) AppleWebKit/537.36 (KHTML, like Gecko) Chrome/55.0.2883.91 Mobile Safari/537.36"
64.233.173.137 - - [13/Jun/2017:12:03:38 +0530] "GET /images/img2.jpg HTTP/1.1" 200 16276 "http://www.cdmindia.gov.in/project_details_view.php?id=1399" "Mozilla/5.0 (Linux; Android 7.1.1; ONEPLUS A3003 Build/NMF26F) AppleWebKit/537.36 (KHTML, like Gecko) Chrome/55.0.2883.91 Mobile Safari/537.36"
64.233.173.138 - - [13/Jun/2017:12:03:38 +0530] "GET /images/img3.jpg HTTP/1.1" 200 26957 "http://www.cdmindia.gov.in/project_details_view.php?id=1399" "Mozilla/5.0 (Linux; Android 7.1.1; ONEPLUS A3003 Build/NMF26F) AppleWebKit/537.36 (KHTML, like Gecko) Chrome/55.0.2883.91 Mobile Safari/537.36"
64.233.173.138 - - [13/Jun/2017:12:03:38 +0530] "GET /images/img1.jpg HTTP/1.1" 200 1251 "http://www.cdmindia.gov.in/project_details_view.php?id=1399" "Mozilla/5.0 (Linux; Android 7.1.1; ONEPLUS A3003 Build/NMF26F) AppleWebKit/537.36 (KHTML, like Gecko) Chrome/55.0.2883.91 Mobile Safari/537.36"
64.233.173.137 - - [13/Jun/2017:12:03:39 +0530] "GET /images/fbg.jpg HTTP/1.1" 200 325 "http://www.cdmindia.gov.in/project_details_view.php?id=1399" "Mozilla/5.0 (Linux; Android 7.1.1; ONEPLUS A3003 Build/NMF26F) AppleWebKit/537.36 (KHTML, like Gecko) Chrome/55.0.2883.91 Mobile Safari/537.36"
64.233.173.138 - - [13/Jun/2017:12:03:39 +0530] "GET /favicon.ico HTTP/1.1" 200 1189 "http://www.cdmindia.gov.in/project_details_view.php?id=1399" "Mozilla/5.0 (Linux; Android 7.1.1; ONEPLUS A3003 Build/NMF26F) AppleWebKit/537.36 (KHTML, like Gecko) Chrome/55.0.2883.91 Mobile Safari/537.36"
64.233.173.138 - - [13/Jun/2017:12:06:12 +0530] "GET /includes/ncdma.css HTTP/1.1" 200 13023 "https://www.google.co.in/" "Mozilla/5.0 (Linux; Android 7.0; Moto G (4) Build/NPJS25.93-14-4) AppleWebKit/537.36 (KHTML, like Gecko) Chrome/55.0.2883.91 Mobile Safari/537.36"
64.233.173.136 - - [13/Jun/2017:12:06:12 +0530] "GET /ncdma.css HTTP/1.1" 200 12640 "https://www.google.co.in/" "Mozilla/5.0 (Linux; Android 7.0; Moto G (4) Build/NPJS25.93-14-4) AppleWebKit/537.36 (KHTML, like Gecko) Chrome/55.0.2883.91 Mobile Safari/537.36"
64.233.173.138 - - [13/Jun/2017:12:06:12 +0530] "GET /project_details_view.php?id=426 HTTP/1.1" 200 14092 "https://www.google.co.in/" "Mozilla/5.0 (Linux; Android 7.0; Moto G (4) Build/NPJS25.93-14-4) AppleWebKit/537.36 (KHTML, like Gecko) Chrome/55.0.2883.91 Mobile Safari/537.36"
64.233.173.137 - - [13/Jun/2017:12:06:12 +0530] "GET /images/spacer.gif HTTP/1.1" 200 43 "http://www.cdmindia.gov.in/project_details_view.php?id=426" "Mozilla/5.0 (Linux; Android 7.0; Moto G (4) Build/NPJS25.93-14-4) AppleWebKit/537.36 (KHTML, like Gecko) Chrome/55.0.2883.91 Mobile Safari/537.36"
64.233.173.136 - - [13/Jun/2017:12:06:12 +0530] "GET /images/bullet4.gif HTTP/1.1" 200 67 "http://www.cdmindia.gov.in/project_details_view.php?id=426" "Mozilla/5.0 (Linux; Android 7.0; Moto G (4) Build/NPJS25.93-14-4) AppleWebKit/537.36 (KHTML, like Gecko) Chrome/55.0.2883.91 Mobile Safari/537.36"
64.233.173.136 - - [13/Jun/2017:12:06:12 +0530] "GET /images/bulllet2.gif HTTP/1.1" 200 58 "http://www.cdmindia.gov.in/project_details_view.php?id=426" "Mozilla/5.0 (Linux; Android 7.0; Moto G (4) Build/NPJS25.93-14-4) AppleWebKit/537.36 (KHTML, like Gecko) Chrome/55.0.2883.91 Mobile Safari/537.36"
64.233.173.137 - - [13/Jun/2017:12:06:12 +0530] "GET /images/fdm.jpg HTTP/1.1" 200 2043 "http://www.cdmindia.gov.in/project_details_view.php?id=426" "Mozilla/5.0 (Linux; Android 7.0; Moto G (4) Build/NPJS25.93-14-4) AppleWebKit/537.36 (KHTML, like Gecko) Chrome/55.0.2883.91 Mobile Safari/537.36"
64.233.173.137 - - [13/Jun/2017:12:06:12 +0530] "GET /images/gtz.jpg HTTP/1.1" 200 15484 "http://www.cdmindia.gov.in/project_details_view.php?id=426" "Mozilla/5.0 (Linux; Android 7.0; Moto G (4) Build/NPJS25.93-14-4) AppleWebKit/537.36 (KHTML, like Gecko) Chrome/55.0.2883.91 Mobile Safari/537.36"
64.233.173.136 - - [13/Jun/2017:12:06:12 +0530] "GET /images/img3.jpg HTTP/1.1" 200 26957 "http://www.cdmindia.gov.in/project_details_view.php?id=426" "Mozilla/5.0 (Linux; Android 7.0; Moto G (4) Build/NPJS25.93-14-4) AppleWebKit/537.36 (KHTML, like Gecko) Chrome/55.0.2883.91 Mobile Safari/537.36"
64.233.173.138 - - [13/Jun/2017:12:06:12 +0530] "GET /images/bullet1.gif HTTP/1.1" 200 67 "http://www.cdmindia.gov.in/project_details_view.php?id=426" "Mozilla/5.0 (Linux; Android 7.0; Moto G (4) Build/NPJS25.93-14-4) AppleWebKit/537.36 (KHTML, like Gecko) Chrome/55.0.2883.91 Mobile Safari/537.36"
64.233.173.138 - - [13/Jun/2017:12:06:12 +0530] "GET /images/img2.jpg HTTP/1.1" 200 16276 "http://www.cdmindia.gov.in/project_details_view.php?id=426" "Mozilla/5.0 (Linux; Android 7.0; Moto G (4) Build/NPJS25.93-14-4) AppleWebKit/537.36 (KHTML, like Gecko) Chrome/55.0.2883.91 Mobile Safari/537.36"
64.233.173.137 - - [13/Jun/2017:12:06:13 +0530] "GET /Scripts/AC_RunActiveContent.js HTTP/1.1" 200 8321 "https://www.google.co.in/" "Mozilla/5.0 (Linux; Android 7.0; Moto G (4) Build/NPJS25.93-14-4) AppleWebKit/537.36 (KHTML, like Gecko) Chrome/55.0.2883.91 Mobile Safari/537.36"
64.233.173.136 - - [13/Jun/2017:12:06:13 +0530] "GET /images/img1.jpg HTTP/1.1" 200 1251 "http://www.cdmindia.gov.in/project_details_view.php?id=426" "Mozilla/5.0 (Linux; Android 7.0; Moto G (4) Build/NPJS25.93-14-4) AppleWebKit/537.36 (KHTML, like Gecko) Chrome/55.0.2883.91 Mobile Safari/537.36"
64.233.173.137 - - [13/Jun/2017:12:06:13 +0530] "GET /images/fbg.jpg HTTP/1.1" 200 325 "http://www.cdmindia.gov.in/project_details_view.php?id=426" "Mozilla/5.0 (Linux; Android 7.0; Moto G (4) Build/NPJS25.93-14-4) AppleWebKit/537.36 (KHTML, like Gecko) Chrome/55.0.2883.91 Mobile Safari/537.36"
64.233.173.137 - - [13/Jun/2017:12:06:14 +0530] "GET /favicon.ico HTTP/1.1" 200 1189 "http://www.cdmindia.gov.in/project_details_view.php?id=426" "Mozilla/5.0 (Linux; Android 7.0; Moto G (4) Build/NPJS25.93-14-4) AppleWebKit/537.36 (KHTML, like Gecko) Chrome/55.0.2883.91 Mobile Safari/537.36"
64.233.173.138 - - [13/Jun/2017:12:06:59 +0530] "GET /contactus.php HTTP/1.1" 200 18293 "http://www.cdmindia.gov.in/project_details_view.php?id=426" "Mozilla/5.0 (Linux; Android 7.0; Moto G (4) Build/NPJS25.93-14-4) AppleWebKit/537.36 (KHTML, like Gecko) Chrome/55.0.2883.91 Mobile Safari/537.36"
64.233.173.136 - - [13/Jun/2017:12:07:00 +0530] "GET /js/index_validations.js HTTP/1.1" 200 3143 "http://www.cdmindia.gov.in/contactus.php" "Mozilla/5.0 (Linux; Android 7.0; Moto G (4) Build/NPJS25.93-14-4) AppleWebKit/537.36 (KHTML, like Gecko) Chrome/55.0.2883.91 Mobile Safari/537.36"
64.233.173.138 - - [13/Jun/2017:12:07:00 +0530] "GET /images/h_contactus.jpg HTTP/1.1" 200 21787 "http://www.cdmindia.gov.in/contactus.php" "Mozilla/5.0 (Linux; Android 7.0; Moto G (4) Build/NPJS25.93-14-4) AppleWebKit/537.36 (KHTML, like Gecko) Chrome/55.0.2883.91 Mobile Safari/537.36"
64.233.173.136 - - [13/Jun/2017:12:07:00 +0530] "GET /images/login1.jpg HTTP/1.1" 200 618 "http://www.cdmindia.gov.in/contactus.php" "Mozilla/5.0 (Linux; Android 7.0; Moto G (4) Build/NPJS25.93-14-4) AppleWebKit/537.36 (KHTML, like Gecko) Chrome/55.0.2883.91 Mobile Safari/537.36"
64.233.173.136 - - [13/Jun/2017:12:07:00 +0530] "GET /images/bullet3.gif HTTP/1.1" 200 58 "http://www.cdmindia.gov.in/contactus.php" "Mozilla/5.0 (Linux; Android 7.0; Moto G (4) Build/NPJS25.93-14-4) AppleWebKit/537.36 (KHTML, like Gecko) Chrome/55.0.2883.91 Mobile Safari/537.36"
64.233.173.136 - - [13/Jun/2017:12:07:00 +0530] "GET /images/fe.jpg HTTP/1.1" 200 1429 "http://www.cdmindia.gov.in/contactus.php" "Mozilla/5.0 (Linux; Android 7.0; Moto G (4) Build/NPJS25.93-14-4) AppleWebKit/537.36 (KHTML, like Gecko) Chrome/55.0.2883.91 Mobile Safari/537.36"
64.233.173.136 - - [13/Jun/2017:12:07:01 +0530] "GET /images/login.jpg HTTP/1.1" 200 1044 "http://www.cdmindia.gov.in/contactus.php" "Mozilla/5.0 (Linux; Android 7.0; Moto G (4) Build/NPJS25.93-14-4) AppleWebKit/537.36 (KHTML, like Gecko) Chrome/55.0.2883.91 Mobile Safari/537.36"
111.93.251.186 - - [13/Jun/2017:12:07:00 +0530] "GET /Approved_proj_reports_list_details.php?id=1&reporttype=1&scale=&sdt=2005-01-01&edt=2017-05-29&exec=&page=82 HTTP/1.1" 200 17577 "http://www.cdmindia.gov.in/Approved_proj_reports_list_details.php?id=1&reporttype=1&scale=&sdt=2005-01-01&edt=2017-05-29&exec=&page=81" "Mozilla/5.0 (Windows NT 10.0; Win64; x64) AppleWebKit/537.36 (KHTML, like Gecko) Chrome/58.0.3029.110 Safari/537.36"
111.93.251.186 - - [13/Jun/2017:12:07:06 +0530] "GET /project_details_view.php?id=242&oid=1&page=82&reporttype=1 HTTP/1.1" 200 15108 "http://www.cdmindia.gov.in/Approved_proj_reports_list_details.php?id=1&reporttype=1&scale=&sdt=2005-01-01&edt=2017-05-29&exec=&page=82" "Mozilla/5.0 (Windows NT 10.0; Win64; x64) AppleWebKit/537.36 (KHTML, like Gecko) Chrome/58.0.3029.110 Safari/537.36"
64.233.173.137 - - [13/Jun/2017:12:07:12 +0530] "GET /project_details_view.php?id=426 HTTP/1.1" 200 14092 "https://www.google.co.in/" "Mozilla/5.0 (Linux; Android 7.0; Moto G (4) Build/NPJS25.93-14-4) AppleWebKit/537.36 (KHTML, like Gecko) Chrome/55.0.2883.91 Mobile Safari/537.36"
111.93.251.186 - - [13/Jun/2017:12:07:45 +0530] "GET /Approved_proj_reports_list_details.php?id=1&reporttype=1&scale=&sdt=2005-01-01&edt=2017-05-29&exec=&page=82 HTTP/1.1" 200 17577 "http://www.cdmindia.gov.in/Approved_proj_reports_list_details.php?id=1&reporttype=1&scale=&sdt=2005-01-01&edt=2017-05-29&exec=&page=81" "Mozilla/5.0 (Windows NT 10.0; Win64; x64) AppleWebKit/537.36 (KHTML, like Gecko) Chrome/58.0.3029.110 Safari/537.36"
111.93.251.186 - - [13/Jun/2017:12:07:49 +0530] "GET /project_details_view.php?id=232&oid=1&page=82&reporttype=1 HTTP/1.1" 200 14774 "http://www.cdmindia.gov.in/Approved_proj_reports_list_details.php?id=1&reporttype=1&scale=&sdt=2005-01-01&edt=2017-05-29&exec=&page=82" "Mozilla/5.0 (Windows NT 10.0; Win64; x64) AppleWebKit/537.36 (KHTML, like Gecko) Chrome/58.0.3029.110 Safari/537.36"
54.173.165.103 - - [13/Jun/2017:12:08:00 +0530] "GET / HTTP/1.1" 200 19481 "-" "Mozilla/5.0 (X11; Linux x86_64) AppleWebKit/537.36 (KHTML, like Gecko) Chrome/43.0.2357.134 Safari/537.36 http://notifyninja.com/monitoring"
111.93.251.186 - - [13/Jun/2017:12:08:34 +0530] "GET /Approved_proj_reports_list_details.php?id=1&reporttype=1&scale=&sdt=2005-01-01&edt=2017-05-29&exec=&page=82 HTTP/1.1" 200 17577 "http://www.cdmindia.gov.in/Approved_proj_reports_list_details.php?id=1&reporttype=1&scale=&sdt=2005-01-01&edt=2017-05-29&exec=&page=81" "Mozilla/5.0 (Windows NT 10.0; Win64; x64) AppleWebKit/537.36 (KHTML, like Gecko) Chrome/58.0.3029.110 Safari/537.36"
111.93.251.186 - - [13/Jun/2017:12:08:38 +0530] "GET /project_details_view.php?id=230&oid=1&page=82&reporttype=1 HTTP/1.1" 200 17460 "http://www.cdmindia.gov.in/Approved_proj_reports_list_details.php?id=1&reporttype=1&scale=&sdt=2005-01-01&edt=2017-05-29&exec=&page=82" "Mozilla/5.0 (Windows NT 10.0; Win64; x64) AppleWebKit/537.36 (KHTML, like Gecko) Chrome/58.0.3029.110 Safari/537.36"
116.206.202.16 - - [13/Jun/2017:12:08:59 +0530] "GET / HTTP/1.1" 200 19481 "-" "Mozilla/5.0 (Windows NT 10.0; WOW64; rv:53.0) Gecko/20100101 Firefox/53.0"
116.206.202.16 - - [13/Jun/2017:12:08:59 +0530] "GET /includes/ncdma.css HTTP/1.1" 200 13023 "http://www.cdmindia.gov.in/" "Mozilla/5.0 (Windows NT 10.0; WOW64; rv:53.0) Gecko/20100101 Firefox/53.0"
116.206.202.16 - - [13/Jun/2017:12:08:59 +0530] "GET /js/base64_encode.js HTTP/1.1" 200 3002 "http://www.cdmindia.gov.in/" "Mozilla/5.0 (Windows NT 10.0; WOW64; rv:53.0) Gecko/20100101 Firefox/53.0"
116.206.202.16 - - [13/Jun/2017:12:08:59 +0530] "GET /Scripts/AC_RunActiveContent.js HTTP/1.1" 200 8321 "http://www.cdmindia.gov.in/" "Mozilla/5.0 (Windows NT 10.0; WOW64; rv:53.0) Gecko/20100101 Firefox/53.0"
116.206.202.16 - - [13/Jun/2017:12:08:59 +0530] "GET /js/md5.js HTTP/1.1" 200 13194 "http://www.cdmindia.gov.in/" "Mozilla/5.0 (Windows NT 10.0; WOW64; rv:53.0) Gecko/20100101 Firefox/53.0"
116.206.202.16 - - [13/Jun/2017:12:08:59 +0530] "GET /ncdma.css HTTP/1.1" 200 12640 "http://www.cdmindia.gov.in/" "Mozilla/5.0 (Windows NT 10.0; WOW64; rv:53.0) Gecko/20100101 Firefox/53.0"
116.206.202.16 - - [13/Jun/2017:12:08:59 +0530] "GET /images/img2.jpg HTTP/1.1" 200 16276 "http://www.cdmindia.gov.in/" "Mozilla/5.0 (Windows NT 10.0; WOW64; rv:53.0) Gecko/20100101 Firefox/53.0"
116.206.202.16 - - [13/Jun/2017:12:08:59 +0530] "GET /images/spacer.gif HTTP/1.1" 200 43 "http://www.cdmindia.gov.in/" "Mozilla/5.0 (Windows NT 10.0; WOW64; rv:53.0) Gecko/20100101 Firefox/53.0"
116.206.202.16 - - [13/Jun/2017:12:08:59 +0530] "GET /images/bullet4.gif HTTP/1.1" 200 67 "http://www.cdmindia.gov.in/" "Mozilla/5.0 (Windows NT 10.0; WOW64; rv:53.0) Gecko/20100101 Firefox/53.0"
116.206.202.16 - - [13/Jun/2017:12:09:00 +0530] "GET /images/bullet1.gif HTTP/1.1" 200 67 "http://www.cdmindia.gov.in/" "Mozilla/5.0 (Windows NT 10.0; WOW64; rv:53.0) Gecko/20100101 Firefox/53.0"
116.206.202.16 - - [13/Jun/2017:12:09:00 +0530] "GET /images/bulllet2.gif HTTP/1.1" 200 58 "http://www.cdmindia.gov.in/" "Mozilla/5.0 (Windows NT 10.0; WOW64; rv:53.0) Gecko/20100101 Firefox/53.0"
116.206.202.16 - - [13/Jun/2017:12:09:00 +0530] "GET /images/img3.jpg HTTP/1.1" 200 26957 "http://www.cdmindia.gov.in/" "Mozilla/5.0 (Windows NT 10.0; WOW64; rv:53.0) Gecko/20100101 Firefox/53.0"
116.206.202.16 - - [13/Jun/2017:12:09:00 +0530] "GET /images/login1.jpg HTTP/1.1" 200 618 "http://www.cdmindia.gov.in/" "Mozilla/5.0 (Windows NT 10.0; WOW64; rv:53.0) Gecko/20100101 Firefox/53.0"
116.206.202.16 - - [13/Jun/2017:12:09:00 +0530] "GET /images/bullet3.gif HTTP/1.1" 200 58 "http://www.cdmindia.gov.in/" "Mozilla/5.0 (Windows NT 10.0; WOW64; rv:53.0) Gecko/20100101 Firefox/53.0"
116.206.202.16 - - [13/Jun/2017:12:09:00 +0530] "GET /images/fdm.jpg HTTP/1.1" 200 2043 "http://www.cdmindia.gov.in/" "Mozilla/5.0 (Windows NT 10.0; WOW64; rv:53.0) Gecko/20100101 Firefox/53.0"
116.206.202.16 - - [13/Jun/2017:12:09:00 +0530] "GET /images/fe.jpg HTTP/1.1" 200 1429 "http://www.cdmindia.gov.in/" "Mozilla/5.0 (Windows NT 10.0; WOW64; rv:53.0) Gecko/20100101 Firefox/53.0"
116.206.202.16 - - [13/Jun/2017:12:09:00 +0530] "GET /images/gtz.jpg HTTP/1.1" 200 15484 "http://www.cdmindia.gov.in/" "Mozilla/5.0 (Windows NT 10.0; WOW64; rv:53.0) Gecko/20100101 Firefox/53.0"
116.206.202.16 - - [13/Jun/2017:12:09:00 +0530] "GET /images/login.jpg HTTP/1.1" 200 1044 "http://www.cdmindia.gov.in/" "Mozilla/5.0 (Windows NT 10.0; WOW64; rv:53.0) Gecko/20100101 Firefox/53.0"
116.206.202.16 - - [13/Jun/2017:12:09:00 +0530] "GET /images/favicon.ico HTTP/1.1" 200 1406 "-" "Mozilla/5.0 (Windows NT 10.0; WOW64; rv:53.0) Gecko/20100101 Firefox/53.0"
116.206.202.16 - - [13/Jun/2017:12:09:00 +0530] "GET /images/midbanner.swf HTTP/1.1" 200 285833 "http://www.cdmindia.gov.in/" "Mozilla/5.0 (Windows NT 10.0; WOW64; rv:53.0) Gecko/20100101 Firefox/53.0"
116.206.202.16 - - [13/Jun/2017:12:09:00 +0530] "GET /images/img1.jpg HTTP/1.1" 200 1251 "http://www.cdmindia.gov.in/" "Mozilla/5.0 (Windows NT 10.0; WOW64; rv:53.0) Gecko/20100101 Firefox/53.0"
116.206.202.16 - - [13/Jun/2017:12:09:01 +0530] "GET /images/fbg.jpg HTTP/1.1" 200 325 "http://www.cdmindia.gov.in/" "Mozilla/5.0 (Windows NT 10.0; WOW64; rv:53.0) Gecko/20100101 Firefox/53.0"
111.93.251.186 - - [13/Jun/2017:12:09:43 +0530] "GET /Approved_proj_reports_list_details.php?id=1&reporttype=1&scale=&sdt=2005-01-01&edt=2017-05-29&exec=&page=82 HTTP/1.1" 200 17577 "http://www.cdmindia.gov.in/Approved_proj_reports_list_details.php?id=1&reporttype=1&scale=&sdt=2005-01-01&edt=2017-05-29&exec=&page=81" "Mozilla/5.0 (Windows NT 10.0; Win64; x64) AppleWebKit/537.36 (KHTML, like Gecko) Chrome/58.0.3029.110 Safari/537.36"
111.93.251.186 - - [13/Jun/2017:12:09:46 +0530] "GET /project_details_view.php?id=228&oid=1&page=82&reporttype=1 HTTP/1.1" 200 14938 "http://www.cdmindia.gov.in/Approved_proj_reports_list_details.php?id=1&reporttype=1&scale=&sdt=2005-01-01&edt=2017-05-29&exec=&page=82" "Mozilla/5.0 (Windows NT 10.0; Win64; x64) AppleWebKit/537.36 (KHTML, like Gecko) Chrome/58.0.3029.110 Safari/537.36"
111.93.251.186 - - [13/Jun/2017:12:10:24 +0530] "GET /Approved_proj_reports_list_details.php?id=1&reporttype=1&scale=&sdt=2005-01-01&edt=2017-05-29&exec=&page=82 HTTP/1.1" 200 17577 "http://www.cdmindia.gov.in/Approved_proj_reports_list_details.php?id=1&reporttype=1&scale=&sdt=2005-01-01&edt=2017-05-29&exec=&page=81" "Mozilla/5.0 (Windows NT 10.0; Win64; x64) AppleWebKit/537.36 (KHTML, like Gecko) Chrome/58.0.3029.110 Safari/537.36"
111.93.251.186 - - [13/Jun/2017:12:10:27 +0530] "GET /project_details_view.php?id=226&oid=1&page=82&reporttype=1 HTTP/1.1" 200 13978 "http://www.cdmindia.gov.in/Approved_proj_reports_list_details.php?id=1&reporttype=1&scale=&sdt=2005-01-01&edt=2017-05-29&exec=&page=82" "Mozilla/5.0 (Windows NT 10.0; Win64; x64) AppleWebKit/537.36 (KHTML, like Gecko) Chrome/58.0.3029.110 Safari/537.36"
111.93.251.186 - - [13/Jun/2017:12:11:13 +0530] "GET /Approved_proj_reports_list_details.php?id=1&reporttype=1&scale=&sdt=2005-01-01&edt=2017-05-29&exec=&page=82 HTTP/1.1" 200 17577 "http://www.cdmindia.gov.in/Approved_proj_reports_list_details.php?id=1&reporttype=1&scale=&sdt=2005-01-01&edt=2017-05-29&exec=&page=81" "Mozilla/5.0 (Windows NT 10.0; Win64; x64) AppleWebKit/537.36 (KHTML, like Gecko) Chrome/58.0.3029.110 Safari/537.36"
111.93.251.186 - - [13/Jun/2017:12:11:18 +0530] "GET /project_details_view.php?id=225&oid=1&page=82&reporttype=1 HTTP/1.1" 200 14380 "http://www.cdmindia.gov.in/Approved_proj_reports_list_details.php?id=1&reporttype=1&scale=&sdt=2005-01-01&edt=2017-05-29&exec=&page=82" "Mozilla/5.0 (Windows NT 10.0; Win64; x64) AppleWebKit/537.36 (KHTML, like Gecko) Chrome/58.0.3029.110 Safari/537.36"
157.55.39.208 - - [13/Jun/2017:12:11:38 +0530] "GET /downloads/Carbon%20Market%20Roadmap.pdf HTTP/1.1" 200 4344697 "-" "Mozilla/5.0 (compatible; bingbot/2.0; +http://www.bing.com/bingbot.htm)"
111.93.251.186 - - [13/Jun/2017:12:12:01 +0530] "GET /Approved_proj_reports_list_details.php?id=1&reporttype=1&scale=&sdt=2005-01-01&edt=2017-05-29&exec=&page=82 HTTP/1.1" 200 17577 "http://www.cdmindia.gov.in/Approved_proj_reports_list_details.php?id=1&reporttype=1&scale=&sdt=2005-01-01&edt=2017-05-29&exec=&page=81" "Mozilla/5.0 (Windows NT 10.0; Win64; x64) AppleWebKit/537.36 (KHTML, like Gecko) Chrome/58.0.3029.110 Safari/537.36"
111.93.251.186 - - [13/Jun/2017:12:12:05 +0530] "GET /Approved_proj_reports_list_details.php?id=1&reporttype=1&scale=&sdt=2005-01-01&edt=2017-05-29&exec=&page=83 HTTP/1.1" 200 17546 "http://www.cdmindia.gov.in/Approved_proj_reports_list_details.php?id=1&reporttype=1&scale=&sdt=2005-01-01&edt=2017-05-29&exec=&page=82" "Mozilla/5.0 (Windows NT 10.0; Win64; x64) AppleWebKit/537.36 (KHTML, like Gecko) Chrome/58.0.3029.110 Safari/537.36"
64.233.173.136 - - [13/Jun/2017:12:13:03 +0530] "GET /project_details_view.php?id=1258 HTTP/1.1" 200 14033 "http://www.google.co.in/" "Mozilla/5.0 (Linux; Android 5.1.1; vivo V3 Build/LMY47V) AppleWebKit/537.36 (KHTML, like Gecko) Chrome/58.0.3029.83 Mobile Safari/537.36"
64.233.173.138 - - [13/Jun/2017:12:13:04 +0530] "GET /images/bullet4.gif HTTP/1.1" 200 67 "http://www.cdmindia.gov.in/project_details_view.php?id=1258" "Mozilla/5.0 (Linux; Android 5.1.1; vivo V3 Build/LMY47V) AppleWebKit/537.36 (KHTML, like Gecko) Chrome/58.0.3029.83 Mobile Safari/537.36"
64.233.173.137 - - [13/Jun/2017:12:13:04 +0530] "GET /images/fdm.jpg HTTP/1.1" 200 2043 "http://www.cdmindia.gov.in/project_details_view.php?id=1258" "Mozilla/5.0 (Linux; Android 5.1.1; vivo V3 Build/LMY47V) AppleWebKit/537.36 (KHTML, like Gecko) Chrome/58.0.3029.83 Mobile Safari/537.36"
64.233.173.137 - - [13/Jun/2017:12:13:04 +0530] "GET /ncdma.css HTTP/1.1" 200 12640 "http://www.cdmindia.gov.in/project_details_view.php?id=1258" "Mozilla/5.0 (Linux; Android 5.1.1; vivo V3 Build/LMY47V) AppleWebKit/537.36 (KHTML, like Gecko) Chrome/58.0.3029.83 Mobile Safari/537.36"
64.233.173.136 - - [13/Jun/2017:12:13:04 +0530] "GET /images/gtz.jpg HTTP/1.1" 200 15484 "http://www.cdmindia.gov.in/project_details_view.php?id=1258" "Mozilla/5.0 (Linux; Android 5.1.1; vivo V3 Build/LMY47V) AppleWebKit/537.36 (KHTML, like Gecko) Chrome/58.0.3029.83 Mobile Safari/537.36"
64.233.173.137 - - [13/Jun/2017:12:13:04 +0530] "GET /images/spacer.gif HTTP/1.1" 200 43 "http://www.cdmindia.gov.in/project_details_view.php?id=1258" "Mozilla/5.0 (Linux; Android 5.1.1; vivo V3 Build/LMY47V) AppleWebKit/537.36 (KHTML, like Gecko) Chrome/58.0.3029.83 Mobile Safari/537.36"
64.233.173.137 - - [13/Jun/2017:12:13:04 +0530] "GET /images/img2.jpg HTTP/1.1" 200 16276 "http://www.cdmindia.gov.in/project_details_view.php?id=1258" "Mozilla/5.0 (Linux; Android 5.1.1; vivo V3 Build/LMY47V) AppleWebKit/537.36 (KHTML, like Gecko) Chrome/58.0.3029.83 Mobile Safari/537.36"
64.233.173.138 - - [13/Jun/2017:12:13:05 +0530] "GET /images/bullet1.gif HTTP/1.1" 200 67 "http://www.cdmindia.gov.in/project_details_view.php?id=1258" "Mozilla/5.0 (Linux; Android 5.1.1; vivo V3 Build/LMY47V) AppleWebKit/537.36 (KHTML, like Gecko) Chrome/58.0.3029.83 Mobile Safari/537.36"
64.233.173.136 - - [13/Jun/2017:12:13:05 +0530] "GET /images/img3.jpg HTTP/1.1" 200 26957 "http://www.cdmindia.gov.in/project_details_view.php?id=1258" "Mozilla/5.0 (Linux; Android 5.1.1; vivo V3 Build/LMY47V) AppleWebKit/537.36 (KHTML, like Gecko) Chrome/58.0.3029.83 Mobile Safari/537.36"
64.233.173.137 - - [13/Jun/2017:12:13:05 +0530] "GET /Scripts/AC_RunActiveContent.js HTTP/1.1" 200 8321 "http://www.cdmindia.gov.in/project_details_view.php?id=1258" "Mozilla/5.0 (Linux; Android 5.1.1; vivo V3 Build/LMY47V) AppleWebKit/537.36 (KHTML, like Gecko) Chrome/58.0.3029.83 Mobile Safari/537.36"
64.233.173.136 - - [13/Jun/2017:12:13:05 +0530] "GET /images/bulllet2.gif HTTP/1.1" 200 58 "http://www.cdmindia.gov.in/project_details_view.php?id=1258" "Mozilla/5.0 (Linux; Android 5.1.1; vivo V3 Build/LMY47V) AppleWebKit/537.36 (KHTML, like Gecko) Chrome/58.0.3029.83 Mobile Safari/537.36"
64.233.173.136 - - [13/Jun/2017:12:13:05 +0530] "GET /includes/ncdma.css HTTP/1.1" 200 13023 "http://www.cdmindia.gov.in/project_details_view.php?id=1258" "Mozilla/5.0 (Linux; Android 5.1.1; vivo V3 Build/LMY47V) AppleWebKit/537.36 (KHTML, like Gecko) Chrome/58.0.3029.83 Mobile Safari/537.36"
64.233.173.138 - - [13/Jun/2017:12:13:06 +0530] "GET /images/img1.jpg HTTP/1.1" 200 1251 "http://www.cdmindia.gov.in/project_details_view.php?id=1258" "Mozilla/5.0 (Linux; Android 5.1.1; vivo V3 Build/LMY47V) AppleWebKit/537.36 (KHTML, like Gecko) Chrome/58.0.3029.83 Mobile Safari/537.36"
64.233.173.136 - - [13/Jun/2017:12:13:06 +0530] "GET /images/fbg.jpg HTTP/1.1" 200 325 "http://www.cdmindia.gov.in/project_details_view.php?id=1258" "Mozilla/5.0 (Linux; Android 5.1.1; vivo V3 Build/LMY47V) AppleWebKit/537.36 (KHTML, like Gecko) Chrome/58.0.3029.83 Mobile Safari/537.36"
64.233.173.136 - - [13/Jun/2017:12:13:06 +0530] "GET /favicon.ico HTTP/1.1" 200 1189 "http://www.cdmindia.gov.in/project_details_view.php?id=1258" "Mozilla/5.0 (Linux; Android 5.1.1; vivo V3 Build/LMY47V) AppleWebKit/537.36 (KHTML, like Gecko) Chrome/58.0.3029.83 Mobile Safari/537.36"
168.235.195.148 - - [13/Jun/2017:12:13:50 +0530] "GET /project_details_view.php?id=1258 HTTP/1.1" 200 14033 "http://www.google.co.in/search?site=webhp&source=hp&ei=h4k_WZ2-BYnavgST36CIDw&gs_ssp=eJzj4tDP1TdIKYo3AQALCwJ3&q=tidong+hydro+power+limited&oq=tidong+&gs_l=mobile-gws-hp.1.0.0j0i10k1j0l2j0i10k1.4790.9885.1.11779.8.5.2.2.2.0.359.1676.3-5.5.0....0...1.1.64.mobile-gws-hp..0.8.1595.3..41j0i131k1.s7_uDc7u36k" "Mozilla/5.0 (Linux; U; Android 5.0.2; en-US; vivo Y51L Build/LRX22G) AppleWebKit/534.30 (KHTML, like Gecko) Version/4.0 UCBrowser/11.3.2.960 U3/0.8.0 Mobile Safari/534.30"
168.235.195.148 - - [13/Jun/2017:12:13:50 +0530] "GET /ncdma.css HTTP/1.1" 304 - "http://www.cdmindia.gov.in/project_details_view.php?id=1258" "Mozilla/5.0 (Linux; U; Android 5.0.2; en-US; vivo Y51L Build/LRX22G) AppleWebKit/534.30 (KHTML, like Gecko) Version/4.0 UCBrowser/11.3.2.960 U3/0.8.0 Mobile Safari/534.30"
168.235.195.148 - - [13/Jun/2017:12:13:50 +0530] "GET /Scripts/AC_RunActiveContent.js HTTP/1.1" 304 - "http://www.cdmindia.gov.in/project_details_view.php?id=1258" "Mozilla/5.0 (Linux; U; Android 5.0.2; en-US; vivo Y51L Build/LRX22G) AppleWebKit/534.30 (KHTML, like Gecko) Version/4.0 UCBrowser/11.3.2.960 U3/0.8.0 Mobile Safari/534.30"
168.235.195.148 - - [13/Jun/2017:12:13:50 +0530] "GET /images/bullet1.gif HTTP/1.1" 304 - "http://www.cdmindia.gov.in/project_details_view.php?id=1258" "Mozilla/5.0 (Linux; U; Android 5.0.2; en-US; vivo Y51L Build/LRX22G) AppleWebKit/534.30 (KHTML, like Gecko) Version/4.0 UCBrowser/11.3.2.960 U3/0.8.0 Mobile Safari/534.30"
168.235.195.148 - - [13/Jun/2017:12:13:50 +0530] "GET /includes/ncdma.css HTTP/1.1" 304 - "http://www.cdmindia.gov.in/project_details_view.php?id=1258" "Mozilla/5.0 (Linux; U; Android 5.0.2; en-US; vivo Y51L Build/LRX22G) AppleWebKit/534.30 (KHTML, like Gecko) Version/4.0 UCBrowser/11.3.2.960 U3/0.8.0 Mobile Safari/534.30"
168.235.195.148 - - [13/Jun/2017:12:13:50 +0530] "GET /images/spacer.gif HTTP/1.1" 304 - "http://www.cdmindia.gov.in/project_details_view.php?id=1258" "Mozilla/5.0 (Linux; U; Android 5.0.2; en-US; vivo Y51L Build/LRX22G) AppleWebKit/534.30 (KHTML, like Gecko) Version/4.0 UCBrowser/11.3.2.960 U3/0.8.0 Mobile Safari/534.30"
168.235.195.148 - - [13/Jun/2017:12:13:50 +0530] "GET /images/bulllet2.gif HTTP/1.1" 304 - "http://www.cdmindia.gov.in/project_details_view.php?id=1258" "Mozilla/5.0 (Linux; U; Android 5.0.2; en-US; vivo Y51L Build/LRX22G) AppleWebKit/534.30 (KHTML, like Gecko) Version/4.0 UCBrowser/11.3.2.960 U3/0.8.0 Mobile Safari/534.30"
168.235.195.148 - - [13/Jun/2017:12:13:50 +0530] "GET /images/bullet4.gif HTTP/1.1" 304 - "http://www.cdmindia.gov.in/project_details_view.php?id=1258" "Mozilla/5.0 (Linux; U; Android 5.0.2; en-US; vivo Y51L Build/LRX22G) AppleWebKit/534.30 (KHTML, like Gecko) Version/4.0 UCBrowser/11.3.2.960 U3/0.8.0 Mobile Safari/534.30"
168.235.195.148 - - [13/Jun/2017:12:13:52 +0530] "GET /images/favicon.ico HTTP/1.1" 304 - "http://www.cdmindia.gov.in/project_details_view.php?id=1258" "Mozilla/5.0 (Linux; U; Android 5.0.2; en-US; vivo Y51L Build/LRX22G) AppleWebKit/534.30 (KHTML, like Gecko) Version/4.0 UCBrowser/11.3.2.960 U3/0.8.0 Mobile Safari/534.30"
107.167.107.95 - - [13/Jun/2017:12:16:05 +0530] "GET /project_details_view.php?id=426 HTTP/1.1" 200 14092 "http://www.google.co.in/search?q=kakkayam+generating+station&btnG=&client=ms-opera-mini-android" "Opera/9.80 (Android; Opera Mini/26.0.2254/64.199; U; en) Presto/2.12.423 Version/12.16"
107.167.107.95 - - [13/Jun/2017:12:16:05 +0530] "GET /includes/ncdma.css HTTP/1.1" 200 13023 "http://www.cdmindia.gov.in/project_details_view.php?id=426" "Opera/9.80 (Android; Opera Mini/26.0.2254/64.199; U; en) Presto/2.12.423 Version/12.16"
107.167.107.95 - - [13/Jun/2017:12:16:05 +0530] "GET /Scripts/AC_RunActiveContent.js HTTP/1.1" 200 8321 "http://www.cdmindia.gov.in/project_details_view.php?id=426" "Opera/9.80 (Android; Opera Mini/26.0.2254/64.199; U; en) Presto/2.12.423 Version/12.16"
107.167.107.95 - - [13/Jun/2017:12:16:06 +0530] "GET /images/fbg.jpg HTTP/1.1" 200 325 "http://www.cdmindia.gov.in/project_details_view.php?id=426" "Opera/9.80 (Android; Opera Mini/26.0.2254/64.199; U; en) Presto/2.12.423 Version/12.16"
107.167.107.95 - - [13/Jun/2017:12:16:06 +0530] "GET /ncdma.css HTTP/1.1" 200 12640 "http://www.cdmindia.gov.in/project_details_view.php?id=426" "Opera/9.80 (Android; Opera Mini/26.0.2254/64.199; U; en) Presto/2.12.423 Version/12.16"
107.167.107.95 - - [13/Jun/2017:12:16:06 +0530] "GET /images/img2.jpg HTTP/1.1" 200 16276 "http://www.cdmindia.gov.in/project_details_view.php?id=426" "Opera/9.80 (Android; Opera Mini/26.0.2254/64.199; U; en) Presto/2.12.423 Version/12.16"
107.167.107.95 - - [13/Jun/2017:12:16:06 +0530] "GET /images/bullet4.gif HTTP/1.1" 200 67 "http://www.cdmindia.gov.in/project_details_view.php?id=426" "Opera/9.80 (Android; Opera Mini/26.0.2254/64.199; U; en) Presto/2.12.423 Version/12.16"
107.167.107.95 - - [13/Jun/2017:12:16:06 +0530] "GET /images/img1.jpg HTTP/1.1" 200 1251 "http://www.cdmindia.gov.in/project_details_view.php?id=426" "Opera/9.80 (Android; Opera Mini/26.0.2254/64.199; U; en) Presto/2.12.423 Version/12.16"
107.167.107.95 - - [13/Jun/2017:12:16:06 +0530] "GET /images/img3.jpg HTTP/1.1" 200 26957 "http://www.cdmindia.gov.in/project_details_view.php?id=426" "Opera/9.80 (Android; Opera Mini/26.0.2254/64.199; U; en) Presto/2.12.423 Version/12.16"
107.167.107.95 - - [13/Jun/2017:12:16:06 +0530] "GET /images/bullet1.gif HTTP/1.1" 200 67 "http://www.cdmindia.gov.in/project_details_view.php?id=426" "Opera/9.80 (Android; Opera Mini/26.0.2254/64.199; U; en) Presto/2.12.423 Version/12.16"
107.167.107.95 - - [13/Jun/2017:12:16:06 +0530] "GET /images/gtz.jpg HTTP/1.1" 200 15484 "http://www.cdmindia.gov.in/project_details_view.php?id=426" "Opera/9.80 (Android; Opera Mini/26.0.2254/64.199; U; en) Presto/2.12.423 Version/12.16"
107.167.107.95 - - [13/Jun/2017:12:16:06 +0530] "GET /images/favicon.ico HTTP/1.1" 200 1406 "http://www.cdmindia.gov.in/project_details_view.php?id=426" "Opera/9.80 (Android; Opera Mini/26.0.2254/64.199; U; en) Presto/2.12.423 Version/12.16"
107.167.107.95 - - [13/Jun/2017:12:16:06 +0530] "GET /images/bulllet2.gif HTTP/1.1" 200 58 "http://www.cdmindia.gov.in/project_details_view.php?id=426" "Opera/9.80 (Android; Opera Mini/26.0.2254/64.199; U; en) Presto/2.12.423 Version/12.16"
107.167.107.95 - - [13/Jun/2017:12:16:07 +0530] "GET /images/spacer.gif HTTP/1.1" 200 43 "http://www.cdmindia.gov.in/project_details_view.php?id=426" "Opera/9.80 (Android; Opera Mini/26.0.2254/64.199; U; en) Presto/2.12.423 Version/12.16"
107.167.107.95 - - [13/Jun/2017:12:16:07 +0530] "GET /images/fdm.jpg HTTP/1.1" 200 2043 "http://www.cdmindia.gov.in/project_details_view.php?id=426" "Opera/9.80 (Android; Opera Mini/26.0.2254/64.199; U; en) Presto/2.12.423 Version/12.16"
116.206.202.16 - - [13/Jun/2017:12:16:27 +0530] "GET /contactus.php HTTP/1.1" 200 18293 "http://www.cdmindia.gov.in/" "Mozilla/5.0 (Windows NT 10.0; WOW64; rv:53.0) Gecko/20100101 Firefox/53.0"
116.206.202.16 - - [13/Jun/2017:12:16:27 +0530] "GET /js/index_validations.js HTTP/1.1" 200 3143 "http://www.cdmindia.gov.in/contactus.php" "Mozilla/5.0 (Windows NT 10.0; WOW64; rv:53.0) Gecko/20100101 Firefox/53.0"
116.206.202.16 - - [13/Jun/2017:12:16:29 +0530] "GET /images/h_contactus.jpg HTTP/1.1" 200 21787 "http://www.cdmindia.gov.in/contactus.php" "Mozilla/5.0 (Windows NT 10.0; WOW64; rv:53.0) Gecko/20100101 Firefox/53.0"
111.93.251.186 - - [13/Jun/2017:12:18:52 +0530] "GET /project_details_view.php?id=224&oid=1&page=83&reporttype=1 HTTP/1.1" 200 14477 "http://www.cdmindia.gov.in/Approved_proj_reports_list_details.php?id=1&reporttype=1&scale=&sdt=2005-01-01&edt=2017-05-29&exec=&page=83" "Mozilla/5.0 (Windows NT 10.0; Win64; x64) AppleWebKit/537.36 (KHTML, like Gecko) Chrome/58.0.3029.110 Safari/537.36"
111.93.251.186 - - [13/Jun/2017:12:20:38 +0530] "GET /Approved_proj_reports_list_details.php?id=1&reporttype=1&scale=&sdt=2005-01-01&edt=2017-05-29&exec=&page=83 HTTP/1.1" 200 17546 "http://www.cdmindia.gov.in/Approved_proj_reports_list_details.php?id=1&reporttype=1&scale=&sdt=2005-01-01&edt=2017-05-29&exec=&page=82" "Mozilla/5.0 (Windows NT 10.0; Win64; x64) AppleWebKit/537.36 (KHTML, like Gecko) Chrome/58.0.3029.110 Safari/537.36"
111.93.251.186 - - [13/Jun/2017:12:20:48 +0530] "GET /project_details_view.php?id=219&oid=1&page=83&reporttype=1 HTTP/1.1" 200 15126 "http://www.cdmindia.gov.in/Approved_proj_reports_list_details.php?id=1&reporttype=1&scale=&sdt=2005-01-01&edt=2017-05-29&exec=&page=83" "Mozilla/5.0 (Windows NT 10.0; Win64; x64) AppleWebKit/537.36 (KHTML, like Gecko) Chrome/58.0.3029.110 Safari/537.36"
111.93.251.186 - - [13/Jun/2017:12:21:48 +0530] "GET /Approved_proj_reports_list_details.php?id=1&reporttype=1&scale=&sdt=2005-01-01&edt=2017-05-29&exec=&page=83 HTTP/1.1" 200 17546 "http://www.cdmindia.gov.in/Approved_proj_reports_list_details.php?id=1&reporttype=1&scale=&sdt=2005-01-01&edt=2017-05-29&exec=&page=82" "Mozilla/5.0 (Windows NT 10.0; Win64; x64) AppleWebKit/537.36 (KHTML, like Gecko) Chrome/58.0.3029.110 Safari/537.36"
111.93.251.186 - - [13/Jun/2017:12:21:54 +0530] "GET /project_details_view.php?id=217&oid=1&page=83&reporttype=1 HTTP/1.1" 200 13843 "http://www.cdmindia.gov.in/Approved_proj_reports_list_details.php?id=1&reporttype=1&scale=&sdt=2005-01-01&edt=2017-05-29&exec=&page=83" "Mozilla/5.0 (Windows NT 10.0; Win64; x64) AppleWebKit/537.36 (KHTML, like Gecko) Chrome/58.0.3029.110 Safari/537.36"
111.93.251.186 - - [13/Jun/2017:12:22:45 +0530] "GET /Approved_proj_reports_list_details.php?id=1&reporttype=1&scale=&sdt=2005-01-01&edt=2017-05-29&exec=&page=83 HTTP/1.1" 200 17546 "http://www.cdmindia.gov.in/Approved_proj_reports_list_details.php?id=1&reporttype=1&scale=&sdt=2005-01-01&edt=2017-05-29&exec=&page=82" "Mozilla/5.0 (Windows NT 10.0; Win64; x64) AppleWebKit/537.36 (KHTML, like Gecko) Chrome/58.0.3029.110 Safari/537.36"
111.93.251.186 - - [13/Jun/2017:12:22:49 +0530] "GET /project_details_view.php?id=205&oid=1&page=83&reporttype=1 HTTP/1.1" 200 14609 "http://www.cdmindia.gov.in/Approved_proj_reports_list_details.php?id=1&reporttype=1&scale=&sdt=2005-01-01&edt=2017-05-29&exec=&page=83" "Mozilla/5.0 (Windows NT 10.0; Win64; x64) AppleWebKit/537.36 (KHTML, like Gecko) Chrome/58.0.3029.110 Safari/537.36"
111.93.251.186 - - [13/Jun/2017:12:23:22 +0530] "GET /Approved_proj_reports_list_details.php?id=1&reporttype=1&scale=&sdt=2005-01-01&edt=2017-05-29&exec=&page=83 HTTP/1.1" 200 17546 "http://www.cdmindia.gov.in/Approved_proj_reports_list_details.php?id=1&reporttype=1&scale=&sdt=2005-01-01&edt=2017-05-29&exec=&page=82" "Mozilla/5.0 (Windows NT 10.0; Win64; x64) AppleWebKit/537.36 (KHTML, like Gecko) Chrome/58.0.3029.110 Safari/537.36"
111.93.251.186 - - [13/Jun/2017:12:23:26 +0530] "GET /project_details_view.php?id=204&oid=1&page=83&reporttype=1 HTTP/1.1" 200 14101 "http://www.cdmindia.gov.in/Approved_proj_reports_list_details.php?id=1&reporttype=1&scale=&sdt=2005-01-01&edt=2017-05-29&exec=&page=83" "Mozilla/5.0 (Windows NT 10.0; Win64; x64) AppleWebKit/537.36 (KHTML, like Gecko) Chrome/58.0.3029.110 Safari/537.36"
180.151.86.46 - - [13/Jun/2017:12:23:45 +0530] "GET /project_details_view.php?id=1624 HTTP/1.1" 200 14036 "https://www.google.co.in/" "Mozilla/5.0 (Windows NT 6.1; Win64; x64) AppleWebKit/537.36 (KHTML, like Gecko) Chrome/58.0.3029.110 Safari/537.36"
180.151.86.46 - - [13/Jun/2017:12:23:45 +0530] "GET /includes/ncdma.css HTTP/1.1" 200 13023 "http://www.cdmindia.gov.in/project_details_view.php?id=1624" "Mozilla/5.0 (Windows NT 6.1; Win64; x64) AppleWebKit/537.36 (KHTML, like Gecko) Chrome/58.0.3029.110 Safari/537.36"
180.151.86.46 - - [13/Jun/2017:12:23:45 +0530] "GET /ncdma.css HTTP/1.1" 200 12640 "http://www.cdmindia.gov.in/project_details_view.php?id=1624" "Mozilla/5.0 (Windows NT 6.1; Win64; x64) AppleWebKit/537.36 (KHTML, like Gecko) Chrome/58.0.3029.110 Safari/537.36"
180.151.86.46 - - [13/Jun/2017:12:23:45 +0530] "GET /Scripts/AC_RunActiveContent.js HTTP/1.1" 200 8321 "http://www.cdmindia.gov.in/project_details_view.php?id=1624" "Mozilla/5.0 (Windows NT 6.1; Win64; x64) AppleWebKit/537.36 (KHTML, like Gecko) Chrome/58.0.3029.110 Safari/537.36"
180.151.86.46 - - [13/Jun/2017:12:23:45 +0530] "GET /images/img1.jpg HTTP/1.1" 200 1251 "http://www.cdmindia.gov.in/project_details_view.php?id=1624" "Mozilla/5.0 (Windows NT 6.1; Win64; x64) AppleWebKit/537.36 (KHTML, like Gecko) Chrome/58.0.3029.110 Safari/537.36"
180.151.86.46 - - [13/Jun/2017:12:23:45 +0530] "GET /images/spacer.gif HTTP/1.1" 200 43 "http://www.cdmindia.gov.in/project_details_view.php?id=1624" "Mozilla/5.0 (Windows NT 6.1; Win64; x64) AppleWebKit/537.36 (KHTML, like Gecko) Chrome/58.0.3029.110 Safari/537.36"
180.151.86.46 - - [13/Jun/2017:12:23:45 +0530] "GET /images/img2.jpg HTTP/1.1" 200 16276 "http://www.cdmindia.gov.in/project_details_view.php?id=1624" "Mozilla/5.0 (Windows NT 6.1; Win64; x64) AppleWebKit/537.36 (KHTML, like Gecko) Chrome/58.0.3029.110 Safari/537.36"
180.151.86.46 - - [13/Jun/2017:12:23:45 +0530] "GET /images/bullet1.gif HTTP/1.1" 200 67 "http://www.cdmindia.gov.in/project_details_view.php?id=1624" "Mozilla/5.0 (Windows NT 6.1; Win64; x64) AppleWebKit/537.36 (KHTML, like Gecko) Chrome/58.0.3029.110 Safari/537.36"
180.151.86.46 - - [13/Jun/2017:12:23:45 +0530] "GET /images/bulllet2.gif HTTP/1.1" 200 58 "http://www.cdmindia.gov.in/project_details_view.php?id=1624" "Mozilla/5.0 (Windows NT 6.1; Win64; x64) AppleWebKit/537.36 (KHTML, like Gecko) Chrome/58.0.3029.110 Safari/537.36"
180.151.86.46 - - [13/Jun/2017:12:23:45 +0530] "GET /images/img3.jpg HTTP/1.1" 200 26957 "http://www.cdmindia.gov.in/project_details_view.php?id=1624" "Mozilla/5.0 (Windows NT 6.1; Win64; x64) AppleWebKit/537.36 (KHTML, like Gecko) Chrome/58.0.3029.110 Safari/537.36"
180.151.86.46 - - [13/Jun/2017:12:23:46 +0530] "GET /images/bullet4.gif HTTP/1.1" 200 67 "http://www.cdmindia.gov.in/project_details_view.php?id=1624" "Mozilla/5.0 (Windows NT 6.1; Win64; x64) AppleWebKit/537.36 (KHTML, like Gecko) Chrome/58.0.3029.110 Safari/537.36"
180.151.86.46 - - [13/Jun/2017:12:23:46 +0530] "GET /images/fdm.jpg HTTP/1.1" 200 2043 "http://www.cdmindia.gov.in/project_details_view.php?id=1624" "Mozilla/5.0 (Windows NT 6.1; Win64; x64) AppleWebKit/537.36 (KHTML, like Gecko) Chrome/58.0.3029.110 Safari/537.36"
180.151.86.46 - - [13/Jun/2017:12:23:46 +0530] "GET /images/gtz.jpg HTTP/1.1" 200 15484 "http://www.cdmindia.gov.in/project_details_view.php?id=1624" "Mozilla/5.0 (Windows NT 6.1; Win64; x64) AppleWebKit/537.36 (KHTML, like Gecko) Chrome/58.0.3029.110 Safari/537.36"
180.151.86.46 - - [13/Jun/2017:12:23:46 +0530] "GET /images/fbg.jpg HTTP/1.1" 200 325 "http://www.cdmindia.gov.in/project_details_view.php?id=1624" "Mozilla/5.0 (Windows NT 6.1; Win64; x64) AppleWebKit/537.36 (KHTML, like Gecko) Chrome/58.0.3029.110 Safari/537.36"
111.93.251.186 - - [13/Jun/2017:12:24:08 +0530] "GET /Approved_proj_reports_list_details.php?id=1&reporttype=1&scale=&sdt=2005-01-01&edt=2017-05-29&exec=&page=83 HTTP/1.1" 200 17546 "http://www.cdmindia.gov.in/Approved_proj_reports_list_details.php?id=1&reporttype=1&scale=&sdt=2005-01-01&edt=2017-05-29&exec=&page=82" "Mozilla/5.0 (Windows NT 10.0; Win64; x64) AppleWebKit/537.36 (KHTML, like Gecko) Chrome/58.0.3029.110 Safari/537.36"
111.93.251.186 - - [13/Jun/2017:12:24:14 +0530] "GET /project_details_view.php?id=202&oid=1&page=83&reporttype=1 HTTP/1.1" 200 14960 "http://www.cdmindia.gov.in/Approved_proj_reports_list_details.php?id=1&reporttype=1&scale=&sdt=2005-01-01&edt=2017-05-29&exec=&page=83" "Mozilla/5.0 (Windows NT 10.0; Win64; x64) AppleWebKit/537.36 (KHTML, like Gecko) Chrome/58.0.3029.110 Safari/537.36"
49.34.156.124 - - [13/Jun/2017:12:25:01 +0530] "GET /project_details_view.php?id=2108&oid=1&page=2&reporttype=1 HTTP/1.1" 200 13973 "android-app://com.google.android.googlequicksearchbox" "Mozilla/5.0 (Linux; Android 6.0.1; vivo 1610 Build/MMB29M) AppleWebKit/537.36 (KHTML, like Gecko) Chrome/53.0.2785.124 Mobile Safari/537.36"
49.34.156.124 - - [13/Jun/2017:12:25:01 +0530] "GET /includes/ncdma.css HTTP/1.1" 200 13023 "http://www.cdmindia.gov.in/project_details_view.php?id=2108&oid=1&page=2&reporttype=1" "Mozilla/5.0 (Linux; Android 6.0.1; vivo 1610 Build/MMB29M) AppleWebKit/537.36 (KHTML, like Gecko) Chrome/53.0.2785.124 Mobile Safari/537.36"
103.232.224.223 - - [13/Jun/2017:12:25:01 +0530] "GET /project_details_view.php?id=1186 HTTP/1.1" 200 16735 "https://www.google.co.in/" "Mozilla/5.0 (Windows NT 6.1) AppleWebKit/537.36 (KHTML, like Gecko) Chrome/58.0.3029.110 Safari/537.36"
49.34.156.124 - - [13/Jun/2017:12:25:02 +0530] "GET /ncdma.css HTTP/1.1" 200 12640 "http://www.cdmindia.gov.in/project_details_view.php?id=2108&oid=1&page=2&reporttype=1" "Mozilla/5.0 (Linux; Android 6.0.1; vivo 1610 Build/MMB29M) AppleWebKit/537.36 (KHTML, like Gecko) Chrome/53.0.2785.124 Mobile Safari/537.36"
103.232.224.223 - - [13/Jun/2017:12:25:02 +0530] "GET /includes/ncdma.css HTTP/1.1" 200 13023 "-" "Mozilla/4.0 (compatible;)"
103.232.224.223 - - [13/Jun/2017:12:25:02 +0530] "GET /images/img1.jpg HTTP/1.1" 200 1251 "-" "Mozilla/4.0 (compatible;)"
49.34.156.124 - - [13/Jun/2017:12:25:02 +0530] "GET /Scripts/AC_RunActiveContent.js HTTP/1.1" 200 8321 "http://www.cdmindia.gov.in/project_details_view.php?id=2108&oid=1&page=2&reporttype=1" "Mozilla/5.0 (Linux; Android 6.0.1; vivo 1610 Build/MMB29M) AppleWebKit/537.36 (KHTML, like Gecko) Chrome/53.0.2785.124 Mobile Safari/537.36"
103.232.224.223 - - [13/Jun/2017:12:25:02 +0530] "GET /images/favicon.ico HTTP/1.1" 200 1406 "-" "Mozilla/4.0 (compatible;)"
49.34.156.124 - - [13/Jun/2017:12:25:02 +0530] "GET /images/img2.jpg HTTP/1.1" 200 16276 "http://www.cdmindia.gov.in/project_details_view.php?id=2108&oid=1&page=2&reporttype=1" "Mozilla/5.0 (Linux; Android 6.0.1; vivo 1610 Build/MMB29M) AppleWebKit/537.36 (KHTML, like Gecko) Chrome/53.0.2785.124 Mobile Safari/537.36"
103.232.224.223 - - [13/Jun/2017:12:25:02 +0530] "GET /images/img2.jpg HTTP/1.1" 200 16276 "-" "Mozilla/4.0 (compatible;)"
103.232.224.223 - - [13/Jun/2017:12:25:02 +0530] "GET /ncdma.css HTTP/1.1" 200 12640 "-" "Mozilla/4.0 (compatible;)"
103.232.224.223 - - [13/Jun/2017:12:25:02 +0530] "GET /Scripts/AC_RunActiveContent.js HTTP/1.1" 200 8321 "-" "Mozilla/4.0 (compatible;)"
103.232.224.223 - - [13/Jun/2017:12:25:02 +0530] "GET /images/spacer.gif HTTP/1.1" 200 43 "-" "Mozilla/4.0 (compatible;)"
103.232.224.223 - - [13/Jun/2017:12:25:02 +0530] "GET /images/img3.jpg HTTP/1.1" 200 26957 "-" "Mozilla/4.0 (compatible;)"
103.232.224.223 - - [13/Jun/2017:12:25:02 +0530] "GET /images/bulllet2.gif HTTP/1.1" 200 58 "-" "Mozilla/4.0 (compatible;)"
103.232.224.223 - - [13/Jun/2017:12:25:02 +0530] "GET /images/bullet4.gif HTTP/1.1" 200 67 "-" "Mozilla/4.0 (compatible;)"
103.232.224.223 - - [13/Jun/2017:12:25:02 +0530] "GET /images/fdm.jpg HTTP/1.1" 200 2043 "-" "Mozilla/4.0 (compatible;)"
103.232.224.223 - - [13/Jun/2017:12:25:02 +0530] "GET /images/bullet1.gif HTTP/1.1" 200 67 "-" "Mozilla/4.0 (compatible;)"
103.232.224.223 - - [13/Jun/2017:12:25:02 +0530] "GET /images/gtz.jpg HTTP/1.1" 200 15484 "http://www.cdmindia.gov.in/project_details_view.php?id=1186" "Mozilla/5.0 (Windows NT 6.1) AppleWebKit/537.36 (KHTML, like Gecko) Chrome/58.0.3029.110 Safari/537.36"
103.232.224.223 - - [13/Jun/2017:12:25:02 +0530] "GET /images/fbg.jpg HTTP/1.1" 200 325 "-" "Mozilla/4.0 (compatible;)"
49.34.156.124 - - [13/Jun/2017:12:25:02 +0530] "GET /images/fbg.jpg HTTP/1.1" 200 325 "http://www.cdmindia.gov.in/project_details_view.php?id=2108&oid=1&page=2&reporttype=1" "Mozilla/5.0 (Linux; Android 6.0.1; vivo 1610 Build/MMB29M) AppleWebKit/537.36 (KHTML, like Gecko) Chrome/53.0.2785.124 Mobile Safari/537.36"
49.34.156.124 - - [13/Jun/2017:12:25:02 +0530] "GET /images/img1.jpg HTTP/1.1" 200 1251 "http://www.cdmindia.gov.in/project_details_view.php?id=2108&oid=1&page=2&reporttype=1" "Mozilla/5.0 (Linux; Android 6.0.1; vivo 1610 Build/MMB29M) AppleWebKit/537.36 (KHTML, like Gecko) Chrome/53.0.2785.124 Mobile Safari/537.36"
103.232.224.223 - - [13/Jun/2017:12:25:02 +0530] "GET /favicon.ico HTTP/1.1" 200 1189 "http://www.cdmindia.gov.in/project_details_view.php?id=1186" "Mozilla/5.0 (Windows NT 6.1) AppleWebKit/537.36 (KHTML, like Gecko) Chrome/58.0.3029.110 Safari/537.36"
49.34.156.124 - - [13/Jun/2017:12:25:02 +0530] "GET /images/gtz.jpg HTTP/1.1" 200 15484 "http://www.cdmindia.gov.in/project_details_view.php?id=2108&oid=1&page=2&reporttype=1" "Mozilla/5.0 (Linux; Android 6.0.1; vivo 1610 Build/MMB29M) AppleWebKit/537.36 (KHTML, like Gecko) Chrome/53.0.2785.124 Mobile Safari/537.36"
49.34.156.124 - - [13/Jun/2017:12:25:02 +0530] "GET /images/img3.jpg HTTP/1.1" 200 26957 "http://www.cdmindia.gov.in/project_details_view.php?id=2108&oid=1&page=2&reporttype=1" "Mozilla/5.0 (Linux; Android 6.0.1; vivo 1610 Build/MMB29M) AppleWebKit/537.36 (KHTML, like Gecko) Chrome/53.0.2785.124 Mobile Safari/537.36"
49.34.156.124 - - [13/Jun/2017:12:25:03 +0530] "GET /images/spacer.gif HTTP/1.1" 200 43 "http://www.cdmindia.gov.in/project_details_view.php?id=2108&oid=1&page=2&reporttype=1" "Mozilla/5.0 (Linux; Android 6.0.1; vivo 1610 Build/MMB29M) AppleWebKit/537.36 (KHTML, like Gecko) Chrome/53.0.2785.124 Mobile Safari/537.36"
49.34.156.124 - - [13/Jun/2017:12:25:03 +0530] "GET /images/bullet1.gif HTTP/1.1" 200 67 "http://www.cdmindia.gov.in/project_details_view.php?id=2108&oid=1&page=2&reporttype=1" "Mozilla/5.0 (Linux; Android 6.0.1; vivo 1610 Build/MMB29M) AppleWebKit/537.36 (KHTML, like Gecko) Chrome/53.0.2785.124 Mobile Safari/537.36"
49.34.156.124 - - [13/Jun/2017:12:25:03 +0530] "GET /images/bullet4.gif HTTP/1.1" 200 67 "http://www.cdmindia.gov.in/project_details_view.php?id=2108&oid=1&page=2&reporttype=1" "Mozilla/5.0 (Linux; Android 6.0.1; vivo 1610 Build/MMB29M) AppleWebKit/537.36 (KHTML, like Gecko) Chrome/53.0.2785.124 Mobile Safari/537.36"
49.34.156.124 - - [13/Jun/2017:12:25:03 +0530] "GET /images/fdm.jpg HTTP/1.1" 200 2043 "http://www.cdmindia.gov.in/project_details_view.php?id=2108&oid=1&page=2&reporttype=1" "Mozilla/5.0 (Linux; Android 6.0.1; vivo 1610 Build/MMB29M) AppleWebKit/537.36 (KHTML, like Gecko) Chrome/53.0.2785.124 Mobile Safari/537.36"
111.93.251.186 - - [13/Jun/2017:12:25:01 +0530] "GET /Approved_proj_reports_list_details.php?id=1&reporttype=1&scale=&sdt=2005-01-01&edt=2017-05-29&exec=&page=83 HTTP/1.1" 200 17546 "http://www.cdmindia.gov.in/Approved_proj_reports_list_details.php?id=1&reporttype=1&scale=&sdt=2005-01-01&edt=2017-05-29&exec=&page=82" "Mozilla/5.0 (Windows NT 10.0; Win64; x64) AppleWebKit/537.36 (KHTML, like Gecko) Chrome/58.0.3029.110 Safari/537.36"
