42.110.160.225 - - [17/Jun/2017:01:17:08 +0530] "GET /ncdma.css HTTP/1.1" 200 12640 "http://www.cdmindia.gov.in/project_details_view.php?id=456" "Mozilla/5.0 (Linux; Tizen 2.3; SAMSUNG SM-Z130H) AppleWebKit/537.3 (KHTML, like Gecko) SamsungBrowser/1.0 Mobile Safari/537.3"
42.110.160.225 - - [17/Jun/2017:01:17:08 +0530] "GET /Scripts/AC_RunActiveContent.js HTTP/1.1" 200 8321 "http://www.cdmindia.gov.in/project_details_view.php?id=456" "Mozilla/5.0 (Linux; Tizen 2.3; SAMSUNG SM-Z130H) AppleWebKit/537.3 (KHTML, like Gecko) SamsungBrowser/1.0 Mobile Safari/537.3"
42.110.160.225 - - [17/Jun/2017:01:17:09 +0530] "GET /includes/ncdma.css HTTP/1.1" 200 13023 "http://www.cdmindia.gov.in/project_details_view.php?id=456" "Mozilla/5.0 (Linux; Tizen 2.3; SAMSUNG SM-Z130H) AppleWebKit/537.3 (KHTML, like Gecko) SamsungBrowser/1.0 Mobile Safari/537.3"
180.179.11.32 - - [17/Jun/2017:01:17:16 +0530] "GET /images/fbg.jpg HTTP/1.1" 200 325 "http://www.cdmindia.gov.in/project_details_view.php?id=456" "Mozilla/5.0 (Linux; Tizen 2.3; SAMSUNG SM-Z130H) AppleWebKit/537.3 (KHTML, like Gecko) SamsungBrowser/1.0 Mobile Safari/537.3"
180.179.11.32 - - [17/Jun/2017:01:17:16 +0530] "GET /images/fdm.jpg HTTP/1.1" 200 2043 "http://www.cdmindia.gov.in/project_details_view.php?id=456" "Mozilla/5.0 (Linux; Tizen 2.3; SAMSUNG SM-Z130H) AppleWebKit/537.3 (KHTML, like Gecko) SamsungBrowser/1.0 Mobile Safari/537.3"
180.179.11.32 - - [17/Jun/2017:01:17:16 +0530] "GET /images/gtz.jpg HTTP/1.1" 200 15484 "http://www.cdmindia.gov.in/project_details_view.php?id=456" "Mozilla/5.0 (Linux; Tizen 2.3; SAMSUNG SM-Z130H) AppleWebKit/537.3 (KHTML, like Gecko) SamsungBrowser/1.0 Mobile Safari/537.3"
180.179.11.32 - - [17/Jun/2017:01:17:17 +0530] "GET /images/bullet4.gif HTTP/1.1" 200 67 "http://www.cdmindia.gov.in/project_details_view.php?id=456" "Mozilla/5.0 (Linux; Tizen 2.3; SAMSUNG SM-Z130H) AppleWebKit/537.3 (KHTML, like Gecko) SamsungBrowser/1.0 Mobile Safari/537.3"
180.179.11.32 - - [17/Jun/2017:01:17:17 +0530] "GET /images/bulllet2.gif HTTP/1.1" 200 58 "http://www.cdmindia.gov.in/project_details_view.php?id=456" "Mozilla/5.0 (Linux; Tizen 2.3; SAMSUNG SM-Z130H) AppleWebKit/537.3 (KHTML, like Gecko) SamsungBrowser/1.0 Mobile Safari/537.3"
180.179.11.32 - - [17/Jun/2017:01:17:17 +0530] "GET /images/bullet1.gif HTTP/1.1" 200 67 "http://www.cdmindia.gov.in/project_details_view.php?id=456" "Mozilla/5.0 (Linux; Tizen 2.3; SAMSUNG SM-Z130H) AppleWebKit/537.3 (KHTML, like Gecko) SamsungBrowser/1.0 Mobile Safari/537.3"
180.179.11.32 - - [17/Jun/2017:01:17:17 +0530] "GET /images/img2.jpg HTTP/1.1" 200 16276 "http://www.cdmindia.gov.in/project_details_view.php?id=456" "Mozilla/5.0 (Linux; Tizen 2.3; SAMSUNG SM-Z130H) AppleWebKit/537.3 (KHTML, like Gecko) SamsungBrowser/1.0 Mobile Safari/537.3"
180.179.11.32 - - [17/Jun/2017:01:17:18 +0530] "GET /images/img3.jpg HTTP/1.1" 200 26957 "http://www.cdmindia.gov.in/project_details_view.php?id=456" "Mozilla/5.0 (Linux; Tizen 2.3; SAMSUNG SM-Z130H) AppleWebKit/537.3 (KHTML, like Gecko) SamsungBrowser/1.0 Mobile Safari/537.3"
180.179.11.32 - - [17/Jun/2017:01:17:18 +0530] "GET /images/img1.jpg HTTP/1.1" 200 1251 "http://www.cdmindia.gov.in/project_details_view.php?id=456" "Mozilla/5.0 (Linux; Tizen 2.3; SAMSUNG SM-Z130H) AppleWebKit/537.3 (KHTML, like Gecko) SamsungBrowser/1.0 Mobile Safari/537.3"
180.179.11.32 - - [17/Jun/2017:01:17:18 +0530] "GET /images/spacer.gif HTTP/1.1" 200 43 "http://www.cdmindia.gov.in/project_details_view.php?id=456" "Mozilla/5.0 (Linux; Tizen 2.3; SAMSUNG SM-Z130H) AppleWebKit/537.3 (KHTML, like Gecko) SamsungBrowser/1.0 Mobile Safari/537.3"
180.179.11.32 - - [17/Jun/2017:01:17:22 +0530] "GET /favicon.ico HTTP/1.1" 200 1189 "http://www.cdmindia.gov.in/project_details_view.php?id=456" "Mozilla/5.0 (Linux; Tizen 2.3; SAMSUNG SM-Z130H) AppleWebKit/537.3 (KHTML, like Gecko) SamsungBrowser/1.0 Mobile Safari/537.3"
207.46.13.2 - - [17/Jun/2017:01:17:56 +0530] "GET /project_details_view.php?id=764 HTTP/1.1" 200 15375 "-" "Mozilla/5.0 (iPhone; CPU iPhone OS 7_0 like Mac OS X) AppleWebKit/537.51.1 (KHTML, like Gecko) Version/7.0 Mobile/11A465 Safari/9537.53 (compatible; bingbot/2.0; +http://www.bing.com/bingbot.htm)"
66.249.79.131 - - [17/Jun/2017:01:20:27 +0530] "GET /project_details_view.php?id=2145 HTTP/1.1" 200 14492 "-" "Mozilla/5.0 (compatible; Googlebot/2.1; +http://www.google.com/bot.html)"
202.46.50.88 - - [17/Jun/2017:01:21:44 +0530] "GET /reports_list_details.php?id=pnjuzahme&reporttype=&page=236 HTTP/1.1" 200 22422 "-" "Mozilla/5.0 (Windows NT 10.0; WOW64) AppleWebKit/537.36 (KHTML, like Gecko) Chrome/45.0.2454.93 Safari/537.36"
90.57.2.239 - - [17/Jun/2017:01:26:18 +0530] "GET /robots.txt HTTP/1.1" 404 208 "-" "Java/1.8.0_101"
66.249.79.131 - - [17/Jun/2017:01:28:25 +0530] "GET /project_details_view.php?id=1996&oid=&page=7&reporttype= HTTP/1.1" 200 14585 "-" "Mozilla/5.0 (compatible; Googlebot/2.1; +http://www.google.com/bot.html)"
141.8.142.74 - - [17/Jun/2017:01:30:04 +0530] "GET /project_details_view_report.php?id=841 HTTP/1.1" 200 13168 "-" "Mozilla/5.0 (compatible; YandexBot/3.0; +http://yandex.com/bots)"
66.249.79.133 - - [17/Jun/2017:01:33:27 +0530] "GET / HTTP/1.1" 200 19482 "-" "Mozilla/5.0 (compatible; Googlebot/2.1; +http://www.google.com/bot.html)"
37.147.108.24 - - [17/Jun/2017:01:34:19 +0530] "GET /project_details_view.php?id=692 HTTP/1.0" 200 14238 "http://cdmindia.gov.in/project_details_view.php?id=692" "Mozilla/5.0 (Windows NT 10.0; Win64; x64) AppleWebKit/537.36 (KHTML, like Gecko) Chrome/57.0.2987.133 Safari/537.36"
35.184.189.105 - - [17/Jun/2017:01:34:32 +0530] "GET /robots.txt HTTP/1.1" 404 208 "-" "ltx71 - (http://ltx71.com/)"
141.8.142.74 - - [17/Jun/2017:01:38:10 +0530] "GET /project_details_view_report.php?id=859 HTTP/1.1" 200 13163 "-" "Mozilla/5.0 (compatible; YandexBot/3.0; +http://yandex.com/bots)"
66.249.79.133 - - [17/Jun/2017:01:38:27 +0530] "GET / HTTP/1.1" 200 19482 "-" "Mozilla/5.0 (Linux; Android 6.0.1; Nexus 5X Build/MMB29P) AppleWebKit/537.36 (KHTML, like Gecko) Chrome/41.0.2272.96 Mobile Safari/537.36 (compatible; Googlebot/2.1; +http://www.google.com/bot.html)"
66.249.79.133 - - [17/Jun/2017:01:38:28 +0530] "GET / HTTP/1.1" 200 19482 "-" "Mozilla/5.0 (Linux; Android 6.0.1; Nexus 5X Build/MMB29P) AppleWebKit/537.36 (KHTML, like Gecko) Chrome/41.0.2272.96 Mobile Safari/537.36 (compatible; Googlebot/2.1; +http://www.google.com/bot.html)"
207.46.13.2 - - [17/Jun/2017:01:39:07 +0530] "GET /project_details_view.php?id=27 HTTP/1.1" 200 14208 "-" "Mozilla/5.0 (compatible; bingbot/2.0; +http://www.bing.com/bingbot.htm)"
141.8.142.74 - - [17/Jun/2017:01:40:22 +0530] "GET /project_details_view.php?id=996 HTTP/1.1" 200 14084 "-" "Mozilla/5.0 (compatible; YandexBot/3.0; +http://yandex.com/bots)"
202.46.49.195 - - [17/Jun/2017:01:42:51 +0530] "GET /reports_list_details.php?id=Andhra&reporttype=&page=61 HTTP/1.1" 200 22108 "-" "Mozilla/5.0 (Windows NT 10.0; WOW64) AppleWebKit/537.36 (KHTML, like Gecko) Chrome/45.0.2454.93 Safari/537.36"
40.77.167.112 - - [17/Jun/2017:01:43:43 +0530] "GET /project_details_view_report.php?id=1443 HTTP/1.1" 200 13181 "-" "Mozilla/5.0 (iPhone; CPU iPhone OS 7_0 like Mac OS X) AppleWebKit/537.51.1 (KHTML, like Gecko) Version/7.0 Mobile/11A465 Safari/9537.53 (compatible; bingbot/2.0; +http://www.bing.com/bingbot.htm)"
40.77.167.73 - - [17/Jun/2017:01:44:35 +0530] "GET /project_details_view.php?id=300 HTTP/1.1" 200 15222 "-" "Mozilla/5.0 (iPhone; CPU iPhone OS 7_0 like Mac OS X) AppleWebKit/537.51.1 (KHTML, like Gecko) Version/7.0 Mobile/11A465 Safari/9537.53 (compatible; bingbot/2.0; +http://www.bing.com/bingbot.htm)"
66.249.79.133 - - [17/Jun/2017:01:48:37 +0530] "GET /reports_list_details.php?id=fnxntyvmlpku&reporttype=&page=190 HTTP/1.1" 200 21811 "-" "Mozilla/5.0 (compatible; Googlebot/2.1; +http://www.google.com/bot.html)"
207.46.13.66 - - [17/Jun/2017:01:51:21 +0530] "GET /project_details_view.php?id=1557 HTTP/1.1" 200 14173 "-" "Mozilla/5.0 (compatible; bingbot/2.0; +http://www.bing.com/bingbot.htm)"
141.8.142.74 - - [17/Jun/2017:01:53:14 +0530] "GET /project_details_view_report.php?id=75 HTTP/1.1" 200 13079 "-" "Mozilla/5.0 (compatible; YandexBot/3.0; +http://yandex.com/bots)"
207.46.13.2 - - [17/Jun/2017:01:54:30 +0530] "GET / HTTP/1.1" 200 19482 "-" "Mozilla/5.0 (compatible; bingbot/2.0; +http://www.bing.com/bingbot.htm)"
146.148.64.128 - - [17/Jun/2017:01:57:14 +0530] "GET /robots.txt HTTP/1.1" 404 208 "-" "ltx71 - (http://ltx71.com/)"
146.148.64.128 - - [17/Jun/2017:01:57:52 +0530] "GET /images/NCDMA%20PCN%20Format%2017072009.doc HTTP/1.1" 200 114176 "-" "ltx71 - (http://ltx71.com/)"
207.46.13.2 - - [17/Jun/2017:01:59:14 +0530] "GET /Approved_proj_reports_list_details.php?id=14&reporttype=1&scale=&sdt=&edt=&exec= HTTP/1.1" 200 16056 "-" "Mozilla/5.0 (compatible; bingbot/2.0; +http://www.bing.com/bingbot.htm)"
141.8.142.74 - - [17/Jun/2017:01:59:39 +0530] "GET /project_details_view_report.php?id=8 HTTP/1.1" 200 13092 "-" "Mozilla/5.0 (compatible; YandexBot/3.0; +http://yandex.com/bots)"
40.77.167.112 - - [17/Jun/2017:02:00:38 +0530] "GET /js/base64_encode.js HTTP/1.1" 200 3002 "-" "Mozilla/5.0 (compatible; bingbot/2.0; +http://www.bing.com/bingbot.htm)"
207.46.13.2 - - [17/Jun/2017:02:01:01 +0530] "GET /js/md5.js HTTP/1.1" 200 13194 "-" "Mozilla/5.0 (compatible; bingbot/2.0; +http://www.bing.com/bingbot.htm)"
202.46.54.12 - - [17/Jun/2017:02:03:58 +0530] "GET /project_details_view.php?id=1841 HTTP/1.1" 200 13815 "-" "Mozilla/5.0 (Windows NT 10.0; WOW64) AppleWebKit/537.36 (KHTML, like Gecko) Chrome/45.0.2454.93 Safari/537.36"
207.46.13.66 - - [17/Jun/2017:02:05:36 +0530] "GET /project_details_view.php?id=1414 HTTP/1.1" 200 14512 "-" "Mozilla/5.0 (compatible; bingbot/2.0; +http://www.bing.com/bingbot.htm)"
35.184.189.105 - - [17/Jun/2017:02:05:55 +0530] "GET /robots.txt HTTP/1.1" 404 208 "-" "ltx71 - (http://ltx71.com/)"
207.46.13.2 - - [17/Jun/2017:02:10:37 +0530] "GET /reports_list_details.php?id=Gujarat&reporttype=2&page=4 HTTP/1.1" 200 21179 "-" "Mozilla/5.0 (compatible; bingbot/2.0; +http://www.bing.com/bingbot.htm)"
141.8.142.74 - - [17/Jun/2017:02:16:23 +0530] "GET /project_details_view_report.php?id=977 HTTP/1.1" 200 13220 "-" "Mozilla/5.0 (compatible; YandexBot/3.0; +http://yandex.com/bots)"
35.184.189.105 - - [17/Jun/2017:02:16:39 +0530] "GET /robots.txt HTTP/1.1" 404 208 "-" "ltx71 - (http://ltx71.com/)"
207.46.13.66 - - [17/Jun/2017:02:17:45 +0530] "GET /admin/ HTTP/1.1" 200 6170 "-" "Mozilla/5.0 (iPhone; CPU iPhone OS 7_0 like Mac OS X) AppleWebKit/537.51.1 (KHTML, like Gecko) Version/7.0 Mobile/11A465 Safari/9537.53 (compatible; bingbot/2.0; +http://www.bing.com/bingbot.htm)"
35.184.189.105 - - [17/Jun/2017:02:18:05 +0530] "GET /downloads/Existing%20PCN.doc HTTP/1.1" 200 114176 "-" "ltx71 - (http://ltx71.com/)"
141.8.142.74 - - [17/Jun/2017:02:19:19 +0530] "GET /project_details_view_report.php?id=936 HTTP/1.1" 200 13165 "-" "Mozilla/5.0 (compatible; YandexBot/3.0; +http://yandex.com/bots)"
141.8.142.74 - - [17/Jun/2017:02:19:41 +0530] "GET /project_details_view_report.php?id=1199 HTTP/1.1" 200 13171 "-" "Mozilla/5.0 (compatible; YandexBot/3.0; +http://yandex.com/bots)"
203.185.27.54 - - [17/Jun/2017:02:20:21 +0530] "GET /approval_process.php HTTP/1.1" 200 25914 "-" "Mozilla/4.0 (compatible; MSIE 6.0; Windows NT 5.1; SV1;)"
203.185.27.54 - - [17/Jun/2017:02:20:21 +0530] "GET /main/authorization/signUp HTTP/1.1" 404 223 "http://cdmindia.gov.in/" "Mozilla/5.0 (Windows NT 6.1; rv:26.0) Gecko/20100101 Firefox/26.0"
203.185.27.54 - - [17/Jun/2017:02:20:21 +0530] "GET /signup/ HTTP/1.1" 404 205 "http://cdmindia.gov.in/signup/" "Mozilla/5.0 (Windows NT 5.1; rv:26.0) Gecko/20100101 Firefox/26.0"
203.185.27.54 - - [17/Jun/2017:02:20:43 +0530] "GET / HTTP/1.1" 200 19482 "-" "Mozilla/5.0 (Windows NT 6.1; rv:26.0) Gecko/20100101 Firefox/26.0"
203.185.27.54 - - [17/Jun/2017:02:20:43 +0530] "GET /register.php HTTP/1.1" 404 210 "http://cdmindia.gov.in/" "Mozilla/5.0 (Windows NT 6.1; rv:26.0) Gecko/20100101 Firefox/26.0"
203.185.27.54 - - [17/Jun/2017:02:20:43 +0530] "GET / HTTP/1.1" 200 19482 "http://cdmindia.gov.in/" "Mozilla/5.0 (Windows NT 6.1; rv:26.0) Gecko/20100101 Firefox/26.0"
203.185.27.54 - - [17/Jun/2017:02:20:44 +0530] "GET /register.php HTTP/1.1" 404 210 "http://cdmindia.gov.in/" "Mozilla/5.0 (Windows NT 6.1; rv:26.0) Gecko/20100101 Firefox/26.0"
203.185.27.54 - - [17/Jun/2017:02:20:44 +0530] "GET /index.php?option=com_community&view=register HTTP/1.1" 200 19482 "http://cdmindia.gov.in/index.php?option=com_community&view=register" "Mozilla/5.0 (Windows NT 5.1; rv:25.0) Gecko/20100101 Firefox/25.0"
203.185.27.54 - - [17/Jun/2017:02:20:45 +0530] "GET / HTTP/1.1" 200 19482 "http://cdmindia.gov.in/index.php?option=com_community&view=register" "Mozilla/5.0 (Windows NT 5.1; rv:25.0) Gecko/20100101 Firefox/25.0"
203.185.27.54 - - [17/Jun/2017:02:20:45 +0530] "GET / HTTP/1.1" 200 19482 "-" "Mozilla/5.0 (Windows NT 5.1; rv:25.0) Gecko/20100101 Firefox/25.0"
203.185.27.54 - - [17/Jun/2017:02:20:45 +0530] "GET / HTTP/1.1" 200 19482 "-" "Mozilla/5.0 (Windows NT 6.1; rv:26.0) Gecko/20100101 Firefox/26.0"
93.72.51.208 - - [17/Jun/2017:02:20:48 +0530] "GET /approval_process.php HTTP/1.0" 200 25914 "http://cdmindia.gov.in/approval_process.php" "Mozilla/5.0 (Windows NT 10.0; WOW64; rv:53.0) Gecko/20100101 Firefox/53.0"
203.185.27.54 - - [17/Jun/2017:02:20:49 +0530] "GET /account/register/ HTTP/1.1" 404 215 "http://cdmindia.gov.in/" "Mozilla/5.0 (Windows NT 6.1; rv:26.0) Gecko/20100101 Firefox/26.0"
203.185.27.54 - - [17/Jun/2017:02:20:49 +0530] "GET /index.php?dll=register HTTP/1.1" 200 19482 "http://cdmindia.gov.in/index.php?dll=register" "Mozilla/5.0 (Windows NT 6.1; rv:26.0) Gecko/20100101 Firefox/26.0"
203.185.27.54 - - [17/Jun/2017:02:20:50 +0530] "GET /index.php?dll=register HTTP/1.1" 200 19482 "http://cdmindia.gov.in/index.php?dll=register" "Mozilla/5.0 (Windows NT 6.1; rv:26.0) Gecko/20100101 Firefox/26.0"
203.185.27.54 - - [17/Jun/2017:02:21:04 +0530] "POST /index.php HTTP/1.1" 200 19482 "http://cdmindia.gov.in/index.php?dll=register" "Mozilla/5.0 (Windows NT 6.1; rv:26.0) Gecko/20100101 Firefox/26.0"
203.185.27.54 - - [17/Jun/2017:02:21:04 +0530] "GET /join HTTP/1.1" 404 202 "-" "Mozilla/5.0 (Windows NT 6.1; rv:26.0) Gecko/20100101 Firefox/26.0"
203.185.27.54 - - [17/Jun/2017:02:21:05 +0530] "GET /join.php HTTP/1.1" 404 206 "http://cdmindia.gov.in/join.php" "Mozilla/5.0 (Windows NT 5.1; rv:16.0) Gecko/20100101 Firefox/16.0"
203.185.27.54 - - [17/Jun/2017:02:21:05 +0530] "GET /join HTTP/1.1" 404 202 "http://cdmindia.gov.in/" "Mozilla/5.0 (Windows NT 6.1; rv:26.0) Gecko/20100101 Firefox/26.0"
203.185.27.54 - - [17/Jun/2017:02:21:05 +0530] "GET /signup HTTP/1.1" 404 204 "http://cdmindia.gov.in/" "Mozilla/5.0 (Windows NT 6.1; rv:26.0) Gecko/20100101 Firefox/26.0"
203.185.27.54 - - [17/Jun/2017:02:21:05 +0530] "GET /index.php?app=home&mod=public&act=register HTTP/1.1" 200 19482 "-" "Mozilla/5.0 (Windows NT 6.1; rv:26.0) Gecko/20100101 Firefox/26.0"
203.185.27.54 - - [17/Jun/2017:02:21:06 +0530] "POST /index.php?app=home&mod=public&act=register/index.php?app=home&mod=Public&act=isEmailAvailable HTTP/1.1" 200 19482 "http://cdmindia.gov.in/index.php?app=home&mod=public&act=register" "Mozilla/5.0 (Windows NT 6.1; rv:26.0) Gecko/20100101 Firefox/26.0"
203.185.27.54 - - [17/Jun/2017:02:21:06 +0530] "GET /modules.php?app=user_reg HTTP/1.1" 404 209 "http://cdmindia.gov.in/" "Mozilla/5.0 (Windows NT 6.1; rv:26.0) Gecko/20100101 Firefox/26.0"
203.185.27.54 - - [17/Jun/2017:02:21:06 +0530] "GET /signup/ HTTP/1.1" 404 205 "http://cdmindia.gov.in/" "Mozilla/5.0 (Windows NT 6.1; rv:26.0) Gecko/20100101 Firefox/26.0"
203.185.27.54 - - [17/Jun/2017:02:21:07 +0530] "GET /signup.php HTTP/1.1" 404 208 "http://cdmindia.gov.in/" "Mozilla/5.0 (Windows NT 6.1; rv:26.0) Gecko/20100101 Firefox/26.0"
203.185.27.54 - - [17/Jun/2017:02:21:07 +0530] "GET / HTTP/1.1" 200 19482 "-" "Mozilla/5.0 (Windows NT 6.1; rv:26.0) Gecko/20100101 Firefox/26.0"
203.185.27.54 - - [17/Jun/2017:02:21:07 +0530] "GET / HTTP/1.1" 200 19482 "-" "Mozilla/5.0 (Windows NT 6.1; rv:26.0) Gecko/20100101 Firefox/26.0"
203.185.27.54 - - [17/Jun/2017:02:21:08 +0530] "GET /join.php HTTP/1.1" 404 206 "http://cdmindia.gov.in/" "Mozilla/5.0 (Windows NT 6.1; rv:26.0) Gecko/20100101 Firefox/26.0"
203.185.27.54 - - [17/Jun/2017:02:21:08 +0530] "GET /join_form.php HTTP/1.1" 404 211 "http://cdmindia.gov.in/" "Mozilla/5.0 (Windows NT 6.1; rv:26.0) Gecko/20100101 Firefox/26.0"
203.185.27.54 - - [17/Jun/2017:02:21:08 +0530] "GET / HTTP/1.1" 200 19482 "-" "Mozilla/5.0 (Windows NT 6.1; rv:26.0) Gecko/20100101 Firefox/26.0"
66.249.79.133 - - [17/Jun/2017:02:24:43 +0530] "GET /project_details_view.php?id=1043&oid=1&page=45&reporttype=1 HTTP/1.1" 200 14390 "-" "Mozilla/5.0 (compatible; Googlebot/2.1; +http://www.google.com/bot.html)"
202.46.54.199 - - [17/Jun/2017:02:25:05 +0530] "GET /project_details_view.php?id=1130 HTTP/1.1" 200 14557 "-" "Mozilla/5.0 (Windows NT 10.0; WOW64) AppleWebKit/537.36 (KHTML, like Gecko) Chrome/45.0.2454.93 Safari/537.36"
141.8.142.74 - - [17/Jun/2017:02:28:18 +0530] "GET /robots.txt HTTP/1.1" 404 208 "-" "Mozilla/5.0 (compatible; YandexBot/3.0; +http://yandex.com/bots)"
141.8.142.74 - - [17/Jun/2017:02:28:20 +0530] "GET /project_details_view_report.php?id=907 HTTP/1.1" 200 13193 "-" "Mozilla/5.0 (compatible; YandexBot/3.0; +http://yandex.com/bots)"
141.8.142.74 - - [17/Jun/2017:02:30:47 +0530] "GET /project_details_view_report.php?id=1046 HTTP/1.1" 200 13165 "-" "Mozilla/5.0 (compatible; YandexBot/3.0; +http://yandex.com/bots)"
207.46.13.2 - - [17/Jun/2017:02:32:17 +0530] "GET /project_details_view.php?id=2157&oid=1&page=1&reporttype=1 HTTP/1.1" 200 14044 "-" "Mozilla/5.0 (iPhone; CPU iPhone OS 7_0 like Mac OS X) AppleWebKit/537.51.1 (KHTML, like Gecko) Version/7.0 Mobile/11A465 Safari/9537.53 (compatible; bingbot/2.0; +http://www.bing.com/bingbot.htm)"
117.225.106.119 - - [17/Jun/2017:02:32:49 +0530] "GET /aboutus.php HTTP/1.1" 200 19599 "https://www.google.co.in/" "Mozilla/5.0 (Windows NT 6.1; Win64; x64) AppleWebKit/537.36 (KHTML, like Gecko) Chrome/59.0.3071.104 Safari/537.36"
117.225.106.119 - - [17/Jun/2017:02:32:50 +0530] "GET /includes/ncdma.css HTTP/1.1" 200 13023 "http://www.cdmindia.gov.in/aboutus.php" "Mozilla/5.0 (Windows NT 6.1; Win64; x64) AppleWebKit/537.36 (KHTML, like Gecko) Chrome/59.0.3071.104 Safari/537.36"
117.225.106.119 - - [17/Jun/2017:02:32:50 +0530] "GET /ncdma.css HTTP/1.1" 200 12640 "http://www.cdmindia.gov.in/aboutus.php" "Mozilla/5.0 (Windows NT 6.1; Win64; x64) AppleWebKit/537.36 (KHTML, like Gecko) Chrome/59.0.3071.104 Safari/537.36"
117.225.106.119 - - [17/Jun/2017:02:32:51 +0530] "GET /images/img1.jpg HTTP/1.1" 200 1251 "http://www.cdmindia.gov.in/aboutus.php" "Mozilla/5.0 (Windows NT 6.1; Win64; x64) AppleWebKit/537.36 (KHTML, like Gecko) Chrome/59.0.3071.104 Safari/537.36"
117.225.106.119 - - [17/Jun/2017:02:32:51 +0530] "GET /images/img2.jpg HTTP/1.1" 200 16276 "http://www.cdmindia.gov.in/aboutus.php" "Mozilla/5.0 (Windows NT 6.1; Win64; x64) AppleWebKit/537.36 (KHTML, like Gecko) Chrome/59.0.3071.104 Safari/537.36"
117.225.106.119 - - [17/Jun/2017:02:32:51 +0530] "GET /images/fe.jpg HTTP/1.1" 200 1429 "http://www.cdmindia.gov.in/aboutus.php" "Mozilla/5.0 (Windows NT 6.1; Win64; x64) AppleWebKit/537.36 (KHTML, like Gecko) Chrome/59.0.3071.104 Safari/537.36"
117.225.106.119 - - [17/Jun/2017:02:32:51 +0530] "GET /images/fdm.jpg HTTP/1.1" 200 2043 "http://www.cdmindia.gov.in/aboutus.php" "Mozilla/5.0 (Windows NT 6.1; Win64; x64) AppleWebKit/537.36 (KHTML, like Gecko) Chrome/59.0.3071.104 Safari/537.36"
117.225.106.119 - - [17/Jun/2017:02:32:51 +0530] "GET /images/img3.jpg HTTP/1.1" 200 26957 "http://www.cdmindia.gov.in/aboutus.php" "Mozilla/5.0 (Windows NT 6.1; Win64; x64) AppleWebKit/537.36 (KHTML, like Gecko) Chrome/59.0.3071.104 Safari/537.36"
117.225.106.119 - - [17/Jun/2017:02:32:51 +0530] "GET /images/h_aboutus.jpg HTTP/1.1" 200 21693 "http://www.cdmindia.gov.in/aboutus.php" "Mozilla/5.0 (Windows NT 6.1; Win64; x64) AppleWebKit/537.36 (KHTML, like Gecko) Chrome/59.0.3071.104 Safari/537.36"
117.225.106.119 - - [17/Jun/2017:02:32:51 +0530] "GET /images/login1.jpg HTTP/1.1" 200 618 "http://www.cdmindia.gov.in/aboutus.php" "Mozilla/5.0 (Windows NT 6.1; Win64; x64) AppleWebKit/537.36 (KHTML, like Gecko) Chrome/59.0.3071.104 Safari/537.36"
117.225.106.119 - - [17/Jun/2017:02:32:51 +0530] "GET /images/bullet4.gif HTTP/1.1" 200 67 "http://www.cdmindia.gov.in/aboutus.php" "Mozilla/5.0 (Windows NT 6.1; Win64; x64) AppleWebKit/537.36 (KHTML, like Gecko) Chrome/59.0.3071.104 Safari/537.36"
117.225.106.119 - - [17/Jun/2017:02:32:51 +0530] "GET /images/bullet1.gif HTTP/1.1" 200 67 "http://www.cdmindia.gov.in/aboutus.php" "Mozilla/5.0 (Windows NT 6.1; Win64; x64) AppleWebKit/537.36 (KHTML, like Gecko) Chrome/59.0.3071.104 Safari/537.36"
117.225.106.119 - - [17/Jun/2017:02:32:52 +0530] "GET /images/bulllet2.gif HTTP/1.1" 200 58 "http://www.cdmindia.gov.in/aboutus.php" "Mozilla/5.0 (Windows NT 6.1; Win64; x64) AppleWebKit/537.36 (KHTML, like Gecko) Chrome/59.0.3071.104 Safari/537.36"
117.225.106.119 - - [17/Jun/2017:02:32:52 +0530] "GET /images/spacer.gif HTTP/1.1" 200 43 "http://www.cdmindia.gov.in/aboutus.php" "Mozilla/5.0 (Windows NT 6.1; Win64; x64) AppleWebKit/537.36 (KHTML, like Gecko) Chrome/59.0.3071.104 Safari/537.36"
117.225.106.119 - - [17/Jun/2017:02:32:52 +0530] "GET /images/bullet3.gif HTTP/1.1" 200 58 "http://www.cdmindia.gov.in/aboutus.php" "Mozilla/5.0 (Windows NT 6.1; Win64; x64) AppleWebKit/537.36 (KHTML, like Gecko) Chrome/59.0.3071.104 Safari/537.36"
207.46.13.66 - - [17/Jun/2017:02:32:52 +0530] "GET /project_details_view.php?id=1998 HTTP/1.1" 200 14564 "-" "Mozilla/5.0 (compatible; bingbot/2.0; +http://www.bing.com/bingbot.htm)"
117.225.106.119 - - [17/Jun/2017:02:32:52 +0530] "GET /images/login.jpg HTTP/1.1" 200 1044 "http://www.cdmindia.gov.in/aboutus.php" "Mozilla/5.0 (Windows NT 6.1; Win64; x64) AppleWebKit/537.36 (KHTML, like Gecko) Chrome/59.0.3071.104 Safari/537.36"
117.225.106.119 - - [17/Jun/2017:02:32:52 +0530] "GET /images/gtz.jpg HTTP/1.1" 200 15484 "http://www.cdmindia.gov.in/aboutus.php" "Mozilla/5.0 (Windows NT 6.1; Win64; x64) AppleWebKit/537.36 (KHTML, like Gecko) Chrome/59.0.3071.104 Safari/537.36"
117.225.106.119 - - [17/Jun/2017:02:32:52 +0530] "GET /images/fbg.jpg HTTP/1.1" 200 325 "http://www.cdmindia.gov.in/aboutus.php" "Mozilla/5.0 (Windows NT 6.1; Win64; x64) AppleWebKit/537.36 (KHTML, like Gecko) Chrome/59.0.3071.104 Safari/537.36"
207.46.13.66 - - [17/Jun/2017:02:37:38 +0530] "GET /project_details_view.php?id=810 HTTP/1.1" 200 13986 "-" "Mozilla/5.0 (iPhone; CPU iPhone OS 7_0 like Mac OS X) AppleWebKit/537.51.1 (KHTML, like Gecko) Version/7.0 Mobile/11A465 Safari/9537.53 (compatible; bingbot/2.0; +http://www.bing.com/bingbot.htm)"
207.46.13.2 - - [17/Jun/2017:02:44:08 +0530] "GET /admin/Scripts/AC_RunActiveContent.js HTTP/1.1" 404 234 "-" "Mozilla/5.0 (iPhone; CPU iPhone OS 7_0 like Mac OS X) AppleWebKit/537.51.1 (KHTML, like Gecko) Version/7.0 Mobile/11A465 Safari/9537.53 (compatible; bingbot/2.0; +http://www.bing.com/bingbot.htm)"
207.46.13.2 - - [17/Jun/2017:02:44:08 +0530] "GET /admin/images/fbg.jpg HTTP/1.1" 200 325 "-" "Mozilla/5.0 (iPhone; CPU iPhone OS 7_0 like Mac OS X) AppleWebKit/537.51.1 (KHTML, like Gecko) Version/7.0 Mobile/11A465 Safari/9537.53 (compatible; bingbot/2.0; +http://www.bing.com/bingbot.htm)"
207.46.13.2 - - [17/Jun/2017:02:44:09 +0530] "GET /admin/images/img3.jpg HTTP/1.1" 200 26957 "-" "Mozilla/5.0 (iPhone; CPU iPhone OS 7_0 like Mac OS X) AppleWebKit/537.51.1 (KHTML, like Gecko) Version/7.0 Mobile/11A465 Safari/9537.53 (compatible; bingbot/2.0; +http://www.bing.com/bingbot.htm)"
207.46.13.2 - - [17/Jun/2017:02:44:10 +0530] "GET /admin/js/ajax_client.js HTTP/1.1" 200 22793 "-" "Mozilla/5.0 (iPhone; CPU iPhone OS 7_0 like Mac OS X) AppleWebKit/537.51.1 (KHTML, like Gecko) Version/7.0 Mobile/11A465 Safari/9537.53 (compatible; bingbot/2.0; +http://www.bing.com/bingbot.htm)"
207.46.13.2 - - [17/Jun/2017:02:44:10 +0530] "GET /admin/ncdma.css HTTP/1.1" 404 213 "-" "Mozilla/5.0 (iPhone; CPU iPhone OS 7_0 like Mac OS X) AppleWebKit/537.51.1 (KHTML, like Gecko) Version/7.0 Mobile/11A465 Safari/9537.53 (compatible; bingbot/2.0; +http://www.bing.com/bingbot.htm)"
40.77.167.112 - - [17/Jun/2017:02:44:12 +0530] "GET /admin/images/img2.jpg HTTP/1.1" 200 16276 "-" "Mozilla/5.0 (iPhone; CPU iPhone OS 7_0 like Mac OS X) AppleWebKit/537.51.1 (KHTML, like Gecko) Version/7.0 Mobile/11A465 Safari/9537.53 (compatible; bingbot/2.0; +http://www.bing.com/bingbot.htm)"
40.77.167.112 - - [17/Jun/2017:02:44:12 +0530] "GET /admin/js/index_validation.js HTTP/1.1" 200 1988 "-" "Mozilla/5.0 (iPhone; CPU iPhone OS 7_0 like Mac OS X) AppleWebKit/537.51.1 (KHTML, like Gecko) Version/7.0 Mobile/11A465 Safari/9537.53 (compatible; bingbot/2.0; +http://www.bing.com/bingbot.htm)"
40.77.167.73 - - [17/Jun/2017:02:44:17 +0530] "GET /admin/images/img1.jpg HTTP/1.1" 200 1251 "-" "Mozilla/5.0 (iPhone; CPU iPhone OS 7_0 like Mac OS X) AppleWebKit/537.51.1 (KHTML, like Gecko) Version/7.0 Mobile/11A465 Safari/9537.53 (compatible; bingbot/2.0; +http://www.bing.com/bingbot.htm)"
207.46.13.66 - - [17/Jun/2017:02:44:22 +0530] "GET /admin/images/loginbg.jpg HTTP/1.1" 200 11936 "-" "Mozilla/5.0 (iPhone; CPU iPhone OS 7_0 like Mac OS X) AppleWebKit/537.51.1 (KHTML, like Gecko) Version/7.0 Mobile/11A465 Safari/9537.53 (compatible; bingbot/2.0; +http://www.bing.com/bingbot.htm)"
123.206.201.168 - - [17/Jun/2017:02:45:26 +0530] "GET / HTTP/1.1" 200 19482 "-" "-"
123.206.201.168 - - [17/Jun/2017:02:45:27 +0530] "GET /xmlrpc.php HTTP/1.1" 404 208 "-" "-"
123.206.201.168 - - [17/Jun/2017:02:45:28 +0530] "HEAD /wp-login.php HTTP/1.1" 404 - "-" "-"
202.46.56.14 - - [17/Jun/2017:02:46:12 +0530] "GET /project_details_view_report.php?id=920 HTTP/1.1" 200 13164 "-" "Mozilla/5.0 (Windows NT 10.0; WOW64) AppleWebKit/537.36 (KHTML, like Gecko) Chrome/45.0.2454.93 Safari/537.36"
68.180.228.167 - - [17/Jun/2017:02:47:56 +0530] "GET /robots.txt HTTP/1.1" 404 208 "-" "Mozilla/5.0 (compatible; Yahoo! Slurp; http://help.yahoo.com/help/us/ysearch/slurp)"
65.55.210.187 - - [17/Jun/2017:02:50:03 +0530] "GET /ncdma.css HTTP/1.1" 200 12640 "-" "Mozilla/5.0 (iPhone; CPU iPhone OS 7_0 like Mac OS X) AppleWebKit/537.51.1 (KHTML, like Gecko) Version/7.0 Mobile/11A465 Safari/9537.53 BingPreview/1.0b"
66.249.82.220 - - [17/Jun/2017:02:50:12 +0530] "GET /images/gtz.jpg HTTP/1.1" 200 15484 "-" "Mozilla/5.0 (Linux; Android 4.4.2; SM-G7102 Build/KOT49H) AppleWebKit/537.36 (KHTML, like Gecko) Chrome/58.0.3029.83 Mobile Safari/537.36"
66.249.82.222 - - [17/Jun/2017:02:50:18 +0530] "GET /images/img1.jpg HTTP/1.1" 200 1251 "-" "Mozilla/5.0 (Linux; Android 4.4.2; SM-G7102 Build/KOT49H) AppleWebKit/537.36 (KHTML, like Gecko) Chrome/58.0.3029.83 Mobile Safari/537.36"
66.249.82.220 - - [17/Jun/2017:02:50:19 +0530] "GET /images/bullet1.gif HTTP/1.1" 200 67 "-" "Mozilla/5.0 (Linux; Android 4.4.2; SM-G7102 Build/KOT49H) AppleWebKit/537.36 (KHTML, like Gecko) Chrome/58.0.3029.83 Mobile Safari/537.36"
66.249.82.222 - - [17/Jun/2017:02:50:19 +0530] "GET /Scripts/AC_RunActiveContent.js HTTP/1.1" 200 8321 "-" "Mozilla/5.0 (Linux; Android 4.4.2; SM-G7102 Build/KOT49H) AppleWebKit/537.36 (KHTML, like Gecko) Chrome/58.0.3029.83 Mobile Safari/537.36"
66.249.82.221 - - [17/Jun/2017:02:50:19 +0530] "GET /images/img2.jpg HTTP/1.1" 200 16276 "-" "Mozilla/5.0 (Linux; Android 4.4.2; SM-G7102 Build/KOT49H) AppleWebKit/537.36 (KHTML, like Gecko) Chrome/58.0.3029.83 Mobile Safari/537.36"
66.249.82.222 - - [17/Jun/2017:02:50:20 +0530] "GET /images/bulllet2.gif HTTP/1.1" 200 58 "-" "Mozilla/5.0 (Linux; Android 4.4.2; SM-G7102 Build/KOT49H) AppleWebKit/537.36 (KHTML, like Gecko) Chrome/58.0.3029.83 Mobile Safari/537.36"
66.249.82.220 - - [17/Jun/2017:02:50:20 +0530] "GET /ncdma.css HTTP/1.1" 200 12640 "-" "Mozilla/5.0 (Linux; Android 4.4.2; SM-G7102 Build/KOT49H) AppleWebKit/537.36 (KHTML, like Gecko) Chrome/58.0.3029.83 Mobile Safari/537.36"
66.249.82.222 - - [17/Jun/2017:02:50:20 +0530] "GET /images/spacer.gif HTTP/1.1" 200 43 "-" "Mozilla/5.0 (Linux; Android 4.4.2; SM-G7102 Build/KOT49H) AppleWebKit/537.36 (KHTML, like Gecko) Chrome/58.0.3029.83 Mobile Safari/537.36"
66.249.82.222 - - [17/Jun/2017:02:50:20 +0530] "GET /images/bullet4.gif HTTP/1.1" 200 67 "-" "Mozilla/5.0 (Linux; Android 4.4.2; SM-G7102 Build/KOT49H) AppleWebKit/537.36 (KHTML, like Gecko) Chrome/58.0.3029.83 Mobile Safari/537.36"
66.249.82.221 - - [17/Jun/2017:02:50:20 +0530] "GET /includes/ncdma.css HTTP/1.1" 200 13023 "-" "Mozilla/5.0 (Linux; Android 4.4.2; SM-G7102 Build/KOT49H) AppleWebKit/537.36 (KHTML, like Gecko) Chrome/58.0.3029.83 Mobile Safari/537.36"
66.249.82.221 - - [17/Jun/2017:02:50:20 +0530] "GET /images/fbg.jpg HTTP/1.1" 200 325 "-" "Mozilla/5.0 (Linux; Android 4.4.2; SM-G7102 Build/KOT49H) AppleWebKit/537.36 (KHTML, like Gecko) Chrome/58.0.3029.83 Mobile Safari/537.36"
66.249.82.220 - - [17/Jun/2017:02:50:20 +0530] "GET /images/img3.jpg HTTP/1.1" 200 26957 "-" "Mozilla/5.0 (Linux; Android 4.4.2; SM-G7102 Build/KOT49H) AppleWebKit/537.36 (KHTML, like Gecko) Chrome/58.0.3029.83 Mobile Safari/537.36"
66.249.82.222 - - [17/Jun/2017:02:50:21 +0530] "GET /images/fdm.jpg HTTP/1.1" 200 2043 "-" "Mozilla/5.0 (Linux; Android 4.4.2; SM-G7102 Build/KOT49H) AppleWebKit/537.36 (KHTML, like Gecko) Chrome/58.0.3029.83 Mobile Safari/537.36"
66.249.79.27 - - [17/Jun/2017:02:55:07 +0530] "GET / HTTP/1.1" 200 19482 "-" "Mozilla/5.0 (Linux; Android 6.0.1; Nexus 5X Build/MMB29P) AppleWebKit/537.36 (KHTML, like Gecko) Chrome/41.0.2272.96 Mobile Safari/537.36 (compatible; Googlebot/2.1; +http://www.google.com/bot.html)"
35.184.189.105 - - [17/Jun/2017:03:03:48 +0530] "GET /robots.txt HTTP/1.1" 404 208 "-" "ltx71 - (http://ltx71.com/)"
66.249.79.131 - - [17/Jun/2017:03:05:18 +0530] "GET /project_details_view.php?id=851&oid=1&page=55&reporttype=1 HTTP/1.1" 200 14537 "-" "Mozilla/5.0 (compatible; Googlebot/2.1; +http://www.google.com/bot.html)"
202.46.49.152 - - [17/Jun/2017:03:07:18 +0530] "GET /project_details_view.php?id=856 HTTP/1.1" 200 15476 "-" "Mozilla/5.0 (Windows NT 10.0; WOW64) AppleWebKit/537.36 (KHTML, like Gecko) Chrome/45.0.2454.93 Safari/537.36"
40.77.167.112 - - [17/Jun/2017:03:08:53 +0530] "GET /detail_news.php?id=20 HTTP/1.1" 302 18268 "-" "Mozilla/5.0 (compatible; bingbot/2.0; +http://www.bing.com/bingbot.htm)"
40.77.167.112 - - [17/Jun/2017:03:08:54 +0530] "GET /logout.php HTTP/1.1" 302 369 "-" "Mozilla/5.0 (compatible; bingbot/2.0; +http://www.bing.com/bingbot.htm)"
40.77.167.112 - - [17/Jun/2017:03:08:55 +0530] "GET /index.php HTTP/1.1" 200 19482 "-" "Mozilla/5.0 (compatible; bingbot/2.0; +http://www.bing.com/bingbot.htm)"
40.77.167.112 - - [17/Jun/2017:03:09:48 +0530] "GET /project_details_view.php?id=691 HTTP/1.1" 200 14225 "-" "Mozilla/5.0 (iPhone; CPU iPhone OS 7_0 like Mac OS X) AppleWebKit/537.51.1 (KHTML, like Gecko) Version/7.0 Mobile/11A465 Safari/9537.53 (compatible; bingbot/2.0; +http://www.bing.com/bingbot.htm)"
207.46.13.2 - - [17/Jun/2017:03:10:18 +0530] "GET /project_details_view_report.php?id=999 HTTP/1.1" 200 13210 "-" "Mozilla/5.0 (iPhone; CPU iPhone OS 7_0 like Mac OS X) AppleWebKit/537.51.1 (KHTML, like Gecko) Version/7.0 Mobile/11A465 Safari/9537.53 (compatible; bingbot/2.0; +http://www.bing.com/bingbot.htm)"
66.249.79.129 - - [17/Jun/2017:03:10:26 +0530] "GET /project_details_view.php?id=924 HTTP/1.1" 200 15882 "-" "Mozilla/5.0 (compatible; Googlebot/2.1; +http://www.google.com/bot.html)"
40.77.167.73 - - [17/Jun/2017:03:11:09 +0530] "GET /project_details_view.php?id=745 HTTP/1.1" 200 14215 "-" "Mozilla/5.0 (iPhone; CPU iPhone OS 7_0 like Mac OS X) AppleWebKit/537.51.1 (KHTML, like Gecko) Version/7.0 Mobile/11A465 Safari/9537.53 (compatible; bingbot/2.0; +http://www.bing.com/bingbot.htm)"
220.181.51.93 - - [17/Jun/2017:03:13:33 +0530] "GET /robots.txt HTTP/1.1" 404 208 "-" "Mozilla/5.0 (Windows NT 10.0; WOW64) AppleWebKit/537.36 (KHTML, like Gecko) Chrome/45.0.2454.93 Safari/537.36"
141.8.142.74 - - [17/Jun/2017:03:17:17 +0530] "GET /downloads/Template_sharing%202Percent.doc HTTP/1.1" 200 73728 "-" "Mozilla/5.0 (compatible; YandexBot/3.0; +http://yandex.com/bots)"
40.77.167.112 - - [17/Jun/2017:03:18:07 +0530] "GET /downloads/Carbon%20Market%20Roadmap.pdf HTTP/1.1" 200 4344697 "-" "Mozilla/5.0 (compatible; bingbot/2.0; +http://www.bing.com/bingbot.htm)"
90.57.2.239 - - [17/Jun/2017:03:21:55 +0530] "GET /robots.txt HTTP/1.1" 404 208 "-" "Java/1.8.0_101"
202.46.52.79 - - [17/Jun/2017:03:28:25 +0530] "GET /project_details_view_report.php?id=922 HTTP/1.1" 200 13357 "-" "Mozilla/5.0 (Windows NT 10.0; WOW64) AppleWebKit/537.36 (KHTML, like Gecko) Chrome/45.0.2454.93 Safari/537.36"
180.76.15.14 - - [17/Jun/2017:03:28:27 +0530] "GET /robots.txt HTTP/1.1" 404 208 "-" "Mozilla/5.0 (Windows NT 5.1; rv:6.0.2) Gecko/20100101 Firefox/6.0.2"
207.46.13.66 - - [17/Jun/2017:03:29:08 +0530] "GET /project_details_view.php?id=675 HTTP/1.1" 200 15249 "-" "Mozilla/5.0 (iPhone; CPU iPhone OS 7_0 like Mac OS X) AppleWebKit/537.51.1 (KHTML, like Gecko) Version/7.0 Mobile/11A465 Safari/9537.53 (compatible; bingbot/2.0; +http://www.bing.com/bingbot.htm)"
207.46.13.66 - - [17/Jun/2017:03:29:58 +0530] "GET /project_details_view.php?id=1547 HTTP/1.1" 200 13907 "-" "Mozilla/5.0 (iPhone; CPU iPhone OS 7_0 like Mac OS X) AppleWebKit/537.51.1 (KHTML, like Gecko) Version/7.0 Mobile/11A465 Safari/9537.53 (compatible; bingbot/2.0; +http://www.bing.com/bingbot.htm)"
112.196.22.51 - - [17/Jun/2017:03:39:36 +0530] "GET /downloads/Carbon%20Market%20Roadmap.pdf HTTP/1.1" 200 4344697 "https://www.google.co.in/" "Mozilla/5.0 (Windows NT 6.2; Win64; x64) AppleWebKit/537.36 (KHTML, like Gecko) Chrome/58.0.3029.110 Safari/537.36"
112.196.22.51 - - [17/Jun/2017:03:39:43 +0530] "GET /favicon.ico HTTP/1.1" 200 1189 "http://www.cdmindia.gov.in/downloads/Carbon%20Market%20Roadmap.pdf" "Mozilla/5.0 (Windows NT 6.2; Win64; x64) AppleWebKit/537.36 (KHTML, like Gecko) Chrome/58.0.3029.110 Safari/537.36"
112.196.22.51 - - [17/Jun/2017:03:39:44 +0530] "GET /downloads/Carbon%20Market%20Roadmap.pdf HTTP/1.1" 206 3337549 "http://www.cdmindia.gov.in/downloads/Carbon%20Market%20Roadmap.pdf" "Mozilla/5.0 (Windows NT 6.2; Win64; x64) AppleWebKit/537.36 (KHTML, like Gecko) Chrome/58.0.3029.110 Safari/537.36"
112.196.22.51 - - [17/Jun/2017:03:39:47 +0530] "GET /downloads/Carbon%20Market%20Roadmap.pdf HTTP/1.1" 206 65536 "http://www.cdmindia.gov.in/downloads/Carbon%20Market%20Roadmap.pdf" "Mozilla/5.0 (Windows NT 6.2; Win64; x64) AppleWebKit/537.36 (KHTML, like Gecko) Chrome/58.0.3029.110 Safari/537.36"
45.59.177.104 - - [17/Jun/2017:03:44:27 +0530] "GET /detail_news.php?id=3'A=0 HTTP/1.1" 200 11732 "http://www.cdmindia.gov.in/detail_news.php?id=3'A=0" "Mozilla/5.0 (Windows; U; Windows NT 5.1; pt-PT; rv:1.9.1.2) Gecko/20090729 Firefox/3.5.2 (.NET CLR 3.5.30729)"
146.148.64.128 - - [17/Jun/2017:03:45:19 +0530] "GET /robots.txt HTTP/1.1" 404 208 "-" "ltx71 - (http://ltx71.com/)"
93.238.198.101 - - [17/Jun/2017:03:48:34 +0530] "GET /robots.txt HTTP/1.1" 404 208 "-" "yacybot (-global; amd64 Windows 2003 5.2; java 1.8.0_131; Europe/en) http://yacy.net/bot.html"
202.46.53.150 - - [17/Jun/2017:03:49:32 +0530] "GET /js/datepicker/latest_date.js HTTP/1.1" 200 11986 "-" "Mozilla/5.0 (Windows NT 10.0; WOW64) AppleWebKit/537.36 (KHTML, like Gecko) Chrome/45.0.2454.93 Safari/537.36"
141.8.142.74 - - [17/Jun/2017:03:53:12 +0530] "GET /project_details_view_report.php?id=970 HTTP/1.1" 200 13137 "-" "Mozilla/5.0 (compatible; YandexBot/3.0; +http://yandex.com/bots)"
207.46.13.2 - - [17/Jun/2017:03:53:40 +0530] "GET /downloads/New%20PCN.doc HTTP/1.1" 200 435200 "-" "Mozilla/5.0 (compatible; bingbot/2.0; +http://www.bing.com/bingbot.htm)"
35.184.189.105 - - [17/Jun/2017:03:55:36 +0530] "GET /robots.txt HTTP/1.1" 404 208 "-" "ltx71 - (http://ltx71.com/)"
141.8.142.74 - - [17/Jun/2017:03:55:47 +0530] "GET /project_details_view_report.php?id=321 HTTP/1.1" 200 13050 "-" "Mozilla/5.0 (compatible; YandexBot/3.0; +http://yandex.com/bots)"
35.184.189.105 - - [17/Jun/2017:03:56:55 +0530] "GET /news_more.php HTTP/1.1" 200 21063 "-" "ltx71 - (http://ltx71.com/)"
141.8.142.74 - - [17/Jun/2017:03:57:08 +0530] "GET /project_details_view_report.php?id=1222 HTTP/1.1" 200 13179 "-" "Mozilla/5.0 (compatible; YandexBot/3.0; +http://yandex.com/bots)"
207.46.13.66 - - [17/Jun/2017:03:59:19 +0530] "GET /project_details_view.php?id=1557 HTTP/1.1" 200 14173 "-" "Mozilla/5.0 (iPhone; CPU iPhone OS 7_0 like Mac OS X) AppleWebKit/537.51.1 (KHTML, like Gecko) Version/7.0 Mobile/11A465 Safari/9537.53 (compatible; bingbot/2.0; +http://www.bing.com/bingbot.htm)"
40.77.167.73 - - [17/Jun/2017:04:02:12 +0530] "GET /constitution.php HTTP/1.1" 200 23671 "-" "Mozilla/5.0 (compatible; bingbot/2.0; +http://www.bing.com/bingbot.htm)"
141.8.142.74 - - [17/Jun/2017:04:03:35 +0530] "GET /project_details_view_report.php?id=60 HTTP/1.1" 200 13081 "-" "Mozilla/5.0 (compatible; YandexBot/3.0; +http://yandex.com/bots)"
40.77.167.73 - - [17/Jun/2017:04:10:05 +0530] "GET /downloads/Template_sharing%202Percent.doc HTTP/1.1" 200 73728 "-" "Mozilla/5.0 (compatible; bingbot/2.0; +http://www.bing.com/bingbot.htm)"
40.77.167.112 - - [17/Jun/2017:04:10:25 +0530] "GET /news_more.php HTTP/1.1" 200 21063 "-" "Mozilla/5.0 (compatible; bingbot/2.0; +http://www.bing.com/bingbot.htm)"
40.77.167.112 - - [17/Jun/2017:04:19:06 +0530] "GET /images/img3.jpg HTTP/1.1" 200 26957 "-" "Mozilla/5.0 (iPhone; CPU iPhone OS 7_0 like Mac OS X) AppleWebKit/537.51.1 (KHTML, like Gecko) Version/7.0 Mobile/11A465 Safari/9537.53 (compatible; bingbot/2.0; +http://www.bing.com/bingbot.htm)"
66.249.79.133 - - [17/Jun/2017:04:21:57 +0530] "GET /project_details_view.php?id=674&oid=&page=76&reporttype= HTTP/1.1" 200 14058 "-" "Mozilla/5.0 (compatible; Googlebot/2.1; +http://www.google.com/bot.html)"
179.213.13.135 - - [17/Jun/2017:04:25:35 +0530] "GET /wp-login.php HTTP/1.1" 404 210 "-" "Mozilla/5.0 (Windows NT 6.1; WOW64; rv:40.0) Gecko/20100101 Firefox/40.1"
179.213.13.135 - - [17/Jun/2017:04:25:36 +0530] "GET / HTTP/1.1" 200 19482 "-" "Mozilla/5.0 (Windows NT 6.1; WOW64; rv:40.0) Gecko/20100101 Firefox/40.1"
141.8.142.74 - - [17/Jun/2017:04:27:22 +0530] "GET /project_details_view_report.php?id=244 HTTP/1.1" 200 13078 "-" "Mozilla/5.0 (compatible; YandexBot/3.0; +http://yandex.com/bots)"
141.8.142.74 - - [17/Jun/2017:04:28:13 +0530] "GET /project_details_view_report.php?id=981 HTTP/1.1" 200 13125 "-" "Mozilla/5.0 (compatible; YandexBot/3.0; +http://yandex.com/bots)"
207.46.13.2 - - [17/Jun/2017:04:30:41 +0530] "GET /project_details_view.php?id=571 HTTP/1.1" 200 15996 "-" "Mozilla/5.0 (iPhone; CPU iPhone OS 7_0 like Mac OS X) AppleWebKit/537.51.1 (KHTML, like Gecko) Version/7.0 Mobile/11A465 Safari/9537.53 (compatible; bingbot/2.0; +http://www.bing.com/bingbot.htm)"
141.8.142.74 - - [17/Jun/2017:04:31:31 +0530] "GET /project_details_view.php?id=914 HTTP/1.1" 200 14411 "-" "Mozilla/5.0 (compatible; YandexBot/3.0; +http://yandex.com/bots)"
202.46.51.17 - - [17/Jun/2017:04:31:46 +0530] "GET /project_details_view.php?id=267 HTTP/1.1" 200 14207 "-" "Mozilla/5.0 (Windows NT 10.0; WOW64) AppleWebKit/537.36 (KHTML, like Gecko) Chrome/45.0.2454.93 Safari/537.36"
40.77.167.73 - - [17/Jun/2017:04:35:55 +0530] "GET /logout.php HTTP/1.1" 302 369 "-" "Mozilla/5.0 (compatible; bingbot/2.0; +http://www.bing.com/bingbot.htm)"
40.77.167.73 - - [17/Jun/2017:04:35:55 +0530] "GET /index.php HTTP/1.1" 200 19482 "-" "Mozilla/5.0 (compatible; bingbot/2.0; +http://www.bing.com/bingbot.htm)"
40.77.167.73 - - [17/Jun/2017:04:36:31 +0530] "GET /sitemap.php HTTP/1.1" 200 18471 "-" "Mozilla/5.0 (compatible; bingbot/2.0; +http://www.bing.com/bingbot.htm)"
40.77.167.73 - - [17/Jun/2017:04:35:47 +0530] "GET /detail_events.php?id= HTTP/1.1" 302 16740 "-" "Mozilla/5.0 (compatible; bingbot/2.0; +http://www.bing.com/bingbot.htm)"
141.8.142.74 - - [17/Jun/2017:04:37:21 +0530] "GET /project_details_view_report.php?id=702 HTTP/1.1" 200 13269 "-" "Mozilla/5.0 (compatible; YandexBot/3.0; +http://yandex.com/bots)"
5.196.87.51 - - [17/Jun/2017:04:37:31 +0530] "GET /robots.txt HTTP/1.1" 404 208 "-" "Mozilla/5.0 (compatible; AhrefsBot/5.2; +http://ahrefs.com/robot/)"
51.255.65.67 - - [17/Jun/2017:04:37:32 +0530] "GET / HTTP/1.1" 200 19482 "-" "Mozilla/5.0 (compatible; AhrefsBot/5.2; +http://ahrefs.com/robot/)"
141.8.142.74 - - [17/Jun/2017:04:39:48 +0530] "GET /news_more.php HTTP/1.1" 200 21063 "-" "Mozilla/5.0 (compatible; YandexBot/3.0; +http://yandex.com/bots)"
40.77.167.73 - - [17/Jun/2017:04:45:44 +0530] "GET /imp_links.php HTTP/1.1" 200 17836 "-" "Mozilla/5.0 (compatible; bingbot/2.0; +http://www.bing.com/bingbot.htm)"
40.77.167.112 - - [17/Jun/2017:04:46:39 +0530] "GET /project_details_view.php?id=761 HTTP/1.1" 200 14413 "-" "Mozilla/5.0 (iPhone; CPU iPhone OS 7_0 like Mac OS X) AppleWebKit/537.51.1 (KHTML, like Gecko) Version/7.0 Mobile/11A465 Safari/9537.53 (compatible; bingbot/2.0; +http://www.bing.com/bingbot.htm)"
40.77.167.73 - - [17/Jun/2017:04:52:52 +0530] "GET /constitution.php HTTP/1.1" 200 23671 "-" "Mozilla/5.0 (compatible; bingbot/2.0; +http://www.bing.com/bingbot.htm)"
202.46.49.96 - - [17/Jun/2017:04:52:53 +0530] "GET /project_details_view_report.php?id=1636 HTTP/1.1" 200 13314 "-" "Mozilla/5.0 (Windows NT 10.0; WOW64) AppleWebKit/537.36 (KHTML, like Gecko) Chrome/45.0.2454.93 Safari/537.36"
47.11.1.204 - - [17/Jun/2017:04:56:06 +0530] "GET /project_details_view.php?id=573 HTTP/1.1" 200 15519 "android-app://com.google.android.googlequicksearchbox" "Mozilla/5.0 (Linux; Android 5.0; Micromax AQ5001 Build/LRX21M) AppleWebKit/537.36 (KHTML, like Gecko) Chrome/58.0.3029.83 Mobile Safari/537.36"
47.11.5.174 - - [17/Jun/2017:04:56:06 +0530] "GET /includes/ncdma.css HTTP/1.1" 200 13023 "http://www.cdmindia.gov.in/project_details_view.php?id=573" "Mozilla/5.0 (Linux; Android 5.0; Micromax AQ5001 Build/LRX21M) AppleWebKit/537.36 (KHTML, like Gecko) Chrome/58.0.3029.83 Mobile Safari/537.36"
47.11.1.204 - - [17/Jun/2017:04:56:06 +0530] "GET /ncdma.css HTTP/1.1" 200 12640 "http://www.cdmindia.gov.in/project_details_view.php?id=573" "Mozilla/5.0 (Linux; Android 5.0; Micromax AQ5001 Build/LRX21M) AppleWebKit/537.36 (KHTML, like Gecko) Chrome/58.0.3029.83 Mobile Safari/537.36"
47.11.1.204 - - [17/Jun/2017:04:56:06 +0530] "GET /Scripts/AC_RunActiveContent.js HTTP/1.1" 200 8321 "http://www.cdmindia.gov.in/project_details_view.php?id=573" "Mozilla/5.0 (Linux; Android 5.0; Micromax AQ5001 Build/LRX21M) AppleWebKit/537.36 (KHTML, like Gecko) Chrome/58.0.3029.83 Mobile Safari/537.36"
146.148.64.128 - - [17/Jun/2017:04:56:07 +0530] "GET /robots.txt HTTP/1.1" 404 208 "-" "ltx71 - (http://ltx71.com/)"
47.11.5.174 - - [17/Jun/2017:04:56:08 +0530] "GET /images/img2.jpg HTTP/1.1" 200 16276 "http://www.cdmindia.gov.in/project_details_view.php?id=573" "Mozilla/5.0 (Linux; Android 5.0; Micromax AQ5001 Build/LRX21M) AppleWebKit/537.36 (KHTML, like Gecko) Chrome/58.0.3029.83 Mobile Safari/537.36"
47.11.5.174 - - [17/Jun/2017:04:56:09 +0530] "GET /images/img3.jpg HTTP/1.1" 200 26957 "http://www.cdmindia.gov.in/project_details_view.php?id=573" "Mozilla/5.0 (Linux; Android 5.0; Micromax AQ5001 Build/LRX21M) AppleWebKit/537.36 (KHTML, like Gecko) Chrome/58.0.3029.83 Mobile Safari/537.36"
47.11.1.204 - - [17/Jun/2017:04:56:11 +0530] "GET /images/spacer.gif HTTP/1.1" 200 43 "http://www.cdmindia.gov.in/project_details_view.php?id=573" "Mozilla/5.0 (Linux; Android 5.0; Micromax AQ5001 Build/LRX21M) AppleWebKit/537.36 (KHTML, like Gecko) Chrome/58.0.3029.83 Mobile Safari/537.36"
47.11.1.204 - - [17/Jun/2017:04:56:11 +0530] "GET /images/bullet1.gif HTTP/1.1" 200 67 "http://www.cdmindia.gov.in/project_details_view.php?id=573" "Mozilla/5.0 (Linux; Android 5.0; Micromax AQ5001 Build/LRX21M) AppleWebKit/537.36 (KHTML, like Gecko) Chrome/58.0.3029.83 Mobile Safari/537.36"
47.11.5.174 - - [17/Jun/2017:04:56:11 +0530] "GET /images/bulllet2.gif HTTP/1.1" 200 58 "http://www.cdmindia.gov.in/project_details_view.php?id=573" "Mozilla/5.0 (Linux; Android 5.0; Micromax AQ5001 Build/LRX21M) AppleWebKit/537.36 (KHTML, like Gecko) Chrome/58.0.3029.83 Mobile Safari/537.36"
47.11.5.174 - - [17/Jun/2017:04:56:12 +0530] "GET /images/bullet4.gif HTTP/1.1" 200 67 "http://www.cdmindia.gov.in/project_details_view.php?id=573" "Mozilla/5.0 (Linux; Android 5.0; Micromax AQ5001 Build/LRX21M) AppleWebKit/537.36 (KHTML, like Gecko) Chrome/58.0.3029.83 Mobile Safari/537.36"
47.11.1.204 - - [17/Jun/2017:04:56:12 +0530] "GET /images/fdm.jpg HTTP/1.1" 200 2043 "http://www.cdmindia.gov.in/project_details_view.php?id=573" "Mozilla/5.0 (Linux; Android 5.0; Micromax AQ5001 Build/LRX21M) AppleWebKit/537.36 (KHTML, like Gecko) Chrome/58.0.3029.83 Mobile Safari/537.36"
47.11.1.204 - - [17/Jun/2017:04:56:12 +0530] "GET /images/gtz.jpg HTTP/1.1" 200 15484 "http://www.cdmindia.gov.in/project_details_view.php?id=573" "Mozilla/5.0 (Linux; Android 5.0; Micromax AQ5001 Build/LRX21M) AppleWebKit/537.36 (KHTML, like Gecko) Chrome/58.0.3029.83 Mobile Safari/537.36"
47.11.5.174 - - [17/Jun/2017:04:56:14 +0530] "GET /images/img1.jpg HTTP/1.1" 200 1251 "http://www.cdmindia.gov.in/project_details_view.php?id=573" "Mozilla/5.0 (Linux; Android 5.0; Micromax AQ5001 Build/LRX21M) AppleWebKit/537.36 (KHTML, like Gecko) Chrome/58.0.3029.83 Mobile Safari/537.36"
47.11.5.174 - - [17/Jun/2017:04:56:14 +0530] "GET /images/fbg.jpg HTTP/1.1" 200 325 "http://www.cdmindia.gov.in/project_details_view.php?id=573" "Mozilla/5.0 (Linux; Android 5.0; Micromax AQ5001 Build/LRX21M) AppleWebKit/537.36 (KHTML, like Gecko) Chrome/58.0.3029.83 Mobile Safari/537.36"
47.11.1.204 - - [17/Jun/2017:04:56:15 +0530] "GET /favicon.ico HTTP/1.1" 200 1189 "http://www.cdmindia.gov.in/project_details_view.php?id=573" "Mozilla/5.0 (Linux; Android 5.0; Micromax AQ5001 Build/LRX21M) AppleWebKit/537.36 (KHTML, like Gecko) Chrome/58.0.3029.83 Mobile Safari/537.36"
40.77.167.112 - - [17/Jun/2017:04:57:53 +0530] "GET /project_details_view.php?id=2096&oid=1&page=3&reporttype=1 HTTP/1.1" 200 14180 "-" "Mozilla/5.0 (compatible; bingbot/2.0; +http://www.bing.com/bingbot.htm)"
207.46.13.2 - - [17/Jun/2017:05:00:58 +0530] "GET /downloads/Comparision%20of%20PCN_30.03.doc HTTP/1.1" 200 49664 "-" "Mozilla/5.0 (compatible; bingbot/2.0; +http://www.bing.com/bingbot.htm)"
207.46.13.2 - - [17/Jun/2017:05:01:00 +0530] "GET /project_details_view.php?id=949 HTTP/1.1" 200 15973 "-" "Mozilla/5.0 (iPhone; CPU iPhone OS 7_0 like Mac OS X) AppleWebKit/537.51.1 (KHTML, like Gecko) Version/7.0 Mobile/11A465 Safari/9537.53 (compatible; bingbot/2.0; +http://www.bing.com/bingbot.htm)"
66.249.79.129 - - [17/Jun/2017:05:02:57 +0530] "GET /robots.txt HTTP/1.1" 404 208 "-" "Mozilla/5.0 (compatible; Googlebot/2.1; +http://www.google.com/bot.html)"
66.249.79.131 - - [17/Jun/2017:05:02:57 +0530] "GET /reports_list_details.php?id=pnjuzahme&reporttype=&page=121 HTTP/1.1" 200 21806 "-" "Mozilla/5.0 (compatible; Googlebot/2.1; +http://www.google.com/bot.html)"
141.8.142.74 - - [17/Jun/2017:05:03:28 +0530] "GET /project_details_view_report.php?id=1759 HTTP/1.1" 200 13165 "-" "Mozilla/5.0 (compatible; YandexBot/3.0; +http://yandex.com/bots)"
141.8.142.74 - - [17/Jun/2017:05:03:46 +0530] "GET /project_details_view_report.php?id=35 HTTP/1.1" 200 13143 "-" "Mozilla/5.0 (compatible; YandexBot/3.0; +http://yandex.com/bots)"
40.77.167.73 - - [17/Jun/2017:05:07:11 +0530] "GET /project_details_view.php?id=317 HTTP/1.1" 200 14550 "-" "Mozilla/5.0 (iPhone; CPU iPhone OS 7_0 like Mac OS X) AppleWebKit/537.51.1 (KHTML, like Gecko) Version/7.0 Mobile/11A465 Safari/9537.53 (compatible; bingbot/2.0; +http://www.bing.com/bingbot.htm)"
207.46.13.66 - - [17/Jun/2017:05:09:14 +0530] "GET /contactus.php HTTP/1.1" 200 18294 "-" "Mozilla/5.0 (compatible; bingbot/2.0; +http://www.bing.com/bingbot.htm)"
54.173.165.103 - - [17/Jun/2017:05:09:31 +0530] "GET / HTTP/1.1" 200 19482 "-" "Mozilla/5.0 (X11; Linux x86_64) AppleWebKit/537.36 (KHTML, like Gecko) Chrome/43.0.2357.134 Safari/537.36 http://notifyninja.com/monitoring"
40.71.90.52 - - [17/Jun/2017:05:10:00 +0530] "GET /detail_news.php?id=3'A=0 HTTP/1.1" 200 11732 "http://www.cdmindia.gov.in/detail_news.php?id=3'A=0" "Mozilla/5.0 (Windows; U; Windows NT 5.1; pt-PT; rv:1.9.1.2) Gecko/20090729 Firefox/3.5.2 (.NET CLR 3.5.30729)"
40.77.167.73 - - [17/Jun/2017:05:10:46 +0530] "GET /ncdma.css HTTP/1.1" 200 12640 "-" "Mozilla/5.0 (iPhone; CPU iPhone OS 7_0 like Mac OS X) AppleWebKit/537.51.1 (KHTML, like Gecko) Version/7.0 Mobile/11A465 Safari/9537.53 (compatible; bingbot/2.0; +http://www.bing.com/bingbot.htm)"
40.77.167.112 - - [17/Jun/2017:05:12:09 +0530] "GET /detail_news.php?id=19 HTTP/1.1" 302 19084 "-" "Mozilla/5.0 (compatible; bingbot/2.0; +http://www.bing.com/bingbot.htm)"
40.77.167.112 - - [17/Jun/2017:05:12:10 +0530] "GET /logout.php HTTP/1.1" 302 369 "-" "Mozilla/5.0 (compatible; bingbot/2.0; +http://www.bing.com/bingbot.htm)"
40.77.167.112 - - [17/Jun/2017:05:12:11 +0530] "GET /index.php HTTP/1.1" 200 19482 "-" "Mozilla/5.0 (compatible; bingbot/2.0; +http://www.bing.com/bingbot.htm)"
202.46.51.102 - - [17/Jun/2017:05:14:00 +0530] "GET /project_details_view.php?id=930'%20ORDER%20BY%201000 HTTP/1.1" 200 11452 "-" "Mozilla/5.0 (Windows NT 10.0; WOW64) AppleWebKit/537.36 (KHTML, like Gecko) Chrome/45.0.2454.93 Safari/537.36"
40.77.167.73 - - [17/Jun/2017:05:14:31 +0530] "GET /project_details_view.php?id=1186 HTTP/1.1" 200 16736 "-" "Mozilla/5.0 (compatible; bingbot/2.0; +http://www.bing.com/bingbot.htm)"
35.184.189.105 - - [17/Jun/2017:05:17:56 +0530] "GET /robots.txt HTTP/1.1" 404 208 "-" "ltx71 - (http://ltx71.com/)"
207.46.13.2 - - [17/Jun/2017:05:17:58 +0530] "GET /project_details_view.php?id=257 HTTP/1.1" 200 14376 "-" "Mozilla/5.0 (compatible; bingbot/2.0; +http://www.bing.com/bingbot.htm)"
