157.55.39.174 - - [25/Jun/2017:05:33:14 +0530] "GET /approved_projects.php?n=1 HTTP/1.1" 200 16642 "-" "Mozilla/5.0 (compatible; bingbot/2.0; +http://www.bing.com/bingbot.htm)"
207.46.13.27 - - [25/Jun/2017:05:39:21 +0530] "GET /project_details_view.php?id=1411 HTTP/1.1" 200 15899 "-" "Mozilla/5.0 (iPhone; CPU iPhone OS 7_0 like Mac OS X) AppleWebKit/537.51.1 (KHTML, like Gecko) Version/7.0 Mobile/11A465 Safari/9537.53 (compatible; bingbot/2.0; +http://www.bing.com/bingbot.htm)"
157.55.39.174 - - [25/Jun/2017:05:39:28 +0530] "GET /downloads/Existing%20PCN.doc HTTP/1.1" 200 114176 "-" "Mozilla/5.0 (compatible; bingbot/2.0; +http://www.bing.com/bingbot.htm)"
146.148.64.128 - - [25/Jun/2017:05:41:36 +0530] "GET /robots.txt HTTP/1.1" 404 208 "-" "ltx71 - (http://ltx71.com/)"
35.184.189.105 - - [25/Jun/2017:05:42:49 +0530] "GET /robots.txt HTTP/1.1" 404 208 "-" "ltx71 - (http://ltx71.com/)"
207.46.13.27 - - [25/Jun/2017:05:43:02 +0530] "GET /reports_new.php?n=1 HTTP/1.1" 200 22411 "-" "Mozilla/5.0 (compatible; bingbot/2.0; +http://www.bing.com/bingbot.htm)"
202.46.57.39 - - [25/Jun/2017:05:43:34 +0530] "GET /project_details_view.php?id=1307 HTTP/1.1" 200 14289 "-" "Mozilla/5.0 (Windows NT 10.0; WOW64) AppleWebKit/537.36 (KHTML, like Gecko) Chrome/45.0.2454.93 Safari/537.36"
47.30.20.53 - - [25/Jun/2017:05:44:03 +0530] "GET / HTTP/1.1" 200 19490 "-" "Mozilla/5.0 (Linux; Android 7.1.1) AppleWebKit/537.36 (KHTML, like Gecko) Version/4.0 Focus/1.0 Chrome/58.0.3029.83 Mobile Safari/537.36"
47.30.20.53 - - [25/Jun/2017:05:44:03 +0530] "GET /Scripts/AC_RunActiveContent.js HTTP/1.1" 200 8321 "http://cdmindia.gov.in/" "Mozilla/5.0 (Linux; Android 7.1.1) AppleWebKit/537.36 (KHTML, like Gecko) Version/4.0 Focus/1.0 Chrome/58.0.3029.83 Mobile Safari/537.36"
47.30.20.53 - - [25/Jun/2017:05:44:03 +0530] "GET /includes/ncdma.css HTTP/1.1" 200 13023 "http://cdmindia.gov.in/" "Mozilla/5.0 (Linux; Android 7.1.1) AppleWebKit/537.36 (KHTML, like Gecko) Version/4.0 Focus/1.0 Chrome/58.0.3029.83 Mobile Safari/537.36"
47.30.20.53 - - [25/Jun/2017:05:44:03 +0530] "GET /js/md5.js HTTP/1.1" 200 13194 "http://cdmindia.gov.in/" "Mozilla/5.0 (Linux; Android 7.1.1) AppleWebKit/537.36 (KHTML, like Gecko) Version/4.0 Focus/1.0 Chrome/58.0.3029.83 Mobile Safari/537.36"
47.30.20.53 - - [25/Jun/2017:05:44:03 +0530] "GET /ncdma.css HTTP/1.1" 200 12640 "http://cdmindia.gov.in/" "Mozilla/5.0 (Linux; Android 7.1.1) AppleWebKit/537.36 (KHTML, like Gecko) Version/4.0 Focus/1.0 Chrome/58.0.3029.83 Mobile Safari/537.36"
47.30.20.53 - - [25/Jun/2017:05:44:03 +0530] "GET /js/base64_encode.js HTTP/1.1" 200 3002 "http://cdmindia.gov.in/" "Mozilla/5.0 (Linux; Android 7.1.1) AppleWebKit/537.36 (KHTML, like Gecko) Version/4.0 Focus/1.0 Chrome/58.0.3029.83 Mobile Safari/537.36"
47.30.20.53 - - [25/Jun/2017:05:44:04 +0530] "GET /images/img2.jpg HTTP/1.1" 200 16276 "http://cdmindia.gov.in/" "Mozilla/5.0 (Linux; Android 7.1.1) AppleWebKit/537.36 (KHTML, like Gecko) Version/4.0 Focus/1.0 Chrome/58.0.3029.83 Mobile Safari/537.36"
47.30.20.53 - - [25/Jun/2017:05:44:04 +0530] "GET /images/img1.jpg HTTP/1.1" 200 1251 "http://cdmindia.gov.in/" "Mozilla/5.0 (Linux; Android 7.1.1) AppleWebKit/537.36 (KHTML, like Gecko) Version/4.0 Focus/1.0 Chrome/58.0.3029.83 Mobile Safari/537.36"
47.30.20.53 - - [25/Jun/2017:05:44:04 +0530] "GET /images/fbg.jpg HTTP/1.1" 200 325 "http://cdmindia.gov.in/" "Mozilla/5.0 (Linux; Android 7.1.1) AppleWebKit/537.36 (KHTML, like Gecko) Version/4.0 Focus/1.0 Chrome/58.0.3029.83 Mobile Safari/537.36"
47.30.20.53 - - [25/Jun/2017:05:44:04 +0530] "GET /images/fdm.jpg HTTP/1.1" 200 2043 "http://cdmindia.gov.in/" "Mozilla/5.0 (Linux; Android 7.1.1) AppleWebKit/537.36 (KHTML, like Gecko) Version/4.0 Focus/1.0 Chrome/58.0.3029.83 Mobile Safari/537.36"
47.30.20.53 - - [25/Jun/2017:05:44:04 +0530] "GET /images/fe.jpg HTTP/1.1" 200 1429 "http://cdmindia.gov.in/" "Mozilla/5.0 (Linux; Android 7.1.1) AppleWebKit/537.36 (KHTML, like Gecko) Version/4.0 Focus/1.0 Chrome/58.0.3029.83 Mobile Safari/537.36"
47.30.20.53 - - [25/Jun/2017:05:44:04 +0530] "GET /images/gtz.jpg HTTP/1.1" 200 15484 "http://cdmindia.gov.in/" "Mozilla/5.0 (Linux; Android 7.1.1) AppleWebKit/537.36 (KHTML, like Gecko) Version/4.0 Focus/1.0 Chrome/58.0.3029.83 Mobile Safari/537.36"
47.30.20.53 - - [25/Jun/2017:05:44:04 +0530] "GET /images/bullet3.gif HTTP/1.1" 200 58 "http://cdmindia.gov.in/" "Mozilla/5.0 (Linux; Android 7.1.1) AppleWebKit/537.36 (KHTML, like Gecko) Version/4.0 Focus/1.0 Chrome/58.0.3029.83 Mobile Safari/537.36"
47.30.20.53 - - [25/Jun/2017:05:44:04 +0530] "GET /images/login1.jpg HTTP/1.1" 200 618 "http://cdmindia.gov.in/" "Mozilla/5.0 (Linux; Android 7.1.1) AppleWebKit/537.36 (KHTML, like Gecko) Version/4.0 Focus/1.0 Chrome/58.0.3029.83 Mobile Safari/537.36"
47.30.20.53 - - [25/Jun/2017:05:44:04 +0530] "GET /images/login.jpg HTTP/1.1" 200 1044 "http://cdmindia.gov.in/" "Mozilla/5.0 (Linux; Android 7.1.1) AppleWebKit/537.36 (KHTML, like Gecko) Version/4.0 Focus/1.0 Chrome/58.0.3029.83 Mobile Safari/537.36"
47.30.20.53 - - [25/Jun/2017:05:44:04 +0530] "GET /images/spacer.gif HTTP/1.1" 200 43 "http://cdmindia.gov.in/" "Mozilla/5.0 (Linux; Android 7.1.1) AppleWebKit/537.36 (KHTML, like Gecko) Version/4.0 Focus/1.0 Chrome/58.0.3029.83 Mobile Safari/537.36"
47.30.20.53 - - [25/Jun/2017:05:44:04 +0530] "GET /images/img3.jpg HTTP/1.1" 200 26957 "http://cdmindia.gov.in/" "Mozilla/5.0 (Linux; Android 7.1.1) AppleWebKit/537.36 (KHTML, like Gecko) Version/4.0 Focus/1.0 Chrome/58.0.3029.83 Mobile Safari/537.36"
47.30.20.53 - - [25/Jun/2017:05:44:04 +0530] "GET /images/bullet1.gif HTTP/1.1" 200 67 "http://cdmindia.gov.in/" "Mozilla/5.0 (Linux; Android 7.1.1) AppleWebKit/537.36 (KHTML, like Gecko) Version/4.0 Focus/1.0 Chrome/58.0.3029.83 Mobile Safari/537.36"
47.30.20.53 - - [25/Jun/2017:05:44:04 +0530] "GET /images/bulllet2.gif HTTP/1.1" 200 58 "http://cdmindia.gov.in/" "Mozilla/5.0 (Linux; Android 7.1.1) AppleWebKit/537.36 (KHTML, like Gecko) Version/4.0 Focus/1.0 Chrome/58.0.3029.83 Mobile Safari/537.36"
47.30.20.53 - - [25/Jun/2017:05:44:04 +0530] "GET /images/bullet4.gif HTTP/1.1" 200 67 "http://cdmindia.gov.in/" "Mozilla/5.0 (Linux; Android 7.1.1) AppleWebKit/537.36 (KHTML, like Gecko) Version/4.0 Focus/1.0 Chrome/58.0.3029.83 Mobile Safari/537.36"
47.30.20.53 - - [25/Jun/2017:05:44:23 +0530] "GET /detail_news.php?id=21 HTTP/1.1" 200 18149 "http://cdmindia.gov.in/" "Mozilla/5.0 (Linux; Android 7.1.1) AppleWebKit/537.36 (KHTML, like Gecko) Version/4.0 Focus/1.0 Chrome/58.0.3029.83 Mobile Safari/537.36"
47.30.20.53 - - [25/Jun/2017:05:44:23 +0530] "GET /images/h_news.jpg HTTP/1.1" 200 21315 "http://cdmindia.gov.in/detail_news.php?id=21" "Mozilla/5.0 (Linux; Android 7.1.1) AppleWebKit/537.36 (KHTML, like Gecko) Version/4.0 Focus/1.0 Chrome/58.0.3029.83 Mobile Safari/537.36"
47.30.20.53 - - [25/Jun/2017:05:44:32 +0530] "GET / HTTP/1.1" 200 19490 "-" "Mozilla/5.0 (Linux; Android 7.1.1) AppleWebKit/537.36 (KHTML, like Gecko) Version/4.0 Focus/1.0 Chrome/58.0.3029.83 Mobile Safari/537.36"
207.46.13.27 - - [25/Jun/2017:05:46:41 +0530] "GET /project_details_view.php?id=1477 HTTP/1.1" 200 14680 "-" "Mozilla/5.0 (compatible; bingbot/2.0; +http://www.bing.com/bingbot.htm)"
157.55.39.84 - - [25/Jun/2017:05:47:01 +0530] "GET /downloads/New%20PCN.doc HTTP/1.1" 200 435200 "-" "Mozilla/5.0 (compatible; bingbot/2.0; +http://www.bing.com/bingbot.htm)"
157.55.39.174 - - [25/Jun/2017:05:49:03 +0530] "GET /contactus.php HTTP/1.1" 200 18292 "-" "Mozilla/5.0 (compatible; bingbot/2.0; +http://www.bing.com/bingbot.htm)"
157.55.39.174 - - [25/Jun/2017:05:49:04 +0530] "GET /downloads/Existing%20PCN.doc HTTP/1.1" 200 114176 "-" "Mozilla/5.0 (compatible; bingbot/2.0; +http://www.bing.com/bingbot.htm)"
195.154.226.17 - - [25/Jun/2017:05:50:18 +0530] "GET /reports_new.php?n=1'A=0 HTTP/1.1" 200 22411 "http://www.cdmindia.gov.in/reports_new.php?n=1'A=0" "Mozilla/5.0 (Windows; U; Windows NT 5.1; pt-PT; rv:1.9.1.2) Gecko/20090729 Firefox/3.5.2 (.NET CLR 3.5.30729)"
207.46.13.27 - - [25/Jun/2017:05:52:24 +0530] "GET /aboutus.php HTTP/1.1" 200 19597 "-" "Mozilla/5.0 (compatible; bingbot/2.0; +http://www.bing.com/bingbot.htm)"
35.184.189.105 - - [25/Jun/2017:05:54:06 +0530] "GET /robots.txt HTTP/1.1" 404 208 "-" "ltx71 - (http://ltx71.com/)"
207.46.13.27 - - [25/Jun/2017:05:57:28 +0530] "GET /reports_new.php?n=1 HTTP/1.1" 200 22411 "-" "Mozilla/5.0 (compatible; bingbot/2.0; +http://www.bing.com/bingbot.htm)"
146.148.64.128 - - [25/Jun/2017:05:58:22 +0530] "GET /robots.txt HTTP/1.1" 404 208 "-" "ltx71 - (http://ltx71.com/)"
157.55.39.235 - - [25/Jun/2017:05:58:35 +0530] "GET /approved_projects.php?n1=1 HTTP/1.1" 200 23116 "-" "Mozilla/5.0 (compatible; bingbot/2.0; +http://www.bing.com/bingbot.htm)"
157.55.2.153 - - [25/Jun/2017:05:58:40 +0530] "GET /js/jquery.js HTTP/1.1" 200 55774 "http://www.cdmindia.gov.in/approved_projects.php?n1=1" "Mozilla/5.0 (Windows NT 6.1; WOW64) AppleWebKit/534+ (KHTML, like Gecko) BingPreview/1.0b"
157.55.2.153 - - [25/Jun/2017:05:58:41 +0530] "GET /js/datepicker/latest_date.js HTTP/1.1" 200 11986 "http://www.cdmindia.gov.in/approved_projects.php?n1=1" "Mozilla/5.0 (Windows NT 6.1; WOW64) AppleWebKit/534+ (KHTML, like Gecko) BingPreview/1.0b"
157.55.2.153 - - [25/Jun/2017:05:58:42 +0530] "GET /js/datepicker/latest_jquery.datePicker.js HTTP/1.1" 200 37423 "http://www.cdmindia.gov.in/approved_projects.php?n1=1" "Mozilla/5.0 (Windows NT 6.1; WOW64) AppleWebKit/534+ (KHTML, like Gecko) BingPreview/1.0b"
157.55.2.153 - - [25/Jun/2017:05:58:43 +0530] "GET /js/datepicker/latest_datepicker.css HTTP/1.1" 200 2283 "http://www.cdmindia.gov.in/approved_projects.php?n1=1" "Mozilla/5.0 (Windows NT 6.1; WOW64) AppleWebKit/534+ (KHTML, like Gecko) BingPreview/1.0b"
157.55.2.153 - - [25/Jun/2017:05:58:43 +0530] "GET /js/datepicker/latest_demo.css HTTP/1.1" 200 574 "http://www.cdmindia.gov.in/approved_projects.php?n1=1" "Mozilla/5.0 (Windows NT 6.1; WOW64) AppleWebKit/534+ (KHTML, like Gecko) BingPreview/1.0b"
146.148.64.128 - - [25/Jun/2017:05:58:46 +0530] "GET /imp_links.php HTTP/1.1" 200 17834 "-" "ltx71 - (http://ltx71.com/)"
157.55.39.235 - - [25/Jun/2017:05:59:03 +0530] "GET /detail_news.php?id=19 HTTP/1.1" 302 19082 "-" "Mozilla/5.0 (compatible; bingbot/2.0; +http://www.bing.com/bingbot.htm)"
157.55.39.235 - - [25/Jun/2017:05:59:04 +0530] "GET /logout.php HTTP/1.1" 302 369 "-" "Mozilla/5.0 (compatible; bingbot/2.0; +http://www.bing.com/bingbot.htm)"
157.55.39.235 - - [25/Jun/2017:05:59:05 +0530] "GET /index.php HTTP/1.1" 200 19490 "-" "Mozilla/5.0 (compatible; bingbot/2.0; +http://www.bing.com/bingbot.htm)"
146.148.64.128 - - [25/Jun/2017:05:59:21 +0530] "GET /js/base64_encode.js HTTP/1.1" 200 3002 "-" "ltx71 - (http://ltx71.com/)"
146.148.64.128 - - [25/Jun/2017:06:00:23 +0530] "GET /downloads/Comparision%20of%20PCN_30.03.doc HTTP/1.1" 200 49664 "-" "ltx71 - (http://ltx71.com/)"
202.46.51.17 - - [25/Jun/2017:06:03:24 +0530] "GET /project_details_view_report.php?id=667 HTTP/1.1" 200 13134 "-" "Mozilla/5.0 (Windows NT 10.0; WOW64) AppleWebKit/537.36 (KHTML, like Gecko) Chrome/45.0.2454.93 Safari/537.36"
220.181.108.121 - - [25/Jun/2017:06:06:02 +0530] "GET / HTTP/1.1" 200 19490 "-" "Mozilla/5.0 (compatible; Baiduspider/2.0; +http://www.baidu.com/search/spider.html)"
157.55.39.174 - - [25/Jun/2017:06:06:03 +0530] "GET /approval_process.php HTTP/1.1" 200 25912 "-" "Mozilla/5.0 (compatible; bingbot/2.0; +http://www.bing.com/bingbot.htm)"
157.55.39.84 - - [25/Jun/2017:06:06:07 +0530] "GET /downloads/Comparision%20of%20PCN_30.03.doc HTTP/1.1" 200 49664 "-" "Mozilla/5.0 (compatible; bingbot/2.0; +http://www.bing.com/bingbot.htm)"
157.55.39.84 - - [25/Jun/2017:06:08:28 +0530] "GET /project_details_view_report.php?id=126 HTTP/1.1" 200 13102 "-" "Mozilla/5.0 (compatible; bingbot/2.0; +http://www.bing.com/bingbot.htm)"
66.102.6.113 - - [25/Jun/2017:06:08:40 +0530] "GET /project_details_view.php?id=930 HTTP/1.1" 200 16544 "-" "Mozilla/5.0 (Linux; Android 4.2.1; en-us; Nexus 5 Build/JOP40D) AppleWebKit/535.19 (KHTML, like Gecko; googleweblight) Chrome/38.0.1025.166 Mobile Safari/535.19"
66.102.6.115 - - [25/Jun/2017:06:08:41 +0530] "GET /project_details_view.php?id=930 HTTP/1.1" 200 16544 "http://www.google.co.in/" "Mozilla/5.0 (Linux; Android 4.2.1; en-us; Nexus 5 Build/JOP40D) AppleWebKit/535.19 (KHTML, like Gecko; googleweblight) Chrome/38.0.1025.166 Mobile Safari/535.19"
66.102.6.113 - - [25/Jun/2017:06:08:41 +0530] "GET /images/gtz.jpg HTTP/1.1" 200 15484 "http://www.cdmindia.gov.in/project_details_view.php?id=930" "Mozilla/5.0 (Linux; Android 4.2.1; en-us; Nexus 5 Build/JOP40D) AppleWebKit/535.19 (KHTML, like Gecko; googleweblight) Chrome/38.0.1025.166 Mobile Safari/535.19"
66.102.6.113 - - [25/Jun/2017:06:08:41 +0530] "GET /images/fdm.jpg HTTP/1.1" 200 2043 "http://www.cdmindia.gov.in/project_details_view.php?id=930" "Mozilla/5.0 (Linux; Android 4.2.1; en-us; Nexus 5 Build/JOP40D) AppleWebKit/535.19 (KHTML, like Gecko; googleweblight) Chrome/38.0.1025.166 Mobile Safari/535.19"
66.102.6.113 - - [25/Jun/2017:06:08:41 +0530] "GET /Scripts/AC_RunActiveContent.js HTTP/1.1" 200 8321 "http://www.cdmindia.gov.in/project_details_view.php?id=930" "Mozilla/5.0 (Linux; Android 4.2.1; en-us; Nexus 5 Build/JOP40D) AppleWebKit/535.19 (KHTML, like Gecko; googleweblight) Chrome/38.0.1025.166 Mobile Safari/535.19"
66.102.6.113 - - [25/Jun/2017:06:08:41 +0530] "GET /images/bullet4.gif HTTP/1.1" 200 67 "http://www.cdmindia.gov.in/project_details_view.php?id=930" "Mozilla/5.0 (Linux; Android 4.2.1; en-us; Nexus 5 Build/JOP40D) AppleWebKit/535.19 (KHTML, like Gecko; googleweblight) Chrome/38.0.1025.166 Mobile Safari/535.19"
66.102.6.113 - - [25/Jun/2017:06:08:41 +0530] "GET /images/bulllet2.gif HTTP/1.1" 200 58 "http://www.cdmindia.gov.in/project_details_view.php?id=930" "Mozilla/5.0 (Linux; Android 4.2.1; en-us; Nexus 5 Build/JOP40D) AppleWebKit/535.19 (KHTML, like Gecko; googleweblight) Chrome/38.0.1025.166 Mobile Safari/535.19"
66.102.6.113 - - [25/Jun/2017:06:08:41 +0530] "GET /ncdma.css HTTP/1.1" 200 12640 "http://www.cdmindia.gov.in/project_details_view.php?id=930" "Mozilla/5.0 (Linux; Android 4.2.1; en-us; Nexus 5 Build/JOP40D) AppleWebKit/535.19 (KHTML, like Gecko; googleweblight) Chrome/38.0.1025.166 Mobile Safari/535.19"
66.102.6.113 - - [25/Jun/2017:06:08:41 +0530] "GET /includes/ncdma.css HTTP/1.1" 200 13023 "http://www.cdmindia.gov.in/project_details_view.php?id=930" "Mozilla/5.0 (Linux; Android 4.2.1; en-us; Nexus 5 Build/JOP40D) AppleWebKit/535.19 (KHTML, like Gecko; googleweblight) Chrome/38.0.1025.166 Mobile Safari/535.19"
66.102.6.111 - - [25/Jun/2017:06:08:41 +0530] "GET /images/spacer.gif HTTP/1.1" 200 43 "http://www.cdmindia.gov.in/project_details_view.php?id=930" "Mozilla/5.0 (Linux; Android 4.2.1; en-us; Nexus 5 Build/JOP40D) AppleWebKit/535.19 (KHTML, like Gecko; googleweblight) Chrome/38.0.1025.166 Mobile Safari/535.19"
66.102.6.113 - - [25/Jun/2017:06:08:41 +0530] "GET /images/bullet1.gif HTTP/1.1" 200 67 "http://www.cdmindia.gov.in/project_details_view.php?id=930" "Mozilla/5.0 (Linux; Android 4.2.1; en-us; Nexus 5 Build/JOP40D) AppleWebKit/535.19 (KHTML, like Gecko; googleweblight) Chrome/38.0.1025.166 Mobile Safari/535.19"
66.102.6.113 - - [25/Jun/2017:06:08:41 +0530] "GET /images/img2.jpg HTTP/1.1" 200 16276 "http://www.cdmindia.gov.in/project_details_view.php?id=930" "Mozilla/5.0 (Linux; Android 4.2.1; en-us; Nexus 5 Build/JOP40D) AppleWebKit/535.19 (KHTML, like Gecko; googleweblight) Chrome/38.0.1025.166 Mobile Safari/535.19"
66.102.6.113 - - [25/Jun/2017:06:08:41 +0530] "GET /images/img3.jpg HTTP/1.1" 200 26957 "http://www.cdmindia.gov.in/project_details_view.php?id=930" "Mozilla/5.0 (Linux; Android 4.2.1; en-us; Nexus 5 Build/JOP40D) AppleWebKit/535.19 (KHTML, like Gecko; googleweblight) Chrome/38.0.1025.166 Mobile Safari/535.19"
66.102.6.113 - - [25/Jun/2017:06:08:42 +0530] "GET /images/img1.jpg HTTP/1.1" 200 1251 "http://www.cdmindia.gov.in/project_details_view.php?id=930" "Mozilla/5.0 (Linux; Android 4.2.1; en-us; Nexus 5 Build/JOP40D) AppleWebKit/535.19 (KHTML, like Gecko; googleweblight) Chrome/38.0.1025.166 Mobile Safari/535.19"
66.102.6.111 - - [25/Jun/2017:06:08:42 +0530] "GET /images/fbg.jpg HTTP/1.1" 200 325 "http://www.cdmindia.gov.in/project_details_view.php?id=930" "Mozilla/5.0 (Linux; Android 4.2.1; en-us; Nexus 5 Build/JOP40D) AppleWebKit/535.19 (KHTML, like Gecko; googleweblight) Chrome/38.0.1025.166 Mobile Safari/535.19"
207.46.13.27 - - [25/Jun/2017:06:09:19 +0530] "GET /project_details_view.php?id=431 HTTP/1.1" 200 14141 "-" "Mozilla/5.0 (compatible; bingbot/2.0; +http://www.bing.com/bingbot.htm)"
66.249.79.91 - - [25/Jun/2017:06:16:36 +0530] "GET /robots.txt HTTP/1.1" 404 208 "-" "Mozilla/5.0 (compatible; Googlebot/2.1; +http://www.google.com/bot.html)"
66.249.75.26 - - [25/Jun/2017:06:16:37 +0530] "GET /robots.txt HTTP/1.1" 404 208 "-" "Mozilla/5.0 (compatible; Googlebot/2.1; +http://www.google.com/bot.html)"
66.249.79.91 - - [25/Jun/2017:06:16:37 +0530] "GET / HTTP/1.1" 200 19490 "-" "Mozilla/5.0 (Linux; Android 6.0.1; Nexus 5X Build/MMB29P) AppleWebKit/537.36 (KHTML, like Gecko) Chrome/41.0.2272.96 Mobile Safari/537.36 (compatible; Googlebot/2.1; +http://www.google.com/bot.html)"
66.249.75.28 - - [25/Jun/2017:06:16:37 +0530] "GET / HTTP/1.1" 200 19490 "-" "Mozilla/5.0 (Linux; Android 6.0.1; Nexus 5X Build/MMB29P) AppleWebKit/537.36 (KHTML, like Gecko) Chrome/41.0.2272.96 Mobile Safari/537.36 (compatible; Googlebot/2.1; +http://www.google.com/bot.html)"
64.233.173.49 - - [25/Jun/2017:06:16:57 +0530] "GET /project_details_view.php?id=930 HTTP/1.1" 200 16544 "https://www.google.co.in/" "Mozilla/5.0 (Linux; Android 6.0; Lenovo A7020a48 Build/MRA58K) AppleWebKit/537.36 (KHTML, like Gecko) Chrome/58.0.3029.83 Mobile Safari/537.36"
35.184.189.105 - - [25/Jun/2017:06:19:11 +0530] "GET /robots.txt HTTP/1.1" 404 208 "-" "ltx71 - (http://ltx71.com/)"
202.46.54.158 - - [25/Jun/2017:06:20:11 +0530] "GET /project_details_view.php?id=719 HTTP/1.1" 200 14995 "-" "Mozilla/5.0 (Windows NT 10.0; WOW64) AppleWebKit/537.36 (KHTML, like Gecko) Chrome/45.0.2454.93 Safari/537.36"
146.148.64.128 - - [25/Jun/2017:06:22:21 +0530] "GET /robots.txt HTTP/1.1" 404 208 "-" "ltx71 - (http://ltx71.com/)"
207.46.13.27 - - [25/Jun/2017:06:22:34 +0530] "GET /detail_news.php?id=21 HTTP/1.1" 302 18149 "-" "Mozilla/5.0 (compatible; bingbot/2.0; +http://www.bing.com/bingbot.htm)"
207.46.13.27 - - [25/Jun/2017:06:22:35 +0530] "GET /logout.php HTTP/1.1" 302 369 "-" "Mozilla/5.0 (compatible; bingbot/2.0; +http://www.bing.com/bingbot.htm)"
207.46.13.27 - - [25/Jun/2017:06:22:36 +0530] "GET /index.php HTTP/1.1" 200 19490 "-" "Mozilla/5.0 (compatible; bingbot/2.0; +http://www.bing.com/bingbot.htm)"
157.55.39.174 - - [25/Jun/2017:06:22:49 +0530] "GET /approved_projects.php?n=1 HTTP/1.1" 200 16642 "-" "Mozilla/5.0 (compatible; bingbot/2.0; +http://www.bing.com/bingbot.htm)"
66.249.69.79 - - [25/Jun/2017:06:22:58 +0530] "GET /project_details_view_report.php?id=1127 HTTP/1.1" 200 13131 "-" "Mozilla/5.0 (compatible; Googlebot/2.1; +http://www.google.com/bot.html)"
146.148.64.128 - - [25/Jun/2017:06:23:24 +0530] "GET /js/base64_encode.js HTTP/1.1" 200 3002 "-" "ltx71 - (http://ltx71.com/)"
146.148.64.128 - - [25/Jun/2017:06:24:43 +0530] "GET /approval_process.php HTTP/1.1" 200 25912 "-" "ltx71 - (http://ltx71.com/)"
157.55.39.235 - - [25/Jun/2017:06:25:05 +0530] "GET /project_details_view_report.php?id=1561 HTTP/1.1" 200 13347 "-" "Mozilla/5.0 (compatible; bingbot/2.0; +http://www.bing.com/bingbot.htm)"
157.55.39.235 - - [25/Jun/2017:06:25:16 +0530] "GET /images/NCDMA%20PCN%20Format%2017072009.doc HTTP/1.1" 200 114176 "-" "Mozilla/5.0 (compatible; bingbot/2.0; +http://www.bing.com/bingbot.htm)"
207.46.13.27 - - [25/Jun/2017:06:28:37 +0530] "GET /capacity_building.php HTTP/1.1" 200 19186 "-" "Mozilla/5.0 (compatible; bingbot/2.0; +http://www.bing.com/bingbot.htm)"
40.78.27.43 - - [25/Jun/2017:06:31:08 +0530] "GET /project_details_view.php?id=11 HTTP/1.1" 200 14858 "-" "Mozilla/4.0 (compatible; MSIE 6.0; Windows NT 5.1; .NET CLR 1.1.4322; .NET CLR 2.0.50727)"
54.173.165.103 - - [25/Jun/2017:06:35:44 +0530] "GET / HTTP/1.1" 200 19490 "-" "Mozilla/5.0 (X11; Linux x86_64) AppleWebKit/537.36 (KHTML, like Gecko) Chrome/43.0.2357.134 Safari/537.36 http://notifyninja.com/monitoring"
202.46.51.82 - - [25/Jun/2017:06:36:58 +0530] "GET /project_details_view_report.php?id=560 HTTP/1.1" 200 13190 "-" "Mozilla/5.0 (Windows NT 10.0; WOW64) AppleWebKit/537.36 (KHTML, like Gecko) Chrome/45.0.2454.93 Safari/537.36"
42.201.199.100 - - [25/Jun/2017:06:45:01 +0530] "GET /wp-login.php HTTP/1.1" 404 210 "-" "Mozilla/5.0 (Windows NT 6.1; WOW64; rv:40.0) Gecko/20100101 Firefox/40.1"
42.201.199.100 - - [25/Jun/2017:06:45:02 +0530] "GET / HTTP/1.1" 200 19490 "-" "Mozilla/5.0 (Windows NT 6.1; WOW64; rv:40.0) Gecko/20100101 Firefox/40.1"
157.55.39.174 - - [25/Jun/2017:06:48:35 +0530] "GET /project_details_view.php?id=1465 HTTP/1.1" 200 14102 "-" "Mozilla/5.0 (iPhone; CPU iPhone OS 7_0 like Mac OS X) AppleWebKit/537.51.1 (KHTML, like Gecko) Version/7.0 Mobile/11A465 Safari/9537.53 (compatible; bingbot/2.0; +http://www.bing.com/bingbot.htm)"
66.249.79.19 - - [25/Jun/2017:06:52:15 +0530] "GET / HTTP/1.1" 200 19490 "-" "Mozilla/5.0 (Linux; Android 6.0.1; Nexus 5X Build/MMB29P) AppleWebKit/537.36 (KHTML, like Gecko) Chrome/41.0.2272.96 Mobile Safari/537.36 (compatible; Googlebot/2.1; +http://www.google.com/bot.html)"
202.46.51.210 - - [25/Jun/2017:06:53:45 +0530] "GET /project_details_view_report.php?id=1440 HTTP/1.1" 200 13290 "-" "Mozilla/5.0 (Windows NT 10.0; WOW64) AppleWebKit/537.36 (KHTML, like Gecko) Chrome/45.0.2454.93 Safari/537.36"
47.30.99.31 - - [25/Jun/2017:07:00:48 +0530] "GET / HTTP/1.1" 200 19490 "-" "Mozilla/5.0 (Linux; Android 7.1.1) AppleWebKit/537.36 (KHTML, like Gecko) Version/4.0 Focus/1.0 Chrome/58.0.3029.83 Mobile Safari/537.36"
47.30.99.31 - - [25/Jun/2017:07:00:48 +0530] "GET /ncdma.css HTTP/1.1" 200 12640 "http://cdmindia.gov.in/" "Mozilla/5.0 (Linux; Android 7.1.1) AppleWebKit/537.36 (KHTML, like Gecko) Version/4.0 Focus/1.0 Chrome/58.0.3029.83 Mobile Safari/537.36"
47.30.99.31 - - [25/Jun/2017:07:00:48 +0530] "GET /includes/ncdma.css HTTP/1.1" 200 13023 "http://cdmindia.gov.in/" "Mozilla/5.0 (Linux; Android 7.1.1) AppleWebKit/537.36 (KHTML, like Gecko) Version/4.0 Focus/1.0 Chrome/58.0.3029.83 Mobile Safari/537.36"
47.30.99.31 - - [25/Jun/2017:07:00:48 +0530] "GET /Scripts/AC_RunActiveContent.js HTTP/1.1" 200 8321 "http://cdmindia.gov.in/" "Mozilla/5.0 (Linux; Android 7.1.1) AppleWebKit/537.36 (KHTML, like Gecko) Version/4.0 Focus/1.0 Chrome/58.0.3029.83 Mobile Safari/537.36"
47.30.99.31 - - [25/Jun/2017:07:00:48 +0530] "GET /js/base64_encode.js HTTP/1.1" 200 3002 "http://cdmindia.gov.in/" "Mozilla/5.0 (Linux; Android 7.1.1) AppleWebKit/537.36 (KHTML, like Gecko) Version/4.0 Focus/1.0 Chrome/58.0.3029.83 Mobile Safari/537.36"
47.30.99.31 - - [25/Jun/2017:07:00:48 +0530] "GET /js/md5.js HTTP/1.1" 200 13194 "http://cdmindia.gov.in/" "Mozilla/5.0 (Linux; Android 7.1.1) AppleWebKit/537.36 (KHTML, like Gecko) Version/4.0 Focus/1.0 Chrome/58.0.3029.83 Mobile Safari/537.36"
47.30.99.31 - - [25/Jun/2017:07:00:48 +0530] "GET /images/img3.jpg HTTP/1.1" 200 26957 "http://cdmindia.gov.in/" "Mozilla/5.0 (Linux; Android 7.1.1) AppleWebKit/537.36 (KHTML, like Gecko) Version/4.0 Focus/1.0 Chrome/58.0.3029.83 Mobile Safari/537.36"
47.30.99.31 - - [25/Jun/2017:07:00:48 +0530] "GET /images/img2.jpg HTTP/1.1" 200 16276 "http://cdmindia.gov.in/" "Mozilla/5.0 (Linux; Android 7.1.1) AppleWebKit/537.36 (KHTML, like Gecko) Version/4.0 Focus/1.0 Chrome/58.0.3029.83 Mobile Safari/537.36"
47.30.99.31 - - [25/Jun/2017:07:00:48 +0530] "GET /images/spacer.gif HTTP/1.1" 200 43 "http://cdmindia.gov.in/" "Mozilla/5.0 (Linux; Android 7.1.1) AppleWebKit/537.36 (KHTML, like Gecko) Version/4.0 Focus/1.0 Chrome/58.0.3029.83 Mobile Safari/537.36"
47.30.99.31 - - [25/Jun/2017:07:00:48 +0530] "GET /images/bulllet2.gif HTTP/1.1" 200 58 "http://cdmindia.gov.in/" "Mozilla/5.0 (Linux; Android 7.1.1) AppleWebKit/537.36 (KHTML, like Gecko) Version/4.0 Focus/1.0 Chrome/58.0.3029.83 Mobile Safari/537.36"
47.30.99.31 - - [25/Jun/2017:07:00:48 +0530] "GET /images/bullet1.gif HTTP/1.1" 200 67 "http://cdmindia.gov.in/" "Mozilla/5.0 (Linux; Android 7.1.1) AppleWebKit/537.36 (KHTML, like Gecko) Version/4.0 Focus/1.0 Chrome/58.0.3029.83 Mobile Safari/537.36"
47.30.99.31 - - [25/Jun/2017:07:00:48 +0530] "GET /images/bullet4.gif HTTP/1.1" 200 67 "http://cdmindia.gov.in/" "Mozilla/5.0 (Linux; Android 7.1.1) AppleWebKit/537.36 (KHTML, like Gecko) Version/4.0 Focus/1.0 Chrome/58.0.3029.83 Mobile Safari/537.36"
47.30.99.31 - - [25/Jun/2017:07:00:48 +0530] "GET /images/img1.jpg HTTP/1.1" 200 1251 "http://cdmindia.gov.in/" "Mozilla/5.0 (Linux; Android 7.1.1) AppleWebKit/537.36 (KHTML, like Gecko) Version/4.0 Focus/1.0 Chrome/58.0.3029.83 Mobile Safari/537.36"
47.30.99.31 - - [25/Jun/2017:07:00:48 +0530] "GET /images/fe.jpg HTTP/1.1" 200 1429 "http://cdmindia.gov.in/" "Mozilla/5.0 (Linux; Android 7.1.1) AppleWebKit/537.36 (KHTML, like Gecko) Version/4.0 Focus/1.0 Chrome/58.0.3029.83 Mobile Safari/537.36"
47.30.99.31 - - [25/Jun/2017:07:00:48 +0530] "GET /images/fdm.jpg HTTP/1.1" 200 2043 "http://cdmindia.gov.in/" "Mozilla/5.0 (Linux; Android 7.1.1) AppleWebKit/537.36 (KHTML, like Gecko) Version/4.0 Focus/1.0 Chrome/58.0.3029.83 Mobile Safari/537.36"
47.30.99.31 - - [25/Jun/2017:07:00:48 +0530] "GET /images/fbg.jpg HTTP/1.1" 200 325 "http://cdmindia.gov.in/" "Mozilla/5.0 (Linux; Android 7.1.1) AppleWebKit/537.36 (KHTML, like Gecko) Version/4.0 Focus/1.0 Chrome/58.0.3029.83 Mobile Safari/537.36"
47.30.99.31 - - [25/Jun/2017:07:00:48 +0530] "GET /images/login1.jpg HTTP/1.1" 200 618 "http://cdmindia.gov.in/" "Mozilla/5.0 (Linux; Android 7.1.1) AppleWebKit/537.36 (KHTML, like Gecko) Version/4.0 Focus/1.0 Chrome/58.0.3029.83 Mobile Safari/537.36"
47.30.99.31 - - [25/Jun/2017:07:00:48 +0530] "GET /images/gtz.jpg HTTP/1.1" 200 15484 "http://cdmindia.gov.in/" "Mozilla/5.0 (Linux; Android 7.1.1) AppleWebKit/537.36 (KHTML, like Gecko) Version/4.0 Focus/1.0 Chrome/58.0.3029.83 Mobile Safari/537.36"
47.30.99.31 - - [25/Jun/2017:07:00:48 +0530] "GET /images/bullet3.gif HTTP/1.1" 200 58 "http://cdmindia.gov.in/" "Mozilla/5.0 (Linux; Android 7.1.1) AppleWebKit/537.36 (KHTML, like Gecko) Version/4.0 Focus/1.0 Chrome/58.0.3029.83 Mobile Safari/537.36"
47.30.99.31 - - [25/Jun/2017:07:00:48 +0530] "GET /images/login.jpg HTTP/1.1" 200 1044 "http://cdmindia.gov.in/" "Mozilla/5.0 (Linux; Android 7.1.1) AppleWebKit/537.36 (KHTML, like Gecko) Version/4.0 Focus/1.0 Chrome/58.0.3029.83 Mobile Safari/537.36"
47.30.99.31 - - [25/Jun/2017:07:01:05 +0530] "GET /detail_news.php?id=21 HTTP/1.1" 200 18149 "http://cdmindia.gov.in/" "Mozilla/5.0 (Linux; Android 7.1.1) AppleWebKit/537.36 (KHTML, like Gecko) Version/4.0 Focus/1.0 Chrome/58.0.3029.83 Mobile Safari/537.36"
47.30.99.31 - - [25/Jun/2017:07:01:05 +0530] "GET /ncdma.css HTTP/1.1" 200 12640 "http://cdmindia.gov.in/detail_news.php?id=21" "Mozilla/5.0 (Linux; Android 7.1.1) AppleWebKit/537.36 (KHTML, like Gecko) Version/4.0 Focus/1.0 Chrome/58.0.3029.83 Mobile Safari/537.36"
47.30.99.31 - - [25/Jun/2017:07:01:05 +0530] "GET /images/h_news.jpg HTTP/1.1" 200 21315 "http://cdmindia.gov.in/detail_news.php?id=21" "Mozilla/5.0 (Linux; Android 7.1.1) AppleWebKit/537.36 (KHTML, like Gecko) Version/4.0 Focus/1.0 Chrome/58.0.3029.83 Mobile Safari/537.36"
47.30.99.31 - - [25/Jun/2017:07:01:40 +0530] "GET / HTTP/1.1" 200 19490 "-" "Mozilla/5.0 (Linux; Android 7.1.1) AppleWebKit/537.36 (KHTML, like Gecko) Version/4.0 Focus/1.0 Chrome/58.0.3029.83 Mobile Safari/537.36"
47.30.99.31 - - [25/Jun/2017:07:01:40 +0530] "GET /js/md5.js HTTP/1.1" 200 13194 "http://cdmindia.gov.in/" "Mozilla/5.0 (Linux; Android 7.1.1) AppleWebKit/537.36 (KHTML, like Gecko) Version/4.0 Focus/1.0 Chrome/58.0.3029.83 Mobile Safari/537.36"
47.30.99.31 - - [25/Jun/2017:07:01:40 +0530] "GET /ncdma.css HTTP/1.1" 200 12640 "http://cdmindia.gov.in/" "Mozilla/5.0 (Linux; Android 7.1.1) AppleWebKit/537.36 (KHTML, like Gecko) Version/4.0 Focus/1.0 Chrome/58.0.3029.83 Mobile Safari/537.36"
47.30.99.31 - - [25/Jun/2017:07:01:40 +0530] "GET /js/base64_encode.js HTTP/1.1" 200 3002 "http://cdmindia.gov.in/" "Mozilla/5.0 (Linux; Android 7.1.1) AppleWebKit/537.36 (KHTML, like Gecko) Version/4.0 Focus/1.0 Chrome/58.0.3029.83 Mobile Safari/537.36"
157.55.39.84 - - [25/Jun/2017:07:06:47 +0530] "GET /project_details_view.php?id=1069 HTTP/1.1" 200 14654 "-" "Mozilla/5.0 (iPhone; CPU iPhone OS 7_0 like Mac OS X) AppleWebKit/537.51.1 (KHTML, like Gecko) Version/7.0 Mobile/11A465 Safari/9537.53 (compatible; bingbot/2.0; +http://www.bing.com/bingbot.htm)"
66.249.79.95 - - [25/Jun/2017:07:07:37 +0530] "GET / HTTP/1.1" 200 19490 "-" "Mozilla/5.0 (compatible; Googlebot/2.1; +http://www.google.com/bot.html)"
202.46.57.70 - - [25/Jun/2017:07:10:32 +0530] "GET /project_details_view.php?id=826 HTTP/1.1" 200 14291 "-" "Mozilla/5.0 (Windows NT 10.0; WOW64) AppleWebKit/537.36 (KHTML, like Gecko) Chrome/45.0.2454.93 Safari/537.36"
220.181.108.121 - - [25/Jun/2017:07:12:42 +0530] "GET /images/img3.jpg HTTP/1.1" 200 26957 "-" "Baiduspider-image+(+http://www.baidu.com/search/spider.htm)"
207.46.13.27 - - [25/Jun/2017:07:15:18 +0530] "GET /project_details_view.php?id=322 HTTP/1.1" 200 14459 "-" "Mozilla/5.0 (iPhone; CPU iPhone OS 7_0 like Mac OS X) AppleWebKit/537.51.1 (KHTML, like Gecko) Version/7.0 Mobile/11A465 Safari/9537.53 (compatible; bingbot/2.0; +http://www.bing.com/bingbot.htm)"
168.235.194.64 - - [25/Jun/2017:07:15:57 +0530] "GET /project_details_view_report.php?id=830 HTTP/1.1" 200 13183 "http://www.google.co.in/search?site=webhp&q=new+india+sugar+mills+dhadha+bujurg+hata+kushinagar+apprantice+online&oq=new+india+sugar+mills+dhadha+bujurg+hata+kushinagar+apprantice+online&aqs=mobile-gws-lite.." "Mozilla/5.0 (Linux; U; Android 4.4.4; en-US; SM-G316HU Build/KTU84P) AppleWebKit/534.30 (KHTML, like Gecko) Version/4.0 UCBrowser/10.10.8.843 U3/0.8.0 Mobile Safari/534.30"
168.235.194.64 - - [25/Jun/2017:07:15:58 +0530] "GET /Scripts/AC_RunActiveContent.js HTTP/1.1" 200 8321 "http://www.cdmindia.gov.in/project_details_view_report.php?id=830" "Mozilla/5.0 (Linux; U; Android 4.4.4; en-US; SM-G316HU Build/KTU84P) AppleWebKit/534.30 (KHTML, like Gecko) Version/4.0 UCBrowser/10.10.8.843 U3/0.8.0 Mobile Safari/534.30"
168.235.194.64 - - [25/Jun/2017:07:15:58 +0530] "GET /images/bullet4.gif HTTP/1.1" 200 67 "http://www.cdmindia.gov.in/project_details_view_report.php?id=830" "Mozilla/5.0 (Linux; U; Android 4.4.4; en-US; SM-G316HU Build/KTU84P) AppleWebKit/534.30 (KHTML, like Gecko) Version/4.0 UCBrowser/10.10.8.843 U3/0.8.0 Mobile Safari/534.30"
168.235.194.64 - - [25/Jun/2017:07:15:58 +0530] "GET /images/spacer.gif HTTP/1.1" 200 43 "http://www.cdmindia.gov.in/project_details_view_report.php?id=830" "Mozilla/5.0 (Linux; U; Android 4.4.4; en-US; SM-G316HU Build/KTU84P) AppleWebKit/534.30 (KHTML, like Gecko) Version/4.0 UCBrowser/10.10.8.843 U3/0.8.0 Mobile Safari/534.30"
168.235.194.64 - - [25/Jun/2017:07:15:58 +0530] "GET /ncdma.css HTTP/1.1" 200 12640 "http://www.cdmindia.gov.in/project_details_view_report.php?id=830" "Mozilla/5.0 (Linux; U; Android 4.4.4; en-US; SM-G316HU Build/KTU84P) AppleWebKit/534.30 (KHTML, like Gecko) Version/4.0 UCBrowser/10.10.8.843 U3/0.8.0 Mobile Safari/534.30"
168.235.194.64 - - [25/Jun/2017:07:15:58 +0530] "GET /images/img2.jpg HTTP/1.1" 200 16276 "http://www.cdmindia.gov.in/project_details_view_report.php?id=830" "Mozilla/5.0 (Linux; U; Android 4.4.4; en-US; SM-G316HU Build/KTU84P) AppleWebKit/534.30 (KHTML, like Gecko) Version/4.0 UCBrowser/10.10.8.843 U3/0.8.0 Mobile Safari/534.30"
168.235.194.64 - - [25/Jun/2017:07:15:58 +0530] "GET /images/gtz.jpg HTTP/1.1" 200 15484 "http://www.cdmindia.gov.in/project_details_view_report.php?id=830" "Mozilla/5.0 (Linux; U; Android 4.4.4; en-US; SM-G316HU Build/KTU84P) AppleWebKit/534.30 (KHTML, like Gecko) Version/4.0 UCBrowser/10.10.8.843 U3/0.8.0 Mobile Safari/534.30"
168.235.194.64 - - [25/Jun/2017:07:15:58 +0530] "GET /images/bulllet2.gif HTTP/1.1" 200 58 "http://www.cdmindia.gov.in/project_details_view_report.php?id=830" "Mozilla/5.0 (Linux; U; Android 4.4.4; en-US; SM-G316HU Build/KTU84P) AppleWebKit/534.30 (KHTML, like Gecko) Version/4.0 UCBrowser/10.10.8.843 U3/0.8.0 Mobile Safari/534.30"
168.235.194.64 - - [25/Jun/2017:07:15:58 +0530] "GET /includes/ncdma.css HTTP/1.1" 200 13023 "http://www.cdmindia.gov.in/project_details_view_report.php?id=830" "Mozilla/5.0 (Linux; U; Android 4.4.4; en-US; SM-G316HU Build/KTU84P) AppleWebKit/534.30 (KHTML, like Gecko) Version/4.0 UCBrowser/10.10.8.843 U3/0.8.0 Mobile Safari/534.30"
168.235.194.64 - - [25/Jun/2017:07:15:58 +0530] "GET /images/bullet1.gif HTTP/1.1" 200 67 "http://www.cdmindia.gov.in/project_details_view_report.php?id=830" "Mozilla/5.0 (Linux; U; Android 4.4.4; en-US; SM-G316HU Build/KTU84P) AppleWebKit/534.30 (KHTML, like Gecko) Version/4.0 UCBrowser/10.10.8.843 U3/0.8.0 Mobile Safari/534.30"
168.235.194.64 - - [25/Jun/2017:07:15:58 +0530] "GET /images/fdm.jpg HTTP/1.1" 200 2043 "http://www.cdmindia.gov.in/project_details_view_report.php?id=830" "Mozilla/5.0 (Linux; U; Android 4.4.4; en-US; SM-G316HU Build/KTU84P) AppleWebKit/534.30 (KHTML, like Gecko) Version/4.0 UCBrowser/10.10.8.843 U3/0.8.0 Mobile Safari/534.30"
168.235.194.64 - - [25/Jun/2017:07:15:58 +0530] "GET /images/img3.jpg HTTP/1.1" 200 26957 "http://www.cdmindia.gov.in/project_details_view_report.php?id=830" "Mozilla/5.0 (Linux; U; Android 4.4.4; en-US; SM-G316HU Build/KTU84P) AppleWebKit/534.30 (KHTML, like Gecko) Version/4.0 UCBrowser/10.10.8.843 U3/0.8.0 Mobile Safari/534.30"
136.185.49.80 - - [25/Jun/2017:07:16:03 +0530] "GET /images/img2.jpg HTTP/1.1" 200 16276 "http://www.cdmindia.gov.in/project_details_view_report.php?id=830" "Mozilla/5.0 (Linux; U; Android 4.4.4; en-US; SM-G316HU Build/KTU84P) AppleWebKit/534.30 (KHTML, like Gecko) Version/4.0 UCBrowser/10.10.8.843 U3/0.8.0 Mobile Safari/534.30"
136.185.49.80 - - [25/Jun/2017:07:16:04 +0530] "GET /images/fdm.jpg HTTP/1.1" 200 2043 "http://www.cdmindia.gov.in/project_details_view_report.php?id=830" "Mozilla/5.0 (Linux; U; Android 4.4.4; en-US; SM-G316HU Build/KTU84P) AppleWebKit/534.30 (KHTML, like Gecko) Version/4.0 UCBrowser/10.10.8.843 U3/0.8.0 Mobile Safari/534.30"
136.185.49.80 - - [25/Jun/2017:07:16:04 +0530] "GET /images/img3.jpg HTTP/1.1" 200 26957 "http://www.cdmindia.gov.in/project_details_view_report.php?id=830" "Mozilla/5.0 (Linux; U; Android 4.4.4; en-US; SM-G316HU Build/KTU84P) AppleWebKit/534.30 (KHTML, like Gecko) Version/4.0 UCBrowser/10.10.8.843 U3/0.8.0 Mobile Safari/534.30"
136.185.49.80 - - [25/Jun/2017:07:16:13 +0530] "GET /images/gtz.jpg HTTP/1.1" 200 15484 "http://www.cdmindia.gov.in/project_details_view_report.php?id=830" "Mozilla/5.0 (Linux; U; Android 4.4.4; en-US; SM-G316HU Build/KTU84P) AppleWebKit/534.30 (KHTML, like Gecko) Version/4.0 UCBrowser/10.10.8.843 U3/0.8.0 Mobile Safari/534.30"
136.185.49.80 - - [25/Jun/2017:07:16:13 +0530] "GET /images/img1.jpg HTTP/1.1" 200 1251 "http://www.cdmindia.gov.in/project_details_view_report.php?id=830" "Mozilla/5.0 (Linux; U; Android 4.4.4; en-US; SM-G316HU Build/KTU84P) AppleWebKit/534.30 (KHTML, like Gecko) Version/4.0 UCBrowser/10.10.8.843 U3/0.8.0 Mobile Safari/534.30"
136.185.49.80 - - [25/Jun/2017:07:16:15 +0530] "GET /images/fbg.jpg HTTP/1.1" 200 325 "http://www.cdmindia.gov.in/project_details_view_report.php?id=830" "Mozilla/5.0 (Linux; U; Android 4.4.4; en-US; SM-G316HU Build/KTU84P) AppleWebKit/534.30 (KHTML, like Gecko) Version/4.0 UCBrowser/10.10.8.843 U3/0.8.0 Mobile Safari/534.30"
202.46.58.85 - - [25/Jun/2017:07:27:19 +0530] "GET /project_details_view.php?id=1810 HTTP/1.1" 200 15446 "-" "Mozilla/5.0 (Windows NT 10.0; WOW64) AppleWebKit/537.36 (KHTML, like Gecko) Chrome/45.0.2454.93 Safari/537.36"
157.55.39.174 - - [25/Jun/2017:07:31:03 +0530] "GET /login_verify.php HTTP/1.1" 200 49 "-" "Mozilla/5.0 (compatible; bingbot/2.0; +http://www.bing.com/bingbot.htm)"
66.249.69.79 - - [25/Jun/2017:07:38:45 +0530] "GET /project_details_view_report.php?id=1130 HTTP/1.1" 200 13189 "-" "Mozilla/5.0 (compatible; Googlebot/2.1; +http://www.google.com/bot.html)"
157.55.39.84 - - [25/Jun/2017:07:39:23 +0530] "GET /project_details_view.php?id=1420 HTTP/1.1" 200 14683 "-" "Mozilla/5.0 (compatible; bingbot/2.0; +http://www.bing.com/bingbot.htm)"
27.6.168.211 - - [25/Jun/2017:07:41:36 +0530] "GET /project_details_view.php?id=1897 HTTP/1.1" 200 14869 "https://www.google.co.in/" "Mozilla/5.0 (Windows NT 6.1) AppleWebKit/537.36 (KHTML, like Gecko) Chrome/59.0.3071.109 Safari/537.36"
27.6.168.211 - - [25/Jun/2017:07:41:36 +0530] "GET /includes/ncdma.css HTTP/1.1" 200 13023 "http://www.cdmindia.gov.in/project_details_view.php?id=1897" "Mozilla/5.0 (Windows NT 6.1) AppleWebKit/537.36 (KHTML, like Gecko) Chrome/59.0.3071.109 Safari/537.36"
27.6.168.211 - - [25/Jun/2017:07:41:36 +0530] "GET /ncdma.css HTTP/1.1" 200 12640 "http://www.cdmindia.gov.in/project_details_view.php?id=1897" "Mozilla/5.0 (Windows NT 6.1) AppleWebKit/537.36 (KHTML, like Gecko) Chrome/59.0.3071.109 Safari/537.36"
27.6.168.211 - - [25/Jun/2017:07:41:36 +0530] "GET /Scripts/AC_RunActiveContent.js HTTP/1.1" 200 8321 "http://www.cdmindia.gov.in/project_details_view.php?id=1897" "Mozilla/5.0 (Windows NT 6.1) AppleWebKit/537.36 (KHTML, like Gecko) Chrome/59.0.3071.109 Safari/537.36"
27.6.168.211 - - [25/Jun/2017:07:41:36 +0530] "GET /images/img2.jpg HTTP/1.1" 200 16276 "http://www.cdmindia.gov.in/project_details_view.php?id=1897" "Mozilla/5.0 (Windows NT 6.1) AppleWebKit/537.36 (KHTML, like Gecko) Chrome/59.0.3071.109 Safari/537.36"
27.6.168.211 - - [25/Jun/2017:07:41:36 +0530] "GET /images/bullet1.gif HTTP/1.1" 200 67 "http://www.cdmindia.gov.in/project_details_view.php?id=1897" "Mozilla/5.0 (Windows NT 6.1) AppleWebKit/537.36 (KHTML, like Gecko) Chrome/59.0.3071.109 Safari/537.36"
27.6.168.211 - - [25/Jun/2017:07:41:36 +0530] "GET /images/spacer.gif HTTP/1.1" 200 43 "http://www.cdmindia.gov.in/project_details_view.php?id=1897" "Mozilla/5.0 (Windows NT 6.1) AppleWebKit/537.36 (KHTML, like Gecko) Chrome/59.0.3071.109 Safari/537.36"
27.6.168.211 - - [25/Jun/2017:07:41:36 +0530] "GET /images/bulllet2.gif HTTP/1.1" 200 58 "http://www.cdmindia.gov.in/project_details_view.php?id=1897" "Mozilla/5.0 (Windows NT 6.1) AppleWebKit/537.36 (KHTML, like Gecko) Chrome/59.0.3071.109 Safari/537.36"
27.6.168.211 - - [25/Jun/2017:07:41:36 +0530] "GET /images/bullet4.gif HTTP/1.1" 200 67 "http://www.cdmindia.gov.in/project_details_view.php?id=1897" "Mozilla/5.0 (Windows NT 6.1) AppleWebKit/537.36 (KHTML, like Gecko) Chrome/59.0.3071.109 Safari/537.36"
27.6.168.211 - - [25/Jun/2017:07:41:36 +0530] "GET /images/img3.jpg HTTP/1.1" 200 26957 "http://www.cdmindia.gov.in/project_details_view.php?id=1897" "Mozilla/5.0 (Windows NT 6.1) AppleWebKit/537.36 (KHTML, like Gecko) Chrome/59.0.3071.109 Safari/537.36"
27.6.168.211 - - [25/Jun/2017:07:41:37 +0530] "GET /images/img1.jpg HTTP/1.1" 200 1251 "http://www.cdmindia.gov.in/project_details_view.php?id=1897" "Mozilla/5.0 (Windows NT 6.1) AppleWebKit/537.36 (KHTML, like Gecko) Chrome/59.0.3071.109 Safari/537.36"
27.6.168.211 - - [25/Jun/2017:07:41:37 +0530] "GET /images/fdm.jpg HTTP/1.1" 200 2043 "http://www.cdmindia.gov.in/project_details_view.php?id=1897" "Mozilla/5.0 (Windows NT 6.1) AppleWebKit/537.36 (KHTML, like Gecko) Chrome/59.0.3071.109 Safari/537.36"
27.6.168.211 - - [25/Jun/2017:07:41:37 +0530] "GET /images/fbg.jpg HTTP/1.1" 200 325 "http://www.cdmindia.gov.in/project_details_view.php?id=1897" "Mozilla/5.0 (Windows NT 6.1) AppleWebKit/537.36 (KHTML, like Gecko) Chrome/59.0.3071.109 Safari/537.36"
27.6.168.211 - - [25/Jun/2017:07:41:37 +0530] "GET /images/gtz.jpg HTTP/1.1" 200 15484 "http://www.cdmindia.gov.in/project_details_view.php?id=1897" "Mozilla/5.0 (Windows NT 6.1) AppleWebKit/537.36 (KHTML, like Gecko) Chrome/59.0.3071.109 Safari/537.36"
27.6.168.211 - - [25/Jun/2017:07:41:37 +0530] "GET /favicon.ico HTTP/1.1" 200 1189 "http://www.cdmindia.gov.in/project_details_view.php?id=1897" "Mozilla/5.0 (Windows NT 6.1) AppleWebKit/537.36 (KHTML, like Gecko) Chrome/59.0.3071.109 Safari/537.36"
202.46.48.87 - - [25/Jun/2017:07:44:06 +0530] "GET /project_details_view_report.php?id=424 HTTP/1.1" 200 13176 "-" "Mozilla/5.0 (Windows NT 10.0; WOW64) AppleWebKit/537.36 (KHTML, like Gecko) Chrome/45.0.2454.93 Safari/537.36"
109.66.211.30 - - [25/Jun/2017:07:51:22 +0530] "GET /wp-login.php HTTP/1.1" 404 210 "-" "Mozilla/5.0 (Windows NT 6.1; WOW64; rv:40.0) Gecko/20100101 Firefox/40.1"
109.66.211.30 - - [25/Jun/2017:07:51:22 +0530] "GET / HTTP/1.1" 200 19490 "-" "Mozilla/5.0 (Windows NT 6.1; WOW64; rv:40.0) Gecko/20100101 Firefox/40.1"
47.247.14.3 - - [25/Jun/2017:07:51:38 +0530] "GET /includes/ncdma.css HTTP/1.1" 200 13023 "https://www.google.co.in/search?q=alfa+infraprop+pvt.+ltd&oq=alfa+infr&aqs=chrome.1.69i57j0l3.68685j0j4&client=ms-android-lenovo&sourceid=chrome-mobile&ie=UTF-8" "Mozilla/5.0 (Linux; Android 6.0; Lenovo S1a40 Build/MRA58K) AppleWebKit/537.36 (KHTML, like Gecko) Chrome/58.0.3029.83 Mobile Safari/537.36"
47.247.14.3 - - [25/Jun/2017:07:51:38 +0530] "GET /Scripts/AC_RunActiveContent.js HTTP/1.1" 200 8321 "https://www.google.co.in/search?q=alfa+infraprop+pvt.+ltd&oq=alfa+infr&aqs=chrome.1.69i57j0l3.68685j0j4&client=ms-android-lenovo&sourceid=chrome-mobile&ie=UTF-8" "Mozilla/5.0 (Linux; Android 6.0; Lenovo S1a40 Build/MRA58K) AppleWebKit/537.36 (KHTML, like Gecko) Chrome/58.0.3029.83 Mobile Safari/537.36"
47.247.14.3 - - [25/Jun/2017:07:51:38 +0530] "GET /ncdma.css HTTP/1.1" 200 12640 "https://www.google.co.in/search?q=alfa+infraprop+pvt.+ltd&oq=alfa+infr&aqs=chrome.1.69i57j0l3.68685j0j4&client=ms-android-lenovo&sourceid=chrome-mobile&ie=UTF-8" "Mozilla/5.0 (Linux; Android 6.0; Lenovo S1a40 Build/MRA58K) AppleWebKit/537.36 (KHTML, like Gecko) Chrome/58.0.3029.83 Mobile Safari/537.36"
47.247.14.3 - - [25/Jun/2017:07:51:38 +0530] "GET /project_details_view.php?id=2081 HTTP/1.1" 200 14233 "https://www.google.co.in/" "Mozilla/5.0 (Linux; Android 6.0; Lenovo S1a40 Build/MRA58K) AppleWebKit/537.36 (KHTML, like Gecko) Chrome/58.0.3029.83 Mobile Safari/537.36"
47.247.14.3 - - [25/Jun/2017:07:51:39 +0530] "GET /images/fbg.jpg HTTP/1.1" 200 325 "http://www.cdmindia.gov.in/project_details_view.php?id=2081" "Mozilla/5.0 (Linux; Android 6.0; Lenovo S1a40 Build/MRA58K) AppleWebKit/537.36 (KHTML, like Gecko) Chrome/58.0.3029.83 Mobile Safari/537.36"
47.247.14.3 - - [25/Jun/2017:07:51:39 +0530] "GET /images/img2.jpg HTTP/1.1" 200 16276 "http://www.cdmindia.gov.in/project_details_view.php?id=2081" "Mozilla/5.0 (Linux; Android 6.0; Lenovo S1a40 Build/MRA58K) AppleWebKit/537.36 (KHTML, like Gecko) Chrome/58.0.3029.83 Mobile Safari/537.36"
47.247.14.3 - - [25/Jun/2017:07:51:39 +0530] "GET /images/img1.jpg HTTP/1.1" 200 1251 "http://www.cdmindia.gov.in/project_details_view.php?id=2081" "Mozilla/5.0 (Linux; Android 6.0; Lenovo S1a40 Build/MRA58K) AppleWebKit/537.36 (KHTML, like Gecko) Chrome/58.0.3029.83 Mobile Safari/537.36"
47.247.14.3 - - [25/Jun/2017:07:51:39 +0530] "GET /images/fdm.jpg HTTP/1.1" 200 2043 "http://www.cdmindia.gov.in/project_details_view.php?id=2081" "Mozilla/5.0 (Linux; Android 6.0; Lenovo S1a40 Build/MRA58K) AppleWebKit/537.36 (KHTML, like Gecko) Chrome/58.0.3029.83 Mobile Safari/537.36"
47.247.14.3 - - [25/Jun/2017:07:51:39 +0530] "GET /images/gtz.jpg HTTP/1.1" 200 15484 "http://www.cdmindia.gov.in/project_details_view.php?id=2081" "Mozilla/5.0 (Linux; Android 6.0; Lenovo S1a40 Build/MRA58K) AppleWebKit/537.36 (KHTML, like Gecko) Chrome/58.0.3029.83 Mobile Safari/537.36"
47.247.14.3 - - [25/Jun/2017:07:51:39 +0530] "GET /images/img3.jpg HTTP/1.1" 200 26957 "http://www.cdmindia.gov.in/project_details_view.php?id=2081" "Mozilla/5.0 (Linux; Android 6.0; Lenovo S1a40 Build/MRA58K) AppleWebKit/537.36 (KHTML, like Gecko) Chrome/58.0.3029.83 Mobile Safari/537.36"
47.247.14.3 - - [25/Jun/2017:07:51:39 +0530] "GET /images/spacer.gif HTTP/1.1" 200 43 "http://www.cdmindia.gov.in/project_details_view.php?id=2081" "Mozilla/5.0 (Linux; Android 6.0; Lenovo S1a40 Build/MRA58K) AppleWebKit/537.36 (KHTML, like Gecko) Chrome/58.0.3029.83 Mobile Safari/537.36"
47.247.14.3 - - [25/Jun/2017:07:51:39 +0530] "GET /images/bullet1.gif HTTP/1.1" 200 67 "http://www.cdmindia.gov.in/project_details_view.php?id=2081" "Mozilla/5.0 (Linux; Android 6.0; Lenovo S1a40 Build/MRA58K) AppleWebKit/537.36 (KHTML, like Gecko) Chrome/58.0.3029.83 Mobile Safari/537.36"
47.247.14.3 - - [25/Jun/2017:07:51:39 +0530] "GET /images/bulllet2.gif HTTP/1.1" 200 58 "http://www.cdmindia.gov.in/project_details_view.php?id=2081" "Mozilla/5.0 (Linux; Android 6.0; Lenovo S1a40 Build/MRA58K) AppleWebKit/537.36 (KHTML, like Gecko) Chrome/58.0.3029.83 Mobile Safari/537.36"
47.247.14.3 - - [25/Jun/2017:07:51:39 +0530] "GET /images/bullet4.gif HTTP/1.1" 200 67 "http://www.cdmindia.gov.in/project_details_view.php?id=2081" "Mozilla/5.0 (Linux; Android 6.0; Lenovo S1a40 Build/MRA58K) AppleWebKit/537.36 (KHTML, like Gecko) Chrome/58.0.3029.83 Mobile Safari/537.36"
47.247.14.3 - - [25/Jun/2017:07:51:39 +0530] "GET /favicon.ico HTTP/1.1" 200 1189 "http://www.cdmindia.gov.in/project_details_view.php?id=2081" "Mozilla/5.0 (Linux; Android 6.0; Lenovo S1a40 Build/MRA58K) AppleWebKit/537.36 (KHTML, like Gecko) Chrome/58.0.3029.83 Mobile Safari/537.36"
202.46.50.190 - - [25/Jun/2017:08:00:53 +0530] "GET /project_details_view.php?id=1827 HTTP/1.1" 200 15381 "-" "Mozilla/5.0 (Windows NT 10.0; WOW64) AppleWebKit/537.36 (KHTML, like Gecko) Chrome/45.0.2454.93 Safari/537.36"
117.239.77.111 - - [25/Jun/2017:08:03:45 +0530] "GET / HTTP/1.0" 200 19490 "-" "Mozilla/5.0 (Windows NT 6.1) AppleWebKit/537.36 (KHTML, like Gecko) Chrome/58.0.3029.110 Safari/537.36"
117.239.77.111 - - [25/Jun/2017:08:03:46 +0530] "GET /includes/ncdma.css HTTP/1.0" 200 13023 "http://cdmindia.gov.in/" "Mozilla/5.0 (Windows NT 6.1) AppleWebKit/537.36 (KHTML, like Gecko) Chrome/58.0.3029.110 Safari/537.36"
117.239.77.111 - - [25/Jun/2017:08:03:46 +0530] "GET /ncdma.css HTTP/1.0" 200 12640 "http://cdmindia.gov.in/" "Mozilla/5.0 (Windows NT 6.1) AppleWebKit/537.36 (KHTML, like Gecko) Chrome/58.0.3029.110 Safari/537.36"
117.239.77.111 - - [25/Jun/2017:08:03:46 +0530] "GET /js/base64_encode.js HTTP/1.0" 200 3002 "http://cdmindia.gov.in/" "Mozilla/5.0 (Windows NT 6.1) AppleWebKit/537.36 (KHTML, like Gecko) Chrome/58.0.3029.110 Safari/537.36"
117.239.77.111 - - [25/Jun/2017:08:03:46 +0530] "GET /js/md5.js HTTP/1.0" 200 13194 "http://cdmindia.gov.in/" "Mozilla/5.0 (Windows NT 6.1) AppleWebKit/537.36 (KHTML, like Gecko) Chrome/58.0.3029.110 Safari/537.36"
117.239.77.111 - - [25/Jun/2017:08:03:46 +0530] "GET /Scripts/AC_RunActiveContent.js HTTP/1.0" 200 8321 "http://cdmindia.gov.in/" "Mozilla/5.0 (Windows NT 6.1) AppleWebKit/537.36 (KHTML, like Gecko) Chrome/58.0.3029.110 Safari/537.36"
117.239.77.111 - - [25/Jun/2017:08:03:46 +0530] "GET /images/img2.jpg HTTP/1.0" 200 16276 "http://cdmindia.gov.in/" "Mozilla/5.0 (Windows NT 6.1) AppleWebKit/537.36 (KHTML, like Gecko) Chrome/58.0.3029.110 Safari/537.36"
117.239.77.111 - - [25/Jun/2017:08:03:46 +0530] "GET /images/spacer.gif HTTP/1.0" 200 43 "http://cdmindia.gov.in/" "Mozilla/5.0 (Windows NT 6.1) AppleWebKit/537.36 (KHTML, like Gecko) Chrome/58.0.3029.110 Safari/537.36"
117.239.77.111 - - [25/Jun/2017:08:03:46 +0530] "GET /images/bulllet2.gif HTTP/1.0" 200 58 "http://cdmindia.gov.in/" "Mozilla/5.0 (Windows NT 6.1) AppleWebKit/537.36 (KHTML, like Gecko) Chrome/58.0.3029.110 Safari/537.36"
117.239.77.111 - - [25/Jun/2017:08:03:46 +0530] "GET /images/bullet1.gif HTTP/1.0" 200 67 "http://cdmindia.gov.in/" "Mozilla/5.0 (Windows NT 6.1) AppleWebKit/537.36 (KHTML, like Gecko) Chrome/58.0.3029.110 Safari/537.36"
117.239.77.111 - - [25/Jun/2017:08:03:46 +0530] "GET /images/bullet4.gif HTTP/1.0" 200 67 "http://cdmindia.gov.in/" "Mozilla/5.0 (Windows NT 6.1) AppleWebKit/537.36 (KHTML, like Gecko) Chrome/58.0.3029.110 Safari/537.36"
117.239.77.111 - - [25/Jun/2017:08:03:46 +0530] "GET /images/img3.jpg HTTP/1.0" 200 26957 "http://cdmindia.gov.in/" "Mozilla/5.0 (Windows NT 6.1) AppleWebKit/537.36 (KHTML, like Gecko) Chrome/58.0.3029.110 Safari/537.36"
117.239.77.111 - - [25/Jun/2017:08:03:46 +0530] "GET /images/login.jpg HTTP/1.0" 200 1044 "http://cdmindia.gov.in/" "Mozilla/5.0 (Windows NT 6.1) AppleWebKit/537.36 (KHTML, like Gecko) Chrome/58.0.3029.110 Safari/537.36"
117.239.77.111 - - [25/Jun/2017:08:03:46 +0530] "GET /images/img1.jpg HTTP/1.0" 200 1251 "http://cdmindia.gov.in/" "Mozilla/5.0 (Windows NT 6.1) AppleWebKit/537.36 (KHTML, like Gecko) Chrome/58.0.3029.110 Safari/537.36"
117.239.77.111 - - [25/Jun/2017:08:03:46 +0530] "GET /images/fe.jpg HTTP/1.0" 200 1429 "http://cdmindia.gov.in/" "Mozilla/5.0 (Windows NT 6.1) AppleWebKit/537.36 (KHTML, like Gecko) Chrome/58.0.3029.110 Safari/537.36"
117.239.77.111 - - [25/Jun/2017:08:03:46 +0530] "GET /images/login1.jpg HTTP/1.0" 200 618 "http://cdmindia.gov.in/" "Mozilla/5.0 (Windows NT 6.1) AppleWebKit/537.36 (KHTML, like Gecko) Chrome/58.0.3029.110 Safari/537.36"
117.239.77.111 - - [25/Jun/2017:08:03:46 +0530] "GET /images/fdm.jpg HTTP/1.0" 200 2043 "http://cdmindia.gov.in/" "Mozilla/5.0 (Windows NT 6.1) AppleWebKit/537.36 (KHTML, like Gecko) Chrome/58.0.3029.110 Safari/537.36"
117.239.77.111 - - [25/Jun/2017:08:03:46 +0530] "GET /images/bullet3.gif HTTP/1.0" 200 58 "http://cdmindia.gov.in/" "Mozilla/5.0 (Windows NT 6.1) AppleWebKit/537.36 (KHTML, like Gecko) Chrome/58.0.3029.110 Safari/537.36"
117.239.77.111 - - [25/Jun/2017:08:03:46 +0530] "GET /images/gtz.jpg HTTP/1.0" 200 15484 "http://cdmindia.gov.in/" "Mozilla/5.0 (Windows NT 6.1) AppleWebKit/537.36 (KHTML, like Gecko) Chrome/58.0.3029.110 Safari/537.36"
