116.206.201.181 - - [26/May/2017:01:20:02 +0530] "GET /project_details_view.php?id=410 HTTP/1.1" 200 14896 "https://www.google.co.in/" "Mozilla/5.0 (Windows NT 10.0; Win64; x64) AppleWebKit/537.36 (KHTML, like Gecko) Chrome/58.0.3029.110 Safari/537.36"
116.206.201.181 - - [26/May/2017:01:20:03 +0530] "GET /ncdma.css HTTP/1.1" 200 12640 "http://www.cdmindia.gov.in/project_details_view.php?id=410" "Mozilla/5.0 (Windows NT 10.0; Win64; x64) AppleWebKit/537.36 (KHTML, like Gecko) Chrome/58.0.3029.110 Safari/537.36"
116.206.201.181 - - [26/May/2017:01:20:03 +0530] "GET /includes/ncdma.css HTTP/1.1" 200 13023 "http://www.cdmindia.gov.in/project_details_view.php?id=410" "Mozilla/5.0 (Windows NT 10.0; Win64; x64) AppleWebKit/537.36 (KHTML, like Gecko) Chrome/58.0.3029.110 Safari/537.36"
116.206.201.181 - - [26/May/2017:01:20:03 +0530] "GET /Scripts/AC_RunActiveContent.js HTTP/1.1" 200 8321 "http://www.cdmindia.gov.in/project_details_view.php?id=410" "Mozilla/5.0 (Windows NT 10.0; Win64; x64) AppleWebKit/537.36 (KHTML, like Gecko) Chrome/58.0.3029.110 Safari/537.36"
116.206.201.181 - - [26/May/2017:01:20:03 +0530] "GET /images/img2.jpg HTTP/1.1" 200 16276 "http://www.cdmindia.gov.in/project_details_view.php?id=410" "Mozilla/5.0 (Windows NT 10.0; Win64; x64) AppleWebKit/537.36 (KHTML, like Gecko) Chrome/58.0.3029.110 Safari/537.36"
116.206.201.181 - - [26/May/2017:01:20:04 +0530] "GET /images/img3.jpg HTTP/1.1" 200 26957 "http://www.cdmindia.gov.in/project_details_view.php?id=410" "Mozilla/5.0 (Windows NT 10.0; Win64; x64) AppleWebKit/537.36 (KHTML, like Gecko) Chrome/58.0.3029.110 Safari/537.36"
116.206.201.181 - - [26/May/2017:01:20:04 +0530] "GET /images/spacer.gif HTTP/1.1" 200 43 "http://www.cdmindia.gov.in/project_details_view.php?id=410" "Mozilla/5.0 (Windows NT 10.0; Win64; x64) AppleWebKit/537.36 (KHTML, like Gecko) Chrome/58.0.3029.110 Safari/537.36"
116.206.201.181 - - [26/May/2017:01:20:04 +0530] "GET /images/bullet1.gif HTTP/1.1" 200 67 "http://www.cdmindia.gov.in/project_details_view.php?id=410" "Mozilla/5.0 (Windows NT 10.0; Win64; x64) AppleWebKit/537.36 (KHTML, like Gecko) Chrome/58.0.3029.110 Safari/537.36"
116.206.201.181 - - [26/May/2017:01:20:04 +0530] "GET /images/bulllet2.gif HTTP/1.1" 200 58 "http://www.cdmindia.gov.in/project_details_view.php?id=410" "Mozilla/5.0 (Windows NT 10.0; Win64; x64) AppleWebKit/537.36 (KHTML, like Gecko) Chrome/58.0.3029.110 Safari/537.36"
116.206.201.181 - - [26/May/2017:01:20:04 +0530] "GET /images/bullet4.gif HTTP/1.1" 200 67 "http://www.cdmindia.gov.in/project_details_view.php?id=410" "Mozilla/5.0 (Windows NT 10.0; Win64; x64) AppleWebKit/537.36 (KHTML, like Gecko) Chrome/58.0.3029.110 Safari/537.36"
116.206.201.181 - - [26/May/2017:01:20:04 +0530] "GET /images/fdm.jpg HTTP/1.1" 200 2043 "http://www.cdmindia.gov.in/project_details_view.php?id=410" "Mozilla/5.0 (Windows NT 10.0; Win64; x64) AppleWebKit/537.36 (KHTML, like Gecko) Chrome/58.0.3029.110 Safari/537.36"
116.206.201.181 - - [26/May/2017:01:20:04 +0530] "GET /images/gtz.jpg HTTP/1.1" 200 15484 "http://www.cdmindia.gov.in/project_details_view.php?id=410" "Mozilla/5.0 (Windows NT 10.0; Win64; x64) AppleWebKit/537.36 (KHTML, like Gecko) Chrome/58.0.3029.110 Safari/537.36"
116.206.201.181 - - [26/May/2017:01:20:04 +0530] "GET /images/img1.jpg HTTP/1.1" 200 1251 "http://www.cdmindia.gov.in/project_details_view.php?id=410" "Mozilla/5.0 (Windows NT 10.0; Win64; x64) AppleWebKit/537.36 (KHTML, like Gecko) Chrome/58.0.3029.110 Safari/537.36"
116.206.201.181 - - [26/May/2017:01:20:04 +0530] "GET /images/fbg.jpg HTTP/1.1" 200 325 "http://www.cdmindia.gov.in/project_details_view.php?id=410" "Mozilla/5.0 (Windows NT 10.0; Win64; x64) AppleWebKit/537.36 (KHTML, like Gecko) Chrome/58.0.3029.110 Safari/537.36"
116.206.201.181 - - [26/May/2017:01:20:05 +0530] "GET /favicon.ico HTTP/1.1" 200 1189 "http://www.cdmindia.gov.in/project_details_view.php?id=410" "Mozilla/5.0 (Windows NT 10.0; Win64; x64) AppleWebKit/537.36 (KHTML, like Gecko) Chrome/58.0.3029.110 Safari/537.36"
66.249.79.81 - - [26/May/2017:01:30:13 +0530] "GET /project_details_view.php?id=1905 HTTP/1.1" 200 13945 "-" "Mozilla/5.0 (compatible; Googlebot/2.1; +http://www.google.com/bot.html)"
157.55.39.130 - - [26/May/2017:01:35:13 +0530] "GET / HTTP/1.1" 200 19479 "-" "Mozilla/5.0 (compatible; bingbot/2.0; +http://www.bing.com/bingbot.htm)"
157.55.39.130 - - [26/May/2017:01:35:19 +0530] "GET / HTTP/1.1" 200 19479 "-" "Mozilla/5.0 (compatible; bingbot/2.0; +http://www.bing.com/bingbot.htm)"
66.249.79.81 - - [26/May/2017:01:35:25 +0530] "GET /reports_list_details.php?id=Punjab&reporttype=2 HTTP/1.1" 200 21604 "-" "Mozilla/5.0 (compatible; Googlebot/2.1; +http://www.google.com/bot.html)"
202.46.55.148 - - [26/May/2017:01:35:41 +0530] "GET /project_details_view.php?id=1250 HTTP/1.1" 200 14156 "-" "Mozilla/5.0 (Windows NT 10.0; WOW64) AppleWebKit/537.36 (KHTML, like Gecko) Chrome/45.0.2454.93 Safari/537.36"
211.6.121.140 - - [26/May/2017:01:41:44 +0530] "GET / HTTP/1.1" 200 19479 "-" "Mozilla/5.0 (Windows NT 5.1; rv:6.0.2) Gecko/20100101 Firefox/6.0.2"
222.243.18.179 - - [26/May/2017:01:42:08 +0530] "GET /favicon.ico HTTP/1.1" 200 1189 "-" "Mozilla/5.0 (Windows NT 6.1; WOW64) AppleWebKit/537.36 (KHTML, like Gecko) Chrome/49.0.2623.221 Safari/537.36 SE 2.X MetaSr 1.0"
217.117.250.253 - - [26/May/2017:01:45:14 +0530] "GET /approval_process.php HTTP/1.1" 200 25911 "http://cdmindia.gov.in/" "Mozilla/5.0 (Windows NT 6.3; Win64; x64) AppleWebKit/537.36 (KHTML, like Gecko) Chrome/41.0.2220.0 Safari/537.36"
157.55.39.130 - - [26/May/2017:01:51:26 +0530] "GET / HTTP/1.1" 200 19479 "-" "Mozilla/5.0 (compatible; bingbot/2.0; +http://www.bing.com/bingbot.htm)"
199.30.24.107 - - [26/May/2017:01:51:28 +0530] "GET /ncdma.css HTTP/1.1" 200 12640 "-" "Mozilla/5.0 (Windows NT 6.1; WOW64) AppleWebKit/534+ (KHTML, like Gecko) BingPreview/1.0b"
199.30.24.110 - - [26/May/2017:01:51:29 +0530] "GET /images/bullet4.gif HTTP/1.1" 200 67 "-" "Mozilla/5.0 (Windows NT 6.1; WOW64) AppleWebKit/534+ (KHTML, like Gecko) BingPreview/1.0b"
199.30.24.107 - - [26/May/2017:01:51:30 +0530] "GET /images/img1.jpg HTTP/1.1" 200 1251 "-" "Mozilla/5.0 (Windows NT 6.1; WOW64) AppleWebKit/534+ (KHTML, like Gecko) BingPreview/1.0b"
65.55.210.157 - - [26/May/2017:01:51:30 +0530] "GET /images/login1.jpg HTTP/1.1" 200 618 "-" "Mozilla/5.0 (Windows NT 6.1; WOW64) AppleWebKit/534+ (KHTML, like Gecko) BingPreview/1.0b"
199.30.25.128 - - [26/May/2017:01:51:31 +0530] "GET /images/bullet3.gif HTTP/1.1" 200 58 "-" "Mozilla/5.0 (Windows NT 6.1; WOW64) AppleWebKit/534+ (KHTML, like Gecko) BingPreview/1.0b"
199.30.24.183 - - [26/May/2017:01:51:32 +0530] "GET /images/fe.jpg HTTP/1.1" 200 1429 "-" "Mozilla/5.0 (Windows NT 6.1; WOW64) AppleWebKit/534+ (KHTML, like Gecko) BingPreview/1.0b"
65.55.210.157 - - [26/May/2017:01:51:33 +0530] "GET /images/login.jpg HTTP/1.1" 200 1044 "-" "Mozilla/5.0 (Windows NT 6.1; WOW64) AppleWebKit/534+ (KHTML, like Gecko) BingPreview/1.0b"
65.55.210.146 - - [26/May/2017:01:51:33 +0530] "GET /images/fbg.jpg HTTP/1.1" 200 325 "-" "Mozilla/5.0 (Windows NT 6.1; WOW64) AppleWebKit/534+ (KHTML, like Gecko) BingPreview/1.0b"
65.55.210.157 - - [26/May/2017:01:51:34 +0530] "GET /images/midbanner.swf HTTP/1.1" 200 285833 "-" "Mozilla/5.0 (Windows NT 6.1; WOW64) AppleWebKit/534+ (KHTML, like Gecko) BingPreview/1.0b"
202.46.55.151 - - [26/May/2017:01:56:28 +0530] "GET /project_details_view_report.php?id=545 HTTP/1.1" 200 13196 "-" "Mozilla/5.0 (Windows NT 10.0; WOW64) AppleWebKit/537.36 (KHTML, like Gecko) Chrome/45.0.2454.93 Safari/537.36"
40.77.167.130 - - [26/May/2017:01:59:33 +0530] "GET /project_details_view_report.php?id=1347 HTTP/1.1" 200 13593 "-" "Mozilla/5.0 (compatible; bingbot/2.0; +http://www.bing.com/bingbot.htm)"
157.55.39.227 - - [26/May/2017:02:00:58 +0530] "GET /project_details_view_report.php?id=1687 HTTP/1.1" 200 13176 "-" "Mozilla/5.0 (compatible; bingbot/2.0; +http://www.bing.com/bingbot.htm)"
188.193.165.114 - - [26/May/2017:02:06:59 +0530] "GET /project_details_view.php?id=404'&oid='&page=89'&reporttype='\" HTTP/1.1" 200 11449 "-" "Mozilla/5.0 (Windows; U; Windows NT 5.1; ru; rv:1.9.0.8) Gecko/2009032609 Firefox/3.0.8"
188.193.165.114 - - [26/May/2017:02:06:59 +0530] "GET /project_details_view.php?oid=&page=89&reporttype=&id=404 HTTP/1.1" 200 16562 "-" "Mozilla/4.0 (compatible; MSIE 7.0; Windows NT 5.1; eMusic DLM/3; MSN Optimized;US; MSN Optimized;US)"
188.193.165.114 - - [26/May/2017:02:07:00 +0530] "GET /project_details_view.php?oid=&page=89&reporttype=&id=4042121121121212.1 HTTP/1.1" 200 11449 "-" "Mozilla/4.0 (compatible; MSIE 7.0; Windows NT 5.1; generic_01_01; YPC 3.2.0; .NET CLR 1.1.4322; yplus 5.3.04b)"
188.193.165.114 - - [26/May/2017:02:07:19 +0530] "GET /project_details_view.php?oid=&page=89&reporttype=&id=404%20and%201%3E1 HTTP/1.1" 200 11449 "-" "Mozilla/4.0 (compatible; MSIE 7.0; Windows NT 5.1; generic_01_01; YPC 3.2.0; .NET CLR 1.1.4322; yplus 5.3.04b)"
188.193.165.114 - - [26/May/2017:02:08:49 +0530] "GET /project_details_view.php?id=404&page=89&reporttype=&oid= HTTP/1.1" 200 16562 "-" "Mozilla/4.0 (compatible; MSIE 7.0; Windows NT 5.1; elertz 2.4.025; .NET CLR 1.0.3705; .NET CLR 1.1.4322; Media Center PC 4.0)"
188.193.165.114 - - [26/May/2017:02:08:50 +0530] "GET /project_details_view.php?id=404&page=89&reporttype=&oid=2121121121212.1 HTTP/1.1" 200 16562 "-" "Mozilla/4.0 (compatible; MSIE 7.0; Windows NT 5.1; dial; E-nrgyPlus; .NET CLR 1.1.4322; InfoPath.1)"
188.193.165.114 - - [26/May/2017:02:09:08 +0530] "GET /project_details_view.php?id=404&page=89&reporttype=&oid=%20and%201%3E1 HTTP/1.1" 200 16562 "-" "Mozilla/4.0 (compatible; MSIE 7.0; Windows NT 5.1; iebar)"
188.193.165.114 - - [26/May/2017:02:10:40 +0530] "GET /project_details_view.php?id=404&oid=&reporttype=&page=89 HTTP/1.1" 200 16562 "-" "Mozilla/4.0 (compatible; MSIE 7.0; Windows NT 5.1; generic_01_01; YPC 3.2.0; .NET CLR 1.1.4322; yplus 5.3.04b)"
188.193.165.114 - - [26/May/2017:02:10:42 +0530] "GET /project_details_view.php?id=404&oid=&reporttype=&page=892121121121212.1 HTTP/1.1" 200 16562 "-" "Mozilla/4.0 (compatible; MSIE 7.0; Windows NT 5.1; generic_01_01; YPC 3.2.0; .NET CLR 1.1.4322; yplus 5.3.04b)"
66.249.79.83 - - [26/May/2017:02:10:48 +0530] "GET /project_details_view.php?id=1208&oid=1&page=29&reporttype=1 HTTP/1.1" 200 14334 "-" "Mozilla/5.0 (compatible; Googlebot/2.1; +http://www.google.com/bot.html)"
188.193.165.114 - - [26/May/2017:02:11:02 +0530] "GET /project_details_view.php?id=404&oid=&reporttype=&page=89%20and%201%3E1 HTTP/1.1" 200 16562 "-" "Mozilla/4.0 (compatible; MSIE 7.0; Windows NT 5.1; elertz 2.4.025; .NET CLR 1.0.3705; .NET CLR 1.1.4322; Media Center PC 4.0)"
188.193.165.114 - - [26/May/2017:02:12:32 +0530] "GET /project_details_view.php?id=404&oid=&page=89&reporttype= HTTP/1.1" 200 16562 "-" "Mozilla/4.0 (compatible; MSIE 7.0; Windows NT 5.1; iebar; Sgrunt|V109|1746|S-1740532934|dialno; snprtz|dialno; .NET CLR 2.0.50727)"
188.193.165.114 - - [26/May/2017:02:12:33 +0530] "GET /project_details_view.php?id=404&oid=&page=89&reporttype=2121121121212.1 HTTP/1.1" 200 16562 "-" "Mozilla/4.0 (compatible; MSIE 7.0; Windows NT 5.1; iOpus-I-M; .NET CLR 1.1.4322)"
188.193.165.114 - - [26/May/2017:02:12:52 +0530] "GET /project_details_view.php?id=404&oid=&page=89&reporttype=%20and%201%3E1 HTTP/1.1" 200 16562 "-" "Mozilla/5.0 (Windows; U; Windows NT 5.1; ru; rv:1.9.0.8) Gecko/2009032609 Firefox/3.0.8"
216.15.232.100 - - [26/May/2017:02:13:58 +0530] "GET /project_details_view.php?id=404'&oid='&page=89'&reporttype='\" HTTP/1.1" 200 11449 "-" "Mozilla/4.0 (compatible; MSIE 7.0; Windows NT 5.1; ds-66843412; Sgrunt|V109|1|S-66843412|dial; .NET CLR 1.1.4322)"
216.15.232.100 - - [26/May/2017:02:13:58 +0530] "GET /project_details_view.php?oid=&page=89&reporttype=&id=404 HTTP/1.1" 200 16562 "-" "Mozilla/4.0 (compatible; MSIE 7.0; Windows NT 5.1; iebar; acc=none; SV1; snprtz|S04087544802137; .NET CLR 1.1.4322)"
216.15.232.100 - - [26/May/2017:02:13:59 +0530] "GET /project_details_view.php?oid=&page=89&reporttype=&id=4042121121121212.1 HTTP/1.1" 200 11449 "-" "Mozilla/4.0 (compatible; MSIE 7.0; Windows NT 5.1; elertz 2.4.179[128]; .NET CLR 1.1.4322; .NET CLR 2.0.50727; .NET CLR 3.0.04506.30; .NET CLR 3.0.04506.648)"
216.15.232.100 - - [26/May/2017:02:14:18 +0530] "GET /project_details_view.php?oid=&page=89&reporttype=&id=404%20and%201%3E1 HTTP/1.1" 200 11449 "-" "Mozilla/4.0 (compatible; MSIE 7.0; Windows NT 5.1; dial; E-nrgyPlus; .NET CLR 1.1.4322; InfoPath.1)"
188.193.165.114 - - [26/May/2017:02:14:23 +0530] "GET /project_details_view.php?id=404&oid=&page=89&reporttype= HTTP/1.0" 200 16562 "-" "Opera/9.27"
202.46.49.195 - - [26/May/2017:02:17:15 +0530] "GET /project_details_view.php?id=1990 HTTP/1.1" 200 13760 "-" "Mozilla/5.0 (Windows NT 10.0; WOW64) AppleWebKit/537.36 (KHTML, like Gecko) Chrome/45.0.2454.93 Safari/537.36"
212.193.248.183 - - [26/May/2017:02:21:37 +0530] "GET /project_details_view.php?id=404'&oid='&page=89'&reporttype='\" HTTP/1.1" 200 11449 "-" "Mozilla/4.0 (compatible; MSIE 7.0; Windows NT 5.1; elertz 2.4.179[128]; .NET CLR 1.1.4322; .NET CLR 2.0.50727; .NET CLR 3.0.04506.30; .NET CLR 3.0.04506.648)"
212.193.248.183 - - [26/May/2017:02:21:37 +0530] "GET /project_details_view.php?oid=&page=89&reporttype=&id=404 HTTP/1.1" 200 16562 "-" "Mozilla/4.0 (compatible; MSIE 7.0; Windows NT 5.1; iebar; InfoPath.2; .NET CLR 1.1.4322; .NET CLR 2.0.50727; .NET CLR 3.0.04506.30)"
212.193.248.183 - - [26/May/2017:02:21:38 +0530] "GET /project_details_view.php?oid=&page=89&reporttype=&id=4042121121121212.1 HTTP/1.1" 200 11449 "-" "Mozilla/4.0 (compatible; MSIE 7.0; Windows NT 5.1; elertz 2.4.025; .NET CLR 1.0.3705; .NET CLR 1.1.4322; Media Center PC 4.0)"
212.193.248.183 - - [26/May/2017:02:21:56 +0530] "GET /project_details_view.php?oid=&page=89&reporttype=&id=404%20and%201%3E1 HTTP/1.1" 200 11449 "-" "Mozilla/4.0 (compatible; MSIE 7.0; Windows NT 5.1; dial"
212.193.248.183 - - [26/May/2017:02:23:27 +0530] "GET /project_details_view.php?id=404&page=89&reporttype=&oid= HTTP/1.1" 200 16562 "-" "Mozilla/4.0 (compatible; MSIE 7.0; Windows NT 5.1; dial; SV1; .NET CLR 1.0.3705)"
212.193.248.183 - - [26/May/2017:02:23:27 +0530] "GET /project_details_view.php?id=404&page=89&reporttype=&oid=2121121121212.1 HTTP/1.1" 200 16562 "-" "Mozilla/4.0 (compatible; MSIE 7.0; Windows NT 5.1; eMusic DLM/3; MSN Optimized;US; MSN Optimized;US)"
212.193.248.183 - - [26/May/2017:02:23:46 +0530] "GET /project_details_view.php?id=404&page=89&reporttype=&oid=%20and%201%3E1 HTTP/1.1" 200 16562 "-" "Mozilla/4.0 (compatible; MSIE 7.0; Windows NT 5.1; iebar; yplus 5.6.02b)"
45.250.246.22 - - [26/May/2017:02:24:30 +0530] "GET /project_details_view.php?id=410 HTTP/1.1" 200 14896 "http://www.google.co.in/" "Mozilla/5.0 (Linux; Android 5.1.1; vivo V3Max Build/LMY47V) AppleWebKit/537.36 (KHTML, like Gecko) Chrome/58.0.3029.83 Mobile Safari/537.36"
45.250.246.22 - - [26/May/2017:02:24:31 +0530] "GET /includes/ncdma.css HTTP/1.1" 200 13023 "http://www.cdmindia.gov.in/project_details_view.php?id=410" "Mozilla/5.0 (Linux; Android 5.1.1; vivo V3Max Build/LMY47V) AppleWebKit/537.36 (KHTML, like Gecko) Chrome/58.0.3029.83 Mobile Safari/537.36"
45.250.246.22 - - [26/May/2017:02:24:31 +0530] "GET /ncdma.css HTTP/1.1" 200 12640 "http://www.cdmindia.gov.in/project_details_view.php?id=410" "Mozilla/5.0 (Linux; Android 5.1.1; vivo V3Max Build/LMY47V) AppleWebKit/537.36 (KHTML, like Gecko) Chrome/58.0.3029.83 Mobile Safari/537.36"
45.250.246.22 - - [26/May/2017:02:24:31 +0530] "GET /Scripts/AC_RunActiveContent.js HTTP/1.1" 200 8321 "http://www.cdmindia.gov.in/project_details_view.php?id=410" "Mozilla/5.0 (Linux; Android 5.1.1; vivo V3Max Build/LMY47V) AppleWebKit/537.36 (KHTML, like Gecko) Chrome/58.0.3029.83 Mobile Safari/537.36"
45.250.246.22 - - [26/May/2017:02:24:31 +0530] "GET /images/img2.jpg HTTP/1.1" 200 16276 "http://www.cdmindia.gov.in/project_details_view.php?id=410" "Mozilla/5.0 (Linux; Android 5.1.1; vivo V3Max Build/LMY47V) AppleWebKit/537.36 (KHTML, like Gecko) Chrome/58.0.3029.83 Mobile Safari/537.36"
45.250.246.22 - - [26/May/2017:02:24:31 +0530] "GET /images/bullet1.gif HTTP/1.1" 200 67 "http://www.cdmindia.gov.in/project_details_view.php?id=410" "Mozilla/5.0 (Linux; Android 5.1.1; vivo V3Max Build/LMY47V) AppleWebKit/537.36 (KHTML, like Gecko) Chrome/58.0.3029.83 Mobile Safari/537.36"
45.250.246.22 - - [26/May/2017:02:24:31 +0530] "GET /images/spacer.gif HTTP/1.1" 200 43 "http://www.cdmindia.gov.in/project_details_view.php?id=410" "Mozilla/5.0 (Linux; Android 5.1.1; vivo V3Max Build/LMY47V) AppleWebKit/537.36 (KHTML, like Gecko) Chrome/58.0.3029.83 Mobile Safari/537.36"
45.250.246.22 - - [26/May/2017:02:24:31 +0530] "GET /images/bulllet2.gif HTTP/1.1" 200 58 "http://www.cdmindia.gov.in/project_details_view.php?id=410" "Mozilla/5.0 (Linux; Android 5.1.1; vivo V3Max Build/LMY47V) AppleWebKit/537.36 (KHTML, like Gecko) Chrome/58.0.3029.83 Mobile Safari/537.36"
45.250.246.22 - - [26/May/2017:02:24:31 +0530] "GET /images/bullet4.gif HTTP/1.1" 200 67 "http://www.cdmindia.gov.in/project_details_view.php?id=410" "Mozilla/5.0 (Linux; Android 5.1.1; vivo V3Max Build/LMY47V) AppleWebKit/537.36 (KHTML, like Gecko) Chrome/58.0.3029.83 Mobile Safari/537.36"
45.250.246.22 - - [26/May/2017:02:24:31 +0530] "GET /images/img3.jpg HTTP/1.1" 200 26957 "http://www.cdmindia.gov.in/project_details_view.php?id=410" "Mozilla/5.0 (Linux; Android 5.1.1; vivo V3Max Build/LMY47V) AppleWebKit/537.36 (KHTML, like Gecko) Chrome/58.0.3029.83 Mobile Safari/537.36"
45.250.246.22 - - [26/May/2017:02:24:31 +0530] "GET /images/fdm.jpg HTTP/1.1" 200 2043 "http://www.cdmindia.gov.in/project_details_view.php?id=410" "Mozilla/5.0 (Linux; Android 5.1.1; vivo V3Max Build/LMY47V) AppleWebKit/537.36 (KHTML, like Gecko) Chrome/58.0.3029.83 Mobile Safari/537.36"
45.250.246.22 - - [26/May/2017:02:24:31 +0530] "GET /images/fbg.jpg HTTP/1.1" 200 325 "http://www.cdmindia.gov.in/project_details_view.php?id=410" "Mozilla/5.0 (Linux; Android 5.1.1; vivo V3Max Build/LMY47V) AppleWebKit/537.36 (KHTML, like Gecko) Chrome/58.0.3029.83 Mobile Safari/537.36"
45.250.246.22 - - [26/May/2017:02:24:31 +0530] "GET /images/img1.jpg HTTP/1.1" 200 1251 "http://www.cdmindia.gov.in/project_details_view.php?id=410" "Mozilla/5.0 (Linux; Android 5.1.1; vivo V3Max Build/LMY47V) AppleWebKit/537.36 (KHTML, like Gecko) Chrome/58.0.3029.83 Mobile Safari/537.36"
45.250.246.22 - - [26/May/2017:02:24:31 +0530] "GET /images/gtz.jpg HTTP/1.1" 200 15484 "http://www.cdmindia.gov.in/project_details_view.php?id=410" "Mozilla/5.0 (Linux; Android 5.1.1; vivo V3Max Build/LMY47V) AppleWebKit/537.36 (KHTML, like Gecko) Chrome/58.0.3029.83 Mobile Safari/537.36"
45.250.246.22 - - [26/May/2017:02:24:31 +0530] "GET /favicon.ico HTTP/1.1" 200 1189 "http://www.cdmindia.gov.in/project_details_view.php?id=410" "Mozilla/5.0 (Linux; Android 5.1.1; vivo V3Max Build/LMY47V) AppleWebKit/537.36 (KHTML, like Gecko) Chrome/58.0.3029.83 Mobile Safari/537.36"
212.193.248.183 - - [26/May/2017:02:25:17 +0530] "GET /project_details_view.php?id=404&oid=&reporttype=&page=89 HTTP/1.1" 200 16562 "-" "Mozilla/4.0 (compatible; MSIE 7.0; Windows NT 5.1; dial; SV1; .NET CLR 1.0.3705)"
212.193.248.183 - - [26/May/2017:02:25:17 +0530] "GET /project_details_view.php?id=404&oid=&reporttype=&page=892121121121212.1 HTTP/1.1" 200 16562 "-" "Mozilla/4.0 (compatible; MSIE 7.0; Windows NT 5.1; iebar; Sgrunt|V109|1746|S-1740532934|dialno; snprtz|dialno; .NET CLR 2.0.50727)"
212.193.248.183 - - [26/May/2017:02:25:36 +0530] "GET /project_details_view.php?id=404&oid=&reporttype=&page=89%20and%201%3E1 HTTP/1.1" 200 16562 "-" "Mozilla/4.0 (compatible; MSIE 7.0; Windows NT 5.1; dial; SV1; .NET CLR 1.0.3705)"
212.193.248.183 - - [26/May/2017:02:27:07 +0530] "GET /project_details_view.php?id=404&oid=&page=89&reporttype= HTTP/1.1" 200 16562 "-" "Mozilla/4.0 (compatible; MSIE 7.0; Windows NT 5.1; iOpus-I-M; .NET CLR 1.1.4322)"
212.193.248.183 - - [26/May/2017:02:27:07 +0530] "GET /project_details_view.php?id=404&oid=&page=89&reporttype=2121121121212.1 HTTP/1.1" 200 16562 "-" "Mozilla/4.0 (compatible; MSIE 7.0; Windows NT 5.1; iebar; acc=; YPC 3.2.0; .NET CLR 1.0.3705; .NET CLR 1.1.4322; IEMB3; IEMB3; yplus 5.1.04b)"
212.193.248.183 - - [26/May/2017:02:27:26 +0530] "GET /project_details_view.php?id=404&oid=&page=89&reporttype=%20and%201%3E1 HTTP/1.1" 200 16562 "-" "Mozilla/4.0 (compatible; MSIE 7.0; Windows NT 5.1; iebar; yplus 5.6.02b)"
212.193.248.183 - - [26/May/2017:02:28:56 +0530] "GET /project_details_view.php?id=404&oid=&page=89&reporttype= HTTP/1.0" 200 16562 "-" "Opera/9.27"
87.236.30.51 - - [26/May/2017:02:30:17 +0530] "GET /project_details_view.php?id=404'&oid='&page=89'&reporttype='\" HTTP/1.1" 200 11449 "-" "Mozilla/4.0 (compatible; MSIE 7.0; Windows NT 5.1; eMusic DLM/3; MSN Optimized;US; MSN Optimized;US)"
87.236.30.51 - - [26/May/2017:02:30:18 +0530] "GET /project_details_view.php?oid=&page=89&reporttype=&id=404 HTTP/1.1" 200 16562 "-" "Mozilla/4.0 (compatible; MSIE 7.0; Windows NT 5.1; eMusic DLM/3; MSN Optimized;US; MSN Optimized;US)"
87.236.30.51 - - [26/May/2017:02:30:18 +0530] "GET /project_details_view.php?oid=&page=89&reporttype=&id=4042121121121212.1 HTTP/1.1" 200 11449 "-" "Mozilla/4.0 (compatible; MSIE 7.0; Windows NT 5.1; elertz 2.4.179[128]; .NET CLR 1.1.4322; .NET CLR 2.0.50727; .NET CLR 3.0.04506.30; .NET CLR 3.0.04506.648)"
87.236.30.51 - - [26/May/2017:02:30:37 +0530] "GET /project_details_view.php?oid=&page=89&reporttype=&id=404%20and%201%3E1 HTTP/1.1" 200 11449 "-" "Mozilla/4.0 (compatible; MSIE 7.0; Windows NT 5.1; iebar; acc=; YPC 3.2.0; .NET CLR 1.0.3705; .NET CLR 1.1.4322; IEMB3; IEMB3; yplus 5.1.04b)"
66.249.79.79 - - [26/May/2017:02:31:13 +0530] "GET /project_details_view.php?id=1274 HTTP/1.1" 200 14592 "-" "Mozilla/5.0 (compatible; Googlebot/2.1; +http://www.google.com/bot.html)"
87.236.30.51 - - [26/May/2017:02:32:07 +0530] "GET /project_details_view.php?id=404&page=89&reporttype=&oid= HTTP/1.1" 200 16562 "-" "Mozilla/4.0 (compatible; MSIE 7.0; Windows NT 5.1; generic_01_01; InfoPath.1)"
87.236.30.51 - - [26/May/2017:02:32:08 +0530] "GET /project_details_view.php?id=404&page=89&reporttype=&oid=2121121121212.1 HTTP/1.1" 200 16562 "-" "Mozilla/4.0 (compatible; MSIE 7.0; Windows NT 5.1; iebar; acc=; YPC 3.2.0; .NET CLR 1.0.3705; .NET CLR 1.1.4322; IEMB3; IEMB3; yplus 5.1.04b)"
87.236.30.51 - - [26/May/2017:02:32:28 +0530] "GET /project_details_view.php?id=404&page=89&reporttype=&oid=%20and%201%3E1 HTTP/1.1" 200 16562 "-" "Mozilla/4.0 (compatible; MSIE 7.0; Windows NT 5.1; iebar; acc=none; FunWebProducts; .NET CLR 1.1.4322)"
188.210.58.38 - - [26/May/2017:02:32:28 +0530] "GET / HTTP/1.1" 200 19479 "-" "pshtt, https scanning"
141.8.142.74 - - [26/May/2017:02:33:27 +0530] "GET /project_details_view.php?id=930 HTTP/1.1" 200 16543 "-" "Mozilla/5.0 (compatible; YandexBot/3.0; +http://yandex.com/bots)"
117.240.228.194 - - [26/May/2017:02:33:50 +0530] "GET /wp-login.php HTTP/1.1" 404 210 "-" "Mozilla/5.0 (Windows NT 6.1; WOW64; rv:40.0) Gecko/20100101 Firefox/40.1"
117.240.228.194 - - [26/May/2017:02:33:50 +0530] "GET / HTTP/1.1" 200 19479 "-" "Mozilla/5.0 (Windows NT 6.1; WOW64; rv:40.0) Gecko/20100101 Firefox/40.1"
87.236.30.51 - - [26/May/2017:02:33:59 +0530] "GET /project_details_view.php?id=404&oid=&reporttype=&page=89 HTTP/1.1" 200 16562 "-" "Mozilla/4.0 (compatible; MSIE 7.0; Windows NT 5.1; ds-66843412; Sgrunt|V109|1|S-66843412|dial; .NET CLR 1.1.4322)"
87.236.30.51 - - [26/May/2017:02:34:00 +0530] "GET /project_details_view.php?id=404&oid=&reporttype=&page=892121121121212.1 HTTP/1.1" 200 16562 "-" "Mozilla/5.0 (Windows; U; Windows NT 5.1; ru; rv:1.9.0.8) Gecko/2009032609 Firefox/3.0.8"
87.236.30.51 - - [26/May/2017:02:34:18 +0530] "GET /project_details_view.php?id=404&oid=&reporttype=&page=89%20and%201%3E1 HTTP/1.1" 200 16562 "-" "Mozilla/4.0 (compatible; MSIE 7.0; Windows NT 5.1; iebar; acc=none; FunWebProducts; .NET CLR 1.1.4322)"
87.236.30.51 - - [26/May/2017:02:35:49 +0530] "GET /project_details_view.php?id=404&oid=&page=89&reporttype= HTTP/1.1" 200 16562 "-" "Mozilla/4.0 (compatible; MSIE 7.0; Windows NT 5.1; iebar; acc=none; FunWebProducts; .NET CLR 1.1.4322)"
87.236.30.51 - - [26/May/2017:02:35:50 +0530] "GET /project_details_view.php?id=404&oid=&page=89&reporttype=2121121121212.1 HTTP/1.1" 200 16562 "-" "Mozilla/4.0 (compatible; MSIE 7.0; Windows NT 5.1; generic_01_01; InfoPath.1)"
87.236.30.51 - - [26/May/2017:02:36:08 +0530] "GET /project_details_view.php?id=404&oid=&page=89&reporttype=%20and%201%3E1 HTTP/1.1" 200 16562 "-" "Mozilla/4.0 (compatible; MSIE 7.0; Windows NT 5.1; iebar)"
66.249.79.79 - - [26/May/2017:02:36:14 +0530] "GET / HTTP/1.1" 200 19479 "-" "Mozilla/5.0 (compatible; Googlebot/2.1; +http://www.google.com/bot.html)"
117.240.228.194 - - [26/May/2017:02:37:09 +0530] "GET /wp-login.php HTTP/1.1" 404 210 "-" "Mozilla/5.0 (Windows NT 6.1; WOW64; rv:40.0) Gecko/20100101 Firefox/40.1"
117.240.228.194 - - [26/May/2017:02:37:09 +0530] "GET / HTTP/1.1" 200 19479 "-" "Mozilla/5.0 (Windows NT 6.1; WOW64; rv:40.0) Gecko/20100101 Firefox/40.1"
87.236.30.51 - - [26/May/2017:02:37:40 +0530] "GET /project_details_view.php?id=404&oid=&page=89&reporttype= HTTP/1.0" 200 16562 "-" "Opera/9.27"
202.46.52.149 - - [26/May/2017:02:38:02 +0530] "GET /project_details_view_report.php?id=1426 HTTP/1.1" 200 13159 "-" "Mozilla/5.0 (Windows NT 10.0; WOW64) AppleWebKit/537.36 (KHTML, like Gecko) Chrome/45.0.2454.93 Safari/537.36"
35.184.189.105 - - [26/May/2017:02:39:04 +0530] "GET /robots.txt HTTP/1.1" 404 208 "-" "ltx71 - (http://ltx71.com/)"
157.55.39.130 - - [26/May/2017:02:39:49 +0530] "GET /project_details_view_report.php?id=179 HTTP/1.1" 200 13132 "-" "Mozilla/5.0 (compatible; bingbot/2.0; +http://www.bing.com/bingbot.htm)"
66.249.79.79 - - [26/May/2017:02:41:26 +0530] "GET /project_details_view_report.php?id=1369 HTTP/1.1" 200 13207 "-" "Mozilla/5.0 (compatible; Googlebot/2.1; +http://www.google.com/bot.html)"
54.197.39.49 - - [26/May/2017:02:48:44 +0530] "GET / HTTP/1.1" 200 19479 "-" "Mozilla/5.0 (X11; Linux x86_64) AppleWebKit/537.36 (KHTML, like Gecko) Chrome/43.0.2357.134 Safari/537.36 http://notifyninja.com/monitoring"
50.6.77.58 - - [26/May/2017:02:58:14 +0530] "GET /project_details_view.php?id=404'&oid='&page=89'&reporttype='\" HTTP/1.1" 200 11449 "-" "Mozilla/4.0 (compatible; MSIE 7.0; Windows NT 5.1; dial; SV1; .NET CLR 1.0.3705)"
50.6.77.58 - - [26/May/2017:02:58:15 +0530] "GET /project_details_view.php?oid=&page=89&reporttype=&id=404 HTTP/1.1" 200 16562 "-" "Mozilla/4.0 (compatible; MSIE 7.0; Windows NT 5.1; dial"
50.6.77.58 - - [26/May/2017:02:58:16 +0530] "GET /project_details_view.php?oid=&page=89&reporttype=&id=4042121121121212.1 HTTP/1.1" 200 11449 "-" "Mozilla/4.0 (compatible; MSIE 7.0; Windows NT 5.1; iebar; acc=none; FunWebProducts; .NET CLR 1.1.4322)"
50.6.77.58 - - [26/May/2017:02:58:35 +0530] "GET /project_details_view.php?oid=&page=89&reporttype=&id=404%20and%201%3E1 HTTP/1.1" 200 11449 "-" "Mozilla/4.0 (compatible; MSIE 7.0; Windows NT 5.1; iebar; acc=none; FunWebProducts; .NET CLR 1.1.4322)"
202.46.51.88 - - [26/May/2017:02:58:48 +0530] "GET /project_details_view.php?id=1310 HTTP/1.1" 200 15554 "-" "Mozilla/5.0 (Windows NT 10.0; WOW64) AppleWebKit/537.36 (KHTML, like Gecko) Chrome/45.0.2454.93 Safari/537.36"
34.207.98.73 - - [26/May/2017:02:59:46 +0530] "GET /robots.txt HTTP/1.0" 404 208 "-" "ia_archiver"
34.207.98.73 - - [26/May/2017:02:59:46 +0530] "GET /project_details_view.php?id=1230 HTTP/1.0" 200 15306 "-" "ia_archiver"
50.6.77.58 - - [26/May/2017:03:00:06 +0530] "GET /project_details_view.php?id=404&page=89&reporttype=&oid= HTTP/1.1" 200 16562 "-" "Mozilla/4.0 (compatible; MSIE 7.0; Windows NT 5.1; iebar; acc=none; FunWebProducts; .NET CLR 1.1.4322)"
50.6.77.58 - - [26/May/2017:03:00:07 +0530] "GET /project_details_view.php?id=404&page=89&reporttype=&oid=2121121121212.1 HTTP/1.1" 200 16562 "-" "Mozilla/4.0 (compatible; MSIE 7.0; Windows NT 5.1; generic_01_01; YPC 3.2.0; .NET CLR 1.1.4322; yplus 5.3.04b)"
50.6.77.58 - - [26/May/2017:03:00:26 +0530] "GET /project_details_view.php?id=404&page=89&reporttype=&oid=%20and%201%3E1 HTTP/1.1" 200 16562 "-" "Mozilla/4.0 (compatible; MSIE 7.0; Windows NT 5.1; dial; SV1; .NET CLR 1.0.3705)"
50.6.77.58 - - [26/May/2017:03:01:57 +0530] "GET /project_details_view.php?id=404&oid=&reporttype=&page=89 HTTP/1.1" 200 16562 "-" "Mozilla/4.0 (compatible; MSIE 7.0; Windows NT 5.1; iebar)"
50.6.77.58 - - [26/May/2017:03:01:58 +0530] "GET /project_details_view.php?id=404&oid=&reporttype=&page=892121121121212.1 HTTP/1.1" 200 16562 "-" "Mozilla/4.0 (compatible; MSIE 7.0; Windows NT 5.1; elertz 2.4.179[128]; .NET CLR 1.1.4322; .NET CLR 2.0.50727; .NET CLR 3.0.04506.30; .NET CLR 3.0.04506.648)"
50.6.77.58 - - [26/May/2017:03:02:17 +0530] "GET /project_details_view.php?id=404&oid=&reporttype=&page=89%20and%201%3E1 HTTP/1.1" 200 16562 "-" "Mozilla/4.0 (compatible; MSIE 7.0; Windows NT 5.1; dial"
50.6.77.58 - - [26/May/2017:03:03:48 +0530] "GET /project_details_view.php?id=404&oid=&page=89&reporttype= HTTP/1.1" 200 16562 "-" "Mozilla/4.0 (compatible; MSIE 7.0; Windows NT 5.1; iebar; acc=; YPC 3.2.0; .NET CLR 1.0.3705; .NET CLR 1.1.4322; IEMB3; IEMB3; yplus 5.1.04b)"
50.6.77.58 - - [26/May/2017:03:03:49 +0530] "GET /project_details_view.php?id=404&oid=&page=89&reporttype=2121121121212.1 HTTP/1.1" 200 16562 "-" "Mozilla/4.0 (compatible; MSIE 7.0; Windows NT 5.1; dial"
50.6.77.58 - - [26/May/2017:03:04:08 +0530] "GET /project_details_view.php?id=404&oid=&page=89&reporttype=%20and%201%3E1 HTTP/1.1" 200 16562 "-" "Mozilla/4.0 (compatible; MSIE 7.0; Windows NT 5.1; iOpus-I-M; .NET CLR 1.1.4322)"
141.8.142.74 - - [26/May/2017:03:10:09 +0530] "GET /images/h_ap.jpg HTTP/1.1" 304 - "-" "Mozilla/5.0 (compatible; YandexImages/3.0; +http://yandex.com/bots)"
5.196.87.48 - - [26/May/2017:03:10:17 +0530] "GET /robots.txt HTTP/1.1" 404 208 "-" "Mozilla/5.0 (compatible; AhrefsBot/5.2; +http://ahrefs.com/robot/)"
66.249.79.81 - - [26/May/2017:03:10:26 +0530] "GET /reports_list_details.php?id=tubkayrstf&reporttype=&page=153 HTTP/1.1" 200 21751 "-" "Mozilla/5.0 (compatible; Googlebot/2.1; +http://www.google.com/bot.html)"
66.249.79.81 - - [26/May/2017:03:11:23 +0530] "GET /reports_list_details.php?id=Tamil%20Nadu&reporttype=2&page=15 HTTP/1.1" 200 22070 "-" "Mozilla/5.0 (compatible; Googlebot/2.1; +http://www.google.com/bot.html)"
66.249.79.83 - - [26/May/2017:03:12:12 +0530] "GET /reports_list_details.php?id=Tamil%20Nadu&reporttype=2&page=16 HTTP/1.1" 200 21700 "-" "Mozilla/5.0 (compatible; Googlebot/2.1; +http://www.google.com/bot.html)"
66.249.79.81 - - [26/May/2017:03:13:11 +0530] "GET /reports_list_details.php?id=Andhra%20Pradesh&reporttype=2&page=7 HTTP/1.1" 200 21988 "-" "Mozilla/5.0 (compatible; Googlebot/2.1; +http://www.google.com/bot.html)"
66.249.79.81 - - [26/May/2017:03:15:44 +0530] "GET /reports_list_details.php?id=Andhra%20Pradesh&reporttype=2&page=5 HTTP/1.1" 200 21890 "-" "Mozilla/5.0 (compatible; Googlebot/2.1; +http://www.google.com/bot.html)"
66.249.79.95 - - [26/May/2017:03:15:45 +0530] "GET / HTTP/1.1" 200 19479 "-" "Mozilla/5.0 (Linux; Android 6.0.1; Nexus 5X Build/MMB29P) AppleWebKit/537.36 (KHTML, like Gecko) Chrome/41.0.2272.96 Mobile Safari/537.36 (compatible; Googlebot/2.1; +http://www.google.com/bot.html)"
62.24.122.25 - - [26/May/2017:03:17:15 +0530] "GET /project_details_view.php?id=404'&oid='&page=89'&reporttype='\" HTTP/1.1" 200 11449 "-" "Mozilla/4.0 (compatible; MSIE 7.0; Windows NT 5.1; dial; E-nrgyPlus; .NET CLR 1.1.4322; InfoPath.1)"
62.24.122.25 - - [26/May/2017:03:17:16 +0530] "GET /project_details_view.php?oid=&page=89&reporttype=&id=404 HTTP/1.1" 200 16562 "-" "Mozilla/4.0 (compatible; MSIE 7.0; Windows NT 5.1; iebar; yplus 5.6.02b)"
62.24.122.25 - - [26/May/2017:03:17:17 +0530] "GET /project_details_view.php?oid=&page=89&reporttype=&id=4042121121121212.1 HTTP/1.1" 200 11449 "-" "Mozilla/4.0 (compatible; MSIE 7.0; Windows NT 5.1; iebar; acc=none; FunWebProducts; .NET CLR 1.1.4322)"
62.24.122.25 - - [26/May/2017:03:17:36 +0530] "GET /project_details_view.php?oid=&page=89&reporttype=&id=404%20and%201%3E1 HTTP/1.1" 200 11449 "-" "Mozilla/5.0 (Windows; U; Windows NT 5.1; ru; rv:1.9.0.8) Gecko/2009032609 Firefox/3.0.8"
66.249.79.81 - - [26/May/2017:03:19:10 +0530] "GET /project_details_view.php?id=9 HTTP/1.1" 200 17175 "-" "Mozilla/5.0 (compatible; Googlebot/2.1; +http://www.google.com/bot.html)"
202.46.54.104 - - [26/May/2017:03:19:35 +0530] "GET /project_details_view.php?id=816 HTTP/1.1" 200 15268 "-" "Mozilla/5.0 (Windows NT 10.0; WOW64) AppleWebKit/537.36 (KHTML, like Gecko) Chrome/45.0.2454.93 Safari/537.36"
66.249.79.95 - - [26/May/2017:03:22:35 +0530] "GET / HTTP/1.1" 200 19479 "-" "Mozilla/5.0 (Linux; Android 6.0.1; Nexus 5X Build/MMB29P) AppleWebKit/537.36 (KHTML, like Gecko) Chrome/41.0.2272.96 Mobile Safari/537.36 (compatible; Googlebot/2.1; +http://www.google.com/bot.html)"
66.249.79.83 - - [26/May/2017:03:23:07 +0530] "GET /project_details_view.php?id=47 HTTP/1.1" 200 14949 "-" "Mozilla/5.0 (compatible; Googlebot/2.1; +http://www.google.com/bot.html)"
119.59.124.74 - - [26/May/2017:03:26:14 +0530] "GET /project_details_view.php?id=404'&oid='&page=89'&reporttype='\" HTTP/1.1" 200 11449 "-" "Mozilla/4.0 (compatible; MSIE 7.0; Windows NT 5.1; dial"
119.59.124.74 - - [26/May/2017:03:26:14 +0530] "GET /project_details_view.php?oid=&page=89&reporttype=&id=404 HTTP/1.1" 200 16562 "-" "Mozilla/4.0 (compatible; MSIE 7.0; Windows NT 5.1; dial; E-nrgyPlus; .NET CLR 1.1.4322; InfoPath.1)"
119.59.124.74 - - [26/May/2017:03:26:15 +0530] "GET /project_details_view.php?oid=&page=89&reporttype=&id=4042121121121212.1 HTTP/1.1" 200 11449 "-" "Mozilla/4.0 (compatible; MSIE 7.0; Windows NT 5.1; generic_01_01; YPC 3.2.0; .NET CLR 1.1.4322; yplus 5.3.04b)"
119.59.124.74 - - [26/May/2017:03:26:33 +0530] "GET /project_details_view.php?oid=&page=89&reporttype=&id=404%20and%201%3E1 HTTP/1.1" 200 11449 "-" "Mozilla/4.0 (compatible; MSIE 7.0; Windows NT 5.1; eMusic DLM/3; MSN Optimized;US; MSN Optimized;US)"
157.55.39.227 - - [26/May/2017:03:26:49 +0530] "GET /project_details_view.php?id=2081 HTTP/1.1" 200 14232 "-" "Mozilla/5.0 (iPhone; CPU iPhone OS 7_0 like Mac OS X) AppleWebKit/537.51.1 (KHTML, like Gecko) Version/7.0 Mobile/11A465 Safari/9537.53 (compatible; bingbot/2.0; +http://www.bing.com/bingbot.htm)"
66.249.79.83 - - [26/May/2017:03:27:03 +0530] "GET /project_details_view.php?id=394 HTTP/1.1" 200 14272 "-" "Mozilla/5.0 (compatible; Googlebot/2.1; +http://www.google.com/bot.html)"
157.55.39.227 - - [26/May/2017:03:27:04 +0530] "GET /images/bulllet2.gif HTTP/1.1" 200 58 "-" "Mozilla/5.0 (iPhone; CPU iPhone OS 7_0 like Mac OS X) AppleWebKit/537.51.1 (KHTML, like Gecko) Version/7.0 Mobile/11A465 Safari/9537.53 (compatible; bingbot/2.0; +http://www.bing.com/bingbot.htm)"
157.55.39.227 - - [26/May/2017:03:27:04 +0530] "GET /includes/ncdma.css HTTP/1.1" 200 13023 "-" "Mozilla/5.0 (iPhone; CPU iPhone OS 7_0 like Mac OS X) AppleWebKit/537.51.1 (KHTML, like Gecko) Version/7.0 Mobile/11A465 Safari/9537.53 (compatible; bingbot/2.0; +http://www.bing.com/bingbot.htm)"
40.77.167.130 - - [26/May/2017:03:27:08 +0530] "GET /images/spacer.gif HTTP/1.1" 200 43 "-" "Mozilla/5.0 (iPhone; CPU iPhone OS 7_0 like Mac OS X) AppleWebKit/537.51.1 (KHTML, like Gecko) Version/7.0 Mobile/11A465 Safari/9537.53 (compatible; bingbot/2.0; +http://www.bing.com/bingbot.htm)"
119.59.124.74 - - [26/May/2017:03:28:10 +0530] "GET /project_details_view.php?id=404&page=89&reporttype=&oid= HTTP/1.1" 200 16562 "-" "Mozilla/4.0 (compatible; MSIE 7.0; Windows NT 5.1; dial"
119.59.124.74 - - [26/May/2017:03:28:11 +0530] "GET /project_details_view.php?id=404&page=89&reporttype=&oid=2121121121212.1 HTTP/1.1" 200 16562 "-" "Mozilla/4.0 (compatible; MSIE 7.0; Windows NT 5.1; dial; E-nrgyPlus; .NET CLR 1.1.4322; InfoPath.1)"
119.59.124.74 - - [26/May/2017:03:28:31 +0530] "GET /project_details_view.php?id=404&page=89&reporttype=&oid=%20and%201%3E1 HTTP/1.1" 200 16562 "-" "Mozilla/4.0 (compatible; MSIE 7.0; Windows NT 5.1; elertz 2.4.025; .NET CLR 1.0.3705; .NET CLR 1.1.4322; Media Center PC 4.0)"
119.59.124.74 - - [26/May/2017:03:30:05 +0530] "GET /project_details_view.php?id=404&oid=&reporttype=&page=89 HTTP/1.1" 200 16562 "-" "Mozilla/4.0 (compatible; MSIE 7.0; Windows NT 5.1; iOpus-I-M; .NET CLR 1.1.4322)"
119.59.124.74 - - [26/May/2017:03:30:07 +0530] "GET /project_details_view.php?id=404&oid=&reporttype=&page=892121121121212.1 HTTP/1.1" 200 16562 "-" "Mozilla/4.0 (compatible; MSIE 7.0; Windows NT 5.1; iebar; Sgrunt|V109|1746|S-1740532934|dialno; snprtz|dialno; .NET CLR 2.0.50727)"
119.59.124.74 - - [26/May/2017:03:30:27 +0530] "GET /project_details_view.php?id=404&oid=&reporttype=&page=89%20and%201%3E1 HTTP/1.1" 200 16562 "-" "Mozilla/4.0 (compatible; MSIE 7.0; Windows NT 5.1; dial"
119.59.124.74 - - [26/May/2017:03:32:03 +0530] "GET /project_details_view.php?id=404&oid=&page=89&reporttype= HTTP/1.1" 200 16562 "-" "Mozilla/4.0 (compatible; MSIE 7.0; Windows NT 5.1; eMusic DLM/3; MSN Optimized;US; MSN Optimized;US)"
119.59.124.74 - - [26/May/2017:03:32:05 +0530] "GET /project_details_view.php?id=404&oid=&page=89&reporttype=2121121121212.1 HTTP/1.1" 200 16562 "-" "Mozilla/4.0 (compatible; MSIE 7.0; Windows NT 5.1; ds-66843412; Sgrunt|V109|1|S-66843412|dial; .NET CLR 1.1.4322)"
119.59.124.74 - - [26/May/2017:03:32:25 +0530] "GET /project_details_view.php?id=404&oid=&page=89&reporttype=%20and%201%3E1 HTTP/1.1" 200 16562 "-" "Mozilla/4.0 (compatible; MSIE 7.0; Windows NT 5.1; iebar; acc=none; FunWebProducts; .NET CLR 1.1.4322)"
119.59.124.74 - - [26/May/2017:03:33:57 +0530] "GET /project_details_view.php?id=404&oid=&page=89&reporttype= HTTP/1.0" 200 16562 "-" "Opera/9.27"
119.59.124.74 - - [26/May/2017:03:35:15 +0530] "GET /project_details_view.php?id=404'&oid='&page=89'&reporttype='\" HTTP/1.1" 200 11449 "-" "Mozilla/4.0 (compatible; MSIE 7.0; Windows NT 5.1; iebar; acc=; YPC 3.2.0; .NET CLR 1.0.3705; .NET CLR 1.1.4322; IEMB3; IEMB3; yplus 5.1.04b)"
119.59.124.74 - - [26/May/2017:03:35:15 +0530] "GET /project_details_view.php?oid=&page=89&reporttype=&id=404 HTTP/1.1" 200 16562 "-" "Mozilla/4.0 (compatible; MSIE 7.0; Windows NT 5.1; dial; E-nrgyPlus; .NET CLR 1.1.4322; InfoPath.1)"
119.59.124.74 - - [26/May/2017:03:35:16 +0530] "GET /project_details_view.php?oid=&page=89&reporttype=&id=4042121121121212.1 HTTP/1.1" 200 11449 "-" "Mozilla/4.0 (compatible; MSIE 7.0; Windows NT 5.1; iebar; acc=none; SV1; snprtz|S04087544802137; .NET CLR 1.1.4322)"
119.59.124.74 - - [26/May/2017:03:35:35 +0530] "GET /project_details_view.php?oid=&page=89&reporttype=&id=404%20and%201%3E1 HTTP/1.1" 200 11449 "-" "Mozilla/4.0 (compatible; MSIE 7.0; Windows NT 5.1; iebar)"
119.59.124.74 - - [26/May/2017:03:37:09 +0530] "GET /project_details_view.php?id=404&page=89&reporttype=&oid= HTTP/1.1" 200 16562 "-" "Mozilla/4.0 (compatible; MSIE 7.0; Windows NT 5.1; iebar; acc=none; SV1; snprtz|S04087544802137; .NET CLR 1.1.4322)"
119.59.124.74 - - [26/May/2017:03:37:09 +0530] "GET /project_details_view.php?id=404&page=89&reporttype=&oid=2121121121212.1 HTTP/1.1" 200 16562 "-" "Mozilla/4.0 (compatible; MSIE 7.0; Windows NT 5.1; dial"
119.59.124.74 - - [26/May/2017:03:37:31 +0530] "GET /project_details_view.php?id=404&page=89&reporttype=&oid=%20and%201%3E1 HTTP/1.1" 200 16562 "-" "Mozilla/4.0 (compatible; MSIE 7.0; Windows NT 5.1; iebar; InfoPath.2; .NET CLR 1.1.4322; .NET CLR 2.0.50727; .NET CLR 3.0.04506.30)"
119.59.124.74 - - [26/May/2017:03:39:05 +0530] "GET /project_details_view.php?id=404&oid=&reporttype=&page=89 HTTP/1.1" 200 16562 "-" "Mozilla/4.0 (compatible; MSIE 7.0; Windows NT 5.1; iebar; Sgrunt|V109|1746|S-1740532934|dialno; snprtz|dialno; .NET CLR 2.0.50727)"
119.59.124.74 - - [26/May/2017:03:39:06 +0530] "GET /project_details_view.php?id=404&oid=&reporttype=&page=892121121121212.1 HTTP/1.1" 200 16562 "-" "Mozilla/4.0 (compatible; MSIE 7.0; Windows NT 5.1; dial"
119.59.124.74 - - [26/May/2017:03:39:26 +0530] "GET /project_details_view.php?id=404&oid=&reporttype=&page=89%20and%201%3E1 HTTP/1.1" 200 16562 "-" "Mozilla/4.0 (compatible; MSIE 7.0; Windows NT 5.1; iebar; acc=none; FunWebProducts; .NET CLR 1.1.4322)"
202.46.50.188 - - [26/May/2017:03:40:22 +0530] "GET /project_details_view.php?id=1376 HTTP/1.1" 200 14098 "-" "Mozilla/5.0 (Windows NT 10.0; WOW64) AppleWebKit/537.36 (KHTML, like Gecko) Chrome/45.0.2454.93 Safari/537.36"
119.59.124.74 - - [26/May/2017:03:41:04 +0530] "GET /project_details_view.php?id=404&oid=&page=89&reporttype= HTTP/1.1" 200 16562 "-" "Mozilla/4.0 (compatible; MSIE 7.0; Windows NT 5.1; iebar; yplus 5.6.02b)"
119.59.124.74 - - [26/May/2017:03:41:04 +0530] "GET /project_details_view.php?id=404&oid=&page=89&reporttype=2121121121212.1 HTTP/1.1" 200 16562 "-" "Mozilla/4.0 (compatible; MSIE 7.0; Windows NT 5.1; iebar)"
119.59.124.74 - - [26/May/2017:03:41:26 +0530] "GET /project_details_view.php?id=404&oid=&page=89&reporttype=%20and%201%3E1 HTTP/1.1" 200 16562 "-" "Mozilla/4.0 (compatible; MSIE 7.0; Windows NT 5.1; eMusic DLM/3; MSN Optimized;US; MSN Optimized;US)"
211.0.145.110 - - [26/May/2017:03:41:36 +0530] "GET / HTTP/1.1" 200 19479 "-" "Mozilla/5.0 (Windows NT 5.1; rv:6.0.2) Gecko/20100101 Firefox/6.0.2"
119.59.124.74 - - [26/May/2017:03:43:11 +0530] "GET /project_details_view.php?id=404&oid=&page=89&reporttype= HTTP/1.0" 200 16562 "-" "Opera/9.27"
157.55.39.227 - - [26/May/2017:03:54:56 +0530] "GET /project_details_view.php?id=692 HTTP/1.1" 200 14235 "-" "Mozilla/5.0 (compatible; bingbot/2.0; +http://www.bing.com/bingbot.htm)"
40.77.178.101 - - [26/May/2017:03:54:57 +0530] "GET /includes/ncdma.css HTTP/1.1" 200 13023 "-" "Mozilla/5.0 (Windows NT 6.1; WOW64) AppleWebKit/534+ (KHTML, like Gecko) BingPreview/1.0b"
202.46.58.71 - - [26/May/2017:04:01:09 +0530] "GET /project_details_view.php?id=1162 HTTP/1.1" 200 14056 "-" "Mozilla/5.0 (Windows NT 10.0; WOW64) AppleWebKit/537.36 (KHTML, like Gecko) Chrome/45.0.2454.93 Safari/537.36"
40.77.167.130 - - [26/May/2017:04:03:19 +0530] "GET /detail_news.php?id=20 HTTP/1.1" 302 18265 "-" "Mozilla/5.0 (compatible; bingbot/2.0; +http://www.bing.com/bingbot.htm)"
40.77.167.130 - - [26/May/2017:04:03:20 +0530] "GET /logout.php HTTP/1.1" 302 369 "-" "Mozilla/5.0 (compatible; bingbot/2.0; +http://www.bing.com/bingbot.htm)"
40.77.167.130 - - [26/May/2017:04:03:21 +0530] "GET /index.php HTTP/1.1" 200 19479 "-" "Mozilla/5.0 (compatible; bingbot/2.0; +http://www.bing.com/bingbot.htm)"
66.249.79.93 - - [26/May/2017:04:05:22 +0530] "GET /registration.php HTTP/1.1" 302 28528 "-" "Mozilla/5.0 (Linux; Android 6.0.1; Nexus 5X Build/MMB29P) AppleWebKit/537.36 (KHTML, like Gecko) Chrome/41.0.2272.96 Mobile Safari/537.36 (compatible; Googlebot/2.1; +http://www.google.com/bot.html)"
66.249.79.91 - - [26/May/2017:04:05:24 +0530] "GET /logout.php HTTP/1.1" 302 369 "-" "Mozilla/5.0 (Linux; Android 6.0.1; Nexus 5X Build/MMB29P) AppleWebKit/537.36 (KHTML, like Gecko) Chrome/41.0.2272.96 Mobile Safari/537.36 (compatible; Googlebot/2.1; +http://www.google.com/bot.html)"
66.249.79.93 - - [26/May/2017:04:05:24 +0530] "GET /index.php HTTP/1.1" 200 19479 "-" "Mozilla/5.0 (Linux; Android 6.0.1; Nexus 5X Build/MMB29P) AppleWebKit/537.36 (KHTML, like Gecko) Chrome/41.0.2272.96 Mobile Safari/537.36 (compatible; Googlebot/2.1; +http://www.google.com/bot.html)"
66.249.79.93 - - [26/May/2017:04:08:13 +0530] "GET / HTTP/1.1" 200 19479 "-" "Mozilla/5.0 (compatible; Googlebot/2.1; +http://www.google.com/bot.html)"
66.249.79.91 - - [26/May/2017:04:08:14 +0530] "GET / HTTP/1.1" 200 19479 "-" "Mozilla/5.0 (compatible; Googlebot/2.1; +http://www.google.com/bot.html)"
207.46.13.77 - - [26/May/2017:04:09:03 +0530] "GET /project_details_view.php?id=1186 HTTP/1.1" 200 16733 "-" "Mozilla/5.0 (compatible; bingbot/2.0; +http://www.bing.com/bingbot.htm)"
157.55.39.13 - - [26/May/2017:04:11:20 +0530] "GET /robots.txt HTTP/1.1" 404 208 "-" "Mozilla/5.0 (compatible; bingbot/2.0; +http://www.bing.com/bingbot.htm)"
40.77.167.130 - - [26/May/2017:04:11:20 +0530] "GET /downloads/Carbon%20Market%20Roadmap.pdf HTTP/1.1" 200 4344697 "-" "Mozilla/5.0 (compatible; bingbot/2.0; +http://www.bing.com/bingbot.htm)"
66.249.79.83 - - [26/May/2017:04:13:13 +0530] "GET /reports_list_details.php?id=3&reporttype=1&page=17 HTTP/1.1" 200 18212 "-" "Mozilla/5.0 (compatible; Googlebot/2.1; +http://www.google.com/bot.html)"
202.46.54.31 - - [26/May/2017:04:21:55 +0530] "GET /project_details_view.php?id=846 HTTP/1.1" 200 13825 "-" "Mozilla/5.0 (Windows NT 10.0; WOW64) AppleWebKit/537.36 (KHTML, like Gecko) Chrome/45.0.2454.93 Safari/537.36"
66.249.79.81 - - [26/May/2017:04:26:46 +0530] "GET /project_details_view.php?id=184 HTTP/1.1" 200 14504 "-" "Mozilla/5.0 (compatible; Googlebot/2.1; +http://www.google.com/bot.html)"
157.55.39.130 - - [26/May/2017:04:31:42 +0530] "GET /downloads/New%20PCN.doc HTTP/1.1" 200 435200 "-" "Mozilla/5.0 (compatible; bingbot/2.0; +http://www.bing.com/bingbot.htm)"
66.249.79.91 - - [26/May/2017:04:33:33 +0530] "GET / HTTP/1.1" 200 19479 "-" "Mozilla/5.0 (Linux; Android 6.0.1; Nexus 5X Build/MMB29P) AppleWebKit/537.36 (KHTML, like Gecko) Chrome/41.0.2272.96 Mobile Safari/537.36 (compatible; Googlebot/2.1; +http://www.google.com/bot.html)"
210.232.15.24 - - [26/May/2017:04:36:34 +0530] "GET / HTTP/1.1" 200 19479 "-" "Mozilla/5.0 (Windows NT 5.1; rv:6.0.2) Gecko/20100101 Firefox/6.0.2"
207.46.13.77 - - [26/May/2017:04:38:28 +0530] "GET /constitution.php HTTP/1.1" 200 23668 "-" "Mozilla/5.0 (compatible; bingbot/2.0; +http://www.bing.com/bingbot.htm)"
66.249.79.83 - - [26/May/2017:04:38:34 +0530] "GET /reports_list_details.php?id=3&reporttype=1&page=16 HTTP/1.1" 200 18212 "-" "Mozilla/5.0 (compatible; Googlebot/2.1; +http://www.google.com/bot.html)"
202.46.53.178 - - [26/May/2017:04:42:42 +0530] "GET /project_details_view_report.php?id=350 HTTP/1.1" 200 13135 "-" "Mozilla/5.0 (Windows NT 10.0; WOW64) AppleWebKit/537.36 (KHTML, like Gecko) Chrome/45.0.2454.93 Safari/537.36"
207.46.13.77 - - [26/May/2017:04:43:29 +0530] "GET /downloads/Template_sharing%202Percent.doc HTTP/1.1" 200 73728 "-" "Mozilla/5.0 (compatible; bingbot/2.0; +http://www.bing.com/bingbot.htm)"
40.77.167.130 - - [26/May/2017:04:44:38 +0530] "GET /news_more.php HTTP/1.1" 200 21060 "-" "Mozilla/5.0 (compatible; bingbot/2.0; +http://www.bing.com/bingbot.htm)"
23.88.37.115 - - [26/May/2017:04:54:41 +0530] "GET / HTTP/1.1" 200 19479 "http://www.domain2008.com/domains/www.cdmindia.gov.in" "Mozilla/5.0 (compatible; MSIE 9.0; Windows NT 6.1; WOW64; Trident/5.0)"
207.46.13.77 - - [26/May/2017:04:57:52 +0530] "GET /downloads/Template_sharing%202Percent.doc HTTP/1.1" 200 73728 "-" "Mozilla/5.0 (compatible; bingbot/2.0; +http://www.bing.com/bingbot.htm)"
207.46.13.77 - - [26/May/2017:05:00:36 +0530] "GET /detail_events.php?id= HTTP/1.1" 302 16737 "-" "Mozilla/5.0 (compatible; bingbot/2.0; +http://www.bing.com/bingbot.htm)"
207.46.13.77 - - [26/May/2017:05:00:36 +0530] "GET /logout.php HTTP/1.1" 302 369 "-" "Mozilla/5.0 (compatible; bingbot/2.0; +http://www.bing.com/bingbot.htm)"
207.46.13.77 - - [26/May/2017:05:00:37 +0530] "GET /index.php HTTP/1.1" 200 19479 "-" "Mozilla/5.0 (compatible; bingbot/2.0; +http://www.bing.com/bingbot.htm)"
207.46.13.77 - - [26/May/2017:05:01:50 +0530] "GET /sitemap.php HTTP/1.1" 200 18468 "-" "Mozilla/5.0 (compatible; bingbot/2.0; +http://www.bing.com/bingbot.htm)"
202.46.49.145 - - [26/May/2017:05:03:29 +0530] "GET /project_details_view.php?id=915 HTTP/1.1" 200 15078 "-" "Mozilla/5.0 (Windows NT 10.0; WOW64) AppleWebKit/537.36 (KHTML, like Gecko) Chrome/45.0.2454.93 Safari/537.36"
31.181.187.202 - - [26/May/2017:05:05:55 +0530] "GET /approval_process.php HTTP/1.0" 200 25911 "http://cdmindia.gov.in/approval_process.php" "Mozilla/5.0 (Windows NT 6.3; WOW64) AppleWebKit/537.36 (KHTML, like Gecko) Chrome/56.0.2924.87 Safari/537.36"
31.181.187.202 - - [26/May/2017:05:05:55 +0530] "GET /registration.php HTTP/1.0" 200 28528 "http://cdmindia.gov.in/registration.php" "Mozilla/5.0 (Windows NT 6.3; WOW64) AppleWebKit/537.36 (KHTML, like Gecko) Chrome/56.0.2924.87 Safari/537.36"
207.46.13.77 - - [26/May/2017:05:10:33 +0530] "GET /imp_links.php HTTP/1.1" 200 17833 "-" "Mozilla/5.0 (compatible; bingbot/2.0; +http://www.bing.com/bingbot.htm)"
34.209.28.68 - - [26/May/2017:05:11:35 +0530] "GET /project_details_view.php?id=2152'A=0 HTTP/1.1" 200 11449 "http://www.cdmindia.gov.in/project_details_view.php?id=2152'A=0" "Mozilla/5.0 (Windows; U; Windows NT 5.1; pt-PT; rv:1.9.1.2) Gecko/20090729 Firefox/3.5.2 (.NET CLR 3.5.30729)"
40.77.167.130 - - [26/May/2017:05:15:12 +0530] "GET /project_details_view.php?id=889 HTTP/1.1" 200 14453 "-" "Mozilla/5.0 (compatible; bingbot/2.0; +http://www.bing.com/bingbot.htm)"
207.46.13.77 - - [26/May/2017:05:16:33 +0530] "GET /constitution.php HTTP/1.1" 200 23668 "-" "Mozilla/5.0 (compatible; bingbot/2.0; +http://www.bing.com/bingbot.htm)"
157.55.39.130 - - [26/May/2017:05:21:38 +0530] "GET /downloads/Comparision%20of%20PCN_30.03.doc HTTP/1.1" 200 49664 "-" "Mozilla/5.0 (compatible; bingbot/2.0; +http://www.bing.com/bingbot.htm)"
202.46.51.165 - - [26/May/2017:05:24:16 +0530] "GET /project_details_view.php?id=989 HTTP/1.1" 200 14346 "-" "Mozilla/5.0 (Windows NT 10.0; WOW64) AppleWebKit/537.36 (KHTML, like Gecko) Chrome/45.0.2454.93 Safari/537.36"
66.249.79.79 - - [26/May/2017:05:24:17 +0530] "GET / HTTP/1.1" 200 19479 "-" "Mozilla/5.0 (compatible; Googlebot/2.1; +http://www.google.com/bot.html)"
157.55.39.130 - - [26/May/2017:05:30:46 +0530] "GET /project_details_view_report.php?id=1796 HTTP/1.1" 200 13125 "-" "Mozilla/5.0 (compatible; bingbot/2.0; +http://www.bing.com/bingbot.htm)"
157.55.39.227 - - [26/May/2017:05:31:34 +0530] "GET /contactus.php HTTP/1.1" 200 18291 "-" "Mozilla/5.0 (compatible; bingbot/2.0; +http://www.bing.com/bingbot.htm)"
