146.148.64.128 - - [23/Jun/2017:01:17:11 +0530] "GET /robots.txt HTTP/1.1" 404 208 "-" "ltx71 - (http://ltx71.com/)"
66.249.79.15 - - [23/Jun/2017:01:17:16 +0530] "GET /project_details_view.php?id=1166 HTTP/1.1" 200 15045 "-" "Mozilla/5.0 (compatible; Googlebot/2.1; +http://www.google.com/bot.html)"
207.46.13.146 - - [23/Jun/2017:01:17:18 +0530] "GET /project_details_view_report.php?id=176 HTTP/1.1" 200 13101 "-" "Mozilla/5.0 (compatible; bingbot/2.0; +http://www.bing.com/bingbot.htm)"
146.148.64.128 - - [23/Jun/2017:01:18:48 +0530] "GET /contactus.php HTTP/1.1" 200 18292 "-" "ltx71 - (http://ltx71.com/)"
190.50.209.53 - - [23/Jun/2017:01:19:35 +0530] "GET /wp-login.php HTTP/1.1" 404 210 "-" "Mozilla/5.0 (Windows NT 6.1; WOW64; rv:40.0) Gecko/20100101 Firefox/40.1"
190.50.209.53 - - [23/Jun/2017:01:19:36 +0530] "GET / HTTP/1.1" 200 19480 "-" "Mozilla/5.0 (Windows NT 6.1; WOW64; rv:40.0) Gecko/20100101 Firefox/40.1"
146.148.64.128 - - [23/Jun/2017:01:20:11 +0530] "GET /Scripts/AC_RunActiveContent.js HTTP/1.1" 200 8321 "-" "ltx71 - (http://ltx71.com/)"
103.21.125.79 - - [23/Jun/2017:01:21:33 +0530] "GET /approved_projects.php?n=1 HTTP/1.1" 200 16642 "http://www.cdmindia.gov.in/project_details_view.php?id=764" "Mozilla/5.0 (Windows NT 10.0; Win64; x64) AppleWebKit/537.36 (KHTML, like Gecko) Chrome/58.0.3029.110 Safari/537.36"
103.21.125.79 - - [23/Jun/2017:01:21:34 +0530] "GET /js/datepicker/latest_date.js HTTP/1.1" 200 11986 "http://www.cdmindia.gov.in/approved_projects.php?n=1" "Mozilla/5.0 (Windows NT 10.0; Win64; x64) AppleWebKit/537.36 (KHTML, like Gecko) Chrome/58.0.3029.110 Safari/537.36"
103.21.125.79 - - [23/Jun/2017:01:21:34 +0530] "GET /js/datepicker/latest_datepicker.css HTTP/1.1" 200 2283 "http://www.cdmindia.gov.in/approved_projects.php?n=1" "Mozilla/5.0 (Windows NT 10.0; Win64; x64) AppleWebKit/537.36 (KHTML, like Gecko) Chrome/58.0.3029.110 Safari/537.36"
103.21.125.79 - - [23/Jun/2017:01:21:34 +0530] "GET /js/datepicker/latest_demo.css HTTP/1.1" 200 574 "http://www.cdmindia.gov.in/approved_projects.php?n=1" "Mozilla/5.0 (Windows NT 10.0; Win64; x64) AppleWebKit/537.36 (KHTML, like Gecko) Chrome/58.0.3029.110 Safari/537.36"
103.21.125.79 - - [23/Jun/2017:01:21:33 +0530] "GET /js/jquery.js HTTP/1.1" 200 55774 "http://www.cdmindia.gov.in/approved_projects.php?n=1" "Mozilla/5.0 (Windows NT 10.0; Win64; x64) AppleWebKit/537.36 (KHTML, like Gecko) Chrome/58.0.3029.110 Safari/537.36"
103.21.125.79 - - [23/Jun/2017:01:21:34 +0530] "GET /js/datepicker/latest_jquery.datePicker.js HTTP/1.1" 200 37423 "http://www.cdmindia.gov.in/approved_projects.php?n=1" "Mozilla/5.0 (Windows NT 10.0; Win64; x64) AppleWebKit/537.36 (KHTML, like Gecko) Chrome/58.0.3029.110 Safari/537.36"
103.21.125.79 - - [23/Jun/2017:01:21:34 +0530] "GET /js/datepicker/calendar.gif HTTP/1.1" 200 235 "http://www.cdmindia.gov.in/js/datepicker/latest_demo.css" "Mozilla/5.0 (Windows NT 10.0; Win64; x64) AppleWebKit/537.36 (KHTML, like Gecko) Chrome/58.0.3029.110 Safari/537.36"
103.21.125.79 - - [23/Jun/2017:01:21:50 +0530] "POST /approved_projects.php HTTP/1.1" 200 17758 "http://www.cdmindia.gov.in/approved_projects.php?n=1" "Mozilla/5.0 (Windows NT 10.0; Win64; x64) AppleWebKit/537.36 (KHTML, like Gecko) Chrome/58.0.3029.110 Safari/537.36"
66.249.79.19 - - [23/Jun/2017:01:23:06 +0530] "GET /project_details_view.php?id=1181 HTTP/1.1" 200 14669 "-" "Mozilla/5.0 (compatible; Googlebot/2.1; +http://www.google.com/bot.html)"
66.249.79.15 - - [23/Jun/2017:01:27:27 +0530] "GET /project_details_view.php?id=2081 HTTP/1.1" 200 14233 "-" "Mozilla/5.0 (Linux; Android 6.0.1; Nexus 5X Build/MMB29P) AppleWebKit/537.36 (KHTML, like Gecko) Chrome/41.0.2272.96 Mobile Safari/537.36 (compatible; Googlebot/2.1; +http://www.google.com/bot.html)"
64.233.173.51 - - [23/Jun/2017:01:27:50 +0530] "GET /project_details_view.php?id=488&oid=1&page=71&reporttype=1 HTTP/1.1" 200 14892 "android-app://com.google.android.googlequicksearchbox" "Mozilla/5.0 (Linux; Android 5.1; A1601 Build/LMY47I) AppleWebKit/537.36 (KHTML, like Gecko) Chrome/58.0.3029.83 Mobile Safari/537.36"
64.233.173.47 - - [23/Jun/2017:01:27:51 +0530] "GET /Scripts/AC_RunActiveContent.js HTTP/1.1" 200 8321 "http://www.cdmindia.gov.in/project_details_view.php?id=488&oid=1&page=71&reporttype=1" "Mozilla/5.0 (Linux; Android 5.1; A1601 Build/LMY47I) AppleWebKit/537.36 (KHTML, like Gecko) Chrome/58.0.3029.83 Mobile Safari/537.36"
64.233.173.47 - - [23/Jun/2017:01:27:51 +0530] "GET /includes/ncdma.css HTTP/1.1" 200 13023 "http://www.cdmindia.gov.in/project_details_view.php?id=488&oid=1&page=71&reporttype=1" "Mozilla/5.0 (Linux; Android 5.1; A1601 Build/LMY47I) AppleWebKit/537.36 (KHTML, like Gecko) Chrome/58.0.3029.83 Mobile Safari/537.36"
64.233.173.51 - - [23/Jun/2017:01:27:51 +0530] "GET /ncdma.css HTTP/1.1" 200 12640 "http://www.cdmindia.gov.in/project_details_view.php?id=488&oid=1&page=71&reporttype=1" "Mozilla/5.0 (Linux; Android 5.1; A1601 Build/LMY47I) AppleWebKit/537.36 (KHTML, like Gecko) Chrome/58.0.3029.83 Mobile Safari/537.36"
64.233.173.49 - - [23/Jun/2017:01:27:51 +0530] "GET /images/bullet4.gif HTTP/1.1" 200 67 "http://www.cdmindia.gov.in/project_details_view.php?id=488&oid=1&page=71&reporttype=1" "Mozilla/5.0 (Linux; Android 5.1; A1601 Build/LMY47I) AppleWebKit/537.36 (KHTML, like Gecko) Chrome/58.0.3029.83 Mobile Safari/537.36"
64.233.173.47 - - [23/Jun/2017:01:27:51 +0530] "GET /images/spacer.gif HTTP/1.1" 200 43 "http://www.cdmindia.gov.in/project_details_view.php?id=488&oid=1&page=71&reporttype=1" "Mozilla/5.0 (Linux; Android 5.1; A1601 Build/LMY47I) AppleWebKit/537.36 (KHTML, like Gecko) Chrome/58.0.3029.83 Mobile Safari/537.36"
64.233.173.51 - - [23/Jun/2017:01:27:51 +0530] "GET /images/bullet1.gif HTTP/1.1" 200 67 "http://www.cdmindia.gov.in/project_details_view.php?id=488&oid=1&page=71&reporttype=1" "Mozilla/5.0 (Linux; Android 5.1; A1601 Build/LMY47I) AppleWebKit/537.36 (KHTML, like Gecko) Chrome/58.0.3029.83 Mobile Safari/537.36"
64.233.173.49 - - [23/Jun/2017:01:27:51 +0530] "GET /images/bulllet2.gif HTTP/1.1" 200 58 "http://www.cdmindia.gov.in/project_details_view.php?id=488&oid=1&page=71&reporttype=1" "Mozilla/5.0 (Linux; Android 5.1; A1601 Build/LMY47I) AppleWebKit/537.36 (KHTML, like Gecko) Chrome/58.0.3029.83 Mobile Safari/537.36"
64.233.173.49 - - [23/Jun/2017:01:27:51 +0530] "GET /images/img2.jpg HTTP/1.1" 200 16276 "http://www.cdmindia.gov.in/project_details_view.php?id=488&oid=1&page=71&reporttype=1" "Mozilla/5.0 (Linux; Android 5.1; A1601 Build/LMY47I) AppleWebKit/537.36 (KHTML, like Gecko) Chrome/58.0.3029.83 Mobile Safari/537.36"
64.233.173.47 - - [23/Jun/2017:01:27:51 +0530] "GET /images/img3.jpg HTTP/1.1" 200 26957 "http://www.cdmindia.gov.in/project_details_view.php?id=488&oid=1&page=71&reporttype=1" "Mozilla/5.0 (Linux; Android 5.1; A1601 Build/LMY47I) AppleWebKit/537.36 (KHTML, like Gecko) Chrome/58.0.3029.83 Mobile Safari/537.36"
64.233.173.51 - - [23/Jun/2017:01:27:51 +0530] "GET /images/fdm.jpg HTTP/1.1" 200 2043 "http://www.cdmindia.gov.in/project_details_view.php?id=488&oid=1&page=71&reporttype=1" "Mozilla/5.0 (Linux; Android 5.1; A1601 Build/LMY47I) AppleWebKit/537.36 (KHTML, like Gecko) Chrome/58.0.3029.83 Mobile Safari/537.36"
64.233.173.51 - - [23/Jun/2017:01:27:51 +0530] "GET /images/gtz.jpg HTTP/1.1" 200 15484 "http://www.cdmindia.gov.in/project_details_view.php?id=488&oid=1&page=71&reporttype=1" "Mozilla/5.0 (Linux; Android 5.1; A1601 Build/LMY47I) AppleWebKit/537.36 (KHTML, like Gecko) Chrome/58.0.3029.83 Mobile Safari/537.36"
64.233.173.51 - - [23/Jun/2017:01:27:51 +0530] "GET /images/img1.jpg HTTP/1.1" 200 1251 "http://www.cdmindia.gov.in/project_details_view.php?id=488&oid=1&page=71&reporttype=1" "Mozilla/5.0 (Linux; Android 5.1; A1601 Build/LMY47I) AppleWebKit/537.36 (KHTML, like Gecko) Chrome/58.0.3029.83 Mobile Safari/537.36"
64.233.173.47 - - [23/Jun/2017:01:27:51 +0530] "GET /images/fbg.jpg HTTP/1.1" 200 325 "http://www.cdmindia.gov.in/project_details_view.php?id=488&oid=1&page=71&reporttype=1" "Mozilla/5.0 (Linux; Android 5.1; A1601 Build/LMY47I) AppleWebKit/537.36 (KHTML, like Gecko) Chrome/58.0.3029.83 Mobile Safari/537.36"
64.233.173.51 - - [23/Jun/2017:01:27:52 +0530] "GET /favicon.ico HTTP/1.1" 200 1189 "http://www.cdmindia.gov.in/project_details_view.php?id=488&oid=1&page=71&reporttype=1" "Mozilla/5.0 (Linux; Android 5.1; A1601 Build/LMY47I) AppleWebKit/537.36 (KHTML, like Gecko) Chrome/58.0.3029.83 Mobile Safari/537.36"
202.46.57.78 - - [23/Jun/2017:01:28:22 +0530] "GET /project_details_view.php?id=932 HTTP/1.1" 200 14068 "-" "Mozilla/5.0 (Windows NT 10.0; WOW64) AppleWebKit/537.36 (KHTML, like Gecko) Chrome/45.0.2454.93 Safari/537.36"
64.233.173.49 - - [23/Jun/2017:01:28:34 +0530] "GET /approved_projects.php?n=1 HTTP/1.1" 200 16642 "http://www.cdmindia.gov.in/project_details_view.php?id=488&oid=1&page=71&reporttype=1" "Mozilla/5.0 (Linux; Android 5.1; A1601 Build/LMY47I) AppleWebKit/537.36 (KHTML, like Gecko) Chrome/58.0.3029.83 Mobile Safari/537.36"
64.233.173.49 - - [23/Jun/2017:01:28:35 +0530] "GET /js/datepicker/latest_date.js HTTP/1.1" 200 11986 "http://www.cdmindia.gov.in/approved_projects.php?n=1" "Mozilla/5.0 (Linux; Android 5.1; A1601 Build/LMY47I) AppleWebKit/537.36 (KHTML, like Gecko) Chrome/58.0.3029.83 Mobile Safari/537.36"
64.233.173.51 - - [23/Jun/2017:01:28:35 +0530] "GET /js/datepicker/latest_datepicker.css HTTP/1.1" 200 2283 "http://www.cdmindia.gov.in/approved_projects.php?n=1" "Mozilla/5.0 (Linux; Android 5.1; A1601 Build/LMY47I) AppleWebKit/537.36 (KHTML, like Gecko) Chrome/58.0.3029.83 Mobile Safari/537.36"
64.233.173.47 - - [23/Jun/2017:01:28:35 +0530] "GET /js/datepicker/latest_demo.css HTTP/1.1" 200 574 "http://www.cdmindia.gov.in/approved_projects.php?n=1" "Mozilla/5.0 (Linux; Android 5.1; A1601 Build/LMY47I) AppleWebKit/537.36 (KHTML, like Gecko) Chrome/58.0.3029.83 Mobile Safari/537.36"
64.233.173.47 - - [23/Jun/2017:01:28:35 +0530] "GET /js/jquery.js HTTP/1.1" 200 55774 "http://www.cdmindia.gov.in/approved_projects.php?n=1" "Mozilla/5.0 (Linux; Android 5.1; A1601 Build/LMY47I) AppleWebKit/537.36 (KHTML, like Gecko) Chrome/58.0.3029.83 Mobile Safari/537.36"
64.233.173.49 - - [23/Jun/2017:01:28:35 +0530] "GET /js/datepicker/latest_jquery.datePicker.js HTTP/1.1" 200 37423 "http://www.cdmindia.gov.in/approved_projects.php?n=1" "Mozilla/5.0 (Linux; Android 5.1; A1601 Build/LMY47I) AppleWebKit/537.36 (KHTML, like Gecko) Chrome/58.0.3029.83 Mobile Safari/537.36"
64.233.173.51 - - [23/Jun/2017:01:28:36 +0530] "GET /js/datepicker/calendar.gif HTTP/1.1" 200 235 "http://www.cdmindia.gov.in/js/datepicker/latest_demo.css" "Mozilla/5.0 (Linux; Android 5.1; A1601 Build/LMY47I) AppleWebKit/537.36 (KHTML, like Gecko) Chrome/58.0.3029.83 Mobile Safari/537.36"
64.233.173.51 - - [23/Jun/2017:01:28:46 +0530] "GET /project_details_view.php?id=488&oid=1&page=71&reporttype=1 HTTP/1.1" 200 14892 "android-app://com.google.android.googlequicksearchbox" "Mozilla/5.0 (Linux; Android 5.1; A1601 Build/LMY47I) AppleWebKit/537.36 (KHTML, like Gecko) Chrome/58.0.3029.83 Mobile Safari/537.36"
146.148.64.128 - - [23/Jun/2017:01:29:04 +0530] "GET /robots.txt HTTP/1.1" 404 208 "-" "ltx71 - (http://ltx71.com/)"
146.148.64.128 - - [23/Jun/2017:01:29:47 +0530] "GET /detail_news.php?id=11 HTTP/1.1" 302 18421 "-" "ltx71 - (http://ltx71.com/)"
34.207.98.73 - - [23/Jun/2017:01:31:00 +0530] "GET /robots.txt HTTP/1.0" 404 208 "-" "ia_archiver"
34.207.98.73 - - [23/Jun/2017:01:31:01 +0530] "GET /downloads/Comparision+of+PCN_30.03.doc HTTP/1.0" 404 236 "-" "ia_archiver"
146.148.64.128 - - [23/Jun/2017:01:33:31 +0530] "GET /robots.txt HTTP/1.1" 404 208 "-" "ltx71 - (http://ltx71.com/)"
146.148.64.128 - - [23/Jun/2017:01:34:12 +0530] "GET /downloads/New%20PCN.doc HTTP/1.1" 200 435200 "-" "ltx71 - (http://ltx71.com/)"
137.97.15.191 - - [23/Jun/2017:01:37:00 +0530] "GET /images/img1.jpg HTTP/1.1" 304 - "http://www.cdmindia.gov.in/project_details_view.php?id=1698" "Mozilla/5.0 (Linux; U; Android 5.1.1; en-US; Lenovo A6020a46 Build/LMY47V) AppleWebKit/534.30 (KHTML, like Gecko) Version/4.0 UCBrowser/11.3.0.950 U3/0.8.0 Mobile Safari/534.30"
137.97.15.191 - - [23/Jun/2017:01:37:00 +0530] "GET /images/fbg.jpg HTTP/1.1" 304 - "http://www.cdmindia.gov.in/project_details_view.php?id=1698" "Mozilla/5.0 (Linux; U; Android 5.1.1; en-US; Lenovo A6020a46 Build/LMY47V) AppleWebKit/534.30 (KHTML, like Gecko) Version/4.0 UCBrowser/11.3.0.950 U3/0.8.0 Mobile Safari/534.30"
66.249.79.19 - - [23/Jun/2017:01:37:27 +0530] "GET /project_details_view.php?id=67&oid=1&page=38&reporttype=1 HTTP/1.1" 200 16363 "-" "Mozilla/5.0 (compatible; Googlebot/2.1; +http://www.google.com/bot.html)"
157.55.39.81 - - [23/Jun/2017:01:43:21 +0530] "GET /downloads/New%20PCN.doc HTTP/1.1" 200 435200 "-" "Mozilla/5.0 (iPhone; CPU iPhone OS 7_0 like Mac OS X) AppleWebKit/537.51.1 (KHTML, like Gecko) Version/7.0 Mobile/11A465 Safari/9537.53 (compatible; bingbot/2.0; +http://www.bing.com/bingbot.htm)"
146.148.64.128 - - [23/Jun/2017:01:43:26 +0530] "GET /robots.txt HTTP/1.1" 404 208 "-" "ltx71 - (http://ltx71.com/)"
40.77.167.35 - - [23/Jun/2017:01:47:26 +0530] "GET /project_details_view.php?id=1067 HTTP/1.1" 200 14618 "-" "Mozilla/5.0 (compatible; bingbot/2.0; +http://www.bing.com/bingbot.htm)"
223.179.25.66 - - [23/Jun/2017:01:47:34 +0530] "GET /project_details_view.php?id=894 HTTP/1.1" 200 15169 "https://www.google.co.in/" "Mozilla/5.0 (iPhone; CPU iPhone OS 10_2_1 like Mac OS X) AppleWebKit/602.4.6 (KHTML, like Gecko) Version/10.0 Mobile/14D27 Safari/602.1"
223.179.25.66 - - [23/Jun/2017:01:47:34 +0530] "GET /includes/ncdma.css HTTP/1.1" 200 13023 "http://www.cdmindia.gov.in/project_details_view.php?id=894" "Mozilla/5.0 (iPhone; CPU iPhone OS 10_2_1 like Mac OS X) AppleWebKit/602.4.6 (KHTML, like Gecko) Version/10.0 Mobile/14D27 Safari/602.1"
223.179.25.66 - - [23/Jun/2017:01:47:34 +0530] "GET /Scripts/AC_RunActiveContent.js HTTP/1.1" 200 8321 "http://www.cdmindia.gov.in/project_details_view.php?id=894" "Mozilla/5.0 (iPhone; CPU iPhone OS 10_2_1 like Mac OS X) AppleWebKit/602.4.6 (KHTML, like Gecko) Version/10.0 Mobile/14D27 Safari/602.1"
223.179.25.66 - - [23/Jun/2017:01:47:35 +0530] "GET /ncdma.css HTTP/1.1" 200 12640 "http://www.cdmindia.gov.in/project_details_view.php?id=894" "Mozilla/5.0 (iPhone; CPU iPhone OS 10_2_1 like Mac OS X) AppleWebKit/602.4.6 (KHTML, like Gecko) Version/10.0 Mobile/14D27 Safari/602.1"
223.179.25.66 - - [23/Jun/2017:01:47:35 +0530] "GET /images/img2.jpg HTTP/1.1" 200 16276 "http://www.cdmindia.gov.in/project_details_view.php?id=894" "Mozilla/5.0 (iPhone; CPU iPhone OS 10_2_1 like Mac OS X) AppleWebKit/602.4.6 (KHTML, like Gecko) Version/10.0 Mobile/14D27 Safari/602.1"
223.179.25.66 - - [23/Jun/2017:01:47:35 +0530] "GET /images/bullet1.gif HTTP/1.1" 200 67 "http://www.cdmindia.gov.in/project_details_view.php?id=894" "Mozilla/5.0 (iPhone; CPU iPhone OS 10_2_1 like Mac OS X) AppleWebKit/602.4.6 (KHTML, like Gecko) Version/10.0 Mobile/14D27 Safari/602.1"
223.179.25.66 - - [23/Jun/2017:01:47:35 +0530] "GET /images/spacer.gif HTTP/1.1" 200 43 "http://www.cdmindia.gov.in/project_details_view.php?id=894" "Mozilla/5.0 (iPhone; CPU iPhone OS 10_2_1 like Mac OS X) AppleWebKit/602.4.6 (KHTML, like Gecko) Version/10.0 Mobile/14D27 Safari/602.1"
223.179.25.66 - - [23/Jun/2017:01:47:35 +0530] "GET /images/bulllet2.gif HTTP/1.1" 200 58 "http://www.cdmindia.gov.in/project_details_view.php?id=894" "Mozilla/5.0 (iPhone; CPU iPhone OS 10_2_1 like Mac OS X) AppleWebKit/602.4.6 (KHTML, like Gecko) Version/10.0 Mobile/14D27 Safari/602.1"
223.179.25.66 - - [23/Jun/2017:01:47:35 +0530] "GET /images/img3.jpg HTTP/1.1" 200 26957 "http://www.cdmindia.gov.in/project_details_view.php?id=894" "Mozilla/5.0 (iPhone; CPU iPhone OS 10_2_1 like Mac OS X) AppleWebKit/602.4.6 (KHTML, like Gecko) Version/10.0 Mobile/14D27 Safari/602.1"
223.179.25.66 - - [23/Jun/2017:01:47:35 +0530] "GET /images/bullet4.gif HTTP/1.1" 200 67 "http://www.cdmindia.gov.in/project_details_view.php?id=894" "Mozilla/5.0 (iPhone; CPU iPhone OS 10_2_1 like Mac OS X) AppleWebKit/602.4.6 (KHTML, like Gecko) Version/10.0 Mobile/14D27 Safari/602.1"
223.179.25.66 - - [23/Jun/2017:01:47:35 +0530] "GET /images/fdm.jpg HTTP/1.1" 200 2043 "http://www.cdmindia.gov.in/project_details_view.php?id=894" "Mozilla/5.0 (iPhone; CPU iPhone OS 10_2_1 like Mac OS X) AppleWebKit/602.4.6 (KHTML, like Gecko) Version/10.0 Mobile/14D27 Safari/602.1"
223.179.25.66 - - [23/Jun/2017:01:47:35 +0530] "GET /images/gtz.jpg HTTP/1.1" 200 15484 "http://www.cdmindia.gov.in/project_details_view.php?id=894" "Mozilla/5.0 (iPhone; CPU iPhone OS 10_2_1 like Mac OS X) AppleWebKit/602.4.6 (KHTML, like Gecko) Version/10.0 Mobile/14D27 Safari/602.1"
223.179.25.66 - - [23/Jun/2017:01:47:35 +0530] "GET /images/img1.jpg HTTP/1.1" 200 1251 "http://www.cdmindia.gov.in/project_details_view.php?id=894" "Mozilla/5.0 (iPhone; CPU iPhone OS 10_2_1 like Mac OS X) AppleWebKit/602.4.6 (KHTML, like Gecko) Version/10.0 Mobile/14D27 Safari/602.1"
223.179.25.66 - - [23/Jun/2017:01:47:35 +0530] "GET /images/fbg.jpg HTTP/1.1" 200 325 "http://www.cdmindia.gov.in/project_details_view.php?id=894" "Mozilla/5.0 (iPhone; CPU iPhone OS 10_2_1 like Mac OS X) AppleWebKit/602.4.6 (KHTML, like Gecko) Version/10.0 Mobile/14D27 Safari/602.1"
157.55.39.81 - - [23/Jun/2017:01:48:59 +0530] "GET / HTTP/1.1" 200 19480 "-" "Mozilla/5.0 (compatible; bingbot/2.0; +http://www.bing.com/bingbot.htm)"
157.55.39.174 - - [23/Jun/2017:01:49:19 +0530] "GET /admin/ HTTP/1.1" 200 6168 "-" "Mozilla/5.0 (iPhone; CPU iPhone OS 7_0 like Mac OS X) AppleWebKit/537.51.1 (KHTML, like Gecko) Version/7.0 Mobile/11A465 Safari/9537.53 (compatible; bingbot/2.0; +http://www.bing.com/bingbot.htm)"
157.55.39.174 - - [23/Jun/2017:01:49:33 +0530] "GET /admin/images/loginbg.jpg HTTP/1.1" 200 11936 "-" "Mozilla/5.0 (iPhone; CPU iPhone OS 7_0 like Mac OS X) AppleWebKit/537.51.1 (KHTML, like Gecko) Version/7.0 Mobile/11A465 Safari/9537.53 (compatible; bingbot/2.0; +http://www.bing.com/bingbot.htm)"
157.55.39.81 - - [23/Jun/2017:01:49:37 +0530] "GET /admin/Scripts/AC_RunActiveContent.js HTTP/1.1" 404 234 "-" "Mozilla/5.0 (iPhone; CPU iPhone OS 7_0 like Mac OS X) AppleWebKit/537.51.1 (KHTML, like Gecko) Version/7.0 Mobile/11A465 Safari/9537.53 (compatible; bingbot/2.0; +http://www.bing.com/bingbot.htm)"
157.55.39.81 - - [23/Jun/2017:01:49:38 +0530] "GET /admin/images/img3.jpg HTTP/1.1" 200 26957 "-" "Mozilla/5.0 (iPhone; CPU iPhone OS 7_0 like Mac OS X) AppleWebKit/537.51.1 (KHTML, like Gecko) Version/7.0 Mobile/11A465 Safari/9537.53 (compatible; bingbot/2.0; +http://www.bing.com/bingbot.htm)"
157.55.39.81 - - [23/Jun/2017:01:49:38 +0530] "GET /admin/js/ajax_client.js HTTP/1.1" 200 22793 "-" "Mozilla/5.0 (iPhone; CPU iPhone OS 7_0 like Mac OS X) AppleWebKit/537.51.1 (KHTML, like Gecko) Version/7.0 Mobile/11A465 Safari/9537.53 (compatible; bingbot/2.0; +http://www.bing.com/bingbot.htm)"
157.55.39.81 - - [23/Jun/2017:01:49:39 +0530] "GET /admin/ncdma.css HTTP/1.1" 404 213 "-" "Mozilla/5.0 (iPhone; CPU iPhone OS 7_0 like Mac OS X) AppleWebKit/537.51.1 (KHTML, like Gecko) Version/7.0 Mobile/11A465 Safari/9537.53 (compatible; bingbot/2.0; +http://www.bing.com/bingbot.htm)"
157.55.39.81 - - [23/Jun/2017:01:49:40 +0530] "GET /js/md5.js HTTP/1.1" 200 13194 "-" "Mozilla/5.0 (iPhone; CPU iPhone OS 7_0 like Mac OS X) AppleWebKit/537.51.1 (KHTML, like Gecko) Version/7.0 Mobile/11A465 Safari/9537.53 (compatible; bingbot/2.0; +http://www.bing.com/bingbot.htm)"
40.77.167.35 - - [23/Jun/2017:01:49:48 +0530] "GET /admin/images/img2.jpg HTTP/1.1" 200 16276 "-" "Mozilla/5.0 (iPhone; CPU iPhone OS 7_0 like Mac OS X) AppleWebKit/537.51.1 (KHTML, like Gecko) Version/7.0 Mobile/11A465 Safari/9537.53 (compatible; bingbot/2.0; +http://www.bing.com/bingbot.htm)"
40.77.167.35 - - [23/Jun/2017:01:49:48 +0530] "GET /admin/js/index_validation.js HTTP/1.1" 200 1988 "-" "Mozilla/5.0 (iPhone; CPU iPhone OS 7_0 like Mac OS X) AppleWebKit/537.51.1 (KHTML, like Gecko) Version/7.0 Mobile/11A465 Safari/9537.53 (compatible; bingbot/2.0; +http://www.bing.com/bingbot.htm)"
202.46.53.196 - - [23/Jun/2017:01:49:50 +0530] "GET /project_details_view.php?id=599&oid=1&page=66&reporttype=1 HTTP/1.1" 200 16159 "-" "Mozilla/5.0 (Windows NT 10.0; WOW64) AppleWebKit/537.36 (KHTML, like Gecko) Chrome/45.0.2454.93 Safari/537.36"
207.46.13.146 - - [23/Jun/2017:01:49:52 +0530] "GET /admin/images/img1.jpg HTTP/1.1" 200 1251 "-" "Mozilla/5.0 (iPhone; CPU iPhone OS 7_0 like Mac OS X) AppleWebKit/537.51.1 (KHTML, like Gecko) Version/7.0 Mobile/11A465 Safari/9537.53 (compatible; bingbot/2.0; +http://www.bing.com/bingbot.htm)"
157.55.39.81 - - [23/Jun/2017:01:49:55 +0530] "GET / HTTP/1.1" 200 19480 "-" "Mozilla/5.0 (compatible; bingbot/2.0; +http://www.bing.com/bingbot.htm)"
207.46.13.146 - - [23/Jun/2017:01:50:55 +0530] "GET /project_details_view.php?id=1298 HTTP/1.1" 200 14480 "-" "Mozilla/5.0 (compatible; bingbot/2.0; +http://www.bing.com/bingbot.htm)"
40.77.167.35 - - [23/Jun/2017:01:51:23 +0530] "GET /project_details_view_report.php?id=1443 HTTP/1.1" 200 13179 "-" "Mozilla/5.0 (iPhone; CPU iPhone OS 7_0 like Mac OS X) AppleWebKit/537.51.1 (KHTML, like Gecko) Version/7.0 Mobile/11A465 Safari/9537.53 (compatible; bingbot/2.0; +http://www.bing.com/bingbot.htm)"
207.46.13.146 - - [23/Jun/2017:01:51:27 +0530] "GET /robots.txt HTTP/1.1" 404 208 "-" "Mozilla/5.0 (compatible; bingbot/2.0; +http://www.bing.com/bingbot.htm)"
207.46.13.146 - - [23/Jun/2017:01:51:27 +0530] "GET /robots.txt HTTP/1.1" 404 208 "-" "Mozilla/5.0 (compatible; bingbot/2.0; +http://www.bing.com/bingbot.htm)"
207.46.13.146 - - [23/Jun/2017:01:51:28 +0530] "GET /robots.txt HTTP/1.1" 404 208 "-" "Mozilla/5.0 (compatible; bingbot/2.0; +http://www.bing.com/bingbot.htm)"
198.50.155.97 - - [23/Jun/2017:01:52:30 +0530] "GET /detail_news.php?id=3 HTTP/1.1" 302 18397 "-" "Mozilla/5.0 (Windows NT 6.3; WOW64; rv:54.0) Gecko/20100101 Firefox/54.0"
198.50.155.97 - - [23/Jun/2017:01:52:31 +0530] "GET /logout.php HTTP/1.1" 302 369 "https://registry.gov.in/domainauth/login.php?id=1'" "Mozilla/5.0 (Windows NT 6.3; WOW64; rv:54.0) Gecko/20100101 Firefox/54.0"
198.50.155.97 - - [23/Jun/2017:01:52:33 +0530] "GET /index.php HTTP/1.1" 200 19480 "https://registry.gov.in/domainauth/login.php?id=1'" "Mozilla/5.0 (Windows NT 6.3; WOW64; rv:54.0) Gecko/20100101 Firefox/54.0"
198.50.155.97 - - [23/Jun/2017:01:52:36 +0530] "GET /includes/ncdma.css HTTP/1.1" 200 13023 "http://www.cdmindia.gov.in/index.php" "Mozilla/5.0 (Windows NT 6.3; WOW64; rv:54.0) Gecko/20100101 Firefox/54.0"
198.50.155.97 - - [23/Jun/2017:01:52:36 +0530] "GET /js/base64_encode.js HTTP/1.1" 200 3002 "http://www.cdmindia.gov.in/index.php" "Mozilla/5.0 (Windows NT 6.3; WOW64; rv:54.0) Gecko/20100101 Firefox/54.0"
198.50.155.97 - - [23/Jun/2017:01:52:36 +0530] "GET /Scripts/AC_RunActiveContent.js HTTP/1.1" 200 8321 "http://www.cdmindia.gov.in/index.php" "Mozilla/5.0 (Windows NT 6.3; WOW64; rv:54.0) Gecko/20100101 Firefox/54.0"
198.50.155.97 - - [23/Jun/2017:01:52:36 +0530] "GET /js/md5.js HTTP/1.1" 200 13194 "http://www.cdmindia.gov.in/index.php" "Mozilla/5.0 (Windows NT 6.3; WOW64; rv:54.0) Gecko/20100101 Firefox/54.0"
198.50.155.97 - - [23/Jun/2017:01:52:37 +0530] "GET /ncdma.css HTTP/1.1" 200 12640 "http://www.cdmindia.gov.in/index.php" "Mozilla/5.0 (Windows NT 6.3; WOW64; rv:54.0) Gecko/20100101 Firefox/54.0"
198.50.155.97 - - [23/Jun/2017:01:52:38 +0530] "GET /images/favicon.ico HTTP/1.1" 200 1406 "-" "Mozilla/5.0 (Windows NT 6.3; WOW64; rv:54.0) Gecko/20100101 Firefox/54.0"
198.50.155.97 - - [23/Jun/2017:01:52:39 +0530] "GET /images/img2.jpg HTTP/1.1" 200 16276 "http://www.cdmindia.gov.in/index.php" "Mozilla/5.0 (Windows NT 6.3; WOW64; rv:54.0) Gecko/20100101 Firefox/54.0"
198.50.155.97 - - [23/Jun/2017:01:52:39 +0530] "GET /images/bulllet2.gif HTTP/1.1" 200 58 "http://www.cdmindia.gov.in/index.php" "Mozilla/5.0 (Windows NT 6.3; WOW64; rv:54.0) Gecko/20100101 Firefox/54.0"
198.50.155.97 - - [23/Jun/2017:01:52:39 +0530] "GET /images/bullet1.gif HTTP/1.1" 200 67 "http://www.cdmindia.gov.in/index.php" "Mozilla/5.0 (Windows NT 6.3; WOW64; rv:54.0) Gecko/20100101 Firefox/54.0"
198.50.155.97 - - [23/Jun/2017:01:52:39 +0530] "GET /images/img3.jpg HTTP/1.1" 200 26957 "http://www.cdmindia.gov.in/index.php" "Mozilla/5.0 (Windows NT 6.3; WOW64; rv:54.0) Gecko/20100101 Firefox/54.0"
198.50.155.97 - - [23/Jun/2017:01:52:39 +0530] "GET /images/login1.jpg HTTP/1.1" 200 618 "http://www.cdmindia.gov.in/index.php" "Mozilla/5.0 (Windows NT 6.3; WOW64; rv:54.0) Gecko/20100101 Firefox/54.0"
198.50.155.97 - - [23/Jun/2017:01:52:39 +0530] "GET /images/bullet3.gif HTTP/1.1" 200 58 "http://www.cdmindia.gov.in/index.php" "Mozilla/5.0 (Windows NT 6.3; WOW64; rv:54.0) Gecko/20100101 Firefox/54.0"
198.50.155.97 - - [23/Jun/2017:01:52:40 +0530] "GET /images/fe.jpg HTTP/1.1" 200 1429 "http://www.cdmindia.gov.in/index.php" "Mozilla/5.0 (Windows NT 6.3; WOW64; rv:54.0) Gecko/20100101 Firefox/54.0"
198.50.155.97 - - [23/Jun/2017:01:52:41 +0530] "GET /images/fdm.jpg HTTP/1.1" 200 2043 "http://www.cdmindia.gov.in/index.php" "Mozilla/5.0 (Windows NT 6.3; WOW64; rv:54.0) Gecko/20100101 Firefox/54.0"
198.50.155.97 - - [23/Jun/2017:01:52:43 +0530] "GET /images/login.jpg HTTP/1.1" 200 1044 "http://www.cdmindia.gov.in/index.php" "Mozilla/5.0 (Windows NT 6.3; WOW64; rv:54.0) Gecko/20100101 Firefox/54.0"
198.50.155.97 - - [23/Jun/2017:01:52:44 +0530] "GET /images/bullet4.gif HTTP/1.1" 200 67 "http://www.cdmindia.gov.in/index.php" "Mozilla/5.0 (Windows NT 6.3; WOW64; rv:54.0) Gecko/20100101 Firefox/54.0"
198.50.155.97 - - [23/Jun/2017:01:52:44 +0530] "GET /images/fbg.jpg HTTP/1.1" 200 325 "http://www.cdmindia.gov.in/index.php" "Mozilla/5.0 (Windows NT 6.3; WOW64; rv:54.0) Gecko/20100101 Firefox/54.0"
198.50.155.97 - - [23/Jun/2017:01:52:45 +0530] "GET /images/gtz.jpg HTTP/1.1" 200 15484 "http://www.cdmindia.gov.in/index.php" "Mozilla/5.0 (Windows NT 6.3; WOW64; rv:54.0) Gecko/20100101 Firefox/54.0"
198.50.155.97 - - [23/Jun/2017:01:52:46 +0530] "GET /images/img1.jpg HTTP/1.1" 200 1251 "http://www.cdmindia.gov.in/index.php" "Mozilla/5.0 (Windows NT 6.3; WOW64; rv:54.0) Gecko/20100101 Firefox/54.0"
198.50.155.97 - - [23/Jun/2017:01:52:46 +0530] "GET /images/spacer.gif HTTP/1.1" 200 43 "http://www.cdmindia.gov.in/index.php" "Mozilla/5.0 (Windows NT 6.3; WOW64; rv:54.0) Gecko/20100101 Firefox/54.0"
198.50.155.97 - - [23/Jun/2017:01:52:51 +0530] "GET /news_more.php HTTP/1.1" 200 21061 "http://www.cdmindia.gov.in/index.php" "Mozilla/5.0 (Windows NT 6.3; WOW64; rv:54.0) Gecko/20100101 Firefox/54.0"
198.50.155.97 - - [23/Jun/2017:01:52:54 +0530] "GET /images/h_news.jpg HTTP/1.1" 200 21315 "http://www.cdmindia.gov.in/news_more.php" "Mozilla/5.0 (Windows NT 6.3; WOW64; rv:54.0) Gecko/20100101 Firefox/54.0"
198.50.155.97 - - [23/Jun/2017:01:53:06 +0530] "GET /detail_news.php?id=4 HTTP/1.1" 200 19562 "http://www.cdmindia.gov.in/news_more.php" "Mozilla/5.0 (Windows NT 6.3; WOW64; rv:54.0) Gecko/20100101 Firefox/54.0"
66.249.69.81 - - [23/Jun/2017:01:55:26 +0530] "GET /project_details_view_report.php?id=1793 HTTP/1.1" 200 13266 "-" "Mozilla/5.0 (compatible; Googlebot/2.1; +http://www.google.com/bot.html)"
35.184.189.105 - - [23/Jun/2017:01:56:05 +0530] "GET /robots.txt HTTP/1.1" 404 208 "-" "ltx71 - (http://ltx71.com/)"
198.50.155.97 - - [23/Jun/2017:01:57:37 +0530] "GET /detail_news.php?id=4 HTTP/1.1" 200 19562 "http://www.cdmindia.gov.in/news_more.php" "Mozilla/5.0 (Windows NT 6.3; WOW64; rv:54.0) Gecko/20100101 Firefox/54.0"
198.50.155.97 - - [23/Jun/2017:01:58:44 +0530] "GET /detail_news.php?id=4 HTTP/1.1" 200 19562 "http://www.cdmindia.gov.in/news_more.php" "Mozilla/5.0 (Windows NT 6.3; WOW64; rv:54.0) Gecko/20100101 Firefox/54.0"
92.145.111.233 - - [23/Jun/2017:01:59:23 +0530] "GET /robots.txt HTTP/1.1" 404 208 "-" "Java/1.8.0_101"
66.249.79.15 - - [23/Jun/2017:02:02:56 +0530] "GET /project_details_view_report.php?id=1047 HTTP/1.1" 200 13289 "-" "Mozilla/5.0 (compatible; Googlebot/2.1; +http://www.google.com/bot.html)"
54.173.165.103 - - [23/Jun/2017:02:09:01 +0530] "GET / HTTP/1.1" 200 19480 "-" "Mozilla/5.0 (X11; Linux x86_64) AppleWebKit/537.36 (KHTML, like Gecko) Chrome/43.0.2357.134 Safari/537.36 http://notifyninja.com/monitoring"
176.9.36.243 - - [23/Jun/2017:02:11:08 +0530] "GET / HTTP/1.1" 200 19480 "-" "Mozilla/5.0 (X11; Linux x86_64) AppleWebKit/537.36 (KHTML, like Gecko) Chrome/48.0.2564.97 Safari/537.36 (0xFF Domain Crawler +info@0xff.org)"
176.9.36.243 - - [23/Jun/2017:02:11:09 +0530] "GET /aboutus.php HTTP/1.1" 200 19597 "-" "Mozilla/5.0 (X11; Linux x86_64) AppleWebKit/537.36 (KHTML, like Gecko) Chrome/48.0.2564.97 Safari/537.36 (0xFF Domain Crawler +info@0xff.org)"
176.9.36.243 - - [23/Jun/2017:02:11:09 +0530] "GET /contactus.php HTTP/1.1" 200 18292 "-" "Mozilla/5.0 (X11; Linux x86_64) AppleWebKit/537.36 (KHTML, like Gecko) Chrome/48.0.2564.97 Safari/537.36 (0xFF Domain Crawler +info@0xff.org)"
176.9.36.243 - - [23/Jun/2017:02:11:09 +0530] "GET /sitemap.php HTTP/1.1" 200 18469 "-" "Mozilla/5.0 (X11; Linux x86_64) AppleWebKit/537.36 (KHTML, like Gecko) Chrome/48.0.2564.97 Safari/537.36 (0xFF Domain Crawler +info@0xff.org)"
176.9.36.243 - - [23/Jun/2017:02:11:09 +0530] "GET / HTTP/1.1" 200 19480 "-" "Mozilla/5.0 (X11; Linux x86_64) AppleWebKit/537.36 (KHTML, like Gecko) Chrome/48.0.2564.97 Safari/537.36 (0xFF Domain Crawler +info@0xff.org)"
176.9.36.243 - - [23/Jun/2017:02:11:10 +0530] "GET /constitution.php HTTP/1.1" 200 23669 "-" "Mozilla/5.0 (X11; Linux x86_64) AppleWebKit/537.36 (KHTML, like Gecko) Chrome/48.0.2564.97 Safari/537.36 (0xFF Domain Crawler +info@0xff.org)"
176.9.36.243 - - [23/Jun/2017:02:11:10 +0530] "GET /approval_process.php HTTP/1.1" 200 25912 "-" "Mozilla/5.0 (X11; Linux x86_64) AppleWebKit/537.36 (KHTML, like Gecko) Chrome/48.0.2564.97 Safari/537.36 (0xFF Domain Crawler +info@0xff.org)"
176.9.36.243 - - [23/Jun/2017:02:11:10 +0530] "GET /capacity_building.php HTTP/1.1" 200 19186 "-" "Mozilla/5.0 (X11; Linux x86_64) AppleWebKit/537.36 (KHTML, like Gecko) Chrome/48.0.2564.97 Safari/537.36 (0xFF Domain Crawler +info@0xff.org)"
176.9.36.243 - - [23/Jun/2017:02:11:10 +0530] "GET /images/NCDMA%20PCN%20Format%2017072009.doc HTTP/1.1" 200 114176 "-" "Mozilla/5.0 (X11; Linux x86_64) AppleWebKit/537.36 (KHTML, like Gecko) Chrome/48.0.2564.97 Safari/537.36 (0xFF Domain Crawler +info@0xff.org)"
176.9.36.243 - - [23/Jun/2017:02:11:11 +0530] "GET /downloads/Existing%20PCN.doc HTTP/1.1" 200 114176 "-" "Mozilla/5.0 (X11; Linux x86_64) AppleWebKit/537.36 (KHTML, like Gecko) Chrome/48.0.2564.97 Safari/537.36 (0xFF Domain Crawler +info@0xff.org)"
176.9.36.243 - - [23/Jun/2017:02:11:11 +0530] "GET /future_projects.php HTTP/1.1" 302 26210 "-" "Mozilla/5.0 (X11; Linux x86_64) AppleWebKit/537.36 (KHTML, like Gecko) Chrome/48.0.2564.97 Safari/537.36 (0xFF Domain Crawler +info@0xff.org)"
176.9.36.243 - - [23/Jun/2017:02:11:11 +0530] "GET /downloads/Comparision%20of%20PCN_30.03.doc HTTP/1.1" 200 49664 "-" "Mozilla/5.0 (X11; Linux x86_64) AppleWebKit/537.36 (KHTML, like Gecko) Chrome/48.0.2564.97 Safari/537.36 (0xFF Domain Crawler +info@0xff.org)"
176.9.36.243 - - [23/Jun/2017:02:11:12 +0530] "GET /logout.php HTTP/1.1" 302 369 "http://cdmindia.gov.in/logout.php" "Mozilla/5.0 (X11; Linux x86_64) AppleWebKit/537.36 (KHTML, like Gecko) Chrome/48.0.2564.97 Safari/537.36 (0xFF Domain Crawler +info@0xff.org)"
176.9.36.243 - - [23/Jun/2017:02:11:12 +0530] "GET /downloads/Template_sharing%202Percent.doc HTTP/1.1" 200 73728 "-" "Mozilla/5.0 (X11; Linux x86_64) AppleWebKit/537.36 (KHTML, like Gecko) Chrome/48.0.2564.97 Safari/537.36 (0xFF Domain Crawler +info@0xff.org)"
176.9.36.243 - - [23/Jun/2017:02:11:12 +0530] "GET /downloads/New%20PCN.doc HTTP/1.1" 200 435200 "-" "Mozilla/5.0 (X11; Linux x86_64) AppleWebKit/537.36 (KHTML, like Gecko) Chrome/48.0.2564.97 Safari/537.36 (0xFF Domain Crawler +info@0xff.org)"
176.9.36.243 - - [23/Jun/2017:02:11:13 +0530] "GET /index.php HTTP/1.1" 200 19480 "http://cdmindia.gov.in/index.php" "Mozilla/5.0 (X11; Linux x86_64) AppleWebKit/537.36 (KHTML, like Gecko) Chrome/48.0.2564.97 Safari/537.36 (0xFF Domain Crawler +info@0xff.org)"
176.9.36.243 - - [23/Jun/2017:02:11:13 +0530] "GET /reports_new.php?n=1 HTTP/1.1" 200 22411 "-" "Mozilla/5.0 (X11; Linux x86_64) AppleWebKit/537.36 (KHTML, like Gecko) Chrome/48.0.2564.97 Safari/537.36 (0xFF Domain Crawler +info@0xff.org)"
176.9.36.243 - - [23/Jun/2017:02:11:13 +0530] "GET /imp_links.php HTTP/1.1" 200 17834 "-" "Mozilla/5.0 (X11; Linux x86_64) AppleWebKit/537.36 (KHTML, like Gecko) Chrome/48.0.2564.97 Safari/537.36 (0xFF Domain Crawler +info@0xff.org)"
176.9.36.243 - - [23/Jun/2017:02:11:14 +0530] "GET /approved_projects.php?n=1 HTTP/1.1" 200 16642 "-" "Mozilla/5.0 (X11; Linux x86_64) AppleWebKit/537.36 (KHTML, like Gecko) Chrome/48.0.2564.97 Safari/537.36 (0xFF Domain Crawler +info@0xff.org)"
176.9.36.243 - - [23/Jun/2017:02:11:14 +0530] "GET /index.php HTTP/1.1" 200 19480 "-" "Mozilla/5.0 (X11; Linux x86_64) AppleWebKit/537.36 (KHTML, like Gecko) Chrome/48.0.2564.97 Safari/537.36 (0xFF Domain Crawler +info@0xff.org)"
176.9.36.243 - - [23/Jun/2017:02:11:14 +0530] "GET /detail_news.php?id=19 HTTP/1.1" 302 19082 "-" "Mozilla/5.0 (X11; Linux x86_64) AppleWebKit/537.36 (KHTML, like Gecko) Chrome/48.0.2564.97 Safari/537.36 (0xFF Domain Crawler +info@0xff.org)"
176.9.36.243 - - [23/Jun/2017:02:11:14 +0530] "GET /detail_news.php?id=18 HTTP/1.1" 302 18713 "-" "Mozilla/5.0 (X11; Linux x86_64) AppleWebKit/537.36 (KHTML, like Gecko) Chrome/48.0.2564.97 Safari/537.36 (0xFF Domain Crawler +info@0xff.org)"
176.9.36.243 - - [23/Jun/2017:02:11:12 +0530] "GET /downloads/Carbon%20Market%20Roadmap.pdf HTTP/1.1" 200 4344697 "-" "Mozilla/5.0 (X11; Linux x86_64) AppleWebKit/537.36 (KHTML, like Gecko) Chrome/48.0.2564.97 Safari/537.36 (0xFF Domain Crawler +info@0xff.org)"
176.9.36.243 - - [23/Jun/2017:02:11:15 +0530] "GET /logout.php HTTP/1.1" 302 369 "http://cdmindia.gov.in/logout.php" "Mozilla/5.0 (X11; Linux x86_64) AppleWebKit/537.36 (KHTML, like Gecko) Chrome/48.0.2564.97 Safari/537.36 (0xFF Domain Crawler +info@0xff.org)"
176.9.36.243 - - [23/Jun/2017:02:11:14 +0530] "GET /images/NCDMA%20PCN%20Format%2001052009.doc HTTP/1.1" 200 92160 "-" "Mozilla/5.0 (X11; Linux x86_64) AppleWebKit/537.36 (KHTML, like Gecko) Chrome/48.0.2564.97 Safari/537.36 (0xFF Domain Crawler +info@0xff.org)"
176.9.36.243 - - [23/Jun/2017:02:11:15 +0530] "GET /logout.php HTTP/1.1" 302 369 "http://cdmindia.gov.in/logout.php" "Mozilla/5.0 (X11; Linux x86_64) AppleWebKit/537.36 (KHTML, like Gecko) Chrome/48.0.2564.97 Safari/537.36 (0xFF Domain Crawler +info@0xff.org)"
176.9.36.243 - - [23/Jun/2017:02:11:15 +0530] "GET /index.php HTTP/1.1" 200 19480 "http://cdmindia.gov.in/index.php" "Mozilla/5.0 (X11; Linux x86_64) AppleWebKit/537.36 (KHTML, like Gecko) Chrome/48.0.2564.97 Safari/537.36 (0xFF Domain Crawler +info@0xff.org)"
176.9.36.243 - - [23/Jun/2017:02:11:15 +0530] "GET /news_more.php HTTP/1.1" 200 21061 "-" "Mozilla/5.0 (X11; Linux x86_64) AppleWebKit/537.36 (KHTML, like Gecko) Chrome/48.0.2564.97 Safari/537.36 (0xFF Domain Crawler +info@0xff.org)"
176.9.36.243 - - [23/Jun/2017:02:11:15 +0530] "GET /registration.php HTTP/1.1" 302 28529 "-" "Mozilla/5.0 (X11; Linux x86_64) AppleWebKit/537.36 (KHTML, like Gecko) Chrome/48.0.2564.97 Safari/537.36 (0xFF Domain Crawler +info@0xff.org)"
176.9.36.243 - - [23/Jun/2017:02:11:15 +0530] "GET /index.php HTTP/1.1" 200 19480 "http://cdmindia.gov.in/index.php" "Mozilla/5.0 (X11; Linux x86_64) AppleWebKit/537.36 (KHTML, like Gecko) Chrome/48.0.2564.97 Safari/537.36 (0xFF Domain Crawler +info@0xff.org)"
176.9.36.243 - - [23/Jun/2017:02:11:16 +0530] "GET /detail_events.php?id= HTTP/1.1" 302 16738 "-" "Mozilla/5.0 (X11; Linux x86_64) AppleWebKit/537.36 (KHTML, like Gecko) Chrome/48.0.2564.97 Safari/537.36 (0xFF Domain Crawler +info@0xff.org)"
176.9.36.243 - - [23/Jun/2017:02:11:16 +0530] "GET /logout.php HTTP/1.1" 302 369 "http://cdmindia.gov.in/logout.php" "Mozilla/5.0 (X11; Linux x86_64) AppleWebKit/537.36 (KHTML, like Gecko) Chrome/48.0.2564.97 Safari/537.36 (0xFF Domain Crawler +info@0xff.org)"
176.9.36.243 - - [23/Jun/2017:02:11:16 +0530] "GET /index.php HTTP/1.1" 200 19480 "http://cdmindia.gov.in/index.php" "Mozilla/5.0 (X11; Linux x86_64) AppleWebKit/537.36 (KHTML, like Gecko) Chrome/48.0.2564.97 Safari/537.36 (0xFF Domain Crawler +info@0xff.org)"
176.9.36.243 - - [23/Jun/2017:02:11:17 +0530] "GET /logout.php HTTP/1.1" 302 369 "http://cdmindia.gov.in/logout.php" "Mozilla/5.0 (X11; Linux x86_64) AppleWebKit/537.36 (KHTML, like Gecko) Chrome/48.0.2564.97 Safari/537.36 (0xFF Domain Crawler +info@0xff.org)"
176.9.36.243 - - [23/Jun/2017:02:11:17 +0530] "GET /index.php HTTP/1.1" 200 19480 "http://cdmindia.gov.in/index.php" "Mozilla/5.0 (X11; Linux x86_64) AppleWebKit/537.36 (KHTML, like Gecko) Chrome/48.0.2564.97 Safari/537.36 (0xFF Domain Crawler +info@0xff.org)"
176.9.36.243 - - [23/Jun/2017:02:11:18 +0530] "GET /detail_news.php?id=20 HTTP/1.1" 302 18266 "-" "Mozilla/5.0 (X11; Linux x86_64) AppleWebKit/537.36 (KHTML, like Gecko) Chrome/48.0.2564.97 Safari/537.36 (0xFF Domain Crawler +info@0xff.org)"
176.9.36.243 - - [23/Jun/2017:02:11:18 +0530] "GET /logout.php HTTP/1.1" 302 369 "http://cdmindia.gov.in/logout.php" "Mozilla/5.0 (X11; Linux x86_64) AppleWebKit/537.36 (KHTML, like Gecko) Chrome/48.0.2564.97 Safari/537.36 (0xFF Domain Crawler +info@0xff.org)"
202.46.49.204 - - [23/Jun/2017:02:11:17 +0530] "GET /reports_list_details.php?id=Andhra&reporttype=&page=56 HTTP/1.1" 200 21759 "-" "Mozilla/5.0 (Windows NT 10.0; WOW64) AppleWebKit/537.36 (KHTML, like Gecko) Chrome/45.0.2454.93 Safari/537.36"
176.9.36.243 - - [23/Jun/2017:02:11:19 +0530] "GET /index.php HTTP/1.1" 200 19480 "http://cdmindia.gov.in/index.php" "Mozilla/5.0 (X11; Linux x86_64) AppleWebKit/537.36 (KHTML, like Gecko) Chrome/48.0.2564.97 Safari/537.36 (0xFF Domain Crawler +info@0xff.org)"
157.55.39.174 - - [23/Jun/2017:02:12:24 +0530] "GET /detail_news.php?id=16 HTTP/1.1" 302 18332 "-" "Mozilla/5.0 (iPhone; CPU iPhone OS 7_0 like Mac OS X) AppleWebKit/537.51.1 (KHTML, like Gecko) Version/7.0 Mobile/11A465 Safari/9537.53 (compatible; bingbot/2.0; +http://www.bing.com/bingbot.htm)"
157.55.39.174 - - [23/Jun/2017:02:12:25 +0530] "GET /logout.php HTTP/1.1" 302 369 "-" "Mozilla/5.0 (iPhone; CPU iPhone OS 7_0 like Mac OS X) AppleWebKit/537.51.1 (KHTML, like Gecko) Version/7.0 Mobile/11A465 Safari/9537.53 (compatible; bingbot/2.0; +http://www.bing.com/bingbot.htm)"
157.55.39.174 - - [23/Jun/2017:02:12:26 +0530] "GET /index.php HTTP/1.1" 200 19480 "-" "Mozilla/5.0 (iPhone; CPU iPhone OS 7_0 like Mac OS X) AppleWebKit/537.51.1 (KHTML, like Gecko) Version/7.0 Mobile/11A465 Safari/9537.53 (compatible; bingbot/2.0; +http://www.bing.com/bingbot.htm)"
66.249.79.19 - - [23/Jun/2017:02:13:06 +0530] "GET /project_details_view_report.php?id=1693 HTTP/1.1" 200 13203 "-" "Mozilla/5.0 (compatible; Googlebot/2.1; +http://www.google.com/bot.html)"
220.181.51.93 - - [23/Jun/2017:02:16:20 +0530] "GET /robots.txt HTTP/1.1" 404 208 "-" "Mozilla/5.0 (Windows NT 10.0; WOW64) AppleWebKit/537.36 (KHTML, like Gecko) Chrome/45.0.2454.93 Safari/537.36"
66.249.79.17 - - [23/Jun/2017:02:18:06 +0530] "GET /project_details_view.php?id=291&oid=1&page=79&reporttype=1 HTTP/1.1" 200 14363 "-" "Mozilla/5.0 (compatible; Googlebot/2.1; +http://www.google.com/bot.html)"
66.249.79.19 - - [23/Jun/2017:02:28:15 +0530] "GET /project_details_view.php?id=857 HTTP/1.1" 200 14333 "-" "Mozilla/5.0 (compatible; Googlebot/2.1; +http://www.google.com/bot.html)"
66.249.79.15 - - [23/Jun/2017:02:31:54 +0530] "GET /aboutus.php HTTP/1.1" 200 19597 "-" "Mozilla/5.0 (compatible; Googlebot/2.1; +http://www.google.com/bot.html)"
35.184.189.105 - - [23/Jun/2017:02:32:03 +0530] "GET /robots.txt HTTP/1.1" 404 208 "-" "ltx71 - (http://ltx71.com/)"
35.184.189.105 - - [23/Jun/2017:02:32:20 +0530] "GET / HTTP/1.1" 200 19480 "-" "ltx71 - (http://ltx71.com/)"
202.46.50.79 - - [23/Jun/2017:02:32:45 +0530] "GET /project_details_view.php?id=51 HTTP/1.1" 200 14887 "-" "Mozilla/5.0 (Windows NT 10.0; WOW64) AppleWebKit/537.36 (KHTML, like Gecko) Chrome/45.0.2454.93 Safari/537.36"
37.148.197.114 - - [23/Jun/2017:02:36:56 +0530] "GET /reports_list_details.php?id=1'&reporttype=1'&page=51'\" HTTP/1.1" 200 21309 "-" "-"
66.249.79.19 - - [23/Jun/2017:02:36:57 +0530] "GET /project_details_view.php?id=1510 HTTP/1.1" 200 14344 "-" "Mozilla/5.0 (compatible; Googlebot/2.1; +http://www.google.com/bot.html)"
37.148.197.114 - - [23/Jun/2017:02:36:57 +0530] "GET /reports_list_details.php?reporttype=1&page=51&id=1 HTTP/1.1" 200 21970 "-" "-"
37.148.197.114 - - [23/Jun/2017:02:36:58 +0530] "GET /reports_list_details.php?reporttype=1&page=51&id=12121121121212.1 HTTP/1.1" 200 16954 "-" "-"
37.148.197.114 - - [23/Jun/2017:02:37:35 +0530] "GET /reports_list_details.php?reporttype=1&page=51&id=1%20and%201%3E1 HTTP/1.1" 200 16954 "-" "-"
37.148.197.114 - - [23/Jun/2017:02:40:36 +0530] "GET /reports_list_details.php?id=1&page=51&reporttype=1 HTTP/1.1" 200 21970 "-" "-"
37.148.197.114 - - [23/Jun/2017:02:40:37 +0530] "GET /reports_list_details.php?id=1&page=51&reporttype=12121121121212.1 HTTP/1.1" 200 21892 "-" "-"
37.148.197.114 - - [23/Jun/2017:02:41:14 +0530] "GET /reports_list_details.php?id=1&page=51&reporttype=1%20and%201%3E1 HTTP/1.1" 200 21892 "-" "-"
66.249.79.17 - - [23/Jun/2017:02:41:57 +0530] "GET /project_details_view.php?id=2099 HTTP/1.1" 200 14354 "-" "Mozilla/5.0 (compatible; Googlebot/2.1; +http://www.google.com/bot.html)"
37.148.197.114 - - [23/Jun/2017:02:44:15 +0530] "GET /reports_list_details.php?id=1&reporttype=1&page=51 HTTP/1.1" 200 21970 "-" "-"
37.148.197.114 - - [23/Jun/2017:02:44:16 +0530] "GET /reports_list_details.php?id=1&reporttype=1&page=512121121121212.1 HTTP/1.1" 200 21580 "-" "-"
37.148.197.114 - - [23/Jun/2017:02:44:53 +0530] "GET /reports_list_details.php?id=1&reporttype=1&page=51%20and%201%3E1 HTTP/1.1" 200 21580 "-" "-"
157.55.39.174 - - [23/Jun/2017:02:46:37 +0530] "GET /project_details_view.php?id=1027 HTTP/1.1" 200 13999 "-" "Mozilla/5.0 (iPhone; CPU iPhone OS 7_0 like Mac OS X) AppleWebKit/537.51.1 (KHTML, like Gecko) Version/7.0 Mobile/11A465 Safari/9537.53 (compatible; bingbot/2.0; +http://www.bing.com/bingbot.htm)"
66.249.79.15 - - [23/Jun/2017:02:46:58 +0530] "GET /project_details_view.php?id=1000&oid=1&page=48&reporttype=1 HTTP/1.1" 200 15751 "-" "Mozilla/5.0 (compatible; Googlebot/2.1; +http://www.google.com/bot.html)"
37.148.197.114 - - [23/Jun/2017:02:47:54 +0530] "GET /reports_list_details.php?id=1&reporttype=1&page=51 HTTP/1.0" 200 21970 "-" "Opera/9.27"
207.46.13.197 - - [23/Jun/2017:02:48:34 +0530] "GET /robots.txt HTTP/1.1" 404 208 "-" "Mozilla/5.0 (compatible; bingbot/2.0; +http://www.bing.com/bingbot.htm)"
40.77.167.35 - - [23/Jun/2017:02:48:36 +0530] "GET /downloads/Carbon%20Market%20Roadmap.pdf HTTP/1.1" 200 4344697 "-" "Mozilla/5.0 (compatible; bingbot/2.0; +http://www.bing.com/bingbot.htm)"
40.77.167.35 - - [23/Jun/2017:02:50:06 +0530] "GET /project_details_view_report.php?id=529 HTTP/1.1" 200 13262 "-" "Mozilla/5.0 (compatible; bingbot/2.0; +http://www.bing.com/bingbot.htm)"
37.79.252.242 - - [23/Jun/2017:02:51:07 +0530] "GET /wp-login.php HTTP/1.1" 404 210 "-" "Mozilla/5.0 (Windows NT 6.1; WOW64; rv:40.0) Gecko/20100101 Firefox/40.1"
37.79.252.242 - - [23/Jun/2017:02:51:08 +0530] "GET / HTTP/1.1" 200 19480 "-" "Mozilla/5.0 (Windows NT 6.1; WOW64; rv:40.0) Gecko/20100101 Firefox/40.1"
66.249.79.15 - - [23/Jun/2017:02:52:08 +0530] "GET /project_details_view.php?id=1897 HTTP/1.1" 200 14869 "-" "Mozilla/5.0 (compatible; Googlebot/2.1; +http://www.google.com/bot.html)"
202.46.56.190 - - [23/Jun/2017:02:54:13 +0530] "GET /project_details_view_report.php?id=1832 HTTP/1.1" 200 13415 "-" "Mozilla/5.0 (Windows NT 10.0; WOW64) AppleWebKit/537.36 (KHTML, like Gecko) Chrome/45.0.2454.93 Safari/537.36"
146.148.64.128 - - [23/Jun/2017:02:55:40 +0530] "GET /robots.txt HTTP/1.1" 404 208 "-" "ltx71 - (http://ltx71.com/)"
146.148.64.128 - - [23/Jun/2017:02:56:06 +0530] "GET /robots.txt HTTP/1.1" 404 208 "-" "ltx71 - (http://ltx71.com/)"
146.148.64.128 - - [23/Jun/2017:02:56:22 +0530] "GET /logout.php HTTP/1.1" 302 369 "-" "ltx71 - (http://ltx71.com/)"
146.148.64.128 - - [23/Jun/2017:02:56:48 +0530] "GET /js/md5.js HTTP/1.1" 200 13194 "-" "ltx71 - (http://ltx71.com/)"
146.148.64.128 - - [23/Jun/2017:02:57:14 +0530] "GET /approval_process.php HTTP/1.1" 200 25912 "-" "ltx71 - (http://ltx71.com/)"
66.249.79.15 - - [23/Jun/2017:02:57:21 +0530] "GET / HTTP/1.1" 200 19480 "-" "Mozilla/5.0 (Linux; Android 6.0.1; Nexus 5X Build/MMB29P) AppleWebKit/537.36 (KHTML, like Gecko) Chrome/41.0.2272.96 Mobile Safari/537.36 (compatible; Googlebot/2.1; +http://www.google.com/bot.html)"
146.148.64.128 - - [23/Jun/2017:02:57:25 +0530] "GET /downloads/Comparision%20of%20PCN_30.03.doc HTTP/1.1" 200 49664 "-" "ltx71 - (http://ltx71.com/)"
157.55.39.174 - - [23/Jun/2017:02:58:11 +0530] "GET /approved_projects.php?n=1 HTTP/1.1" 200 16642 "-" "Mozilla/5.0 (iPhone; CPU iPhone OS 7_0 like Mac OS X) AppleWebKit/537.51.1 (KHTML, like Gecko) Version/7.0 Mobile/11A465 Safari/9537.53 (compatible; bingbot/2.0; +http://www.bing.com/bingbot.htm)"
35.184.189.105 - - [23/Jun/2017:02:58:57 +0530] "GET /robots.txt HTTP/1.1" 404 208 "-" "ltx71 - (http://ltx71.com/)"
157.55.39.81 - - [23/Jun/2017:03:00:11 +0530] "GET /js/datepicker/latest_datepicker.css HTTP/1.1" 200 2283 "-" "Mozilla/5.0 (iPhone; CPU iPhone OS 7_0 like Mac OS X) AppleWebKit/537.51.1 (KHTML, like Gecko) Version/7.0 Mobile/11A465 Safari/9537.53 (compatible; bingbot/2.0; +http://www.bing.com/bingbot.htm)"
157.55.39.81 - - [23/Jun/2017:03:00:11 +0530] "GET /js/datepicker/latest_jquery.datePicker.js HTTP/1.1" 200 37423 "-" "Mozilla/5.0 (iPhone; CPU iPhone OS 7_0 like Mac OS X) AppleWebKit/537.51.1 (KHTML, like Gecko) Version/7.0 Mobile/11A465 Safari/9537.53 (compatible; bingbot/2.0; +http://www.bing.com/bingbot.htm)"
157.55.39.81 - - [23/Jun/2017:03:00:12 +0530] "GET /js/jquery.js HTTP/1.1" 200 55774 "-" "Mozilla/5.0 (iPhone; CPU iPhone OS 7_0 like Mac OS X) AppleWebKit/537.51.1 (KHTML, like Gecko) Version/7.0 Mobile/11A465 Safari/9537.53 (compatible; bingbot/2.0; +http://www.bing.com/bingbot.htm)"
207.46.13.146 - - [23/Jun/2017:03:00:15 +0530] "GET /js/datepicker/latest_date.js HTTP/1.1" 200 11986 "-" "Mozilla/5.0 (iPhone; CPU iPhone OS 7_0 like Mac OS X) AppleWebKit/537.51.1 (KHTML, like Gecko) Version/7.0 Mobile/11A465 Safari/9537.53 (compatible; bingbot/2.0; +http://www.bing.com/bingbot.htm)"
157.55.39.174 - - [23/Jun/2017:03:00:19 +0530] "GET /js/datepicker/latest_demo.css HTTP/1.1" 200 574 "-" "Mozilla/5.0 (iPhone; CPU iPhone OS 7_0 like Mac OS X) AppleWebKit/537.51.1 (KHTML, like Gecko) Version/7.0 Mobile/11A465 Safari/9537.53 (compatible; bingbot/2.0; +http://www.bing.com/bingbot.htm)"
46.118.155.216 - - [23/Jun/2017:03:02:14 +0530] "GET /downloads/Carbon%20Market%20Roadmap.pdf HTTP/1.0" 200 4344697 "http://www.cdmindia.gov.in/downloads/Carbon%20Market%20Roadmap.pdf" "Mozilla/5.0 (Windows NT 5.1) AppleWebKit/537.36 (KHTML, like Gecko) Chrome/49.0.2623.112 Safari/537.36"
66.249.79.15 - - [23/Jun/2017:03:02:17 +0530] "GET /project_details_view.php?id=2081 HTTP/1.1" 200 14233 "-" "Mozilla/5.0 (compatible; Googlebot/2.1; +http://www.google.com/bot.html)"
35.184.189.105 - - [23/Jun/2017:03:07:16 +0530] "GET /robots.txt HTTP/1.1" 404 208 "-" "ltx71 - (http://ltx71.com/)"
66.249.79.15 - - [23/Jun/2017:03:07:27 +0530] "GET /project_details_view.php?id=1503 HTTP/1.1" 200 15124 "-" "Mozilla/5.0 (Linux; Android 6.0.1; Nexus 5X Build/MMB29P) AppleWebKit/537.36 (KHTML, like Gecko) Chrome/41.0.2272.96 Mobile Safari/537.36 (compatible; Googlebot/2.1; +http://www.google.com/bot.html)"
66.249.69.83 - - [23/Jun/2017:03:10:03 +0530] "GET /project_details_view_report.php?id=1290 HTTP/1.1" 200 13234 "-" "Mozilla/5.0 (compatible; Googlebot/2.1; +http://www.google.com/bot.html)"
66.249.79.15 - - [23/Jun/2017:03:12:28 +0530] "GET /project_details_view_report.php?id=1465 HTTP/1.1" 200 13211 "-" "Mozilla/5.0 (compatible; Googlebot/2.1; +http://www.google.com/bot.html)"
35.184.189.105 - - [23/Jun/2017:03:13:21 +0530] "GET /robots.txt HTTP/1.1" 404 208 "-" "ltx71 - (http://ltx71.com/)"
202.46.54.94 - - [23/Jun/2017:03:15:40 +0530] "GET /project_details_view.php?id=316 HTTP/1.1" 200 14897 "-" "Mozilla/5.0 (Windows NT 10.0; WOW64) AppleWebKit/537.36 (KHTML, like Gecko) Chrome/45.0.2454.93 Safari/537.36"
164.132.161.78 - - [23/Jun/2017:03:16:12 +0530] "GET /detail_past_events.php?id=1 HTTP/1.1" 302 17805 "-" "Mozilla/5.0 (compatible; AhrefsBot/5.2; +http://ahrefs.com/robot/)"
90.0.107.221 - - [23/Jun/2017:03:20:38 +0530] "GET /robots.txt HTTP/1.1" 404 208 "-" "Java/1.8.0_101"
157.55.39.81 - - [23/Jun/2017:03:22:15 +0530] "GET /project_details_view_report.php?id=1574 HTTP/1.1" 200 13287 "-" "Mozilla/5.0 (compatible; bingbot/2.0; +http://www.bing.com/bingbot.htm)"
66.249.79.15 - - [23/Jun/2017:03:27:47 +0530] "GET /project_details_view.php?id=1143 HTTP/1.1" 200 14466 "-" "Mozilla/5.0 (compatible; Googlebot/2.1; +http://www.google.com/bot.html)"
157.55.39.174 - - [23/Jun/2017:03:28:37 +0530] "GET /project_details_view_report.php?id=358 HTTP/1.1" 200 13142 "-" "Mozilla/5.0 (compatible; bingbot/2.0; +http://www.bing.com/bingbot.htm)"
207.46.13.146 - - [23/Jun/2017:03:29:16 +0530] "GET /project_details_view.php?id=1477 HTTP/1.1" 200 14680 "-" "Mozilla/5.0 (compatible; bingbot/2.0; +http://www.bing.com/bingbot.htm)"
