66.249.79.129 - - [28/May/2017:01:19:13 +0530] "GET /project_details_view.php?id=1624 HTTP/1.1" 200 14034 "-" "Mozilla/5.0 (compatible; Googlebot/2.1; +http://www.google.com/bot.html)"
202.46.56.33 - - [28/May/2017:01:22:25 +0530] "GET /project_details_view.php?id=1604 HTTP/1.1" 200 13819 "-" "Mozilla/5.0 (Windows NT 10.0; WOW64) AppleWebKit/537.36 (KHTML, like Gecko) Chrome/45.0.2454.93 Safari/537.36"
79.118.35.162 - - [28/May/2017:01:22:43 +0530] "GET /wp-login.php HTTP/1.1" 404 210 "-" "Mozilla/5.0 (Windows NT 6.1; WOW64; rv:40.0) Gecko/20100101 Firefox/40.1"
79.118.35.162 - - [28/May/2017:01:22:44 +0530] "GET / HTTP/1.1" 200 19479 "-" "Mozilla/5.0 (Windows NT 6.1; WOW64; rv:40.0) Gecko/20100101 Firefox/40.1"
141.8.142.74 - - [28/May/2017:01:29:58 +0530] "GET /project_details_view_report.php?id=1200 HTTP/1.1" 200 13211 "-" "Mozilla/5.0 (compatible; YandexBot/3.0; +http://yandex.com/bots)"
157.55.39.130 - - [28/May/2017:01:37:19 +0530] "GET /project_details_view.php?id=133 HTTP/1.1" 200 14807 "-" "Mozilla/5.0 (compatible; bingbot/2.0; +http://www.bing.com/bingbot.htm)"
202.46.48.196 - - [28/May/2017:01:37:28 +0530] "GET /reports_list_details.php?id=pnjuzahme&reporttype=&page=36 HTTP/1.1" 200 22106 "-" "Mozilla/5.0 (Windows NT 10.0; WOW64) AppleWebKit/537.36 (KHTML, like Gecko) Chrome/45.0.2454.93 Safari/537.36"
213.47.158.93 - - [28/May/2017:01:37:49 +0530] "GET /wp-login.php HTTP/1.1" 404 210 "-" "Mozilla/5.0 (Windows NT 6.1; WOW64; rv:40.0) Gecko/20100101 Firefox/40.1"
213.47.158.93 - - [28/May/2017:01:37:49 +0530] "GET / HTTP/1.1" 200 19479 "-" "Mozilla/5.0 (Windows NT 6.1; WOW64; rv:40.0) Gecko/20100101 Firefox/40.1"
210.232.15.31 - - [28/May/2017:01:41:56 +0530] "GET / HTTP/1.1" 200 19479 "-" "Mozilla/5.0 (Windows NT 5.1; rv:6.0.2) Gecko/20100101 Firefox/6.0.2"
66.249.79.133 - - [28/May/2017:01:50:01 +0530] "GET /reports_list_details.php?id=pnjuzahme&reporttype=&page=14 HTTP/1.1" 200 21794 "-" "Mozilla/5.0 (compatible; Googlebot/2.1; +http://www.google.com/bot.html)"
66.249.79.131 - - [28/May/2017:01:50:03 +0530] "GET /reports_list_details.php?id=pnjuzahme&reporttype=&page=14 HTTP/1.1" 200 21794 "-" "Mozilla/5.0 (compatible; Googlebot/2.1; +http://www.google.com/bot.html)"
202.46.55.63 - - [28/May/2017:01:52:30 +0530] "GET /project_details_view_report.php?id=667 HTTP/1.1" 200 13133 "-" "Mozilla/5.0 (Windows NT 10.0; WOW64) AppleWebKit/537.36 (KHTML, like Gecko) Chrome/45.0.2454.93 Safari/537.36"
180.76.15.140 - - [28/May/2017:02:00:12 +0530] "GET / HTTP/1.1" 200 19479 "-" "Mozilla/5.0 (compatible; Baiduspider/2.0; +http://www.baidu.com/search/spider.html)"
66.249.79.129 - - [28/May/2017:02:10:11 +0530] "GET /project_details_view.php?id=1399 HTTP/1.1" 200 15258 "-" "Mozilla/5.0 (compatible; Googlebot/2.1; +http://www.google.com/bot.html)"
168.235.206.211 - - [28/May/2017:02:15:14 +0530] "GET /project_details_view.php?id=1399 HTTP/1.1" 200 15258 "https://www.google.co.in/search?q=manuke+gill+moga&ie=UTF-8&prmd=ivns&ei=PuUpWcfkIsuGvQTX2qbABg&start=10&sa=N" "Mozilla/5.0 (Linux; U; Android 7.0; en-US; SM-A510F Build/NRD90M) AppleWebKit/534.30 (KHTML, like Gecko) Version/4.0 UCBrowser/11.3.2.960 U3/0.8.0 Mobile Safari/534.30"
168.235.206.211 - - [28/May/2017:02:15:15 +0530] "GET /ncdma.css HTTP/1.1" 200 12640 "http://www.cdmindia.gov.in/project_details_view.php?id=1399" "Mozilla/5.0 (Linux; U; Android 7.0; en-US; SM-A510F Build/NRD90M) AppleWebKit/534.30 (KHTML, like Gecko) Version/4.0 UCBrowser/11.3.2.960 U3/0.8.0 Mobile Safari/534.30"
168.235.206.211 - - [28/May/2017:02:15:15 +0530] "GET /images/fdm.jpg HTTP/1.1" 200 2043 "http://www.cdmindia.gov.in/project_details_view.php?id=1399" "Mozilla/5.0 (Linux; U; Android 7.0; en-US; SM-A510F Build/NRD90M) AppleWebKit/534.30 (KHTML, like Gecko) Version/4.0 UCBrowser/11.3.2.960 U3/0.8.0 Mobile Safari/534.30"
168.235.206.211 - - [28/May/2017:02:15:15 +0530] "GET /Scripts/AC_RunActiveContent.js HTTP/1.1" 200 8321 "http://www.cdmindia.gov.in/project_details_view.php?id=1399" "Mozilla/5.0 (Linux; U; Android 7.0; en-US; SM-A510F Build/NRD90M) AppleWebKit/534.30 (KHTML, like Gecko) Version/4.0 UCBrowser/11.3.2.960 U3/0.8.0 Mobile Safari/534.30"
168.235.206.211 - - [28/May/2017:02:15:15 +0530] "GET /includes/ncdma.css HTTP/1.1" 200 13023 "http://www.cdmindia.gov.in/project_details_view.php?id=1399" "Mozilla/5.0 (Linux; U; Android 7.0; en-US; SM-A510F Build/NRD90M) AppleWebKit/534.30 (KHTML, like Gecko) Version/4.0 UCBrowser/11.3.2.960 U3/0.8.0 Mobile Safari/534.30"
168.235.206.211 - - [28/May/2017:02:15:15 +0530] "GET /images/gtz.jpg HTTP/1.1" 200 15484 "http://www.cdmindia.gov.in/project_details_view.php?id=1399" "Mozilla/5.0 (Linux; U; Android 7.0; en-US; SM-A510F Build/NRD90M) AppleWebKit/534.30 (KHTML, like Gecko) Version/4.0 UCBrowser/11.3.2.960 U3/0.8.0 Mobile Safari/534.30"
168.235.206.211 - - [28/May/2017:02:15:15 +0530] "GET /images/bulllet2.gif HTTP/1.1" 200 58 "http://www.cdmindia.gov.in/project_details_view.php?id=1399" "Mozilla/5.0 (Linux; U; Android 7.0; en-US; SM-A510F Build/NRD90M) AppleWebKit/534.30 (KHTML, like Gecko) Version/4.0 UCBrowser/11.3.2.960 U3/0.8.0 Mobile Safari/534.30"
168.235.206.211 - - [28/May/2017:02:15:15 +0530] "GET /images/spacer.gif HTTP/1.1" 200 43 "http://www.cdmindia.gov.in/project_details_view.php?id=1399" "Mozilla/5.0 (Linux; U; Android 7.0; en-US; SM-A510F Build/NRD90M) AppleWebKit/534.30 (KHTML, like Gecko) Version/4.0 UCBrowser/11.3.2.960 U3/0.8.0 Mobile Safari/534.30"
168.235.206.211 - - [28/May/2017:02:15:15 +0530] "GET /images/img2.jpg HTTP/1.1" 200 16276 "http://www.cdmindia.gov.in/project_details_view.php?id=1399" "Mozilla/5.0 (Linux; U; Android 7.0; en-US; SM-A510F Build/NRD90M) AppleWebKit/534.30 (KHTML, like Gecko) Version/4.0 UCBrowser/11.3.2.960 U3/0.8.0 Mobile Safari/534.30"
168.235.206.211 - - [28/May/2017:02:15:15 +0530] "GET /images/bullet4.gif HTTP/1.1" 200 67 "http://www.cdmindia.gov.in/project_details_view.php?id=1399" "Mozilla/5.0 (Linux; U; Android 7.0; en-US; SM-A510F Build/NRD90M) AppleWebKit/534.30 (KHTML, like Gecko) Version/4.0 UCBrowser/11.3.2.960 U3/0.8.0 Mobile Safari/534.30"
168.235.206.211 - - [28/May/2017:02:15:15 +0530] "GET /images/bullet1.gif HTTP/1.1" 304 - "http://www.cdmindia.gov.in/project_details_view.php?id=1399" "Mozilla/5.0 (Linux; U; Android 7.0; en-US; SM-A510F Build/NRD90M) AppleWebKit/534.30 (KHTML, like Gecko) Version/4.0 UCBrowser/11.3.2.960 U3/0.8.0 Mobile Safari/534.30"
168.235.206.211 - - [28/May/2017:02:15:15 +0530] "GET /images/img3.jpg HTTP/1.1" 200 26957 "http://www.cdmindia.gov.in/project_details_view.php?id=1399" "Mozilla/5.0 (Linux; U; Android 7.0; en-US; SM-A510F Build/NRD90M) AppleWebKit/534.30 (KHTML, like Gecko) Version/4.0 UCBrowser/11.3.2.960 U3/0.8.0 Mobile Safari/534.30"
168.235.206.211 - - [28/May/2017:02:15:17 +0530] "GET /images/favicon.ico HTTP/1.1" 200 1406 "http://www.cdmindia.gov.in/project_details_view.php?id=1399" "Mozilla/5.0 (Linux; U; Android 7.0; en-US; SM-A510F Build/NRD90M) AppleWebKit/534.30 (KHTML, like Gecko) Version/4.0 UCBrowser/11.3.2.960 U3/0.8.0 Mobile Safari/534.30"
202.46.51.104 - - [28/May/2017:02:22:36 +0530] "GET /reports_list_details.php?id=Small&reporttype=4&page=89 HTTP/1.1" 200 21671 "-" "Mozilla/5.0 (Windows NT 10.0; WOW64) AppleWebKit/537.36 (KHTML, like Gecko) Chrome/45.0.2454.93 Safari/537.36"
66.249.79.129 - - [28/May/2017:02:22:55 +0530] "GET /project_details_view.php?id=1853 HTTP/1.1" 200 14158 "-" "Mozilla/5.0 (compatible; Googlebot/2.1; +http://www.google.com/bot.html)"
157.55.39.99 - - [28/May/2017:02:31:51 +0530] "GET /project_details_view_report.php?id=1087 HTTP/1.1" 200 13161 "-" "Mozilla/5.0 (compatible; bingbot/2.0; +http://www.bing.com/bingbot.htm)"
157.55.39.99 - - [28/May/2017:02:31:51 +0530] "GET /downloads/Carbon%20Market%20Roadmap.pdf HTTP/1.1" 200 4344697 "-" "Mozilla/5.0 (compatible; bingbot/2.0; +http://www.bing.com/bingbot.htm)"
211.6.121.136 - - [28/May/2017:02:36:27 +0530] "GET / HTTP/1.1" 200 19479 "-" "Mozilla/5.0 (Windows NT 5.1; rv:6.0.2) Gecko/20100101 Firefox/6.0.2"
157.55.39.227 - - [28/May/2017:02:37:26 +0530] "GET /reports_new.php HTTP/1.1" 200 22410 "-" "Mozilla/5.0 (compatible; bingbot/2.0; +http://www.bing.com/bingbot.htm)"
40.77.177.173 - - [28/May/2017:02:37:27 +0530] "GET /js/user_registration.js HTTP/1.1" 200 26819 "-" "Mozilla/5.0 (Windows NT 6.1; WOW64) AppleWebKit/534+ (KHTML, like Gecko) BingPreview/1.0b"
157.55.39.130 - - [28/May/2017:02:39:12 +0530] "GET / HTTP/1.1" 200 19479 "-" "Mozilla/5.0 (compatible; bingbot/2.0; +http://www.bing.com/bingbot.htm)"
157.55.39.130 - - [28/May/2017:02:40:32 +0530] "GET / HTTP/1.1" 200 19479 "-" "Mozilla/5.0 (compatible; bingbot/2.0; +http://www.bing.com/bingbot.htm)"
52.202.221.29 - - [28/May/2017:02:50:48 +0530] "GET / HTTP/1.1" 200 19479 "-" "Mozilla/5.0 (X11; Linux x86_64) AppleWebKit/537.36 (KHTML, like Gecko) Chrome/43.0.2357.134 Safari/537.36 http://notifyninja.com/monitoring"
197.2.241.38 - - [28/May/2017:02:52:31 +0530] "GET /wp-login.php HTTP/1.1" 404 210 "-" "Mozilla/5.0 (Windows NT 6.1; WOW64; rv:40.0) Gecko/20100101 Firefox/40.1"
197.2.241.38 - - [28/May/2017:02:52:32 +0530] "GET / HTTP/1.1" 200 19479 "-" "Mozilla/5.0 (Windows NT 6.1; WOW64; rv:40.0) Gecko/20100101 Firefox/40.1"
202.46.57.20 - - [28/May/2017:02:56:54 +0530] "GET /project_details_view_report.php?id=681 HTTP/1.1" 200 13313 "-" "Mozilla/5.0 (Windows NT 10.0; WOW64) AppleWebKit/537.36 (KHTML, like Gecko) Chrome/45.0.2454.93 Safari/537.36"
180.76.15.135 - - [28/May/2017:03:00:23 +0530] "GET / HTTP/1.1" 200 19479 "-" "Mozilla/5.0 (compatible; Baiduspider/2.0; +http://www.baidu.com/search/spider.html)"
66.249.79.133 - - [28/May/2017:03:02:06 +0530] "GET /project_details_view.php?id=1075 HTTP/1.1" 200 14040 "-" "Mozilla/5.0 (compatible; Googlebot/2.1; +http://www.google.com/bot.html)"
207.46.13.77 - - [28/May/2017:03:06:35 +0530] "GET /project_details_view.php?id=300 HTTP/1.1" 200 15219 "-" "Mozilla/5.0 (compatible; bingbot/2.0; +http://www.bing.com/bingbot.htm)"
66.249.79.129 - - [28/May/2017:03:07:08 +0530] "GET /project_details_view.php?id=1440&oid=&page=32&reporttype= HTTP/1.1" 200 15667 "-" "Mozilla/5.0 (compatible; Googlebot/2.1; +http://www.google.com/bot.html)"
5.196.87.48 - - [28/May/2017:03:13:44 +0530] "GET /robots.txt HTTP/1.1" 404 208 "-" "Mozilla/5.0 (compatible; AhrefsBot/5.2; +http://ahrefs.com/robot/)"
157.55.39.130 - - [28/May/2017:03:15:22 +0530] "GET /project_details_view.php?id=410 HTTP/1.1" 200 14896 "-" "Mozilla/5.0 (compatible; bingbot/2.0; +http://www.bing.com/bingbot.htm)"
157.55.39.130 - - [28/May/2017:03:15:37 +0530] "GET /images/img2.jpg HTTP/1.1" 200 16276 "-" "Mozilla/5.0 (compatible; bingbot/2.0; +http://www.bing.com/bingbot.htm)"
66.249.79.95 - - [28/May/2017:03:22:28 +0530] "GET / HTTP/1.1" 200 19479 "-" "Mozilla/5.0 (Linux; Android 6.0.1; Nexus 5X Build/MMB29P) AppleWebKit/537.36 (KHTML, like Gecko) Chrome/41.0.2272.96 Mobile Safari/537.36 (compatible; Googlebot/2.1; +http://www.google.com/bot.html)"
202.46.58.98 - - [28/May/2017:03:27:00 +0530] "GET /project_details_view.php?id=632 HTTP/1.1" 200 15465 "-" "Mozilla/5.0 (Windows NT 10.0; WOW64) AppleWebKit/537.36 (KHTML, like Gecko) Chrome/45.0.2454.93 Safari/537.36"
66.249.79.131 - - [28/May/2017:03:32:49 +0530] "GET /project_details_view.php?id=623 HTTP/1.1" 200 14533 "-" "Mozilla/5.0 (compatible; Googlebot/2.1; +http://www.google.com/bot.html)"
199.30.25.22 - - [28/May/2017:03:33:28 +0530] "GET /downloads/Carbon%20Market%20Roadmap.pdf HTTP/1.1" 200 4344697 "-" "Mozilla/5.0 (Windows NT 6.1; WOW64) AppleWebKit/534+ (KHTML, like Gecko) BingPreview/1.0b"
66.249.79.131 - - [28/May/2017:03:37:58 +0530] "GET /project_details_view_report.php?id=451 HTTP/1.1" 200 13495 "-" "Mozilla/5.0 (compatible; Googlebot/2.1; +http://www.google.com/bot.html)"
66.249.79.129 - - [28/May/2017:03:38:41 +0530] "GET /project_details_view.php?id=1828 HTTP/1.1" 200 14101 "-" "Mozilla/5.0 (compatible; Googlebot/2.1; +http://www.google.com/bot.html)"
202.46.50.138 - - [28/May/2017:03:42:03 +0530] "GET /images/NCDMA%20PCN%20Format%2017072009.doc HTTP/1.1" 200 114176 "-" "Mozilla/5.0 (Windows NT 10.0; WOW64) AppleWebKit/537.36 (KHTML, like Gecko) Chrome/45.0.2454.93 Safari/537.36"
211.6.122.123 - - [28/May/2017:03:42:10 +0530] "GET / HTTP/1.1" 200 19479 "-" "Mozilla/5.0 (Windows NT 5.1; rv:6.0.2) Gecko/20100101 Firefox/6.0.2"
66.249.79.133 - - [28/May/2017:03:42:57 +0530] "GET /project_details_view.php?id=994 HTTP/1.1" 200 14141 "-" "Mozilla/5.0 (compatible; Googlebot/2.1; +http://www.google.com/bot.html)"
183.83.89.77 - - [28/May/2017:03:43:58 +0530] "GET /wp-login.php HTTP/1.1" 404 210 "-" "Mozilla/5.0 (Windows NT 6.1; WOW64; rv:40.0) Gecko/20100101 Firefox/40.1"
183.83.89.77 - - [28/May/2017:03:43:58 +0530] "GET / HTTP/1.1" 200 19479 "-" "Mozilla/5.0 (Windows NT 6.1; WOW64; rv:40.0) Gecko/20100101 Firefox/40.1"
46.229.164.99 - - [28/May/2017:03:51:19 +0530] "GET /robots.txt HTTP/1.1" 404 208 "-" "Mozilla/5.0 (compatible; SemrushBot/1.2~bl; +http://www.semrush.com/bot.html)"
180.254.104.232 - - [28/May/2017:03:51:53 +0530] "POST /detail_news.php?id='0=A HTTP/1.1" 200 11729 "http://www.cdmindia.gov.in/detail_news.php?id='0=A" "Mozilla/5.0 (Windows; U; Windows NT 5.1; pt-PT; rv:1.9.1.2) Gecko/20090729 Firefox/3.5.2 (.NET CLR 3.5.30729)"
180.254.104.232 - - [28/May/2017:03:51:57 +0530] "POST /detail_news.php?id=(%2f**%2fsElEcT+1+%2f**%2ffRoM(%2f**%2fsElEcT+count(*),%2f**%2fcOnCaT((%2f**%2fsElEcT(%2f**%2fsElEcT+%2f**%2fuNhEx(%2f**%2fhEx(%2f**%2fcOnCaT(0x217e21,0x4142433134355a5136324457514146504f4959434644,0x217e21))))+%2f**%2ffRoM+information_schema.%2f**%2ftAbLeS+%2f**%2flImIt+0,1),floor(rand(0)*2))x+%2f**%2ffRoM+information_schema.%2f**%2ftAbLeS+%2f**%2fgRoUp%2f**%2fbY+x)a) HTTP/1.1" 200 18053 "http://www.cdmindia.gov.in/detail_news.php?id=(%2f**%2fsElEcT+1+%2f**%2ffRoM(%2f**%2fsElEcT+count(*),%2f**%2fcOnCaT((%2f**%2fsElEcT(%2f**%2fsElEcT+%2f**%2fuNhEx(%2f**%2fhEx(%2f**%2fcOnCaT(0x217e21,0x4142433134355a5136324457514146504f4959434644,0x217e21))))+%2f**%2ffRoM+information_schema.%2f**%2ftAbLeS+%2f**%2flImIt+0,1),floor(rand(0)*2))x+%2f**%2ffRoM+information_schema.%2f**%2ftAbLeS+%2f**%2fgRoUp%2f**%2fbY+x)a)" "Mozilla/5.0 (Windows; U; Windows NT 5.1; pt-PT; rv:1.9.1.2) Gecko/20090729 Firefox/3.5.2 (.NET CLR 3.5.30729)"
66.249.79.133 - - [28/May/2017:03:53:07 +0530] "GET /reports_list_details.php?id=pnjuzahme&reporttype=&page=99 HTTP/1.1" 200 21897 "-" "Mozilla/5.0 (compatible; Googlebot/2.1; +http://www.google.com/bot.html)"
66.249.79.129 - - [28/May/2017:03:53:09 +0530] "GET /reports_list_details.php?id=pnjuzahme&reporttype=&page=99 HTTP/1.1" 200 21897 "-" "Mozilla/5.0 (compatible; Googlebot/2.1; +http://www.google.com/bot.html)"
180.254.104.232 - - [28/May/2017:03:56:00 +0530] "POST /detail_news.php?id=3%22(%2f**%2fsElEcT+1+%2f**%2ffRoM(%2f**%2fsElEcT+count(*),%2f**%2fcOnCaT((%2f**%2fsElEcT(%2f**%2fsElEcT+%2f**%2fuNhEx(%2f**%2fhEx(%2f**%2fcOnCaT(0x217e21,0x4142433134355a5136324457514146504f4959434644,0x217e21))))+%2f**%2ffRoM+information_schema.%2f**%2ftAbLeS+%2f**%2flImIt+0,1),floor(rand(0)*2))x+%2f**%2ffRoM+information_schema.%2f**%2ftAbLeS+%2f**%2fgRoUp%2f**%2fbY+x)a)+%22 HTTP/1.1" 200 18396 "http://www.cdmindia.gov.in/detail_news.php?id=3\"(%2f**%2fsElEcT+1+%2f**%2ffRoM(%2f**%2fsElEcT+count(*),%2f**%2fcOnCaT((%2f**%2fsElEcT(%2f**%2fsElEcT+%2f**%2fuNhEx(%2f**%2fhEx(%2f**%2fcOnCaT(0x217e21,0x4142433134355a5136324457514146504f4959434644,0x217e21))))+%2f**%2ffRoM+information_schema.%2f**%2ftAbLeS+%2f**%2flImIt+0,1),floor(rand(0)*2))x+%2f**%2ffRoM+information_schema.%2f**%2ftAbLeS+%2f**%2fgRoUp%2f**%2fbY+x)a)+\"" "Mozilla/5.0 (Windows; U; Windows NT 5.1; pt-PT; rv:1.9.1.2) Gecko/20090729 Firefox/3.5.2 (.NET CLR 3.5.30729)"
157.55.39.99 - - [28/May/2017:03:56:40 +0530] "GET /project_details_view_report.php?id=1024 HTTP/1.1" 200 13197 "-" "Mozilla/5.0 (compatible; bingbot/2.0; +http://www.bing.com/bingbot.htm)"
202.46.58.87 - - [28/May/2017:03:57:06 +0530] "GET /project_details_view_report.php?id=878 HTTP/1.1" 200 13198 "-" "Mozilla/5.0 (Windows NT 10.0; WOW64) AppleWebKit/537.36 (KHTML, like Gecko) Chrome/45.0.2454.93 Safari/537.36"
180.254.104.232 - - [28/May/2017:03:57:33 +0530] "POST /detail_news.php?id=3%22+and(%2f**%2fsElEcT+1+%2f**%2ffRoM(%2f**%2fsElEcT+count(*),%2f**%2fcOnCaT((%2f**%2fsElEcT(%2f**%2fsElEcT+%2f**%2fuNhEx(%2f**%2fhEx(%2f**%2fcOnCaT(0x217e21,0x4142433134355a5136324457514146504f4959434644,0x217e21))))+%2f**%2ffRoM+information_schema.%2f**%2ftAbLeS+%2f**%2flImIt+0,1),floor(rand(0)*2))x+%2f**%2ffRoM+information_schema.%2f**%2ftAbLeS+%2f**%2fgRoUp%2f**%2fbY+x)a)+and+%221%22=%221 HTTP/1.1" 200 18396 "http://www.cdmindia.gov.in/detail_news.php?id=3\"+and(%2f**%2fsElEcT+1+%2f**%2ffRoM(%2f**%2fsElEcT+count(*),%2f**%2fcOnCaT((%2f**%2fsElEcT(%2f**%2fsElEcT+%2f**%2fuNhEx(%2f**%2fhEx(%2f**%2fcOnCaT(0x217e21,0x4142433134355a5136324457514146504f4959434644,0x217e21))))+%2f**%2ffRoM+information_schema.%2f**%2ftAbLeS+%2f**%2flImIt+0,1),floor(rand(0)*2))x+%2f**%2ffRoM+information_schema.%2f**%2ftAbLeS+%2f**%2fgRoUp%2f**%2fbY+x)a)+and+\"1\"=\"1" "Mozilla/5.0 (Windows; U; Windows NT 5.1; pt-PT; rv:1.9.1.2) Gecko/20090729 Firefox/3.5.2 (.NET CLR 3.5.30729)"
180.254.104.232 - - [28/May/2017:03:58:37 +0530] "POST /detail_news.php?id=3%22+or+1=(%2f**%2fsElEcT+1+%2f**%2ffRoM(%2f**%2fsElEcT+count(*),%2f**%2fcOnCaT((%2f**%2fsElEcT(%2f**%2fsElEcT+%2f**%2fuNhEx(%2f**%2fhEx(%2f**%2fcOnCaT(0x217e21,0x4142433134355a5136324457514146504f4959434644,0x217e21))))+%2f**%2ffRoM+information_schema.%2f**%2ftAbLeS+%2f**%2flImIt+0,1),floor(rand(0)*2))x+%2f**%2ffRoM+information_schema.%2f**%2ftAbLeS+%2f**%2fgRoUp%2f**%2fbY+x)a)+and+%221%22=%221 HTTP/1.1" 200 18396 "http://www.cdmindia.gov.in/detail_news.php?id=3\"+or+1=(%2f**%2fsElEcT+1+%2f**%2ffRoM(%2f**%2fsElEcT+count(*),%2f**%2fcOnCaT((%2f**%2fsElEcT(%2f**%2fsElEcT+%2f**%2fuNhEx(%2f**%2fhEx(%2f**%2fcOnCaT(0x217e21,0x4142433134355a5136324457514146504f4959434644,0x217e21))))+%2f**%2ffRoM+information_schema.%2f**%2ftAbLeS+%2f**%2flImIt+0,1),floor(rand(0)*2))x+%2f**%2ffRoM+information_schema.%2f**%2ftAbLeS+%2f**%2fgRoUp%2f**%2fbY+x)a)+and+\"1\"=\"1" "Mozilla/5.0 (Windows; U; Windows NT 5.1; pt-PT; rv:1.9.1.2) Gecko/20090729 Firefox/3.5.2 (.NET CLR 3.5.30729)"
180.254.104.232 - - [28/May/2017:03:58:44 +0530] "POST /detail_news.php?id=3%22+or+1=(%2f**%2fsElEcT+1+%2f**%2ffRoM(%2f**%2fsElEcT+count(*),%2f**%2fcOnCaT((%2f**%2fsElEcT(%2f**%2fsElEcT+%2f**%2fuNhEx(%2f**%2fhEx(%2f**%2fcOnCaT(0x217e21,0x4142433134355a5136324457514146504f4959434644,0x217e21))))+%2f**%2ffRoM+information_schema.%2f**%2ftAbLeS+%2f**%2flImIt+0,1),floor(rand(0)*2))x+%2f**%2ffRoM+information_schema.%2f**%2ftAbLeS+%2f**%2fgRoUp%2f**%2fbY+x)a)+and+%221%22=%221 HTTP/1.1" 200 18396 "http://www.cdmindia.gov.in/detail_news.php?id=3\"+or+1=(%2f**%2fsElEcT+1+%2f**%2ffRoM(%2f**%2fsElEcT+count(*),%2f**%2fcOnCaT((%2f**%2fsElEcT(%2f**%2fsElEcT+%2f**%2fuNhEx(%2f**%2fhEx(%2f**%2fcOnCaT(0x217e21,0x4142433134355a5136324457514146504f4959434644,0x217e21))))+%2f**%2ffRoM+information_schema.%2f**%2ftAbLeS+%2f**%2flImIt+0,1),floor(rand(0)*2))x+%2f**%2ffRoM+information_schema.%2f**%2ftAbLeS+%2f**%2fgRoUp%2f**%2fbY+x)a)+and+\"1\"=\"1" "Mozilla/5.0 (Windows; U; Windows NT 5.1; pt-PT; rv:1.9.1.2) Gecko/20090729 Firefox/3.5.2 (.NET CLR 3.5.30729)"
180.254.104.232 - - [28/May/2017:03:58:46 +0530] "POST /detail_news.php?id=3'+or+1=(%2f**%2fsElEcT+1+%2f**%2ffRoM(%2f**%2fsElEcT+count(*),%2f**%2fcOnCaT((%2f**%2fsElEcT(%2f**%2fsElEcT+%2f**%2fuNhEx(%2f**%2fhEx(%2f**%2fcOnCaT(0x217e21,0x4142433134355a5136324457514146504f4959434644,0x217e21))))+%2f**%2ffRoM+information_schema.%2f**%2ftAbLeS+%2f**%2flImIt+0,1),floor(rand(0)*2))x+%2f**%2ffRoM+information_schema.%2f**%2ftAbLeS+%2f**%2fgRoUp%2f**%2fbY+x)a)-- HTTP/1.1" 200 11726 "http://www.cdmindia.gov.in/detail_news.php?id=3'+or+1=(%2f**%2fsElEcT+1+%2f**%2ffRoM(%2f**%2fsElEcT+count(*),%2f**%2fcOnCaT((%2f**%2fsElEcT(%2f**%2fsElEcT+%2f**%2fuNhEx(%2f**%2fhEx(%2f**%2fcOnCaT(0x217e21,0x4142433134355a5136324457514146504f4959434644,0x217e21))))+%2f**%2ffRoM+information_schema.%2f**%2ftAbLeS+%2f**%2flImIt+0,1),floor(rand(0)*2))x+%2f**%2ffRoM+information_schema.%2f**%2ftAbLeS+%2f**%2fgRoUp%2f**%2fbY+x)a)--" "Mozilla/5.0 (Windows; U; Windows NT 5.1; pt-PT; rv:1.9.1.2) Gecko/20090729 Firefox/3.5.2 (.NET CLR 3.5.30729)"
180.254.104.232 - - [28/May/2017:03:58:49 +0530] "POST /detail_news.php?id=3%22+or+1=(%2f**%2fsElEcT+1+%2f**%2ffRoM(%2f**%2fsElEcT+count(*),%2f**%2fcOnCaT((%2f**%2fsElEcT(%2f**%2fsElEcT+%2f**%2fuNhEx(%2f**%2fhEx(%2f**%2fcOnCaT(0x217e21,0x4142433134355a5136324457514146504f4959434644,0x217e21))))+%2f**%2ffRoM+information_schema.%2f**%2ftAbLeS+%2f**%2flImIt+0,1),floor(rand(0)*2))x+%2f**%2ffRoM+information_schema.%2f**%2ftAbLeS+%2f**%2fgRoUp%2f**%2fbY+x)a)-- HTTP/1.1" 200 18396 "http://www.cdmindia.gov.in/detail_news.php?id=3\"+or+1=(%2f**%2fsElEcT+1+%2f**%2ffRoM(%2f**%2fsElEcT+count(*),%2f**%2fcOnCaT((%2f**%2fsElEcT(%2f**%2fsElEcT+%2f**%2fuNhEx(%2f**%2fhEx(%2f**%2fcOnCaT(0x217e21,0x4142433134355a5136324457514146504f4959434644,0x217e21))))+%2f**%2ffRoM+information_schema.%2f**%2ftAbLeS+%2f**%2flImIt+0,1),floor(rand(0)*2))x+%2f**%2ffRoM+information_schema.%2f**%2ftAbLeS+%2f**%2fgRoUp%2f**%2fbY+x)a)--" "Mozilla/5.0 (Windows; U; Windows NT 5.1; pt-PT; rv:1.9.1.2) Gecko/20090729 Firefox/3.5.2 (.NET CLR 3.5.30729)"
157.55.39.227 - - [28/May/2017:03:58:51 +0530] "GET /project_details_view.php?id=590 HTTP/1.1" 200 14578 "-" "Mozilla/5.0 (compatible; bingbot/2.0; +http://www.bing.com/bingbot.htm)"
180.254.104.232 - - [28/May/2017:03:59:03 +0530] "POST /detail_news.php?id='0=A HTTP/1.1" 200 11729 "http://www.cdmindia.gov.in/detail_news.php?id='0=A" "Mozilla/5.0 (Windows; U; Windows NT 5.1; pt-PT; rv:1.9.1.2) Gecko/20090729 Firefox/3.5.2 (.NET CLR 3.5.30729)"
180.254.104.232 - - [28/May/2017:03:59:07 +0530] "POST /detail_news.php?id=999999.9+%2f**%2fuNiOn%2f**%2faLl+%2f**%2fsElEcT+0x393133353134353632312e39 HTTP/1.1" 200 18053 "http://www.cdmindia.gov.in/detail_news.php?id=999999.9+%2f**%2fuNiOn%2f**%2faLl+%2f**%2fsElEcT+0x393133353134353632312e39" "Mozilla/5.0 (Windows; U; Windows NT 5.1; pt-PT; rv:1.9.1.2) Gecko/20090729 Firefox/3.5.2 (.NET CLR 3.5.30729)"
180.254.104.232 - - [28/May/2017:03:59:07 +0530] "POST /detail_news.php?id=999999.9+%2f**%2fuNiOn%2f**%2faLl+%2f**%2fsElEcT+0x393133353134353632312e39,0x393133353134353632322e39 HTTP/1.1" 200 18053 "http://www.cdmindia.gov.in/detail_news.php?id=999999.9+%2f**%2fuNiOn%2f**%2faLl+%2f**%2fsElEcT+0x393133353134353632312e39,0x393133353134353632322e39" "Mozilla/5.0 (Windows; U; Windows NT 5.1; pt-PT; rv:1.9.1.2) Gecko/20090729 Firefox/3.5.2 (.NET CLR 3.5.30729)"
180.254.104.232 - - [28/May/2017:03:59:09 +0530] "POST /detail_news.php?id=999999.9+%2f**%2fuNiOn%2f**%2faLl+%2f**%2fsElEcT+0x393133353134353632312e39,0x393133353134353632322e39,0x393133353134353632332e39 HTTP/1.1" 200 18053 "http://www.cdmindia.gov.in/detail_news.php?id=999999.9+%2f**%2fuNiOn%2f**%2faLl+%2f**%2fsElEcT+0x393133353134353632312e39,0x393133353134353632322e39,0x393133353134353632332e39" "Mozilla/5.0 (Windows; U; Windows NT 5.1; pt-PT; rv:1.9.1.2) Gecko/20090729 Firefox/3.5.2 (.NET CLR 3.5.30729)"
180.254.104.232 - - [28/May/2017:03:59:10 +0530] "POST /detail_news.php?id=999999.9+%2f**%2fuNiOn%2f**%2faLl+%2f**%2fsElEcT+0x393133353134353632312e39,0x393133353134353632322e39,0x393133353134353632332e39,0x393133353134353632342e39,0x393133353134353632352e39 HTTP/1.1" 200 18053 "http://www.cdmindia.gov.in/detail_news.php?id=999999.9+%2f**%2fuNiOn%2f**%2faLl+%2f**%2fsElEcT+0x393133353134353632312e39,0x393133353134353632322e39,0x393133353134353632332e39,0x393133353134353632342e39,0x393133353134353632352e39" "Mozilla/5.0 (Windows; U; Windows NT 5.1; pt-PT; rv:1.9.1.2) Gecko/20090729 Firefox/3.5.2 (.NET CLR 3.5.30729)"
180.254.104.232 - - [28/May/2017:03:59:21 +0530] "POST /detail_news.php?id=999999.9+%2f**%2fuNiOn%2f**%2faLl+%2f**%2fsElEcT+0x393133353134353632312e39,0x393133353134353632322e39,0x393133353134353632332e39,0x393133353134353632342e39 HTTP/1.1" 200 18053 "http://www.cdmindia.gov.in/detail_news.php?id=999999.9+%2f**%2fuNiOn%2f**%2faLl+%2f**%2fsElEcT+0x393133353134353632312e39,0x393133353134353632322e39,0x393133353134353632332e39,0x393133353134353632342e39" "Mozilla/5.0 (Windows; U; Windows NT 5.1; pt-PT; rv:1.9.1.2) Gecko/20090729 Firefox/3.5.2 (.NET CLR 3.5.30729)"
180.254.104.232 - - [28/May/2017:03:59:22 +0530] "POST /detail_news.php?id=999999.9+%2f**%2fuNiOn%2f**%2faLl+%2f**%2fsElEcT+0x393133353134353632312e39,0x393133353134353632322e39,0x393133353134353632332e39,0x393133353134353632342e39,0x393133353134353632352e39,0x393133353134353632362e39 HTTP/1.1" 200 18053 "http://www.cdmindia.gov.in/detail_news.php?id=999999.9+%2f**%2fuNiOn%2f**%2faLl+%2f**%2fsElEcT+0x393133353134353632312e39,0x393133353134353632322e39,0x393133353134353632332e39,0x393133353134353632342e39,0x393133353134353632352e39,0x393133353134353632362e39" "Mozilla/5.0 (Windows; U; Windows NT 5.1; pt-PT; rv:1.9.1.2) Gecko/20090729 Firefox/3.5.2 (.NET CLR 3.5.30729)"
180.254.104.232 - - [28/May/2017:03:59:24 +0530] "POST /detail_news.php?id=999999.9+%2f**%2fuNiOn%2f**%2faLl+%2f**%2fsElEcT+0x393133353134353632312e39,0x393133353134353632322e39,0x393133353134353632332e39,0x393133353134353632342e39,0x393133353134353632352e39,0x393133353134353632362e39,0x393133353134353632372e39,0x393133353134353632382e39 HTTP/1.1" 200 18053 "http://www.cdmindia.gov.in/detail_news.php?id=999999.9+%2f**%2fuNiOn%2f**%2faLl+%2f**%2fsElEcT+0x393133353134353632312e39,0x393133353134353632322e39,0x393133353134353632332e39,0x393133353134353632342e39,0x393133353134353632352e39,0x393133353134353632362e39,0x393133353134353632372e39,0x393133353134353632382e39" "Mozilla/5.0 (Windows; U; Windows NT 5.1; pt-PT; rv:1.9.1.2) Gecko/20090729 Firefox/3.5.2 (.NET CLR 3.5.30729)"
180.254.104.232 - - [28/May/2017:03:59:25 +0530] "POST /detail_news.php?id=999999.9+%2f**%2fuNiOn%2f**%2faLl+%2f**%2fsElEcT+0x393133353134353632312e39,0x393133353134353632322e39,0x393133353134353632332e39,0x393133353134353632342e39,0x393133353134353632352e39,0x393133353134353632362e39,0x393133353134353632372e39,0x393133353134353632382e39,0x393133353134353632392e39 HTTP/1.1" 200 18053 "http://www.cdmindia.gov.in/detail_news.php?id=999999.9+%2f**%2fuNiOn%2f**%2faLl+%2f**%2fsElEcT+0x393133353134353632312e39,0x393133353134353632322e39,0x393133353134353632332e39,0x393133353134353632342e39,0x393133353134353632352e39,0x393133353134353632362e39,0x393133353134353632372e39,0x393133353134353632382e39,0x393133353134353632392e39" "Mozilla/5.0 (Windows; U; Windows NT 5.1; pt-PT; rv:1.9.1.2) Gecko/20090729 Firefox/3.5.2 (.NET CLR 3.5.30729)"
180.254.104.232 - - [28/May/2017:03:59:25 +0530] "POST /detail_news.php?id=999999.9+%2f**%2fuNiOn%2f**%2faLl+%2f**%2fsElEcT+0x393133353134353632312e39,0x393133353134353632322e39,0x393133353134353632332e39,0x393133353134353632342e39 HTTP/1.1" 200 18053 "http://www.cdmindia.gov.in/detail_news.php?id=999999.9+%2f**%2fuNiOn%2f**%2faLl+%2f**%2fsElEcT+0x393133353134353632312e39,0x393133353134353632322e39,0x393133353134353632332e39,0x393133353134353632342e39" "Mozilla/5.0 (Windows; U; Windows NT 5.1; pt-PT; rv:1.9.1.2) Gecko/20090729 Firefox/3.5.2 (.NET CLR 3.5.30729)"
180.254.104.232 - - [28/May/2017:03:59:26 +0530] "POST /detail_news.php?id=999999.9+%2f**%2fuNiOn%2f**%2faLl+%2f**%2fsElEcT+0x393133353134353632312e39,0x393133353134353632322e39,0x393133353134353632332e39,0x393133353134353632342e39,0x393133353134353632352e39,0x393133353134353632362e39,0x393133353134353632372e39,0x393133353134353632382e39,0x393133353134353632392e39,0x39313335313435363231302e39 HTTP/1.1" 200 18053 "http://www.cdmindia.gov.in/detail_news.php?id=999999.9+%2f**%2fuNiOn%2f**%2faLl+%2f**%2fsElEcT+0x393133353134353632312e39,0x393133353134353632322e39,0x393133353134353632332e39,0x393133353134353632342e39,0x393133353134353632352e39,0x393133353134353632362e39,0x393133353134353632372e39,0x393133353134353632382e39,0x393133353134353632392e39,0x39313335313435363231302e39" "Mozilla/5.0 (Windows; U; Windows NT 5.1; pt-PT; rv:1.9.1.2) Gecko/20090729 Firefox/3.5.2 (.NET CLR 3.5.30729)"
180.254.104.232 - - [28/May/2017:03:59:29 +0530] "POST /detail_news.php?id=999999.9+%2f**%2fuNiOn%2f**%2faLl+%2f**%2fsElEcT+0x393133353134353632312e39,0x393133353134353632322e39,0x393133353134353632332e39,0x393133353134353632342e39,0x393133353134353632352e39,0x393133353134353632362e39,0x393133353134353632372e39 HTTP/1.1" 200 18053 "http://www.cdmindia.gov.in/detail_news.php?id=999999.9+%2f**%2fuNiOn%2f**%2faLl+%2f**%2fsElEcT+0x393133353134353632312e39,0x393133353134353632322e39,0x393133353134353632332e39,0x393133353134353632342e39,0x393133353134353632352e39,0x393133353134353632362e39,0x393133353134353632372e39" "Mozilla/5.0 (Windows; U; Windows NT 5.1; pt-PT; rv:1.9.1.2) Gecko/20090729 Firefox/3.5.2 (.NET CLR 3.5.30729)"
180.254.104.232 - - [28/May/2017:03:59:36 +0530] "POST /detail_news.php?id=999999.9+%2f**%2fuNiOn%2f**%2faLl+%2f**%2fsElEcT+0x393133353134353632312e39,0x393133353134353632322e39,0x393133353134353632332e39,0x393133353134353632342e39,0x393133353134353632352e39,0x393133353134353632362e39,0x393133353134353632372e39,0x393133353134353632382e39,0x393133353134353632392e39,0x39313335313435363231302e39,0x39313335313435363231312e39 HTTP/1.1" 200 18053 "http://www.cdmindia.gov.in/detail_news.php?id=999999.9+%2f**%2fuNiOn%2f**%2faLl+%2f**%2fsElEcT+0x393133353134353632312e39,0x393133353134353632322e39,0x393133353134353632332e39,0x393133353134353632342e39,0x393133353134353632352e39,0x393133353134353632362e39,0x393133353134353632372e39,0x393133353134353632382e39,0x393133353134353632392e39,0x39313335313435363231302e39,0x39313335313435363231312e39" "Mozilla/5.0 (Windows; U; Windows NT 5.1; pt-PT; rv:1.9.1.2) Gecko/20090729 Firefox/3.5.2 (.NET CLR 3.5.30729)"
180.254.104.232 - - [28/May/2017:03:59:41 +0530] "POST /detail_news.php?id=999999.9+%2f**%2fuNiOn%2f**%2faLl+%2f**%2fsElEcT+0x393133353134353632312e39,0x393133353134353632322e39,0x393133353134353632332e39,0x393133353134353632342e39,0x393133353134353632352e39,0x393133353134353632362e39,0x393133353134353632372e39,0x393133353134353632382e39,0x393133353134353632392e39,0x39313335313435363231302e39,0x39313335313435363231312e39,0x39313335313435363231322e39 HTTP/1.1" 200 18053 "http://www.cdmindia.gov.in/detail_news.php?id=999999.9+%2f**%2fuNiOn%2f**%2faLl+%2f**%2fsElEcT+0x393133353134353632312e39,0x393133353134353632322e39,0x393133353134353632332e39,0x393133353134353632342e39,0x393133353134353632352e39,0x393133353134353632362e39,0x393133353134353632372e39,0x393133353134353632382e39,0x393133353134353632392e39,0x39313335313435363231302e39,0x39313335313435363231312e39,0x39313335313435363231322e39" "Mozilla/5.0 (Windows; U; Windows NT 5.1; pt-PT; rv:1.9.1.2) Gecko/20090729 Firefox/3.5.2 (.NET CLR 3.5.30729)"
180.254.104.232 - - [28/May/2017:03:59:42 +0530] "POST /detail_news.php?id=999999.9+%2f**%2fuNiOn%2f**%2faLl+%2f**%2fsElEcT+0x393133353134353632312e39,0x393133353134353632322e39,0x393133353134353632332e39,0x393133353134353632342e39,0x393133353134353632352e39,0x393133353134353632362e39,0x393133353134353632372e39,0x393133353134353632382e39,0x393133353134353632392e39,0x39313335313435363231302e39,0x39313335313435363231312e39,0x39313335313435363231322e39,0x39313335313435363231332e39,0x39313335313435363231342e39 HTTP/1.1" 200 18053 "http://www.cdmindia.gov.in/detail_news.php?id=999999.9+%2f**%2fuNiOn%2f**%2faLl+%2f**%2fsElEcT+0x393133353134353632312e39,0x393133353134353632322e39,0x393133353134353632332e39,0x393133353134353632342e39,0x393133353134353632352e39,0x393133353134353632362e39,0x393133353134353632372e39,0x393133353134353632382e39,0x393133353134353632392e39,0x39313335313435363231302e39,0x39313335313435363231312e39,0x39313335313435363231322e39,0x39313335313435363231332e39,0x39313335313435363231342e39" "Mozilla/5.0 (Windows; U; Windows NT 5.1; pt-PT; rv:1.9.1.2) Gecko/20090729 Firefox/3.5.2 (.NET CLR 3.5.30729)"
180.76.15.151 - - [28/May/2017:04:00:30 +0530] "GET / HTTP/1.1" 200 19479 "-" "Mozilla/5.0 (compatible; Baiduspider/2.0; +http://www.baidu.com/search/spider.html)"
66.249.79.131 - - [28/May/2017:04:08:28 +0530] "GET /reports_list_details.php?id=tubkayrstf&reporttype=&page=182 HTTP/1.1" 200 22236 "-" "Mozilla/5.0 (compatible; Googlebot/2.1; +http://www.google.com/bot.html)"
157.55.39.99 - - [28/May/2017:04:11:28 +0530] "GET /detail_news.php?id=19 HTTP/1.1" 302 19081 "-" "Mozilla/5.0 (compatible; bingbot/2.0; +http://www.bing.com/bingbot.htm)"
157.55.39.99 - - [28/May/2017:04:11:29 +0530] "GET /logout.php HTTP/1.1" 302 369 "-" "Mozilla/5.0 (compatible; bingbot/2.0; +http://www.bing.com/bingbot.htm)"
157.55.39.99 - - [28/May/2017:04:11:30 +0530] "GET /index.php HTTP/1.1" 200 19479 "-" "Mozilla/5.0 (compatible; bingbot/2.0; +http://www.bing.com/bingbot.htm)"
157.55.39.67 - - [28/May/2017:04:11:42 +0530] "GET /robots.txt HTTP/1.1" 404 208 "-" "Mozilla/5.0 (compatible; bingbot/2.0; +http://www.bing.com/bingbot.htm)"
157.55.39.67 - - [28/May/2017:04:11:43 +0530] "GET /robots.txt HTTP/1.1" 404 208 "-" "Mozilla/5.0 (compatible; bingbot/2.0; +http://www.bing.com/bingbot.htm)"
157.55.39.130 - - [28/May/2017:04:11:44 +0530] "GET /js/md5.js HTTP/1.1" 200 13194 "-" "Mozilla/5.0 (compatible; bingbot/2.0; +http://www.bing.com/bingbot.htm)"
157.55.39.99 - - [28/May/2017:04:11:48 +0530] "GET /js/base64_encode.js HTTP/1.1" 200 3002 "-" "Mozilla/5.0 (compatible; bingbot/2.0; +http://www.bing.com/bingbot.htm)"
195.154.240.37 - - [28/May/2017:04:15:47 +0530] "GET /approval_process.php HTTP/1.0" 200 25911 "http://cdmindia.gov.in/approval_process.php" "Mozilla/5.0 (Windows NT 6.1) AppleWebKit/537.36 (KHTML, like Gecko) Chrome/57.0.2987.98 Safari/537.36 OPR/44.0.2510.857"
195.154.240.37 - - [28/May/2017:04:15:53 +0530] "GET /registration.php HTTP/1.0" 200 28528 "http://cdmindia.gov.in/registration.php" "Mozilla/5.0 (Windows NT 6.1) AppleWebKit/537.36 (KHTML, like Gecko) Chrome/57.0.2987.98 Safari/537.36 OPR/44.0.2510.857"
66.249.79.131 - - [28/May/2017:04:23:58 +0530] "GET /project_details_view.php?id=375 HTTP/1.1" 200 14126 "-" "Mozilla/5.0 (Linux; Android 6.0.1; Nexus 5X Build/MMB29P) AppleWebKit/537.36 (KHTML, like Gecko) Chrome/41.0.2272.96 Mobile Safari/537.36 (compatible; Googlebot/2.1; +http://www.google.com/bot.html)"
202.46.58.151 - - [28/May/2017:04:27:11 +0530] "GET /project_details_view.php?id=161 HTTP/1.1" 200 14237 "-" "Mozilla/5.0 (Windows NT 10.0; WOW64) AppleWebKit/537.36 (KHTML, like Gecko) Chrome/45.0.2454.93 Safari/537.36"
66.249.79.131 - - [28/May/2017:04:29:07 +0530] "GET /project_details_view.php?id=743 HTTP/1.1" 200 14393 "-" "Mozilla/5.0 (compatible; Googlebot/2.1; +http://www.google.com/bot.html)"
202.46.48.17 - - [28/May/2017:04:42:14 +0530] "GET /project_details_view_report.php?id=128 HTTP/1.1" 200 13100 "-" "Mozilla/5.0 (Windows NT 10.0; WOW64) AppleWebKit/537.36 (KHTML, like Gecko) Chrome/45.0.2454.93 Safari/537.36"
66.249.79.131 - - [28/May/2017:04:44:28 +0530] "GET /reports_list_details.php?id=tubkayrstf&reporttype=&page=268 HTTP/1.1" 200 22135 "-" "Mozilla/5.0 (compatible; Googlebot/2.1; +http://www.google.com/bot.html)"
141.8.142.74 - - [28/May/2017:04:48:26 +0530] "GET /robots.txt HTTP/1.1" 404 208 "-" "Mozilla/5.0 (compatible; YandexBot/3.0; +http://yandex.com/bots)"
141.8.142.74 - - [28/May/2017:04:48:30 +0530] "GET /reports_list_details.php?id=Jammu%20&%20Kashmir&reporttype=2 HTTP/1.1" 200 16951 "-" "Mozilla/5.0 (compatible; YandexBot/3.0; +http://yandex.com/bots)"
66.249.79.131 - - [28/May/2017:04:54:28 +0530] "GET /project_details_view.php?id=1036 HTTP/1.1" 200 15388 "-" "Mozilla/5.0 (compatible; Googlebot/2.1; +http://www.google.com/bot.html)"
202.46.58.75 - - [28/May/2017:04:57:17 +0530] "GET /project_details_view.php?id=445 HTTP/1.1" 200 14245 "-" "Mozilla/5.0 (Windows NT 10.0; WOW64) AppleWebKit/537.36 (KHTML, like Gecko) Chrome/45.0.2454.93 Safari/537.36"
66.249.79.95 - - [28/May/2017:04:59:36 +0530] "GET / HTTP/1.1" 200 19479 "-" "Mozilla/5.0 (Linux; Android 6.0.1; Nexus 5X Build/MMB29P) AppleWebKit/537.36 (KHTML, like Gecko) Chrome/41.0.2272.96 Mobile Safari/537.36 (compatible; Googlebot/2.1; +http://www.google.com/bot.html)"
65.55.210.128 - - [28/May/2017:05:00:17 +0530] "GET /images/img1.jpg HTTP/1.1" 200 1251 "-" "Mozilla/5.0 (Windows NT 6.1; WOW64) AppleWebKit/534+ (KHTML, like Gecko) BingPreview/1.0b"
65.55.210.128 - - [28/May/2017:05:00:18 +0530] "GET /images/fbg.jpg HTTP/1.1" 200 325 "-" "Mozilla/5.0 (Windows NT 6.1; WOW64) AppleWebKit/534+ (KHTML, like Gecko) BingPreview/1.0b"
157.55.39.99 - - [28/May/2017:05:00:55 +0530] "GET /detail_news.php?id=20 HTTP/1.1" 302 18265 "-" "Mozilla/5.0 (compatible; bingbot/2.0; +http://www.bing.com/bingbot.htm)"
157.55.39.99 - - [28/May/2017:05:00:56 +0530] "GET /logout.php HTTP/1.1" 302 369 "-" "Mozilla/5.0 (compatible; bingbot/2.0; +http://www.bing.com/bingbot.htm)"
157.55.39.99 - - [28/May/2017:05:00:57 +0530] "GET /index.php HTTP/1.1" 200 19479 "-" "Mozilla/5.0 (compatible; bingbot/2.0; +http://www.bing.com/bingbot.htm)"
180.76.15.146 - - [28/May/2017:05:01:41 +0530] "GET / HTTP/1.1" 200 19479 "-" "Mozilla/5.0 (compatible; Baiduspider/2.0; +http://www.baidu.com/search/spider.html)"
66.249.79.133 - - [28/May/2017:05:04:47 +0530] "GET /project_details_view.php?id=1866 HTTP/1.1" 200 14660 "-" "Mozilla/5.0 (compatible; Googlebot/2.1; +http://www.google.com/bot.html)"
157.55.39.130 - - [28/May/2017:05:04:58 +0530] "GET /Approved_proj_reports_list_details.php?id=1&reporttype=1&scale=&sdt=&edt=&exec=&page=3 HTTP/1.1" 200 16747 "-" "Mozilla/5.0 (compatible; bingbot/2.0; +http://www.bing.com/bingbot.htm)"
66.249.79.131 - - [28/May/2017:05:09:47 +0530] "GET /project_details_view.php?id=1541&oid=1&page=22&reporttype=1 HTTP/1.1" 200 13611 "-" "Mozilla/5.0 (compatible; Googlebot/2.1; +http://www.google.com/bot.html)"
202.46.52.140 - - [28/May/2017:05:12:20 +0530] "GET /project_details_view_report.php?id=5 HTTP/1.1" 200 13072 "-" "Mozilla/5.0 (Windows NT 10.0; WOW64) AppleWebKit/537.36 (KHTML, like Gecko) Chrome/45.0.2454.93 Safari/537.36"
66.249.79.131 - - [28/May/2017:05:14:56 +0530] "GET /reports_list_details.php?id=1&reporttype=1&page=98 HTTP/1.1" 200 22386 "-" "Mozilla/5.0 (compatible; Googlebot/2.1; +http://www.google.com/bot.html)"
66.249.79.129 - - [28/May/2017:05:20:08 +0530] "GET /project_details_view.php?id=427 HTTP/1.1" 200 14466 "-" "Mozilla/5.0 (compatible; Googlebot/2.1; +http://www.google.com/bot.html)"
157.55.39.99 - - [28/May/2017:05:20:54 +0530] "GET /downloads/Carbon%20Market%20Roadmap.pdf HTTP/1.1" 200 4344697 "-" "Mozilla/5.0 (compatible; bingbot/2.0; +http://www.bing.com/bingbot.htm)"
207.46.13.77 - - [28/May/2017:05:21:53 +0530] "GET /project_details_view.php?id=2119 HTTP/1.1" 200 13953 "-" "Mozilla/5.0 (compatible; bingbot/2.0; +http://www.bing.com/bingbot.htm)"
66.249.79.129 - - [28/May/2017:05:30:16 +0530] "GET /project_details_view.php?id=1024 HTTP/1.1" 200 14793 "-" "Mozilla/5.0 (Linux; Android 6.0.1; Nexus 5X Build/MMB29P) AppleWebKit/537.36 (KHTML, like Gecko) Chrome/41.0.2272.96 Mobile Safari/537.36 (compatible; Googlebot/2.1; +http://www.google.com/bot.html)"
202.46.53.117 - - [28/May/2017:05:42:25 +0530] "GET /project_details_view.php?id=1666 HTTP/1.1" 200 13902 "-" "Mozilla/5.0 (Windows NT 10.0; WOW64) AppleWebKit/537.36 (KHTML, like Gecko) Chrome/45.0.2454.93 Safari/537.36"
157.55.39.130 - - [28/May/2017:05:42:39 +0530] "GET /downloads/New%20PCN.doc HTTP/1.1" 200 435200 "-" "Mozilla/5.0 (compatible; bingbot/2.0; +http://www.bing.com/bingbot.htm)"
66.249.79.133 - - [28/May/2017:05:45:36 +0530] "GET /project_details_view_report.php?id=90 HTTP/1.1" 200 13064 "-" "Mozilla/5.0 (compatible; Googlebot/2.1; +http://www.google.com/bot.html)"
207.46.13.77 - - [28/May/2017:05:51:09 +0530] "GET /constitution.php HTTP/1.1" 200 23668 "-" "Mozilla/5.0 (compatible; bingbot/2.0; +http://www.bing.com/bingbot.htm)"
220.181.108.101 - - [28/May/2017:05:51:33 +0530] "GET /images/bullet3.gif HTTP/1.1" 200 58 "-" "Baiduspider-image+(+http://www.baidu.com/search/spider.htm)"
207.46.13.151 - - [28/May/2017:05:57:23 +0530] "GET /downloads/Template_sharing%202Percent.doc HTTP/1.1" 200 73728 "-" "Mozilla/5.0 (compatible; bingbot/2.0; +http://www.bing.com/bingbot.htm)"
202.46.54.92 - - [28/May/2017:05:57:28 +0530] "GET /project_details_view.php?id=19 HTTP/1.1" 200 14609 "-" "Mozilla/5.0 (Windows NT 10.0; WOW64) AppleWebKit/537.36 (KHTML, like Gecko) Chrome/45.0.2454.93 Safari/537.36"
157.55.39.99 - - [28/May/2017:05:58:41 +0530] "GET /news_more.php HTTP/1.1" 200 21060 "-" "Mozilla/5.0 (compatible; bingbot/2.0; +http://www.bing.com/bingbot.htm)"
66.249.79.129 - - [28/May/2017:06:01:10 +0530] "GET /project_details_view.php?id=186 HTTP/1.1" 200 14780 "-" "Mozilla/5.0 (compatible; Googlebot/2.1; +http://www.google.com/bot.html)"
180.76.15.148 - - [28/May/2017:06:01:50 +0530] "GET / HTTP/1.1" 200 19479 "-" "Mozilla/5.0 (compatible; Baiduspider/2.0; +http://www.baidu.com/search/spider.html)"
66.249.79.131 - - [28/May/2017:06:10:27 +0530] "GET /project_details_view_report.php?id=1 HTTP/1.1" 200 13082 "-" "Mozilla/5.0 (compatible; Googlebot/2.1; +http://www.google.com/bot.html)"
202.46.58.88 - - [28/May/2017:06:11:24 +0530] "GET /project_details_view.php?id=1585 HTTP/1.1" 200 14054 "-" "Mozilla/5.0 (Windows NT 10.0; WOW64) AppleWebKit/537.36 (KHTML, like Gecko) Chrome/45.0.2454.93 Safari/537.36"
66.249.79.131 - - [28/May/2017:06:11:29 +0530] "GET /reports_list_details.php?id=tubkayrstf&reporttype=&page=156 HTTP/1.1" 200 22025 "-" "Mozilla/5.0 (compatible; Googlebot/2.1; +http://www.google.com/bot.html)"
66.249.79.129 - - [28/May/2017:06:11:33 +0530] "GET /project_details_view_report.php?id=958 HTTP/1.1" 200 13154 "-" "Mozilla/5.0 (compatible; Googlebot/2.1; +http://www.google.com/bot.html)"
207.46.13.151 - - [28/May/2017:06:12:55 +0530] "GET /downloads/Template_sharing%202Percent.doc HTTP/1.1" 200 73728 "-" "Mozilla/5.0 (compatible; bingbot/2.0; +http://www.bing.com/bingbot.htm)"
207.46.13.151 - - [28/May/2017:06:15:51 +0530] "GET /detail_events.php?id= HTTP/1.1" 302 16737 "-" "Mozilla/5.0 (compatible; bingbot/2.0; +http://www.bing.com/bingbot.htm)"
207.46.13.151 - - [28/May/2017:06:15:52 +0530] "GET /logout.php HTTP/1.1" 302 369 "-" "Mozilla/5.0 (compatible; bingbot/2.0; +http://www.bing.com/bingbot.htm)"
207.46.13.151 - - [28/May/2017:06:15:53 +0530] "GET /index.php HTTP/1.1" 200 19479 "-" "Mozilla/5.0 (compatible; bingbot/2.0; +http://www.bing.com/bingbot.htm)"
207.46.13.151 - - [28/May/2017:06:18:23 +0530] "GET /sitemap.php HTTP/1.1" 200 18468 "-" "Mozilla/5.0 (compatible; bingbot/2.0; +http://www.bing.com/bingbot.htm)"
176.8.240.208 - - [28/May/2017:06:22:23 +0530] "GET /approval_process.php HTTP/1.0" 200 25911 "http://cdmindia.gov.in/approval_process.php" "Mozilla/5.0 (Windows NT 6.2; WOW64) AppleWebKit/537.36 (KHTML, like Gecko) Chrome/57.0.2987.133 Safari/537.36"
176.8.240.208 - - [28/May/2017:06:22:23 +0530] "GET /registration.php HTTP/1.0" 200 28528 "http://cdmindia.gov.in/registration.php" "Mozilla/5.0 (Windows NT 6.2; WOW64) AppleWebKit/537.36 (KHTML, like Gecko) Chrome/57.0.2987.133 Safari/537.36"
176.8.240.208 - - [28/May/2017:06:22:24 +0530] "GET /registration.php HTTP/1.0" 200 28528 "http://cdmindia.gov.in/registration.php" "Mozilla/5.0 (Windows NT 6.2; WOW64) AppleWebKit/537.36 (KHTML, like Gecko) Chrome/57.0.2987.133 Safari/537.36"
176.8.240.208 - - [28/May/2017:06:22:24 +0530] "GET /registration.php HTTP/1.0" 200 28528 "http://cdmindia.gov.in/registration.php" "Mozilla/5.0 (Windows NT 6.2; WOW64) AppleWebKit/537.36 (KHTML, like Gecko) Chrome/57.0.2987.133 Safari/537.36"
176.8.240.208 - - [28/May/2017:06:22:26 +0530] "GET /registration.php HTTP/1.0" 200 28528 "http://cdmindia.gov.in/registration.php" "Mozilla/5.0 (Windows NT 6.2; WOW64) AppleWebKit/537.36 (KHTML, like Gecko) Chrome/57.0.2987.133 Safari/537.36"
220.181.108.116 - - [28/May/2017:06:24:49 +0530] "GET / HTTP/1.1" 200 19479 "-" "Mozilla/5.0 (compatible; Baiduspider/2.0; +http://www.baidu.com/search/spider.html)"
202.46.54.186 - - [28/May/2017:06:25:19 +0530] "GET /project_details_view.php?id=1098 HTTP/1.1" 200 13915 "-" "Mozilla/5.0 (Windows NT 10.0; WOW64) AppleWebKit/537.36 (KHTML, like Gecko) Chrome/45.0.2454.93 Safari/537.36"
196.220.101.129 - - [28/May/2017:06:28:09 +0530] "GET /uploads/1209688187PDD_NFL_Steam_Optimization_Bathinda_2012-10-29.pdf HTTP/1.1" 200 843398 "https://www.google.co.zw/" "Mozilla/5.0 (Windows NT 10.0; WOW64; rv:48.0) Gecko/20100101 Firefox/48.0"
66.249.79.131 - - [28/May/2017:06:30:27 +0530] "GET /images/favicon.ico HTTP/1.1" 304 - "-" "Googlebot-Image/1.0"
207.46.13.151 - - [28/May/2017:06:30:45 +0530] "GET /imp_links.php HTTP/1.1" 200 17833 "-" "Mozilla/5.0 (compatible; bingbot/2.0; +http://www.bing.com/bingbot.htm)"
66.249.79.133 - - [28/May/2017:06:31:16 +0530] "GET / HTTP/1.1" 200 19479 "-" "Mozilla/5.0 (Linux; Android 6.0.1; Nexus 5X Build/MMB29P) AppleWebKit/537.36 (KHTML, like Gecko) Chrome/41.0.2272.96 Mobile Safari/537.36 (compatible; Googlebot/2.1; +http://www.google.com/bot.html)"
207.46.13.151 - - [28/May/2017:06:31:41 +0530] "GET /project_details_view.php?id=1597 HTTP/1.1" 200 14395 "-" "Mozilla/5.0 (compatible; bingbot/2.0; +http://www.bing.com/bingbot.htm)"
207.46.13.151 - - [28/May/2017:06:36:03 +0530] "GET /constitution.php HTTP/1.1" 200 23668 "-" "Mozilla/5.0 (compatible; bingbot/2.0; +http://www.bing.com/bingbot.htm)"
66.249.79.131 - - [28/May/2017:06:36:19 +0530] "GET /project_details_view.php?id=1497 HTTP/1.1" 200 14482 "-" "Mozilla/5.0 (compatible; Googlebot/2.1; +http://www.google.com/bot.html)"
202.46.58.18 - - [28/May/2017:06:39:15 +0530] "GET /project_details_view_report.php?id=981 HTTP/1.1" 200 13122 "-" "Mozilla/5.0 (Windows NT 10.0; WOW64) AppleWebKit/537.36 (KHTML, like Gecko) Chrome/45.0.2454.93 Safari/537.36"
207.46.13.151 - - [28/May/2017:06:41:11 +0530] "GET /project_details_view_report.php?id=800 HTTP/1.1" 200 13243 "-" "Mozilla/5.0 (compatible; bingbot/2.0; +http://www.bing.com/bingbot.htm)"
66.249.79.133 - - [28/May/2017:06:41:18 +0530] "GET /reports_list_details.php?id=Multi%20State&reporttype=2&page=3 HTTP/1.1" 200 21977 "-" "Mozilla/5.0 (compatible; Googlebot/2.1; +http://www.google.com/bot.html)"
157.55.39.130 - - [28/May/2017:06:44:24 +0530] "GET /downloads/Comparision%20of%20PCN_30.03.doc HTTP/1.1" 200 49664 "-" "Mozilla/5.0 (compatible; bingbot/2.0; +http://www.bing.com/bingbot.htm)"
54.197.39.49 - - [28/May/2017:06:50:47 +0530] "GET / HTTP/1.1" 200 19479 "-" "Mozilla/5.0 (X11; Linux x86_64) AppleWebKit/537.36 (KHTML, like Gecko) Chrome/43.0.2357.134 Safari/537.36 http://notifyninja.com/monitoring"
66.249.79.131 - - [28/May/2017:06:51:17 +0530] "GET /project_details_view.php?id=1224&oid=1&page=39&reporttype=1 HTTP/1.1" 200 14660 "-" "Mozilla/5.0 (compatible; Googlebot/2.1; +http://www.google.com/bot.html)"
202.46.53.64 - - [28/May/2017:06:53:11 +0530] "GET /project_details_view.php?id=1210 HTTP/1.1" 200 14090 "-" "Mozilla/5.0 (Windows NT 10.0; WOW64) AppleWebKit/537.36 (KHTML, like Gecko) Chrome/45.0.2454.93 Safari/537.36"
157.55.39.227 - - [28/May/2017:06:56:38 +0530] "GET /contactus.php HTTP/1.1" 200 18291 "-" "Mozilla/5.0 (compatible; bingbot/2.0; +http://www.bing.com/bingbot.htm)"
157.55.39.99 - - [28/May/2017:06:57:57 +0530] "GET /detail_news.php?id=19 HTTP/1.1" 302 19081 "-" "Mozilla/5.0 (compatible; bingbot/2.0; +http://www.bing.com/bingbot.htm)"
157.55.39.99 - - [28/May/2017:06:57:58 +0530] "GET /logout.php HTTP/1.1" 302 369 "-" "Mozilla/5.0 (compatible; bingbot/2.0; +http://www.bing.com/bingbot.htm)"
157.55.39.99 - - [28/May/2017:06:57:59 +0530] "GET /index.php HTTP/1.1" 200 19479 "-" "Mozilla/5.0 (compatible; bingbot/2.0; +http://www.bing.com/bingbot.htm)"
66.249.79.129 - - [28/May/2017:07:01:17 +0530] "GET /reports_list_details.php?id=1&reporttype=1&page=94 HTTP/1.1" 200 22201 "-" "Mozilla/5.0 (compatible; Googlebot/2.1; +http://www.google.com/bot.html)"
66.249.79.133 - - [28/May/2017:07:01:18 +0530] "GET /reports_list_details.php?id=1&reporttype=1&page=94 HTTP/1.1" 200 22201 "-" "Mozilla/5.0 (compatible; Googlebot/2.1; +http://www.google.com/bot.html)"
157.55.39.130 - - [28/May/2017:07:04:23 +0530] "GET /Approved_proj_reports_list_details.php?id=1&reporttype=1&scale=&sdt=&edt=&exec=&page=4 HTTP/1.1" 200 16657 "-" "Mozilla/5.0 (compatible; bingbot/2.0; +http://www.bing.com/bingbot.htm)"
202.46.52.153 - - [28/May/2017:07:07:06 +0530] "GET /reports_list_details.php?id=pnjuzahme&reporttype=&page=255 HTTP/1.1" 200 22040 "-" "Mozilla/5.0 (Windows NT 10.0; WOW64) AppleWebKit/537.36 (KHTML, like Gecko) Chrome/45.0.2454.93 Safari/537.36"
157.55.39.227 - - [28/May/2017:07:08:52 +0530] "GET /registration.php HTTP/1.1" 302 28528 "-" "Mozilla/5.0 (compatible; bingbot/2.0; +http://www.bing.com/bingbot.htm)"
157.55.39.227 - - [28/May/2017:07:08:53 +0530] "GET /logout.php HTTP/1.1" 302 369 "-" "Mozilla/5.0 (compatible; bingbot/2.0; +http://www.bing.com/bingbot.htm)"
157.55.39.227 - - [28/May/2017:07:08:54 +0530] "GET /index.php HTTP/1.1" 200 19479 "-" "Mozilla/5.0 (compatible; bingbot/2.0; +http://www.bing.com/bingbot.htm)"
157.55.39.227 - - [28/May/2017:07:09:32 +0530] "GET /registration.php HTTP/1.1" 302 28528 "-" "Mozilla/5.0 (compatible; bingbot/2.0; +http://www.bing.com/bingbot.htm)"
157.55.39.227 - - [28/May/2017:07:09:33 +0530] "GET /logout.php HTTP/1.1" 302 369 "-" "Mozilla/5.0 (compatible; bingbot/2.0; +http://www.bing.com/bingbot.htm)"
157.55.39.227 - - [28/May/2017:07:09:34 +0530] "GET /index.php HTTP/1.1" 200 19479 "-" "Mozilla/5.0 (compatible; bingbot/2.0; +http://www.bing.com/bingbot.htm)"
191.208.63.237 - - [28/May/2017:07:12:49 +0530] "GET /wp-login.php HTTP/1.1" 404 210 "-" "Mozilla/5.0 (Windows NT 6.1; WOW64; rv:40.0) Gecko/20100101 Firefox/40.1"
191.208.63.237 - - [28/May/2017:07:12:50 +0530] "GET / HTTP/1.1" 200 19479 "-" "Mozilla/5.0 (Windows NT 6.1; WOW64; rv:40.0) Gecko/20100101 Firefox/40.1"
