168.235.205.179 - - [10/Jun/2017:08:00:33 +0530] "GET /images/bullet1.gif HTTP/1.1" 304 - "http://www.cdmindia.gov.in/project_details_view_report.php?id=1272" "Mozilla/5.0 (Linux; U; Android 5.1.1; en-US; Lenovo A6020a40 Build/LMY47V) AppleWebKit/534.30 (KHTML, like Gecko) Version/4.0 UCBrowser/11.2.8.945 U3/0.8.0 Mobile Safari/534.30"
168.235.205.179 - - [10/Jun/2017:08:00:33 +0530] "GET /images/bulllet2.gif HTTP/1.1" 304 - "http://www.cdmindia.gov.in/project_details_view_report.php?id=1272" "Mozilla/5.0 (Linux; U; Android 5.1.1; en-US; Lenovo A6020a40 Build/LMY47V) AppleWebKit/534.30 (KHTML, like Gecko) Version/4.0 UCBrowser/11.2.8.945 U3/0.8.0 Mobile Safari/534.30"
168.235.205.179 - - [10/Jun/2017:08:00:33 +0530] "GET /images/bullet4.gif HTTP/1.1" 304 - "http://www.cdmindia.gov.in/project_details_view_report.php?id=1272" "Mozilla/5.0 (Linux; U; Android 5.1.1; en-US; Lenovo A6020a40 Build/LMY47V) AppleWebKit/534.30 (KHTML, like Gecko) Version/4.0 UCBrowser/11.2.8.945 U3/0.8.0 Mobile Safari/534.30"
168.235.205.179 - - [10/Jun/2017:08:00:33 +0530] "GET /images/fdm.jpg HTTP/1.1" 200 2043 "http://www.cdmindia.gov.in/project_details_view_report.php?id=1272" "Mozilla/5.0 (Linux; U; Android 5.1.1; en-US; Lenovo A6020a40 Build/LMY47V) AppleWebKit/534.30 (KHTML, like Gecko) Version/4.0 UCBrowser/11.2.8.945 U3/0.8.0 Mobile Safari/534.30"
168.235.205.179 - - [10/Jun/2017:08:00:33 +0530] "GET /images/gtz.jpg HTTP/1.1" 200 15484 "http://www.cdmindia.gov.in/project_details_view_report.php?id=1272" "Mozilla/5.0 (Linux; U; Android 5.1.1; en-US; Lenovo A6020a40 Build/LMY47V) AppleWebKit/534.30 (KHTML, like Gecko) Version/4.0 UCBrowser/11.2.8.945 U3/0.8.0 Mobile Safari/534.30"
168.235.205.179 - - [10/Jun/2017:08:00:33 +0530] "GET /Scripts/AC_RunActiveContent.js HTTP/1.1" 200 8321 "http://www.cdmindia.gov.in/project_details_view_report.php?id=1272" "Mozilla/5.0 (Linux; U; Android 5.1.1; en-US; Lenovo A6020a40 Build/LMY47V) AppleWebKit/534.30 (KHTML, like Gecko) Version/4.0 UCBrowser/11.2.8.945 U3/0.8.0 Mobile Safari/534.30"
168.235.205.179 - - [10/Jun/2017:08:00:33 +0530] "GET /images/spacer.gif HTTP/1.1" 304 - "http://www.cdmindia.gov.in/project_details_view_report.php?id=1272" "Mozilla/5.0 (Linux; U; Android 5.1.1; en-US; Lenovo A6020a40 Build/LMY47V) AppleWebKit/534.30 (KHTML, like Gecko) Version/4.0 UCBrowser/11.2.8.945 U3/0.8.0 Mobile Safari/534.30"
168.235.205.179 - - [10/Jun/2017:08:00:33 +0530] "GET /images/img3.jpg HTTP/1.1" 200 26957 "http://www.cdmindia.gov.in/project_details_view_report.php?id=1272" "Mozilla/5.0 (Linux; U; Android 5.1.1; en-US; Lenovo A6020a40 Build/LMY47V) AppleWebKit/534.30 (KHTML, like Gecko) Version/4.0 UCBrowser/11.2.8.945 U3/0.8.0 Mobile Safari/534.30"
168.235.205.179 - - [10/Jun/2017:08:00:35 +0530] "GET /images/favicon.ico HTTP/1.1" 200 1406 "http://www.cdmindia.gov.in/project_details_view_report.php?id=1272" "Mozilla/5.0 (Linux; U; Android 5.1.1; en-US; Lenovo A6020a40 Build/LMY47V) AppleWebKit/534.30 (KHTML, like Gecko) Version/4.0 UCBrowser/11.2.8.945 U3/0.8.0 Mobile Safari/534.30"
168.235.205.179 - - [10/Jun/2017:08:01:50 +0530] "GET /approved_projects.php?n=1 HTTP/1.1" 200 16644 "http://www.cdmindia.gov.in/project_details_view_report.php?id=1272" "Mozilla/5.0 (Linux; U; Android 5.1.1; en-US; Lenovo A6020a40 Build/LMY47V) AppleWebKit/534.30 (KHTML, like Gecko) Version/4.0 UCBrowser/11.2.8.945 U3/0.8.0 Mobile Safari/534.30"
168.235.205.179 - - [10/Jun/2017:08:01:50 +0530] "GET /images/spacer.gif HTTP/1.1" 304 - "http://www.cdmindia.gov.in/approved_projects.php?n=1" "Mozilla/5.0 (Linux; U; Android 5.1.1; en-US; Lenovo A6020a40 Build/LMY47V) AppleWebKit/534.30 (KHTML, like Gecko) Version/4.0 UCBrowser/11.2.8.945 U3/0.8.0 Mobile Safari/534.30"
168.235.205.179 - - [10/Jun/2017:08:01:50 +0530] "GET /images/bullet4.gif HTTP/1.1" 304 - "http://www.cdmindia.gov.in/approved_projects.php?n=1" "Mozilla/5.0 (Linux; U; Android 5.1.1; en-US; Lenovo A6020a40 Build/LMY47V) AppleWebKit/534.30 (KHTML, like Gecko) Version/4.0 UCBrowser/11.2.8.945 U3/0.8.0 Mobile Safari/534.30"
168.235.205.179 - - [10/Jun/2017:08:01:50 +0530] "GET /includes/ncdma.css HTTP/1.1" 304 - "http://www.cdmindia.gov.in/approved_projects.php?n=1" "Mozilla/5.0 (Linux; U; Android 5.1.1; en-US; Lenovo A6020a40 Build/LMY47V) AppleWebKit/534.30 (KHTML, like Gecko) Version/4.0 UCBrowser/11.2.8.945 U3/0.8.0 Mobile Safari/534.30"
168.235.205.179 - - [10/Jun/2017:08:01:50 +0530] "GET /images/bullet1.gif HTTP/1.1" 304 - "http://www.cdmindia.gov.in/approved_projects.php?n=1" "Mozilla/5.0 (Linux; U; Android 5.1.1; en-US; Lenovo A6020a40 Build/LMY47V) AppleWebKit/534.30 (KHTML, like Gecko) Version/4.0 UCBrowser/11.2.8.945 U3/0.8.0 Mobile Safari/534.30"
168.235.205.179 - - [10/Jun/2017:08:01:50 +0530] "GET /js/datepicker/latest_date.js HTTP/1.1" 200 11986 "http://www.cdmindia.gov.in/approved_projects.php?n=1" "Mozilla/5.0 (Linux; U; Android 5.1.1; en-US; Lenovo A6020a40 Build/LMY47V) AppleWebKit/534.30 (KHTML, like Gecko) Version/4.0 UCBrowser/11.2.8.945 U3/0.8.0 Mobile Safari/534.30"
168.235.205.179 - - [10/Jun/2017:08:01:50 +0530] "GET /ncdma.css HTTP/1.1" 304 - "http://www.cdmindia.gov.in/approved_projects.php?n=1" "Mozilla/5.0 (Linux; U; Android 5.1.1; en-US; Lenovo A6020a40 Build/LMY47V) AppleWebKit/534.30 (KHTML, like Gecko) Version/4.0 UCBrowser/11.2.8.945 U3/0.8.0 Mobile Safari/534.30"
168.235.205.179 - - [10/Jun/2017:08:01:50 +0530] "GET /js/datepicker/latest_datepicker.css HTTP/1.1" 200 2283 "http://www.cdmindia.gov.in/approved_projects.php?n=1" "Mozilla/5.0 (Linux; U; Android 5.1.1; en-US; Lenovo A6020a40 Build/LMY47V) AppleWebKit/534.30 (KHTML, like Gecko) Version/4.0 UCBrowser/11.2.8.945 U3/0.8.0 Mobile Safari/534.30"
168.235.205.179 - - [10/Jun/2017:08:01:50 +0530] "GET /js/datepicker/latest_demo.css HTTP/1.1" 200 574 "http://www.cdmindia.gov.in/approved_projects.php?n=1" "Mozilla/5.0 (Linux; U; Android 5.1.1; en-US; Lenovo A6020a40 Build/LMY47V) AppleWebKit/534.30 (KHTML, like Gecko) Version/4.0 UCBrowser/11.2.8.945 U3/0.8.0 Mobile Safari/534.30"
168.235.205.179 - - [10/Jun/2017:08:01:50 +0530] "GET /images/bulllet2.gif HTTP/1.1" 304 - "http://www.cdmindia.gov.in/approved_projects.php?n=1" "Mozilla/5.0 (Linux; U; Android 5.1.1; en-US; Lenovo A6020a40 Build/LMY47V) AppleWebKit/534.30 (KHTML, like Gecko) Version/4.0 UCBrowser/11.2.8.945 U3/0.8.0 Mobile Safari/534.30"
168.235.205.179 - - [10/Jun/2017:08:01:50 +0530] "GET /Scripts/AC_RunActiveContent.js HTTP/1.1" 304 - "http://www.cdmindia.gov.in/approved_projects.php?n=1" "Mozilla/5.0 (Linux; U; Android 5.1.1; en-US; Lenovo A6020a40 Build/LMY47V) AppleWebKit/534.30 (KHTML, like Gecko) Version/4.0 UCBrowser/11.2.8.945 U3/0.8.0 Mobile Safari/534.30"
168.235.205.179 - - [10/Jun/2017:08:01:50 +0530] "GET /js/datepicker/latest_jquery.datePicker.js HTTP/1.1" 200 37423 "http://www.cdmindia.gov.in/approved_projects.php?n=1" "Mozilla/5.0 (Linux; U; Android 5.1.1; en-US; Lenovo A6020a40 Build/LMY47V) AppleWebKit/534.30 (KHTML, like Gecko) Version/4.0 UCBrowser/11.2.8.945 U3/0.8.0 Mobile Safari/534.30"
168.235.205.179 - - [10/Jun/2017:08:01:50 +0530] "GET /js/jquery.js HTTP/1.1" 200 55774 "http://www.cdmindia.gov.in/approved_projects.php?n=1" "Mozilla/5.0 (Linux; U; Android 5.1.1; en-US; Lenovo A6020a40 Build/LMY47V) AppleWebKit/534.30 (KHTML, like Gecko) Version/4.0 UCBrowser/11.2.8.945 U3/0.8.0 Mobile Safari/534.30"
168.235.205.179 - - [10/Jun/2017:08:01:52 +0530] "GET /js/datepicker/calendar.gif HTTP/1.1" 200 235 "http://www.cdmindia.gov.in/approved_projects.php?n=1" "Mozilla/5.0 (Linux; U; Android 5.1.1; en-US; Lenovo A6020a40 Build/LMY47V) AppleWebKit/534.30 (KHTML, like Gecko) Version/4.0 UCBrowser/11.2.8.945 U3/0.8.0 Mobile Safari/534.30"
168.235.205.179 - - [10/Jun/2017:08:01:59 +0530] "GET /imp_links.php HTTP/1.1" 200 17836 "http://www.cdmindia.gov.in/project_details_view_report.php?id=1272" "Mozilla/5.0 (Linux; U; Android 5.1.1; en-US; Lenovo A6020a40 Build/LMY47V) AppleWebKit/534.30 (KHTML, like Gecko) Version/4.0 UCBrowser/11.2.8.945 U3/0.8.0 Mobile Safari/534.30"
168.235.205.179 - - [10/Jun/2017:08:02:00 +0530] "GET /images/bullet1.gif HTTP/1.1" 304 - "http://www.cdmindia.gov.in/imp_links.php" "Mozilla/5.0 (Linux; U; Android 5.1.1; en-US; Lenovo A6020a40 Build/LMY47V) AppleWebKit/534.30 (KHTML, like Gecko) Version/4.0 UCBrowser/11.2.8.945 U3/0.8.0 Mobile Safari/534.30"
168.235.205.179 - - [10/Jun/2017:08:02:00 +0530] "GET /images/bullet4.gif HTTP/1.1" 304 - "http://www.cdmindia.gov.in/imp_links.php" "Mozilla/5.0 (Linux; U; Android 5.1.1; en-US; Lenovo A6020a40 Build/LMY47V) AppleWebKit/534.30 (KHTML, like Gecko) Version/4.0 UCBrowser/11.2.8.945 U3/0.8.0 Mobile Safari/534.30"
168.235.205.179 - - [10/Jun/2017:08:02:00 +0530] "GET /images/spacer.gif HTTP/1.1" 304 - "http://www.cdmindia.gov.in/imp_links.php" "Mozilla/5.0 (Linux; U; Android 5.1.1; en-US; Lenovo A6020a40 Build/LMY47V) AppleWebKit/534.30 (KHTML, like Gecko) Version/4.0 UCBrowser/11.2.8.945 U3/0.8.0 Mobile Safari/534.30"
168.235.205.179 - - [10/Jun/2017:08:02:00 +0530] "GET /images/login1.jpg HTTP/1.1" 200 618 "http://www.cdmindia.gov.in/imp_links.php" "Mozilla/5.0 (Linux; U; Android 5.1.1; en-US; Lenovo A6020a40 Build/LMY47V) AppleWebKit/534.30 (KHTML, like Gecko) Version/4.0 UCBrowser/11.2.8.945 U3/0.8.0 Mobile Safari/534.30"
168.235.205.179 - - [10/Jun/2017:08:02:00 +0530] "GET /Scripts/AC_RunActiveContent.js HTTP/1.1" 304 - "http://www.cdmindia.gov.in/imp_links.php" "Mozilla/5.0 (Linux; U; Android 5.1.1; en-US; Lenovo A6020a40 Build/LMY47V) AppleWebKit/534.30 (KHTML, like Gecko) Version/4.0 UCBrowser/11.2.8.945 U3/0.8.0 Mobile Safari/534.30"
168.235.205.179 - - [10/Jun/2017:08:02:00 +0530] "GET /includes/ncdma.css HTTP/1.1" 304 - "http://www.cdmindia.gov.in/imp_links.php" "Mozilla/5.0 (Linux; U; Android 5.1.1; en-US; Lenovo A6020a40 Build/LMY47V) AppleWebKit/534.30 (KHTML, like Gecko) Version/4.0 UCBrowser/11.2.8.945 U3/0.8.0 Mobile Safari/534.30"
168.235.205.179 - - [10/Jun/2017:08:02:00 +0530] "GET /js/index_validations.js HTTP/1.1" 200 3143 "http://www.cdmindia.gov.in/imp_links.php" "Mozilla/5.0 (Linux; U; Android 5.1.1; en-US; Lenovo A6020a40 Build/LMY47V) AppleWebKit/534.30 (KHTML, like Gecko) Version/4.0 UCBrowser/11.2.8.945 U3/0.8.0 Mobile Safari/534.30"
168.235.205.179 - - [10/Jun/2017:08:02:00 +0530] "GET /ncdma.css HTTP/1.1" 304 - "http://www.cdmindia.gov.in/imp_links.php" "Mozilla/5.0 (Linux; U; Android 5.1.1; en-US; Lenovo A6020a40 Build/LMY47V) AppleWebKit/534.30 (KHTML, like Gecko) Version/4.0 UCBrowser/11.2.8.945 U3/0.8.0 Mobile Safari/534.30"
168.235.205.179 - - [10/Jun/2017:08:02:00 +0530] "GET /images/bulllet2.gif HTTP/1.1" 304 - "http://www.cdmindia.gov.in/imp_links.php" "Mozilla/5.0 (Linux; U; Android 5.1.1; en-US; Lenovo A6020a40 Build/LMY47V) AppleWebKit/534.30 (KHTML, like Gecko) Version/4.0 UCBrowser/11.2.8.945 U3/0.8.0 Mobile Safari/534.30"
168.235.205.179 - - [10/Jun/2017:08:02:00 +0530] "GET /images/fe.jpg HTTP/1.1" 200 1429 "http://www.cdmindia.gov.in/imp_links.php" "Mozilla/5.0 (Linux; U; Android 5.1.1; en-US; Lenovo A6020a40 Build/LMY47V) AppleWebKit/534.30 (KHTML, like Gecko) Version/4.0 UCBrowser/11.2.8.945 U3/0.8.0 Mobile Safari/534.30"
168.235.205.179 - - [10/Jun/2017:08:02:00 +0530] "GET /images/bullet3.gif HTTP/1.1" 200 58 "http://www.cdmindia.gov.in/imp_links.php" "Mozilla/5.0 (Linux; U; Android 5.1.1; en-US; Lenovo A6020a40 Build/LMY47V) AppleWebKit/534.30 (KHTML, like Gecko) Version/4.0 UCBrowser/11.2.8.945 U3/0.8.0 Mobile Safari/534.30"
168.235.205.179 - - [10/Jun/2017:08:02:00 +0530] "GET /images/h_il.jpg HTTP/1.1" 200 22106 "http://www.cdmindia.gov.in/imp_links.php" "Mozilla/5.0 (Linux; U; Android 5.1.1; en-US; Lenovo A6020a40 Build/LMY47V) AppleWebKit/534.30 (KHTML, like Gecko) Version/4.0 UCBrowser/11.2.8.945 U3/0.8.0 Mobile Safari/534.30"
168.235.205.179 - - [10/Jun/2017:08:02:01 +0530] "GET /images/login.jpg HTTP/1.1" 200 1044 "http://www.cdmindia.gov.in/imp_links.php" "Mozilla/5.0 (Linux; U; Android 5.1.1; en-US; Lenovo A6020a40 Build/LMY47V) AppleWebKit/534.30 (KHTML, like Gecko) Version/4.0 UCBrowser/11.2.8.945 U3/0.8.0 Mobile Safari/534.30"
213.136.78.88 - - [10/Jun/2017:08:03:57 +0530] "GET / HTTP/1.1" 200 19482 "http://www.google.se/" "Mozilla/4.0 (compatible; MSIE 6.0; Windows NT 5.0"
213.136.78.88 - - [10/Jun/2017:08:03:58 +0530] "GET / HTTP/1.1" 200 19482 "http://www.google.se/" "Mozilla/4.0 (compatible; MSIE 6.0; Windows NT 5.0"
213.136.78.88 - - [10/Jun/2017:08:03:58 +0530] "GET / HTTP/1.0" 200 19482 "-" "-"
180.76.15.159 - - [10/Jun/2017:08:03:59 +0530] "GET /project_details_view.php?id=191 HTTP/1.1" 200 14353 "-" "Mozilla/5.0 (compatible; Baiduspider/2.0; +http://www.baidu.com/search/spider.html)"
213.136.78.88 - - [10/Jun/2017:08:03:59 +0530] "GET / HTTP/1.0" 200 19482 "-" "-"
66.249.79.129 - - [10/Jun/2017:08:05:39 +0530] "GET /project_details_view.php?id=705 HTTP/1.1" 200 13776 "-" "Mozilla/5.0 (compatible; Googlebot/2.1; +http://www.google.com/bot.html)"
35.184.189.105 - - [10/Jun/2017:08:06:59 +0530] "GET /robots.txt HTTP/1.1" 404 208 "-" "ltx71 - (http://ltx71.com/)"
157.55.39.156 - - [10/Jun/2017:08:07:15 +0530] "GET /project_details_view.php?id=2142 HTTP/1.1" 200 14074 "-" "Mozilla/5.0 (compatible; bingbot/2.0; +http://www.bing.com/bingbot.htm)"
66.249.79.131 - - [10/Jun/2017:08:10:49 +0530] "GET /reports_list_details.php?id=tubkayrstf&reporttype=&page=160 HTTP/1.1" 200 22799 "-" "Mozilla/5.0 (compatible; Googlebot/2.1; +http://www.google.com/bot.html)"
157.55.39.98 - - [10/Jun/2017:08:14:14 +0530] "GET /approved_projects.php HTTP/1.1" 200 16644 "-" "Mozilla/5.0 (iPhone; CPU iPhone OS 7_0 like Mac OS X) AppleWebKit/537.51.1 (KHTML, like Gecko) Version/7.0 Mobile/11A465 Safari/9537.53 (compatible; bingbot/2.0; +http://www.bing.com/bingbot.htm)"
40.77.167.85 - - [10/Jun/2017:08:14:35 +0530] "GET /js/datepicker/calendar.gif HTTP/1.1" 200 235 "-" "Mozilla/5.0 (iPhone; CPU iPhone OS 7_0 like Mac OS X) AppleWebKit/537.51.1 (KHTML, like Gecko) Version/7.0 Mobile/11A465 Safari/9537.53 (compatible; bingbot/2.0; +http://www.bing.com/bingbot.htm)"
66.249.79.131 - - [10/Jun/2017:08:20:43 +0530] "GET /aboutus.php HTTP/1.1" 200 19599 "-" "Mozilla/5.0 (compatible; Googlebot/2.1; +http://www.google.com/bot.html)"
66.249.79.129 - - [10/Jun/2017:08:25:54 +0530] "GET /project_details_view.php?id=1307 HTTP/1.1" 200 14291 "-" "Mozilla/5.0 (Linux; Android 6.0.1; Nexus 5X Build/MMB29P) AppleWebKit/537.36 (KHTML, like Gecko) Chrome/41.0.2272.96 Mobile Safari/537.36 (compatible; Googlebot/2.1; +http://www.google.com/bot.html)"
35.184.189.105 - - [10/Jun/2017:08:27:51 +0530] "GET /robots.txt HTTP/1.1" 404 208 "-" "ltx71 - (http://ltx71.com/)"
64.233.173.136 - - [10/Jun/2017:08:28:30 +0530] "GET /project_details_view.php?id=1501 HTTP/1.1" 200 15178 "android-app://com.google.android.googlequicksearchbox" "Mozilla/5.0 (Linux; Android 6.0.1; Redmi Note 4 Build/MMB29M) AppleWebKit/537.36 (KHTML, like Gecko) Chrome/58.0.3029.83 Mobile Safari/537.36"
64.233.173.137 - - [10/Jun/2017:08:28:31 +0530] "GET /Scripts/AC_RunActiveContent.js HTTP/1.1" 200 8321 "http://www.cdmindia.gov.in/project_details_view.php?id=1501" "Mozilla/5.0 (Linux; Android 6.0.1; Redmi Note 4 Build/MMB29M) AppleWebKit/537.36 (KHTML, like Gecko) Chrome/58.0.3029.83 Mobile Safari/537.36"
64.233.173.138 - - [10/Jun/2017:08:28:31 +0530] "GET /includes/ncdma.css HTTP/1.1" 200 13023 "http://www.cdmindia.gov.in/project_details_view.php?id=1501" "Mozilla/5.0 (Linux; Android 6.0.1; Redmi Note 4 Build/MMB29M) AppleWebKit/537.36 (KHTML, like Gecko) Chrome/58.0.3029.83 Mobile Safari/537.36"
64.233.173.136 - - [10/Jun/2017:08:28:31 +0530] "GET /images/fdm.jpg HTTP/1.1" 200 2043 "http://www.cdmindia.gov.in/project_details_view.php?id=1501" "Mozilla/5.0 (Linux; Android 6.0.1; Redmi Note 4 Build/MMB29M) AppleWebKit/537.36 (KHTML, like Gecko) Chrome/58.0.3029.83 Mobile Safari/537.36"
64.233.173.136 - - [10/Jun/2017:08:28:31 +0530] "GET /images/spacer.gif HTTP/1.1" 200 43 "http://www.cdmindia.gov.in/project_details_view.php?id=1501" "Mozilla/5.0 (Linux; Android 6.0.1; Redmi Note 4 Build/MMB29M) AppleWebKit/537.36 (KHTML, like Gecko) Chrome/58.0.3029.83 Mobile Safari/537.36"
64.233.173.138 - - [10/Jun/2017:08:28:31 +0530] "GET /ncdma.css HTTP/1.1" 200 12640 "http://www.cdmindia.gov.in/project_details_view.php?id=1501" "Mozilla/5.0 (Linux; Android 6.0.1; Redmi Note 4 Build/MMB29M) AppleWebKit/537.36 (KHTML, like Gecko) Chrome/58.0.3029.83 Mobile Safari/537.36"
64.233.173.137 - - [10/Jun/2017:08:28:31 +0530] "GET /images/gtz.jpg HTTP/1.1" 200 15484 "http://www.cdmindia.gov.in/project_details_view.php?id=1501" "Mozilla/5.0 (Linux; Android 6.0.1; Redmi Note 4 Build/MMB29M) AppleWebKit/537.36 (KHTML, like Gecko) Chrome/58.0.3029.83 Mobile Safari/537.36"
64.233.173.138 - - [10/Jun/2017:08:28:31 +0530] "GET /images/bullet4.gif HTTP/1.1" 200 67 "http://www.cdmindia.gov.in/project_details_view.php?id=1501" "Mozilla/5.0 (Linux; Android 6.0.1; Redmi Note 4 Build/MMB29M) AppleWebKit/537.36 (KHTML, like Gecko) Chrome/58.0.3029.83 Mobile Safari/537.36"
64.233.173.138 - - [10/Jun/2017:08:28:31 +0530] "GET /images/img2.jpg HTTP/1.1" 200 16276 "http://www.cdmindia.gov.in/project_details_view.php?id=1501" "Mozilla/5.0 (Linux; Android 6.0.1; Redmi Note 4 Build/MMB29M) AppleWebKit/537.36 (KHTML, like Gecko) Chrome/58.0.3029.83 Mobile Safari/537.36"
64.233.173.137 - - [10/Jun/2017:08:28:31 +0530] "GET /images/bulllet2.gif HTTP/1.1" 200 58 "http://www.cdmindia.gov.in/project_details_view.php?id=1501" "Mozilla/5.0 (Linux; Android 6.0.1; Redmi Note 4 Build/MMB29M) AppleWebKit/537.36 (KHTML, like Gecko) Chrome/58.0.3029.83 Mobile Safari/537.36"
64.233.173.138 - - [10/Jun/2017:08:28:31 +0530] "GET /images/img3.jpg HTTP/1.1" 200 26957 "http://www.cdmindia.gov.in/project_details_view.php?id=1501" "Mozilla/5.0 (Linux; Android 6.0.1; Redmi Note 4 Build/MMB29M) AppleWebKit/537.36 (KHTML, like Gecko) Chrome/58.0.3029.83 Mobile Safari/537.36"
64.233.173.137 - - [10/Jun/2017:08:28:31 +0530] "GET /images/bullet1.gif HTTP/1.1" 200 67 "http://www.cdmindia.gov.in/project_details_view.php?id=1501" "Mozilla/5.0 (Linux; Android 6.0.1; Redmi Note 4 Build/MMB29M) AppleWebKit/537.36 (KHTML, like Gecko) Chrome/58.0.3029.83 Mobile Safari/537.36"
64.233.173.136 - - [10/Jun/2017:08:28:31 +0530] "GET /images/fbg.jpg HTTP/1.1" 200 325 "http://www.cdmindia.gov.in/project_details_view.php?id=1501" "Mozilla/5.0 (Linux; Android 6.0.1; Redmi Note 4 Build/MMB29M) AppleWebKit/537.36 (KHTML, like Gecko) Chrome/58.0.3029.83 Mobile Safari/537.36"
64.233.173.137 - - [10/Jun/2017:08:28:31 +0530] "GET /images/img1.jpg HTTP/1.1" 200 1251 "http://www.cdmindia.gov.in/project_details_view.php?id=1501" "Mozilla/5.0 (Linux; Android 6.0.1; Redmi Note 4 Build/MMB29M) AppleWebKit/537.36 (KHTML, like Gecko) Chrome/58.0.3029.83 Mobile Safari/537.36"
64.233.173.138 - - [10/Jun/2017:08:28:32 +0530] "GET /favicon.ico HTTP/1.1" 200 1189 "http://www.cdmindia.gov.in/project_details_view.php?id=1501" "Mozilla/5.0 (Linux; Android 6.0.1; Redmi Note 4 Build/MMB29M) AppleWebKit/537.36 (KHTML, like Gecko) Chrome/58.0.3029.83 Mobile Safari/537.36"
157.55.39.98 - - [10/Jun/2017:08:31:03 +0530] "GET /approved_projects.php?n=1 HTTP/1.1" 200 16644 "-" "Mozilla/5.0 (compatible; bingbot/2.0; +http://www.bing.com/bingbot.htm)"
64.233.173.138 - - [10/Jun/2017:08:31:09 +0530] "GET /project_details_view.php?id=1501 HTTP/1.1" 200 15178 "android-app://com.google.android.googlequicksearchbox" "Mozilla/5.0 (Linux; Android 6.0.1; Redmi Note 4 Build/MMB29M) AppleWebKit/537.36 (KHTML, like Gecko) Chrome/58.0.3029.83 Mobile Safari/537.36"
66.249.79.129 - - [10/Jun/2017:08:41:14 +0530] "GET /project_details_view.php?id=502&oid=&page=85&reporttype= HTTP/1.1" 200 14893 "-" "Mozilla/5.0 (compatible; Googlebot/2.1; +http://www.google.com/bot.html)"
40.77.167.85 - - [10/Jun/2017:08:43:52 +0530] "GET /news_more.php HTTP/1.1" 200 21063 "-" "Mozilla/5.0 (compatible; bingbot/2.0; +http://www.bing.com/bingbot.htm)"
35.184.189.105 - - [10/Jun/2017:08:45:24 +0530] "GET /robots.txt HTTP/1.1" 404 208 "-" "ltx71 - (http://ltx71.com/)"
35.184.189.105 - - [10/Jun/2017:08:46:44 +0530] "GET /reports_new.php?n=1 HTTP/1.1" 200 22413 "-" "ltx71 - (http://ltx71.com/)"
117.83.29.69 - - [10/Jun/2017:08:50:28 +0530] "GET /detail_news.php?id=3%20and%20char(124)%2Buser%2Bchar(124)=0 HTTP/1.1" 302 18399 "-" "Internet Explorer 6.0"
117.83.29.69 - - [10/Jun/2017:08:50:29 +0530] "GET /logout.php HTTP/1.1" 302 369 "-" "Internet Explorer 6.0"
117.83.29.69 - - [10/Jun/2017:08:50:30 +0530] "GET /index.php HTTP/1.1" 200 19482 "-" "Internet Explorer 6.0"
157.55.39.165 - - [10/Jun/2017:08:53:33 +0530] "GET /reports_new.php?n=1 HTTP/1.1" 200 22413 "-" "Mozilla/5.0 (compatible; bingbot/2.0; +http://www.bing.com/bingbot.htm)"
40.77.167.85 - - [10/Jun/2017:08:54:57 +0530] "GET /news_more.php HTTP/1.1" 200 21063 "-" "Mozilla/5.0 (compatible; bingbot/2.0; +http://www.bing.com/bingbot.htm)"
40.77.167.85 - - [10/Jun/2017:09:00:01 +0530] "GET /project_details_view.php?id=671 HTTP/1.1" 200 15102 "-" "Mozilla/5.0 (compatible; bingbot/2.0; +http://www.bing.com/bingbot.htm)"
157.55.39.156 - - [10/Jun/2017:09:00:16 +0530] "GET /downloads/New%20PCN.doc HTTP/1.1" 200 435200 "-" "Mozilla/5.0 (compatible; bingbot/2.0; +http://www.bing.com/bingbot.htm)"
157.55.39.98 - - [10/Jun/2017:09:01:43 +0530] "GET /downloads/Existing%20PCN.doc HTTP/1.1" 200 114176 "-" "Mozilla/5.0 (compatible; bingbot/2.0; +http://www.bing.com/bingbot.htm)"
220.227.121.34 - - [10/Jun/2017:09:01:45 +0530] "GET /project_details_view.php?id=609 HTTP/1.1" 200 15501 "https://www.google.co.in/" "Mozilla/5.0 (Windows NT 6.3; Win64; x64) AppleWebKit/537.36 (KHTML, like Gecko) Chrome/58.0.3029.110 Safari/537.36"
220.227.121.34 - - [10/Jun/2017:09:01:45 +0530] "GET /includes/ncdma.css HTTP/1.1" 200 13023 "http://www.cdmindia.gov.in/project_details_view.php?id=609" "Mozilla/5.0 (Windows NT 6.3; Win64; x64) AppleWebKit/537.36 (KHTML, like Gecko) Chrome/58.0.3029.110 Safari/537.36"
220.227.121.34 - - [10/Jun/2017:09:01:45 +0530] "GET /ncdma.css HTTP/1.1" 200 12640 "http://www.cdmindia.gov.in/project_details_view.php?id=609" "Mozilla/5.0 (Windows NT 6.3; Win64; x64) AppleWebKit/537.36 (KHTML, like Gecko) Chrome/58.0.3029.110 Safari/537.36"
220.227.121.34 - - [10/Jun/2017:09:01:45 +0530] "GET /Scripts/AC_RunActiveContent.js HTTP/1.1" 200 8321 "http://www.cdmindia.gov.in/project_details_view.php?id=609" "Mozilla/5.0 (Windows NT 6.3; Win64; x64) AppleWebKit/537.36 (KHTML, like Gecko) Chrome/58.0.3029.110 Safari/537.36"
220.227.121.34 - - [10/Jun/2017:09:01:45 +0530] "GET /images/img2.jpg HTTP/1.1" 200 16276 "http://www.cdmindia.gov.in/project_details_view.php?id=609" "Mozilla/5.0 (Windows NT 6.3; Win64; x64) AppleWebKit/537.36 (KHTML, like Gecko) Chrome/58.0.3029.110 Safari/537.36"
220.227.121.34 - - [10/Jun/2017:09:01:45 +0530] "GET /images/spacer.gif HTTP/1.1" 200 43 "http://www.cdmindia.gov.in/project_details_view.php?id=609" "Mozilla/5.0 (Windows NT 6.3; Win64; x64) AppleWebKit/537.36 (KHTML, like Gecko) Chrome/58.0.3029.110 Safari/537.36"
220.227.121.34 - - [10/Jun/2017:09:01:45 +0530] "GET /images/bullet1.gif HTTP/1.1" 200 67 "http://www.cdmindia.gov.in/project_details_view.php?id=609" "Mozilla/5.0 (Windows NT 6.3; Win64; x64) AppleWebKit/537.36 (KHTML, like Gecko) Chrome/58.0.3029.110 Safari/537.36"
220.227.121.34 - - [10/Jun/2017:09:01:45 +0530] "GET /images/bulllet2.gif HTTP/1.1" 200 58 "http://www.cdmindia.gov.in/project_details_view.php?id=609" "Mozilla/5.0 (Windows NT 6.3; Win64; x64) AppleWebKit/537.36 (KHTML, like Gecko) Chrome/58.0.3029.110 Safari/537.36"
220.227.121.34 - - [10/Jun/2017:09:01:45 +0530] "GET /images/bullet4.gif HTTP/1.1" 200 67 "http://www.cdmindia.gov.in/project_details_view.php?id=609" "Mozilla/5.0 (Windows NT 6.3; Win64; x64) AppleWebKit/537.36 (KHTML, like Gecko) Chrome/58.0.3029.110 Safari/537.36"
220.227.121.34 - - [10/Jun/2017:09:01:45 +0530] "GET /images/img3.jpg HTTP/1.1" 200 26957 "http://www.cdmindia.gov.in/project_details_view.php?id=609" "Mozilla/5.0 (Windows NT 6.3; Win64; x64) AppleWebKit/537.36 (KHTML, like Gecko) Chrome/58.0.3029.110 Safari/537.36"
220.227.121.34 - - [10/Jun/2017:09:01:45 +0530] "GET /images/img1.jpg HTTP/1.1" 200 1251 "http://www.cdmindia.gov.in/project_details_view.php?id=609" "Mozilla/5.0 (Windows NT 6.3; Win64; x64) AppleWebKit/537.36 (KHTML, like Gecko) Chrome/58.0.3029.110 Safari/537.36"
220.227.121.34 - - [10/Jun/2017:09:01:45 +0530] "GET /images/fdm.jpg HTTP/1.1" 200 2043 "http://www.cdmindia.gov.in/project_details_view.php?id=609" "Mozilla/5.0 (Windows NT 6.3; Win64; x64) AppleWebKit/537.36 (KHTML, like Gecko) Chrome/58.0.3029.110 Safari/537.36"
220.227.121.34 - - [10/Jun/2017:09:01:45 +0530] "GET /images/gtz.jpg HTTP/1.1" 200 15484 "http://www.cdmindia.gov.in/project_details_view.php?id=609" "Mozilla/5.0 (Windows NT 6.3; Win64; x64) AppleWebKit/537.36 (KHTML, like Gecko) Chrome/58.0.3029.110 Safari/537.36"
220.227.121.34 - - [10/Jun/2017:09:01:45 +0530] "GET /images/fbg.jpg HTTP/1.1" 200 325 "http://www.cdmindia.gov.in/project_details_view.php?id=609" "Mozilla/5.0 (Windows NT 6.3; Win64; x64) AppleWebKit/537.36 (KHTML, like Gecko) Chrome/58.0.3029.110 Safari/537.36"
220.227.121.34 - - [10/Jun/2017:09:01:45 +0530] "GET /favicon.ico HTTP/1.1" 200 1189 "http://www.cdmindia.gov.in/project_details_view.php?id=609" "Mozilla/5.0 (Windows NT 6.3; Win64; x64) AppleWebKit/537.36 (KHTML, like Gecko) Chrome/58.0.3029.110 Safari/537.36"
157.55.39.98 - - [10/Jun/2017:09:01:53 +0530] "GET /contactus.php HTTP/1.1" 200 18294 "-" "Mozilla/5.0 (compatible; bingbot/2.0; +http://www.bing.com/bingbot.htm)"
220.227.121.34 - - [10/Jun/2017:09:03:33 +0530] "GET /index.php HTTP/1.1" 200 19482 "http://www.cdmindia.gov.in/project_details_view.php?id=609" "Mozilla/5.0 (Windows NT 6.3; Win64; x64) AppleWebKit/537.36 (KHTML, like Gecko) Chrome/58.0.3029.110 Safari/537.36"
220.227.121.34 - - [10/Jun/2017:09:03:33 +0530] "GET /js/md5.js HTTP/1.1" 200 13194 "http://www.cdmindia.gov.in/index.php" "Mozilla/5.0 (Windows NT 6.3; Win64; x64) AppleWebKit/537.36 (KHTML, like Gecko) Chrome/58.0.3029.110 Safari/537.36"
220.227.121.34 - - [10/Jun/2017:09:03:33 +0530] "GET /js/base64_encode.js HTTP/1.1" 200 3002 "http://www.cdmindia.gov.in/index.php" "Mozilla/5.0 (Windows NT 6.3; Win64; x64) AppleWebKit/537.36 (KHTML, like Gecko) Chrome/58.0.3029.110 Safari/537.36"
220.227.121.34 - - [10/Jun/2017:09:03:33 +0530] "GET /images/login.jpg HTTP/1.1" 200 1044 "http://www.cdmindia.gov.in/index.php" "Mozilla/5.0 (Windows NT 6.3; Win64; x64) AppleWebKit/537.36 (KHTML, like Gecko) Chrome/58.0.3029.110 Safari/537.36"
220.227.121.34 - - [10/Jun/2017:09:03:33 +0530] "GET /images/fe.jpg HTTP/1.1" 200 1429 "http://www.cdmindia.gov.in/index.php" "Mozilla/5.0 (Windows NT 6.3; Win64; x64) AppleWebKit/537.36 (KHTML, like Gecko) Chrome/58.0.3029.110 Safari/537.36"
220.227.121.34 - - [10/Jun/2017:09:03:33 +0530] "GET /images/bullet3.gif HTTP/1.1" 200 58 "http://www.cdmindia.gov.in/index.php" "Mozilla/5.0 (Windows NT 6.3; Win64; x64) AppleWebKit/537.36 (KHTML, like Gecko) Chrome/58.0.3029.110 Safari/537.36"
220.227.121.34 - - [10/Jun/2017:09:03:33 +0530] "GET /images/login1.jpg HTTP/1.1" 200 618 "http://www.cdmindia.gov.in/index.php" "Mozilla/5.0 (Windows NT 6.3; Win64; x64) AppleWebKit/537.36 (KHTML, like Gecko) Chrome/58.0.3029.110 Safari/537.36"
220.227.121.34 - - [10/Jun/2017:09:03:46 +0530] "GET /future_projects.php HTTP/1.1" 200 26212 "http://www.cdmindia.gov.in/index.php" "Mozilla/5.0 (Windows NT 6.3; Win64; x64) AppleWebKit/537.36 (KHTML, like Gecko) Chrome/58.0.3029.110 Safari/537.36"
220.227.121.34 - - [10/Jun/2017:09:03:46 +0530] "GET /includes/CaptchaSecurityImages.php?width=80&height=30&characters=5 HTTP/1.1" 200 2141 "http://www.cdmindia.gov.in/future_projects.php" "Mozilla/5.0 (Windows NT 6.3; Win64; x64) AppleWebKit/537.36 (KHTML, like Gecko) Chrome/58.0.3029.110 Safari/537.36"
220.227.121.34 - - [10/Jun/2017:09:03:46 +0530] "GET /js/future_projects.js HTTP/1.1" 200 19436 "http://www.cdmindia.gov.in/future_projects.php" "Mozilla/5.0 (Windows NT 6.3; Win64; x64) AppleWebKit/537.36 (KHTML, like Gecko) Chrome/58.0.3029.110 Safari/537.36"
220.227.121.34 - - [10/Jun/2017:09:03:46 +0530] "GET /js/ajax_client.js HTTP/1.1" 200 20869 "http://www.cdmindia.gov.in/future_projects.php" "Mozilla/5.0 (Windows NT 6.3; Win64; x64) AppleWebKit/537.36 (KHTML, like Gecko) Chrome/58.0.3029.110 Safari/537.36"
220.227.121.34 - - [10/Jun/2017:09:03:54 +0530] "GET /approved_projects.php?n=1 HTTP/1.1" 200 16644 "http://www.cdmindia.gov.in/future_projects.php" "Mozilla/5.0 (Windows NT 6.3; Win64; x64) AppleWebKit/537.36 (KHTML, like Gecko) Chrome/58.0.3029.110 Safari/537.36"
220.227.121.34 - - [10/Jun/2017:09:03:54 +0530] "GET /js/datepicker/latest_demo.css HTTP/1.1" 200 574 "http://www.cdmindia.gov.in/approved_projects.php?n=1" "Mozilla/5.0 (Windows NT 6.3; Win64; x64) AppleWebKit/537.36 (KHTML, like Gecko) Chrome/58.0.3029.110 Safari/537.36"
220.227.121.34 - - [10/Jun/2017:09:03:54 +0530] "GET /js/datepicker/latest_datepicker.css HTTP/1.1" 200 2283 "http://www.cdmindia.gov.in/approved_projects.php?n=1" "Mozilla/5.0 (Windows NT 6.3; Win64; x64) AppleWebKit/537.36 (KHTML, like Gecko) Chrome/58.0.3029.110 Safari/537.36"
220.227.121.34 - - [10/Jun/2017:09:03:54 +0530] "GET /js/datepicker/latest_date.js HTTP/1.1" 200 11986 "http://www.cdmindia.gov.in/approved_projects.php?n=1" "Mozilla/5.0 (Windows NT 6.3; Win64; x64) AppleWebKit/537.36 (KHTML, like Gecko) Chrome/58.0.3029.110 Safari/537.36"
220.227.121.34 - - [10/Jun/2017:09:03:54 +0530] "GET /js/datepicker/latest_jquery.datePicker.js HTTP/1.1" 200 37423 "http://www.cdmindia.gov.in/approved_projects.php?n=1" "Mozilla/5.0 (Windows NT 6.3; Win64; x64) AppleWebKit/537.36 (KHTML, like Gecko) Chrome/58.0.3029.110 Safari/537.36"
220.227.121.34 - - [10/Jun/2017:09:03:54 +0530] "GET /js/jquery.js HTTP/1.1" 200 55774 "http://www.cdmindia.gov.in/approved_projects.php?n=1" "Mozilla/5.0 (Windows NT 6.3; Win64; x64) AppleWebKit/537.36 (KHTML, like Gecko) Chrome/58.0.3029.110 Safari/537.36"
220.227.121.34 - - [10/Jun/2017:09:03:54 +0530] "GET /js/datepicker/calendar.gif HTTP/1.1" 200 235 "http://www.cdmindia.gov.in/js/datepicker/latest_demo.css" "Mozilla/5.0 (Windows NT 6.3; Win64; x64) AppleWebKit/537.36 (KHTML, like Gecko) Chrome/58.0.3029.110 Safari/537.36"
220.227.121.34 - - [10/Jun/2017:09:04:19 +0530] "POST /approved_projects.php HTTP/1.1" 200 17283 "http://www.cdmindia.gov.in/approved_projects.php?n=1" "Mozilla/5.0 (Windows NT 6.3; Win64; x64) AppleWebKit/537.36 (KHTML, like Gecko) Chrome/58.0.3029.110 Safari/537.36"
220.227.121.34 - - [10/Jun/2017:09:04:33 +0530] "POST /approved_projects.php HTTP/1.1" 200 17782 "http://www.cdmindia.gov.in/approved_projects.php" "Mozilla/5.0 (Windows NT 6.3; Win64; x64) AppleWebKit/537.36 (KHTML, like Gecko) Chrome/58.0.3029.110 Safari/537.36"
220.227.121.34 - - [10/Jun/2017:09:04:46 +0530] "POST /approved_projects.php HTTP/1.1" 200 17750 "http://www.cdmindia.gov.in/approved_projects.php" "Mozilla/5.0 (Windows NT 6.3; Win64; x64) AppleWebKit/537.36 (KHTML, like Gecko) Chrome/58.0.3029.110 Safari/537.36"
220.227.121.34 - - [10/Jun/2017:09:04:55 +0530] "GET /downloads/Existing%20PCN.doc HTTP/1.1" 200 114176 "http://www.cdmindia.gov.in/approved_projects.php" "Mozilla/5.0 (Windows NT 6.3; Win64; x64) AppleWebKit/537.36 (KHTML, like Gecko) Chrome/58.0.3029.110 Safari/537.36"
220.227.121.34 - - [10/Jun/2017:09:05:25 +0530] "GET /downloads/New%20PCN.doc HTTP/1.1" 200 435200 "http://www.cdmindia.gov.in/approved_projects.php" "Mozilla/5.0 (Windows NT 6.3; Win64; x64) AppleWebKit/537.36 (KHTML, like Gecko) Chrome/58.0.3029.110 Safari/537.36"
157.55.39.165 - - [10/Jun/2017:09:06:54 +0530] "GET /aboutus.php HTTP/1.1" 200 19599 "-" "Mozilla/5.0 (iPhone; CPU iPhone OS 7_0 like Mac OS X) AppleWebKit/537.51.1 (KHTML, like Gecko) Version/7.0 Mobile/11A465 Safari/9537.53 (compatible; bingbot/2.0; +http://www.bing.com/bingbot.htm)"
157.55.39.165 - - [10/Jun/2017:09:07:12 +0530] "GET /images/h_aboutus.jpg HTTP/1.1" 200 21693 "-" "Mozilla/5.0 (iPhone; CPU iPhone OS 7_0 like Mac OS X) AppleWebKit/537.51.1 (KHTML, like Gecko) Version/7.0 Mobile/11A465 Safari/9537.53 (compatible; bingbot/2.0; +http://www.bing.com/bingbot.htm)"
157.55.39.165 - - [10/Jun/2017:09:09:40 +0530] "GET /aboutus.php HTTP/1.1" 200 19599 "-" "Mozilla/5.0 (compatible; bingbot/2.0; +http://www.bing.com/bingbot.htm)"
157.55.39.98 - - [10/Jun/2017:09:09:59 +0530] "GET /Approved_proj_reports_list_details.php?id=1&reporttype=1&scale=&sdt=&edt=&exec=&page=2 HTTP/1.1" 200 16558 "-" "Mozilla/5.0 (compatible; bingbot/2.0; +http://www.bing.com/bingbot.htm)"
27.59.110.232 - - [10/Jun/2017:09:10:18 +0530] "GET /project_details_view.php?id=80 HTTP/1.1" 200 14131 "https://www.google.co.in/" "Mozilla/5.0 (Linux; Android 5.1.1; Lenovo A6020a40 Build/LMY47V) AppleWebKit/537.36 (KHTML, like Gecko) Chrome/58.0.3029.83 Mobile Safari/537.36"
27.59.110.232 - - [10/Jun/2017:09:10:18 +0530] "GET /includes/ncdma.css HTTP/1.1" 200 13023 "http://www.cdmindia.gov.in/project_details_view.php?id=80" "Mozilla/5.0 (Linux; Android 5.1.1; Lenovo A6020a40 Build/LMY47V) AppleWebKit/537.36 (KHTML, like Gecko) Chrome/58.0.3029.83 Mobile Safari/537.36"
27.59.110.232 - - [10/Jun/2017:09:10:19 +0530] "GET /ncdma.css HTTP/1.1" 200 12640 "http://www.cdmindia.gov.in/project_details_view.php?id=80" "Mozilla/5.0 (Linux; Android 5.1.1; Lenovo A6020a40 Build/LMY47V) AppleWebKit/537.36 (KHTML, like Gecko) Chrome/58.0.3029.83 Mobile Safari/537.36"
27.59.110.232 - - [10/Jun/2017:09:10:19 +0530] "GET /Scripts/AC_RunActiveContent.js HTTP/1.1" 200 8321 "http://www.cdmindia.gov.in/project_details_view.php?id=80" "Mozilla/5.0 (Linux; Android 5.1.1; Lenovo A6020a40 Build/LMY47V) AppleWebKit/537.36 (KHTML, like Gecko) Chrome/58.0.3029.83 Mobile Safari/537.36"
27.59.110.232 - - [10/Jun/2017:09:10:19 +0530] "GET /images/img2.jpg HTTP/1.1" 200 16276 "http://www.cdmindia.gov.in/project_details_view.php?id=80" "Mozilla/5.0 (Linux; Android 5.1.1; Lenovo A6020a40 Build/LMY47V) AppleWebKit/537.36 (KHTML, like Gecko) Chrome/58.0.3029.83 Mobile Safari/537.36"
27.59.110.232 - - [10/Jun/2017:09:10:19 +0530] "GET /images/spacer.gif HTTP/1.1" 200 43 "http://www.cdmindia.gov.in/project_details_view.php?id=80" "Mozilla/5.0 (Linux; Android 5.1.1; Lenovo A6020a40 Build/LMY47V) AppleWebKit/537.36 (KHTML, like Gecko) Chrome/58.0.3029.83 Mobile Safari/537.36"
27.59.110.232 - - [10/Jun/2017:09:10:19 +0530] "GET /images/bullet1.gif HTTP/1.1" 200 67 "http://www.cdmindia.gov.in/project_details_view.php?id=80" "Mozilla/5.0 (Linux; Android 5.1.1; Lenovo A6020a40 Build/LMY47V) AppleWebKit/537.36 (KHTML, like Gecko) Chrome/58.0.3029.83 Mobile Safari/537.36"
27.59.110.232 - - [10/Jun/2017:09:10:19 +0530] "GET /images/bulllet2.gif HTTP/1.1" 200 58 "http://www.cdmindia.gov.in/project_details_view.php?id=80" "Mozilla/5.0 (Linux; Android 5.1.1; Lenovo A6020a40 Build/LMY47V) AppleWebKit/537.36 (KHTML, like Gecko) Chrome/58.0.3029.83 Mobile Safari/537.36"
27.59.110.232 - - [10/Jun/2017:09:10:19 +0530] "GET /images/img3.jpg HTTP/1.1" 200 26957 "http://www.cdmindia.gov.in/project_details_view.php?id=80" "Mozilla/5.0 (Linux; Android 5.1.1; Lenovo A6020a40 Build/LMY47V) AppleWebKit/537.36 (KHTML, like Gecko) Chrome/58.0.3029.83 Mobile Safari/537.36"
27.59.110.232 - - [10/Jun/2017:09:10:19 +0530] "GET /images/bullet4.gif HTTP/1.1" 200 67 "http://www.cdmindia.gov.in/project_details_view.php?id=80" "Mozilla/5.0 (Linux; Android 5.1.1; Lenovo A6020a40 Build/LMY47V) AppleWebKit/537.36 (KHTML, like Gecko) Chrome/58.0.3029.83 Mobile Safari/537.36"
27.59.110.232 - - [10/Jun/2017:09:10:19 +0530] "GET /images/img1.jpg HTTP/1.1" 200 1251 "http://www.cdmindia.gov.in/project_details_view.php?id=80" "Mozilla/5.0 (Linux; Android 5.1.1; Lenovo A6020a40 Build/LMY47V) AppleWebKit/537.36 (KHTML, like Gecko) Chrome/58.0.3029.83 Mobile Safari/537.36"
27.59.110.232 - - [10/Jun/2017:09:10:19 +0530] "GET /images/fbg.jpg HTTP/1.1" 200 325 "http://www.cdmindia.gov.in/project_details_view.php?id=80" "Mozilla/5.0 (Linux; Android 5.1.1; Lenovo A6020a40 Build/LMY47V) AppleWebKit/537.36 (KHTML, like Gecko) Chrome/58.0.3029.83 Mobile Safari/537.36"
27.59.110.232 - - [10/Jun/2017:09:10:19 +0530] "GET /images/fdm.jpg HTTP/1.1" 200 2043 "http://www.cdmindia.gov.in/project_details_view.php?id=80" "Mozilla/5.0 (Linux; Android 5.1.1; Lenovo A6020a40 Build/LMY47V) AppleWebKit/537.36 (KHTML, like Gecko) Chrome/58.0.3029.83 Mobile Safari/537.36"
27.59.110.232 - - [10/Jun/2017:09:10:19 +0530] "GET /images/gtz.jpg HTTP/1.1" 200 15484 "http://www.cdmindia.gov.in/project_details_view.php?id=80" "Mozilla/5.0 (Linux; Android 5.1.1; Lenovo A6020a40 Build/LMY47V) AppleWebKit/537.36 (KHTML, like Gecko) Chrome/58.0.3029.83 Mobile Safari/537.36"
27.59.110.232 - - [10/Jun/2017:09:10:20 +0530] "GET /favicon.ico HTTP/1.1" 200 1189 "http://www.cdmindia.gov.in/project_details_view.php?id=80" "Mozilla/5.0 (Linux; Android 5.1.1; Lenovo A6020a40 Build/LMY47V) AppleWebKit/537.36 (KHTML, like Gecko) Chrome/58.0.3029.83 Mobile Safari/537.36"
66.249.79.131 - - [10/Jun/2017:09:11:33 +0530] "GET /aboutus.php HTTP/1.1" 200 19599 "-" "Mozilla/5.0 (Linux; Android 6.0.1; Nexus 5X Build/MMB29P) AppleWebKit/537.36 (KHTML, like Gecko) Chrome/41.0.2272.96 Mobile Safari/537.36 (compatible; Googlebot/2.1; +http://www.google.com/bot.html)"
180.76.15.19 - - [10/Jun/2017:09:15:43 +0530] "GET /project_details_view_report.php?id=81 HTTP/1.1" 200 13101 "-" "Mozilla/5.0 (compatible; Baiduspider/2.0; +http://www.baidu.com/search/spider.html)"
35.184.189.105 - - [10/Jun/2017:09:16:36 +0530] "GET /robots.txt HTTP/1.1" 404 208 "-" "ltx71 - (http://ltx71.com/)"
103.193.77.242 - - [10/Jun/2017:09:17:59 +0530] "GET /project_details_view.php?id=800 HTTP/1.1" 200 14019 "https://www.google.co.in/" "Mozilla/5.0 (Windows NT 6.1; Win64; x64) AppleWebKit/537.36 (KHTML, like Gecko) Chrome/58.0.3029.110 Safari/537.36"
103.193.77.242 - - [10/Jun/2017:09:17:59 +0530] "GET /includes/ncdma.css HTTP/1.1" 200 13023 "http://www.cdmindia.gov.in/project_details_view.php?id=800" "Mozilla/5.0 (Windows NT 6.1; Win64; x64) AppleWebKit/537.36 (KHTML, like Gecko) Chrome/58.0.3029.110 Safari/537.36"
103.193.77.242 - - [10/Jun/2017:09:17:59 +0530] "GET /ncdma.css HTTP/1.1" 200 12640 "http://www.cdmindia.gov.in/project_details_view.php?id=800" "Mozilla/5.0 (Windows NT 6.1; Win64; x64) AppleWebKit/537.36 (KHTML, like Gecko) Chrome/58.0.3029.110 Safari/537.36"
103.193.77.242 - - [10/Jun/2017:09:18:00 +0530] "GET /Scripts/AC_RunActiveContent.js HTTP/1.1" 200 8321 "http://www.cdmindia.gov.in/project_details_view.php?id=800" "Mozilla/5.0 (Windows NT 6.1; Win64; x64) AppleWebKit/537.36 (KHTML, like Gecko) Chrome/58.0.3029.110 Safari/537.36"
103.193.77.242 - - [10/Jun/2017:09:18:00 +0530] "GET /images/img2.jpg HTTP/1.1" 200 16276 "http://www.cdmindia.gov.in/project_details_view.php?id=800" "Mozilla/5.0 (Windows NT 6.1; Win64; x64) AppleWebKit/537.36 (KHTML, like Gecko) Chrome/58.0.3029.110 Safari/537.36"
103.193.77.242 - - [10/Jun/2017:09:18:00 +0530] "GET /images/img3.jpg HTTP/1.1" 200 26957 "http://www.cdmindia.gov.in/project_details_view.php?id=800" "Mozilla/5.0 (Windows NT 6.1; Win64; x64) AppleWebKit/537.36 (KHTML, like Gecko) Chrome/58.0.3029.110 Safari/537.36"
103.193.77.242 - - [10/Jun/2017:09:18:00 +0530] "GET /images/spacer.gif HTTP/1.1" 200 43 "http://www.cdmindia.gov.in/project_details_view.php?id=800" "Mozilla/5.0 (Windows NT 6.1; Win64; x64) AppleWebKit/537.36 (KHTML, like Gecko) Chrome/58.0.3029.110 Safari/537.36"
103.193.77.242 - - [10/Jun/2017:09:18:00 +0530] "GET /images/bullet1.gif HTTP/1.1" 200 67 "http://www.cdmindia.gov.in/project_details_view.php?id=800" "Mozilla/5.0 (Windows NT 6.1; Win64; x64) AppleWebKit/537.36 (KHTML, like Gecko) Chrome/58.0.3029.110 Safari/537.36"
103.193.77.242 - - [10/Jun/2017:09:18:00 +0530] "GET /images/bullet4.gif HTTP/1.1" 200 67 "http://www.cdmindia.gov.in/project_details_view.php?id=800" "Mozilla/5.0 (Windows NT 6.1; Win64; x64) AppleWebKit/537.36 (KHTML, like Gecko) Chrome/58.0.3029.110 Safari/537.36"
103.193.77.242 - - [10/Jun/2017:09:18:00 +0530] "GET /images/fdm.jpg HTTP/1.1" 200 2043 "http://www.cdmindia.gov.in/project_details_view.php?id=800" "Mozilla/5.0 (Windows NT 6.1; Win64; x64) AppleWebKit/537.36 (KHTML, like Gecko) Chrome/58.0.3029.110 Safari/537.36"
103.193.77.242 - - [10/Jun/2017:09:18:00 +0530] "GET /images/bulllet2.gif HTTP/1.1" 200 58 "http://www.cdmindia.gov.in/project_details_view.php?id=800" "Mozilla/5.0 (Windows NT 6.1; Win64; x64) AppleWebKit/537.36 (KHTML, like Gecko) Chrome/58.0.3029.110 Safari/537.36"
103.193.77.242 - - [10/Jun/2017:09:18:03 +0530] "GET /images/gtz.jpg HTTP/1.1" 200 15484 "http://www.cdmindia.gov.in/project_details_view.php?id=800" "Mozilla/5.0 (Windows NT 6.1; Win64; x64) AppleWebKit/537.36 (KHTML, like Gecko) Chrome/58.0.3029.110 Safari/537.36"
103.193.77.242 - - [10/Jun/2017:09:18:03 +0530] "GET /images/img1.jpg HTTP/1.1" 200 1251 "http://www.cdmindia.gov.in/project_details_view.php?id=800" "Mozilla/5.0 (Windows NT 6.1; Win64; x64) AppleWebKit/537.36 (KHTML, like Gecko) Chrome/58.0.3029.110 Safari/537.36"
103.193.77.242 - - [10/Jun/2017:09:18:09 +0530] "GET /images/fbg.jpg HTTP/1.1" 200 325 "http://www.cdmindia.gov.in/project_details_view.php?id=800" "Mozilla/5.0 (Windows NT 6.1; Win64; x64) AppleWebKit/537.36 (KHTML, like Gecko) Chrome/58.0.3029.110 Safari/537.36"
103.193.77.242 - - [10/Jun/2017:09:18:10 +0530] "GET /favicon.ico HTTP/1.1" 200 1189 "http://www.cdmindia.gov.in/project_details_view.php?id=800" "Mozilla/5.0 (Windows NT 6.1; Win64; x64) AppleWebKit/537.36 (KHTML, like Gecko) Chrome/58.0.3029.110 Safari/537.36"
103.193.77.242 - - [10/Jun/2017:09:18:10 +0530] "GET /contactus.php HTTP/1.1" 200 18294 "http://www.cdmindia.gov.in/project_details_view.php?id=800" "Mozilla/5.0 (Windows NT 6.1; Win64; x64) AppleWebKit/537.36 (KHTML, like Gecko) Chrome/58.0.3029.110 Safari/537.36"
103.193.77.242 - - [10/Jun/2017:09:18:11 +0530] "GET /js/index_validations.js HTTP/1.1" 200 3143 "http://www.cdmindia.gov.in/contactus.php" "Mozilla/5.0 (Windows NT 6.1; Win64; x64) AppleWebKit/537.36 (KHTML, like Gecko) Chrome/58.0.3029.110 Safari/537.36"
103.193.77.242 - - [10/Jun/2017:09:18:11 +0530] "GET /images/login.jpg HTTP/1.1" 200 1044 "http://www.cdmindia.gov.in/contactus.php" "Mozilla/5.0 (Windows NT 6.1; Win64; x64) AppleWebKit/537.36 (KHTML, like Gecko) Chrome/58.0.3029.110 Safari/537.36"
103.193.77.242 - - [10/Jun/2017:09:18:11 +0530] "GET /images/login1.jpg HTTP/1.1" 200 618 "http://www.cdmindia.gov.in/contactus.php" "Mozilla/5.0 (Windows NT 6.1; Win64; x64) AppleWebKit/537.36 (KHTML, like Gecko) Chrome/58.0.3029.110 Safari/537.36"
103.193.77.242 - - [10/Jun/2017:09:18:11 +0530] "GET /images/h_contactus.jpg HTTP/1.1" 200 21787 "http://www.cdmindia.gov.in/contactus.php" "Mozilla/5.0 (Windows NT 6.1; Win64; x64) AppleWebKit/537.36 (KHTML, like Gecko) Chrome/58.0.3029.110 Safari/537.36"
103.193.77.242 - - [10/Jun/2017:09:18:14 +0530] "GET /images/bullet3.gif HTTP/1.1" 200 58 "http://www.cdmindia.gov.in/contactus.php" "Mozilla/5.0 (Windows NT 6.1; Win64; x64) AppleWebKit/537.36 (KHTML, like Gecko) Chrome/58.0.3029.110 Safari/537.36"
103.193.77.242 - - [10/Jun/2017:09:18:14 +0530] "GET /images/fe.jpg HTTP/1.1" 200 1429 "http://www.cdmindia.gov.in/contactus.php" "Mozilla/5.0 (Windows NT 6.1; Win64; x64) AppleWebKit/537.36 (KHTML, like Gecko) Chrome/58.0.3029.110 Safari/537.36"
66.249.79.129 - - [10/Jun/2017:09:18:33 +0530] "GET /project_details_view_report.php?id=328 HTTP/1.1" 200 13137 "-" "Mozilla/5.0 (Linux; Android 6.0.1; Nexus 5X Build/MMB29P) AppleWebKit/537.36 (KHTML, like Gecko) Chrome/41.0.2272.96 Mobile Safari/537.36 (compatible; Googlebot/2.1; +http://www.google.com/bot.html)"
103.193.77.242 - - [10/Jun/2017:09:18:55 +0530] "GET /project_details_view.php?id=800 HTTP/1.1" 200 14019 "https://www.google.co.in/" "Mozilla/5.0 (Windows NT 6.1; Win64; x64) AppleWebKit/537.36 (KHTML, like Gecko) Chrome/58.0.3029.110 Safari/537.36"
157.55.39.98 - - [10/Jun/2017:09:23:42 +0530] "GET /project_details_view_report.php?id=988 HTTP/1.1" 200 13168 "-" "Mozilla/5.0 (compatible; bingbot/2.0; +http://www.bing.com/bingbot.htm)"
156.205.46.36 - - [10/Jun/2017:09:24:28 +0530] "GET /wp-login.php HTTP/1.1" 404 210 "-" "Mozilla/5.0 (Windows NT 6.1; WOW64; rv:40.0) Gecko/20100101 Firefox/40.1"
156.205.46.36 - - [10/Jun/2017:09:24:29 +0530] "GET / HTTP/1.1" 200 19482 "-" "Mozilla/5.0 (Windows NT 6.1; WOW64; rv:40.0) Gecko/20100101 Firefox/40.1"
157.55.39.165 - - [10/Jun/2017:09:26:48 +0530] "GET /reports_new.php?n=1 HTTP/1.1" 200 22413 "-" "Mozilla/5.0 (compatible; bingbot/2.0; +http://www.bing.com/bingbot.htm)"
95.178.191.55 - - [10/Jun/2017:09:27:03 +0530] "GET /wp-login.php HTTP/1.1" 404 210 "-" "Mozilla/5.0 (Windows NT 6.1; WOW64; rv:40.0) Gecko/20100101 Firefox/40.1"
95.178.191.55 - - [10/Jun/2017:09:27:03 +0530] "GET / HTTP/1.1" 200 19482 "-" "Mozilla/5.0 (Windows NT 6.1; WOW64; rv:40.0) Gecko/20100101 Firefox/40.1"
103.193.77.242 - - [10/Jun/2017:09:27:48 +0530] "GET /project_details_view.php?id=800 HTTP/1.1" 200 14019 "https://www.google.co.in/" "Mozilla/5.0 (Windows NT 6.1; Win64; x64) AppleWebKit/537.36 (KHTML, like Gecko) Chrome/58.0.3029.110 Safari/537.36"
35.184.189.105 - - [10/Jun/2017:09:28:59 +0530] "GET /robots.txt HTTP/1.1" 404 208 "-" "ltx71 - (http://ltx71.com/)"
40.77.167.85 - - [10/Jun/2017:09:29:00 +0530] "GET /detail_news.php?id=19 HTTP/1.1" 302 19084 "-" "Mozilla/5.0 (compatible; bingbot/2.0; +http://www.bing.com/bingbot.htm)"
40.77.167.85 - - [10/Jun/2017:09:29:01 +0530] "GET /logout.php HTTP/1.1" 302 369 "-" "Mozilla/5.0 (compatible; bingbot/2.0; +http://www.bing.com/bingbot.htm)"
40.77.167.85 - - [10/Jun/2017:09:29:03 +0530] "GET /index.php HTTP/1.1" 200 19482 "-" "Mozilla/5.0 (compatible; bingbot/2.0; +http://www.bing.com/bingbot.htm)"
40.77.167.85 - - [10/Jun/2017:09:29:33 +0530] "GET /detail_news.php?id=19 HTTP/1.1" 302 19084 "-" "Mozilla/5.0 (iPhone; CPU iPhone OS 7_0 like Mac OS X) AppleWebKit/537.51.1 (KHTML, like Gecko) Version/7.0 Mobile/11A465 Safari/9537.53 (compatible; bingbot/2.0; +http://www.bing.com/bingbot.htm)"
40.77.167.85 - - [10/Jun/2017:09:29:34 +0530] "GET /logout.php HTTP/1.1" 302 369 "-" "Mozilla/5.0 (iPhone; CPU iPhone OS 7_0 like Mac OS X) AppleWebKit/537.51.1 (KHTML, like Gecko) Version/7.0 Mobile/11A465 Safari/9537.53 (compatible; bingbot/2.0; +http://www.bing.com/bingbot.htm)"
40.77.167.85 - - [10/Jun/2017:09:29:35 +0530] "GET /index.php HTTP/1.1" 200 19482 "-" "Mozilla/5.0 (iPhone; CPU iPhone OS 7_0 like Mac OS X) AppleWebKit/537.51.1 (KHTML, like Gecko) Version/7.0 Mobile/11A465 Safari/9537.53 (compatible; bingbot/2.0; +http://www.bing.com/bingbot.htm)"
66.249.79.129 - - [10/Jun/2017:09:30:54 +0530] "GET /project_details_view.php?id=1343&oid=1&page=26&reporttype=1 HTTP/1.1" 200 14359 "-" "Mozilla/5.0 (compatible; Googlebot/2.1; +http://www.google.com/bot.html)"
66.249.79.129 - - [10/Jun/2017:09:30:55 +0530] "GET /project_details_view.php?id=1338&oid=1&page=26&reporttype=1 HTTP/1.1" 200 14390 "-" "Mozilla/5.0 (compatible; Googlebot/2.1; +http://www.google.com/bot.html)"
66.249.79.131 - - [10/Jun/2017:09:30:56 +0530] "GET /project_details_view.php?id=1364&oid=1&page=24&reporttype=1 HTTP/1.1" 200 14142 "-" "Mozilla/5.0 (compatible; Googlebot/2.1; +http://www.google.com/bot.html)"
66.249.79.129 - - [10/Jun/2017:09:30:57 +0530] "GET /Approved_proj_reports_list_details.php?id=1&reporttype=1&scale=&sdt=2005-05-02&edt=2014-05-31&exec=Private&page=29 HTTP/1.1" 200 17587 "-" "Mozilla/5.0 (compatible; Googlebot/2.1; +http://www.google.com/bot.html)"
66.249.79.133 - - [10/Jun/2017:09:31:00 +0530] "GET /project_details_view.php?id=1389&oid=1&page=23&reporttype=1 HTTP/1.1" 200 14305 "-" "Mozilla/5.0 (compatible; Googlebot/2.1; +http://www.google.com/bot.html)"
66.249.79.131 - - [10/Jun/2017:09:31:01 +0530] "GET /project_details_view.php?id=1411&oid=1&page=22&reporttype=1 HTTP/1.1" 200 15901 "-" "Mozilla/5.0 (compatible; Googlebot/2.1; +http://www.google.com/bot.html)"
66.249.79.131 - - [10/Jun/2017:09:31:02 +0530] "GET /Approved_proj_reports_list_details.php?id=1&reporttype=1&scale=&sdt=2005-05-02&edt=2014-05-31&exec=Private&page=30 HTTP/1.1" 200 17565 "-" "Mozilla/5.0 (compatible; Googlebot/2.1; +http://www.google.com/bot.html)"
66.249.79.129 - - [10/Jun/2017:09:31:05 +0530] "GET /project_details_view.php?id=1374&oid=1&page=24&reporttype=1 HTTP/1.1" 200 14299 "-" "Mozilla/5.0 (compatible; Googlebot/2.1; +http://www.google.com/bot.html)"
66.249.79.131 - - [10/Jun/2017:09:31:06 +0530] "GET /project_details_view.php?id=1349&oid=1&page=25&reporttype=1 HTTP/1.1" 200 14032 "-" "Mozilla/5.0 (compatible; Googlebot/2.1; +http://www.google.com/bot.html)"
66.249.79.129 - - [10/Jun/2017:09:31:09 +0530] "GET /project_details_view.php?id=1360&oid=1&page=25&reporttype=1 HTTP/1.1" 200 14388 "-" "Mozilla/5.0 (compatible; Googlebot/2.1; +http://www.google.com/bot.html)"
66.249.79.129 - - [10/Jun/2017:09:31:11 +0530] "GET /Approved_proj_reports_list_details.php?id=1&reporttype=1&scale=&sdt=2005-05-02&edt=2014-05-31&exec=Private&page=27 HTTP/1.1" 200 17652 "-" "Mozilla/5.0 (compatible; Googlebot/2.1; +http://www.google.com/bot.html)"
66.249.79.129 - - [10/Jun/2017:09:31:14 +0530] "GET /project_details_view.php?id=1387&oid=1&page=23&reporttype=1 HTTP/1.1" 200 14323 "-" "Mozilla/5.0 (compatible; Googlebot/2.1; +http://www.google.com/bot.html)"
66.249.79.129 - - [10/Jun/2017:09:31:17 +0530] "GET /project_details_view.php?id=1412&oid=1&page=22&reporttype=1 HTTP/1.1" 200 14369 "-" "Mozilla/5.0 (compatible; Googlebot/2.1; +http://www.google.com/bot.html)"
66.249.79.129 - - [10/Jun/2017:09:31:20 +0530] "GET /project_details_view.php?id=1373&oid=1&page=24&reporttype=1 HTTP/1.1" 200 14245 "-" "Mozilla/5.0 (compatible; Googlebot/2.1; +http://www.google.com/bot.html)"
