66.249.79.131 - - [07/Jun/2017:06:28:55 +0530] "GET /project_details_view.php?id=1775&oid=1&page=13&reporttype=1 HTTP/1.1" 200 14194 "-" "Mozilla/5.0 (compatible; Googlebot/2.1; +http://www.google.com/bot.html)"
5.196.87.48 - - [07/Jun/2017:06:30:33 +0530] "GET /robots.txt HTTP/1.1" 404 208 "-" "Mozilla/5.0 (compatible; AhrefsBot/5.2; +http://ahrefs.com/robot/)"
40.77.167.85 - - [07/Jun/2017:06:31:47 +0530] "GET /downloads/Carbon%20Market%20Roadmap.pdf HTTP/1.1" 200 4344697 "-" "Mozilla/5.0 (compatible; bingbot/2.0; +http://www.bing.com/bingbot.htm)"
66.249.79.129 - - [07/Jun/2017:06:33:58 +0530] "GET /project_details_view.php?id=719&oid=&page=73&reporttype= HTTP/1.1" 200 14997 "-" "Mozilla/5.0 (compatible; Googlebot/2.1; +http://www.google.com/bot.html)"
157.55.39.239 - - [07/Jun/2017:06:34:13 +0530] "GET / HTTP/1.1" 200 19482 "-" "Mozilla/5.0 (compatible; bingbot/2.0; +http://www.bing.com/bingbot.htm)"
35.184.189.105 - - [07/Jun/2017:06:34:20 +0530] "GET /robots.txt HTTP/1.1" 404 208 "-" "ltx71 - (http://ltx71.com/)"
35.184.189.105 - - [07/Jun/2017:06:38:16 +0530] "GET /robots.txt HTTP/1.1" 404 208 "-" "ltx71 - (http://ltx71.com/)"
35.184.189.105 - - [07/Jun/2017:06:38:38 +0530] "GET /js/index_validations.js HTTP/1.1" 200 3143 "-" "ltx71 - (http://ltx71.com/)"
35.184.189.105 - - [07/Jun/2017:06:39:37 +0530] "GET /images/NCDMA%20PCN%20Format%2017072009.doc HTTP/1.1" 200 114176 "-" "ltx71 - (http://ltx71.com/)"
35.184.189.105 - - [07/Jun/2017:06:39:49 +0530] "GET /detail_news.php?id=11 HTTP/1.1" 302 18423 "-" "ltx71 - (http://ltx71.com/)"
171.6.167.88 - - [07/Jun/2017:06:43:29 +0530] "GET / HTTP/1.1" 200 19482 "-" "Mozilla/4.0 (compatible; MSIE 5.0; Windows NT; DigExt; DTS Agent"
180.76.15.135 - - [07/Jun/2017:06:46:53 +0530] "GET / HTTP/1.1" 200 19482 "-" "Mozilla/5.0 (compatible; Baiduspider/2.0; +http://www.baidu.com/search/spider.html)"
66.249.79.131 - - [07/Jun/2017:06:52:32 +0530] "GET /reportslist HTTP/1.1" 404 209 "-" "Mozilla/5.0 (compatible; Googlebot/2.1; +http://www.google.com/bot.html)"
35.184.189.105 - - [07/Jun/2017:06:54:52 +0530] "GET /robots.txt HTTP/1.1" 404 208 "-" "ltx71 - (http://ltx71.com/)"
40.77.167.85 - - [07/Jun/2017:06:56:22 +0530] "GET /project_details_view_report.php?id=1443 HTTP/1.1" 200 13181 "-" "Mozilla/5.0 (compatible; bingbot/2.0; +http://www.bing.com/bingbot.htm)"
199.30.25.228 - - [07/Jun/2017:06:56:22 +0530] "GET /js/index_validations.js HTTP/1.1" 200 3143 "http://www.cdmindia.gov.in/constitution.php" "Mozilla/5.0 (iPhone; CPU iPhone OS 7_0 like Mac OS X) AppleWebKit/537.51.1 (KHTML, like Gecko) Version/7.0 Mobile/11A465 Safari/9537.53 BingPreview/1.0b"
66.249.79.129 - - [07/Jun/2017:07:05:32 +0530] "GET /project_details_view.php?id=246 HTTP/1.1" 200 14771 "-" "Mozilla/5.0 (compatible; Googlebot/2.1; +http://www.google.com/bot.html)"
157.55.39.98 - - [07/Jun/2017:07:13:37 +0530] "GET /project_details_view.php?id=1547 HTTP/1.1" 200 13907 "-" "Mozilla/5.0 (iPhone; CPU iPhone OS 7_0 like Mac OS X) AppleWebKit/537.51.1 (KHTML, like Gecko) Version/7.0 Mobile/11A465 Safari/9537.53 (compatible; bingbot/2.0; +http://www.bing.com/bingbot.htm)"
66.249.79.131 - - [07/Jun/2017:07:14:45 +0530] "GET / HTTP/1.1" 200 19482 "-" "Mozilla/5.0 (Linux; Android 6.0.1; Nexus 5X Build/MMB29P) AppleWebKit/537.36 (KHTML, like Gecko) Chrome/41.0.2272.96 Mobile Safari/537.36 (compatible; Googlebot/2.1; +http://www.google.com/bot.html)"
157.55.39.98 - - [07/Jun/2017:07:15:57 +0530] "GET /reports_list_details.php?id=Gujarat&reporttype=2&page=2 HTTP/1.1" 200 21493 "-" "Mozilla/5.0 (compatible; bingbot/2.0; +http://www.bing.com/bingbot.htm)"
41.102.92.249 - - [07/Jun/2017:07:18:33 +0530] "GET /project_details_view.php?id=1186'A=0 HTTP/1.1" 200 11452 "http://www.cdmindia.gov.in/project_details_view.php?id=1186'A=0" "Mozilla/5.0 (Windows; U; Windows NT 5.1; pt-PT; rv:1.9.1.2) Gecko/20090729 Firefox/3.5.2 (.NET CLR 3.5.30729)"
157.55.39.98 - - [07/Jun/2017:07:18:35 +0530] "GET /project_details_view_report.php?id=1222 HTTP/1.1" 200 13179 "-" "Mozilla/5.0 (compatible; bingbot/2.0; +http://www.bing.com/bingbot.htm)"
40.77.167.85 - - [07/Jun/2017:07:21:27 +0530] "GET /future_projects.php HTTP/1.1" 302 26212 "-" "Mozilla/5.0 (compatible; bingbot/2.0; +http://www.bing.com/bingbot.htm)"
40.77.167.85 - - [07/Jun/2017:07:21:28 +0530] "GET /logout.php HTTP/1.1" 302 369 "-" "Mozilla/5.0 (compatible; bingbot/2.0; +http://www.bing.com/bingbot.htm)"
40.77.167.85 - - [07/Jun/2017:07:21:29 +0530] "GET /index.php HTTP/1.1" 200 19482 "-" "Mozilla/5.0 (compatible; bingbot/2.0; +http://www.bing.com/bingbot.htm)"
35.184.189.105 - - [07/Jun/2017:07:24:30 +0530] "GET /robots.txt HTTP/1.1" 404 208 "-" "ltx71 - (http://ltx71.com/)"
66.249.79.131 - - [07/Jun/2017:07:27:11 +0530] "GET /project_details_view_report.php?id=722 HTTP/1.1" 200 13169 "-" "Mozilla/5.0 (compatible; Googlebot/2.1; +http://www.google.com/bot.html)"
216.244.66.248 - - [07/Jun/2017:07:30:50 +0530] "GET /robots.txt HTTP/1.1" 404 208 "-" "Mozilla/5.0 (compatible; DotBot/1.1; http://www.opensiteexplorer.org/dotbot, help@moz.com)"
157.55.39.98 - - [07/Jun/2017:07:31:18 +0530] "GET /project_details_view.php?id=1019 HTTP/1.1" 200 13806 "-" "Mozilla/5.0 (iPhone; CPU iPhone OS 7_0 like Mac OS X) AppleWebKit/537.51.1 (KHTML, like Gecko) Version/7.0 Mobile/11A465 Safari/9537.53 (compatible; bingbot/2.0; +http://www.bing.com/bingbot.htm)"
64.233.173.136 - - [07/Jun/2017:07:32:15 +0530] "GET /project_details_view.php?id=388 HTTP/1.1" 200 15323 "android-app://com.google.android.googlequicksearchbox" "Mozilla/5.0 (Linux; Android 6.0; A97 Build/MRA58K) AppleWebKit/537.36 (KHTML, like Gecko) Chrome/50.0.2661.89 Mobile Safari/537.36"
64.233.173.137 - - [07/Jun/2017:07:32:16 +0530] "GET /includes/ncdma.css HTTP/1.1" 200 13023 "http://www.cdmindia.gov.in/project_details_view.php?id=388" "Mozilla/5.0 (Linux; Android 6.0; A97 Build/MRA58K) AppleWebKit/537.36 (KHTML, like Gecko) Chrome/50.0.2661.89 Mobile Safari/537.36"
64.233.173.136 - - [07/Jun/2017:07:32:16 +0530] "GET /images/bulllet2.gif HTTP/1.1" 200 58 "http://www.cdmindia.gov.in/project_details_view.php?id=388" "Mozilla/5.0 (Linux; Android 6.0; A97 Build/MRA58K) AppleWebKit/537.36 (KHTML, like Gecko) Chrome/50.0.2661.89 Mobile Safari/537.36"
64.233.173.137 - - [07/Jun/2017:07:32:16 +0530] "GET /images/gtz.jpg HTTP/1.1" 200 15484 "http://www.cdmindia.gov.in/project_details_view.php?id=388" "Mozilla/5.0 (Linux; Android 6.0; A97 Build/MRA58K) AppleWebKit/537.36 (KHTML, like Gecko) Chrome/50.0.2661.89 Mobile Safari/537.36"
64.233.173.136 - - [07/Jun/2017:07:32:16 +0530] "GET /Scripts/AC_RunActiveContent.js HTTP/1.1" 200 8321 "http://www.cdmindia.gov.in/project_details_view.php?id=388" "Mozilla/5.0 (Linux; Android 6.0; A97 Build/MRA58K) AppleWebKit/537.36 (KHTML, like Gecko) Chrome/50.0.2661.89 Mobile Safari/537.36"
64.233.173.137 - - [07/Jun/2017:07:32:16 +0530] "GET /images/bullet4.gif HTTP/1.1" 200 67 "http://www.cdmindia.gov.in/project_details_view.php?id=388" "Mozilla/5.0 (Linux; Android 6.0; A97 Build/MRA58K) AppleWebKit/537.36 (KHTML, like Gecko) Chrome/50.0.2661.89 Mobile Safari/537.36"
64.233.173.136 - - [07/Jun/2017:07:32:16 +0530] "GET /images/bullet1.gif HTTP/1.1" 200 67 "http://www.cdmindia.gov.in/project_details_view.php?id=388" "Mozilla/5.0 (Linux; Android 6.0; A97 Build/MRA58K) AppleWebKit/537.36 (KHTML, like Gecko) Chrome/50.0.2661.89 Mobile Safari/537.36"
64.233.173.136 - - [07/Jun/2017:07:32:16 +0530] "GET /ncdma.css HTTP/1.1" 200 12640 "http://www.cdmindia.gov.in/project_details_view.php?id=388" "Mozilla/5.0 (Linux; Android 6.0; A97 Build/MRA58K) AppleWebKit/537.36 (KHTML, like Gecko) Chrome/50.0.2661.89 Mobile Safari/537.36"
64.233.173.136 - - [07/Jun/2017:07:32:16 +0530] "GET /images/fdm.jpg HTTP/1.1" 200 2043 "http://www.cdmindia.gov.in/project_details_view.php?id=388" "Mozilla/5.0 (Linux; Android 6.0; A97 Build/MRA58K) AppleWebKit/537.36 (KHTML, like Gecko) Chrome/50.0.2661.89 Mobile Safari/537.36"
64.233.173.136 - - [07/Jun/2017:07:32:16 +0530] "GET /images/img2.jpg HTTP/1.1" 200 16276 "http://www.cdmindia.gov.in/project_details_view.php?id=388" "Mozilla/5.0 (Linux; Android 6.0; A97 Build/MRA58K) AppleWebKit/537.36 (KHTML, like Gecko) Chrome/50.0.2661.89 Mobile Safari/537.36"
64.233.173.137 - - [07/Jun/2017:07:32:16 +0530] "GET /images/spacer.gif HTTP/1.1" 200 43 "http://www.cdmindia.gov.in/project_details_view.php?id=388" "Mozilla/5.0 (Linux; Android 6.0; A97 Build/MRA58K) AppleWebKit/537.36 (KHTML, like Gecko) Chrome/50.0.2661.89 Mobile Safari/537.36"
64.233.173.138 - - [07/Jun/2017:07:32:16 +0530] "GET /images/img3.jpg HTTP/1.1" 200 26957 "http://www.cdmindia.gov.in/project_details_view.php?id=388" "Mozilla/5.0 (Linux; Android 6.0; A97 Build/MRA58K) AppleWebKit/537.36 (KHTML, like Gecko) Chrome/50.0.2661.89 Mobile Safari/537.36"
64.233.173.136 - - [07/Jun/2017:07:32:17 +0530] "GET /images/img1.jpg HTTP/1.1" 200 1251 "http://www.cdmindia.gov.in/project_details_view.php?id=388" "Mozilla/5.0 (Linux; Android 6.0; A97 Build/MRA58K) AppleWebKit/537.36 (KHTML, like Gecko) Chrome/50.0.2661.89 Mobile Safari/537.36"
64.233.173.137 - - [07/Jun/2017:07:32:17 +0530] "GET /images/fbg.jpg HTTP/1.1" 200 325 "http://www.cdmindia.gov.in/project_details_view.php?id=388" "Mozilla/5.0 (Linux; Android 6.0; A97 Build/MRA58K) AppleWebKit/537.36 (KHTML, like Gecko) Chrome/50.0.2661.89 Mobile Safari/537.36"
64.233.173.137 - - [07/Jun/2017:07:32:17 +0530] "GET /favicon.ico HTTP/1.1" 200 1189 "http://www.cdmindia.gov.in/project_details_view.php?id=388" "Mozilla/5.0 (Linux; Android 6.0; A97 Build/MRA58K) AppleWebKit/537.36 (KHTML, like Gecko) Chrome/50.0.2661.89 Mobile Safari/537.36"
180.76.15.146 - - [07/Jun/2017:07:33:14 +0530] "GET /project_details_view.php?id=595 HTTP/1.1" 200 13886 "-" "Mozilla/5.0 (compatible; Baiduspider/2.0; +http://www.baidu.com/search/spider.html)"
40.77.167.85 - - [07/Jun/2017:07:37:03 +0530] "GET /detail_news.php?id=19 HTTP/1.1" 302 19084 "-" "Mozilla/5.0 (iPhone; CPU iPhone OS 7_0 like Mac OS X) AppleWebKit/537.51.1 (KHTML, like Gecko) Version/7.0 Mobile/11A465 Safari/9537.53 (compatible; bingbot/2.0; +http://www.bing.com/bingbot.htm)"
40.77.167.85 - - [07/Jun/2017:07:37:04 +0530] "GET /logout.php HTTP/1.1" 302 369 "-" "Mozilla/5.0 (iPhone; CPU iPhone OS 7_0 like Mac OS X) AppleWebKit/537.51.1 (KHTML, like Gecko) Version/7.0 Mobile/11A465 Safari/9537.53 (compatible; bingbot/2.0; +http://www.bing.com/bingbot.htm)"
40.77.167.85 - - [07/Jun/2017:07:37:05 +0530] "GET /index.php HTTP/1.1" 200 19482 "-" "Mozilla/5.0 (iPhone; CPU iPhone OS 7_0 like Mac OS X) AppleWebKit/537.51.1 (KHTML, like Gecko) Version/7.0 Mobile/11A465 Safari/9537.53 (compatible; bingbot/2.0; +http://www.bing.com/bingbot.htm)"
66.249.79.133 - - [07/Jun/2017:07:37:35 +0530] "GET /project_details_view_report.php?id=639 HTTP/1.1" 200 13173 "-" "Mozilla/5.0 (compatible; Googlebot/2.1; +http://www.google.com/bot.html)"
211.6.122.120 - - [07/Jun/2017:07:42:07 +0530] "GET / HTTP/1.1" 200 19482 "-" "Mozilla/5.0 (Windows NT 5.1; rv:6.0.2) Gecko/20100101 Firefox/6.0.2"
66.249.79.131 - - [07/Jun/2017:07:48:07 +0530] "GET /project_details_view_report.php?id=640 HTTP/1.1" 200 13197 "-" "Mozilla/5.0 (compatible; Googlebot/2.1; +http://www.google.com/bot.html)"
35.184.189.105 - - [07/Jun/2017:07:49:35 +0530] "GET /robots.txt HTTP/1.1" 404 208 "-" "ltx71 - (http://ltx71.com/)"
66.249.79.131 - - [07/Jun/2017:07:52:54 +0530] "GET /project_details_view_report.php?id=818 HTTP/1.1" 200 13177 "-" "Mozilla/5.0 (compatible; Googlebot/2.1; +http://www.google.com/bot.html)"
157.55.39.98 - - [07/Jun/2017:07:53:23 +0530] "GET /downloads/Existing%20PCN.doc HTTP/1.1" 200 114176 "-" "Mozilla/5.0 (compatible; bingbot/2.0; +http://www.bing.com/bingbot.htm)"
220.181.108.177 - - [07/Jun/2017:07:54:24 +0530] "GET / HTTP/1.1" 200 19482 "-" "Mozilla/5.0 (compatible; Baiduspider/2.0; +http://www.baidu.com/search/spider.html)"
66.249.79.133 - - [07/Jun/2017:07:54:58 +0530] "GET /project_details_view_report.php?id=304 HTTP/1.1" 200 13108 "-" "Mozilla/5.0 (compatible; Googlebot/2.1; +http://www.google.com/bot.html)"
66.249.79.133 - - [07/Jun/2017:07:57:35 +0530] "GET /project_details_view_report.php?id=1370 HTTP/1.1" 200 13145 "-" "Mozilla/5.0 (compatible; Googlebot/2.1; +http://www.google.com/bot.html)"
40.77.167.151 - - [07/Jun/2017:08:01:55 +0530] "GET /capacity_building.php HTTP/1.1" 200 19188 "-" "Mozilla/5.0 (compatible; bingbot/2.0; +http://www.bing.com/bingbot.htm)"
66.249.79.129 - - [07/Jun/2017:08:02:42 +0530] "GET /project_details_view_report.php?id=129 HTTP/1.1" 200 13138 "-" "Mozilla/5.0 (compatible; Googlebot/2.1; +http://www.google.com/bot.html)"
157.55.39.98 - - [07/Jun/2017:08:04:05 +0530] "GET /project_details_view.php?id=1335 HTTP/1.1" 200 14352 "-" "Mozilla/5.0 (iPhone; CPU iPhone OS 7_0 like Mac OS X) AppleWebKit/537.51.1 (KHTML, like Gecko) Version/7.0 Mobile/11A465 Safari/9537.53 (compatible; bingbot/2.0; +http://www.bing.com/bingbot.htm)"
40.77.167.85 - - [07/Jun/2017:08:04:36 +0530] "GET /project_details_view.php?id=1313 HTTP/1.1" 200 15357 "-" "Mozilla/5.0 (compatible; bingbot/2.0; +http://www.bing.com/bingbot.htm)"
66.249.79.129 - - [07/Jun/2017:08:06:31 +0530] "GET /project_details_view_report.php?id=1337 HTTP/1.1" 200 13293 "-" "Mozilla/5.0 (compatible; Googlebot/2.1; +http://www.google.com/bot.html)"
216.244.66.248 - - [07/Jun/2017:08:08:32 +0530] "GET /events_more.php HTTP/1.1" 200 16907 "-" "Mozilla/5.0 (compatible; DotBot/1.1; http://www.opensiteexplorer.org/dotbot, help@moz.com)"
40.77.167.151 - - [07/Jun/2017:08:11:13 +0530] "GET /imp_links.php HTTP/1.1" 200 17836 "-" "Mozilla/5.0 (compatible; bingbot/2.0; +http://www.bing.com/bingbot.htm)"
66.249.79.95 - - [07/Jun/2017:08:11:28 +0530] "GET / HTTP/1.1" 200 19482 "-" "Mozilla/5.0 (compatible; Googlebot/2.1; +http://www.google.com/bot.html)"
40.77.167.151 - - [07/Jun/2017:08:13:51 +0530] "GET /aboutus.php HTTP/1.1" 200 19599 "-" "Mozilla/5.0 (compatible; bingbot/2.0; +http://www.bing.com/bingbot.htm)"
66.249.79.131 - - [07/Jun/2017:08:15:23 +0530] "GET /project_details_view_report.php?id=1341 HTTP/1.1" 200 13187 "-" "Mozilla/5.0 (compatible; Googlebot/2.1; +http://www.google.com/bot.html)"
66.249.79.131 - - [07/Jun/2017:08:16:14 +0530] "GET / HTTP/1.1" 200 19482 "-" "Mozilla/5.0 (compatible; Googlebot/2.1; +http://www.google.com/bot.html)"
176.31.126.56 - - [07/Jun/2017:08:16:58 +0530] "GET /robots.txt HTTP/1.0" 404 208 "-" ""
176.31.126.56 - - [07/Jun/2017:08:16:58 +0530] "GET / HTTP/1.1" 200 19482 "-" "Mozilla/5.0 (X11; Linux i686) AppleWebKit/534.30 (KHTML, like Gecko) Slackware/Chrome/12.0.742.100 Safari/534.30"
176.31.126.56 - - [07/Jun/2017:08:17:01 +0530] "GET /index.php HTTP/1.1" 200 19482 "-" "Mozilla/5.0 (X11; Linux i686) AppleWebKit/534.30 (KHTML, like Gecko) Slackware/Chrome/12.0.742.100 Safari/534.30"
176.31.126.56 - - [07/Jun/2017:08:17:04 +0530] "GET /aboutus.php HTTP/1.1" 200 19599 "-" "Mozilla/5.0 (X11; Linux i686) AppleWebKit/534.30 (KHTML, like Gecko) Slackware/Chrome/12.0.742.100 Safari/534.30"
176.31.126.56 - - [07/Jun/2017:08:17:07 +0530] "GET /contactus.php HTTP/1.1" 200 18294 "-" "Mozilla/5.0 (X11; Linux i686) AppleWebKit/534.30 (KHTML, like Gecko) Slackware/Chrome/12.0.742.100 Safari/534.30"
176.31.126.56 - - [07/Jun/2017:08:17:09 +0530] "GET /sitemap.php HTTP/1.1" 200 18471 "-" "Mozilla/5.0 (X11; Linux i686) AppleWebKit/534.30 (KHTML, like Gecko) Slackware/Chrome/12.0.742.100 Safari/534.30"
176.31.126.56 - - [07/Jun/2017:08:17:12 +0530] "GET /constitution.php HTTP/1.1" 200 23671 "-" "Mozilla/5.0 (X11; Linux i686) AppleWebKit/534.30 (KHTML, like Gecko) Slackware/Chrome/12.0.742.100 Safari/534.30"
176.31.126.56 - - [07/Jun/2017:08:17:15 +0530] "GET /approval_process.php HTTP/1.1" 200 25914 "-" "Mozilla/5.0 (X11; Linux i686) AppleWebKit/534.30 (KHTML, like Gecko) Slackware/Chrome/12.0.742.100 Safari/534.30"
176.31.126.56 - - [07/Jun/2017:08:17:17 +0530] "GET /capacity_building.php HTTP/1.1" 200 19188 "-" "Mozilla/5.0 (X11; Linux i686) AppleWebKit/534.30 (KHTML, like Gecko) Slackware/Chrome/12.0.742.100 Safari/534.30"
176.31.126.56 - - [07/Jun/2017:08:17:20 +0530] "GET /future_projects.php HTTP/1.1" 302 26212 "-" "Mozilla/5.0 (X11; Linux i686) AppleWebKit/534.30 (KHTML, like Gecko) Slackware/Chrome/12.0.742.100 Safari/534.30"
176.31.126.56 - - [07/Jun/2017:08:17:22 +0530] "GET /reports_new.php?n=1 HTTP/1.1" 200 22413 "-" "Mozilla/5.0 (X11; Linux i686) AppleWebKit/534.30 (KHTML, like Gecko) Slackware/Chrome/12.0.742.100 Safari/534.30"
176.31.126.56 - - [07/Jun/2017:08:17:25 +0530] "GET /approved_projects.php?n=1 HTTP/1.1" 200 16644 "-" "Mozilla/5.0 (X11; Linux i686) AppleWebKit/534.30 (KHTML, like Gecko) Slackware/Chrome/12.0.742.100 Safari/534.30"
176.31.126.56 - - [07/Jun/2017:08:17:27 +0530] "GET /imp_links.php HTTP/1.1" 200 17836 "-" "Mozilla/5.0 (X11; Linux i686) AppleWebKit/534.30 (KHTML, like Gecko) Slackware/Chrome/12.0.742.100 Safari/534.30"
176.31.126.56 - - [07/Jun/2017:08:17:30 +0530] "GET /detail_news.php?id=20 HTTP/1.1" 302 18268 "-" "Mozilla/5.0 (X11; Linux i686) AppleWebKit/534.30 (KHTML, like Gecko) Slackware/Chrome/12.0.742.100 Safari/534.30"
176.31.126.56 - - [07/Jun/2017:08:17:32 +0530] "GET /detail_news.php?id=19 HTTP/1.1" 302 19084 "-" "Mozilla/5.0 (X11; Linux i686) AppleWebKit/534.30 (KHTML, like Gecko) Slackware/Chrome/12.0.742.100 Safari/534.30"
176.31.126.56 - - [07/Jun/2017:08:17:35 +0530] "GET /detail_news.php?id=18 HTTP/1.1" 302 18715 "-" "Mozilla/5.0 (X11; Linux i686) AppleWebKit/534.30 (KHTML, like Gecko) Slackware/Chrome/12.0.742.100 Safari/534.30"
176.31.126.56 - - [07/Jun/2017:08:17:37 +0530] "GET /news_more.php HTTP/1.1" 200 21063 "-" "Mozilla/5.0 (X11; Linux i686) AppleWebKit/534.30 (KHTML, like Gecko) Slackware/Chrome/12.0.742.100 Safari/534.30"
176.31.126.56 - - [07/Jun/2017:08:17:40 +0530] "GET /registration.php HTTP/1.1" 302 28531 "-" "Mozilla/5.0 (X11; Linux i686) AppleWebKit/534.30 (KHTML, like Gecko) Slackware/Chrome/12.0.742.100 Safari/534.30"
176.31.126.56 - - [07/Jun/2017:08:17:42 +0530] "GET /detail_events.php?id= HTTP/1.1" 302 16740 "-" "Mozilla/5.0 (X11; Linux i686) AppleWebKit/534.30 (KHTML, like Gecko) Slackware/Chrome/12.0.742.100 Safari/534.30"
176.31.126.56 - - [07/Jun/2017:08:17:45 +0530] "GET /events_more.php HTTP/1.1" 200 16907 "-" "Mozilla/5.0 (X11; Linux i686) AppleWebKit/534.30 (KHTML, like Gecko) Slackware/Chrome/12.0.742.100 Safari/534.30"
176.31.126.56 - - [07/Jun/2017:08:17:47 +0530] "GET /logout.php HTTP/1.1" 302 369 "-" "Mozilla/5.0 (X11; Linux i686) AppleWebKit/534.30 (KHTML, like Gecko) Slackware/Chrome/12.0.742.100 Safari/534.30"
176.31.126.56 - - [07/Jun/2017:08:17:50 +0530] "GET /detail_news.php?id=4 HTTP/1.1" 302 19564 "-" "Mozilla/5.0 (X11; Linux i686) AppleWebKit/534.30 (KHTML, like Gecko) Slackware/Chrome/12.0.742.100 Safari/534.30"
176.31.126.56 - - [07/Jun/2017:08:17:52 +0530] "GET /detail_news.php?id=5 HTTP/1.1" 302 19152 "-" "Mozilla/5.0 (X11; Linux i686) AppleWebKit/534.30 (KHTML, like Gecko) Slackware/Chrome/12.0.742.100 Safari/534.30"
176.31.126.56 - - [07/Jun/2017:08:17:55 +0530] "GET /detail_news.php?id=10 HTTP/1.1" 302 20221 "-" "Mozilla/5.0 (X11; Linux i686) AppleWebKit/534.30 (KHTML, like Gecko) Slackware/Chrome/12.0.742.100 Safari/534.30"
176.31.126.56 - - [07/Jun/2017:08:17:57 +0530] "GET /detail_news.php?id=11 HTTP/1.1" 302 18423 "-" "Mozilla/5.0 (X11; Linux i686) AppleWebKit/534.30 (KHTML, like Gecko) Slackware/Chrome/12.0.742.100 Safari/534.30"
176.31.126.56 - - [07/Jun/2017:08:18:00 +0530] "GET /detail_news.php?id=3 HTTP/1.1" 302 18399 "-" "Mozilla/5.0 (X11; Linux i686) AppleWebKit/534.30 (KHTML, like Gecko) Slackware/Chrome/12.0.742.100 Safari/534.30"
176.31.126.56 - - [07/Jun/2017:08:18:02 +0530] "GET /detail_news.php?id=13 HTTP/1.1" 302 37750 "-" "Mozilla/5.0 (X11; Linux i686) AppleWebKit/534.30 (KHTML, like Gecko) Slackware/Chrome/12.0.742.100 Safari/534.30"
176.31.126.56 - - [07/Jun/2017:08:18:05 +0530] "GET /detail_news.php?id=16 HTTP/1.1" 302 18334 "-" "Mozilla/5.0 (X11; Linux i686) AppleWebKit/534.30 (KHTML, like Gecko) Slackware/Chrome/12.0.742.100 Safari/534.30"
176.31.126.56 - - [07/Jun/2017:08:18:07 +0530] "GET /detail_news.php?id=17 HTTP/1.1" 302 18572 "-" "Mozilla/5.0 (X11; Linux i686) AppleWebKit/534.30 (KHTML, like Gecko) Slackware/Chrome/12.0.742.100 Safari/534.30"
176.31.126.56 - - [07/Jun/2017:08:18:10 +0530] "GET /view_past_events.php HTTP/1.1" 200 18856 "-" "Mozilla/5.0 (X11; Linux i686) AppleWebKit/534.30 (KHTML, like Gecko) Slackware/Chrome/12.0.742.100 Safari/534.30"
157.55.39.98 - - [07/Jun/2017:08:20:43 +0530] "GET /project_details_view.php?id=117 HTTP/1.1" 200 14180 "-" "Mozilla/5.0 (compatible; bingbot/2.0; +http://www.bing.com/bingbot.htm)"
66.249.79.131 - - [07/Jun/2017:08:23:45 +0530] "GET /project_details_view_report.php?id=383 HTTP/1.1" 200 13260 "-" "Mozilla/5.0 (compatible; Googlebot/2.1; +http://www.google.com/bot.html)"
66.249.79.129 - - [07/Jun/2017:08:24:05 +0530] "GET /project_details_view_report.php?id=1231 HTTP/1.1" 200 13189 "-" "Mozilla/5.0 (compatible; Googlebot/2.1; +http://www.google.com/bot.html)"
40.77.167.151 - - [07/Jun/2017:08:25:34 +0530] "GET /detail_events.php?id= HTTP/1.1" 302 16740 "-" "Mozilla/5.0 (compatible; bingbot/2.0; +http://www.bing.com/bingbot.htm)"
40.77.167.151 - - [07/Jun/2017:08:25:44 +0530] "GET /logout.php HTTP/1.1" 302 369 "-" "Mozilla/5.0 (compatible; bingbot/2.0; +http://www.bing.com/bingbot.htm)"
40.77.167.151 - - [07/Jun/2017:08:26:00 +0530] "GET /index.php HTTP/1.1" 200 19482 "-" "Mozilla/5.0 (compatible; bingbot/2.0; +http://www.bing.com/bingbot.htm)"
157.55.39.239 - - [07/Jun/2017:08:28:27 +0530] "GET /project_details_view_report.php?id=1681 HTTP/1.1" 200 13219 "-" "Mozilla/5.0 (compatible; bingbot/2.0; +http://www.bing.com/bingbot.htm)"
66.249.79.131 - - [07/Jun/2017:08:31:52 +0530] "GET /project_details_view_report.php?id=344 HTTP/1.1" 200 13123 "-" "Mozilla/5.0 (compatible; Googlebot/2.1; +http://www.google.com/bot.html)"
66.249.79.129 - - [07/Jun/2017:08:33:09 +0530] "GET /project_details_view_report.php?id=1295 HTTP/1.1" 200 13239 "-" "Mozilla/5.0 (compatible; Googlebot/2.1; +http://www.google.com/bot.html)"
188.50.17.29 - - [07/Jun/2017:08:38:31 +0530] "GET /project_details_view.php?id='930 HTTP/1.1" 200 11452 "-" "-"
66.249.79.129 - - [07/Jun/2017:08:41:33 +0530] "GET /project_details_view.php?id=448&oid=&page=87&reporttype= HTTP/1.1" 200 14217 "-" "Mozilla/5.0 (compatible; Googlebot/2.1; +http://www.google.com/bot.html)"
66.249.79.131 - - [07/Jun/2017:08:42:36 +0530] "GET /project_details_view_report.php?id=856 HTTP/1.1" 200 13129 "-" "Mozilla/5.0 (compatible; Googlebot/2.1; +http://www.google.com/bot.html)"
66.249.79.129 - - [07/Jun/2017:08:44:04 +0530] "GET /project_details_view_report.php?id=1525 HTTP/1.1" 200 13205 "-" "Mozilla/5.0 (compatible; Googlebot/2.1; +http://www.google.com/bot.html)"
66.249.79.93 - - [07/Jun/2017:08:51:37 +0530] "GET / HTTP/1.1" 200 19482 "-" "Mozilla/5.0 (Linux; Android 6.0.1; Nexus 5X Build/MMB29P) AppleWebKit/537.36 (KHTML, like Gecko) Chrome/41.0.2272.96 Mobile Safari/537.36 (compatible; Googlebot/2.1; +http://www.google.com/bot.html)"
35.184.189.105 - - [07/Jun/2017:08:57:44 +0530] "GET /robots.txt HTTP/1.1" 404 208 "-" "ltx71 - (http://ltx71.com/)"
35.184.189.105 - - [07/Jun/2017:08:59:33 +0530] "GET /detail_news.php?id=13 HTTP/1.1" 302 37750 "-" "ltx71 - (http://ltx71.com/)"
66.102.6.111 - - [07/Jun/2017:09:07:56 +0530] "GET /project_details_view.php?id=930 HTTP/1.1" 200 16546 "https://www.google.co.in/" "Mozilla/5.0 (Linux; Android 4.2.1; en-us; Nexus 5 Build/JOP40D) AppleWebKit/535.19 (KHTML, like Gecko; googleweblight) Chrome/38.0.1025.166 Mobile Safari/535.19"
66.102.6.113 - - [07/Jun/2017:09:07:57 +0530] "GET /images/bulllet2.gif HTTP/1.1" 200 58 "http://www.cdmindia.gov.in/project_details_view.php?id=930" "Mozilla/5.0 (Linux; Android 4.2.1; en-us; Nexus 5 Build/JOP40D) AppleWebKit/535.19 (KHTML, like Gecko; googleweblight) Chrome/38.0.1025.166 Mobile Safari/535.19"
66.102.6.113 - - [07/Jun/2017:09:07:57 +0530] "GET /images/img1.jpg HTTP/1.1" 200 1251 "http://www.cdmindia.gov.in/project_details_view.php?id=930" "Mozilla/5.0 (Linux; Android 4.2.1; en-us; Nexus 5 Build/JOP40D) AppleWebKit/535.19 (KHTML, like Gecko; googleweblight) Chrome/38.0.1025.166 Mobile Safari/535.19"
66.102.6.115 - - [07/Jun/2017:09:07:57 +0530] "GET /images/gtz.jpg HTTP/1.1" 200 15484 "http://www.cdmindia.gov.in/project_details_view.php?id=930" "Mozilla/5.0 (Linux; Android 4.2.1; en-us; Nexus 5 Build/JOP40D) AppleWebKit/535.19 (KHTML, like Gecko; googleweblight) Chrome/38.0.1025.166 Mobile Safari/535.19"
66.102.6.111 - - [07/Jun/2017:09:07:57 +0530] "GET /Scripts/AC_RunActiveContent.js HTTP/1.1" 200 8321 "http://www.cdmindia.gov.in/project_details_view.php?id=930" "Mozilla/5.0 (Linux; Android 4.2.1; en-us; Nexus 5 Build/JOP40D) AppleWebKit/535.19 (KHTML, like Gecko; googleweblight) Chrome/38.0.1025.166 Mobile Safari/535.19"
66.102.6.111 - - [07/Jun/2017:09:07:57 +0530] "GET /images/spacer.gif HTTP/1.1" 200 43 "http://www.cdmindia.gov.in/project_details_view.php?id=930" "Mozilla/5.0 (Linux; Android 4.2.1; en-us; Nexus 5 Build/JOP40D) AppleWebKit/535.19 (KHTML, like Gecko; googleweblight) Chrome/38.0.1025.166 Mobile Safari/535.19"
66.102.6.115 - - [07/Jun/2017:09:07:57 +0530] "GET /ncdma.css HTTP/1.1" 200 12640 "http://www.cdmindia.gov.in/project_details_view.php?id=930" "Mozilla/5.0 (Linux; Android 4.2.1; en-us; Nexus 5 Build/JOP40D) AppleWebKit/535.19 (KHTML, like Gecko; googleweblight) Chrome/38.0.1025.166 Mobile Safari/535.19"
66.102.7.251 - - [07/Jun/2017:09:07:57 +0530] "GET /images/bullet4.gif HTTP/1.1" 200 67 "http://www.cdmindia.gov.in/project_details_view.php?id=930" "Mozilla/5.0 (Linux; Android 4.2.1; en-us; Nexus 5 Build/JOP40D) AppleWebKit/535.19 (KHTML, like Gecko; googleweblight) Chrome/38.0.1025.166 Mobile Safari/535.19"
66.102.6.115 - - [07/Jun/2017:09:07:57 +0530] "GET /images/img2.jpg HTTP/1.1" 200 16276 "http://www.cdmindia.gov.in/project_details_view.php?id=930" "Mozilla/5.0 (Linux; Android 4.2.1; en-us; Nexus 5 Build/JOP40D) AppleWebKit/535.19 (KHTML, like Gecko; googleweblight) Chrome/38.0.1025.166 Mobile Safari/535.19"
66.102.7.253 - - [07/Jun/2017:09:07:57 +0530] "GET /images/bullet1.gif HTTP/1.1" 200 67 "http://www.cdmindia.gov.in/project_details_view.php?id=930" "Mozilla/5.0 (Linux; Android 4.2.1; en-us; Nexus 5 Build/JOP40D) AppleWebKit/535.19 (KHTML, like Gecko; googleweblight) Chrome/38.0.1025.166 Mobile Safari/535.19"
66.102.7.251 - - [07/Jun/2017:09:07:57 +0530] "GET /includes/ncdma.css HTTP/1.1" 200 13023 "http://www.cdmindia.gov.in/project_details_view.php?id=930" "Mozilla/5.0 (Linux; Android 4.2.1; en-us; Nexus 5 Build/JOP40D) AppleWebKit/535.19 (KHTML, like Gecko; googleweblight) Chrome/38.0.1025.166 Mobile Safari/535.19"
66.102.6.113 - - [07/Jun/2017:09:07:57 +0530] "GET /images/img3.jpg HTTP/1.1" 200 26957 "http://www.cdmindia.gov.in/project_details_view.php?id=930" "Mozilla/5.0 (Linux; Android 4.2.1; en-us; Nexus 5 Build/JOP40D) AppleWebKit/535.19 (KHTML, like Gecko; googleweblight) Chrome/38.0.1025.166 Mobile Safari/535.19"
66.102.7.251 - - [07/Jun/2017:09:07:57 +0530] "GET /images/fbg.jpg HTTP/1.1" 200 325 "http://www.cdmindia.gov.in/project_details_view.php?id=930" "Mozilla/5.0 (Linux; Android 4.2.1; en-us; Nexus 5 Build/JOP40D) AppleWebKit/535.19 (KHTML, like Gecko; googleweblight) Chrome/38.0.1025.166 Mobile Safari/535.19"
66.102.7.251 - - [07/Jun/2017:09:07:57 +0530] "GET /images/fdm.jpg HTTP/1.1" 200 2043 "http://www.cdmindia.gov.in/project_details_view.php?id=930" "Mozilla/5.0 (Linux; Android 4.2.1; en-us; Nexus 5 Build/JOP40D) AppleWebKit/535.19 (KHTML, like Gecko; googleweblight) Chrome/38.0.1025.166 Mobile Safari/535.19"
157.55.39.51 - - [07/Jun/2017:09:14:31 +0530] "GET /robots.txt HTTP/1.1" 404 208 "-" "Mozilla/5.0 (compatible; bingbot/2.0; +http://www.bing.com/bingbot.htm)"
40.77.167.151 - - [07/Jun/2017:09:15:34 +0530] "GET /detail_news.php?id=3 HTTP/1.1" 302 18399 "-" "Mozilla/5.0 (iPhone; CPU iPhone OS 7_0 like Mac OS X) AppleWebKit/537.51.1 (KHTML, like Gecko) Version/7.0 Mobile/11A465 Safari/9537.53 (compatible; bingbot/2.0; +http://www.bing.com/bingbot.htm)"
5.196.87.174 - - [07/Jun/2017:09:16:11 +0530] "GET /future_projects.php HTTP/1.1" 302 26212 "-" "Mozilla/5.0 (compatible; AhrefsBot/5.2; +http://ahrefs.com/robot/)"
40.77.167.151 - - [07/Jun/2017:09:16:17 +0530] "GET /logout.php HTTP/1.1" 302 369 "-" "Mozilla/5.0 (iPhone; CPU iPhone OS 7_0 like Mac OS X) AppleWebKit/537.51.1 (KHTML, like Gecko) Version/7.0 Mobile/11A465 Safari/9537.53 (compatible; bingbot/2.0; +http://www.bing.com/bingbot.htm)"
40.77.167.151 - - [07/Jun/2017:09:16:18 +0530] "GET /index.php HTTP/1.1" 200 19482 "-" "Mozilla/5.0 (iPhone; CPU iPhone OS 7_0 like Mac OS X) AppleWebKit/537.51.1 (KHTML, like Gecko) Version/7.0 Mobile/11A465 Safari/9537.53 (compatible; bingbot/2.0; +http://www.bing.com/bingbot.htm)"
154.117.171.195 - - [07/Jun/2017:09:20:09 +0530] "GET /wp-login.php HTTP/1.1" 404 210 "-" "Mozilla/5.0 (Windows NT 6.1; WOW64; rv:40.0) Gecko/20100101 Firefox/40.1"
154.117.171.195 - - [07/Jun/2017:09:20:09 +0530] "GET / HTTP/1.1" 200 19482 "-" "Mozilla/5.0 (Windows NT 6.1; WOW64; rv:40.0) Gecko/20100101 Firefox/40.1"
66.249.79.133 - - [07/Jun/2017:09:21:54 +0530] "GET / HTTP/1.1" 200 19482 "-" "Mozilla/5.0 (Linux; Android 6.0.1; Nexus 5X Build/MMB29P) AppleWebKit/537.36 (KHTML, like Gecko) Chrome/41.0.2272.96 Mobile Safari/537.36 (compatible; Googlebot/2.1; +http://www.google.com/bot.html)"
66.249.79.131 - - [07/Jun/2017:09:33:35 +0530] "GET /project_details_view_report.php?id=407 HTTP/1.1" 200 13180 "-" "Mozilla/5.0 (compatible; Googlebot/2.1; +http://www.google.com/bot.html)"
35.184.189.105 - - [07/Jun/2017:09:37:23 +0530] "GET /robots.txt HTTP/1.1" 404 208 "-" "ltx71 - (http://ltx71.com/)"
35.184.189.105 - - [07/Jun/2017:09:39:22 +0530] "GET /constitution.php HTTP/1.1" 200 23671 "-" "ltx71 - (http://ltx71.com/)"
66.249.79.131 - - [07/Jun/2017:09:41:21 +0530] "GET /project_details_view_report.php?id=750 HTTP/1.1" 200 13154 "-" "Mozilla/5.0 (compatible; Googlebot/2.1; +http://www.google.com/bot.html)"
66.249.79.131 - - [07/Jun/2017:09:42:05 +0530] "GET /project_details_view.php?id=904&oid=&page=63&reporttype= HTTP/1.1" 200 14433 "-" "Mozilla/5.0 (compatible; Googlebot/2.1; +http://www.google.com/bot.html)"
61.93.89.162 - - [07/Jun/2017:09:44:26 +0530] "GET /project_details_view.php?id=1084 HTTP/1.1" 200 15330 "https://www.google.com.hk/" "Mozilla/5.0 (Windows NT 6.1; Win64; x64) AppleWebKit/537.36 (KHTML, like Gecko) Chrome/58.0.3029.110 Safari/537.36"
61.93.89.162 - - [07/Jun/2017:09:44:26 +0530] "GET /includes/ncdma.css HTTP/1.1" 200 13023 "http://www.cdmindia.gov.in/project_details_view.php?id=1084" "Mozilla/5.0 (Windows NT 6.1; Win64; x64) AppleWebKit/537.36 (KHTML, like Gecko) Chrome/58.0.3029.110 Safari/537.36"
61.93.89.162 - - [07/Jun/2017:09:44:26 +0530] "GET /ncdma.css HTTP/1.1" 200 12640 "http://www.cdmindia.gov.in/project_details_view.php?id=1084" "Mozilla/5.0 (Windows NT 6.1; Win64; x64) AppleWebKit/537.36 (KHTML, like Gecko) Chrome/58.0.3029.110 Safari/537.36"
61.93.89.162 - - [07/Jun/2017:09:44:26 +0530] "GET /Scripts/AC_RunActiveContent.js HTTP/1.1" 200 8321 "http://www.cdmindia.gov.in/project_details_view.php?id=1084" "Mozilla/5.0 (Windows NT 6.1; Win64; x64) AppleWebKit/537.36 (KHTML, like Gecko) Chrome/58.0.3029.110 Safari/537.36"
61.93.89.162 - - [07/Jun/2017:09:44:27 +0530] "GET /images/img2.jpg HTTP/1.1" 200 16276 "http://www.cdmindia.gov.in/project_details_view.php?id=1084" "Mozilla/5.0 (Windows NT 6.1; Win64; x64) AppleWebKit/537.36 (KHTML, like Gecko) Chrome/58.0.3029.110 Safari/537.36"
61.93.89.162 - - [07/Jun/2017:09:44:27 +0530] "GET /images/spacer.gif HTTP/1.1" 200 43 "http://www.cdmindia.gov.in/project_details_view.php?id=1084" "Mozilla/5.0 (Windows NT 6.1; Win64; x64) AppleWebKit/537.36 (KHTML, like Gecko) Chrome/58.0.3029.110 Safari/537.36"
61.93.89.162 - - [07/Jun/2017:09:44:27 +0530] "GET /images/bullet1.gif HTTP/1.1" 200 67 "http://www.cdmindia.gov.in/project_details_view.php?id=1084" "Mozilla/5.0 (Windows NT 6.1; Win64; x64) AppleWebKit/537.36 (KHTML, like Gecko) Chrome/58.0.3029.110 Safari/537.36"
61.93.89.162 - - [07/Jun/2017:09:44:27 +0530] "GET /images/bulllet2.gif HTTP/1.1" 200 58 "http://www.cdmindia.gov.in/project_details_view.php?id=1084" "Mozilla/5.0 (Windows NT 6.1; Win64; x64) AppleWebKit/537.36 (KHTML, like Gecko) Chrome/58.0.3029.110 Safari/537.36"
61.93.89.162 - - [07/Jun/2017:09:44:27 +0530] "GET /images/bullet4.gif HTTP/1.1" 200 67 "http://www.cdmindia.gov.in/project_details_view.php?id=1084" "Mozilla/5.0 (Windows NT 6.1; Win64; x64) AppleWebKit/537.36 (KHTML, like Gecko) Chrome/58.0.3029.110 Safari/537.36"
61.93.89.162 - - [07/Jun/2017:09:44:27 +0530] "GET /images/img3.jpg HTTP/1.1" 200 26957 "http://www.cdmindia.gov.in/project_details_view.php?id=1084" "Mozilla/5.0 (Windows NT 6.1; Win64; x64) AppleWebKit/537.36 (KHTML, like Gecko) Chrome/58.0.3029.110 Safari/537.36"
61.93.89.162 - - [07/Jun/2017:09:44:27 +0530] "GET /images/fdm.jpg HTTP/1.1" 200 2043 "http://www.cdmindia.gov.in/project_details_view.php?id=1084" "Mozilla/5.0 (Windows NT 6.1; Win64; x64) AppleWebKit/537.36 (KHTML, like Gecko) Chrome/58.0.3029.110 Safari/537.36"
61.93.89.162 - - [07/Jun/2017:09:44:27 +0530] "GET /images/img1.jpg HTTP/1.1" 200 1251 "http://www.cdmindia.gov.in/project_details_view.php?id=1084" "Mozilla/5.0 (Windows NT 6.1; Win64; x64) AppleWebKit/537.36 (KHTML, like Gecko) Chrome/58.0.3029.110 Safari/537.36"
61.93.89.162 - - [07/Jun/2017:09:44:27 +0530] "GET /images/fbg.jpg HTTP/1.1" 200 325 "http://www.cdmindia.gov.in/project_details_view.php?id=1084" "Mozilla/5.0 (Windows NT 6.1; Win64; x64) AppleWebKit/537.36 (KHTML, like Gecko) Chrome/58.0.3029.110 Safari/537.36"
61.93.89.162 - - [07/Jun/2017:09:44:27 +0530] "GET /images/gtz.jpg HTTP/1.1" 200 15484 "http://www.cdmindia.gov.in/project_details_view.php?id=1084" "Mozilla/5.0 (Windows NT 6.1; Win64; x64) AppleWebKit/537.36 (KHTML, like Gecko) Chrome/58.0.3029.110 Safari/537.36"
61.93.89.162 - - [07/Jun/2017:09:44:28 +0530] "GET /favicon.ico HTTP/1.1" 200 1189 "http://www.cdmindia.gov.in/project_details_view.php?id=1084" "Mozilla/5.0 (Windows NT 6.1; Win64; x64) AppleWebKit/537.36 (KHTML, like Gecko) Chrome/58.0.3029.110 Safari/537.36"
66.249.79.95 - - [07/Jun/2017:09:47:18 +0530] "GET / HTTP/1.1" 200 19482 "-" "Mozilla/5.0 (compatible; Googlebot/2.1; +http://www.google.com/bot.html)"
66.249.79.133 - - [07/Jun/2017:09:51:10 +0530] "GET /project_details_view_report.php?id=317 HTTP/1.1" 200 13173 "-" "Mozilla/5.0 (compatible; Googlebot/2.1; +http://www.google.com/bot.html)"
66.249.79.133 - - [07/Jun/2017:09:52:14 +0530] "GET /reports_list_details.php?id=pnjuzahme&reporttype=&page=15 HTTP/1.1" 200 22081 "-" "Mozilla/5.0 (compatible; Googlebot/2.1; +http://www.google.com/bot.html)"
27.114.165.218 - - [07/Jun/2017:09:53:57 +0530] "GET /downloads/Comparision%20of%20PCN_30.03.doc HTTP/1.1" 200 49664 "https://www.google.mv/" "Mozilla/5.0 (iPhone; CPU iPhone OS 10_3_1 like Mac OS X) AppleWebKit/602.1.50 (KHTML, like Gecko) CriOS/58.0.3029.83 Mobile/14E304 Safari/602.1"
27.114.165.218 - - [07/Jun/2017:09:53:59 +0530] "GET /favicon.ico HTTP/1.1" 200 1189 "-" "Mozilla/5.0 (iPhone; CPU iPhone OS 10_3_1 like Mac OS X) AppleWebKit/602.1.50 (KHTML, like Gecko) CriOS/58.0.3029.83 Mobile/14E304 Safari/602.1"
66.249.79.91 - - [07/Jun/2017:09:59:31 +0530] "GET /admin/images/Favicon.gif HTTP/1.1" 200 997 "-" "Googlebot-Image/1.0"
125.22.109.19 - - [07/Jun/2017:10:01:16 +0530] "GET /project_details_view.php?id=1503 HTTP/1.1" 200 15126 "https://www.google.co.in/" "Mozilla/5.0 (Windows NT 6.3; Win64; x64) AppleWebKit/537.36 (KHTML, like Gecko) Chrome/39.0.2171.65 Safari/537.36"
180.76.15.26 - - [07/Jun/2017:10:01:59 +0530] "GET / HTTP/1.1" 200 19482 "-" "Mozilla/5.0 (compatible; Baiduspider/2.0; +http://www.baidu.com/search/spider.html)"
157.55.39.98 - - [07/Jun/2017:10:04:16 +0530] "GET /project_details_view.php?id=1037 HTTP/1.1" 200 14758 "-" "Mozilla/5.0 (iPhone; CPU iPhone OS 7_0 like Mac OS X) AppleWebKit/537.51.1 (KHTML, like Gecko) Version/7.0 Mobile/11A465 Safari/9537.53 (compatible; bingbot/2.0; +http://www.bing.com/bingbot.htm)"
40.77.167.151 - - [07/Jun/2017:10:05:12 +0530] "GET /reports_new.php?n=1 HTTP/1.1" 200 22413 "-" "Mozilla/5.0 (compatible; bingbot/2.0; +http://www.bing.com/bingbot.htm)"
54.173.165.103 - - [07/Jun/2017:10:06:52 +0530] "GET / HTTP/1.1" 200 19482 "-" "Mozilla/5.0 (X11; Linux x86_64) AppleWebKit/537.36 (KHTML, like Gecko) Chrome/43.0.2357.134 Safari/537.36 http://notifyninja.com/monitoring"
66.249.79.91 - - [07/Jun/2017:10:07:34 +0530] "GET / HTTP/1.1" 200 19482 "-" "Mozilla/5.0 (Linux; Android 6.0.1; Nexus 5X Build/MMB29P) AppleWebKit/537.36 (KHTML, like Gecko) Chrome/41.0.2272.96 Mobile Safari/537.36 (compatible; Googlebot/2.1; +http://www.google.com/bot.html)"
1.186.251.194 - - [07/Jun/2017:10:09:15 +0530] "GET /project_details_view.php?id=508 HTTP/1.1" 200 15040 "https://www.google.co.in/" "Mozilla/5.0 (Windows NT 6.1) AppleWebKit/537.36 (KHTML, like Gecko) Chrome/59.0.3071.86 Safari/537.36"
1.186.251.194 - - [07/Jun/2017:10:09:15 +0530] "GET /Scripts/AC_RunActiveContent.js HTTP/1.1" 200 8321 "http://www.cdmindia.gov.in/project_details_view.php?id=508" "Mozilla/5.0 (Windows NT 6.1) AppleWebKit/537.36 (KHTML, like Gecko) Chrome/59.0.3071.86 Safari/537.36"
1.186.251.194 - - [07/Jun/2017:10:09:15 +0530] "GET /ncdma.css HTTP/1.1" 200 12640 "http://www.cdmindia.gov.in/project_details_view.php?id=508" "Mozilla/5.0 (Windows NT 6.1) AppleWebKit/537.36 (KHTML, like Gecko) Chrome/59.0.3071.86 Safari/537.36"
1.186.251.194 - - [07/Jun/2017:10:09:15 +0530] "GET /includes/ncdma.css HTTP/1.1" 200 13023 "http://www.cdmindia.gov.in/project_details_view.php?id=508" "Mozilla/5.0 (Windows NT 6.1) AppleWebKit/537.36 (KHTML, like Gecko) Chrome/59.0.3071.86 Safari/537.36"
1.186.251.194 - - [07/Jun/2017:10:09:15 +0530] "GET /images/img2.jpg HTTP/1.1" 200 16276 "http://www.cdmindia.gov.in/project_details_view.php?id=508" "Mozilla/5.0 (Windows NT 6.1) AppleWebKit/537.36 (KHTML, like Gecko) Chrome/59.0.3071.86 Safari/537.36"
1.186.251.194 - - [07/Jun/2017:10:09:16 +0530] "GET /images/bulllet2.gif HTTP/1.1" 200 58 "http://www.cdmindia.gov.in/project_details_view.php?id=508" "Mozilla/5.0 (Windows NT 6.1) AppleWebKit/537.36 (KHTML, like Gecko) Chrome/59.0.3071.86 Safari/537.36"
1.186.251.194 - - [07/Jun/2017:10:09:16 +0530] "GET /images/bullet4.gif HTTP/1.1" 200 67 "http://www.cdmindia.gov.in/project_details_view.php?id=508" "Mozilla/5.0 (Windows NT 6.1) AppleWebKit/537.36 (KHTML, like Gecko) Chrome/59.0.3071.86 Safari/537.36"
1.186.251.194 - - [07/Jun/2017:10:09:16 +0530] "GET /images/spacer.gif HTTP/1.1" 200 43 "http://www.cdmindia.gov.in/project_details_view.php?id=508" "Mozilla/5.0 (Windows NT 6.1) AppleWebKit/537.36 (KHTML, like Gecko) Chrome/59.0.3071.86 Safari/537.36"
1.186.251.194 - - [07/Jun/2017:10:09:16 +0530] "GET /images/bullet1.gif HTTP/1.1" 200 67 "http://www.cdmindia.gov.in/project_details_view.php?id=508" "Mozilla/5.0 (Windows NT 6.1) AppleWebKit/537.36 (KHTML, like Gecko) Chrome/59.0.3071.86 Safari/537.36"
1.186.251.194 - - [07/Jun/2017:10:09:15 +0530] "GET /images/img3.jpg HTTP/1.1" 200 26957 "http://www.cdmindia.gov.in/project_details_view.php?id=508" "Mozilla/5.0 (Windows NT 6.1) AppleWebKit/537.36 (KHTML, like Gecko) Chrome/59.0.3071.86 Safari/537.36"
1.186.251.194 - - [07/Jun/2017:10:09:16 +0530] "GET /images/fdm.jpg HTTP/1.1" 200 2043 "http://www.cdmindia.gov.in/project_details_view.php?id=508" "Mozilla/5.0 (Windows NT 6.1) AppleWebKit/537.36 (KHTML, like Gecko) Chrome/59.0.3071.86 Safari/537.36"
1.186.251.194 - - [07/Jun/2017:10:09:16 +0530] "GET /images/gtz.jpg HTTP/1.1" 200 15484 "http://www.cdmindia.gov.in/project_details_view.php?id=508" "Mozilla/5.0 (Windows NT 6.1) AppleWebKit/537.36 (KHTML, like Gecko) Chrome/59.0.3071.86 Safari/537.36"
1.186.251.194 - - [07/Jun/2017:10:09:16 +0530] "GET /images/fbg.jpg HTTP/1.1" 200 325 "http://www.cdmindia.gov.in/project_details_view.php?id=508" "Mozilla/5.0 (Windows NT 6.1) AppleWebKit/537.36 (KHTML, like Gecko) Chrome/59.0.3071.86 Safari/537.36"
1.186.251.194 - - [07/Jun/2017:10:09:16 +0530] "GET /images/img1.jpg HTTP/1.1" 200 1251 "http://www.cdmindia.gov.in/project_details_view.php?id=508" "Mozilla/5.0 (Windows NT 6.1) AppleWebKit/537.36 (KHTML, like Gecko) Chrome/59.0.3071.86 Safari/537.36"
1.186.251.194 - - [07/Jun/2017:10:09:16 +0530] "GET /favicon.ico HTTP/1.1" 200 1189 "http://www.cdmindia.gov.in/project_details_view.php?id=508" "Mozilla/5.0 (Windows NT 6.1) AppleWebKit/537.36 (KHTML, like Gecko) Chrome/59.0.3071.86 Safari/537.36"
103.7.128.116 - - [07/Jun/2017:10:09:16 +0530] "GET /project_details_view.php?id=1143 HTTP/1.1" 200 14468 "https://www.google.co.in/" "Mozilla/5.0 (Windows NT 6.1) AppleWebKit/537.36 (KHTML, like Gecko) Chrome/58.0.3029.110 Safari/537.36"
103.7.128.116 - - [07/Jun/2017:10:09:17 +0530] "GET /Scripts/AC_RunActiveContent.js HTTP/1.1" 200 8321 "http://www.cdmindia.gov.in/project_details_view.php?id=1143" "Mozilla/5.0 (Windows NT 6.1) AppleWebKit/537.36 (KHTML, like Gecko) Chrome/58.0.3029.110 Safari/537.36"
103.7.128.116 - - [07/Jun/2017:10:09:17 +0530] "GET /ncdma.css HTTP/1.1" 200 12640 "http://www.cdmindia.gov.in/project_details_view.php?id=1143" "Mozilla/5.0 (Windows NT 6.1) AppleWebKit/537.36 (KHTML, like Gecko) Chrome/58.0.3029.110 Safari/537.36"
103.7.128.116 - - [07/Jun/2017:10:09:17 +0530] "GET /includes/ncdma.css HTTP/1.1" 200 13023 "http://www.cdmindia.gov.in/project_details_view.php?id=1143" "Mozilla/5.0 (Windows NT 6.1) AppleWebKit/537.36 (KHTML, like Gecko) Chrome/58.0.3029.110 Safari/537.36"
103.7.128.116 - - [07/Jun/2017:10:09:17 +0530] "GET /images/img2.jpg HTTP/1.1" 200 16276 "http://www.cdmindia.gov.in/project_details_view.php?id=1143" "Mozilla/5.0 (Windows NT 6.1) AppleWebKit/537.36 (KHTML, like Gecko) Chrome/58.0.3029.110 Safari/537.36"
103.7.128.116 - - [07/Jun/2017:10:09:17 +0530] "GET /images/img3.jpg HTTP/1.1" 200 26957 "http://www.cdmindia.gov.in/project_details_view.php?id=1143" "Mozilla/5.0 (Windows NT 6.1) AppleWebKit/537.36 (KHTML, like Gecko) Chrome/58.0.3029.110 Safari/537.36"
103.7.128.116 - - [07/Jun/2017:10:09:17 +0530] "GET /images/spacer.gif HTTP/1.1" 200 43 "http://www.cdmindia.gov.in/project_details_view.php?id=1143" "Mozilla/5.0 (Windows NT 6.1) AppleWebKit/537.36 (KHTML, like Gecko) Chrome/58.0.3029.110 Safari/537.36"
103.7.128.116 - - [07/Jun/2017:10:09:17 +0530] "GET /images/bullet1.gif HTTP/1.1" 200 67 "http://www.cdmindia.gov.in/project_details_view.php?id=1143" "Mozilla/5.0 (Windows NT 6.1) AppleWebKit/537.36 (KHTML, like Gecko) Chrome/58.0.3029.110 Safari/537.36"
103.7.128.116 - - [07/Jun/2017:10:09:17 +0530] "GET /images/bullet4.gif HTTP/1.1" 200 67 "http://www.cdmindia.gov.in/project_details_view.php?id=1143" "Mozilla/5.0 (Windows NT 6.1) AppleWebKit/537.36 (KHTML, like Gecko) Chrome/58.0.3029.110 Safari/537.36"
103.7.128.116 - - [07/Jun/2017:10:09:17 +0530] "GET /images/fdm.jpg HTTP/1.1" 200 2043 "http://www.cdmindia.gov.in/project_details_view.php?id=1143" "Mozilla/5.0 (Windows NT 6.1) AppleWebKit/537.36 (KHTML, like Gecko) Chrome/58.0.3029.110 Safari/537.36"
103.7.128.116 - - [07/Jun/2017:10:09:17 +0530] "GET /images/bulllet2.gif HTTP/1.1" 200 58 "http://www.cdmindia.gov.in/project_details_view.php?id=1143" "Mozilla/5.0 (Windows NT 6.1) AppleWebKit/537.36 (KHTML, like Gecko) Chrome/58.0.3029.110 Safari/537.36"
103.7.128.116 - - [07/Jun/2017:10:09:17 +0530] "GET /images/fbg.jpg HTTP/1.1" 200 325 "http://www.cdmindia.gov.in/project_details_view.php?id=1143" "Mozilla/5.0 (Windows NT 6.1) AppleWebKit/537.36 (KHTML, like Gecko) Chrome/58.0.3029.110 Safari/537.36"
103.7.128.116 - - [07/Jun/2017:10:09:17 +0530] "GET /images/img1.jpg HTTP/1.1" 200 1251 "http://www.cdmindia.gov.in/project_details_view.php?id=1143" "Mozilla/5.0 (Windows NT 6.1) AppleWebKit/537.36 (KHTML, like Gecko) Chrome/58.0.3029.110 Safari/537.36"
223.30.162.244 - - [07/Jun/2017:10:09:17 +0530] "GET /images/gtz.jpg HTTP/1.1" 200 15484 "http://www.cdmindia.gov.in/project_details_view.php?id=1143" "Mozilla/5.0 (Windows NT 6.1) AppleWebKit/537.36 (KHTML, like Gecko) Chrome/58.0.3029.110 Safari/537.36"
103.7.128.116 - - [07/Jun/2017:10:09:19 +0530] "GET /favicon.ico HTTP/1.1" 200 1189 "http://www.cdmindia.gov.in/project_details_view.php?id=1143" "Mozilla/5.0 (Windows NT 6.1) AppleWebKit/537.36 (KHTML, like Gecko) Chrome/58.0.3029.110 Safari/537.36"
103.7.128.116 - - [07/Jun/2017:10:09:36 +0530] "GET /contactus.php HTTP/1.1" 200 18294 "http://www.cdmindia.gov.in/project_details_view.php?id=1143" "Mozilla/5.0 (Windows NT 6.1) AppleWebKit/537.36 (KHTML, like Gecko) Chrome/58.0.3029.110 Safari/537.36"
103.7.128.116 - - [07/Jun/2017:10:09:36 +0530] "GET /js/index_validations.js HTTP/1.1" 200 3143 "http://www.cdmindia.gov.in/contactus.php" "Mozilla/5.0 (Windows NT 6.1) AppleWebKit/537.36 (KHTML, like Gecko) Chrome/58.0.3029.110 Safari/537.36"
103.7.128.116 - - [07/Jun/2017:10:09:36 +0530] "GET /images/h_contactus.jpg HTTP/1.1" 200 21787 "http://www.cdmindia.gov.in/contactus.php" "Mozilla/5.0 (Windows NT 6.1) AppleWebKit/537.36 (KHTML, like Gecko) Chrome/58.0.3029.110 Safari/537.36"
103.7.128.116 - - [07/Jun/2017:10:09:37 +0530] "GET /images/login1.jpg HTTP/1.1" 200 618 "http://www.cdmindia.gov.in/contactus.php" "Mozilla/5.0 (Windows NT 6.1) AppleWebKit/537.36 (KHTML, like Gecko) Chrome/58.0.3029.110 Safari/537.36"
103.7.128.116 - - [07/Jun/2017:10:09:37 +0530] "GET /images/login.jpg HTTP/1.1" 200 1044 "http://www.cdmindia.gov.in/contactus.php" "Mozilla/5.0 (Windows NT 6.1) AppleWebKit/537.36 (KHTML, like Gecko) Chrome/58.0.3029.110 Safari/537.36"
103.7.128.116 - - [07/Jun/2017:10:09:37 +0530] "GET /images/bullet3.gif HTTP/1.1" 200 58 "http://www.cdmindia.gov.in/contactus.php" "Mozilla/5.0 (Windows NT 6.1) AppleWebKit/537.36 (KHTML, like Gecko) Chrome/58.0.3029.110 Safari/537.36"
103.7.128.116 - - [07/Jun/2017:10:09:37 +0530] "GET /images/fe.jpg HTTP/1.1" 200 1429 "http://www.cdmindia.gov.in/contactus.php" "Mozilla/5.0 (Windows NT 6.1) AppleWebKit/537.36 (KHTML, like Gecko) Chrome/58.0.3029.110 Safari/537.36"
216.244.66.196 - - [07/Jun/2017:10:09:58 +0530] "GET /robots.txt HTTP/1.1" 404 208 "-" "Mozilla/5.0 (compatible; DotBot/1.1; http://www.opensiteexplorer.org/dotbot, help@moz.com)"
223.30.162.244 - - [07/Jun/2017:10:10:04 +0530] "GET /project_details_view.php?id=1143 HTTP/1.1" 200 14468 "https://www.google.co.in/" "Mozilla/5.0 (Windows NT 6.1) AppleWebKit/537.36 (KHTML, like Gecko) Chrome/58.0.3029.110 Safari/537.36"
157.55.39.98 - - [07/Jun/2017:10:10:05 +0530] "GET /project_details_view.php?id=2081 HTTP/1.1" 200 14235 "-" "Mozilla/5.0 (iPhone; CPU iPhone OS 7_0 like Mac OS X) AppleWebKit/537.51.1 (KHTML, like Gecko) Version/7.0 Mobile/11A465 Safari/9537.53 (compatible; bingbot/2.0; +http://www.bing.com/bingbot.htm)"
103.7.128.116 - - [07/Jun/2017:10:10:16 +0530] "GET /index.php HTTP/1.1" 200 19482 "http://www.cdmindia.gov.in/project_details_view.php?id=1143" "Mozilla/5.0 (Windows NT 6.1) AppleWebKit/537.36 (KHTML, like Gecko) Chrome/58.0.3029.110 Safari/537.36"
103.7.128.116 - - [07/Jun/2017:10:10:16 +0530] "GET /js/base64_encode.js HTTP/1.1" 200 3002 "http://www.cdmindia.gov.in/index.php" "Mozilla/5.0 (Windows NT 6.1) AppleWebKit/537.36 (KHTML, like Gecko) Chrome/58.0.3029.110 Safari/537.36"
103.7.128.116 - - [07/Jun/2017:10:10:16 +0530] "GET /js/md5.js HTTP/1.1" 200 13194 "http://www.cdmindia.gov.in/index.php" "Mozilla/5.0 (Windows NT 6.1) AppleWebKit/537.36 (KHTML, like Gecko) Chrome/58.0.3029.110 Safari/537.36"
103.7.128.116 - - [07/Jun/2017:10:10:21 +0530] "GET /aboutus.php HTTP/1.1" 200 19599 "http://www.cdmindia.gov.in/index.php" "Mozilla/5.0 (Windows NT 6.1) AppleWebKit/537.36 (KHTML, like Gecko) Chrome/58.0.3029.110 Safari/537.36"
103.7.128.116 - - [07/Jun/2017:10:10:22 +0530] "GET /images/h_aboutus.jpg HTTP/1.1" 200 21693 "http://www.cdmindia.gov.in/aboutus.php" "Mozilla/5.0 (Windows NT 6.1) AppleWebKit/537.36 (KHTML, like Gecko) Chrome/58.0.3029.110 Safari/537.36"
103.7.128.116 - - [07/Jun/2017:10:10:28 +0530] "GET /index.php HTTP/1.1" 200 19482 "http://www.cdmindia.gov.in/project_details_view.php?id=1143" "Mozilla/5.0 (Windows NT 6.1) AppleWebKit/537.36 (KHTML, like Gecko) Chrome/58.0.3029.110 Safari/537.36"
103.7.128.116 - - [07/Jun/2017:10:10:29 +0530] "GET /project_details_view.php?id=1143 HTTP/1.1" 200 14468 "https://www.google.co.in/" "Mozilla/5.0 (Windows NT 6.1) AppleWebKit/537.36 (KHTML, like Gecko) Chrome/58.0.3029.110 Safari/537.36"
35.184.189.105 - - [07/Jun/2017:10:11:13 +0530] "GET /robots.txt HTTP/1.1" 404 208 "-" "ltx71 - (http://ltx71.com/)"
157.55.39.98 - - [07/Jun/2017:10:11:19 +0530] "GET /images/img1.jpg HTTP/1.1" 200 1251 "-" "Mozilla/5.0 (iPhone; CPU iPhone OS 7_0 like Mac OS X) AppleWebKit/537.51.1 (KHTML, like Gecko) Version/7.0 Mobile/11A465 Safari/9537.53 (compatible; bingbot/2.0; +http://www.bing.com/bingbot.htm)"
35.184.189.105 - - [07/Jun/2017:10:11:24 +0530] "GET /downloads/New%20PCN.doc HTTP/1.1" 200 435200 "-" "ltx71 - (http://ltx71.com/)"
157.55.39.239 - - [07/Jun/2017:10:11:30 +0530] "GET /downloads/New%20PCN.doc HTTP/1.1" 200 435200 "-" "Mozilla/5.0 (compatible; bingbot/2.0; +http://www.bing.com/bingbot.htm)"
223.30.162.244 - - [07/Jun/2017:10:12:17 +0530] "GET /project_details_view.php?id=1143 HTTP/1.1" 200 14468 "https://www.google.co.in/" "Mozilla/5.0 (Windows NT 6.1) AppleWebKit/537.36 (KHTML, like Gecko) Chrome/58.0.3029.110 Safari/537.36"
103.7.128.116 - - [07/Jun/2017:10:12:22 +0530] "GET /project_details_view.php?id=1143 HTTP/1.1" 200 14468 "https://www.google.co.in/" "Mozilla/5.0 (Windows NT 6.1) AppleWebKit/537.36 (KHTML, like Gecko) Chrome/58.0.3029.110 Safari/537.36"
