139.5.241.109 - - [16/Jun/2017:08:19:07 +0530] "GET /images/bulllet2.gif HTTP/1.1" 200 58 "http://www.cdmindia.gov.in/" "Mozilla/5.0 (Macintosh; Intel Mac OS X 10_12_3) AppleWebKit/602.4.8 (KHTML, like Gecko) Version/10.0.3 Safari/602.4.8"
139.5.241.109 - - [16/Jun/2017:08:19:07 +0530] "GET /images/bullet4.gif HTTP/1.1" 200 67 "http://www.cdmindia.gov.in/" "Mozilla/5.0 (Macintosh; Intel Mac OS X 10_12_3) AppleWebKit/602.4.8 (KHTML, like Gecko) Version/10.0.3 Safari/602.4.8"
139.5.241.109 - - [16/Jun/2017:08:19:07 +0530] "GET /images/img1.jpg HTTP/1.1" 200 1251 "http://www.cdmindia.gov.in/" "Mozilla/5.0 (Macintosh; Intel Mac OS X 10_12_3) AppleWebKit/602.4.8 (KHTML, like Gecko) Version/10.0.3 Safari/602.4.8"
139.5.241.109 - - [16/Jun/2017:08:19:07 +0530] "GET /images/login1.jpg HTTP/1.1" 200 618 "http://www.cdmindia.gov.in/" "Mozilla/5.0 (Macintosh; Intel Mac OS X 10_12_3) AppleWebKit/602.4.8 (KHTML, like Gecko) Version/10.0.3 Safari/602.4.8"
139.5.241.109 - - [16/Jun/2017:08:19:07 +0530] "GET /images/fdm.jpg HTTP/1.1" 200 2043 "http://www.cdmindia.gov.in/" "Mozilla/5.0 (Macintosh; Intel Mac OS X 10_12_3) AppleWebKit/602.4.8 (KHTML, like Gecko) Version/10.0.3 Safari/602.4.8"
139.5.241.109 - - [16/Jun/2017:08:19:07 +0530] "GET /images/bullet3.gif HTTP/1.1" 200 58 "http://www.cdmindia.gov.in/" "Mozilla/5.0 (Macintosh; Intel Mac OS X 10_12_3) AppleWebKit/602.4.8 (KHTML, like Gecko) Version/10.0.3 Safari/602.4.8"
139.5.241.109 - - [16/Jun/2017:08:19:07 +0530] "GET /images/fe.jpg HTTP/1.1" 200 1429 "http://www.cdmindia.gov.in/" "Mozilla/5.0 (Macintosh; Intel Mac OS X 10_12_3) AppleWebKit/602.4.8 (KHTML, like Gecko) Version/10.0.3 Safari/602.4.8"
139.5.241.109 - - [16/Jun/2017:08:19:07 +0530] "GET /images/gtz.jpg HTTP/1.1" 200 15484 "http://www.cdmindia.gov.in/" "Mozilla/5.0 (Macintosh; Intel Mac OS X 10_12_3) AppleWebKit/602.4.8 (KHTML, like Gecko) Version/10.0.3 Safari/602.4.8"
139.5.241.109 - - [16/Jun/2017:08:19:07 +0530] "GET /images/fbg.jpg HTTP/1.1" 200 325 "http://www.cdmindia.gov.in/" "Mozilla/5.0 (Macintosh; Intel Mac OS X 10_12_3) AppleWebKit/602.4.8 (KHTML, like Gecko) Version/10.0.3 Safari/602.4.8"
139.5.241.109 - - [16/Jun/2017:08:19:07 +0530] "GET /images/login.jpg HTTP/1.1" 200 1044 "http://www.cdmindia.gov.in/" "Mozilla/5.0 (Macintosh; Intel Mac OS X 10_12_3) AppleWebKit/602.4.8 (KHTML, like Gecko) Version/10.0.3 Safari/602.4.8"
139.5.241.109 - - [16/Jun/2017:08:19:08 +0530] "GET /favicon.ico HTTP/1.1" 200 1189 "http://www.cdmindia.gov.in/" "Mozilla/5.0 (Macintosh; Intel Mac OS X 10_12_3) AppleWebKit/602.4.8 (KHTML, like Gecko) Version/10.0.3 Safari/602.4.8"
139.5.241.109 - - [16/Jun/2017:08:19:24 +0530] "GET /constitution.php HTTP/1.1" 200 23669 "http://www.cdmindia.gov.in/" "Mozilla/5.0 (Macintosh; Intel Mac OS X 10_12_3) AppleWebKit/602.4.8 (KHTML, like Gecko) Version/10.0.3 Safari/602.4.8"
139.5.241.109 - - [16/Jun/2017:08:19:24 +0530] "GET /js/index_validations.js HTTP/1.1" 200 3143 "http://www.cdmindia.gov.in/constitution.php" "Mozilla/5.0 (Macintosh; Intel Mac OS X 10_12_3) AppleWebKit/602.4.8 (KHTML, like Gecko) Version/10.0.3 Safari/602.4.8"
139.5.241.109 - - [16/Jun/2017:08:19:24 +0530] "GET /images/h_cons.jpg HTTP/1.1" 200 21924 "http://www.cdmindia.gov.in/constitution.php" "Mozilla/5.0 (Macintosh; Intel Mac OS X 10_12_3) AppleWebKit/602.4.8 (KHTML, like Gecko) Version/10.0.3 Safari/602.4.8"
66.249.79.129 - - [16/Jun/2017:08:20:11 +0530] "GET /project_details_view.php?id=1886 HTTP/1.1" 200 14389 "-" "Mozilla/5.0 (compatible; Googlebot/2.1; +http://www.google.com/bot.html)"
40.77.167.125 - - [16/Jun/2017:08:20:14 +0530] "GET /future_projects.php HTTP/1.1" 302 26210 "-" "Mozilla/5.0 (compatible; bingbot/2.0; +http://www.bing.com/bingbot.htm)"
40.77.167.125 - - [16/Jun/2017:08:20:43 +0530] "GET /logout.php HTTP/1.1" 302 369 "-" "Mozilla/5.0 (compatible; bingbot/2.0; +http://www.bing.com/bingbot.htm)"
40.77.167.125 - - [16/Jun/2017:08:20:46 +0530] "GET /index.php HTTP/1.1" 200 19480 "-" "Mozilla/5.0 (compatible; bingbot/2.0; +http://www.bing.com/bingbot.htm)"
66.249.79.29 - - [16/Jun/2017:08:25:10 +0530] "GET / HTTP/1.1" 200 19480 "-" "Mozilla/5.0 (Linux; Android 6.0.1; Nexus 5X Build/MMB29P) AppleWebKit/537.36 (KHTML, like Gecko) Chrome/41.0.2272.96 Mobile Safari/537.36 (compatible; Googlebot/2.1; +http://www.google.com/bot.html)"
202.46.52.145 - - [16/Jun/2017:08:28:15 +0530] "GET /project_details_view_report.php?id=241 HTTP/1.1" 200 13089 "-" "Mozilla/5.0 (Windows NT 10.0; WOW64) AppleWebKit/537.36 (KHTML, like Gecko) Chrome/45.0.2454.93 Safari/537.36"
47.29.236.29 - - [16/Jun/2017:08:30:09 +0530] "GET /project_details_view.php?id=878 HTTP/1.1" 200 13808 "-" "Mozilla/5.0 (Linux; U; Android 6.0.1; en-US; SM-J510FN Build/MMB29M) AppleWebKit/534.30 (KHTML, like Gecko) Version/4.0 UCBrowser/11.3.2.960 U3/0.8.0 Mobile Safari/534.30"
66.249.79.129 - - [16/Jun/2017:08:30:10 +0530] "GET /project_details_view.php?id=388 HTTP/1.1" 200 15321 "-" "Mozilla/5.0 (compatible; Googlebot/2.1; +http://www.google.com/bot.html)"
47.29.236.29 - - [16/Jun/2017:08:30:12 +0530] "GET /includes/ncdma.css HTTP/1.1" 200 13023 "http://www.cdmindia.gov.in/project_details_view.php?id=878" "Mozilla/5.0 (Linux; U; Android 6.0.1; en-US; SM-J510FN Build/MMB29M) AppleWebKit/534.30 (KHTML, like Gecko) Version/4.0 UCBrowser/11.3.2.960 U3/0.8.0 Mobile Safari/534.30"
47.29.236.29 - - [16/Jun/2017:08:30:12 +0530] "GET /Scripts/AC_RunActiveContent.js HTTP/1.1" 200 8321 "http://www.cdmindia.gov.in/project_details_view.php?id=878" "Mozilla/5.0 (Linux; U; Android 6.0.1; en-US; SM-J510FN Build/MMB29M) AppleWebKit/534.30 (KHTML, like Gecko) Version/4.0 UCBrowser/11.3.2.960 U3/0.8.0 Mobile Safari/534.30"
47.29.236.29 - - [16/Jun/2017:08:30:14 +0530] "GET /ncdma.css HTTP/1.1" 200 12640 "http://www.cdmindia.gov.in/project_details_view.php?id=878" "Mozilla/5.0 (Linux; U; Android 6.0.1; en-US; SM-J510FN Build/MMB29M) AppleWebKit/534.30 (KHTML, like Gecko) Version/4.0 UCBrowser/11.3.2.960 U3/0.8.0 Mobile Safari/534.30"
47.29.236.29 - - [16/Jun/2017:08:30:14 +0530] "GET /images/bulllet2.gif HTTP/1.1" 200 58 "http://www.cdmindia.gov.in/project_details_view.php?id=878" "Mozilla/5.0 (Linux; U; Android 6.0.1; en-US; SM-J510FN Build/MMB29M) AppleWebKit/534.30 (KHTML, like Gecko) Version/4.0 UCBrowser/11.3.2.960 U3/0.8.0 Mobile Safari/534.30"
47.29.236.29 - - [16/Jun/2017:08:30:15 +0530] "GET /images/bullet1.gif HTTP/1.1" 200 67 "http://www.cdmindia.gov.in/project_details_view.php?id=878" "Mozilla/5.0 (Linux; U; Android 6.0.1; en-US; SM-J510FN Build/MMB29M) AppleWebKit/534.30 (KHTML, like Gecko) Version/4.0 UCBrowser/11.3.2.960 U3/0.8.0 Mobile Safari/534.30"
47.29.236.29 - - [16/Jun/2017:08:30:15 +0530] "GET /images/fdm.jpg HTTP/1.1" 200 2043 "http://www.cdmindia.gov.in/project_details_view.php?id=878" "Mozilla/5.0 (Linux; U; Android 6.0.1; en-US; SM-J510FN Build/MMB29M) AppleWebKit/534.30 (KHTML, like Gecko) Version/4.0 UCBrowser/11.3.2.960 U3/0.8.0 Mobile Safari/534.30"
47.29.236.29 - - [16/Jun/2017:08:30:15 +0530] "GET /images/gtz.jpg HTTP/1.1" 200 15484 "http://www.cdmindia.gov.in/project_details_view.php?id=878" "Mozilla/5.0 (Linux; U; Android 6.0.1; en-US; SM-J510FN Build/MMB29M) AppleWebKit/534.30 (KHTML, like Gecko) Version/4.0 UCBrowser/11.3.2.960 U3/0.8.0 Mobile Safari/534.30"
66.249.79.129 - - [16/Jun/2017:08:30:15 +0530] "GET /project_details_view.php?id=995&oid=1&page=36&reporttype=1 HTTP/1.1" 200 15632 "-" "Mozilla/5.0 (compatible; Googlebot/2.1; +http://www.google.com/bot.html)"
47.29.236.29 - - [16/Jun/2017:08:30:16 +0530] "GET /images/img1.jpg HTTP/1.1" 200 1251 "http://www.cdmindia.gov.in/project_details_view.php?id=878" "Mozilla/5.0 (Linux; U; Android 6.0.1; en-US; SM-J510FN Build/MMB29M) AppleWebKit/534.30 (KHTML, like Gecko) Version/4.0 UCBrowser/11.3.2.960 U3/0.8.0 Mobile Safari/534.30"
47.29.236.29 - - [16/Jun/2017:08:30:16 +0530] "GET /images/bullet4.gif HTTP/1.1" 200 67 "http://www.cdmindia.gov.in/project_details_view.php?id=878" "Mozilla/5.0 (Linux; U; Android 6.0.1; en-US; SM-J510FN Build/MMB29M) AppleWebKit/534.30 (KHTML, like Gecko) Version/4.0 UCBrowser/11.3.2.960 U3/0.8.0 Mobile Safari/534.30"
47.29.236.29 - - [16/Jun/2017:08:30:16 +0530] "GET /images/fbg.jpg HTTP/1.1" 200 325 "http://www.cdmindia.gov.in/project_details_view.php?id=878" "Mozilla/5.0 (Linux; U; Android 6.0.1; en-US; SM-J510FN Build/MMB29M) AppleWebKit/534.30 (KHTML, like Gecko) Version/4.0 UCBrowser/11.3.2.960 U3/0.8.0 Mobile Safari/534.30"
47.29.236.29 - - [16/Jun/2017:08:30:16 +0530] "GET /images/img2.jpg HTTP/1.1" 200 16276 "http://www.cdmindia.gov.in/project_details_view.php?id=878" "Mozilla/5.0 (Linux; U; Android 6.0.1; en-US; SM-J510FN Build/MMB29M) AppleWebKit/534.30 (KHTML, like Gecko) Version/4.0 UCBrowser/11.3.2.960 U3/0.8.0 Mobile Safari/534.30"
47.29.236.29 - - [16/Jun/2017:08:30:16 +0530] "GET /images/img3.jpg HTTP/1.1" 200 26957 "http://www.cdmindia.gov.in/project_details_view.php?id=878" "Mozilla/5.0 (Linux; U; Android 6.0.1; en-US; SM-J510FN Build/MMB29M) AppleWebKit/534.30 (KHTML, like Gecko) Version/4.0 UCBrowser/11.3.2.960 U3/0.8.0 Mobile Safari/534.30"
47.29.236.29 - - [16/Jun/2017:08:30:17 +0530] "GET /images/spacer.gif HTTP/1.1" 200 43 "http://www.cdmindia.gov.in/project_details_view.php?id=878" "Mozilla/5.0 (Linux; U; Android 6.0.1; en-US; SM-J510FN Build/MMB29M) AppleWebKit/534.30 (KHTML, like Gecko) Version/4.0 UCBrowser/11.3.2.960 U3/0.8.0 Mobile Safari/534.30"
47.29.236.29 - - [16/Jun/2017:08:30:17 +0530] "GET /images/favicon.ico HTTP/1.1" 200 1406 "http://www.cdmindia.gov.in/project_details_view.php?id=878" "Mozilla/5.0 (Linux; U; Android 6.0.1; en-US; SM-J510FN Build/MMB29M) AppleWebKit/534.30 (KHTML, like Gecko) Version/4.0 UCBrowser/11.3.2.960 U3/0.8.0 Mobile Safari/534.30"
223.31.120.18 - - [16/Jun/2017:08:30:44 +0530] "GET /project_details_view_report.php?id=1309 HTTP/1.1" 200 13260 "https://www.google.co.in/" "Mozilla/5.0 (Windows NT 6.1; WOW64; rv:54.0) Gecko/20100101 Firefox/54.0"
223.31.120.18 - - [16/Jun/2017:08:30:45 +0530] "GET /includes/ncdma.css HTTP/1.1" 200 13023 "http://www.cdmindia.gov.in/project_details_view_report.php?id=1309" "Mozilla/5.0 (Windows NT 6.1; WOW64; rv:54.0) Gecko/20100101 Firefox/54.0"
223.31.120.18 - - [16/Jun/2017:08:30:45 +0530] "GET /Scripts/AC_RunActiveContent.js HTTP/1.1" 200 8321 "http://www.cdmindia.gov.in/project_details_view_report.php?id=1309" "Mozilla/5.0 (Windows NT 6.1; WOW64; rv:54.0) Gecko/20100101 Firefox/54.0"
223.31.120.18 - - [16/Jun/2017:08:30:45 +0530] "GET /ncdma.css HTTP/1.1" 200 12640 "http://www.cdmindia.gov.in/project_details_view_report.php?id=1309" "Mozilla/5.0 (Windows NT 6.1; WOW64; rv:54.0) Gecko/20100101 Firefox/54.0"
223.31.120.18 - - [16/Jun/2017:08:30:45 +0530] "GET /images/spacer.gif HTTP/1.1" 200 43 "http://www.cdmindia.gov.in/project_details_view_report.php?id=1309" "Mozilla/5.0 (Windows NT 6.1; WOW64; rv:54.0) Gecko/20100101 Firefox/54.0"
223.31.120.18 - - [16/Jun/2017:08:30:45 +0530] "GET /images/bullet1.gif HTTP/1.1" 200 67 "http://www.cdmindia.gov.in/project_details_view_report.php?id=1309" "Mozilla/5.0 (Windows NT 6.1; WOW64; rv:54.0) Gecko/20100101 Firefox/54.0"
223.31.120.18 - - [16/Jun/2017:08:30:45 +0530] "GET /images/img2.jpg HTTP/1.1" 200 16276 "http://www.cdmindia.gov.in/project_details_view_report.php?id=1309" "Mozilla/5.0 (Windows NT 6.1; WOW64; rv:54.0) Gecko/20100101 Firefox/54.0"
223.31.120.18 - - [16/Jun/2017:08:30:45 +0530] "GET /images/bulllet2.gif HTTP/1.1" 200 58 "http://www.cdmindia.gov.in/project_details_view_report.php?id=1309" "Mozilla/5.0 (Windows NT 6.1; WOW64; rv:54.0) Gecko/20100101 Firefox/54.0"
223.31.120.18 - - [16/Jun/2017:08:30:45 +0530] "GET /images/bullet4.gif HTTP/1.1" 200 67 "http://www.cdmindia.gov.in/project_details_view_report.php?id=1309" "Mozilla/5.0 (Windows NT 6.1; WOW64; rv:54.0) Gecko/20100101 Firefox/54.0"
223.31.120.18 - - [16/Jun/2017:08:30:45 +0530] "GET /images/img3.jpg HTTP/1.1" 200 26957 "http://www.cdmindia.gov.in/project_details_view_report.php?id=1309" "Mozilla/5.0 (Windows NT 6.1; WOW64; rv:54.0) Gecko/20100101 Firefox/54.0"
223.31.120.18 - - [16/Jun/2017:08:30:45 +0530] "GET /images/fbg.jpg HTTP/1.1" 200 325 "http://www.cdmindia.gov.in/project_details_view_report.php?id=1309" "Mozilla/5.0 (Windows NT 6.1; WOW64; rv:54.0) Gecko/20100101 Firefox/54.0"
223.31.120.18 - - [16/Jun/2017:08:30:45 +0530] "GET /images/fdm.jpg HTTP/1.1" 200 2043 "http://www.cdmindia.gov.in/project_details_view_report.php?id=1309" "Mozilla/5.0 (Windows NT 6.1; WOW64; rv:54.0) Gecko/20100101 Firefox/54.0"
223.31.120.18 - - [16/Jun/2017:08:30:45 +0530] "GET /images/img1.jpg HTTP/1.1" 200 1251 "http://www.cdmindia.gov.in/project_details_view_report.php?id=1309" "Mozilla/5.0 (Windows NT 6.1; WOW64; rv:54.0) Gecko/20100101 Firefox/54.0"
223.31.120.18 - - [16/Jun/2017:08:30:45 +0530] "GET /images/gtz.jpg HTTP/1.1" 200 15484 "http://www.cdmindia.gov.in/project_details_view_report.php?id=1309" "Mozilla/5.0 (Windows NT 6.1; WOW64; rv:54.0) Gecko/20100101 Firefox/54.0"
223.31.120.18 - - [16/Jun/2017:08:30:45 +0530] "GET /images/favicon.ico HTTP/1.1" 200 1406 "-" "Mozilla/5.0 (Windows NT 6.1; WOW64; rv:54.0) Gecko/20100101 Firefox/54.0"
223.31.120.18 - - [16/Jun/2017:08:30:46 +0530] "HEAD /project_details_view_report.php?id=1309 HTTP/1.1" 200 - "-" "Mozilla/5.0 (X11; Linux x86_64; rv:10.0) Gecko/20150101 Firefox/47.0 (Chrome)"
223.31.120.18 - - [16/Jun/2017:08:30:47 +0530] "GET /project_details_view_report.php?id=1309 HTTP/1.1" 200 13260 "-" "Mozilla/5.0 (X11; Linux x86_64; rv:10.0) Gecko/20150101 Firefox/47.0 (Chrome)"
199.30.24.104 - - [16/Jun/2017:08:32:59 +0530] "GET /downloads/Carbon%20Market%20Roadmap.pdf HTTP/1.1" 200 4344697 "-" "Mozilla/5.0 (iPhone; CPU iPhone OS 7_0 like Mac OS X) AppleWebKit/537.51.1 (KHTML, like Gecko) Version/7.0 Mobile/11A465 Safari/9537.53 BingPreview/1.0b"
40.77.167.73 - - [16/Jun/2017:08:33:08 +0530] "GET /sitemap.php HTTP/1.1" 200 18469 "-" "Mozilla/5.0 (compatible; bingbot/2.0; +http://www.bing.com/bingbot.htm)"
47.247.1.102 - - [16/Jun/2017:08:36:07 +0530] "GET /project_details_view.php?id=764 HTTP/1.1" 200 15373 "https://www.google.co.in/" "Mozilla/5.0 (Linux; Android 6.0.1; Redmi 4 Build/MMB29M) AppleWebKit/537.36 (KHTML, like Gecko) Chrome/58.0.3029.83 Mobile Safari/537.36"
182.64.247.157 - - [16/Jun/2017:08:37:49 +0530] "GET /includes/ncdma.css HTTP/1.1" 200 13023 "https://www.google.co.in/" "Mozilla/5.0 (Linux; Android 5.0.2; LG-H630D Build/LRX22G) AppleWebKit/537.36 (KHTML, like Gecko) Version/4.0 Chrome/38.0.2125.102 Mobile Safari/537.36"
182.64.247.157 - - [16/Jun/2017:08:37:49 +0530] "GET /Scripts/AC_RunActiveContent.js HTTP/1.1" 200 8321 "https://www.google.co.in/" "Mozilla/5.0 (Linux; Android 5.0.2; LG-H630D Build/LRX22G) AppleWebKit/537.36 (KHTML, like Gecko) Version/4.0 Chrome/38.0.2125.102 Mobile Safari/537.36"
182.64.247.157 - - [16/Jun/2017:08:37:49 +0530] "GET /ncdma.css HTTP/1.1" 200 12640 "https://www.google.co.in/" "Mozilla/5.0 (Linux; Android 5.0.2; LG-H630D Build/LRX22G) AppleWebKit/537.36 (KHTML, like Gecko) Version/4.0 Chrome/38.0.2125.102 Mobile Safari/537.36"
182.64.247.157 - - [16/Jun/2017:08:37:49 +0530] "GET /aboutus.php HTTP/1.1" 200 19597 "https://www.google.co.in/" "Mozilla/5.0 (Linux; Android 5.0.2; LG-H630D Build/LRX22G) AppleWebKit/537.36 (KHTML, like Gecko) Version/4.0 Chrome/38.0.2125.102 Mobile Safari/537.36"
182.64.247.157 - - [16/Jun/2017:08:37:50 +0530] "GET /images/img2.jpg HTTP/1.1" 200 16276 "http://www.cdmindia.gov.in/aboutus.php" "Mozilla/5.0 (Linux; Android 5.0.2; LG-H630D Build/LRX22G) AppleWebKit/537.36 (KHTML, like Gecko) Version/4.0 Chrome/38.0.2125.102 Mobile Safari/537.36"
182.64.247.157 - - [16/Jun/2017:08:37:50 +0530] "GET /images/spacer.gif HTTP/1.1" 200 43 "http://www.cdmindia.gov.in/aboutus.php" "Mozilla/5.0 (Linux; Android 5.0.2; LG-H630D Build/LRX22G) AppleWebKit/537.36 (KHTML, like Gecko) Version/4.0 Chrome/38.0.2125.102 Mobile Safari/537.36"
182.64.247.157 - - [16/Jun/2017:08:37:50 +0530] "GET /images/bullet1.gif HTTP/1.1" 200 67 "http://www.cdmindia.gov.in/aboutus.php" "Mozilla/5.0 (Linux; Android 5.0.2; LG-H630D Build/LRX22G) AppleWebKit/537.36 (KHTML, like Gecko) Version/4.0 Chrome/38.0.2125.102 Mobile Safari/537.36"
182.64.247.157 - - [16/Jun/2017:08:37:50 +0530] "GET /images/bulllet2.gif HTTP/1.1" 200 58 "http://www.cdmindia.gov.in/aboutus.php" "Mozilla/5.0 (Linux; Android 5.0.2; LG-H630D Build/LRX22G) AppleWebKit/537.36 (KHTML, like Gecko) Version/4.0 Chrome/38.0.2125.102 Mobile Safari/537.36"
182.64.247.157 - - [16/Jun/2017:08:37:50 +0530] "GET /images/bullet4.gif HTTP/1.1" 200 67 "http://www.cdmindia.gov.in/aboutus.php" "Mozilla/5.0 (Linux; Android 5.0.2; LG-H630D Build/LRX22G) AppleWebKit/537.36 (KHTML, like Gecko) Version/4.0 Chrome/38.0.2125.102 Mobile Safari/537.36"
182.64.247.157 - - [16/Jun/2017:08:37:50 +0530] "GET /images/fdm.jpg HTTP/1.1" 200 2043 "http://www.cdmindia.gov.in/aboutus.php" "Mozilla/5.0 (Linux; Android 5.0.2; LG-H630D Build/LRX22G) AppleWebKit/537.36 (KHTML, like Gecko) Version/4.0 Chrome/38.0.2125.102 Mobile Safari/537.36"
182.64.247.157 - - [16/Jun/2017:08:37:50 +0530] "GET /images/login1.jpg HTTP/1.1" 200 618 "http://www.cdmindia.gov.in/aboutus.php" "Mozilla/5.0 (Linux; Android 5.0.2; LG-H630D Build/LRX22G) AppleWebKit/537.36 (KHTML, like Gecko) Version/4.0 Chrome/38.0.2125.102 Mobile Safari/537.36"
182.64.247.157 - - [16/Jun/2017:08:37:50 +0530] "GET /images/login.jpg HTTP/1.1" 200 1044 "http://www.cdmindia.gov.in/aboutus.php" "Mozilla/5.0 (Linux; Android 5.0.2; LG-H630D Build/LRX22G) AppleWebKit/537.36 (KHTML, like Gecko) Version/4.0 Chrome/38.0.2125.102 Mobile Safari/537.36"
182.64.247.157 - - [16/Jun/2017:08:37:50 +0530] "GET /images/img3.jpg HTTP/1.1" 200 26957 "http://www.cdmindia.gov.in/aboutus.php" "Mozilla/5.0 (Linux; Android 5.0.2; LG-H630D Build/LRX22G) AppleWebKit/537.36 (KHTML, like Gecko) Version/4.0 Chrome/38.0.2125.102 Mobile Safari/537.36"
182.64.247.157 - - [16/Jun/2017:08:37:50 +0530] "GET /images/h_aboutus.jpg HTTP/1.1" 200 21693 "http://www.cdmindia.gov.in/aboutus.php" "Mozilla/5.0 (Linux; Android 5.0.2; LG-H630D Build/LRX22G) AppleWebKit/537.36 (KHTML, like Gecko) Version/4.0 Chrome/38.0.2125.102 Mobile Safari/537.36"
182.64.247.157 - - [16/Jun/2017:08:37:50 +0530] "GET /images/bullet3.gif HTTP/1.1" 200 58 "http://www.cdmindia.gov.in/aboutus.php" "Mozilla/5.0 (Linux; Android 5.0.2; LG-H630D Build/LRX22G) AppleWebKit/537.36 (KHTML, like Gecko) Version/4.0 Chrome/38.0.2125.102 Mobile Safari/537.36"
182.64.247.157 - - [16/Jun/2017:08:37:50 +0530] "GET /images/fe.jpg HTTP/1.1" 200 1429 "http://www.cdmindia.gov.in/aboutus.php" "Mozilla/5.0 (Linux; Android 5.0.2; LG-H630D Build/LRX22G) AppleWebKit/537.36 (KHTML, like Gecko) Version/4.0 Chrome/38.0.2125.102 Mobile Safari/537.36"
182.64.247.157 - - [16/Jun/2017:08:37:50 +0530] "GET /images/gtz.jpg HTTP/1.1" 200 15484 "http://www.cdmindia.gov.in/aboutus.php" "Mozilla/5.0 (Linux; Android 5.0.2; LG-H630D Build/LRX22G) AppleWebKit/537.36 (KHTML, like Gecko) Version/4.0 Chrome/38.0.2125.102 Mobile Safari/537.36"
182.64.247.157 - - [16/Jun/2017:08:37:50 +0530] "GET /images/img1.jpg HTTP/1.1" 200 1251 "http://www.cdmindia.gov.in/aboutus.php" "Mozilla/5.0 (Linux; Android 5.0.2; LG-H630D Build/LRX22G) AppleWebKit/537.36 (KHTML, like Gecko) Version/4.0 Chrome/38.0.2125.102 Mobile Safari/537.36"
182.64.247.157 - - [16/Jun/2017:08:37:50 +0530] "GET /images/fbg.jpg HTTP/1.1" 200 325 "http://www.cdmindia.gov.in/aboutus.php" "Mozilla/5.0 (Linux; Android 5.0.2; LG-H630D Build/LRX22G) AppleWebKit/537.36 (KHTML, like Gecko) Version/4.0 Chrome/38.0.2125.102 Mobile Safari/537.36"
182.64.247.157 - - [16/Jun/2017:08:37:50 +0530] "GET /favicon.ico HTTP/1.1" 200 1189 "-" "Mozilla/5.0 (Linux; Android 5.0.2; LG-H630D Build/LRX22G) AppleWebKit/537.36 (KHTML, like Gecko) Version/4.0 Chrome/38.0.2125.102 Mobile Safari/537.36"
207.46.13.66 - - [16/Jun/2017:08:38:43 +0530] "GET /index.php HTTP/1.1" 200 19480 "-" "Mozilla/5.0 (compatible; bingbot/2.0; +http://www.bing.com/bingbot.htm)"
66.249.79.133 - - [16/Jun/2017:08:40:30 +0530] "GET /project_details_view.php?id=1363 HTTP/1.1" 200 14346 "-" "Mozilla/5.0 (compatible; Googlebot/2.1; +http://www.google.com/bot.html)"
66.249.79.133 - - [16/Jun/2017:08:40:31 +0530] "GET /project_details_view.php?id=1363 HTTP/1.1" 200 14346 "-" "Mozilla/5.0 (compatible; Googlebot/2.1; +http://www.google.com/bot.html)"
207.46.13.66 - - [16/Jun/2017:08:40:49 +0530] "GET /downloads/Existing%20PCN.doc HTTP/1.1" 200 114176 "-" "Mozilla/5.0 (compatible; bingbot/2.0; +http://www.bing.com/bingbot.htm)"
40.77.167.73 - - [16/Jun/2017:08:42:42 +0530] "GET /detail_news.php?id=18 HTTP/1.1" 302 18713 "-" "Mozilla/5.0 (compatible; bingbot/2.0; +http://www.bing.com/bingbot.htm)"
40.77.167.73 - - [16/Jun/2017:08:42:43 +0530] "GET /logout.php HTTP/1.1" 302 369 "-" "Mozilla/5.0 (compatible; bingbot/2.0; +http://www.bing.com/bingbot.htm)"
40.77.167.73 - - [16/Jun/2017:08:42:44 +0530] "GET /index.php HTTP/1.1" 200 19480 "-" "Mozilla/5.0 (compatible; bingbot/2.0; +http://www.bing.com/bingbot.htm)"
66.249.79.27 - - [16/Jun/2017:08:45:21 +0530] "GET /detail_news.php?id=20 HTTP/1.1" 302 18266 "-" "Mozilla/5.0 (Linux; Android 6.0.1; Nexus 5X Build/MMB29P) AppleWebKit/537.36 (KHTML, like Gecko) Chrome/41.0.2272.96 Mobile Safari/537.36 (compatible; Googlebot/2.1; +http://www.google.com/bot.html)"
66.249.79.31 - - [16/Jun/2017:08:45:22 +0530] "GET /logout.php HTTP/1.1" 302 369 "-" "Mozilla/5.0 (Linux; Android 6.0.1; Nexus 5X Build/MMB29P) AppleWebKit/537.36 (KHTML, like Gecko) Chrome/41.0.2272.96 Mobile Safari/537.36 (compatible; Googlebot/2.1; +http://www.google.com/bot.html)"
66.249.79.29 - - [16/Jun/2017:08:45:23 +0530] "GET /index.php HTTP/1.1" 200 19480 "-" "Mozilla/5.0 (Linux; Android 6.0.1; Nexus 5X Build/MMB29P) AppleWebKit/537.36 (KHTML, like Gecko) Chrome/41.0.2272.96 Mobile Safari/537.36 (compatible; Googlebot/2.1; +http://www.google.com/bot.html)"
66.249.79.131 - - [16/Jun/2017:08:45:40 +0530] "GET /project_details_view.php?id=825 HTTP/1.1" 200 14786 "-" "Mozilla/5.0 (compatible; Googlebot/2.1; +http://www.google.com/bot.html)"
54.173.165.103 - - [16/Jun/2017:08:46:38 +0530] "GET / HTTP/1.1" 200 19480 "-" "Mozilla/5.0 (X11; Linux x86_64) AppleWebKit/537.36 (KHTML, like Gecko) Chrome/43.0.2357.134 Safari/537.36 http://notifyninja.com/monitoring"
141.8.142.74 - - [16/Jun/2017:08:47:33 +0530] "GET /robots.txt HTTP/1.1" 404 208 "-" "Mozilla/5.0 (compatible; YandexBot/3.0; +http://yandex.com/bots)"
141.8.142.74 - - [16/Jun/2017:08:47:37 +0530] "GET /project_details_view.php?id=931 HTTP/1.1" 200 14481 "-" "Mozilla/5.0 (compatible; YandexBot/3.0; +http://yandex.com/bots)"
141.8.183.1 - - [16/Jun/2017:08:47:41 +0530] "GET /project_details_view_report.php?id=98 HTTP/1.1" 200 13203 "-" "Mozilla/5.0 (compatible; YandexBot/3.0; +http://yandex.com/bots)"
202.46.51.100 - - [16/Jun/2017:08:49:21 +0530] "GET /project_details_view.php?id=818 HTTP/1.1" 200 14241 "-" "Mozilla/5.0 (Windows NT 10.0; WOW64) AppleWebKit/537.36 (KHTML, like Gecko) Chrome/45.0.2454.93 Safari/537.36"
40.77.167.73 - - [16/Jun/2017:08:52:52 +0530] "GET /aboutus.php HTTP/1.1" 200 19597 "-" "Mozilla/5.0 (iPhone; CPU iPhone OS 7_0 like Mac OS X) AppleWebKit/537.51.1 (KHTML, like Gecko) Version/7.0 Mobile/11A465 Safari/9537.53 (compatible; bingbot/2.0; +http://www.bing.com/bingbot.htm)"
40.77.167.73 - - [16/Jun/2017:08:53:12 +0530] "GET /images/h_aboutus.jpg HTTP/1.1" 200 21693 "-" "Mozilla/5.0 (iPhone; CPU iPhone OS 7_0 like Mac OS X) AppleWebKit/537.51.1 (KHTML, like Gecko) Version/7.0 Mobile/11A465 Safari/9537.53 (compatible; bingbot/2.0; +http://www.bing.com/bingbot.htm)"
66.249.79.133 - - [16/Jun/2017:08:55:14 +0530] "GET /project_details_view.php?id=1563 HTTP/1.1" 200 13715 "-" "Mozilla/5.0 (compatible; Googlebot/2.1; +http://www.google.com/bot.html)"
40.77.167.73 - - [16/Jun/2017:08:55:54 +0530] "GET /imp_links.php HTTP/1.1" 200 17834 "-" "Mozilla/5.0 (compatible; bingbot/2.0; +http://www.bing.com/bingbot.htm)"
66.249.79.129 - - [16/Jun/2017:08:55:59 +0530] "GET /project_details_view.php?id=1579 HTTP/1.1" 200 14425 "-" "Mozilla/5.0 (compatible; Googlebot/2.1; +http://www.google.com/bot.html)"
141.8.142.74 - - [16/Jun/2017:08:56:39 +0530] "GET /project_details_view_report.php?id=95 HTTP/1.1" 200 13158 "-" "Mozilla/5.0 (compatible; YandexBot/3.0; +http://yandex.com/bots)"
207.46.13.66 - - [16/Jun/2017:08:57:52 +0530] "GET /index.php HTTP/1.1" 200 19480 "-" "Mozilla/5.0 (compatible; bingbot/2.0; +http://www.bing.com/bingbot.htm)"
40.77.167.125 - - [16/Jun/2017:08:57:59 +0530] "GET /project_details_view.php?id=831 HTTP/1.1" 200 13969 "-" "Mozilla/5.0 (compatible; bingbot/2.0; +http://www.bing.com/bingbot.htm)"
40.77.167.73 - - [16/Jun/2017:08:58:50 +0530] "GET /aboutus.php HTTP/1.1" 200 19597 "-" "Mozilla/5.0 (compatible; bingbot/2.0; +http://www.bing.com/bingbot.htm)"
66.249.79.129 - - [16/Jun/2017:09:01:00 +0530] "GET /project_details_view.php?id=761&oid=1&page=43&reporttype=1 HTTP/1.1" 200 14411 "-" "Mozilla/5.0 (compatible; Googlebot/2.1; +http://www.google.com/bot.html)"
188.213.134.148 - - [16/Jun/2017:09:01:14 +0530] "GET / HTTP/1.0" 200 19480 "http://cdmindia.gov.in/" "Mozilla/4.0 (compatible; MSIE 6.0; Windows NT 5.1; SV1; .NET CLR 2.0.50727)"
35.184.189.105 - - [16/Jun/2017:09:02:00 +0530] "GET /robots.txt HTTP/1.1" 404 208 "-" "ltx71 - (http://ltx71.com/)"
123.125.71.80 - - [16/Jun/2017:09:03:12 +0530] "GET /future_projects.php HTTP/1.1" 302 26210 "-" "Mozilla/5.0 (compatible; Baiduspider/2.0; +http://www.baidu.com/search/spider.html)"
220.181.108.168 - - [16/Jun/2017:09:03:13 +0530] "GET /logout.php HTTP/1.1" 302 369 "-" "Mozilla/5.0 (compatible; Baiduspider/2.0; +http://www.baidu.com/search/spider.html)"
123.125.71.34 - - [16/Jun/2017:09:03:14 +0530] "GET /index.php HTTP/1.1" 200 19480 "-" "Mozilla/5.0 (compatible; Baiduspider/2.0; +http://www.baidu.com/search/spider.html)"
66.249.79.131 - - [16/Jun/2017:09:06:13 +0530] "GET /project_details_view.php?id=1361 HTTP/1.1" 200 14749 "-" "Mozilla/5.0 (compatible; Googlebot/2.1; +http://www.google.com/bot.html)"
192.8.199.171 - - [16/Jun/2017:09:08:10 +0530] "GET /project_details_view.php?id=646 HTTP/1.1" 200 14902 "https://www.bing.com/" "Mozilla/5.0 (Windows NT 6.1; Trident/7.0; rv:11.0) like Gecko"
192.8.199.171 - - [16/Jun/2017:09:08:10 +0530] "GET /includes/ncdma.css HTTP/1.1" 200 13023 "http://cdmindia.gov.in/project_details_view.php?id=646" "Mozilla/5.0 (Windows NT 6.1; Trident/7.0; rv:11.0) like Gecko"
192.8.199.171 - - [16/Jun/2017:09:08:10 +0530] "GET /Scripts/AC_RunActiveContent.js HTTP/1.1" 200 8321 "http://cdmindia.gov.in/project_details_view.php?id=646" "Mozilla/5.0 (Windows NT 6.1; Trident/7.0; rv:11.0) like Gecko"
192.8.199.171 - - [16/Jun/2017:09:08:10 +0530] "GET /images/bullet1.gif HTTP/1.1" 200 67 "http://cdmindia.gov.in/project_details_view.php?id=646" "Mozilla/5.0 (Windows NT 6.1; Trident/7.0; rv:11.0) like Gecko"
192.8.199.171 - - [16/Jun/2017:09:08:10 +0530] "GET /ncdma.css HTTP/1.1" 200 12640 "http://cdmindia.gov.in/project_details_view.php?id=646" "Mozilla/5.0 (Windows NT 6.1; Trident/7.0; rv:11.0) like Gecko"
192.8.199.171 - - [16/Jun/2017:09:08:10 +0530] "GET /images/img2.jpg HTTP/1.1" 200 16276 "http://cdmindia.gov.in/project_details_view.php?id=646" "Mozilla/5.0 (Windows NT 6.1; Trident/7.0; rv:11.0) like Gecko"
192.8.199.171 - - [16/Jun/2017:09:08:10 +0530] "GET /images/spacer.gif HTTP/1.1" 200 43 "http://cdmindia.gov.in/project_details_view.php?id=646" "Mozilla/5.0 (Windows NT 6.1; Trident/7.0; rv:11.0) like Gecko"
192.8.199.171 - - [16/Jun/2017:09:08:10 +0530] "GET /images/bulllet2.gif HTTP/1.1" 200 58 "http://cdmindia.gov.in/project_details_view.php?id=646" "Mozilla/5.0 (Windows NT 6.1; Trident/7.0; rv:11.0) like Gecko"
192.8.199.171 - - [16/Jun/2017:09:08:10 +0530] "GET /images/bullet4.gif HTTP/1.1" 200 67 "http://cdmindia.gov.in/project_details_view.php?id=646" "Mozilla/5.0 (Windows NT 6.1; Trident/7.0; rv:11.0) like Gecko"
192.8.199.171 - - [16/Jun/2017:09:08:10 +0530] "GET /images/fdm.jpg HTTP/1.1" 200 2043 "http://cdmindia.gov.in/project_details_view.php?id=646" "Mozilla/5.0 (Windows NT 6.1; Trident/7.0; rv:11.0) like Gecko"
192.8.199.171 - - [16/Jun/2017:09:08:10 +0530] "GET /images/img3.jpg HTTP/1.1" 200 26957 "http://cdmindia.gov.in/project_details_view.php?id=646" "Mozilla/5.0 (Windows NT 6.1; Trident/7.0; rv:11.0) like Gecko"
192.8.199.171 - - [16/Jun/2017:09:08:10 +0530] "GET /images/gtz.jpg HTTP/1.1" 200 15484 "http://cdmindia.gov.in/project_details_view.php?id=646" "Mozilla/5.0 (Windows NT 6.1; Trident/7.0; rv:11.0) like Gecko"
192.8.199.171 - - [16/Jun/2017:09:08:10 +0530] "GET /images/img1.jpg HTTP/1.1" 200 1251 "http://cdmindia.gov.in/project_details_view.php?id=646" "Mozilla/5.0 (Windows NT 6.1; Trident/7.0; rv:11.0) like Gecko"
192.8.199.171 - - [16/Jun/2017:09:08:10 +0530] "GET /images/favicon.ico HTTP/1.1" 200 1406 "-" "Mozilla/5.0 (Windows NT 6.1; Trident/7.0; rv:11.0) like Gecko"
192.8.199.171 - - [16/Jun/2017:09:08:10 +0530] "GET /images/fbg.jpg HTTP/1.1" 200 325 "http://cdmindia.gov.in/project_details_view.php?id=646" "Mozilla/5.0 (Windows NT 6.1; Trident/7.0; rv:11.0) like Gecko"
40.77.167.73 - - [16/Jun/2017:09:08:54 +0530] "GET /detail_events.php?id= HTTP/1.1" 302 16738 "-" "Mozilla/5.0 (compatible; bingbot/2.0; +http://www.bing.com/bingbot.htm)"
40.77.167.73 - - [16/Jun/2017:09:08:55 +0530] "GET /logout.php HTTP/1.1" 302 369 "-" "Mozilla/5.0 (compatible; bingbot/2.0; +http://www.bing.com/bingbot.htm)"
40.77.167.73 - - [16/Jun/2017:09:08:56 +0530] "GET /index.php HTTP/1.1" 200 19480 "-" "Mozilla/5.0 (compatible; bingbot/2.0; +http://www.bing.com/bingbot.htm)"
202.46.54.104 - - [16/Jun/2017:09:10:28 +0530] "GET /project_details_view_report.php?id=1016 HTTP/1.1" 200 13187 "-" "Mozilla/5.0 (Windows NT 10.0; WOW64) AppleWebKit/537.36 (KHTML, like Gecko) Chrome/45.0.2454.93 Safari/537.36"
66.249.79.131 - - [16/Jun/2017:09:11:09 +0530] "GET /project_details_view.php?id=945&oid=1&page=50&reporttype=1 HTTP/1.1" 200 14075 "-" "Mozilla/5.0 (compatible; Googlebot/2.1; +http://www.google.com/bot.html)"
40.77.167.73 - - [16/Jun/2017:09:13:45 +0530] "GET /project_details_view.php?id=102 HTTP/1.1" 200 14179 "-" "Mozilla/5.0 (compatible; bingbot/2.0; +http://www.bing.com/bingbot.htm)"
141.8.142.74 - - [16/Jun/2017:09:14:24 +0530] "GET /reports_list_details.php?id=3&reporttype=1 HTTP/1.1" 200 21684 "-" "Mozilla/5.0 (compatible; YandexBot/3.0; +http://yandex.com/bots)"
207.46.13.66 - - [16/Jun/2017:09:14:55 +0530] "GET /project_details_view_report.php?id=1381 HTTP/1.1" 200 13303 "-" "Mozilla/5.0 (compatible; bingbot/2.0; +http://www.bing.com/bingbot.htm)"
40.77.167.125 - - [16/Jun/2017:09:15:32 +0530] "GET /detail_news.php?id=20 HTTP/1.1" 302 18266 "-" "Mozilla/5.0 (compatible; bingbot/2.0; +http://www.bing.com/bingbot.htm)"
40.77.167.125 - - [16/Jun/2017:09:15:34 +0530] "GET /logout.php HTTP/1.1" 302 369 "-" "Mozilla/5.0 (compatible; bingbot/2.0; +http://www.bing.com/bingbot.htm)"
40.77.167.125 - - [16/Jun/2017:09:16:16 +0530] "GET /index.php HTTP/1.1" 200 19480 "-" "Mozilla/5.0 (compatible; bingbot/2.0; +http://www.bing.com/bingbot.htm)"
66.249.79.27 - - [16/Jun/2017:09:21:16 +0530] "GET /robots.txt HTTP/1.1" 404 208 "-" "Mozilla/5.0 (compatible; Googlebot/2.1; +http://www.google.com/bot.html)"
66.249.79.31 - - [16/Jun/2017:09:21:16 +0530] "GET / HTTP/1.1" 200 19480 "-" "Mozilla/5.0 (compatible; Googlebot/2.1; +http://www.google.com/bot.html)"
66.249.79.27 - - [16/Jun/2017:09:21:18 +0530] "GET /approved_projects.php?n=1 HTTP/1.1" 200 16642 "-" "Mozilla/5.0 (Linux; Android 6.0.1; Nexus 5X Build/MMB29P) AppleWebKit/537.36 (KHTML, like Gecko) Chrome/41.0.2272.96 Mobile Safari/537.36 (compatible; Googlebot/2.1; +http://www.google.com/bot.html)"
141.8.142.74 - - [16/Jun/2017:09:22:18 +0530] "GET /reports_new.php HTTP/1.1" 200 22411 "-" "Mozilla/5.0 (compatible; YandexBot/3.0; +http://yandex.com/bots)"
212.122.89.226 - - [16/Jun/2017:09:22:31 +0530] "GET /approval_process.php HTTP/1.0" 200 25912 "http://cdmindia.gov.in/approval_process.php" "Mozilla/5.0 (Windows NT 6.1; WOW64) AppleWebKit/537.36 (KHTML, like Gecko) Chrome/56.0.2924.87 Safari/537.36"
212.122.89.226 - - [16/Jun/2017:09:22:32 +0530] "GET /registration.php HTTP/1.0" 200 28529 "http://cdmindia.gov.in/registration.php" "Mozilla/5.0 (Windows NT 6.1; WOW64) AppleWebKit/537.36 (KHTML, like Gecko) Chrome/56.0.2924.87 Safari/537.36"
212.122.89.226 - - [16/Jun/2017:09:22:33 +0530] "GET /registration.php HTTP/1.0" 200 28529 "http://cdmindia.gov.in/registration.php" "Mozilla/5.0 (Windows NT 6.1; WOW64) AppleWebKit/537.36 (KHTML, like Gecko) Chrome/56.0.2924.87 Safari/537.36"
212.122.89.226 - - [16/Jun/2017:09:22:34 +0530] "GET /registration.php HTTP/1.0" 200 28529 "http://cdmindia.gov.in/registration.php" "Mozilla/5.0 (Windows NT 6.1; WOW64) AppleWebKit/537.36 (KHTML, like Gecko) Chrome/56.0.2924.87 Safari/537.36"
212.122.89.226 - - [16/Jun/2017:09:22:35 +0530] "GET /registration.php HTTP/1.0" 200 28529 "http://cdmindia.gov.in/registration.php" "Mozilla/5.0 (Windows NT 6.1; WOW64) AppleWebKit/537.36 (KHTML, like Gecko) Chrome/56.0.2924.87 Safari/537.36"
107.167.116.16 - - [16/Jun/2017:09:23:39 +0530] "GET /project_details_view.php?id=1421 HTTP/1.1" 200 14565 "http://www.google.co.in/search?q=solar+plant+upleta&client=ms-opera-mini-android&channel=new&gws_rd=cr&ei=XlNDWe-dIILgmwHN96lY" "Opera/9.80 (Android; Opera Mini/22.0.2254/64.218; U; en) Presto/2.12.423 Version/12.16"
107.167.116.16 - - [16/Jun/2017:09:23:39 +0530] "GET /includes/ncdma.css HTTP/1.1" 200 13023 "http://www.cdmindia.gov.in/project_details_view.php?id=1421" "Opera/9.80 (Android; Opera Mini/22.0.2254/64.218; U; en) Presto/2.12.423 Version/12.16"
107.167.116.16 - - [16/Jun/2017:09:23:39 +0530] "GET /Scripts/AC_RunActiveContent.js HTTP/1.1" 200 8321 "http://www.cdmindia.gov.in/project_details_view.php?id=1421" "Opera/9.80 (Android; Opera Mini/22.0.2254/64.218; U; en) Presto/2.12.423 Version/12.16"
107.167.116.16 - - [16/Jun/2017:09:23:40 +0530] "GET /images/img2.jpg HTTP/1.1" 200 16276 "http://www.cdmindia.gov.in/project_details_view.php?id=1421" "Opera/9.80 (Android; Opera Mini/22.0.2254/64.218; U; en) Presto/2.12.423 Version/12.16"
107.167.116.16 - - [16/Jun/2017:09:23:40 +0530] "GET /images/bullet4.gif HTTP/1.1" 200 67 "http://www.cdmindia.gov.in/project_details_view.php?id=1421" "Opera/9.80 (Android; Opera Mini/22.0.2254/64.218; U; en) Presto/2.12.423 Version/12.16"
107.167.116.16 - - [16/Jun/2017:09:23:40 +0530] "GET /images/fbg.jpg HTTP/1.1" 200 325 "http://www.cdmindia.gov.in/project_details_view.php?id=1421" "Opera/9.80 (Android; Opera Mini/22.0.2254/64.218; U; en) Presto/2.12.423 Version/12.16"
107.167.116.16 - - [16/Jun/2017:09:23:40 +0530] "GET /ncdma.css HTTP/1.1" 200 12640 "http://www.cdmindia.gov.in/project_details_view.php?id=1421" "Opera/9.80 (Android; Opera Mini/22.0.2254/64.218; U; en) Presto/2.12.423 Version/12.16"
107.167.116.16 - - [16/Jun/2017:09:23:40 +0530] "GET /images/img1.jpg HTTP/1.1" 200 1251 "http://www.cdmindia.gov.in/project_details_view.php?id=1421" "Opera/9.80 (Android; Opera Mini/22.0.2254/64.218; U; en) Presto/2.12.423 Version/12.16"
107.167.116.16 - - [16/Jun/2017:09:23:40 +0530] "GET /images/img3.jpg HTTP/1.1" 200 26957 "http://www.cdmindia.gov.in/project_details_view.php?id=1421" "Opera/9.80 (Android; Opera Mini/22.0.2254/64.218; U; en) Presto/2.12.423 Version/12.16"
107.167.116.16 - - [16/Jun/2017:09:23:40 +0530] "GET /images/spacer.gif HTTP/1.1" 200 43 "http://www.cdmindia.gov.in/project_details_view.php?id=1421" "Opera/9.80 (Android; Opera Mini/22.0.2254/64.218; U; en) Presto/2.12.423 Version/12.16"
107.167.116.16 - - [16/Jun/2017:09:23:40 +0530] "GET /images/gtz.jpg HTTP/1.1" 200 15484 "http://www.cdmindia.gov.in/project_details_view.php?id=1421" "Opera/9.80 (Android; Opera Mini/22.0.2254/64.218; U; en) Presto/2.12.423 Version/12.16"
107.167.116.16 - - [16/Jun/2017:09:23:40 +0530] "GET /images/bulllet2.gif HTTP/1.1" 200 58 "http://www.cdmindia.gov.in/project_details_view.php?id=1421" "Opera/9.80 (Android; Opera Mini/22.0.2254/64.218; U; en) Presto/2.12.423 Version/12.16"
107.167.116.16 - - [16/Jun/2017:09:23:40 +0530] "GET /images/favicon.ico HTTP/1.1" 200 1406 "http://www.cdmindia.gov.in/project_details_view.php?id=1421" "Opera/9.80 (Android; Opera Mini/22.0.2254/64.218; U; en) Presto/2.12.423 Version/12.16"
107.167.116.16 - - [16/Jun/2017:09:23:41 +0530] "GET /images/fdm.jpg HTTP/1.1" 200 2043 "http://www.cdmindia.gov.in/project_details_view.php?id=1421" "Opera/9.80 (Android; Opera Mini/22.0.2254/64.218; U; en) Presto/2.12.423 Version/12.16"
107.167.116.16 - - [16/Jun/2017:09:23:41 +0530] "GET /images/bullet1.gif HTTP/1.1" 200 67 "http://www.cdmindia.gov.in/project_details_view.php?id=1421" "Opera/9.80 (Android; Opera Mini/22.0.2254/64.218; U; en) Presto/2.12.423 Version/12.16"
35.184.189.105 - - [16/Jun/2017:09:24:52 +0530] "GET /robots.txt HTTP/1.1" 404 208 "-" "ltx71 - (http://ltx71.com/)"
157.49.1.116 - - [16/Jun/2017:09:24:55 +0530] "GET / HTTP/1.1" 200 19480 "http://envfor.nic.in/major-initiatives/geac-clearances" "Mozilla/5.0 (Windows NT 6.3; Win64; x64) AppleWebKit/537.36 (KHTML, like Gecko) Chrome/59.0.3071.86 Safari/537.36"
157.49.1.116 - - [16/Jun/2017:09:24:55 +0530] "GET /Scripts/AC_RunActiveContent.js HTTP/1.1" 200 8321 "http://www.cdmindia.gov.in/" "Mozilla/5.0 (Windows NT 6.3; Win64; x64) AppleWebKit/537.36 (KHTML, like Gecko) Chrome/59.0.3071.86 Safari/537.36"
157.49.1.116 - - [16/Jun/2017:09:24:55 +0530] "GET /includes/ncdma.css HTTP/1.1" 200 13023 "http://www.cdmindia.gov.in/" "Mozilla/5.0 (Windows NT 6.3; Win64; x64) AppleWebKit/537.36 (KHTML, like Gecko) Chrome/59.0.3071.86 Safari/537.36"
157.49.1.116 - - [16/Jun/2017:09:24:55 +0530] "GET /ncdma.css HTTP/1.1" 200 12640 "http://www.cdmindia.gov.in/" "Mozilla/5.0 (Windows NT 6.3; Win64; x64) AppleWebKit/537.36 (KHTML, like Gecko) Chrome/59.0.3071.86 Safari/537.36"
157.49.1.116 - - [16/Jun/2017:09:24:55 +0530] "GET /js/md5.js HTTP/1.1" 200 13194 "http://www.cdmindia.gov.in/" "Mozilla/5.0 (Windows NT 6.3; Win64; x64) AppleWebKit/537.36 (KHTML, like Gecko) Chrome/59.0.3071.86 Safari/537.36"
157.49.1.116 - - [16/Jun/2017:09:24:55 +0530] "GET /js/base64_encode.js HTTP/1.1" 200 3002 "http://www.cdmindia.gov.in/" "Mozilla/5.0 (Windows NT 6.3; Win64; x64) AppleWebKit/537.36 (KHTML, like Gecko) Chrome/59.0.3071.86 Safari/537.36"
157.49.1.116 - - [16/Jun/2017:09:24:55 +0530] "GET /images/spacer.gif HTTP/1.1" 200 43 "http://www.cdmindia.gov.in/" "Mozilla/5.0 (Windows NT 6.3; Win64; x64) AppleWebKit/537.36 (KHTML, like Gecko) Chrome/59.0.3071.86 Safari/537.36"
157.49.1.116 - - [16/Jun/2017:09:24:55 +0530] "GET /images/bullet1.gif HTTP/1.1" 200 67 "http://www.cdmindia.gov.in/" "Mozilla/5.0 (Windows NT 6.3; Win64; x64) AppleWebKit/537.36 (KHTML, like Gecko) Chrome/59.0.3071.86 Safari/537.36"
157.49.1.116 - - [16/Jun/2017:09:24:55 +0530] "GET /images/bulllet2.gif HTTP/1.1" 200 58 "http://www.cdmindia.gov.in/" "Mozilla/5.0 (Windows NT 6.3; Win64; x64) AppleWebKit/537.36 (KHTML, like Gecko) Chrome/59.0.3071.86 Safari/537.36"
157.49.1.116 - - [16/Jun/2017:09:24:55 +0530] "GET /images/bullet4.gif HTTP/1.1" 200 67 "http://www.cdmindia.gov.in/" "Mozilla/5.0 (Windows NT 6.3; Win64; x64) AppleWebKit/537.36 (KHTML, like Gecko) Chrome/59.0.3071.86 Safari/537.36"
157.49.1.116 - - [16/Jun/2017:09:24:55 +0530] "GET /images/img2.jpg HTTP/1.1" 200 16276 "http://www.cdmindia.gov.in/" "Mozilla/5.0 (Windows NT 6.3; Win64; x64) AppleWebKit/537.36 (KHTML, like Gecko) Chrome/59.0.3071.86 Safari/537.36"
157.49.1.116 - - [16/Jun/2017:09:24:55 +0530] "GET /images/img3.jpg HTTP/1.1" 200 26957 "http://www.cdmindia.gov.in/" "Mozilla/5.0 (Windows NT 6.3; Win64; x64) AppleWebKit/537.36 (KHTML, like Gecko) Chrome/59.0.3071.86 Safari/537.36"
157.49.1.116 - - [16/Jun/2017:09:24:55 +0530] "GET /images/img1.jpg HTTP/1.1" 200 1251 "http://www.cdmindia.gov.in/" "Mozilla/5.0 (Windows NT 6.3; Win64; x64) AppleWebKit/537.36 (KHTML, like Gecko) Chrome/59.0.3071.86 Safari/537.36"
157.49.1.116 - - [16/Jun/2017:09:24:55 +0530] "GET /images/fdm.jpg HTTP/1.1" 200 2043 "http://www.cdmindia.gov.in/" "Mozilla/5.0 (Windows NT 6.3; Win64; x64) AppleWebKit/537.36 (KHTML, like Gecko) Chrome/59.0.3071.86 Safari/537.36"
157.49.1.116 - - [16/Jun/2017:09:24:56 +0530] "GET /images/fe.jpg HTTP/1.1" 200 1429 "http://www.cdmindia.gov.in/" "Mozilla/5.0 (Windows NT 6.3; Win64; x64) AppleWebKit/537.36 (KHTML, like Gecko) Chrome/59.0.3071.86 Safari/537.36"
157.49.1.116 - - [16/Jun/2017:09:24:56 +0530] "GET /images/login1.jpg HTTP/1.1" 200 618 "http://www.cdmindia.gov.in/" "Mozilla/5.0 (Windows NT 6.3; Win64; x64) AppleWebKit/537.36 (KHTML, like Gecko) Chrome/59.0.3071.86 Safari/537.36"
157.49.1.116 - - [16/Jun/2017:09:24:56 +0530] "GET /images/login.jpg HTTP/1.1" 200 1044 "http://www.cdmindia.gov.in/" "Mozilla/5.0 (Windows NT 6.3; Win64; x64) AppleWebKit/537.36 (KHTML, like Gecko) Chrome/59.0.3071.86 Safari/537.36"
157.49.1.116 - - [16/Jun/2017:09:24:56 +0530] "GET /images/bullet3.gif HTTP/1.1" 200 58 "http://www.cdmindia.gov.in/" "Mozilla/5.0 (Windows NT 6.3; Win64; x64) AppleWebKit/537.36 (KHTML, like Gecko) Chrome/59.0.3071.86 Safari/537.36"
157.49.1.116 - - [16/Jun/2017:09:24:56 +0530] "GET /images/gtz.jpg HTTP/1.1" 200 15484 "http://www.cdmindia.gov.in/" "Mozilla/5.0 (Windows NT 6.3; Win64; x64) AppleWebKit/537.36 (KHTML, like Gecko) Chrome/59.0.3071.86 Safari/537.36"
157.49.1.116 - - [16/Jun/2017:09:24:56 +0530] "GET /images/fbg.jpg HTTP/1.1" 200 325 "http://www.cdmindia.gov.in/" "Mozilla/5.0 (Windows NT 6.3; Win64; x64) AppleWebKit/537.36 (KHTML, like Gecko) Chrome/59.0.3071.86 Safari/537.36"
157.49.1.116 - - [16/Jun/2017:09:24:56 +0530] "GET /favicon.ico HTTP/1.1" 200 1189 "http://www.cdmindia.gov.in/" "Mozilla/5.0 (Windows NT 6.3; Win64; x64) AppleWebKit/537.36 (KHTML, like Gecko) Chrome/59.0.3071.86 Safari/537.36"
40.77.167.73 - - [16/Jun/2017:09:25:07 +0530] "GET /capacity_building.php HTTP/1.1" 200 19186 "-" "Mozilla/5.0 (compatible; bingbot/2.0; +http://www.bing.com/bingbot.htm)"
157.49.1.116 - - [16/Jun/2017:09:25:16 +0530] "GET /constitution.php HTTP/1.1" 200 23669 "http://www.cdmindia.gov.in/" "Mozilla/5.0 (Windows NT 6.3; Win64; x64) AppleWebKit/537.36 (KHTML, like Gecko) Chrome/59.0.3071.86 Safari/537.36"
157.49.1.116 - - [16/Jun/2017:09:25:17 +0530] "GET /js/index_validations.js HTTP/1.1" 200 3143 "http://www.cdmindia.gov.in/constitution.php" "Mozilla/5.0 (Windows NT 6.3; Win64; x64) AppleWebKit/537.36 (KHTML, like Gecko) Chrome/59.0.3071.86 Safari/537.36"
157.49.1.116 - - [16/Jun/2017:09:25:17 +0530] "GET /images/h_cons.jpg HTTP/1.1" 200 21924 "http://www.cdmindia.gov.in/constitution.php" "Mozilla/5.0 (Windows NT 6.3; Win64; x64) AppleWebKit/537.36 (KHTML, like Gecko) Chrome/59.0.3071.86 Safari/537.36"
40.77.167.125 - - [16/Jun/2017:09:25:40 +0530] "GET /future_projects.php HTTP/1.1" 302 26210 "-" "Mozilla/5.0 (compatible; bingbot/2.0; +http://www.bing.com/bingbot.htm)"
66.249.79.133 - - [16/Jun/2017:09:26:21 +0530] "GET / HTTP/1.1" 200 19480 "-" "Mozilla/5.0 (Linux; Android 6.0.1; Nexus 5X Build/MMB29P) AppleWebKit/537.36 (KHTML, like Gecko) Chrome/41.0.2272.96 Mobile Safari/537.36 (compatible; Googlebot/2.1; +http://www.google.com/bot.html)"
40.77.167.125 - - [16/Jun/2017:09:26:23 +0530] "GET /logout.php HTTP/1.1" 302 369 "-" "Mozilla/5.0 (compatible; bingbot/2.0; +http://www.bing.com/bingbot.htm)"
40.77.167.125 - - [16/Jun/2017:09:26:25 +0530] "GET /index.php HTTP/1.1" 200 19480 "-" "Mozilla/5.0 (compatible; bingbot/2.0; +http://www.bing.com/bingbot.htm)"
90.57.34.48 - - [16/Jun/2017:09:28:51 +0530] "GET /robots.txt HTTP/1.1" 404 208 "-" "Java/1.8.0_101"
27.7.220.51 - - [16/Jun/2017:09:30:17 +0530] "GET /registration.php HTTP/1.1" 302 28529 "-" "Mozilla/5.0 (Windows NT 10.0; Win64; x64) AppleWebKit/537.36 (KHTML, like Gecko) Chrome/58.0.3029.110 Safari/537.36"
27.7.220.51 - - [16/Jun/2017:09:30:17 +0530] "GET /logout.php HTTP/1.1" 302 369 "-" "Mozilla/5.0 (Windows NT 10.0; Win64; x64) AppleWebKit/537.36 (KHTML, like Gecko) Chrome/58.0.3029.110 Safari/537.36"
27.7.220.51 - - [16/Jun/2017:09:30:18 +0530] "GET /includes/ncdma.css HTTP/1.1" 200 13023 "http://www.cdmindia.gov.in/index.php" "Mozilla/5.0 (Windows NT 10.0; Win64; x64) AppleWebKit/537.36 (KHTML, like Gecko) Chrome/58.0.3029.110 Safari/537.36"
27.7.220.51 - - [16/Jun/2017:09:30:18 +0530] "GET /ncdma.css HTTP/1.1" 200 12640 "http://www.cdmindia.gov.in/index.php" "Mozilla/5.0 (Windows NT 10.0; Win64; x64) AppleWebKit/537.36 (KHTML, like Gecko) Chrome/58.0.3029.110 Safari/537.36"
27.7.220.51 - - [16/Jun/2017:09:30:18 +0530] "GET /Scripts/AC_RunActiveContent.js HTTP/1.1" 200 8321 "http://www.cdmindia.gov.in/index.php" "Mozilla/5.0 (Windows NT 10.0; Win64; x64) AppleWebKit/537.36 (KHTML, like Gecko) Chrome/58.0.3029.110 Safari/537.36"
27.7.220.51 - - [16/Jun/2017:09:30:18 +0530] "GET /js/md5.js HTTP/1.1" 200 13194 "http://www.cdmindia.gov.in/index.php" "Mozilla/5.0 (Windows NT 10.0; Win64; x64) AppleWebKit/537.36 (KHTML, like Gecko) Chrome/58.0.3029.110 Safari/537.36"
27.7.220.51 - - [16/Jun/2017:09:30:17 +0530] "GET /index.php HTTP/1.1" 200 19480 "-" "Mozilla/5.0 (Windows NT 10.0; Win64; x64) AppleWebKit/537.36 (KHTML, like Gecko) Chrome/58.0.3029.110 Safari/537.36"
27.7.220.51 - - [16/Jun/2017:09:30:18 +0530] "GET /js/base64_encode.js HTTP/1.1" 200 3002 "http://www.cdmindia.gov.in/index.php" "Mozilla/5.0 (Windows NT 10.0; Win64; x64) AppleWebKit/537.36 (KHTML, like Gecko) Chrome/58.0.3029.110 Safari/537.36"
27.7.220.51 - - [16/Jun/2017:09:30:18 +0530] "GET /images/img2.jpg HTTP/1.1" 200 16276 "http://www.cdmindia.gov.in/index.php" "Mozilla/5.0 (Windows NT 10.0; Win64; x64) AppleWebKit/537.36 (KHTML, like Gecko) Chrome/58.0.3029.110 Safari/537.36"
27.7.220.51 - - [16/Jun/2017:09:30:18 +0530] "GET /images/img3.jpg HTTP/1.1" 200 26957 "http://www.cdmindia.gov.in/index.php" "Mozilla/5.0 (Windows NT 10.0; Win64; x64) AppleWebKit/537.36 (KHTML, like Gecko) Chrome/58.0.3029.110 Safari/537.36"
27.7.220.51 - - [16/Jun/2017:09:30:18 +0530] "GET /images/spacer.gif HTTP/1.1" 200 43 "http://www.cdmindia.gov.in/index.php" "Mozilla/5.0 (Windows NT 10.0; Win64; x64) AppleWebKit/537.36 (KHTML, like Gecko) Chrome/58.0.3029.110 Safari/537.36"
27.7.220.51 - - [16/Jun/2017:09:30:18 +0530] "GET /images/bullet1.gif HTTP/1.1" 200 67 "http://www.cdmindia.gov.in/index.php" "Mozilla/5.0 (Windows NT 10.0; Win64; x64) AppleWebKit/537.36 (KHTML, like Gecko) Chrome/58.0.3029.110 Safari/537.36"
27.7.220.51 - - [16/Jun/2017:09:30:18 +0530] "GET /images/bulllet2.gif HTTP/1.1" 200 58 "http://www.cdmindia.gov.in/index.php" "Mozilla/5.0 (Windows NT 10.0; Win64; x64) AppleWebKit/537.36 (KHTML, like Gecko) Chrome/58.0.3029.110 Safari/537.36"
27.7.220.51 - - [16/Jun/2017:09:30:18 +0530] "GET /images/fdm.jpg HTTP/1.1" 200 2043 "http://www.cdmindia.gov.in/index.php" "Mozilla/5.0 (Windows NT 10.0; Win64; x64) AppleWebKit/537.36 (KHTML, like Gecko) Chrome/58.0.3029.110 Safari/537.36"
27.7.220.51 - - [16/Jun/2017:09:30:18 +0530] "GET /images/login.jpg HTTP/1.1" 200 1044 "http://www.cdmindia.gov.in/index.php" "Mozilla/5.0 (Windows NT 10.0; Win64; x64) AppleWebKit/537.36 (KHTML, like Gecko) Chrome/58.0.3029.110 Safari/537.36"
27.7.220.51 - - [16/Jun/2017:09:30:18 +0530] "GET /images/login1.jpg HTTP/1.1" 200 618 "http://www.cdmindia.gov.in/index.php" "Mozilla/5.0 (Windows NT 10.0; Win64; x64) AppleWebKit/537.36 (KHTML, like Gecko) Chrome/58.0.3029.110 Safari/537.36"
27.7.220.51 - - [16/Jun/2017:09:30:18 +0530] "GET /images/bullet3.gif HTTP/1.1" 200 58 "http://www.cdmindia.gov.in/index.php" "Mozilla/5.0 (Windows NT 10.0; Win64; x64) AppleWebKit/537.36 (KHTML, like Gecko) Chrome/58.0.3029.110 Safari/537.36"
27.7.220.51 - - [16/Jun/2017:09:30:18 +0530] "GET /images/fe.jpg HTTP/1.1" 200 1429 "http://www.cdmindia.gov.in/index.php" "Mozilla/5.0 (Windows NT 10.0; Win64; x64) AppleWebKit/537.36 (KHTML, like Gecko) Chrome/58.0.3029.110 Safari/537.36"
27.7.220.51 - - [16/Jun/2017:09:30:18 +0530] "GET /images/bullet4.gif HTTP/1.1" 200 67 "http://www.cdmindia.gov.in/index.php" "Mozilla/5.0 (Windows NT 10.0; Win64; x64) AppleWebKit/537.36 (KHTML, like Gecko) Chrome/58.0.3029.110 Safari/537.36"
27.7.220.51 - - [16/Jun/2017:09:30:18 +0530] "GET /images/gtz.jpg HTTP/1.1" 200 15484 "http://www.cdmindia.gov.in/index.php" "Mozilla/5.0 (Windows NT 10.0; Win64; x64) AppleWebKit/537.36 (KHTML, like Gecko) Chrome/58.0.3029.110 Safari/537.36"
27.7.220.51 - - [16/Jun/2017:09:30:18 +0530] "GET /images/img1.jpg HTTP/1.1" 200 1251 "http://www.cdmindia.gov.in/index.php" "Mozilla/5.0 (Windows NT 10.0; Win64; x64) AppleWebKit/537.36 (KHTML, like Gecko) Chrome/58.0.3029.110 Safari/537.36"
27.7.220.51 - - [16/Jun/2017:09:30:18 +0530] "GET /images/fbg.jpg HTTP/1.1" 200 325 "http://www.cdmindia.gov.in/index.php" "Mozilla/5.0 (Windows NT 10.0; Win64; x64) AppleWebKit/537.36 (KHTML, like Gecko) Chrome/58.0.3029.110 Safari/537.36"
66.249.79.131 - - [16/Jun/2017:09:31:30 +0530] "GET /project_details_view.php?id=1415&oid=1&page=21&reporttype=1 HTTP/1.1" 200 15208 "-" "Mozilla/5.0 (compatible; Googlebot/2.1; +http://www.google.com/bot.html)"
202.46.54.147 - - [16/Jun/2017:09:31:35 +0530] "GET /project_details_view_report.php?id=1305 HTTP/1.1" 200 13196 "-" "Mozilla/5.0 (Windows NT 10.0; WOW64) AppleWebKit/537.36 (KHTML, like Gecko) Chrome/45.0.2454.93 Safari/537.36"
35.184.189.105 - - [16/Jun/2017:09:38:51 +0530] "GET /robots.txt HTTP/1.1" 404 208 "-" "ltx71 - (http://ltx71.com/)"
14.140.153.180 - - [16/Jun/2017:09:39:54 +0530] "GET /project_details_view.php?id=609 HTTP/1.1" 200 15499 "https://www.google.co.in/" "Mozilla/5.0 (Windows NT 6.3; Win64; x64) AppleWebKit/537.36 (KHTML, like Gecko) Chrome/56.0.2924.87 Safari/537.36"
