174.118.216.212 - - [25/Jun/2017:01:19:38 +0530] "GET / HTTP/1.1" 200 19490 "-" "-"
66.249.69.83 - - [25/Jun/2017:01:19:50 +0530] "GET /project_details_view_report.php?id=1504 HTTP/1.1" 200 13219 "-" "Mozilla/5.0 (compatible; Googlebot/2.1; +http://www.google.com/bot.html)"
157.55.39.174 - - [25/Jun/2017:01:20:10 +0530] "GET /project_details_view.php?id=1421 HTTP/1.1" 200 14565 "-" "Mozilla/5.0 (iPhone; CPU iPhone OS 7_0 like Mac OS X) AppleWebKit/537.51.1 (KHTML, like Gecko) Version/7.0 Mobile/11A465 Safari/9537.53 (compatible; bingbot/2.0; +http://www.bing.com/bingbot.htm)"
40.77.177.142 - - [25/Jun/2017:01:20:27 +0530] "GET /images/img3.jpg HTTP/1.1" 200 26957 "-" "Mozilla/5.0 (Windows NT 6.1; WOW64) AppleWebKit/534+ (KHTML, like Gecko) BingPreview/1.0b"
40.77.177.142 - - [25/Jun/2017:01:20:45 +0530] "GET /images/img1.jpg HTTP/1.1" 200 1251 "-" "Mozilla/5.0 (Windows NT 6.1; WOW64) AppleWebKit/534+ (KHTML, like Gecko) BingPreview/1.0b"
40.77.177.142 - - [25/Jun/2017:01:20:46 +0530] "GET /images/fbg.jpg HTTP/1.1" 200 325 "-" "Mozilla/5.0 (Windows NT 6.1; WOW64) AppleWebKit/534+ (KHTML, like Gecko) BingPreview/1.0b"
207.46.13.27 - - [25/Jun/2017:01:22:17 +0530] "GET /project_details_view.php?id=1220 HTTP/1.1" 200 15273 "-" "Mozilla/5.0 (compatible; bingbot/2.0; +http://www.bing.com/bingbot.htm)"
157.55.39.84 - - [25/Jun/2017:01:22:25 +0530] "GET / HTTP/1.1" 200 19490 "-" "Mozilla/5.0 (compatible; bingbot/2.0; +http://www.bing.com/bingbot.htm)"
157.55.39.84 - - [25/Jun/2017:01:22:29 +0530] "GET / HTTP/1.1" 200 19490 "-" "Mozilla/5.0 (compatible; bingbot/2.0; +http://www.bing.com/bingbot.htm)"
157.55.39.174 - - [25/Jun/2017:01:24:19 +0530] "GET /project_details_view_report.php?id=1151 HTTP/1.1" 200 13216 "-" "Mozilla/5.0 (compatible; bingbot/2.0; +http://www.bing.com/bingbot.htm)"
202.46.54.92 - - [25/Jun/2017:01:25:43 +0530] "GET /project_details_view.php?id=257 HTTP/1.1" 200 14374 "-" "Mozilla/5.0 (Windows NT 10.0; WOW64) AppleWebKit/537.36 (KHTML, like Gecko) Chrome/45.0.2454.93 Safari/537.36"
146.148.64.128 - - [25/Jun/2017:01:26:41 +0530] "GET /robots.txt HTTP/1.1" 404 208 "-" "ltx71 - (http://ltx71.com/)"
37.115.119.116 - - [25/Jun/2017:01:33:22 +0530] "GET /approval_process.php HTTP/1.0" 200 25912 "http://www.cdmindia.gov.in/approval_process.php" "Mozilla/5.0 (Windows NT 5.1) AppleWebKit/537.36 (KHTML, like Gecko) Chrome/49.0.2623.112 Safari/537.36 OPR/36.0.2130.80"
66.249.69.81 - - [25/Jun/2017:01:33:57 +0530] "GET /project_details_view.php?id=47&oid=&page=108&reporttype= HTTP/1.1" 200 14950 "-" "Mozilla/5.0 (compatible; Googlebot/2.1; +http://www.google.com/bot.html)"
66.249.79.17 - - [25/Jun/2017:01:33:58 +0530] "GET /project_details_view.php?id=47&oid=&page=108&reporttype= HTTP/1.1" 200 14950 "-" "Mozilla/5.0 (compatible; Googlebot/2.1; +http://www.google.com/bot.html)"
66.249.79.15 - - [25/Jun/2017:01:39:08 +0530] "GET /reports_list_details.php?id=3&reporttype=1&page=1 HTTP/1.1" 200 21685 "-" "Mozilla/5.0 (compatible; Googlebot/2.1; +http://www.google.com/bot.html)"
35.184.189.105 - - [25/Jun/2017:01:40:29 +0530] "GET /robots.txt HTTP/1.1" 404 208 "-" "ltx71 - (http://ltx71.com/)"
146.148.64.128 - - [25/Jun/2017:01:40:53 +0530] "GET /robots.txt HTTP/1.1" 404 208 "-" "ltx71 - (http://ltx71.com/)"
146.148.64.128 - - [25/Jun/2017:01:42:15 +0530] "GET /images/NCDMA%20PCN%20Format%2017072009.doc HTTP/1.1" 200 114176 "-" "ltx71 - (http://ltx71.com/)"
157.55.39.239 - - [25/Jun/2017:01:44:16 +0530] "GET /images/spacer.gif HTTP/1.1" 200 43 "-" "Mozilla/5.0 (iPhone; CPU iPhone OS 7_0 like Mac OS X) AppleWebKit/537.51.1 (KHTML, like Gecko) Version/7.0 Mobile/11A465 Safari/9537.53 (compatible; bingbot/2.0; +http://www.bing.com/bingbot.htm)"
66.249.79.93 - - [25/Jun/2017:01:44:18 +0530] "GET / HTTP/1.1" 200 19490 "-" "Mozilla/5.0 (Linux; Android 6.0.1; Nexus 5X Build/MMB29P) AppleWebKit/537.36 (KHTML, like Gecko) Chrome/41.0.2272.96 Mobile Safari/537.36 (compatible; Googlebot/2.1; +http://www.google.com/bot.html)"
157.55.39.174 - - [25/Jun/2017:01:44:21 +0530] "GET /images/bulllet2.gif HTTP/1.1" 200 58 "-" "Mozilla/5.0 (iPhone; CPU iPhone OS 7_0 like Mac OS X) AppleWebKit/537.51.1 (KHTML, like Gecko) Version/7.0 Mobile/11A465 Safari/9537.53 (compatible; bingbot/2.0; +http://www.bing.com/bingbot.htm)"
157.55.39.84 - - [25/Jun/2017:01:44:25 +0530] "GET /images/img2.jpg HTTP/1.1" 200 16276 "-" "Mozilla/5.0 (iPhone; CPU iPhone OS 7_0 like Mac OS X) AppleWebKit/537.51.1 (KHTML, like Gecko) Version/7.0 Mobile/11A465 Safari/9537.53 (compatible; bingbot/2.0; +http://www.bing.com/bingbot.htm)"
202.46.49.76 - - [25/Jun/2017:01:45:33 +0530] "GET /project_details_view_report.php?id=734 HTTP/1.1" 200 13329 "-" "Mozilla/5.0 (Windows NT 10.0; WOW64) AppleWebKit/537.36 (KHTML, like Gecko) Chrome/45.0.2454.93 Safari/537.36"
146.148.64.128 - - [25/Jun/2017:01:48:18 +0530] "GET /robots.txt HTTP/1.1" 404 208 "-" "ltx71 - (http://ltx71.com/)"
207.46.13.27 - - [25/Jun/2017:01:48:23 +0530] "GET /project_details_view.php?id=87 HTTP/1.1" 200 14210 "-" "Mozilla/5.0 (compatible; bingbot/2.0; +http://www.bing.com/bingbot.htm)"
66.249.79.15 - - [25/Jun/2017:01:54:28 +0530] "GET /project_details_view.php?id=1898&oid=&page=10&reporttype= HTTP/1.1" 200 14503 "-" "Mozilla/5.0 (compatible; Googlebot/2.1; +http://www.google.com/bot.html)"
146.148.64.128 - - [25/Jun/2017:02:01:53 +0530] "GET /robots.txt HTTP/1.1" 404 208 "-" "ltx71 - (http://ltx71.com/)"
194.187.170.112 - - [25/Jun/2017:02:04:30 +0530] "GET /robots.txt HTTP/1.0" 404 208 "-" "Mozilla/5.0 (compatible; Qwantify/2.4w; +https://www.qwant.com/)/2.4w"
194.187.170.112 - - [25/Jun/2017:02:04:31 +0530] "GET /detail_news.php?id=19 HTTP/1.0" 302 19082 "-" "Mozilla/5.0 (compatible; Qwantify/2.4w; +https://www.qwant.com/)/2.4w"
194.187.170.112 - - [25/Jun/2017:02:04:32 +0530] "GET /logout.php HTTP/1.0" 302 369 "-" "Mozilla/5.0 (compatible; Qwantify/2.4w; +https://www.qwant.com/)/2.4w"
194.187.170.112 - - [25/Jun/2017:02:04:33 +0530] "GET /index.php HTTP/1.0" 200 19490 "-" "Mozilla/5.0 (compatible; Qwantify/2.4w; +https://www.qwant.com/)/2.4w"
157.55.39.174 - - [25/Jun/2017:02:04:46 +0530] "GET /project_details_view.php?id=1027 HTTP/1.1" 200 13999 "-" "Mozilla/5.0 (iPhone; CPU iPhone OS 7_0 like Mac OS X) AppleWebKit/537.51.1 (KHTML, like Gecko) Version/7.0 Mobile/11A465 Safari/9537.53 (compatible; bingbot/2.0; +http://www.bing.com/bingbot.htm)"
194.187.170.112 - - [25/Jun/2017:02:04:51 +0530] "GET /detail_news.php?id=18 HTTP/1.0" 302 18713 "-" "Mozilla/5.0 (compatible; Qwantify/2.4w; +https://www.qwant.com/)/2.4w"
194.187.170.112 - - [25/Jun/2017:02:04:51 +0530] "GET /logout.php HTTP/1.0" 302 369 "-" "Mozilla/5.0 (compatible; Qwantify/2.4w; +https://www.qwant.com/)/2.4w"
194.187.170.112 - - [25/Jun/2017:02:04:54 +0530] "GET /index.php HTTP/1.0" 200 19490 "-" "Mozilla/5.0 (compatible; Qwantify/2.4w; +https://www.qwant.com/)/2.4w"
202.46.49.117 - - [25/Jun/2017:02:05:23 +0530] "GET /reports_list_details.php?id=Andhra&reporttype=&page=65 HTTP/1.1" 200 21893 "-" "Mozilla/5.0 (Windows NT 10.0; WOW64) AppleWebKit/537.36 (KHTML, like Gecko) Chrome/45.0.2454.93 Safari/537.36"
146.148.64.128 - - [25/Jun/2017:02:12:39 +0530] "GET /robots.txt HTTP/1.1" 404 208 "-" "ltx71 - (http://ltx71.com/)"
194.187.170.112 - - [25/Jun/2017:02:17:08 +0530] "GET /future_projects.php HTTP/1.0" 302 26210 "-" "Mozilla/5.0 (compatible; Qwantify/2.4w; +https://www.qwant.com/)/2.4w"
194.187.170.112 - - [25/Jun/2017:02:17:09 +0530] "GET /logout.php HTTP/1.0" 302 369 "-" "Mozilla/5.0 (compatible; Qwantify/2.4w; +https://www.qwant.com/)/2.4w"
194.187.170.112 - - [25/Jun/2017:02:17:09 +0530] "GET /index.php HTTP/1.0" 200 19490 "-" "Mozilla/5.0 (compatible; Qwantify/2.4w; +https://www.qwant.com/)/2.4w"
146.148.64.128 - - [25/Jun/2017:02:17:14 +0530] "GET /robots.txt HTTP/1.1" 404 208 "-" "ltx71 - (http://ltx71.com/)"
146.148.64.128 - - [25/Jun/2017:02:18:57 +0530] "GET / HTTP/1.1" 200 19490 "-" "ltx71 - (http://ltx71.com/)"
207.46.13.27 - - [25/Jun/2017:02:19:20 +0530] "GET /project_details_view_report.php?id=1708 HTTP/1.1" 200 13127 "-" "Mozilla/5.0 (compatible; bingbot/2.0; +http://www.bing.com/bingbot.htm)"
157.55.39.239 - - [25/Jun/2017:02:20:03 +0530] "GET /downloads/Carbon%20Market%20Roadmap.pdf HTTP/1.1" 200 4344697 "-" "Mozilla/5.0 (compatible; bingbot/2.0; +http://www.bing.com/bingbot.htm)"
202.46.56.13 - - [25/Jun/2017:02:25:13 +0530] "GET /reports_list_details.php?id=Tamil%20Nadu&reporttype=2&page=32 HTTP/1.1" 200 22041 "-" "Mozilla/5.0 (Windows NT 10.0; WOW64) AppleWebKit/537.36 (KHTML, like Gecko) Chrome/45.0.2454.93 Safari/537.36"
195.32.106.250 - - [25/Jun/2017:02:27:56 +0530] "GET /reports_list_details.php?id=Tamil%20Nadu&reporttype=2&page=2 HTTP/1.1" 200 21189 "http://www.cdmindia.gov.in/" "Mozilla/5.0 (Windows NT 6.1; Win64; x64) AppleWebKit/537.36 (KHTML, like Gecko) Chrome/39.0.2171.95 Safari/537.36"
41.230.188.32 - - [25/Jun/2017:02:29:42 +0530] "GET /detail_news.php?id=3'A=0 HTTP/1.1" 200 11730 "http://www.cdmindia.gov.in/detail_news.php?id=3'A=0" "Mozilla/5.0 (Windows; U; Windows NT 5.1; pt-PT; rv:1.9.1.2) Gecko/20090729 Firefox/3.5.2 (.NET CLR 3.5.30729)"
41.230.188.32 - - [25/Jun/2017:02:29:50 +0530] "GET /detail_news.php?id=3'A=0 HTTP/1.1" 200 11730 "http://www.cdmindia.gov.in/detail_news.php?id=3'A=0" "Mozilla/5.0 (Windows; U; Windows NT 5.1; pt-PT; rv:1.9.1.2) Gecko/20090729 Firefox/3.5.2 (.NET CLR 3.5.30729)"
194.187.170.112 - - [25/Jun/2017:02:30:40 +0530] "GET /downloads/New%20PCN.doc HTTP/1.0" 304 - "-" "Mozilla/5.0 (compatible; Qwantify/2.4w; +https://www.qwant.com/)/2.4w"
146.148.64.128 - - [25/Jun/2017:02:31:34 +0530] "GET /robots.txt HTTP/1.1" 404 208 "-" "ltx71 - (http://ltx71.com/)"
146.148.64.128 - - [25/Jun/2017:02:31:38 +0530] "GET /robots.txt HTTP/1.1" 404 208 "-" "ltx71 - (http://ltx71.com/)"
146.148.64.128 - - [25/Jun/2017:02:32:36 +0530] "GET /index.php HTTP/1.1" 200 19490 "-" "ltx71 - (http://ltx71.com/)"
146.148.64.128 - - [25/Jun/2017:02:32:40 +0530] "GET /downloads/Comparision%20of%20PCN_30.03.doc HTTP/1.1" 200 49664 "-" "ltx71 - (http://ltx71.com/)"
146.148.64.128 - - [25/Jun/2017:02:34:32 +0530] "GET /registration.php HTTP/1.1" 302 28529 "-" "ltx71 - (http://ltx71.com/)"
54.173.165.103 - - [25/Jun/2017:02:35:33 +0530] "GET / HTTP/1.1" 200 19490 "-" "Mozilla/5.0 (X11; Linux x86_64) AppleWebKit/537.36 (KHTML, like Gecko) Chrome/43.0.2357.134 Safari/537.36 http://notifyninja.com/monitoring"
194.187.170.112 - - [25/Jun/2017:02:35:36 +0530] "GET /aboutus.php HTTP/1.0" 200 19597 "-" "Mozilla/5.0 (compatible; Qwantify/2.4w; +https://www.qwant.com/)/2.4w"
66.249.69.81 - - [25/Jun/2017:02:35:37 +0530] "GET /project_details_view_report.php?id=1043 HTTP/1.1" 200 13203 "-" "Mozilla/5.0 (compatible; Googlebot/2.1; +http://www.google.com/bot.html)"
194.187.170.112 - - [25/Jun/2017:02:36:29 +0530] "GET /downloads/Carbon%20Market%20Roadmap.pdf HTTP/1.0" 304 - "-" "Mozilla/5.0 (compatible; Qwantify/2.4w; +https://www.qwant.com/)/2.4w"
146.148.64.128 - - [25/Jun/2017:02:38:05 +0530] "GET /robots.txt HTTP/1.1" 404 208 "-" "ltx71 - (http://ltx71.com/)"
194.187.170.112 - - [25/Jun/2017:02:38:34 +0530] "GET /downloads/Existing%20PCN.doc HTTP/1.0" 304 - "-" "Mozilla/5.0 (compatible; Qwantify/2.4w; +https://www.qwant.com/)/2.4w"
146.148.64.128 - - [25/Jun/2017:02:39:55 +0530] "GET /robots.txt HTTP/1.1" 404 208 "-" "ltx71 - (http://ltx71.com/)"
66.249.79.17 - - [25/Jun/2017:02:40:17 +0530] "GET / HTTP/1.1" 200 19490 "-" "Mozilla/5.0 (Linux; Android 6.0.1; Nexus 5X Build/MMB29P) AppleWebKit/537.36 (KHTML, like Gecko) Chrome/41.0.2272.96 Mobile Safari/537.36 (compatible; Googlebot/2.1; +http://www.google.com/bot.html)"
157.55.39.174 - - [25/Jun/2017:02:41:33 +0530] "GET /project_details_view.php?id=1229 HTTP/1.1" 200 15212 "-" "Mozilla/5.0 (iPhone; CPU iPhone OS 7_0 like Mac OS X) AppleWebKit/537.51.1 (KHTML, like Gecko) Version/7.0 Mobile/11A465 Safari/9537.53 (compatible; bingbot/2.0; +http://www.bing.com/bingbot.htm)"
146.148.64.128 - - [25/Jun/2017:02:43:09 +0530] "GET /robots.txt HTTP/1.1" 404 208 "-" "ltx71 - (http://ltx71.com/)"
146.148.64.128 - - [25/Jun/2017:02:43:28 +0530] "GET /approval_process.php HTTP/1.1" 200 25912 "-" "ltx71 - (http://ltx71.com/)"
157.55.39.239 - - [25/Jun/2017:02:44:02 +0530] "GET /project_details_view.php?id=1326 HTTP/1.1" 200 14858 "-" "Mozilla/5.0 (iPhone; CPU iPhone OS 7_0 like Mac OS X) AppleWebKit/537.51.1 (KHTML, like Gecko) Version/7.0 Mobile/11A465 Safari/9537.53 (compatible; bingbot/2.0; +http://www.bing.com/bingbot.htm)"
202.46.53.67 - - [25/Jun/2017:02:45:03 +0530] "GET /project_details_view.php?id=1147 HTTP/1.1" 200 13924 "-" "Mozilla/5.0 (Windows NT 10.0; WOW64) AppleWebKit/537.36 (KHTML, like Gecko) Chrome/45.0.2454.93 Safari/537.36"
199.30.24.23 - - [25/Jun/2017:02:45:20 +0530] "GET /images/bullet4.gif HTTP/1.1" 200 67 "http://www.cdmindia.gov.in/project_details_view.php?id=1084" "Mozilla/5.0 (iPhone; CPU iPhone OS 7_0 like Mac OS X) AppleWebKit/537.51.1 (KHTML, like Gecko) Version/7.0 Mobile/11A465 Safari/9537.53 BingPreview/1.0b"
199.30.24.23 - - [25/Jun/2017:02:45:20 +0530] "GET /images/img3.jpg HTTP/1.1" 200 26957 "http://www.cdmindia.gov.in/project_details_view.php?id=1084" "Mozilla/5.0 (iPhone; CPU iPhone OS 7_0 like Mac OS X) AppleWebKit/537.51.1 (KHTML, like Gecko) Version/7.0 Mobile/11A465 Safari/9537.53 BingPreview/1.0b"
199.30.24.23 - - [25/Jun/2017:02:45:20 +0530] "GET /images/bullet1.gif HTTP/1.1" 200 67 "http://www.cdmindia.gov.in/project_details_view.php?id=1084" "Mozilla/5.0 (iPhone; CPU iPhone OS 7_0 like Mac OS X) AppleWebKit/537.51.1 (KHTML, like Gecko) Version/7.0 Mobile/11A465 Safari/9537.53 BingPreview/1.0b"
66.249.79.93 - - [25/Jun/2017:02:45:27 +0530] "GET / HTTP/1.1" 200 19490 "-" "Mozilla/5.0 (compatible; Googlebot/2.1; +http://www.google.com/bot.html)"
194.187.170.112 - - [25/Jun/2017:02:46:31 +0530] "GET /detail_news.php?id=20 HTTP/1.0" 302 18266 "-" "Mozilla/5.0 (compatible; Qwantify/2.4w; +https://www.qwant.com/)/2.4w"
194.187.170.112 - - [25/Jun/2017:02:46:32 +0530] "GET /logout.php HTTP/1.0" 302 369 "-" "Mozilla/5.0 (compatible; Qwantify/2.4w; +https://www.qwant.com/)/2.4w"
194.187.170.112 - - [25/Jun/2017:02:46:32 +0530] "GET /index.php HTTP/1.0" 200 19490 "-" "Mozilla/5.0 (compatible; Qwantify/2.4w; +https://www.qwant.com/)/2.4w"
157.55.39.84 - - [25/Jun/2017:02:46:48 +0530] "GET /project_details_view.php?id=1895 HTTP/1.1" 200 14602 "-" "Mozilla/5.0 (compatible; bingbot/2.0; +http://www.bing.com/bingbot.htm)"
157.55.39.174 - - [25/Jun/2017:02:47:30 +0530] "GET /project_details_view.php?id=675 HTTP/1.1" 200 15247 "-" "Mozilla/5.0 (compatible; bingbot/2.0; +http://www.bing.com/bingbot.htm)"
146.148.64.128 - - [25/Jun/2017:02:55:14 +0530] "GET /robots.txt HTTP/1.1" 404 208 "-" "ltx71 - (http://ltx71.com/)"
146.148.64.128 - - [25/Jun/2017:02:56:30 +0530] "GET /images/NCDMA%20PCN%20Format%2017072009.doc HTTP/1.1" 200 114176 "-" "ltx71 - (http://ltx71.com/)"
146.148.64.128 - - [25/Jun/2017:02:58:09 +0530] "GET /downloads/Carbon%20Market%20Roadmap.pdf HTTP/1.1" 200 4344697 "-" "ltx71 - (http://ltx71.com/)"
157.55.39.239 - - [25/Jun/2017:02:58:36 +0530] "GET /detail_news.php?id=20 HTTP/1.1" 302 18266 "-" "Mozilla/5.0 (compatible; bingbot/2.0; +http://www.bing.com/bingbot.htm)"
157.55.39.239 - - [25/Jun/2017:02:58:38 +0530] "GET /logout.php HTTP/1.1" 302 369 "-" "Mozilla/5.0 (compatible; bingbot/2.0; +http://www.bing.com/bingbot.htm)"
157.55.39.239 - - [25/Jun/2017:02:58:39 +0530] "GET /index.php HTTP/1.1" 200 19490 "-" "Mozilla/5.0 (compatible; bingbot/2.0; +http://www.bing.com/bingbot.htm)"
157.55.39.239 - - [25/Jun/2017:02:59:36 +0530] "GET /admin/images/img2.jpg HTTP/1.1" 200 16276 "-" "Mozilla/5.0 (iPhone; CPU iPhone OS 7_0 like Mac OS X) AppleWebKit/537.51.1 (KHTML, like Gecko) Version/7.0 Mobile/11A465 Safari/9537.53 (compatible; bingbot/2.0; +http://www.bing.com/bingbot.htm)"
157.55.39.239 - - [25/Jun/2017:02:59:36 +0530] "GET /admin/js/index_validation.js HTTP/1.1" 200 1988 "-" "Mozilla/5.0 (iPhone; CPU iPhone OS 7_0 like Mac OS X) AppleWebKit/537.51.1 (KHTML, like Gecko) Version/7.0 Mobile/11A465 Safari/9537.53 (compatible; bingbot/2.0; +http://www.bing.com/bingbot.htm)"
157.55.39.84 - - [25/Jun/2017:02:59:40 +0530] "GET /admin/images/fbg.jpg HTTP/1.1" 200 325 "-" "Mozilla/5.0 (iPhone; CPU iPhone OS 7_0 like Mac OS X) AppleWebKit/537.51.1 (KHTML, like Gecko) Version/7.0 Mobile/11A465 Safari/9537.53 (compatible; bingbot/2.0; +http://www.bing.com/bingbot.htm)"
157.55.39.84 - - [25/Jun/2017:02:59:41 +0530] "GET /admin/Scripts/AC_RunActiveContent.js HTTP/1.1" 404 234 "-" "Mozilla/5.0 (iPhone; CPU iPhone OS 7_0 like Mac OS X) AppleWebKit/537.51.1 (KHTML, like Gecko) Version/7.0 Mobile/11A465 Safari/9537.53 (compatible; bingbot/2.0; +http://www.bing.com/bingbot.htm)"
195.154.240.37 - - [25/Jun/2017:02:59:41 +0530] "GET /approval_process.php HTTP/1.0" 200 25912 "http://cdmindia.gov.in/approval_process.php" "Mozilla/5.0 (Windows NT 5.1; rv:52.0) Gecko/20100101 Firefox/52.0"
157.55.39.84 - - [25/Jun/2017:02:59:41 +0530] "GET /admin/images/img3.jpg HTTP/1.1" 200 26957 "-" "Mozilla/5.0 (iPhone; CPU iPhone OS 7_0 like Mac OS X) AppleWebKit/537.51.1 (KHTML, like Gecko) Version/7.0 Mobile/11A465 Safari/9537.53 (compatible; bingbot/2.0; +http://www.bing.com/bingbot.htm)"
195.154.240.37 - - [25/Jun/2017:02:59:42 +0530] "GET /registration.php HTTP/1.0" 200 28529 "http://cdmindia.gov.in/registration.php" "Mozilla/5.0 (Windows NT 5.1; rv:52.0) Gecko/20100101 Firefox/52.0"
157.55.39.84 - - [25/Jun/2017:02:59:42 +0530] "GET /admin/js/ajax_client.js HTTP/1.1" 200 22793 "-" "Mozilla/5.0 (iPhone; CPU iPhone OS 7_0 like Mac OS X) AppleWebKit/537.51.1 (KHTML, like Gecko) Version/7.0 Mobile/11A465 Safari/9537.53 (compatible; bingbot/2.0; +http://www.bing.com/bingbot.htm)"
195.154.240.37 - - [25/Jun/2017:02:59:42 +0530] "GET /registration.php HTTP/1.0" 200 28529 "http://cdmindia.gov.in/registration.php" "Mozilla/5.0 (Windows NT 5.1; rv:52.0) Gecko/20100101 Firefox/52.0"
157.55.39.84 - - [25/Jun/2017:02:59:43 +0530] "GET /admin/ncdma.css HTTP/1.1" 404 213 "-" "Mozilla/5.0 (iPhone; CPU iPhone OS 7_0 like Mac OS X) AppleWebKit/537.51.1 (KHTML, like Gecko) Version/7.0 Mobile/11A465 Safari/9537.53 (compatible; bingbot/2.0; +http://www.bing.com/bingbot.htm)"
195.154.240.37 - - [25/Jun/2017:02:59:43 +0530] "GET /registration.php HTTP/1.0" 200 28529 "http://cdmindia.gov.in/registration.php" "Mozilla/5.0 (Windows NT 5.1; rv:52.0) Gecko/20100101 Firefox/52.0"
195.154.240.37 - - [25/Jun/2017:02:59:43 +0530] "GET /registration.php HTTP/1.0" 200 28529 "http://cdmindia.gov.in/registration.php" "Mozilla/5.0 (Windows NT 5.1; rv:52.0) Gecko/20100101 Firefox/52.0"
207.46.13.27 - - [25/Jun/2017:02:59:45 +0530] "GET /admin/images/img1.jpg HTTP/1.1" 200 1251 "-" "Mozilla/5.0 (iPhone; CPU iPhone OS 7_0 like Mac OS X) AppleWebKit/537.51.1 (KHTML, like Gecko) Version/7.0 Mobile/11A465 Safari/9537.53 (compatible; bingbot/2.0; +http://www.bing.com/bingbot.htm)"
157.55.39.174 - - [25/Jun/2017:02:59:50 +0530] "GET /admin/images/loginbg.jpg HTTP/1.1" 200 11936 "-" "Mozilla/5.0 (iPhone; CPU iPhone OS 7_0 like Mac OS X) AppleWebKit/537.51.1 (KHTML, like Gecko) Version/7.0 Mobile/11A465 Safari/9537.53 (compatible; bingbot/2.0; +http://www.bing.com/bingbot.htm)"
199.30.24.232 - - [25/Jun/2017:03:00:02 +0530] "GET /images/fdm.jpg HTTP/1.1" 200 2043 "-" "Mozilla/5.0 (iPhone; CPU iPhone OS 7_0 like Mac OS X) AppleWebKit/537.51.1 (KHTML, like Gecko) Version/7.0 Mobile/11A465 Safari/9537.53 BingPreview/1.0b"
65.55.210.168 - - [25/Jun/2017:03:00:03 +0530] "GET /images/gtz.jpg HTTP/1.1" 200 15484 "-" "Mozilla/5.0 (iPhone; CPU iPhone OS 7_0 like Mac OS X) AppleWebKit/537.51.1 (KHTML, like Gecko) Version/7.0 Mobile/11A465 Safari/9537.53 BingPreview/1.0b"
157.55.39.174 - - [25/Jun/2017:03:02:17 +0530] "GET /project_details_view.php?id=1579 HTTP/1.1" 200 14425 "-" "Mozilla/5.0 (compatible; bingbot/2.0; +http://www.bing.com/bingbot.htm)"
157.55.39.239 - - [25/Jun/2017:03:04:16 +0530] "GET /future_projects.php HTTP/1.1" 302 26210 "-" "Mozilla/5.0 (compatible; bingbot/2.0; +http://www.bing.com/bingbot.htm)"
157.55.39.239 - - [25/Jun/2017:03:04:17 +0530] "GET /logout.php HTTP/1.1" 302 369 "-" "Mozilla/5.0 (compatible; bingbot/2.0; +http://www.bing.com/bingbot.htm)"
157.55.39.239 - - [25/Jun/2017:03:04:18 +0530] "GET /index.php HTTP/1.1" 200 19490 "-" "Mozilla/5.0 (compatible; bingbot/2.0; +http://www.bing.com/bingbot.htm)"
157.55.39.239 - - [25/Jun/2017:03:04:42 +0530] "GET /downloads/Carbon%20Market%20Roadmap.pdf HTTP/1.1" 200 4344697 "-" "Mozilla/5.0 (compatible; bingbot/2.0; +http://www.bing.com/bingbot.htm)"
202.46.50.132 - - [25/Jun/2017:03:04:53 +0530] "GET /project_details_view_report.php?id=1232 HTTP/1.1" 200 13192 "-" "Mozilla/5.0 (Windows NT 10.0; WOW64) AppleWebKit/537.36 (KHTML, like Gecko) Chrome/45.0.2454.93 Safari/537.36"
66.249.79.17 - - [25/Jun/2017:03:05:37 +0530] "GET /Approved_proj_reports_list_details.php?id=1&reporttype=1&scale=&sdt=&edt=&exec=&page=72 HTTP/1.1" 200 17151 "-" "Mozilla/5.0 (compatible; Googlebot/2.1; +http://www.google.com/bot.html)"
66.249.79.15 - - [25/Jun/2017:03:05:41 +0530] "GET /downloads/Carbon%20Market%20Roadmap.pdf HTTP/1.1" 304 - "-" "Mozilla/5.0 (compatible; Googlebot/2.1; +http://www.google.com/bot.html)"
157.55.39.239 - - [25/Jun/2017:03:08:43 +0530] "GET /project_details_view.php?id=1190 HTTP/1.1" 200 15466 "-" "Mozilla/5.0 (iPhone; CPU iPhone OS 7_0 like Mac OS X) AppleWebKit/537.51.1 (KHTML, like Gecko) Version/7.0 Mobile/11A465 Safari/9537.53 (compatible; bingbot/2.0; +http://www.bing.com/bingbot.htm)"
157.55.39.84 - - [25/Jun/2017:03:09:03 +0530] "GET /project_details_view.php?id=949 HTTP/1.1" 200 15971 "-" "Mozilla/5.0 (iPhone; CPU iPhone OS 7_0 like Mac OS X) AppleWebKit/537.51.1 (KHTML, like Gecko) Version/7.0 Mobile/11A465 Safari/9537.53 (compatible; bingbot/2.0; +http://www.bing.com/bingbot.htm)"
146.148.64.128 - - [25/Jun/2017:03:09:59 +0530] "GET /robots.txt HTTP/1.1" 404 208 "-" "ltx71 - (http://ltx71.com/)"
157.55.39.174 - - [25/Jun/2017:03:13:05 +0530] "GET /project_details_view.php?id=604 HTTP/1.1" 200 14061 "-" "Mozilla/5.0 (iPhone; CPU iPhone OS 7_0 like Mac OS X) AppleWebKit/537.51.1 (KHTML, like Gecko) Version/7.0 Mobile/11A465 Safari/9537.53 (compatible; bingbot/2.0; +http://www.bing.com/bingbot.htm)"
146.148.64.128 - - [25/Jun/2017:03:18:15 +0530] "GET /robots.txt HTTP/1.1" 404 208 "-" "ltx71 - (http://ltx71.com/)"
157.55.39.84 - - [25/Jun/2017:03:20:52 +0530] "GET /downloads/New%20PCN.doc HTTP/1.1" 200 435200 "-" "Mozilla/5.0 (compatible; bingbot/2.0; +http://www.bing.com/bingbot.htm)"
194.187.170.112 - - [25/Jun/2017:03:21:06 +0530] "GET /registration.php HTTP/1.0" 302 28529 "-" "Mozilla/5.0 (compatible; Qwantify/2.4w; +https://www.qwant.com/)/2.4w"
194.187.170.112 - - [25/Jun/2017:03:21:07 +0530] "GET /logout.php HTTP/1.0" 302 369 "-" "Mozilla/5.0 (compatible; Qwantify/2.4w; +https://www.qwant.com/)/2.4w"
194.187.170.112 - - [25/Jun/2017:03:21:07 +0530] "GET /index.php HTTP/1.0" 200 19490 "-" "Mozilla/5.0 (compatible; Qwantify/2.4w; +https://www.qwant.com/)/2.4w"
146.148.64.128 - - [25/Jun/2017:03:21:50 +0530] "GET /robots.txt HTTP/1.1" 404 208 "-" "ltx71 - (http://ltx71.com/)"
146.148.64.128 - - [25/Jun/2017:03:22:14 +0530] "GET /robots.txt HTTP/1.1" 404 208 "-" "ltx71 - (http://ltx71.com/)"
66.102.6.113 - - [25/Jun/2017:03:24:20 +0530] "GET /project_details_view_report.php?id=603 HTTP/1.1" 200 13203 "https://www.google.co.in/" "Mozilla/5.0 (Linux; Android 4.2.1; en-us; Nexus 5 Build/JOP40D) AppleWebKit/535.19 (KHTML, like Gecko; googleweblight) Chrome/38.0.1025.166 Mobile Safari/535.19"
66.102.6.111 - - [25/Jun/2017:03:24:21 +0530] "GET /images/bullet4.gif HTTP/1.1" 200 67 "http://www.cdmindia.gov.in/project_details_view_report.php?id=603" "Mozilla/5.0 (Linux; Android 4.2.1; en-us; Nexus 5 Build/JOP40D) AppleWebKit/535.19 (KHTML, like Gecko; googleweblight) Chrome/38.0.1025.166 Mobile Safari/535.19"
66.102.6.113 - - [25/Jun/2017:03:24:21 +0530] "GET /images/bullet1.gif HTTP/1.1" 200 67 "http://www.cdmindia.gov.in/project_details_view_report.php?id=603" "Mozilla/5.0 (Linux; Android 4.2.1; en-us; Nexus 5 Build/JOP40D) AppleWebKit/535.19 (KHTML, like Gecko; googleweblight) Chrome/38.0.1025.166 Mobile Safari/535.19"
66.102.6.115 - - [25/Jun/2017:03:24:21 +0530] "GET /includes/ncdma.css HTTP/1.1" 200 13023 "http://www.cdmindia.gov.in/project_details_view_report.php?id=603" "Mozilla/5.0 (Linux; Android 4.2.1; en-us; Nexus 5 Build/JOP40D) AppleWebKit/535.19 (KHTML, like Gecko; googleweblight) Chrome/38.0.1025.166 Mobile Safari/535.19"
66.102.6.113 - - [25/Jun/2017:03:24:21 +0530] "GET /images/img1.jpg HTTP/1.1" 200 1251 "http://www.cdmindia.gov.in/project_details_view_report.php?id=603" "Mozilla/5.0 (Linux; Android 4.2.1; en-us; Nexus 5 Build/JOP40D) AppleWebKit/535.19 (KHTML, like Gecko; googleweblight) Chrome/38.0.1025.166 Mobile Safari/535.19"
66.102.6.115 - - [25/Jun/2017:03:24:21 +0530] "GET /images/fbg.jpg HTTP/1.1" 200 325 "http://www.cdmindia.gov.in/project_details_view_report.php?id=603" "Mozilla/5.0 (Linux; Android 4.2.1; en-us; Nexus 5 Build/JOP40D) AppleWebKit/535.19 (KHTML, like Gecko; googleweblight) Chrome/38.0.1025.166 Mobile Safari/535.19"
66.102.6.115 - - [25/Jun/2017:03:24:21 +0530] "GET /Scripts/AC_RunActiveContent.js HTTP/1.1" 200 8321 "http://www.cdmindia.gov.in/project_details_view_report.php?id=603" "Mozilla/5.0 (Linux; Android 4.2.1; en-us; Nexus 5 Build/JOP40D) AppleWebKit/535.19 (KHTML, like Gecko; googleweblight) Chrome/38.0.1025.166 Mobile Safari/535.19"
66.102.6.115 - - [25/Jun/2017:03:24:21 +0530] "GET /images/fdm.jpg HTTP/1.1" 200 2043 "http://www.cdmindia.gov.in/project_details_view_report.php?id=603" "Mozilla/5.0 (Linux; Android 4.2.1; en-us; Nexus 5 Build/JOP40D) AppleWebKit/535.19 (KHTML, like Gecko; googleweblight) Chrome/38.0.1025.166 Mobile Safari/535.19"
66.102.6.113 - - [25/Jun/2017:03:24:21 +0530] "GET /images/bulllet2.gif HTTP/1.1" 200 58 "http://www.cdmindia.gov.in/project_details_view_report.php?id=603" "Mozilla/5.0 (Linux; Android 4.2.1; en-us; Nexus 5 Build/JOP40D) AppleWebKit/535.19 (KHTML, like Gecko; googleweblight) Chrome/38.0.1025.166 Mobile Safari/535.19"
66.102.6.111 - - [25/Jun/2017:03:24:21 +0530] "GET /ncdma.css HTTP/1.1" 200 12640 "http://www.cdmindia.gov.in/project_details_view_report.php?id=603" "Mozilla/5.0 (Linux; Android 4.2.1; en-us; Nexus 5 Build/JOP40D) AppleWebKit/535.19 (KHTML, like Gecko; googleweblight) Chrome/38.0.1025.166 Mobile Safari/535.19"
66.102.6.111 - - [25/Jun/2017:03:24:21 +0530] "GET /images/img3.jpg HTTP/1.1" 200 26957 "http://www.cdmindia.gov.in/project_details_view_report.php?id=603" "Mozilla/5.0 (Linux; Android 4.2.1; en-us; Nexus 5 Build/JOP40D) AppleWebKit/535.19 (KHTML, like Gecko; googleweblight) Chrome/38.0.1025.166 Mobile Safari/535.19"
66.102.6.115 - - [25/Jun/2017:03:24:21 +0530] "GET /images/spacer.gif HTTP/1.1" 200 43 "http://www.cdmindia.gov.in/project_details_view_report.php?id=603" "Mozilla/5.0 (Linux; Android 4.2.1; en-us; Nexus 5 Build/JOP40D) AppleWebKit/535.19 (KHTML, like Gecko; googleweblight) Chrome/38.0.1025.166 Mobile Safari/535.19"
66.102.6.115 - - [25/Jun/2017:03:24:21 +0530] "GET /images/gtz.jpg HTTP/1.1" 200 15484 "http://www.cdmindia.gov.in/project_details_view_report.php?id=603" "Mozilla/5.0 (Linux; Android 4.2.1; en-us; Nexus 5 Build/JOP40D) AppleWebKit/535.19 (KHTML, like Gecko; googleweblight) Chrome/38.0.1025.166 Mobile Safari/535.19"
66.102.6.115 - - [25/Jun/2017:03:24:21 +0530] "GET /images/img2.jpg HTTP/1.1" 200 16276 "http://www.cdmindia.gov.in/project_details_view_report.php?id=603" "Mozilla/5.0 (Linux; Android 4.2.1; en-us; Nexus 5 Build/JOP40D) AppleWebKit/535.19 (KHTML, like Gecko; googleweblight) Chrome/38.0.1025.166 Mobile Safari/535.19"
64.233.173.49 - - [25/Jun/2017:03:24:22 +0530] "GET /favicon.ico HTTP/1.1" 200 1189 "http://www.cdmindia.gov.in/project_details_view_report.php?id=603" "Mozilla/5.0 (Linux; Android 6.0.1; SM-G610F Build/MMB29K) AppleWebKit/537.36 (KHTML, like Gecko) Chrome/58.0.3029.83 Mobile Safari/537.36"
157.55.39.174 - - [25/Jun/2017:03:24:25 +0530] "GET /project_details_view.php?id=853 HTTP/1.1" 200 15054 "-" "Mozilla/5.0 (compatible; bingbot/2.0; +http://www.bing.com/bingbot.htm)"
202.46.52.170 - - [25/Jun/2017:03:24:43 +0530] "GET /project_details_view_report.php?id=1547 HTTP/1.1" 200 13161 "-" "Mozilla/5.0 (Windows NT 10.0; WOW64) AppleWebKit/537.36 (KHTML, like Gecko) Chrome/45.0.2454.93 Safari/537.36"
207.46.13.27 - - [25/Jun/2017:03:24:53 +0530] "GET /project_details_view.php?id=217 HTTP/1.1" 200 13842 "-" "Mozilla/5.0 (compatible; bingbot/2.0; +http://www.bing.com/bingbot.htm)"
65.55.210.115 - - [25/Jun/2017:03:26:45 +0530] "GET /images/img2.jpg HTTP/1.1" 200 16276 "http://cdmindia.gov.in/project_details_view.php?id=133" "Mozilla/5.0 (Windows NT 6.1; WOW64) AppleWebKit/534+ (KHTML, like Gecko) BingPreview/1.0b"
65.55.210.115 - - [25/Jun/2017:03:26:45 +0530] "GET /images/img1.jpg HTTP/1.1" 200 1251 "http://cdmindia.gov.in/project_details_view.php?id=133" "Mozilla/5.0 (Windows NT 6.1; WOW64) AppleWebKit/534+ (KHTML, like Gecko) BingPreview/1.0b"
65.55.210.115 - - [25/Jun/2017:03:26:45 +0530] "GET /images/fbg.jpg HTTP/1.1" 200 325 "http://cdmindia.gov.in/project_details_view.php?id=133" "Mozilla/5.0 (Windows NT 6.1; WOW64) AppleWebKit/534+ (KHTML, like Gecko) BingPreview/1.0b"
65.55.210.115 - - [25/Jun/2017:03:26:45 +0530] "GET /images/img3.jpg HTTP/1.1" 200 26957 "http://cdmindia.gov.in/project_details_view.php?id=133" "Mozilla/5.0 (Windows NT 6.1; WOW64) AppleWebKit/534+ (KHTML, like Gecko) BingPreview/1.0b"
207.46.13.27 - - [25/Jun/2017:03:27:49 +0530] "GET /constitution.php HTTP/1.1" 200 23669 "-" "Mozilla/5.0 (compatible; bingbot/2.0; +http://www.bing.com/bingbot.htm)"
207.46.13.27 - - [25/Jun/2017:03:28:47 +0530] "GET /downloads/Template_sharing%202Percent.doc HTTP/1.1" 200 73728 "-" "Mozilla/5.0 (compatible; bingbot/2.0; +http://www.bing.com/bingbot.htm)"
157.55.39.239 - - [25/Jun/2017:03:29:01 +0530] "GET /news_more.php HTTP/1.1" 200 21323 "-" "Mozilla/5.0 (compatible; bingbot/2.0; +http://www.bing.com/bingbot.htm)"
146.148.64.128 - - [25/Jun/2017:03:30:38 +0530] "GET /robots.txt HTTP/1.1" 404 208 "-" "ltx71 - (http://ltx71.com/)"
157.55.39.174 - - [25/Jun/2017:03:30:48 +0530] "GET /project_details_view.php?id=769 HTTP/1.1" 200 14797 "-" "Mozilla/5.0 (compatible; bingbot/2.0; +http://www.bing.com/bingbot.htm)"
146.148.64.128 - - [25/Jun/2017:03:31:46 +0530] "GET /aboutus.php HTTP/1.1" 200 19597 "-" "ltx71 - (http://ltx71.com/)"
146.148.64.128 - - [25/Jun/2017:03:32:42 +0530] "GET /contactus.php HTTP/1.1" 200 18292 "-" "ltx71 - (http://ltx71.com/)"
194.187.170.112 - - [25/Jun/2017:03:35:27 +0530] "GET /view_past_events.php HTTP/1.0" 200 18854 "-" "Mozilla/5.0 (compatible; Qwantify/2.4w; +https://www.qwant.com/)/2.4w"
66.249.79.19 - - [25/Jun/2017:03:35:58 +0530] "GET / HTTP/1.1" 200 19490 "-" "Mozilla/5.0 (compatible; Googlebot/2.1; +http://www.google.com/bot.html)"
194.187.170.112 - - [25/Jun/2017:03:36:58 +0530] "GET /robots.txt HTTP/1.0" 404 208 "-" "Mozilla/5.0 (compatible; Qwantify/2.4w; +https://www.qwant.com/)/2.4w"
194.187.170.112 - - [25/Jun/2017:03:36:59 +0530] "GET / HTTP/1.0" 200 19490 "-" "Mozilla/5.0 (compatible; Qwantify/2.4w; +https://www.qwant.com/)/2.4w"
157.55.39.174 - - [25/Jun/2017:03:38:19 +0530] "GET /project_details_view.php?id=1531 HTTP/1.1" 200 15424 "-" "Mozilla/5.0 (compatible; bingbot/2.0; +http://www.bing.com/bingbot.htm)"
146.148.64.128 - - [25/Jun/2017:03:38:27 +0530] "GET /robots.txt HTTP/1.1" 404 208 "-" "ltx71 - (http://ltx71.com/)"
157.55.39.174 - - [25/Jun/2017:03:38:46 +0530] "GET /project_details_view.php?id=1547 HTTP/1.1" 200 13905 "-" "Mozilla/5.0 (iPhone; CPU iPhone OS 7_0 like Mac OS X) AppleWebKit/537.51.1 (KHTML, like Gecko) Version/7.0 Mobile/11A465 Safari/9537.53 (compatible; bingbot/2.0; +http://www.bing.com/bingbot.htm)"
207.46.13.27 - - [25/Jun/2017:03:40:56 +0530] "GET /downloads/Template_sharing%202Percent.doc HTTP/1.1" 200 73728 "-" "Mozilla/5.0 (compatible; bingbot/2.0; +http://www.bing.com/bingbot.htm)"
157.55.39.8 - - [25/Jun/2017:03:42:13 +0530] "GET /robots.txt HTTP/1.1" 404 208 "-" "Mozilla/5.0 (compatible; bingbot/2.0; +http://www.bing.com/bingbot.htm)"
207.46.13.27 - - [25/Jun/2017:03:42:14 +0530] "GET /detail_events.php?id= HTTP/1.1" 302 16738 "-" "Mozilla/5.0 (compatible; bingbot/2.0; +http://www.bing.com/bingbot.htm)"
207.46.13.27 - - [25/Jun/2017:03:42:15 +0530] "GET /logout.php HTTP/1.1" 302 369 "-" "Mozilla/5.0 (compatible; bingbot/2.0; +http://www.bing.com/bingbot.htm)"
207.46.13.27 - - [25/Jun/2017:03:42:16 +0530] "GET /index.php HTTP/1.1" 200 19490 "-" "Mozilla/5.0 (compatible; bingbot/2.0; +http://www.bing.com/bingbot.htm)"
207.46.13.27 - - [25/Jun/2017:03:42:32 +0530] "GET /sitemap.php HTTP/1.1" 200 18469 "-" "Mozilla/5.0 (compatible; bingbot/2.0; +http://www.bing.com/bingbot.htm)"
35.184.189.105 - - [25/Jun/2017:03:42:59 +0530] "GET /robots.txt HTTP/1.1" 404 208 "-" "ltx71 - (http://ltx71.com/)"
194.187.170.112 - - [25/Jun/2017:03:44:30 +0530] "GET /downloads/Comparision%20of%20PCN_30.03.doc HTTP/1.0" 304 - "-" "Mozilla/5.0 (compatible; Qwantify/2.4w; +https://www.qwant.com/)/2.4w"
202.46.51.186 - - [25/Jun/2017:03:44:33 +0530] "GET /project_details_view.php?id=626 HTTP/1.1" 200 14553 "-" "Mozilla/5.0 (Windows NT 10.0; WOW64) AppleWebKit/537.36 (KHTML, like Gecko) Chrome/45.0.2454.93 Safari/537.36"
66.249.79.15 - - [25/Jun/2017:03:45:57 +0530] "GET /project_details_view_report.php?id=724 HTTP/1.1" 200 13274 "-" "Mozilla/5.0 (compatible; Googlebot/2.1; +http://www.google.com/bot.html)"
91.187.78.95 - - [25/Jun/2017:03:46:00 +0530] "GET /wp-login.php HTTP/1.1" 404 210 "-" "Mozilla/5.0 (Windows NT 6.1; WOW64; rv:40.0) Gecko/20100101 Firefox/40.1"
91.187.78.95 - - [25/Jun/2017:03:46:01 +0530] "GET / HTTP/1.1" 200 19490 "-" "Mozilla/5.0 (Windows NT 6.1; WOW64; rv:40.0) Gecko/20100101 Firefox/40.1"
146.148.64.128 - - [25/Jun/2017:03:48:01 +0530] "GET /robots.txt HTTP/1.1" 404 208 "-" "ltx71 - (http://ltx71.com/)"
207.46.13.27 - - [25/Jun/2017:03:48:16 +0530] "GET /imp_links.php HTTP/1.1" 200 17834 "-" "Mozilla/5.0 (compatible; bingbot/2.0; +http://www.bing.com/bingbot.htm)"
146.148.64.128 - - [25/Jun/2017:03:48:42 +0530] "GET /logout.php HTTP/1.1" 302 369 "-" "ltx71 - (http://ltx71.com/)"
146.148.64.128 - - [25/Jun/2017:03:49:39 +0530] "GET /index.php HTTP/1.1" 200 19490 "-" "ltx71 - (http://ltx71.com/)"
146.148.64.128 - - [25/Jun/2017:03:50:22 +0530] "GET /js/md5.js HTTP/1.1" 200 13194 "-" "ltx71 - (http://ltx71.com/)"
207.46.13.27 - - [25/Jun/2017:03:50:45 +0530] "GET /constitution.php HTTP/1.1" 200 23669 "-" "Mozilla/5.0 (compatible; bingbot/2.0; +http://www.bing.com/bingbot.htm)"
66.249.69.79 - - [25/Jun/2017:03:51:24 +0530] "GET /project_details_view_report.php?id=1835 HTTP/1.1" 200 13215 "-" "Mozilla/5.0 (compatible; Googlebot/2.1; +http://www.google.com/bot.html)"
194.187.170.112 - - [25/Jun/2017:03:51:44 +0530] "GET /images/NCDMA%20PCN%20Format%2017072009.doc HTTP/1.0" 304 - "-" "Mozilla/5.0 (compatible; Qwantify/2.4w; +https://www.qwant.com/)/2.4w"
157.55.39.174 - - [25/Jun/2017:03:54:50 +0530] "GET /project_details_view.php?id=1358 HTTP/1.1" 200 14007 "-" "Mozilla/5.0 (iPhone; CPU iPhone OS 7_0 like Mac OS X) AppleWebKit/537.51.1 (KHTML, like Gecko) Version/7.0 Mobile/11A465 Safari/9537.53 (compatible; bingbot/2.0; +http://www.bing.com/bingbot.htm)"
66.249.79.17 - - [25/Jun/2017:03:56:16 +0530] "GET /project_details_view.php?id=478&oid=&page=86&reporttype= HTTP/1.1" 200 14626 "-" "Mozilla/5.0 (compatible; Googlebot/2.1; +http://www.google.com/bot.html)"
157.55.39.84 - - [25/Jun/2017:03:56:31 +0530] "GET /downloads/Comparision%20of%20PCN_30.03.doc HTTP/1.1" 200 49664 "-" "Mozilla/5.0 (compatible; bingbot/2.0; +http://www.bing.com/bingbot.htm)"
157.55.39.174 - - [25/Jun/2017:04:02:46 +0530] "GET /contactus.php HTTP/1.1" 200 18292 "-" "Mozilla/5.0 (compatible; bingbot/2.0; +http://www.bing.com/bingbot.htm)"
157.55.39.239 - - [25/Jun/2017:04:03:33 +0530] "GET /detail_news.php?id=19 HTTP/1.1" 302 19082 "-" "Mozilla/5.0 (compatible; bingbot/2.0; +http://www.bing.com/bingbot.htm)"
157.55.39.239 - - [25/Jun/2017:04:03:34 +0530] "GET /logout.php HTTP/1.1" 302 369 "-" "Mozilla/5.0 (compatible; bingbot/2.0; +http://www.bing.com/bingbot.htm)"
157.55.39.239 - - [25/Jun/2017:04:03:35 +0530] "GET /index.php HTTP/1.1" 200 19490 "-" "Mozilla/5.0 (compatible; bingbot/2.0; +http://www.bing.com/bingbot.htm)"
202.46.52.174 - - [25/Jun/2017:04:04:23 +0530] "GET /project_details_view_report.php?id=976 HTTP/1.1" 200 13210 "-" "Mozilla/5.0 (Windows NT 10.0; WOW64) AppleWebKit/537.36 (KHTML, like Gecko) Chrome/45.0.2454.93 Safari/537.36"
157.55.39.174 - - [25/Jun/2017:04:07:03 +0530] "GET /registration.php HTTP/1.1" 302 28529 "-" "Mozilla/5.0 (compatible; bingbot/2.0; +http://www.bing.com/bingbot.htm)"
157.55.39.174 - - [25/Jun/2017:04:07:05 +0530] "GET /logout.php HTTP/1.1" 302 369 "-" "Mozilla/5.0 (compatible; bingbot/2.0; +http://www.bing.com/bingbot.htm)"
157.55.39.174 - - [25/Jun/2017:04:07:06 +0530] "GET /index.php HTTP/1.1" 200 19490 "-" "Mozilla/5.0 (compatible; bingbot/2.0; +http://www.bing.com/bingbot.htm)"
157.55.39.174 - - [25/Jun/2017:04:07:49 +0530] "GET /registration.php HTTP/1.1" 302 28529 "-" "Mozilla/5.0 (compatible; bingbot/2.0; +http://www.bing.com/bingbot.htm)"
157.55.39.174 - - [25/Jun/2017:04:07:50 +0530] "GET /logout.php HTTP/1.1" 302 369 "-" "Mozilla/5.0 (compatible; bingbot/2.0; +http://www.bing.com/bingbot.htm)"
157.55.39.174 - - [25/Jun/2017:04:07:51 +0530] "GET /index.php HTTP/1.1" 200 19490 "-" "Mozilla/5.0 (compatible; bingbot/2.0; +http://www.bing.com/bingbot.htm)"
194.187.170.112 - - [25/Jun/2017:04:08:28 +0530] "GET /downloads/Template_sharing%202Percent.doc HTTP/1.0" 304 - "-" "Mozilla/5.0 (compatible; Qwantify/2.4w; +https://www.qwant.com/)/2.4w"
157.55.39.239 - - [25/Jun/2017:04:11:16 +0530] "GET /downloads/Carbon%20Market%20Roadmap.pdf HTTP/1.1" 200 4344697 "-" "Mozilla/5.0 (compatible; bingbot/2.0; +http://www.bing.com/bingbot.htm)"
157.55.39.239 - - [25/Jun/2017:04:14:26 +0530] "GET /project_details_view_report.php?id=990 HTTP/1.1" 200 13157 "-" "Mozilla/5.0 (compatible; bingbot/2.0; +http://www.bing.com/bingbot.htm)"
157.55.39.174 - - [25/Jun/2017:04:16:01 +0530] "GET /approval_process.php HTTP/1.1" 200 25912 "-" "Mozilla/5.0 (compatible; bingbot/2.0; +http://www.bing.com/bingbot.htm)"
207.46.13.27 - - [25/Jun/2017:04:17:21 +0530] "GET /detail_news.php?id=21 HTTP/1.1" 302 18149 "-" "Mozilla/5.0 (compatible; bingbot/2.0; +http://www.bing.com/bingbot.htm)"
207.46.13.27 - - [25/Jun/2017:04:17:22 +0530] "GET /logout.php HTTP/1.1" 302 369 "-" "Mozilla/5.0 (compatible; bingbot/2.0; +http://www.bing.com/bingbot.htm)"
207.46.13.27 - - [25/Jun/2017:04:17:23 +0530] "GET /index.php HTTP/1.1" 200 19490 "-" "Mozilla/5.0 (compatible; bingbot/2.0; +http://www.bing.com/bingbot.htm)"
157.55.39.239 - - [25/Jun/2017:04:17:38 +0530] "GET /images/NCDMA%20PCN%20Format%2017072009.doc HTTP/1.1" 200 114176 "-" "Mozilla/5.0 (compatible; bingbot/2.0; +http://www.bing.com/bingbot.htm)"
202.46.58.184 - - [25/Jun/2017:04:24:13 +0530] "GET /project_details_view_report.php?id=485 HTTP/1.1" 200 13195 "-" "Mozilla/5.0 (Windows NT 10.0; WOW64) AppleWebKit/537.36 (KHTML, like Gecko) Chrome/45.0.2454.93 Safari/537.36"
66.249.79.19 - - [25/Jun/2017:04:26:37 +0530] "GET /project_details_view.php?id=1298 HTTP/1.1" 200 14480 "-" "Mozilla/5.0 (compatible; Googlebot/2.1; +http://www.google.com/bot.html)"
157.55.39.84 - - [25/Jun/2017:04:26:47 +0530] "GET /reports_list_details.php?id=Gujarat&reporttype=2&page=3 HTTP/1.1" 200 21297 "-" "Mozilla/5.0 (compatible; bingbot/2.0; +http://www.bing.com/bingbot.htm)"
157.55.39.239 - - [25/Jun/2017:04:29:42 +0530] "GET /future_projects.php HTTP/1.1" 302 26210 "-" "Mozilla/5.0 (compatible; bingbot/2.0; +http://www.bing.com/bingbot.htm)"
157.55.39.239 - - [25/Jun/2017:04:29:43 +0530] "GET /logout.php HTTP/1.1" 302 369 "-" "Mozilla/5.0 (compatible; bingbot/2.0; +http://www.bing.com/bingbot.htm)"
157.55.39.239 - - [25/Jun/2017:04:29:44 +0530] "GET /index.php HTTP/1.1" 200 19490 "-" "Mozilla/5.0 (compatible; bingbot/2.0; +http://www.bing.com/bingbot.htm)"
207.46.13.27 - - [25/Jun/2017:04:36:30 +0530] "GET /sitemap.php HTTP/1.1" 200 18469 "-" "Mozilla/5.0 (compatible; bingbot/2.0; +http://www.bing.com/bingbot.htm)"
207.46.13.27 - - [25/Jun/2017:04:37:03 +0530] "GET /capacity_building.php HTTP/1.1" 200 19186 "-" "Mozilla/5.0 (compatible; bingbot/2.0; +http://www.bing.com/bingbot.htm)"
157.55.39.239 - - [25/Jun/2017:04:37:54 +0530] "GET /project_details_view.php?id=1214 HTTP/1.1" 200 14463 "-" "Mozilla/5.0 (iPhone; CPU iPhone OS 7_0 like Mac OS X) AppleWebKit/537.51.1 (KHTML, like Gecko) Version/7.0 Mobile/11A465 Safari/9537.53 (compatible; bingbot/2.0; +http://www.bing.com/bingbot.htm)"
35.184.189.105 - - [25/Jun/2017:04:38:23 +0530] "GET /robots.txt HTTP/1.1" 404 208 "-" "ltx71 - (http://ltx71.com/)"
157.55.39.174 - - [25/Jun/2017:04:39:12 +0530] "GET /index.php HTTP/1.1" 200 19490 "-" "Mozilla/5.0 (compatible; bingbot/2.0; +http://www.bing.com/bingbot.htm)"
202.46.55.131 - - [25/Jun/2017:04:44:03 +0530] "GET /project_details_view.php?id=2041 HTTP/1.1" 200 14108 "-" "Mozilla/5.0 (Windows NT 10.0; WOW64) AppleWebKit/537.36 (KHTML, like Gecko) Chrome/45.0.2454.93 Safari/537.36"
146.148.64.128 - - [25/Jun/2017:04:50:15 +0530] "GET /robots.txt HTTP/1.1" 404 208 "-" "ltx71 - (http://ltx71.com/)"
207.46.13.27 - - [25/Jun/2017:04:54:51 +0530] "GET /imp_links.php HTTP/1.1" 200 17834 "-" "Mozilla/5.0 (compatible; bingbot/2.0; +http://www.bing.com/bingbot.htm)"
157.55.39.174 - - [25/Jun/2017:04:56:38 +0530] "GET /index.php HTTP/1.1" 200 19490 "-" "Mozilla/5.0 (compatible; bingbot/2.0; +http://www.bing.com/bingbot.htm)"
207.46.13.27 - - [25/Jun/2017:04:56:58 +0530] "GET /aboutus.php HTTP/1.1" 200 19597 "-" "Mozilla/5.0 (compatible; bingbot/2.0; +http://www.bing.com/bingbot.htm)"
157.55.39.174 - - [25/Jun/2017:04:59:00 +0530] "GET /project_details_view.php?id=1229 HTTP/1.1" 200 15212 "-" "Mozilla/5.0 (compatible; bingbot/2.0; +http://www.bing.com/bingbot.htm)"
207.46.13.27 - - [25/Jun/2017:04:59:17 +0530] "GET /detail_events.php?id= HTTP/1.1" 302 16738 "-" "Mozilla/5.0 (compatible; bingbot/2.0; +http://www.bing.com/bingbot.htm)"
207.46.13.27 - - [25/Jun/2017:04:59:19 +0530] "GET /logout.php HTTP/1.1" 302 369 "-" "Mozilla/5.0 (compatible; bingbot/2.0; +http://www.bing.com/bingbot.htm)"
207.46.13.27 - - [25/Jun/2017:04:59:20 +0530] "GET /index.php HTTP/1.1" 200 19490 "-" "Mozilla/5.0 (compatible; bingbot/2.0; +http://www.bing.com/bingbot.htm)"
157.55.39.239 - - [25/Jun/2017:05:01:17 +0530] "GET /detail_news.php?id=20 HTTP/1.1" 302 18266 "-" "Mozilla/5.0 (compatible; bingbot/2.0; +http://www.bing.com/bingbot.htm)"
157.55.39.239 - - [25/Jun/2017:05:01:18 +0530] "GET /logout.php HTTP/1.1" 302 369 "-" "Mozilla/5.0 (compatible; bingbot/2.0; +http://www.bing.com/bingbot.htm)"
157.55.39.239 - - [25/Jun/2017:05:01:19 +0530] "GET /index.php HTTP/1.1" 200 19490 "-" "Mozilla/5.0 (compatible; bingbot/2.0; +http://www.bing.com/bingbot.htm)"
146.148.64.128 - - [25/Jun/2017:05:02:35 +0530] "GET /robots.txt HTTP/1.1" 404 208 "-" "ltx71 - (http://ltx71.com/)"
202.46.49.194 - - [25/Jun/2017:05:03:54 +0530] "GET /project_details_view_report.php?id=412 HTTP/1.1" 200 13124 "-" "Mozilla/5.0 (Windows NT 10.0; WOW64) AppleWebKit/537.36 (KHTML, like Gecko) Chrome/45.0.2454.93 Safari/537.36"
157.55.39.84 - - [25/Jun/2017:05:04:16 +0530] "GET /project_details_view.php?id=133 HTTP/1.1" 200 14808 "-" "Mozilla/5.0 (iPhone; CPU iPhone OS 7_0 like Mac OS X) AppleWebKit/537.51.1 (KHTML, like Gecko) Version/7.0 Mobile/11A465 Safari/9537.53 (compatible; bingbot/2.0; +http://www.bing.com/bingbot.htm)"
157.50.14.130 - - [25/Jun/2017:05:05:09 +0530] "GET /project_details_view.php?id=766 HTTP/1.1" 200 14799 "https://www.google.co.in/" "Mozilla/5.0 (Linux; Android 5.1.1; SM-J500F Build/LMY48B) AppleWebKit/537.36 (KHTML, like Gecko) Chrome/46.0.2490.76 Mobile Safari/537.36"
157.50.14.130 - - [25/Jun/2017:05:05:09 +0530] "GET /includes/ncdma.css HTTP/1.1" 200 13023 "http://www.cdmindia.gov.in/project_details_view.php?id=766" "Mozilla/5.0 (Linux; Android 5.1.1; SM-J500F Build/LMY48B) AppleWebKit/537.36 (KHTML, like Gecko) Chrome/46.0.2490.76 Mobile Safari/537.36"
157.50.14.130 - - [25/Jun/2017:05:05:09 +0530] "GET /ncdma.css HTTP/1.1" 200 12640 "http://www.cdmindia.gov.in/project_details_view.php?id=766" "Mozilla/5.0 (Linux; Android 5.1.1; SM-J500F Build/LMY48B) AppleWebKit/537.36 (KHTML, like Gecko) Chrome/46.0.2490.76 Mobile Safari/537.36"
157.50.14.130 - - [25/Jun/2017:05:05:09 +0530] "GET /Scripts/AC_RunActiveContent.js HTTP/1.1" 200 8321 "http://www.cdmindia.gov.in/project_details_view.php?id=766" "Mozilla/5.0 (Linux; Android 5.1.1; SM-J500F Build/LMY48B) AppleWebKit/537.36 (KHTML, like Gecko) Chrome/46.0.2490.76 Mobile Safari/537.36"
157.50.14.130 - - [25/Jun/2017:05:05:12 +0530] "GET /images/spacer.gif HTTP/1.1" 200 43 "http://www.cdmindia.gov.in/project_details_view.php?id=766" "Mozilla/5.0 (Linux; Android 5.1.1; SM-J500F Build/LMY48B) AppleWebKit/537.36 (KHTML, like Gecko) Chrome/46.0.2490.76 Mobile Safari/537.36"
157.50.14.130 - - [25/Jun/2017:05:05:12 +0530] "GET /images/bullet1.gif HTTP/1.1" 200 67 "http://www.cdmindia.gov.in/project_details_view.php?id=766" "Mozilla/5.0 (Linux; Android 5.1.1; SM-J500F Build/LMY48B) AppleWebKit/537.36 (KHTML, like Gecko) Chrome/46.0.2490.76 Mobile Safari/537.36"
157.50.14.130 - - [25/Jun/2017:05:05:12 +0530] "GET /images/bulllet2.gif HTTP/1.1" 200 58 "http://www.cdmindia.gov.in/project_details_view.php?id=766" "Mozilla/5.0 (Linux; Android 5.1.1; SM-J500F Build/LMY48B) AppleWebKit/537.36 (KHTML, like Gecko) Chrome/46.0.2490.76 Mobile Safari/537.36"
157.50.14.130 - - [25/Jun/2017:05:05:12 +0530] "GET /images/bullet4.gif HTTP/1.1" 200 67 "http://www.cdmindia.gov.in/project_details_view.php?id=766" "Mozilla/5.0 (Linux; Android 5.1.1; SM-J500F Build/LMY48B) AppleWebKit/537.36 (KHTML, like Gecko) Chrome/46.0.2490.76 Mobile Safari/537.36"
157.50.14.130 - - [25/Jun/2017:05:05:12 +0530] "GET /images/img3.jpg HTTP/1.1" 200 26957 "http://www.cdmindia.gov.in/project_details_view.php?id=766" "Mozilla/5.0 (Linux; Android 5.1.1; SM-J500F Build/LMY48B) AppleWebKit/537.36 (KHTML, like Gecko) Chrome/46.0.2490.76 Mobile Safari/537.36"
157.50.14.130 - - [25/Jun/2017:05:05:12 +0530] "GET /images/fbg.jpg HTTP/1.1" 200 325 "http://www.cdmindia.gov.in/project_details_view.php?id=766" "Mozilla/5.0 (Linux; Android 5.1.1; SM-J500F Build/LMY48B) AppleWebKit/537.36 (KHTML, like Gecko) Chrome/46.0.2490.76 Mobile Safari/537.36"
157.50.14.130 - - [25/Jun/2017:05:05:12 +0530] "GET /images/img1.jpg HTTP/1.1" 200 1251 "http://www.cdmindia.gov.in/project_details_view.php?id=766" "Mozilla/5.0 (Linux; Android 5.1.1; SM-J500F Build/LMY48B) AppleWebKit/537.36 (KHTML, like Gecko) Chrome/46.0.2490.76 Mobile Safari/537.36"
157.50.14.130 - - [25/Jun/2017:05:05:12 +0530] "GET /images/gtz.jpg HTTP/1.1" 200 15484 "http://www.cdmindia.gov.in/project_details_view.php?id=766" "Mozilla/5.0 (Linux; Android 5.1.1; SM-J500F Build/LMY48B) AppleWebKit/537.36 (KHTML, like Gecko) Chrome/46.0.2490.76 Mobile Safari/537.36"
157.50.14.130 - - [25/Jun/2017:05:05:12 +0530] "GET /images/fdm.jpg HTTP/1.1" 200 2043 "http://www.cdmindia.gov.in/project_details_view.php?id=766" "Mozilla/5.0 (Linux; Android 5.1.1; SM-J500F Build/LMY48B) AppleWebKit/537.36 (KHTML, like Gecko) Chrome/46.0.2490.76 Mobile Safari/537.36"
157.50.14.130 - - [25/Jun/2017:05:05:09 +0530] "GET /images/img2.jpg HTTP/1.1" 200 16276 "http://www.cdmindia.gov.in/project_details_view.php?id=766" "Mozilla/5.0 (Linux; Android 5.1.1; SM-J500F Build/LMY48B) AppleWebKit/537.36 (KHTML, like Gecko) Chrome/46.0.2490.76 Mobile Safari/537.36"
157.50.14.130 - - [25/Jun/2017:05:05:15 +0530] "GET /favicon.ico HTTP/1.1" 200 1189 "http://www.cdmindia.gov.in/project_details_view.php?id=766" "Mozilla/5.0 (Linux; Android 5.1.1; SM-J500F Build/LMY48B) AppleWebKit/537.36 (KHTML, like Gecko) Chrome/46.0.2490.76 Mobile Safari/537.36"
157.50.14.130 - - [25/Jun/2017:05:06:34 +0530] "GET /project_details_view.php?id=766 HTTP/1.1" 200 14799 "https://www.google.co.in/" "Mozilla/5.0 (Linux; Android 5.1.1; SM-J500F Build/LMY48B) AppleWebKit/537.36 (KHTML, like Gecko) Chrome/46.0.2490.76 Mobile Safari/537.36"
66.249.69.81 - - [25/Jun/2017:05:07:11 +0530] "GET /project_details_view_report.php?id=1792 HTTP/1.1" 200 13216 "-" "Mozilla/5.0 (compatible; Googlebot/2.1; +http://www.google.com/bot.html)"
157.55.39.239 - - [25/Jun/2017:05:08:42 +0530] "GET /future_projects.php HTTP/1.1" 302 26210 "-" "Mozilla/5.0 (compatible; bingbot/2.0; +http://www.bing.com/bingbot.htm)"
157.55.39.239 - - [25/Jun/2017:05:08:44 +0530] "GET /logout.php HTTP/1.1" 302 369 "-" "Mozilla/5.0 (compatible; bingbot/2.0; +http://www.bing.com/bingbot.htm)"
157.55.39.239 - - [25/Jun/2017:05:08:45 +0530] "GET /index.php HTTP/1.1" 200 19490 "-" "Mozilla/5.0 (compatible; bingbot/2.0; +http://www.bing.com/bingbot.htm)"
146.148.64.128 - - [25/Jun/2017:05:17:40 +0530] "GET /robots.txt HTTP/1.1" 404 208 "-" "ltx71 - (http://ltx71.com/)"
40.77.167.147 - - [25/Jun/2017:05:20:01 +0530] "GET /detail_news.php?id=21 HTTP/1.1" 302 18149 "-" "Mozilla/5.0 (compatible; bingbot/2.0; +http://www.bing.com/bingbot.htm)"
40.77.167.147 - - [25/Jun/2017:05:20:02 +0530] "GET /logout.php HTTP/1.1" 302 369 "-" "Mozilla/5.0 (compatible; bingbot/2.0; +http://www.bing.com/bingbot.htm)"
40.77.167.147 - - [25/Jun/2017:05:20:03 +0530] "GET /index.php HTTP/1.1" 200 19490 "-" "Mozilla/5.0 (compatible; bingbot/2.0; +http://www.bing.com/bingbot.htm)"
202.46.58.94 - - [25/Jun/2017:05:23:44 +0530] "GET /project_details_view.php?id=45 HTTP/1.1" 200 14347 "-" "Mozilla/5.0 (Windows NT 10.0; WOW64) AppleWebKit/537.36 (KHTML, like Gecko) Chrome/45.0.2454.93 Safari/537.36"
