40.77.167.35 - - [20/Jun/2017:05:25:17 +0530] "GET /index.php HTTP/1.1" 200 19481 "-" "Mozilla/5.0 (compatible; bingbot/2.0; +http://www.bing.com/bingbot.htm)"
40.77.167.35 - - [20/Jun/2017:05:25:18 +0530] "GET /future_projects.php HTTP/1.1" 302 26211 "-" "Mozilla/5.0 (compatible; bingbot/2.0; +http://www.bing.com/bingbot.htm)"
40.77.167.35 - - [20/Jun/2017:05:25:24 +0530] "GET /logout.php HTTP/1.1" 302 369 "-" "Mozilla/5.0 (compatible; bingbot/2.0; +http://www.bing.com/bingbot.htm)"
40.77.167.35 - - [20/Jun/2017:05:25:25 +0530] "GET /index.php HTTP/1.1" 200 19481 "-" "Mozilla/5.0 (compatible; bingbot/2.0; +http://www.bing.com/bingbot.htm)"
146.148.64.128 - - [20/Jun/2017:05:27:30 +0530] "GET /robots.txt HTTP/1.1" 404 208 "-" "ltx71 - (http://ltx71.com/)"
146.148.64.128 - - [20/Jun/2017:05:28:19 +0530] "GET / HTTP/1.1" 200 19481 "-" "ltx71 - (http://ltx71.com/)"
42.236.10.71 - - [20/Jun/2017:05:28:33 +0530] "GET / HTTP/1.1" 200 19481 "http://www.cdmindia.gov.in/" "Mozilla/5.0 (Windows NT 6.1; WOW64) AppleWebKit/537.36 (KHTML, like Gecko) Chrome/50.0.2661.102 Safari/537.36; 360Spider"
35.184.189.105 - - [20/Jun/2017:05:30:02 +0530] "GET /robots.txt HTTP/1.1" 404 208 "-" "ltx71 - (http://ltx71.com/)"
41.96.15.117 - - [20/Jun/2017:05:30:12 +0530] "GET /wp-login.php HTTP/1.1" 404 210 "-" "Mozilla/5.0 (Windows NT 6.1; WOW64; rv:40.0) Gecko/20100101 Firefox/40.1"
41.96.15.117 - - [20/Jun/2017:05:30:13 +0530] "GET / HTTP/1.1" 200 19481 "-" "Mozilla/5.0 (Windows NT 6.1; WOW64; rv:40.0) Gecko/20100101 Firefox/40.1"
5.196.87.51 - - [20/Jun/2017:05:30:45 +0530] "GET /robots.txt HTTP/1.1" 404 208 "-" "Mozilla/5.0 (compatible; AhrefsBot/5.2; +http://ahrefs.com/robot/)"
137.74.207.119 - - [20/Jun/2017:05:30:45 +0530] "GET /aboutus.php HTTP/1.1" 200 19598 "-" "Mozilla/5.0 (compatible; AhrefsBot/5.2; +http://ahrefs.com/robot/)"
54.173.165.103 - - [20/Jun/2017:05:33:38 +0530] "GET / HTTP/1.1" 200 19481 "-" "Mozilla/5.0 (X11; Linux x86_64) AppleWebKit/537.36 (KHTML, like Gecko) Chrome/43.0.2357.134 Safari/537.36 http://notifyninja.com/monitoring"
146.148.64.128 - - [20/Jun/2017:05:34:42 +0530] "GET /robots.txt HTTP/1.1" 404 208 "-" "ltx71 - (http://ltx71.com/)"
202.46.51.179 - - [20/Jun/2017:05:35:59 +0530] "GET / HTTP/1.1" 200 19481 "-" "Mozilla/5.0 (Windows NT 10.0; WOW64) AppleWebKit/537.36 (KHTML, like Gecko) Chrome/45.0.2454.93 Safari/537.36"
40.77.167.42 - - [20/Jun/2017:05:37:26 +0530] "GET /project_details_view.php?id=508 HTTP/1.1" 200 15039 "-" "Mozilla/5.0 (compatible; bingbot/2.0; +http://www.bing.com/bingbot.htm)"
146.148.64.128 - - [20/Jun/2017:05:38:21 +0530] "GET /robots.txt HTTP/1.1" 404 208 "-" "ltx71 - (http://ltx71.com/)"
40.77.167.42 - - [20/Jun/2017:05:41:22 +0530] "GET /capacity_building.php HTTP/1.1" 200 19187 "-" "Mozilla/5.0 (compatible; bingbot/2.0; +http://www.bing.com/bingbot.htm)"
40.77.167.132 - - [20/Jun/2017:05:43:15 +0530] "GET /index.php HTTP/1.1" 200 19481 "-" "Mozilla/5.0 (compatible; bingbot/2.0; +http://www.bing.com/bingbot.htm)"
40.77.167.132 - - [20/Jun/2017:05:47:52 +0530] "GET /downloads/Existing%20PCN.doc HTTP/1.1" 200 114176 "-" "Mozilla/5.0 (compatible; bingbot/2.0; +http://www.bing.com/bingbot.htm)"
207.46.13.146 - - [20/Jun/2017:05:49:13 +0530] "GET /project_details_view_report.php?id=541 HTTP/1.1" 200 13181 "-" "Mozilla/5.0 (iPhone; CPU iPhone OS 7_0 like Mac OS X) AppleWebKit/537.51.1 (KHTML, like Gecko) Version/7.0 Mobile/11A465 Safari/9537.53 (compatible; bingbot/2.0; +http://www.bing.com/bingbot.htm)"
202.46.49.97 - - [20/Jun/2017:05:54:26 +0530] "GET /imp_links.php HTTP/1.1" 200 17835 "-" "Mozilla/5.0 (Windows NT 10.0; WOW64) AppleWebKit/537.36 (KHTML, like Gecko) Chrome/45.0.2454.93 Safari/537.36"
220.181.108.119 - - [20/Jun/2017:05:56:02 +0530] "GET /images/bullet4.gif HTTP/1.1" 200 67 "-" "Baiduspider-image+(+http://www.baidu.com/search/spider.htm)"
146.148.64.128 - - [20/Jun/2017:05:58:32 +0530] "GET /robots.txt HTTP/1.1" 404 208 "-" "ltx71 - (http://ltx71.com/)"
146.148.64.128 - - [20/Jun/2017:05:59:22 +0530] "GET /registration.php HTTP/1.1" 302 28530 "-" "ltx71 - (http://ltx71.com/)"
40.77.167.42 - - [20/Jun/2017:06:00:01 +0530] "GET /detail_news.php?id=18 HTTP/1.1" 302 18714 "-" "Mozilla/5.0 (compatible; bingbot/2.0; +http://www.bing.com/bingbot.htm)"
40.77.167.42 - - [20/Jun/2017:06:00:02 +0530] "GET /logout.php HTTP/1.1" 302 369 "-" "Mozilla/5.0 (compatible; bingbot/2.0; +http://www.bing.com/bingbot.htm)"
40.77.167.42 - - [20/Jun/2017:06:00:03 +0530] "GET /index.php HTTP/1.1" 200 19481 "-" "Mozilla/5.0 (compatible; bingbot/2.0; +http://www.bing.com/bingbot.htm)"
40.77.167.42 - - [20/Jun/2017:06:01:46 +0530] "GET /sitemap.php HTTP/1.1" 200 18470 "-" "Mozilla/5.0 (compatible; bingbot/2.0; +http://www.bing.com/bingbot.htm)"
112.125.124.6 - - [20/Jun/2017:06:02:46 +0530] "GET /project_details_view.php?id=1005'\" HTTP/1.1" 200 11451 "-" "-"
112.125.124.6 - - [20/Jun/2017:06:02:47 +0530] "GET /project_details_view.php?id=1005 HTTP/1.1" 200 14227 "-" "-"
112.125.124.6 - - [20/Jun/2017:06:02:48 +0530] "GET /project_details_view.php?id=10052121121121212.1 HTTP/1.1" 200 11451 "-" "-"
112.125.124.6 - - [20/Jun/2017:06:03:30 +0530] "GET /project_details_view.php?id=1005%20and%201%3E1 HTTP/1.1" 200 11451 "-" "-"
146.148.64.128 - - [20/Jun/2017:06:04:02 +0530] "GET /robots.txt HTTP/1.1" 404 208 "-" "ltx71 - (http://ltx71.com/)"
146.148.64.128 - - [20/Jun/2017:06:05:00 +0530] "GET /logout.php HTTP/1.1" 302 369 "-" "ltx71 - (http://ltx71.com/)"
66.249.73.222 - - [20/Jun/2017:06:05:24 +0530] "GET /robots.txt HTTP/1.1" 404 208 "-" "Mozilla/5.0 (compatible; Googlebot/2.1; +http://www.google.com/bot.html)"
66.249.73.222 - - [20/Jun/2017:06:05:24 +0530] "GET /constitution.php HTTP/1.1" 200 23670 "-" "Mozilla/5.0 (compatible; Googlebot/2.1; +http://www.google.com/bot.html)"
207.46.13.146 - - [20/Jun/2017:06:06:32 +0530] "GET /project_details_view_report.php?id=857 HTTP/1.1" 200 13165 "-" "Mozilla/5.0 (iPhone; CPU iPhone OS 7_0 like Mac OS X) AppleWebKit/537.51.1 (KHTML, like Gecko) Version/7.0 Mobile/11A465 Safari/9537.53 (compatible; bingbot/2.0; +http://www.bing.com/bingbot.htm)"
112.125.124.6 - - [20/Jun/2017:06:06:57 +0530] "GET /project_details_view.php?id=1005 HTTP/1.0" 200 14227 "-" "Opera/9.27"
202.46.58.14 - - [20/Jun/2017:06:12:52 +0530] "GET /reports_list_details.php?id=Andhra&reporttype=&page=162 HTTP/1.1" 200 22319 "-" "Mozilla/5.0 (Windows NT 10.0; WOW64) AppleWebKit/537.36 (KHTML, like Gecko) Chrome/45.0.2454.93 Safari/537.36"
40.77.167.42 - - [20/Jun/2017:06:13:29 +0530] "GET /imp_links.php HTTP/1.1" 200 17835 "-" "Mozilla/5.0 (compatible; bingbot/2.0; +http://www.bing.com/bingbot.htm)"
40.77.167.42 - - [20/Jun/2017:06:13:44 +0530] "GET /project_details_view.php?id=1143 HTTP/1.1" 200 14467 "-" "Mozilla/5.0 (compatible; bingbot/2.0; +http://www.bing.com/bingbot.htm)"
40.77.167.35 - - [20/Jun/2017:06:13:57 +0530] "GET /detail_news.php?id=20 HTTP/1.1" 302 18267 "-" "Mozilla/5.0 (compatible; bingbot/2.0; +http://www.bing.com/bingbot.htm)"
40.77.167.35 - - [20/Jun/2017:06:14:00 +0530] "GET /logout.php HTTP/1.1" 302 369 "-" "Mozilla/5.0 (compatible; bingbot/2.0; +http://www.bing.com/bingbot.htm)"
40.77.167.35 - - [20/Jun/2017:06:14:07 +0530] "GET /index.php HTTP/1.1" 200 19481 "-" "Mozilla/5.0 (compatible; bingbot/2.0; +http://www.bing.com/bingbot.htm)"
146.148.64.128 - - [20/Jun/2017:06:15:44 +0530] "GET /robots.txt HTTP/1.1" 404 208 "-" "ltx71 - (http://ltx71.com/)"
40.77.167.42 - - [20/Jun/2017:06:16:41 +0530] "GET /detail_events.php?id= HTTP/1.1" 302 16739 "-" "Mozilla/5.0 (compatible; bingbot/2.0; +http://www.bing.com/bingbot.htm)"
40.77.167.42 - - [20/Jun/2017:06:16:44 +0530] "GET /logout.php HTTP/1.1" 302 369 "-" "Mozilla/5.0 (compatible; bingbot/2.0; +http://www.bing.com/bingbot.htm)"
40.77.167.42 - - [20/Jun/2017:06:16:50 +0530] "GET /index.php HTTP/1.1" 200 19481 "-" "Mozilla/5.0 (compatible; bingbot/2.0; +http://www.bing.com/bingbot.htm)"
40.77.167.35 - - [20/Jun/2017:06:19:28 +0530] "GET /future_projects.php HTTP/1.1" 302 26211 "-" "Mozilla/5.0 (compatible; bingbot/2.0; +http://www.bing.com/bingbot.htm)"
40.77.167.35 - - [20/Jun/2017:06:19:41 +0530] "GET /logout.php HTTP/1.1" 302 369 "-" "Mozilla/5.0 (compatible; bingbot/2.0; +http://www.bing.com/bingbot.htm)"
40.77.167.35 - - [20/Jun/2017:06:19:42 +0530] "GET /index.php HTTP/1.1" 200 19481 "-" "Mozilla/5.0 (compatible; bingbot/2.0; +http://www.bing.com/bingbot.htm)"
146.148.64.128 - - [20/Jun/2017:06:21:06 +0530] "GET /robots.txt HTTP/1.1" 404 208 "-" "ltx71 - (http://ltx71.com/)"
68.180.228.167 - - [20/Jun/2017:06:22:13 +0530] "GET /reports_list_details.php?id=Andhra%20Pradesh&reporttype=2&page=2 HTTP/1.1" 200 21462 "-" "Mozilla/5.0 (compatible; Yahoo! Slurp; http://help.yahoo.com/help/us/ysearch/slurp)"
146.148.64.128 - - [20/Jun/2017:06:25:28 +0530] "GET /robots.txt HTTP/1.1" 404 208 "-" "ltx71 - (http://ltx71.com/)"
208.43.225.85 - - [20/Jun/2017:06:29:22 +0530] "GET /robots.txt HTTP/1.1" 404 208 "-" "Mozilla/5.0 (compatible; SiteExplorer/1.1b; +http://siteexplorer.info/Backlink-Checker-Spider/)"
220.181.108.158 - - [20/Jun/2017:06:29:22 +0530] "GET / HTTP/1.1" 200 19481 "-" "Mozilla/5.0 (compatible; Baiduspider/2.0; +http://www.baidu.com/search/spider.html)"
208.43.225.85 - - [20/Jun/2017:06:29:26 +0530] "GET / HTTP/1.1" 200 19481 "-" "Mozilla/5.0 (compatible; SiteExplorer/1.1b; +http://siteexplorer.info/Backlink-Checker-Spider/)"
146.148.64.128 - - [20/Jun/2017:06:30:32 +0530] "GET /robots.txt HTTP/1.1" 404 208 "-" "ltx71 - (http://ltx71.com/)"
66.249.73.220 - - [20/Jun/2017:06:31:09 +0530] "GET /project_details_view_report.php?id=336 HTTP/1.1" 200 13171 "-" "Mozilla/5.0 (compatible; Googlebot/2.1; +http://www.google.com/bot.html)"
202.46.49.199 - - [20/Jun/2017:06:31:18 +0530] "GET /project_details_view_report.php?id=1239 HTTP/1.1" 200 13233 "-" "Mozilla/5.0 (Windows NT 10.0; WOW64) AppleWebKit/537.36 (KHTML, like Gecko) Chrome/45.0.2454.93 Safari/537.36"
146.148.64.128 - - [20/Jun/2017:06:32:28 +0530] "GET /news_more.php HTTP/1.1" 200 21062 "-" "ltx71 - (http://ltx71.com/)"
40.77.167.42 - - [20/Jun/2017:06:33:24 +0530] "GET /images/bullet4.gif HTTP/1.1" 200 67 "-" "Mozilla/5.0 (iPhone; CPU iPhone OS 7_0 like Mac OS X) AppleWebKit/537.51.1 (KHTML, like Gecko) Version/7.0 Mobile/11A465 Safari/9537.53 (compatible; bingbot/2.0; +http://www.bing.com/bingbot.htm)"
146.148.64.128 - - [20/Jun/2017:06:42:17 +0530] "GET /robots.txt HTTP/1.1" 404 208 "-" "ltx71 - (http://ltx71.com/)"
40.77.167.35 - - [20/Jun/2017:06:43:04 +0530] "GET /project_details_view.php?id=1369 HTTP/1.1" 200 14340 "-" "Mozilla/5.0 (compatible; bingbot/2.0; +http://www.bing.com/bingbot.htm)"
40.77.167.132 - - [20/Jun/2017:06:43:45 +0530] "GET /approved_projects.php?n=1 HTTP/1.1" 200 16643 "-" "Mozilla/5.0 (compatible; bingbot/2.0; +http://www.bing.com/bingbot.htm)"
66.249.65.219 - - [20/Jun/2017:06:46:14 +0530] "GET / HTTP/1.1" 200 19481 "-" "Mozilla/5.0 (Linux; Android 6.0.1; Nexus 5X Build/MMB29P) AppleWebKit/537.36 (KHTML, like Gecko) Chrome/41.0.2272.96 Mobile Safari/537.36 (compatible; Googlebot/2.1; +http://www.google.com/bot.html)"
146.148.64.128 - - [20/Jun/2017:06:48:19 +0530] "GET /robots.txt HTTP/1.1" 404 208 "-" "ltx71 - (http://ltx71.com/)"
146.148.64.128 - - [20/Jun/2017:06:48:44 +0530] "GET /downloads/Comparision%20of%20PCN_30.03.doc HTTP/1.1" 200 49664 "-" "ltx71 - (http://ltx71.com/)"
202.46.48.12 - - [20/Jun/2017:06:49:44 +0530] "GET /project_details_view.php?id=1312 HTTP/1.1" 200 14426 "-" "Mozilla/5.0 (Windows NT 10.0; WOW64) AppleWebKit/537.36 (KHTML, like Gecko) Chrome/45.0.2454.93 Safari/537.36"
146.148.64.128 - - [20/Jun/2017:06:50:43 +0530] "GET /downloads/Existing%20PCN.doc HTTP/1.1" 200 114176 "-" "ltx71 - (http://ltx71.com/)"
66.249.73.222 - - [20/Jun/2017:06:51:38 +0530] "GET /project_details_view.php?id=1511 HTTP/1.1" 200 15244 "-" "Mozilla/5.0 (compatible; Googlebot/2.1; +http://www.google.com/bot.html)"
146.148.64.128 - - [20/Jun/2017:06:52:26 +0530] "GET /Scripts/AC_RunActiveContent.js HTTP/1.1" 200 8321 "-" "ltx71 - (http://ltx71.com/)"
40.77.167.35 - - [20/Jun/2017:06:52:40 +0530] "GET /project_details_view_report.php?id=1024 HTTP/1.1" 200 13199 "-" "Mozilla/5.0 (compatible; bingbot/2.0; +http://www.bing.com/bingbot.htm)"
146.148.64.128 - - [20/Jun/2017:06:53:03 +0530] "GET /js/md5.js HTTP/1.1" 200 13194 "-" "ltx71 - (http://ltx71.com/)"
40.77.167.35 - - [20/Jun/2017:06:59:13 +0530] "GET /project_details_view_report.php?id=1052 HTTP/1.1" 200 13156 "-" "Mozilla/5.0 (compatible; bingbot/2.0; +http://www.bing.com/bingbot.htm)"
40.77.167.35 - - [20/Jun/2017:07:01:44 +0530] "GET /news_more.php HTTP/1.1" 200 21062 "-" "Mozilla/5.0 (compatible; bingbot/2.0; +http://www.bing.com/bingbot.htm)"
157.55.39.51 - - [20/Jun/2017:07:03:05 +0530] "GET /robots.txt HTTP/1.1" 404 208 "-" "Mozilla/5.0 (compatible; bingbot/2.0; +http://www.bing.com/bingbot.htm)"
207.46.13.146 - - [20/Jun/2017:07:03:12 +0530] "GET /downloads/New%20PCN.doc HTTP/1.1" 200 435200 "-" "Mozilla/5.0 (compatible; bingbot/2.0; +http://www.bing.com/bingbot.htm)"
40.77.167.132 - - [20/Jun/2017:07:03:59 +0530] "GET /contactus.php HTTP/1.1" 200 18293 "-" "Mozilla/5.0 (compatible; bingbot/2.0; +http://www.bing.com/bingbot.htm)"
40.77.167.132 - - [20/Jun/2017:07:04:19 +0530] "GET /downloads/Existing%20PCN.doc HTTP/1.1" 200 114176 "-" "Mozilla/5.0 (compatible; bingbot/2.0; +http://www.bing.com/bingbot.htm)"
40.77.167.42 - - [20/Jun/2017:07:07:58 +0530] "GET /project_details_view.php?id=1209 HTTP/1.1" 200 14531 "-" "Mozilla/5.0 (iPhone; CPU iPhone OS 7_0 like Mac OS X) AppleWebKit/537.51.1 (KHTML, like Gecko) Version/7.0 Mobile/11A465 Safari/9537.53 (compatible; bingbot/2.0; +http://www.bing.com/bingbot.htm)"
202.46.51.210 - - [20/Jun/2017:07:08:11 +0530] "GET /project_details_view.php?id=1558 HTTP/1.1" 200 16563 "-" "Mozilla/5.0 (Windows NT 10.0; WOW64) AppleWebKit/537.36 (KHTML, like Gecko) Chrome/45.0.2454.93 Safari/537.36"
117.229.57.205 - - [20/Jun/2017:07:12:40 +0530] "GET /project_details_view.php?id=1385 HTTP/1.1" 200 15241 "https://www.google.co.in/" "Mozilla/5.0 (iPhone; CPU iPhone OS 10_3_2 like Mac OS X) AppleWebKit/602.1.50 (KHTML, like Gecko) CriOS/58.0.3029.113 Mobile/14F89 Safari/602.1"
117.229.57.205 - - [20/Jun/2017:07:12:41 +0530] "GET /Scripts/AC_RunActiveContent.js HTTP/1.1" 200 8321 "http://www.cdmindia.gov.in/project_details_view.php?id=1385" "Mozilla/5.0 (iPhone; CPU iPhone OS 10_3_2 like Mac OS X) AppleWebKit/602.1.50 (KHTML, like Gecko) CriOS/58.0.3029.113 Mobile/14F89 Safari/602.1"
117.229.57.205 - - [20/Jun/2017:07:12:41 +0530] "GET /includes/ncdma.css HTTP/1.1" 200 13023 "http://www.cdmindia.gov.in/project_details_view.php?id=1385" "Mozilla/5.0 (iPhone; CPU iPhone OS 10_3_2 like Mac OS X) AppleWebKit/602.1.50 (KHTML, like Gecko) CriOS/58.0.3029.113 Mobile/14F89 Safari/602.1"
117.229.57.205 - - [20/Jun/2017:07:12:41 +0530] "GET /ncdma.css HTTP/1.1" 200 12640 "http://www.cdmindia.gov.in/project_details_view.php?id=1385" "Mozilla/5.0 (iPhone; CPU iPhone OS 10_3_2 like Mac OS X) AppleWebKit/602.1.50 (KHTML, like Gecko) CriOS/58.0.3029.113 Mobile/14F89 Safari/602.1"
117.229.57.205 - - [20/Jun/2017:07:12:41 +0530] "GET /images/img2.jpg HTTP/1.1" 200 16276 "http://www.cdmindia.gov.in/project_details_view.php?id=1385" "Mozilla/5.0 (iPhone; CPU iPhone OS 10_3_2 like Mac OS X) AppleWebKit/602.1.50 (KHTML, like Gecko) CriOS/58.0.3029.113 Mobile/14F89 Safari/602.1"
117.229.57.205 - - [20/Jun/2017:07:12:41 +0530] "GET /images/spacer.gif HTTP/1.1" 200 43 "http://www.cdmindia.gov.in/project_details_view.php?id=1385" "Mozilla/5.0 (iPhone; CPU iPhone OS 10_3_2 like Mac OS X) AppleWebKit/602.1.50 (KHTML, like Gecko) CriOS/58.0.3029.113 Mobile/14F89 Safari/602.1"
117.229.57.205 - - [20/Jun/2017:07:12:41 +0530] "GET /images/bullet1.gif HTTP/1.1" 200 67 "http://www.cdmindia.gov.in/project_details_view.php?id=1385" "Mozilla/5.0 (iPhone; CPU iPhone OS 10_3_2 like Mac OS X) AppleWebKit/602.1.50 (KHTML, like Gecko) CriOS/58.0.3029.113 Mobile/14F89 Safari/602.1"
117.229.57.205 - - [20/Jun/2017:07:12:42 +0530] "GET /images/bulllet2.gif HTTP/1.1" 200 58 "http://www.cdmindia.gov.in/project_details_view.php?id=1385" "Mozilla/5.0 (iPhone; CPU iPhone OS 10_3_2 like Mac OS X) AppleWebKit/602.1.50 (KHTML, like Gecko) CriOS/58.0.3029.113 Mobile/14F89 Safari/602.1"
117.229.57.205 - - [20/Jun/2017:07:12:41 +0530] "GET /images/img3.jpg HTTP/1.1" 200 26957 "http://www.cdmindia.gov.in/project_details_view.php?id=1385" "Mozilla/5.0 (iPhone; CPU iPhone OS 10_3_2 like Mac OS X) AppleWebKit/602.1.50 (KHTML, like Gecko) CriOS/58.0.3029.113 Mobile/14F89 Safari/602.1"
117.229.57.205 - - [20/Jun/2017:07:12:42 +0530] "GET /images/bullet4.gif HTTP/1.1" 200 67 "http://www.cdmindia.gov.in/project_details_view.php?id=1385" "Mozilla/5.0 (iPhone; CPU iPhone OS 10_3_2 like Mac OS X) AppleWebKit/602.1.50 (KHTML, like Gecko) CriOS/58.0.3029.113 Mobile/14F89 Safari/602.1"
117.229.57.205 - - [20/Jun/2017:07:12:42 +0530] "GET /images/fdm.jpg HTTP/1.1" 200 2043 "http://www.cdmindia.gov.in/project_details_view.php?id=1385" "Mozilla/5.0 (iPhone; CPU iPhone OS 10_3_2 like Mac OS X) AppleWebKit/602.1.50 (KHTML, like Gecko) CriOS/58.0.3029.113 Mobile/14F89 Safari/602.1"
117.229.57.205 - - [20/Jun/2017:07:12:42 +0530] "GET /images/gtz.jpg HTTP/1.1" 200 15484 "http://www.cdmindia.gov.in/project_details_view.php?id=1385" "Mozilla/5.0 (iPhone; CPU iPhone OS 10_3_2 like Mac OS X) AppleWebKit/602.1.50 (KHTML, like Gecko) CriOS/58.0.3029.113 Mobile/14F89 Safari/602.1"
117.229.57.205 - - [20/Jun/2017:07:12:42 +0530] "GET /images/img1.jpg HTTP/1.1" 200 1251 "http://www.cdmindia.gov.in/project_details_view.php?id=1385" "Mozilla/5.0 (iPhone; CPU iPhone OS 10_3_2 like Mac OS X) AppleWebKit/602.1.50 (KHTML, like Gecko) CriOS/58.0.3029.113 Mobile/14F89 Safari/602.1"
117.229.57.205 - - [20/Jun/2017:07:12:42 +0530] "GET /images/fbg.jpg HTTP/1.1" 200 325 "http://www.cdmindia.gov.in/project_details_view.php?id=1385" "Mozilla/5.0 (iPhone; CPU iPhone OS 10_3_2 like Mac OS X) AppleWebKit/602.1.50 (KHTML, like Gecko) CriOS/58.0.3029.113 Mobile/14F89 Safari/602.1"
117.229.57.205 - - [20/Jun/2017:07:12:43 +0530] "GET /images/favicon.ico HTTP/1.1" 200 1406 "-" "Mozilla/5.0 (iPhone; CPU iPhone OS 10_3_2 like Mac OS X) AppleWebKit/602.1.50 (KHTML, like Gecko) CriOS/58.0.3029.113 Mobile/14F89 Safari/602.1"
42.111.135.59 - - [20/Jun/2017:07:14:31 +0530] "GET /project_details_view_report.php?id=1462 HTTP/1.1" 200 13184 "https://www.google.co.in/" "Mozilla/5.0 (Linux; Android 5.1.1; A37f Build/LMY47V) AppleWebKit/537.36 (KHTML, like Gecko) Chrome/50.0.2661.94 Mobile Safari/537.36 OPR/37.0.2192.110129"
42.111.135.59 - - [20/Jun/2017:07:14:31 +0530] "GET /includes/ncdma.css HTTP/1.1" 200 13023 "http://www.cdmindia.gov.in/project_details_view_report.php?id=1462" "Mozilla/5.0 (Linux; Android 5.1.1; A37f Build/LMY47V) AppleWebKit/537.36 (KHTML, like Gecko) Chrome/50.0.2661.94 Mobile Safari/537.36 OPR/37.0.2192.110129"
42.111.135.59 - - [20/Jun/2017:07:14:31 +0530] "GET /ncdma.css HTTP/1.1" 200 12640 "http://www.cdmindia.gov.in/project_details_view_report.php?id=1462" "Mozilla/5.0 (Linux; Android 5.1.1; A37f Build/LMY47V) AppleWebKit/537.36 (KHTML, like Gecko) Chrome/50.0.2661.94 Mobile Safari/537.36 OPR/37.0.2192.110129"
42.111.135.59 - - [20/Jun/2017:07:14:31 +0530] "GET /Scripts/AC_RunActiveContent.js HTTP/1.1" 200 8321 "http://www.cdmindia.gov.in/project_details_view_report.php?id=1462" "Mozilla/5.0 (Linux; Android 5.1.1; A37f Build/LMY47V) AppleWebKit/537.36 (KHTML, like Gecko) Chrome/50.0.2661.94 Mobile Safari/537.36 OPR/37.0.2192.110129"
42.111.135.59 - - [20/Jun/2017:07:14:31 +0530] "GET /images/img2.jpg HTTP/1.1" 200 16276 "http://www.cdmindia.gov.in/project_details_view_report.php?id=1462" "Mozilla/5.0 (Linux; Android 5.1.1; A37f Build/LMY47V) AppleWebKit/537.36 (KHTML, like Gecko) Chrome/50.0.2661.94 Mobile Safari/537.36 OPR/37.0.2192.110129"
42.111.135.59 - - [20/Jun/2017:07:14:31 +0530] "GET /images/spacer.gif HTTP/1.1" 200 43 "http://www.cdmindia.gov.in/project_details_view_report.php?id=1462" "Mozilla/5.0 (Linux; Android 5.1.1; A37f Build/LMY47V) AppleWebKit/537.36 (KHTML, like Gecko) Chrome/50.0.2661.94 Mobile Safari/537.36 OPR/37.0.2192.110129"
42.111.135.59 - - [20/Jun/2017:07:14:31 +0530] "GET /images/bullet1.gif HTTP/1.1" 200 67 "http://www.cdmindia.gov.in/project_details_view_report.php?id=1462" "Mozilla/5.0 (Linux; Android 5.1.1; A37f Build/LMY47V) AppleWebKit/537.36 (KHTML, like Gecko) Chrome/50.0.2661.94 Mobile Safari/537.36 OPR/37.0.2192.110129"
42.111.135.59 - - [20/Jun/2017:07:14:31 +0530] "GET /images/bulllet2.gif HTTP/1.1" 200 58 "http://www.cdmindia.gov.in/project_details_view_report.php?id=1462" "Mozilla/5.0 (Linux; Android 5.1.1; A37f Build/LMY47V) AppleWebKit/537.36 (KHTML, like Gecko) Chrome/50.0.2661.94 Mobile Safari/537.36 OPR/37.0.2192.110129"
42.111.135.59 - - [20/Jun/2017:07:14:31 +0530] "GET /images/fdm.jpg HTTP/1.1" 200 2043 "http://www.cdmindia.gov.in/project_details_view_report.php?id=1462" "Mozilla/5.0 (Linux; Android 5.1.1; A37f Build/LMY47V) AppleWebKit/537.36 (KHTML, like Gecko) Chrome/50.0.2661.94 Mobile Safari/537.36 OPR/37.0.2192.110129"
42.111.135.59 - - [20/Jun/2017:07:14:31 +0530] "GET /images/bullet4.gif HTTP/1.1" 200 67 "http://www.cdmindia.gov.in/project_details_view_report.php?id=1462" "Mozilla/5.0 (Linux; Android 5.1.1; A37f Build/LMY47V) AppleWebKit/537.36 (KHTML, like Gecko) Chrome/50.0.2661.94 Mobile Safari/537.36 OPR/37.0.2192.110129"
42.111.135.59 - - [20/Jun/2017:07:14:31 +0530] "GET /images/img3.jpg HTTP/1.1" 200 26957 "http://www.cdmindia.gov.in/project_details_view_report.php?id=1462" "Mozilla/5.0 (Linux; Android 5.1.1; A37f Build/LMY47V) AppleWebKit/537.36 (KHTML, like Gecko) Chrome/50.0.2661.94 Mobile Safari/537.36 OPR/37.0.2192.110129"
42.111.135.59 - - [20/Jun/2017:07:14:32 +0530] "GET /images/img1.jpg HTTP/1.1" 200 1251 "http://www.cdmindia.gov.in/project_details_view_report.php?id=1462" "Mozilla/5.0 (Linux; Android 5.1.1; A37f Build/LMY47V) AppleWebKit/537.36 (KHTML, like Gecko) Chrome/50.0.2661.94 Mobile Safari/537.36 OPR/37.0.2192.110129"
42.111.135.59 - - [20/Jun/2017:07:14:32 +0530] "GET /images/fbg.jpg HTTP/1.1" 200 325 "http://www.cdmindia.gov.in/project_details_view_report.php?id=1462" "Mozilla/5.0 (Linux; Android 5.1.1; A37f Build/LMY47V) AppleWebKit/537.36 (KHTML, like Gecko) Chrome/50.0.2661.94 Mobile Safari/537.36 OPR/37.0.2192.110129"
42.111.135.59 - - [20/Jun/2017:07:14:32 +0530] "GET /images/gtz.jpg HTTP/1.1" 200 15484 "http://www.cdmindia.gov.in/project_details_view_report.php?id=1462" "Mozilla/5.0 (Linux; Android 5.1.1; A37f Build/LMY47V) AppleWebKit/537.36 (KHTML, like Gecko) Chrome/50.0.2661.94 Mobile Safari/537.36 OPR/37.0.2192.110129"
168.235.198.78 - - [20/Jun/2017:07:18:08 +0530] "GET /project_details_view_report.php?id=717 HTTP/1.1" 200 13187 "-" "Mozilla/5.0 (Linux; U; Android 5.1.1; en-US; SM-J200G Build/LMY47X) AppleWebKit/534.30 (KHTML, like Gecko) Version/4.0 UCBrowser/11.3.0.950 U3/0.8.0 Mobile Safari/534.30"
168.235.198.78 - - [20/Jun/2017:07:18:09 +0530] "GET /images/gtz.jpg HTTP/1.1" 200 15484 "http://www.cdmindia.gov.in/project_details_view_report.php?id=717" "Mozilla/5.0 (Linux; U; Android 5.1.1; en-US; SM-J200G Build/LMY47X) AppleWebKit/534.30 (KHTML, like Gecko) Version/4.0 UCBrowser/11.3.0.950 U3/0.8.0 Mobile Safari/534.30"
168.235.198.78 - - [20/Jun/2017:07:18:09 +0530] "GET /images/bullet1.gif HTTP/1.1" 200 67 "http://www.cdmindia.gov.in/project_details_view_report.php?id=717" "Mozilla/5.0 (Linux; U; Android 5.1.1; en-US; SM-J200G Build/LMY47X) AppleWebKit/534.30 (KHTML, like Gecko) Version/4.0 UCBrowser/11.3.0.950 U3/0.8.0 Mobile Safari/534.30"
168.235.198.78 - - [20/Jun/2017:07:18:09 +0530] "GET /images/img2.jpg HTTP/1.1" 200 16276 "http://www.cdmindia.gov.in/project_details_view_report.php?id=717" "Mozilla/5.0 (Linux; U; Android 5.1.1; en-US; SM-J200G Build/LMY47X) AppleWebKit/534.30 (KHTML, like Gecko) Version/4.0 UCBrowser/11.3.0.950 U3/0.8.0 Mobile Safari/534.30"
168.235.198.78 - - [20/Jun/2017:07:18:09 +0530] "GET /images/spacer.gif HTTP/1.1" 200 43 "http://www.cdmindia.gov.in/project_details_view_report.php?id=717" "Mozilla/5.0 (Linux; U; Android 5.1.1; en-US; SM-J200G Build/LMY47X) AppleWebKit/534.30 (KHTML, like Gecko) Version/4.0 UCBrowser/11.3.0.950 U3/0.8.0 Mobile Safari/534.30"
168.235.198.78 - - [20/Jun/2017:07:18:09 +0530] "GET /includes/ncdma.css HTTP/1.1" 200 13023 "http://www.cdmindia.gov.in/project_details_view_report.php?id=717" "Mozilla/5.0 (Linux; U; Android 5.1.1; en-US; SM-J200G Build/LMY47X) AppleWebKit/534.30 (KHTML, like Gecko) Version/4.0 UCBrowser/11.3.0.950 U3/0.8.0 Mobile Safari/534.30"
168.235.198.78 - - [20/Jun/2017:07:18:09 +0530] "GET /images/bulllet2.gif HTTP/1.1" 200 58 "http://www.cdmindia.gov.in/project_details_view_report.php?id=717" "Mozilla/5.0 (Linux; U; Android 5.1.1; en-US; SM-J200G Build/LMY47X) AppleWebKit/534.30 (KHTML, like Gecko) Version/4.0 UCBrowser/11.3.0.950 U3/0.8.0 Mobile Safari/534.30"
168.235.198.78 - - [20/Jun/2017:07:18:09 +0530] "GET /images/bullet4.gif HTTP/1.1" 200 67 "http://www.cdmindia.gov.in/project_details_view_report.php?id=717" "Mozilla/5.0 (Linux; U; Android 5.1.1; en-US; SM-J200G Build/LMY47X) AppleWebKit/534.30 (KHTML, like Gecko) Version/4.0 UCBrowser/11.3.0.950 U3/0.8.0 Mobile Safari/534.30"
168.235.198.78 - - [20/Jun/2017:07:18:09 +0530] "GET /Scripts/AC_RunActiveContent.js HTTP/1.1" 200 8321 "http://www.cdmindia.gov.in/project_details_view_report.php?id=717" "Mozilla/5.0 (Linux; U; Android 5.1.1; en-US; SM-J200G Build/LMY47X) AppleWebKit/534.30 (KHTML, like Gecko) Version/4.0 UCBrowser/11.3.0.950 U3/0.8.0 Mobile Safari/534.30"
168.235.198.78 - - [20/Jun/2017:07:18:09 +0530] "GET /images/img3.jpg HTTP/1.1" 200 26957 "http://www.cdmindia.gov.in/project_details_view_report.php?id=717" "Mozilla/5.0 (Linux; U; Android 5.1.1; en-US; SM-J200G Build/LMY47X) AppleWebKit/534.30 (KHTML, like Gecko) Version/4.0 UCBrowser/11.3.0.950 U3/0.8.0 Mobile Safari/534.30"
168.235.198.78 - - [20/Jun/2017:07:18:09 +0530] "GET /images/fdm.jpg HTTP/1.1" 304 - "http://www.cdmindia.gov.in/project_details_view_report.php?id=717" "Mozilla/5.0 (Linux; U; Android 5.1.1; en-US; SM-J200G Build/LMY47X) AppleWebKit/534.30 (KHTML, like Gecko) Version/4.0 UCBrowser/11.3.0.950 U3/0.8.0 Mobile Safari/534.30"
168.235.198.78 - - [20/Jun/2017:07:18:09 +0530] "GET /ncdma.css HTTP/1.1" 200 12640 "http://www.cdmindia.gov.in/project_details_view_report.php?id=717" "Mozilla/5.0 (Linux; U; Android 5.1.1; en-US; SM-J200G Build/LMY47X) AppleWebKit/534.30 (KHTML, like Gecko) Version/4.0 UCBrowser/11.3.0.950 U3/0.8.0 Mobile Safari/534.30"
169.149.134.214 - - [20/Jun/2017:07:18:10 +0530] "GET /ncdma.css HTTP/1.1" 200 12640 "http://www.cdmindia.gov.in/project_details_view_report.php?id=717" "Mozilla/5.0 (Linux; U; Android 5.1.1; en-US; SM-J200G Build/LMY47X) AppleWebKit/534.30 (KHTML, like Gecko) Version/4.0 UCBrowser/11.3.0.950 U3/0.8.0 Mobile Safari/534.30"
169.149.134.214 - - [20/Jun/2017:07:18:10 +0530] "GET /images/bulllet2.gif HTTP/1.1" 200 58 "http://www.cdmindia.gov.in/project_details_view_report.php?id=717" "Mozilla/5.0 (Linux; U; Android 5.1.1; en-US; SM-J200G Build/LMY47X) AppleWebKit/534.30 (KHTML, like Gecko) Version/4.0 UCBrowser/11.3.0.950 U3/0.8.0 Mobile Safari/534.30"
169.149.134.214 - - [20/Jun/2017:07:18:10 +0530] "GET /includes/ncdma.css HTTP/1.1" 200 13023 "http://www.cdmindia.gov.in/project_details_view_report.php?id=717" "Mozilla/5.0 (Linux; U; Android 5.1.1; en-US; SM-J200G Build/LMY47X) AppleWebKit/534.30 (KHTML, like Gecko) Version/4.0 UCBrowser/11.3.0.950 U3/0.8.0 Mobile Safari/534.30"
169.149.134.214 - - [20/Jun/2017:07:18:10 +0530] "GET /Scripts/AC_RunActiveContent.js HTTP/1.1" 200 8321 "http://www.cdmindia.gov.in/project_details_view_report.php?id=717" "Mozilla/5.0 (Linux; U; Android 5.1.1; en-US; SM-J200G Build/LMY47X) AppleWebKit/534.30 (KHTML, like Gecko) Version/4.0 UCBrowser/11.3.0.950 U3/0.8.0 Mobile Safari/534.30"
169.149.134.214 - - [20/Jun/2017:07:18:10 +0530] "GET /images/spacer.gif HTTP/1.1" 200 43 "http://www.cdmindia.gov.in/project_details_view_report.php?id=717" "Mozilla/5.0 (Linux; U; Android 5.1.1; en-US; SM-J200G Build/LMY47X) AppleWebKit/534.30 (KHTML, like Gecko) Version/4.0 UCBrowser/11.3.0.950 U3/0.8.0 Mobile Safari/534.30"
169.149.134.214 - - [20/Jun/2017:07:18:10 +0530] "GET /images/bullet1.gif HTTP/1.1" 200 67 "http://www.cdmindia.gov.in/project_details_view_report.php?id=717" "Mozilla/5.0 (Linux; U; Android 5.1.1; en-US; SM-J200G Build/LMY47X) AppleWebKit/534.30 (KHTML, like Gecko) Version/4.0 UCBrowser/11.3.0.950 U3/0.8.0 Mobile Safari/534.30"
169.149.134.214 - - [20/Jun/2017:07:18:10 +0530] "GET /images/img3.jpg HTTP/1.1" 200 26957 "http://www.cdmindia.gov.in/project_details_view_report.php?id=717" "Mozilla/5.0 (Linux; U; Android 5.1.1; en-US; SM-J200G Build/LMY47X) AppleWebKit/534.30 (KHTML, like Gecko) Version/4.0 UCBrowser/11.3.0.950 U3/0.8.0 Mobile Safari/534.30"
169.149.134.214 - - [20/Jun/2017:07:18:10 +0530] "GET /images/bullet4.gif HTTP/1.1" 200 67 "http://www.cdmindia.gov.in/project_details_view_report.php?id=717" "Mozilla/5.0 (Linux; U; Android 5.1.1; en-US; SM-J200G Build/LMY47X) AppleWebKit/534.30 (KHTML, like Gecko) Version/4.0 UCBrowser/11.3.0.950 U3/0.8.0 Mobile Safari/534.30"
169.149.134.214 - - [20/Jun/2017:07:18:10 +0530] "GET /images/fdm.jpg HTTP/1.1" 200 2043 "http://www.cdmindia.gov.in/project_details_view_report.php?id=717" "Mozilla/5.0 (Linux; U; Android 5.1.1; en-US; SM-J200G Build/LMY47X) AppleWebKit/534.30 (KHTML, like Gecko) Version/4.0 UCBrowser/11.3.0.950 U3/0.8.0 Mobile Safari/534.30"
169.149.134.214 - - [20/Jun/2017:07:18:10 +0530] "GET /images/gtz.jpg HTTP/1.1" 200 15484 "http://www.cdmindia.gov.in/project_details_view_report.php?id=717" "Mozilla/5.0 (Linux; U; Android 5.1.1; en-US; SM-J200G Build/LMY47X) AppleWebKit/534.30 (KHTML, like Gecko) Version/4.0 UCBrowser/11.3.0.950 U3/0.8.0 Mobile Safari/534.30"
169.149.134.214 - - [20/Jun/2017:07:18:10 +0530] "GET /images/img2.jpg HTTP/1.1" 200 16276 "http://www.cdmindia.gov.in/project_details_view_report.php?id=717" "Mozilla/5.0 (Linux; U; Android 5.1.1; en-US; SM-J200G Build/LMY47X) AppleWebKit/534.30 (KHTML, like Gecko) Version/4.0 UCBrowser/11.3.0.950 U3/0.8.0 Mobile Safari/534.30"
168.235.198.78 - - [20/Jun/2017:07:18:11 +0530] "GET /images/img1.jpg HTTP/1.1" 200 1251 "http://www.cdmindia.gov.in/project_details_view_report.php?id=717" "Mozilla/5.0 (Linux; U; Android 5.1.1; en-US; SM-J200G Build/LMY47X) AppleWebKit/534.30 (KHTML, like Gecko) Version/4.0 UCBrowser/11.3.0.950 U3/0.8.0 Mobile Safari/534.30"
169.149.134.214 - - [20/Jun/2017:07:18:11 +0530] "GET /images/fbg.jpg HTTP/1.1" 200 325 "http://www.cdmindia.gov.in/project_details_view_report.php?id=717" "Mozilla/5.0 (Linux; U; Android 5.1.1; en-US; SM-J200G Build/LMY47X) AppleWebKit/534.30 (KHTML, like Gecko) Version/4.0 UCBrowser/11.3.0.950 U3/0.8.0 Mobile Safari/534.30"
168.235.198.78 - - [20/Jun/2017:07:18:11 +0530] "GET /images/fbg.jpg HTTP/1.1" 304 - "http://www.cdmindia.gov.in/project_details_view_report.php?id=717" "Mozilla/5.0 (Linux; U; Android 5.1.1; en-US; SM-J200G Build/LMY47X) AppleWebKit/534.30 (KHTML, like Gecko) Version/4.0 UCBrowser/11.3.0.950 U3/0.8.0 Mobile Safari/534.30"
169.149.134.214 - - [20/Jun/2017:07:18:11 +0530] "GET /images/img1.jpg HTTP/1.1" 200 1251 "http://www.cdmindia.gov.in/project_details_view_report.php?id=717" "Mozilla/5.0 (Linux; U; Android 5.1.1; en-US; SM-J200G Build/LMY47X) AppleWebKit/534.30 (KHTML, like Gecko) Version/4.0 UCBrowser/11.3.0.950 U3/0.8.0 Mobile Safari/534.30"
207.46.13.146 - - [20/Jun/2017:07:19:30 +0530] "GET /project_details_view_report.php?id=255 HTTP/1.1" 200 13120 "-" "Mozilla/5.0 (iPhone; CPU iPhone OS 7_0 like Mac OS X) AppleWebKit/537.51.1 (KHTML, like Gecko) Version/7.0 Mobile/11A465 Safari/9537.53 (compatible; bingbot/2.0; +http://www.bing.com/bingbot.htm)"
202.46.52.158 - - [20/Jun/2017:07:26:37 +0530] "GET /project_details_view.php?id=773 HTTP/1.1" 200 15034 "-" "Mozilla/5.0 (Windows NT 10.0; WOW64) AppleWebKit/537.36 (KHTML, like Gecko) Chrome/45.0.2454.93 Safari/537.36"
110.224.32.41 - - [20/Jun/2017:07:26:58 +0530] "GET /project_details_view.php?id=265 HTTP/1.1" 200 14647 "https://www.google.co.in/" "Mozilla/5.0 (Linux; Android 6.0.1; Redmi 3S Build/MMB29M) AppleWebKit/537.36 (KHTML, like Gecko) Chrome/58.0.3029.83 Mobile Safari/537.36"
110.224.32.41 - - [20/Jun/2017:07:26:58 +0530] "GET /includes/ncdma.css HTTP/1.1" 200 13023 "http://www.cdmindia.gov.in/project_details_view.php?id=265" "Mozilla/5.0 (Linux; Android 6.0.1; Redmi 3S Build/MMB29M) AppleWebKit/537.36 (KHTML, like Gecko) Chrome/58.0.3029.83 Mobile Safari/537.36"
110.224.32.41 - - [20/Jun/2017:07:26:58 +0530] "GET /ncdma.css HTTP/1.1" 200 12640 "http://www.cdmindia.gov.in/project_details_view.php?id=265" "Mozilla/5.0 (Linux; Android 6.0.1; Redmi 3S Build/MMB29M) AppleWebKit/537.36 (KHTML, like Gecko) Chrome/58.0.3029.83 Mobile Safari/537.36"
110.224.32.41 - - [20/Jun/2017:07:26:58 +0530] "GET /Scripts/AC_RunActiveContent.js HTTP/1.1" 200 8321 "http://www.cdmindia.gov.in/project_details_view.php?id=265" "Mozilla/5.0 (Linux; Android 6.0.1; Redmi 3S Build/MMB29M) AppleWebKit/537.36 (KHTML, like Gecko) Chrome/58.0.3029.83 Mobile Safari/537.36"
110.224.32.41 - - [20/Jun/2017:07:26:59 +0530] "GET /images/img2.jpg HTTP/1.1" 200 16276 "http://www.cdmindia.gov.in/project_details_view.php?id=265" "Mozilla/5.0 (Linux; Android 6.0.1; Redmi 3S Build/MMB29M) AppleWebKit/537.36 (KHTML, like Gecko) Chrome/58.0.3029.83 Mobile Safari/537.36"
110.224.32.41 - - [20/Jun/2017:07:26:59 +0530] "GET /images/bullet1.gif HTTP/1.1" 200 67 "http://www.cdmindia.gov.in/project_details_view.php?id=265" "Mozilla/5.0 (Linux; Android 6.0.1; Redmi 3S Build/MMB29M) AppleWebKit/537.36 (KHTML, like Gecko) Chrome/58.0.3029.83 Mobile Safari/537.36"
110.224.32.41 - - [20/Jun/2017:07:26:59 +0530] "GET /images/spacer.gif HTTP/1.1" 200 43 "http://www.cdmindia.gov.in/project_details_view.php?id=265" "Mozilla/5.0 (Linux; Android 6.0.1; Redmi 3S Build/MMB29M) AppleWebKit/537.36 (KHTML, like Gecko) Chrome/58.0.3029.83 Mobile Safari/537.36"
110.224.32.41 - - [20/Jun/2017:07:26:59 +0530] "GET /images/bullet4.gif HTTP/1.1" 200 67 "http://www.cdmindia.gov.in/project_details_view.php?id=265" "Mozilla/5.0 (Linux; Android 6.0.1; Redmi 3S Build/MMB29M) AppleWebKit/537.36 (KHTML, like Gecko) Chrome/58.0.3029.83 Mobile Safari/537.36"
110.224.32.41 - - [20/Jun/2017:07:26:59 +0530] "GET /images/bulllet2.gif HTTP/1.1" 200 58 "http://www.cdmindia.gov.in/project_details_view.php?id=265" "Mozilla/5.0 (Linux; Android 6.0.1; Redmi 3S Build/MMB29M) AppleWebKit/537.36 (KHTML, like Gecko) Chrome/58.0.3029.83 Mobile Safari/537.36"
110.224.32.41 - - [20/Jun/2017:07:26:59 +0530] "GET /images/img3.jpg HTTP/1.1" 200 26957 "http://www.cdmindia.gov.in/project_details_view.php?id=265" "Mozilla/5.0 (Linux; Android 6.0.1; Redmi 3S Build/MMB29M) AppleWebKit/537.36 (KHTML, like Gecko) Chrome/58.0.3029.83 Mobile Safari/537.36"
110.224.32.41 - - [20/Jun/2017:07:26:59 +0530] "GET /images/img1.jpg HTTP/1.1" 200 1251 "http://www.cdmindia.gov.in/project_details_view.php?id=265" "Mozilla/5.0 (Linux; Android 6.0.1; Redmi 3S Build/MMB29M) AppleWebKit/537.36 (KHTML, like Gecko) Chrome/58.0.3029.83 Mobile Safari/537.36"
110.224.32.41 - - [20/Jun/2017:07:26:59 +0530] "GET /images/fbg.jpg HTTP/1.1" 200 325 "http://www.cdmindia.gov.in/project_details_view.php?id=265" "Mozilla/5.0 (Linux; Android 6.0.1; Redmi 3S Build/MMB29M) AppleWebKit/537.36 (KHTML, like Gecko) Chrome/58.0.3029.83 Mobile Safari/537.36"
110.224.32.41 - - [20/Jun/2017:07:26:59 +0530] "GET /images/fdm.jpg HTTP/1.1" 200 2043 "http://www.cdmindia.gov.in/project_details_view.php?id=265" "Mozilla/5.0 (Linux; Android 6.0.1; Redmi 3S Build/MMB29M) AppleWebKit/537.36 (KHTML, like Gecko) Chrome/58.0.3029.83 Mobile Safari/537.36"
110.224.32.41 - - [20/Jun/2017:07:26:59 +0530] "GET /images/gtz.jpg HTTP/1.1" 200 15484 "http://www.cdmindia.gov.in/project_details_view.php?id=265" "Mozilla/5.0 (Linux; Android 6.0.1; Redmi 3S Build/MMB29M) AppleWebKit/537.36 (KHTML, like Gecko) Chrome/58.0.3029.83 Mobile Safari/537.36"
110.224.32.41 - - [20/Jun/2017:07:26:59 +0530] "GET /favicon.ico HTTP/1.1" 200 1189 "http://www.cdmindia.gov.in/project_details_view.php?id=265" "Mozilla/5.0 (Linux; Android 6.0.1; Redmi 3S Build/MMB29M) AppleWebKit/537.36 (KHTML, like Gecko) Chrome/58.0.3029.83 Mobile Safari/537.36"
66.249.73.221 - - [20/Jun/2017:07:27:14 +0530] "GET / HTTP/1.1" 200 19481 "-" "Mozilla/5.0 (Linux; Android 6.0.1; Nexus 5X Build/MMB29P) AppleWebKit/537.36 (KHTML, like Gecko) Chrome/41.0.2272.96 Mobile Safari/537.36 (compatible; Googlebot/2.1; +http://www.google.com/bot.html)"
207.46.13.146 - - [20/Jun/2017:07:29:54 +0530] "GET /project_details_view_report.php?id=982 HTTP/1.1" 200 13122 "-" "Mozilla/5.0 (iPhone; CPU iPhone OS 7_0 like Mac OS X) AppleWebKit/537.51.1 (KHTML, like Gecko) Version/7.0 Mobile/11A465 Safari/9537.53 (compatible; bingbot/2.0; +http://www.bing.com/bingbot.htm)"
40.77.167.42 - - [20/Jun/2017:07:30:06 +0530] "GET /reports_new.php?n=1 HTTP/1.1" 200 22412 "-" "Mozilla/5.0 (compatible; bingbot/2.0; +http://www.bing.com/bingbot.htm)"
146.148.64.128 - - [20/Jun/2017:07:30:33 +0530] "GET /robots.txt HTTP/1.1" 404 208 "-" "ltx71 - (http://ltx71.com/)"
216.244.66.248 - - [20/Jun/2017:07:35:53 +0530] "GET /robots.txt HTTP/1.1" 404 208 "-" "Mozilla/5.0 (compatible; DotBot/1.1; http://www.opensiteexplorer.org/dotbot, help@moz.com)"
66.102.6.115 - - [20/Jun/2017:07:36:21 +0530] "GET /project_details_view.php?id=930 HTTP/1.1" 200 16545 "https://www.google.co.in/search?client=ucweb-b&channel=sb&q=kashang+pronject+view&oq=kashang+pronject+view&aqs=mobile-gws-lite.." "Mozilla/5.0 (Linux; Android 4.2.1; en-us; Nexus 5 Build/JOP40D) AppleWebKit/535.19 (KHTML, like Gecko; googleweblight) Chrome/38.0.1025.166 Mobile Safari/535.19"
66.102.6.113 - - [20/Jun/2017:07:36:22 +0530] "GET /images/bulllet2.gif HTTP/1.1" 200 58 "http://www.cdmindia.gov.in/project_details_view.php?id=930" "Mozilla/5.0 (Linux; Android 4.2.1; en-us; Nexus 5 Build/JOP40D) AppleWebKit/535.19 (KHTML, like Gecko; googleweblight) Chrome/38.0.1025.166 Mobile Safari/535.19"
66.102.6.113 - - [20/Jun/2017:07:36:22 +0530] "GET /images/bullet1.gif HTTP/1.1" 200 67 "http://www.cdmindia.gov.in/project_details_view.php?id=930" "Mozilla/5.0 (Linux; Android 4.2.1; en-us; Nexus 5 Build/JOP40D) AppleWebKit/535.19 (KHTML, like Gecko; googleweblight) Chrome/38.0.1025.166 Mobile Safari/535.19"
66.102.6.113 - - [20/Jun/2017:07:36:22 +0530] "GET /images/spacer.gif HTTP/1.1" 200 43 "http://www.cdmindia.gov.in/project_details_view.php?id=930" "Mozilla/5.0 (Linux; Android 4.2.1; en-us; Nexus 5 Build/JOP40D) AppleWebKit/535.19 (KHTML, like Gecko; googleweblight) Chrome/38.0.1025.166 Mobile Safari/535.19"
66.102.6.111 - - [20/Jun/2017:07:36:22 +0530] "GET /includes/ncdma.css HTTP/1.1" 200 13023 "http://www.cdmindia.gov.in/project_details_view.php?id=930" "Mozilla/5.0 (Linux; Android 4.2.1; en-us; Nexus 5 Build/JOP40D) AppleWebKit/535.19 (KHTML, like Gecko; googleweblight) Chrome/38.0.1025.166 Mobile Safari/535.19"
66.102.6.111 - - [20/Jun/2017:07:36:22 +0530] "GET /images/bullet4.gif HTTP/1.1" 200 67 "http://www.cdmindia.gov.in/project_details_view.php?id=930" "Mozilla/5.0 (Linux; Android 4.2.1; en-us; Nexus 5 Build/JOP40D) AppleWebKit/535.19 (KHTML, like Gecko; googleweblight) Chrome/38.0.1025.166 Mobile Safari/535.19"
66.102.6.113 - - [20/Jun/2017:07:36:22 +0530] "GET /images/img1.jpg HTTP/1.1" 200 1251 "http://www.cdmindia.gov.in/project_details_view.php?id=930" "Mozilla/5.0 (Linux; Android 4.2.1; en-us; Nexus 5 Build/JOP40D) AppleWebKit/535.19 (KHTML, like Gecko; googleweblight) Chrome/38.0.1025.166 Mobile Safari/535.19"
66.102.6.111 - - [20/Jun/2017:07:36:22 +0530] "GET /images/fbg.jpg HTTP/1.1" 200 325 "http://www.cdmindia.gov.in/project_details_view.php?id=930" "Mozilla/5.0 (Linux; Android 4.2.1; en-us; Nexus 5 Build/JOP40D) AppleWebKit/535.19 (KHTML, like Gecko; googleweblight) Chrome/38.0.1025.166 Mobile Safari/535.19"
66.102.6.115 - - [20/Jun/2017:07:36:22 +0530] "GET /ncdma.css HTTP/1.1" 200 12640 "http://www.cdmindia.gov.in/project_details_view.php?id=930" "Mozilla/5.0 (Linux; Android 4.2.1; en-us; Nexus 5 Build/JOP40D) AppleWebKit/535.19 (KHTML, like Gecko; googleweblight) Chrome/38.0.1025.166 Mobile Safari/535.19"
66.102.6.115 - - [20/Jun/2017:07:36:22 +0530] "GET /images/gtz.jpg HTTP/1.1" 200 15484 "http://www.cdmindia.gov.in/project_details_view.php?id=930" "Mozilla/5.0 (Linux; Android 4.2.1; en-us; Nexus 5 Build/JOP40D) AppleWebKit/535.19 (KHTML, like Gecko; googleweblight) Chrome/38.0.1025.166 Mobile Safari/535.19"
66.102.6.113 - - [20/Jun/2017:07:36:22 +0530] "GET /images/img2.jpg HTTP/1.1" 200 16276 "http://www.cdmindia.gov.in/project_details_view.php?id=930" "Mozilla/5.0 (Linux; Android 4.2.1; en-us; Nexus 5 Build/JOP40D) AppleWebKit/535.19 (KHTML, like Gecko; googleweblight) Chrome/38.0.1025.166 Mobile Safari/535.19"
66.102.6.111 - - [20/Jun/2017:07:36:22 +0530] "GET /images/img3.jpg HTTP/1.1" 200 26957 "http://www.cdmindia.gov.in/project_details_view.php?id=930" "Mozilla/5.0 (Linux; Android 4.2.1; en-us; Nexus 5 Build/JOP40D) AppleWebKit/535.19 (KHTML, like Gecko; googleweblight) Chrome/38.0.1025.166 Mobile Safari/535.19"
66.102.6.111 - - [20/Jun/2017:07:36:22 +0530] "GET /Scripts/AC_RunActiveContent.js HTTP/1.1" 200 8321 "http://www.cdmindia.gov.in/project_details_view.php?id=930" "Mozilla/5.0 (Linux; Android 4.2.1; en-us; Nexus 5 Build/JOP40D) AppleWebKit/535.19 (KHTML, like Gecko; googleweblight) Chrome/38.0.1025.166 Mobile Safari/535.19"
66.102.6.111 - - [20/Jun/2017:07:36:22 +0530] "GET /images/fdm.jpg HTTP/1.1" 200 2043 "http://www.cdmindia.gov.in/project_details_view.php?id=930" "Mozilla/5.0 (Linux; Android 4.2.1; en-us; Nexus 5 Build/JOP40D) AppleWebKit/535.19 (KHTML, like Gecko; googleweblight) Chrome/38.0.1025.166 Mobile Safari/535.19"
207.46.13.146 - - [20/Jun/2017:07:36:25 +0530] "GET /downloads/Comparision%20of%20PCN_30.03.doc HTTP/1.1" 200 49664 "-" "Mozilla/5.0 (compatible; bingbot/2.0; +http://www.bing.com/bingbot.htm)"
66.102.6.111 - - [20/Jun/2017:07:36:31 +0530] "GET /project_details_view.php?id=930 HTTP/1.1" 200 16545 "-" "Mozilla/5.0 (Linux; Android 4.2.1; en-us; Nexus 5 Build/JOP40D) AppleWebKit/535.19 (KHTML, like Gecko; googleweblight) Chrome/38.0.1025.166 Mobile Safari/535.19"
66.102.6.111 - - [20/Jun/2017:07:36:32 +0530] "GET /images/bullet1.gif HTTP/1.1" 200 67 "http://www.cdmindia.gov.in/project_details_view.php?id=930" "Mozilla/5.0 (Linux; Android 4.2.1; en-us; Nexus 5 Build/JOP40D) AppleWebKit/535.19 (KHTML, like Gecko; googleweblight) Chrome/38.0.1025.166 Mobile Safari/535.19"
66.102.6.113 - - [20/Jun/2017:07:36:32 +0530] "GET /ncdma.css HTTP/1.1" 200 12640 "http://www.cdmindia.gov.in/project_details_view.php?id=930" "Mozilla/5.0 (Linux; Android 4.2.1; en-us; Nexus 5 Build/JOP40D) AppleWebKit/535.19 (KHTML, like Gecko; googleweblight) Chrome/38.0.1025.166 Mobile Safari/535.19"
66.102.6.115 - - [20/Jun/2017:07:36:32 +0530] "GET /images/bulllet2.gif HTTP/1.1" 200 58 "http://www.cdmindia.gov.in/project_details_view.php?id=930" "Mozilla/5.0 (Linux; Android 4.2.1; en-us; Nexus 5 Build/JOP40D) AppleWebKit/535.19 (KHTML, like Gecko; googleweblight) Chrome/38.0.1025.166 Mobile Safari/535.19"
66.102.6.111 - - [20/Jun/2017:07:36:32 +0530] "GET /images/spacer.gif HTTP/1.1" 200 43 "http://www.cdmindia.gov.in/project_details_view.php?id=930" "Mozilla/5.0 (Linux; Android 4.2.1; en-us; Nexus 5 Build/JOP40D) AppleWebKit/535.19 (KHTML, like Gecko; googleweblight) Chrome/38.0.1025.166 Mobile Safari/535.19"
66.102.6.111 - - [20/Jun/2017:07:36:32 +0530] "GET /images/gtz.jpg HTTP/1.1" 200 15484 "http://www.cdmindia.gov.in/project_details_view.php?id=930" "Mozilla/5.0 (Linux; Android 4.2.1; en-us; Nexus 5 Build/JOP40D) AppleWebKit/535.19 (KHTML, like Gecko; googleweblight) Chrome/38.0.1025.166 Mobile Safari/535.19"
66.102.6.113 - - [20/Jun/2017:07:36:32 +0530] "GET /images/fdm.jpg HTTP/1.1" 200 2043 "http://www.cdmindia.gov.in/project_details_view.php?id=930" "Mozilla/5.0 (Linux; Android 4.2.1; en-us; Nexus 5 Build/JOP40D) AppleWebKit/535.19 (KHTML, like Gecko; googleweblight) Chrome/38.0.1025.166 Mobile Safari/535.19"
66.102.6.115 - - [20/Jun/2017:07:36:32 +0530] "GET /includes/ncdma.css HTTP/1.1" 200 13023 "http://www.cdmindia.gov.in/project_details_view.php?id=930" "Mozilla/5.0 (Linux; Android 4.2.1; en-us; Nexus 5 Build/JOP40D) AppleWebKit/535.19 (KHTML, like Gecko; googleweblight) Chrome/38.0.1025.166 Mobile Safari/535.19"
66.102.6.111 - - [20/Jun/2017:07:36:32 +0530] "GET /Scripts/AC_RunActiveContent.js HTTP/1.1" 200 8321 "http://www.cdmindia.gov.in/project_details_view.php?id=930" "Mozilla/5.0 (Linux; Android 4.2.1; en-us; Nexus 5 Build/JOP40D) AppleWebKit/535.19 (KHTML, like Gecko; googleweblight) Chrome/38.0.1025.166 Mobile Safari/535.19"
66.102.6.113 - - [20/Jun/2017:07:36:32 +0530] "GET /images/bullet4.gif HTTP/1.1" 200 67 "http://www.cdmindia.gov.in/project_details_view.php?id=930" "Mozilla/5.0 (Linux; Android 4.2.1; en-us; Nexus 5 Build/JOP40D) AppleWebKit/535.19 (KHTML, like Gecko; googleweblight) Chrome/38.0.1025.166 Mobile Safari/535.19"
66.102.6.113 - - [20/Jun/2017:07:36:32 +0530] "GET /images/img2.jpg HTTP/1.1" 200 16276 "http://www.cdmindia.gov.in/project_details_view.php?id=930" "Mozilla/5.0 (Linux; Android 4.2.1; en-us; Nexus 5 Build/JOP40D) AppleWebKit/535.19 (KHTML, like Gecko; googleweblight) Chrome/38.0.1025.166 Mobile Safari/535.19"
66.102.6.115 - - [20/Jun/2017:07:36:32 +0530] "GET /images/img3.jpg HTTP/1.1" 200 26957 "http://www.cdmindia.gov.in/project_details_view.php?id=930" "Mozilla/5.0 (Linux; Android 4.2.1; en-us; Nexus 5 Build/JOP40D) AppleWebKit/535.19 (KHTML, like Gecko; googleweblight) Chrome/38.0.1025.166 Mobile Safari/535.19"
66.102.6.115 - - [20/Jun/2017:07:36:32 +0530] "GET /images/img1.jpg HTTP/1.1" 200 1251 "http://www.cdmindia.gov.in/project_details_view.php?id=930" "Mozilla/5.0 (Linux; Android 4.2.1; en-us; Nexus 5 Build/JOP40D) AppleWebKit/535.19 (KHTML, like Gecko; googleweblight) Chrome/38.0.1025.166 Mobile Safari/535.19"
66.102.6.115 - - [20/Jun/2017:07:36:32 +0530] "GET /images/fbg.jpg HTTP/1.1" 200 325 "http://www.cdmindia.gov.in/project_details_view.php?id=930" "Mozilla/5.0 (Linux; Android 4.2.1; en-us; Nexus 5 Build/JOP40D) AppleWebKit/535.19 (KHTML, like Gecko; googleweblight) Chrome/38.0.1025.166 Mobile Safari/535.19"
40.77.167.42 - - [20/Jun/2017:07:36:53 +0530] "GET /ncdma.css HTTP/1.1" 200 12640 "-" "Mozilla/5.0 (iPhone; CPU iPhone OS 7_0 like Mac OS X) AppleWebKit/537.51.1 (KHTML, like Gecko) Version/7.0 Mobile/11A465 Safari/9537.53 (compatible; bingbot/2.0; +http://www.bing.com/bingbot.htm)"
66.249.73.220 - - [20/Jun/2017:07:37:23 +0530] "GET /project_details_view.php?id=384 HTTP/1.1" 200 14945 "-" "Mozilla/5.0 (Linux; Android 6.0.1; Nexus 5X Build/MMB29P) AppleWebKit/537.36 (KHTML, like Gecko) Chrome/41.0.2272.96 Mobile Safari/537.36 (compatible; Googlebot/2.1; +http://www.google.com/bot.html)"
68.180.228.167 - - [20/Jun/2017:07:37:30 +0530] "GET /downloads/Comparision%20of%20PCN_30.03.doc HTTP/1.1" 304 - "-" "Mozilla/5.0 (compatible; Yahoo! Slurp; http://help.yahoo.com/help/us/ysearch/slurp)"
66.102.6.113 - - [20/Jun/2017:07:37:35 +0530] "GET /sitemap.php HTTP/1.1" 200 18470 "http://googleweblight.com/" "Mozilla/5.0 (Linux; Android 4.2.1; en-us; Nexus 5 Build/JOP40D) AppleWebKit/535.19 (KHTML, like Gecko; googleweblight) Chrome/38.0.1025.166 Mobile Safari/535.19"
66.102.6.113 - - [20/Jun/2017:07:37:35 +0530] "GET /sitemap.php HTTP/1.1" 200 18470 "-" "Mozilla/5.0 (Linux; Android 4.2.1; en-us; Nexus 5 Build/JOP40D) AppleWebKit/535.19 (KHTML, like Gecko; googleweblight) Chrome/38.0.1025.166 Mobile Safari/535.19"
66.102.6.111 - - [20/Jun/2017:07:37:36 +0530] "GET /images/bullet3.gif HTTP/1.1" 200 58 "http://www.cdmindia.gov.in/sitemap.php" "Mozilla/5.0 (Linux; Android 4.2.1; en-us; Nexus 5 Build/JOP40D) AppleWebKit/535.19 (KHTML, like Gecko; googleweblight) Chrome/38.0.1025.166 Mobile Safari/535.19"
66.102.6.115 - - [20/Jun/2017:07:37:36 +0530] "GET /images/login.jpg HTTP/1.1" 200 1044 "http://www.cdmindia.gov.in/sitemap.php" "Mozilla/5.0 (Linux; Android 4.2.1; en-us; Nexus 5 Build/JOP40D) AppleWebKit/535.19 (KHTML, like Gecko; googleweblight) Chrome/38.0.1025.166 Mobile Safari/535.19"
66.102.6.113 - - [20/Jun/2017:07:37:36 +0530] "GET /images/login.jpg HTTP/1.1" 200 1044 "http://www.cdmindia.gov.in/sitemap.php" "Mozilla/5.0 (Linux; Android 4.2.1; en-us; Nexus 5 Build/JOP40D) AppleWebKit/535.19 (KHTML, like Gecko; googleweblight) Chrome/38.0.1025.166 Mobile Safari/535.19"
66.102.6.115 - - [20/Jun/2017:07:37:36 +0530] "GET /images/bullet3.gif HTTP/1.1" 200 58 "http://www.cdmindia.gov.in/sitemap.php" "Mozilla/5.0 (Linux; Android 4.2.1; en-us; Nexus 5 Build/JOP40D) AppleWebKit/535.19 (KHTML, like Gecko; googleweblight) Chrome/38.0.1025.166 Mobile Safari/535.19"
66.102.6.115 - - [20/Jun/2017:07:37:36 +0530] "GET /images/login1.jpg HTTP/1.1" 200 618 "http://www.cdmindia.gov.in/sitemap.php" "Mozilla/5.0 (Linux; Android 4.2.1; en-us; Nexus 5 Build/JOP40D) AppleWebKit/535.19 (KHTML, like Gecko; googleweblight) Chrome/38.0.1025.166 Mobile Safari/535.19"
66.102.6.113 - - [20/Jun/2017:07:37:36 +0530] "GET /images/fe.jpg HTTP/1.1" 200 1429 "http://www.cdmindia.gov.in/sitemap.php" "Mozilla/5.0 (Linux; Android 4.2.1; en-us; Nexus 5 Build/JOP40D) AppleWebKit/535.19 (KHTML, like Gecko; googleweblight) Chrome/38.0.1025.166 Mobile Safari/535.19"
66.102.6.111 - - [20/Jun/2017:07:37:36 +0530] "GET /images/login1.jpg HTTP/1.1" 200 618 "http://www.cdmindia.gov.in/sitemap.php" "Mozilla/5.0 (Linux; Android 4.2.1; en-us; Nexus 5 Build/JOP40D) AppleWebKit/535.19 (KHTML, like Gecko; googleweblight) Chrome/38.0.1025.166 Mobile Safari/535.19"
