14.140.153.180 - - [16/Jun/2017:09:39:54 +0530] "GET /includes/ncdma.css HTTP/1.1" 200 13023 "http://www.cdmindia.gov.in/project_details_view.php?id=609" "Mozilla/5.0 (Windows NT 6.3; Win64; x64) AppleWebKit/537.36 (KHTML, like Gecko) Chrome/56.0.2924.87 Safari/537.36"
14.140.153.180 - - [16/Jun/2017:09:39:54 +0530] "GET /ncdma.css HTTP/1.1" 200 12640 "http://www.cdmindia.gov.in/project_details_view.php?id=609" "Mozilla/5.0 (Windows NT 6.3; Win64; x64) AppleWebKit/537.36 (KHTML, like Gecko) Chrome/56.0.2924.87 Safari/537.36"
14.140.153.180 - - [16/Jun/2017:09:39:54 +0530] "GET /Scripts/AC_RunActiveContent.js HTTP/1.1" 200 8321 "http://www.cdmindia.gov.in/project_details_view.php?id=609" "Mozilla/5.0 (Windows NT 6.3; Win64; x64) AppleWebKit/537.36 (KHTML, like Gecko) Chrome/56.0.2924.87 Safari/537.36"
14.140.153.180 - - [16/Jun/2017:09:39:54 +0530] "GET /images/bullet1.gif HTTP/1.1" 200 67 "http://www.cdmindia.gov.in/project_details_view.php?id=609" "Mozilla/5.0 (Windows NT 6.3; Win64; x64) AppleWebKit/537.36 (KHTML, like Gecko) Chrome/56.0.2924.87 Safari/537.36"
14.140.153.180 - - [16/Jun/2017:09:39:54 +0530] "GET /images/spacer.gif HTTP/1.1" 200 43 "http://www.cdmindia.gov.in/project_details_view.php?id=609" "Mozilla/5.0 (Windows NT 6.3; Win64; x64) AppleWebKit/537.36 (KHTML, like Gecko) Chrome/56.0.2924.87 Safari/537.36"
14.140.153.180 - - [16/Jun/2017:09:39:54 +0530] "GET /images/img3.jpg HTTP/1.1" 200 26957 "http://www.cdmindia.gov.in/project_details_view.php?id=609" "Mozilla/5.0 (Windows NT 6.3; Win64; x64) AppleWebKit/537.36 (KHTML, like Gecko) Chrome/56.0.2924.87 Safari/537.36"
14.140.153.180 - - [16/Jun/2017:09:39:54 +0530] "GET /images/bullet4.gif HTTP/1.1" 200 67 "http://www.cdmindia.gov.in/project_details_view.php?id=609" "Mozilla/5.0 (Windows NT 6.3; Win64; x64) AppleWebKit/537.36 (KHTML, like Gecko) Chrome/56.0.2924.87 Safari/537.36"
14.140.153.180 - - [16/Jun/2017:09:39:54 +0530] "GET /images/img2.jpg HTTP/1.1" 200 16276 "http://www.cdmindia.gov.in/project_details_view.php?id=609" "Mozilla/5.0 (Windows NT 6.3; Win64; x64) AppleWebKit/537.36 (KHTML, like Gecko) Chrome/56.0.2924.87 Safari/537.36"
14.140.153.180 - - [16/Jun/2017:09:39:54 +0530] "GET /images/img1.jpg HTTP/1.1" 200 1251 "http://www.cdmindia.gov.in/project_details_view.php?id=609" "Mozilla/5.0 (Windows NT 6.3; Win64; x64) AppleWebKit/537.36 (KHTML, like Gecko) Chrome/56.0.2924.87 Safari/537.36"
14.140.153.180 - - [16/Jun/2017:09:39:55 +0530] "GET /images/bulllet2.gif HTTP/1.1" 200 58 "http://www.cdmindia.gov.in/project_details_view.php?id=609" "Mozilla/5.0 (Windows NT 6.3; Win64; x64) AppleWebKit/537.36 (KHTML, like Gecko) Chrome/56.0.2924.87 Safari/537.36"
14.140.153.180 - - [16/Jun/2017:09:39:55 +0530] "GET /images/fdm.jpg HTTP/1.1" 200 2043 "http://www.cdmindia.gov.in/project_details_view.php?id=609" "Mozilla/5.0 (Windows NT 6.3; Win64; x64) AppleWebKit/537.36 (KHTML, like Gecko) Chrome/56.0.2924.87 Safari/537.36"
14.140.153.180 - - [16/Jun/2017:09:39:55 +0530] "GET /images/gtz.jpg HTTP/1.1" 200 15484 "http://www.cdmindia.gov.in/project_details_view.php?id=609" "Mozilla/5.0 (Windows NT 6.3; Win64; x64) AppleWebKit/537.36 (KHTML, like Gecko) Chrome/56.0.2924.87 Safari/537.36"
14.140.153.180 - - [16/Jun/2017:09:39:55 +0530] "GET /images/fbg.jpg HTTP/1.1" 200 325 "http://www.cdmindia.gov.in/project_details_view.php?id=609" "Mozilla/5.0 (Windows NT 6.3; Win64; x64) AppleWebKit/537.36 (KHTML, like Gecko) Chrome/56.0.2924.87 Safari/537.36"
14.140.153.180 - - [16/Jun/2017:09:39:55 +0530] "GET /favicon.ico HTTP/1.1" 200 1189 "http://www.cdmindia.gov.in/project_details_view.php?id=609" "Mozilla/5.0 (Windows NT 6.3; Win64; x64) AppleWebKit/537.36 (KHTML, like Gecko) Chrome/56.0.2924.87 Safari/537.36"
78.115.34.36 - - [16/Jun/2017:09:41:18 +0530] "GET /wp-login.php HTTP/1.1" 404 210 "-" "Mozilla/5.0 (Windows NT 6.1; WOW64; rv:40.0) Gecko/20100101 Firefox/40.1"
78.115.34.36 - - [16/Jun/2017:09:41:18 +0530] "GET / HTTP/1.1" 200 19480 "-" "Mozilla/5.0 (Windows NT 6.1; WOW64; rv:40.0) Gecko/20100101 Firefox/40.1"
66.249.79.129 - - [16/Jun/2017:09:41:33 +0530] "GET /project_details_view.php?id=2029 HTTP/1.1" 200 14097 "-" "Mozilla/5.0 (Linux; Android 6.0.1; Nexus 5X Build/MMB29P) AppleWebKit/537.36 (KHTML, like Gecko) Chrome/41.0.2272.96 Mobile Safari/537.36 (compatible; Googlebot/2.1; +http://www.google.com/bot.html)"
125.18.133.132 - - [16/Jun/2017:09:45:12 +0530] "GET /project_details_view.php?id=609 HTTP/1.1" 200 15499 "https://www.google.co.in/" "Mozilla/5.0 (Windows NT 6.3; Win64; x64) AppleWebKit/537.36 (KHTML, like Gecko) Chrome/56.0.2924.87 Safari/537.36"
216.244.66.248 - - [16/Jun/2017:09:46:10 +0530] "GET /robots.txt HTTP/1.1" 404 208 "-" "Mozilla/5.0 (compatible; DotBot/1.1; http://www.opensiteexplorer.org/dotbot, help@moz.com)"
146.50.79.106 - - [16/Jun/2017:09:47:45 +0530] "GET /robots.txt HTTP/1.1" 404 208 "-" "Java/1.8.0_51"
146.50.79.106 - - [16/Jun/2017:09:47:46 +0530] "GET / HTTP/1.1" 200 19480 "-" "Java/1.8.0_51"
66.249.79.129 - - [16/Jun/2017:09:51:50 +0530] "GET /project_details_view.php?id=1307 HTTP/1.1" 200 14289 "-" "Mozilla/5.0 (compatible; Googlebot/2.1; +http://www.google.com/bot.html)"
202.46.54.93 - - [16/Jun/2017:09:52:42 +0530] "GET /project_details_view.php?id=1390 HTTP/1.1" 200 14383 "-" "Mozilla/5.0 (Windows NT 10.0; WOW64) AppleWebKit/537.36 (KHTML, like Gecko) Chrome/45.0.2454.93 Safari/537.36"
106.208.236.218 - - [16/Jun/2017:09:53:14 +0530] "GET /project_details_view.php?id=816 HTTP/1.1" 200 15269 "https://www.google.co.in/" "Mozilla/5.0 (Windows NT 6.1; WOW64) AppleWebKit/537.36 (KHTML, like Gecko) Chrome/58.0.3029.110 Safari/537.36"
106.208.236.218 - - [16/Jun/2017:09:53:14 +0530] "GET /includes/ncdma.css HTTP/1.1" 200 13023 "http://www.cdmindia.gov.in/project_details_view.php?id=816" "Mozilla/5.0 (Windows NT 6.1; WOW64) AppleWebKit/537.36 (KHTML, like Gecko) Chrome/58.0.3029.110 Safari/537.36"
106.208.236.218 - - [16/Jun/2017:09:53:14 +0530] "GET /ncdma.css HTTP/1.1" 200 12640 "http://www.cdmindia.gov.in/project_details_view.php?id=816" "Mozilla/5.0 (Windows NT 6.1; WOW64) AppleWebKit/537.36 (KHTML, like Gecko) Chrome/58.0.3029.110 Safari/537.36"
106.208.236.218 - - [16/Jun/2017:09:53:14 +0530] "GET /Scripts/AC_RunActiveContent.js HTTP/1.1" 200 8321 "http://www.cdmindia.gov.in/project_details_view.php?id=816" "Mozilla/5.0 (Windows NT 6.1; WOW64) AppleWebKit/537.36 (KHTML, like Gecko) Chrome/58.0.3029.110 Safari/537.36"
106.208.236.218 - - [16/Jun/2017:09:53:14 +0530] "GET /images/img2.jpg HTTP/1.1" 200 16276 "http://www.cdmindia.gov.in/project_details_view.php?id=816" "Mozilla/5.0 (Windows NT 6.1; WOW64) AppleWebKit/537.36 (KHTML, like Gecko) Chrome/58.0.3029.110 Safari/537.36"
106.208.236.218 - - [16/Jun/2017:09:53:14 +0530] "GET /images/spacer.gif HTTP/1.1" 200 43 "http://www.cdmindia.gov.in/project_details_view.php?id=816" "Mozilla/5.0 (Windows NT 6.1; WOW64) AppleWebKit/537.36 (KHTML, like Gecko) Chrome/58.0.3029.110 Safari/537.36"
106.208.236.218 - - [16/Jun/2017:09:53:14 +0530] "GET /images/bullet1.gif HTTP/1.1" 200 67 "http://www.cdmindia.gov.in/project_details_view.php?id=816" "Mozilla/5.0 (Windows NT 6.1; WOW64) AppleWebKit/537.36 (KHTML, like Gecko) Chrome/58.0.3029.110 Safari/537.36"
106.208.236.218 - - [16/Jun/2017:09:53:14 +0530] "GET /images/bulllet2.gif HTTP/1.1" 200 58 "http://www.cdmindia.gov.in/project_details_view.php?id=816" "Mozilla/5.0 (Windows NT 6.1; WOW64) AppleWebKit/537.36 (KHTML, like Gecko) Chrome/58.0.3029.110 Safari/537.36"
106.208.236.218 - - [16/Jun/2017:09:53:14 +0530] "GET /images/img3.jpg HTTP/1.1" 200 26957 "http://www.cdmindia.gov.in/project_details_view.php?id=816" "Mozilla/5.0 (Windows NT 6.1; WOW64) AppleWebKit/537.36 (KHTML, like Gecko) Chrome/58.0.3029.110 Safari/537.36"
106.208.236.218 - - [16/Jun/2017:09:53:14 +0530] "GET /images/bullet4.gif HTTP/1.1" 200 67 "http://www.cdmindia.gov.in/project_details_view.php?id=816" "Mozilla/5.0 (Windows NT 6.1; WOW64) AppleWebKit/537.36 (KHTML, like Gecko) Chrome/58.0.3029.110 Safari/537.36"
106.208.236.218 - - [16/Jun/2017:09:53:15 +0530] "GET /images/img1.jpg HTTP/1.1" 200 1251 "http://www.cdmindia.gov.in/project_details_view.php?id=816" "Mozilla/5.0 (Windows NT 6.1; WOW64) AppleWebKit/537.36 (KHTML, like Gecko) Chrome/58.0.3029.110 Safari/537.36"
106.208.236.218 - - [16/Jun/2017:09:53:15 +0530] "GET /images/fdm.jpg HTTP/1.1" 200 2043 "http://www.cdmindia.gov.in/project_details_view.php?id=816" "Mozilla/5.0 (Windows NT 6.1; WOW64) AppleWebKit/537.36 (KHTML, like Gecko) Chrome/58.0.3029.110 Safari/537.36"
106.208.236.218 - - [16/Jun/2017:09:53:15 +0530] "GET /images/gtz.jpg HTTP/1.1" 200 15484 "http://www.cdmindia.gov.in/project_details_view.php?id=816" "Mozilla/5.0 (Windows NT 6.1; WOW64) AppleWebKit/537.36 (KHTML, like Gecko) Chrome/58.0.3029.110 Safari/537.36"
106.208.236.218 - - [16/Jun/2017:09:53:15 +0530] "GET /images/fbg.jpg HTTP/1.1" 200 325 "http://www.cdmindia.gov.in/project_details_view.php?id=816" "Mozilla/5.0 (Windows NT 6.1; WOW64) AppleWebKit/537.36 (KHTML, like Gecko) Chrome/58.0.3029.110 Safari/537.36"
106.208.236.218 - - [16/Jun/2017:09:53:15 +0530] "GET /favicon.ico HTTP/1.1" 200 1189 "http://www.cdmindia.gov.in/project_details_view.php?id=816" "Mozilla/5.0 (Windows NT 6.1; WOW64) AppleWebKit/537.36 (KHTML, like Gecko) Chrome/58.0.3029.110 Safari/537.36"
40.77.167.73 - - [16/Jun/2017:09:53:48 +0530] "GET /project_details_view.php?id=1209 HTTP/1.1" 200 14530 "-" "Mozilla/5.0 (iPhone; CPU iPhone OS 7_0 like Mac OS X) AppleWebKit/537.51.1 (KHTML, like Gecko) Version/7.0 Mobile/11A465 Safari/9537.53 (compatible; bingbot/2.0; +http://www.bing.com/bingbot.htm)"
141.8.142.74 - - [16/Jun/2017:09:55:22 +0530] "GET /reports_list_details.php?id=14&reporttype=1 HTTP/1.1" 200 21489 "-" "Mozilla/5.0 (compatible; YandexBot/3.0; +http://yandex.com/bots)"
163.47.141.210 - - [16/Jun/2017:09:58:38 +0530] "GET / HTTP/1.1" 200 19480 "http://envfor.nic.in/" "Mozilla/5.0 (Windows NT 10.0; WOW64; rv:53.0) Gecko/20100101 Firefox/53.0"
163.47.141.210 - - [16/Jun/2017:09:58:39 +0530] "GET /includes/ncdma.css HTTP/1.1" 200 13023 "http://www.cdmindia.gov.in/" "Mozilla/5.0 (Windows NT 10.0; WOW64; rv:53.0) Gecko/20100101 Firefox/53.0"
163.47.141.210 - - [16/Jun/2017:09:58:39 +0530] "GET /js/base64_encode.js HTTP/1.1" 200 3002 "http://www.cdmindia.gov.in/" "Mozilla/5.0 (Windows NT 10.0; WOW64; rv:53.0) Gecko/20100101 Firefox/53.0"
163.47.141.210 - - [16/Jun/2017:09:58:39 +0530] "GET /Scripts/AC_RunActiveContent.js HTTP/1.1" 200 8321 "http://www.cdmindia.gov.in/" "Mozilla/5.0 (Windows NT 10.0; WOW64; rv:53.0) Gecko/20100101 Firefox/53.0"
163.47.141.210 - - [16/Jun/2017:09:58:39 +0530] "GET /js/md5.js HTTP/1.1" 200 13194 "http://www.cdmindia.gov.in/" "Mozilla/5.0 (Windows NT 10.0; WOW64; rv:53.0) Gecko/20100101 Firefox/53.0"
163.47.141.210 - - [16/Jun/2017:09:58:39 +0530] "GET /ncdma.css HTTP/1.1" 200 12640 "http://www.cdmindia.gov.in/" "Mozilla/5.0 (Windows NT 10.0; WOW64; rv:53.0) Gecko/20100101 Firefox/53.0"
163.47.141.210 - - [16/Jun/2017:09:58:39 +0530] "GET /images/img2.jpg HTTP/1.1" 200 16276 "http://www.cdmindia.gov.in/" "Mozilla/5.0 (Windows NT 10.0; WOW64; rv:53.0) Gecko/20100101 Firefox/53.0"
163.47.141.210 - - [16/Jun/2017:09:58:39 +0530] "GET /images/img3.jpg HTTP/1.1" 200 26957 "http://www.cdmindia.gov.in/" "Mozilla/5.0 (Windows NT 10.0; WOW64; rv:53.0) Gecko/20100101 Firefox/53.0"
163.47.141.210 - - [16/Jun/2017:09:58:39 +0530] "GET /images/spacer.gif HTTP/1.1" 200 43 "http://www.cdmindia.gov.in/" "Mozilla/5.0 (Windows NT 10.0; WOW64; rv:53.0) Gecko/20100101 Firefox/53.0"
163.47.141.210 - - [16/Jun/2017:09:58:39 +0530] "GET /images/bullet1.gif HTTP/1.1" 200 67 "http://www.cdmindia.gov.in/" "Mozilla/5.0 (Windows NT 10.0; WOW64; rv:53.0) Gecko/20100101 Firefox/53.0"
163.47.141.210 - - [16/Jun/2017:09:58:39 +0530] "GET /images/bulllet2.gif HTTP/1.1" 200 58 "http://www.cdmindia.gov.in/" "Mozilla/5.0 (Windows NT 10.0; WOW64; rv:53.0) Gecko/20100101 Firefox/53.0"
163.47.141.210 - - [16/Jun/2017:09:58:39 +0530] "GET /images/bullet4.gif HTTP/1.1" 200 67 "http://www.cdmindia.gov.in/" "Mozilla/5.0 (Windows NT 10.0; WOW64; rv:53.0) Gecko/20100101 Firefox/53.0"
163.47.141.210 - - [16/Jun/2017:09:58:39 +0530] "GET /images/bullet3.gif HTTP/1.1" 200 58 "http://www.cdmindia.gov.in/" "Mozilla/5.0 (Windows NT 10.0; WOW64; rv:53.0) Gecko/20100101 Firefox/53.0"
163.47.141.210 - - [16/Jun/2017:09:58:39 +0530] "GET /images/fe.jpg HTTP/1.1" 200 1429 "http://www.cdmindia.gov.in/" "Mozilla/5.0 (Windows NT 10.0; WOW64; rv:53.0) Gecko/20100101 Firefox/53.0"
163.47.141.210 - - [16/Jun/2017:09:58:39 +0530] "GET /images/login1.jpg HTTP/1.1" 200 618 "http://www.cdmindia.gov.in/" "Mozilla/5.0 (Windows NT 10.0; WOW64; rv:53.0) Gecko/20100101 Firefox/53.0"
163.47.141.210 - - [16/Jun/2017:09:58:39 +0530] "GET /images/login.jpg HTTP/1.1" 200 1044 "http://www.cdmindia.gov.in/" "Mozilla/5.0 (Windows NT 10.0; WOW64; rv:53.0) Gecko/20100101 Firefox/53.0"
163.47.141.210 - - [16/Jun/2017:09:58:39 +0530] "GET /images/img1.jpg HTTP/1.1" 200 1251 "http://www.cdmindia.gov.in/" "Mozilla/5.0 (Windows NT 10.0; WOW64; rv:53.0) Gecko/20100101 Firefox/53.0"
163.47.141.210 - - [16/Jun/2017:09:58:39 +0530] "GET /images/gtz.jpg HTTP/1.1" 200 15484 "http://www.cdmindia.gov.in/" "Mozilla/5.0 (Windows NT 10.0; WOW64; rv:53.0) Gecko/20100101 Firefox/53.0"
163.47.141.210 - - [16/Jun/2017:09:58:39 +0530] "GET /images/fbg.jpg HTTP/1.1" 200 325 "http://www.cdmindia.gov.in/" "Mozilla/5.0 (Windows NT 10.0; WOW64; rv:53.0) Gecko/20100101 Firefox/53.0"
163.47.141.210 - - [16/Jun/2017:09:58:40 +0530] "GET /images/favicon.ico HTTP/1.1" 200 1406 "-" "Mozilla/5.0 (Windows NT 10.0; WOW64; rv:53.0) Gecko/20100101 Firefox/53.0"
163.47.141.210 - - [16/Jun/2017:09:58:40 +0530] "GET /images/fdm.jpg HTTP/1.1" 200 2043 "http://www.cdmindia.gov.in/" "Mozilla/5.0 (Windows NT 10.0; WOW64; rv:53.0) Gecko/20100101 Firefox/53.0"
163.47.141.210 - - [16/Jun/2017:09:58:41 +0530] "GET /images/midbanner.swf HTTP/1.1" 200 285833 "http://www.cdmindia.gov.in/" "Mozilla/5.0 (Windows NT 10.0; WOW64; rv:53.0) Gecko/20100101 Firefox/53.0"
207.46.13.66 - - [16/Jun/2017:09:59:11 +0530] "GET /approved_projects.php?n=1 HTTP/1.1" 200 16642 "-" "Mozilla/5.0 (compatible; bingbot/2.0; +http://www.bing.com/bingbot.htm)"
64.233.173.51 - - [16/Jun/2017:10:01:02 +0530] "GET /includes/ncdma.css HTTP/1.1" 200 13023 "https://www.google.co.in/search?q=National+Clean+Development+Mechanism+Authority+(NCDMA).&client=ms-android-xiaomi&sourceid=chrome-mobile&ie=UTF-8" "Mozilla/5.0 (Linux; Android 6.0.1; Redmi Note 3 Build/MMB29M) AppleWebKit/537.36 (KHTML, like Gecko) Chrome/58.0.3029.83 Mobile Safari/537.36"
64.233.173.47 - - [16/Jun/2017:10:01:02 +0530] "GET /Scripts/AC_RunActiveContent.js HTTP/1.1" 200 8321 "https://www.google.co.in/search?q=National+Clean+Development+Mechanism+Authority+(NCDMA).&client=ms-android-xiaomi&sourceid=chrome-mobile&ie=UTF-8" "Mozilla/5.0 (Linux; Android 6.0.1; Redmi Note 3 Build/MMB29M) AppleWebKit/537.36 (KHTML, like Gecko) Chrome/58.0.3029.83 Mobile Safari/537.36"
64.233.173.51 - - [16/Jun/2017:10:01:02 +0530] "GET /js/base64_encode.js HTTP/1.1" 200 3002 "https://www.google.co.in/search?q=National+Clean+Development+Mechanism+Authority+(NCDMA).&client=ms-android-xiaomi&sourceid=chrome-mobile&ie=UTF-8" "Mozilla/5.0 (Linux; Android 6.0.1; Redmi Note 3 Build/MMB29M) AppleWebKit/537.36 (KHTML, like Gecko) Chrome/58.0.3029.83 Mobile Safari/537.36"
64.233.173.49 - - [16/Jun/2017:10:01:02 +0530] "GET /js/md5.js HTTP/1.1" 200 13194 "https://www.google.co.in/search?q=National+Clean+Development+Mechanism+Authority+(NCDMA).&client=ms-android-xiaomi&sourceid=chrome-mobile&ie=UTF-8" "Mozilla/5.0 (Linux; Android 6.0.1; Redmi Note 3 Build/MMB29M) AppleWebKit/537.36 (KHTML, like Gecko) Chrome/58.0.3029.83 Mobile Safari/537.36"
64.233.173.47 - - [16/Jun/2017:10:01:02 +0530] "GET /ncdma.css HTTP/1.1" 200 12640 "https://www.google.co.in/search?q=National+Clean+Development+Mechanism+Authority+(NCDMA).&client=ms-android-xiaomi&sourceid=chrome-mobile&ie=UTF-8" "Mozilla/5.0 (Linux; Android 6.0.1; Redmi Note 3 Build/MMB29M) AppleWebKit/537.36 (KHTML, like Gecko) Chrome/58.0.3029.83 Mobile Safari/537.36"
64.233.173.47 - - [16/Jun/2017:10:01:03 +0530] "GET / HTTP/1.1" 200 19480 "https://www.google.co.in/" "Mozilla/5.0 (Linux; Android 6.0.1; Redmi Note 3 Build/MMB29M) AppleWebKit/537.36 (KHTML, like Gecko) Chrome/58.0.3029.83 Mobile Safari/537.36"
64.233.173.49 - - [16/Jun/2017:10:01:04 +0530] "GET /images/spacer.gif HTTP/1.1" 200 43 "http://www.cdmindia.gov.in/" "Mozilla/5.0 (Linux; Android 6.0.1; Redmi Note 3 Build/MMB29M) AppleWebKit/537.36 (KHTML, like Gecko) Chrome/58.0.3029.83 Mobile Safari/537.36"
64.233.173.49 - - [16/Jun/2017:10:01:04 +0530] "GET /images/bullet1.gif HTTP/1.1" 200 67 "http://www.cdmindia.gov.in/" "Mozilla/5.0 (Linux; Android 6.0.1; Redmi Note 3 Build/MMB29M) AppleWebKit/537.36 (KHTML, like Gecko) Chrome/58.0.3029.83 Mobile Safari/537.36"
64.233.173.47 - - [16/Jun/2017:10:01:04 +0530] "GET /images/bulllet2.gif HTTP/1.1" 200 58 "http://www.cdmindia.gov.in/" "Mozilla/5.0 (Linux; Android 6.0.1; Redmi Note 3 Build/MMB29M) AppleWebKit/537.36 (KHTML, like Gecko) Chrome/58.0.3029.83 Mobile Safari/537.36"
64.233.173.51 - - [16/Jun/2017:10:01:04 +0530] "GET /images/fdm.jpg HTTP/1.1" 200 2043 "http://www.cdmindia.gov.in/" "Mozilla/5.0 (Linux; Android 6.0.1; Redmi Note 3 Build/MMB29M) AppleWebKit/537.36 (KHTML, like Gecko) Chrome/58.0.3029.83 Mobile Safari/537.36"
64.233.173.51 - - [16/Jun/2017:10:01:04 +0530] "GET /images/bullet4.gif HTTP/1.1" 200 67 "http://www.cdmindia.gov.in/" "Mozilla/5.0 (Linux; Android 6.0.1; Redmi Note 3 Build/MMB29M) AppleWebKit/537.36 (KHTML, like Gecko) Chrome/58.0.3029.83 Mobile Safari/537.36"
64.233.173.47 - - [16/Jun/2017:10:01:03 +0530] "GET /images/img2.jpg HTTP/1.1" 200 16276 "http://www.cdmindia.gov.in/" "Mozilla/5.0 (Linux; Android 6.0.1; Redmi Note 3 Build/MMB29M) AppleWebKit/537.36 (KHTML, like Gecko) Chrome/58.0.3029.83 Mobile Safari/537.36"
64.233.173.47 - - [16/Jun/2017:10:01:04 +0530] "GET /images/login1.jpg HTTP/1.1" 200 618 "http://www.cdmindia.gov.in/" "Mozilla/5.0 (Linux; Android 6.0.1; Redmi Note 3 Build/MMB29M) AppleWebKit/537.36 (KHTML, like Gecko) Chrome/58.0.3029.83 Mobile Safari/537.36"
64.233.173.47 - - [16/Jun/2017:10:01:03 +0530] "GET /images/img3.jpg HTTP/1.1" 200 26957 "http://www.cdmindia.gov.in/" "Mozilla/5.0 (Linux; Android 6.0.1; Redmi Note 3 Build/MMB29M) AppleWebKit/537.36 (KHTML, like Gecko) Chrome/58.0.3029.83 Mobile Safari/537.36"
64.233.173.47 - - [16/Jun/2017:10:01:04 +0530] "GET /images/login.jpg HTTP/1.1" 200 1044 "http://www.cdmindia.gov.in/" "Mozilla/5.0 (Linux; Android 6.0.1; Redmi Note 3 Build/MMB29M) AppleWebKit/537.36 (KHTML, like Gecko) Chrome/58.0.3029.83 Mobile Safari/537.36"
64.233.173.47 - - [16/Jun/2017:10:01:04 +0530] "GET /images/img1.jpg HTTP/1.1" 200 1251 "http://www.cdmindia.gov.in/" "Mozilla/5.0 (Linux; Android 6.0.1; Redmi Note 3 Build/MMB29M) AppleWebKit/537.36 (KHTML, like Gecko) Chrome/58.0.3029.83 Mobile Safari/537.36"
64.233.173.47 - - [16/Jun/2017:10:01:04 +0530] "GET /images/fe.jpg HTTP/1.1" 200 1429 "http://www.cdmindia.gov.in/" "Mozilla/5.0 (Linux; Android 6.0.1; Redmi Note 3 Build/MMB29M) AppleWebKit/537.36 (KHTML, like Gecko) Chrome/58.0.3029.83 Mobile Safari/537.36"
64.233.173.51 - - [16/Jun/2017:10:01:04 +0530] "GET /images/bullet3.gif HTTP/1.1" 200 58 "http://www.cdmindia.gov.in/" "Mozilla/5.0 (Linux; Android 6.0.1; Redmi Note 3 Build/MMB29M) AppleWebKit/537.36 (KHTML, like Gecko) Chrome/58.0.3029.83 Mobile Safari/537.36"
64.233.173.49 - - [16/Jun/2017:10:01:04 +0530] "GET /images/fbg.jpg HTTP/1.1" 200 325 "http://www.cdmindia.gov.in/" "Mozilla/5.0 (Linux; Android 6.0.1; Redmi Note 3 Build/MMB29M) AppleWebKit/537.36 (KHTML, like Gecko) Chrome/58.0.3029.83 Mobile Safari/537.36"
64.233.173.47 - - [16/Jun/2017:10:01:04 +0530] "GET /images/gtz.jpg HTTP/1.1" 200 15484 "http://www.cdmindia.gov.in/" "Mozilla/5.0 (Linux; Android 6.0.1; Redmi Note 3 Build/MMB29M) AppleWebKit/537.36 (KHTML, like Gecko) Chrome/58.0.3029.83 Mobile Safari/537.36"
64.233.173.51 - - [16/Jun/2017:10:01:04 +0530] "GET /favicon.ico HTTP/1.1" 200 1189 "http://www.cdmindia.gov.in/" "Mozilla/5.0 (Linux; Android 6.0.1; Redmi Note 3 Build/MMB29M) AppleWebKit/537.36 (KHTML, like Gecko) Chrome/58.0.3029.83 Mobile Safari/537.36"
64.233.173.47 - - [16/Jun/2017:10:01:09 +0530] "GET /constitution.php HTTP/1.1" 200 23669 "http://www.cdmindia.gov.in/" "Mozilla/5.0 (Linux; Android 6.0.1; Redmi Note 3 Build/MMB29M) AppleWebKit/537.36 (KHTML, like Gecko) Chrome/58.0.3029.83 Mobile Safari/537.36"
64.233.173.51 - - [16/Jun/2017:10:01:09 +0530] "GET /js/index_validations.js HTTP/1.1" 200 3143 "http://www.cdmindia.gov.in/constitution.php" "Mozilla/5.0 (Linux; Android 6.0.1; Redmi Note 3 Build/MMB29M) AppleWebKit/537.36 (KHTML, like Gecko) Chrome/58.0.3029.83 Mobile Safari/537.36"
64.233.173.47 - - [16/Jun/2017:10:01:09 +0530] "GET /images/h_cons.jpg HTTP/1.1" 200 21924 "http://www.cdmindia.gov.in/constitution.php" "Mozilla/5.0 (Linux; Android 6.0.1; Redmi Note 3 Build/MMB29M) AppleWebKit/537.36 (KHTML, like Gecko) Chrome/58.0.3029.83 Mobile Safari/537.36"
66.249.79.131 - - [16/Jun/2017:10:02:10 +0530] "GET /project_details_view_report.php?id=1129 HTTP/1.1" 200 13140 "-" "Mozilla/5.0 (compatible; Googlebot/2.1; +http://www.google.com/bot.html)"
35.184.189.105 - - [16/Jun/2017:10:02:25 +0530] "GET /robots.txt HTTP/1.1" 404 208 "-" "ltx71 - (http://ltx71.com/)"
146.148.64.128 - - [16/Jun/2017:10:05:55 +0530] "GET /robots.txt HTTP/1.1" 404 208 "-" "ltx71 - (http://ltx71.com/)"
146.148.64.128 - - [16/Jun/2017:10:07:16 +0530] "GET / HTTP/1.1" 200 19480 "-" "ltx71 - (http://ltx71.com/)"
66.249.79.129 - - [16/Jun/2017:10:07:21 +0530] "GET /project_details_view_report.php?id=1277 HTTP/1.1" 200 13214 "-" "Mozilla/5.0 (compatible; Googlebot/2.1; +http://www.google.com/bot.html)"
146.148.64.128 - - [16/Jun/2017:10:08:25 +0530] "GET /news_more.php HTTP/1.1" 200 21061 "-" "ltx71 - (http://ltx71.com/)"
146.148.64.128 - - [16/Jun/2017:10:08:40 +0530] "GET /sitemap.php HTTP/1.1" 200 18469 "-" "ltx71 - (http://ltx71.com/)"
146.148.64.128 - - [16/Jun/2017:10:09:49 +0530] "GET /index.php HTTP/1.1" 200 19480 "-" "ltx71 - (http://ltx71.com/)"
66.249.79.129 - - [16/Jun/2017:10:10:13 +0530] "GET /project_details_view.php?id=1363 HTTP/1.1" 200 14346 "-" "Mozilla/5.0 (compatible; Googlebot/2.1; +http://www.google.com/bot.html)"
35.184.189.105 - - [16/Jun/2017:10:10:53 +0530] "GET /robots.txt HTTP/1.1" 404 208 "-" "ltx71 - (http://ltx71.com/)"
66.249.79.129 - - [16/Jun/2017:10:11:01 +0530] "GET /project_details_view.php?id=1772 HTTP/1.1" 200 14548 "-" "Mozilla/5.0 (compatible; Googlebot/2.1; +http://www.google.com/bot.html)"
35.184.189.105 - - [16/Jun/2017:10:12:18 +0530] "GET / HTTP/1.1" 200 19480 "-" "ltx71 - (http://ltx71.com/)"
146.148.64.128 - - [16/Jun/2017:10:12:25 +0530] "GET /robots.txt HTTP/1.1" 404 208 "-" "ltx71 - (http://ltx71.com/)"
66.249.79.27 - - [16/Jun/2017:10:12:32 +0530] "GET / HTTP/1.1" 200 19480 "-" "Mozilla/5.0 (Linux; Android 6.0.1; Nexus 5X Build/MMB29P) AppleWebKit/537.36 (KHTML, like Gecko) Chrome/41.0.2272.96 Mobile Safari/537.36 (compatible; Googlebot/2.1; +http://www.google.com/bot.html)"
146.148.64.128 - - [16/Jun/2017:10:13:12 +0530] "GET /aboutus.php HTTP/1.1" 200 19597 "-" "ltx71 - (http://ltx71.com/)"
202.46.48.132 - - [16/Jun/2017:10:13:49 +0530] "GET /project_details_view.php?id=1880 HTTP/1.1" 200 13752 "-" "Mozilla/5.0 (Windows NT 10.0; WOW64) AppleWebKit/537.36 (KHTML, like Gecko) Chrome/45.0.2454.93 Safari/537.36"
146.148.64.128 - - [16/Jun/2017:10:14:03 +0530] "GET /registration.php HTTP/1.1" 302 28529 "-" "ltx71 - (http://ltx71.com/)"
146.148.64.128 - - [16/Jun/2017:10:14:35 +0530] "GET /logout.php HTTP/1.1" 302 369 "-" "ltx71 - (http://ltx71.com/)"
117.222.47.100 - - [16/Jun/2017:10:15:01 +0530] "GET / HTTP/1.1" 200 19480 "https://www.google.co.in/" "Mozilla/5.0 (Windows NT 6.1; Win64; x64) AppleWebKit/537.36 (KHTML, like Gecko) Chrome/58.0.3029.110 Safari/537.36"
117.222.47.100 - - [16/Jun/2017:10:15:01 +0530] "GET /includes/ncdma.css HTTP/1.1" 200 13023 "http://www.cdmindia.gov.in/" "Mozilla/5.0 (Windows NT 6.1; Win64; x64) AppleWebKit/537.36 (KHTML, like Gecko) Chrome/58.0.3029.110 Safari/537.36"
117.222.47.100 - - [16/Jun/2017:10:15:01 +0530] "GET /ncdma.css HTTP/1.1" 200 12640 "http://www.cdmindia.gov.in/" "Mozilla/5.0 (Windows NT 6.1; Win64; x64) AppleWebKit/537.36 (KHTML, like Gecko) Chrome/58.0.3029.110 Safari/537.36"
117.222.47.100 - - [16/Jun/2017:10:15:01 +0530] "GET /Scripts/AC_RunActiveContent.js HTTP/1.1" 200 8321 "http://www.cdmindia.gov.in/" "Mozilla/5.0 (Windows NT 6.1; Win64; x64) AppleWebKit/537.36 (KHTML, like Gecko) Chrome/58.0.3029.110 Safari/537.36"
117.222.47.100 - - [16/Jun/2017:10:15:01 +0530] "GET /js/base64_encode.js HTTP/1.1" 200 3002 "http://www.cdmindia.gov.in/" "Mozilla/5.0 (Windows NT 6.1; Win64; x64) AppleWebKit/537.36 (KHTML, like Gecko) Chrome/58.0.3029.110 Safari/537.36"
117.222.47.100 - - [16/Jun/2017:10:15:01 +0530] "GET /js/md5.js HTTP/1.1" 200 13194 "http://www.cdmindia.gov.in/" "Mozilla/5.0 (Windows NT 6.1; Win64; x64) AppleWebKit/537.36 (KHTML, like Gecko) Chrome/58.0.3029.110 Safari/537.36"
117.222.47.100 - - [16/Jun/2017:10:15:02 +0530] "GET /images/spacer.gif HTTP/1.1" 200 43 "http://www.cdmindia.gov.in/" "Mozilla/5.0 (Windows NT 6.1; Win64; x64) AppleWebKit/537.36 (KHTML, like Gecko) Chrome/58.0.3029.110 Safari/537.36"
117.222.47.100 - - [16/Jun/2017:10:15:02 +0530] "GET /images/img2.jpg HTTP/1.1" 200 16276 "http://www.cdmindia.gov.in/" "Mozilla/5.0 (Windows NT 6.1; Win64; x64) AppleWebKit/537.36 (KHTML, like Gecko) Chrome/58.0.3029.110 Safari/537.36"
117.222.47.100 - - [16/Jun/2017:10:15:02 +0530] "GET /images/bullet1.gif HTTP/1.1" 200 67 "http://www.cdmindia.gov.in/" "Mozilla/5.0 (Windows NT 6.1; Win64; x64) AppleWebKit/537.36 (KHTML, like Gecko) Chrome/58.0.3029.110 Safari/537.36"
117.222.47.100 - - [16/Jun/2017:10:15:02 +0530] "GET /images/bulllet2.gif HTTP/1.1" 200 58 "http://www.cdmindia.gov.in/" "Mozilla/5.0 (Windows NT 6.1; Win64; x64) AppleWebKit/537.36 (KHTML, like Gecko) Chrome/58.0.3029.110 Safari/537.36"
117.222.47.100 - - [16/Jun/2017:10:15:02 +0530] "GET /images/img3.jpg HTTP/1.1" 200 26957 "http://www.cdmindia.gov.in/" "Mozilla/5.0 (Windows NT 6.1; Win64; x64) AppleWebKit/537.36 (KHTML, like Gecko) Chrome/58.0.3029.110 Safari/537.36"
117.222.47.100 - - [16/Jun/2017:10:15:02 +0530] "GET /images/bullet4.gif HTTP/1.1" 200 67 "http://www.cdmindia.gov.in/" "Mozilla/5.0 (Windows NT 6.1; Win64; x64) AppleWebKit/537.36 (KHTML, like Gecko) Chrome/58.0.3029.110 Safari/537.36"
117.222.47.100 - - [16/Jun/2017:10:15:02 +0530] "GET /images/img1.jpg HTTP/1.1" 200 1251 "http://www.cdmindia.gov.in/" "Mozilla/5.0 (Windows NT 6.1; Win64; x64) AppleWebKit/537.36 (KHTML, like Gecko) Chrome/58.0.3029.110 Safari/537.36"
117.222.47.100 - - [16/Jun/2017:10:15:02 +0530] "GET /images/fdm.jpg HTTP/1.1" 200 2043 "http://www.cdmindia.gov.in/" "Mozilla/5.0 (Windows NT 6.1; Win64; x64) AppleWebKit/537.36 (KHTML, like Gecko) Chrome/58.0.3029.110 Safari/537.36"
117.222.47.100 - - [16/Jun/2017:10:15:02 +0530] "GET /images/fe.jpg HTTP/1.1" 200 1429 "http://www.cdmindia.gov.in/" "Mozilla/5.0 (Windows NT 6.1; Win64; x64) AppleWebKit/537.36 (KHTML, like Gecko) Chrome/58.0.3029.110 Safari/537.36"
117.222.47.100 - - [16/Jun/2017:10:15:02 +0530] "GET /images/login1.jpg HTTP/1.1" 200 618 "http://www.cdmindia.gov.in/" "Mozilla/5.0 (Windows NT 6.1; Win64; x64) AppleWebKit/537.36 (KHTML, like Gecko) Chrome/58.0.3029.110 Safari/537.36"
117.222.47.100 - - [16/Jun/2017:10:15:02 +0530] "GET /images/gtz.jpg HTTP/1.1" 200 15484 "http://www.cdmindia.gov.in/" "Mozilla/5.0 (Windows NT 6.1; Win64; x64) AppleWebKit/537.36 (KHTML, like Gecko) Chrome/58.0.3029.110 Safari/537.36"
117.222.47.100 - - [16/Jun/2017:10:15:02 +0530] "GET /images/bullet3.gif HTTP/1.1" 200 58 "http://www.cdmindia.gov.in/" "Mozilla/5.0 (Windows NT 6.1; Win64; x64) AppleWebKit/537.36 (KHTML, like Gecko) Chrome/58.0.3029.110 Safari/537.36"
117.222.47.100 - - [16/Jun/2017:10:15:02 +0530] "GET /images/login.jpg HTTP/1.1" 200 1044 "http://www.cdmindia.gov.in/" "Mozilla/5.0 (Windows NT 6.1; Win64; x64) AppleWebKit/537.36 (KHTML, like Gecko) Chrome/58.0.3029.110 Safari/537.36"
117.222.47.100 - - [16/Jun/2017:10:15:02 +0530] "GET /images/fbg.jpg HTTP/1.1" 200 325 "http://www.cdmindia.gov.in/" "Mozilla/5.0 (Windows NT 6.1; Win64; x64) AppleWebKit/537.36 (KHTML, like Gecko) Chrome/58.0.3029.110 Safari/537.36"
117.222.47.100 - - [16/Jun/2017:10:15:02 +0530] "GET /favicon.ico HTTP/1.1" 200 1189 "http://www.cdmindia.gov.in/" "Mozilla/5.0 (Windows NT 6.1; Win64; x64) AppleWebKit/537.36 (KHTML, like Gecko) Chrome/58.0.3029.110 Safari/537.36"
117.222.47.100 - - [16/Jun/2017:10:15:15 +0530] "GET /index.php HTTP/1.1" 200 19480 "http://www.cdmindia.gov.in/" "Mozilla/5.0 (Windows NT 6.1; Win64; x64) AppleWebKit/537.36 (KHTML, like Gecko) Chrome/58.0.3029.110 Safari/537.36"
146.148.64.128 - - [16/Jun/2017:10:17:58 +0530] "GET /robots.txt HTTP/1.1" 404 208 "-" "ltx71 - (http://ltx71.com/)"
64.233.173.51 - - [16/Jun/2017:10:18:04 +0530] "GET /project_details_view_report.php?id=1430 HTTP/1.1" 200 13138 "https://www.google.co.in/" "Mozilla/5.0 (Linux; Android 4.4.2; Panasonic T40 Build/KOT49H) AppleWebKit/537.36 (KHTML, like Gecko) Chrome/57.0.2987.132 Mobile Safari/537.36"
64.233.173.49 - - [16/Jun/2017:10:18:04 +0530] "GET /ncdma.css HTTP/1.1" 200 12640 "http://www.cdmindia.gov.in/project_details_view_report.php?id=1430" "Mozilla/5.0 (Linux; Android 4.4.2; Panasonic T40 Build/KOT49H) AppleWebKit/537.36 (KHTML, like Gecko) Chrome/57.0.2987.132 Mobile Safari/537.36"
64.233.173.47 - - [16/Jun/2017:10:18:04 +0530] "GET /images/bullet1.gif HTTP/1.1" 200 67 "http://www.cdmindia.gov.in/project_details_view_report.php?id=1430" "Mozilla/5.0 (Linux; Android 4.4.2; Panasonic T40 Build/KOT49H) AppleWebKit/537.36 (KHTML, like Gecko) Chrome/57.0.2987.132 Mobile Safari/537.36"
64.233.173.49 - - [16/Jun/2017:10:18:04 +0530] "GET /images/bulllet2.gif HTTP/1.1" 200 58 "http://www.cdmindia.gov.in/project_details_view_report.php?id=1430" "Mozilla/5.0 (Linux; Android 4.4.2; Panasonic T40 Build/KOT49H) AppleWebKit/537.36 (KHTML, like Gecko) Chrome/57.0.2987.132 Mobile Safari/537.36"
64.233.173.49 - - [16/Jun/2017:10:18:04 +0530] "GET /images/spacer.gif HTTP/1.1" 200 43 "http://www.cdmindia.gov.in/project_details_view_report.php?id=1430" "Mozilla/5.0 (Linux; Android 4.4.2; Panasonic T40 Build/KOT49H) AppleWebKit/537.36 (KHTML, like Gecko) Chrome/57.0.2987.132 Mobile Safari/537.36"
64.233.173.49 - - [16/Jun/2017:10:18:04 +0530] "GET /images/bullet4.gif HTTP/1.1" 200 67 "http://www.cdmindia.gov.in/project_details_view_report.php?id=1430" "Mozilla/5.0 (Linux; Android 4.4.2; Panasonic T40 Build/KOT49H) AppleWebKit/537.36 (KHTML, like Gecko) Chrome/57.0.2987.132 Mobile Safari/537.36"
64.233.173.51 - - [16/Jun/2017:10:18:04 +0530] "GET /Scripts/AC_RunActiveContent.js HTTP/1.1" 200 8321 "http://www.cdmindia.gov.in/project_details_view_report.php?id=1430" "Mozilla/5.0 (Linux; Android 4.4.2; Panasonic T40 Build/KOT49H) AppleWebKit/537.36 (KHTML, like Gecko) Chrome/57.0.2987.132 Mobile Safari/537.36"
64.233.173.47 - - [16/Jun/2017:10:18:04 +0530] "GET /includes/ncdma.css HTTP/1.1" 200 13023 "http://www.cdmindia.gov.in/project_details_view_report.php?id=1430" "Mozilla/5.0 (Linux; Android 4.4.2; Panasonic T40 Build/KOT49H) AppleWebKit/537.36 (KHTML, like Gecko) Chrome/57.0.2987.132 Mobile Safari/537.36"
64.233.173.51 - - [16/Jun/2017:10:18:04 +0530] "GET /images/img3.jpg HTTP/1.1" 200 26957 "http://www.cdmindia.gov.in/project_details_view_report.php?id=1430" "Mozilla/5.0 (Linux; Android 4.4.2; Panasonic T40 Build/KOT49H) AppleWebKit/537.36 (KHTML, like Gecko) Chrome/57.0.2987.132 Mobile Safari/537.36"
64.233.173.47 - - [16/Jun/2017:10:18:04 +0530] "GET /images/gtz.jpg HTTP/1.1" 200 15484 "http://www.cdmindia.gov.in/project_details_view_report.php?id=1430" "Mozilla/5.0 (Linux; Android 4.4.2; Panasonic T40 Build/KOT49H) AppleWebKit/537.36 (KHTML, like Gecko) Chrome/57.0.2987.132 Mobile Safari/537.36"
64.233.173.49 - - [16/Jun/2017:10:18:04 +0530] "GET /images/img2.jpg HTTP/1.1" 200 16276 "http://www.cdmindia.gov.in/project_details_view_report.php?id=1430" "Mozilla/5.0 (Linux; Android 4.4.2; Panasonic T40 Build/KOT49H) AppleWebKit/537.36 (KHTML, like Gecko) Chrome/57.0.2987.132 Mobile Safari/537.36"
64.233.173.49 - - [16/Jun/2017:10:18:05 +0530] "GET /images/fdm.jpg HTTP/1.1" 200 2043 "http://www.cdmindia.gov.in/project_details_view_report.php?id=1430" "Mozilla/5.0 (Linux; Android 4.4.2; Panasonic T40 Build/KOT49H) AppleWebKit/537.36 (KHTML, like Gecko) Chrome/57.0.2987.132 Mobile Safari/537.36"
64.233.173.51 - - [16/Jun/2017:10:18:05 +0530] "GET /images/img1.jpg HTTP/1.1" 200 1251 "http://www.cdmindia.gov.in/project_details_view_report.php?id=1430" "Mozilla/5.0 (Linux; Android 4.4.2; Panasonic T40 Build/KOT49H) AppleWebKit/537.36 (KHTML, like Gecko) Chrome/57.0.2987.132 Mobile Safari/537.36"
64.233.173.47 - - [16/Jun/2017:10:18:05 +0530] "GET /images/fbg.jpg HTTP/1.1" 200 325 "http://www.cdmindia.gov.in/project_details_view_report.php?id=1430" "Mozilla/5.0 (Linux; Android 4.4.2; Panasonic T40 Build/KOT49H) AppleWebKit/537.36 (KHTML, like Gecko) Chrome/57.0.2987.132 Mobile Safari/537.36"
64.233.173.51 - - [16/Jun/2017:10:18:05 +0530] "GET /favicon.ico HTTP/1.1" 200 1189 "http://www.cdmindia.gov.in/project_details_view_report.php?id=1430" "Mozilla/5.0 (Linux; Android 4.4.2; Panasonic T40 Build/KOT49H) AppleWebKit/537.36 (KHTML, like Gecko) Chrome/57.0.2987.132 Mobile Safari/537.36"
141.8.142.74 - - [16/Jun/2017:10:18:14 +0530] "GET /project_details_view_report.php?id=1163 HTTP/1.1" 200 13318 "-" "Mozilla/5.0 (compatible; YandexBot/3.0; +http://yandex.com/bots)"
141.8.142.74 - - [16/Jun/2017:10:18:18 +0530] "GET /project_details_view_report.php?id=697 HTTP/1.1" 200 13232 "-" "Mozilla/5.0 (compatible; YandexBot/3.0; +http://yandex.com/bots)"
141.8.142.74 - - [16/Jun/2017:10:18:21 +0530] "GET /project_details_view_report.php?id=620 HTTP/1.1" 200 13168 "-" "Mozilla/5.0 (compatible; YandexBot/3.0; +http://yandex.com/bots)"
141.8.142.74 - - [16/Jun/2017:10:18:25 +0530] "GET /project_details_view_report.php?id=1210 HTTP/1.1" 200 13148 "-" "Mozilla/5.0 (compatible; YandexBot/3.0; +http://yandex.com/bots)"
141.8.142.74 - - [16/Jun/2017:10:18:28 +0530] "GET /project_details_view_report.php?id=824 HTTP/1.1" 200 13185 "-" "Mozilla/5.0 (compatible; YandexBot/3.0; +http://yandex.com/bots)"
141.8.142.74 - - [16/Jun/2017:10:18:32 +0530] "GET /project_details_view_report.php?id=596 HTTP/1.1" 200 13436 "-" "Mozilla/5.0 (compatible; YandexBot/3.0; +http://yandex.com/bots)"
141.8.142.74 - - [16/Jun/2017:10:18:36 +0530] "GET /project_details_view_report.php?id=1452 HTTP/1.1" 200 13254 "-" "Mozilla/5.0 (compatible; YandexBot/3.0; +http://yandex.com/bots)"
141.8.142.74 - - [16/Jun/2017:10:18:39 +0530] "GET /project_details_view_report.php?id=1112 HTTP/1.1" 200 13162 "-" "Mozilla/5.0 (compatible; YandexBot/3.0; +http://yandex.com/bots)"
141.8.142.74 - - [16/Jun/2017:10:18:43 +0530] "GET /project_details_view_report.php?id=527 HTTP/1.1" 200 13238 "-" "Mozilla/5.0 (compatible; YandexBot/3.0; +http://yandex.com/bots)"
141.8.142.74 - - [16/Jun/2017:10:18:46 +0530] "GET /project_details_view_report.php?id=879 HTTP/1.1" 200 13228 "-" "Mozilla/5.0 (compatible; YandexBot/3.0; +http://yandex.com/bots)"
141.8.142.74 - - [16/Jun/2017:10:18:49 +0530] "GET /project_details_view_report.php?id=825 HTTP/1.1" 200 13186 "-" "Mozilla/5.0 (compatible; YandexBot/3.0; +http://yandex.com/bots)"
141.8.142.74 - - [16/Jun/2017:10:18:53 +0530] "GET /index.php HTTP/1.1" 200 19480 "-" "Mozilla/5.0 (compatible; YandexBot/3.0; +http://yandex.com/bots)"
141.8.142.74 - - [16/Jun/2017:10:18:56 +0530] "GET /detail_news.php?id=13 HTTP/1.1" 302 37748 "-" "Mozilla/5.0 (compatible; YandexBot/3.0; +http://yandex.com/bots)"
141.8.142.74 - - [16/Jun/2017:10:18:59 +0530] "GET /logout.php HTTP/1.1" 302 369 "-" "Mozilla/5.0 (compatible; YandexBot/3.0; +http://yandex.com/bots)"
146.148.64.128 - - [16/Jun/2017:10:19:30 +0530] "GET /contactus.php HTTP/1.1" 200 18292 "-" "ltx71 - (http://ltx71.com/)"
64.233.173.49 - - [16/Jun/2017:10:19:48 +0530] "GET /project_details_view_report.php?id=1430 HTTP/1.1" 200 13138 "https://www.google.co.in/" "Mozilla/5.0 (Linux; Android 4.4.2; Panasonic T40 Build/KOT49H) AppleWebKit/537.36 (KHTML, like Gecko) Chrome/57.0.2987.132 Mobile Safari/537.36"
64.233.173.51 - - [16/Jun/2017:10:19:52 +0530] "GET /project_details_view_report.php?id=1430 HTTP/1.1" 200 13138 "https://www.google.co.in/" "Mozilla/5.0 (Linux; Android 4.4.2; Panasonic T40 Build/KOT49H) AppleWebKit/537.36 (KHTML, like Gecko) Chrome/57.0.2987.132 Mobile Safari/537.36"
64.233.173.47 - - [16/Jun/2017:10:19:52 +0530] "GET /favicon.ico HTTP/1.1" 200 1189 "http://www.cdmindia.gov.in/project_details_view_report.php?id=1430" "Mozilla/5.0 (Linux; Android 4.4.2; Panasonic T40 Build/KOT49H) AppleWebKit/537.36 (KHTML, like Gecko) Chrome/57.0.2987.132 Mobile Safari/537.36"
146.148.64.128 - - [16/Jun/2017:10:19:54 +0530] "GET /capacity_building.php HTTP/1.1" 200 19186 "-" "ltx71 - (http://ltx71.com/)"
64.233.173.47 - - [16/Jun/2017:10:20:18 +0530] "GET /contactus.php HTTP/1.1" 200 18292 "http://www.cdmindia.gov.in/project_details_view_report.php?id=1430" "Mozilla/5.0 (Linux; Android 4.4.2; Panasonic T40 Build/KOT49H) AppleWebKit/537.36 (KHTML, like Gecko) Chrome/57.0.2987.132 Mobile Safari/537.36"
64.233.173.49 - - [16/Jun/2017:10:20:19 +0530] "GET /js/index_validations.js HTTP/1.1" 200 3143 "http://www.cdmindia.gov.in/contactus.php" "Mozilla/5.0 (Linux; Android 4.4.2; Panasonic T40 Build/KOT49H) AppleWebKit/537.36 (KHTML, like Gecko) Chrome/57.0.2987.132 Mobile Safari/537.36"
64.233.173.51 - - [16/Jun/2017:10:20:19 +0530] "GET /images/login1.jpg HTTP/1.1" 200 618 "http://www.cdmindia.gov.in/contactus.php" "Mozilla/5.0 (Linux; Android 4.4.2; Panasonic T40 Build/KOT49H) AppleWebKit/537.36 (KHTML, like Gecko) Chrome/57.0.2987.132 Mobile Safari/537.36"
64.233.173.47 - - [16/Jun/2017:10:20:19 +0530] "GET /images/login.jpg HTTP/1.1" 200 1044 "http://www.cdmindia.gov.in/contactus.php" "Mozilla/5.0 (Linux; Android 4.4.2; Panasonic T40 Build/KOT49H) AppleWebKit/537.36 (KHTML, like Gecko) Chrome/57.0.2987.132 Mobile Safari/537.36"
64.233.173.47 - - [16/Jun/2017:10:20:19 +0530] "GET /images/bullet3.gif HTTP/1.1" 200 58 "http://www.cdmindia.gov.in/contactus.php" "Mozilla/5.0 (Linux; Android 4.4.2; Panasonic T40 Build/KOT49H) AppleWebKit/537.36 (KHTML, like Gecko) Chrome/57.0.2987.132 Mobile Safari/537.36"
64.233.173.49 - - [16/Jun/2017:10:20:19 +0530] "GET /images/fe.jpg HTTP/1.1" 200 1429 "http://www.cdmindia.gov.in/contactus.php" "Mozilla/5.0 (Linux; Android 4.4.2; Panasonic T40 Build/KOT49H) AppleWebKit/537.36 (KHTML, like Gecko) Chrome/57.0.2987.132 Mobile Safari/537.36"
64.233.173.49 - - [16/Jun/2017:10:20:19 +0530] "GET /images/h_contactus.jpg HTTP/1.1" 200 21787 "http://www.cdmindia.gov.in/contactus.php" "Mozilla/5.0 (Linux; Android 4.4.2; Panasonic T40 Build/KOT49H) AppleWebKit/537.36 (KHTML, like Gecko) Chrome/57.0.2987.132 Mobile Safari/537.36"
64.233.173.51 - - [16/Jun/2017:10:20:44 +0530] "GET /contactus.php HTTP/1.1" 200 18292 "http://www.cdmindia.gov.in/contactus.php" "Mozilla/5.0 (Linux; Android 4.4.2; Panasonic T40 Build/KOT49H) AppleWebKit/537.36 (KHTML, like Gecko) Chrome/57.0.2987.132 Mobile Safari/537.36"
64.233.173.47 - - [16/Jun/2017:10:20:56 +0530] "GET /project_details_view_report.php?id=1430 HTTP/1.1" 200 13138 "https://www.google.co.in/" "Mozilla/5.0 (Linux; Android 4.4.2; Panasonic T40 Build/KOT49H) AppleWebKit/537.36 (KHTML, like Gecko) Chrome/57.0.2987.132 Mobile Safari/537.36"
66.249.79.31 - - [16/Jun/2017:10:22:30 +0530] "GET / HTTP/1.1" 200 19480 "-" "Mozilla/5.0 (compatible; Googlebot/2.1; +http://www.google.com/bot.html)"
146.148.64.128 - - [16/Jun/2017:10:23:18 +0530] "GET /robots.txt HTTP/1.1" 404 208 "-" "ltx71 - (http://ltx71.com/)"
146.148.64.128 - - [16/Jun/2017:10:23:36 +0530] "GET /future_projects.php HTTP/1.1" 302 26210 "-" "ltx71 - (http://ltx71.com/)"
186.205.183.114 - - [16/Jun/2017:10:23:49 +0530] "GET /project_details_view.php?id=488 HTTP/1.1" 200 14892 "http://www.cdmindia.gov.in/" "Mozilla/5.0 (Windows NT 5.1; rv:34.0) Gecko/20100101 Firefox/34.0"
141.8.142.74 - - [16/Jun/2017:10:23:58 +0530] "GET /project_details_view.php?id=989 HTTP/1.1" 200 14347 "-" "Mozilla/5.0 (compatible; YandexBot/3.0; +http://yandex.com/bots)"
187.183.208.218 - - [16/Jun/2017:10:24:18 +0530] "GET /project_details_view.php?id=1411 HTTP/1.1" 200 15899 "http://www.cdmindia.gov.in/" "Mozilla/5.0 (Windows NT 5.1; rv:34.0) Gecko/20100101 Firefox/34.0"
47.31.8.20 - - [16/Jun/2017:10:25:04 +0530] "GET /project_details_view.php?id=646 HTTP/1.1" 200 14902 "https://www.google.co.in/" "Mozilla/5.0 (Windows NT 6.1) AppleWebKit/537.36 (KHTML, like Gecko) Chrome/58.0.3029.110 Safari/537.36"
47.31.8.20 - - [16/Jun/2017:10:25:06 +0530] "GET /includes/ncdma.css HTTP/1.1" 200 13023 "http://www.cdmindia.gov.in/project_details_view.php?id=646" "Mozilla/5.0 (Windows NT 6.1) AppleWebKit/537.36 (KHTML, like Gecko) Chrome/58.0.3029.110 Safari/537.36"
47.31.8.20 - - [16/Jun/2017:10:25:07 +0530] "GET /ncdma.css HTTP/1.1" 200 12640 "http://www.cdmindia.gov.in/project_details_view.php?id=646" "Mozilla/5.0 (Windows NT 6.1) AppleWebKit/537.36 (KHTML, like Gecko) Chrome/58.0.3029.110 Safari/537.36"
47.31.8.20 - - [16/Jun/2017:10:25:07 +0530] "GET /Scripts/AC_RunActiveContent.js HTTP/1.1" 200 8321 "http://www.cdmindia.gov.in/project_details_view.php?id=646" "Mozilla/5.0 (Windows NT 6.1) AppleWebKit/537.36 (KHTML, like Gecko) Chrome/58.0.3029.110 Safari/537.36"
47.31.8.20 - - [16/Jun/2017:10:25:10 +0530] "GET /images/img2.jpg HTTP/1.1" 200 16276 "http://www.cdmindia.gov.in/project_details_view.php?id=646" "Mozilla/5.0 (Windows NT 6.1) AppleWebKit/537.36 (KHTML, like Gecko) Chrome/58.0.3029.110 Safari/537.36"
47.31.8.20 - - [16/Jun/2017:10:25:14 +0530] "GET /images/img3.jpg HTTP/1.1" 200 26957 "http://www.cdmindia.gov.in/project_details_view.php?id=646" "Mozilla/5.0 (Windows NT 6.1) AppleWebKit/537.36 (KHTML, like Gecko) Chrome/58.0.3029.110 Safari/537.36"
47.31.8.20 - - [16/Jun/2017:10:25:16 +0530] "GET /images/img1.jpg HTTP/1.1" 200 1251 "http://www.cdmindia.gov.in/project_details_view.php?id=646" "Mozilla/5.0 (Windows NT 6.1) AppleWebKit/537.36 (KHTML, like Gecko) Chrome/58.0.3029.110 Safari/537.36"
47.31.8.20 - - [16/Jun/2017:10:25:16 +0530] "GET /images/bullet1.gif HTTP/1.1" 200 67 "http://www.cdmindia.gov.in/project_details_view.php?id=646" "Mozilla/5.0 (Windows NT 6.1) AppleWebKit/537.36 (KHTML, like Gecko) Chrome/58.0.3029.110 Safari/537.36"
47.31.8.20 - - [16/Jun/2017:10:25:16 +0530] "GET /images/spacer.gif HTTP/1.1" 200 43 "http://www.cdmindia.gov.in/project_details_view.php?id=646" "Mozilla/5.0 (Windows NT 6.1) AppleWebKit/537.36 (KHTML, like Gecko) Chrome/58.0.3029.110 Safari/537.36"
47.31.8.20 - - [16/Jun/2017:10:25:16 +0530] "GET /images/bulllet2.gif HTTP/1.1" 200 58 "http://www.cdmindia.gov.in/project_details_view.php?id=646" "Mozilla/5.0 (Windows NT 6.1) AppleWebKit/537.36 (KHTML, like Gecko) Chrome/58.0.3029.110 Safari/537.36"
47.31.8.20 - - [16/Jun/2017:10:25:16 +0530] "GET /images/bullet4.gif HTTP/1.1" 200 67 "http://www.cdmindia.gov.in/project_details_view.php?id=646" "Mozilla/5.0 (Windows NT 6.1) AppleWebKit/537.36 (KHTML, like Gecko) Chrome/58.0.3029.110 Safari/537.36"
47.31.8.20 - - [16/Jun/2017:10:25:18 +0530] "GET /images/fdm.jpg HTTP/1.1" 200 2043 "http://www.cdmindia.gov.in/project_details_view.php?id=646" "Mozilla/5.0 (Windows NT 6.1) AppleWebKit/537.36 (KHTML, like Gecko) Chrome/58.0.3029.110 Safari/537.36"
47.31.8.20 - - [16/Jun/2017:10:25:19 +0530] "GET /images/gtz.jpg HTTP/1.1" 200 15484 "http://www.cdmindia.gov.in/project_details_view.php?id=646" "Mozilla/5.0 (Windows NT 6.1) AppleWebKit/537.36 (KHTML, like Gecko) Chrome/58.0.3029.110 Safari/537.36"
47.31.8.20 - - [16/Jun/2017:10:25:19 +0530] "GET /images/fbg.jpg HTTP/1.1" 200 325 "http://www.cdmindia.gov.in/project_details_view.php?id=646" "Mozilla/5.0 (Windows NT 6.1) AppleWebKit/537.36 (KHTML, like Gecko) Chrome/58.0.3029.110 Safari/537.36"
47.31.8.20 - - [16/Jun/2017:10:25:23 +0530] "GET /favicon.ico HTTP/1.1" 200 1189 "http://www.cdmindia.gov.in/project_details_view.php?id=646" "Mozilla/5.0 (Windows NT 6.1) AppleWebKit/537.36 (KHTML, like Gecko) Chrome/58.0.3029.110 Safari/537.36"
66.249.79.27 - - [16/Jun/2017:10:26:02 +0530] "GET /index.php HTTP/1.1" 200 19480 "-" "Mozilla/5.0 (compatible; Googlebot/2.1; +http://www.google.com/bot.html)"
146.148.64.128 - - [16/Jun/2017:10:26:08 +0530] "GET /robots.txt HTTP/1.1" 404 208 "-" "ltx71 - (http://ltx71.com/)"
141.8.142.74 - - [16/Jun/2017:10:26:17 +0530] "GET /reports_list_details.php?id=Andhra%20Pradesh&reporttype=2 HTTP/1.1" 200 21513 "-" "Mozilla/5.0 (compatible; YandexBot/3.0; +http://yandex.com/bots)"
47.31.8.20 - - [16/Jun/2017:10:26:49 +0530] "GET /reports_new.php?n=1 HTTP/1.1" 200 22411 "http://www.cdmindia.gov.in/project_details_view.php?id=646" "Mozilla/5.0 (Windows NT 6.1) AppleWebKit/537.36 (KHTML, like Gecko) Chrome/58.0.3029.110 Safari/537.36"
47.31.8.20 - - [16/Jun/2017:10:26:49 +0530] "GET /js/user_registration.js HTTP/1.1" 200 26819 "http://www.cdmindia.gov.in/reports_new.php?n=1" "Mozilla/5.0 (Windows NT 6.1) AppleWebKit/537.36 (KHTML, like Gecko) Chrome/58.0.3029.110 Safari/537.36"
47.31.8.20 - - [16/Jun/2017:10:27:33 +0530] "POST /reports_new.php HTTP/1.1" 200 23250 "http://www.cdmindia.gov.in/reports_new.php?n=1" "Mozilla/5.0 (Windows NT 6.1) AppleWebKit/537.36 (KHTML, like Gecko) Chrome/58.0.3029.110 Safari/537.36"
47.31.8.20 - - [16/Jun/2017:10:27:45 +0530] "POST /reports_new.php HTTP/1.1" 200 23250 "http://www.cdmindia.gov.in/reports_new.php" "Mozilla/5.0 (Windows NT 6.1) AppleWebKit/537.36 (KHTML, like Gecko) Chrome/58.0.3029.110 Safari/537.36"
216.244.66.248 - - [16/Jun/2017:10:27:53 +0530] "GET / HTTP/1.1" 200 19480 "-" "Mozilla/5.0 (compatible; DotBot/1.1; http://www.opensiteexplorer.org/dotbot, help@moz.com)"
146.148.64.128 - - [16/Jun/2017:10:29:44 +0530] "GET /robots.txt HTTP/1.1" 404 208 "-" "ltx71 - (http://ltx71.com/)"
141.8.142.74 - - [16/Jun/2017:10:30:17 +0530] "GET /project_details_view_report.php?id=837 HTTP/1.1" 200 13397 "-" "Mozilla/5.0 (compatible; YandexBot/3.0; +http://yandex.com/bots)"
59.160.109.178 - - [16/Jun/2017:10:31:28 +0530] "GET /project_details_view.php?id=1543 HTTP/1.1" 200 14435 "https://www.google.co.in/" "Mozilla/5.0 (Windows NT 10.0; Win64; x64) AppleWebKit/537.36 (KHTML, like Gecko) Chrome/59.0.3071.86 Safari/537.36"
59.160.109.178 - - [16/Jun/2017:10:31:28 +0530] "GET /includes/ncdma.css HTTP/1.1" 200 13023 "http://www.cdmindia.gov.in/project_details_view.php?id=1543" "Mozilla/5.0 (Windows NT 10.0; Win64; x64) AppleWebKit/537.36 (KHTML, like Gecko) Chrome/59.0.3071.86 Safari/537.36"
59.160.109.178 - - [16/Jun/2017:10:31:28 +0530] "GET /ncdma.css HTTP/1.1" 200 12640 "http://www.cdmindia.gov.in/project_details_view.php?id=1543" "Mozilla/5.0 (Windows NT 10.0; Win64; x64) AppleWebKit/537.36 (KHTML, like Gecko) Chrome/59.0.3071.86 Safari/537.36"
59.160.109.178 - - [16/Jun/2017:10:31:28 +0530] "GET /Scripts/AC_RunActiveContent.js HTTP/1.1" 200 8321 "http://www.cdmindia.gov.in/project_details_view.php?id=1543" "Mozilla/5.0 (Windows NT 10.0; Win64; x64) AppleWebKit/537.36 (KHTML, like Gecko) Chrome/59.0.3071.86 Safari/537.36"
59.160.109.178 - - [16/Jun/2017:10:31:28 +0530] "GET /images/img2.jpg HTTP/1.1" 200 16276 "http://www.cdmindia.gov.in/project_details_view.php?id=1543" "Mozilla/5.0 (Windows NT 10.0; Win64; x64) AppleWebKit/537.36 (KHTML, like Gecko) Chrome/59.0.3071.86 Safari/537.36"
59.160.109.178 - - [16/Jun/2017:10:31:28 +0530] "GET /images/img3.jpg HTTP/1.1" 200 26957 "http://www.cdmindia.gov.in/project_details_view.php?id=1543" "Mozilla/5.0 (Windows NT 10.0; Win64; x64) AppleWebKit/537.36 (KHTML, like Gecko) Chrome/59.0.3071.86 Safari/537.36"
59.160.109.178 - - [16/Jun/2017:10:31:28 +0530] "GET /images/spacer.gif HTTP/1.1" 200 43 "http://www.cdmindia.gov.in/project_details_view.php?id=1543" "Mozilla/5.0 (Windows NT 10.0; Win64; x64) AppleWebKit/537.36 (KHTML, like Gecko) Chrome/59.0.3071.86 Safari/537.36"
59.160.109.178 - - [16/Jun/2017:10:31:28 +0530] "GET /images/bullet1.gif HTTP/1.1" 200 67 "http://www.cdmindia.gov.in/project_details_view.php?id=1543" "Mozilla/5.0 (Windows NT 10.0; Win64; x64) AppleWebKit/537.36 (KHTML, like Gecko) Chrome/59.0.3071.86 Safari/537.36"
59.160.109.178 - - [16/Jun/2017:10:31:28 +0530] "GET /images/bulllet2.gif HTTP/1.1" 200 58 "http://www.cdmindia.gov.in/project_details_view.php?id=1543" "Mozilla/5.0 (Windows NT 10.0; Win64; x64) AppleWebKit/537.36 (KHTML, like Gecko) Chrome/59.0.3071.86 Safari/537.36"
59.160.109.178 - - [16/Jun/2017:10:31:28 +0530] "GET /images/bullet4.gif HTTP/1.1" 200 67 "http://www.cdmindia.gov.in/project_details_view.php?id=1543" "Mozilla/5.0 (Windows NT 10.0; Win64; x64) AppleWebKit/537.36 (KHTML, like Gecko) Chrome/59.0.3071.86 Safari/537.36"
59.160.109.178 - - [16/Jun/2017:10:31:29 +0530] "GET /images/fdm.jpg HTTP/1.1" 200 2043 "http://www.cdmindia.gov.in/project_details_view.php?id=1543" "Mozilla/5.0 (Windows NT 10.0; Win64; x64) AppleWebKit/537.36 (KHTML, like Gecko) Chrome/59.0.3071.86 Safari/537.36"
59.160.109.178 - - [16/Jun/2017:10:31:29 +0530] "GET /images/gtz.jpg HTTP/1.1" 200 15484 "http://www.cdmindia.gov.in/project_details_view.php?id=1543" "Mozilla/5.0 (Windows NT 10.0; Win64; x64) AppleWebKit/537.36 (KHTML, like Gecko) Chrome/59.0.3071.86 Safari/537.36"
