40.77.179.57 - - [29/May/2017:01:19:21 +0530] "GET /js/datepicker/calendar.gif HTTP/1.1" 200 235 "-" "Mozilla/5.0 (iPhone; CPU iPhone OS 7_0 like Mac OS X) AppleWebKit/537.51.1 (KHTML, like Gecko) Version/7.0 Mobile/11A465 Safari/9537.53 BingPreview/1.0b"
66.249.79.95 - - [29/May/2017:01:19:52 +0530] "GET / HTTP/1.1" 200 19479 "-" "Mozilla/5.0 (Linux; Android 6.0.1; Nexus 5X Build/MMB29P) AppleWebKit/537.36 (KHTML, like Gecko) Chrome/41.0.2272.96 Mobile Safari/537.36 (compatible; Googlebot/2.1; +http://www.google.com/bot.html)"
157.55.39.227 - - [29/May/2017:01:29:13 +0530] "GET /project_details_view.php?id=2171 HTTP/1.1" 200 16655 "-" "Mozilla/5.0 (compatible; bingbot/2.0; +http://www.bing.com/bingbot.htm)"
66.249.79.129 - - [29/May/2017:01:30:08 +0530] "GET /project_details_view.php?id=927 HTTP/1.1" 200 14153 "-" "Mozilla/5.0 (compatible; Googlebot/2.1; +http://www.google.com/bot.html)"
202.46.58.85 - - [29/May/2017:01:30:27 +0530] "GET /project_details_view_report.php?id=194 HTTP/1.1" 200 13119 "-" "Mozilla/5.0 (Windows NT 10.0; WOW64) AppleWebKit/537.36 (KHTML, like Gecko) Chrome/45.0.2454.93 Safari/537.36"
149.202.82.75 - - [29/May/2017:01:48:23 +0530] "GET /project_details_view_report.php?id=1183 HTTP/1.1" 200 13237 "-" "Melvil Rawi/1.0"
42.106.91.170 - - [29/May/2017:01:56:43 +0530] "GET /project_details_view.php?id=1348 HTTP/1.1" 200 14711 "https://www.google.co.in/" "Mozilla/5.0 (iPhone; CPU iPhone OS 10_3_2 like Mac OS X) AppleWebKit/603.2.4 (KHTML, like Gecko) Version/10.0 Mobile/14F89 Safari/602.1"
42.106.91.170 - - [29/May/2017:01:56:44 +0530] "GET /includes/ncdma.css HTTP/1.1" 200 13023 "http://www.cdmindia.gov.in/project_details_view.php?id=1348" "Mozilla/5.0 (iPhone; CPU iPhone OS 10_3_2 like Mac OS X) AppleWebKit/603.2.4 (KHTML, like Gecko) Version/10.0 Mobile/14F89 Safari/602.1"
42.106.91.170 - - [29/May/2017:01:56:44 +0530] "GET /ncdma.css HTTP/1.1" 200 12640 "http://www.cdmindia.gov.in/project_details_view.php?id=1348" "Mozilla/5.0 (iPhone; CPU iPhone OS 10_3_2 like Mac OS X) AppleWebKit/603.2.4 (KHTML, like Gecko) Version/10.0 Mobile/14F89 Safari/602.1"
42.106.91.170 - - [29/May/2017:01:56:44 +0530] "GET /Scripts/AC_RunActiveContent.js HTTP/1.1" 200 8321 "http://www.cdmindia.gov.in/project_details_view.php?id=1348" "Mozilla/5.0 (iPhone; CPU iPhone OS 10_3_2 like Mac OS X) AppleWebKit/603.2.4 (KHTML, like Gecko) Version/10.0 Mobile/14F89 Safari/602.1"
42.106.91.170 - - [29/May/2017:01:56:44 +0530] "GET /images/img2.jpg HTTP/1.1" 200 16276 "http://www.cdmindia.gov.in/project_details_view.php?id=1348" "Mozilla/5.0 (iPhone; CPU iPhone OS 10_3_2 like Mac OS X) AppleWebKit/603.2.4 (KHTML, like Gecko) Version/10.0 Mobile/14F89 Safari/602.1"
42.106.91.170 - - [29/May/2017:01:56:45 +0530] "GET /images/img3.jpg HTTP/1.1" 200 26957 "http://www.cdmindia.gov.in/project_details_view.php?id=1348" "Mozilla/5.0 (iPhone; CPU iPhone OS 10_3_2 like Mac OS X) AppleWebKit/603.2.4 (KHTML, like Gecko) Version/10.0 Mobile/14F89 Safari/602.1"
42.106.91.170 - - [29/May/2017:01:56:45 +0530] "GET /images/spacer.gif HTTP/1.1" 200 43 "http://www.cdmindia.gov.in/project_details_view.php?id=1348" "Mozilla/5.0 (iPhone; CPU iPhone OS 10_3_2 like Mac OS X) AppleWebKit/603.2.4 (KHTML, like Gecko) Version/10.0 Mobile/14F89 Safari/602.1"
42.106.91.170 - - [29/May/2017:01:56:46 +0530] "GET /images/bullet1.gif HTTP/1.1" 200 67 "http://www.cdmindia.gov.in/project_details_view.php?id=1348" "Mozilla/5.0 (iPhone; CPU iPhone OS 10_3_2 like Mac OS X) AppleWebKit/603.2.4 (KHTML, like Gecko) Version/10.0 Mobile/14F89 Safari/602.1"
42.106.91.170 - - [29/May/2017:01:56:46 +0530] "GET /images/fdm.jpg HTTP/1.1" 200 2043 "http://www.cdmindia.gov.in/project_details_view.php?id=1348" "Mozilla/5.0 (iPhone; CPU iPhone OS 10_3_2 like Mac OS X) AppleWebKit/603.2.4 (KHTML, like Gecko) Version/10.0 Mobile/14F89 Safari/602.1"
42.106.91.170 - - [29/May/2017:01:56:46 +0530] "GET /images/bullet4.gif HTTP/1.1" 200 67 "http://www.cdmindia.gov.in/project_details_view.php?id=1348" "Mozilla/5.0 (iPhone; CPU iPhone OS 10_3_2 like Mac OS X) AppleWebKit/603.2.4 (KHTML, like Gecko) Version/10.0 Mobile/14F89 Safari/602.1"
42.106.91.170 - - [29/May/2017:01:56:46 +0530] "GET /images/bulllet2.gif HTTP/1.1" 200 58 "http://www.cdmindia.gov.in/project_details_view.php?id=1348" "Mozilla/5.0 (iPhone; CPU iPhone OS 10_3_2 like Mac OS X) AppleWebKit/603.2.4 (KHTML, like Gecko) Version/10.0 Mobile/14F89 Safari/602.1"
42.106.91.170 - - [29/May/2017:01:56:46 +0530] "GET /images/gtz.jpg HTTP/1.1" 200 15484 "http://www.cdmindia.gov.in/project_details_view.php?id=1348" "Mozilla/5.0 (iPhone; CPU iPhone OS 10_3_2 like Mac OS X) AppleWebKit/603.2.4 (KHTML, like Gecko) Version/10.0 Mobile/14F89 Safari/602.1"
42.106.91.170 - - [29/May/2017:01:56:46 +0530] "GET /images/fbg.jpg HTTP/1.1" 200 325 "http://www.cdmindia.gov.in/project_details_view.php?id=1348" "Mozilla/5.0 (iPhone; CPU iPhone OS 10_3_2 like Mac OS X) AppleWebKit/603.2.4 (KHTML, like Gecko) Version/10.0 Mobile/14F89 Safari/602.1"
157.55.39.130 - - [29/May/2017:01:58:00 +0530] "GET /project_details_view.php?id=1754 HTTP/1.1" 200 15024 "-" "Mozilla/5.0 (compatible; bingbot/2.0; +http://www.bing.com/bingbot.htm)"
157.55.39.130 - - [29/May/2017:02:01:09 +0530] "GET /reports_list_details.php?id=Tamil%20Nadu&reporttype=2&page=20 HTTP/1.1" 200 21668 "-" "Mozilla/5.0 (compatible; bingbot/2.0; +http://www.bing.com/bingbot.htm)"
162.199.86.148 - - [29/May/2017:02:06:59 +0530] "GET /detail_news.php?id=3'A=0 HTTP/1.1" 200 11729 "http://www.cdmindia.gov.in/detail_news.php?id=3'A=0" "Mozilla/5.0 (Windows; U; Windows NT 5.1; pt-PT; rv:1.9.1.2) Gecko/20090729 Firefox/3.5.2 (.NET CLR 3.5.30729)"
88.198.22.8 - - [29/May/2017:02:08:45 +0530] "GET / HTTP/1.0" 200 19479 "-" "Mozilla/5.0 (compatible; MSIE 9.0; Windows NT 6.1; WOW64; Trident/5.0; SLCC2; .NET CLR 2.0.50727; .NET CLR 3.5.30729; .NET CLR 3.0.30729; .NET4.0C; .NET4.0E; Media Center PC 6.0; .NET CLR 1.1.4322; InfoPath.3)"
66.249.79.131 - - [29/May/2017:02:10:21 +0530] "GET /project_details_view.php?id=1810&oid=&page=15&reporttype= HTTP/1.1" 200 15445 "-" "Mozilla/5.0 (compatible; Googlebot/2.1; +http://www.google.com/bot.html)"
144.76.80.151 - - [29/May/2017:02:11:40 +0530] "GET / HTTP/1.0" 200 19479 "-" "Mozilla/5.0 (Windows NT 6.1; WOW64) AppleWebKit/537.36 (KHTML, like Gecko) Chrome/34.0.1825.4 Safari/537.36"
213.239.205.118 - - [29/May/2017:02:11:53 +0530] "GET / HTTP/1.0" 200 19479 "-" "Mozilla/5.0 (Windows; U; Windows NT 5.1; en-US; rv:25.0) Gecko/20100101 Firefox/25.0"
157.55.39.99 - - [29/May/2017:02:22:54 +0530] "GET /project_details_view.php?id=1945 HTTP/1.1" 200 14658 "-" "Mozilla/5.0 (compatible; bingbot/2.0; +http://www.bing.com/bingbot.htm)"
157.55.39.130 - - [29/May/2017:02:23:00 +0530] "GET /project_details_view_report.php?id=1593 HTTP/1.1" 200 13138 "-" "Mozilla/5.0 (compatible; bingbot/2.0; +http://www.bing.com/bingbot.htm)"
207.46.13.151 - - [29/May/2017:02:25:22 +0530] "GET /constitution.php HTTP/1.1" 200 23668 "-" "Mozilla/5.0 (iPhone; CPU iPhone OS 7_0 like Mac OS X) AppleWebKit/537.51.1 (KHTML, like Gecko) Version/7.0 Mobile/11A465 Safari/9537.53 (compatible; bingbot/2.0; +http://www.bing.com/bingbot.htm)"
66.249.79.129 - - [29/May/2017:02:25:31 +0530] "GET /project_details_view.php?id=691&oid=&page=61&reporttype= HTTP/1.1" 200 14222 "-" "Mozilla/5.0 (compatible; Googlebot/2.1; +http://www.google.com/bot.html)"
66.249.79.131 - - [29/May/2017:02:26:48 +0530] "GET /reports_list_details.php?id=fnxntyvmlpku&reporttype=&page=118 HTTP/1.1" 200 21579 "-" "Mozilla/5.0 (compatible; Googlebot/2.1; +http://www.google.com/bot.html)"
211.123.206.72 - - [29/May/2017:02:36:27 +0530] "GET / HTTP/1.1" 200 19479 "-" "Mozilla/5.0 (Windows NT 5.1; rv:6.0.2) Gecko/20100101 Firefox/6.0.2"
157.55.39.23 - - [29/May/2017:02:38:22 +0530] "GET /robots.txt HTTP/1.1" 404 208 "-" "Mozilla/5.0 (compatible; bingbot/2.0; +http://www.bing.com/bingbot.htm)"
157.55.39.130 - - [29/May/2017:02:38:24 +0530] "GET / HTTP/1.1" 200 19479 "-" "Mozilla/5.0 (compatible; bingbot/2.0; +http://www.bing.com/bingbot.htm)"
157.55.39.130 - - [29/May/2017:02:38:54 +0530] "GET / HTTP/1.1" 200 19479 "-" "Mozilla/5.0 (compatible; bingbot/2.0; +http://www.bing.com/bingbot.htm)"
88.198.22.8 - - [29/May/2017:02:39:34 +0530] "GET /approval_process.php HTTP/1.0" 200 25911 "-" "Mozilla/5.0 (compatible; MSIE 10.0; Windows NT 6.1; Trident/6.0; SLCC2; .NET CLR 2.0.50727; .NET CLR 3.5.30729; .NET CLR 3.0.30729; Media Center PC 6.0; InfoPath.3; .NET4.0C)"
88.198.22.8 - - [29/May/2017:02:39:35 +0530] "GET /future_projects.php HTTP/1.0" 302 26209 "-" "Mozilla/5.0 (compatible; MSIE 10.0; Windows NT 6.1; Trident/6.0; SLCC2; .NET CLR 2.0.50727; .NET CLR 3.5.30729; .NET CLR 3.0.30729; Media Center PC 6.0; InfoPath.3; .NET4.0C)"
88.198.22.8 - - [29/May/2017:02:39:35 +0530] "GET /logout.php HTTP/1.0" 302 369 "-" "Mozilla/5.0 (compatible; MSIE 10.0; Windows NT 6.1; Trident/6.0; SLCC2; .NET CLR 2.0.50727; .NET CLR 3.5.30729; .NET CLR 3.0.30729; Media Center PC 6.0; InfoPath.3; .NET4.0C)"
88.198.22.8 - - [29/May/2017:02:39:36 +0530] "GET /index.php HTTP/1.0" 200 19479 "-" "Mozilla/5.0 (compatible; MSIE 10.0; Windows NT 6.1; Trident/6.0; SLCC2; .NET CLR 2.0.50727; .NET CLR 3.5.30729; .NET CLR 3.0.30729; Media Center PC 6.0; InfoPath.3; .NET4.0C)"
88.198.22.8 - - [29/May/2017:02:39:37 +0530] "GET /approved_projects.php?n=1 HTTP/1.0" 200 16641 "-" "Mozilla/5.0 (compatible; MSIE 10.0; Windows NT 6.1; Trident/6.0; SLCC2; .NET CLR 2.0.50727; .NET CLR 3.5.30729; .NET CLR 3.0.30729; Media Center PC 6.0; InfoPath.3; .NET4.0C)"
88.198.22.8 - - [29/May/2017:02:39:37 +0530] "GET /detail_news.php?id=20 HTTP/1.0" 302 18265 "-" "Mozilla/5.0 (compatible; MSIE 10.0; Windows NT 6.1; Trident/6.0; SLCC2; .NET CLR 2.0.50727; .NET CLR 3.5.30729; .NET CLR 3.0.30729; Media Center PC 6.0; InfoPath.3; .NET4.0C)"
88.198.22.8 - - [29/May/2017:02:39:38 +0530] "GET /logout.php HTTP/1.0" 302 369 "-" "Mozilla/5.0 (compatible; MSIE 10.0; Windows NT 6.1; Trident/6.0; SLCC2; .NET CLR 2.0.50727; .NET CLR 3.5.30729; .NET CLR 3.0.30729; Media Center PC 6.0; InfoPath.3; .NET4.0C)"
88.198.22.8 - - [29/May/2017:02:39:38 +0530] "GET /index.php HTTP/1.0" 200 19479 "-" "Mozilla/5.0 (compatible; MSIE 10.0; Windows NT 6.1; Trident/6.0; SLCC2; .NET CLR 2.0.50727; .NET CLR 3.5.30729; .NET CLR 3.0.30729; Media Center PC 6.0; InfoPath.3; .NET4.0C)"
88.198.22.8 - - [29/May/2017:02:39:39 +0530] "GET /detail_news.php?id=19 HTTP/1.0" 302 19081 "-" "Mozilla/5.0 (compatible; MSIE 10.0; Windows NT 6.1; Trident/6.0; SLCC2; .NET CLR 2.0.50727; .NET CLR 3.5.30729; .NET CLR 3.0.30729; Media Center PC 6.0; InfoPath.3; .NET4.0C)"
88.198.22.8 - - [29/May/2017:02:39:40 +0530] "GET /logout.php HTTP/1.0" 302 369 "-" "Mozilla/5.0 (compatible; MSIE 10.0; Windows NT 6.1; Trident/6.0; SLCC2; .NET CLR 2.0.50727; .NET CLR 3.5.30729; .NET CLR 3.0.30729; Media Center PC 6.0; InfoPath.3; .NET4.0C)"
88.198.22.8 - - [29/May/2017:02:39:40 +0530] "GET /index.php HTTP/1.0" 200 19479 "-" "Mozilla/5.0 (compatible; MSIE 10.0; Windows NT 6.1; Trident/6.0; SLCC2; .NET CLR 2.0.50727; .NET CLR 3.5.30729; .NET CLR 3.0.30729; Media Center PC 6.0; InfoPath.3; .NET4.0C)"
144.76.80.151 - - [29/May/2017:02:44:10 +0530] "GET /approval_process.php HTTP/1.0" 200 25911 "-" "Mozilla/5.0 (compatible; MSIE 9.0; Windows NT 6.0; Trident/5.0; SLCC1; .NET CLR 2.0.50727; Media Center PC 5.0; .NET CLR 3.0.30729; .NET CLR 3.5.30729; .NET4.0C)"
144.76.80.151 - - [29/May/2017:02:44:11 +0530] "GET /future_projects.php HTTP/1.0" 302 26209 "-" "Mozilla/5.0 (compatible; MSIE 9.0; Windows NT 6.0; Trident/5.0; SLCC1; .NET CLR 2.0.50727; Media Center PC 5.0; .NET CLR 3.0.30729; .NET CLR 3.5.30729; .NET4.0C)"
144.76.80.151 - - [29/May/2017:02:44:17 +0530] "GET /logout.php HTTP/1.0" 302 369 "-" "Mozilla/5.0 (compatible; MSIE 9.0; Windows NT 6.0; Trident/5.0; SLCC1; .NET CLR 2.0.50727; Media Center PC 5.0; .NET CLR 3.0.30729; .NET CLR 3.5.30729; .NET4.0C)"
144.76.80.151 - - [29/May/2017:02:44:27 +0530] "GET /index.php HTTP/1.0" 200 19479 "-" "Mozilla/5.0 (compatible; MSIE 9.0; Windows NT 6.0; Trident/5.0; SLCC1; .NET CLR 2.0.50727; Media Center PC 5.0; .NET CLR 3.0.30729; .NET CLR 3.5.30729; .NET4.0C)"
144.76.80.151 - - [29/May/2017:02:44:28 +0530] "GET /approved_projects.php?n=1 HTTP/1.0" 200 16641 "-" "Mozilla/5.0 (compatible; MSIE 9.0; Windows NT 6.0; Trident/5.0; SLCC1; .NET CLR 2.0.50727; Media Center PC 5.0; .NET CLR 3.0.30729; .NET CLR 3.5.30729; .NET4.0C)"
144.76.80.151 - - [29/May/2017:02:44:28 +0530] "GET /detail_news.php?id=20 HTTP/1.0" 302 18265 "-" "Mozilla/5.0 (compatible; MSIE 9.0; Windows NT 6.0; Trident/5.0; SLCC1; .NET CLR 2.0.50727; Media Center PC 5.0; .NET CLR 3.0.30729; .NET CLR 3.5.30729; .NET4.0C)"
144.76.80.151 - - [29/May/2017:02:44:29 +0530] "GET /logout.php HTTP/1.0" 302 369 "-" "Mozilla/5.0 (compatible; MSIE 9.0; Windows NT 6.0; Trident/5.0; SLCC1; .NET CLR 2.0.50727; Media Center PC 5.0; .NET CLR 3.0.30729; .NET CLR 3.5.30729; .NET4.0C)"
144.76.80.151 - - [29/May/2017:02:44:29 +0530] "GET /index.php HTTP/1.0" 200 19479 "-" "Mozilla/5.0 (compatible; MSIE 9.0; Windows NT 6.0; Trident/5.0; SLCC1; .NET CLR 2.0.50727; Media Center PC 5.0; .NET CLR 3.0.30729; .NET CLR 3.5.30729; .NET4.0C)"
144.76.80.151 - - [29/May/2017:02:44:30 +0530] "GET /detail_news.php?id=19 HTTP/1.0" 302 19081 "-" "Mozilla/5.0 (compatible; MSIE 9.0; Windows NT 6.0; Trident/5.0; SLCC1; .NET CLR 2.0.50727; Media Center PC 5.0; .NET CLR 3.0.30729; .NET CLR 3.5.30729; .NET4.0C)"
144.76.80.151 - - [29/May/2017:02:44:36 +0530] "GET /logout.php HTTP/1.0" 302 369 "-" "Mozilla/5.0 (compatible; MSIE 9.0; Windows NT 6.0; Trident/5.0; SLCC1; .NET CLR 2.0.50727; Media Center PC 5.0; .NET CLR 3.0.30729; .NET CLR 3.5.30729; .NET4.0C)"
144.76.80.151 - - [29/May/2017:02:44:36 +0530] "GET /index.php HTTP/1.0" 200 19479 "-" "Mozilla/5.0 (compatible; MSIE 9.0; Windows NT 6.0; Trident/5.0; SLCC1; .NET CLR 2.0.50727; Media Center PC 5.0; .NET CLR 3.0.30729; .NET CLR 3.5.30729; .NET4.0C)"
180.76.15.151 - - [29/May/2017:02:46:45 +0530] "GET / HTTP/1.1" 200 19479 "-" "Mozilla/5.0 (compatible; Baiduspider/2.0; +http://www.baidu.com/search/spider.html)"
88.198.22.8 - - [29/May/2017:02:48:49 +0530] "GET /detail_news.php?id=18 HTTP/1.0" 302 18712 "-" "Mozilla/5.0 (Windows NT 6.1) AppleWebKit/537.36 (KHTML, like Gecko) Chrome/34.0.1797.2 Safari/537.36"
88.198.22.8 - - [29/May/2017:02:48:50 +0530] "GET /logout.php HTTP/1.0" 302 369 "-" "Mozilla/5.0 (Windows NT 6.1) AppleWebKit/537.36 (KHTML, like Gecko) Chrome/34.0.1797.2 Safari/537.36"
88.198.22.8 - - [29/May/2017:02:48:50 +0530] "GET /index.php HTTP/1.0" 200 19479 "-" "Mozilla/5.0 (Windows NT 6.1) AppleWebKit/537.36 (KHTML, like Gecko) Chrome/34.0.1797.2 Safari/537.36"
88.198.22.8 - - [29/May/2017:02:48:51 +0530] "GET /news_more.php HTTP/1.0" 200 21060 "-" "Mozilla/5.0 (Windows NT 6.1) AppleWebKit/537.36 (KHTML, like Gecko) Chrome/34.0.1797.2 Safari/537.36"
88.198.22.8 - - [29/May/2017:02:48:52 +0530] "GET /registration.php HTTP/1.0" 302 28528 "-" "Mozilla/5.0 (Windows NT 6.1) AppleWebKit/537.36 (KHTML, like Gecko) Chrome/34.0.1797.2 Safari/537.36"
88.198.22.8 - - [29/May/2017:02:48:52 +0530] "GET /logout.php HTTP/1.0" 302 369 "-" "Mozilla/5.0 (Windows NT 6.1) AppleWebKit/537.36 (KHTML, like Gecko) Chrome/34.0.1797.2 Safari/537.36"
88.198.22.8 - - [29/May/2017:02:48:53 +0530] "GET /index.php HTTP/1.0" 200 19479 "-" "Mozilla/5.0 (Windows NT 6.1) AppleWebKit/537.36 (KHTML, like Gecko) Chrome/34.0.1797.2 Safari/537.36"
54.197.39.49 - - [29/May/2017:02:50:48 +0530] "GET / HTTP/1.1" 200 19479 "-" "Mozilla/5.0 (X11; Linux x86_64) AppleWebKit/537.36 (KHTML, like Gecko) Chrome/43.0.2357.134 Safari/537.36 http://notifyninja.com/monitoring"
66.249.79.131 - - [29/May/2017:02:51:26 +0530] "GET /project_details_view.php?id=281&oid=1&page=80&reporttype=1 HTTP/1.1" 200 14585 "-" "Mozilla/5.0 (compatible; Googlebot/2.1; +http://www.google.com/bot.html)"
66.249.79.95 - - [29/May/2017:02:51:31 +0530] "GET / HTTP/1.1" 200 19479 "-" "Mozilla/5.0 (compatible; Googlebot/2.1; +http://www.google.com/bot.html)"
144.76.80.151 - - [29/May/2017:02:52:41 +0530] "GET /detail_news.php?id=18 HTTP/1.0" 302 18712 "-" "Mozilla/5.0 (Windows NT 6.1; WOW64) AppleWebKit/537.36 (KHTML, like Gecko) Chrome/34.0.1799.0 Safari/537.36"
144.76.80.151 - - [29/May/2017:02:52:42 +0530] "GET /logout.php HTTP/1.0" 302 369 "-" "Mozilla/5.0 (Windows NT 6.1; WOW64) AppleWebKit/537.36 (KHTML, like Gecko) Chrome/34.0.1799.0 Safari/537.36"
144.76.80.151 - - [29/May/2017:02:52:42 +0530] "GET /index.php HTTP/1.0" 200 19479 "-" "Mozilla/5.0 (Windows NT 6.1; WOW64) AppleWebKit/537.36 (KHTML, like Gecko) Chrome/34.0.1799.0 Safari/537.36"
144.76.80.151 - - [29/May/2017:02:52:43 +0530] "GET /news_more.php HTTP/1.0" 200 21060 "-" "Mozilla/5.0 (Windows NT 6.1; WOW64) AppleWebKit/537.36 (KHTML, like Gecko) Chrome/34.0.1799.0 Safari/537.36"
144.76.80.151 - - [29/May/2017:02:52:44 +0530] "GET /registration.php HTTP/1.0" 302 28528 "-" "Mozilla/5.0 (Windows NT 6.1; WOW64) AppleWebKit/537.36 (KHTML, like Gecko) Chrome/34.0.1799.0 Safari/537.36"
144.76.80.151 - - [29/May/2017:02:52:44 +0530] "GET /logout.php HTTP/1.0" 302 369 "-" "Mozilla/5.0 (Windows NT 6.1; WOW64) AppleWebKit/537.36 (KHTML, like Gecko) Chrome/34.0.1799.0 Safari/537.36"
144.76.80.151 - - [29/May/2017:02:52:45 +0530] "GET /index.php HTTP/1.0" 200 19479 "-" "Mozilla/5.0 (Windows NT 6.1; WOW64) AppleWebKit/537.36 (KHTML, like Gecko) Chrome/34.0.1799.0 Safari/537.36"
66.249.79.93 - - [29/May/2017:02:56:31 +0530] "GET / HTTP/1.1" 200 19479 "-" "Mozilla/5.0 (Linux; Android 6.0.1; Nexus 5X Build/MMB29P) AppleWebKit/537.36 (KHTML, like Gecko) Chrome/41.0.2272.96 Mobile Safari/537.36 (compatible; Googlebot/2.1; +http://www.google.com/bot.html)"
66.249.79.129 - - [29/May/2017:03:01:41 +0530] "GET /reports_list_details.php?id=1&reporttype=1&page=56 HTTP/1.1" 200 21962 "-" "Mozilla/5.0 (compatible; Googlebot/2.1; +http://www.google.com/bot.html)"
66.249.79.129 - - [29/May/2017:03:11:52 +0530] "GET /reports_list_details.php?id=4&reporttype=1&page=22 HTTP/1.1" 200 17874 "-" "Mozilla/5.0 (compatible; Googlebot/2.1; +http://www.google.com/bot.html)"
202.46.49.137 - - [29/May/2017:03:11:56 +0530] "GET /project_details_view_report.php?id=1025 HTTP/1.1" 200 13245 "-" "Mozilla/5.0 (Windows NT 10.0; WOW64) AppleWebKit/537.36 (KHTML, like Gecko) Chrome/45.0.2454.93 Safari/537.36"
220.181.108.100 - - [29/May/2017:03:15:12 +0530] "GET /images/NCDMA%20PCN%20Format%2017072009.doc HTTP/1.1" 200 114176 "-" "Mozilla/5.0 (compatible; Baiduspider/2.0; +http://www.baidu.com/search/spider.html)"
66.249.79.131 - - [29/May/2017:03:17:07 +0530] "GET /reports_list_details.php?id=4&reporttype=1&page=23 HTTP/1.1" 200 17792 "-" "Mozilla/5.0 (compatible; Googlebot/2.1; +http://www.google.com/bot.html)"
66.249.79.131 - - [29/May/2017:03:17:10 +0530] "GET /reports_list_details.php?id=pnjuzahme&reporttype=&page=106 HTTP/1.1" 200 22018 "-" "Mozilla/5.0 (compatible; Googlebot/2.1; +http://www.google.com/bot.html)"
157.55.39.227 - - [29/May/2017:03:21:56 +0530] "GET /project_details_view.php?id=361&oid=7&page=1&reporttype=1 HTTP/1.1" 200 14395 "-" "Mozilla/5.0 (compatible; bingbot/2.0; +http://www.bing.com/bingbot.htm)"
213.239.205.118 - - [29/May/2017:03:22:08 +0530] "GET /contactus.php HTTP/1.0" 200 18291 "-" "Mozilla/5.0 (compatible; MSIE 10.0; Windows NT 6.1; WOW64; Trident/6.0; SLCC2; .NET CLR 2.0.50727; .NET CLR 3.5.30729; .NET CLR 3.0.30729; .NET4.0C; .NET4.0E; MALN; Media Center PC 6.0)"
213.239.205.118 - - [29/May/2017:03:22:09 +0530] "GET /sitemap.php HTTP/1.0" 200 18468 "-" "Mozilla/5.0 (compatible; MSIE 10.0; Windows NT 6.1; WOW64; Trident/6.0; SLCC2; .NET CLR 2.0.50727; .NET CLR 3.5.30729; .NET CLR 3.0.30729; .NET4.0C; .NET4.0E; MALN; Media Center PC 6.0)"
213.239.205.118 - - [29/May/2017:03:22:15 +0530] "GET /capacity_building.php HTTP/1.0" 200 19185 "-" "Mozilla/5.0 (compatible; MSIE 10.0; Windows NT 6.1; WOW64; Trident/6.0; SLCC2; .NET CLR 2.0.50727; .NET CLR 3.5.30729; .NET CLR 3.0.30729; .NET4.0C; .NET4.0E; MALN; Media Center PC 6.0)"
213.239.205.118 - - [29/May/2017:03:22:20 +0530] "GET /detail_news.php?id=20 HTTP/1.0" 302 18265 "-" "Mozilla/5.0 (compatible; MSIE 10.0; Windows NT 6.1; WOW64; Trident/6.0; SLCC2; .NET CLR 2.0.50727; .NET CLR 3.5.30729; .NET CLR 3.0.30729; .NET4.0C; .NET4.0E; MALN; Media Center PC 6.0)"
213.239.205.118 - - [29/May/2017:03:22:26 +0530] "GET /logout.php HTTP/1.0" 302 369 "-" "Mozilla/5.0 (compatible; MSIE 10.0; Windows NT 6.1; WOW64; Trident/6.0; SLCC2; .NET CLR 2.0.50727; .NET CLR 3.5.30729; .NET CLR 3.0.30729; .NET4.0C; .NET4.0E; MALN; Media Center PC 6.0)"
213.239.205.118 - - [29/May/2017:03:22:31 +0530] "GET /index.php HTTP/1.0" 200 19479 "-" "Mozilla/5.0 (compatible; MSIE 10.0; Windows NT 6.1; WOW64; Trident/6.0; SLCC2; .NET CLR 2.0.50727; .NET CLR 3.5.30729; .NET CLR 3.0.30729; .NET4.0C; .NET4.0E; MALN; Media Center PC 6.0)"
107.167.104.46 - - [29/May/2017:03:22:41 +0530] "GET / HTTP/1.1" 200 19479 "http://www.google.co.in/search?q=cdm+india+&btnG=&client=ms-opera-mini-android&channel=new" "Opera/9.80 (Android; Opera Mini/17.0.2211/63.203; U; en) Presto/2.12.423 Version/12.16"
107.167.104.46 - - [29/May/2017:03:22:42 +0530] "GET /includes/ncdma.css HTTP/1.1" 200 13023 "http://www.cdmindia.gov.in/" "Opera/9.80 (Android; Opera Mini/17.0.2211/63.203; U; en) Presto/2.12.423 Version/12.16"
107.167.104.46 - - [29/May/2017:03:22:42 +0530] "GET /Scripts/AC_RunActiveContent.js HTTP/1.1" 200 8321 "http://www.cdmindia.gov.in/" "Opera/9.80 (Android; Opera Mini/17.0.2211/63.203; U; en) Presto/2.12.423 Version/12.16"
107.167.104.46 - - [29/May/2017:03:22:42 +0530] "GET /js/base64_encode.js HTTP/1.1" 200 3002 "http://www.cdmindia.gov.in/" "Opera/9.80 (Android; Opera Mini/17.0.2211/63.203; U; en) Presto/2.12.423 Version/12.16"
213.239.205.118 - - [29/May/2017:03:22:42 +0530] "GET /detail_news.php?id=19 HTTP/1.0" 302 19081 "-" "Mozilla/5.0 (compatible; MSIE 10.0; Windows NT 6.1; WOW64; Trident/6.0; SLCC2; .NET CLR 2.0.50727; .NET CLR 3.5.30729; .NET CLR 3.0.30729; .NET4.0C; .NET4.0E; MALN; Media Center PC 6.0)"
213.239.205.118 - - [29/May/2017:03:22:43 +0530] "GET /logout.php HTTP/1.0" 302 369 "-" "Mozilla/5.0 (compatible; MSIE 10.0; Windows NT 6.1; WOW64; Trident/6.0; SLCC2; .NET CLR 2.0.50727; .NET CLR 3.5.30729; .NET CLR 3.0.30729; .NET4.0C; .NET4.0E; MALN; Media Center PC 6.0)"
107.167.104.46 - - [29/May/2017:03:22:43 +0530] "GET /js/md5.js HTTP/1.1" 200 13194 "http://www.cdmindia.gov.in/" "Opera/9.80 (Android; Opera Mini/17.0.2211/63.203; U; en) Presto/2.12.423 Version/12.16"
107.167.104.46 - - [29/May/2017:03:22:43 +0530] "GET /ncdma.css HTTP/1.1" 200 12640 "http://www.cdmindia.gov.in/" "Opera/9.80 (Android; Opera Mini/17.0.2211/63.203; U; en) Presto/2.12.423 Version/12.16"
107.167.104.46 - - [29/May/2017:03:22:43 +0530] "GET /images/bullet4.gif HTTP/1.1" 200 67 "http://www.cdmindia.gov.in/" "Opera/9.80 (Android; Opera Mini/17.0.2211/63.203; U; en) Presto/2.12.423 Version/12.16"
107.167.104.46 - - [29/May/2017:03:22:43 +0530] "GET /images/bullet1.gif HTTP/1.1" 200 67 "http://www.cdmindia.gov.in/" "Opera/9.80 (Android; Opera Mini/17.0.2211/63.203; U; en) Presto/2.12.423 Version/12.16"
107.167.104.46 - - [29/May/2017:03:22:43 +0530] "GET /images/img2.jpg HTTP/1.1" 200 16276 "http://www.cdmindia.gov.in/" "Opera/9.80 (Android; Opera Mini/17.0.2211/63.203; U; en) Presto/2.12.423 Version/12.16"
107.167.104.46 - - [29/May/2017:03:22:43 +0530] "GET /images/spacer.gif HTTP/1.1" 200 43 "http://www.cdmindia.gov.in/" "Opera/9.80 (Android; Opera Mini/17.0.2211/63.203; U; en) Presto/2.12.423 Version/12.16"
213.239.205.118 - - [29/May/2017:03:22:43 +0530] "GET /index.php HTTP/1.0" 200 19479 "-" "Mozilla/5.0 (compatible; MSIE 10.0; Windows NT 6.1; WOW64; Trident/6.0; SLCC2; .NET CLR 2.0.50727; .NET CLR 3.5.30729; .NET CLR 3.0.30729; .NET4.0C; .NET4.0E; MALN; Media Center PC 6.0)"
107.167.104.46 - - [29/May/2017:03:22:43 +0530] "GET /images/img3.jpg HTTP/1.1" 200 26957 "http://www.cdmindia.gov.in/" "Opera/9.80 (Android; Opera Mini/17.0.2211/63.203; U; en) Presto/2.12.423 Version/12.16"
107.167.104.46 - - [29/May/2017:03:22:44 +0530] "GET /images/bulllet2.gif HTTP/1.1" 200 58 "http://www.cdmindia.gov.in/" "Opera/9.80 (Android; Opera Mini/17.0.2211/63.203; U; en) Presto/2.12.423 Version/12.16"
107.167.104.46 - - [29/May/2017:03:22:44 +0530] "GET /images/fbg.jpg HTTP/1.1" 200 325 "http://www.cdmindia.gov.in/" "Opera/9.80 (Android; Opera Mini/17.0.2211/63.203; U; en) Presto/2.12.423 Version/12.16"
107.167.104.46 - - [29/May/2017:03:22:44 +0530] "GET /images/bullet3.gif HTTP/1.1" 200 58 "http://www.cdmindia.gov.in/" "Opera/9.80 (Android; Opera Mini/17.0.2211/63.203; U; en) Presto/2.12.423 Version/12.16"
107.167.104.46 - - [29/May/2017:03:22:44 +0530] "GET /images/login1.jpg HTTP/1.1" 200 618 "http://www.cdmindia.gov.in/" "Opera/9.80 (Android; Opera Mini/17.0.2211/63.203; U; en) Presto/2.12.423 Version/12.16"
107.167.104.46 - - [29/May/2017:03:22:44 +0530] "GET /images/img1.jpg HTTP/1.1" 200 1251 "http://www.cdmindia.gov.in/" "Opera/9.80 (Android; Opera Mini/17.0.2211/63.203; U; en) Presto/2.12.423 Version/12.16"
107.167.104.46 - - [29/May/2017:03:22:44 +0530] "GET /images/login.jpg HTTP/1.1" 200 1044 "http://www.cdmindia.gov.in/" "Opera/9.80 (Android; Opera Mini/17.0.2211/63.203; U; en) Presto/2.12.423 Version/12.16"
107.167.104.46 - - [29/May/2017:03:22:44 +0530] "GET /images/fe.jpg HTTP/1.1" 200 1429 "http://www.cdmindia.gov.in/" "Opera/9.80 (Android; Opera Mini/17.0.2211/63.203; U; en) Presto/2.12.423 Version/12.16"
107.167.104.46 - - [29/May/2017:03:22:44 +0530] "GET /images/fdm.jpg HTTP/1.1" 200 2043 "http://www.cdmindia.gov.in/" "Opera/9.80 (Android; Opera Mini/17.0.2211/63.203; U; en) Presto/2.12.423 Version/12.16"
107.167.104.46 - - [29/May/2017:03:22:44 +0530] "GET /images/favicon.ico HTTP/1.1" 200 1406 "http://www.cdmindia.gov.in/" "Opera/9.80 (Android; Opera Mini/17.0.2211/63.203; U; en) Presto/2.12.423 Version/12.16"
107.167.104.46 - - [29/May/2017:03:22:44 +0530] "GET /images/gtz.jpg HTTP/1.1" 200 15484 "http://www.cdmindia.gov.in/" "Opera/9.80 (Android; Opera Mini/17.0.2211/63.203; U; en) Presto/2.12.423 Version/12.16"
107.167.104.46 - - [29/May/2017:03:22:44 +0530] "GET /images/midbanner.swf HTTP/1.1" 200 285833 "http://www.cdmindia.gov.in/" "Opera/9.80 (Android; Opera Mini/17.0.2211/63.203; U; en) Presto/2.12.423 Version/12.16"
107.167.104.46 - - [29/May/2017:03:23:26 +0530] "GET / HTTP/1.1" 200 19479 "http://www.google.co.in/search?q=www.cdmindia.gov.in&client=ms-opera-mini-android&channel=new&gws_rd=cr&ei=0kYrWer2A4PamAHTl7lI" "Opera/9.80 (Android; Opera Mini/17.0.2211/63.203; U; en) Presto/2.12.423 Version/12.16"
88.198.22.8 - - [29/May/2017:03:24:34 +0530] "GET /contactus.php HTTP/1.0" 200 18291 "-" "Mozilla/5.0 (Windows NT 6.2; WOW64; rv:25.0) Gecko/20100101 Firefox/25.0"
88.198.22.8 - - [29/May/2017:03:24:35 +0530] "GET /sitemap.php HTTP/1.0" 200 18468 "-" "Mozilla/5.0 (Windows NT 6.2; WOW64; rv:25.0) Gecko/20100101 Firefox/25.0"
88.198.22.8 - - [29/May/2017:03:24:35 +0530] "GET /capacity_building.php HTTP/1.0" 200 19185 "-" "Mozilla/5.0 (Windows NT 6.2; WOW64; rv:25.0) Gecko/20100101 Firefox/25.0"
88.198.22.8 - - [29/May/2017:03:24:36 +0530] "GET /detail_news.php?id=20 HTTP/1.0" 302 18265 "-" "Mozilla/5.0 (Windows NT 6.2; WOW64; rv:25.0) Gecko/20100101 Firefox/25.0"
88.198.22.8 - - [29/May/2017:03:24:37 +0530] "GET /logout.php HTTP/1.0" 302 369 "-" "Mozilla/5.0 (Windows NT 6.2; WOW64; rv:25.0) Gecko/20100101 Firefox/25.0"
88.198.22.8 - - [29/May/2017:03:24:37 +0530] "GET /index.php HTTP/1.0" 200 19479 "-" "Mozilla/5.0 (Windows NT 6.2; WOW64; rv:25.0) Gecko/20100101 Firefox/25.0"
88.198.22.8 - - [29/May/2017:03:24:38 +0530] "GET /detail_news.php?id=19 HTTP/1.0" 302 19081 "-" "Mozilla/5.0 (Windows NT 6.2; WOW64; rv:25.0) Gecko/20100101 Firefox/25.0"
88.198.22.8 - - [29/May/2017:03:24:43 +0530] "GET /logout.php HTTP/1.0" 302 369 "-" "Mozilla/5.0 (Windows NT 6.2; WOW64; rv:25.0) Gecko/20100101 Firefox/25.0"
88.198.22.8 - - [29/May/2017:03:24:44 +0530] "GET /index.php HTTP/1.0" 200 19479 "-" "Mozilla/5.0 (Windows NT 6.2; WOW64; rv:25.0) Gecko/20100101 Firefox/25.0"
107.167.104.46 - - [29/May/2017:03:25:24 +0530] "GET /downloads/Carbon%20Market%20Roadmap.pdf HTTP/1.1" 200 4344697 "http://www.cdmindia.gov.in/" "Opera/9.80 (Android; Opera Mini/17.0.2211/63.203; U; en) Presto/2.12.423 Version/12.16"
106.66.232.206 - - [29/May/2017:03:25:31 +0530] "GET /downloads/Carbon%20Market%20Roadmap.pdf HTTP/1.1" 200 4344697 "http://www.cdmindia.gov.in/" "Opera/9.80 (Android; Opera Mini/17.0.2211/63.203; U; en) Presto/2.12.423 Version/12.16"
202.46.52.170 - - [29/May/2017:03:25:51 +0530] "GET /project_details_view_report.php?id=248 HTTP/1.1" 200 13114 "-" "Mozilla/5.0 (Windows NT 10.0; WOW64) AppleWebKit/537.36 (KHTML, like Gecko) Chrome/45.0.2454.93 Safari/537.36"
66.249.79.129 - - [29/May/2017:03:27:15 +0530] "GET /reports_list_details.php?id=1&reporttype=1&page=136 HTTP/1.1" 200 22314 "-" "Mozilla/5.0 (compatible; Googlebot/2.1; +http://www.google.com/bot.html)"
138.91.147.40 - - [29/May/2017:03:28:15 +0530] "GET /detail_news.php?id=3'A=0 HTTP/1.1" 200 11729 "http://www.cdmindia.gov.in/detail_news.php?id=3'A=0" "Mozilla/5.0 (Windows; U; Windows NT 5.1; pt-PT; rv:1.9.1.2) Gecko/20090729 Firefox/3.5.2 (.NET CLR 3.5.30729)"
213.239.205.118 - - [29/May/2017:03:29:49 +0530] "GET /detail_news.php?id=18 HTTP/1.0" 302 18712 "-" "Mozilla/5.0 (compatible; MSIE 10.0; Windows NT 6.1; Trident/6.0; SLCC2; .NET CLR 2.0.50727; .NET CLR 3.5.30729; .NET CLR 3.0.30729; Media Center PC 6.0; OfficeLiveConnector.1.4; OfficeLivePatch.1.3; BRI/2; .NET4.0C)"
213.239.205.118 - - [29/May/2017:03:29:49 +0530] "GET /logout.php HTTP/1.0" 302 369 "-" "Mozilla/5.0 (compatible; MSIE 10.0; Windows NT 6.1; Trident/6.0; SLCC2; .NET CLR 2.0.50727; .NET CLR 3.5.30729; .NET CLR 3.0.30729; Media Center PC 6.0; OfficeLiveConnector.1.4; OfficeLivePatch.1.3; BRI/2; .NET4.0C)"
213.239.205.118 - - [29/May/2017:03:29:50 +0530] "GET /index.php HTTP/1.0" 200 19479 "-" "Mozilla/5.0 (compatible; MSIE 10.0; Windows NT 6.1; Trident/6.0; SLCC2; .NET CLR 2.0.50727; .NET CLR 3.5.30729; .NET CLR 3.0.30729; Media Center PC 6.0; OfficeLiveConnector.1.4; OfficeLivePatch.1.3; BRI/2; .NET4.0C)"
213.239.205.118 - - [29/May/2017:03:29:51 +0530] "GET /registration.php HTTP/1.0" 302 28528 "-" "Mozilla/5.0 (compatible; MSIE 10.0; Windows NT 6.1; Trident/6.0; SLCC2; .NET CLR 2.0.50727; .NET CLR 3.5.30729; .NET CLR 3.0.30729; Media Center PC 6.0; OfficeLiveConnector.1.4; OfficeLivePatch.1.3; BRI/2; .NET4.0C)"
213.239.205.118 - - [29/May/2017:03:29:51 +0530] "GET /logout.php HTTP/1.0" 302 369 "-" "Mozilla/5.0 (compatible; MSIE 10.0; Windows NT 6.1; Trident/6.0; SLCC2; .NET CLR 2.0.50727; .NET CLR 3.5.30729; .NET CLR 3.0.30729; Media Center PC 6.0; OfficeLiveConnector.1.4; OfficeLivePatch.1.3; BRI/2; .NET4.0C)"
213.239.205.118 - - [29/May/2017:03:29:52 +0530] "GET /index.php HTTP/1.0" 200 19479 "-" "Mozilla/5.0 (compatible; MSIE 10.0; Windows NT 6.1; Trident/6.0; SLCC2; .NET CLR 2.0.50727; .NET CLR 3.5.30729; .NET CLR 3.0.30729; Media Center PC 6.0; OfficeLiveConnector.1.4; OfficeLivePatch.1.3; BRI/2; .NET4.0C)"
203.133.169.17 - - [29/May/2017:03:31:39 +0530] "GET /robots.txt HTTP/1.1" 404 208 "-" "Mozilla/5.0 (compatible; Daum/4.1; +http://cs.daum.net/faq/15/4118.html?faqId=28966)"
203.133.169.17 - - [29/May/2017:03:31:49 +0530] "GET / HTTP/1.1" 200 19479 "-" "Mozilla/5.0 (Unknown; Linux x86_64) AppleWebKit/538.1 (KHTML, like Gecko) Safari/538.1 Daum/4.1"
203.133.169.17 - - [29/May/2017:03:31:49 +0530] "GET /Scripts/AC_RunActiveContent.js HTTP/1.1" 200 8321 "http://www.cdmindia.gov.in/" "Mozilla/5.0 (Unknown; Linux x86_64) AppleWebKit/538.1 (KHTML, like Gecko) Safari/538.1 Daum/4.1"
203.133.169.17 - - [29/May/2017:03:31:49 +0530] "GET /js/base64_encode.js HTTP/1.1" 200 3002 "http://www.cdmindia.gov.in/" "Mozilla/5.0 (Unknown; Linux x86_64) AppleWebKit/538.1 (KHTML, like Gecko) Safari/538.1 Daum/4.1"
203.133.169.17 - - [29/May/2017:03:31:49 +0530] "GET /js/md5.js HTTP/1.1" 200 13194 "http://www.cdmindia.gov.in/" "Mozilla/5.0 (Unknown; Linux x86_64) AppleWebKit/538.1 (KHTML, like Gecko) Safari/538.1 Daum/4.1"
203.133.169.17 - - [29/May/2017:03:31:50 +0530] "GET /aboutus.php HTTP/1.1" 200 19596 "-" "Mozilla/5.0 (compatible; Daum/4.1; +http://cs.daum.net/faq/15/4118.html?faqId=28966)"
88.198.22.8 - - [29/May/2017:03:32:15 +0530] "GET /detail_news.php?id=18 HTTP/1.0" 302 18712 "-" "Mozilla/5.0 (compatible; MSIE 9.0; Windows NT 6.0; Trident/5.0; SLCC1; .NET CLR 2.0.50727; Media Center PC 5.0; InfoPath.2; .NET CLR 3.5.30729; .NET CLR 3.0.30729; .NET4.0C)"
88.198.22.8 - - [29/May/2017:03:32:15 +0530] "GET /logout.php HTTP/1.0" 302 369 "-" "Mozilla/5.0 (compatible; MSIE 9.0; Windows NT 6.0; Trident/5.0; SLCC1; .NET CLR 2.0.50727; Media Center PC 5.0; InfoPath.2; .NET CLR 3.5.30729; .NET CLR 3.0.30729; .NET4.0C)"
88.198.22.8 - - [29/May/2017:03:32:16 +0530] "GET /index.php HTTP/1.0" 200 19479 "-" "Mozilla/5.0 (compatible; MSIE 9.0; Windows NT 6.0; Trident/5.0; SLCC1; .NET CLR 2.0.50727; Media Center PC 5.0; InfoPath.2; .NET CLR 3.5.30729; .NET CLR 3.0.30729; .NET4.0C)"
88.198.22.8 - - [29/May/2017:03:32:17 +0530] "GET /registration.php HTTP/1.0" 302 28528 "-" "Mozilla/5.0 (compatible; MSIE 9.0; Windows NT 6.0; Trident/5.0; SLCC1; .NET CLR 2.0.50727; Media Center PC 5.0; InfoPath.2; .NET CLR 3.5.30729; .NET CLR 3.0.30729; .NET4.0C)"
88.198.22.8 - - [29/May/2017:03:32:17 +0530] "GET /logout.php HTTP/1.0" 302 369 "-" "Mozilla/5.0 (compatible; MSIE 9.0; Windows NT 6.0; Trident/5.0; SLCC1; .NET CLR 2.0.50727; Media Center PC 5.0; InfoPath.2; .NET CLR 3.5.30729; .NET CLR 3.0.30729; .NET4.0C)"
88.198.22.8 - - [29/May/2017:03:32:18 +0530] "GET /index.php HTTP/1.0" 200 19479 "-" "Mozilla/5.0 (compatible; MSIE 9.0; Windows NT 6.0; Trident/5.0; SLCC1; .NET CLR 2.0.50727; Media Center PC 5.0; InfoPath.2; .NET CLR 3.5.30729; .NET CLR 3.0.30729; .NET4.0C)"
157.55.39.227 - - [29/May/2017:03:35:55 +0530] "GET /project_details_view.php?id=1697 HTTP/1.1" 200 14638 "-" "Mozilla/5.0 (compatible; bingbot/2.0; +http://www.bing.com/bingbot.htm)"
66.249.79.129 - - [29/May/2017:03:37:21 +0530] "GET /project_details_view_report.php?id=919 HTTP/1.1" 200 13187 "-" "Mozilla/5.0 (compatible; Googlebot/2.1; +http://www.google.com/bot.html)"
157.55.39.227 - - [29/May/2017:03:38:04 +0530] "GET /contactus.php HTTP/1.1" 200 18291 "-" "Mozilla/5.0 (iPhone; CPU iPhone OS 7_0 like Mac OS X) AppleWebKit/537.51.1 (KHTML, like Gecko) Version/7.0 Mobile/11A465 Safari/9537.53 (compatible; bingbot/2.0; +http://www.bing.com/bingbot.htm)"
157.55.39.99 - - [29/May/2017:03:38:23 +0530] "GET /images/h_contactus.jpg HTTP/1.1" 200 21787 "-" "Mozilla/5.0 (iPhone; CPU iPhone OS 7_0 like Mac OS X) AppleWebKit/537.51.1 (KHTML, like Gecko) Version/7.0 Mobile/11A465 Safari/9537.53 (compatible; bingbot/2.0; +http://www.bing.com/bingbot.htm)"
202.46.58.153 - - [29/May/2017:03:39:47 +0530] "GET /reports_list_details.php?id=1&reporttype=1&page=99 HTTP/1.1" 200 22196 "-" "Mozilla/5.0 (Windows NT 10.0; WOW64) AppleWebKit/537.36 (KHTML, like Gecko) Chrome/45.0.2454.93 Safari/537.36"
157.55.39.130 - - [29/May/2017:03:41:28 +0530] "GET /project_details_view.php?id=1008 HTTP/1.1" 200 15128 "-" "Mozilla/5.0 (compatible; bingbot/2.0; +http://www.bing.com/bingbot.htm)"
210.232.15.27 - - [29/May/2017:03:41:37 +0530] "GET / HTTP/1.1" 200 19479 "-" "Mozilla/5.0 (Windows NT 5.1; rv:6.0.2) Gecko/20100101 Firefox/6.0.2"
157.55.39.227 - - [29/May/2017:03:42:24 +0530] "GET /reports_new.php HTTP/1.1" 200 22410 "-" "Mozilla/5.0 (compatible; bingbot/2.0; +http://www.bing.com/bingbot.htm)"
66.249.79.129 - - [29/May/2017:03:42:35 +0530] "GET /reports_list_details.php?id=fnxntyvmlpku&reporttype=&page=109 HTTP/1.1" 200 21825 "-" "Mozilla/5.0 (compatible; Googlebot/2.1; +http://www.google.com/bot.html)"
157.55.39.63 - - [29/May/2017:03:43:36 +0530] "GET /imp_links.php HTTP/1.1" 200 17833 "-" "Mozilla/5.0 (iPhone; CPU iPhone OS 7_0 like Mac OS X) AppleWebKit/537.51.1 (KHTML, like Gecko) Version/7.0 Mobile/11A465 Safari/9537.53 (compatible; bingbot/2.0; +http://www.bing.com/bingbot.htm)"
157.55.39.99 - - [29/May/2017:03:43:52 +0530] "GET /images/h_il.jpg HTTP/1.1" 200 22106 "-" "Mozilla/5.0 (iPhone; CPU iPhone OS 7_0 like Mac OS X) AppleWebKit/537.51.1 (KHTML, like Gecko) Version/7.0 Mobile/11A465 Safari/9537.53 (compatible; bingbot/2.0; +http://www.bing.com/bingbot.htm)"
34.207.98.73 - - [29/May/2017:03:47:45 +0530] "GET /robots.txt HTTP/1.0" 404 208 "-" "ia_archiver"
34.207.98.73 - - [29/May/2017:03:47:46 +0530] "GET /project_details_view.php?id=1557 HTTP/1.0" 200 14170 "-" "ia_archiver"
34.207.98.73 - - [29/May/2017:03:47:48 +0530] "GET /project_details_view.php?id=2152 HTTP/1.0" 200 15120 "-" "ia_archiver"
157.55.39.130 - - [29/May/2017:03:52:51 +0530] "GET /downloads/Comparision%20of%20PCN_30.03.doc HTTP/1.1" 200 49664 "-" "Mozilla/5.0 (iPhone; CPU iPhone OS 7_0 like Mac OS X) AppleWebKit/537.51.1 (KHTML, like Gecko) Version/7.0 Mobile/11A465 Safari/9537.53 (compatible; bingbot/2.0; +http://www.bing.com/bingbot.htm)"
157.55.39.227 - - [29/May/2017:03:52:57 +0530] "GET /Approved_proj_reports_list_details.php?id=5&reporttype=1&scale=&sdt=&edt=&exec= HTTP/1.1" 200 13016 "-" "Mozilla/5.0 (compatible; bingbot/2.0; +http://www.bing.com/bingbot.htm)"
202.46.58.158 - - [29/May/2017:03:53:42 +0530] "GET /project_details_view_report.php?id=1452 HTTP/1.1" 200 13253 "-" "Mozilla/5.0 (Windows NT 10.0; WOW64) AppleWebKit/537.36 (KHTML, like Gecko) Chrome/45.0.2454.93 Safari/537.36"
141.8.142.74 - - [29/May/2017:03:53:43 +0530] "GET /robots.txt HTTP/1.1" 404 208 "-" "Mozilla/5.0 (compatible; YandexBot/3.0; +http://yandex.com/bots)"
141.8.142.74 - - [29/May/2017:03:53:47 +0530] "GET /favicon.ico HTTP/1.1" 200 1189 "-" "Mozilla/5.0 (compatible; YandexBot/3.0; +http://yandex.com/bots)"
35.184.189.105 - - [29/May/2017:03:59:48 +0530] "GET /robots.txt HTTP/1.1" 404 208 "-" "ltx71 - (http://ltx71.com/)"
180.76.15.140 - - [29/May/2017:04:00:47 +0530] "GET / HTTP/1.1" 200 19479 "-" "Mozilla/5.0 (compatible; Baiduspider/2.0; +http://www.baidu.com/search/spider.html)"
157.55.39.130 - - [29/May/2017:04:02:48 +0530] "GET /project_details_view_report.php?id=1003 HTTP/1.1" 200 13222 "-" "Mozilla/5.0 (compatible; bingbot/2.0; +http://www.bing.com/bingbot.htm)"
202.46.56.11 - - [29/May/2017:04:07:38 +0530] "GET /project_details_view_report.php?id=1719 HTTP/1.1" 200 13203 "-" "Mozilla/5.0 (Windows NT 10.0; WOW64) AppleWebKit/537.36 (KHTML, like Gecko) Chrome/45.0.2454.93 Safari/537.36"
66.249.79.133 - - [29/May/2017:04:08:02 +0530] "GET /reports_list_details.php?id=tubkayrstf&reporttype=&page=159 HTTP/1.1" 200 22063 "-" "Mozilla/5.0 (compatible; Googlebot/2.1; +http://www.google.com/bot.html)"
157.55.39.130 - - [29/May/2017:04:20:46 +0530] "GET /project_details_view.php?id=806 HTTP/1.1" 200 15200 "-" "Mozilla/5.0 (compatible; bingbot/2.0; +http://www.bing.com/bingbot.htm)"
202.46.51.24 - - [29/May/2017:04:21:34 +0530] "GET /project_details_view_report.php?id=1249 HTTP/1.1" 200 13224 "-" "Mozilla/5.0 (Windows NT 10.0; WOW64) AppleWebKit/537.36 (KHTML, like Gecko) Chrome/45.0.2454.93 Safari/537.36"
66.249.79.133 - - [29/May/2017:04:23:12 +0530] "GET /project_details_view.php?id=247&oid=&page=90&reporttype= HTTP/1.1" 200 14117 "-" "Mozilla/5.0 (compatible; Googlebot/2.1; +http://www.google.com/bot.html)"
157.55.39.99 - - [29/May/2017:04:23:32 +0530] "GET /project_details_view.php?id=913 HTTP/1.1" 200 14591 "-" "Mozilla/5.0 (compatible; bingbot/2.0; +http://www.bing.com/bingbot.htm)"
66.249.79.129 - - [29/May/2017:04:28:14 +0530] "GET /project_details_view_report.php?id=1605 HTTP/1.1" 200 13220 "-" "Mozilla/5.0 (compatible; Googlebot/2.1; +http://www.google.com/bot.html)"
202.46.58.126 - - [29/May/2017:04:35:29 +0530] "GET /project_details_view_report.php?id=93 HTTP/1.1" 200 13206 "-" "Mozilla/5.0 (Windows NT 10.0; WOW64) AppleWebKit/537.36 (KHTML, like Gecko) Chrome/45.0.2454.93 Safari/537.36"
211.0.154.124 - - [29/May/2017:04:36:30 +0530] "GET / HTTP/1.1" 200 19479 "-" "Mozilla/5.0 (Windows NT 5.1; rv:6.0.2) Gecko/20100101 Firefox/6.0.2"
199.30.25.109 - - [29/May/2017:04:39:30 +0530] "GET /images/login.jpg HTTP/1.1" 200 1044 "-" "Mozilla/5.0 (iPhone; CPU iPhone OS 7_0 like Mac OS X) AppleWebKit/537.51.1 (KHTML, like Gecko) Version/7.0 Mobile/11A465 Safari/9537.53 BingPreview/1.0b"
199.30.25.109 - - [29/May/2017:04:39:32 +0530] "GET /images/img1.jpg HTTP/1.1" 200 1251 "-" "Mozilla/5.0 (iPhone; CPU iPhone OS 7_0 like Mac OS X) AppleWebKit/537.51.1 (KHTML, like Gecko) Version/7.0 Mobile/11A465 Safari/9537.53 BingPreview/1.0b"
199.30.25.109 - - [29/May/2017:04:39:34 +0530] "GET /images/fbg.jpg HTTP/1.1" 200 325 "-" "Mozilla/5.0 (iPhone; CPU iPhone OS 7_0 like Mac OS X) AppleWebKit/537.51.1 (KHTML, like Gecko) Version/7.0 Mobile/11A465 Safari/9537.53 BingPreview/1.0b"
185.81.158.26 - - [29/May/2017:04:45:22 +0530] "GET /js/tools.js HTTP/1.1" 404 209 "-" "Mozilla/5.0 (Windows NT 6.1; WOW64; rv:53.0) Gecko/20100101 Firefox/53.0"
180.76.15.153 - - [29/May/2017:04:46:38 +0530] "GET / HTTP/1.1" 200 19479 "-" "Mozilla/5.0 (compatible; Baiduspider/2.0; +http://www.baidu.com/search/spider.html)"
157.55.39.227 - - [29/May/2017:04:47:41 +0530] "GET /project_details_view_report.php?id=1093 HTTP/1.1" 200 13162 "-" "Mozilla/5.0 (compatible; bingbot/2.0; +http://www.bing.com/bingbot.htm)"
202.46.58.188 - - [29/May/2017:04:49:25 +0530] "GET /downloads/Carbon%20Market%20Roadmap.pdf HTTP/1.1" 200 4344697 "-" "Mozilla/5.0 (Windows NT 10.0; WOW64) AppleWebKit/537.36 (KHTML, like Gecko) Chrome/45.0.2454.93 Safari/537.36"
197.27.50.114 - - [29/May/2017:04:52:28 +0530] "GET /wp-login.php HTTP/1.1" 404 210 "-" "Mozilla/5.0 (Windows NT 6.1; WOW64; rv:40.0) Gecko/20100101 Firefox/40.1"
197.27.50.114 - - [29/May/2017:04:52:28 +0530] "GET / HTTP/1.1" 200 19479 "-" "Mozilla/5.0 (Windows NT 6.1; WOW64; rv:40.0) Gecko/20100101 Firefox/40.1"
66.249.79.133 - - [29/May/2017:04:58:23 +0530] "GET /reports_list_details.php?id=fnxntyvmlpku&reporttype=&page=117 HTTP/1.1" 200 21732 "-" "Mozilla/5.0 (compatible; Googlebot/2.1; +http://www.google.com/bot.html)"
157.55.39.63 - - [29/May/2017:05:02:10 +0530] "GET /aboutus.php HTTP/1.1" 200 19596 "-" "Mozilla/5.0 (iPhone; CPU iPhone OS 7_0 like Mac OS X) AppleWebKit/537.51.1 (KHTML, like Gecko) Version/7.0 Mobile/11A465 Safari/9537.53 (compatible; bingbot/2.0; +http://www.bing.com/bingbot.htm)"
157.55.39.130 - - [29/May/2017:05:02:24 +0530] "GET /project_details_view.php?id=2180 HTTP/1.1" 200 14212 "-" "Mozilla/5.0 (compatible; bingbot/2.0; +http://www.bing.com/bingbot.htm)"
157.55.39.227 - - [29/May/2017:05:02:29 +0530] "GET /approved_projects.php HTTP/1.1" 200 16641 "-" "Mozilla/5.0 (iPhone; CPU iPhone OS 7_0 like Mac OS X) AppleWebKit/537.51.1 (KHTML, like Gecko) Version/7.0 Mobile/11A465 Safari/9537.53 (compatible; bingbot/2.0; +http://www.bing.com/bingbot.htm)"
157.55.39.63 - - [29/May/2017:05:02:34 +0530] "GET /images/h_aboutus.jpg HTTP/1.1" 200 21693 "-" "Mozilla/5.0 (iPhone; CPU iPhone OS 7_0 like Mac OS X) AppleWebKit/537.51.1 (KHTML, like Gecko) Version/7.0 Mobile/11A465 Safari/9537.53 (compatible; bingbot/2.0; +http://www.bing.com/bingbot.htm)"
202.46.49.191 - - [29/May/2017:05:03:20 +0530] "GET /project_details_view_report.php?id=1479 HTTP/1.1" 200 13183 "-" "Mozilla/5.0 (Windows NT 10.0; WOW64) AppleWebKit/537.36 (KHTML, like Gecko) Chrome/45.0.2454.93 Safari/537.36"
157.55.39.99 - - [29/May/2017:05:03:37 +0530] "GET /detail_news.php?id=20 HTTP/1.1" 302 18265 "-" "Mozilla/5.0 (compatible; bingbot/2.0; +http://www.bing.com/bingbot.htm)"
157.55.39.99 - - [29/May/2017:05:03:38 +0530] "GET /logout.php HTTP/1.1" 302 369 "-" "Mozilla/5.0 (compatible; bingbot/2.0; +http://www.bing.com/bingbot.htm)"
157.55.39.99 - - [29/May/2017:05:03:39 +0530] "GET /index.php HTTP/1.1" 200 19479 "-" "Mozilla/5.0 (compatible; bingbot/2.0; +http://www.bing.com/bingbot.htm)"
66.249.79.91 - - [29/May/2017:05:14:04 +0530] "GET / HTTP/1.1" 200 19479 "-" "Mozilla/5.0 (Linux; Android 6.0.1; Nexus 5X Build/MMB29P) AppleWebKit/537.36 (KHTML, like Gecko) Chrome/41.0.2272.96 Mobile Safari/537.36 (compatible; Googlebot/2.1; +http://www.google.com/bot.html)"
68.180.228.167 - - [29/May/2017:05:15:36 +0530] "GET /robots.txt HTTP/1.1" 404 208 "-" "Mozilla/5.0 (compatible; Yahoo! Slurp; http://help.yahoo.com/help/us/ysearch/slurp)"
68.180.228.167 - - [29/May/2017:05:15:37 +0530] "GET /project_details_view.php?id=1503 HTTP/1.1" 200 15123 "-" "Mozilla/5.0 (compatible; Yahoo! Slurp; http://help.yahoo.com/help/us/ysearch/slurp)"
157.55.39.99 - - [29/May/2017:05:18:48 +0530] "GET /downloads/Carbon%20Market%20Roadmap.pdf HTTP/1.1" 200 4344697 "-" "Mozilla/5.0 (compatible; bingbot/2.0; +http://www.bing.com/bingbot.htm)"
66.249.79.129 - - [29/May/2017:05:19:02 +0530] "GET /project_details_view.php?id=257 HTTP/1.1" 200 14373 "-" "Mozilla/5.0 (compatible; Googlebot/2.1; +http://www.google.com/bot.html)"
157.55.39.99 - - [29/May/2017:05:23:44 +0530] "GET /project_details_view.php?id=1313 HTTP/1.1" 200 15354 "-" "Mozilla/5.0 (compatible; bingbot/2.0; +http://www.bing.com/bingbot.htm)"
66.249.79.131 - - [29/May/2017:05:24:01 +0530] "GET /reports_list_details.php?id=Gujarat&reporttype=2&page=10 HTTP/1.1" 200 22111 "-" "Mozilla/5.0 (compatible; Googlebot/2.1; +http://www.google.com/bot.html)"
106.76.217.55 - - [29/May/2017:05:28:04 +0530] "GET /project_details_view.php?id=1000 HTTP/1.1" 200 15750 "https://www.google.co.in/" "Mozilla/5.0 (Linux; Android 5.0.2; Mi 4i Build/LRX22G) AppleWebKit/537.36 (KHTML, like Gecko) Chrome/58.0.3029.83 Mobile Safari/537.36"
106.76.217.55 - - [29/May/2017:05:28:05 +0530] "GET /includes/ncdma.css HTTP/1.1" 200 13023 "http://www.cdmindia.gov.in/project_details_view.php?id=1000" "Mozilla/5.0 (Linux; Android 5.0.2; Mi 4i Build/LRX22G) AppleWebKit/537.36 (KHTML, like Gecko) Chrome/58.0.3029.83 Mobile Safari/537.36"
106.76.217.55 - - [29/May/2017:05:28:06 +0530] "GET /ncdma.css HTTP/1.1" 200 12640 "http://www.cdmindia.gov.in/project_details_view.php?id=1000" "Mozilla/5.0 (Linux; Android 5.0.2; Mi 4i Build/LRX22G) AppleWebKit/537.36 (KHTML, like Gecko) Chrome/58.0.3029.83 Mobile Safari/537.36"
106.76.217.55 - - [29/May/2017:05:28:07 +0530] "GET /Scripts/AC_RunActiveContent.js HTTP/1.1" 200 8321 "http://www.cdmindia.gov.in/project_details_view.php?id=1000" "Mozilla/5.0 (Linux; Android 5.0.2; Mi 4i Build/LRX22G) AppleWebKit/537.36 (KHTML, like Gecko) Chrome/58.0.3029.83 Mobile Safari/537.36"
106.76.217.55 - - [29/May/2017:05:28:08 +0530] "GET /images/img2.jpg HTTP/1.1" 200 16276 "http://www.cdmindia.gov.in/project_details_view.php?id=1000" "Mozilla/5.0 (Linux; Android 5.0.2; Mi 4i Build/LRX22G) AppleWebKit/537.36 (KHTML, like Gecko) Chrome/58.0.3029.83 Mobile Safari/537.36"
106.76.217.55 - - [29/May/2017:05:28:08 +0530] "GET /images/fbg.jpg HTTP/1.1" 200 325 "http://www.cdmindia.gov.in/project_details_view.php?id=1000" "Mozilla/5.0 (Linux; Android 5.0.2; Mi 4i Build/LRX22G) AppleWebKit/537.36 (KHTML, like Gecko) Chrome/58.0.3029.83 Mobile Safari/537.36"
106.76.217.55 - - [29/May/2017:05:28:08 +0530] "GET /images/img1.jpg HTTP/1.1" 200 1251 "http://www.cdmindia.gov.in/project_details_view.php?id=1000" "Mozilla/5.0 (Linux; Android 5.0.2; Mi 4i Build/LRX22G) AppleWebKit/537.36 (KHTML, like Gecko) Chrome/58.0.3029.83 Mobile Safari/537.36"
106.76.217.55 - - [29/May/2017:05:28:08 +0530] "GET /images/fdm.jpg HTTP/1.1" 200 2043 "http://www.cdmindia.gov.in/project_details_view.php?id=1000" "Mozilla/5.0 (Linux; Android 5.0.2; Mi 4i Build/LRX22G) AppleWebKit/537.36 (KHTML, like Gecko) Chrome/58.0.3029.83 Mobile Safari/537.36"
106.76.217.55 - - [29/May/2017:05:28:09 +0530] "GET /images/gtz.jpg HTTP/1.1" 200 15484 "http://www.cdmindia.gov.in/project_details_view.php?id=1000" "Mozilla/5.0 (Linux; Android 5.0.2; Mi 4i Build/LRX22G) AppleWebKit/537.36 (KHTML, like Gecko) Chrome/58.0.3029.83 Mobile Safari/537.36"
106.76.217.55 - - [29/May/2017:05:28:09 +0530] "GET /images/img3.jpg HTTP/1.1" 200 26957 "http://www.cdmindia.gov.in/project_details_view.php?id=1000" "Mozilla/5.0 (Linux; Android 5.0.2; Mi 4i Build/LRX22G) AppleWebKit/537.36 (KHTML, like Gecko) Chrome/58.0.3029.83 Mobile Safari/537.36"
106.76.217.55 - - [29/May/2017:05:28:11 +0530] "GET /images/spacer.gif HTTP/1.1" 200 43 "http://www.cdmindia.gov.in/project_details_view.php?id=1000" "Mozilla/5.0 (Linux; Android 5.0.2; Mi 4i Build/LRX22G) AppleWebKit/537.36 (KHTML, like Gecko) Chrome/58.0.3029.83 Mobile Safari/537.36"
106.76.217.55 - - [29/May/2017:05:28:11 +0530] "GET /images/bullet1.gif HTTP/1.1" 200 67 "http://www.cdmindia.gov.in/project_details_view.php?id=1000" "Mozilla/5.0 (Linux; Android 5.0.2; Mi 4i Build/LRX22G) AppleWebKit/537.36 (KHTML, like Gecko) Chrome/58.0.3029.83 Mobile Safari/537.36"
106.76.217.55 - - [29/May/2017:05:28:11 +0530] "GET /images/bulllet2.gif HTTP/1.1" 200 58 "http://www.cdmindia.gov.in/project_details_view.php?id=1000" "Mozilla/5.0 (Linux; Android 5.0.2; Mi 4i Build/LRX22G) AppleWebKit/537.36 (KHTML, like Gecko) Chrome/58.0.3029.83 Mobile Safari/537.36"
106.76.217.55 - - [29/May/2017:05:28:12 +0530] "GET /images/bullet4.gif HTTP/1.1" 200 67 "http://www.cdmindia.gov.in/project_details_view.php?id=1000" "Mozilla/5.0 (Linux; Android 5.0.2; Mi 4i Build/LRX22G) AppleWebKit/537.36 (KHTML, like Gecko) Chrome/58.0.3029.83 Mobile Safari/537.36"
106.76.217.55 - - [29/May/2017:05:28:13 +0530] "GET /favicon.ico HTTP/1.1" 200 1189 "http://www.cdmindia.gov.in/project_details_view.php?id=1000" "Mozilla/5.0 (Linux; Android 5.0.2; Mi 4i Build/LRX22G) AppleWebKit/537.36 (KHTML, like Gecko) Chrome/58.0.3029.83 Mobile Safari/537.36"
208.110.66.130 - - [29/May/2017:05:26:44 +0530] "POST /project_details_view.php?id=2152 HTTP/1.1" 200 15120 "http://www.cdmindia.gov.in/project_details_view.php?id=2152/wp-admin/" "Mozilla/5.0 (Windows; Windows NT 5.1; en-US) Firefox/3.5.0"
