35.184.189.105 - - [14/Jun/2017:01:17:30 +0530] "GET /robots.txt HTTP/1.1" 404 208 "-" "ltx71 - (http://ltx71.com/)"
202.46.52.113 - - [14/Jun/2017:01:20:40 +0530] "GET /project_details_view_report.php?id=959 HTTP/1.1" 200 13152 "-" "Mozilla/5.0 (Windows NT 10.0; WOW64) AppleWebKit/537.36 (KHTML, like Gecko) Chrome/45.0.2454.93 Safari/537.36"
66.249.79.131 - - [14/Jun/2017:01:33:11 +0530] "GET /project_details_view.php?id=228 HTTP/1.1" 200 14940 "-" "Mozilla/5.0 (compatible; Googlebot/2.1; +http://www.google.com/bot.html)"
157.55.39.52 - - [14/Jun/2017:01:35:00 +0530] "GET /robots.txt HTTP/1.1" 404 208 "-" "Mozilla/5.0 (compatible; bingbot/2.0; +http://www.bing.com/bingbot.htm)"
207.46.13.141 - - [14/Jun/2017:01:35:15 +0530] "GET / HTTP/1.1" 200 19483 "-" "Mozilla/5.0 (compatible; bingbot/2.0; +http://www.bing.com/bingbot.htm)"
207.46.13.141 - - [14/Jun/2017:01:35:25 +0530] "GET / HTTP/1.1" 200 19483 "-" "Mozilla/5.0 (compatible; bingbot/2.0; +http://www.bing.com/bingbot.htm)"
54.172.241.121 - - [14/Jun/2017:01:35:34 +0530] "GET /robots.txt HTTP/1.1" 404 208 "-" "ltx71 - (http://ltx71.com/)"
35.184.189.105 - - [14/Jun/2017:01:45:05 +0530] "GET /robots.txt HTTP/1.1" 404 208 "-" "ltx71 - (http://ltx71.com/)"
202.46.58.192 - - [14/Jun/2017:01:51:50 +0530] "GET /project_details_view_report.php?id=1637 HTTP/1.1" 200 13192 "-" "Mozilla/5.0 (Windows NT 10.0; WOW64) AppleWebKit/537.36 (KHTML, like Gecko) Chrome/45.0.2454.93 Safari/537.36"
157.55.39.176 - - [14/Jun/2017:02:04:33 +0530] "GET /project_details_view.php?id=1222 HTTP/1.1" 200 14922 "-" "Mozilla/5.0 (compatible; bingbot/2.0; +http://www.bing.com/bingbot.htm)"
90.57.160.7 - - [14/Jun/2017:02:04:59 +0530] "GET /robots.txt HTTP/1.1" 404 208 "-" "Java/1.8.0_101"
5.196.87.174 - - [14/Jun/2017:02:06:56 +0530] "GET /downloads/Comparision%20of%20PCN_30.03.doc HTTP/1.1" 200 49664 "-" "Mozilla/5.0 (compatible; AhrefsBot/5.2; +http://ahrefs.com/robot/)"
37.48.68.247 - - [14/Jun/2017:02:07:54 +0530] "GET / HTTP/1.0" 200 19483 "http://www.cdmindia.gov.in/" "Mozilla/4.0 (compatible; MSIE 6.0; Windows NT 5.1; SV1; .NET CLR 2.0.50727)"
35.184.189.105 - - [14/Jun/2017:02:12:10 +0530] "GET /robots.txt HTTP/1.1" 404 208 "-" "ltx71 - (http://ltx71.com/)"
157.55.39.208 - - [14/Jun/2017:02:12:53 +0530] "GET /project_details_view_report.php?id=694 HTTP/1.1" 200 13234 "-" "Mozilla/5.0 (compatible; bingbot/2.0; +http://www.bing.com/bingbot.htm)"
199.30.25.92 - - [14/Jun/2017:02:12:55 +0530] "GET /ncdma.css HTTP/1.1" 200 12640 "-" "Mozilla/5.0 (Windows NT 6.1; WOW64) AppleWebKit/534+ (KHTML, like Gecko) BingPreview/1.0b"
66.249.79.129 - - [14/Jun/2017:02:15:45 +0530] "GET /project_details_view.php?id=1837 HTTP/1.1" 200 14730 "-" "Mozilla/5.0 (compatible; Googlebot/2.1; +http://www.google.com/bot.html)"
35.184.189.105 - - [14/Jun/2017:02:20:56 +0530] "GET /robots.txt HTTP/1.1" 404 208 "-" "ltx71 - (http://ltx71.com/)"
202.46.53.11 - - [14/Jun/2017:02:23:00 +0530] "GET /project_details_view_report.php?id=692 HTTP/1.1" 200 13168 "-" "Mozilla/5.0 (Windows NT 10.0; WOW64) AppleWebKit/537.36 (KHTML, like Gecko) Chrome/45.0.2454.93 Safari/537.36"
157.55.39.208 - - [14/Jun/2017:02:29:33 +0530] "GET /downloads/Carbon%20Market%20Roadmap.pdf HTTP/1.1" 200 4344697 "-" "Mozilla/5.0 (iPhone; CPU iPhone OS 7_0 like Mac OS X) AppleWebKit/537.51.1 (KHTML, like Gecko) Version/7.0 Mobile/11A465 Safari/9537.53 (compatible; bingbot/2.0; +http://www.bing.com/bingbot.htm)"
157.55.39.165 - - [14/Jun/2017:02:39:02 +0530] "GET /project_details_view.php?id=508 HTTP/1.1" 200 15041 "-" "Mozilla/5.0 (compatible; bingbot/2.0; +http://www.bing.com/bingbot.htm)"
157.55.39.176 - - [14/Jun/2017:02:40:33 +0530] "GET /project_details_view.php?id=549 HTTP/1.1" 200 15123 "-" "Mozilla/5.0 (compatible; bingbot/2.0; +http://www.bing.com/bingbot.htm)"
54.172.241.121 - - [14/Jun/2017:02:47:32 +0530] "GET /robots.txt HTTP/1.1" 404 208 "-" "ltx71 - (http://ltx71.com/)"
202.46.53.56 - - [14/Jun/2017:02:54:11 +0530] "GET /project_details_view_report.php?id=647 HTTP/1.1" 200 13158 "-" "Mozilla/5.0 (Windows NT 10.0; WOW64) AppleWebKit/537.36 (KHTML, like Gecko) Chrome/45.0.2454.93 Safari/537.36"
66.249.79.133 - - [14/Jun/2017:02:55:20 +0530] "GET /project_details_view.php?id=562 HTTP/1.1" 200 14563 "-" "Mozilla/5.0 (compatible; Googlebot/2.1; +http://www.google.com/bot.html)"
162.144.111.251 - - [14/Jun/2017:03:00:11 +0530] "GET /detail_news.php?id=3'A=0 HTTP/1.1" 200 11733 "http://www.cdmindia.gov.in/detail_news.php?id=3'A=0" "Mozilla/5.0 (Windows; U; Windows NT 5.1; pt-PT; rv:1.9.1.2) Gecko/20090729 Firefox/3.5.2 (.NET CLR 3.5.30729)"
66.249.79.29 - - [14/Jun/2017:03:00:17 +0530] "GET / HTTP/1.1" 200 19483 "-" "Mozilla/5.0 (compatible; Googlebot/2.1; +http://www.google.com/bot.html)"
35.184.189.105 - - [14/Jun/2017:03:08:06 +0530] "GET /robots.txt HTTP/1.1" 404 208 "-" "ltx71 - (http://ltx71.com/)"
5.196.87.171 - - [14/Jun/2017:03:08:46 +0530] "GET /contactus.php HTTP/1.1" 200 18295 "-" "Mozilla/5.0 (compatible; AhrefsBot/5.2; +http://ahrefs.com/robot/)"
35.184.189.105 - - [14/Jun/2017:03:15:00 +0530] "GET /robots.txt HTTP/1.1" 404 208 "-" "ltx71 - (http://ltx71.com/)"
35.184.189.105 - - [14/Jun/2017:03:15:23 +0530] "GET /approval_process.php HTTP/1.1" 200 25915 "-" "ltx71 - (http://ltx71.com/)"
202.46.50.134 - - [14/Jun/2017:03:25:21 +0530] "GET /project_details_view_report.php?id=1546 HTTP/1.1" 200 13286 "-" "Mozilla/5.0 (Windows NT 10.0; WOW64) AppleWebKit/537.36 (KHTML, like Gecko) Chrome/45.0.2454.93 Safari/537.36"
35.184.189.105 - - [14/Jun/2017:03:28:43 +0530] "GET /robots.txt HTTP/1.1" 404 208 "-" "ltx71 - (http://ltx71.com/)"
51.255.71.130 - - [14/Jun/2017:03:30:50 +0530] "GET /admin/forgotpassword.php HTTP/1.1" 200 6192 "-" "Mozilla/5.0 (compatible; AhrefsBot/5.2; +http://ahrefs.com/robot/)"
40.77.179.203 - - [14/Jun/2017:03:31:13 +0530] "GET /downloads/Carbon%20Market%20Roadmap.pdf HTTP/1.1" 200 4344697 "-" "Mozilla/5.0 (iPhone; CPU iPhone OS 7_0 like Mac OS X) AppleWebKit/537.51.1 (KHTML, like Gecko) Version/7.0 Mobile/11A465 Safari/9537.53 BingPreview/1.0b"
54.172.241.121 - - [14/Jun/2017:03:39:34 +0530] "GET /robots.txt HTTP/1.1" 404 208 "-" "ltx71 - (http://ltx71.com/)"
35.184.189.105 - - [14/Jun/2017:03:41:03 +0530] "GET /robots.txt HTTP/1.1" 404 208 "-" "ltx71 - (http://ltx71.com/)"
35.184.189.105 - - [14/Jun/2017:03:42:05 +0530] "GET /events_more.php HTTP/1.1" 200 16908 "-" "ltx71 - (http://ltx71.com/)"
157.55.39.208 - - [14/Jun/2017:03:54:59 +0530] "GET /project_details_view.php?id=1897 HTTP/1.1" 200 14872 "-" "Mozilla/5.0 (compatible; bingbot/2.0; +http://www.bing.com/bingbot.htm)"
157.55.39.208 - - [14/Jun/2017:03:56:05 +0530] "GET /detail_news.php?id=20 HTTP/1.1" 302 18269 "-" "Mozilla/5.0 (compatible; bingbot/2.0; +http://www.bing.com/bingbot.htm)"
157.55.39.208 - - [14/Jun/2017:03:56:07 +0530] "GET /logout.php HTTP/1.1" 302 369 "-" "Mozilla/5.0 (compatible; bingbot/2.0; +http://www.bing.com/bingbot.htm)"
157.55.39.208 - - [14/Jun/2017:03:56:07 +0530] "GET /index.php HTTP/1.1" 200 19483 "-" "Mozilla/5.0 (compatible; bingbot/2.0; +http://www.bing.com/bingbot.htm)"
202.46.52.79 - - [14/Jun/2017:03:56:31 +0530] "GET /project_details_view.php?id=1143 HTTP/1.1" 200 14469 "-" "Mozilla/5.0 (Windows NT 10.0; WOW64) AppleWebKit/537.36 (KHTML, like Gecko) Chrome/45.0.2454.93 Safari/537.36"
66.249.79.133 - - [14/Jun/2017:03:58:28 +0530] "GET /robots.txt HTTP/1.1" 404 208 "-" "Mozilla/5.0 (compatible; Googlebot/2.1; +http://www.google.com/bot.html)"
66.249.79.133 - - [14/Jun/2017:03:58:29 +0530] "GET /project_details_view.php?id=268 HTTP/1.1" 200 14071 "-" "Mozilla/5.0 (compatible; Googlebot/2.1; +http://www.google.com/bot.html)"
157.55.39.208 - - [14/Jun/2017:04:09:59 +0530] "GET /downloads/Carbon%20Market%20Roadmap.pdf HTTP/1.1" 200 4344697 "-" "Mozilla/5.0 (compatible; bingbot/2.0; +http://www.bing.com/bingbot.htm)"
5.196.87.173 - - [14/Jun/2017:04:11:25 +0530] "GET /constitution.php HTTP/1.1" 200 23672 "-" "Mozilla/5.0 (compatible; AhrefsBot/5.2; +http://ahrefs.com/robot/)"
54.173.165.103 - - [14/Jun/2017:04:16:59 +0530] "GET / HTTP/1.1" 200 19483 "-" "Mozilla/5.0 (X11; Linux x86_64) AppleWebKit/537.36 (KHTML, like Gecko) Chrome/43.0.2357.134 Safari/537.36 http://notifyninja.com/monitoring"
66.249.79.129 - - [14/Jun/2017:04:17:19 +0530] "GET /project_details_view.php?id=1144 HTTP/1.1" 200 14798 "-" "Mozilla/5.0 (Linux; Android 6.0.1; Nexus 5X Build/MMB29P) AppleWebKit/537.36 (KHTML, like Gecko) Chrome/41.0.2272.96 Mobile Safari/537.36 (compatible; Googlebot/2.1; +http://www.google.com/bot.html)"
216.244.66.196 - - [14/Jun/2017:04:18:40 +0530] "GET /robots.txt HTTP/1.1" 404 208 "-" "Mozilla/5.0 (compatible; DotBot/1.1; http://www.opensiteexplorer.org/dotbot, help@moz.com)"
157.55.39.208 - - [14/Jun/2017:04:27:28 +0530] "GET /project_details_view.php?id=1326 HTTP/1.1" 200 14861 "-" "Mozilla/5.0 (compatible; bingbot/2.0; +http://www.bing.com/bingbot.htm)"
202.46.51.194 - - [14/Jun/2017:04:27:41 +0530] "GET /reports_list_details.php?id=Small&reporttype=4&page=224 HTTP/1.1" 200 19417 "-" "Mozilla/5.0 (Windows NT 10.0; WOW64) AppleWebKit/537.36 (KHTML, like Gecko) Chrome/45.0.2454.93 Safari/537.36"
66.249.79.129 - - [14/Jun/2017:04:30:55 +0530] "GET /project_details_view.php?id=1444 HTTP/1.1" 200 14475 "-" "Mozilla/5.0 (compatible; Googlebot/2.1; +http://www.google.com/bot.html)"
66.249.79.129 - - [14/Jun/2017:04:33:26 +0530] "GET /project_details_view.php?id=1738 HTTP/1.1" 200 14223 "-" "Mozilla/5.0 (compatible; Googlebot/2.1; +http://www.google.com/bot.html)"
207.46.13.141 - - [14/Jun/2017:04:35:09 +0530] "GET /downloads/New%20PCN.doc HTTP/1.1" 200 435200 "-" "Mozilla/5.0 (compatible; bingbot/2.0; +http://www.bing.com/bingbot.htm)"
66.249.79.129 - - [14/Jun/2017:04:38:37 +0530] "GET /project_details_view.php?id=219 HTTP/1.1" 200 15128 "-" "Mozilla/5.0 (compatible; Googlebot/2.1; +http://www.google.com/bot.html)"
157.55.39.165 - - [14/Jun/2017:04:48:30 +0530] "GET /constitution.php HTTP/1.1" 200 23672 "-" "Mozilla/5.0 (compatible; bingbot/2.0; +http://www.bing.com/bingbot.htm)"
66.249.79.129 - - [14/Jun/2017:04:48:47 +0530] "GET /reports_list_details.php?id=3&reporttype=1&page=20 HTTP/1.1" 200 17878 "-" "Mozilla/5.0 (compatible; Googlebot/2.1; +http://www.google.com/bot.html)"
157.55.39.165 - - [14/Jun/2017:04:50:57 +0530] "GET /downloads/Template_sharing%202Percent.doc HTTP/1.1" 200 73728 "-" "Mozilla/5.0 (compatible; bingbot/2.0; +http://www.bing.com/bingbot.htm)"
157.55.39.208 - - [14/Jun/2017:04:51:49 +0530] "GET /news_more.php HTTP/1.1" 200 21064 "-" "Mozilla/5.0 (compatible; bingbot/2.0; +http://www.bing.com/bingbot.htm)"
46.229.164.98 - - [14/Jun/2017:04:53:24 +0530] "GET /robots.txt HTTP/1.1" 404 208 "-" "Mozilla/5.0 (compatible; SemrushBot/1.2~bl; +http://www.semrush.com/bot.html)"
35.184.189.105 - - [14/Jun/2017:04:57:57 +0530] "GET /robots.txt HTTP/1.1" 404 208 "-" "ltx71 - (http://ltx71.com/)"
202.46.58.206 - - [14/Jun/2017:04:58:51 +0530] "GET /project_details_view_report.php?id=848 HTTP/1.1" 200 13189 "-" "Mozilla/5.0 (Windows NT 10.0; WOW64) AppleWebKit/537.36 (KHTML, like Gecko) Chrome/45.0.2454.93 Safari/537.36"
66.249.79.133 - - [14/Jun/2017:04:59:07 +0530] "GET /project_details_view.php?id=585&oid=1&page=67&reporttype=1 HTTP/1.1" 200 14003 "-" "Mozilla/5.0 (compatible; Googlebot/2.1; +http://www.google.com/bot.html)"
66.249.79.131 - - [14/Jun/2017:05:00:58 +0530] "GET /project_details_view.php?id=177 HTTP/1.1" 200 14304 "-" "Mozilla/5.0 (compatible; Googlebot/2.1; +http://www.google.com/bot.html)"
54.172.241.121 - - [14/Jun/2017:05:01:06 +0530] "GET /robots.txt HTTP/1.1" 404 208 "-" "ltx71 - (http://ltx71.com/)"
54.172.241.121 - - [14/Jun/2017:05:01:51 +0530] "GET / HTTP/1.1" 200 19483 "-" "ltx71 - (http://ltx71.com/)"
66.249.79.129 - - [14/Jun/2017:05:04:07 +0530] "GET /reports_list_details.php?id=tubkayrstf&reporttype=&page=45 HTTP/1.1" 200 22308 "-" "Mozilla/5.0 (compatible; Googlebot/2.1; +http://www.google.com/bot.html)"
157.55.39.165 - - [14/Jun/2017:05:04:52 +0530] "GET /downloads/Template_sharing%202Percent.doc HTTP/1.1" 200 73728 "-" "Mozilla/5.0 (compatible; bingbot/2.0; +http://www.bing.com/bingbot.htm)"
40.77.167.78 - - [14/Jun/2017:05:06:17 +0530] "GET /project_details_view_report.php?id=404 HTTP/1.1" 200 13203 "-" "Mozilla/5.0 (iPhone; CPU iPhone OS 7_0 like Mac OS X) AppleWebKit/537.51.1 (KHTML, like Gecko) Version/7.0 Mobile/11A465 Safari/9537.53 (compatible; bingbot/2.0; +http://www.bing.com/bingbot.htm)"
157.55.39.208 - - [14/Jun/2017:05:06:21 +0530] "GET /project_details_view_report.php?id=308 HTTP/1.1" 200 13101 "-" "Mozilla/5.0 (iPhone; CPU iPhone OS 7_0 like Mac OS X) AppleWebKit/537.51.1 (KHTML, like Gecko) Version/7.0 Mobile/11A465 Safari/9537.53 (compatible; bingbot/2.0; +http://www.bing.com/bingbot.htm)"
157.55.39.165 - - [14/Jun/2017:05:06:26 +0530] "GET /detail_events.php?id= HTTP/1.1" 302 16741 "-" "Mozilla/5.0 (compatible; bingbot/2.0; +http://www.bing.com/bingbot.htm)"
157.55.39.165 - - [14/Jun/2017:05:06:26 +0530] "GET /logout.php HTTP/1.1" 302 369 "-" "Mozilla/5.0 (compatible; bingbot/2.0; +http://www.bing.com/bingbot.htm)"
157.55.39.165 - - [14/Jun/2017:05:06:27 +0530] "GET /index.php HTTP/1.1" 200 19483 "-" "Mozilla/5.0 (compatible; bingbot/2.0; +http://www.bing.com/bingbot.htm)"
157.55.39.165 - - [14/Jun/2017:05:07:43 +0530] "GET /sitemap.php HTTP/1.1" 200 18472 "-" "Mozilla/5.0 (compatible; bingbot/2.0; +http://www.bing.com/bingbot.htm)"
66.249.79.129 - - [14/Jun/2017:05:09:08 +0530] "GET /project_details_view.php?id=1106 HTTP/1.1" 200 13992 "-" "Mozilla/5.0 (Linux; Android 6.0.1; Nexus 5X Build/MMB29P) AppleWebKit/537.36 (KHTML, like Gecko) Chrome/41.0.2272.96 Mobile Safari/537.36 (compatible; Googlebot/2.1; +http://www.google.com/bot.html)"
66.249.79.129 - - [14/Jun/2017:05:09:12 +0530] "GET /reports_list_details.php?id=tubkayrstf&reporttype=&page=162 HTTP/1.1" 200 22377 "-" "Mozilla/5.0 (compatible; Googlebot/2.1; +http://www.google.com/bot.html)"
66.249.79.133 - - [14/Jun/2017:05:11:15 +0530] "GET /project_details_view.php?id=375 HTTP/1.1" 200 14130 "-" "Mozilla/5.0 (compatible; Googlebot/2.1; +http://www.google.com/bot.html)"
35.184.189.105 - - [14/Jun/2017:05:11:44 +0530] "GET /robots.txt HTTP/1.1" 404 208 "-" "ltx71 - (http://ltx71.com/)"
66.249.79.129 - - [14/Jun/2017:05:13:03 +0530] "GET /project_details_view.php?id=248 HTTP/1.1" 200 14171 "-" "Mozilla/5.0 (compatible; Googlebot/2.1; +http://www.google.com/bot.html)"
66.249.79.131 - - [14/Jun/2017:05:13:07 +0530] "GET /project_details_view.php?id=267 HTTP/1.1" 200 14208 "-" "Mozilla/5.0 (compatible; Googlebot/2.1; +http://www.google.com/bot.html)"
66.249.79.131 - - [14/Jun/2017:05:13:10 +0530] "GET /project_details_view.php?id=372 HTTP/1.1" 200 21008 "-" "Mozilla/5.0 (compatible; Googlebot/2.1; +http://www.google.com/bot.html)"
157.55.39.165 - - [14/Jun/2017:05:14:42 +0530] "GET /imp_links.php HTTP/1.1" 200 17837 "-" "Mozilla/5.0 (compatible; bingbot/2.0; +http://www.bing.com/bingbot.htm)"
5.196.87.175 - - [14/Jun/2017:05:15:24 +0530] "GET /capacity_building.php HTTP/1.1" 200 19189 "-" "Mozilla/5.0 (compatible; AhrefsBot/5.2; +http://ahrefs.com/robot/)"
157.55.39.165 - - [14/Jun/2017:05:18:15 +0530] "GET /constitution.php HTTP/1.1" 200 23672 "-" "Mozilla/5.0 (compatible; bingbot/2.0; +http://www.bing.com/bingbot.htm)"
66.249.79.131 - - [14/Jun/2017:05:19:06 +0530] "GET /project_details_view.php?id=1738 HTTP/1.1" 200 14223 "-" "Mozilla/5.0 (Linux; Android 6.0.1; Nexus 5X Build/MMB29P) AppleWebKit/537.36 (KHTML, like Gecko) Chrome/41.0.2272.96 Mobile Safari/537.36 (compatible; Googlebot/2.1; +http://www.google.com/bot.html)"
207.46.13.141 - - [14/Jun/2017:05:21:44 +0530] "GET /downloads/Comparision%20of%20PCN_30.03.doc HTTP/1.1" 200 49664 "-" "Mozilla/5.0 (compatible; bingbot/2.0; +http://www.bing.com/bingbot.htm)"
35.184.189.105 - - [14/Jun/2017:05:24:05 +0530] "GET /robots.txt HTTP/1.1" 404 208 "-" "ltx71 - (http://ltx71.com/)"
216.244.66.196 - - [14/Jun/2017:05:28:49 +0530] "GET /imp_links.php HTTP/1.1" 200 17837 "-" "Mozilla/5.0 (compatible; DotBot/1.1; http://www.opensiteexplorer.org/dotbot, help@moz.com)"
66.249.79.131 - - [14/Jun/2017:05:29:17 +0530] "GET /reports_list_details.php?id=tubkayrstf&reporttype=&page=164 HTTP/1.1" 200 22626 "-" "Mozilla/5.0 (compatible; Googlebot/2.1; +http://www.google.com/bot.html)"
157.55.39.208 - - [14/Jun/2017:05:29:38 +0530] "GET /detail_news.php?id=19 HTTP/1.1" 302 19085 "-" "Mozilla/5.0 (compatible; bingbot/2.0; +http://www.bing.com/bingbot.htm)"
157.55.39.208 - - [14/Jun/2017:05:29:39 +0530] "GET /logout.php HTTP/1.1" 302 369 "-" "Mozilla/5.0 (compatible; bingbot/2.0; +http://www.bing.com/bingbot.htm)"
157.55.39.208 - - [14/Jun/2017:05:29:40 +0530] "GET /index.php HTTP/1.1" 200 19483 "-" "Mozilla/5.0 (compatible; bingbot/2.0; +http://www.bing.com/bingbot.htm)"
202.46.58.80 - - [14/Jun/2017:05:30:01 +0530] "GET /project_details_view_report.php?id=1586 HTTP/1.1" 200 13143 "-" "Mozilla/5.0 (Windows NT 10.0; WOW64) AppleWebKit/537.36 (KHTML, like Gecko) Chrome/45.0.2454.93 Safari/537.36"
40.77.167.78 - - [14/Jun/2017:05:30:24 +0530] "GET /contactus.php HTTP/1.1" 200 18295 "-" "Mozilla/5.0 (compatible; bingbot/2.0; +http://www.bing.com/bingbot.htm)"
109.196.74.31 - - [14/Jun/2017:05:31:07 +0530] "GET /approval_process.php HTTP/1.0" 200 25915 "http://cdmindia.gov.in/approval_process.php" "Mozilla/5.0 (Windows NT 6.1; WOW64; rv:52.0) Gecko/20100101 Firefox/52.0"
54.172.241.121 - - [14/Jun/2017:05:32:16 +0530] "GET /robots.txt HTTP/1.1" 404 208 "-" "ltx71 - (http://ltx71.com/)"
66.249.79.131 - - [14/Jun/2017:05:34:27 +0530] "GET /reports_list_details.php?id=tubkayrstf&reporttype=&page=31 HTTP/1.1" 200 22132 "-" "Mozilla/5.0 (compatible; Googlebot/2.1; +http://www.google.com/bot.html)"
66.249.79.131 - - [14/Jun/2017:05:39:37 +0530] "GET /project_details_view_report.php?id=425 HTTP/1.1" 200 13144 "-" "Mozilla/5.0 (compatible; Googlebot/2.1; +http://www.google.com/bot.html)"
40.77.167.78 - - [14/Jun/2017:05:40:52 +0530] "GET /registration.php HTTP/1.1" 302 28532 "-" "Mozilla/5.0 (compatible; bingbot/2.0; +http://www.bing.com/bingbot.htm)"
40.77.167.78 - - [14/Jun/2017:05:40:52 +0530] "GET /logout.php HTTP/1.1" 302 369 "-" "Mozilla/5.0 (compatible; bingbot/2.0; +http://www.bing.com/bingbot.htm)"
40.77.167.78 - - [14/Jun/2017:05:40:53 +0530] "GET /index.php HTTP/1.1" 200 19483 "-" "Mozilla/5.0 (compatible; bingbot/2.0; +http://www.bing.com/bingbot.htm)"
40.77.167.78 - - [14/Jun/2017:05:41:40 +0530] "GET /registration.php HTTP/1.1" 302 28532 "-" "Mozilla/5.0 (compatible; bingbot/2.0; +http://www.bing.com/bingbot.htm)"
40.77.167.78 - - [14/Jun/2017:05:41:41 +0530] "GET /logout.php HTTP/1.1" 302 369 "-" "Mozilla/5.0 (compatible; bingbot/2.0; +http://www.bing.com/bingbot.htm)"
40.77.167.78 - - [14/Jun/2017:05:41:42 +0530] "GET /index.php HTTP/1.1" 200 19483 "-" "Mozilla/5.0 (compatible; bingbot/2.0; +http://www.bing.com/bingbot.htm)"
66.249.79.131 - - [14/Jun/2017:05:44:47 +0530] "GET / HTTP/1.1" 200 19483 "-" "Mozilla/5.0 (Linux; Android 6.0.1; Nexus 5X Build/MMB29P) AppleWebKit/537.36 (KHTML, like Gecko) Chrome/41.0.2272.96 Mobile Safari/537.36 (compatible; Googlebot/2.1; +http://www.google.com/bot.html)"
66.249.79.129 - - [14/Jun/2017:05:49:51 +0530] "GET /approval_process.php HTTP/1.1" 200 25915 "-" "Mozilla/5.0 (compatible; Googlebot/2.1; +http://www.google.com/bot.html)"
40.77.167.78 - - [14/Jun/2017:05:49:55 +0530] "GET /project_details_view.php?id=1472 HTTP/1.1" 200 15077 "-" "Mozilla/5.0 (compatible; bingbot/2.0; +http://www.bing.com/bingbot.htm)"
40.77.167.78 - - [14/Jun/2017:05:51:37 +0530] "GET /approval_process.php HTTP/1.1" 200 25915 "-" "Mozilla/5.0 (compatible; bingbot/2.0; +http://www.bing.com/bingbot.htm)"
207.46.13.141 - - [14/Jun/2017:05:52:52 +0530] "GET /project_details_view_report.php?id=541 HTTP/1.1" 200 13183 "-" "Mozilla/5.0 (iPhone; CPU iPhone OS 7_0 like Mac OS X) AppleWebKit/537.51.1 (KHTML, like Gecko) Version/7.0 Mobile/11A465 Safari/9537.53 (compatible; bingbot/2.0; +http://www.bing.com/bingbot.htm)"
66.249.79.131 - - [14/Jun/2017:05:54:47 +0530] "GET /project_details_view.php?id=1215&oid=&page=42&reporttype= HTTP/1.1" 200 14192 "-" "Mozilla/5.0 (compatible; Googlebot/2.1; +http://www.google.com/bot.html)"
180.76.15.6 - - [14/Jun/2017:05:55:46 +0530] "GET /robots.txt HTTP/1.1" 404 208 "-" "Mozilla/5.0 (Windows NT 5.1; rv:6.0.2) Gecko/20100101 Firefox/6.0.2"
157.55.39.208 - - [14/Jun/2017:05:57:04 +0530] "GET /images/NCDMA%20PCN%20Format%2017072009.doc HTTP/1.1" 200 114176 "-" "Mozilla/5.0 (compatible; bingbot/2.0; +http://www.bing.com/bingbot.htm)"
202.46.51.106 - - [14/Jun/2017:06:01:11 +0530] "GET /project_details_view.php?id=1144 HTTP/1.1" 200 14798 "-" "Mozilla/5.0 (Windows NT 10.0; WOW64) AppleWebKit/537.36 (KHTML, like Gecko) Chrome/45.0.2454.93 Safari/537.36"
35.184.189.105 - - [14/Jun/2017:06:05:19 +0530] "GET /robots.txt HTTP/1.1" 404 208 "-" "ltx71 - (http://ltx71.com/)"
35.184.189.105 - - [14/Jun/2017:06:07:17 +0530] "GET /downloads/Carbon%20Market%20Roadmap.pdf HTTP/1.1" 200 4344697 "-" "ltx71 - (http://ltx71.com/)"
157.55.39.208 - - [14/Jun/2017:06:08:28 +0530] "GET /project_details_view_report.php?id=407 HTTP/1.1" 200 13181 "-" "Mozilla/5.0 (iPhone; CPU iPhone OS 7_0 like Mac OS X) AppleWebKit/537.51.1 (KHTML, like Gecko) Version/7.0 Mobile/11A465 Safari/9537.53 (compatible; bingbot/2.0; +http://www.bing.com/bingbot.htm)"
66.249.79.17 - - [14/Jun/2017:06:09:58 +0530] "GET /project_details_view_report.php?id=1540 HTTP/1.1" 200 13160 "-" "Mozilla/5.0 (compatible; Googlebot/2.1; +http://www.google.com/bot.html)"
66.249.79.19 - - [14/Jun/2017:06:11:14 +0530] "GET /project_details_view.php?id=806 HTTP/1.1" 200 15204 "-" "Mozilla/5.0 (compatible; Googlebot/2.1; +http://www.google.com/bot.html)"
68.180.228.167 - - [14/Jun/2017:06:11:15 +0530] "GET /robots.txt HTTP/1.1" 404 208 "-" "Mozilla/5.0 (compatible; Yahoo! Slurp; http://help.yahoo.com/help/us/ysearch/slurp)"
68.180.228.167 - - [14/Jun/2017:06:11:16 +0530] "GET /reports_list_details.php?id=West%20Bengal&reporttype=2&page=5 HTTP/1.1" 200 21500 "-" "Mozilla/5.0 (compatible; Yahoo! Slurp; http://help.yahoo.com/help/us/ysearch/slurp)"
157.55.39.208 - - [14/Jun/2017:06:13:03 +0530] "GET /Approved_proj_reports_list_details.php?id=1&reporttype=1&scale=&sdt=&edt=&exec=&page=41 HTTP/1.1" 200 17198 "-" "Mozilla/5.0 (compatible; bingbot/2.0; +http://www.bing.com/bingbot.htm)"
175.143.155.31 - - [14/Jun/2017:06:15:42 +0530] "GET / HTTP/1.1" 200 19483 "-" "Mozilla/4.0 (compatible; MSIE 5.0; Windows NT; DigExt; DTS Agent"
157.55.39.208 - - [14/Jun/2017:06:16:52 +0530] "GET /future_projects.php HTTP/1.1" 302 26213 "-" "Mozilla/5.0 (compatible; bingbot/2.0; +http://www.bing.com/bingbot.htm)"
157.55.39.208 - - [14/Jun/2017:06:16:54 +0530] "GET /logout.php HTTP/1.1" 302 369 "-" "Mozilla/5.0 (compatible; bingbot/2.0; +http://www.bing.com/bingbot.htm)"
157.55.39.208 - - [14/Jun/2017:06:16:55 +0530] "GET /index.php HTTP/1.1" 200 19483 "-" "Mozilla/5.0 (compatible; bingbot/2.0; +http://www.bing.com/bingbot.htm)"
5.196.87.173 - - [14/Jun/2017:06:17:55 +0530] "GET /approved_projects.php?n=1 HTTP/1.1" 200 16645 "-" "Mozilla/5.0 (compatible; AhrefsBot/5.2; +http://ahrefs.com/robot/)"
66.249.79.17 - - [14/Jun/2017:06:19:57 +0530] "GET /project_details_view.php?id=1871 HTTP/1.1" 200 14055 "-" "Mozilla/5.0 (compatible; Googlebot/2.1; +http://www.google.com/bot.html)"
157.55.39.165 - - [14/Jun/2017:06:25:11 +0530] "GET /capacity_building.php HTTP/1.1" 200 19189 "-" "Mozilla/5.0 (compatible; bingbot/2.0; +http://www.bing.com/bingbot.htm)"
157.55.39.165 - - [14/Jun/2017:06:26:04 +0530] "GET /sitemap.php HTTP/1.1" 200 18472 "-" "Mozilla/5.0 (compatible; bingbot/2.0; +http://www.bing.com/bingbot.htm)"
66.249.79.19 - - [14/Jun/2017:06:30:08 +0530] "GET /reports_list_details.php?id=tubkayrstf&reporttype=&page=172 HTTP/1.1" 200 22136 "-" "Mozilla/5.0 (compatible; Googlebot/2.1; +http://www.google.com/bot.html)"
40.77.167.78 - - [14/Jun/2017:06:30:29 +0530] "GET /index.php HTTP/1.1" 200 19483 "-" "Mozilla/5.0 (compatible; bingbot/2.0; +http://www.bing.com/bingbot.htm)"
157.55.39.165 - - [14/Jun/2017:06:31:40 +0530] "GET /detail_news.php?id=18 HTTP/1.1" 302 18716 "-" "Mozilla/5.0 (compatible; bingbot/2.0; +http://www.bing.com/bingbot.htm)"
157.55.39.165 - - [14/Jun/2017:06:31:41 +0530] "GET /logout.php HTTP/1.1" 302 369 "-" "Mozilla/5.0 (compatible; bingbot/2.0; +http://www.bing.com/bingbot.htm)"
157.55.39.165 - - [14/Jun/2017:06:31:42 +0530] "GET /index.php HTTP/1.1" 200 19483 "-" "Mozilla/5.0 (compatible; bingbot/2.0; +http://www.bing.com/bingbot.htm)"
202.46.50.18 - - [14/Jun/2017:06:32:22 +0530] "GET /project_details_view.php?id=414 HTTP/1.1" 200 14868 "-" "Mozilla/5.0 (Windows NT 10.0; WOW64) AppleWebKit/537.36 (KHTML, like Gecko) Chrome/45.0.2454.93 Safari/537.36"
90.57.160.7 - - [14/Jun/2017:06:32:51 +0530] "GET /robots.txt HTTP/1.1" 404 208 "-" "Java/1.8.0_101"
40.77.167.78 - - [14/Jun/2017:06:32:58 +0530] "GET /downloads/Existing%20PCN.doc HTTP/1.1" 200 114176 "-" "Mozilla/5.0 (compatible; bingbot/2.0; +http://www.bing.com/bingbot.htm)"
66.249.79.15 - - [14/Jun/2017:06:40:18 +0530] "GET /reports_list_details.php?id=tubkayrstf&reporttype=&page=179 HTTP/1.1" 200 22416 "-" "Mozilla/5.0 (compatible; Googlebot/2.1; +http://www.google.com/bot.html)"
35.184.189.105 - - [14/Jun/2017:06:41:06 +0530] "GET /robots.txt HTTP/1.1" 404 208 "-" "ltx71 - (http://ltx71.com/)"
157.55.39.165 - - [14/Jun/2017:06:43:13 +0530] "GET /imp_links.php HTTP/1.1" 200 17837 "-" "Mozilla/5.0 (compatible; bingbot/2.0; +http://www.bing.com/bingbot.htm)"
8.37.235.234 - - [14/Jun/2017:06:44:10 +0530] "GET /project_details_view.php?id=1731 HTTP/1.1" 200 14116 "https://www.google.co.in/search?q=name+of+chamba+project&client=ucweb-b&channel=sb" "Mozilla/5.0 (Linux; U; Android 6.0.1; en-US; SM-G610F Build/MMB29K) AppleWebKit/534.30 (KHTML, like Gecko) Version/4.0 UCBrowser/11.3.0.950 U3/0.8.0 Mobile Safari/534.30"
8.37.235.234 - - [14/Jun/2017:06:44:11 +0530] "GET /images/bullet4.gif HTTP/1.1" 304 - "http://www.cdmindia.gov.in/project_details_view.php?id=1731" "Mozilla/5.0 (Linux; U; Android 6.0.1; en-US; SM-G610F Build/MMB29K) AppleWebKit/534.30 (KHTML, like Gecko) Version/4.0 UCBrowser/11.3.0.950 U3/0.8.0 Mobile Safari/534.30"
8.37.235.234 - - [14/Jun/2017:06:44:11 +0530] "GET /images/bulllet2.gif HTTP/1.1" 304 - "http://www.cdmindia.gov.in/project_details_view.php?id=1731" "Mozilla/5.0 (Linux; U; Android 6.0.1; en-US; SM-G610F Build/MMB29K) AppleWebKit/534.30 (KHTML, like Gecko) Version/4.0 UCBrowser/11.3.0.950 U3/0.8.0 Mobile Safari/534.30"
8.37.235.234 - - [14/Jun/2017:06:44:11 +0530] "GET /images/img2.jpg HTTP/1.1" 200 16276 "http://www.cdmindia.gov.in/project_details_view.php?id=1731" "Mozilla/5.0 (Linux; U; Android 6.0.1; en-US; SM-G610F Build/MMB29K) AppleWebKit/534.30 (KHTML, like Gecko) Version/4.0 UCBrowser/11.3.0.950 U3/0.8.0 Mobile Safari/534.30"
8.37.235.234 - - [14/Jun/2017:06:44:11 +0530] "GET /images/fdm.jpg HTTP/1.1" 200 2043 "http://www.cdmindia.gov.in/project_details_view.php?id=1731" "Mozilla/5.0 (Linux; U; Android 6.0.1; en-US; SM-G610F Build/MMB29K) AppleWebKit/534.30 (KHTML, like Gecko) Version/4.0 UCBrowser/11.3.0.950 U3/0.8.0 Mobile Safari/534.30"
8.37.235.234 - - [14/Jun/2017:06:44:11 +0530] "GET /ncdma.css HTTP/1.1" 200 12640 "http://www.cdmindia.gov.in/project_details_view.php?id=1731" "Mozilla/5.0 (Linux; U; Android 6.0.1; en-US; SM-G610F Build/MMB29K) AppleWebKit/534.30 (KHTML, like Gecko) Version/4.0 UCBrowser/11.3.0.950 U3/0.8.0 Mobile Safari/534.30"
8.37.235.234 - - [14/Jun/2017:06:44:11 +0530] "GET /images/gtz.jpg HTTP/1.1" 200 15484 "http://www.cdmindia.gov.in/project_details_view.php?id=1731" "Mozilla/5.0 (Linux; U; Android 6.0.1; en-US; SM-G610F Build/MMB29K) AppleWebKit/534.30 (KHTML, like Gecko) Version/4.0 UCBrowser/11.3.0.950 U3/0.8.0 Mobile Safari/534.30"
8.37.235.234 - - [14/Jun/2017:06:44:11 +0530] "GET /Scripts/AC_RunActiveContent.js HTTP/1.1" 200 8321 "http://www.cdmindia.gov.in/project_details_view.php?id=1731" "Mozilla/5.0 (Linux; U; Android 6.0.1; en-US; SM-G610F Build/MMB29K) AppleWebKit/534.30 (KHTML, like Gecko) Version/4.0 UCBrowser/11.3.0.950 U3/0.8.0 Mobile Safari/534.30"
8.37.235.234 - - [14/Jun/2017:06:44:11 +0530] "GET /includes/ncdma.css HTTP/1.1" 200 13023 "http://www.cdmindia.gov.in/project_details_view.php?id=1731" "Mozilla/5.0 (Linux; U; Android 6.0.1; en-US; SM-G610F Build/MMB29K) AppleWebKit/534.30 (KHTML, like Gecko) Version/4.0 UCBrowser/11.3.0.950 U3/0.8.0 Mobile Safari/534.30"
8.37.235.234 - - [14/Jun/2017:06:44:11 +0530] "GET /images/bullet1.gif HTTP/1.1" 304 - "http://www.cdmindia.gov.in/project_details_view.php?id=1731" "Mozilla/5.0 (Linux; U; Android 6.0.1; en-US; SM-G610F Build/MMB29K) AppleWebKit/534.30 (KHTML, like Gecko) Version/4.0 UCBrowser/11.3.0.950 U3/0.8.0 Mobile Safari/534.30"
8.37.235.234 - - [14/Jun/2017:06:44:11 +0530] "GET /images/spacer.gif HTTP/1.1" 304 - "http://www.cdmindia.gov.in/project_details_view.php?id=1731" "Mozilla/5.0 (Linux; U; Android 6.0.1; en-US; SM-G610F Build/MMB29K) AppleWebKit/534.30 (KHTML, like Gecko) Version/4.0 UCBrowser/11.3.0.950 U3/0.8.0 Mobile Safari/534.30"
8.37.235.234 - - [14/Jun/2017:06:44:11 +0530] "GET /images/img3.jpg HTTP/1.1" 200 26957 "http://www.cdmindia.gov.in/project_details_view.php?id=1731" "Mozilla/5.0 (Linux; U; Android 6.0.1; en-US; SM-G610F Build/MMB29K) AppleWebKit/534.30 (KHTML, like Gecko) Version/4.0 UCBrowser/11.3.0.950 U3/0.8.0 Mobile Safari/534.30"
40.77.167.78 - - [14/Jun/2017:06:44:31 +0530] "GET /index.php HTTP/1.1" 200 19483 "-" "Mozilla/5.0 (compatible; bingbot/2.0; +http://www.bing.com/bingbot.htm)"
66.249.79.17 - - [14/Jun/2017:06:45:27 +0530] "GET /project_details_view.php?id=1210&oid=&page=48&reporttype= HTTP/1.1" 200 14094 "-" "Mozilla/5.0 (compatible; Googlebot/2.1; +http://www.google.com/bot.html)"
66.249.79.15 - - [14/Jun/2017:06:45:28 +0530] "GET /project_details_view.php?id=1210&oid=&page=48&reporttype= HTTP/1.1" 200 14094 "-" "Mozilla/5.0 (compatible; Googlebot/2.1; +http://www.google.com/bot.html)"
157.55.39.165 - - [14/Jun/2017:06:45:44 +0530] "GET /aboutus.php HTTP/1.1" 200 19600 "-" "Mozilla/5.0 (compatible; bingbot/2.0; +http://www.bing.com/bingbot.htm)"
157.55.39.165 - - [14/Jun/2017:06:49:47 +0530] "GET /detail_events.php?id= HTTP/1.1" 302 16741 "-" "Mozilla/5.0 (compatible; bingbot/2.0; +http://www.bing.com/bingbot.htm)"
157.55.39.165 - - [14/Jun/2017:06:49:49 +0530] "GET /logout.php HTTP/1.1" 302 369 "-" "Mozilla/5.0 (compatible; bingbot/2.0; +http://www.bing.com/bingbot.htm)"
157.55.39.165 - - [14/Jun/2017:06:49:50 +0530] "GET /index.php HTTP/1.1" 200 19483 "-" "Mozilla/5.0 (compatible; bingbot/2.0; +http://www.bing.com/bingbot.htm)"
35.184.189.105 - - [14/Jun/2017:06:50:26 +0530] "GET /robots.txt HTTP/1.1" 404 208 "-" "ltx71 - (http://ltx71.com/)"
157.55.39.208 - - [14/Jun/2017:06:51:34 +0530] "GET /detail_news.php?id=20 HTTP/1.1" 302 18269 "-" "Mozilla/5.0 (compatible; bingbot/2.0; +http://www.bing.com/bingbot.htm)"
157.55.39.208 - - [14/Jun/2017:06:51:34 +0530] "GET /logout.php HTTP/1.1" 302 369 "-" "Mozilla/5.0 (compatible; bingbot/2.0; +http://www.bing.com/bingbot.htm)"
157.55.39.208 - - [14/Jun/2017:06:51:35 +0530] "GET /index.php HTTP/1.1" 200 19483 "-" "Mozilla/5.0 (compatible; bingbot/2.0; +http://www.bing.com/bingbot.htm)"
64.233.173.137 - - [14/Jun/2017:06:53:30 +0530] "GET /project_details_view.php?id=646 HTTP/1.1" 200 14905 "https://www.google.co.in/" "Mozilla/5.0 (Linux; Android 5.1.1; SM-J200G Build/LMY47X) AppleWebKit/537.36 (KHTML, like Gecko) Chrome/58.0.3029.83 Mobile Safari/537.36"
64.233.173.138 - - [14/Jun/2017:06:53:31 +0530] "GET /includes/ncdma.css HTTP/1.1" 200 13023 "http://www.cdmindia.gov.in/project_details_view.php?id=646" "Mozilla/5.0 (Linux; Android 5.1.1; SM-J200G Build/LMY47X) AppleWebKit/537.36 (KHTML, like Gecko) Chrome/58.0.3029.83 Mobile Safari/537.36"
64.233.173.138 - - [14/Jun/2017:06:53:31 +0530] "GET /images/spacer.gif HTTP/1.1" 200 43 "http://www.cdmindia.gov.in/project_details_view.php?id=646" "Mozilla/5.0 (Linux; Android 5.1.1; SM-J200G Build/LMY47X) AppleWebKit/537.36 (KHTML, like Gecko) Chrome/58.0.3029.83 Mobile Safari/537.36"
64.233.173.138 - - [14/Jun/2017:06:53:31 +0530] "GET /images/bullet1.gif HTTP/1.1" 200 67 "http://www.cdmindia.gov.in/project_details_view.php?id=646" "Mozilla/5.0 (Linux; Android 5.1.1; SM-J200G Build/LMY47X) AppleWebKit/537.36 (KHTML, like Gecko) Chrome/58.0.3029.83 Mobile Safari/537.36"
64.233.173.137 - - [14/Jun/2017:06:53:31 +0530] "GET /images/bullet4.gif HTTP/1.1" 200 67 "http://www.cdmindia.gov.in/project_details_view.php?id=646" "Mozilla/5.0 (Linux; Android 5.1.1; SM-J200G Build/LMY47X) AppleWebKit/537.36 (KHTML, like Gecko) Chrome/58.0.3029.83 Mobile Safari/537.36"
64.233.173.137 - - [14/Jun/2017:06:53:31 +0530] "GET /images/gtz.jpg HTTP/1.1" 200 15484 "http://www.cdmindia.gov.in/project_details_view.php?id=646" "Mozilla/5.0 (Linux; Android 5.1.1; SM-J200G Build/LMY47X) AppleWebKit/537.36 (KHTML, like Gecko) Chrome/58.0.3029.83 Mobile Safari/537.36"
64.233.173.136 - - [14/Jun/2017:06:53:31 +0530] "GET /images/bulllet2.gif HTTP/1.1" 200 58 "http://www.cdmindia.gov.in/project_details_view.php?id=646" "Mozilla/5.0 (Linux; Android 5.1.1; SM-J200G Build/LMY47X) AppleWebKit/537.36 (KHTML, like Gecko) Chrome/58.0.3029.83 Mobile Safari/537.36"
64.233.173.138 - - [14/Jun/2017:06:53:31 +0530] "GET /images/img3.jpg HTTP/1.1" 200 26957 "http://www.cdmindia.gov.in/project_details_view.php?id=646" "Mozilla/5.0 (Linux; Android 5.1.1; SM-J200G Build/LMY47X) AppleWebKit/537.36 (KHTML, like Gecko) Chrome/58.0.3029.83 Mobile Safari/537.36"
64.233.173.136 - - [14/Jun/2017:06:53:31 +0530] "GET /Scripts/AC_RunActiveContent.js HTTP/1.1" 200 8321 "http://www.cdmindia.gov.in/project_details_view.php?id=646" "Mozilla/5.0 (Linux; Android 5.1.1; SM-J200G Build/LMY47X) AppleWebKit/537.36 (KHTML, like Gecko) Chrome/58.0.3029.83 Mobile Safari/537.36"
64.233.173.136 - - [14/Jun/2017:06:53:31 +0530] "GET /ncdma.css HTTP/1.1" 200 12640 "http://www.cdmindia.gov.in/project_details_view.php?id=646" "Mozilla/5.0 (Linux; Android 5.1.1; SM-J200G Build/LMY47X) AppleWebKit/537.36 (KHTML, like Gecko) Chrome/58.0.3029.83 Mobile Safari/537.36"
64.233.173.137 - - [14/Jun/2017:06:53:31 +0530] "GET /images/fdm.jpg HTTP/1.1" 200 2043 "http://www.cdmindia.gov.in/project_details_view.php?id=646" "Mozilla/5.0 (Linux; Android 5.1.1; SM-J200G Build/LMY47X) AppleWebKit/537.36 (KHTML, like Gecko) Chrome/58.0.3029.83 Mobile Safari/537.36"
64.233.173.138 - - [14/Jun/2017:06:53:31 +0530] "GET /images/img2.jpg HTTP/1.1" 200 16276 "http://www.cdmindia.gov.in/project_details_view.php?id=646" "Mozilla/5.0 (Linux; Android 5.1.1; SM-J200G Build/LMY47X) AppleWebKit/537.36 (KHTML, like Gecko) Chrome/58.0.3029.83 Mobile Safari/537.36"
64.233.173.137 - - [14/Jun/2017:06:53:31 +0530] "GET /images/img1.jpg HTTP/1.1" 200 1251 "http://www.cdmindia.gov.in/project_details_view.php?id=646" "Mozilla/5.0 (Linux; Android 5.1.1; SM-J200G Build/LMY47X) AppleWebKit/537.36 (KHTML, like Gecko) Chrome/58.0.3029.83 Mobile Safari/537.36"
64.233.173.136 - - [14/Jun/2017:06:53:31 +0530] "GET /images/fbg.jpg HTTP/1.1" 200 325 "http://www.cdmindia.gov.in/project_details_view.php?id=646" "Mozilla/5.0 (Linux; Android 5.1.1; SM-J200G Build/LMY47X) AppleWebKit/537.36 (KHTML, like Gecko) Chrome/58.0.3029.83 Mobile Safari/537.36"
64.233.173.136 - - [14/Jun/2017:06:53:32 +0530] "GET /favicon.ico HTTP/1.1" 200 1189 "http://www.cdmindia.gov.in/project_details_view.php?id=646" "Mozilla/5.0 (Linux; Android 5.1.1; SM-J200G Build/LMY47X) AppleWebKit/537.36 (KHTML, like Gecko) Chrome/58.0.3029.83 Mobile Safari/537.36"
40.77.167.78 - - [14/Jun/2017:06:54:47 +0530] "GET /project_details_view.php?id=18 HTTP/1.1" 200 14608 "-" "Mozilla/5.0 (compatible; bingbot/2.0; +http://www.bing.com/bingbot.htm)"
66.249.79.19 - - [14/Jun/2017:06:55:39 +0530] "GET /project_details_view.php?id=289 HTTP/1.1" 200 14215 "-" "Mozilla/5.0 (compatible; Googlebot/2.1; +http://www.google.com/bot.html)"
195.146.37.19 - - [14/Jun/2017:06:55:51 +0530] "GET /robots.txt HTTP/1.1" 404 208 "-" "Mozilla/5.0 (compatible; yoozBot-2.2; http://yooz.ir; info@yooz.ir)"
195.146.37.19 - - [14/Jun/2017:06:55:52 +0530] "GET /future_projects.php HTTP/1.1" 302 26213 "-" "Mozilla/5.0 (compatible; yoozBot-2.2; http://yooz.ir; info@yooz.ir)"
220.181.108.109 - - [14/Jun/2017:06:56:05 +0530] "GET / HTTP/1.1" 200 19483 "-" "Mozilla/5.0 (compatible; Baiduspider/2.0; +http://www.baidu.com/search/spider.html)"
35.184.189.105 - - [14/Jun/2017:06:56:54 +0530] "GET /robots.txt HTTP/1.1" 404 208 "-" "ltx71 - (http://ltx71.com/)"
157.55.39.208 - - [14/Jun/2017:06:59:23 +0530] "GET /future_projects.php HTTP/1.1" 302 26213 "-" "Mozilla/5.0 (compatible; bingbot/2.0; +http://www.bing.com/bingbot.htm)"
157.55.39.208 - - [14/Jun/2017:06:59:24 +0530] "GET /logout.php HTTP/1.1" 302 369 "-" "Mozilla/5.0 (compatible; bingbot/2.0; +http://www.bing.com/bingbot.htm)"
157.55.39.208 - - [14/Jun/2017:06:59:25 +0530] "GET /index.php HTTP/1.1" 200 19483 "-" "Mozilla/5.0 (compatible; bingbot/2.0; +http://www.bing.com/bingbot.htm)"
202.46.54.138 - - [14/Jun/2017:07:03:32 +0530] "GET /project_details_view_report.php?id=290 HTTP/1.1" 200 13124 "-" "Mozilla/5.0 (Windows NT 10.0; WOW64) AppleWebKit/537.36 (KHTML, like Gecko) Chrome/45.0.2454.93 Safari/537.36"
35.184.189.105 - - [14/Jun/2017:07:03:56 +0530] "GET /robots.txt HTTP/1.1" 404 208 "-" "ltx71 - (http://ltx71.com/)"
66.249.79.19 - - [14/Jun/2017:07:05:47 +0530] "GET / HTTP/1.1" 200 19483 "-" "Mozilla/5.0 (compatible; Googlebot/2.1; +http://www.google.com/bot.html)"
66.249.79.19 - - [14/Jun/2017:07:05:48 +0530] "GET / HTTP/1.1" 200 19483 "-" "Mozilla/5.0 (compatible; Googlebot/2.1; +http://www.google.com/bot.html)"
207.46.13.141 - - [14/Jun/2017:07:06:12 +0530] "GET /Approved_proj_reports_list_details.php?id=1&reporttype=1&scale=&sdt=&edt=&exec=&page=4 HTTP/1.1" 200 16661 "-" "Mozilla/5.0 (compatible; bingbot/2.0; +http://www.bing.com/bingbot.htm)"
157.55.39.208 - - [14/Jun/2017:07:09:09 +0530] "GET /project_details_view.php?id=1581 HTTP/1.1" 200 14539 "-" "Mozilla/5.0 (compatible; bingbot/2.0; +http://www.bing.com/bingbot.htm)"
66.249.79.95 - - [14/Jun/2017:07:11:00 +0530] "GET /robots.txt HTTP/1.1" 404 208 "-" "Mozilla/5.0 (compatible; Googlebot/2.1; +http://www.google.com/bot.html)"
66.249.79.91 - - [14/Jun/2017:07:11:00 +0530] "GET / HTTP/1.1" 200 19483 "-" "Mozilla/5.0 (Linux; Android 6.0.1; Nexus 5X Build/MMB29P) AppleWebKit/537.36 (KHTML, like Gecko) Chrome/41.0.2272.96 Mobile Safari/537.36 (compatible; Googlebot/2.1; +http://www.google.com/bot.html)"
66.249.79.19 - - [14/Jun/2017:07:15:57 +0530] "GET /project_details_view.php?id=282 HTTP/1.1" 200 14654 "-" "Mozilla/5.0 (compatible; Googlebot/2.1; +http://www.google.com/bot.html)"
66.249.79.17 - - [14/Jun/2017:07:20:57 +0530] "GET /reports_list_details.php?id=pnjuzahme&reporttype=&page=206 HTTP/1.1" 200 22389 "-" "Mozilla/5.0 (compatible; Googlebot/2.1; +http://www.google.com/bot.html)"
66.249.79.19 - - [14/Jun/2017:07:22:43 +0530] "GET /project_details_view.php?id=265 HTTP/1.1" 200 14649 "-" "Mozilla/5.0 (compatible; Googlebot/2.1; +http://www.google.com/bot.html)"
5.196.87.174 - - [14/Jun/2017:07:24:53 +0530] "GET /approval_process.php HTTP/1.1" 200 25915 "-" "Mozilla/5.0 (compatible; AhrefsBot/5.2; +http://ahrefs.com/robot/)"
66.249.79.19 - - [14/Jun/2017:07:26:07 +0530] "GET /project_details_view_report.php?id=1766 HTTP/1.1" 200 13228 "-" "Mozilla/5.0 (compatible; Googlebot/2.1; +http://www.google.com/bot.html)"
40.77.167.78 - - [14/Jun/2017:07:27:44 +0530] "GET /approved_projects.php?n=1 HTTP/1.1" 200 16645 "-" "Mozilla/5.0 (compatible; bingbot/2.0; +http://www.bing.com/bingbot.htm)"
35.184.189.105 - - [14/Jun/2017:07:29:30 +0530] "GET /robots.txt HTTP/1.1" 404 208 "-" "ltx71 - (http://ltx71.com/)"
202.46.51.156 - - [14/Jun/2017:07:34:42 +0530] "GET /project_details_view_report.php?id=563 HTTP/1.1" 200 13144 "-" "Mozilla/5.0 (Windows NT 10.0; WOW64) AppleWebKit/537.36 (KHTML, like Gecko) Chrome/45.0.2454.93 Safari/537.36"
157.55.39.208 - - [14/Jun/2017:07:42:23 +0530] "GET /news_more.php HTTP/1.1" 200 21064 "-" "Mozilla/5.0 (compatible; bingbot/2.0; +http://www.bing.com/bingbot.htm)"
157.55.39.165 - - [14/Jun/2017:07:42:33 +0530] "GET /reports_new.php?n=1 HTTP/1.1" 200 22414 "-" "Mozilla/5.0 (compatible; bingbot/2.0; +http://www.bing.com/bingbot.htm)"
207.46.13.141 - - [14/Jun/2017:07:44:28 +0530] "GET /downloads/New%20PCN.doc HTTP/1.1" 200 435200 "-" "Mozilla/5.0 (compatible; bingbot/2.0; +http://www.bing.com/bingbot.htm)"
47.9.128.188 - - [14/Jun/2017:07:45:30 +0530] "GET / HTTP/1.1" 200 19483 "http://www.ncdmaindia.gov.in/" "Mozilla/5.0 (Windows NT 10.0; Win64; x64) AppleWebKit/537.36 (KHTML, like Gecko) Chrome/58.0.3029.110 Safari/537.36"
47.9.128.188 - - [14/Jun/2017:07:45:30 +0530] "GET /includes/ncdma.css HTTP/1.1" 200 13023 "http://www.cdmindia.gov.in/" "Mozilla/5.0 (Windows NT 10.0; Win64; x64) AppleWebKit/537.36 (KHTML, like Gecko) Chrome/58.0.3029.110 Safari/537.36"
47.9.128.188 - - [14/Jun/2017:07:45:30 +0530] "GET /Scripts/AC_RunActiveContent.js HTTP/1.1" 200 8321 "http://www.cdmindia.gov.in/" "Mozilla/5.0 (Windows NT 10.0; Win64; x64) AppleWebKit/537.36 (KHTML, like Gecko) Chrome/58.0.3029.110 Safari/537.36"
47.9.128.188 - - [14/Jun/2017:07:45:30 +0530] "GET /ncdma.css HTTP/1.1" 200 12640 "http://www.cdmindia.gov.in/" "Mozilla/5.0 (Windows NT 10.0; Win64; x64) AppleWebKit/537.36 (KHTML, like Gecko) Chrome/58.0.3029.110 Safari/537.36"
47.9.128.188 - - [14/Jun/2017:07:45:30 +0530] "GET /js/base64_encode.js HTTP/1.1" 200 3002 "http://www.cdmindia.gov.in/" "Mozilla/5.0 (Windows NT 10.0; Win64; x64) AppleWebKit/537.36 (KHTML, like Gecko) Chrome/58.0.3029.110 Safari/537.36"
47.9.128.188 - - [14/Jun/2017:07:45:30 +0530] "GET /js/md5.js HTTP/1.1" 200 13194 "http://www.cdmindia.gov.in/" "Mozilla/5.0 (Windows NT 10.0; Win64; x64) AppleWebKit/537.36 (KHTML, like Gecko) Chrome/58.0.3029.110 Safari/537.36"
47.9.128.188 - - [14/Jun/2017:07:45:31 +0530] "GET /images/bullet1.gif HTTP/1.1" 200 67 "http://www.cdmindia.gov.in/" "Mozilla/5.0 (Windows NT 10.0; Win64; x64) AppleWebKit/537.36 (KHTML, like Gecko) Chrome/58.0.3029.110 Safari/537.36"
47.9.128.188 - - [14/Jun/2017:07:45:31 +0530] "GET /images/spacer.gif HTTP/1.1" 200 43 "http://www.cdmindia.gov.in/" "Mozilla/5.0 (Windows NT 10.0; Win64; x64) AppleWebKit/537.36 (KHTML, like Gecko) Chrome/58.0.3029.110 Safari/537.36"
47.9.128.188 - - [14/Jun/2017:07:45:31 +0530] "GET /images/img2.jpg HTTP/1.1" 200 16276 "http://www.cdmindia.gov.in/" "Mozilla/5.0 (Windows NT 10.0; Win64; x64) AppleWebKit/537.36 (KHTML, like Gecko) Chrome/58.0.3029.110 Safari/537.36"
47.9.128.188 - - [14/Jun/2017:07:45:31 +0530] "GET /images/bulllet2.gif HTTP/1.1" 200 58 "http://www.cdmindia.gov.in/" "Mozilla/5.0 (Windows NT 10.0; Win64; x64) AppleWebKit/537.36 (KHTML, like Gecko) Chrome/58.0.3029.110 Safari/537.36"
47.9.128.188 - - [14/Jun/2017:07:45:31 +0530] "GET /images/bullet4.gif HTTP/1.1" 200 67 "http://www.cdmindia.gov.in/" "Mozilla/5.0 (Windows NT 10.0; Win64; x64) AppleWebKit/537.36 (KHTML, like Gecko) Chrome/58.0.3029.110 Safari/537.36"
47.9.128.188 - - [14/Jun/2017:07:45:31 +0530] "GET /images/img3.jpg HTTP/1.1" 200 26957 "http://www.cdmindia.gov.in/" "Mozilla/5.0 (Windows NT 10.0; Win64; x64) AppleWebKit/537.36 (KHTML, like Gecko) Chrome/58.0.3029.110 Safari/537.36"
47.9.128.188 - - [14/Jun/2017:07:45:31 +0530] "GET /images/fdm.jpg HTTP/1.1" 200 2043 "http://www.cdmindia.gov.in/" "Mozilla/5.0 (Windows NT 10.0; Win64; x64) AppleWebKit/537.36 (KHTML, like Gecko) Chrome/58.0.3029.110 Safari/537.36"
47.9.128.188 - - [14/Jun/2017:07:45:31 +0530] "GET /images/login1.jpg HTTP/1.1" 200 618 "http://www.cdmindia.gov.in/" "Mozilla/5.0 (Windows NT 10.0; Win64; x64) AppleWebKit/537.36 (KHTML, like Gecko) Chrome/58.0.3029.110 Safari/537.36"
47.9.128.188 - - [14/Jun/2017:07:45:31 +0530] "GET /images/fe.jpg HTTP/1.1" 200 1429 "http://www.cdmindia.gov.in/" "Mozilla/5.0 (Windows NT 10.0; Win64; x64) AppleWebKit/537.36 (KHTML, like Gecko) Chrome/58.0.3029.110 Safari/537.36"
47.9.128.188 - - [14/Jun/2017:07:45:31 +0530] "GET /images/bullet3.gif HTTP/1.1" 200 58 "http://www.cdmindia.gov.in/" "Mozilla/5.0 (Windows NT 10.0; Win64; x64) AppleWebKit/537.36 (KHTML, like Gecko) Chrome/58.0.3029.110 Safari/537.36"
47.9.128.188 - - [14/Jun/2017:07:45:31 +0530] "GET /images/login.jpg HTTP/1.1" 200 1044 "http://www.cdmindia.gov.in/" "Mozilla/5.0 (Windows NT 10.0; Win64; x64) AppleWebKit/537.36 (KHTML, like Gecko) Chrome/58.0.3029.110 Safari/537.36"
47.9.128.188 - - [14/Jun/2017:07:45:31 +0530] "GET /images/img1.jpg HTTP/1.1" 200 1251 "http://www.cdmindia.gov.in/" "Mozilla/5.0 (Windows NT 10.0; Win64; x64) AppleWebKit/537.36 (KHTML, like Gecko) Chrome/58.0.3029.110 Safari/537.36"
47.9.128.188 - - [14/Jun/2017:07:45:31 +0530] "GET /images/gtz.jpg HTTP/1.1" 200 15484 "http://www.cdmindia.gov.in/" "Mozilla/5.0 (Windows NT 10.0; Win64; x64) AppleWebKit/537.36 (KHTML, like Gecko) Chrome/58.0.3029.110 Safari/537.36"
47.9.128.188 - - [14/Jun/2017:07:45:31 +0530] "GET /images/fbg.jpg HTTP/1.1" 200 325 "http://www.cdmindia.gov.in/" "Mozilla/5.0 (Windows NT 10.0; Win64; x64) AppleWebKit/537.36 (KHTML, like Gecko) Chrome/58.0.3029.110 Safari/537.36"
66.249.79.15 - - [14/Jun/2017:07:46:28 +0530] "GET /project_details_view_report.php?id=175 HTTP/1.1" 200 13091 "-" "Mozilla/5.0 (compatible; Googlebot/2.1; +http://www.google.com/bot.html)"
40.77.167.78 - - [14/Jun/2017:07:48:17 +0530] "GET /downloads/Existing%20PCN.doc HTTP/1.1" 200 114176 "-" "Mozilla/5.0 (compatible; bingbot/2.0; +http://www.bing.com/bingbot.htm)"
40.77.167.78 - - [14/Jun/2017:07:49:07 +0530] "GET /contactus.php HTTP/1.1" 200 18295 "-" "Mozilla/5.0 (compatible; bingbot/2.0; +http://www.bing.com/bingbot.htm)"
217.182.132.183 - - [14/Jun/2017:07:50:04 +0530] "GET /detail_events.php?id= HTTP/1.1" 302 16741 "-" "Mozilla/5.0 (compatible; AhrefsBot/5.2; +http://ahrefs.com/robot/)"
66.249.79.17 - - [14/Jun/2017:07:51:26 +0530] "GET /project_details_view.php?id=1417&oid=1&page=8&reporttype=1 HTTP/1.1" 200 15765 "-" "Mozilla/5.0 (compatible; Googlebot/2.1; +http://www.google.com/bot.html)"
66.249.79.19 - - [14/Jun/2017:07:51:29 +0530] "GET /reports_list_details.php?id=tubkayrstf&reporttype=&page=51 HTTP/1.1" 200 22021 "-" "Mozilla/5.0 (compatible; Googlebot/2.1; +http://www.google.com/bot.html)"
169.149.192.40 - - [14/Jun/2017:07:52:34 +0530] "GET /images/bulllet2.gif HTTP/1.1" 200 58 "http://www.cdmindia.gov.in/project_details_view.php?id=1842" "Mozilla/5.0 (Linux; U; Android 5.1.1; en-US; Panasonic ELUGA L2 Build/LMY47V) AppleWebKit/534.30 (KHTML, like Gecko) Version/4.0 UCBrowser/11.3.0.950 U3/0.8.0 Mobile Safari/534.30"
169.149.192.40 - - [14/Jun/2017:07:52:34 +0530] "GET /images/spacer.gif HTTP/1.1" 200 43 "http://www.cdmindia.gov.in/project_details_view.php?id=1842" "Mozilla/5.0 (Linux; U; Android 5.1.1; en-US; Panasonic ELUGA L2 Build/LMY47V) AppleWebKit/534.30 (KHTML, like Gecko) Version/4.0 UCBrowser/11.3.0.950 U3/0.8.0 Mobile Safari/534.30"
169.149.192.40 - - [14/Jun/2017:07:52:34 +0530] "GET /images/bullet1.gif HTTP/1.1" 200 67 "http://www.cdmindia.gov.in/project_details_view.php?id=1842" "Mozilla/5.0 (Linux; U; Android 5.1.1; en-US; Panasonic ELUGA L2 Build/LMY47V) AppleWebKit/534.30 (KHTML, like Gecko) Version/4.0 UCBrowser/11.3.0.950 U3/0.8.0 Mobile Safari/534.30"
169.149.192.40 - - [14/Jun/2017:07:52:34 +0530] "GET /images/img2.jpg HTTP/1.1" 200 16276 "http://www.cdmindia.gov.in/project_details_view.php?id=1842" "Mozilla/5.0 (Linux; U; Android 5.1.1; en-US; Panasonic ELUGA L2 Build/LMY47V) AppleWebKit/534.30 (KHTML, like Gecko) Version/4.0 UCBrowser/11.3.0.950 U3/0.8.0 Mobile Safari/534.30"
169.149.192.40 - - [14/Jun/2017:07:52:34 +0530] "GET /images/img3.jpg HTTP/1.1" 200 26957 "http://www.cdmindia.gov.in/project_details_view.php?id=1842" "Mozilla/5.0 (Linux; U; Android 5.1.1; en-US; Panasonic ELUGA L2 Build/LMY47V) AppleWebKit/534.30 (KHTML, like Gecko) Version/4.0 UCBrowser/11.3.0.950 U3/0.8.0 Mobile Safari/534.30"
169.149.192.40 - - [14/Jun/2017:07:52:34 +0530] "GET /images/bullet4.gif HTTP/1.1" 200 67 "http://www.cdmindia.gov.in/project_details_view.php?id=1842" "Mozilla/5.0 (Linux; U; Android 5.1.1; en-US; Panasonic ELUGA L2 Build/LMY47V) AppleWebKit/534.30 (KHTML, like Gecko) Version/4.0 UCBrowser/11.3.0.950 U3/0.8.0 Mobile Safari/534.30"
169.149.192.40 - - [14/Jun/2017:07:52:34 +0530] "GET /images/fdm.jpg HTTP/1.1" 200 2043 "http://www.cdmindia.gov.in/project_details_view.php?id=1842" "Mozilla/5.0 (Linux; U; Android 5.1.1; en-US; Panasonic ELUGA L2 Build/LMY47V) AppleWebKit/534.30 (KHTML, like Gecko) Version/4.0 UCBrowser/11.3.0.950 U3/0.8.0 Mobile Safari/534.30"
169.149.192.40 - - [14/Jun/2017:07:52:34 +0530] "GET /images/img1.jpg HTTP/1.1" 200 1251 "-" "-"
169.149.192.40 - - [14/Jun/2017:07:52:35 +0530] "GET /images/gtz.jpg HTTP/1.1" 200 15484 "http://www.cdmindia.gov.in/project_details_view.php?id=1842" "Mozilla/5.0 (Linux; U; Android 5.1.1; en-US; Panasonic ELUGA L2 Build/LMY47V) AppleWebKit/534.30 (KHTML, like Gecko) Version/4.0 UCBrowser/11.3.0.950 U3/0.8.0 Mobile Safari/534.30"
169.149.192.40 - - [14/Jun/2017:07:52:35 +0530] "GET /images/fbg.jpg HTTP/1.1" 200 325 "http://www.cdmindia.gov.in/project_details_view.php?id=1842" "Mozilla/5.0 (Linux; U; Android 5.1.1; en-US; Panasonic ELUGA L2 Build/LMY47V) AppleWebKit/534.30 (KHTML, like Gecko) Version/4.0 UCBrowser/11.3.0.950 U3/0.8.0 Mobile Safari/534.30"
157.55.39.165 - - [14/Jun/2017:07:53:14 +0530] "GET /aboutus.php HTTP/1.1" 200 19600 "-" "Mozilla/5.0 (compatible; bingbot/2.0; +http://www.bing.com/bingbot.htm)"
157.55.39.208 - - [14/Jun/2017:07:53:28 +0530] "GET /Approved_proj_reports_list_details.php?id=1&reporttype=&scale=&sdt=&edt=&exec=&page=8 HTTP/1.1" 200 17362 "-" "Mozilla/5.0 (compatible; bingbot/2.0; +http://www.bing.com/bingbot.htm)"
