146.148.64.128 - - [18/Jun/2017:01:17:23 +0530] "GET /robots.txt HTTP/1.1" 404 208 "-" "ltx71 - (http://ltx71.com/)"
146.148.64.128 - - [18/Jun/2017:01:18:03 +0530] "GET / HTTP/1.1" 200 19480 "-" "ltx71 - (http://ltx71.com/)"
146.148.64.128 - - [18/Jun/2017:01:19:14 +0530] "GET /aboutus.php HTTP/1.1" 200 19597 "-" "ltx71 - (http://ltx71.com/)"
66.249.79.19 - - [18/Jun/2017:01:21:41 +0530] "GET /project_details_view.php?id=1251 HTTP/1.1" 200 14205 "-" "Mozilla/5.0 (compatible; Googlebot/2.1; +http://www.google.com/bot.html)"
146.148.64.128 - - [18/Jun/2017:01:22:39 +0530] "GET /robots.txt HTTP/1.1" 404 208 "-" "ltx71 - (http://ltx71.com/)"
146.148.64.128 - - [18/Jun/2017:01:22:59 +0530] "GET /robots.txt HTTP/1.1" 404 208 "-" "ltx71 - (http://ltx71.com/)"
146.148.64.128 - - [18/Jun/2017:01:23:38 +0530] "GET /contactus.php HTTP/1.1" 200 18292 "-" "ltx71 - (http://ltx71.com/)"
146.148.64.128 - - [18/Jun/2017:01:26:26 +0530] "GET /robots.txt HTTP/1.1" 404 208 "-" "ltx71 - (http://ltx71.com/)"
66.249.79.19 - - [18/Jun/2017:01:28:12 +0530] "GET /project_details_view_report.php?id=215 HTTP/1.1" 200 13122 "-" "Mozilla/5.0 (compatible; Googlebot/2.1; +http://www.google.com/bot.html)"
146.148.64.128 - - [18/Jun/2017:01:28:24 +0530] "GET /downloads/Comparision%20of%20PCN_30.03.doc HTTP/1.1" 200 49664 "-" "ltx71 - (http://ltx71.com/)"
146.148.64.128 - - [18/Jun/2017:01:28:44 +0530] "GET /robots.txt HTTP/1.1" 404 208 "-" "ltx71 - (http://ltx71.com/)"
202.46.57.167 - - [18/Jun/2017:01:30:03 +0530] "GET /project_details_view.php?id=307 HTTP/1.1" 200 14320 "-" "Mozilla/5.0 (Windows NT 10.0; WOW64) AppleWebKit/537.36 (KHTML, like Gecko) Chrome/45.0.2454.93 Safari/537.36"
66.249.79.19 - - [18/Jun/2017:01:32:37 +0530] "GET /detail_news.php?id=11 HTTP/1.1" 302 18421 "-" "Mozilla/5.0 (compatible; Googlebot/2.1; +http://www.google.com/bot.html)"
66.249.79.19 - - [18/Jun/2017:01:32:39 +0530] "GET /logout.php HTTP/1.1" 302 369 "-" "Mozilla/5.0 (compatible; Googlebot/2.1; +http://www.google.com/bot.html)"
66.249.79.19 - - [18/Jun/2017:01:32:39 +0530] "GET /index.php HTTP/1.1" 200 19480 "-" "Mozilla/5.0 (compatible; Googlebot/2.1; +http://www.google.com/bot.html)"
131.253.25.217 - - [18/Jun/2017:01:35:25 +0530] "GET /images/spacer.gif HTTP/1.1" 200 43 "http://www.cdmindia.gov.in/project_details_view.php?id=1186" "Mozilla/5.0 (iPhone; CPU iPhone OS 7_0 like Mac OS X) AppleWebKit/537.51.1 (KHTML, like Gecko) Version/7.0 Mobile/11A465 Safari/9537.53 BingPreview/1.0b"
131.253.25.217 - - [18/Jun/2017:01:35:25 +0530] "GET /images/img2.jpg HTTP/1.1" 200 16276 "http://www.cdmindia.gov.in/project_details_view.php?id=1186" "Mozilla/5.0 (iPhone; CPU iPhone OS 7_0 like Mac OS X) AppleWebKit/537.51.1 (KHTML, like Gecko) Version/7.0 Mobile/11A465 Safari/9537.53 BingPreview/1.0b"
131.253.25.217 - - [18/Jun/2017:01:35:25 +0530] "GET /images/bullet1.gif HTTP/1.1" 200 67 "http://www.cdmindia.gov.in/project_details_view.php?id=1186" "Mozilla/5.0 (iPhone; CPU iPhone OS 7_0 like Mac OS X) AppleWebKit/537.51.1 (KHTML, like Gecko) Version/7.0 Mobile/11A465 Safari/9537.53 BingPreview/1.0b"
131.253.25.217 - - [18/Jun/2017:01:35:25 +0530] "GET /images/img3.jpg HTTP/1.1" 200 26957 "http://www.cdmindia.gov.in/project_details_view.php?id=1186" "Mozilla/5.0 (iPhone; CPU iPhone OS 7_0 like Mac OS X) AppleWebKit/537.51.1 (KHTML, like Gecko) Version/7.0 Mobile/11A465 Safari/9537.53 BingPreview/1.0b"
131.253.25.217 - - [18/Jun/2017:01:35:25 +0530] "GET /images/bulllet2.gif HTTP/1.1" 200 58 "http://www.cdmindia.gov.in/project_details_view.php?id=1186" "Mozilla/5.0 (iPhone; CPU iPhone OS 7_0 like Mac OS X) AppleWebKit/537.51.1 (KHTML, like Gecko) Version/7.0 Mobile/11A465 Safari/9537.53 BingPreview/1.0b"
131.253.25.217 - - [18/Jun/2017:01:35:25 +0530] "GET /images/bullet4.gif HTTP/1.1" 200 67 "http://www.cdmindia.gov.in/project_details_view.php?id=1186" "Mozilla/5.0 (iPhone; CPU iPhone OS 7_0 like Mac OS X) AppleWebKit/537.51.1 (KHTML, like Gecko) Version/7.0 Mobile/11A465 Safari/9537.53 BingPreview/1.0b"
131.253.25.217 - - [18/Jun/2017:01:35:26 +0530] "GET /images/img1.jpg HTTP/1.1" 200 1251 "http://www.cdmindia.gov.in/project_details_view.php?id=1186" "Mozilla/5.0 (iPhone; CPU iPhone OS 7_0 like Mac OS X) AppleWebKit/537.51.1 (KHTML, like Gecko) Version/7.0 Mobile/11A465 Safari/9537.53 BingPreview/1.0b"
66.249.79.19 - - [18/Jun/2017:01:37:12 +0530] "GET /project_details_view.php?id=894 HTTP/1.1" 200 15169 "-" "Mozilla/5.0 (compatible; Googlebot/2.1; +http://www.google.com/bot.html)"
146.148.64.128 - - [18/Jun/2017:01:37:55 +0530] "GET /robots.txt HTTP/1.1" 404 208 "-" "ltx71 - (http://ltx71.com/)"
207.46.13.2 - - [18/Jun/2017:01:38:53 +0530] "GET / HTTP/1.1" 200 19480 "-" "Mozilla/5.0 (compatible; bingbot/2.0; +http://www.bing.com/bingbot.htm)"
207.46.13.2 - - [18/Jun/2017:01:42:03 +0530] "GET / HTTP/1.1" 200 19480 "-" "Mozilla/5.0 (compatible; bingbot/2.0; +http://www.bing.com/bingbot.htm)"
66.249.79.19 - - [18/Jun/2017:01:42:13 +0530] "GET /project_details_view.php?id=133 HTTP/1.1" 200 14808 "-" "Mozilla/5.0 (compatible; Googlebot/2.1; +http://www.google.com/bot.html)"
35.184.189.105 - - [18/Jun/2017:01:42:42 +0530] "GET /robots.txt HTTP/1.1" 404 208 "-" "ltx71 - (http://ltx71.com/)"
66.249.79.17 - - [18/Jun/2017:01:48:53 +0530] "GET /detail_news.php?id=16 HTTP/1.1" 302 18332 "-" "Mozilla/5.0 (compatible; Googlebot/2.1; +http://www.google.com/bot.html)"
66.249.79.19 - - [18/Jun/2017:01:48:54 +0530] "GET /logout.php HTTP/1.1" 302 369 "-" "Mozilla/5.0 (compatible; Googlebot/2.1; +http://www.google.com/bot.html)"
66.249.79.15 - - [18/Jun/2017:01:48:55 +0530] "GET /index.php HTTP/1.1" 200 19480 "-" "Mozilla/5.0 (compatible; Googlebot/2.1; +http://www.google.com/bot.html)"
202.46.51.207 - - [18/Jun/2017:01:50:30 +0530] "GET /project_details_view.php?id=709 HTTP/1.1" 200 13702 "-" "Mozilla/5.0 (Windows NT 10.0; WOW64) AppleWebKit/537.36 (KHTML, like Gecko) Chrome/45.0.2454.93 Safari/537.36"
92.145.234.123 - - [18/Jun/2017:01:52:24 +0530] "GET /robots.txt HTTP/1.1" 404 208 "-" "Java/1.8.0_101"
207.46.13.160 - - [18/Jun/2017:01:54:02 +0530] "GET /project_details_view.php?id=1358 HTTP/1.1" 200 14007 "-" "Mozilla/5.0 (compatible; bingbot/2.0; +http://www.bing.com/bingbot.htm)"
177.23.178.218 - - [18/Jun/2017:01:54:35 +0530] "GET / HTTP/1.1" 200 19480 "-" "Mozilla/4.0 (compatible; MSIE 5.0; Windows NT; DigExt; DTS Agent"
146.148.64.128 - - [18/Jun/2017:01:54:53 +0530] "GET /robots.txt HTTP/1.1" 404 208 "-" "ltx71 - (http://ltx71.com/)"
146.148.64.128 - - [18/Jun/2017:02:02:01 +0530] "GET /robots.txt HTTP/1.1" 404 208 "-" "ltx71 - (http://ltx71.com/)"
146.148.64.128 - - [18/Jun/2017:02:02:26 +0530] "GET /js/base64_encode.js HTTP/1.1" 200 3002 "-" "ltx71 - (http://ltx71.com/)"
207.46.13.160 - - [18/Jun/2017:02:03:49 +0530] "GET /project_details_view.php?id=1027 HTTP/1.1" 200 13999 "-" "Mozilla/5.0 (iPhone; CPU iPhone OS 7_0 like Mac OS X) AppleWebKit/537.51.1 (KHTML, like Gecko) Version/7.0 Mobile/11A465 Safari/9537.53 (compatible; bingbot/2.0; +http://www.bing.com/bingbot.htm)"
66.249.79.17 - - [18/Jun/2017:02:04:37 +0530] "GET /detail_news.php?id=10 HTTP/1.1" 302 20219 "-" "Mozilla/5.0 (compatible; Googlebot/2.1; +http://www.google.com/bot.html)"
66.249.79.15 - - [18/Jun/2017:02:04:38 +0530] "GET /logout.php HTTP/1.1" 302 369 "-" "Mozilla/5.0 (compatible; Googlebot/2.1; +http://www.google.com/bot.html)"
66.249.79.17 - - [18/Jun/2017:02:04:39 +0530] "GET /index.php HTTP/1.1" 200 19480 "-" "Mozilla/5.0 (compatible; Googlebot/2.1; +http://www.google.com/bot.html)"
146.148.64.128 - - [18/Jun/2017:02:05:04 +0530] "GET /robots.txt HTTP/1.1" 404 208 "-" "ltx71 - (http://ltx71.com/)"
146.148.64.128 - - [18/Jun/2017:02:05:17 +0530] "GET /js/base64_encode.js HTTP/1.1" 200 3002 "-" "ltx71 - (http://ltx71.com/)"
216.244.66.248 - - [18/Jun/2017:02:07:33 +0530] "GET /detail_news.php?id=13 HTTP/1.1" 302 37748 "-" "Mozilla/5.0 (compatible; DotBot/1.1; http://www.opensiteexplorer.org/dotbot, help@moz.com)"
84.55.70.80 - - [18/Jun/2017:02:08:00 +0530] "GET /wp-login.php HTTP/1.1" 404 210 "-" "Mozilla/5.0 (Windows NT 6.1; WOW64; rv:40.0) Gecko/20100101 Firefox/40.1"
84.55.70.80 - - [18/Jun/2017:02:08:00 +0530] "GET /wp-login.php HTTP/1.1" 404 210 "-" "Mozilla/5.0 (Windows NT 6.1; WOW64; rv:40.0) Gecko/20100101 Firefox/40.1"
84.55.70.80 - - [18/Jun/2017:02:08:00 +0530] "GET / HTTP/1.1" 200 19480 "-" "Mozilla/5.0 (Windows NT 6.1; WOW64; rv:40.0) Gecko/20100101 Firefox/40.1"
84.55.70.80 - - [18/Jun/2017:02:08:00 +0530] "GET / HTTP/1.1" 200 19480 "-" "Mozilla/5.0 (Windows NT 6.1; WOW64; rv:40.0) Gecko/20100101 Firefox/40.1"
202.46.56.181 - - [18/Jun/2017:02:10:57 +0530] "GET /project_details_view_report.php?id=1253 HTTP/1.1" 200 13296 "-" "Mozilla/5.0 (Windows NT 10.0; WOW64) AppleWebKit/537.36 (KHTML, like Gecko) Chrome/45.0.2454.93 Safari/537.36"
146.148.64.128 - - [18/Jun/2017:02:11:22 +0530] "GET /robots.txt HTTP/1.1" 404 208 "-" "ltx71 - (http://ltx71.com/)"
216.244.66.196 - - [18/Jun/2017:02:13:30 +0530] "GET /robots.txt HTTP/1.1" 404 208 "-" "Mozilla/5.0 (compatible; DotBot/1.1; http://www.opensiteexplorer.org/dotbot, help@moz.com)"
94.34.200.178 - - [18/Jun/2017:02:16:00 +0530] "GET /wp-login.php HTTP/1.1" 404 210 "-" "Mozilla/5.0 (Windows NT 6.1; WOW64; rv:40.0) Gecko/20100101 Firefox/40.1"
94.34.200.178 - - [18/Jun/2017:02:16:01 +0530] "GET / HTTP/1.1" 200 19480 "-" "Mozilla/5.0 (Windows NT 6.1; WOW64; rv:40.0) Gecko/20100101 Firefox/40.1"
146.148.64.128 - - [18/Jun/2017:02:16:57 +0530] "GET /robots.txt HTTP/1.1" 404 208 "-" "ltx71 - (http://ltx71.com/)"
207.46.13.160 - - [18/Jun/2017:02:18:02 +0530] "GET /project_details_view.php?id=1421 HTTP/1.1" 200 14565 "-" "Mozilla/5.0 (iPhone; CPU iPhone OS 7_0 like Mac OS X) AppleWebKit/537.51.1 (KHTML, like Gecko) Version/7.0 Mobile/11A465 Safari/9537.53 (compatible; bingbot/2.0; +http://www.bing.com/bingbot.htm)"
66.249.79.15 - - [18/Jun/2017:02:18:23 +0530] "GET /project_details_view_report.php?id=374 HTTP/1.1" 200 13123 "-" "Mozilla/5.0 (compatible; Googlebot/2.1; +http://www.google.com/bot.html)"
40.77.167.73 - - [18/Jun/2017:02:20:12 +0530] "GET /project_details_view.php?id=1424 HTTP/1.1" 200 15630 "-" "Mozilla/5.0 (iPhone; CPU iPhone OS 7_0 like Mac OS X) AppleWebKit/537.51.1 (KHTML, like Gecko) Version/7.0 Mobile/11A465 Safari/9537.53 (compatible; bingbot/2.0; +http://www.bing.com/bingbot.htm)"
146.148.64.128 - - [18/Jun/2017:02:22:50 +0530] "GET /robots.txt HTTP/1.1" 404 208 "-" "ltx71 - (http://ltx71.com/)"
207.46.13.2 - - [18/Jun/2017:02:28:10 +0530] "GET /project_details_view.php?id=410 HTTP/1.1" 200 14897 "-" "Mozilla/5.0 (compatible; bingbot/2.0; +http://www.bing.com/bingbot.htm)"
202.46.58.132 - - [18/Jun/2017:02:31:25 +0530] "GET /project_details_view.php?id=1310 HTTP/1.1" 200 15555 "-" "Mozilla/5.0 (Windows NT 10.0; WOW64) AppleWebKit/537.36 (KHTML, like Gecko) Chrome/45.0.2454.93 Safari/537.36"
66.249.79.15 - - [18/Jun/2017:02:33:10 +0530] "GET /project_details_view.php?id=232 HTTP/1.1" 200 14773 "-" "Mozilla/5.0 (compatible; Googlebot/2.1; +http://www.google.com/bot.html)"
220.181.108.156 - - [18/Jun/2017:02:33:26 +0530] "GET /downloads/Template_sharing%202Percent.doc HTTP/1.1" 200 73728 "-" "Mozilla/5.0 (compatible; Baiduspider/2.0; +http://www.baidu.com/search/spider.html)"
146.148.64.128 - - [18/Jun/2017:02:34:36 +0530] "GET /robots.txt HTTP/1.1" 404 208 "-" "ltx71 - (http://ltx71.com/)"
146.148.64.128 - - [18/Jun/2017:02:35:48 +0530] "GET /robots.txt HTTP/1.1" 404 208 "-" "ltx71 - (http://ltx71.com/)"
146.148.64.128 - - [18/Jun/2017:02:36:06 +0530] "GET /capacity_building.php HTTP/1.1" 200 19186 "-" "ltx71 - (http://ltx71.com/)"
66.249.79.19 - - [18/Jun/2017:02:38:13 +0530] "GET /project_details_view.php?id=1501 HTTP/1.1" 200 15176 "-" "Mozilla/5.0 (compatible; Googlebot/2.1; +http://www.google.com/bot.html)"
40.77.167.35 - - [18/Jun/2017:02:39:35 +0530] "GET /project_details_view.php?id=1399 HTTP/1.1" 200 15259 "-" "Mozilla/5.0 (iPhone; CPU iPhone OS 7_0 like Mac OS X) AppleWebKit/537.51.1 (KHTML, like Gecko) Version/7.0 Mobile/11A465 Safari/9537.53 (compatible; bingbot/2.0; +http://www.bing.com/bingbot.htm)"
146.148.64.128 - - [18/Jun/2017:02:40:05 +0530] "GET /robots.txt HTTP/1.1" 404 208 "-" "ltx71 - (http://ltx71.com/)"
146.148.64.128 - - [18/Jun/2017:02:41:43 +0530] "GET /detail_news.php?id=3 HTTP/1.1" 302 18397 "-" "ltx71 - (http://ltx71.com/)"
66.249.79.15 - - [18/Jun/2017:02:43:59 +0530] "GET /project_details_view_report.php?id=322 HTTP/1.1" 200 13146 "-" "Mozilla/5.0 (compatible; Googlebot/2.1; +http://www.google.com/bot.html)"
35.184.189.105 - - [18/Jun/2017:02:45:04 +0530] "GET /robots.txt HTTP/1.1" 404 208 "-" "ltx71 - (http://ltx71.com/)"
35.184.189.105 - - [18/Jun/2017:02:46:42 +0530] "GET /js/base64_encode.js HTTP/1.1" 200 3002 "-" "ltx71 - (http://ltx71.com/)"
146.148.64.128 - - [18/Jun/2017:02:47:13 +0530] "GET /robots.txt HTTP/1.1" 404 208 "-" "ltx71 - (http://ltx71.com/)"
146.148.64.128 - - [18/Jun/2017:02:48:06 +0530] "GET /capacity_building.php HTTP/1.1" 200 19186 "-" "ltx71 - (http://ltx71.com/)"
203.109.108.31 - - [18/Jun/2017:02:50:17 +0530] "GET /project_details_view.php?id=609 HTTP/1.1" 200 15499 "https://www.google.co.in/" "Mozilla/5.0 (Windows NT 6.1) AppleWebKit/537.36 (KHTML, like Gecko) Chrome/58.0.3029.110 Safari/537.36"
203.109.108.31 - - [18/Jun/2017:02:50:18 +0530] "GET /Scripts/AC_RunActiveContent.js HTTP/1.1" 200 8321 "http://www.cdmindia.gov.in/project_details_view.php?id=609" "Mozilla/5.0 (Windows NT 6.1) AppleWebKit/537.36 (KHTML, like Gecko) Chrome/58.0.3029.110 Safari/537.36"
203.109.108.31 - - [18/Jun/2017:02:50:18 +0530] "GET /includes/ncdma.css HTTP/1.1" 200 13023 "http://www.cdmindia.gov.in/project_details_view.php?id=609" "Mozilla/5.0 (Windows NT 6.1) AppleWebKit/537.36 (KHTML, like Gecko) Chrome/58.0.3029.110 Safari/537.36"
203.109.108.31 - - [18/Jun/2017:02:50:18 +0530] "GET /ncdma.css HTTP/1.1" 200 12640 "http://www.cdmindia.gov.in/project_details_view.php?id=609" "Mozilla/5.0 (Windows NT 6.1) AppleWebKit/537.36 (KHTML, like Gecko) Chrome/58.0.3029.110 Safari/537.36"
203.109.108.31 - - [18/Jun/2017:02:50:18 +0530] "GET /images/img2.jpg HTTP/1.1" 200 16276 "http://www.cdmindia.gov.in/project_details_view.php?id=609" "Mozilla/5.0 (Windows NT 6.1) AppleWebKit/537.36 (KHTML, like Gecko) Chrome/58.0.3029.110 Safari/537.36"
203.109.108.31 - - [18/Jun/2017:02:50:18 +0530] "GET /images/spacer.gif HTTP/1.1" 200 43 "http://www.cdmindia.gov.in/project_details_view.php?id=609" "Mozilla/5.0 (Windows NT 6.1) AppleWebKit/537.36 (KHTML, like Gecko) Chrome/58.0.3029.110 Safari/537.36"
203.109.108.31 - - [18/Jun/2017:02:50:18 +0530] "GET /images/bullet1.gif HTTP/1.1" 200 67 "http://www.cdmindia.gov.in/project_details_view.php?id=609" "Mozilla/5.0 (Windows NT 6.1) AppleWebKit/537.36 (KHTML, like Gecko) Chrome/58.0.3029.110 Safari/537.36"
203.109.108.31 - - [18/Jun/2017:02:50:18 +0530] "GET /images/bullet4.gif HTTP/1.1" 200 67 "http://www.cdmindia.gov.in/project_details_view.php?id=609" "Mozilla/5.0 (Windows NT 6.1) AppleWebKit/537.36 (KHTML, like Gecko) Chrome/58.0.3029.110 Safari/537.36"
203.109.108.31 - - [18/Jun/2017:02:50:18 +0530] "GET /images/bulllet2.gif HTTP/1.1" 200 58 "http://www.cdmindia.gov.in/project_details_view.php?id=609" "Mozilla/5.0 (Windows NT 6.1) AppleWebKit/537.36 (KHTML, like Gecko) Chrome/58.0.3029.110 Safari/537.36"
203.109.108.31 - - [18/Jun/2017:02:50:18 +0530] "GET /images/img3.jpg HTTP/1.1" 200 26957 "http://www.cdmindia.gov.in/project_details_view.php?id=609" "Mozilla/5.0 (Windows NT 6.1) AppleWebKit/537.36 (KHTML, like Gecko) Chrome/58.0.3029.110 Safari/537.36"
203.109.108.31 - - [18/Jun/2017:02:50:18 +0530] "GET /images/img1.jpg HTTP/1.1" 200 1251 "http://www.cdmindia.gov.in/project_details_view.php?id=609" "Mozilla/5.0 (Windows NT 6.1) AppleWebKit/537.36 (KHTML, like Gecko) Chrome/58.0.3029.110 Safari/537.36"
203.109.108.31 - - [18/Jun/2017:02:50:18 +0530] "GET /images/fbg.jpg HTTP/1.1" 200 325 "http://www.cdmindia.gov.in/project_details_view.php?id=609" "Mozilla/5.0 (Windows NT 6.1) AppleWebKit/537.36 (KHTML, like Gecko) Chrome/58.0.3029.110 Safari/537.36"
203.109.108.31 - - [18/Jun/2017:02:50:18 +0530] "GET /images/gtz.jpg HTTP/1.1" 200 15484 "http://www.cdmindia.gov.in/project_details_view.php?id=609" "Mozilla/5.0 (Windows NT 6.1) AppleWebKit/537.36 (KHTML, like Gecko) Chrome/58.0.3029.110 Safari/537.36"
203.109.108.31 - - [18/Jun/2017:02:50:18 +0530] "GET /images/fdm.jpg HTTP/1.1" 200 2043 "http://www.cdmindia.gov.in/project_details_view.php?id=609" "Mozilla/5.0 (Windows NT 6.1) AppleWebKit/537.36 (KHTML, like Gecko) Chrome/58.0.3029.110 Safari/537.36"
203.109.108.31 - - [18/Jun/2017:02:50:18 +0530] "GET /favicon.ico HTTP/1.1" 200 1189 "http://www.cdmindia.gov.in/project_details_view.php?id=609" "Mozilla/5.0 (Windows NT 6.1) AppleWebKit/537.36 (KHTML, like Gecko) Chrome/58.0.3029.110 Safari/537.36"
35.184.189.105 - - [18/Jun/2017:02:50:50 +0530] "GET /robots.txt HTTP/1.1" 404 208 "-" "ltx71 - (http://ltx71.com/)"
202.46.56.187 - - [18/Jun/2017:02:51:52 +0530] "GET /project_details_view_report.php?id=1554 HTTP/1.1" 200 13222 "-" "Mozilla/5.0 (Windows NT 10.0; WOW64) AppleWebKit/537.36 (KHTML, like Gecko) Chrome/45.0.2454.93 Safari/537.36"
216.244.66.248 - - [18/Jun/2017:02:56:09 +0530] "GET /robots.txt HTTP/1.1" 404 208 "-" "Mozilla/5.0 (compatible; DotBot/1.1; http://www.opensiteexplorer.org/dotbot, help@moz.com)"
146.148.64.128 - - [18/Jun/2017:02:57:39 +0530] "GET /robots.txt HTTP/1.1" 404 208 "-" "ltx71 - (http://ltx71.com/)"
123.125.71.32 - - [18/Jun/2017:02:58:43 +0530] "GET /robots.txt HTTP/1.1" 404 208 "-" "Mozilla/5.0 (compatible; Baiduspider/2.0; +http://www.baidu.com/search/spider.html)"
146.148.64.128 - - [18/Jun/2017:03:05:35 +0530] "GET /robots.txt HTTP/1.1" 404 208 "-" "ltx71 - (http://ltx71.com/)"
146.148.64.128 - - [18/Jun/2017:03:09:14 +0530] "GET /robots.txt HTTP/1.1" 404 208 "-" "ltx71 - (http://ltx71.com/)"
146.148.64.128 - - [18/Jun/2017:03:10:50 +0530] "GET /approval_process.php HTTP/1.1" 200 25912 "-" "ltx71 - (http://ltx71.com/)"
207.46.13.160 - - [18/Jun/2017:03:11:16 +0530] "GET /project_details_view.php?id=1019 HTTP/1.1" 200 13804 "-" "Mozilla/5.0 (compatible; bingbot/2.0; +http://www.bing.com/bingbot.htm)"
207.46.13.160 - - [18/Jun/2017:03:11:33 +0530] "GET /images/img1.jpg HTTP/1.1" 200 1251 "-" "Mozilla/5.0 (compatible; bingbot/2.0; +http://www.bing.com/bingbot.htm)"
146.148.64.128 - - [18/Jun/2017:03:11:33 +0530] "GET /downloads/Comparision%20of%20PCN_30.03.doc HTTP/1.1" 200 49664 "-" "ltx71 - (http://ltx71.com/)"
207.46.13.2 - - [18/Jun/2017:03:11:38 +0530] "GET /images/fbg.jpg HTTP/1.1" 200 325 "-" "Mozilla/5.0 (compatible; bingbot/2.0; +http://www.bing.com/bingbot.htm)"
207.46.13.2 - - [18/Jun/2017:03:11:38 +0530] "GET /images/img2.jpg HTTP/1.1" 200 16276 "-" "Mozilla/5.0 (compatible; bingbot/2.0; +http://www.bing.com/bingbot.htm)"
40.77.167.35 - - [18/Jun/2017:03:11:43 +0530] "GET /images/img3.jpg HTTP/1.1" 200 26957 "-" "Mozilla/5.0 (compatible; bingbot/2.0; +http://www.bing.com/bingbot.htm)"
146.148.64.128 - - [18/Jun/2017:03:12:05 +0530] "GET /js/md5.js HTTP/1.1" 200 13194 "-" "ltx71 - (http://ltx71.com/)"
202.46.54.116 - - [18/Jun/2017:03:12:19 +0530] "GET /project_details_view_report.php?id=145 HTTP/1.1" 200 13113 "-" "Mozilla/5.0 (Windows NT 10.0; WOW64) AppleWebKit/537.36 (KHTML, like Gecko) Chrome/45.0.2454.93 Safari/537.36"
146.148.64.128 - - [18/Jun/2017:03:12:27 +0530] "GET /robots.txt HTTP/1.1" 404 208 "-" "ltx71 - (http://ltx71.com/)"
146.148.64.128 - - [18/Jun/2017:03:13:40 +0530] "GET /events_more.php HTTP/1.1" 200 16905 "-" "ltx71 - (http://ltx71.com/)"
40.77.167.35 - - [18/Jun/2017:03:14:50 +0530] "GET /project_details_view.php?id=1314 HTTP/1.1" 200 14557 "-" "Mozilla/5.0 (compatible; bingbot/2.0; +http://www.bing.com/bingbot.htm)"
146.148.64.128 - - [18/Jun/2017:03:15:17 +0530] "GET /downloads/Template_sharing%202Percent.doc HTTP/1.1" 200 73728 "-" "ltx71 - (http://ltx71.com/)"
66.249.79.19 - - [18/Jun/2017:03:18:44 +0530] "GET /project_details_view.php?id=321 HTTP/1.1" 200 15933 "-" "Mozilla/5.0 (compatible; Googlebot/2.1; +http://www.google.com/bot.html)"
40.77.167.35 - - [18/Jun/2017:03:19:04 +0530] "GET /project_details_view.php?id=1331 HTTP/1.1" 200 14304 "-" "Mozilla/5.0 (compatible; bingbot/2.0; +http://www.bing.com/bingbot.htm)"
131.253.25.219 - - [18/Jun/2017:03:21:29 +0530] "GET /images/bullet4.gif HTTP/1.1" 200 67 "-" "Mozilla/5.0 (iPhone; CPU iPhone OS 7_0 like Mac OS X) AppleWebKit/537.51.1 (KHTML, like Gecko) Version/7.0 Mobile/11A465 Safari/9537.53 BingPreview/1.0b"
66.249.79.19 - - [18/Jun/2017:03:23:52 +0530] "GET /project_details_view.php?id=1190 HTTP/1.1" 200 15466 "-" "Mozilla/5.0 (compatible; Googlebot/2.1; +http://www.google.com/bot.html)"
146.148.64.128 - - [18/Jun/2017:03:24:30 +0530] "GET /robots.txt HTTP/1.1" 404 208 "-" "ltx71 - (http://ltx71.com/)"
146.148.64.128 - - [18/Jun/2017:03:24:52 +0530] "GET /index.php HTTP/1.1" 200 19480 "-" "ltx71 - (http://ltx71.com/)"
35.184.189.105 - - [18/Jun/2017:03:25:57 +0530] "GET /robots.txt HTTP/1.1" 404 208 "-" "ltx71 - (http://ltx71.com/)"
207.46.13.160 - - [18/Jun/2017:03:27:57 +0530] "GET /project_details_view.php?id=1258 HTTP/1.1" 200 14032 "-" "Mozilla/5.0 (iPhone; CPU iPhone OS 7_0 like Mac OS X) AppleWebKit/537.51.1 (KHTML, like Gecko) Version/7.0 Mobile/11A465 Safari/9537.53 (compatible; bingbot/2.0; +http://www.bing.com/bingbot.htm)"
216.244.66.196 - - [18/Jun/2017:03:28:56 +0530] "GET /detail_news.php?id=11 HTTP/1.1" 302 18421 "-" "Mozilla/5.0 (compatible; DotBot/1.1; http://www.opensiteexplorer.org/dotbot, help@moz.com)"
35.184.189.105 - - [18/Jun/2017:03:30:26 +0530] "GET /robots.txt HTTP/1.1" 404 208 "-" "ltx71 - (http://ltx71.com/)"
35.184.189.105 - - [18/Jun/2017:03:30:39 +0530] "GET /downloads/Template_sharing%202Percent.doc HTTP/1.1" 200 73728 "-" "ltx71 - (http://ltx71.com/)"
202.46.54.17 - - [18/Jun/2017:03:32:47 +0530] "GET /project_details_view.php?id=267 HTTP/1.1" 200 14205 "-" "Mozilla/5.0 (Windows NT 10.0; WOW64) AppleWebKit/537.36 (KHTML, like Gecko) Chrome/45.0.2454.93 Safari/537.36"
84.109.137.242 - - [18/Jun/2017:03:37:57 +0530] "GET / HTTP/1.1" 200 19480 "-" "null"
146.148.64.128 - - [18/Jun/2017:03:39:01 +0530] "GET /robots.txt HTTP/1.1" 404 208 "-" "ltx71 - (http://ltx71.com/)"
66.249.79.15 - - [18/Jun/2017:03:39:02 +0530] "GET /project_details_view.php?id=566&oid=1&page=67&reporttype=1 HTTP/1.1" 200 14277 "-" "Mozilla/5.0 (compatible; Googlebot/2.1; +http://www.google.com/bot.html)"
146.148.64.128 - - [18/Jun/2017:03:39:30 +0530] "GET /js/index_validations.js HTTP/1.1" 200 3143 "-" "ltx71 - (http://ltx71.com/)"
146.148.64.128 - - [18/Jun/2017:03:39:43 +0530] "GET /images/NCDMA%20PCN%20Format%2017072009.doc HTTP/1.1" 200 114176 "-" "ltx71 - (http://ltx71.com/)"
146.148.64.128 - - [18/Jun/2017:03:41:22 +0530] "GET /detail_news.php?id=11 HTTP/1.1" 302 18421 "-" "ltx71 - (http://ltx71.com/)"
66.249.79.19 - - [18/Jun/2017:03:44:02 +0530] "GET /project_details_view.php?id=1891&oid=1&page=9&reporttype=1 HTTP/1.1" 200 14284 "-" "Mozilla/5.0 (compatible; Googlebot/2.1; +http://www.google.com/bot.html)"
66.249.79.15 - - [18/Jun/2017:03:44:05 +0530] "GET /downloads/Carbon%20Market%20Roadmap.pdf HTTP/1.1" 304 - "-" "Mozilla/5.0 (compatible; Googlebot/2.1; +http://www.google.com/bot.html)"
146.148.64.128 - - [18/Jun/2017:03:46:38 +0530] "GET /robots.txt HTTP/1.1" 404 208 "-" "ltx71 - (http://ltx71.com/)"
146.148.64.128 - - [18/Jun/2017:03:48:13 +0530] "GET /robots.txt HTTP/1.1" 404 208 "-" "ltx71 - (http://ltx71.com/)"
146.148.64.128 - - [18/Jun/2017:03:49:58 +0530] "GET /detail_news.php?id=4 HTTP/1.1" 302 19562 "-" "ltx71 - (http://ltx71.com/)"
146.148.64.128 - - [18/Jun/2017:03:50:55 +0530] "GET /future_projects.php HTTP/1.1" 302 26210 "-" "ltx71 - (http://ltx71.com/)"
216.244.66.248 - - [18/Jun/2017:03:51:20 +0530] "GET /robots.txt HTTP/1.1" 404 208 "-" "Mozilla/5.0 (compatible; DotBot/1.1; http://www.opensiteexplorer.org/dotbot, help@moz.com)"
216.244.66.248 - - [18/Jun/2017:03:51:28 +0530] "GET /detail_news.php?id=16 HTTP/1.1" 302 18332 "-" "Mozilla/5.0 (compatible; DotBot/1.1; http://www.opensiteexplorer.org/dotbot, help@moz.com)"
202.46.57.38 - - [18/Jun/2017:03:53:14 +0530] "GET /project_details_view_report.php?id=468 HTTP/1.1" 200 13170 "-" "Mozilla/5.0 (Windows NT 10.0; WOW64) AppleWebKit/537.36 (KHTML, like Gecko) Chrome/45.0.2454.93 Safari/537.36"
40.77.167.35 - - [18/Jun/2017:03:55:38 +0530] "GET /detail_news.php?id=20 HTTP/1.1" 302 18266 "-" "Mozilla/5.0 (compatible; bingbot/2.0; +http://www.bing.com/bingbot.htm)"
40.77.167.35 - - [18/Jun/2017:03:55:39 +0530] "GET /logout.php HTTP/1.1" 302 369 "-" "Mozilla/5.0 (compatible; bingbot/2.0; +http://www.bing.com/bingbot.htm)"
40.77.167.35 - - [18/Jun/2017:03:55:40 +0530] "GET /index.php HTTP/1.1" 200 19480 "-" "Mozilla/5.0 (compatible; bingbot/2.0; +http://www.bing.com/bingbot.htm)"
66.249.79.17 - - [18/Jun/2017:03:59:32 +0530] "GET /project_details_view.php?id=719&oid=1&page=60&reporttype=1 HTTP/1.1" 200 14995 "-" "Mozilla/5.0 (compatible; Googlebot/2.1; +http://www.google.com/bot.html)"
66.249.79.15 - - [18/Jun/2017:03:59:46 +0530] "GET /project_details_view_report.php?id=694 HTTP/1.1" 200 13231 "-" "Mozilla/5.0 (compatible; Googlebot/2.1; +http://www.google.com/bot.html)"
35.184.189.105 - - [18/Jun/2017:04:01:37 +0530] "GET /robots.txt HTTP/1.1" 404 208 "-" "ltx71 - (http://ltx71.com/)"
40.77.167.35 - - [18/Jun/2017:04:04:23 +0530] "GET /project_details_view.php?id=1190 HTTP/1.1" 200 15466 "-" "Mozilla/5.0 (iPhone; CPU iPhone OS 7_0 like Mac OS X) AppleWebKit/537.51.1 (KHTML, like Gecko) Version/7.0 Mobile/11A465 Safari/9537.53 (compatible; bingbot/2.0; +http://www.bing.com/bingbot.htm)"
40.77.167.35 - - [18/Jun/2017:04:05:36 +0530] "GET /downloads/Carbon%20Market%20Roadmap.pdf HTTP/1.1" 200 4344697 "-" "Mozilla/5.0 (compatible; bingbot/2.0; +http://www.bing.com/bingbot.htm)"
146.148.64.128 - - [18/Jun/2017:04:06:56 +0530] "GET /robots.txt HTTP/1.1" 404 208 "-" "ltx71 - (http://ltx71.com/)"
197.27.21.164 - - [18/Jun/2017:04:08:20 +0530] "GET /project_details_view.php?id=1945&oid=&page=8&reporttype= HTTP/1.1" 200 14659 "https://www.google.tn/" "Mozilla/5.0 (Windows NT 6.3; Win64; x64) AppleWebKit/537.36 (KHTML, like Gecko) Chrome/58.0.3029.110 Safari/537.36"
197.27.21.164 - - [18/Jun/2017:04:08:20 +0530] "GET /includes/ncdma.css HTTP/1.1" 200 13023 "http://www.cdmindia.gov.in/project_details_view.php?id=1945&oid=&page=8&reporttype=" "Mozilla/5.0 (Windows NT 6.3; Win64; x64) AppleWebKit/537.36 (KHTML, like Gecko) Chrome/58.0.3029.110 Safari/537.36"
197.27.21.164 - - [18/Jun/2017:04:08:20 +0530] "GET /ncdma.css HTTP/1.1" 200 12640 "http://www.cdmindia.gov.in/project_details_view.php?id=1945&oid=&page=8&reporttype=" "Mozilla/5.0 (Windows NT 6.3; Win64; x64) AppleWebKit/537.36 (KHTML, like Gecko) Chrome/58.0.3029.110 Safari/537.36"
197.27.21.164 - - [18/Jun/2017:04:08:21 +0530] "GET /Scripts/AC_RunActiveContent.js HTTP/1.1" 200 8321 "http://www.cdmindia.gov.in/project_details_view.php?id=1945&oid=&page=8&reporttype=" "Mozilla/5.0 (Windows NT 6.3; Win64; x64) AppleWebKit/537.36 (KHTML, like Gecko) Chrome/58.0.3029.110 Safari/537.36"
197.27.21.164 - - [18/Jun/2017:04:08:22 +0530] "GET /images/fdm.jpg HTTP/1.1" 200 2043 "http://www.cdmindia.gov.in/project_details_view.php?id=1945&oid=&page=8&reporttype=" "Mozilla/5.0 (Windows NT 6.3; Win64; x64) AppleWebKit/537.36 (KHTML, like Gecko) Chrome/58.0.3029.110 Safari/537.36"
197.27.21.164 - - [18/Jun/2017:04:08:22 +0530] "GET /images/img1.jpg HTTP/1.1" 200 1251 "http://www.cdmindia.gov.in/project_details_view.php?id=1945&oid=&page=8&reporttype=" "Mozilla/5.0 (Windows NT 6.3; Win64; x64) AppleWebKit/537.36 (KHTML, like Gecko) Chrome/58.0.3029.110 Safari/537.36"
197.27.21.164 - - [18/Jun/2017:04:08:22 +0530] "GET /images/fbg.jpg HTTP/1.1" 200 325 "http://www.cdmindia.gov.in/project_details_view.php?id=1945&oid=&page=8&reporttype=" "Mozilla/5.0 (Windows NT 6.3; Win64; x64) AppleWebKit/537.36 (KHTML, like Gecko) Chrome/58.0.3029.110 Safari/537.36"
197.27.21.164 - - [18/Jun/2017:04:08:22 +0530] "GET /images/gtz.jpg HTTP/1.1" 200 15484 "http://www.cdmindia.gov.in/project_details_view.php?id=1945&oid=&page=8&reporttype=" "Mozilla/5.0 (Windows NT 6.3; Win64; x64) AppleWebKit/537.36 (KHTML, like Gecko) Chrome/58.0.3029.110 Safari/537.36"
197.27.21.164 - - [18/Jun/2017:04:08:22 +0530] "GET /images/img2.jpg HTTP/1.1" 200 16276 "http://www.cdmindia.gov.in/project_details_view.php?id=1945&oid=&page=8&reporttype=" "Mozilla/5.0 (Windows NT 6.3; Win64; x64) AppleWebKit/537.36 (KHTML, like Gecko) Chrome/58.0.3029.110 Safari/537.36"
197.27.21.164 - - [18/Jun/2017:04:08:22 +0530] "GET /images/img3.jpg HTTP/1.1" 200 26957 "http://www.cdmindia.gov.in/project_details_view.php?id=1945&oid=&page=8&reporttype=" "Mozilla/5.0 (Windows NT 6.3; Win64; x64) AppleWebKit/537.36 (KHTML, like Gecko) Chrome/58.0.3029.110 Safari/537.36"
197.27.21.164 - - [18/Jun/2017:04:08:22 +0530] "GET /images/spacer.gif HTTP/1.1" 200 43 "http://www.cdmindia.gov.in/project_details_view.php?id=1945&oid=&page=8&reporttype=" "Mozilla/5.0 (Windows NT 6.3; Win64; x64) AppleWebKit/537.36 (KHTML, like Gecko) Chrome/58.0.3029.110 Safari/537.36"
197.27.21.164 - - [18/Jun/2017:04:08:22 +0530] "GET /images/bullet1.gif HTTP/1.1" 200 67 "http://www.cdmindia.gov.in/project_details_view.php?id=1945&oid=&page=8&reporttype=" "Mozilla/5.0 (Windows NT 6.3; Win64; x64) AppleWebKit/537.36 (KHTML, like Gecko) Chrome/58.0.3029.110 Safari/537.36"
197.27.21.164 - - [18/Jun/2017:04:08:23 +0530] "GET /images/bulllet2.gif HTTP/1.1" 200 58 "http://www.cdmindia.gov.in/project_details_view.php?id=1945&oid=&page=8&reporttype=" "Mozilla/5.0 (Windows NT 6.3; Win64; x64) AppleWebKit/537.36 (KHTML, like Gecko) Chrome/58.0.3029.110 Safari/537.36"
197.27.21.164 - - [18/Jun/2017:04:08:23 +0530] "GET /images/bullet4.gif HTTP/1.1" 200 67 "http://www.cdmindia.gov.in/project_details_view.php?id=1945&oid=&page=8&reporttype=" "Mozilla/5.0 (Windows NT 6.3; Win64; x64) AppleWebKit/537.36 (KHTML, like Gecko) Chrome/58.0.3029.110 Safari/537.36"
197.27.21.164 - - [18/Jun/2017:04:08:23 +0530] "GET /favicon.ico HTTP/1.1" 200 1189 "http://www.cdmindia.gov.in/project_details_view.php?id=1945&oid=&page=8&reporttype=" "Mozilla/5.0 (Windows NT 6.3; Win64; x64) AppleWebKit/537.36 (KHTML, like Gecko) Chrome/58.0.3029.110 Safari/537.36"
202.46.58.166 - - [18/Jun/2017:04:13:41 +0530] "GET /project_details_view.php?id=336 HTTP/1.1" 200 14011 "-" "Mozilla/5.0 (Windows NT 10.0; WOW64) AppleWebKit/537.36 (KHTML, like Gecko) Chrome/45.0.2454.93 Safari/537.36"
146.148.64.128 - - [18/Jun/2017:04:19:11 +0530] "GET /robots.txt HTTP/1.1" 404 208 "-" "ltx71 - (http://ltx71.com/)"
146.148.64.128 - - [18/Jun/2017:04:20:02 +0530] "GET /registration.php HTTP/1.1" 302 28529 "-" "ltx71 - (http://ltx71.com/)"
207.46.13.2 - - [18/Jun/2017:04:26:32 +0530] "GET /downloads/New%20PCN.doc HTTP/1.1" 200 435200 "-" "Mozilla/5.0 (compatible; bingbot/2.0; +http://www.bing.com/bingbot.htm)"
207.46.13.160 - - [18/Jun/2017:04:30:38 +0530] "GET /project_details_view.php?id=1084 HTTP/1.1" 200 15328 "-" "Mozilla/5.0 (compatible; bingbot/2.0; +http://www.bing.com/bingbot.htm)"
202.46.52.143 - - [18/Jun/2017:04:34:08 +0530] "GET /project_details_view_report.php?id=185 HTTP/1.1" 200 13128 "-" "Mozilla/5.0 (Windows NT 10.0; WOW64) AppleWebKit/537.36 (KHTML, like Gecko) Chrome/45.0.2454.93 Safari/537.36"
203.110.242.22 - - [18/Jun/2017:04:35:31 +0530] "GET / HTTP/1.1" 200 19480 "http://www.moef.nic.in/major-initiatives/environmental-clearances" "Mozilla/5.0 (Windows NT 6.3; Win64; x64) AppleWebKit/537.36 (KHTML, like Gecko) Chrome/58.0.3029.110 Safari/537.36"
203.110.242.22 - - [18/Jun/2017:04:35:31 +0530] "GET /ncdma.css HTTP/1.1" 200 12640 "http://www.cdmindia.gov.in/" "Mozilla/5.0 (Windows NT 6.3; Win64; x64) AppleWebKit/537.36 (KHTML, like Gecko) Chrome/58.0.3029.110 Safari/537.36"
203.110.242.22 - - [18/Jun/2017:04:35:31 +0530] "GET /Scripts/AC_RunActiveContent.js HTTP/1.1" 200 8321 "http://www.cdmindia.gov.in/" "Mozilla/5.0 (Windows NT 6.3; Win64; x64) AppleWebKit/537.36 (KHTML, like Gecko) Chrome/58.0.3029.110 Safari/537.36"
203.110.242.22 - - [18/Jun/2017:04:35:31 +0530] "GET /includes/ncdma.css HTTP/1.1" 200 13023 "http://www.cdmindia.gov.in/" "Mozilla/5.0 (Windows NT 6.3; Win64; x64) AppleWebKit/537.36 (KHTML, like Gecko) Chrome/58.0.3029.110 Safari/537.36"
203.110.242.22 - - [18/Jun/2017:04:35:31 +0530] "GET /js/md5.js HTTP/1.1" 200 13194 "http://www.cdmindia.gov.in/" "Mozilla/5.0 (Windows NT 6.3; Win64; x64) AppleWebKit/537.36 (KHTML, like Gecko) Chrome/58.0.3029.110 Safari/537.36"
203.110.242.22 - - [18/Jun/2017:04:35:31 +0530] "GET /js/base64_encode.js HTTP/1.1" 200 3002 "http://www.cdmindia.gov.in/" "Mozilla/5.0 (Windows NT 6.3; Win64; x64) AppleWebKit/537.36 (KHTML, like Gecko) Chrome/58.0.3029.110 Safari/537.36"
203.110.242.22 - - [18/Jun/2017:04:35:31 +0530] "GET /images/img2.jpg HTTP/1.1" 200 16276 "http://www.cdmindia.gov.in/" "Mozilla/5.0 (Windows NT 6.3; Win64; x64) AppleWebKit/537.36 (KHTML, like Gecko) Chrome/58.0.3029.110 Safari/537.36"
203.110.242.22 - - [18/Jun/2017:04:35:31 +0530] "GET /images/spacer.gif HTTP/1.1" 200 43 "http://www.cdmindia.gov.in/" "Mozilla/5.0 (Windows NT 6.3; Win64; x64) AppleWebKit/537.36 (KHTML, like Gecko) Chrome/58.0.3029.110 Safari/537.36"
203.110.242.22 - - [18/Jun/2017:04:35:31 +0530] "GET /images/bulllet2.gif HTTP/1.1" 200 58 "http://www.cdmindia.gov.in/" "Mozilla/5.0 (Windows NT 6.3; Win64; x64) AppleWebKit/537.36 (KHTML, like Gecko) Chrome/58.0.3029.110 Safari/537.36"
203.110.242.22 - - [18/Jun/2017:04:35:31 +0530] "GET /images/bullet1.gif HTTP/1.1" 200 67 "http://www.cdmindia.gov.in/" "Mozilla/5.0 (Windows NT 6.3; Win64; x64) AppleWebKit/537.36 (KHTML, like Gecko) Chrome/58.0.3029.110 Safari/537.36"
203.110.242.22 - - [18/Jun/2017:04:35:31 +0530] "GET /images/bullet4.gif HTTP/1.1" 200 67 "http://www.cdmindia.gov.in/" "Mozilla/5.0 (Windows NT 6.3; Win64; x64) AppleWebKit/537.36 (KHTML, like Gecko) Chrome/58.0.3029.110 Safari/537.36"
203.110.242.22 - - [18/Jun/2017:04:35:31 +0530] "GET /images/img3.jpg HTTP/1.1" 200 26957 "http://www.cdmindia.gov.in/" "Mozilla/5.0 (Windows NT 6.3; Win64; x64) AppleWebKit/537.36 (KHTML, like Gecko) Chrome/58.0.3029.110 Safari/537.36"
203.110.242.22 - - [18/Jun/2017:04:35:31 +0530] "GET /images/fdm.jpg HTTP/1.1" 200 2043 "http://www.cdmindia.gov.in/" "Mozilla/5.0 (Windows NT 6.3; Win64; x64) AppleWebKit/537.36 (KHTML, like Gecko) Chrome/58.0.3029.110 Safari/537.36"
203.110.242.22 - - [18/Jun/2017:04:35:32 +0530] "GET /images/img1.jpg HTTP/1.1" 200 1251 "http://www.cdmindia.gov.in/" "Mozilla/5.0 (Windows NT 6.3; Win64; x64) AppleWebKit/537.36 (KHTML, like Gecko) Chrome/58.0.3029.110 Safari/537.36"
203.110.242.22 - - [18/Jun/2017:04:35:32 +0530] "GET /images/login1.jpg HTTP/1.1" 200 618 "http://www.cdmindia.gov.in/" "Mozilla/5.0 (Windows NT 6.3; Win64; x64) AppleWebKit/537.36 (KHTML, like Gecko) Chrome/58.0.3029.110 Safari/537.36"
203.110.242.22 - - [18/Jun/2017:04:35:32 +0530] "GET /images/login.jpg HTTP/1.1" 200 1044 "http://www.cdmindia.gov.in/" "Mozilla/5.0 (Windows NT 6.3; Win64; x64) AppleWebKit/537.36 (KHTML, like Gecko) Chrome/58.0.3029.110 Safari/537.36"
203.110.242.22 - - [18/Jun/2017:04:35:32 +0530] "GET /images/bullet3.gif HTTP/1.1" 200 58 "http://www.cdmindia.gov.in/" "Mozilla/5.0 (Windows NT 6.3; Win64; x64) AppleWebKit/537.36 (KHTML, like Gecko) Chrome/58.0.3029.110 Safari/537.36"
203.110.242.22 - - [18/Jun/2017:04:35:32 +0530] "GET /images/gtz.jpg HTTP/1.1" 200 15484 "http://www.cdmindia.gov.in/" "Mozilla/5.0 (Windows NT 6.3; Win64; x64) AppleWebKit/537.36 (KHTML, like Gecko) Chrome/58.0.3029.110 Safari/537.36"
203.110.242.22 - - [18/Jun/2017:04:35:32 +0530] "GET /images/fe.jpg HTTP/1.1" 200 1429 "http://www.cdmindia.gov.in/" "Mozilla/5.0 (Windows NT 6.3; Win64; x64) AppleWebKit/537.36 (KHTML, like Gecko) Chrome/58.0.3029.110 Safari/537.36"
203.110.242.22 - - [18/Jun/2017:04:35:32 +0530] "GET /images/fbg.jpg HTTP/1.1" 200 325 "http://www.cdmindia.gov.in/" "Mozilla/5.0 (Windows NT 6.3; Win64; x64) AppleWebKit/537.36 (KHTML, like Gecko) Chrome/58.0.3029.110 Safari/537.36"
203.110.242.22 - - [18/Jun/2017:04:35:32 +0530] "GET /favicon.ico HTTP/1.1" 200 1189 "http://www.cdmindia.gov.in/" "Mozilla/5.0 (Windows NT 6.3; Win64; x64) AppleWebKit/537.36 (KHTML, like Gecko) Chrome/58.0.3029.110 Safari/537.36"
66.249.79.19 - - [18/Jun/2017:04:36:18 +0530] "GET / HTTP/1.1" 200 19480 "-" "Mozilla/5.0 (compatible; Googlebot/2.1; +http://www.google.com/bot.html)"
35.184.189.105 - - [18/Jun/2017:04:41:24 +0530] "GET /robots.txt HTTP/1.1" 404 208 "-" "ltx71 - (http://ltx71.com/)"
40.77.167.35 - - [18/Jun/2017:04:41:25 +0530] "GET /news_more.php HTTP/1.1" 200 21061 "-" "Mozilla/5.0 (iPhone; CPU iPhone OS 7_0 like Mac OS X) AppleWebKit/537.51.1 (KHTML, like Gecko) Version/7.0 Mobile/11A465 Safari/9537.53 (compatible; bingbot/2.0; +http://www.bing.com/bingbot.htm)"
40.77.167.73 - - [18/Jun/2017:04:41:39 +0530] "GET /constitution.php HTTP/1.1" 200 23669 "-" "Mozilla/5.0 (compatible; bingbot/2.0; +http://www.bing.com/bingbot.htm)"
207.46.13.2 - - [18/Jun/2017:04:41:48 +0530] "GET /images/h_news.jpg HTTP/1.1" 200 21315 "-" "Mozilla/5.0 (iPhone; CPU iPhone OS 7_0 like Mac OS X) AppleWebKit/537.51.1 (KHTML, like Gecko) Version/7.0 Mobile/11A465 Safari/9537.53 (compatible; bingbot/2.0; +http://www.bing.com/bingbot.htm)"
40.77.167.73 - - [18/Jun/2017:04:42:56 +0530] "GET /downloads/Template_sharing%202Percent.doc HTTP/1.1" 200 73728 "-" "Mozilla/5.0 (compatible; bingbot/2.0; +http://www.bing.com/bingbot.htm)"
40.77.167.35 - - [18/Jun/2017:04:43:40 +0530] "GET /news_more.php HTTP/1.1" 200 21061 "-" "Mozilla/5.0 (compatible; bingbot/2.0; +http://www.bing.com/bingbot.htm)"
207.46.13.160 - - [18/Jun/2017:04:49:24 +0530] "GET /project_details_view.php?id=1229 HTTP/1.1" 200 15212 "-" "Mozilla/5.0 (iPhone; CPU iPhone OS 7_0 like Mac OS X) AppleWebKit/537.51.1 (KHTML, like Gecko) Version/7.0 Mobile/11A465 Safari/9537.53 (compatible; bingbot/2.0; +http://www.bing.com/bingbot.htm)"
216.244.66.248 - - [18/Jun/2017:04:52:00 +0530] "GET /approval_process.php HTTP/1.1" 200 25912 "-" "Mozilla/5.0 (compatible; DotBot/1.1; http://www.opensiteexplorer.org/dotbot, help@moz.com)"
37.186.32.182 - - [18/Jun/2017:04:52:37 +0530] "GET /wp-login.php HTTP/1.1" 404 210 "-" "Mozilla/5.0 (Windows NT 6.1; WOW64; rv:40.0) Gecko/20100101 Firefox/40.1"
37.186.32.182 - - [18/Jun/2017:04:52:37 +0530] "GET / HTTP/1.1" 200 19480 "-" "Mozilla/5.0 (Windows NT 6.1; WOW64; rv:40.0) Gecko/20100101 Firefox/40.1"
202.46.57.187 - - [18/Jun/2017:04:54:36 +0530] "GET /project_details_view_report.php?id=466 HTTP/1.1" 200 13204 "-" "Mozilla/5.0 (Windows NT 10.0; WOW64) AppleWebKit/537.36 (KHTML, like Gecko) Chrome/45.0.2454.93 Safari/537.36"
40.77.167.73 - - [18/Jun/2017:04:55:04 +0530] "GET /detail_events.php?id= HTTP/1.1" 302 16738 "-" "Mozilla/5.0 (compatible; bingbot/2.0; +http://www.bing.com/bingbot.htm)"
40.77.167.73 - - [18/Jun/2017:04:55:13 +0530] "GET /logout.php HTTP/1.1" 302 369 "-" "Mozilla/5.0 (compatible; bingbot/2.0; +http://www.bing.com/bingbot.htm)"
40.77.167.73 - - [18/Jun/2017:04:55:15 +0530] "GET /index.php HTTP/1.1" 200 19480 "-" "Mozilla/5.0 (compatible; bingbot/2.0; +http://www.bing.com/bingbot.htm)"
40.77.167.73 - - [18/Jun/2017:04:56:02 +0530] "GET /sitemap.php HTTP/1.1" 200 18469 "-" "Mozilla/5.0 (compatible; bingbot/2.0; +http://www.bing.com/bingbot.htm)"
35.184.189.105 - - [18/Jun/2017:04:57:21 +0530] "GET /robots.txt HTTP/1.1" 404 208 "-" "ltx71 - (http://ltx71.com/)"
35.184.189.105 - - [18/Jun/2017:04:57:49 +0530] "GET /detail_news.php?id=3 HTTP/1.1" 302 18397 "-" "ltx71 - (http://ltx71.com/)"
40.77.167.73 - - [18/Jun/2017:05:01:07 +0530] "GET /imp_links.php HTTP/1.1" 200 17834 "-" "Mozilla/5.0 (compatible; bingbot/2.0; +http://www.bing.com/bingbot.htm)"
40.77.167.73 - - [18/Jun/2017:05:01:10 +0530] "GET /downloads/Template_sharing%202Percent.doc HTTP/1.1" 200 73728 "-" "Mozilla/5.0 (compatible; bingbot/2.0; +http://www.bing.com/bingbot.htm)"
157.55.39.23 - - [18/Jun/2017:05:04:35 +0530] "GET /robots.txt HTTP/1.1" 404 208 "-" "Mozilla/5.0 (compatible; bingbot/2.0; +http://www.bing.com/bingbot.htm)"
40.77.167.73 - - [18/Jun/2017:05:04:50 +0530] "GET /constitution.php HTTP/1.1" 200 23669 "-" "Mozilla/5.0 (compatible; bingbot/2.0; +http://www.bing.com/bingbot.htm)"
66.249.79.93 - - [18/Jun/2017:05:06:59 +0530] "GET / HTTP/1.1" 200 19480 "-" "Mozilla/5.0 (Linux; Android 6.0.1; Nexus 5X Build/MMB29P) AppleWebKit/537.36 (KHTML, like Gecko) Chrome/41.0.2272.96 Mobile Safari/537.36 (compatible; Googlebot/2.1; +http://www.google.com/bot.html)"
66.249.79.15 - - [18/Jun/2017:05:12:03 +0530] "GET /robots.txt HTTP/1.1" 404 208 "-" "Mozilla/5.0 (compatible; Googlebot/2.1; +http://www.google.com/bot.html)"
207.46.13.2 - - [18/Jun/2017:05:12:04 +0530] "GET /downloads/Comparision%20of%20PCN_30.03.doc HTTP/1.1" 200 49664 "-" "Mozilla/5.0 (compatible; bingbot/2.0; +http://www.bing.com/bingbot.htm)"
66.249.79.17 - - [18/Jun/2017:05:12:03 +0530] "GET /Approved_proj_reports_list_details.php?id=&reporttype=&scale=&sdt=&edt=ycumcweg&exec=&page=84 HTTP/1.1" 200 17214 "-" "Mozilla/5.0 (compatible; Googlebot/2.1; +http://www.google.com/bot.html)"
223.229.44.234 - - [18/Jun/2017:05:13:03 +0530] "GET /project_details_view.php?id=300 HTTP/1.1" 200 15220 "https://www.google.co.in/" "Mozilla/5.0 (Windows NT 6.3; Win64; x64) AppleWebKit/537.36 (KHTML, like Gecko) Chrome/58.0.3029.110 Safari/537.36"
223.229.44.234 - - [18/Jun/2017:05:13:03 +0530] "GET /includes/ncdma.css HTTP/1.1" 200 13023 "http://www.cdmindia.gov.in/project_details_view.php?id=300" "Mozilla/5.0 (Windows NT 6.3; Win64; x64) AppleWebKit/537.36 (KHTML, like Gecko) Chrome/58.0.3029.110 Safari/537.36"
223.229.44.234 - - [18/Jun/2017:05:13:03 +0530] "GET /ncdma.css HTTP/1.1" 200 12640 "http://www.cdmindia.gov.in/project_details_view.php?id=300" "Mozilla/5.0 (Windows NT 6.3; Win64; x64) AppleWebKit/537.36 (KHTML, like Gecko) Chrome/58.0.3029.110 Safari/537.36"
223.229.44.234 - - [18/Jun/2017:05:13:03 +0530] "GET /Scripts/AC_RunActiveContent.js HTTP/1.1" 200 8321 "http://www.cdmindia.gov.in/project_details_view.php?id=300" "Mozilla/5.0 (Windows NT 6.3; Win64; x64) AppleWebKit/537.36 (KHTML, like Gecko) Chrome/58.0.3029.110 Safari/537.36"
223.229.44.234 - - [18/Jun/2017:05:13:03 +0530] "GET /images/img2.jpg HTTP/1.1" 200 16276 "http://www.cdmindia.gov.in/project_details_view.php?id=300" "Mozilla/5.0 (Windows NT 6.3; Win64; x64) AppleWebKit/537.36 (KHTML, like Gecko) Chrome/58.0.3029.110 Safari/537.36"
223.229.44.234 - - [18/Jun/2017:05:13:03 +0530] "GET /images/bulllet2.gif HTTP/1.1" 200 58 "http://www.cdmindia.gov.in/project_details_view.php?id=300" "Mozilla/5.0 (Windows NT 6.3; Win64; x64) AppleWebKit/537.36 (KHTML, like Gecko) Chrome/58.0.3029.110 Safari/537.36"
223.229.44.234 - - [18/Jun/2017:05:13:03 +0530] "GET /images/bullet1.gif HTTP/1.1" 200 67 "http://www.cdmindia.gov.in/project_details_view.php?id=300" "Mozilla/5.0 (Windows NT 6.3; Win64; x64) AppleWebKit/537.36 (KHTML, like Gecko) Chrome/58.0.3029.110 Safari/537.36"
223.229.44.234 - - [18/Jun/2017:05:13:03 +0530] "GET /images/spacer.gif HTTP/1.1" 200 43 "http://www.cdmindia.gov.in/project_details_view.php?id=300" "Mozilla/5.0 (Windows NT 6.3; Win64; x64) AppleWebKit/537.36 (KHTML, like Gecko) Chrome/58.0.3029.110 Safari/537.36"
223.229.44.234 - - [18/Jun/2017:05:13:04 +0530] "GET /images/bullet4.gif HTTP/1.1" 200 67 "http://www.cdmindia.gov.in/project_details_view.php?id=300" "Mozilla/5.0 (Windows NT 6.3; Win64; x64) AppleWebKit/537.36 (KHTML, like Gecko) Chrome/58.0.3029.110 Safari/537.36"
223.229.44.234 - - [18/Jun/2017:05:13:03 +0530] "GET /images/img3.jpg HTTP/1.1" 200 26957 "http://www.cdmindia.gov.in/project_details_view.php?id=300" "Mozilla/5.0 (Windows NT 6.3; Win64; x64) AppleWebKit/537.36 (KHTML, like Gecko) Chrome/58.0.3029.110 Safari/537.36"
223.229.44.234 - - [18/Jun/2017:05:13:04 +0530] "GET /images/img1.jpg HTTP/1.1" 200 1251 "http://www.cdmindia.gov.in/project_details_view.php?id=300" "Mozilla/5.0 (Windows NT 6.3; Win64; x64) AppleWebKit/537.36 (KHTML, like Gecko) Chrome/58.0.3029.110 Safari/537.36"
223.229.44.234 - - [18/Jun/2017:05:13:04 +0530] "GET /images/gtz.jpg HTTP/1.1" 200 15484 "http://www.cdmindia.gov.in/project_details_view.php?id=300" "Mozilla/5.0 (Windows NT 6.3; Win64; x64) AppleWebKit/537.36 (KHTML, like Gecko) Chrome/58.0.3029.110 Safari/537.36"
223.229.44.234 - - [18/Jun/2017:05:13:04 +0530] "GET /images/fdm.jpg HTTP/1.1" 200 2043 "http://www.cdmindia.gov.in/project_details_view.php?id=300" "Mozilla/5.0 (Windows NT 6.3; Win64; x64) AppleWebKit/537.36 (KHTML, like Gecko) Chrome/58.0.3029.110 Safari/537.36"
223.229.44.234 - - [18/Jun/2017:05:13:04 +0530] "GET /images/fbg.jpg HTTP/1.1" 200 325 "http://www.cdmindia.gov.in/project_details_view.php?id=300" "Mozilla/5.0 (Windows NT 6.3; Win64; x64) AppleWebKit/537.36 (KHTML, like Gecko) Chrome/58.0.3029.110 Safari/537.36"
223.229.44.234 - - [18/Jun/2017:05:13:04 +0530] "GET /favicon.ico HTTP/1.1" 200 1189 "http://www.cdmindia.gov.in/project_details_view.php?id=300" "Mozilla/5.0 (Windows NT 6.3; Win64; x64) AppleWebKit/537.36 (KHTML, like Gecko) Chrome/58.0.3029.110 Safari/537.36"
54.173.165.103 - - [18/Jun/2017:05:13:16 +0530] "GET / HTTP/1.1" 200 19480 "-" "Mozilla/5.0 (X11; Linux x86_64) AppleWebKit/537.36 (KHTML, like Gecko) Chrome/43.0.2357.134 Safari/537.36 http://notifyninja.com/monitoring"
202.46.48.202 - - [18/Jun/2017:05:15:03 +0530] "GET /project_details_view_report.php?id=602 HTTP/1.1" 200 13121 "-" "Mozilla/5.0 (Windows NT 10.0; WOW64) AppleWebKit/537.36 (KHTML, like Gecko) Chrome/45.0.2454.93 Safari/537.36"
66.249.79.19 - - [18/Jun/2017:05:15:07 +0530] "GET /images/favicon.ico HTTP/1.1" 304 - "-" "Googlebot-Image/1.0"
66.249.79.15 - - [18/Jun/2017:05:15:33 +0530] "GET /project_details_view_report.php?id=806 HTTP/1.1" 200 13172 "-" "Mozilla/5.0 (compatible; Googlebot/2.1; +http://www.google.com/bot.html)"
146.148.64.128 - - [18/Jun/2017:05:16:21 +0530] "GET /robots.txt HTTP/1.1" 404 208 "-" "ltx71 - (http://ltx71.com/)"
146.148.64.128 - - [18/Jun/2017:05:16:52 +0530] "GET /downloads/New%20PCN.doc HTTP/1.1" 200 435200 "-" "ltx71 - (http://ltx71.com/)"
146.148.64.128 - - [18/Jun/2017:05:17:03 +0530] "GET /approved_projects.php?n=1 HTTP/1.1" 200 16642 "-" "ltx71 - (http://ltx71.com/)"
207.46.13.160 - - [18/Jun/2017:05:19:23 +0530] "GET /contactus.php HTTP/1.1" 200 18292 "-" "Mozilla/5.0 (compatible; bingbot/2.0; +http://www.bing.com/bingbot.htm)"
40.77.167.35 - - [18/Jun/2017:05:20:20 +0530] "GET /detail_news.php?id=19 HTTP/1.1" 302 19082 "-" "Mozilla/5.0 (compatible; bingbot/2.0; +http://www.bing.com/bingbot.htm)"
40.77.167.35 - - [18/Jun/2017:05:20:21 +0530] "GET /logout.php HTTP/1.1" 302 369 "-" "Mozilla/5.0 (compatible; bingbot/2.0; +http://www.bing.com/bingbot.htm)"
40.77.167.35 - - [18/Jun/2017:05:20:22 +0530] "GET /index.php HTTP/1.1" 200 19480 "-" "Mozilla/5.0 (compatible; bingbot/2.0; +http://www.bing.com/bingbot.htm)"
40.77.167.73 - - [18/Jun/2017:05:22:03 +0530] "GET /project_details_view.php?id=1091 HTTP/1.1" 200 14402 "-" "Mozilla/5.0 (iPhone; CPU iPhone OS 7_0 like Mac OS X) AppleWebKit/537.51.1 (KHTML, like Gecko) Version/7.0 Mobile/11A465 Safari/9537.53 (compatible; bingbot/2.0; +http://www.bing.com/bingbot.htm)"
40.77.167.35 - - [18/Jun/2017:05:24:48 +0530] "GET /project_details_view.php?id=1214 HTTP/1.1" 200 14463 "-" "Mozilla/5.0 (iPhone; CPU iPhone OS 7_0 like Mac OS X) AppleWebKit/537.51.1 (KHTML, like Gecko) Version/7.0 Mobile/11A465 Safari/9537.53 (compatible; bingbot/2.0; +http://www.bing.com/bingbot.htm)"
207.46.13.160 - - [18/Jun/2017:05:26:31 +0530] "GET /registration.php HTTP/1.1" 302 28529 "-" "Mozilla/5.0 (compatible; bingbot/2.0; +http://www.bing.com/bingbot.htm)"
66.249.79.15 - - [18/Jun/2017:05:27:08 +0530] "GET /project_details_view.php?id=2125 HTTP/1.1" 200 14001 "-" "Mozilla/5.0 (Linux; Android 6.0.1; Nexus 5X Build/MMB29P) AppleWebKit/537.36 (KHTML, like Gecko) Chrome/41.0.2272.96 Mobile Safari/537.36 (compatible; Googlebot/2.1; +http://www.google.com/bot.html)"
207.46.13.160 - - [18/Jun/2017:05:28:10 +0530] "GET /logout.php HTTP/1.1" 302 369 "-" "Mozilla/5.0 (compatible; bingbot/2.0; +http://www.bing.com/bingbot.htm)"
207.46.13.160 - - [18/Jun/2017:05:28:48 +0530] "GET /index.php HTTP/1.1" 200 19480 "-" "Mozilla/5.0 (compatible; bingbot/2.0; +http://www.bing.com/bingbot.htm)"
207.46.13.160 - - [18/Jun/2017:05:28:50 +0530] "GET /registration.php HTTP/1.1" 302 28529 "-" "Mozilla/5.0 (compatible; bingbot/2.0; +http://www.bing.com/bingbot.htm)"
207.46.13.160 - - [18/Jun/2017:05:28:51 +0530] "GET /logout.php HTTP/1.1" 302 369 "-" "Mozilla/5.0 (compatible; bingbot/2.0; +http://www.bing.com/bingbot.htm)"
207.46.13.160 - - [18/Jun/2017:05:28:51 +0530] "GET /index.php HTTP/1.1" 200 19480 "-" "Mozilla/5.0 (compatible; bingbot/2.0; +http://www.bing.com/bingbot.htm)"
40.77.167.35 - - [18/Jun/2017:05:31:54 +0530] "GET /downloads/Carbon%20Market%20Roadmap.pdf HTTP/1.1" 200 4344697 "-" "Mozilla/5.0 (compatible; bingbot/2.0; +http://www.bing.com/bingbot.htm)"
207.46.13.160 - - [18/Jun/2017:05:33:29 +0530] "GET /project_details_view.php?id=1258 HTTP/1.1" 200 14032 "-" "Mozilla/5.0 (compatible; bingbot/2.0; +http://www.bing.com/bingbot.htm)"
131.253.27.58 - - [18/Jun/2017:05:33:34 +0530] "GET /Scripts/AC_RunActiveContent.js HTTP/1.1" 200 8321 "http://www.cdmindia.gov.in/project_details_view.php?id=1258" "Mozilla/5.0 (Windows NT 6.1; WOW64) AppleWebKit/534+ (KHTML, like Gecko) BingPreview/1.0b"
40.77.167.73 - - [18/Jun/2017:05:33:47 +0530] "GET /project_details_view.php?id=1604 HTTP/1.1" 200 13820 "-" "Mozilla/5.0 (compatible; bingbot/2.0; +http://www.bing.com/bingbot.htm)"
