35.184.189.105 - - [05/Jun/2017:06:40:26 +0530] "GET /robots.txt HTTP/1.1" 404 208 "-" "ltx71 - (http://ltx71.com/)"
107.175.184.18 - - [05/Jun/2017:06:40:33 +0530] "GET /detail_news.php?id=3'A=0 HTTP/1.1" 200 11729 "http://www.cdmindia.gov.in/detail_news.php?id=3'A=0" "Mozilla/5.0 (Windows; U; Windows NT 5.1; pt-PT; rv:1.9.1.2) Gecko/20090729 Firefox/3.5.2 (.NET CLR 3.5.30729)"
47.29.68.227 - - [05/Jun/2017:06:42:08 +0530] "GET /project_details_view_report.php?id=1334 HTTP/1.1" 200 13217 "https://www.google.co.in/" "Mozilla/5.0 (Linux; Android 5.1.1; SM-J200G Build/LMY47X) AppleWebKit/537.36 (KHTML, like Gecko) Chrome/54.0.2840.85 Mobile Safari/537.36"
47.29.68.227 - - [05/Jun/2017:06:42:08 +0530] "GET /includes/ncdma.css HTTP/1.1" 200 13023 "http://www.cdmindia.gov.in/project_details_view_report.php?id=1334" "Mozilla/5.0 (Linux; Android 5.1.1; SM-J200G Build/LMY47X) AppleWebKit/537.36 (KHTML, like Gecko) Chrome/54.0.2840.85 Mobile Safari/537.36"
47.29.68.227 - - [05/Jun/2017:06:42:09 +0530] "GET /Scripts/AC_RunActiveContent.js HTTP/1.1" 200 8321 "http://www.cdmindia.gov.in/project_details_view_report.php?id=1334" "Mozilla/5.0 (Linux; Android 5.1.1; SM-J200G Build/LMY47X) AppleWebKit/537.36 (KHTML, like Gecko) Chrome/54.0.2840.85 Mobile Safari/537.36"
47.29.68.227 - - [05/Jun/2017:06:42:09 +0530] "GET /ncdma.css HTTP/1.1" 200 12640 "http://www.cdmindia.gov.in/project_details_view_report.php?id=1334" "Mozilla/5.0 (Linux; Android 5.1.1; SM-J200G Build/LMY47X) AppleWebKit/537.36 (KHTML, like Gecko) Chrome/54.0.2840.85 Mobile Safari/537.36"
47.29.68.227 - - [05/Jun/2017:06:42:09 +0530] "GET /images/spacer.gif HTTP/1.1" 200 43 "http://www.cdmindia.gov.in/project_details_view_report.php?id=1334" "Mozilla/5.0 (Linux; Android 5.1.1; SM-J200G Build/LMY47X) AppleWebKit/537.36 (KHTML, like Gecko) Chrome/54.0.2840.85 Mobile Safari/537.36"
47.29.68.227 - - [05/Jun/2017:06:42:09 +0530] "GET /images/bullet1.gif HTTP/1.1" 200 67 "http://www.cdmindia.gov.in/project_details_view_report.php?id=1334" "Mozilla/5.0 (Linux; Android 5.1.1; SM-J200G Build/LMY47X) AppleWebKit/537.36 (KHTML, like Gecko) Chrome/54.0.2840.85 Mobile Safari/537.36"
47.29.68.227 - - [05/Jun/2017:06:42:09 +0530] "GET /images/bulllet2.gif HTTP/1.1" 200 58 "http://www.cdmindia.gov.in/project_details_view_report.php?id=1334" "Mozilla/5.0 (Linux; Android 5.1.1; SM-J200G Build/LMY47X) AppleWebKit/537.36 (KHTML, like Gecko) Chrome/54.0.2840.85 Mobile Safari/537.36"
47.29.68.227 - - [05/Jun/2017:06:42:09 +0530] "GET /images/bullet4.gif HTTP/1.1" 200 67 "http://www.cdmindia.gov.in/project_details_view_report.php?id=1334" "Mozilla/5.0 (Linux; Android 5.1.1; SM-J200G Build/LMY47X) AppleWebKit/537.36 (KHTML, like Gecko) Chrome/54.0.2840.85 Mobile Safari/537.36"
47.29.68.227 - - [05/Jun/2017:06:42:09 +0530] "GET /images/img2.jpg HTTP/1.1" 200 16276 "http://www.cdmindia.gov.in/project_details_view_report.php?id=1334" "Mozilla/5.0 (Linux; Android 5.1.1; SM-J200G Build/LMY47X) AppleWebKit/537.36 (KHTML, like Gecko) Chrome/54.0.2840.85 Mobile Safari/537.36"
47.29.68.227 - - [05/Jun/2017:06:42:09 +0530] "GET /images/img3.jpg HTTP/1.1" 200 26957 "http://www.cdmindia.gov.in/project_details_view_report.php?id=1334" "Mozilla/5.0 (Linux; Android 5.1.1; SM-J200G Build/LMY47X) AppleWebKit/537.36 (KHTML, like Gecko) Chrome/54.0.2840.85 Mobile Safari/537.36"
47.29.68.227 - - [05/Jun/2017:06:42:09 +0530] "GET /images/img1.jpg HTTP/1.1" 200 1251 "http://www.cdmindia.gov.in/project_details_view_report.php?id=1334" "Mozilla/5.0 (Linux; Android 5.1.1; SM-J200G Build/LMY47X) AppleWebKit/537.36 (KHTML, like Gecko) Chrome/54.0.2840.85 Mobile Safari/537.36"
47.29.68.227 - - [05/Jun/2017:06:42:09 +0530] "GET /images/fdm.jpg HTTP/1.1" 200 2043 "http://www.cdmindia.gov.in/project_details_view_report.php?id=1334" "Mozilla/5.0 (Linux; Android 5.1.1; SM-J200G Build/LMY47X) AppleWebKit/537.36 (KHTML, like Gecko) Chrome/54.0.2840.85 Mobile Safari/537.36"
47.29.68.227 - - [05/Jun/2017:06:42:09 +0530] "GET /images/gtz.jpg HTTP/1.1" 200 15484 "http://www.cdmindia.gov.in/project_details_view_report.php?id=1334" "Mozilla/5.0 (Linux; Android 5.1.1; SM-J200G Build/LMY47X) AppleWebKit/537.36 (KHTML, like Gecko) Chrome/54.0.2840.85 Mobile Safari/537.36"
47.29.68.227 - - [05/Jun/2017:06:42:09 +0530] "GET /images/fbg.jpg HTTP/1.1" 200 325 "http://www.cdmindia.gov.in/project_details_view_report.php?id=1334" "Mozilla/5.0 (Linux; Android 5.1.1; SM-J200G Build/LMY47X) AppleWebKit/537.36 (KHTML, like Gecko) Chrome/54.0.2840.85 Mobile Safari/537.36"
47.29.68.227 - - [05/Jun/2017:06:42:09 +0530] "GET /favicon.ico HTTP/1.1" 200 1189 "http://www.cdmindia.gov.in/project_details_view_report.php?id=1334" "Mozilla/5.0 (Linux; Android 5.1.1; SM-J200G Build/LMY47X) AppleWebKit/537.36 (KHTML, like Gecko) Chrome/54.0.2840.85 Mobile Safari/537.36"
47.29.68.227 - - [05/Jun/2017:06:42:31 +0530] "GET /project_details_view_report.php?id=1334 HTTP/1.1" 200 13217 "https://www.google.co.in/" "Mozilla/5.0 (Linux; Android 5.1.1; SM-J200G Build/LMY47X) AppleWebKit/537.36 (KHTML, like Gecko) Chrome/54.0.2840.85 Mobile Safari/537.36"
142.54.161.10 - - [05/Jun/2017:06:42:58 +0530] "GET /main/wp-admin/setup-config.php HTTP/1.1" 404 228 "-" "Mozilla/5.0 (Windows NT 6.1; Trident/7.0; rv:11.0) like Gecko"
142.54.161.10 - - [05/Jun/2017:06:42:58 +0530] "GET /protal/wp-admin/setup-config.php HTTP/1.1" 404 230 "-" "Mozilla/5.0 (Windows NT 6.1; Trident/7.0; rv:11.0) like Gecko"
142.54.161.10 - - [05/Jun/2017:06:42:59 +0530] "GET /news/wp-admin/setup-config.php HTTP/1.1" 404 228 "-" "Mozilla/5.0 (Windows NT 6.1; Trident/7.0; rv:11.0) like Gecko"
142.54.161.10 - - [05/Jun/2017:06:42:59 +0530] "GET /press/wp-admin/setup-config.php HTTP/1.1" 404 229 "-" "Mozilla/5.0 (Windows NT 6.1; Trident/7.0; rv:11.0) like Gecko"
142.54.161.10 - - [05/Jun/2017:06:42:59 +0530] "GET /beta/wp-admin/setup-config.php HTTP/1.1" 404 228 "-" "Mozilla/5.0 (Windows NT 6.1; Trident/7.0; rv:11.0) like Gecko"
194.187.170.128 - - [05/Jun/2017:06:45:04 +0530] "GET /robots.txt HTTP/1.0" 404 208 "-" "Mozilla/5.0 (compatible; Qwantify/2.4w; +https://www.qwant.com/)/2.4w"
194.187.170.128 - - [05/Jun/2017:06:45:04 +0530] "GET /detail_news.php?id=19 HTTP/1.0" 302 19081 "-" "Mozilla/5.0 (compatible; Qwantify/2.4w; +https://www.qwant.com/)/2.4w"
194.187.170.128 - - [05/Jun/2017:06:45:05 +0530] "GET /logout.php HTTP/1.0" 302 369 "-" "Mozilla/5.0 (compatible; Qwantify/2.4w; +https://www.qwant.com/)/2.4w"
194.187.170.128 - - [05/Jun/2017:06:45:05 +0530] "GET /index.php HTTP/1.0" 200 19479 "-" "Mozilla/5.0 (compatible; Qwantify/2.4w; +https://www.qwant.com/)/2.4w"
194.187.170.128 - - [05/Jun/2017:06:45:21 +0530] "GET /detail_news.php?id=18 HTTP/1.0" 302 18712 "-" "Mozilla/5.0 (compatible; Qwantify/2.4w; +https://www.qwant.com/)/2.4w"
194.187.170.128 - - [05/Jun/2017:06:45:22 +0530] "GET /logout.php HTTP/1.0" 302 369 "-" "Mozilla/5.0 (compatible; Qwantify/2.4w; +https://www.qwant.com/)/2.4w"
194.187.170.128 - - [05/Jun/2017:06:45:22 +0530] "GET /index.php HTTP/1.0" 200 19479 "-" "Mozilla/5.0 (compatible; Qwantify/2.4w; +https://www.qwant.com/)/2.4w"
157.55.39.229 - - [05/Jun/2017:06:49:59 +0530] "GET /ncdma.css HTTP/1.1" 200 12640 "-" "Mozilla/5.0 (iPhone; CPU iPhone OS 7_0 like Mac OS X) AppleWebKit/537.51.1 (KHTML, like Gecko) Version/7.0 Mobile/11A465 Safari/9537.53 (compatible; bingbot/2.0; +http://www.bing.com/bingbot.htm)"
66.102.6.15 - - [05/Jun/2017:06:50:05 +0530] "GET /project_details_view.php?id=853&oid=&page=64&reporttype= HTTP/1.1" 200 15053 "-" "Mozilla/5.0 (Linux; Android 4.2.1; en-us; Nexus 5 Build/JOP40D) AppleWebKit/535.19 (KHTML, like Gecko; googleweblight) Chrome/38.0.1025.166 Mobile Safari/535.19"
66.102.6.15 - - [05/Jun/2017:06:50:05 +0530] "GET /project_details_view.php?id=853&oid=&page=64&reporttype= HTTP/1.1" 200 15053 "-" "Mozilla/5.0 (Linux; Android 4.2.1; en-us; Nexus 5 Build/JOP40D) AppleWebKit/535.19 (KHTML, like Gecko; googleweblight) Chrome/38.0.1025.166 Mobile Safari/535.19"
66.102.6.15 - - [05/Jun/2017:06:50:06 +0530] "GET /images/bulllet2.gif HTTP/1.1" 200 58 "http://www.cdmindia.gov.in/project_details_view.php?id=853&oid=&page=64&reporttype=" "Mozilla/5.0 (Linux; Android 4.2.1; en-us; Nexus 5 Build/JOP40D) AppleWebKit/535.19 (KHTML, like Gecko; googleweblight) Chrome/38.0.1025.166 Mobile Safari/535.19"
66.102.6.15 - - [05/Jun/2017:06:50:06 +0530] "GET /images/spacer.gif HTTP/1.1" 200 43 "http://www.cdmindia.gov.in/project_details_view.php?id=853&oid=&page=64&reporttype=" "Mozilla/5.0 (Linux; Android 4.2.1; en-us; Nexus 5 Build/JOP40D) AppleWebKit/535.19 (KHTML, like Gecko; googleweblight) Chrome/38.0.1025.166 Mobile Safari/535.19"
66.102.6.17 - - [05/Jun/2017:06:50:06 +0530] "GET /images/bullet4.gif HTTP/1.1" 200 67 "http://www.cdmindia.gov.in/project_details_view.php?id=853&oid=&page=64&reporttype=" "Mozilla/5.0 (Linux; Android 4.2.1; en-us; Nexus 5 Build/JOP40D) AppleWebKit/535.19 (KHTML, like Gecko; googleweblight) Chrome/38.0.1025.166 Mobile Safari/535.19"
66.102.6.17 - - [05/Jun/2017:06:50:06 +0530] "GET /images/spacer.gif HTTP/1.1" 200 43 "http://www.cdmindia.gov.in/project_details_view.php?id=853&oid=&page=64&reporttype=" "Mozilla/5.0 (Linux; Android 4.2.1; en-us; Nexus 5 Build/JOP40D) AppleWebKit/535.19 (KHTML, like Gecko; googleweblight) Chrome/38.0.1025.166 Mobile Safari/535.19"
66.102.6.15 - - [05/Jun/2017:06:50:06 +0530] "GET /images/bullet1.gif HTTP/1.1" 200 67 "http://www.cdmindia.gov.in/project_details_view.php?id=853&oid=&page=64&reporttype=" "Mozilla/5.0 (Linux; Android 4.2.1; en-us; Nexus 5 Build/JOP40D) AppleWebKit/535.19 (KHTML, like Gecko; googleweblight) Chrome/38.0.1025.166 Mobile Safari/535.19"
66.102.6.15 - - [05/Jun/2017:06:50:06 +0530] "GET /ncdma.css HTTP/1.1" 200 12640 "http://www.cdmindia.gov.in/project_details_view.php?id=853&oid=&page=64&reporttype=" "Mozilla/5.0 (Linux; Android 4.2.1; en-us; Nexus 5 Build/JOP40D) AppleWebKit/535.19 (KHTML, like Gecko; googleweblight) Chrome/38.0.1025.166 Mobile Safari/535.19"
66.102.6.17 - - [05/Jun/2017:06:50:06 +0530] "GET /Scripts/AC_RunActiveContent.js HTTP/1.1" 200 8321 "http://www.cdmindia.gov.in/project_details_view.php?id=853&oid=&page=64&reporttype=" "Mozilla/5.0 (Linux; Android 4.2.1; en-us; Nexus 5 Build/JOP40D) AppleWebKit/535.19 (KHTML, like Gecko; googleweblight) Chrome/38.0.1025.166 Mobile Safari/535.19"
66.102.6.17 - - [05/Jun/2017:06:50:06 +0530] "GET /includes/ncdma.css HTTP/1.1" 200 13023 "http://www.cdmindia.gov.in/project_details_view.php?id=853&oid=&page=64&reporttype=" "Mozilla/5.0 (Linux; Android 4.2.1; en-us; Nexus 5 Build/JOP40D) AppleWebKit/535.19 (KHTML, like Gecko; googleweblight) Chrome/38.0.1025.166 Mobile Safari/535.19"
66.102.6.15 - - [05/Jun/2017:06:50:06 +0530] "GET /images/img1.jpg HTTP/1.1" 200 1251 "http://www.cdmindia.gov.in/project_details_view.php?id=853&oid=&page=64&reporttype=" "Mozilla/5.0 (Linux; Android 4.2.1; en-us; Nexus 5 Build/JOP40D) AppleWebKit/535.19 (KHTML, like Gecko; googleweblight) Chrome/38.0.1025.166 Mobile Safari/535.19"
66.102.6.19 - - [05/Jun/2017:06:50:06 +0530] "GET /images/img3.jpg HTTP/1.1" 200 26957 "http://www.cdmindia.gov.in/project_details_view.php?id=853&oid=&page=64&reporttype=" "Mozilla/5.0 (Linux; Android 4.2.1; en-us; Nexus 5 Build/JOP40D) AppleWebKit/535.19 (KHTML, like Gecko; googleweblight) Chrome/38.0.1025.166 Mobile Safari/535.19"
66.102.6.17 - - [05/Jun/2017:06:50:06 +0530] "GET /images/bulllet2.gif HTTP/1.1" 200 58 "http://www.cdmindia.gov.in/project_details_view.php?id=853&oid=&page=64&reporttype=" "Mozilla/5.0 (Linux; Android 4.2.1; en-us; Nexus 5 Build/JOP40D) AppleWebKit/535.19 (KHTML, like Gecko; googleweblight) Chrome/38.0.1025.166 Mobile Safari/535.19"
66.102.6.15 - - [05/Jun/2017:06:50:06 +0530] "GET /images/fdm.jpg HTTP/1.1" 200 2043 "http://www.cdmindia.gov.in/project_details_view.php?id=853&oid=&page=64&reporttype=" "Mozilla/5.0 (Linux; Android 4.2.1; en-us; Nexus 5 Build/JOP40D) AppleWebKit/535.19 (KHTML, like Gecko; googleweblight) Chrome/38.0.1025.166 Mobile Safari/535.19"
66.102.6.15 - - [05/Jun/2017:06:50:07 +0530] "GET /images/bullet4.gif HTTP/1.1" 200 67 "http://www.cdmindia.gov.in/project_details_view.php?id=853&oid=&page=64&reporttype=" "Mozilla/5.0 (Linux; Android 4.2.1; en-us; Nexus 5 Build/JOP40D) AppleWebKit/535.19 (KHTML, like Gecko; googleweblight) Chrome/38.0.1025.166 Mobile Safari/535.19"
66.102.6.17 - - [05/Jun/2017:06:50:07 +0530] "GET /images/fbg.jpg HTTP/1.1" 200 325 "http://www.cdmindia.gov.in/project_details_view.php?id=853&oid=&page=64&reporttype=" "Mozilla/5.0 (Linux; Android 4.2.1; en-us; Nexus 5 Build/JOP40D) AppleWebKit/535.19 (KHTML, like Gecko; googleweblight) Chrome/38.0.1025.166 Mobile Safari/535.19"
66.102.6.17 - - [05/Jun/2017:06:50:07 +0530] "GET /images/gtz.jpg HTTP/1.1" 200 15484 "http://www.cdmindia.gov.in/project_details_view.php?id=853&oid=&page=64&reporttype=" "Mozilla/5.0 (Linux; Android 4.2.1; en-us; Nexus 5 Build/JOP40D) AppleWebKit/535.19 (KHTML, like Gecko; googleweblight) Chrome/38.0.1025.166 Mobile Safari/535.19"
66.102.6.15 - - [05/Jun/2017:06:50:07 +0530] "GET /images/bullet1.gif HTTP/1.1" 200 67 "http://www.cdmindia.gov.in/project_details_view.php?id=853&oid=&page=64&reporttype=" "Mozilla/5.0 (Linux; Android 4.2.1; en-us; Nexus 5 Build/JOP40D) AppleWebKit/535.19 (KHTML, like Gecko; googleweblight) Chrome/38.0.1025.166 Mobile Safari/535.19"
66.102.6.17 - - [05/Jun/2017:06:50:07 +0530] "GET /images/gtz.jpg HTTP/1.1" 200 15484 "http://www.cdmindia.gov.in/project_details_view.php?id=853&oid=&page=64&reporttype=" "Mozilla/5.0 (Linux; Android 4.2.1; en-us; Nexus 5 Build/JOP40D) AppleWebKit/535.19 (KHTML, like Gecko; googleweblight) Chrome/38.0.1025.166 Mobile Safari/535.19"
66.102.6.17 - - [05/Jun/2017:06:50:07 +0530] "GET /ncdma.css HTTP/1.1" 200 12640 "http://www.cdmindia.gov.in/project_details_view.php?id=853&oid=&page=64&reporttype=" "Mozilla/5.0 (Linux; Android 4.2.1; en-us; Nexus 5 Build/JOP40D) AppleWebKit/535.19 (KHTML, like Gecko; googleweblight) Chrome/38.0.1025.166 Mobile Safari/535.19"
66.102.6.17 - - [05/Jun/2017:06:50:07 +0530] "GET /images/fdm.jpg HTTP/1.1" 200 2043 "http://www.cdmindia.gov.in/project_details_view.php?id=853&oid=&page=64&reporttype=" "Mozilla/5.0 (Linux; Android 4.2.1; en-us; Nexus 5 Build/JOP40D) AppleWebKit/535.19 (KHTML, like Gecko; googleweblight) Chrome/38.0.1025.166 Mobile Safari/535.19"
66.102.6.17 - - [05/Jun/2017:06:50:06 +0530] "GET /images/img2.jpg HTTP/1.1" 200 16276 "http://www.cdmindia.gov.in/project_details_view.php?id=853&oid=&page=64&reporttype=" "Mozilla/5.0 (Linux; Android 4.2.1; en-us; Nexus 5 Build/JOP40D) AppleWebKit/535.19 (KHTML, like Gecko; googleweblight) Chrome/38.0.1025.166 Mobile Safari/535.19"
66.102.6.15 - - [05/Jun/2017:06:50:07 +0530] "GET /includes/ncdma.css HTTP/1.1" 200 13023 "http://www.cdmindia.gov.in/project_details_view.php?id=853&oid=&page=64&reporttype=" "Mozilla/5.0 (Linux; Android 4.2.1; en-us; Nexus 5 Build/JOP40D) AppleWebKit/535.19 (KHTML, like Gecko; googleweblight) Chrome/38.0.1025.166 Mobile Safari/535.19"
66.102.6.17 - - [05/Jun/2017:06:50:07 +0530] "GET /Scripts/AC_RunActiveContent.js HTTP/1.1" 200 8321 "http://www.cdmindia.gov.in/project_details_view.php?id=853&oid=&page=64&reporttype=" "Mozilla/5.0 (Linux; Android 4.2.1; en-us; Nexus 5 Build/JOP40D) AppleWebKit/535.19 (KHTML, like Gecko; googleweblight) Chrome/38.0.1025.166 Mobile Safari/535.19"
66.102.6.15 - - [05/Jun/2017:06:50:07 +0530] "GET /images/img2.jpg HTTP/1.1" 200 16276 "http://www.cdmindia.gov.in/project_details_view.php?id=853&oid=&page=64&reporttype=" "Mozilla/5.0 (Linux; Android 4.2.1; en-us; Nexus 5 Build/JOP40D) AppleWebKit/535.19 (KHTML, like Gecko; googleweblight) Chrome/38.0.1025.166 Mobile Safari/535.19"
66.102.6.19 - - [05/Jun/2017:06:50:07 +0530] "GET /images/img3.jpg HTTP/1.1" 200 26957 "http://www.cdmindia.gov.in/project_details_view.php?id=853&oid=&page=64&reporttype=" "Mozilla/5.0 (Linux; Android 4.2.1; en-us; Nexus 5 Build/JOP40D) AppleWebKit/535.19 (KHTML, like Gecko; googleweblight) Chrome/38.0.1025.166 Mobile Safari/535.19"
66.102.6.17 - - [05/Jun/2017:06:50:08 +0530] "GET /images/fbg.jpg HTTP/1.1" 200 325 "http://www.cdmindia.gov.in/project_details_view.php?id=853&oid=&page=64&reporttype=" "Mozilla/5.0 (Linux; Android 4.2.1; en-us; Nexus 5 Build/JOP40D) AppleWebKit/535.19 (KHTML, like Gecko; googleweblight) Chrome/38.0.1025.166 Mobile Safari/535.19"
66.102.6.17 - - [05/Jun/2017:06:50:08 +0530] "GET /images/img1.jpg HTTP/1.1" 200 1251 "http://www.cdmindia.gov.in/project_details_view.php?id=853&oid=&page=64&reporttype=" "Mozilla/5.0 (Linux; Android 4.2.1; en-us; Nexus 5 Build/JOP40D) AppleWebKit/535.19 (KHTML, like Gecko; googleweblight) Chrome/38.0.1025.166 Mobile Safari/535.19"
106.67.7.72 - - [05/Jun/2017:06:50:33 +0530] "GET /project_details_view.php?id=853&oid=&page=64&reporttype= HTTP/1.1" 200 15053 "-" "SonyEricssonK700c/R2AE SEMC-Browser/4.0.3 Profile/MIDP-2.0 Configuration/CLDC-1.1"
106.67.7.72 - - [05/Jun/2017:06:50:41 +0530] "GET /images/img2.jpg HTTP/1.1" 200 16276 "-" "SonyEricssonK700c/R2AE SEMC-Browser/4.0.3 Profile/MIDP-2.0 Configuration/CLDC-1.1"
106.67.7.72 - - [05/Jun/2017:06:50:46 +0530] "GET /images/img3.jpg HTTP/1.1" 200 26957 "-" "SonyEricssonK700c/R2AE SEMC-Browser/4.0.3 Profile/MIDP-2.0 Configuration/CLDC-1.1"
106.67.7.72 - - [05/Jun/2017:06:50:55 +0530] "GET /images/spacer.gif HTTP/1.1" 200 43 "-" "SonyEricssonK700c/R2AE SEMC-Browser/4.0.3 Profile/MIDP-2.0 Configuration/CLDC-1.1"
106.67.7.72 - - [05/Jun/2017:06:50:57 +0530] "GET /images/bullet1.gif HTTP/1.1" 200 67 "-" "SonyEricssonK700c/R2AE SEMC-Browser/4.0.3 Profile/MIDP-2.0 Configuration/CLDC-1.1"
106.67.7.72 - - [05/Jun/2017:06:51:01 +0530] "GET /images/bulllet2.gif HTTP/1.1" 200 58 "-" "SonyEricssonK700c/R2AE SEMC-Browser/4.0.3 Profile/MIDP-2.0 Configuration/CLDC-1.1"
106.67.7.72 - - [05/Jun/2017:06:51:03 +0530] "GET /images/bullet4.gif HTTP/1.1" 200 67 "-" "SonyEricssonK700c/R2AE SEMC-Browser/4.0.3 Profile/MIDP-2.0 Configuration/CLDC-1.1"
106.67.7.72 - - [05/Jun/2017:06:51:06 +0530] "GET /downloads/New%20PCN.doc HTTP/1.1" 200 435200 "-" "SonyEricssonK700c/R2AE SEMC-Browser/4.0.3 Profile/MIDP-2.0 Configuration/CLDC-1.1"
157.55.39.98 - - [05/Jun/2017:06:52:44 +0530] "GET /detail_news.php?id=11 HTTP/1.1" 302 18420 "-" "Mozilla/5.0 (compatible; bingbot/2.0; +http://www.bing.com/bingbot.htm)"
157.55.39.98 - - [05/Jun/2017:06:52:45 +0530] "GET /logout.php HTTP/1.1" 302 369 "-" "Mozilla/5.0 (compatible; bingbot/2.0; +http://www.bing.com/bingbot.htm)"
157.55.39.98 - - [05/Jun/2017:06:52:46 +0530] "GET /index.php HTTP/1.1" 200 19479 "-" "Mozilla/5.0 (compatible; bingbot/2.0; +http://www.bing.com/bingbot.htm)"
202.46.51.159 - - [05/Jun/2017:06:53:29 +0530] "GET /project_details_view.php?id=1389 HTTP/1.1" 200 14302 "-" "Mozilla/5.0 (Windows NT 10.0; WOW64) AppleWebKit/537.36 (KHTML, like Gecko) Chrome/45.0.2454.93 Safari/537.36"
194.187.170.128 - - [05/Jun/2017:06:56:05 +0530] "GET /future_projects.php HTTP/1.0" 302 26209 "-" "Mozilla/5.0 (compatible; Qwantify/2.4w; +https://www.qwant.com/)/2.4w"
194.187.170.128 - - [05/Jun/2017:06:56:06 +0530] "GET /logout.php HTTP/1.0" 302 369 "-" "Mozilla/5.0 (compatible; Qwantify/2.4w; +https://www.qwant.com/)/2.4w"
194.187.170.128 - - [05/Jun/2017:06:56:06 +0530] "GET /index.php HTTP/1.0" 200 19479 "-" "Mozilla/5.0 (compatible; Qwantify/2.4w; +https://www.qwant.com/)/2.4w"
123.125.71.38 - - [05/Jun/2017:06:57:43 +0530] "GET / HTTP/1.1" 200 19479 "-" "Mozilla/5.0 (compatible; Baiduspider/2.0; +http://www.baidu.com/search/spider.html)"
40.77.167.85 - - [05/Jun/2017:06:59:20 +0530] "GET /future_projects.php HTTP/1.1" 302 26209 "-" "Mozilla/5.0 (compatible; bingbot/2.0; +http://www.bing.com/bingbot.htm)"
40.77.167.85 - - [05/Jun/2017:06:59:21 +0530] "GET /logout.php HTTP/1.1" 302 369 "-" "Mozilla/5.0 (compatible; bingbot/2.0; +http://www.bing.com/bingbot.htm)"
40.77.167.85 - - [05/Jun/2017:06:59:22 +0530] "GET /index.php HTTP/1.1" 200 19479 "-" "Mozilla/5.0 (compatible; bingbot/2.0; +http://www.bing.com/bingbot.htm)"
194.187.170.128 - - [05/Jun/2017:07:07:47 +0530] "GET /downloads/New%20PCN.doc HTTP/1.0" 304 - "-" "Mozilla/5.0 (compatible; Qwantify/2.4w; +https://www.qwant.com/)/2.4w"
216.244.66.196 - - [05/Jun/2017:07:08:23 +0530] "GET /robots.txt HTTP/1.1" 404 208 "-" "Mozilla/5.0 (compatible; DotBot/1.1; http://www.opensiteexplorer.org/dotbot, help@moz.com)"
122.11.132.6 - - [05/Jun/2017:07:09:11 +0530] "GET /favicon.ico HTTP/1.1" 200 1189 "http://www.cdmindia.gov.in/downloads/Carbon%20Market%20Roadmap.pdf" "Mozilla/5.0 (Windows NT 6.1) AppleWebKit/537.36 (KHTML, like Gecko) Chrome/58.0.3029.110 Safari/537.36"
122.11.132.6 - - [05/Jun/2017:07:09:08 +0530] "GET /downloads/Carbon%20Market%20Roadmap.pdf HTTP/1.1" 200 4344697 "https://www.google.com.sg/" "Mozilla/5.0 (Windows NT 6.1) AppleWebKit/537.36 (KHTML, like Gecko) Chrome/58.0.3029.110 Safari/537.36"
122.11.132.6 - - [05/Jun/2017:07:09:11 +0530] "GET /downloads/Carbon%20Market%20Roadmap.pdf HTTP/1.1" 206 65536 "http://www.cdmindia.gov.in/downloads/Carbon%20Market%20Roadmap.pdf" "Mozilla/5.0 (Windows NT 6.1) AppleWebKit/537.36 (KHTML, like Gecko) Chrome/58.0.3029.110 Safari/537.36"
122.11.132.6 - - [05/Jun/2017:07:09:12 +0530] "GET /downloads/Carbon%20Market%20Roadmap.pdf HTTP/1.1" 206 2804601 "http://www.cdmindia.gov.in/downloads/Carbon%20Market%20Roadmap.pdf" "Mozilla/5.0 (Windows NT 6.1) AppleWebKit/537.36 (KHTML, like Gecko) Chrome/58.0.3029.110 Safari/537.36"
202.46.53.41 - - [05/Jun/2017:07:12:28 +0530] "GET /project_details_view_report.php?id=1721 HTTP/1.1" 200 13195 "-" "Mozilla/5.0 (Windows NT 10.0; WOW64) AppleWebKit/537.36 (KHTML, like Gecko) Chrome/45.0.2454.93 Safari/537.36"
194.187.170.128 - - [05/Jun/2017:07:12:29 +0530] "GET /downloads/Carbon%20Market%20Roadmap.pdf HTTP/1.0" 304 - "-" "Mozilla/5.0 (compatible; Qwantify/2.4w; +https://www.qwant.com/)/2.4w"
199.30.24.193 - - [05/Jun/2017:07:13:24 +0530] "GET /js/base64_encode.js HTTP/1.1" 200 3002 "http://cdmindia.gov.in/index.php" "Mozilla/5.0 (Windows NT 6.1; WOW64) AppleWebKit/534+ (KHTML, like Gecko) BingPreview/1.0b"
122.15.142.89 - - [05/Jun/2017:07:13:49 +0530] "GET / HTTP/1.1" 200 19479 "http://envfor.nic.in/major-initiatives/environmental-clearances" "Mozilla/5.0 (Windows NT 10.0; Win64; x64) AppleWebKit/537.36 (KHTML, like Gecko) Chrome/58.0.3029.110 Safari/537.36"
122.15.142.89 - - [05/Jun/2017:07:13:49 +0530] "GET /includes/ncdma.css HTTP/1.1" 200 13023 "http://www.cdmindia.gov.in/" "Mozilla/5.0 (Windows NT 10.0; Win64; x64) AppleWebKit/537.36 (KHTML, like Gecko) Chrome/58.0.3029.110 Safari/537.36"
122.15.142.89 - - [05/Jun/2017:07:13:49 +0530] "GET /ncdma.css HTTP/1.1" 200 12640 "http://www.cdmindia.gov.in/" "Mozilla/5.0 (Windows NT 10.0; Win64; x64) AppleWebKit/537.36 (KHTML, like Gecko) Chrome/58.0.3029.110 Safari/537.36"
122.15.142.89 - - [05/Jun/2017:07:13:49 +0530] "GET /Scripts/AC_RunActiveContent.js HTTP/1.1" 200 8321 "http://www.cdmindia.gov.in/" "Mozilla/5.0 (Windows NT 10.0; Win64; x64) AppleWebKit/537.36 (KHTML, like Gecko) Chrome/58.0.3029.110 Safari/537.36"
122.15.142.89 - - [05/Jun/2017:07:13:49 +0530] "GET /js/base64_encode.js HTTP/1.1" 200 3002 "http://www.cdmindia.gov.in/" "Mozilla/5.0 (Windows NT 10.0; Win64; x64) AppleWebKit/537.36 (KHTML, like Gecko) Chrome/58.0.3029.110 Safari/537.36"
122.15.142.89 - - [05/Jun/2017:07:13:49 +0530] "GET /js/md5.js HTTP/1.1" 200 13194 "http://www.cdmindia.gov.in/" "Mozilla/5.0 (Windows NT 10.0; Win64; x64) AppleWebKit/537.36 (KHTML, like Gecko) Chrome/58.0.3029.110 Safari/537.36"
122.15.142.89 - - [05/Jun/2017:07:13:49 +0530] "GET /images/img2.jpg HTTP/1.1" 200 16276 "http://www.cdmindia.gov.in/" "Mozilla/5.0 (Windows NT 10.0; Win64; x64) AppleWebKit/537.36 (KHTML, like Gecko) Chrome/58.0.3029.110 Safari/537.36"
122.15.142.89 - - [05/Jun/2017:07:13:49 +0530] "GET /images/bullet4.gif HTTP/1.1" 200 67 "http://www.cdmindia.gov.in/" "Mozilla/5.0 (Windows NT 10.0; Win64; x64) AppleWebKit/537.36 (KHTML, like Gecko) Chrome/58.0.3029.110 Safari/537.36"
122.15.142.89 - - [05/Jun/2017:07:13:49 +0530] "GET /images/img1.jpg HTTP/1.1" 200 1251 "http://www.cdmindia.gov.in/" "Mozilla/5.0 (Windows NT 10.0; Win64; x64) AppleWebKit/537.36 (KHTML, like Gecko) Chrome/58.0.3029.110 Safari/537.36"
122.15.142.89 - - [05/Jun/2017:07:13:49 +0530] "GET /images/fdm.jpg HTTP/1.1" 200 2043 "http://www.cdmindia.gov.in/" "Mozilla/5.0 (Windows NT 10.0; Win64; x64) AppleWebKit/537.36 (KHTML, like Gecko) Chrome/58.0.3029.110 Safari/537.36"
122.15.142.89 - - [05/Jun/2017:07:13:49 +0530] "GET /images/img3.jpg HTTP/1.1" 200 26957 "http://www.cdmindia.gov.in/" "Mozilla/5.0 (Windows NT 10.0; Win64; x64) AppleWebKit/537.36 (KHTML, like Gecko) Chrome/58.0.3029.110 Safari/537.36"
122.15.142.89 - - [05/Jun/2017:07:13:49 +0530] "GET /images/spacer.gif HTTP/1.1" 200 43 "http://www.cdmindia.gov.in/" "Mozilla/5.0 (Windows NT 10.0; Win64; x64) AppleWebKit/537.36 (KHTML, like Gecko) Chrome/58.0.3029.110 Safari/537.36"
122.15.142.89 - - [05/Jun/2017:07:13:49 +0530] "GET /images/login1.jpg HTTP/1.1" 200 618 "http://www.cdmindia.gov.in/" "Mozilla/5.0 (Windows NT 10.0; Win64; x64) AppleWebKit/537.36 (KHTML, like Gecko) Chrome/58.0.3029.110 Safari/537.36"
122.15.142.89 - - [05/Jun/2017:07:13:49 +0530] "GET /images/fe.jpg HTTP/1.1" 200 1429 "http://www.cdmindia.gov.in/" "Mozilla/5.0 (Windows NT 10.0; Win64; x64) AppleWebKit/537.36 (KHTML, like Gecko) Chrome/58.0.3029.110 Safari/537.36"
122.15.142.89 - - [05/Jun/2017:07:13:49 +0530] "GET /images/bullet1.gif HTTP/1.1" 200 67 "http://www.cdmindia.gov.in/" "Mozilla/5.0 (Windows NT 10.0; Win64; x64) AppleWebKit/537.36 (KHTML, like Gecko) Chrome/58.0.3029.110 Safari/537.36"
122.15.142.89 - - [05/Jun/2017:07:13:49 +0530] "GET /images/bullet3.gif HTTP/1.1" 200 58 "http://www.cdmindia.gov.in/" "Mozilla/5.0 (Windows NT 10.0; Win64; x64) AppleWebKit/537.36 (KHTML, like Gecko) Chrome/58.0.3029.110 Safari/537.36"
122.15.142.89 - - [05/Jun/2017:07:13:49 +0530] "GET /images/login.jpg HTTP/1.1" 200 1044 "http://www.cdmindia.gov.in/" "Mozilla/5.0 (Windows NT 10.0; Win64; x64) AppleWebKit/537.36 (KHTML, like Gecko) Chrome/58.0.3029.110 Safari/537.36"
122.15.142.89 - - [05/Jun/2017:07:13:49 +0530] "GET /images/bulllet2.gif HTTP/1.1" 200 58 "http://www.cdmindia.gov.in/" "Mozilla/5.0 (Windows NT 10.0; Win64; x64) AppleWebKit/537.36 (KHTML, like Gecko) Chrome/58.0.3029.110 Safari/537.36"
122.15.142.89 - - [05/Jun/2017:07:13:49 +0530] "GET /images/gtz.jpg HTTP/1.1" 200 15484 "http://www.cdmindia.gov.in/" "Mozilla/5.0 (Windows NT 10.0; Win64; x64) AppleWebKit/537.36 (KHTML, like Gecko) Chrome/58.0.3029.110 Safari/537.36"
122.15.142.89 - - [05/Jun/2017:07:13:49 +0530] "GET /images/fbg.jpg HTTP/1.1" 200 325 "http://www.cdmindia.gov.in/" "Mozilla/5.0 (Windows NT 10.0; Win64; x64) AppleWebKit/537.36 (KHTML, like Gecko) Chrome/58.0.3029.110 Safari/537.36"
122.15.142.89 - - [05/Jun/2017:07:13:49 +0530] "GET /favicon.ico HTTP/1.1" 200 1189 "http://www.cdmindia.gov.in/" "Mozilla/5.0 (Windows NT 10.0; Win64; x64) AppleWebKit/537.36 (KHTML, like Gecko) Chrome/58.0.3029.110 Safari/537.36"
35.184.189.105 - - [05/Jun/2017:07:14:11 +0530] "GET /robots.txt HTTP/1.1" 404 208 "-" "ltx71 - (http://ltx71.com/)"
194.187.170.128 - - [05/Jun/2017:07:14:13 +0530] "GET /downloads/Existing%20PCN.doc HTTP/1.0" 304 - "-" "Mozilla/5.0 (compatible; Qwantify/2.4w; +https://www.qwant.com/)/2.4w"
35.184.189.105 - - [05/Jun/2017:07:14:46 +0530] "GET /detail_news.php?id=18 HTTP/1.1" 302 18712 "-" "ltx71 - (http://ltx71.com/)"
157.55.39.229 - - [05/Jun/2017:07:15:00 +0530] "GET /sitemap.php HTTP/1.1" 200 18468 "-" "Mozilla/5.0 (compatible; bingbot/2.0; +http://www.bing.com/bingbot.htm)"
66.249.79.133 - - [05/Jun/2017:07:15:49 +0530] "GET / HTTP/1.1" 200 19479 "-" "Mozilla/5.0 (Linux; Android 6.0.1; Nexus 5X Build/MMB29P) AppleWebKit/537.36 (KHTML, like Gecko) Chrome/41.0.2272.96 Mobile Safari/537.36 (compatible; Googlebot/2.1; +http://www.google.com/bot.html)"
157.55.39.229 - - [05/Jun/2017:07:17:08 +0530] "GET /capacity_building.php HTTP/1.1" 200 19185 "-" "Mozilla/5.0 (compatible; bingbot/2.0; +http://www.bing.com/bingbot.htm)"
35.184.189.105 - - [05/Jun/2017:07:19:04 +0530] "GET /robots.txt HTTP/1.1" 404 208 "-" "ltx71 - (http://ltx71.com/)"
194.187.170.128 - - [05/Jun/2017:07:20:23 +0530] "GET /detail_news.php?id=20 HTTP/1.0" 302 18265 "-" "Mozilla/5.0 (compatible; Qwantify/2.4w; +https://www.qwant.com/)/2.4w"
194.187.170.128 - - [05/Jun/2017:07:20:24 +0530] "GET /logout.php HTTP/1.0" 302 369 "-" "Mozilla/5.0 (compatible; Qwantify/2.4w; +https://www.qwant.com/)/2.4w"
194.187.170.128 - - [05/Jun/2017:07:20:24 +0530] "GET /index.php HTTP/1.0" 200 19479 "-" "Mozilla/5.0 (compatible; Qwantify/2.4w; +https://www.qwant.com/)/2.4w"
35.184.189.105 - - [05/Jun/2017:07:20:47 +0530] "GET /registration.php HTTP/1.1" 302 28528 "-" "ltx71 - (http://ltx71.com/)"
157.55.39.98 - - [05/Jun/2017:07:21:37 +0530] "GET /index.php HTTP/1.1" 200 19479 "-" "Mozilla/5.0 (compatible; bingbot/2.0; +http://www.bing.com/bingbot.htm)"
35.184.189.105 - - [05/Jun/2017:07:22:10 +0530] "GET /contactus.php HTTP/1.1" 200 18291 "-" "ltx71 - (http://ltx71.com/)"
157.55.39.98 - - [05/Jun/2017:07:24:34 +0530] "GET /downloads/Existing%20PCN.doc HTTP/1.1" 200 114176 "-" "Mozilla/5.0 (compatible; bingbot/2.0; +http://www.bing.com/bingbot.htm)"
157.55.39.229 - - [05/Jun/2017:07:26:18 +0530] "GET /detail_news.php?id=18 HTTP/1.1" 302 18712 "-" "Mozilla/5.0 (compatible; bingbot/2.0; +http://www.bing.com/bingbot.htm)"
157.55.39.229 - - [05/Jun/2017:07:26:19 +0530] "GET /logout.php HTTP/1.1" 302 369 "-" "Mozilla/5.0 (compatible; bingbot/2.0; +http://www.bing.com/bingbot.htm)"
157.55.39.229 - - [05/Jun/2017:07:26:20 +0530] "GET /index.php HTTP/1.1" 200 19479 "-" "Mozilla/5.0 (compatible; bingbot/2.0; +http://www.bing.com/bingbot.htm)"
35.184.189.105 - - [05/Jun/2017:07:27:00 +0530] "GET /robots.txt HTTP/1.1" 404 208 "-" "ltx71 - (http://ltx71.com/)"
66.249.79.129 - - [05/Jun/2017:07:31:18 +0530] "GET / HTTP/1.1" 200 19479 "-" "Mozilla/5.0 (Linux; Android 6.0.1; Nexus 5X Build/MMB29P) AppleWebKit/537.36 (KHTML, like Gecko) Chrome/41.0.2272.96 Mobile Safari/537.36 (compatible; Googlebot/2.1; +http://www.google.com/bot.html)"
42.106.115.155 - - [05/Jun/2017:07:35:33 +0530] "GET /constitution.php HTTP/1.1" 200 23668 "http://www.cdmindia.gov.in/" "Mozilla/5.0 (Linux; Android 5.0.2; HTC One E9s dual sim Build/LRX22G) AppleWebKit/537.36 (KHTML, like Gecko) Chrome/58.0.3029.83 Mobile Safari/537.36"
74.115.214.156 - - [05/Jun/2017:07:41:03 +0530] "HEAD / HTTP/1.1" 200 - "http://uptime.com/www.cdmindia.gov.in" "Mozilla/5.0 (compatible; Uptimebot/1.0; +http://www.uptime.com/uptimebot)"
37.48.68.247 - - [05/Jun/2017:07:43:18 +0530] "GET / HTTP/1.0" 200 19479 "http://www.cdmindia.gov.in/" "Mozilla/4.0 (compatible; MSIE 6.0; Windows NT 5.1; SV1; .NET CLR 2.0.50727)"
157.55.39.229 - - [05/Jun/2017:07:43:57 +0530] "GET /project_details_view_report.php?id=1792 HTTP/1.1" 200 13215 "-" "Mozilla/5.0 (iPhone; CPU iPhone OS 7_0 like Mac OS X) AppleWebKit/537.51.1 (KHTML, like Gecko) Version/7.0 Mobile/11A465 Safari/9537.53 (compatible; bingbot/2.0; +http://www.bing.com/bingbot.htm)"
35.184.189.105 - - [05/Jun/2017:07:45:49 +0530] "GET /robots.txt HTTP/1.1" 404 208 "-" "ltx71 - (http://ltx71.com/)"
117.242.173.85 - - [05/Jun/2017:07:47:06 +0530] "GET /project_details_view_report.php?id=603 HTTP/1.1" 200 13202 "https://www.google.co.in/" "Mozilla/5.0 (Windows NT 10.0; Win64; x64) AppleWebKit/537.36 (KHTML, like Gecko) Chrome/58.0.3029.110 Safari/537.36"
117.242.173.85 - - [05/Jun/2017:07:47:06 +0530] "GET /ncdma.css HTTP/1.1" 200 12640 "http://www.cdmindia.gov.in/project_details_view_report.php?id=603" "Mozilla/5.0 (Windows NT 10.0; Win64; x64) AppleWebKit/537.36 (KHTML, like Gecko) Chrome/58.0.3029.110 Safari/537.36"
117.242.173.85 - - [05/Jun/2017:07:47:06 +0530] "GET /Scripts/AC_RunActiveContent.js HTTP/1.1" 200 8321 "http://www.cdmindia.gov.in/project_details_view_report.php?id=603" "Mozilla/5.0 (Windows NT 10.0; Win64; x64) AppleWebKit/537.36 (KHTML, like Gecko) Chrome/58.0.3029.110 Safari/537.36"
117.242.173.85 - - [05/Jun/2017:07:47:06 +0530] "GET /includes/ncdma.css HTTP/1.1" 200 13023 "http://www.cdmindia.gov.in/project_details_view_report.php?id=603" "Mozilla/5.0 (Windows NT 10.0; Win64; x64) AppleWebKit/537.36 (KHTML, like Gecko) Chrome/58.0.3029.110 Safari/537.36"
117.242.173.85 - - [05/Jun/2017:07:47:06 +0530] "GET /images/bullet1.gif HTTP/1.1" 200 67 "http://www.cdmindia.gov.in/project_details_view_report.php?id=603" "Mozilla/5.0 (Windows NT 10.0; Win64; x64) AppleWebKit/537.36 (KHTML, like Gecko) Chrome/58.0.3029.110 Safari/537.36"
117.242.173.85 - - [05/Jun/2017:07:47:06 +0530] "GET /images/spacer.gif HTTP/1.1" 200 43 "http://www.cdmindia.gov.in/project_details_view_report.php?id=603" "Mozilla/5.0 (Windows NT 10.0; Win64; x64) AppleWebKit/537.36 (KHTML, like Gecko) Chrome/58.0.3029.110 Safari/537.36"
117.242.173.85 - - [05/Jun/2017:07:47:06 +0530] "GET /images/bulllet2.gif HTTP/1.1" 200 58 "http://www.cdmindia.gov.in/project_details_view_report.php?id=603" "Mozilla/5.0 (Windows NT 10.0; Win64; x64) AppleWebKit/537.36 (KHTML, like Gecko) Chrome/58.0.3029.110 Safari/537.36"
117.242.173.85 - - [05/Jun/2017:07:47:06 +0530] "GET /images/bullet4.gif HTTP/1.1" 200 67 "http://www.cdmindia.gov.in/project_details_view_report.php?id=603" "Mozilla/5.0 (Windows NT 10.0; Win64; x64) AppleWebKit/537.36 (KHTML, like Gecko) Chrome/58.0.3029.110 Safari/537.36"
117.242.173.85 - - [05/Jun/2017:07:47:06 +0530] "GET /images/img2.jpg HTTP/1.1" 200 16276 "http://www.cdmindia.gov.in/project_details_view_report.php?id=603" "Mozilla/5.0 (Windows NT 10.0; Win64; x64) AppleWebKit/537.36 (KHTML, like Gecko) Chrome/58.0.3029.110 Safari/537.36"
117.242.173.85 - - [05/Jun/2017:07:47:06 +0530] "GET /images/img3.jpg HTTP/1.1" 200 26957 "http://www.cdmindia.gov.in/project_details_view_report.php?id=603" "Mozilla/5.0 (Windows NT 10.0; Win64; x64) AppleWebKit/537.36 (KHTML, like Gecko) Chrome/58.0.3029.110 Safari/537.36"
117.242.173.85 - - [05/Jun/2017:07:47:07 +0530] "GET /images/img1.jpg HTTP/1.1" 200 1251 "http://www.cdmindia.gov.in/project_details_view_report.php?id=603" "Mozilla/5.0 (Windows NT 10.0; Win64; x64) AppleWebKit/537.36 (KHTML, like Gecko) Chrome/58.0.3029.110 Safari/537.36"
117.242.173.85 - - [05/Jun/2017:07:47:07 +0530] "GET /images/fdm.jpg HTTP/1.1" 200 2043 "http://www.cdmindia.gov.in/project_details_view_report.php?id=603" "Mozilla/5.0 (Windows NT 10.0; Win64; x64) AppleWebKit/537.36 (KHTML, like Gecko) Chrome/58.0.3029.110 Safari/537.36"
117.242.173.85 - - [05/Jun/2017:07:47:07 +0530] "GET /images/gtz.jpg HTTP/1.1" 200 15484 "http://www.cdmindia.gov.in/project_details_view_report.php?id=603" "Mozilla/5.0 (Windows NT 10.0; Win64; x64) AppleWebKit/537.36 (KHTML, like Gecko) Chrome/58.0.3029.110 Safari/537.36"
117.242.173.85 - - [05/Jun/2017:07:47:07 +0530] "GET /images/fbg.jpg HTTP/1.1" 200 325 "http://www.cdmindia.gov.in/project_details_view_report.php?id=603" "Mozilla/5.0 (Windows NT 10.0; Win64; x64) AppleWebKit/537.36 (KHTML, like Gecko) Chrome/58.0.3029.110 Safari/537.36"
117.242.173.85 - - [05/Jun/2017:07:47:07 +0530] "GET /favicon.ico HTTP/1.1" 200 1189 "http://www.cdmindia.gov.in/project_details_view_report.php?id=603" "Mozilla/5.0 (Windows NT 10.0; Win64; x64) AppleWebKit/537.36 (KHTML, like Gecko) Chrome/58.0.3029.110 Safari/537.36"
180.76.15.14 - - [05/Jun/2017:07:47:12 +0530] "GET / HTTP/1.1" 200 19479 "-" "Mozilla/5.0 (compatible; Baiduspider/2.0; +http://www.baidu.com/search/spider.html)"
157.55.39.229 - - [05/Jun/2017:07:47:35 +0530] "GET /imp_links.php HTTP/1.1" 200 17833 "-" "Mozilla/5.0 (compatible; bingbot/2.0; +http://www.bing.com/bingbot.htm)"
117.242.173.85 - - [05/Jun/2017:07:47:36 +0530] "GET /project_details_view_report.php?id=603 HTTP/1.1" 200 13202 "https://www.google.co.in/" "Mozilla/5.0 (Windows NT 10.0; Win64; x64) AppleWebKit/537.36 (KHTML, like Gecko) Chrome/58.0.3029.110 Safari/537.36"
194.187.170.128 - - [05/Jun/2017:07:48:21 +0530] "GET /registration.php HTTP/1.0" 302 28528 "-" "Mozilla/5.0 (compatible; Qwantify/2.4w; +https://www.qwant.com/)/2.4w"
194.187.170.128 - - [05/Jun/2017:07:48:22 +0530] "GET /logout.php HTTP/1.0" 302 369 "-" "Mozilla/5.0 (compatible; Qwantify/2.4w; +https://www.qwant.com/)/2.4w"
194.187.170.128 - - [05/Jun/2017:07:48:23 +0530] "GET /index.php HTTP/1.0" 200 19479 "-" "Mozilla/5.0 (compatible; Qwantify/2.4w; +https://www.qwant.com/)/2.4w"
157.55.39.229 - - [05/Jun/2017:07:48:47 +0530] "GET /aboutus.php HTTP/1.1" 200 19596 "-" "Mozilla/5.0 (compatible; bingbot/2.0; +http://www.bing.com/bingbot.htm)"
157.55.39.98 - - [05/Jun/2017:07:49:29 +0530] "GET /index.php HTTP/1.1" 200 19479 "-" "Mozilla/5.0 (compatible; bingbot/2.0; +http://www.bing.com/bingbot.htm)"
65.55.210.69 - - [05/Jun/2017:07:51:35 +0530] "GET /reports_list_details.php?id=Himachal%20Pradesh&reporttype=2 HTTP/1.1" 200 21470 "-" "Mozilla/5.0 (iPhone; CPU iPhone OS 7_0 like Mac OS X) AppleWebKit/537.51.1 (KHTML, like Gecko) Version/7.0 Mobile/11A465 Safari/9537.53 BingPreview/1.0b"
202.46.51.100 - - [05/Jun/2017:07:56:26 +0530] "GET /project_details_view.php?id=153 HTTP/1.1" 200 14737 "-" "Mozilla/5.0 (Windows NT 10.0; WOW64) AppleWebKit/537.36 (KHTML, like Gecko) Chrome/45.0.2454.93 Safari/537.36"
35.184.189.105 - - [05/Jun/2017:07:56:39 +0530] "GET /robots.txt HTTP/1.1" 404 208 "-" "ltx71 - (http://ltx71.com/)"
157.51.39.235 - - [05/Jun/2017:07:56:40 +0530] "GET / HTTP/1.1" 200 19479 "-" "Mozilla/5.0 (Macintosh; Intel Mac OS X 10_9_5) AppleWebKit/601.7.8 (KHTML, like Gecko) Version/9.1.3 Safari/537.86.7"
68.180.228.167 - - [05/Jun/2017:07:57:57 +0530] "GET /robots.txt HTTP/1.1" 404 208 "-" "Mozilla/5.0 (compatible; Yahoo! Slurp; http://help.yahoo.com/help/us/ysearch/slurp)"
68.180.228.167 - - [05/Jun/2017:07:57:58 +0530] "GET /project_details_view_report.php?id=1365 HTTP/1.1" 200 13148 "-" "Mozilla/5.0 (compatible; Yahoo! Slurp; http://help.yahoo.com/help/us/ysearch/slurp)"
157.55.39.229 - - [05/Jun/2017:07:58:21 +0530] "GET /detail_events.php?id= HTTP/1.1" 302 16737 "-" "Mozilla/5.0 (compatible; bingbot/2.0; +http://www.bing.com/bingbot.htm)"
35.184.189.105 - - [05/Jun/2017:07:58:39 +0530] "GET /logout.php HTTP/1.1" 302 369 "-" "ltx71 - (http://ltx71.com/)"
157.55.39.229 - - [05/Jun/2017:07:58:47 +0530] "GET /logout.php HTTP/1.1" 302 369 "-" "Mozilla/5.0 (compatible; bingbot/2.0; +http://www.bing.com/bingbot.htm)"
157.55.39.229 - - [05/Jun/2017:07:58:47 +0530] "GET /index.php HTTP/1.1" 200 19479 "-" "Mozilla/5.0 (compatible; bingbot/2.0; +http://www.bing.com/bingbot.htm)"
35.184.189.105 - - [05/Jun/2017:07:59:14 +0530] "GET /downloads/Template_sharing%202Percent.doc HTTP/1.1" 200 73728 "-" "ltx71 - (http://ltx71.com/)"
194.187.170.128 - - [05/Jun/2017:08:00:26 +0530] "GET /view_past_events.php HTTP/1.0" 200 18853 "-" "Mozilla/5.0 (compatible; Qwantify/2.4w; +https://www.qwant.com/)/2.4w"
40.77.167.85 - - [05/Jun/2017:08:01:14 +0530] "GET /project_details_view.php?id=913 HTTP/1.1" 200 14591 "-" "Mozilla/5.0 (compatible; bingbot/2.0; +http://www.bing.com/bingbot.htm)"
157.55.39.229 - - [05/Jun/2017:08:02:02 +0530] "GET /reports_list_details.php?id=Himachal%20Pradesh&reporttype=2&page=2 HTTP/1.1" 200 21564 "-" "Mozilla/5.0 (iPhone; CPU iPhone OS 7_0 like Mac OS X) AppleWebKit/537.51.1 (KHTML, like Gecko) Version/7.0 Mobile/11A465 Safari/9537.53 (compatible; bingbot/2.0; +http://www.bing.com/bingbot.htm)"
131.161.10.229 - - [05/Jun/2017:08:04:44 +0530] "GET / HTTP/1.1" 200 19479 "-" "Mozilla/5.0 (Windows NT 5.1; rv:6.0.2) Gecko/20100101 Firefox/6.0.2"
40.77.167.85 - - [05/Jun/2017:08:06:12 +0530] "GET /detail_news.php?id=20 HTTP/1.1" 302 18265 "-" "Mozilla/5.0 (compatible; bingbot/2.0; +http://www.bing.com/bingbot.htm)"
40.77.167.85 - - [05/Jun/2017:08:06:13 +0530] "GET /logout.php HTTP/1.1" 302 369 "-" "Mozilla/5.0 (compatible; bingbot/2.0; +http://www.bing.com/bingbot.htm)"
40.77.167.85 - - [05/Jun/2017:08:06:14 +0530] "GET /index.php HTTP/1.1" 200 19479 "-" "Mozilla/5.0 (compatible; bingbot/2.0; +http://www.bing.com/bingbot.htm)"
216.244.66.196 - - [05/Jun/2017:08:07:09 +0530] "GET /detail_news.php?id=11 HTTP/1.1" 302 18420 "-" "Mozilla/5.0 (compatible; DotBot/1.1; http://www.opensiteexplorer.org/dotbot, help@moz.com)"
194.187.170.128 - - [05/Jun/2017:08:08:30 +0530] "GET /downloads/Comparision%20of%20PCN_30.03.doc HTTP/1.0" 304 - "-" "Mozilla/5.0 (compatible; Qwantify/2.4w; +https://www.qwant.com/)/2.4w"
141.8.142.74 - - [05/Jun/2017:08:14:25 +0530] "GET /robots.txt HTTP/1.1" 404 208 "-" "Mozilla/5.0 (compatible; YandexBot/3.0; +http://yandex.com/bots)"
141.8.142.74 - - [05/Jun/2017:08:14:29 +0530] "GET /reports_list_details.php?id=7&reporttype=1 HTTP/1.1" 200 20479 "-" "Mozilla/5.0 (compatible; YandexBot/3.0; +http://yandex.com/bots)"
157.55.39.229 - - [05/Jun/2017:08:15:22 +0530] "GET /project_details_view.php?id=1215 HTTP/1.1" 200 14188 "-" "Mozilla/5.0 (compatible; bingbot/2.0; +http://www.bing.com/bingbot.htm)"
202.46.54.30 - - [05/Jun/2017:08:15:25 +0530] "GET /project_details_view_report.php?id=947 HTTP/1.1" 200 13249 "-" "Mozilla/5.0 (Windows NT 10.0; WOW64) AppleWebKit/537.36 (KHTML, like Gecko) Chrome/45.0.2454.93 Safari/537.36"
194.187.170.128 - - [05/Jun/2017:08:15:53 +0530] "GET /images/NCDMA%20PCN%20Format%2017072009.doc HTTP/1.0" 304 - "-" "Mozilla/5.0 (compatible; Qwantify/2.4w; +https://www.qwant.com/)/2.4w"
141.8.183.1 - - [05/Jun/2017:08:18:05 +0530] "GET /contactus.php HTTP/1.1" 200 18291 "-" "Mozilla/5.0 (compatible; YandexBot/3.0; +http://yandex.com/bots)"
40.77.167.85 - - [05/Jun/2017:08:21:33 +0530] "GET /future_projects.php HTTP/1.1" 302 26209 "-" "Mozilla/5.0 (compatible; bingbot/2.0; +http://www.bing.com/bingbot.htm)"
40.77.167.85 - - [05/Jun/2017:08:21:34 +0530] "GET /logout.php HTTP/1.1" 302 369 "-" "Mozilla/5.0 (compatible; bingbot/2.0; +http://www.bing.com/bingbot.htm)"
40.77.167.85 - - [05/Jun/2017:08:21:35 +0530] "GET /index.php HTTP/1.1" 200 19479 "-" "Mozilla/5.0 (compatible; bingbot/2.0; +http://www.bing.com/bingbot.htm)"
216.244.66.248 - - [05/Jun/2017:08:24:26 +0530] "GET /robots.txt HTTP/1.1" 404 208 "-" "Mozilla/5.0 (compatible; DotBot/1.1; http://www.opensiteexplorer.org/dotbot, help@moz.com)"
35.184.189.105 - - [05/Jun/2017:08:31:26 +0530] "GET /robots.txt HTTP/1.1" 404 208 "-" "ltx71 - (http://ltx71.com/)"
35.184.189.105 - - [05/Jun/2017:08:31:50 +0530] "GET /index.php HTTP/1.1" 200 19479 "-" "ltx71 - (http://ltx71.com/)"
66.249.79.133 - - [05/Jun/2017:08:32:45 +0530] "GET / HTTP/1.1" 200 19479 "-" "Mozilla/5.0 (compatible; Googlebot/2.1; +http://www.google.com/bot.html)"
35.184.189.105 - - [05/Jun/2017:08:33:12 +0530] "GET /detail_past_events.php?id=5 HTTP/1.1" 302 17975 "-" "ltx71 - (http://ltx71.com/)"
194.187.170.128 - - [05/Jun/2017:08:33:54 +0530] "GET /downloads/Template_sharing%202Percent.doc HTTP/1.0" 304 - "-" "Mozilla/5.0 (compatible; Qwantify/2.4w; +https://www.qwant.com/)/2.4w"
202.46.50.185 - - [05/Jun/2017:08:34:23 +0530] "GET /project_details_view_report.php?id=553 HTTP/1.1" 200 13281 "-" "Mozilla/5.0 (Windows NT 10.0; WOW64) AppleWebKit/537.36 (KHTML, like Gecko) Chrome/45.0.2454.93 Safari/537.36"
210.163.39.75 - - [05/Jun/2017:08:35:22 +0530] "GET / HTTP/1.1" 200 19479 "-" "Mozilla/5.0 (Windows NT 5.1; rv:6.0.2) Gecko/20100101 Firefox/6.0.2"
180.76.15.150 - - [05/Jun/2017:08:39:33 +0530] "GET / HTTP/1.1" 200 19479 "-" "Mozilla/5.0 (compatible; Baiduspider/2.0; +http://www.baidu.com/search/spider.html)"
180.76.15.151 - - [05/Jun/2017:08:39:38 +0530] "GET / HTTP/1.1" 200 19479 "-" "Mozilla/5.0 (compatible; Baiduspider/2.0; +http://www.baidu.com/search/spider.html)"
173.208.141.10 - - [05/Jun/2017:08:43:30 +0530] "GET /approval_process.php HTTP/1.0" 200 25911 "http://cdmindia.gov.in/approval_process.php" "Mozilla/5.0 (Macintosh; Intel Mac OS X 10_12_3) AppleWebKit/602.4.8 (KHTML, like Gecko) Version/10.0.3 Safari/602.4.8"
173.208.141.10 - - [05/Jun/2017:08:43:31 +0530] "GET /registration.php HTTP/1.0" 200 28528 "http://cdmindia.gov.in/registration.php" "Mozilla/5.0 (Macintosh; Intel Mac OS X 10_12_3) AppleWebKit/602.4.8 (KHTML, like Gecko) Version/10.0.3 Safari/602.4.8"
173.208.141.10 - - [05/Jun/2017:08:43:32 +0530] "GET /registration.php HTTP/1.0" 200 28528 "http://cdmindia.gov.in/registration.php" "Mozilla/5.0 (Macintosh; Intel Mac OS X 10_12_3) AppleWebKit/602.4.8 (KHTML, like Gecko) Version/10.0.3 Safari/602.4.8"
173.208.141.10 - - [05/Jun/2017:08:43:33 +0530] "GET /registration.php HTTP/1.0" 200 28528 "http://cdmindia.gov.in/registration.php" "Mozilla/5.0 (Macintosh; Intel Mac OS X 10_12_3) AppleWebKit/602.4.8 (KHTML, like Gecko) Version/10.0.3 Safari/602.4.8"
173.208.141.10 - - [05/Jun/2017:08:43:34 +0530] "GET /registration.php HTTP/1.0" 200 28528 "http://cdmindia.gov.in/registration.php" "Mozilla/5.0 (Macintosh; Intel Mac OS X 10_12_3) AppleWebKit/602.4.8 (KHTML, like Gecko) Version/10.0.3 Safari/602.4.8"
157.55.39.229 - - [05/Jun/2017:08:45:56 +0530] "GET /reports_list_details.php?id=1&reporttype=1 HTTP/1.1" 200 21579 "-" "Mozilla/5.0 (iPhone; CPU iPhone OS 7_0 like Mac OS X) AppleWebKit/537.51.1 (KHTML, like Gecko) Version/7.0 Mobile/11A465 Safari/9537.53 (compatible; bingbot/2.0; +http://www.bing.com/bingbot.htm)"
157.55.39.229 - - [05/Jun/2017:08:48:40 +0530] "GET /project_details_view_report.php?id=1699 HTTP/1.1" 200 13244 "-" "Mozilla/5.0 (compatible; bingbot/2.0; +http://www.bing.com/bingbot.htm)"
157.55.39.239 - - [05/Jun/2017:08:51:26 +0530] "GET /js/user_registration.js HTTP/1.1" 200 26819 "-" "Mozilla/5.0 (iPhone; CPU iPhone OS 7_0 like Mac OS X) AppleWebKit/537.51.1 (KHTML, like Gecko) Version/7.0 Mobile/11A465 Safari/9537.53 (compatible; bingbot/2.0; +http://www.bing.com/bingbot.htm)"
202.46.48.85 - - [05/Jun/2017:08:53:21 +0530] "GET /project_details_view.php?id=1103 HTTP/1.1" 200 14111 "-" "Mozilla/5.0 (Windows NT 10.0; WOW64) AppleWebKit/537.36 (KHTML, like Gecko) Chrome/45.0.2454.93 Safari/537.36"
157.55.39.98 - - [05/Jun/2017:08:58:19 +0530] "GET /project_details_view.php?id=2081 HTTP/1.1" 200 14232 "-" "Mozilla/5.0 (iPhone; CPU iPhone OS 7_0 like Mac OS X) AppleWebKit/537.51.1 (KHTML, like Gecko) Version/7.0 Mobile/11A465 Safari/9537.53 (compatible; bingbot/2.0; +http://www.bing.com/bingbot.htm)"
216.244.66.248 - - [05/Jun/2017:09:06:00 +0530] "GET /detail_news.php?id=17 HTTP/1.1" 302 18569 "-" "Mozilla/5.0 (compatible; DotBot/1.1; http://www.opensiteexplorer.org/dotbot, help@moz.com)"
35.184.189.105 - - [05/Jun/2017:09:06:11 +0530] "GET /robots.txt HTTP/1.1" 404 208 "-" "ltx71 - (http://ltx71.com/)"
157.55.39.98 - - [05/Jun/2017:09:06:48 +0530] "GET /approved_projects.php?n=1 HTTP/1.1" 200 16641 "-" "Mozilla/5.0 (compatible; bingbot/2.0; +http://www.bing.com/bingbot.htm)"
35.184.189.105 - - [05/Jun/2017:09:09:07 +0530] "GET /robots.txt HTTP/1.1" 404 208 "-" "ltx71 - (http://ltx71.com/)"
35.184.189.105 - - [05/Jun/2017:09:11:29 +0530] "GET /robots.txt HTTP/1.1" 404 208 "-" "ltx71 - (http://ltx71.com/)"
202.46.58.126 - - [05/Jun/2017:09:12:20 +0530] "GET /project_details_view.php?id=450 HTTP/1.1" 200 13795 "-" "Mozilla/5.0 (Windows NT 10.0; WOW64) AppleWebKit/537.36 (KHTML, like Gecko) Chrome/45.0.2454.93 Safari/537.36"
35.184.189.105 - - [05/Jun/2017:09:17:16 +0530] "GET /robots.txt HTTP/1.1" 404 208 "-" "ltx71 - (http://ltx71.com/)"
92.133.171.7 - - [05/Jun/2017:09:19:29 +0530] "GET /robots.txt HTTP/1.1" 404 208 "-" "Java/1.8.0_101"
66.249.79.131 - - [05/Jun/2017:09:21:06 +0530] "GET /project_details_view.php?id=1519&oid=&page=14&reporttype= HTTP/1.1" 200 14209 "-" "Mozilla/5.0 (compatible; Googlebot/2.1; +http://www.google.com/bot.html)"
186.247.202.174 - - [05/Jun/2017:09:22:12 +0530] "GET /detail_news.php?id=http://www.sehion.org/cmd.txt? HTTP/1.1" 302 18053 "-" "Mozilla/4.0 (compatible; MSIE 6.0; Windows NT 5.1)"
42.106.97.65 - - [05/Jun/2017:09:22:55 +0530] "GET /constitution.php HTTP/1.1" 200 23668 "http://www.cdmindia.gov.in/" "Mozilla/5.0 (Linux; Android 5.0.2; HTC One E9s dual sim Build/LRX22G) AppleWebKit/537.36 (KHTML, like Gecko) Chrome/58.0.3029.83 Mobile Safari/537.36"
203.167.124.225 - - [05/Jun/2017:09:23:55 +0530] "GET /downloads/Comparision%20of%20PCN_30.03.doc HTTP/1.1" 200 49664 "https://www.google.com.ph/" "Mozilla/5.0 (Windows NT 6.1; Win64; x64) AppleWebKit/537.36 (KHTML, like Gecko) Chrome/58.0.3029.110 Safari/537.36"
35.184.189.105 - - [05/Jun/2017:09:24:41 +0530] "GET /robots.txt HTTP/1.1" 404 208 "-" "ltx71 - (http://ltx71.com/)"
202.46.57.123 - - [05/Jun/2017:09:31:18 +0530] "GET /reports_list_details.php?id=Small&reporttype=4&page=69 HTTP/1.1" 200 21868 "-" "Mozilla/5.0 (Windows NT 10.0; WOW64) AppleWebKit/537.36 (KHTML, like Gecko) Chrome/45.0.2454.93 Safari/537.36"
66.249.79.131 - - [05/Jun/2017:09:31:25 +0530] "GET / HTTP/1.1" 200 19479 "-" "Mozilla/5.0 (compatible; Googlebot/2.1; +http://www.google.com/bot.html)"
157.50.9.33 - - [05/Jun/2017:09:33:17 +0530] "GET /project_details_view.php?id=761 HTTP/1.1" 200 14410 "http://www.google.co.in/" "Mozilla/5.0 (Linux; Android 6.0.1; ASUS_Z00LD Build/MMB29P) AppleWebKit/537.36 (KHTML, like Gecko) Chrome/55.0.2883.91 Mobile Safari/537.36"
157.50.9.33 - - [05/Jun/2017:09:33:17 +0530] "GET /includes/ncdma.css HTTP/1.1" 200 13023 "http://www.cdmindia.gov.in/project_details_view.php?id=761" "Mozilla/5.0 (Linux; Android 6.0.1; ASUS_Z00LD Build/MMB29P) AppleWebKit/537.36 (KHTML, like Gecko) Chrome/55.0.2883.91 Mobile Safari/537.36"
157.50.9.33 - - [05/Jun/2017:09:33:17 +0530] "GET /ncdma.css HTTP/1.1" 200 12640 "http://www.cdmindia.gov.in/project_details_view.php?id=761" "Mozilla/5.0 (Linux; Android 6.0.1; ASUS_Z00LD Build/MMB29P) AppleWebKit/537.36 (KHTML, like Gecko) Chrome/55.0.2883.91 Mobile Safari/537.36"
