40.77.167.130 - - [26/May/2017:05:33:53 +0530] "GET /detail_news.php?id=19 HTTP/1.1" 302 19081 "-" "Mozilla/5.0 (compatible; bingbot/2.0; +http://www.bing.com/bingbot.htm)"
40.77.167.130 - - [26/May/2017:05:33:54 +0530] "GET /logout.php HTTP/1.1" 302 369 "-" "Mozilla/5.0 (compatible; bingbot/2.0; +http://www.bing.com/bingbot.htm)"
40.77.167.130 - - [26/May/2017:05:33:55 +0530] "GET /index.php HTTP/1.1" 200 19479 "-" "Mozilla/5.0 (compatible; bingbot/2.0; +http://www.bing.com/bingbot.htm)"
210.232.15.24 - - [26/May/2017:05:41:34 +0530] "GET / HTTP/1.1" 200 19479 "-" "Mozilla/5.0 (Windows NT 5.1; rv:6.0.2) Gecko/20100101 Firefox/6.0.2"
66.249.79.79 - - [26/May/2017:05:42:33 +0530] "GET /project_details_view.php?id=906 HTTP/1.1" 200 14183 "-" "Mozilla/5.0 (compatible; Googlebot/2.1; +http://www.google.com/bot.html)"
66.249.79.83 - - [26/May/2017:05:43:30 +0530] "GET /reports_list_details.php?id=3&reporttype=1&page=19 HTTP/1.1" 200 17956 "-" "Mozilla/5.0 (compatible; Googlebot/2.1; +http://www.google.com/bot.html)"
49.35.20.115 - - [26/May/2017:05:49:03 +0530] "GET / HTTP/1.1" 200 19479 "http://envfor.nic.in/major-initiatives/environmental-clearances" "Mozilla/5.0 (Windows NT 6.1; WOW64; rv:53.0) Gecko/20100101 Firefox/53.0"
49.35.20.115 - - [26/May/2017:05:49:07 +0530] "GET /images/midbanner.swf HTTP/1.1" 206 147727 "http://www.cdmindia.gov.in/" "Mozilla/5.0 (Windows NT 6.1; WOW64; rv:53.0) Gecko/20100101 Firefox/53.0"
157.55.39.227 - - [26/May/2017:05:49:37 +0530] "GET /registration.php HTTP/1.1" 302 28528 "-" "Mozilla/5.0 (compatible; bingbot/2.0; +http://www.bing.com/bingbot.htm)"
157.55.39.227 - - [26/May/2017:05:49:38 +0530] "GET /logout.php HTTP/1.1" 302 369 "-" "Mozilla/5.0 (compatible; bingbot/2.0; +http://www.bing.com/bingbot.htm)"
157.55.39.227 - - [26/May/2017:05:49:39 +0530] "GET /index.php HTTP/1.1" 200 19479 "-" "Mozilla/5.0 (compatible; bingbot/2.0; +http://www.bing.com/bingbot.htm)"
66.249.79.83 - - [26/May/2017:05:49:53 +0530] "GET /reports_list_details.php?id=3&reporttype=1&page=18 HTTP/1.1" 200 18212 "-" "Mozilla/5.0 (compatible; Googlebot/2.1; +http://www.google.com/bot.html)"
157.55.39.227 - - [26/May/2017:05:51:28 +0530] "GET /registration.php HTTP/1.1" 302 28528 "-" "Mozilla/5.0 (compatible; bingbot/2.0; +http://www.bing.com/bingbot.htm)"
157.55.39.227 - - [26/May/2017:05:51:29 +0530] "GET /logout.php HTTP/1.1" 302 369 "-" "Mozilla/5.0 (compatible; bingbot/2.0; +http://www.bing.com/bingbot.htm)"
157.55.39.227 - - [26/May/2017:05:51:30 +0530] "GET /index.php HTTP/1.1" 200 19479 "-" "Mozilla/5.0 (compatible; bingbot/2.0; +http://www.bing.com/bingbot.htm)"
40.77.167.130 - - [26/May/2017:05:56:29 +0530] "GET /downloads/Carbon%20Market%20Roadmap.pdf HTTP/1.1" 200 4344697 "-" "Mozilla/5.0 (compatible; bingbot/2.0; +http://www.bing.com/bingbot.htm)"
40.77.167.130 - - [26/May/2017:05:58:32 +0530] "GET /project_details_view.php?id=387 HTTP/1.1" 200 14221 "-" "Mozilla/5.0 (compatible; bingbot/2.0; +http://www.bing.com/bingbot.htm)"
157.55.39.13 - - [26/May/2017:05:58:32 +0530] "GET /robots.txt HTTP/1.1" 404 208 "-" "Mozilla/5.0 (compatible; bingbot/2.0; +http://www.bing.com/bingbot.htm)"
157.55.39.227 - - [26/May/2017:06:04:40 +0530] "GET /approval_process.php HTTP/1.1" 200 25911 "-" "Mozilla/5.0 (compatible; bingbot/2.0; +http://www.bing.com/bingbot.htm)"
66.249.79.81 - - [26/May/2017:06:05:14 +0530] "GET /reports_list_details.php?id=1&reporttype=1&page=3 HTTP/1.1" 200 21836 "-" "Mozilla/5.0 (compatible; Googlebot/2.1; +http://www.google.com/bot.html)"
202.46.53.153 - - [26/May/2017:06:05:49 +0530] "GET /project_details_view.php?id=436 HTTP/1.1" 200 14042 "-" "Mozilla/5.0 (Windows NT 10.0; WOW64) AppleWebKit/537.36 (KHTML, like Gecko) Chrome/45.0.2454.93 Safari/537.36"
40.77.167.130 - - [26/May/2017:06:07:16 +0530] "GET /images/NCDMA%20PCN%20Format%2017072009.doc HTTP/1.1" 200 114176 "-" "Mozilla/5.0 (compatible; bingbot/2.0; +http://www.bing.com/bingbot.htm)"
207.46.13.77 - - [26/May/2017:06:09:01 +0530] "GET /project_details_view.php?id=562 HTTP/1.1" 200 14559 "-" "Mozilla/5.0 (compatible; bingbot/2.0; +http://www.bing.com/bingbot.htm)"
66.249.79.79 - - [26/May/2017:06:10:14 +0530] "GET /reports_list_details.php?id=3&reporttype=1&page=23 HTTP/1.1" 200 17628 "-" "Mozilla/5.0 (compatible; Googlebot/2.1; +http://www.google.com/bot.html)"
41.136.162.197 - - [26/May/2017:06:13:22 +0530] "GET /wp-login.php HTTP/1.1" 404 210 "-" "Mozilla/5.0 (Windows NT 6.1; WOW64; rv:40.0) Gecko/20100101 Firefox/40.1"
41.136.162.197 - - [26/May/2017:06:13:22 +0530] "GET / HTTP/1.1" 200 19479 "-" "Mozilla/5.0 (Windows NT 6.1; WOW64; rv:40.0) Gecko/20100101 Firefox/40.1"
138.201.59.34 - - [26/May/2017:06:14:17 +0530] "GET /robots.txt HTTP/1.0" 404 208 "-" "Mozilla/5.0 (compatible; SEOkicks-Robot; +http://www.seokicks.de/robot.html)"
138.201.59.34 - - [26/May/2017:06:14:19 +0530] "GET / HTTP/1.0" 200 19479 "-" "Mozilla/5.0 (compatible; SEOkicks-Robot; +http://www.seokicks.de/robot.html)"
138.201.59.34 - - [26/May/2017:06:14:26 +0530] "GET /robots.txt HTTP/1.0" 404 208 "-" "Mozilla/5.0 (compatible; SEOkicks-Robot; +http://www.seokicks.de/robot.html)"
138.201.59.34 - - [26/May/2017:06:14:28 +0530] "GET / HTTP/1.0" 200 19479 "-" "Mozilla/5.0 (compatible; SEOkicks-Robot; +http://www.seokicks.de/robot.html)"
138.201.59.34 - - [26/May/2017:06:14:30 +0530] "GET /includes/ncdma.css HTTP/1.0" 200 13023 "http://cdmindia.gov.in/" "Mozilla/5.0 (compatible; SEOkicks-Robot; +http://www.seokicks.de/robot.html)"
138.201.59.34 - - [26/May/2017:06:14:32 +0530] "GET /Scripts/AC_RunActiveContent.js HTTP/1.0" 200 8321 "http://cdmindia.gov.in/" "Mozilla/5.0 (compatible; SEOkicks-Robot; +http://www.seokicks.de/robot.html)"
90.57.147.71 - - [26/May/2017:06:14:33 +0530] "GET /robots.txt HTTP/1.1" 404 208 "-" "Java/1.8.0_101"
138.201.59.34 - - [26/May/2017:06:14:34 +0530] "GET /js/base64_encode.js HTTP/1.0" 200 3002 "http://cdmindia.gov.in/" "Mozilla/5.0 (compatible; SEOkicks-Robot; +http://www.seokicks.de/robot.html)"
138.201.59.34 - - [26/May/2017:06:14:35 +0530] "GET /js/md5.js HTTP/1.0" 200 13194 "http://cdmindia.gov.in/" "Mozilla/5.0 (compatible; SEOkicks-Robot; +http://www.seokicks.de/robot.html)"
66.249.79.95 - - [26/May/2017:06:15:14 +0530] "GET /robots.txt HTTP/1.1" 404 208 "-" "Mozilla/5.0 (compatible; Googlebot/2.1; +http://www.google.com/bot.html)"
90.57.147.71 - - [26/May/2017:06:20:12 +0530] "GET /robots.txt HTTP/1.1" 404 208 "-" "Java/1.8.0_101"
157.55.39.227 - - [26/May/2017:06:20:24 +0530] "GET /downloads/Existing%20PCN.doc HTTP/1.1" 200 114176 "-" "Mozilla/5.0 (iPhone; CPU iPhone OS 7_0 like Mac OS X) AppleWebKit/537.51.1 (KHTML, like Gecko) Version/7.0 Mobile/11A465 Safari/9537.53 (compatible; bingbot/2.0; +http://www.bing.com/bingbot.htm)"
35.184.189.105 - - [26/May/2017:06:23:16 +0530] "GET /robots.txt HTTP/1.1" 404 208 "-" "ltx71 - (http://ltx71.com/)"
68.180.228.153 - - [26/May/2017:06:24:07 +0530] "GET /robots.txt HTTP/1.1" 404 208 "-" "Mozilla/5.0 (compatible; Yahoo! Slurp; http://help.yahoo.com/help/us/ysearch/slurp)"
68.180.228.153 - - [26/May/2017:06:24:08 +0530] "GET /registration.php HTTP/1.1" 302 28528 "-" "Mozilla/5.0 (compatible; Yahoo! Slurp; http://help.yahoo.com/help/us/ysearch/slurp)"
40.77.167.130 - - [26/May/2017:06:26:09 +0530] "GET /future_projects.php HTTP/1.1" 302 26209 "-" "Mozilla/5.0 (compatible; bingbot/2.0; +http://www.bing.com/bingbot.htm)"
40.77.167.130 - - [26/May/2017:06:26:10 +0530] "GET /logout.php HTTP/1.1" 302 369 "-" "Mozilla/5.0 (compatible; bingbot/2.0; +http://www.bing.com/bingbot.htm)"
40.77.167.130 - - [26/May/2017:06:26:11 +0530] "GET /index.php HTTP/1.1" 200 19479 "-" "Mozilla/5.0 (compatible; bingbot/2.0; +http://www.bing.com/bingbot.htm)"
202.46.51.206 - - [26/May/2017:06:26:36 +0530] "GET /reports_list_details.php?id=tubkayrstf&reporttype=&page=260 HTTP/1.1" 200 22387 "-" "Mozilla/5.0 (Windows NT 10.0; WOW64) AppleWebKit/537.36 (KHTML, like Gecko) Chrome/45.0.2454.93 Safari/537.36"
41.82.86.255 - - [26/May/2017:06:28:53 +0530] "GET / HTTP/1.1" 200 19479 "-" "Mozilla/4.0 (compatible; MSIE 5.0; Windows NT; DigExt; DTS Agent"
207.46.13.77 - - [26/May/2017:06:29:38 +0530] "GET /Approved_proj_reports_list_details.php?id=4&reporttype=1&scale=&sdt=&edt=&exec= HTTP/1.1" 200 16251 "-" "Mozilla/5.0 (iPhone; CPU iPhone OS 7_0 like Mac OS X) AppleWebKit/537.51.1 (KHTML, like Gecko) Version/7.0 Mobile/11A465 Safari/9537.53 (compatible; bingbot/2.0; +http://www.bing.com/bingbot.htm)"
66.102.6.113 - - [26/May/2017:06:31:30 +0530] "GET /project_details_view.php?id=1019 HTTP/1.1" 200 13803 "-" "Mozilla/5.0 (Linux; Android 4.2.1; en-us; Nexus 5 Build/JOP40D) AppleWebKit/535.19 (KHTML, like Gecko; googleweblight) Chrome/38.0.1025.166 Mobile Safari/535.19"
66.102.6.111 - - [26/May/2017:06:31:30 +0530] "GET /includes/ncdma.css HTTP/1.1" 200 13023 "http://www.cdmindia.gov.in/project_details_view.php?id=1019" "Mozilla/5.0 (Linux; Android 4.2.1; en-us; Nexus 5 Build/JOP40D) AppleWebKit/535.19 (KHTML, like Gecko; googleweblight) Chrome/38.0.1025.166 Mobile Safari/535.19"
66.102.6.113 - - [26/May/2017:06:31:30 +0530] "GET /project_details_view.php?id=1019 HTTP/1.1" 200 13803 "https://www.google.co.in/" "Mozilla/5.0 (Linux; Android 4.2.1; en-us; Nexus 5 Build/JOP40D) AppleWebKit/535.19 (KHTML, like Gecko; googleweblight) Chrome/38.0.1025.166 Mobile Safari/535.19"
66.102.6.113 - - [26/May/2017:06:31:31 +0530] "GET /images/spacer.gif HTTP/1.1" 200 43 "http://www.cdmindia.gov.in/project_details_view.php?id=1019" "Mozilla/5.0 (Linux; Android 4.2.1; en-us; Nexus 5 Build/JOP40D) AppleWebKit/535.19 (KHTML, like Gecko; googleweblight) Chrome/38.0.1025.166 Mobile Safari/535.19"
66.102.6.115 - - [26/May/2017:06:31:31 +0530] "GET /images/bullet4.gif HTTP/1.1" 200 67 "http://www.cdmindia.gov.in/project_details_view.php?id=1019" "Mozilla/5.0 (Linux; Android 4.2.1; en-us; Nexus 5 Build/JOP40D) AppleWebKit/535.19 (KHTML, like Gecko; googleweblight) Chrome/38.0.1025.166 Mobile Safari/535.19"
66.102.6.111 - - [26/May/2017:06:31:31 +0530] "GET /images/gtz.jpg HTTP/1.1" 200 15484 "http://www.cdmindia.gov.in/project_details_view.php?id=1019" "Mozilla/5.0 (Linux; Android 4.2.1; en-us; Nexus 5 Build/JOP40D) AppleWebKit/535.19 (KHTML, like Gecko; googleweblight) Chrome/38.0.1025.166 Mobile Safari/535.19"
66.102.6.115 - - [26/May/2017:06:31:31 +0530] "GET /images/bullet1.gif HTTP/1.1" 200 67 "http://www.cdmindia.gov.in/project_details_view.php?id=1019" "Mozilla/5.0 (Linux; Android 4.2.1; en-us; Nexus 5 Build/JOP40D) AppleWebKit/535.19 (KHTML, like Gecko; googleweblight) Chrome/38.0.1025.166 Mobile Safari/535.19"
66.102.6.115 - - [26/May/2017:06:31:31 +0530] "GET /Scripts/AC_RunActiveContent.js HTTP/1.1" 200 8321 "http://www.cdmindia.gov.in/project_details_view.php?id=1019" "Mozilla/5.0 (Linux; Android 4.2.1; en-us; Nexus 5 Build/JOP40D) AppleWebKit/535.19 (KHTML, like Gecko; googleweblight) Chrome/38.0.1025.166 Mobile Safari/535.19"
66.102.6.111 - - [26/May/2017:06:31:31 +0530] "GET /images/fdm.jpg HTTP/1.1" 200 2043 "http://www.cdmindia.gov.in/project_details_view.php?id=1019" "Mozilla/5.0 (Linux; Android 4.2.1; en-us; Nexus 5 Build/JOP40D) AppleWebKit/535.19 (KHTML, like Gecko; googleweblight) Chrome/38.0.1025.166 Mobile Safari/535.19"
66.102.6.113 - - [26/May/2017:06:31:31 +0530] "GET /ncdma.css HTTP/1.1" 200 12640 "http://www.cdmindia.gov.in/project_details_view.php?id=1019" "Mozilla/5.0 (Linux; Android 4.2.1; en-us; Nexus 5 Build/JOP40D) AppleWebKit/535.19 (KHTML, like Gecko; googleweblight) Chrome/38.0.1025.166 Mobile Safari/535.19"
66.102.6.113 - - [26/May/2017:06:31:31 +0530] "GET /images/bulllet2.gif HTTP/1.1" 200 58 "http://www.cdmindia.gov.in/project_details_view.php?id=1019" "Mozilla/5.0 (Linux; Android 4.2.1; en-us; Nexus 5 Build/JOP40D) AppleWebKit/535.19 (KHTML, like Gecko; googleweblight) Chrome/38.0.1025.166 Mobile Safari/535.19"
66.102.6.113 - - [26/May/2017:06:31:31 +0530] "GET /images/img2.jpg HTTP/1.1" 200 16276 "http://www.cdmindia.gov.in/project_details_view.php?id=1019" "Mozilla/5.0 (Linux; Android 4.2.1; en-us; Nexus 5 Build/JOP40D) AppleWebKit/535.19 (KHTML, like Gecko; googleweblight) Chrome/38.0.1025.166 Mobile Safari/535.19"
66.102.6.115 - - [26/May/2017:06:31:31 +0530] "GET /images/img3.jpg HTTP/1.1" 200 26957 "http://www.cdmindia.gov.in/project_details_view.php?id=1019" "Mozilla/5.0 (Linux; Android 4.2.1; en-us; Nexus 5 Build/JOP40D) AppleWebKit/535.19 (KHTML, like Gecko; googleweblight) Chrome/38.0.1025.166 Mobile Safari/535.19"
66.102.6.111 - - [26/May/2017:06:31:31 +0530] "GET /includes/ncdma.css HTTP/1.1" 200 13023 "http://www.cdmindia.gov.in/project_details_view.php?id=1019" "Mozilla/5.0 (Linux; Android 4.2.1; en-us; Nexus 5 Build/JOP40D) AppleWebKit/535.19 (KHTML, like Gecko; googleweblight) Chrome/38.0.1025.166 Mobile Safari/535.19"
66.102.6.115 - - [26/May/2017:06:31:31 +0530] "GET /images/bulllet2.gif HTTP/1.1" 200 58 "http://www.cdmindia.gov.in/project_details_view.php?id=1019" "Mozilla/5.0 (Linux; Android 4.2.1; en-us; Nexus 5 Build/JOP40D) AppleWebKit/535.19 (KHTML, like Gecko; googleweblight) Chrome/38.0.1025.166 Mobile Safari/535.19"
66.102.6.111 - - [26/May/2017:06:31:31 +0530] "GET /images/bullet4.gif HTTP/1.1" 200 67 "http://www.cdmindia.gov.in/project_details_view.php?id=1019" "Mozilla/5.0 (Linux; Android 4.2.1; en-us; Nexus 5 Build/JOP40D) AppleWebKit/535.19 (KHTML, like Gecko; googleweblight) Chrome/38.0.1025.166 Mobile Safari/535.19"
66.102.6.111 - - [26/May/2017:06:31:31 +0530] "GET /images/spacer.gif HTTP/1.1" 200 43 "http://www.cdmindia.gov.in/project_details_view.php?id=1019" "Mozilla/5.0 (Linux; Android 4.2.1; en-us; Nexus 5 Build/JOP40D) AppleWebKit/535.19 (KHTML, like Gecko; googleweblight) Chrome/38.0.1025.166 Mobile Safari/535.19"
66.102.6.115 - - [26/May/2017:06:31:31 +0530] "GET /ncdma.css HTTP/1.1" 200 12640 "http://www.cdmindia.gov.in/project_details_view.php?id=1019" "Mozilla/5.0 (Linux; Android 4.2.1; en-us; Nexus 5 Build/JOP40D) AppleWebKit/535.19 (KHTML, like Gecko; googleweblight) Chrome/38.0.1025.166 Mobile Safari/535.19"
66.102.6.113 - - [26/May/2017:06:31:31 +0530] "GET /images/bullet1.gif HTTP/1.1" 200 67 "http://www.cdmindia.gov.in/project_details_view.php?id=1019" "Mozilla/5.0 (Linux; Android 4.2.1; en-us; Nexus 5 Build/JOP40D) AppleWebKit/535.19 (KHTML, like Gecko; googleweblight) Chrome/38.0.1025.166 Mobile Safari/535.19"
66.102.6.111 - - [26/May/2017:06:31:31 +0530] "GET /Scripts/AC_RunActiveContent.js HTTP/1.1" 200 8321 "http://www.cdmindia.gov.in/project_details_view.php?id=1019" "Mozilla/5.0 (Linux; Android 4.2.1; en-us; Nexus 5 Build/JOP40D) AppleWebKit/535.19 (KHTML, like Gecko; googleweblight) Chrome/38.0.1025.166 Mobile Safari/535.19"
66.102.6.111 - - [26/May/2017:06:31:31 +0530] "GET /images/fdm.jpg HTTP/1.1" 200 2043 "http://www.cdmindia.gov.in/project_details_view.php?id=1019" "Mozilla/5.0 (Linux; Android 4.2.1; en-us; Nexus 5 Build/JOP40D) AppleWebKit/535.19 (KHTML, like Gecko; googleweblight) Chrome/38.0.1025.166 Mobile Safari/535.19"
66.102.6.113 - - [26/May/2017:06:31:31 +0530] "GET /images/gtz.jpg HTTP/1.1" 200 15484 "http://www.cdmindia.gov.in/project_details_view.php?id=1019" "Mozilla/5.0 (Linux; Android 4.2.1; en-us; Nexus 5 Build/JOP40D) AppleWebKit/535.19 (KHTML, like Gecko; googleweblight) Chrome/38.0.1025.166 Mobile Safari/535.19"
66.102.6.113 - - [26/May/2017:06:31:31 +0530] "GET /images/fbg.jpg HTTP/1.1" 200 325 "http://www.cdmindia.gov.in/project_details_view.php?id=1019" "Mozilla/5.0 (Linux; Android 4.2.1; en-us; Nexus 5 Build/JOP40D) AppleWebKit/535.19 (KHTML, like Gecko; googleweblight) Chrome/38.0.1025.166 Mobile Safari/535.19"
66.102.6.115 - - [26/May/2017:06:31:31 +0530] "GET /images/img1.jpg HTTP/1.1" 200 1251 "http://www.cdmindia.gov.in/project_details_view.php?id=1019" "Mozilla/5.0 (Linux; Android 4.2.1; en-us; Nexus 5 Build/JOP40D) AppleWebKit/535.19 (KHTML, like Gecko; googleweblight) Chrome/38.0.1025.166 Mobile Safari/535.19"
66.102.6.113 - - [26/May/2017:06:31:31 +0530] "GET /images/fbg.jpg HTTP/1.1" 200 325 "http://www.cdmindia.gov.in/project_details_view.php?id=1019" "Mozilla/5.0 (Linux; Android 4.2.1; en-us; Nexus 5 Build/JOP40D) AppleWebKit/535.19 (KHTML, like Gecko; googleweblight) Chrome/38.0.1025.166 Mobile Safari/535.19"
66.102.6.115 - - [26/May/2017:06:31:31 +0530] "GET /images/img1.jpg HTTP/1.1" 200 1251 "http://www.cdmindia.gov.in/project_details_view.php?id=1019" "Mozilla/5.0 (Linux; Android 4.2.1; en-us; Nexus 5 Build/JOP40D) AppleWebKit/535.19 (KHTML, like Gecko; googleweblight) Chrome/38.0.1025.166 Mobile Safari/535.19"
66.102.6.113 - - [26/May/2017:06:31:31 +0530] "GET /images/img2.jpg HTTP/1.1" 200 16276 "http://www.cdmindia.gov.in/project_details_view.php?id=1019" "Mozilla/5.0 (Linux; Android 4.2.1; en-us; Nexus 5 Build/JOP40D) AppleWebKit/535.19 (KHTML, like Gecko; googleweblight) Chrome/38.0.1025.166 Mobile Safari/535.19"
66.102.6.115 - - [26/May/2017:06:31:31 +0530] "GET /images/img3.jpg HTTP/1.1" 200 26957 "http://www.cdmindia.gov.in/project_details_view.php?id=1019" "Mozilla/5.0 (Linux; Android 4.2.1; en-us; Nexus 5 Build/JOP40D) AppleWebKit/535.19 (KHTML, like Gecko; googleweblight) Chrome/38.0.1025.166 Mobile Safari/535.19"
141.8.142.74 - - [26/May/2017:06:34:42 +0530] "GET /robots.txt HTTP/1.1" 404 208 "-" "Mozilla/5.0 (compatible; YandexBot/3.0; +http://yandex.com/bots)"
141.8.142.74 - - [26/May/2017:06:34:46 +0530] "GET /images/favicon.ico HTTP/1.1" 200 1406 "-" "Mozilla/5.0 (compatible; YandexBot/3.0; +http://yandex.com/bots)"
66.249.79.91 - - [26/May/2017:06:40:23 +0530] "GET / HTTP/1.1" 200 19479 "-" "Mozilla/5.0 (Linux; Android 6.0.1; Nexus 5X Build/MMB29P) AppleWebKit/537.36 (KHTML, like Gecko) Chrome/41.0.2272.96 Mobile Safari/537.36 (compatible; Googlebot/2.1; +http://www.google.com/bot.html)"
220.181.108.120 - - [26/May/2017:06:43:27 +0530] "GET / HTTP/1.1" 200 19479 "-" "Mozilla/5.0 (compatible; Baiduspider/2.0; +http://www.baidu.com/search/spider.html)"
106.208.102.109 - - [26/May/2017:06:47:13 +0530] "GET /project_details_view.php?id=1698 HTTP/1.1" 200 14290 "http://www.google.co.in/search?ie=ISO-8859-1&q=barapole+power+plant&btnG=Search" "Mozilla/5.0 (Linux; U; Android 5.1.1; en-US; SM-J200G Build/LMY47X) AppleWebKit/534.30 (KHTML, like Gecko) Version/4.0 UCBrowser/11.2.0.915 U3/0.8.0 Mobile Safari/534.30"
106.208.102.109 - - [26/May/2017:06:47:16 +0530] "GET /includes/ncdma.css HTTP/1.1" 200 13023 "http://www.cdmindia.gov.in/project_details_view.php?id=1698" "Mozilla/5.0 (Linux; U; Android 5.1.1; en-US; SM-J200G Build/LMY47X) AppleWebKit/534.30 (KHTML, like Gecko) Version/4.0 UCBrowser/11.2.0.915 U3/0.8.0 Mobile Safari/534.30"
202.46.48.207 - - [26/May/2017:06:47:23 +0530] "GET /reports_list_details.php?id=Haryana&reporttype=2&page=3 HTTP/1.1" 200 21007 "-" "Mozilla/5.0 (Windows NT 10.0; WOW64) AppleWebKit/537.36 (KHTML, like Gecko) Chrome/45.0.2454.93 Safari/537.36"
106.208.102.109 - - [26/May/2017:06:47:29 +0530] "GET /ncdma.css HTTP/1.1" 200 12640 "http://www.cdmindia.gov.in/project_details_view.php?id=1698" "Mozilla/5.0 (Linux; U; Android 5.1.1; en-US; SM-J200G Build/LMY47X) AppleWebKit/534.30 (KHTML, like Gecko) Version/4.0 UCBrowser/11.2.0.915 U3/0.8.0 Mobile Safari/534.30"
106.208.102.109 - - [26/May/2017:06:47:29 +0530] "GET /Scripts/AC_RunActiveContent.js HTTP/1.1" 200 8321 "http://www.cdmindia.gov.in/project_details_view.php?id=1698" "Mozilla/5.0 (Linux; U; Android 5.1.1; en-US; SM-J200G Build/LMY47X) AppleWebKit/534.30 (KHTML, like Gecko) Version/4.0 UCBrowser/11.2.0.915 U3/0.8.0 Mobile Safari/534.30"
106.208.102.109 - - [26/May/2017:06:47:34 +0530] "GET /images/img2.jpg HTTP/1.1" 200 16276 "http://www.cdmindia.gov.in/project_details_view.php?id=1698" "Mozilla/5.0 (Linux; U; Android 5.1.1; en-US; SM-J200G Build/LMY47X) AppleWebKit/534.30 (KHTML, like Gecko) Version/4.0 UCBrowser/11.2.0.915 U3/0.8.0 Mobile Safari/534.30"
106.208.102.109 - - [26/May/2017:06:47:36 +0530] "GET /images/img3.jpg HTTP/1.1" 200 26957 "http://www.cdmindia.gov.in/project_details_view.php?id=1698" "Mozilla/5.0 (Linux; U; Android 5.1.1; en-US; SM-J200G Build/LMY47X) AppleWebKit/534.30 (KHTML, like Gecko) Version/4.0 UCBrowser/11.2.0.915 U3/0.8.0 Mobile Safari/534.30"
106.208.102.109 - - [26/May/2017:06:47:38 +0530] "GET /images/spacer.gif HTTP/1.1" 200 43 "http://www.cdmindia.gov.in/project_details_view.php?id=1698" "Mozilla/5.0 (Linux; U; Android 5.1.1; en-US; SM-J200G Build/LMY47X) AppleWebKit/534.30 (KHTML, like Gecko) Version/4.0 UCBrowser/11.2.0.915 U3/0.8.0 Mobile Safari/534.30"
106.208.102.109 - - [26/May/2017:06:47:40 +0530] "GET /images/bullet1.gif HTTP/1.1" 200 67 "http://www.cdmindia.gov.in/project_details_view.php?id=1698" "Mozilla/5.0 (Linux; U; Android 5.1.1; en-US; SM-J200G Build/LMY47X) AppleWebKit/534.30 (KHTML, like Gecko) Version/4.0 UCBrowser/11.2.0.915 U3/0.8.0 Mobile Safari/534.30"
106.208.102.109 - - [26/May/2017:06:47:41 +0530] "GET /images/bulllet2.gif HTTP/1.1" 200 58 "http://www.cdmindia.gov.in/project_details_view.php?id=1698" "Mozilla/5.0 (Linux; U; Android 5.1.1; en-US; SM-J200G Build/LMY47X) AppleWebKit/534.30 (KHTML, like Gecko) Version/4.0 UCBrowser/11.2.0.915 U3/0.8.0 Mobile Safari/534.30"
106.208.102.109 - - [26/May/2017:06:47:55 +0530] "GET /images/fdm.jpg HTTP/1.1" 200 2043 "http://www.cdmindia.gov.in/project_details_view.php?id=1698" "Mozilla/5.0 (Linux; U; Android 5.1.1; en-US; SM-J200G Build/LMY47X) AppleWebKit/534.30 (KHTML, like Gecko) Version/4.0 UCBrowser/11.2.0.915 U3/0.8.0 Mobile Safari/534.30"
106.208.102.109 - - [26/May/2017:06:47:55 +0530] "GET /images/gtz.jpg HTTP/1.1" 200 15484 "http://www.cdmindia.gov.in/project_details_view.php?id=1698" "Mozilla/5.0 (Linux; U; Android 5.1.1; en-US; SM-J200G Build/LMY47X) AppleWebKit/534.30 (KHTML, like Gecko) Version/4.0 UCBrowser/11.2.0.915 U3/0.8.0 Mobile Safari/534.30"
106.208.102.109 - - [26/May/2017:06:47:59 +0530] "GET /images/img1.jpg HTTP/1.1" 200 1251 "http://www.cdmindia.gov.in/project_details_view.php?id=1698" "Mozilla/5.0 (Linux; U; Android 5.1.1; en-US; SM-J200G Build/LMY47X) AppleWebKit/534.30 (KHTML, like Gecko) Version/4.0 UCBrowser/11.2.0.915 U3/0.8.0 Mobile Safari/534.30"
106.208.102.109 - - [26/May/2017:06:48:01 +0530] "GET /images/fbg.jpg HTTP/1.1" 200 325 "http://www.cdmindia.gov.in/project_details_view.php?id=1698" "Mozilla/5.0 (Linux; U; Android 5.1.1; en-US; SM-J200G Build/LMY47X) AppleWebKit/534.30 (KHTML, like Gecko) Version/4.0 UCBrowser/11.2.0.915 U3/0.8.0 Mobile Safari/534.30"
106.208.102.109 - - [26/May/2017:06:48:02 +0530] "GET /images/bullet4.gif HTTP/1.1" 200 67 "http://www.cdmindia.gov.in/project_details_view.php?id=1698" "Mozilla/5.0 (Linux; U; Android 5.1.1; en-US; SM-J200G Build/LMY47X) AppleWebKit/534.30 (KHTML, like Gecko) Version/4.0 UCBrowser/11.2.0.915 U3/0.8.0 Mobile Safari/534.30"
106.208.102.109 - - [26/May/2017:06:48:03 +0530] "GET /images/favicon.ico HTTP/1.1" 200 1406 "http://www.cdmindia.gov.in/project_details_view.php?id=1698" "Mozilla/5.0 (Linux; U; Android 5.1.1; en-US; SM-J200G Build/LMY47X) AppleWebKit/534.30 (KHTML, like Gecko) Version/4.0 UCBrowser/11.2.0.915 U3/0.8.0 Mobile Safari/534.30"
54.197.39.49 - - [26/May/2017:06:48:39 +0530] "GET / HTTP/1.1" 200 19479 "-" "Mozilla/5.0 (X11; Linux x86_64) AppleWebKit/537.36 (KHTML, like Gecko) Chrome/43.0.2357.134 Safari/537.36 http://notifyninja.com/monitoring"
207.46.13.77 - - [26/May/2017:06:48:56 +0530] "GET /sitemap.php HTTP/1.1" 200 18468 "-" "Mozilla/5.0 (compatible; bingbot/2.0; +http://www.bing.com/bingbot.htm)"
207.46.13.77 - - [26/May/2017:06:48:57 +0530] "GET /project_details_view.php?id=723 HTTP/1.1" 200 14980 "-" "Mozilla/5.0 (compatible; bingbot/2.0; +http://www.bing.com/bingbot.htm)"
157.55.39.13 - - [26/May/2017:06:48:57 +0530] "GET /robots.txt HTTP/1.1" 404 208 "-" "Mozilla/5.0 (compatible; bingbot/2.0; +http://www.bing.com/bingbot.htm)"
207.46.13.77 - - [26/May/2017:06:50:38 +0530] "GET /capacity_building.php HTTP/1.1" 200 19185 "-" "Mozilla/5.0 (compatible; bingbot/2.0; +http://www.bing.com/bingbot.htm)"
157.55.39.227 - - [26/May/2017:06:55:41 +0530] "GET /index.php HTTP/1.1" 200 19479 "-" "Mozilla/5.0 (compatible; bingbot/2.0; +http://www.bing.com/bingbot.htm)"
157.55.39.13 - - [26/May/2017:06:56:48 +0530] "GET /robots.txt HTTP/1.1" 404 208 "-" "Mozilla/5.0 (compatible; bingbot/2.0; +http://www.bing.com/bingbot.htm)"
157.55.39.13 - - [26/May/2017:06:56:48 +0530] "GET /robots.txt HTTP/1.1" 404 208 "-" "Mozilla/5.0 (compatible; bingbot/2.0; +http://www.bing.com/bingbot.htm)"
157.55.39.227 - - [26/May/2017:06:56:53 +0530] "GET /downloads/Existing%20PCN.doc HTTP/1.1" 200 114176 "-" "Mozilla/5.0 (compatible; bingbot/2.0; +http://www.bing.com/bingbot.htm)"
66.249.79.79 - - [26/May/2017:06:58:21 +0530] "GET /project_details_view.php?id=910 HTTP/1.1" 200 14729 "-" "Mozilla/5.0 (compatible; Googlebot/2.1; +http://www.google.com/bot.html)"
207.46.13.77 - - [26/May/2017:06:58:33 +0530] "GET /detail_news.php?id=18 HTTP/1.1" 302 18712 "-" "Mozilla/5.0 (compatible; bingbot/2.0; +http://www.bing.com/bingbot.htm)"
207.46.13.77 - - [26/May/2017:06:58:34 +0530] "GET /logout.php HTTP/1.1" 302 369 "-" "Mozilla/5.0 (compatible; bingbot/2.0; +http://www.bing.com/bingbot.htm)"
207.46.13.77 - - [26/May/2017:06:58:35 +0530] "GET /index.php HTTP/1.1" 200 19479 "-" "Mozilla/5.0 (compatible; bingbot/2.0; +http://www.bing.com/bingbot.htm)"
90.57.147.71 - - [26/May/2017:07:02:59 +0530] "GET /robots.txt HTTP/1.1" 404 208 "-" "Java/1.8.0_101"
41.82.107.183 - - [26/May/2017:07:05:01 +0530] "GET /approved_projects.php?n=1 HTTP/1.1" 200 16641 "-" "Mozilla/4.0 (compatible; MSIE 5.0; Windows NT; DigExt; DTS Agent"
41.82.107.183 - - [26/May/2017:07:05:00 +0530] "GET /approval_process.php HTTP/1.1" 200 25911 "-" "Mozilla/4.0 (compatible; MSIE 5.0; Windows NT; DigExt; DTS Agent"
41.82.107.183 - - [26/May/2017:07:05:00 +0530] "GET /aboutus.php HTTP/1.1" 200 19596 "-" "Mozilla/4.0 (compatible; MSIE 5.0; Windows NT; DigExt; DTS Agent"
41.82.107.183 - - [26/May/2017:07:05:00 +0530] "GET /capacity_building.php HTTP/1.1" 200 19185 "-" "Mozilla/4.0 (compatible; MSIE 5.0; Windows NT; DigExt; DTS Agent"
41.82.107.183 - - [26/May/2017:07:05:02 +0530] "GET /detail_events.php?id= HTTP/1.1" 302 16737 "-" "Mozilla/4.0 (compatible; MSIE 5.0; Windows NT; DigExt; DTS Agent"
41.82.107.183 - - [26/May/2017:07:05:01 +0530] "GET /detail_news.php?id=20 HTTP/1.1" 302 18265 "-" "Mozilla/4.0 (compatible; MSIE 5.0; Windows NT; DigExt; DTS Agent"
41.82.107.183 - - [26/May/2017:07:05:02 +0530] "GET /detail_news.php?id=18 HTTP/1.1" 302 18712 "-" "Mozilla/4.0 (compatible; MSIE 5.0; Windows NT; DigExt; DTS Agent"
41.82.107.183 - - [26/May/2017:07:05:03 +0530] "GET /detail_news.php?id=19 HTTP/1.1" 302 19081 "-" "Mozilla/4.0 (compatible; MSIE 5.0; Windows NT; DigExt; DTS Agent"
41.82.107.183 - - [26/May/2017:07:05:04 +0530] "GET /contactus.php HTTP/1.1" 200 18291 "-" "Mozilla/4.0 (compatible; MSIE 5.0; Windows NT; DigExt; DTS Agent"
41.82.107.183 - - [26/May/2017:07:05:03 +0530] "GET /downloads/New%20PCN.doc HTTP/1.1" 200 435200 "-" "Mozilla/4.0 (compatible; MSIE 5.0; Windows NT; DigExt; DTS Agent"
41.82.107.183 - - [26/May/2017:07:05:03 +0530] "GET /downloads/Carbon%20Market%20Roadmap.pdf HTTP/1.1" 200 4344697 "-" "Mozilla/4.0 (compatible; MSIE 5.0; Windows NT; DigExt; DTS Agent"
41.82.107.183 - - [26/May/2017:07:05:03 +0530] "GET /downloads/Existing%20PCN.doc HTTP/1.1" 200 114176 "-" "Mozilla/4.0 (compatible; MSIE 5.0; Windows NT; DigExt; DTS Agent"
41.82.107.183 - - [26/May/2017:07:05:04 +0530] "GET /downloads/Template_sharing%202Percent.doc HTTP/1.1" 200 73728 "-" "Mozilla/4.0 (compatible; MSIE 5.0; Windows NT; DigExt; DTS Agent"
41.82.107.183 - - [26/May/2017:07:05:04 +0530] "GET /images/NCDMA%20PCN%20Format%2017072009.doc HTTP/1.1" 200 114176 "-" "Mozilla/4.0 (compatible; MSIE 5.0; Windows NT; DigExt; DTS Agent"
41.82.107.183 - - [26/May/2017:07:05:05 +0530] "GET /login_verify.php HTTP/1.1" 200 49 "-" "Mozilla/4.0 (compatible; MSIE 5.0; Windows NT; DigExt; DTS Agent"
41.82.107.183 - - [26/May/2017:07:05:05 +0530] "GET /imp_links.php HTTP/1.1" 200 17833 "-" "Mozilla/4.0 (compatible; MSIE 5.0; Windows NT; DigExt; DTS Agent"
41.82.107.183 - - [26/May/2017:07:05:05 +0530] "GET /future_projects.php HTTP/1.1" 302 26209 "-" "Mozilla/4.0 (compatible; MSIE 5.0; Windows NT; DigExt; DTS Agent"
41.82.107.183 - - [26/May/2017:07:05:03 +0530] "GET /downloads/Comparision%20of%20PCN_30.03.doc HTTP/1.1" 200 49664 "-" "Mozilla/4.0 (compatible; MSIE 5.0; Windows NT; DigExt; DTS Agent"
41.82.107.183 - - [26/May/2017:07:05:05 +0530] "GET /index.php HTTP/1.1" 200 19479 "-" "Mozilla/4.0 (compatible; MSIE 5.0; Windows NT; DigExt; DTS Agent"
41.82.107.183 - - [26/May/2017:07:05:05 +0530] "GET /news_more.php HTTP/1.1" 200 21060 "-" "Mozilla/4.0 (compatible; MSIE 5.0; Windows NT; DigExt; DTS Agent"
41.82.107.183 - - [26/May/2017:07:05:06 +0530] "GET /sitemap.php HTTP/1.1" 200 18468 "-" "Mozilla/4.0 (compatible; MSIE 5.0; Windows NT; DigExt; DTS Agent"
41.82.107.183 - - [26/May/2017:07:05:06 +0530] "GET /reports_new.php?n=1 HTTP/1.1" 200 22410 "-" "Mozilla/4.0 (compatible; MSIE 5.0; Windows NT; DigExt; DTS Agent"
41.82.107.183 - - [26/May/2017:07:05:06 +0530] "GET /registration.php HTTP/1.1" 302 28528 "-" "Mozilla/4.0 (compatible; MSIE 5.0; Windows NT; DigExt; DTS Agent"
41.82.107.183 - - [26/May/2017:07:05:00 +0530] "GET /constitution.php HTTP/1.1" 200 23668 "-" "Mozilla/4.0 (compatible; MSIE 5.0; Windows NT; DigExt; DTS Agent"
41.82.107.183 - - [26/May/2017:07:05:07 +0530] "GET /images/NCDMA%20PCN%20Format%2001052009.doc HTTP/1.1" 200 92160 "-" "Mozilla/4.0 (compatible; MSIE 5.0; Windows NT; DigExt; DTS Agent"
202.46.49.140 - - [26/May/2017:07:08:09 +0530] "GET /project_details_view.php?id=1393 HTTP/1.1" 200 15301 "-" "Mozilla/5.0 (Windows NT 10.0; WOW64) AppleWebKit/537.36 (KHTML, like Gecko) Chrome/45.0.2454.93 Safari/537.36"
207.46.13.77 - - [26/May/2017:07:10:18 +0530] "GET /imp_links.php HTTP/1.1" 200 17833 "-" "Mozilla/5.0 (compatible; bingbot/2.0; +http://www.bing.com/bingbot.htm)"
157.55.39.227 - - [26/May/2017:07:11:20 +0530] "GET /index.php HTTP/1.1" 200 19479 "-" "Mozilla/5.0 (compatible; bingbot/2.0; +http://www.bing.com/bingbot.htm)"
66.249.79.131 - - [26/May/2017:07:12:21 +0530] "GET /project_details_view.php?id=1202&oid=1&page=29&reporttype=1 HTTP/1.1" 200 14798 "-" "Mozilla/5.0 (compatible; Googlebot/2.1; +http://www.google.com/bot.html)"
207.46.13.77 - - [26/May/2017:07:12:51 +0530] "GET /aboutus.php HTTP/1.1" 200 19596 "-" "Mozilla/5.0 (compatible; bingbot/2.0; +http://www.bing.com/bingbot.htm)"
157.55.39.227 - - [26/May/2017:07:15:35 +0530] "GET /project_details_view.php?id=1565 HTTP/1.1" 200 13746 "-" "Mozilla/5.0 (compatible; bingbot/2.0; +http://www.bing.com/bingbot.htm)"
60.240.82.150 - - [26/May/2017:07:17:04 +0530] "GET /project_details_view.php?id=63 HTTP/1.1" 200 14615 "https://www.google.com.au/" "Mozilla/5.0 (Windows NT 10.0; Win64; x64) AppleWebKit/537.36 (KHTML, like Gecko) Chrome/58.0.3029.110 Safari/537.36"
60.240.82.150 - - [26/May/2017:07:17:05 +0530] "GET /includes/ncdma.css HTTP/1.1" 200 13023 "http://www.cdmindia.gov.in/project_details_view.php?id=63" "Mozilla/5.0 (Windows NT 10.0; Win64; x64) AppleWebKit/537.36 (KHTML, like Gecko) Chrome/58.0.3029.110 Safari/537.36"
60.240.82.150 - - [26/May/2017:07:17:06 +0530] "GET /ncdma.css HTTP/1.1" 200 12640 "http://www.cdmindia.gov.in/project_details_view.php?id=63" "Mozilla/5.0 (Windows NT 10.0; Win64; x64) AppleWebKit/537.36 (KHTML, like Gecko) Chrome/58.0.3029.110 Safari/537.36"
60.240.82.150 - - [26/May/2017:07:17:06 +0530] "GET /Scripts/AC_RunActiveContent.js HTTP/1.1" 200 8321 "http://www.cdmindia.gov.in/project_details_view.php?id=63" "Mozilla/5.0 (Windows NT 10.0; Win64; x64) AppleWebKit/537.36 (KHTML, like Gecko) Chrome/58.0.3029.110 Safari/537.36"
60.240.82.150 - - [26/May/2017:07:17:08 +0530] "GET /images/fdm.jpg HTTP/1.1" 200 2043 "http://www.cdmindia.gov.in/project_details_view.php?id=63" "Mozilla/5.0 (Windows NT 10.0; Win64; x64) AppleWebKit/537.36 (KHTML, like Gecko) Chrome/58.0.3029.110 Safari/537.36"
60.240.82.150 - - [26/May/2017:07:17:08 +0530] "GET /images/fbg.jpg HTTP/1.1" 200 325 "http://www.cdmindia.gov.in/project_details_view.php?id=63" "Mozilla/5.0 (Windows NT 10.0; Win64; x64) AppleWebKit/537.36 (KHTML, like Gecko) Chrome/58.0.3029.110 Safari/537.36"
60.240.82.150 - - [26/May/2017:07:17:08 +0530] "GET /images/img1.jpg HTTP/1.1" 200 1251 "http://www.cdmindia.gov.in/project_details_view.php?id=63" "Mozilla/5.0 (Windows NT 10.0; Win64; x64) AppleWebKit/537.36 (KHTML, like Gecko) Chrome/58.0.3029.110 Safari/537.36"
60.240.82.150 - - [26/May/2017:07:17:09 +0530] "GET /images/gtz.jpg HTTP/1.1" 200 15484 "http://www.cdmindia.gov.in/project_details_view.php?id=63" "Mozilla/5.0 (Windows NT 10.0; Win64; x64) AppleWebKit/537.36 (KHTML, like Gecko) Chrome/58.0.3029.110 Safari/537.36"
60.240.82.150 - - [26/May/2017:07:17:09 +0530] "GET /images/img2.jpg HTTP/1.1" 200 16276 "http://www.cdmindia.gov.in/project_details_view.php?id=63" "Mozilla/5.0 (Windows NT 10.0; Win64; x64) AppleWebKit/537.36 (KHTML, like Gecko) Chrome/58.0.3029.110 Safari/537.36"
60.240.82.150 - - [26/May/2017:07:17:10 +0530] "GET /images/spacer.gif HTTP/1.1" 200 43 "http://www.cdmindia.gov.in/project_details_view.php?id=63" "Mozilla/5.0 (Windows NT 10.0; Win64; x64) AppleWebKit/537.36 (KHTML, like Gecko) Chrome/58.0.3029.110 Safari/537.36"
60.240.82.150 - - [26/May/2017:07:17:10 +0530] "GET /images/bullet1.gif HTTP/1.1" 200 67 "http://www.cdmindia.gov.in/project_details_view.php?id=63" "Mozilla/5.0 (Windows NT 10.0; Win64; x64) AppleWebKit/537.36 (KHTML, like Gecko) Chrome/58.0.3029.110 Safari/537.36"
60.240.82.150 - - [26/May/2017:07:17:10 +0530] "GET /images/bulllet2.gif HTTP/1.1" 200 58 "http://www.cdmindia.gov.in/project_details_view.php?id=63" "Mozilla/5.0 (Windows NT 10.0; Win64; x64) AppleWebKit/537.36 (KHTML, like Gecko) Chrome/58.0.3029.110 Safari/537.36"
60.240.82.150 - - [26/May/2017:07:17:10 +0530] "GET /images/img3.jpg HTTP/1.1" 200 26957 "http://www.cdmindia.gov.in/project_details_view.php?id=63" "Mozilla/5.0 (Windows NT 10.0; Win64; x64) AppleWebKit/537.36 (KHTML, like Gecko) Chrome/58.0.3029.110 Safari/537.36"
60.240.82.150 - - [26/May/2017:07:17:11 +0530] "GET /images/bullet4.gif HTTP/1.1" 200 67 "http://www.cdmindia.gov.in/project_details_view.php?id=63" "Mozilla/5.0 (Windows NT 10.0; Win64; x64) AppleWebKit/537.36 (KHTML, like Gecko) Chrome/58.0.3029.110 Safari/537.36"
60.240.82.150 - - [26/May/2017:07:17:13 +0530] "GET /favicon.ico HTTP/1.1" 200 1189 "http://www.cdmindia.gov.in/project_details_view.php?id=63" "Mozilla/5.0 (Windows NT 10.0; Win64; x64) AppleWebKit/537.36 (KHTML, like Gecko) Chrome/58.0.3029.110 Safari/537.36"
66.249.79.129 - - [26/May/2017:07:17:32 +0530] "GET /reports_list_details.php?id=tubkayrstf&reporttype=&page=77 HTTP/1.1" 200 22362 "-" "Mozilla/5.0 (compatible; Googlebot/2.1; +http://www.google.com/bot.html)"
207.46.13.77 - - [26/May/2017:07:17:54 +0530] "GET /detail_events.php?id= HTTP/1.1" 302 16737 "-" "Mozilla/5.0 (compatible; bingbot/2.0; +http://www.bing.com/bingbot.htm)"
207.46.13.77 - - [26/May/2017:07:17:56 +0530] "GET /logout.php HTTP/1.1" 302 369 "-" "Mozilla/5.0 (compatible; bingbot/2.0; +http://www.bing.com/bingbot.htm)"
207.46.13.77 - - [26/May/2017:07:17:57 +0530] "GET /index.php HTTP/1.1" 200 19479 "-" "Mozilla/5.0 (compatible; bingbot/2.0; +http://www.bing.com/bingbot.htm)"
40.77.167.130 - - [26/May/2017:07:22:16 +0530] "GET /detail_news.php?id=20 HTTP/1.1" 302 18265 "-" "Mozilla/5.0 (compatible; bingbot/2.0; +http://www.bing.com/bingbot.htm)"
40.77.167.130 - - [26/May/2017:07:22:16 +0530] "GET /logout.php HTTP/1.1" 302 369 "-" "Mozilla/5.0 (compatible; bingbot/2.0; +http://www.bing.com/bingbot.htm)"
40.77.167.130 - - [26/May/2017:07:22:17 +0530] "GET /index.php HTTP/1.1" 200 19479 "-" "Mozilla/5.0 (compatible; bingbot/2.0; +http://www.bing.com/bingbot.htm)"
66.249.79.91 - - [26/May/2017:07:22:43 +0530] "GET / HTTP/1.1" 200 19479 "-" "Mozilla/5.0 (Linux; Android 6.0.1; Nexus 5X Build/MMB29P) AppleWebKit/537.36 (KHTML, like Gecko) Chrome/41.0.2272.96 Mobile Safari/537.36 (compatible; Googlebot/2.1; +http://www.google.com/bot.html)"
90.57.235.139 - - [26/May/2017:07:24:12 +0530] "GET /robots.txt HTTP/1.1" 404 208 "-" "Java/1.8.0_101"
60.240.82.150 - - [26/May/2017:07:24:19 +0530] "GET /images/NCDMA%20PCN%20Format%2017072009.doc HTTP/1.1" 200 114176 "http://www.cdmindia.gov.in/project_details_view.php?id=63" "Mozilla/5.0 (Windows NT 10.0; Win64; x64) AppleWebKit/537.36 (KHTML, like Gecko) Chrome/58.0.3029.110 Safari/537.36"
60.240.82.150 - - [26/May/2017:07:24:48 +0530] "GET /capacity_building.php HTTP/1.1" 200 19185 "http://www.cdmindia.gov.in/project_details_view.php?id=63" "Mozilla/5.0 (Windows NT 10.0; Win64; x64) AppleWebKit/537.36 (KHTML, like Gecko) Chrome/58.0.3029.110 Safari/537.36"
60.240.82.150 - - [26/May/2017:07:24:49 +0530] "GET /js/index_validations.js HTTP/1.1" 200 3143 "http://www.cdmindia.gov.in/capacity_building.php" "Mozilla/5.0 (Windows NT 10.0; Win64; x64) AppleWebKit/537.36 (KHTML, like Gecko) Chrome/58.0.3029.110 Safari/537.36"
60.240.82.150 - - [26/May/2017:07:24:50 +0530] "GET /images/login1.jpg HTTP/1.1" 200 618 "http://www.cdmindia.gov.in/capacity_building.php" "Mozilla/5.0 (Windows NT 10.0; Win64; x64) AppleWebKit/537.36 (KHTML, like Gecko) Chrome/58.0.3029.110 Safari/537.36"
60.240.82.150 - - [26/May/2017:07:24:50 +0530] "GET /images/login.jpg HTTP/1.1" 200 1044 "http://www.cdmindia.gov.in/capacity_building.php" "Mozilla/5.0 (Windows NT 10.0; Win64; x64) AppleWebKit/537.36 (KHTML, like Gecko) Chrome/58.0.3029.110 Safari/537.36"
60.240.82.150 - - [26/May/2017:07:24:50 +0530] "GET /images/bullet3.gif HTTP/1.1" 200 58 "http://www.cdmindia.gov.in/capacity_building.php" "Mozilla/5.0 (Windows NT 10.0; Win64; x64) AppleWebKit/537.36 (KHTML, like Gecko) Chrome/58.0.3029.110 Safari/537.36"
60.240.82.150 - - [26/May/2017:07:24:50 +0530] "GET /images/fe.jpg HTTP/1.1" 200 1429 "http://www.cdmindia.gov.in/capacity_building.php" "Mozilla/5.0 (Windows NT 10.0; Win64; x64) AppleWebKit/537.36 (KHTML, like Gecko) Chrome/58.0.3029.110 Safari/537.36"
60.240.82.150 - - [26/May/2017:07:24:50 +0530] "GET /images/h_cb.jpg HTTP/1.1" 200 22394 "http://www.cdmindia.gov.in/capacity_building.php" "Mozilla/5.0 (Windows NT 10.0; Win64; x64) AppleWebKit/537.36 (KHTML, like Gecko) Chrome/58.0.3029.110 Safari/537.36"
60.240.82.150 - - [26/May/2017:07:25:04 +0530] "GET /project_details_view.php?id=63 HTTP/1.1" 200 14615 "https://www.google.com.au/" "Mozilla/5.0 (Windows NT 10.0; Win64; x64) AppleWebKit/537.36 (KHTML, like Gecko) Chrome/58.0.3029.110 Safari/537.36"
60.240.82.150 - - [26/May/2017:07:25:19 +0530] "GET /approved_projects.php?n=1 HTTP/1.1" 200 16641 "http://www.cdmindia.gov.in/project_details_view.php?id=63" "Mozilla/5.0 (Windows NT 10.0; Win64; x64) AppleWebKit/537.36 (KHTML, like Gecko) Chrome/58.0.3029.110 Safari/537.36"
60.240.82.150 - - [26/May/2017:07:25:20 +0530] "GET /js/datepicker/latest_datepicker.css HTTP/1.1" 200 2283 "http://www.cdmindia.gov.in/approved_projects.php?n=1" "Mozilla/5.0 (Windows NT 10.0; Win64; x64) AppleWebKit/537.36 (KHTML, like Gecko) Chrome/58.0.3029.110 Safari/537.36"
60.240.82.150 - - [26/May/2017:07:25:20 +0530] "GET /js/datepicker/latest_demo.css HTTP/1.1" 200 574 "http://www.cdmindia.gov.in/approved_projects.php?n=1" "Mozilla/5.0 (Windows NT 10.0; Win64; x64) AppleWebKit/537.36 (KHTML, like Gecko) Chrome/58.0.3029.110 Safari/537.36"
60.240.82.150 - - [26/May/2017:07:25:19 +0530] "GET /js/jquery.js HTTP/1.1" 200 55774 "http://www.cdmindia.gov.in/approved_projects.php?n=1" "Mozilla/5.0 (Windows NT 10.0; Win64; x64) AppleWebKit/537.36 (KHTML, like Gecko) Chrome/58.0.3029.110 Safari/537.36"
60.240.82.150 - - [26/May/2017:07:25:20 +0530] "GET /js/datepicker/latest_date.js HTTP/1.1" 200 11986 "http://www.cdmindia.gov.in/approved_projects.php?n=1" "Mozilla/5.0 (Windows NT 10.0; Win64; x64) AppleWebKit/537.36 (KHTML, like Gecko) Chrome/58.0.3029.110 Safari/537.36"
60.240.82.150 - - [26/May/2017:07:25:20 +0530] "GET /js/datepicker/latest_jquery.datePicker.js HTTP/1.1" 200 37423 "http://www.cdmindia.gov.in/approved_projects.php?n=1" "Mozilla/5.0 (Windows NT 10.0; Win64; x64) AppleWebKit/537.36 (KHTML, like Gecko) Chrome/58.0.3029.110 Safari/537.36"
60.240.82.150 - - [26/May/2017:07:25:22 +0530] "GET /js/datepicker/calendar.gif HTTP/1.1" 200 235 "http://www.cdmindia.gov.in/js/datepicker/latest_demo.css" "Mozilla/5.0 (Windows NT 10.0; Win64; x64) AppleWebKit/537.36 (KHTML, like Gecko) Chrome/58.0.3029.110 Safari/537.36"
60.240.82.150 - - [26/May/2017:07:25:25 +0530] "GET /imp_links.php HTTP/1.1" 200 17833 "http://www.cdmindia.gov.in/approved_projects.php?n=1" "Mozilla/5.0 (Windows NT 10.0; Win64; x64) AppleWebKit/537.36 (KHTML, like Gecko) Chrome/58.0.3029.110 Safari/537.36"
60.240.82.150 - - [26/May/2017:07:25:26 +0530] "GET /images/h_il.jpg HTTP/1.1" 200 22106 "http://www.cdmindia.gov.in/imp_links.php" "Mozilla/5.0 (Windows NT 10.0; Win64; x64) AppleWebKit/537.36 (KHTML, like Gecko) Chrome/58.0.3029.110 Safari/537.36"
90.28.51.191 - - [26/May/2017:07:28:14 +0530] "GET /robots.txt HTTP/1.1" 404 208 "-" "Java/1.8.0_101"
202.46.54.26 - - [26/May/2017:07:28:56 +0530] "GET /project_details_view.php?id=2182 HTTP/1.1" 200 14209 "-" "Mozilla/5.0 (Windows NT 10.0; WOW64) AppleWebKit/537.36 (KHTML, like Gecko) Chrome/45.0.2454.93 Safari/537.36"
40.77.167.130 - - [26/May/2017:07:31:36 +0530] "GET /future_projects.php HTTP/1.1" 302 26209 "-" "Mozilla/5.0 (compatible; bingbot/2.0; +http://www.bing.com/bingbot.htm)"
40.77.167.130 - - [26/May/2017:07:31:37 +0530] "GET /logout.php HTTP/1.1" 302 369 "-" "Mozilla/5.0 (compatible; bingbot/2.0; +http://www.bing.com/bingbot.htm)"
40.77.167.130 - - [26/May/2017:07:31:38 +0530] "GET /index.php HTTP/1.1" 200 19479 "-" "Mozilla/5.0 (compatible; bingbot/2.0; +http://www.bing.com/bingbot.htm)"
66.249.79.83 - - [26/May/2017:07:32:44 +0530] "GET /project_details_view.php?id=1084&oid=1&page=32&reporttype=1 HTTP/1.1" 200 15327 "-" "Mozilla/5.0 (compatible; Googlebot/2.1; +http://www.google.com/bot.html)"
66.249.79.81 - - [26/May/2017:07:32:44 +0530] "GET /robots.txt HTTP/1.1" 404 208 "-" "Mozilla/5.0 (compatible; Googlebot/2.1; +http://www.google.com/bot.html)"
117.57.242.96 - - [26/May/2017:07:33:23 +0530] "GET /detail_news.php?id=3%20and%20char(124)%2Buser%2Bchar(124)=0 HTTP/1.1" 302 18396 "-" "Internet Explorer 6.0"
117.57.242.96 - - [26/May/2017:07:33:24 +0530] "GET /logout.php HTTP/1.1" 302 369 "-" "Internet Explorer 6.0"
117.57.242.96 - - [26/May/2017:07:33:25 +0530] "GET /index.php HTTP/1.1" 200 19479 "-" "Internet Explorer 6.0"
60.240.82.150 - - [26/May/2017:07:35:21 +0530] "GET /project_details_view.php?id=63 HTTP/1.1" 200 14615 "https://www.google.com.au/" "Mozilla/5.0 (Windows NT 10.0; Win64; x64) AppleWebKit/537.36 (KHTML, like Gecko) Chrome/58.0.3029.110 Safari/537.36"
40.77.167.130 - - [26/May/2017:07:38:15 +0530] "GET /downloads/Carbon%20Market%20Roadmap.pdf HTTP/1.1" 200 4344697 "-" "Mozilla/5.0 (iPhone; CPU iPhone OS 7_0 like Mac OS X) AppleWebKit/537.51.1 (KHTML, like Gecko) Version/7.0 Mobile/11A465 Safari/9537.53 (compatible; bingbot/2.0; +http://www.bing.com/bingbot.htm)"
51.255.65.42 - - [26/May/2017:07:47:23 +0530] "GET /approval_process.php HTTP/1.1" 200 25911 "-" "Mozilla/5.0 (compatible; AhrefsBot/5.2; +http://ahrefs.com/robot/)"
202.46.54.71 - - [26/May/2017:07:49:43 +0530] "GET /project_details_view.php?id=826 HTTP/1.1" 200 14290 "-" "Mozilla/5.0 (Windows NT 10.0; WOW64) AppleWebKit/537.36 (KHTML, like Gecko) Chrome/45.0.2454.93 Safari/537.36"
41.82.107.183 - - [26/May/2017:07:49:59 +0530] "GET /approved_projects.php HTTP/1.1" 200 16641 "-" "Mozilla/4.0 (compatible; MSIE 5.0; Windows NT; DigExt; DTS Agent"
41.82.107.183 - - [26/May/2017:07:49:58 +0530] "GET /events_more.php HTTP/1.1" 200 16904 "-" "Mozilla/4.0 (compatible; MSIE 5.0; Windows NT; DigExt; DTS Agent"
41.82.107.183 - - [26/May/2017:07:49:59 +0530] "GET /reports_new.php HTTP/1.1" 200 22410 "-" "Mozilla/4.0 (compatible; MSIE 5.0; Windows NT; DigExt; DTS Agent"
41.82.107.183 - - [26/May/2017:07:50:01 +0530] "GET /detail_news.php?id=10 HTTP/1.1" 302 20218 "-" "Mozilla/4.0 (compatible; MSIE 5.0; Windows NT; DigExt; DTS Agent"
41.82.107.183 - - [26/May/2017:07:50:01 +0530] "GET /detail_news.php?id=11 HTTP/1.1" 302 18420 "-" "Mozilla/4.0 (compatible; MSIE 5.0; Windows NT; DigExt; DTS Agent"
41.82.107.183 - - [26/May/2017:07:50:01 +0530] "GET /detail_news.php?id=13 HTTP/1.1" 302 37747 "-" "Mozilla/4.0 (compatible; MSIE 5.0; Windows NT; DigExt; DTS Agent"
41.82.107.183 - - [26/May/2017:07:50:02 +0530] "GET /detail_news.php?id=16 HTTP/1.1" 302 18331 "-" "Mozilla/4.0 (compatible; MSIE 5.0; Windows NT; DigExt; DTS Agent"
41.82.107.183 - - [26/May/2017:07:50:02 +0530] "GET /detail_news.php?id=17 HTTP/1.1" 302 18569 "-" "Mozilla/4.0 (compatible; MSIE 5.0; Windows NT; DigExt; DTS Agent"
41.82.107.183 - - [26/May/2017:07:50:03 +0530] "GET /detail_news.php?id=4 HTTP/1.1" 302 19561 "-" "Mozilla/4.0 (compatible; MSIE 5.0; Windows NT; DigExt; DTS Agent"
41.82.107.183 - - [26/May/2017:07:50:03 +0530] "GET /detail_news.php?id=5 HTTP/1.1" 302 19149 "-" "Mozilla/4.0 (compatible; MSIE 5.0; Windows NT; DigExt; DTS Agent"
41.82.107.183 - - [26/May/2017:07:50:04 +0530] "GET /events_more.php HTTP/1.1" 200 16904 "-" "Mozilla/4.0 (compatible; MSIE 5.0; Windows NT; DigExt; DTS Agent"
41.82.107.183 - - [26/May/2017:07:50:04 +0530] "GET /detail_news.php?id=3 HTTP/1.1" 302 18396 "-" "Mozilla/4.0 (compatible; MSIE 5.0; Windows NT; DigExt; DTS Agent"
157.55.39.130 - - [26/May/2017:07:52:40 +0530] "GET /project_details_view.php?id=9 HTTP/1.1" 200 17175 "-" "Mozilla/5.0 (compatible; bingbot/2.0; +http://www.bing.com/bingbot.htm)"
66.249.79.83 - - [26/May/2017:07:53:14 +0530] "GET /project_details_view.php?id=1224&oid=1&page=29&reporttype=1 HTTP/1.1" 200 14660 "-" "Mozilla/5.0 (compatible; Googlebot/2.1; +http://www.google.com/bot.html)"
180.76.15.153 - - [26/May/2017:07:57:26 +0530] "GET / HTTP/1.1" 200 19479 "-" "Mozilla/5.0 (compatible; Baiduspider/2.0; +http://www.baidu.com/search/spider.html)"
66.249.79.81 - - [26/May/2017:07:58:14 +0530] "GET /project_details_view.php?id=1201&oid=1&page=29&reporttype=1 HTTP/1.1" 200 15271 "-" "Mozilla/5.0 (compatible; Googlebot/2.1; +http://www.google.com/bot.html)"
66.249.79.79 - - [26/May/2017:08:03:24 +0530] "GET /project_details_view.php?id=1216&oid=1&page=29&reporttype=1 HTTP/1.1" 200 13869 "-" "Mozilla/5.0 (compatible; Googlebot/2.1; +http://www.google.com/bot.html)"
112.79.181.8 - - [26/May/2017:08:03:41 +0530] "GET /project_details_view.php?id=800 HTTP/1.1" 200 14016 "https://www.google.co.in/" "Mozilla/5.0 (iPhone; CPU iPhone OS 10_3_2 like Mac OS X) AppleWebKit/603.2.4 (KHTML, like Gecko) Version/10.0 Mobile/14F89 Safari/602.1"
112.79.181.8 - - [26/May/2017:08:03:42 +0530] "GET /Scripts/AC_RunActiveContent.js HTTP/1.1" 200 8321 "http://www.cdmindia.gov.in/project_details_view.php?id=800" "Mozilla/5.0 (iPhone; CPU iPhone OS 10_3_2 like Mac OS X) AppleWebKit/603.2.4 (KHTML, like Gecko) Version/10.0 Mobile/14F89 Safari/602.1"
112.79.181.8 - - [26/May/2017:08:03:42 +0530] "GET /ncdma.css HTTP/1.1" 200 12640 "http://www.cdmindia.gov.in/project_details_view.php?id=800" "Mozilla/5.0 (iPhone; CPU iPhone OS 10_3_2 like Mac OS X) AppleWebKit/603.2.4 (KHTML, like Gecko) Version/10.0 Mobile/14F89 Safari/602.1"
112.79.181.8 - - [26/May/2017:08:03:42 +0530] "GET /includes/ncdma.css HTTP/1.1" 200 13023 "http://www.cdmindia.gov.in/project_details_view.php?id=800" "Mozilla/5.0 (iPhone; CPU iPhone OS 10_3_2 like Mac OS X) AppleWebKit/603.2.4 (KHTML, like Gecko) Version/10.0 Mobile/14F89 Safari/602.1"
112.79.181.8 - - [26/May/2017:08:03:42 +0530] "GET /images/img2.jpg HTTP/1.1" 200 16276 "http://www.cdmindia.gov.in/project_details_view.php?id=800" "Mozilla/5.0 (iPhone; CPU iPhone OS 10_3_2 like Mac OS X) AppleWebKit/603.2.4 (KHTML, like Gecko) Version/10.0 Mobile/14F89 Safari/602.1"
112.79.181.8 - - [26/May/2017:08:03:42 +0530] "GET /images/bullet1.gif HTTP/1.1" 200 67 "http://www.cdmindia.gov.in/project_details_view.php?id=800" "Mozilla/5.0 (iPhone; CPU iPhone OS 10_3_2 like Mac OS X) AppleWebKit/603.2.4 (KHTML, like Gecko) Version/10.0 Mobile/14F89 Safari/602.1"
112.79.181.8 - - [26/May/2017:08:03:42 +0530] "GET /images/spacer.gif HTTP/1.1" 200 43 "http://www.cdmindia.gov.in/project_details_view.php?id=800" "Mozilla/5.0 (iPhone; CPU iPhone OS 10_3_2 like Mac OS X) AppleWebKit/603.2.4 (KHTML, like Gecko) Version/10.0 Mobile/14F89 Safari/602.1"
112.79.181.8 - - [26/May/2017:08:03:42 +0530] "GET /images/bulllet2.gif HTTP/1.1" 200 58 "http://www.cdmindia.gov.in/project_details_view.php?id=800" "Mozilla/5.0 (iPhone; CPU iPhone OS 10_3_2 like Mac OS X) AppleWebKit/603.2.4 (KHTML, like Gecko) Version/10.0 Mobile/14F89 Safari/602.1"
112.79.181.8 - - [26/May/2017:08:03:42 +0530] "GET /images/img3.jpg HTTP/1.1" 200 26957 "http://www.cdmindia.gov.in/project_details_view.php?id=800" "Mozilla/5.0 (iPhone; CPU iPhone OS 10_3_2 like Mac OS X) AppleWebKit/603.2.4 (KHTML, like Gecko) Version/10.0 Mobile/14F89 Safari/602.1"
112.79.181.8 - - [26/May/2017:08:03:42 +0530] "GET /images/bullet4.gif HTTP/1.1" 200 67 "http://www.cdmindia.gov.in/project_details_view.php?id=800" "Mozilla/5.0 (iPhone; CPU iPhone OS 10_3_2 like Mac OS X) AppleWebKit/603.2.4 (KHTML, like Gecko) Version/10.0 Mobile/14F89 Safari/602.1"
112.79.181.8 - - [26/May/2017:08:03:42 +0530] "GET /images/fdm.jpg HTTP/1.1" 200 2043 "http://www.cdmindia.gov.in/project_details_view.php?id=800" "Mozilla/5.0 (iPhone; CPU iPhone OS 10_3_2 like Mac OS X) AppleWebKit/603.2.4 (KHTML, like Gecko) Version/10.0 Mobile/14F89 Safari/602.1"
112.79.181.8 - - [26/May/2017:08:03:42 +0530] "GET /images/gtz.jpg HTTP/1.1" 200 15484 "http://www.cdmindia.gov.in/project_details_view.php?id=800" "Mozilla/5.0 (iPhone; CPU iPhone OS 10_3_2 like Mac OS X) AppleWebKit/603.2.4 (KHTML, like Gecko) Version/10.0 Mobile/14F89 Safari/602.1"
