8.37.233.184 - - [03/Jun/2017:07:14:31 +0530] "GET /images/spacer.gif HTTP/1.1" 304 - "http://www.cdmindia.gov.in/project_details_view.php?id=764" "Mozilla/5.0 (Linux; U; Android 4.4.2; en-US; Penta_WS704D Build/KOT49H) AppleWebKit/534.30 (KHTML, like Gecko) Version/4.0 UCBrowser/11.3.0.950 U3/0.8.0 Mobile Safari/534.30"
8.37.233.184 - - [03/Jun/2017:07:14:31 +0530] "GET /images/bullet4.gif HTTP/1.1" 304 - "http://www.cdmindia.gov.in/project_details_view.php?id=764" "Mozilla/5.0 (Linux; U; Android 4.4.2; en-US; Penta_WS704D Build/KOT49H) AppleWebKit/534.30 (KHTML, like Gecko) Version/4.0 UCBrowser/11.3.0.950 U3/0.8.0 Mobile Safari/534.30"
8.37.233.184 - - [03/Jun/2017:07:14:31 +0530] "GET /images/img3.jpg HTTP/1.1" 200 26957 "http://www.cdmindia.gov.in/project_details_view.php?id=764" "Mozilla/5.0 (Linux; U; Android 4.4.2; en-US; Penta_WS704D Build/KOT49H) AppleWebKit/534.30 (KHTML, like Gecko) Version/4.0 UCBrowser/11.3.0.950 U3/0.8.0 Mobile Safari/534.30"
8.37.233.184 - - [03/Jun/2017:07:14:32 +0530] "GET /images/img1.jpg HTTP/1.1" 200 1251 "http://www.cdmindia.gov.in/project_details_view.php?id=764" "Mozilla/5.0 (Linux; U; Android 4.4.2; en-US; Penta_WS704D Build/KOT49H) AppleWebKit/534.30 (KHTML, like Gecko) Version/4.0 UCBrowser/11.3.0.950 U3/0.8.0 Mobile Safari/534.30"
8.37.233.184 - - [03/Jun/2017:07:14:33 +0530] "GET /images/favicon.ico HTTP/1.1" 200 1406 "http://www.cdmindia.gov.in/project_details_view.php?id=764" "Mozilla/5.0 (Linux; U; Android 4.4.2; en-US; Penta_WS704D Build/KOT49H) AppleWebKit/534.30 (KHTML, like Gecko) Version/4.0 UCBrowser/11.3.0.950 U3/0.8.0 Mobile Safari/534.30"
207.46.13.103 - - [03/Jun/2017:07:20:17 +0530] "GET /future_projects.php HTTP/1.1" 302 26211 "-" "Mozilla/5.0 (compatible; bingbot/2.0; +http://www.bing.com/bingbot.htm)"
207.46.13.103 - - [03/Jun/2017:07:20:17 +0530] "GET /logout.php HTTP/1.1" 302 369 "-" "Mozilla/5.0 (compatible; bingbot/2.0; +http://www.bing.com/bingbot.htm)"
207.46.13.103 - - [03/Jun/2017:07:20:18 +0530] "GET /index.php HTTP/1.1" 200 19481 "-" "Mozilla/5.0 (compatible; bingbot/2.0; +http://www.bing.com/bingbot.htm)"
35.184.189.105 - - [03/Jun/2017:07:23:27 +0530] "GET /robots.txt HTTP/1.1" 404 208 "-" "ltx71 - (http://ltx71.com/)"
202.46.54.158 - - [03/Jun/2017:07:27:42 +0530] "GET /project_details_view_report.php?id=30 HTTP/1.1" 200 13081 "-" "Mozilla/5.0 (Windows NT 10.0; WOW64) AppleWebKit/537.36 (KHTML, like Gecko) Chrome/45.0.2454.93 Safari/537.36"
162.221.197.84 - - [03/Jun/2017:07:28:24 +0530] "GET /downloads/New%2520PCN.doc HTTP/1.1" 404 221 "http://www.google.com" "User-Agent:Mozilla/5.0 (Windows NT 5.1) AppleWebKit/535.1 (KHTML, like Gecko) Chrome/14.0.835.202 Safari/535.1"
90.0.20.64 - - [03/Jun/2017:07:29:04 +0530] "GET /robots.txt HTTP/1.1" 404 208 "-" "Java/1.8.0_101"
66.249.79.131 - - [03/Jun/2017:07:30:09 +0530] "GET /detail_news.php?id=5 HTTP/1.1" 302 19151 "-" "Mozilla/5.0 (Linux; Android 6.0.1; Nexus 5X Build/MMB29P) AppleWebKit/537.36 (KHTML, like Gecko) Chrome/41.0.2272.96 Mobile Safari/537.36 (compatible; Googlebot/2.1; +http://www.google.com/bot.html)"
66.249.79.129 - - [03/Jun/2017:07:30:10 +0530] "GET /logout.php HTTP/1.1" 302 369 "-" "Mozilla/5.0 (Linux; Android 6.0.1; Nexus 5X Build/MMB29P) AppleWebKit/537.36 (KHTML, like Gecko) Chrome/41.0.2272.96 Mobile Safari/537.36 (compatible; Googlebot/2.1; +http://www.google.com/bot.html)"
66.249.79.133 - - [03/Jun/2017:07:30:11 +0530] "GET /index.php HTTP/1.1" 200 19481 "-" "Mozilla/5.0 (Linux; Android 6.0.1; Nexus 5X Build/MMB29P) AppleWebKit/537.36 (KHTML, like Gecko) Chrome/41.0.2272.96 Mobile Safari/537.36 (compatible; Googlebot/2.1; +http://www.google.com/bot.html)"
47.11.12.244 - - [03/Jun/2017:07:31:51 +0530] "GET /ncdma.css HTTP/1.1" 200 12640 "https://www.google.co.in/search?q=rongnichu+hydro+power+project&sa=X&ved=0ahUKEwjZiKeSyaDUAhVEPY8KHeEVD5EQ1QIIrQEoAA&biw=360&bih=511" "Mozilla/5.0 (Linux; Android 5.1; HTC Desire 628 dual sim Build/LMY47D) AppleWebKit/537.36 (KHTML, like Gecko) Chrome/58.0.3029.83 Mobile Safari/537.36"
47.11.12.244 - - [03/Jun/2017:07:31:51 +0530] "GET /includes/ncdma.css HTTP/1.1" 200 13023 "https://www.google.co.in/search?q=rongnichu+hydro+power+project&sa=X&ved=0ahUKEwjZiKeSyaDUAhVEPY8KHeEVD5EQ1QIIrQEoAA&biw=360&bih=511" "Mozilla/5.0 (Linux; Android 5.1; HTC Desire 628 dual sim Build/LMY47D) AppleWebKit/537.36 (KHTML, like Gecko) Chrome/58.0.3029.83 Mobile Safari/537.36"
47.11.12.244 - - [03/Jun/2017:07:31:51 +0530] "GET /Scripts/AC_RunActiveContent.js HTTP/1.1" 200 8321 "https://www.google.co.in/search?q=rongnichu+hydro+power+project&sa=X&ved=0ahUKEwjZiKeSyaDUAhVEPY8KHeEVD5EQ1QIIrQEoAA&biw=360&bih=511" "Mozilla/5.0 (Linux; Android 5.1; HTC Desire 628 dual sim Build/LMY47D) AppleWebKit/537.36 (KHTML, like Gecko) Chrome/58.0.3029.83 Mobile Safari/537.36"
47.11.12.244 - - [03/Jun/2017:07:31:51 +0530] "GET /project_details_view.php?id=63 HTTP/1.1" 200 14617 "https://www.google.co.in/" "Mozilla/5.0 (Linux; Android 5.1; HTC Desire 628 dual sim Build/LMY47D) AppleWebKit/537.36 (KHTML, like Gecko) Chrome/58.0.3029.83 Mobile Safari/537.36"
47.11.12.244 - - [03/Jun/2017:07:31:52 +0530] "GET /images/bullet4.gif HTTP/1.1" 200 67 "http://www.cdmindia.gov.in/project_details_view.php?id=63" "Mozilla/5.0 (Linux; Android 5.1; HTC Desire 628 dual sim Build/LMY47D) AppleWebKit/537.36 (KHTML, like Gecko) Chrome/58.0.3029.83 Mobile Safari/537.36"
47.11.12.244 - - [03/Jun/2017:07:31:52 +0530] "GET /images/bulllet2.gif HTTP/1.1" 200 58 "http://www.cdmindia.gov.in/project_details_view.php?id=63" "Mozilla/5.0 (Linux; Android 5.1; HTC Desire 628 dual sim Build/LMY47D) AppleWebKit/537.36 (KHTML, like Gecko) Chrome/58.0.3029.83 Mobile Safari/537.36"
47.11.12.244 - - [03/Jun/2017:07:31:52 +0530] "GET /images/img1.jpg HTTP/1.1" 200 1251 "http://www.cdmindia.gov.in/project_details_view.php?id=63" "Mozilla/5.0 (Linux; Android 5.1; HTC Desire 628 dual sim Build/LMY47D) AppleWebKit/537.36 (KHTML, like Gecko) Chrome/58.0.3029.83 Mobile Safari/537.36"
47.11.12.244 - - [03/Jun/2017:07:31:52 +0530] "GET /images/fdm.jpg HTTP/1.1" 200 2043 "http://www.cdmindia.gov.in/project_details_view.php?id=63" "Mozilla/5.0 (Linux; Android 5.1; HTC Desire 628 dual sim Build/LMY47D) AppleWebKit/537.36 (KHTML, like Gecko) Chrome/58.0.3029.83 Mobile Safari/537.36"
47.11.12.244 - - [03/Jun/2017:07:31:52 +0530] "GET /images/img2.jpg HTTP/1.1" 200 16276 "http://www.cdmindia.gov.in/project_details_view.php?id=63" "Mozilla/5.0 (Linux; Android 5.1; HTC Desire 628 dual sim Build/LMY47D) AppleWebKit/537.36 (KHTML, like Gecko) Chrome/58.0.3029.83 Mobile Safari/537.36"
47.11.12.244 - - [03/Jun/2017:07:31:52 +0530] "GET /images/img3.jpg HTTP/1.1" 200 26957 "http://www.cdmindia.gov.in/project_details_view.php?id=63" "Mozilla/5.0 (Linux; Android 5.1; HTC Desire 628 dual sim Build/LMY47D) AppleWebKit/537.36 (KHTML, like Gecko) Chrome/58.0.3029.83 Mobile Safari/537.36"
47.11.12.244 - - [03/Jun/2017:07:31:52 +0530] "GET /images/fbg.jpg HTTP/1.1" 200 325 "http://www.cdmindia.gov.in/project_details_view.php?id=63" "Mozilla/5.0 (Linux; Android 5.1; HTC Desire 628 dual sim Build/LMY47D) AppleWebKit/537.36 (KHTML, like Gecko) Chrome/58.0.3029.83 Mobile Safari/537.36"
47.11.12.244 - - [03/Jun/2017:07:31:52 +0530] "GET /images/gtz.jpg HTTP/1.1" 200 15484 "http://www.cdmindia.gov.in/project_details_view.php?id=63" "Mozilla/5.0 (Linux; Android 5.1; HTC Desire 628 dual sim Build/LMY47D) AppleWebKit/537.36 (KHTML, like Gecko) Chrome/58.0.3029.83 Mobile Safari/537.36"
47.11.12.244 - - [03/Jun/2017:07:31:52 +0530] "GET /images/spacer.gif HTTP/1.1" 200 43 "http://www.cdmindia.gov.in/project_details_view.php?id=63" "Mozilla/5.0 (Linux; Android 5.1; HTC Desire 628 dual sim Build/LMY47D) AppleWebKit/537.36 (KHTML, like Gecko) Chrome/58.0.3029.83 Mobile Safari/537.36"
47.11.12.244 - - [03/Jun/2017:07:31:53 +0530] "GET /images/bullet1.gif HTTP/1.1" 200 67 "http://www.cdmindia.gov.in/project_details_view.php?id=63" "Mozilla/5.0 (Linux; Android 5.1; HTC Desire 628 dual sim Build/LMY47D) AppleWebKit/537.36 (KHTML, like Gecko) Chrome/58.0.3029.83 Mobile Safari/537.36"
47.11.12.244 - - [03/Jun/2017:07:31:53 +0530] "GET /favicon.ico HTTP/1.1" 200 1189 "http://www.cdmindia.gov.in/project_details_view.php?id=63" "Mozilla/5.0 (Linux; Android 5.1; HTC Desire 628 dual sim Build/LMY47D) AppleWebKit/537.36 (KHTML, like Gecko) Chrome/58.0.3029.83 Mobile Safari/537.36"
35.184.189.105 - - [03/Jun/2017:07:33:28 +0530] "GET /robots.txt HTTP/1.1" 404 208 "-" "ltx71 - (http://ltx71.com/)"
90.57.2.157 - - [03/Jun/2017:07:39:31 +0530] "GET /robots.txt HTTP/1.1" 404 208 "-" "Java/1.8.0_101"
35.184.189.105 - - [03/Jun/2017:07:42:52 +0530] "GET /robots.txt HTTP/1.1" 404 208 "-" "ltx71 - (http://ltx71.com/)"
157.55.39.171 - - [03/Jun/2017:07:43:41 +0530] "GET /sitemap.php HTTP/1.1" 200 18470 "-" "Mozilla/5.0 (compatible; bingbot/2.0; +http://www.bing.com/bingbot.htm)"
194.187.170.102 - - [03/Jun/2017:07:45:31 +0530] "GET /registration.php HTTP/1.0" 302 28530 "-" "Mozilla/5.0 (compatible; Qwantify/2.4w; +https://www.qwant.com/)/2.4w"
194.187.170.102 - - [03/Jun/2017:07:45:32 +0530] "GET /logout.php HTTP/1.0" 302 369 "-" "Mozilla/5.0 (compatible; Qwantify/2.4w; +https://www.qwant.com/)/2.4w"
194.187.170.102 - - [03/Jun/2017:07:45:32 +0530] "GET /index.php HTTP/1.0" 200 19481 "-" "Mozilla/5.0 (compatible; Qwantify/2.4w; +https://www.qwant.com/)/2.4w"
202.46.48.94 - - [03/Jun/2017:07:46:24 +0530] "GET /project_details_view_report.php?id=1410 HTTP/1.1" 200 13245 "-" "Mozilla/5.0 (Windows NT 10.0; WOW64) AppleWebKit/537.36 (KHTML, like Gecko) Chrome/45.0.2454.93 Safari/537.36"
207.46.13.103 - - [03/Jun/2017:07:46:40 +0530] "GET /project_details_view.php?id=1581 HTTP/1.1" 200 14537 "-" "Mozilla/5.0 (compatible; bingbot/2.0; +http://www.bing.com/bingbot.htm)"
157.55.39.171 - - [03/Jun/2017:07:47:16 +0530] "GET /capacity_building.php HTTP/1.1" 200 19187 "-" "Mozilla/5.0 (compatible; bingbot/2.0; +http://www.bing.com/bingbot.htm)"
35.184.189.105 - - [03/Jun/2017:07:50:27 +0530] "GET /robots.txt HTTP/1.1" 404 208 "-" "ltx71 - (http://ltx71.com/)"
157.55.39.171 - - [03/Jun/2017:07:50:58 +0530] "GET /project_details_view_report.php?id=1309 HTTP/1.1" 200 13261 "-" "Mozilla/5.0 (compatible; bingbot/2.0; +http://www.bing.com/bingbot.htm)"
207.46.13.103 - - [03/Jun/2017:07:52:04 +0530] "GET /project_details_view.php?id=995 HTTP/1.1" 200 15633 "-" "Mozilla/5.0 (compatible; bingbot/2.0; +http://www.bing.com/bingbot.htm)"
157.55.39.98 - - [03/Jun/2017:07:54:58 +0530] "GET /index.php HTTP/1.1" 200 19481 "-" "Mozilla/5.0 (compatible; bingbot/2.0; +http://www.bing.com/bingbot.htm)"
47.11.14.176 - - [03/Jun/2017:07:56:38 +0530] "GET /project_details_view.php?id=63 HTTP/1.1" 200 14617 "https://www.google.co.in/" "Mozilla/5.0 (Linux; Android 5.1; HTC Desire 628 dual sim Build/LMY47D) AppleWebKit/537.36 (KHTML, like Gecko) Chrome/58.0.3029.83 Mobile Safari/537.36"
47.11.14.176 - - [03/Jun/2017:07:56:38 +0530] "GET /includes/ncdma.css HTTP/1.1" 200 13023 "http://www.cdmindia.gov.in/project_details_view.php?id=63" "Mozilla/5.0 (Linux; Android 5.1; HTC Desire 628 dual sim Build/LMY47D) AppleWebKit/537.36 (KHTML, like Gecko) Chrome/58.0.3029.83 Mobile Safari/537.36"
47.11.14.176 - - [03/Jun/2017:07:56:38 +0530] "GET /Scripts/AC_RunActiveContent.js HTTP/1.1" 200 8321 "http://www.cdmindia.gov.in/project_details_view.php?id=63" "Mozilla/5.0 (Linux; Android 5.1; HTC Desire 628 dual sim Build/LMY47D) AppleWebKit/537.36 (KHTML, like Gecko) Chrome/58.0.3029.83 Mobile Safari/537.36"
47.11.14.176 - - [03/Jun/2017:07:56:38 +0530] "GET /ncdma.css HTTP/1.1" 200 12640 "http://www.cdmindia.gov.in/project_details_view.php?id=63" "Mozilla/5.0 (Linux; Android 5.1; HTC Desire 628 dual sim Build/LMY47D) AppleWebKit/537.36 (KHTML, like Gecko) Chrome/58.0.3029.83 Mobile Safari/537.36"
47.11.14.176 - - [03/Jun/2017:07:56:38 +0530] "GET /images/img2.jpg HTTP/1.1" 200 16276 "http://www.cdmindia.gov.in/project_details_view.php?id=63" "Mozilla/5.0 (Linux; Android 5.1; HTC Desire 628 dual sim Build/LMY47D) AppleWebKit/537.36 (KHTML, like Gecko) Chrome/58.0.3029.83 Mobile Safari/537.36"
47.11.14.176 - - [03/Jun/2017:07:56:38 +0530] "GET /images/bullet4.gif HTTP/1.1" 200 67 "http://www.cdmindia.gov.in/project_details_view.php?id=63" "Mozilla/5.0 (Linux; Android 5.1; HTC Desire 628 dual sim Build/LMY47D) AppleWebKit/537.36 (KHTML, like Gecko) Chrome/58.0.3029.83 Mobile Safari/537.36"
47.11.14.176 - - [03/Jun/2017:07:56:38 +0530] "GET /images/bullet1.gif HTTP/1.1" 200 67 "http://www.cdmindia.gov.in/project_details_view.php?id=63" "Mozilla/5.0 (Linux; Android 5.1; HTC Desire 628 dual sim Build/LMY47D) AppleWebKit/537.36 (KHTML, like Gecko) Chrome/58.0.3029.83 Mobile Safari/537.36"
47.11.14.176 - - [03/Jun/2017:07:56:38 +0530] "GET /images/spacer.gif HTTP/1.1" 200 43 "http://www.cdmindia.gov.in/project_details_view.php?id=63" "Mozilla/5.0 (Linux; Android 5.1; HTC Desire 628 dual sim Build/LMY47D) AppleWebKit/537.36 (KHTML, like Gecko) Chrome/58.0.3029.83 Mobile Safari/537.36"
47.11.14.176 - - [03/Jun/2017:07:56:38 +0530] "GET /images/bulllet2.gif HTTP/1.1" 200 58 "http://www.cdmindia.gov.in/project_details_view.php?id=63" "Mozilla/5.0 (Linux; Android 5.1; HTC Desire 628 dual sim Build/LMY47D) AppleWebKit/537.36 (KHTML, like Gecko) Chrome/58.0.3029.83 Mobile Safari/537.36"
47.11.14.176 - - [03/Jun/2017:07:56:38 +0530] "GET /images/fbg.jpg HTTP/1.1" 200 325 "http://www.cdmindia.gov.in/project_details_view.php?id=63" "Mozilla/5.0 (Linux; Android 5.1; HTC Desire 628 dual sim Build/LMY47D) AppleWebKit/537.36 (KHTML, like Gecko) Chrome/58.0.3029.83 Mobile Safari/537.36"
47.11.14.176 - - [03/Jun/2017:07:56:38 +0530] "GET /images/img3.jpg HTTP/1.1" 200 26957 "http://www.cdmindia.gov.in/project_details_view.php?id=63" "Mozilla/5.0 (Linux; Android 5.1; HTC Desire 628 dual sim Build/LMY47D) AppleWebKit/537.36 (KHTML, like Gecko) Chrome/58.0.3029.83 Mobile Safari/537.36"
47.11.14.176 - - [03/Jun/2017:07:56:38 +0530] "GET /images/img1.jpg HTTP/1.1" 200 1251 "http://www.cdmindia.gov.in/project_details_view.php?id=63" "Mozilla/5.0 (Linux; Android 5.1; HTC Desire 628 dual sim Build/LMY47D) AppleWebKit/537.36 (KHTML, like Gecko) Chrome/58.0.3029.83 Mobile Safari/537.36"
47.11.14.176 - - [03/Jun/2017:07:56:38 +0530] "GET /images/gtz.jpg HTTP/1.1" 200 15484 "http://www.cdmindia.gov.in/project_details_view.php?id=63" "Mozilla/5.0 (Linux; Android 5.1; HTC Desire 628 dual sim Build/LMY47D) AppleWebKit/537.36 (KHTML, like Gecko) Chrome/58.0.3029.83 Mobile Safari/537.36"
47.11.14.176 - - [03/Jun/2017:07:56:38 +0530] "GET /images/fdm.jpg HTTP/1.1" 200 2043 "http://www.cdmindia.gov.in/project_details_view.php?id=63" "Mozilla/5.0 (Linux; Android 5.1; HTC Desire 628 dual sim Build/LMY47D) AppleWebKit/537.36 (KHTML, like Gecko) Chrome/58.0.3029.83 Mobile Safari/537.36"
35.184.189.105 - - [03/Jun/2017:07:57:44 +0530] "GET /robots.txt HTTP/1.1" 404 208 "-" "ltx71 - (http://ltx71.com/)"
180.76.15.148 - - [03/Jun/2017:07:59:21 +0530] "GET / HTTP/1.1" 200 19481 "-" "Mozilla/5.0 (compatible; Baiduspider/2.0; +http://www.baidu.com/search/spider.html)"
223.190.18.83 - - [03/Jun/2017:08:00:14 +0530] "GET / HTTP/1.1" 200 19481 "-" "Mozilla/5.0 (Macintosh; Intel Mac OS X 10_12_5) AppleWebKit/603.2.4 (KHTML, like Gecko)"
223.190.18.83 - - [03/Jun/2017:08:00:14 +0530] "GET /apple-touch-icon-precomposed.png HTTP/1.1" 404 230 "-" "Safari/12603.2.4 CFNetwork/811.5.4 Darwin/16.6.0 (x86_64)"
223.190.18.83 - - [03/Jun/2017:08:00:14 +0530] "GET /apple-touch-icon.png HTTP/1.1" 404 218 "-" "Safari/12603.2.4 CFNetwork/811.5.4 Darwin/16.6.0 (x86_64)"
223.190.18.83 - - [03/Jun/2017:08:00:14 +0530] "GET /favicon.ico HTTP/1.1" 200 1189 "-" "Safari/12603.2.4 CFNetwork/811.5.4 Darwin/16.6.0 (x86_64)"
223.190.18.83 - - [03/Jun/2017:08:00:14 +0530] "GET / HTTP/1.1" 200 19481 "-" "Mozilla/5.0 (iPhone; CPU iPhone OS 10_0 like Mac OS X) AppleWebKit/602.1.38 (KHTML, like Gecko) Version/10.0 Mobile/14A300 Safari/602.1"
223.190.18.83 - - [03/Jun/2017:08:00:14 +0530] "GET /apple-touch-icon-precomposed.png HTTP/1.1" 404 230 "-" "Safari/12603.2.4 CFNetwork/811.5.4 Darwin/16.6.0 (x86_64)"
223.190.18.83 - - [03/Jun/2017:08:00:14 +0530] "GET /apple-touch-icon.png HTTP/1.1" 404 218 "-" "Safari/12603.2.4 CFNetwork/811.5.4 Darwin/16.6.0 (x86_64)"
35.184.189.105 - - [03/Jun/2017:08:00:22 +0530] "GET /robots.txt HTTP/1.1" 404 208 "-" "ltx71 - (http://ltx71.com/)"
157.55.39.98 - - [03/Jun/2017:08:01:58 +0530] "GET /downloads/Existing%20PCN.doc HTTP/1.1" 200 114176 "-" "Mozilla/5.0 (compatible; bingbot/2.0; +http://www.bing.com/bingbot.htm)"
47.8.4.17 - - [03/Jun/2017:08:02:28 +0530] "GET /project_details_view.php?id=1837 HTTP/1.1" 200 14728 "http://www.google.co.in/" "Mozilla/5.0 (Linux; Android 6.0.1; SM-J210F Build/MMB29Q) AppleWebKit/537.36 (KHTML, like Gecko) Chrome/52.0.2743.98 Mobile Safari/537.36"
47.8.4.17 - - [03/Jun/2017:08:02:29 +0530] "GET /includes/ncdma.css HTTP/1.1" 200 13023 "http://www.cdmindia.gov.in/project_details_view.php?id=1837" "Mozilla/5.0 (Linux; Android 6.0.1; SM-J210F Build/MMB29Q) AppleWebKit/537.36 (KHTML, like Gecko) Chrome/52.0.2743.98 Mobile Safari/537.36"
47.8.4.17 - - [03/Jun/2017:08:02:29 +0530] "GET /ncdma.css HTTP/1.1" 200 12640 "http://www.cdmindia.gov.in/project_details_view.php?id=1837" "Mozilla/5.0 (Linux; Android 6.0.1; SM-J210F Build/MMB29Q) AppleWebKit/537.36 (KHTML, like Gecko) Chrome/52.0.2743.98 Mobile Safari/537.36"
47.8.4.17 - - [03/Jun/2017:08:02:29 +0530] "GET /Scripts/AC_RunActiveContent.js HTTP/1.1" 200 8321 "http://www.cdmindia.gov.in/project_details_view.php?id=1837" "Mozilla/5.0 (Linux; Android 6.0.1; SM-J210F Build/MMB29Q) AppleWebKit/537.36 (KHTML, like Gecko) Chrome/52.0.2743.98 Mobile Safari/537.36"
47.8.4.17 - - [03/Jun/2017:08:02:29 +0530] "GET /images/img2.jpg HTTP/1.1" 200 16276 "http://www.cdmindia.gov.in/project_details_view.php?id=1837" "Mozilla/5.0 (Linux; Android 6.0.1; SM-J210F Build/MMB29Q) AppleWebKit/537.36 (KHTML, like Gecko) Chrome/52.0.2743.98 Mobile Safari/537.36"
47.8.4.17 - - [03/Jun/2017:08:02:29 +0530] "GET /images/spacer.gif HTTP/1.1" 200 43 "http://www.cdmindia.gov.in/project_details_view.php?id=1837" "Mozilla/5.0 (Linux; Android 6.0.1; SM-J210F Build/MMB29Q) AppleWebKit/537.36 (KHTML, like Gecko) Chrome/52.0.2743.98 Mobile Safari/537.36"
47.8.4.17 - - [03/Jun/2017:08:02:29 +0530] "GET /images/bullet1.gif HTTP/1.1" 200 67 "http://www.cdmindia.gov.in/project_details_view.php?id=1837" "Mozilla/5.0 (Linux; Android 6.0.1; SM-J210F Build/MMB29Q) AppleWebKit/537.36 (KHTML, like Gecko) Chrome/52.0.2743.98 Mobile Safari/537.36"
47.8.4.17 - - [03/Jun/2017:08:02:29 +0530] "GET /images/bulllet2.gif HTTP/1.1" 200 58 "http://www.cdmindia.gov.in/project_details_view.php?id=1837" "Mozilla/5.0 (Linux; Android 6.0.1; SM-J210F Build/MMB29Q) AppleWebKit/537.36 (KHTML, like Gecko) Chrome/52.0.2743.98 Mobile Safari/537.36"
47.8.4.17 - - [03/Jun/2017:08:02:29 +0530] "GET /images/bullet4.gif HTTP/1.1" 200 67 "http://www.cdmindia.gov.in/project_details_view.php?id=1837" "Mozilla/5.0 (Linux; Android 6.0.1; SM-J210F Build/MMB29Q) AppleWebKit/537.36 (KHTML, like Gecko) Chrome/52.0.2743.98 Mobile Safari/537.36"
47.8.4.17 - - [03/Jun/2017:08:02:29 +0530] "GET /images/img3.jpg HTTP/1.1" 200 26957 "http://www.cdmindia.gov.in/project_details_view.php?id=1837" "Mozilla/5.0 (Linux; Android 6.0.1; SM-J210F Build/MMB29Q) AppleWebKit/537.36 (KHTML, like Gecko) Chrome/52.0.2743.98 Mobile Safari/537.36"
47.8.4.17 - - [03/Jun/2017:08:02:29 +0530] "GET /images/fbg.jpg HTTP/1.1" 200 325 "http://www.cdmindia.gov.in/project_details_view.php?id=1837" "Mozilla/5.0 (Linux; Android 6.0.1; SM-J210F Build/MMB29Q) AppleWebKit/537.36 (KHTML, like Gecko) Chrome/52.0.2743.98 Mobile Safari/537.36"
47.8.4.17 - - [03/Jun/2017:08:02:29 +0530] "GET /images/img1.jpg HTTP/1.1" 200 1251 "http://www.cdmindia.gov.in/project_details_view.php?id=1837" "Mozilla/5.0 (Linux; Android 6.0.1; SM-J210F Build/MMB29Q) AppleWebKit/537.36 (KHTML, like Gecko) Chrome/52.0.2743.98 Mobile Safari/537.36"
47.8.4.17 - - [03/Jun/2017:08:02:29 +0530] "GET /images/gtz.jpg HTTP/1.1" 200 15484 "http://www.cdmindia.gov.in/project_details_view.php?id=1837" "Mozilla/5.0 (Linux; Android 6.0.1; SM-J210F Build/MMB29Q) AppleWebKit/537.36 (KHTML, like Gecko) Chrome/52.0.2743.98 Mobile Safari/537.36"
47.8.4.17 - - [03/Jun/2017:08:02:29 +0530] "GET /images/fdm.jpg HTTP/1.1" 200 2043 "http://www.cdmindia.gov.in/project_details_view.php?id=1837" "Mozilla/5.0 (Linux; Android 6.0.1; SM-J210F Build/MMB29Q) AppleWebKit/537.36 (KHTML, like Gecko) Chrome/52.0.2743.98 Mobile Safari/537.36"
47.8.4.17 - - [03/Jun/2017:08:02:30 +0530] "GET /favicon.ico HTTP/1.1" 200 1189 "http://www.cdmindia.gov.in/project_details_view.php?id=1837" "Mozilla/5.0 (Linux; Android 6.0.1; SM-J210F Build/MMB29Q) AppleWebKit/537.36 (KHTML, like Gecko) Chrome/52.0.2743.98 Mobile Safari/537.36"
40.77.177.123 - - [03/Jun/2017:08:03:48 +0530] "GET /images/img2.jpg HTTP/1.1" 200 16276 "-" "Mozilla/5.0 (iPhone; CPU iPhone OS 7_0 like Mac OS X) AppleWebKit/537.51.1 (KHTML, like Gecko) Version/7.0 Mobile/11A465 Safari/9537.53 BingPreview/1.0b"
40.77.177.123 - - [03/Jun/2017:08:03:49 +0530] "GET /images/img3.jpg HTTP/1.1" 200 26957 "-" "Mozilla/5.0 (iPhone; CPU iPhone OS 7_0 like Mac OS X) AppleWebKit/537.51.1 (KHTML, like Gecko) Version/7.0 Mobile/11A465 Safari/9537.53 BingPreview/1.0b"
207.46.13.103 - - [03/Jun/2017:08:04:27 +0530] "GET /project_details_view_report.php?id=522 HTTP/1.1" 200 13186 "-" "Mozilla/5.0 (compatible; bingbot/2.0; +http://www.bing.com/bingbot.htm)"
202.46.55.150 - - [03/Jun/2017:08:05:06 +0530] "GET /project_details_view_report.php?id=1051 HTTP/1.1" 200 13165 "-" "Mozilla/5.0 (Windows NT 10.0; WOW64) AppleWebKit/537.36 (KHTML, like Gecko) Chrome/45.0.2454.93 Safari/537.36"
194.187.170.102 - - [03/Jun/2017:08:07:48 +0530] "GET /downloads/Comparision%20of%20PCN_30.03.doc HTTP/1.0" 304 - "-" "Mozilla/5.0 (compatible; Qwantify/2.4w; +https://www.qwant.com/)/2.4w"
42.111.4.166 - - [03/Jun/2017:08:08:29 +0530] "GET / HTTP/1.1" 200 19481 "https://www.google.co.in/" "Mozilla/5.0 (Windows NT 6.1; Win64; x64) AppleWebKit/537.36 (KHTML, like Gecko) Chrome/58.0.3029.110 Safari/537.36"
42.111.4.166 - - [03/Jun/2017:08:08:30 +0530] "GET /includes/ncdma.css HTTP/1.1" 200 13023 "http://www.cdmindia.gov.in/" "Mozilla/5.0 (Windows NT 6.1; Win64; x64) AppleWebKit/537.36 (KHTML, like Gecko) Chrome/58.0.3029.110 Safari/537.36"
42.111.4.166 - - [03/Jun/2017:08:08:30 +0530] "GET /Scripts/AC_RunActiveContent.js HTTP/1.1" 200 8321 "http://www.cdmindia.gov.in/" "Mozilla/5.0 (Windows NT 6.1; Win64; x64) AppleWebKit/537.36 (KHTML, like Gecko) Chrome/58.0.3029.110 Safari/537.36"
42.111.4.166 - - [03/Jun/2017:08:08:31 +0530] "GET /js/base64_encode.js HTTP/1.1" 200 3002 "http://www.cdmindia.gov.in/" "Mozilla/5.0 (Windows NT 6.1; Win64; x64) AppleWebKit/537.36 (KHTML, like Gecko) Chrome/58.0.3029.110 Safari/537.36"
42.111.4.166 - - [03/Jun/2017:08:08:31 +0530] "GET /js/md5.js HTTP/1.1" 200 13194 "http://www.cdmindia.gov.in/" "Mozilla/5.0 (Windows NT 6.1; Win64; x64) AppleWebKit/537.36 (KHTML, like Gecko) Chrome/58.0.3029.110 Safari/537.36"
42.111.4.166 - - [03/Jun/2017:08:08:31 +0530] "GET /ncdma.css HTTP/1.1" 200 12640 "http://www.cdmindia.gov.in/" "Mozilla/5.0 (Windows NT 6.1; Win64; x64) AppleWebKit/537.36 (KHTML, like Gecko) Chrome/58.0.3029.110 Safari/537.36"
42.111.4.166 - - [03/Jun/2017:08:08:32 +0530] "GET /images/img2.jpg HTTP/1.1" 200 16276 "http://www.cdmindia.gov.in/" "Mozilla/5.0 (Windows NT 6.1; Win64; x64) AppleWebKit/537.36 (KHTML, like Gecko) Chrome/58.0.3029.110 Safari/537.36"
42.111.4.166 - - [03/Jun/2017:08:08:32 +0530] "GET /images/spacer.gif HTTP/1.1" 200 43 "http://www.cdmindia.gov.in/" "Mozilla/5.0 (Windows NT 6.1; Win64; x64) AppleWebKit/537.36 (KHTML, like Gecko) Chrome/58.0.3029.110 Safari/537.36"
42.111.4.166 - - [03/Jun/2017:08:08:32 +0530] "GET /images/bullet1.gif HTTP/1.1" 200 67 "http://www.cdmindia.gov.in/" "Mozilla/5.0 (Windows NT 6.1; Win64; x64) AppleWebKit/537.36 (KHTML, like Gecko) Chrome/58.0.3029.110 Safari/537.36"
42.111.4.166 - - [03/Jun/2017:08:08:32 +0530] "GET /images/bulllet2.gif HTTP/1.1" 200 58 "http://www.cdmindia.gov.in/" "Mozilla/5.0 (Windows NT 6.1; Win64; x64) AppleWebKit/537.36 (KHTML, like Gecko) Chrome/58.0.3029.110 Safari/537.36"
42.111.4.166 - - [03/Jun/2017:08:08:32 +0530] "GET /images/img3.jpg HTTP/1.1" 200 26957 "http://www.cdmindia.gov.in/" "Mozilla/5.0 (Windows NT 6.1; Win64; x64) AppleWebKit/537.36 (KHTML, like Gecko) Chrome/58.0.3029.110 Safari/537.36"
42.111.4.166 - - [03/Jun/2017:08:08:32 +0530] "GET /images/login1.jpg HTTP/1.1" 200 618 "http://www.cdmindia.gov.in/" "Mozilla/5.0 (Windows NT 6.1; Win64; x64) AppleWebKit/537.36 (KHTML, like Gecko) Chrome/58.0.3029.110 Safari/537.36"
42.111.4.166 - - [03/Jun/2017:08:08:32 +0530] "GET /images/img1.jpg HTTP/1.1" 200 1251 "http://www.cdmindia.gov.in/" "Mozilla/5.0 (Windows NT 6.1; Win64; x64) AppleWebKit/537.36 (KHTML, like Gecko) Chrome/58.0.3029.110 Safari/537.36"
42.111.4.166 - - [03/Jun/2017:08:08:32 +0530] "GET /images/fdm.jpg HTTP/1.1" 200 2043 "http://www.cdmindia.gov.in/" "Mozilla/5.0 (Windows NT 6.1; Win64; x64) AppleWebKit/537.36 (KHTML, like Gecko) Chrome/58.0.3029.110 Safari/537.36"
42.111.4.166 - - [03/Jun/2017:08:08:32 +0530] "GET /images/fe.jpg HTTP/1.1" 200 1429 "http://www.cdmindia.gov.in/" "Mozilla/5.0 (Windows NT 6.1; Win64; x64) AppleWebKit/537.36 (KHTML, like Gecko) Chrome/58.0.3029.110 Safari/537.36"
42.111.4.166 - - [03/Jun/2017:08:08:32 +0530] "GET /images/bullet3.gif HTTP/1.1" 200 58 "http://www.cdmindia.gov.in/" "Mozilla/5.0 (Windows NT 6.1; Win64; x64) AppleWebKit/537.36 (KHTML, like Gecko) Chrome/58.0.3029.110 Safari/537.36"
42.111.4.166 - - [03/Jun/2017:08:08:33 +0530] "GET /images/bullet4.gif HTTP/1.1" 200 67 "http://www.cdmindia.gov.in/" "Mozilla/5.0 (Windows NT 6.1; Win64; x64) AppleWebKit/537.36 (KHTML, like Gecko) Chrome/58.0.3029.110 Safari/537.36"
42.111.4.166 - - [03/Jun/2017:08:08:33 +0530] "GET /images/login.jpg HTTP/1.1" 200 1044 "http://www.cdmindia.gov.in/" "Mozilla/5.0 (Windows NT 6.1; Win64; x64) AppleWebKit/537.36 (KHTML, like Gecko) Chrome/58.0.3029.110 Safari/537.36"
42.111.4.166 - - [03/Jun/2017:08:08:34 +0530] "GET /images/gtz.jpg HTTP/1.1" 200 15484 "http://www.cdmindia.gov.in/" "Mozilla/5.0 (Windows NT 6.1; Win64; x64) AppleWebKit/537.36 (KHTML, like Gecko) Chrome/58.0.3029.110 Safari/537.36"
42.111.4.166 - - [03/Jun/2017:08:08:34 +0530] "GET /images/fbg.jpg HTTP/1.1" 200 325 "http://www.cdmindia.gov.in/" "Mozilla/5.0 (Windows NT 6.1; Win64; x64) AppleWebKit/537.36 (KHTML, like Gecko) Chrome/58.0.3029.110 Safari/537.36"
42.111.4.166 - - [03/Jun/2017:08:08:35 +0530] "GET /favicon.ico HTTP/1.1" 200 1189 "http://www.cdmindia.gov.in/" "Mozilla/5.0 (Windows NT 6.1; Win64; x64) AppleWebKit/537.36 (KHTML, like Gecko) Chrome/58.0.3029.110 Safari/537.36"
42.111.4.166 - - [03/Jun/2017:08:08:46 +0530] "GET /aboutus.php HTTP/1.1" 200 19598 "https://www.google.co.in/" "Mozilla/5.0 (Windows NT 6.1; Win64; x64) AppleWebKit/537.36 (KHTML, like Gecko) Chrome/58.0.3029.110 Safari/537.36"
42.111.4.166 - - [03/Jun/2017:08:08:47 +0530] "GET /images/h_aboutus.jpg HTTP/1.1" 200 21693 "http://www.cdmindia.gov.in/aboutus.php" "Mozilla/5.0 (Windows NT 6.1; Win64; x64) AppleWebKit/537.36 (KHTML, like Gecko) Chrome/58.0.3029.110 Safari/537.36"
42.111.4.166 - - [03/Jun/2017:08:08:53 +0530] "GET /aboutus.php HTTP/1.1" 200 19598 "https://www.google.co.in/" "Mozilla/5.0 (Windows NT 6.1; Win64; x64) AppleWebKit/537.36 (KHTML, like Gecko) Chrome/58.0.3029.110 Safari/537.36"
157.55.39.171 - - [03/Jun/2017:08:09:13 +0530] "GET /detail_news.php?id=18 HTTP/1.1" 302 18714 "-" "Mozilla/5.0 (compatible; bingbot/2.0; +http://www.bing.com/bingbot.htm)"
157.55.39.171 - - [03/Jun/2017:08:09:14 +0530] "GET /project_details_view.php?id=1511 HTTP/1.1" 200 15244 "-" "Mozilla/5.0 (compatible; bingbot/2.0; +http://www.bing.com/bingbot.htm)"
157.55.39.171 - - [03/Jun/2017:08:09:16 +0530] "GET /imp_links.php HTTP/1.1" 200 17835 "-" "Mozilla/5.0 (compatible; bingbot/2.0; +http://www.bing.com/bingbot.htm)"
157.55.39.171 - - [03/Jun/2017:08:09:16 +0530] "GET /logout.php HTTP/1.1" 302 369 "-" "Mozilla/5.0 (compatible; bingbot/2.0; +http://www.bing.com/bingbot.htm)"
199.30.25.87 - - [03/Jun/2017:08:09:17 +0530] "GET /js/index_validations.js HTTP/1.1" 200 3143 "http://www.cdmindia.gov.in/imp_links.php" "Mozilla/5.0 (Windows NT 6.1; WOW64) AppleWebKit/534+ (KHTML, like Gecko) BingPreview/1.0b"
157.55.39.171 - - [03/Jun/2017:08:09:17 +0530] "GET /index.php HTTP/1.1" 200 19481 "-" "Mozilla/5.0 (compatible; bingbot/2.0; +http://www.bing.com/bingbot.htm)"
90.0.20.64 - - [03/Jun/2017:08:13:17 +0530] "GET /robots.txt HTTP/1.1" 404 208 "-" "Java/1.8.0_101"
194.187.170.102 - - [03/Jun/2017:08:15:35 +0530] "GET /images/NCDMA%20PCN%20Format%2017072009.doc HTTP/1.0" 304 - "-" "Mozilla/5.0 (compatible; Qwantify/2.4w; +https://www.qwant.com/)/2.4w"
35.184.189.105 - - [03/Jun/2017:08:20:49 +0530] "GET /robots.txt HTTP/1.1" 404 208 "-" "ltx71 - (http://ltx71.com/)"
35.184.189.105 - - [03/Jun/2017:08:21:16 +0530] "GET /detail_news.php?id=19 HTTP/1.1" 302 19083 "-" "ltx71 - (http://ltx71.com/)"
202.46.52.112 - - [03/Jun/2017:08:23:48 +0530] "GET /project_details_view_report.php?id=1564 HTTP/1.1" 200 13345 "-" "Mozilla/5.0 (Windows NT 10.0; WOW64) AppleWebKit/537.36 (KHTML, like Gecko) Chrome/45.0.2454.93 Safari/537.36"
66.249.79.131 - - [03/Jun/2017:08:24:07 +0530] "GET /detail_news.php?id=3 HTTP/1.1" 302 18398 "-" "Mozilla/5.0 (Linux; Android 6.0.1; Nexus 5X Build/MMB29P) AppleWebKit/537.36 (KHTML, like Gecko) Chrome/41.0.2272.96 Mobile Safari/537.36 (compatible; Googlebot/2.1; +http://www.google.com/bot.html)"
66.249.79.129 - - [03/Jun/2017:08:24:08 +0530] "GET /logout.php HTTP/1.1" 302 369 "-" "Mozilla/5.0 (Linux; Android 6.0.1; Nexus 5X Build/MMB29P) AppleWebKit/537.36 (KHTML, like Gecko) Chrome/41.0.2272.96 Mobile Safari/537.36 (compatible; Googlebot/2.1; +http://www.google.com/bot.html)"
66.249.79.131 - - [03/Jun/2017:08:24:09 +0530] "GET /index.php HTTP/1.1" 200 19481 "-" "Mozilla/5.0 (Linux; Android 6.0.1; Nexus 5X Build/MMB29P) AppleWebKit/537.36 (KHTML, like Gecko) Chrome/41.0.2272.96 Mobile Safari/537.36 (compatible; Googlebot/2.1; +http://www.google.com/bot.html)"
106.76.197.196 - - [03/Jun/2017:08:24:42 +0530] "GET /project_details_view_report.php?id=536 HTTP/1.1" 200 13313 "https://www.google.co.in/" "Mozilla/5.0 (Linux; Android 5.1; XOLO One HD Build/LMY47I) AppleWebKit/537.36 (KHTML, like Gecko) Chrome/43.0.2357.93 Mobile Safari/537.36"
106.76.197.196 - - [03/Jun/2017:08:24:43 +0530] "GET /includes/ncdma.css HTTP/1.1" 200 13023 "http://www.cdmindia.gov.in/project_details_view_report.php?id=536" "Mozilla/5.0 (Linux; Android 5.1; XOLO One HD Build/LMY47I) AppleWebKit/537.36 (KHTML, like Gecko) Chrome/43.0.2357.93 Mobile Safari/537.36"
106.76.197.196 - - [03/Jun/2017:08:24:43 +0530] "GET /ncdma.css HTTP/1.1" 200 12640 "http://www.cdmindia.gov.in/project_details_view_report.php?id=536" "Mozilla/5.0 (Linux; Android 5.1; XOLO One HD Build/LMY47I) AppleWebKit/537.36 (KHTML, like Gecko) Chrome/43.0.2357.93 Mobile Safari/537.36"
106.76.197.196 - - [03/Jun/2017:08:24:43 +0530] "GET /Scripts/AC_RunActiveContent.js HTTP/1.1" 200 8321 "http://www.cdmindia.gov.in/project_details_view_report.php?id=536" "Mozilla/5.0 (Linux; Android 5.1; XOLO One HD Build/LMY47I) AppleWebKit/537.36 (KHTML, like Gecko) Chrome/43.0.2357.93 Mobile Safari/537.36"
106.76.197.196 - - [03/Jun/2017:08:24:43 +0530] "GET /images/img2.jpg HTTP/1.1" 200 16276 "http://www.cdmindia.gov.in/project_details_view_report.php?id=536" "Mozilla/5.0 (Linux; Android 5.1; XOLO One HD Build/LMY47I) AppleWebKit/537.36 (KHTML, like Gecko) Chrome/43.0.2357.93 Mobile Safari/537.36"
106.76.197.196 - - [03/Jun/2017:08:24:44 +0530] "GET /images/spacer.gif HTTP/1.1" 200 43 "http://www.cdmindia.gov.in/project_details_view_report.php?id=536" "Mozilla/5.0 (Linux; Android 5.1; XOLO One HD Build/LMY47I) AppleWebKit/537.36 (KHTML, like Gecko) Chrome/43.0.2357.93 Mobile Safari/537.36"
106.76.197.196 - - [03/Jun/2017:08:24:44 +0530] "GET /images/bullet1.gif HTTP/1.1" 200 67 "http://www.cdmindia.gov.in/project_details_view_report.php?id=536" "Mozilla/5.0 (Linux; Android 5.1; XOLO One HD Build/LMY47I) AppleWebKit/537.36 (KHTML, like Gecko) Chrome/43.0.2357.93 Mobile Safari/537.36"
106.76.197.196 - - [03/Jun/2017:08:24:44 +0530] "GET /images/bulllet2.gif HTTP/1.1" 200 58 "http://www.cdmindia.gov.in/project_details_view_report.php?id=536" "Mozilla/5.0 (Linux; Android 5.1; XOLO One HD Build/LMY47I) AppleWebKit/537.36 (KHTML, like Gecko) Chrome/43.0.2357.93 Mobile Safari/537.36"
106.76.197.196 - - [03/Jun/2017:08:24:44 +0530] "GET /images/bullet4.gif HTTP/1.1" 200 67 "http://www.cdmindia.gov.in/project_details_view_report.php?id=536" "Mozilla/5.0 (Linux; Android 5.1; XOLO One HD Build/LMY47I) AppleWebKit/537.36 (KHTML, like Gecko) Chrome/43.0.2357.93 Mobile Safari/537.36"
106.76.197.196 - - [03/Jun/2017:08:24:44 +0530] "GET /images/img3.jpg HTTP/1.1" 200 26957 "http://www.cdmindia.gov.in/project_details_view_report.php?id=536" "Mozilla/5.0 (Linux; Android 5.1; XOLO One HD Build/LMY47I) AppleWebKit/537.36 (KHTML, like Gecko) Chrome/43.0.2357.93 Mobile Safari/537.36"
106.76.197.196 - - [03/Jun/2017:08:24:44 +0530] "GET /images/img1.jpg HTTP/1.1" 200 1251 "http://www.cdmindia.gov.in/project_details_view_report.php?id=536" "Mozilla/5.0 (Linux; Android 5.1; XOLO One HD Build/LMY47I) AppleWebKit/537.36 (KHTML, like Gecko) Chrome/43.0.2357.93 Mobile Safari/537.36"
106.76.197.196 - - [03/Jun/2017:08:24:44 +0530] "GET /images/fdm.jpg HTTP/1.1" 200 2043 "http://www.cdmindia.gov.in/project_details_view_report.php?id=536" "Mozilla/5.0 (Linux; Android 5.1; XOLO One HD Build/LMY47I) AppleWebKit/537.36 (KHTML, like Gecko) Chrome/43.0.2357.93 Mobile Safari/537.36"
106.76.197.196 - - [03/Jun/2017:08:24:44 +0530] "GET /images/gtz.jpg HTTP/1.1" 200 15484 "http://www.cdmindia.gov.in/project_details_view_report.php?id=536" "Mozilla/5.0 (Linux; Android 5.1; XOLO One HD Build/LMY47I) AppleWebKit/537.36 (KHTML, like Gecko) Chrome/43.0.2357.93 Mobile Safari/537.36"
106.76.197.196 - - [03/Jun/2017:08:24:44 +0530] "GET /images/fbg.jpg HTTP/1.1" 200 325 "http://www.cdmindia.gov.in/project_details_view_report.php?id=536" "Mozilla/5.0 (Linux; Android 5.1; XOLO One HD Build/LMY47I) AppleWebKit/537.36 (KHTML, like Gecko) Chrome/43.0.2357.93 Mobile Safari/537.36"
106.76.197.196 - - [03/Jun/2017:08:24:45 +0530] "GET /favicon.ico HTTP/1.1" 200 1189 "http://www.cdmindia.gov.in/project_details_view_report.php?id=536" "Mozilla/5.0 (Linux; Android 5.1; XOLO One HD Build/LMY47I) AppleWebKit/537.36 (KHTML, like Gecko) Chrome/43.0.2357.93 Mobile Safari/537.36"
106.76.197.196 - - [03/Jun/2017:08:24:47 +0530] "GET /project_details_view_report.php?id=536 HTTP/1.1" 200 13313 "-" "Dalvik/2.1.0 (Linux; U; Android 5.1; XOLO One HD Build/LMY47I)"
106.76.197.196 - - [03/Jun/2017:08:24:48 +0530] "GET /project_details_view_report.php?id=536 HTTP/1.1" 200 13313 "-" "Dalvik/2.1.0 (Linux; U; Android 5.1; XOLO One HD Build/LMY47I)"
35.184.189.105 - - [03/Jun/2017:08:26:04 +0530] "GET /robots.txt HTTP/1.1" 404 208 "-" "ltx71 - (http://ltx71.com/)"
157.55.39.171 - - [03/Jun/2017:08:27:18 +0530] "GET /imp_links.php HTTP/1.1" 200 17835 "-" "Mozilla/5.0 (compatible; bingbot/2.0; +http://www.bing.com/bingbot.htm)"
106.76.197.196 - - [03/Jun/2017:08:27:55 +0530] "GET /project_details_view_report.php?id=536 HTTP/1.1" 200 13313 "https://www.google.co.in/" "Mozilla/5.0 (Linux; Android 5.1; XOLO One HD Build/LMY47I) AppleWebKit/537.36 (KHTML, like Gecko) Chrome/43.0.2357.93 Mobile Safari/537.36"
106.76.197.196 - - [03/Jun/2017:08:27:57 +0530] "GET /project_details_view_report.php?id=536 HTTP/1.1" 200 13313 "-" "Dalvik/2.1.0 (Linux; U; Android 5.1; XOLO One HD Build/LMY47I)"
157.55.39.98 - - [03/Jun/2017:08:28:12 +0530] "GET /index.php HTTP/1.1" 200 19481 "-" "Mozilla/5.0 (compatible; bingbot/2.0; +http://www.bing.com/bingbot.htm)"
157.55.39.171 - - [03/Jun/2017:08:29:22 +0530] "GET /aboutus.php HTTP/1.1" 200 19598 "-" "Mozilla/5.0 (compatible; bingbot/2.0; +http://www.bing.com/bingbot.htm)"
194.187.170.102 - - [03/Jun/2017:08:33:46 +0530] "GET /downloads/Template_sharing%202Percent.doc HTTP/1.0" 304 - "-" "Mozilla/5.0 (compatible; Qwantify/2.4w; +https://www.qwant.com/)/2.4w"
211.0.145.111 - - [03/Jun/2017:08:36:26 +0530] "GET / HTTP/1.1" 200 19481 "-" "Mozilla/5.0 (Windows NT 5.1; rv:6.0.2) Gecko/20100101 Firefox/6.0.2"
64.233.173.137 - - [03/Jun/2017:08:37:48 +0530] "GET /project_details_view.php?id=194 HTTP/1.1" 200 15143 "https://www.google.co.in/" "Mozilla/5.0 (Linux; Android 6.0.1; SM-J210F Build/MMB29Q) AppleWebKit/537.36 (KHTML, like Gecko) Chrome/52.0.2743.98 Mobile Safari/537.36"
64.233.173.138 - - [03/Jun/2017:08:37:49 +0530] "GET /ncdma.css HTTP/1.1" 200 12640 "http://www.cdmindia.gov.in/project_details_view.php?id=194" "Mozilla/5.0 (Linux; Android 6.0.1; SM-J210F Build/MMB29Q) AppleWebKit/537.36 (KHTML, like Gecko) Chrome/52.0.2743.98 Mobile Safari/537.36"
64.233.173.136 - - [03/Jun/2017:08:37:49 +0530] "GET /images/bullet1.gif HTTP/1.1" 200 67 "http://www.cdmindia.gov.in/project_details_view.php?id=194" "Mozilla/5.0 (Linux; Android 6.0.1; SM-J210F Build/MMB29Q) AppleWebKit/537.36 (KHTML, like Gecko) Chrome/52.0.2743.98 Mobile Safari/537.36"
64.233.173.136 - - [03/Jun/2017:08:37:49 +0530] "GET /images/spacer.gif HTTP/1.1" 200 43 "http://www.cdmindia.gov.in/project_details_view.php?id=194" "Mozilla/5.0 (Linux; Android 6.0.1; SM-J210F Build/MMB29Q) AppleWebKit/537.36 (KHTML, like Gecko) Chrome/52.0.2743.98 Mobile Safari/537.36"
64.233.173.136 - - [03/Jun/2017:08:37:49 +0530] "GET /includes/ncdma.css HTTP/1.1" 200 13023 "http://www.cdmindia.gov.in/project_details_view.php?id=194" "Mozilla/5.0 (Linux; Android 6.0.1; SM-J210F Build/MMB29Q) AppleWebKit/537.36 (KHTML, like Gecko) Chrome/52.0.2743.98 Mobile Safari/537.36"
64.233.173.138 - - [03/Jun/2017:08:37:49 +0530] "GET /Scripts/AC_RunActiveContent.js HTTP/1.1" 200 8321 "http://www.cdmindia.gov.in/project_details_view.php?id=194" "Mozilla/5.0 (Linux; Android 6.0.1; SM-J210F Build/MMB29Q) AppleWebKit/537.36 (KHTML, like Gecko) Chrome/52.0.2743.98 Mobile Safari/537.36"
64.233.173.136 - - [03/Jun/2017:08:37:49 +0530] "GET /images/bulllet2.gif HTTP/1.1" 200 58 "http://www.cdmindia.gov.in/project_details_view.php?id=194" "Mozilla/5.0 (Linux; Android 6.0.1; SM-J210F Build/MMB29Q) AppleWebKit/537.36 (KHTML, like Gecko) Chrome/52.0.2743.98 Mobile Safari/537.36"
64.233.173.136 - - [03/Jun/2017:08:37:49 +0530] "GET /images/bullet4.gif HTTP/1.1" 200 67 "http://www.cdmindia.gov.in/project_details_view.php?id=194" "Mozilla/5.0 (Linux; Android 6.0.1; SM-J210F Build/MMB29Q) AppleWebKit/537.36 (KHTML, like Gecko) Chrome/52.0.2743.98 Mobile Safari/537.36"
64.233.173.138 - - [03/Jun/2017:08:37:49 +0530] "GET /images/img2.jpg HTTP/1.1" 200 16276 "http://www.cdmindia.gov.in/project_details_view.php?id=194" "Mozilla/5.0 (Linux; Android 6.0.1; SM-J210F Build/MMB29Q) AppleWebKit/537.36 (KHTML, like Gecko) Chrome/52.0.2743.98 Mobile Safari/537.36"
64.233.173.138 - - [03/Jun/2017:08:37:49 +0530] "GET /images/img3.jpg HTTP/1.1" 200 26957 "http://www.cdmindia.gov.in/project_details_view.php?id=194" "Mozilla/5.0 (Linux; Android 6.0.1; SM-J210F Build/MMB29Q) AppleWebKit/537.36 (KHTML, like Gecko) Chrome/52.0.2743.98 Mobile Safari/537.36"
64.233.173.138 - - [03/Jun/2017:08:37:49 +0530] "GET /images/fdm.jpg HTTP/1.1" 200 2043 "http://www.cdmindia.gov.in/project_details_view.php?id=194" "Mozilla/5.0 (Linux; Android 6.0.1; SM-J210F Build/MMB29Q) AppleWebKit/537.36 (KHTML, like Gecko) Chrome/52.0.2743.98 Mobile Safari/537.36"
64.233.173.136 - - [03/Jun/2017:08:37:49 +0530] "GET /images/gtz.jpg HTTP/1.1" 200 15484 "http://www.cdmindia.gov.in/project_details_view.php?id=194" "Mozilla/5.0 (Linux; Android 6.0.1; SM-J210F Build/MMB29Q) AppleWebKit/537.36 (KHTML, like Gecko) Chrome/52.0.2743.98 Mobile Safari/537.36"
64.233.173.136 - - [03/Jun/2017:08:37:50 +0530] "GET /images/fbg.jpg HTTP/1.1" 200 325 "http://www.cdmindia.gov.in/project_details_view.php?id=194" "Mozilla/5.0 (Linux; Android 6.0.1; SM-J210F Build/MMB29Q) AppleWebKit/537.36 (KHTML, like Gecko) Chrome/52.0.2743.98 Mobile Safari/537.36"
64.233.173.136 - - [03/Jun/2017:08:37:50 +0530] "GET /images/img1.jpg HTTP/1.1" 200 1251 "http://www.cdmindia.gov.in/project_details_view.php?id=194" "Mozilla/5.0 (Linux; Android 6.0.1; SM-J210F Build/MMB29Q) AppleWebKit/537.36 (KHTML, like Gecko) Chrome/52.0.2743.98 Mobile Safari/537.36"
64.233.173.138 - - [03/Jun/2017:08:37:50 +0530] "GET /favicon.ico HTTP/1.1" 200 1189 "http://www.cdmindia.gov.in/project_details_view.php?id=194" "Mozilla/5.0 (Linux; Android 6.0.1; SM-J210F Build/MMB29Q) AppleWebKit/537.36 (KHTML, like Gecko) Chrome/52.0.2743.98 Mobile Safari/537.36"
35.184.189.105 - - [03/Jun/2017:08:39:25 +0530] "GET /robots.txt HTTP/1.1" 404 208 "-" "ltx71 - (http://ltx71.com/)"
66.249.79.131 - - [03/Jun/2017:08:40:41 +0530] "GET / HTTP/1.1" 200 19481 "-" "Mozilla/5.0 (compatible; Googlebot/2.1; +http://www.google.com/bot.html)"
157.55.39.171 - - [03/Jun/2017:08:41:37 +0530] "GET /detail_events.php?id= HTTP/1.1" 302 16739 "-" "Mozilla/5.0 (compatible; bingbot/2.0; +http://www.bing.com/bingbot.htm)"
157.55.39.171 - - [03/Jun/2017:08:41:38 +0530] "GET /logout.php HTTP/1.1" 302 369 "-" "Mozilla/5.0 (compatible; bingbot/2.0; +http://www.bing.com/bingbot.htm)"
157.55.39.171 - - [03/Jun/2017:08:41:39 +0530] "GET /index.php HTTP/1.1" 200 19481 "-" "Mozilla/5.0 (compatible; bingbot/2.0; +http://www.bing.com/bingbot.htm)"
202.46.55.80 - - [03/Jun/2017:08:42:30 +0530] "GET /project_details_view_report.php?id=364 HTTP/1.1" 200 13151 "-" "Mozilla/5.0 (Windows NT 10.0; WOW64) AppleWebKit/537.36 (KHTML, like Gecko) Chrome/45.0.2454.93 Safari/537.36"
35.184.189.105 - - [03/Jun/2017:08:45:09 +0530] "GET /robots.txt HTTP/1.1" 404 208 "-" "ltx71 - (http://ltx71.com/)"
66.249.79.131 - - [03/Jun/2017:08:45:48 +0530] "GET / HTTP/1.1" 200 19481 "-" "Mozilla/5.0 (Linux; Android 6.0.1; Nexus 5X Build/MMB29P) AppleWebKit/537.36 (KHTML, like Gecko) Chrome/41.0.2272.96 Mobile Safari/537.36 (compatible; Googlebot/2.1; +http://www.google.com/bot.html)"
207.46.13.103 - - [03/Jun/2017:08:49:38 +0530] "GET /detail_news.php?id=20 HTTP/1.1" 302 18267 "-" "Mozilla/5.0 (compatible; bingbot/2.0; +http://www.bing.com/bingbot.htm)"
207.46.13.103 - - [03/Jun/2017:08:49:38 +0530] "GET /logout.php HTTP/1.1" 302 369 "-" "Mozilla/5.0 (compatible; bingbot/2.0; +http://www.bing.com/bingbot.htm)"
207.46.13.103 - - [03/Jun/2017:08:49:40 +0530] "GET /index.php HTTP/1.1" 200 19481 "-" "Mozilla/5.0 (compatible; bingbot/2.0; +http://www.bing.com/bingbot.htm)"
5.9.144.195 - - [03/Jun/2017:08:50:10 +0530] "GET /robots.txt HTTP/1.1" 404 208 "-" "Mozilla/5.0 (compatible; MJ12bot/v1.4.7; http://mj12bot.com/)"
5.9.144.195 - - [03/Jun/2017:08:50:12 +0530] "GET /detail_news.php?id=16 HTTP/1.1" 302 18333 "-" "Mozilla/5.0 (compatible; MJ12bot/v1.4.7; http://mj12bot.com/)"
5.9.144.195 - - [03/Jun/2017:08:50:14 +0530] "GET /logout.php HTTP/1.1" 302 369 "-" "Mozilla/5.0 (compatible; MJ12bot/v1.4.7; http://mj12bot.com/)"
5.9.144.195 - - [03/Jun/2017:08:50:16 +0530] "GET /index.php HTTP/1.1" 200 19481 "-" "Mozilla/5.0 (compatible; MJ12bot/v1.4.7; http://mj12bot.com/)"
35.184.189.105 - - [03/Jun/2017:08:52:46 +0530] "GET /robots.txt HTTP/1.1" 404 208 "-" "ltx71 - (http://ltx71.com/)"
35.184.189.105 - - [03/Jun/2017:09:01:09 +0530] "GET /robots.txt HTTP/1.1" 404 208 "-" "ltx71 - (http://ltx71.com/)"
202.46.49.195 - - [03/Jun/2017:09:01:12 +0530] "GET /project_details_view_report.php?id=327 HTTP/1.1" 200 13149 "-" "Mozilla/5.0 (Windows NT 10.0; WOW64) AppleWebKit/537.36 (KHTML, like Gecko) Chrome/45.0.2454.93 Safari/537.36"
66.249.79.129 - - [03/Jun/2017:09:09:49 +0530] "GET /detail_news.php?id=11 HTTP/1.1" 302 18422 "-" "Mozilla/5.0 (Linux; Android 6.0.1; Nexus 5X Build/MMB29P) AppleWebKit/537.36 (KHTML, like Gecko) Chrome/41.0.2272.96 Mobile Safari/537.36 (compatible; Googlebot/2.1; +http://www.google.com/bot.html)"
66.249.79.129 - - [03/Jun/2017:09:09:50 +0530] "GET /logout.php HTTP/1.1" 302 369 "-" "Mozilla/5.0 (Linux; Android 6.0.1; Nexus 5X Build/MMB29P) AppleWebKit/537.36 (KHTML, like Gecko) Chrome/41.0.2272.96 Mobile Safari/537.36 (compatible; Googlebot/2.1; +http://www.google.com/bot.html)"
66.249.79.131 - - [03/Jun/2017:09:09:51 +0530] "GET /index.php HTTP/1.1" 200 19481 "-" "Mozilla/5.0 (Linux; Android 6.0.1; Nexus 5X Build/MMB29P) AppleWebKit/537.36 (KHTML, like Gecko) Chrome/41.0.2272.96 Mobile Safari/537.36 (compatible; Googlebot/2.1; +http://www.google.com/bot.html)"
66.249.79.129 - - [03/Jun/2017:09:11:08 +0530] "GET /project_details_view.php?id=259&oid=1&page=81&reporttype=1 HTTP/1.1" 200 13791 "-" "Mozilla/5.0 (compatible; Googlebot/2.1; +http://www.google.com/bot.html)"
104.131.147.112 - - [03/Jun/2017:09:13:54 +0530] "GET / HTTP/1.1" 200 19481 "-" "Mozilla/5.0 (compatible; Gluten Free Crawler/1.0; +http://glutenfreepleasure.com/)"
92.133.171.7 - - [03/Jun/2017:09:14:06 +0530] "GET /robots.txt HTTP/1.1" 404 208 "-" "Java/1.8.0_101"
161.69.206.27 - - [03/Jun/2017:09:14:06 +0530] "GET /project_details_view.php?id=340 HTTP/1.1" 200 14634 "https://www.google.co.in/" "Mozilla/5.0 (Windows NT 6.1; Win64; x64) AppleWebKit/537.36 (KHTML, like Gecko) Chrome/58.0.3029.110 Safari/537.36"
161.69.206.27 - - [03/Jun/2017:09:16:08 +0530] "GET /project_details_view.php?id=340 HTTP/1.1" 200 14634 "https://www.google.co.in/" "Mozilla/5.0 (Windows NT 6.1; Win64; x64) AppleWebKit/537.36 (KHTML, like Gecko) Chrome/58.0.3029.110 Safari/537.36"
207.46.13.103 - - [03/Jun/2017:09:17:33 +0530] "GET /future_projects.php HTTP/1.1" 302 26211 "-" "Mozilla/5.0 (compatible; bingbot/2.0; +http://www.bing.com/bingbot.htm)"
207.46.13.103 - - [03/Jun/2017:09:17:34 +0530] "GET /logout.php HTTP/1.1" 302 369 "-" "Mozilla/5.0 (compatible; bingbot/2.0; +http://www.bing.com/bingbot.htm)"
207.46.13.103 - - [03/Jun/2017:09:17:35 +0530] "GET /index.php HTTP/1.1" 200 19481 "-" "Mozilla/5.0 (compatible; bingbot/2.0; +http://www.bing.com/bingbot.htm)"
202.46.50.154 - - [03/Jun/2017:09:19:54 +0530] "GET /project_details_view_report.php?id=1135 HTTP/1.1" 200 13174 "-" "Mozilla/5.0 (Windows NT 10.0; WOW64) AppleWebKit/537.36 (KHTML, like Gecko) Chrome/45.0.2454.93 Safari/537.36"
66.249.79.91 - - [03/Jun/2017:09:31:29 +0530] "GET / HTTP/1.1" 200 19481 "-" "Mozilla/5.0 (compatible; Googlebot/2.1; +http://www.google.com/bot.html)"
35.184.189.105 - - [03/Jun/2017:09:34:11 +0530] "GET /robots.txt HTTP/1.1" 404 208 "-" "ltx71 - (http://ltx71.com/)"
64.233.173.137 - - [03/Jun/2017:09:34:50 +0530] "GET /project_details_view.php?id=388 HTTP/1.1" 200 15322 "android-app://com.google.android.googlequicksearchbox" "Mozilla/5.0 (Linux; Android 6.0.1; Redmi 3S Build/MMB29M) AppleWebKit/537.36 (KHTML, like Gecko) Chrome/50.0.2661.89 Mobile Safari/537.36"
64.233.173.138 - - [03/Jun/2017:09:34:50 +0530] "GET /includes/ncdma.css HTTP/1.1" 200 13023 "http://www.cdmindia.gov.in/project_details_view.php?id=388" "Mozilla/5.0 (Linux; Android 6.0.1; Redmi 3S Build/MMB29M) AppleWebKit/537.36 (KHTML, like Gecko) Chrome/50.0.2661.89 Mobile Safari/537.36"
64.233.173.138 - - [03/Jun/2017:09:34:50 +0530] "GET /Scripts/AC_RunActiveContent.js HTTP/1.1" 200 8321 "http://www.cdmindia.gov.in/project_details_view.php?id=388" "Mozilla/5.0 (Linux; Android 6.0.1; Redmi 3S Build/MMB29M) AppleWebKit/537.36 (KHTML, like Gecko) Chrome/50.0.2661.89 Mobile Safari/537.36"
64.233.173.136 - - [03/Jun/2017:09:34:51 +0530] "GET /images/spacer.gif HTTP/1.1" 200 43 "http://www.cdmindia.gov.in/project_details_view.php?id=388" "Mozilla/5.0 (Linux; Android 6.0.1; Redmi 3S Build/MMB29M) AppleWebKit/537.36 (KHTML, like Gecko) Chrome/50.0.2661.89 Mobile Safari/537.36"
64.233.173.137 - - [03/Jun/2017:09:34:51 +0530] "GET /images/bullet4.gif HTTP/1.1" 200 67 "http://www.cdmindia.gov.in/project_details_view.php?id=388" "Mozilla/5.0 (Linux; Android 6.0.1; Redmi 3S Build/MMB29M) AppleWebKit/537.36 (KHTML, like Gecko) Chrome/50.0.2661.89 Mobile Safari/537.36"
64.233.173.137 - - [03/Jun/2017:09:34:51 +0530] "GET /images/fdm.jpg HTTP/1.1" 200 2043 "http://www.cdmindia.gov.in/project_details_view.php?id=388" "Mozilla/5.0 (Linux; Android 6.0.1; Redmi 3S Build/MMB29M) AppleWebKit/537.36 (KHTML, like Gecko) Chrome/50.0.2661.89 Mobile Safari/537.36"
64.233.173.136 - - [03/Jun/2017:09:34:51 +0530] "GET /images/bulllet2.gif HTTP/1.1" 200 58 "http://www.cdmindia.gov.in/project_details_view.php?id=388" "Mozilla/5.0 (Linux; Android 6.0.1; Redmi 3S Build/MMB29M) AppleWebKit/537.36 (KHTML, like Gecko) Chrome/50.0.2661.89 Mobile Safari/537.36"
64.233.173.136 - - [03/Jun/2017:09:34:51 +0530] "GET /images/bullet1.gif HTTP/1.1" 200 67 "http://www.cdmindia.gov.in/project_details_view.php?id=388" "Mozilla/5.0 (Linux; Android 6.0.1; Redmi 3S Build/MMB29M) AppleWebKit/537.36 (KHTML, like Gecko) Chrome/50.0.2661.89 Mobile Safari/537.36"
64.233.173.136 - - [03/Jun/2017:09:34:51 +0530] "GET /images/img2.jpg HTTP/1.1" 200 16276 "http://www.cdmindia.gov.in/project_details_view.php?id=388" "Mozilla/5.0 (Linux; Android 6.0.1; Redmi 3S Build/MMB29M) AppleWebKit/537.36 (KHTML, like Gecko) Chrome/50.0.2661.89 Mobile Safari/537.36"
64.233.173.138 - - [03/Jun/2017:09:34:51 +0530] "GET /images/img3.jpg HTTP/1.1" 200 26957 "http://www.cdmindia.gov.in/project_details_view.php?id=388" "Mozilla/5.0 (Linux; Android 6.0.1; Redmi 3S Build/MMB29M) AppleWebKit/537.36 (KHTML, like Gecko) Chrome/50.0.2661.89 Mobile Safari/537.36"
64.233.173.138 - - [03/Jun/2017:09:34:51 +0530] "GET /images/gtz.jpg HTTP/1.1" 200 15484 "http://www.cdmindia.gov.in/project_details_view.php?id=388" "Mozilla/5.0 (Linux; Android 6.0.1; Redmi 3S Build/MMB29M) AppleWebKit/537.36 (KHTML, like Gecko) Chrome/50.0.2661.89 Mobile Safari/537.36"
