64.233.173.49 - - [26/Jun/2017:07:41:10 +0530] "GET /images/fbg.jpg HTTP/1.1" 200 325 "http://www.cdmindia.gov.in/project_details_view.php?id=2125" "Mozilla/5.0 (Linux; Android 5.1.1; A33f Build/LMY47V) AppleWebKit/537.36 (KHTML, like Gecko) Chrome/58.0.3029.83 Mobile Safari/537.36"
64.233.173.47 - - [26/Jun/2017:07:41:10 +0530] "GET /favicon.ico HTTP/1.1" 200 1189 "http://www.cdmindia.gov.in/project_details_view.php?id=2125" "Mozilla/5.0 (Linux; Android 5.1.1; A33f Build/LMY47V) AppleWebKit/537.36 (KHTML, like Gecko) Chrome/58.0.3029.83 Mobile Safari/537.36"
35.184.189.105 - - [26/Jun/2017:07:41:57 +0530] "GET /downloads/Carbon%20Market%20Roadmap.pdf HTTP/1.1" 200 4344697 "-" "ltx71 - (http://ltx71.com/)"
157.55.39.174 - - [26/Jun/2017:07:44:14 +0530] "GET /project_details_view.php?id=675 HTTP/1.1" 200 15247 "-" "Mozilla/5.0 (compatible; bingbot/2.0; +http://www.bing.com/bingbot.htm)"
66.249.69.83 - - [26/Jun/2017:07:50:13 +0530] "GET /project_details_view.php?id=388&oid=&page=82&reporttype= HTTP/1.1" 200 15321 "-" "Mozilla/5.0 (compatible; Googlebot/2.1; +http://www.google.com/bot.html)"
207.46.13.27 - - [26/Jun/2017:07:52:01 +0530] "GET /imp_links.php HTTP/1.1" 200 17834 "-" "Mozilla/5.0 (iPhone; CPU iPhone OS 7_0 like Mac OS X) AppleWebKit/537.51.1 (KHTML, like Gecko) Version/7.0 Mobile/11A465 Safari/9537.53 (compatible; bingbot/2.0; +http://www.bing.com/bingbot.htm)"
157.55.39.235 - - [26/Jun/2017:07:52:30 +0530] "GET /images/h_il.jpg HTTP/1.1" 200 22106 "-" "Mozilla/5.0 (iPhone; CPU iPhone OS 7_0 like Mac OS X) AppleWebKit/537.51.1 (KHTML, like Gecko) Version/7.0 Mobile/11A465 Safari/9537.53 (compatible; bingbot/2.0; +http://www.bing.com/bingbot.htm)"
66.249.69.79 - - [26/Jun/2017:07:55:24 +0530] "GET /project_details_view.php?id=86 HTTP/1.1" 200 13993 "-" "Mozilla/5.0 (compatible; Googlebot/2.1; +http://www.google.com/bot.html)"
176.119.28.249 - - [26/Jun/2017:07:55:40 +0530] "GET /project_details_view.php?id=2152 HTTP/1.0" 200 15121 "http://www.cdmindia.gov.in/" "Mozilla/5.0 (Windows NT 6.1; Win64; x64) AppleWebKit/537.36 (KHTML, like Gecko) Chrome/39.0.2171.95 Safari/537.36"
61.255.87.147 - - [26/Jun/2017:07:56:58 +0530] "GET /project_details_view.php?id=508 HTTP/1.1" 200 15038 "https://www.google.co.in/" "Mozilla/5.0 (Windows NT 6.1; Win64; x64) AppleWebKit/537.36 (KHTML, like Gecko) Chrome/58.0.3029.110 Safari/537.36"
61.255.87.147 - - [26/Jun/2017:07:56:59 +0530] "GET /includes/ncdma.css HTTP/1.1" 200 13023 "http://www.cdmindia.gov.in/project_details_view.php?id=508" "Mozilla/5.0 (Windows NT 6.1; Win64; x64) AppleWebKit/537.36 (KHTML, like Gecko) Chrome/58.0.3029.110 Safari/537.36"
61.255.87.147 - - [26/Jun/2017:07:56:59 +0530] "GET /ncdma.css HTTP/1.1" 200 12640 "http://www.cdmindia.gov.in/project_details_view.php?id=508" "Mozilla/5.0 (Windows NT 6.1; Win64; x64) AppleWebKit/537.36 (KHTML, like Gecko) Chrome/58.0.3029.110 Safari/537.36"
61.255.87.147 - - [26/Jun/2017:07:56:59 +0530] "GET /Scripts/AC_RunActiveContent.js HTTP/1.1" 200 8321 "http://www.cdmindia.gov.in/project_details_view.php?id=508" "Mozilla/5.0 (Windows NT 6.1; Win64; x64) AppleWebKit/537.36 (KHTML, like Gecko) Chrome/58.0.3029.110 Safari/537.36"
61.255.87.147 - - [26/Jun/2017:07:56:59 +0530] "GET /images/img1.jpg HTTP/1.1" 200 1251 "http://www.cdmindia.gov.in/project_details_view.php?id=508" "Mozilla/5.0 (Windows NT 6.1; Win64; x64) AppleWebKit/537.36 (KHTML, like Gecko) Chrome/58.0.3029.110 Safari/537.36"
61.255.87.147 - - [26/Jun/2017:07:56:59 +0530] "GET /images/img2.jpg HTTP/1.1" 200 16276 "http://www.cdmindia.gov.in/project_details_view.php?id=508" "Mozilla/5.0 (Windows NT 6.1; Win64; x64) AppleWebKit/537.36 (KHTML, like Gecko) Chrome/58.0.3029.110 Safari/537.36"
61.255.87.147 - - [26/Jun/2017:07:57:00 +0530] "GET /images/spacer.gif HTTP/1.1" 200 43 "http://www.cdmindia.gov.in/project_details_view.php?id=508" "Mozilla/5.0 (Windows NT 6.1; Win64; x64) AppleWebKit/537.36 (KHTML, like Gecko) Chrome/58.0.3029.110 Safari/537.36"
61.255.87.147 - - [26/Jun/2017:07:57:00 +0530] "GET /images/bullet1.gif HTTP/1.1" 200 67 "http://www.cdmindia.gov.in/project_details_view.php?id=508" "Mozilla/5.0 (Windows NT 6.1; Win64; x64) AppleWebKit/537.36 (KHTML, like Gecko) Chrome/58.0.3029.110 Safari/537.36"
61.255.87.147 - - [26/Jun/2017:07:57:00 +0530] "GET /images/bulllet2.gif HTTP/1.1" 200 58 "http://www.cdmindia.gov.in/project_details_view.php?id=508" "Mozilla/5.0 (Windows NT 6.1; Win64; x64) AppleWebKit/537.36 (KHTML, like Gecko) Chrome/58.0.3029.110 Safari/537.36"
61.255.87.147 - - [26/Jun/2017:07:56:59 +0530] "GET /images/img3.jpg HTTP/1.1" 200 26957 "http://www.cdmindia.gov.in/project_details_view.php?id=508" "Mozilla/5.0 (Windows NT 6.1; Win64; x64) AppleWebKit/537.36 (KHTML, like Gecko) Chrome/58.0.3029.110 Safari/537.36"
61.255.87.147 - - [26/Jun/2017:07:57:00 +0530] "GET /images/fdm.jpg HTTP/1.1" 200 2043 "http://www.cdmindia.gov.in/project_details_view.php?id=508" "Mozilla/5.0 (Windows NT 6.1; Win64; x64) AppleWebKit/537.36 (KHTML, like Gecko) Chrome/58.0.3029.110 Safari/537.36"
61.255.87.147 - - [26/Jun/2017:07:57:00 +0530] "GET /images/bullet4.gif HTTP/1.1" 200 67 "http://www.cdmindia.gov.in/project_details_view.php?id=508" "Mozilla/5.0 (Windows NT 6.1; Win64; x64) AppleWebKit/537.36 (KHTML, like Gecko) Chrome/58.0.3029.110 Safari/537.36"
61.255.87.147 - - [26/Jun/2017:07:57:01 +0530] "GET /images/gtz.jpg HTTP/1.1" 200 15484 "http://www.cdmindia.gov.in/project_details_view.php?id=508" "Mozilla/5.0 (Windows NT 6.1; Win64; x64) AppleWebKit/537.36 (KHTML, like Gecko) Chrome/58.0.3029.110 Safari/537.36"
61.255.87.147 - - [26/Jun/2017:07:57:01 +0530] "GET /images/fbg.jpg HTTP/1.1" 200 325 "http://www.cdmindia.gov.in/project_details_view.php?id=508" "Mozilla/5.0 (Windows NT 6.1; Win64; x64) AppleWebKit/537.36 (KHTML, like Gecko) Chrome/58.0.3029.110 Safari/537.36"
61.255.87.147 - - [26/Jun/2017:07:57:01 +0530] "GET /favicon.ico HTTP/1.1" 200 1189 "http://www.cdmindia.gov.in/project_details_view.php?id=508" "Mozilla/5.0 (Windows NT 6.1; Win64; x64) AppleWebKit/537.36 (KHTML, like Gecko) Chrome/58.0.3029.110 Safari/537.36"
61.255.87.147 - - [26/Jun/2017:07:58:07 +0530] "GET /approved_projects.php?n=1 HTTP/1.1" 200 16642 "http://www.cdmindia.gov.in/project_details_view.php?id=508" "Mozilla/5.0 (Windows NT 6.1; Win64; x64) AppleWebKit/537.36 (KHTML, like Gecko) Chrome/58.0.3029.110 Safari/537.36"
61.255.87.147 - - [26/Jun/2017:07:58:08 +0530] "GET /js/datepicker/latest_datepicker.css HTTP/1.1" 200 2283 "http://www.cdmindia.gov.in/approved_projects.php?n=1" "Mozilla/5.0 (Windows NT 6.1; Win64; x64) AppleWebKit/537.36 (KHTML, like Gecko) Chrome/58.0.3029.110 Safari/537.36"
61.255.87.147 - - [26/Jun/2017:07:58:08 +0530] "GET /js/datepicker/latest_demo.css HTTP/1.1" 200 574 "http://www.cdmindia.gov.in/approved_projects.php?n=1" "Mozilla/5.0 (Windows NT 6.1; Win64; x64) AppleWebKit/537.36 (KHTML, like Gecko) Chrome/58.0.3029.110 Safari/537.36"
61.255.87.147 - - [26/Jun/2017:07:58:08 +0530] "GET /js/datepicker/latest_date.js HTTP/1.1" 200 11986 "http://www.cdmindia.gov.in/approved_projects.php?n=1" "Mozilla/5.0 (Windows NT 6.1; Win64; x64) AppleWebKit/537.36 (KHTML, like Gecko) Chrome/58.0.3029.110 Safari/537.36"
61.255.87.147 - - [26/Jun/2017:07:58:08 +0530] "GET /js/jquery.js HTTP/1.1" 200 55774 "http://www.cdmindia.gov.in/approved_projects.php?n=1" "Mozilla/5.0 (Windows NT 6.1; Win64; x64) AppleWebKit/537.36 (KHTML, like Gecko) Chrome/58.0.3029.110 Safari/537.36"
61.255.87.147 - - [26/Jun/2017:07:58:08 +0530] "GET /js/datepicker/latest_jquery.datePicker.js HTTP/1.1" 200 37423 "http://www.cdmindia.gov.in/approved_projects.php?n=1" "Mozilla/5.0 (Windows NT 6.1; Win64; x64) AppleWebKit/537.36 (KHTML, like Gecko) Chrome/58.0.3029.110 Safari/537.36"
61.255.87.147 - - [26/Jun/2017:07:58:10 +0530] "GET /js/datepicker/calendar.gif HTTP/1.1" 200 235 "http://www.cdmindia.gov.in/js/datepicker/latest_demo.css" "Mozilla/5.0 (Windows NT 6.1; Win64; x64) AppleWebKit/537.36 (KHTML, like Gecko) Chrome/58.0.3029.110 Safari/537.36"
157.55.39.84 - - [26/Jun/2017:07:58:37 +0530] "GET /project_details_view_report.php?id=267 HTTP/1.1" 200 13095 "-" "Mozilla/5.0 (compatible; bingbot/2.0; +http://www.bing.com/bingbot.htm)"
61.255.87.147 - - [26/Jun/2017:07:59:08 +0530] "POST /approved_projects.php HTTP/1.1" 200 17729 "http://www.cdmindia.gov.in/approved_projects.php?n=1" "Mozilla/5.0 (Windows NT 6.1; Win64; x64) AppleWebKit/537.36 (KHTML, like Gecko) Chrome/58.0.3029.110 Safari/537.36"
61.255.87.147 - - [26/Jun/2017:07:59:36 +0530] "GET /future_projects.php HTTP/1.1" 200 26210 "http://www.cdmindia.gov.in/approved_projects.php" "Mozilla/5.0 (Windows NT 6.1; Win64; x64) AppleWebKit/537.36 (KHTML, like Gecko) Chrome/58.0.3029.110 Safari/537.36"
61.255.87.147 - - [26/Jun/2017:07:59:36 +0530] "GET /js/future_projects.js HTTP/1.1" 200 19436 "http://www.cdmindia.gov.in/future_projects.php" "Mozilla/5.0 (Windows NT 6.1; Win64; x64) AppleWebKit/537.36 (KHTML, like Gecko) Chrome/58.0.3029.110 Safari/537.36"
61.255.87.147 - - [26/Jun/2017:07:59:37 +0530] "GET /js/ajax_client.js HTTP/1.1" 200 20869 "http://www.cdmindia.gov.in/future_projects.php" "Mozilla/5.0 (Windows NT 6.1; Win64; x64) AppleWebKit/537.36 (KHTML, like Gecko) Chrome/58.0.3029.110 Safari/537.36"
61.255.87.147 - - [26/Jun/2017:07:59:37 +0530] "GET /includes/CaptchaSecurityImages.php?width=80&height=30&characters=5 HTTP/1.1" 200 2125 "http://www.cdmindia.gov.in/future_projects.php" "Mozilla/5.0 (Windows NT 6.1; Win64; x64) AppleWebKit/537.36 (KHTML, like Gecko) Chrome/58.0.3029.110 Safari/537.36"
61.255.87.147 - - [26/Jun/2017:07:59:46 +0530] "GET /approved_projects.php?n=1 HTTP/1.1" 200 16642 "http://www.cdmindia.gov.in/future_projects.php" "Mozilla/5.0 (Windows NT 6.1; Win64; x64) AppleWebKit/537.36 (KHTML, like Gecko) Chrome/58.0.3029.110 Safari/537.36"
61.255.87.147 - - [26/Jun/2017:07:59:50 +0530] "GET /future_projects.php HTTP/1.1" 200 26210 "http://www.cdmindia.gov.in/approved_projects.php" "Mozilla/5.0 (Windows NT 6.1; Win64; x64) AppleWebKit/537.36 (KHTML, like Gecko) Chrome/58.0.3029.110 Safari/537.36"
61.255.87.147 - - [26/Jun/2017:07:59:52 +0530] "GET /approved_projects.php?n=1 HTTP/1.1" 200 16642 "http://www.cdmindia.gov.in/project_details_view.php?id=508" "Mozilla/5.0 (Windows NT 6.1; Win64; x64) AppleWebKit/537.36 (KHTML, like Gecko) Chrome/58.0.3029.110 Safari/537.36"
61.255.87.147 - - [26/Jun/2017:07:59:54 +0530] "POST /approved_projects.php HTTP/1.1" 200 17729 "http://www.cdmindia.gov.in/approved_projects.php?n=1" "Mozilla/5.0 (Windows NT 6.1; Win64; x64) AppleWebKit/537.36 (KHTML, like Gecko) Chrome/58.0.3029.110 Safari/537.36"
61.255.87.147 - - [26/Jun/2017:08:00:01 +0530] "GET /Approved_proj_reports_list_details.php?id=13&reporttype=1&scale=&sdt=&edt=&exec=SLG HTTP/1.1" 200 13038 "http://www.cdmindia.gov.in/approved_projects.php" "Mozilla/5.0 (Windows NT 6.1; Win64; x64) AppleWebKit/537.36 (KHTML, like Gecko) Chrome/58.0.3029.110 Safari/537.36"
61.255.87.147 - - [26/Jun/2017:08:00:11 +0530] "GET /project_details_view.php?id=31&oid=13&page=1&reporttype=1 HTTP/1.1" 200 13804 "http://www.cdmindia.gov.in/Approved_proj_reports_list_details.php?id=13&reporttype=1&scale=&sdt=&edt=&exec=SLG" "Mozilla/5.0 (Windows NT 6.1; Win64; x64) AppleWebKit/537.36 (KHTML, like Gecko) Chrome/58.0.3029.110 Safari/537.36"
61.255.87.147 - - [26/Jun/2017:08:00:42 +0530] "GET /Approved_proj_reports_list_details.php?id=13&reporttype=1&scale=&sdt=&edt=&exec=SLG HTTP/1.1" 200 13038 "http://www.cdmindia.gov.in/approved_projects.php" "Mozilla/5.0 (Windows NT 6.1; Win64; x64) AppleWebKit/537.36 (KHTML, like Gecko) Chrome/58.0.3029.110 Safari/537.36"
61.255.87.147 - - [26/Jun/2017:08:00:50 +0530] "GET /approved_projects.php?n1=1 HTTP/1.1" 200 17729 "http://www.cdmindia.gov.in/Approved_proj_reports_list_details.php?id=13&reporttype=1&scale=&sdt=&edt=&exec=SLG" "Mozilla/5.0 (Windows NT 6.1; Win64; x64) AppleWebKit/537.36 (KHTML, like Gecko) Chrome/58.0.3029.110 Safari/537.36"
61.255.87.147 - - [26/Jun/2017:08:01:05 +0530] "POST /approved_projects.php HTTP/1.1" 200 17763 "http://www.cdmindia.gov.in/approved_projects.php?n1=1" "Mozilla/5.0 (Windows NT 6.1; Win64; x64) AppleWebKit/537.36 (KHTML, like Gecko) Chrome/58.0.3029.110 Safari/537.36"
61.255.87.147 - - [26/Jun/2017:08:01:10 +0530] "GET /Approved_proj_reports_list_details.php?id=1&reporttype=1&scale=&sdt=&edt=&exec=SLG HTTP/1.1" 200 15833 "http://www.cdmindia.gov.in/approved_projects.php" "Mozilla/5.0 (Windows NT 6.1; Win64; x64) AppleWebKit/537.36 (KHTML, like Gecko) Chrome/58.0.3029.110 Safari/537.36"
61.255.87.147 - - [26/Jun/2017:08:01:24 +0530] "GET /Approved_proj_reports_list_details.php?id=1&reporttype=1&scale=&sdt=&edt=&exec=SLG&page=2 HTTP/1.1" 200 15719 "http://www.cdmindia.gov.in/Approved_proj_reports_list_details.php?id=1&reporttype=1&scale=&sdt=&edt=&exec=SLG" "Mozilla/5.0 (Windows NT 6.1; Win64; x64) AppleWebKit/537.36 (KHTML, like Gecko) Chrome/58.0.3029.110 Safari/537.36"
61.255.87.147 - - [26/Jun/2017:08:01:35 +0530] "GET /project_details_view.php?id=535&oid=1&page=2&reporttype=1 HTTP/1.1" 200 14140 "http://www.cdmindia.gov.in/Approved_proj_reports_list_details.php?id=1&reporttype=1&scale=&sdt=&edt=&exec=SLG&page=2" "Mozilla/5.0 (Windows NT 6.1; Win64; x64) AppleWebKit/537.36 (KHTML, like Gecko) Chrome/58.0.3029.110 Safari/537.36"
61.255.87.147 - - [26/Jun/2017:08:03:14 +0530] "GET /Approved_proj_reports_list_details.php?id=1&reporttype=1&scale=&sdt=&edt=&exec=SLG&page=3 HTTP/1.1" 200 13746 "http://www.cdmindia.gov.in/Approved_proj_reports_list_details.php?id=1&reporttype=1&scale=&sdt=&edt=&exec=SLG&page=2" "Mozilla/5.0 (Windows NT 6.1; Win64; x64) AppleWebKit/537.36 (KHTML, like Gecko) Chrome/58.0.3029.110 Safari/537.36"
61.255.87.147 - - [26/Jun/2017:08:03:44 +0530] "GET /approved_projects.php?n1=1 HTTP/1.1" 200 17763 "http://www.cdmindia.gov.in/Approved_proj_reports_list_details.php?id=1&reporttype=1&scale=&sdt=&edt=&exec=SLG&page=3" "Mozilla/5.0 (Windows NT 6.1; Win64; x64) AppleWebKit/537.36 (KHTML, like Gecko) Chrome/58.0.3029.110 Safari/537.36"
61.255.87.147 - - [26/Jun/2017:08:03:58 +0530] "POST /approved_projects.php HTTP/1.1" 200 17269 "http://www.cdmindia.gov.in/approved_projects.php?n1=1" "Mozilla/5.0 (Windows NT 6.1; Win64; x64) AppleWebKit/537.36 (KHTML, like Gecko) Chrome/58.0.3029.110 Safari/537.36"
61.255.87.147 - - [26/Jun/2017:08:04:03 +0530] "POST /approved_projects.php HTTP/1.1" 200 17706 "http://www.cdmindia.gov.in/approved_projects.php" "Mozilla/5.0 (Windows NT 6.1; Win64; x64) AppleWebKit/537.36 (KHTML, like Gecko) Chrome/58.0.3029.110 Safari/537.36"
61.255.87.147 - - [26/Jun/2017:08:04:06 +0530] "GET /Approved_proj_reports_list_details.php?id=3&reporttype=1&scale=&sdt=&edt=&exec=SLG HTTP/1.1" 200 15514 "http://www.cdmindia.gov.in/approved_projects.php" "Mozilla/5.0 (Windows NT 6.1; Win64; x64) AppleWebKit/537.36 (KHTML, like Gecko) Chrome/58.0.3029.110 Safari/537.36"
61.255.87.147 - - [26/Jun/2017:08:04:10 +0530] "GET /approved_projects.php?n1=1 HTTP/1.1" 200 17706 "http://www.cdmindia.gov.in/Approved_proj_reports_list_details.php?id=3&reporttype=1&scale=&sdt=&edt=&exec=SLG" "Mozilla/5.0 (Windows NT 6.1; Win64; x64) AppleWebKit/537.36 (KHTML, like Gecko) Chrome/58.0.3029.110 Safari/537.36"
61.255.87.147 - - [26/Jun/2017:08:04:18 +0530] "POST /approved_projects.php HTTP/1.1" 200 17741 "http://www.cdmindia.gov.in/approved_projects.php?n1=1" "Mozilla/5.0 (Windows NT 6.1; Win64; x64) AppleWebKit/537.36 (KHTML, like Gecko) Chrome/58.0.3029.110 Safari/537.36"
61.255.87.147 - - [26/Jun/2017:08:04:22 +0530] "GET /Approved_proj_reports_list_details.php?id=13&reporttype=1&scale=&sdt=&edt=&exec=Private HTTP/1.1" 200 15886 "http://www.cdmindia.gov.in/approved_projects.php" "Mozilla/5.0 (Windows NT 6.1; Win64; x64) AppleWebKit/537.36 (KHTML, like Gecko) Chrome/58.0.3029.110 Safari/537.36"
61.255.87.147 - - [26/Jun/2017:08:05:07 +0530] "GET /project_details_view.php?id=1156&oid=13&page=1&reporttype=1 HTTP/1.1" 200 14578 "http://www.cdmindia.gov.in/Approved_proj_reports_list_details.php?id=13&reporttype=1&scale=&sdt=&edt=&exec=Private" "Mozilla/5.0 (Windows NT 6.1; Win64; x64) AppleWebKit/537.36 (KHTML, like Gecko) Chrome/58.0.3029.110 Safari/537.36"
66.249.69.79 - - [26/Jun/2017:08:05:42 +0530] "GET /project_details_view_report.php?id=485 HTTP/1.1" 200 13195 "-" "Mozilla/5.0 (compatible; Googlebot/2.1; +http://www.google.com/bot.html)"
66.249.66.129 - - [26/Jun/2017:08:05:42 +0530] "GET /project_details_view_report.php?id=485 HTTP/1.1" 200 13195 "-" "Mozilla/5.0 (compatible; Googlebot/2.1; +http://www.google.com/bot.html)"
61.255.87.147 - - [26/Jun/2017:08:05:58 +0530] "GET /Approved_proj_reports_list_details.php?id=13&reporttype=1&scale=&sdt=&edt=&exec=Private HTTP/1.1" 200 15886 "http://www.cdmindia.gov.in/approved_projects.php" "Mozilla/5.0 (Windows NT 6.1; Win64; x64) AppleWebKit/537.36 (KHTML, like Gecko) Chrome/58.0.3029.110 Safari/537.36"
61.255.87.147 - - [26/Jun/2017:08:06:03 +0530] "GET /Approved_proj_reports_list_details.php?id=13&reporttype=1&scale=&sdt=&edt=&exec=Private&page=2 HTTP/1.1" 200 15387 "http://www.cdmindia.gov.in/Approved_proj_reports_list_details.php?id=13&reporttype=1&scale=&sdt=&edt=&exec=Private" "Mozilla/5.0 (Windows NT 6.1; Win64; x64) AppleWebKit/537.36 (KHTML, like Gecko) Chrome/58.0.3029.110 Safari/537.36"
157.55.39.174 - - [26/Jun/2017:08:07:58 +0530] "GET /approved_projects.php?n=1 HTTP/1.1" 200 16642 "-" "Mozilla/5.0 (compatible; bingbot/2.0; +http://www.bing.com/bingbot.htm)"
202.46.54.98 - - [26/Jun/2017:08:08:51 +0530] "GET /project_details_view_report.php?id=337 HTTP/1.1" 200 13096 "-" "Mozilla/5.0 (Windows NT 10.0; WOW64) AppleWebKit/537.36 (KHTML, like Gecko) Chrome/45.0.2454.93 Safari/537.36"
66.249.69.83 - - [26/Jun/2017:08:10:42 +0530] "GET /approval_process.php HTTP/1.1" 200 25912 "-" "Mozilla/5.0 (compatible; Googlebot/2.1; +http://www.google.com/bot.html)"
66.249.69.81 - - [26/Jun/2017:08:20:53 +0530] "GET /reports_list_details.php?id=Andhra&reporttype=&page=283 HTTP/1.1" 200 22141 "-" "Mozilla/5.0 (compatible; Googlebot/2.1; +http://www.google.com/bot.html)"
157.55.39.235 - - [26/Jun/2017:08:25:15 +0530] "GET /news_more.php HTTP/1.1" 200 21323 "-" "Mozilla/5.0 (compatible; bingbot/2.0; +http://www.bing.com/bingbot.htm)"
207.46.13.27 - - [26/Jun/2017:08:26:13 +0530] "GET /reports_new.php?n=1 HTTP/1.1" 200 22411 "-" "Mozilla/5.0 (compatible; bingbot/2.0; +http://www.bing.com/bingbot.htm)"
66.249.69.81 - - [26/Jun/2017:08:27:35 +0530] "GET /detail_news.php?id=11 HTTP/1.1" 302 18421 "-" "Mozilla/5.0 (compatible; Googlebot/2.1; +http://www.google.com/bot.html)"
66.249.69.83 - - [26/Jun/2017:08:27:36 +0530] "GET /logout.php HTTP/1.1" 302 369 "-" "Mozilla/5.0 (compatible; Googlebot/2.1; +http://www.google.com/bot.html)"
66.249.69.81 - - [26/Jun/2017:08:27:37 +0530] "GET /index.php HTTP/1.1" 200 19490 "-" "Mozilla/5.0 (compatible; Googlebot/2.1; +http://www.google.com/bot.html)"
157.55.39.235 - - [26/Jun/2017:08:27:58 +0530] "GET /project_details_view_report.php?id=1443 HTTP/1.1" 200 13179 "-" "Mozilla/5.0 (compatible; bingbot/2.0; +http://www.bing.com/bingbot.htm)"
157.55.39.84 - - [26/Jun/2017:08:28:54 +0530] "GET /downloads/New%20PCN.doc HTTP/1.1" 200 435200 "-" "Mozilla/5.0 (compatible; bingbot/2.0; +http://www.bing.com/bingbot.htm)"
202.46.48.197 - - [26/Jun/2017:08:28:59 +0530] "GET /project_details_view.php?id=51 HTTP/1.1" 200 14887 "-" "Mozilla/5.0 (Windows NT 10.0; WOW64) AppleWebKit/537.36 (KHTML, like Gecko) Chrome/45.0.2454.93 Safari/537.36"
157.55.39.174 - - [26/Jun/2017:08:30:50 +0530] "GET /downloads/Existing%20PCN.doc HTTP/1.1" 200 114176 "-" "Mozilla/5.0 (compatible; bingbot/2.0; +http://www.bing.com/bingbot.htm)"
157.55.39.174 - - [26/Jun/2017:08:30:55 +0530] "GET /contactus.php HTTP/1.1" 200 18292 "-" "Mozilla/5.0 (compatible; bingbot/2.0; +http://www.bing.com/bingbot.htm)"
66.249.69.81 - - [26/Jun/2017:08:31:02 +0530] "GET /project_details_view.php?id=817&oid=&page=68&reporttype= HTTP/1.1" 200 14100 "-" "Mozilla/5.0 (compatible; Googlebot/2.1; +http://www.google.com/bot.html)"
157.55.39.174 - - [26/Jun/2017:08:31:49 +0530] "GET /project_details_view_report.php?id=1652 HTTP/1.1" 200 13265 "-" "Mozilla/5.0 (compatible; bingbot/2.0; +http://www.bing.com/bingbot.htm)"
216.244.66.248 - - [26/Jun/2017:08:33:57 +0530] "GET /robots.txt HTTP/1.1" 404 208 "-" "Mozilla/5.0 (compatible; DotBot/1.1; http://www.opensiteexplorer.org/dotbot, help@moz.com)"
66.249.69.83 - - [26/Jun/2017:08:36:01 +0530] "GET /project_details_view.php?id=2036&oid=&page=5&reporttype= HTTP/1.1" 200 14198 "-" "Mozilla/5.0 (compatible; Googlebot/2.1; +http://www.google.com/bot.html)"
66.249.69.81 - - [26/Jun/2017:08:37:51 +0530] "GET /events_more.php HTTP/1.1" 200 16905 "-" "Mozilla/5.0 (compatible; Googlebot/2.1; +http://www.google.com/bot.html)"
207.46.13.27 - - [26/Jun/2017:08:39:03 +0530] "GET /aboutus.php HTTP/1.1" 200 19597 "-" "Mozilla/5.0 (compatible; bingbot/2.0; +http://www.bing.com/bingbot.htm)"
199.30.24.76 - - [26/Jun/2017:08:40:39 +0530] "GET /Scripts/AC_RunActiveContent.js HTTP/1.1" 200 8321 "http://cdmindia.gov.in/project_details_view_report.php?id=1443" "Mozilla/5.0 (Windows NT 6.1; WOW64) AppleWebKit/534+ (KHTML, like Gecko) BingPreview/1.0b"
199.30.24.76 - - [26/Jun/2017:08:40:39 +0530] "GET /ncdma.css HTTP/1.1" 200 12640 "http://cdmindia.gov.in/project_details_view_report.php?id=1443" "Mozilla/5.0 (Windows NT 6.1; WOW64) AppleWebKit/534+ (KHTML, like Gecko) BingPreview/1.0b"
66.249.69.83 - - [26/Jun/2017:08:41:03 +0530] "GET / HTTP/1.1" 200 19490 "-" "Mozilla/5.0 (Linux; Android 6.0.1; Nexus 5X Build/MMB29P) AppleWebKit/537.36 (KHTML, like Gecko) Chrome/41.0.2272.96 Mobile Safari/537.36 (compatible; Googlebot/2.1; +http://www.google.com/bot.html)"
216.244.66.248 - - [26/Jun/2017:08:44:46 +0530] "GET /reports_new.php?n=1 HTTP/1.1" 200 22411 "-" "Mozilla/5.0 (compatible; DotBot/1.1; http://www.opensiteexplorer.org/dotbot, help@moz.com)"
157.55.39.84 - - [26/Jun/2017:08:45:36 +0530] "GET /Approved_proj_reports_list_details.php?id=1&reporttype=&scale=&sdt=&edt=&exec=&page=6 HTTP/1.1" 200 17280 "-" "Mozilla/5.0 (compatible; bingbot/2.0; +http://www.bing.com/bingbot.htm)"
66.249.69.81 - - [26/Jun/2017:08:46:02 +0530] "GET /project_details_view.php?id=1915&oid=&page=10&reporttype= HTTP/1.1" 200 14808 "-" "Mozilla/5.0 (compatible; Googlebot/2.1; +http://www.google.com/bot.html)"
66.249.66.133 - - [26/Jun/2017:08:46:02 +0530] "GET /project_details_view.php?id=1915&oid=&page=10&reporttype= HTTP/1.1" 200 14808 "-" "Mozilla/5.0 (compatible; Googlebot/2.1; +http://www.google.com/bot.html)"
157.55.39.174 - - [26/Jun/2017:08:46:12 +0530] "GET /project_details_view.php?id=1414 HTTP/1.1" 200 14510 "-" "Mozilla/5.0 (iPhone; CPU iPhone OS 7_0 like Mac OS X) AppleWebKit/537.51.1 (KHTML, like Gecko) Version/7.0 Mobile/11A465 Safari/9537.53 (compatible; bingbot/2.0; +http://www.bing.com/bingbot.htm)"
157.55.39.235 - - [26/Jun/2017:08:46:20 +0530] "GET /project_details_view.php?id=1314 HTTP/1.1" 200 14557 "-" "Mozilla/5.0 (iPhone; CPU iPhone OS 7_0 like Mac OS X) AppleWebKit/537.51.1 (KHTML, like Gecko) Version/7.0 Mobile/11A465 Safari/9537.53 (compatible; bingbot/2.0; +http://www.bing.com/bingbot.htm)"
66.249.69.79 - - [26/Jun/2017:08:46:27 +0530] "GET /downloads/Carbon%20Market%20Roadmap.pdf HTTP/1.1" 200 4344697 "-" "Mozilla/5.0 (compatible; Googlebot/2.1; +http://www.google.com/bot.html)"
207.46.13.27 - - [26/Jun/2017:08:47:59 +0530] "GET /detail_news.php?id=13 HTTP/1.1" 302 37748 "-" "Mozilla/5.0 (compatible; bingbot/2.0; +http://www.bing.com/bingbot.htm)"
207.46.13.27 - - [26/Jun/2017:08:48:01 +0530] "GET /logout.php HTTP/1.1" 302 369 "-" "Mozilla/5.0 (compatible; bingbot/2.0; +http://www.bing.com/bingbot.htm)"
207.46.13.27 - - [26/Jun/2017:08:48:02 +0530] "GET /index.php HTTP/1.1" 200 19490 "-" "Mozilla/5.0 (compatible; bingbot/2.0; +http://www.bing.com/bingbot.htm)"
202.46.54.16 - - [26/Jun/2017:08:49:07 +0530] "GET /project_details_view.php?id=1043 HTTP/1.1" 200 14388 "-" "Mozilla/5.0 (Windows NT 10.0; WOW64) AppleWebKit/537.36 (KHTML, like Gecko) Chrome/45.0.2454.93 Safari/537.36"
207.46.13.27 - - [26/Jun/2017:08:50:22 +0530] "GET /reports_new.php?n=1 HTTP/1.1" 200 22411 "-" "Mozilla/5.0 (compatible; bingbot/2.0; +http://www.bing.com/bingbot.htm)"
157.55.39.235 - - [26/Jun/2017:08:51:25 +0530] "GET /detail_news.php?id=19 HTTP/1.1" 302 19082 "-" "Mozilla/5.0 (compatible; bingbot/2.0; +http://www.bing.com/bingbot.htm)"
157.55.39.235 - - [26/Jun/2017:08:51:27 +0530] "GET /logout.php HTTP/1.1" 302 369 "-" "Mozilla/5.0 (compatible; bingbot/2.0; +http://www.bing.com/bingbot.htm)"
157.55.39.235 - - [26/Jun/2017:08:51:28 +0530] "GET /index.php HTTP/1.1" 200 19490 "-" "Mozilla/5.0 (compatible; bingbot/2.0; +http://www.bing.com/bingbot.htm)"
66.249.66.129 - - [26/Jun/2017:08:54:25 +0530] "GET /project_details_view_report.php?id=1042 HTTP/1.1" 200 13216 "-" "Mozilla/5.0 (compatible; Googlebot/2.1; +http://www.google.com/bot.html)"
66.249.69.81 - - [26/Jun/2017:08:54:37 +0530] "GET /detail_news.php?id=4 HTTP/1.1" 302 19562 "-" "Mozilla/5.0 (compatible; Googlebot/2.1; +http://www.google.com/bot.html)"
66.249.69.79 - - [26/Jun/2017:08:54:38 +0530] "GET /logout.php HTTP/1.1" 302 369 "-" "Mozilla/5.0 (compatible; Googlebot/2.1; +http://www.google.com/bot.html)"
66.249.69.79 - - [26/Jun/2017:08:54:39 +0530] "GET /index.php HTTP/1.1" 200 19490 "-" "Mozilla/5.0 (compatible; Googlebot/2.1; +http://www.google.com/bot.html)"
163.172.101.137 - - [26/Jun/2017:08:55:54 +0530] "GET / HTTP/1.1" 200 19490 "http://burger-imperia.com/" "Mozilla/5.0 (X11; Linux x86_64) AppleWebKit/537.36 (KHTML, like Gecko) Chrome/37.0.2062.120 Safari/537.36"
66.249.69.83 - - [26/Jun/2017:08:56:12 +0530] "GET /project_details_view.php?id=1315 HTTP/1.1" 200 14342 "-" "Mozilla/5.0 (compatible; Googlebot/2.1; +http://www.google.com/bot.html)"
66.249.69.81 - - [26/Jun/2017:08:56:17 +0530] "GET /reports_list_details.php?id=tubkayrstf&reporttype=&page=259 HTTP/1.1" 200 22279 "-" "Mozilla/5.0 (compatible; Googlebot/2.1; +http://www.google.com/bot.html)"
66.249.75.27 - - [26/Jun/2017:09:01:12 +0530] "GET /robots.txt HTTP/1.1" 404 208 "-" "Mozilla/5.0 (compatible; Googlebot/2.1; +http://www.google.com/bot.html)"
66.249.75.28 - - [26/Jun/2017:09:01:13 +0530] "GET / HTTP/1.1" 200 19490 "-" "Mozilla/5.0 (compatible; Googlebot/2.1; +http://www.google.com/bot.html)"
157.55.39.174 - - [26/Jun/2017:09:01:26 +0530] "GET /approved_projects.php?n=1/ HTTP/1.1" 200 16642 "-" "Mozilla/5.0 (compatible; bingbot/2.0; +http://www.bing.com/bingbot.htm)"
157.55.39.174 - - [26/Jun/2017:09:01:27 +0530] "GET /Approved_proj_reports_list_details.php?id=1&reporttype=1&scale=&sdt=&edt=&exec= HTTP/1.1" 200 16308 "-" "Mozilla/5.0 (compatible; bingbot/2.0; +http://www.bing.com/bingbot.htm)"
207.46.13.27 - - [26/Jun/2017:09:01:33 +0530] "GET /capacity_building.php/ HTTP/1.1" 200 19186 "-" "Mozilla/5.0 (compatible; bingbot/2.0; +http://www.bing.com/bingbot.htm)"
207.46.13.27 - - [26/Jun/2017:09:01:34 +0530] "GET /Approved_proj_reports_list_details.php?id=13&reporttype=1&scale=&sdt=&edt=&exec= HTTP/1.1" 200 15917 "-" "Mozilla/5.0 (compatible; bingbot/2.0; +http://www.bing.com/bingbot.htm)"
207.46.13.27 - - [26/Jun/2017:09:01:35 +0530] "GET /sitemap.php/ HTTP/1.1" 200 18469 "-" "Mozilla/5.0 (compatible; bingbot/2.0; +http://www.bing.com/bingbot.htm)"
207.46.13.27 - - [26/Jun/2017:09:01:36 +0530] "GET /index.php?erro=1 HTTP/1.1" 200 19517 "-" "Mozilla/5.0 (compatible; bingbot/2.0; +http://www.bing.com/bingbot.htm)"
66.249.69.81 - - [26/Jun/2017:09:01:47 +0530] "GET /reports_list_details.php?id=tubkayrstf&reporttype=&page=261 HTTP/1.1" 200 22030 "-" "Mozilla/5.0 (compatible; Googlebot/2.1; +http://www.google.com/bot.html)"
66.249.69.79 - - [26/Jun/2017:09:02:48 +0530] "GET /detail_news.php?id=5 HTTP/1.1" 302 19150 "-" "Mozilla/5.0 (compatible; Googlebot/2.1; +http://www.google.com/bot.html)"
66.249.69.81 - - [26/Jun/2017:09:02:49 +0530] "GET /logout.php HTTP/1.1" 302 369 "-" "Mozilla/5.0 (compatible; Googlebot/2.1; +http://www.google.com/bot.html)"
66.249.69.81 - - [26/Jun/2017:09:02:49 +0530] "GET /index.php HTTP/1.1" 200 19490 "-" "Mozilla/5.0 (compatible; Googlebot/2.1; +http://www.google.com/bot.html)"
157.55.39.84 - - [26/Jun/2017:09:04:51 +0530] "GET /downloads/Comparision%20of%20PCN_30.03.doc HTTP/1.1" 200 49664 "-" "Mozilla/5.0 (compatible; bingbot/2.0; +http://www.bing.com/bingbot.htm)"
157.55.39.174 - - [26/Jun/2017:09:05:22 +0530] "GET /approval_process.php HTTP/1.1" 200 25912 "-" "Mozilla/5.0 (compatible; bingbot/2.0; +http://www.bing.com/bingbot.htm)"
66.249.69.79 - - [26/Jun/2017:09:06:33 +0530] "GET /reports_list_details.php?id=tubkayrstf&reporttype=&page=266 HTTP/1.1" 200 22225 "-" "Mozilla/5.0 (compatible; Googlebot/2.1; +http://www.google.com/bot.html)"
47.8.9.28 - - [26/Jun/2017:09:07:13 +0530] "GET /project_details_view.php?id=1624 HTTP/1.1" 200 14035 "https://www.google.co.in/" "Mozilla/5.0 (Windows NT 6.1) AppleWebKit/537.36 (KHTML, like Gecko) Chrome/58.0.3029.110 Safari/537.36"
47.8.9.28 - - [26/Jun/2017:09:07:13 +0530] "GET /includes/ncdma.css HTTP/1.1" 200 13023 "http://www.cdmindia.gov.in/project_details_view.php?id=1624" "Mozilla/5.0 (Windows NT 6.1) AppleWebKit/537.36 (KHTML, like Gecko) Chrome/58.0.3029.110 Safari/537.36"
47.8.9.28 - - [26/Jun/2017:09:07:13 +0530] "GET /ncdma.css HTTP/1.1" 200 12640 "http://www.cdmindia.gov.in/project_details_view.php?id=1624" "Mozilla/5.0 (Windows NT 6.1) AppleWebKit/537.36 (KHTML, like Gecko) Chrome/58.0.3029.110 Safari/537.36"
47.8.9.28 - - [26/Jun/2017:09:07:13 +0530] "GET /Scripts/AC_RunActiveContent.js HTTP/1.1" 200 8321 "http://www.cdmindia.gov.in/project_details_view.php?id=1624" "Mozilla/5.0 (Windows NT 6.1) AppleWebKit/537.36 (KHTML, like Gecko) Chrome/58.0.3029.110 Safari/537.36"
47.8.9.28 - - [26/Jun/2017:09:07:14 +0530] "GET /images/img2.jpg HTTP/1.1" 200 16276 "http://www.cdmindia.gov.in/project_details_view.php?id=1624" "Mozilla/5.0 (Windows NT 6.1) AppleWebKit/537.36 (KHTML, like Gecko) Chrome/58.0.3029.110 Safari/537.36"
47.8.9.28 - - [26/Jun/2017:09:07:15 +0530] "GET /images/img1.jpg HTTP/1.1" 200 1251 "http://www.cdmindia.gov.in/project_details_view.php?id=1624" "Mozilla/5.0 (Windows NT 6.1) AppleWebKit/537.36 (KHTML, like Gecko) Chrome/58.0.3029.110 Safari/537.36"
47.8.9.28 - - [26/Jun/2017:09:07:15 +0530] "GET /images/bullet4.gif HTTP/1.1" 200 67 "http://www.cdmindia.gov.in/project_details_view.php?id=1624" "Mozilla/5.0 (Windows NT 6.1) AppleWebKit/537.36 (KHTML, like Gecko) Chrome/58.0.3029.110 Safari/537.36"
47.8.9.28 - - [26/Jun/2017:09:07:15 +0530] "GET /images/bulllet2.gif HTTP/1.1" 200 58 "http://www.cdmindia.gov.in/project_details_view.php?id=1624" "Mozilla/5.0 (Windows NT 6.1) AppleWebKit/537.36 (KHTML, like Gecko) Chrome/58.0.3029.110 Safari/537.36"
47.8.9.28 - - [26/Jun/2017:09:07:15 +0530] "GET /images/bullet1.gif HTTP/1.1" 200 67 "http://www.cdmindia.gov.in/project_details_view.php?id=1624" "Mozilla/5.0 (Windows NT 6.1) AppleWebKit/537.36 (KHTML, like Gecko) Chrome/58.0.3029.110 Safari/537.36"
47.8.9.28 - - [26/Jun/2017:09:07:15 +0530] "GET /images/spacer.gif HTTP/1.1" 200 43 "http://www.cdmindia.gov.in/project_details_view.php?id=1624" "Mozilla/5.0 (Windows NT 6.1) AppleWebKit/537.36 (KHTML, like Gecko) Chrome/58.0.3029.110 Safari/537.36"
47.8.9.28 - - [26/Jun/2017:09:07:15 +0530] "GET /images/img3.jpg HTTP/1.1" 200 26957 "http://www.cdmindia.gov.in/project_details_view.php?id=1624" "Mozilla/5.0 (Windows NT 6.1) AppleWebKit/537.36 (KHTML, like Gecko) Chrome/58.0.3029.110 Safari/537.36"
47.8.9.28 - - [26/Jun/2017:09:07:15 +0530] "GET /images/fdm.jpg HTTP/1.1" 200 2043 "http://www.cdmindia.gov.in/project_details_view.php?id=1624" "Mozilla/5.0 (Windows NT 6.1) AppleWebKit/537.36 (KHTML, like Gecko) Chrome/58.0.3029.110 Safari/537.36"
47.8.9.28 - - [26/Jun/2017:09:07:15 +0530] "GET /images/gtz.jpg HTTP/1.1" 200 15484 "http://www.cdmindia.gov.in/project_details_view.php?id=1624" "Mozilla/5.0 (Windows NT 6.1) AppleWebKit/537.36 (KHTML, like Gecko) Chrome/58.0.3029.110 Safari/537.36"
47.8.9.28 - - [26/Jun/2017:09:07:16 +0530] "GET /images/fbg.jpg HTTP/1.1" 200 325 "http://www.cdmindia.gov.in/project_details_view.php?id=1624" "Mozilla/5.0 (Windows NT 6.1) AppleWebKit/537.36 (KHTML, like Gecko) Chrome/58.0.3029.110 Safari/537.36"
47.8.9.28 - - [26/Jun/2017:09:07:17 +0530] "GET /favicon.ico HTTP/1.1" 200 1189 "http://www.cdmindia.gov.in/project_details_view.php?id=1624" "Mozilla/5.0 (Windows NT 6.1) AppleWebKit/537.36 (KHTML, like Gecko) Chrome/58.0.3029.110 Safari/537.36"
213.239.205.118 - - [26/Jun/2017:09:07:22 +0530] "GET / HTTP/1.0" 200 19490 "-" "Mozilla/5.0 (compatible; MSIE 10.0; Windows NT 6.1; WOW64; Trident/6.0; SLCC2; .NET CLR 2.0.50727; .NET CLR 3.5.30729; .NET CLR 3.0.30729; Media Center PC 6.0; eSobiSubscriber 1.0.0.40; BRI/2; MAAR; InfoPath.2; .NET4.0C)"
157.55.39.84 - - [26/Jun/2017:09:08:27 +0530] "GET /reports_list_details.php?id=pnjuzahme&reporttype=&page=92 HTTP/1.1" 200 21756 "-" "Mozilla/5.0 (compatible; bingbot/2.0; +http://www.bing.com/bingbot.htm)"
202.46.57.122 - - [26/Jun/2017:09:09:16 +0530] "GET /project_details_view.php?id=299 HTTP/1.1" 200 18433 "-" "Mozilla/5.0 (Windows NT 10.0; WOW64) AppleWebKit/537.36 (KHTML, like Gecko) Chrome/45.0.2454.93 Safari/537.36"
66.249.69.81 - - [26/Jun/2017:09:11:05 +0530] "GET /detail_news.php?id=3 HTTP/1.1" 302 18397 "-" "Mozilla/5.0 (compatible; Googlebot/2.1; +http://www.google.com/bot.html)"
66.249.69.83 - - [26/Jun/2017:09:11:06 +0530] "GET /logout.php HTTP/1.1" 302 369 "-" "Mozilla/5.0 (compatible; Googlebot/2.1; +http://www.google.com/bot.html)"
66.249.69.79 - - [26/Jun/2017:09:11:07 +0530] "GET /index.php HTTP/1.1" 200 19490 "-" "Mozilla/5.0 (compatible; Googlebot/2.1; +http://www.google.com/bot.html)"
66.249.69.79 - - [26/Jun/2017:09:11:29 +0530] "GET /project_details_view.php?id=1912&oid=1&page=8&reporttype=1 HTTP/1.1" 200 14317 "-" "Mozilla/5.0 (compatible; Googlebot/2.1; +http://www.google.com/bot.html)"
157.55.39.84 - - [26/Jun/2017:09:12:48 +0530] "GET /js/user_registration.js HTTP/1.1" 200 26819 "-" "Mozilla/5.0 (compatible; bingbot/2.0; +http://www.bing.com/bingbot.htm)"
146.148.64.128 - - [26/Jun/2017:09:15:01 +0530] "GET /robots.txt HTTP/1.1" 404 208 "-" "ltx71 - (http://ltx71.com/)"
146.148.64.128 - - [26/Jun/2017:09:15:24 +0530] "GET /index.php HTTP/1.1" 200 19490 "-" "ltx71 - (http://ltx71.com/)"
117.252.10.170 - - [26/Jun/2017:09:15:46 +0530] "GET /project_details_view_report.php?id=1437 HTTP/1.1" 200 13240 "https://www.google.co.in/" "Mozilla/5.0 (X11; Ubuntu; Linux i686; rv:53.0) Gecko/20100101 Firefox/53.0"
117.252.10.170 - - [26/Jun/2017:09:15:46 +0530] "GET /Scripts/AC_RunActiveContent.js HTTP/1.1" 200 8321 "http://www.cdmindia.gov.in/project_details_view_report.php?id=1437" "Mozilla/5.0 (X11; Ubuntu; Linux i686; rv:53.0) Gecko/20100101 Firefox/53.0"
117.252.10.170 - - [26/Jun/2017:09:15:46 +0530] "GET /ncdma.css HTTP/1.1" 200 12640 "http://www.cdmindia.gov.in/project_details_view_report.php?id=1437" "Mozilla/5.0 (X11; Ubuntu; Linux i686; rv:53.0) Gecko/20100101 Firefox/53.0"
117.252.10.170 - - [26/Jun/2017:09:15:46 +0530] "GET /includes/ncdma.css HTTP/1.1" 200 13023 "http://www.cdmindia.gov.in/project_details_view_report.php?id=1437" "Mozilla/5.0 (X11; Ubuntu; Linux i686; rv:53.0) Gecko/20100101 Firefox/53.0"
117.252.10.170 - - [26/Jun/2017:09:15:47 +0530] "GET /images/bullet1.gif HTTP/1.1" 200 67 "http://www.cdmindia.gov.in/project_details_view_report.php?id=1437" "Mozilla/5.0 (X11; Ubuntu; Linux i686; rv:53.0) Gecko/20100101 Firefox/53.0"
117.252.10.170 - - [26/Jun/2017:09:15:47 +0530] "GET /images/spacer.gif HTTP/1.1" 200 43 "http://www.cdmindia.gov.in/project_details_view_report.php?id=1437" "Mozilla/5.0 (X11; Ubuntu; Linux i686; rv:53.0) Gecko/20100101 Firefox/53.0"
117.252.10.170 - - [26/Jun/2017:09:15:47 +0530] "GET /images/img2.jpg HTTP/1.1" 200 16276 "http://www.cdmindia.gov.in/project_details_view_report.php?id=1437" "Mozilla/5.0 (X11; Ubuntu; Linux i686; rv:53.0) Gecko/20100101 Firefox/53.0"
117.252.10.170 - - [26/Jun/2017:09:15:47 +0530] "GET /images/bullet4.gif HTTP/1.1" 200 67 "http://www.cdmindia.gov.in/project_details_view_report.php?id=1437" "Mozilla/5.0 (X11; Ubuntu; Linux i686; rv:53.0) Gecko/20100101 Firefox/53.0"
117.252.10.170 - - [26/Jun/2017:09:15:47 +0530] "GET /images/img3.jpg HTTP/1.1" 200 26957 "http://www.cdmindia.gov.in/project_details_view_report.php?id=1437" "Mozilla/5.0 (X11; Ubuntu; Linux i686; rv:53.0) Gecko/20100101 Firefox/53.0"
117.252.10.170 - - [26/Jun/2017:09:15:47 +0530] "GET /images/fdm.jpg HTTP/1.1" 200 2043 "http://www.cdmindia.gov.in/project_details_view_report.php?id=1437" "Mozilla/5.0 (X11; Ubuntu; Linux i686; rv:53.0) Gecko/20100101 Firefox/53.0"
117.252.10.170 - - [26/Jun/2017:09:15:47 +0530] "GET /images/gtz.jpg HTTP/1.1" 200 15484 "http://www.cdmindia.gov.in/project_details_view_report.php?id=1437" "Mozilla/5.0 (X11; Ubuntu; Linux i686; rv:53.0) Gecko/20100101 Firefox/53.0"
117.252.10.170 - - [26/Jun/2017:09:15:47 +0530] "GET /images/bulllet2.gif HTTP/1.1" 200 58 "http://www.cdmindia.gov.in/project_details_view_report.php?id=1437" "Mozilla/5.0 (X11; Ubuntu; Linux i686; rv:53.0) Gecko/20100101 Firefox/53.0"
117.252.10.170 - - [26/Jun/2017:09:15:47 +0530] "GET /images/favicon.ico HTTP/1.1" 200 1406 "-" "Mozilla/5.0 (X11; Ubuntu; Linux i686; rv:53.0) Gecko/20100101 Firefox/53.0"
117.252.10.170 - - [26/Jun/2017:09:15:47 +0530] "GET /images/img1.jpg HTTP/1.1" 200 1251 "http://www.cdmindia.gov.in/project_details_view_report.php?id=1437" "Mozilla/5.0 (X11; Ubuntu; Linux i686; rv:53.0) Gecko/20100101 Firefox/53.0"
117.252.10.170 - - [26/Jun/2017:09:15:47 +0530] "GET /images/fbg.jpg HTTP/1.1" 200 325 "http://www.cdmindia.gov.in/project_details_view_report.php?id=1437" "Mozilla/5.0 (X11; Ubuntu; Linux i686; rv:53.0) Gecko/20100101 Firefox/53.0"
146.148.64.128 - - [26/Jun/2017:09:15:54 +0530] "GET /js/md5.js HTTP/1.1" 200 13194 "-" "ltx71 - (http://ltx71.com/)"
66.249.69.79 - - [26/Jun/2017:09:16:32 +0530] "GET /project_details_view.php?id=1010&oid=&page=57&reporttype= HTTP/1.1" 200 15300 "-" "Mozilla/5.0 (compatible; Googlebot/2.1; +http://www.google.com/bot.html)"
146.148.64.128 - - [26/Jun/2017:09:17:08 +0530] "GET /capacity_building.php HTTP/1.1" 200 19186 "-" "ltx71 - (http://ltx71.com/)"
66.249.69.79 - - [26/Jun/2017:09:18:42 +0530] "GET /detail_news.php?id=13 HTTP/1.1" 302 37748 "-" "Mozilla/5.0 (compatible; Googlebot/2.1; +http://www.google.com/bot.html)"
66.249.69.79 - - [26/Jun/2017:09:18:43 +0530] "GET /logout.php HTTP/1.1" 302 369 "-" "Mozilla/5.0 (compatible; Googlebot/2.1; +http://www.google.com/bot.html)"
66.249.69.79 - - [26/Jun/2017:09:18:44 +0530] "GET /index.php HTTP/1.1" 200 19490 "-" "Mozilla/5.0 (compatible; Googlebot/2.1; +http://www.google.com/bot.html)"
207.46.13.27 - - [26/Jun/2017:09:20:50 +0530] "GET /detail_news.php?id=21 HTTP/1.1" 302 18149 "-" "Mozilla/5.0 (compatible; bingbot/2.0; +http://www.bing.com/bingbot.htm)"
207.46.13.27 - - [26/Jun/2017:09:20:51 +0530] "GET /logout.php HTTP/1.1" 302 369 "-" "Mozilla/5.0 (compatible; bingbot/2.0; +http://www.bing.com/bingbot.htm)"
207.46.13.27 - - [26/Jun/2017:09:20:51 +0530] "GET /index.php HTTP/1.1" 200 19490 "-" "Mozilla/5.0 (compatible; bingbot/2.0; +http://www.bing.com/bingbot.htm)"
157.55.39.235 - - [26/Jun/2017:09:21:05 +0530] "GET /project_details_view.php?id=1425 HTTP/1.1" 200 15826 "-" "Mozilla/5.0 (iPhone; CPU iPhone OS 7_0 like Mac OS X) AppleWebKit/537.51.1 (KHTML, like Gecko) Version/7.0 Mobile/11A465 Safari/9537.53 (compatible; bingbot/2.0; +http://www.bing.com/bingbot.htm)"
157.55.39.40 - - [26/Jun/2017:09:21:08 +0530] "GET /approved_projects.php?n=1 HTTP/1.1" 200 16642 "-" "Mozilla/5.0 (compatible; bingbot/2.0; +http://www.bing.com/bingbot.htm)"
8.37.230.226 - - [26/Jun/2017:09:21:12 +0530] "GET /project_details_view.php?id=384 HTTP/1.1" 200 14944 "http://www.google.co.in/search?site=webhp&ei=XoRQWfbzHojcvgTam6KoCw&q=pollachi+power+plant&oq=pollachi+powe&gs_l=mobile-gws-serp.1.0.0.31267.34055.0.35423.5.5.0.0.0.0.376.1606.2-2j3.5.0....0...1.1.64.mobile-gws-serp..1.4.1239...0i67k1.hfsCqupqDP8" "Mozilla/5.0 (Linux; U; Android 4.4.4; en-US; ASUS_X003 Build/KTU84P) AppleWebKit/534.30 (KHTML, like Gecko) Version/4.0 UCBrowser/11.3.5.972 U3/0.8.0 Mobile Safari/534.30"
8.37.230.226 - - [26/Jun/2017:09:21:13 +0530] "GET /includes/ncdma.css HTTP/1.1" 200 13023 "http://www.cdmindia.gov.in/project_details_view.php?id=384" "Mozilla/5.0 (Linux; U; Android 4.4.4; en-US; ASUS_X003 Build/KTU84P) AppleWebKit/534.30 (KHTML, like Gecko) Version/4.0 UCBrowser/11.3.5.972 U3/0.8.0 Mobile Safari/534.30"
8.37.230.226 - - [26/Jun/2017:09:21:13 +0530] "GET /ncdma.css HTTP/1.1" 200 12640 "http://www.cdmindia.gov.in/project_details_view.php?id=384" "Mozilla/5.0 (Linux; U; Android 4.4.4; en-US; ASUS_X003 Build/KTU84P) AppleWebKit/534.30 (KHTML, like Gecko) Version/4.0 UCBrowser/11.3.5.972 U3/0.8.0 Mobile Safari/534.30"
8.37.230.226 - - [26/Jun/2017:09:21:13 +0530] "GET /images/spacer.gif HTTP/1.1" 304 - "http://www.cdmindia.gov.in/project_details_view.php?id=384" "Mozilla/5.0 (Linux; U; Android 4.4.4; en-US; ASUS_X003 Build/KTU84P) AppleWebKit/534.30 (KHTML, like Gecko) Version/4.0 UCBrowser/11.3.5.972 U3/0.8.0 Mobile Safari/534.30"
8.37.230.226 - - [26/Jun/2017:09:21:13 +0530] "GET /images/gtz.jpg HTTP/1.1" 200 15484 "http://www.cdmindia.gov.in/project_details_view.php?id=384" "Mozilla/5.0 (Linux; U; Android 4.4.4; en-US; ASUS_X003 Build/KTU84P) AppleWebKit/534.30 (KHTML, like Gecko) Version/4.0 UCBrowser/11.3.5.972 U3/0.8.0 Mobile Safari/534.30"
8.37.230.226 - - [26/Jun/2017:09:21:13 +0530] "GET /images/img2.jpg HTTP/1.1" 200 16276 "http://www.cdmindia.gov.in/project_details_view.php?id=384" "Mozilla/5.0 (Linux; U; Android 4.4.4; en-US; ASUS_X003 Build/KTU84P) AppleWebKit/534.30 (KHTML, like Gecko) Version/4.0 UCBrowser/11.3.5.972 U3/0.8.0 Mobile Safari/534.30"
8.37.230.226 - - [26/Jun/2017:09:21:13 +0530] "GET /images/bulllet2.gif HTTP/1.1" 304 - "http://www.cdmindia.gov.in/project_details_view.php?id=384" "Mozilla/5.0 (Linux; U; Android 4.4.4; en-US; ASUS_X003 Build/KTU84P) AppleWebKit/534.30 (KHTML, like Gecko) Version/4.0 UCBrowser/11.3.5.972 U3/0.8.0 Mobile Safari/534.30"
8.37.230.226 - - [26/Jun/2017:09:21:13 +0530] "GET /images/bullet4.gif HTTP/1.1" 304 - "http://www.cdmindia.gov.in/project_details_view.php?id=384" "Mozilla/5.0 (Linux; U; Android 4.4.4; en-US; ASUS_X003 Build/KTU84P) AppleWebKit/534.30 (KHTML, like Gecko) Version/4.0 UCBrowser/11.3.5.972 U3/0.8.0 Mobile Safari/534.30"
8.37.230.226 - - [26/Jun/2017:09:21:13 +0530] "GET /Scripts/AC_RunActiveContent.js HTTP/1.1" 200 8321 "http://www.cdmindia.gov.in/project_details_view.php?id=384" "Mozilla/5.0 (Linux; U; Android 4.4.4; en-US; ASUS_X003 Build/KTU84P) AppleWebKit/534.30 (KHTML, like Gecko) Version/4.0 UCBrowser/11.3.5.972 U3/0.8.0 Mobile Safari/534.30"
8.37.230.226 - - [26/Jun/2017:09:21:13 +0530] "GET /images/fdm.jpg HTTP/1.1" 200 2043 "http://www.cdmindia.gov.in/project_details_view.php?id=384" "Mozilla/5.0 (Linux; U; Android 4.4.4; en-US; ASUS_X003 Build/KTU84P) AppleWebKit/534.30 (KHTML, like Gecko) Version/4.0 UCBrowser/11.3.5.972 U3/0.8.0 Mobile Safari/534.30"
8.37.230.226 - - [26/Jun/2017:09:21:13 +0530] "GET /images/bullet1.gif HTTP/1.1" 304 - "http://www.cdmindia.gov.in/project_details_view.php?id=384" "Mozilla/5.0 (Linux; U; Android 4.4.4; en-US; ASUS_X003 Build/KTU84P) AppleWebKit/534.30 (KHTML, like Gecko) Version/4.0 UCBrowser/11.3.5.972 U3/0.8.0 Mobile Safari/534.30"
8.37.230.226 - - [26/Jun/2017:09:21:13 +0530] "GET /images/img3.jpg HTTP/1.1" 200 26957 "http://www.cdmindia.gov.in/project_details_view.php?id=384" "Mozilla/5.0 (Linux; U; Android 4.4.4; en-US; ASUS_X003 Build/KTU84P) AppleWebKit/534.30 (KHTML, like Gecko) Version/4.0 UCBrowser/11.3.5.972 U3/0.8.0 Mobile Safari/534.30"
8.37.230.226 - - [26/Jun/2017:09:21:14 +0530] "GET /images/img1.jpg HTTP/1.1" 200 1251 "http://www.cdmindia.gov.in/project_details_view.php?id=384" "Mozilla/5.0 (Linux; U; Android 4.4.4; en-US; ASUS_X003 Build/KTU84P) AppleWebKit/534.30 (KHTML, like Gecko) Version/4.0 UCBrowser/11.3.5.972 U3/0.8.0 Mobile Safari/534.30"
66.249.69.83 - - [26/Jun/2017:09:21:31 +0530] "GET / HTTP/1.1" 200 19490 "-" "Mozilla/5.0 (compatible; Googlebot/2.1; +http://www.google.com/bot.html)"
91.105.237.14 - - [26/Jun/2017:09:24:32 +0530] "GET /project_details_view.php?id=120 HTTP/1.0" 200 15393 "http://www.cdmindia.gov.in/project_details_view.php?id=120" "Mozilla/5.0 (Windows NT 6.1; WOW64; rv:50.0) Gecko/20100101 Firefox/50.0"
91.105.237.14 - - [26/Jun/2017:09:24:33 +0530] "GET /index.php HTTP/1.0" 200 19490 "http://www.cdmindia.gov.in/index.php" "Mozilla/5.0 (Windows NT 6.1; WOW64; rv:50.0) Gecko/20100101 Firefox/50.0"
157.55.39.235 - - [26/Jun/2017:09:26:00 +0530] "GET /images/NCDMA%20PCN%20Format%2017072009.doc HTTP/1.1" 200 114176 "-" "Mozilla/5.0 (compatible; bingbot/2.0; +http://www.bing.com/bingbot.htm)"
66.249.69.79 - - [26/Jun/2017:09:26:42 +0530] "GET /detail_news.php?id=17 HTTP/1.1" 302 18570 "-" "Mozilla/5.0 (compatible; Googlebot/2.1; +http://www.google.com/bot.html)"
66.249.69.79 - - [26/Jun/2017:09:26:43 +0530] "GET /logout.php HTTP/1.1" 302 369 "-" "Mozilla/5.0 (compatible; Googlebot/2.1; +http://www.google.com/bot.html)"
66.249.69.79 - - [26/Jun/2017:09:26:43 +0530] "GET /index.php HTTP/1.1" 200 19490 "-" "Mozilla/5.0 (compatible; Googlebot/2.1; +http://www.google.com/bot.html)"
66.249.69.79 - - [26/Jun/2017:09:26:45 +0530] "GET /project_details_view.php?id=745 HTTP/1.1" 200 14213 "-" "Mozilla/5.0 (compatible; Googlebot/2.1; +http://www.google.com/bot.html)"
202.46.52.163 - - [26/Jun/2017:09:29:24 +0530] "GET /project_details_view_report.php?id=1194 HTTP/1.1" 200 13394 "-" "Mozilla/5.0 (Windows NT 10.0; WOW64) AppleWebKit/537.36 (KHTML, like Gecko) Chrome/45.0.2454.93 Safari/537.36"
207.46.13.27 - - [26/Jun/2017:09:31:30 +0530] "GET /capacity_building.php HTTP/1.1" 200 19186 "-" "Mozilla/5.0 (compatible; bingbot/2.0; +http://www.bing.com/bingbot.htm)"
216.244.66.248 - - [26/Jun/2017:09:34:18 +0530] "GET /robots.txt HTTP/1.1" 404 208 "-" "Mozilla/5.0 (compatible; DotBot/1.1; http://www.opensiteexplorer.org/dotbot, help@moz.com)"
66.249.69.81 - - [26/Jun/2017:09:35:06 +0530] "GET /detail_news.php?id=16 HTTP/1.1" 302 18332 "-" "Mozilla/5.0 (compatible; Googlebot/2.1; +http://www.google.com/bot.html)"
66.249.69.83 - - [26/Jun/2017:09:35:07 +0530] "GET /logout.php HTTP/1.1" 302 369 "-" "Mozilla/5.0 (compatible; Googlebot/2.1; +http://www.google.com/bot.html)"
66.249.69.81 - - [26/Jun/2017:09:35:07 +0530] "GET /index.php HTTP/1.1" 200 19490 "-" "Mozilla/5.0 (compatible; Googlebot/2.1; +http://www.google.com/bot.html)"
35.184.189.105 - - [26/Jun/2017:09:38:40 +0530] "GET /robots.txt HTTP/1.1" 404 208 "-" "ltx71 - (http://ltx71.com/)"
35.184.189.105 - - [26/Jun/2017:09:39:18 +0530] "GET /downloads/Existing%20PCN.doc HTTP/1.1" 200 114176 "-" "ltx71 - (http://ltx71.com/)"
66.249.69.79 - - [26/Jun/2017:09:43:17 +0530] "GET /detail_news.php?id=10 HTTP/1.1" 302 20219 "-" "Mozilla/5.0 (compatible; Googlebot/2.1; +http://www.google.com/bot.html)"
66.249.69.79 - - [26/Jun/2017:09:43:18 +0530] "GET /logout.php HTTP/1.1" 302 369 "-" "Mozilla/5.0 (compatible; Googlebot/2.1; +http://www.google.com/bot.html)"
66.249.69.81 - - [26/Jun/2017:09:43:19 +0530] "GET /index.php HTTP/1.1" 200 19490 "-" "Mozilla/5.0 (compatible; Googlebot/2.1; +http://www.google.com/bot.html)"
213.239.205.118 - - [26/Jun/2017:09:48:32 +0530] "GET /reports_new.php?n=1 HTTP/1.0" 200 22411 "-" "Mozilla/5.0 (Windows NT 6.1; WOW64; rv:24.0) Gecko/20140315 Firefox/24.0 PaleMoon/24.4.1"
14.139.56.3 - - [26/Jun/2017:09:48:33 +0530] "GET /project_details_view.php?id=930 HTTP/1.1" 200 16544 "https://www.google.co.in/" "Mozilla/5.0 (Windows NT 6.2; Win64; x64) AppleWebKit/537.36 (KHTML, like Gecko) Chrome/58.0.3029.110 Safari/537.36"
14.139.56.3 - - [26/Jun/2017:09:48:33 +0530] "GET /ncdma.css HTTP/1.1" 200 12640 "http://www.cdmindia.gov.in/project_details_view.php?id=930" "Mozilla/5.0 (Windows NT 6.2; Win64; x64) AppleWebKit/537.36 (KHTML, like Gecko) Chrome/58.0.3029.110 Safari/537.36"
14.139.56.3 - - [26/Jun/2017:09:48:33 +0530] "GET /includes/ncdma.css HTTP/1.1" 200 13023 "http://www.cdmindia.gov.in/project_details_view.php?id=930" "Mozilla/5.0 (Windows NT 6.2; Win64; x64) AppleWebKit/537.36 (KHTML, like Gecko) Chrome/58.0.3029.110 Safari/537.36"
14.139.56.3 - - [26/Jun/2017:09:48:33 +0530] "GET /Scripts/AC_RunActiveContent.js HTTP/1.1" 200 8321 "http://www.cdmindia.gov.in/project_details_view.php?id=930" "Mozilla/5.0 (Windows NT 6.2; Win64; x64) AppleWebKit/537.36 (KHTML, like Gecko) Chrome/58.0.3029.110 Safari/537.36"
14.139.56.3 - - [26/Jun/2017:09:48:33 +0530] "GET /images/img2.jpg HTTP/1.1" 200 16276 "http://www.cdmindia.gov.in/project_details_view.php?id=930" "Mozilla/5.0 (Windows NT 6.2; Win64; x64) AppleWebKit/537.36 (KHTML, like Gecko) Chrome/58.0.3029.110 Safari/537.36"
14.139.56.3 - - [26/Jun/2017:09:48:33 +0530] "GET /images/spacer.gif HTTP/1.1" 200 43 "http://www.cdmindia.gov.in/project_details_view.php?id=930" "Mozilla/5.0 (Windows NT 6.2; Win64; x64) AppleWebKit/537.36 (KHTML, like Gecko) Chrome/58.0.3029.110 Safari/537.36"
14.139.56.3 - - [26/Jun/2017:09:48:33 +0530] "GET /images/img3.jpg HTTP/1.1" 200 26957 "http://www.cdmindia.gov.in/project_details_view.php?id=930" "Mozilla/5.0 (Windows NT 6.2; Win64; x64) AppleWebKit/537.36 (KHTML, like Gecko) Chrome/58.0.3029.110 Safari/537.36"
14.139.56.3 - - [26/Jun/2017:09:48:33 +0530] "GET /images/bullet1.gif HTTP/1.1" 200 67 "http://www.cdmindia.gov.in/project_details_view.php?id=930" "Mozilla/5.0 (Windows NT 6.2; Win64; x64) AppleWebKit/537.36 (KHTML, like Gecko) Chrome/58.0.3029.110 Safari/537.36"
