68.180.228.167 - - [04/Jun/2017:07:39:47 +0530] "GET /project_details_view.php?id=526&oid=5&page=1&reporttype=1 HTTP/1.1" 200 15624 "-" "Mozilla/5.0 (compatible; Yahoo! Slurp; http://help.yahoo.com/help/us/ysearch/slurp)"
202.46.53.122 - - [04/Jun/2017:07:42:14 +0530] "GET /project_details_view.php?id=637 HTTP/1.1" 200 14298 "-" "Mozilla/5.0 (Windows NT 10.0; WOW64) AppleWebKit/537.36 (KHTML, like Gecko) Chrome/45.0.2454.93 Safari/537.36"
35.184.189.105 - - [04/Jun/2017:07:44:33 +0530] "GET /robots.txt HTTP/1.1" 404 208 "-" "ltx71 - (http://ltx71.com/)"
35.184.189.105 - - [04/Jun/2017:07:45:19 +0530] "GET /registration.php HTTP/1.1" 302 28528 "-" "ltx71 - (http://ltx71.com/)"
157.55.39.98 - - [04/Jun/2017:07:47:06 +0530] "GET /approved_projects.php?n=1 HTTP/1.1" 200 16641 "-" "Mozilla/5.0 (compatible; bingbot/2.0; +http://www.bing.com/bingbot.htm)"
66.249.79.129 - - [04/Jun/2017:07:51:21 +0530] "GET /project_details_view_report.php?id=384 HTTP/1.1" 200 13177 "-" "Mozilla/5.0 (compatible; Googlebot/2.1; +http://www.google.com/bot.html)"
194.187.170.107 - - [04/Jun/2017:07:51:48 +0530] "GET /registration.php HTTP/1.0" 302 28528 "-" "Mozilla/5.0 (compatible; Qwantify/2.4w; +https://www.qwant.com/)/2.4w"
194.187.170.107 - - [04/Jun/2017:07:51:49 +0530] "GET /logout.php HTTP/1.0" 302 369 "-" "Mozilla/5.0 (compatible; Qwantify/2.4w; +https://www.qwant.com/)/2.4w"
194.187.170.107 - - [04/Jun/2017:07:51:49 +0530] "GET /index.php HTTP/1.0" 200 19479 "-" "Mozilla/5.0 (compatible; Qwantify/2.4w; +https://www.qwant.com/)/2.4w"
35.184.189.105 - - [04/Jun/2017:07:52:24 +0530] "GET /robots.txt HTTP/1.1" 404 208 "-" "ltx71 - (http://ltx71.com/)"
157.55.39.98 - - [04/Jun/2017:07:56:23 +0530] "GET /project_details_view.php?id=1697 HTTP/1.1" 200 14638 "-" "Mozilla/5.0 (compatible; bingbot/2.0; +http://www.bing.com/bingbot.htm)"
202.46.58.153 - - [04/Jun/2017:08:00:41 +0530] "GET /project_details_view_report.php?id=1257 HTTP/1.1" 200 13155 "-" "Mozilla/5.0 (Windows NT 10.0; WOW64) AppleWebKit/537.36 (KHTML, like Gecko) Chrome/45.0.2454.93 Safari/537.36"
35.184.189.105 - - [04/Jun/2017:08:02:54 +0530] "GET /robots.txt HTTP/1.1" 404 208 "-" "ltx71 - (http://ltx71.com/)"
66.249.79.129 - - [04/Jun/2017:08:04:46 +0530] "GET /project_details_view_report.php?id=728 HTTP/1.1" 200 13221 "-" "Mozilla/5.0 (compatible; Googlebot/2.1; +http://www.google.com/bot.html)"
157.55.39.226 - - [04/Jun/2017:08:10:26 +0530] "GET /project_details_view.php?id=1209 HTTP/1.1" 200 14529 "-" "Mozilla/5.0 (iPhone; CPU iPhone OS 7_0 like Mac OS X) AppleWebKit/537.51.1 (KHTML, like Gecko) Version/7.0 Mobile/11A465 Safari/9537.53 (compatible; bingbot/2.0; +http://www.bing.com/bingbot.htm)"
157.55.39.226 - - [04/Jun/2017:08:10:35 +0530] "GET /ncdma.css HTTP/1.1" 200 12640 "-" "Mozilla/5.0 (iPhone; CPU iPhone OS 7_0 like Mac OS X) AppleWebKit/537.51.1 (KHTML, like Gecko) Version/7.0 Mobile/11A465 Safari/9537.53 (compatible; bingbot/2.0; +http://www.bing.com/bingbot.htm)"
157.55.39.98 - - [04/Jun/2017:08:10:50 +0530] "GET /Scripts/AC_RunActiveContent.js HTTP/1.1" 200 8321 "-" "Mozilla/5.0 (iPhone; CPU iPhone OS 7_0 like Mac OS X) AppleWebKit/537.51.1 (KHTML, like Gecko) Version/7.0 Mobile/11A465 Safari/9537.53 (compatible; bingbot/2.0; +http://www.bing.com/bingbot.htm)"
194.187.170.107 - - [04/Jun/2017:08:11:54 +0530] "GET /downloads/Comparision%20of%20PCN_30.03.doc HTTP/1.0" 304 - "-" "Mozilla/5.0 (compatible; Qwantify/2.4w; +https://www.qwant.com/)/2.4w"
66.249.79.129 - - [04/Jun/2017:08:15:05 +0530] "GET / HTTP/1.1" 200 19479 "-" "Mozilla/5.0 (compatible; Googlebot/2.1; +http://www.google.com/bot.html)"
202.46.56.71 - - [04/Jun/2017:08:19:07 +0530] "GET /project_details_view_report.php?id=149 HTTP/1.1" 200 13126 "-" "Mozilla/5.0 (Windows NT 10.0; WOW64) AppleWebKit/537.36 (KHTML, like Gecko) Chrome/45.0.2454.93 Safari/537.36"
194.187.170.107 - - [04/Jun/2017:08:19:11 +0530] "GET /images/NCDMA%20PCN%20Format%2017072009.doc HTTP/1.0" 304 - "-" "Mozilla/5.0 (compatible; Qwantify/2.4w; +https://www.qwant.com/)/2.4w"
219.64.163.17 - - [04/Jun/2017:08:19:31 +0530] "GET /project_details_view.php?id=430 HTTP/1.1" 200 14434 "https://www.google.co.in/" "Mozilla/5.0 (Windows NT 6.1; rv:53.0) Gecko/20100101 Firefox/53.0"
219.64.163.17 - - [04/Jun/2017:08:19:31 +0530] "GET /includes/ncdma.css HTTP/1.1" 200 13023 "http://www.cdmindia.gov.in/project_details_view.php?id=430" "Mozilla/5.0 (Windows NT 6.1; rv:53.0) Gecko/20100101 Firefox/53.0"
219.64.163.17 - - [04/Jun/2017:08:19:31 +0530] "GET /Scripts/AC_RunActiveContent.js HTTP/1.1" 200 8321 "http://www.cdmindia.gov.in/project_details_view.php?id=430" "Mozilla/5.0 (Windows NT 6.1; rv:53.0) Gecko/20100101 Firefox/53.0"
219.64.163.17 - - [04/Jun/2017:08:19:31 +0530] "GET /ncdma.css HTTP/1.1" 200 12640 "http://www.cdmindia.gov.in/project_details_view.php?id=430" "Mozilla/5.0 (Windows NT 6.1; rv:53.0) Gecko/20100101 Firefox/53.0"
219.64.163.17 - - [04/Jun/2017:08:19:32 +0530] "GET /images/favicon.ico HTTP/1.1" 200 1406 "-" "Mozilla/5.0 (Windows NT 6.1; rv:53.0) Gecko/20100101 Firefox/53.0"
219.64.163.17 - - [04/Jun/2017:08:19:32 +0530] "GET /images/img1.jpg HTTP/1.1" 200 1251 "http://www.cdmindia.gov.in/project_details_view.php?id=430" "Mozilla/5.0 (Windows NT 6.1; rv:53.0) Gecko/20100101 Firefox/53.0"
219.64.163.17 - - [04/Jun/2017:08:19:32 +0530] "GET /images/fbg.jpg HTTP/1.1" 200 325 "http://www.cdmindia.gov.in/project_details_view.php?id=430" "Mozilla/5.0 (Windows NT 6.1; rv:53.0) Gecko/20100101 Firefox/53.0"
219.64.163.17 - - [04/Jun/2017:08:19:32 +0530] "GET /images/bullet1.gif HTTP/1.1" 200 67 "http://www.cdmindia.gov.in/project_details_view.php?id=430" "Mozilla/5.0 (Windows NT 6.1; rv:53.0) Gecko/20100101 Firefox/53.0"
219.64.163.17 - - [04/Jun/2017:08:19:32 +0530] "GET /images/spacer.gif HTTP/1.1" 200 43 "http://www.cdmindia.gov.in/project_details_view.php?id=430" "Mozilla/5.0 (Windows NT 6.1; rv:53.0) Gecko/20100101 Firefox/53.0"
219.64.163.17 - - [04/Jun/2017:08:19:32 +0530] "GET /images/img2.jpg HTTP/1.1" 200 16276 "http://www.cdmindia.gov.in/project_details_view.php?id=430" "Mozilla/5.0 (Windows NT 6.1; rv:53.0) Gecko/20100101 Firefox/53.0"
219.64.163.17 - - [04/Jun/2017:08:19:32 +0530] "GET /images/bulllet2.gif HTTP/1.1" 200 58 "http://www.cdmindia.gov.in/project_details_view.php?id=430" "Mozilla/5.0 (Windows NT 6.1; rv:53.0) Gecko/20100101 Firefox/53.0"
219.64.163.17 - - [04/Jun/2017:08:19:32 +0530] "GET /images/bullet4.gif HTTP/1.1" 200 67 "http://www.cdmindia.gov.in/project_details_view.php?id=430" "Mozilla/5.0 (Windows NT 6.1; rv:53.0) Gecko/20100101 Firefox/53.0"
219.64.163.17 - - [04/Jun/2017:08:19:32 +0530] "GET /images/img3.jpg HTTP/1.1" 200 26957 "http://www.cdmindia.gov.in/project_details_view.php?id=430" "Mozilla/5.0 (Windows NT 6.1; rv:53.0) Gecko/20100101 Firefox/53.0"
219.64.163.17 - - [04/Jun/2017:08:19:33 +0530] "GET /images/gtz.jpg HTTP/1.1" 200 15484 "http://www.cdmindia.gov.in/project_details_view.php?id=430" "Mozilla/5.0 (Windows NT 6.1; rv:53.0) Gecko/20100101 Firefox/53.0"
219.64.163.17 - - [04/Jun/2017:08:19:33 +0530] "GET /images/fdm.jpg HTTP/1.1" 200 2043 "http://www.cdmindia.gov.in/project_details_view.php?id=430" "Mozilla/5.0 (Windows NT 6.1; rv:53.0) Gecko/20100101 Firefox/53.0"
90.57.133.234 - - [04/Jun/2017:08:19:40 +0530] "GET /robots.txt HTTP/1.1" 404 208 "-" "Java/1.8.0_101"
54.241.188.8 - - [04/Jun/2017:08:25:13 +0530] "GET /detail_events.php?id='A=0 HTTP/1.1" 200 10413 "http://cdmindia.gov.in/detail_events.php?id='A=0" "Mozilla/5.0 (Windows; U; Windows NT 5.1; pt-PT; rv:1.9.1.2) Gecko/20090729 Firefox/3.5.2 (.NET CLR 3.5.30729)"
207.46.13.103 - - [04/Jun/2017:08:25:41 +0530] "GET /news_more.php HTTP/1.1" 200 21060 "-" "Mozilla/5.0 (compatible; bingbot/2.0; +http://www.bing.com/bingbot.htm)"
66.249.79.129 - - [04/Jun/2017:08:26:08 +0530] "GET /project_details_view.php?id=1818&oid=1&page=12&reporttype=1 HTTP/1.1" 200 14996 "-" "Mozilla/5.0 (compatible; Googlebot/2.1; +http://www.google.com/bot.html)"
157.55.39.226 - - [04/Jun/2017:08:26:46 +0530] "GET /reports_new.php?n=1 HTTP/1.1" 200 22410 "-" "Mozilla/5.0 (compatible; bingbot/2.0; +http://www.bing.com/bingbot.htm)"
157.55.39.245 - - [04/Jun/2017:08:27:24 +0530] "GET /downloads/New%20PCN.doc HTTP/1.1" 200 435200 "-" "Mozilla/5.0 (compatible; bingbot/2.0; +http://www.bing.com/bingbot.htm)"
157.55.39.98 - - [04/Jun/2017:08:29:30 +0530] "GET /contactus.php HTTP/1.1" 200 18291 "-" "Mozilla/5.0 (compatible; bingbot/2.0; +http://www.bing.com/bingbot.htm)"
157.55.39.98 - - [04/Jun/2017:08:29:31 +0530] "GET /downloads/Existing%20PCN.doc HTTP/1.1" 200 114176 "-" "Mozilla/5.0 (compatible; bingbot/2.0; +http://www.bing.com/bingbot.htm)"
66.249.79.131 - - [04/Jun/2017:08:30:15 +0530] "GET /reports_list_details.php?id=Small&reporttype=4&page=58 HTTP/1.1" 200 22106 "-" "Mozilla/5.0 (compatible; Googlebot/2.1; +http://www.google.com/bot.html)"
66.102.6.127 - - [04/Jun/2017:08:30:43 +0530] "GET / HTTP/1.1" 200 19479 "-" "Mozilla/5.0 (X11; Linux x86_64) AppleWebKit/537.36 (KHTML, like Gecko) Chrome/49.0.2623.75 Safari/537.36 Google Favicon"
66.102.6.127 - - [04/Jun/2017:08:30:44 +0530] "GET /images/favicon.ico HTTP/1.1" 200 1406 "-" "Mozilla/5.0 (X11; Linux x86_64) AppleWebKit/537.36 (KHTML, like Gecko) Chrome/49.0.2623.75 Safari/537.36 Google Favicon"
131.161.10.199 - - [04/Jun/2017:08:31:45 +0530] "GET / HTTP/1.1" 200 19479 "-" "Mozilla/5.0 (Windows NT 5.1; rv:6.0.2) Gecko/20100101 Firefox/6.0.2"
157.55.39.98 - - [04/Jun/2017:08:33:25 +0530] "GET /project_details_view_report.php?id=495 HTTP/1.1" 200 13153 "-" "Mozilla/5.0 (compatible; bingbot/2.0; +http://www.bing.com/bingbot.htm)"
35.184.189.105 - - [04/Jun/2017:08:35:02 +0530] "GET /robots.txt HTTP/1.1" 404 208 "-" "ltx71 - (http://ltx71.com/)"
35.184.189.105 - - [04/Jun/2017:08:35:18 +0530] "GET /detail_news.php?id=3 HTTP/1.1" 302 18396 "-" "ltx71 - (http://ltx71.com/)"
66.249.79.131 - - [04/Jun/2017:08:35:25 +0530] "GET / HTTP/1.1" 200 19479 "-" "Mozilla/5.0 (Linux; Android 6.0.1; Nexus 5X Build/MMB29P) AppleWebKit/537.36 (KHTML, like Gecko) Chrome/41.0.2272.96 Mobile Safari/537.36 (compatible; Googlebot/2.1; +http://www.google.com/bot.html)"
139.167.7.56 - - [04/Jun/2017:08:35:48 +0530] "GET /project_details_view.php?id=800 HTTP/1.1" 200 14016 "https://www.google.co.in/" "Mozilla/5.0 (Windows NT 5.1) AppleWebKit/537.36 (KHTML, like Gecko) Chrome/49.0.2623.112 Safari/537.36"
139.167.7.56 - - [04/Jun/2017:08:35:48 +0530] "GET /includes/ncdma.css HTTP/1.1" 200 13023 "http://www.cdmindia.gov.in/project_details_view.php?id=800" "Mozilla/5.0 (Windows NT 5.1) AppleWebKit/537.36 (KHTML, like Gecko) Chrome/49.0.2623.112 Safari/537.36"
139.167.7.56 - - [04/Jun/2017:08:35:48 +0530] "GET /ncdma.css HTTP/1.1" 200 12640 "http://www.cdmindia.gov.in/project_details_view.php?id=800" "Mozilla/5.0 (Windows NT 5.1) AppleWebKit/537.36 (KHTML, like Gecko) Chrome/49.0.2623.112 Safari/537.36"
139.167.7.56 - - [04/Jun/2017:08:35:48 +0530] "GET /Scripts/AC_RunActiveContent.js HTTP/1.1" 200 8321 "http://www.cdmindia.gov.in/project_details_view.php?id=800" "Mozilla/5.0 (Windows NT 5.1) AppleWebKit/537.36 (KHTML, like Gecko) Chrome/49.0.2623.112 Safari/537.36"
139.167.7.56 - - [04/Jun/2017:08:35:48 +0530] "GET /images/spacer.gif HTTP/1.1" 200 43 "http://www.cdmindia.gov.in/project_details_view.php?id=800" "Mozilla/5.0 (Windows NT 5.1) AppleWebKit/537.36 (KHTML, like Gecko) Chrome/49.0.2623.112 Safari/537.36"
139.167.7.56 - - [04/Jun/2017:08:35:48 +0530] "GET /images/bullet1.gif HTTP/1.1" 200 67 "http://www.cdmindia.gov.in/project_details_view.php?id=800" "Mozilla/5.0 (Windows NT 5.1) AppleWebKit/537.36 (KHTML, like Gecko) Chrome/49.0.2623.112 Safari/537.36"
139.167.7.56 - - [04/Jun/2017:08:35:48 +0530] "GET /images/img1.jpg HTTP/1.1" 200 1251 "http://www.cdmindia.gov.in/project_details_view.php?id=800" "Mozilla/5.0 (Windows NT 5.1) AppleWebKit/537.36 (KHTML, like Gecko) Chrome/49.0.2623.112 Safari/537.36"
139.167.7.56 - - [04/Jun/2017:08:35:48 +0530] "GET /images/bulllet2.gif HTTP/1.1" 200 58 "http://www.cdmindia.gov.in/project_details_view.php?id=800" "Mozilla/5.0 (Windows NT 5.1) AppleWebKit/537.36 (KHTML, like Gecko) Chrome/49.0.2623.112 Safari/537.36"
139.167.7.56 - - [04/Jun/2017:08:35:48 +0530] "GET /images/img2.jpg HTTP/1.1" 200 16276 "http://www.cdmindia.gov.in/project_details_view.php?id=800" "Mozilla/5.0 (Windows NT 5.1) AppleWebKit/537.36 (KHTML, like Gecko) Chrome/49.0.2623.112 Safari/537.36"
139.167.7.56 - - [04/Jun/2017:08:35:48 +0530] "GET /images/img3.jpg HTTP/1.1" 200 26957 "http://www.cdmindia.gov.in/project_details_view.php?id=800" "Mozilla/5.0 (Windows NT 5.1) AppleWebKit/537.36 (KHTML, like Gecko) Chrome/49.0.2623.112 Safari/537.36"
139.167.7.56 - - [04/Jun/2017:08:35:48 +0530] "GET /images/bullet4.gif HTTP/1.1" 200 67 "http://www.cdmindia.gov.in/project_details_view.php?id=800" "Mozilla/5.0 (Windows NT 5.1) AppleWebKit/537.36 (KHTML, like Gecko) Chrome/49.0.2623.112 Safari/537.36"
139.167.7.56 - - [04/Jun/2017:08:35:48 +0530] "GET /images/fdm.jpg HTTP/1.1" 200 2043 "http://www.cdmindia.gov.in/project_details_view.php?id=800" "Mozilla/5.0 (Windows NT 5.1) AppleWebKit/537.36 (KHTML, like Gecko) Chrome/49.0.2623.112 Safari/537.36"
139.167.7.56 - - [04/Jun/2017:08:35:48 +0530] "GET /images/gtz.jpg HTTP/1.1" 200 15484 "http://www.cdmindia.gov.in/project_details_view.php?id=800" "Mozilla/5.0 (Windows NT 5.1) AppleWebKit/537.36 (KHTML, like Gecko) Chrome/49.0.2623.112 Safari/537.36"
139.167.7.56 - - [04/Jun/2017:08:35:48 +0530] "GET /images/fbg.jpg HTTP/1.1" 200 325 "http://www.cdmindia.gov.in/project_details_view.php?id=800" "Mozilla/5.0 (Windows NT 5.1) AppleWebKit/537.36 (KHTML, like Gecko) Chrome/49.0.2623.112 Safari/537.36"
139.167.7.56 - - [04/Jun/2017:08:35:49 +0530] "GET /favicon.ico HTTP/1.1" 200 1189 "http://www.cdmindia.gov.in/project_details_view.php?id=800" "Mozilla/5.0 (Windows NT 5.1) AppleWebKit/537.36 (KHTML, like Gecko) Chrome/49.0.2623.112 Safari/537.36"
139.167.7.56 - - [04/Jun/2017:08:36:23 +0530] "GET /images/NCDMA%20PCN%20Format%2017072009.doc HTTP/1.1" 200 114176 "http://www.cdmindia.gov.in/project_details_view.php?id=800" "Mozilla/5.0 (Windows NT 5.1) AppleWebKit/537.36 (KHTML, like Gecko) Chrome/49.0.2623.112 Safari/537.36"
139.167.7.56 - - [04/Jun/2017:08:36:56 +0530] "GET /future_projects.php HTTP/1.1" 200 26209 "http://www.cdmindia.gov.in/project_details_view.php?id=800" "Mozilla/5.0 (Windows NT 5.1) AppleWebKit/537.36 (KHTML, like Gecko) Chrome/49.0.2623.112 Safari/537.36"
139.167.7.56 - - [04/Jun/2017:08:36:56 +0530] "GET /js/future_projects.js HTTP/1.1" 200 19436 "http://www.cdmindia.gov.in/future_projects.php" "Mozilla/5.0 (Windows NT 5.1) AppleWebKit/537.36 (KHTML, like Gecko) Chrome/49.0.2623.112 Safari/537.36"
139.167.7.56 - - [04/Jun/2017:08:36:56 +0530] "GET /js/ajax_client.js HTTP/1.1" 200 20869 "http://www.cdmindia.gov.in/future_projects.php" "Mozilla/5.0 (Windows NT 5.1) AppleWebKit/537.36 (KHTML, like Gecko) Chrome/49.0.2623.112 Safari/537.36"
139.167.7.56 - - [04/Jun/2017:08:36:56 +0530] "GET /includes/CaptchaSecurityImages.php?width=80&height=30&characters=5 HTTP/1.1" 200 2149 "http://www.cdmindia.gov.in/future_projects.php" "Mozilla/5.0 (Windows NT 5.1) AppleWebKit/537.36 (KHTML, like Gecko) Chrome/49.0.2623.112 Safari/537.36"
194.187.170.107 - - [04/Jun/2017:08:36:58 +0530] "GET /downloads/Template_sharing%202Percent.doc HTTP/1.0" 304 - "-" "Mozilla/5.0 (compatible; Qwantify/2.4w; +https://www.qwant.com/)/2.4w"
139.167.7.56 - - [04/Jun/2017:08:37:08 +0530] "GET /capacity_building.php HTTP/1.1" 200 19185 "http://www.cdmindia.gov.in/future_projects.php" "Mozilla/5.0 (Windows NT 5.1) AppleWebKit/537.36 (KHTML, like Gecko) Chrome/49.0.2623.112 Safari/537.36"
139.167.7.56 - - [04/Jun/2017:08:37:09 +0530] "GET /js/index_validations.js HTTP/1.1" 200 3143 "http://www.cdmindia.gov.in/capacity_building.php" "Mozilla/5.0 (Windows NT 5.1) AppleWebKit/537.36 (KHTML, like Gecko) Chrome/49.0.2623.112 Safari/537.36"
139.167.7.56 - - [04/Jun/2017:08:37:09 +0530] "GET /images/h_cb.jpg HTTP/1.1" 200 22394 "http://www.cdmindia.gov.in/capacity_building.php" "Mozilla/5.0 (Windows NT 5.1) AppleWebKit/537.36 (KHTML, like Gecko) Chrome/49.0.2623.112 Safari/537.36"
139.167.7.56 - - [04/Jun/2017:08:37:09 +0530] "GET /images/login1.jpg HTTP/1.1" 200 618 "http://www.cdmindia.gov.in/capacity_building.php" "Mozilla/5.0 (Windows NT 5.1) AppleWebKit/537.36 (KHTML, like Gecko) Chrome/49.0.2623.112 Safari/537.36"
139.167.7.56 - - [04/Jun/2017:08:37:09 +0530] "GET /images/login.jpg HTTP/1.1" 200 1044 "http://www.cdmindia.gov.in/capacity_building.php" "Mozilla/5.0 (Windows NT 5.1) AppleWebKit/537.36 (KHTML, like Gecko) Chrome/49.0.2623.112 Safari/537.36"
139.167.7.56 - - [04/Jun/2017:08:37:09 +0530] "GET /images/bullet3.gif HTTP/1.1" 200 58 "http://www.cdmindia.gov.in/capacity_building.php" "Mozilla/5.0 (Windows NT 5.1) AppleWebKit/537.36 (KHTML, like Gecko) Chrome/49.0.2623.112 Safari/537.36"
139.167.7.56 - - [04/Jun/2017:08:37:09 +0530] "GET /images/fe.jpg HTTP/1.1" 200 1429 "http://www.cdmindia.gov.in/capacity_building.php" "Mozilla/5.0 (Windows NT 5.1) AppleWebKit/537.36 (KHTML, like Gecko) Chrome/49.0.2623.112 Safari/537.36"
139.167.7.56 - - [04/Jun/2017:08:37:13 +0530] "GET /approval_process.php HTTP/1.1" 200 25911 "http://www.cdmindia.gov.in/capacity_building.php" "Mozilla/5.0 (Windows NT 5.1) AppleWebKit/537.36 (KHTML, like Gecko) Chrome/49.0.2623.112 Safari/537.36"
139.167.7.56 - - [04/Jun/2017:08:37:14 +0530] "GET /images/h_ap.jpg HTTP/1.1" 200 22346 "http://www.cdmindia.gov.in/approval_process.php" "Mozilla/5.0 (Windows NT 5.1) AppleWebKit/537.36 (KHTML, like Gecko) Chrome/49.0.2623.112 Safari/537.36"
139.167.7.56 - - [04/Jun/2017:08:37:17 +0530] "GET /constitution.php HTTP/1.1" 200 23668 "http://www.cdmindia.gov.in/approval_process.php" "Mozilla/5.0 (Windows NT 5.1) AppleWebKit/537.36 (KHTML, like Gecko) Chrome/49.0.2623.112 Safari/537.36"
139.167.7.56 - - [04/Jun/2017:08:37:18 +0530] "GET /images/h_cons.jpg HTTP/1.1" 200 21924 "http://www.cdmindia.gov.in/constitution.php" "Mozilla/5.0 (Windows NT 5.1) AppleWebKit/537.36 (KHTML, like Gecko) Chrome/49.0.2623.112 Safari/537.36"
139.167.7.56 - - [04/Jun/2017:08:37:29 +0530] "GET /imp_links.php HTTP/1.1" 200 17833 "http://www.cdmindia.gov.in/constitution.php" "Mozilla/5.0 (Windows NT 5.1) AppleWebKit/537.36 (KHTML, like Gecko) Chrome/49.0.2623.112 Safari/537.36"
139.167.7.56 - - [04/Jun/2017:08:37:29 +0530] "GET /images/h_il.jpg HTTP/1.1" 200 22106 "http://www.cdmindia.gov.in/imp_links.php" "Mozilla/5.0 (Windows NT 5.1) AppleWebKit/537.36 (KHTML, like Gecko) Chrome/49.0.2623.112 Safari/537.36"
202.46.51.172 - - [04/Jun/2017:08:37:33 +0530] "GET /project_details_view_report.php?id=1501 HTTP/1.1" 200 13271 "-" "Mozilla/5.0 (Windows NT 10.0; WOW64) AppleWebKit/537.36 (KHTML, like Gecko) Chrome/45.0.2454.93 Safari/537.36"
139.167.7.56 - - [04/Jun/2017:08:37:37 +0530] "GET /imp_links.php HTTP/1.1" 200 17833 "http://www.cdmindia.gov.in/imp_links.php" "Mozilla/5.0 (Windows NT 5.1) AppleWebKit/537.36 (KHTML, like Gecko) Chrome/49.0.2623.112 Safari/537.36"
139.167.7.56 - - [04/Jun/2017:08:37:40 +0530] "GET /approval_process.php HTTP/1.1" 200 25911 "http://www.cdmindia.gov.in/imp_links.php" "Mozilla/5.0 (Windows NT 5.1) AppleWebKit/537.36 (KHTML, like Gecko) Chrome/49.0.2623.112 Safari/537.36"
139.167.7.56 - - [04/Jun/2017:08:37:43 +0530] "GET /approved_projects.php?n=1 HTTP/1.1" 200 16641 "http://www.cdmindia.gov.in/approval_process.php" "Mozilla/5.0 (Windows NT 5.1) AppleWebKit/537.36 (KHTML, like Gecko) Chrome/49.0.2623.112 Safari/537.36"
139.167.7.56 - - [04/Jun/2017:08:37:43 +0530] "GET /js/datepicker/latest_datepicker.css HTTP/1.1" 200 2283 "http://www.cdmindia.gov.in/approved_projects.php?n=1" "Mozilla/5.0 (Windows NT 5.1) AppleWebKit/537.36 (KHTML, like Gecko) Chrome/49.0.2623.112 Safari/537.36"
139.167.7.56 - - [04/Jun/2017:08:37:43 +0530] "GET /js/datepicker/latest_demo.css HTTP/1.1" 200 574 "http://www.cdmindia.gov.in/approved_projects.php?n=1" "Mozilla/5.0 (Windows NT 5.1) AppleWebKit/537.36 (KHTML, like Gecko) Chrome/49.0.2623.112 Safari/537.36"
139.167.7.56 - - [04/Jun/2017:08:37:43 +0530] "GET /js/datepicker/latest_date.js HTTP/1.1" 200 11986 "http://www.cdmindia.gov.in/approved_projects.php?n=1" "Mozilla/5.0 (Windows NT 5.1) AppleWebKit/537.36 (KHTML, like Gecko) Chrome/49.0.2623.112 Safari/537.36"
139.167.7.56 - - [04/Jun/2017:08:37:43 +0530] "GET /js/jquery.js HTTP/1.1" 200 55774 "http://www.cdmindia.gov.in/approved_projects.php?n=1" "Mozilla/5.0 (Windows NT 5.1) AppleWebKit/537.36 (KHTML, like Gecko) Chrome/49.0.2623.112 Safari/537.36"
139.167.7.56 - - [04/Jun/2017:08:37:43 +0530] "GET /js/datepicker/latest_jquery.datePicker.js HTTP/1.1" 200 37423 "http://www.cdmindia.gov.in/approved_projects.php?n=1" "Mozilla/5.0 (Windows NT 5.1) AppleWebKit/537.36 (KHTML, like Gecko) Chrome/49.0.2623.112 Safari/537.36"
139.167.7.56 - - [04/Jun/2017:08:37:44 +0530] "GET /js/datepicker/calendar.gif HTTP/1.1" 200 235 "http://www.cdmindia.gov.in/js/datepicker/latest_demo.css" "Mozilla/5.0 (Windows NT 5.1) AppleWebKit/537.36 (KHTML, like Gecko) Chrome/49.0.2623.112 Safari/537.36"
139.167.7.56 - - [04/Jun/2017:08:37:46 +0530] "GET /reports_new.php?n=1 HTTP/1.1" 200 22410 "http://www.cdmindia.gov.in/approved_projects.php?n=1" "Mozilla/5.0 (Windows NT 5.1) AppleWebKit/537.36 (KHTML, like Gecko) Chrome/49.0.2623.112 Safari/537.36"
139.167.7.56 - - [04/Jun/2017:08:37:46 +0530] "GET /js/user_registration.js HTTP/1.1" 200 26819 "http://www.cdmindia.gov.in/reports_new.php?n=1" "Mozilla/5.0 (Windows NT 5.1) AppleWebKit/537.36 (KHTML, like Gecko) Chrome/49.0.2623.112 Safari/537.36"
139.167.7.56 - - [04/Jun/2017:08:37:56 +0530] "GET /approved_projects.php?n=1 HTTP/1.1" 200 16641 "http://www.cdmindia.gov.in/approval_process.php" "Mozilla/5.0 (Windows NT 5.1) AppleWebKit/537.36 (KHTML, like Gecko) Chrome/49.0.2623.112 Safari/537.36"
139.167.7.56 - - [04/Jun/2017:08:37:56 +0530] "GET /approval_process.php HTTP/1.1" 200 25911 "http://www.cdmindia.gov.in/imp_links.php" "Mozilla/5.0 (Windows NT 5.1) AppleWebKit/537.36 (KHTML, like Gecko) Chrome/49.0.2623.112 Safari/537.36"
139.167.7.56 - - [04/Jun/2017:08:37:57 +0530] "GET /imp_links.php HTTP/1.1" 200 17833 "http://www.cdmindia.gov.in/imp_links.php" "Mozilla/5.0 (Windows NT 5.1) AppleWebKit/537.36 (KHTML, like Gecko) Chrome/49.0.2623.112 Safari/537.36"
139.167.7.56 - - [04/Jun/2017:08:37:58 +0530] "GET /constitution.php HTTP/1.1" 200 23668 "http://www.cdmindia.gov.in/approval_process.php" "Mozilla/5.0 (Windows NT 5.1) AppleWebKit/537.36 (KHTML, like Gecko) Chrome/49.0.2623.112 Safari/537.36"
139.167.7.56 - - [04/Jun/2017:08:37:59 +0530] "GET /approval_process.php HTTP/1.1" 200 25911 "http://www.cdmindia.gov.in/capacity_building.php" "Mozilla/5.0 (Windows NT 5.1) AppleWebKit/537.36 (KHTML, like Gecko) Chrome/49.0.2623.112 Safari/537.36"
139.167.7.56 - - [04/Jun/2017:08:38:00 +0530] "GET /capacity_building.php HTTP/1.1" 200 19185 "http://www.cdmindia.gov.in/future_projects.php" "Mozilla/5.0 (Windows NT 5.1) AppleWebKit/537.36 (KHTML, like Gecko) Chrome/49.0.2623.112 Safari/537.36"
139.167.7.56 - - [04/Jun/2017:08:38:01 +0530] "GET /future_projects.php HTTP/1.1" 200 26209 "http://www.cdmindia.gov.in/project_details_view.php?id=800" "Mozilla/5.0 (Windows NT 5.1) AppleWebKit/537.36 (KHTML, like Gecko) Chrome/49.0.2623.112 Safari/537.36"
139.167.7.56 - - [04/Jun/2017:08:38:02 +0530] "GET /includes/CaptchaSecurityImages.php?width=80&height=30&characters=5 HTTP/1.1" 200 2145 "http://www.cdmindia.gov.in/future_projects.php" "Mozilla/5.0 (Windows NT 5.1) AppleWebKit/537.36 (KHTML, like Gecko) Chrome/49.0.2623.112 Safari/537.36"
139.167.7.56 - - [04/Jun/2017:08:38:02 +0530] "GET /project_details_view.php?id=800 HTTP/1.1" 200 14016 "https://www.google.co.in/" "Mozilla/5.0 (Windows NT 5.1) AppleWebKit/537.36 (KHTML, like Gecko) Chrome/49.0.2623.112 Safari/537.36"
66.249.79.133 - - [04/Jun/2017:08:40:27 +0530] "GET /Approved_proj_reports_list_details.php?id=&reporttype=&scale=&sdt=&edt=ycumcweg&exec=&page=48 HTTP/1.1" 200 17406 "-" "Mozilla/5.0 (compatible; Googlebot/2.1; +http://www.google.com/bot.html)"
66.249.79.129 - - [04/Jun/2017:08:41:40 +0530] "GET /Approved_proj_reports_list_details.php?id=&reporttype=&scale=&sdt=&edt=ycumcweg&exec=&page=51 HTTP/1.1" 200 17313 "-" "Mozilla/5.0 (compatible; Googlebot/2.1; +http://www.google.com/bot.html)"
157.55.39.245 - - [04/Jun/2017:08:42:58 +0530] "GET /reports_list_details.php?id=pnjuzahme&reporttype=&page=92 HTTP/1.1" 200 21755 "-" "Mozilla/5.0 (compatible; bingbot/2.0; +http://www.bing.com/bingbot.htm)"
35.184.189.105 - - [04/Jun/2017:08:44:09 +0530] "GET /robots.txt HTTP/1.1" 404 208 "-" "ltx71 - (http://ltx71.com/)"
35.184.189.105 - - [04/Jun/2017:08:44:39 +0530] "GET /detail_news.php?id=13 HTTP/1.1" 302 37747 "-" "ltx71 - (http://ltx71.com/)"
207.46.13.103 - - [04/Jun/2017:08:45:19 +0530] "GET /project_details_view.php?id=1698 HTTP/1.1" 200 14290 "-" "Mozilla/5.0 (iPhone; CPU iPhone OS 7_0 like Mac OS X) AppleWebKit/537.51.1 (KHTML, like Gecko) Version/7.0 Mobile/11A465 Safari/9537.53 (compatible; bingbot/2.0; +http://www.bing.com/bingbot.htm)"
66.249.79.129 - - [04/Jun/2017:08:45:47 +0530] "GET /reports_list_details.php?id=Andhra&reporttype=&page=176 HTTP/1.1" 200 22290 "-" "Mozilla/5.0 (compatible; Googlebot/2.1; +http://www.google.com/bot.html)"
66.249.79.131 - - [04/Jun/2017:08:46:32 +0530] "GET /project_details_view.php?id=1158&oid=&page=51&reporttype= HTTP/1.1" 200 13985 "-" "Mozilla/5.0 (compatible; Googlebot/2.1; +http://www.google.com/bot.html)"
35.184.189.105 - - [04/Jun/2017:08:51:45 +0530] "GET /robots.txt HTTP/1.1" 404 208 "-" "ltx71 - (http://ltx71.com/)"
92.133.173.181 - - [04/Jun/2017:08:52:57 +0530] "GET /robots.txt HTTP/1.1" 404 208 "-" "Java/1.8.0_101"
207.46.13.103 - - [04/Jun/2017:08:54:24 +0530] "GET /project_details_view.php?id=150 HTTP/1.1" 200 14902 "-" "Mozilla/5.0 (compatible; bingbot/2.0; +http://www.bing.com/bingbot.htm)"
54.237.240.134 - - [04/Jun/2017:08:54:53 +0530] "GET /robots.txt HTTP/1.1" 404 208 "-" "Mozilla/5.0 (compatible; Cliqzbot/1.0; +http://cliqz.com/company/cliqzbot)"
54.237.240.134 - - [04/Jun/2017:08:54:54 +0530] "GET /project_details_view.php?id=1208 HTTP/1.1" 200 14334 "-" "Mozilla/5.0 (compatible; Cliqzbot/1.0; +http://cliqz.com/company/cliqzbot)"
66.249.79.131 - - [04/Jun/2017:08:55:37 +0530] "GET /project_details_view.php?id=279&oid=1&page=80&reporttype=1 HTTP/1.1" 200 14650 "-" "Mozilla/5.0 (compatible; Googlebot/2.1; +http://www.google.com/bot.html)"
202.46.52.166 - - [04/Jun/2017:08:55:59 +0530] "GET /project_details_view.php?id=1013 HTTP/1.1" 200 14748 "-" "Mozilla/5.0 (Windows NT 10.0; WOW64) AppleWebKit/537.36 (KHTML, like Gecko) Chrome/45.0.2454.93 Safari/537.36"
66.249.79.133 - - [04/Jun/2017:08:57:03 +0530] "GET /approval_process.php HTTP/1.1" 200 25911 "-" "Mozilla/5.0 (Linux; Android 6.0.1; Nexus 5X Build/MMB29P) AppleWebKit/537.36 (KHTML, like Gecko) Chrome/41.0.2272.96 Mobile Safari/537.36 (compatible; Googlebot/2.1; +http://www.google.com/bot.html)"
157.55.39.226 - - [04/Jun/2017:08:59:27 +0530] "GET /project_details_view_report.php?id=1896 HTTP/1.1" 200 13198 "-" "Mozilla/5.0 (compatible; bingbot/2.0; +http://www.bing.com/bingbot.htm)"
66.249.79.133 - - [04/Jun/2017:08:59:39 +0530] "GET /project_details_view_report.php?id=378 HTTP/1.1" 200 13220 "-" "Mozilla/5.0 (compatible; Googlebot/2.1; +http://www.google.com/bot.html)"
66.249.79.131 - - [04/Jun/2017:09:00:38 +0530] "GET /project_details_view.php?id=637 HTTP/1.1" 200 14298 "-" "Mozilla/5.0 (compatible; Googlebot/2.1; +http://www.google.com/bot.html)"
157.55.39.245 - - [04/Jun/2017:09:01:14 +0530] "GET /downloads/Comparision%20of%20PCN_30.03.doc HTTP/1.1" 200 49664 "-" "Mozilla/5.0 (compatible; bingbot/2.0; +http://www.bing.com/bingbot.htm)"
66.249.79.131 - - [04/Jun/2017:09:05:49 +0530] "GET /project_details_view.php?id=754 HTTP/1.1" 200 14245 "-" "Mozilla/5.0 (compatible; Googlebot/2.1; +http://www.google.com/bot.html)"
90.0.239.40 - - [04/Jun/2017:09:08:19 +0530] "GET /robots.txt HTTP/1.1" 404 208 "-" "Java/1.8.0_101"
66.249.79.131 - - [04/Jun/2017:09:10:44 +0530] "GET /project_details_view.php?id=1837&oid=&page=4&reporttype= HTTP/1.1" 200 14726 "-" "Mozilla/5.0 (compatible; Googlebot/2.1; +http://www.google.com/bot.html)"
35.184.189.105 - - [04/Jun/2017:09:11:34 +0530] "GET /robots.txt HTTP/1.1" 404 208 "-" "ltx71 - (http://ltx71.com/)"
157.55.39.98 - - [04/Jun/2017:09:12:51 +0530] "GET /approved_projects.php?n=1 HTTP/1.1" 200 16641 "-" "Mozilla/5.0 (compatible; bingbot/2.0; +http://www.bing.com/bingbot.htm)"
207.46.13.103 - - [04/Jun/2017:09:12:54 +0530] "GET /project_details_view.php?id=1425 HTTP/1.1" 200 15825 "-" "Mozilla/5.0 (iPhone; CPU iPhone OS 7_0 like Mac OS X) AppleWebKit/537.51.1 (KHTML, like Gecko) Version/7.0 Mobile/11A465 Safari/9537.53 (compatible; bingbot/2.0; +http://www.bing.com/bingbot.htm)"
202.46.54.37 - - [04/Jun/2017:09:14:26 +0530] "GET /project_details_view_report.php?id=95 HTTP/1.1" 200 13157 "-" "Mozilla/5.0 (Windows NT 10.0; WOW64) AppleWebKit/537.36 (KHTML, like Gecko) Chrome/45.0.2454.93 Safari/537.36"
35.184.189.105 - - [04/Jun/2017:09:15:16 +0530] "GET /robots.txt HTTP/1.1" 404 208 "-" "ltx71 - (http://ltx71.com/)"
66.249.79.129 - - [04/Jun/2017:09:15:45 +0530] "GET /project_details_view.php?id=498&oid=1&page=53&reporttype=1 HTTP/1.1" 200 14152 "-" "Mozilla/5.0 (compatible; Googlebot/2.1; +http://www.google.com/bot.html)"
35.184.189.105 - - [04/Jun/2017:09:18:09 +0530] "GET /robots.txt HTTP/1.1" 404 208 "-" "ltx71 - (http://ltx71.com/)"
35.184.189.105 - - [04/Jun/2017:09:19:11 +0530] "GET /Scripts/AC_RunActiveContent.js HTTP/1.1" 200 8321 "-" "ltx71 - (http://ltx71.com/)"
157.55.39.98 - - [04/Jun/2017:09:20:13 +0530] "GET /project_details_view_report.php?id=1083 HTTP/1.1" 200 13202 "-" "Mozilla/5.0 (compatible; bingbot/2.0; +http://www.bing.com/bingbot.htm)"
61.135.217.112 - - [04/Jun/2017:09:26:12 +0530] "GET /robots.txt HTTP/1.0" 404 208 "-" "Mozilla/5.0 AppleWebKit/537.36 (KHTML, like Gecko) Chrome/55.0.2883.95 Safari/537.36/Nutch-1.12"
61.135.217.112 - - [04/Jun/2017:09:26:13 +0530] "GET / HTTP/1.0" 200 19479 "-" "Mozilla/5.0 AppleWebKit/537.36 (KHTML, like Gecko) Chrome/55.0.2883.95 Safari/537.36/Nutch-1.12"
35.184.189.105 - - [04/Jun/2017:09:27:17 +0530] "GET /robots.txt HTTP/1.1" 404 208 "-" "ltx71 - (http://ltx71.com/)"
35.184.189.105 - - [04/Jun/2017:09:27:35 +0530] "GET /js/index_validations.js HTTP/1.1" 200 3143 "-" "ltx71 - (http://ltx71.com/)"
66.249.79.131 - - [04/Jun/2017:09:31:22 +0530] "GET /project_details_view.php?id=692 HTTP/1.1" 200 14235 "-" "Mozilla/5.0 (compatible; Googlebot/2.1; +http://www.google.com/bot.html)"
202.46.48.143 - - [04/Jun/2017:09:32:52 +0530] "GET /project_details_view.php?id=2028 HTTP/1.1" 200 14030 "-" "Mozilla/5.0 (Windows NT 10.0; WOW64) AppleWebKit/537.36 (KHTML, like Gecko) Chrome/45.0.2454.93 Safari/537.36"
66.249.79.133 - - [04/Jun/2017:09:36:15 +0530] "GET /project_details_view.php?id=34 HTTP/1.1" 200 14088 "-" "Mozilla/5.0 (compatible; Googlebot/2.1; +http://www.google.com/bot.html)"
35.184.189.105 - - [04/Jun/2017:09:45:06 +0530] "GET /robots.txt HTTP/1.1" 404 208 "-" "ltx71 - (http://ltx71.com/)"
66.249.79.131 - - [04/Jun/2017:09:45:15 +0530] "GET /view_past_events.php HTTP/1.1" 200 18853 "-" "Mozilla/5.0 (Linux; Android 6.0.1; Nexus 5X Build/MMB29P) AppleWebKit/537.36 (KHTML, like Gecko) Chrome/41.0.2272.96 Mobile Safari/537.36 (compatible; Googlebot/2.1; +http://www.google.com/bot.html)"
90.57.162.247 - - [04/Jun/2017:09:49:28 +0530] "GET /robots.txt HTTP/1.1" 404 208 "-" "Java/1.8.0_101"
35.184.189.105 - - [04/Jun/2017:09:49:56 +0530] "GET /robots.txt HTTP/1.1" 404 208 "-" "ltx71 - (http://ltx71.com/)"
202.46.58.94 - - [04/Jun/2017:09:51:18 +0530] "GET /project_details_view.php?id=259 HTTP/1.1" 200 13789 "-" "Mozilla/5.0 (Windows NT 10.0; WOW64) AppleWebKit/537.36 (KHTML, like Gecko) Chrome/45.0.2454.93 Safari/537.36"
35.184.189.105 - - [04/Jun/2017:09:51:53 +0530] "GET /index.php HTTP/1.1" 200 19479 "-" "ltx71 - (http://ltx71.com/)"
207.225.37.164 - - [04/Jun/2017:09:52:36 +0530] "GET /wp-login.php HTTP/1.0" 404 210 "-" "Mozilla/5.0 (Windows NT 6.3; WOW64; Trident/7.0; rv:11.0) like Gecko"
35.184.189.105 - - [04/Jun/2017:09:53:36 +0530] "GET /detail_news.php?id=10 HTTP/1.1" 302 20218 "-" "ltx71 - (http://ltx71.com/)"
66.249.79.95 - - [04/Jun/2017:09:56:27 +0530] "GET / HTTP/1.1" 200 19479 "-" "Mozilla/5.0 (compatible; Googlebot/2.1; +http://www.google.com/bot.html)"
66.249.79.129 - - [04/Jun/2017:10:01:25 +0530] "GET /project_details_view.php?id=374&oid=1&page=56&reporttype=1 HTTP/1.1" 200 14067 "-" "Mozilla/5.0 (compatible; Googlebot/2.1; +http://www.google.com/bot.html)"
66.249.79.131 - - [04/Jun/2017:10:01:25 +0530] "GET /robots.txt HTTP/1.1" 404 208 "-" "Mozilla/5.0 (compatible; Googlebot/2.1; +http://www.google.com/bot.html)"
207.46.13.103 - - [04/Jun/2017:10:03:14 +0530] "GET /future_projects.php HTTP/1.1" 302 26209 "-" "Mozilla/5.0 (compatible; bingbot/2.0; +http://www.bing.com/bingbot.htm)"
207.46.13.103 - - [04/Jun/2017:10:03:15 +0530] "GET /logout.php HTTP/1.1" 302 369 "-" "Mozilla/5.0 (compatible; bingbot/2.0; +http://www.bing.com/bingbot.htm)"
207.46.13.103 - - [04/Jun/2017:10:03:15 +0530] "GET /index.php HTTP/1.1" 200 19479 "-" "Mozilla/5.0 (compatible; bingbot/2.0; +http://www.bing.com/bingbot.htm)"
46.229.164.102 - - [04/Jun/2017:10:04:02 +0530] "GET /robots.txt HTTP/1.1" 404 208 "-" "Mozilla/5.0 (compatible; SemrushBot/1.2~bl; +http://www.semrush.com/bot.html)"
35.184.189.105 - - [04/Jun/2017:10:06:03 +0530] "GET /robots.txt HTTP/1.1" 404 208 "-" "ltx71 - (http://ltx71.com/)"
66.249.79.131 - - [04/Jun/2017:10:06:36 +0530] "GET / HTTP/1.1" 200 19479 "-" "Mozilla/5.0 (compatible; Googlebot/2.1; +http://www.google.com/bot.html)"
157.55.39.98 - - [04/Jun/2017:10:08:43 +0530] "GET /Approved_proj_reports_list_details.php?id=13&reporttype=1&scale=&sdt=&edt=&exec=&page=1 HTTP/1.1" 200 15916 "-" "Mozilla/5.0 (iPhone; CPU iPhone OS 7_0 like Mac OS X) AppleWebKit/537.51.1 (KHTML, like Gecko) Version/7.0 Mobile/11A465 Safari/9537.53 (compatible; bingbot/2.0; +http://www.bing.com/bingbot.htm)"
202.46.56.183 - - [04/Jun/2017:10:09:44 +0530] "GET /project_details_view.php?id=1460 HTTP/1.1" 200 14525 "-" "Mozilla/5.0 (Windows NT 10.0; WOW64) AppleWebKit/537.36 (KHTML, like Gecko) Chrome/45.0.2454.93 Safari/537.36"
46.229.164.101 - - [04/Jun/2017:10:11:19 +0530] "GET /robots.txt HTTP/1.1" 404 208 "-" "Mozilla/5.0 (compatible; SemrushBot/1.2~bl; +http://www.semrush.com/bot.html)"
66.249.79.133 - - [04/Jun/2017:10:11:45 +0530] "GET / HTTP/1.1" 200 19479 "-" "Mozilla/5.0 (Linux; Android 6.0.1; Nexus 5X Build/MMB29P) AppleWebKit/537.36 (KHTML, like Gecko) Chrome/41.0.2272.96 Mobile Safari/537.36 (compatible; Googlebot/2.1; +http://www.google.com/bot.html)"
66.249.79.129 - - [04/Jun/2017:10:11:46 +0530] "GET / HTTP/1.1" 200 19479 "-" "Mozilla/5.0 (Linux; Android 6.0.1; Nexus 5X Build/MMB29P) AppleWebKit/537.36 (KHTML, like Gecko) Chrome/41.0.2272.96 Mobile Safari/537.36 (compatible; Googlebot/2.1; +http://www.google.com/bot.html)"
110.224.40.114 - - [04/Jun/2017:10:12:11 +0530] "GET /project_details_view.php?id=889 HTTP/1.1" 200 14453 "https://www.google.co.in/" "Mozilla/5.0 (Linux; Android 5.1.1; A33f Build/LMY47V; wv) AppleWebKit/537.36 (KHTML, like Gecko) Version/4.0 Chrome/57.0.2987.132 Mobile Safari/537.36"
110.224.40.114 - - [04/Jun/2017:10:12:11 +0530] "GET /includes/ncdma.css HTTP/1.1" 200 13023 "http://www.cdmindia.gov.in/project_details_view.php?id=889" "Mozilla/5.0 (Linux; Android 5.1.1; A33f Build/LMY47V; wv) AppleWebKit/537.36 (KHTML, like Gecko) Version/4.0 Chrome/57.0.2987.132 Mobile Safari/537.36"
110.224.40.114 - - [04/Jun/2017:10:12:12 +0530] "GET /ncdma.css HTTP/1.1" 200 12640 "http://www.cdmindia.gov.in/project_details_view.php?id=889" "Mozilla/5.0 (Linux; Android 5.1.1; A33f Build/LMY47V; wv) AppleWebKit/537.36 (KHTML, like Gecko) Version/4.0 Chrome/57.0.2987.132 Mobile Safari/537.36"
110.224.40.114 - - [04/Jun/2017:10:12:12 +0530] "GET /Scripts/AC_RunActiveContent.js HTTP/1.1" 200 8321 "http://www.cdmindia.gov.in/project_details_view.php?id=889" "Mozilla/5.0 (Linux; Android 5.1.1; A33f Build/LMY47V; wv) AppleWebKit/537.36 (KHTML, like Gecko) Version/4.0 Chrome/57.0.2987.132 Mobile Safari/537.36"
110.224.40.114 - - [04/Jun/2017:10:12:14 +0530] "GET /images/img1.jpg HTTP/1.1" 200 1251 "http://www.cdmindia.gov.in/project_details_view.php?id=889" "Mozilla/5.0 (Linux; Android 5.1.1; A33f Build/LMY47V; wv) AppleWebKit/537.36 (KHTML, like Gecko) Version/4.0 Chrome/57.0.2987.132 Mobile Safari/537.36"
110.224.40.114 - - [04/Jun/2017:10:12:13 +0530] "GET /images/img2.jpg HTTP/1.1" 200 16276 "http://www.cdmindia.gov.in/project_details_view.php?id=889" "Mozilla/5.0 (Linux; Android 5.1.1; A33f Build/LMY47V; wv) AppleWebKit/537.36 (KHTML, like Gecko) Version/4.0 Chrome/57.0.2987.132 Mobile Safari/537.36"
110.224.40.114 - - [04/Jun/2017:10:12:14 +0530] "GET /images/fdm.jpg HTTP/1.1" 200 2043 "http://www.cdmindia.gov.in/project_details_view.php?id=889" "Mozilla/5.0 (Linux; Android 5.1.1; A33f Build/LMY47V; wv) AppleWebKit/537.36 (KHTML, like Gecko) Version/4.0 Chrome/57.0.2987.132 Mobile Safari/537.36"
110.224.40.114 - - [04/Jun/2017:10:12:14 +0530] "GET /images/fbg.jpg HTTP/1.1" 200 325 "http://www.cdmindia.gov.in/project_details_view.php?id=889" "Mozilla/5.0 (Linux; Android 5.1.1; A33f Build/LMY47V; wv) AppleWebKit/537.36 (KHTML, like Gecko) Version/4.0 Chrome/57.0.2987.132 Mobile Safari/537.36"
110.224.40.114 - - [04/Jun/2017:10:12:14 +0530] "GET /images/spacer.gif HTTP/1.1" 200 43 "http://www.cdmindia.gov.in/project_details_view.php?id=889" "Mozilla/5.0 (Linux; Android 5.1.1; A33f Build/LMY47V; wv) AppleWebKit/537.36 (KHTML, like Gecko) Version/4.0 Chrome/57.0.2987.132 Mobile Safari/537.36"
110.224.40.114 - - [04/Jun/2017:10:12:14 +0530] "GET /images/img3.jpg HTTP/1.1" 200 26957 "http://www.cdmindia.gov.in/project_details_view.php?id=889" "Mozilla/5.0 (Linux; Android 5.1.1; A33f Build/LMY47V; wv) AppleWebKit/537.36 (KHTML, like Gecko) Version/4.0 Chrome/57.0.2987.132 Mobile Safari/537.36"
110.224.40.114 - - [04/Jun/2017:10:12:14 +0530] "GET /images/gtz.jpg HTTP/1.1" 200 15484 "http://www.cdmindia.gov.in/project_details_view.php?id=889" "Mozilla/5.0 (Linux; Android 5.1.1; A33f Build/LMY47V; wv) AppleWebKit/537.36 (KHTML, like Gecko) Version/4.0 Chrome/57.0.2987.132 Mobile Safari/537.36"
110.224.40.114 - - [04/Jun/2017:10:12:16 +0530] "GET /images/bulllet2.gif HTTP/1.1" 200 58 "http://www.cdmindia.gov.in/project_details_view.php?id=889" "Mozilla/5.0 (Linux; Android 5.1.1; A33f Build/LMY47V; wv) AppleWebKit/537.36 (KHTML, like Gecko) Version/4.0 Chrome/57.0.2987.132 Mobile Safari/537.36"
110.224.40.114 - - [04/Jun/2017:10:12:16 +0530] "GET /images/bullet1.gif HTTP/1.1" 200 67 "http://www.cdmindia.gov.in/project_details_view.php?id=889" "Mozilla/5.0 (Linux; Android 5.1.1; A33f Build/LMY47V; wv) AppleWebKit/537.36 (KHTML, like Gecko) Version/4.0 Chrome/57.0.2987.132 Mobile Safari/537.36"
110.224.40.114 - - [04/Jun/2017:10:12:16 +0530] "GET /images/bullet4.gif HTTP/1.1" 200 67 "http://www.cdmindia.gov.in/project_details_view.php?id=889" "Mozilla/5.0 (Linux; Android 5.1.1; A33f Build/LMY47V; wv) AppleWebKit/537.36 (KHTML, like Gecko) Version/4.0 Chrome/57.0.2987.132 Mobile Safari/537.36"
110.224.40.114 - - [04/Jun/2017:10:12:17 +0530] "GET /favicon.ico HTTP/1.1" 200 1189 "http://www.cdmindia.gov.in/project_details_view.php?id=889" "Mozilla/5.0 (Linux; Android 5.1.1; A33f Build/LMY47V; wv) AppleWebKit/537.36 (KHTML, like Gecko) Version/4.0 Chrome/57.0.2987.132 Mobile Safari/537.36"
110.224.40.114 - - [04/Jun/2017:10:12:27 +0530] "GET /downloads/Template_sharing%202Percent.doc HTTP/1.1" 200 73728 "http://www.cdmindia.gov.in/project_details_view.php?id=889" "Mozilla/5.0 (Linux; Android 5.1.1; A33f Build/LMY47V; wv) AppleWebKit/537.36 (KHTML, like Gecko) Version/4.0 Chrome/57.0.2987.132 Mobile Safari/537.36"
110.224.40.114 - - [04/Jun/2017:10:12:29 +0530] "GET /downloads/Template_sharing%202Percent.doc HTTP/1.1" 200 73728 "http://www.cdmindia.gov.in/downloads/Template_sharing%202Percent.doc" "Mozilla/5.0 (Linux; Android 5.1.1; A33f Build/LMY47V; wv) AppleWebKit/537.36 (KHTML, like Gecko) Version/4.0 Chrome/57.0.2987.132 Mobile Safari/537.36"
110.224.40.114 - - [04/Jun/2017:10:12:35 +0530] "GET /constitution.php HTTP/1.1" 200 23668 "http://www.cdmindia.gov.in/project_details_view.php?id=889" "Mozilla/5.0 (Linux; Android 5.1.1; A33f Build/LMY47V; wv) AppleWebKit/537.36 (KHTML, like Gecko) Version/4.0 Chrome/57.0.2987.132 Mobile Safari/537.36"
110.224.40.114 - - [04/Jun/2017:10:12:36 +0530] "GET /js/index_validations.js HTTP/1.1" 200 3143 "http://www.cdmindia.gov.in/constitution.php" "Mozilla/5.0 (Linux; Android 5.1.1; A33f Build/LMY47V; wv) AppleWebKit/537.36 (KHTML, like Gecko) Version/4.0 Chrome/57.0.2987.132 Mobile Safari/537.36"
110.224.40.114 - - [04/Jun/2017:10:12:36 +0530] "GET /images/login.jpg HTTP/1.1" 200 1044 "http://www.cdmindia.gov.in/constitution.php" "Mozilla/5.0 (Linux; Android 5.1.1; A33f Build/LMY47V; wv) AppleWebKit/537.36 (KHTML, like Gecko) Version/4.0 Chrome/57.0.2987.132 Mobile Safari/537.36"
110.224.40.114 - - [04/Jun/2017:10:12:36 +0530] "GET /images/login1.jpg HTTP/1.1" 200 618 "http://www.cdmindia.gov.in/constitution.php" "Mozilla/5.0 (Linux; Android 5.1.1; A33f Build/LMY47V; wv) AppleWebKit/537.36 (KHTML, like Gecko) Version/4.0 Chrome/57.0.2987.132 Mobile Safari/537.36"
110.224.40.114 - - [04/Jun/2017:10:12:36 +0530] "GET /images/bullet3.gif HTTP/1.1" 200 58 "http://www.cdmindia.gov.in/constitution.php" "Mozilla/5.0 (Linux; Android 5.1.1; A33f Build/LMY47V; wv) AppleWebKit/537.36 (KHTML, like Gecko) Version/4.0 Chrome/57.0.2987.132 Mobile Safari/537.36"
110.224.40.114 - - [04/Jun/2017:10:12:36 +0530] "GET /images/fe.jpg HTTP/1.1" 200 1429 "http://www.cdmindia.gov.in/constitution.php" "Mozilla/5.0 (Linux; Android 5.1.1; A33f Build/LMY47V; wv) AppleWebKit/537.36 (KHTML, like Gecko) Version/4.0 Chrome/57.0.2987.132 Mobile Safari/537.36"
110.224.40.114 - - [04/Jun/2017:10:12:36 +0530] "GET /images/h_cons.jpg HTTP/1.1" 200 21924 "http://www.cdmindia.gov.in/constitution.php" "Mozilla/5.0 (Linux; Android 5.1.1; A33f Build/LMY47V; wv) AppleWebKit/537.36 (KHTML, like Gecko) Version/4.0 Chrome/57.0.2987.132 Mobile Safari/537.36"
66.249.79.131 - - [04/Jun/2017:10:18:25 +0530] "GET /project_details_view_report.php?id=379 HTTP/1.1" 200 13192 "-" "Mozilla/5.0 (compatible; Googlebot/2.1; +http://www.google.com/bot.html)"
35.184.189.105 - - [04/Jun/2017:10:19:29 +0530] "GET /robots.txt HTTP/1.1" 404 208 "-" "ltx71 - (http://ltx71.com/)"
66.249.79.129 - - [04/Jun/2017:10:19:40 +0530] "GET /project_details_view.php?id=1598 HTTP/1.1" 200 14209 "-" "Mozilla/5.0 (compatible; Googlebot/2.1; +http://www.google.com/bot.html)"
66.249.79.133 - - [04/Jun/2017:10:19:44 +0530] "GET /project_details_view.php?id=120&oid=&page=104&reporttype= HTTP/1.1" 200 15392 "-" "Mozilla/5.0 (Linux; Android 6.0.1; Nexus 5X Build/MMB29P) AppleWebKit/537.36 (KHTML, like Gecko) Chrome/41.0.2272.96 Mobile Safari/537.36 (compatible; Googlebot/2.1; +http://www.google.com/bot.html)"
35.184.189.105 - - [04/Jun/2017:10:21:49 +0530] "GET /robots.txt HTTP/1.1" 404 208 "-" "ltx71 - (http://ltx71.com/)"
66.249.79.129 - - [04/Jun/2017:10:23:14 +0530] "GET /capacity_building.php HTTP/1.1" 200 19185 "-" "Mozilla/5.0 (Linux; Android 6.0.1; Nexus 5X Build/MMB29P) AppleWebKit/537.36 (KHTML, like Gecko) Chrome/41.0.2272.96 Mobile Safari/537.36 (compatible; Googlebot/2.1; +http://www.google.com/bot.html)"
202.46.55.183 - - [04/Jun/2017:10:28:11 +0530] "GET /project_details_view.php?id=256 HTTP/1.1" 200 14290 "-" "Mozilla/5.0 (Windows NT 10.0; WOW64) AppleWebKit/537.36 (KHTML, like Gecko) Chrome/45.0.2454.93 Safari/537.36"
66.249.79.129 - - [04/Jun/2017:10:29:54 +0530] "GET /project_details_view.php?id=727&oid=&page=73&reporttype= HTTP/1.1" 200 16019 "-" "Mozilla/5.0 (Linux; Android 6.0.1; Nexus 5X Build/MMB29P) AppleWebKit/537.36 (KHTML, like Gecko) Chrome/41.0.2272.96 Mobile Safari/537.36 (compatible; Googlebot/2.1; +http://www.google.com/bot.html)"
203.133.169.17 - - [04/Jun/2017:10:35:55 +0530] "GET /robots.txt HTTP/1.1" 404 208 "-" "Mozilla/5.0 (compatible; Daum/4.1; +http://cs.daum.net/faq/15/4118.html?faqId=28966)"
203.133.169.17 - - [04/Jun/2017:10:35:55 +0530] "GET /project_details_view.php?id=1141 HTTP/1.1" 200 13991 "-" "Mozilla/5.0 (compatible; Daum/4.1; +http://cs.daum.net/faq/15/4118.html?faqId=28966)"
35.184.189.105 - - [04/Jun/2017:10:37:16 +0530] "GET /robots.txt HTTP/1.1" 404 208 "-" "ltx71 - (http://ltx71.com/)"
202.46.54.186 - - [04/Jun/2017:10:46:37 +0530] "GET /project_details_view_report.php?id=1714 HTTP/1.1" 200 13377 "-" "Mozilla/5.0 (Windows NT 10.0; WOW64) AppleWebKit/537.36 (KHTML, like Gecko) Chrome/45.0.2454.93 Safari/537.36"
37.48.68.247 - - [04/Jun/2017:10:49:13 +0530] "GET / HTTP/1.0" 200 19479 "http://www.cdmindia.gov.in/" "Mozilla/4.0 (compatible; MSIE 6.0; Windows NT 5.1; SV1; .NET CLR 2.0.50727)"
8.37.230.134 - - [04/Jun/2017:10:50:47 +0530] "GET /project_details_view_report.php?id=1805 HTTP/1.1" 200 13198 "http://www.google.co.in/search?site=webhp&ie=ISO-8859-1&oq=shalivahana+green+enery+dhe&aqs=mobile-gws-lite.0.0l1&q=shalivahana+green+energy+limited+dhenkanal" "Mozilla/5.0 (Linux; U; Android 5.1.1; en-US; Redmi Note 3 Build/LMY47V) AppleWebKit/534.30 (KHTML, like Gecko) Version/4.0 UCBrowser/11.1.0.882 U3/0.8.0 Mobile Safari/534.30"
8.37.230.134 - - [04/Jun/2017:10:50:47 +0530] "GET /includes/ncdma.css HTTP/1.1" 200 13023 "http://www.cdmindia.gov.in/project_details_view_report.php?id=1805" "Mozilla/5.0 (Linux; U; Android 5.1.1; en-US; Redmi Note 3 Build/LMY47V) AppleWebKit/534.30 (KHTML, like Gecko) Version/4.0 UCBrowser/11.1.0.882 U3/0.8.0 Mobile Safari/534.30"
8.37.230.134 - - [04/Jun/2017:10:50:47 +0530] "GET /Scripts/AC_RunActiveContent.js HTTP/1.1" 200 8321 "http://www.cdmindia.gov.in/project_details_view_report.php?id=1805" "Mozilla/5.0 (Linux; U; Android 5.1.1; en-US; Redmi Note 3 Build/LMY47V) AppleWebKit/534.30 (KHTML, like Gecko) Version/4.0 UCBrowser/11.1.0.882 U3/0.8.0 Mobile Safari/534.30"
8.37.230.134 - - [04/Jun/2017:10:50:47 +0530] "GET /ncdma.css HTTP/1.1" 200 12640 "http://www.cdmindia.gov.in/project_details_view_report.php?id=1805" "Mozilla/5.0 (Linux; U; Android 5.1.1; en-US; Redmi Note 3 Build/LMY47V) AppleWebKit/534.30 (KHTML, like Gecko) Version/4.0 UCBrowser/11.1.0.882 U3/0.8.0 Mobile Safari/534.30"
8.37.230.134 - - [04/Jun/2017:10:50:47 +0530] "GET /images/spacer.gif HTTP/1.1" 304 - "http://www.cdmindia.gov.in/project_details_view_report.php?id=1805" "Mozilla/5.0 (Linux; U; Android 5.1.1; en-US; Redmi Note 3 Build/LMY47V) AppleWebKit/534.30 (KHTML, like Gecko) Version/4.0 UCBrowser/11.1.0.882 U3/0.8.0 Mobile Safari/534.30"
8.37.230.134 - - [04/Jun/2017:10:50:47 +0530] "GET /images/bullet4.gif HTTP/1.1" 304 - "http://www.cdmindia.gov.in/project_details_view_report.php?id=1805" "Mozilla/5.0 (Linux; U; Android 5.1.1; en-US; Redmi Note 3 Build/LMY47V) AppleWebKit/534.30 (KHTML, like Gecko) Version/4.0 UCBrowser/11.1.0.882 U3/0.8.0 Mobile Safari/534.30"
8.37.230.134 - - [04/Jun/2017:10:50:47 +0530] "GET /images/img2.jpg HTTP/1.1" 200 16276 "http://www.cdmindia.gov.in/project_details_view_report.php?id=1805" "Mozilla/5.0 (Linux; U; Android 5.1.1; en-US; Redmi Note 3 Build/LMY47V) AppleWebKit/534.30 (KHTML, like Gecko) Version/4.0 UCBrowser/11.1.0.882 U3/0.8.0 Mobile Safari/534.30"
8.37.230.134 - - [04/Jun/2017:10:50:47 +0530] "GET /images/fdm.jpg HTTP/1.1" 200 2043 "http://www.cdmindia.gov.in/project_details_view_report.php?id=1805" "Mozilla/5.0 (Linux; U; Android 5.1.1; en-US; Redmi Note 3 Build/LMY47V) AppleWebKit/534.30 (KHTML, like Gecko) Version/4.0 UCBrowser/11.1.0.882 U3/0.8.0 Mobile Safari/534.30"
8.37.230.134 - - [04/Jun/2017:10:50:47 +0530] "GET /images/bulllet2.gif HTTP/1.1" 304 - "http://www.cdmindia.gov.in/project_details_view_report.php?id=1805" "Mozilla/5.0 (Linux; U; Android 5.1.1; en-US; Redmi Note 3 Build/LMY47V) AppleWebKit/534.30 (KHTML, like Gecko) Version/4.0 UCBrowser/11.1.0.882 U3/0.8.0 Mobile Safari/534.30"
8.37.230.134 - - [04/Jun/2017:10:50:47 +0530] "GET /images/bullet1.gif HTTP/1.1" 304 - "http://www.cdmindia.gov.in/project_details_view_report.php?id=1805" "Mozilla/5.0 (Linux; U; Android 5.1.1; en-US; Redmi Note 3 Build/LMY47V) AppleWebKit/534.30 (KHTML, like Gecko) Version/4.0 UCBrowser/11.1.0.882 U3/0.8.0 Mobile Safari/534.30"
8.37.230.134 - - [04/Jun/2017:10:50:47 +0530] "GET /images/img3.jpg HTTP/1.1" 200 26957 "http://www.cdmindia.gov.in/project_details_view_report.php?id=1805" "Mozilla/5.0 (Linux; U; Android 5.1.1; en-US; Redmi Note 3 Build/LMY47V) AppleWebKit/534.30 (KHTML, like Gecko) Version/4.0 UCBrowser/11.1.0.882 U3/0.8.0 Mobile Safari/534.30"
8.37.230.134 - - [04/Jun/2017:10:50:48 +0530] "GET /images/img1.jpg HTTP/1.1" 200 1251 "http://www.cdmindia.gov.in/project_details_view_report.php?id=1805" "Mozilla/5.0 (Linux; U; Android 5.1.1; en-US; Redmi Note 3 Build/LMY47V) AppleWebKit/534.30 (KHTML, like Gecko) Version/4.0 UCBrowser/11.1.0.882 U3/0.8.0 Mobile Safari/534.30"
8.37.230.134 - - [04/Jun/2017:10:50:49 +0530] "GET /images/favicon.ico HTTP/1.1" 200 1406 "http://www.cdmindia.gov.in/project_details_view_report.php?id=1805" "Mozilla/5.0 (Linux; U; Android 5.1.1; en-US; Redmi Note 3 Build/LMY47V) AppleWebKit/534.30 (KHTML, like Gecko) Version/4.0 UCBrowser/11.1.0.882 U3/0.8.0 Mobile Safari/534.30"
157.55.39.98 - - [04/Jun/2017:10:54:38 +0530] "GET /admin/ HTTP/1.1" 200 6167 "-" "Mozilla/5.0 (compatible; bingbot/2.0; +http://www.bing.com/bingbot.htm)"
199.30.25.193 - - [04/Jun/2017:10:54:40 +0530] "GET /admin/Scripts/AC_RunActiveContent.js HTTP/1.1" 404 234 "http://cdmindia.gov.in/admin/" "Mozilla/5.0 (Windows NT 6.1; WOW64) AppleWebKit/534+ (KHTML, like Gecko) BingPreview/1.0b"
