106.66.135.194 - - [31/May/2017:11:58:48 +0530] "GET /images/bullet4.gif HTTP/1.1" 200 67 "http://www.cdmindia.gov.in/project_details_view_report.php?id=133" "Mozilla/5.0 (Linux; Android 5.1.1; Redmi Note 3 Build/LMY47V) AppleWebKit/537.36 (KHTML, like Gecko) Chrome/46.0.2490.76 Mobile Safari/537.36"
106.66.135.194 - - [31/May/2017:11:58:48 +0530] "GET /images/img3.jpg HTTP/1.1" 200 26957 "http://www.cdmindia.gov.in/project_details_view_report.php?id=133" "Mozilla/5.0 (Linux; Android 5.1.1; Redmi Note 3 Build/LMY47V) AppleWebKit/537.36 (KHTML, like Gecko) Chrome/46.0.2490.76 Mobile Safari/537.36"
106.66.135.194 - - [31/May/2017:11:58:49 +0530] "GET /images/img1.jpg HTTP/1.1" 200 1251 "http://www.cdmindia.gov.in/project_details_view_report.php?id=133" "Mozilla/5.0 (Linux; Android 5.1.1; Redmi Note 3 Build/LMY47V) AppleWebKit/537.36 (KHTML, like Gecko) Chrome/46.0.2490.76 Mobile Safari/537.36"
106.66.135.194 - - [31/May/2017:11:58:49 +0530] "GET /images/gtz.jpg HTTP/1.1" 200 15484 "http://www.cdmindia.gov.in/project_details_view_report.php?id=133" "Mozilla/5.0 (Linux; Android 5.1.1; Redmi Note 3 Build/LMY47V) AppleWebKit/537.36 (KHTML, like Gecko) Chrome/46.0.2490.76 Mobile Safari/537.36"
106.66.135.194 - - [31/May/2017:11:58:49 +0530] "GET /images/fbg.jpg HTTP/1.1" 200 325 "http://www.cdmindia.gov.in/project_details_view_report.php?id=133" "Mozilla/5.0 (Linux; Android 5.1.1; Redmi Note 3 Build/LMY47V) AppleWebKit/537.36 (KHTML, like Gecko) Chrome/46.0.2490.76 Mobile Safari/537.36"
106.66.135.194 - - [31/May/2017:11:58:50 +0530] "GET /images/fdm.jpg HTTP/1.1" 200 2043 "http://www.cdmindia.gov.in/project_details_view_report.php?id=133" "Mozilla/5.0 (Linux; Android 5.1.1; Redmi Note 3 Build/LMY47V) AppleWebKit/537.36 (KHTML, like Gecko) Chrome/46.0.2490.76 Mobile Safari/537.36"
106.66.135.194 - - [31/May/2017:11:58:50 +0530] "GET /favicon.ico HTTP/1.1" 200 1189 "http://www.cdmindia.gov.in/project_details_view_report.php?id=133" "Mozilla/5.0 (Linux; Android 5.1.1; Redmi Note 3 Build/LMY47V) AppleWebKit/537.36 (KHTML, like Gecko) Chrome/46.0.2490.76 Mobile Safari/537.36"
111.93.251.186 - - [31/May/2017:11:59:07 +0530] "GET /Approved_proj_reports_list_details.php?id=1&reporttype=1&scale=&sdt=2005-01-01&edt=2017-05-29&exec=&page=3 HTTP/1.1" 200 16930 "http://www.cdmindia.gov.in/Approved_proj_reports_list_details.php?id=1&reporttype=1&scale=&sdt=2005-01-01&edt=2017-05-29&exec=&page=2" "Mozilla/5.0 (Windows NT 10.0; Win64; x64) AppleWebKit/537.36 (KHTML, like Gecko) Chrome/58.0.3029.110 Safari/537.36"
111.93.251.186 - - [31/May/2017:11:59:11 +0530] "GET /project_details_view.php?id=2094&oid=1&page=3&reporttype=1 HTTP/1.1" 200 14160 "http://www.cdmindia.gov.in/Approved_proj_reports_list_details.php?id=1&reporttype=1&scale=&sdt=2005-01-01&edt=2017-05-29&exec=&page=3" "Mozilla/5.0 (Windows NT 10.0; Win64; x64) AppleWebKit/537.36 (KHTML, like Gecko) Chrome/58.0.3029.110 Safari/537.36"
101.60.47.75 - - [31/May/2017:11:59:39 +0530] "GET /reports_list_details.php?id=Punjab&reporttype=2&page=2 HTTP/1.1" 200 21351 "https://www.google.co.in/" "Mozilla/5.0 (Windows NT 6.1; WOW64) AppleWebKit/537.36 (KHTML, like Gecko) Chrome/58.0.3029.110 Safari/537.36"
111.93.251.186 - - [31/May/2017:11:59:46 +0530] "GET /Approved_proj_reports_list_details.php?id=1&reporttype=1&scale=&sdt=2005-01-01&edt=2017-05-29&exec=&page=3 HTTP/1.1" 200 16930 "http://www.cdmindia.gov.in/Approved_proj_reports_list_details.php?id=1&reporttype=1&scale=&sdt=2005-01-01&edt=2017-05-29&exec=&page=2" "Mozilla/5.0 (Windows NT 10.0; Win64; x64) AppleWebKit/537.36 (KHTML, like Gecko) Chrome/58.0.3029.110 Safari/537.36"
111.93.251.186 - - [31/May/2017:11:59:52 +0530] "GET /project_details_view.php?id=2092&oid=1&page=3&reporttype=1 HTTP/1.1" 200 14204 "http://www.cdmindia.gov.in/Approved_proj_reports_list_details.php?id=1&reporttype=1&scale=&sdt=2005-01-01&edt=2017-05-29&exec=&page=3" "Mozilla/5.0 (Windows NT 10.0; Win64; x64) AppleWebKit/537.36 (KHTML, like Gecko) Chrome/58.0.3029.110 Safari/537.36"
111.93.251.186 - - [31/May/2017:12:00:21 +0530] "GET /Approved_proj_reports_list_details.php?id=1&reporttype=1&scale=&sdt=2005-01-01&edt=2017-05-29&exec=&page=3 HTTP/1.1" 200 16930 "http://www.cdmindia.gov.in/Approved_proj_reports_list_details.php?id=1&reporttype=1&scale=&sdt=2005-01-01&edt=2017-05-29&exec=&page=2" "Mozilla/5.0 (Windows NT 10.0; Win64; x64) AppleWebKit/537.36 (KHTML, like Gecko) Chrome/58.0.3029.110 Safari/537.36"
111.93.251.186 - - [31/May/2017:12:00:26 +0530] "GET /project_details_view.php?id=2091&oid=1&page=3&reporttype=1 HTTP/1.1" 200 14470 "http://www.cdmindia.gov.in/Approved_proj_reports_list_details.php?id=1&reporttype=1&scale=&sdt=2005-01-01&edt=2017-05-29&exec=&page=3" "Mozilla/5.0 (Windows NT 10.0; Win64; x64) AppleWebKit/537.36 (KHTML, like Gecko) Chrome/58.0.3029.110 Safari/537.36"
106.66.135.194 - - [31/May/2017:12:00:30 +0530] "GET /sitemap.php HTTP/1.1" 200 18471 "http://www.cdmindia.gov.in/project_details_view_report.php?id=133" "Mozilla/5.0 (Linux; Android 5.1.1; Redmi Note 3 Build/LMY47V) AppleWebKit/537.36 (KHTML, like Gecko) Chrome/46.0.2490.76 Mobile Safari/537.36"
106.66.135.194 - - [31/May/2017:12:00:31 +0530] "GET /images/h_sitemap.jpg HTTP/1.1" 200 21569 "http://www.cdmindia.gov.in/sitemap.php" "Mozilla/5.0 (Linux; Android 5.1.1; Redmi Note 3 Build/LMY47V) AppleWebKit/537.36 (KHTML, like Gecko) Chrome/46.0.2490.76 Mobile Safari/537.36"
106.66.135.194 - - [31/May/2017:12:00:32 +0530] "GET /images/login1.jpg HTTP/1.1" 200 618 "http://www.cdmindia.gov.in/sitemap.php" "Mozilla/5.0 (Linux; Android 5.1.1; Redmi Note 3 Build/LMY47V) AppleWebKit/537.36 (KHTML, like Gecko) Chrome/46.0.2490.76 Mobile Safari/537.36"
106.66.135.194 - - [31/May/2017:12:00:32 +0530] "GET /images/login.jpg HTTP/1.1" 200 1044 "http://www.cdmindia.gov.in/sitemap.php" "Mozilla/5.0 (Linux; Android 5.1.1; Redmi Note 3 Build/LMY47V) AppleWebKit/537.36 (KHTML, like Gecko) Chrome/46.0.2490.76 Mobile Safari/537.36"
106.66.135.194 - - [31/May/2017:12:00:32 +0530] "GET /images/bullet3.gif HTTP/1.1" 200 58 "http://www.cdmindia.gov.in/sitemap.php" "Mozilla/5.0 (Linux; Android 5.1.1; Redmi Note 3 Build/LMY47V) AppleWebKit/537.36 (KHTML, like Gecko) Chrome/46.0.2490.76 Mobile Safari/537.36"
106.66.135.194 - - [31/May/2017:12:00:32 +0530] "GET /images/fe.jpg HTTP/1.1" 200 1429 "http://www.cdmindia.gov.in/sitemap.php" "Mozilla/5.0 (Linux; Android 5.1.1; Redmi Note 3 Build/LMY47V) AppleWebKit/537.36 (KHTML, like Gecko) Chrome/46.0.2490.76 Mobile Safari/537.36"
106.66.135.194 - - [31/May/2017:12:00:50 +0530] "GET /project_details_view_report.php?id=133 HTTP/1.1" 200 13131 "https://www.google.co.in/" "Mozilla/5.0 (Linux; Android 5.1.1; Redmi Note 3 Build/LMY47V) AppleWebKit/537.36 (KHTML, like Gecko) Chrome/46.0.2490.76 Mobile Safari/537.36"
111.93.251.186 - - [31/May/2017:12:00:55 +0530] "GET /Approved_proj_reports_list_details.php?id=1&reporttype=1&scale=&sdt=2005-01-01&edt=2017-05-29&exec=&page=3 HTTP/1.1" 200 16930 "http://www.cdmindia.gov.in/Approved_proj_reports_list_details.php?id=1&reporttype=1&scale=&sdt=2005-01-01&edt=2017-05-29&exec=&page=2" "Mozilla/5.0 (Windows NT 10.0; Win64; x64) AppleWebKit/537.36 (KHTML, like Gecko) Chrome/58.0.3029.110 Safari/537.36"
111.93.251.186 - - [31/May/2017:12:00:57 +0530] "GET /project_details_view.php?id=2090&oid=1&page=3&reporttype=1 HTTP/1.1" 200 14138 "http://www.cdmindia.gov.in/Approved_proj_reports_list_details.php?id=1&reporttype=1&scale=&sdt=2005-01-01&edt=2017-05-29&exec=&page=3" "Mozilla/5.0 (Windows NT 10.0; Win64; x64) AppleWebKit/537.36 (KHTML, like Gecko) Chrome/58.0.3029.110 Safari/537.36"
103.192.172.12 - - [31/May/2017:12:01:01 +0530] "GET /reports_list_details.php?id=pnjuzahme&reporttype=&page=180 HTTP/1.1" 200 22395 "https://www.google.co.in/" "Mozilla/5.0 (Windows NT 6.3; Win64; x64) AppleWebKit/537.36 (KHTML, like Gecko) Chrome/58.0.3029.110 Safari/537.36"
106.66.135.194 - - [31/May/2017:12:01:07 +0530] "GET /index.php HTTP/1.1" 200 19482 "http://www.cdmindia.gov.in/project_details_view_report.php?id=133" "Mozilla/5.0 (Linux; Android 5.1.1; Redmi Note 3 Build/LMY47V) AppleWebKit/537.36 (KHTML, like Gecko) Chrome/46.0.2490.76 Mobile Safari/537.36"
106.66.135.194 - - [31/May/2017:12:01:07 +0530] "GET /js/base64_encode.js HTTP/1.1" 200 3002 "http://www.cdmindia.gov.in/index.php" "Mozilla/5.0 (Linux; Android 5.1.1; Redmi Note 3 Build/LMY47V) AppleWebKit/537.36 (KHTML, like Gecko) Chrome/46.0.2490.76 Mobile Safari/537.36"
106.66.135.194 - - [31/May/2017:12:01:08 +0530] "GET /js/md5.js HTTP/1.1" 200 13194 "http://www.cdmindia.gov.in/index.php" "Mozilla/5.0 (Linux; Android 5.1.1; Redmi Note 3 Build/LMY47V) AppleWebKit/537.36 (KHTML, like Gecko) Chrome/46.0.2490.76 Mobile Safari/537.36"
111.93.251.186 - - [31/May/2017:12:01:23 +0530] "GET /Approved_proj_reports_list_details.php?id=1&reporttype=1&scale=&sdt=2005-01-01&edt=2017-05-29&exec=&page=3 HTTP/1.1" 200 16930 "http://www.cdmindia.gov.in/Approved_proj_reports_list_details.php?id=1&reporttype=1&scale=&sdt=2005-01-01&edt=2017-05-29&exec=&page=2" "Mozilla/5.0 (Windows NT 10.0; Win64; x64) AppleWebKit/537.36 (KHTML, like Gecko) Chrome/58.0.3029.110 Safari/537.36"
202.46.48.125 - - [31/May/2017:12:01:26 +0530] "GET /project_details_view_report.php?id=1132 HTTP/1.1" 200 13162 "-" "Mozilla/5.0 (Windows NT 10.0; WOW64) AppleWebKit/537.36 (KHTML, like Gecko) Chrome/45.0.2454.93 Safari/537.36"
111.93.251.186 - - [31/May/2017:12:01:28 +0530] "GET /project_details_view.php?id=2089&oid=1&page=3&reporttype=1 HTTP/1.1" 200 14102 "http://www.cdmindia.gov.in/Approved_proj_reports_list_details.php?id=1&reporttype=1&scale=&sdt=2005-01-01&edt=2017-05-29&exec=&page=3" "Mozilla/5.0 (Windows NT 10.0; Win64; x64) AppleWebKit/537.36 (KHTML, like Gecko) Chrome/58.0.3029.110 Safari/537.36"
106.66.135.194 - - [31/May/2017:12:01:52 +0530] "GET /downloads/Existing%20PCN.doc HTTP/1.1" 200 114176 "http://www.cdmindia.gov.in/index.php" "Mozilla/5.0 (Linux; Android 5.1.1; Redmi Note 3 Build/LMY47V) AppleWebKit/537.36 (KHTML, like Gecko) Chrome/46.0.2490.76 Mobile Safari/537.36"
111.93.251.186 - - [31/May/2017:12:01:51 +0530] "GET /Approved_proj_reports_list_details.php?id=1&reporttype=1&scale=&sdt=2005-01-01&edt=2017-05-29&exec=&page=3 HTTP/1.1" 200 16930 "http://www.cdmindia.gov.in/Approved_proj_reports_list_details.php?id=1&reporttype=1&scale=&sdt=2005-01-01&edt=2017-05-29&exec=&page=2" "Mozilla/5.0 (Windows NT 10.0; Win64; x64) AppleWebKit/537.36 (KHTML, like Gecko) Chrome/58.0.3029.110 Safari/537.36"
106.66.135.194 - - [31/May/2017:12:01:52 +0530] "GET /downloads/Existing%20PCN.doc HTTP/1.1" 200 114176 "http://www.cdmindia.gov.in/index.php" "Mozilla/5.0 (Linux; Android 5.1.1; Redmi Note 3 Build/LMY47V) AppleWebKit/537.36 (KHTML, like Gecko) Chrome/46.0.2490.76 Mobile Safari/537.36"
111.93.251.186 - - [31/May/2017:12:01:55 +0530] "GET /project_details_view.php?id=2088&oid=1&page=3&reporttype=1 HTTP/1.1" 200 14361 "http://www.cdmindia.gov.in/Approved_proj_reports_list_details.php?id=1&reporttype=1&scale=&sdt=2005-01-01&edt=2017-05-29&exec=&page=3" "Mozilla/5.0 (Windows NT 10.0; Win64; x64) AppleWebKit/537.36 (KHTML, like Gecko) Chrome/58.0.3029.110 Safari/537.36"
157.51.28.48 - - [31/May/2017:12:02:05 +0530] "GET /project_details_view.php?id=761 HTTP/1.1" 200 14413 "https://www.google.co.in/" "Mozilla/5.0 (Linux; Android 5.1; LS-4003 Build/LMY47D) AppleWebKit/537.36 (KHTML, like Gecko) Version/4.0 Chrome/39.0.0.0 Mobile Safari/537.36"
157.51.28.48 - - [31/May/2017:12:02:05 +0530] "GET /includes/ncdma.css HTTP/1.1" 200 13023 "http://www.cdmindia.gov.in/project_details_view.php?id=761" "Mozilla/5.0 (Linux; Android 5.1; LS-4003 Build/LMY47D) AppleWebKit/537.36 (KHTML, like Gecko) Version/4.0 Chrome/39.0.0.0 Mobile Safari/537.36"
157.51.28.48 - - [31/May/2017:12:02:06 +0530] "GET /Scripts/AC_RunActiveContent.js HTTP/1.1" 200 8321 "http://www.cdmindia.gov.in/project_details_view.php?id=761" "Mozilla/5.0 (Linux; Android 5.1; LS-4003 Build/LMY47D) AppleWebKit/537.36 (KHTML, like Gecko) Version/4.0 Chrome/39.0.0.0 Mobile Safari/537.36"
157.51.28.48 - - [31/May/2017:12:02:06 +0530] "GET /ncdma.css HTTP/1.1" 200 12640 "http://www.cdmindia.gov.in/project_details_view.php?id=761" "Mozilla/5.0 (Linux; Android 5.1; LS-4003 Build/LMY47D) AppleWebKit/537.36 (KHTML, like Gecko) Version/4.0 Chrome/39.0.0.0 Mobile Safari/537.36"
157.51.28.48 - - [31/May/2017:12:02:06 +0530] "GET /images/img2.jpg HTTP/1.1" 200 16276 "http://www.cdmindia.gov.in/project_details_view.php?id=761" "Mozilla/5.0 (Linux; Android 5.1; LS-4003 Build/LMY47D) AppleWebKit/537.36 (KHTML, like Gecko) Version/4.0 Chrome/39.0.0.0 Mobile Safari/537.36"
103.192.172.12 - - [31/May/2017:12:02:09 +0530] "GET /reports_list_details.php?id=pnjuzahme&reporttype=&page=180 HTTP/1.1" 200 22395 "https://www.google.co.in/" "Mozilla/5.0 (Windows NT 6.3; Win64; x64) AppleWebKit/537.36 (KHTML, like Gecko) Chrome/58.0.3029.110 Safari/537.36"
157.51.28.48 - - [31/May/2017:12:02:08 +0530] "GET /images/img3.jpg HTTP/1.1" 200 26957 "http://www.cdmindia.gov.in/project_details_view.php?id=761" "Mozilla/5.0 (Linux; Android 5.1; LS-4003 Build/LMY47D) AppleWebKit/537.36 (KHTML, like Gecko) Version/4.0 Chrome/39.0.0.0 Mobile Safari/537.36"
157.51.28.48 - - [31/May/2017:12:02:11 +0530] "GET /images/spacer.gif HTTP/1.1" 200 43 "http://www.cdmindia.gov.in/project_details_view.php?id=761" "Mozilla/5.0 (Linux; Android 5.1; LS-4003 Build/LMY47D) AppleWebKit/537.36 (KHTML, like Gecko) Version/4.0 Chrome/39.0.0.0 Mobile Safari/537.36"
157.51.28.48 - - [31/May/2017:12:02:11 +0530] "GET /images/bullet1.gif HTTP/1.1" 200 67 "http://www.cdmindia.gov.in/project_details_view.php?id=761" "Mozilla/5.0 (Linux; Android 5.1; LS-4003 Build/LMY47D) AppleWebKit/537.36 (KHTML, like Gecko) Version/4.0 Chrome/39.0.0.0 Mobile Safari/537.36"
106.66.135.194 - - [31/May/2017:12:02:11 +0530] "GET /approved_projects.php?n=1 HTTP/1.1" 200 16644 "http://www.cdmindia.gov.in/index.php" "Mozilla/5.0 (Linux; Android 5.1.1; Redmi Note 3 Build/LMY47V) AppleWebKit/537.36 (KHTML, like Gecko) Chrome/46.0.2490.76 Mobile Safari/537.36"
157.51.28.48 - - [31/May/2017:12:02:11 +0530] "GET /images/bulllet2.gif HTTP/1.1" 200 58 "http://www.cdmindia.gov.in/project_details_view.php?id=761" "Mozilla/5.0 (Linux; Android 5.1; LS-4003 Build/LMY47D) AppleWebKit/537.36 (KHTML, like Gecko) Version/4.0 Chrome/39.0.0.0 Mobile Safari/537.36"
157.51.28.48 - - [31/May/2017:12:02:11 +0530] "GET /images/bullet4.gif HTTP/1.1" 200 67 "http://www.cdmindia.gov.in/project_details_view.php?id=761" "Mozilla/5.0 (Linux; Android 5.1; LS-4003 Build/LMY47D) AppleWebKit/537.36 (KHTML, like Gecko) Version/4.0 Chrome/39.0.0.0 Mobile Safari/537.36"
157.51.28.48 - - [31/May/2017:12:02:12 +0530] "GET /images/fdm.jpg HTTP/1.1" 200 2043 "http://www.cdmindia.gov.in/project_details_view.php?id=761" "Mozilla/5.0 (Linux; Android 5.1; LS-4003 Build/LMY47D) AppleWebKit/537.36 (KHTML, like Gecko) Version/4.0 Chrome/39.0.0.0 Mobile Safari/537.36"
106.66.135.194 - - [31/May/2017:12:02:12 +0530] "GET /js/datepicker/latest_datepicker.css HTTP/1.1" 200 2283 "http://www.cdmindia.gov.in/approved_projects.php?n=1" "Mozilla/5.0 (Linux; Android 5.1.1; Redmi Note 3 Build/LMY47V) AppleWebKit/537.36 (KHTML, like Gecko) Chrome/46.0.2490.76 Mobile Safari/537.36"
106.66.135.194 - - [31/May/2017:12:02:12 +0530] "GET /js/datepicker/latest_demo.css HTTP/1.1" 200 574 "http://www.cdmindia.gov.in/approved_projects.php?n=1" "Mozilla/5.0 (Linux; Android 5.1.1; Redmi Note 3 Build/LMY47V) AppleWebKit/537.36 (KHTML, like Gecko) Chrome/46.0.2490.76 Mobile Safari/537.36"
157.51.28.48 - - [31/May/2017:12:02:12 +0530] "GET /images/gtz.jpg HTTP/1.1" 200 15484 "http://www.cdmindia.gov.in/project_details_view.php?id=761" "Mozilla/5.0 (Linux; Android 5.1; LS-4003 Build/LMY47D) AppleWebKit/537.36 (KHTML, like Gecko) Version/4.0 Chrome/39.0.0.0 Mobile Safari/537.36"
106.66.135.194 - - [31/May/2017:12:02:12 +0530] "GET /js/datepicker/latest_date.js HTTP/1.1" 200 11986 "http://www.cdmindia.gov.in/approved_projects.php?n=1" "Mozilla/5.0 (Linux; Android 5.1.1; Redmi Note 3 Build/LMY47V) AppleWebKit/537.36 (KHTML, like Gecko) Chrome/46.0.2490.76 Mobile Safari/537.36"
106.66.135.194 - - [31/May/2017:12:02:11 +0530] "GET /js/jquery.js HTTP/1.1" 200 55774 "http://www.cdmindia.gov.in/approved_projects.php?n=1" "Mozilla/5.0 (Linux; Android 5.1.1; Redmi Note 3 Build/LMY47V) AppleWebKit/537.36 (KHTML, like Gecko) Chrome/46.0.2490.76 Mobile Safari/537.36"
157.51.28.48 - - [31/May/2017:12:02:13 +0530] "GET /images/img1.jpg HTTP/1.1" 200 1251 "http://www.cdmindia.gov.in/project_details_view.php?id=761" "Mozilla/5.0 (Linux; Android 5.1; LS-4003 Build/LMY47D) AppleWebKit/537.36 (KHTML, like Gecko) Version/4.0 Chrome/39.0.0.0 Mobile Safari/537.36"
157.51.28.48 - - [31/May/2017:12:02:13 +0530] "GET /images/fbg.jpg HTTP/1.1" 200 325 "http://www.cdmindia.gov.in/project_details_view.php?id=761" "Mozilla/5.0 (Linux; Android 5.1; LS-4003 Build/LMY47D) AppleWebKit/537.36 (KHTML, like Gecko) Version/4.0 Chrome/39.0.0.0 Mobile Safari/537.36"
106.66.135.194 - - [31/May/2017:12:02:12 +0530] "GET /js/datepicker/latest_jquery.datePicker.js HTTP/1.1" 200 37423 "http://www.cdmindia.gov.in/approved_projects.php?n=1" "Mozilla/5.0 (Linux; Android 5.1.1; Redmi Note 3 Build/LMY47V) AppleWebKit/537.36 (KHTML, like Gecko) Chrome/46.0.2490.76 Mobile Safari/537.36"
157.51.28.48 - - [31/May/2017:12:02:13 +0530] "GET /favicon.ico HTTP/1.1" 200 1189 "-" "Mozilla/5.0 (Linux; Android 5.1; LS-4003 Build/LMY47D) AppleWebKit/537.36 (KHTML, like Gecko) Version/4.0 Chrome/39.0.0.0 Mobile Safari/537.36"
106.66.135.194 - - [31/May/2017:12:02:16 +0530] "GET /js/datepicker/calendar.gif HTTP/1.1" 200 235 "http://www.cdmindia.gov.in/js/datepicker/latest_demo.css" "Mozilla/5.0 (Linux; Android 5.1.1; Redmi Note 3 Build/LMY47V) AppleWebKit/537.36 (KHTML, like Gecko) Chrome/46.0.2490.76 Mobile Safari/537.36"
106.66.135.194 - - [31/May/2017:12:02:53 +0530] "POST /approved_projects.php HTTP/1.1" 200 17786 "http://www.cdmindia.gov.in/approved_projects.php?n=1" "Mozilla/5.0 (Linux; Android 5.1.1; Redmi Note 3 Build/LMY47V) AppleWebKit/537.36 (KHTML, like Gecko) Chrome/46.0.2490.76 Mobile Safari/537.36"
111.93.251.186 - - [31/May/2017:12:02:58 +0530] "GET /Approved_proj_reports_list_details.php?id=1&reporttype=1&scale=&sdt=2005-01-01&edt=2017-05-29&exec=&page=3 HTTP/1.1" 200 16930 "http://www.cdmindia.gov.in/Approved_proj_reports_list_details.php?id=1&reporttype=1&scale=&sdt=2005-01-01&edt=2017-05-29&exec=&page=2" "Mozilla/5.0 (Windows NT 10.0; Win64; x64) AppleWebKit/537.36 (KHTML, like Gecko) Chrome/58.0.3029.110 Safari/537.36"
111.93.251.186 - - [31/May/2017:12:03:02 +0530] "GET /project_details_view.php?id=2087&oid=1&page=3&reporttype=1 HTTP/1.1" 200 13930 "http://www.cdmindia.gov.in/Approved_proj_reports_list_details.php?id=1&reporttype=1&scale=&sdt=2005-01-01&edt=2017-05-29&exec=&page=3" "Mozilla/5.0 (Windows NT 10.0; Win64; x64) AppleWebKit/537.36 (KHTML, like Gecko) Chrome/58.0.3029.110 Safari/537.36"
157.55.39.63 - - [31/May/2017:12:03:04 +0530] "GET /capacity_building.php HTTP/1.1" 200 19188 "-" "Mozilla/5.0 (compatible; bingbot/2.0; +http://www.bing.com/bingbot.htm)"
106.66.135.194 - - [31/May/2017:12:03:34 +0530] "GET /approved_projects.php?n=1 HTTP/1.1" 200 16644 "http://www.cdmindia.gov.in/index.php" "Mozilla/5.0 (Linux; Android 5.1.1; Redmi Note 3 Build/LMY47V) AppleWebKit/537.36 (KHTML, like Gecko) Chrome/46.0.2490.76 Mobile Safari/537.36"
106.66.135.194 - - [31/May/2017:12:03:36 +0530] "GET /index.php HTTP/1.1" 200 19482 "http://www.cdmindia.gov.in/project_details_view_report.php?id=133" "Mozilla/5.0 (Linux; Android 5.1.1; Redmi Note 3 Build/LMY47V) AppleWebKit/537.36 (KHTML, like Gecko) Chrome/46.0.2490.76 Mobile Safari/537.36"
106.66.135.194 - - [31/May/2017:12:03:38 +0530] "GET /project_details_view_report.php?id=133 HTTP/1.1" 200 13131 "https://www.google.co.in/" "Mozilla/5.0 (Linux; Android 5.1.1; Redmi Note 3 Build/LMY47V) AppleWebKit/537.36 (KHTML, like Gecko) Chrome/46.0.2490.76 Mobile Safari/537.36"
106.215.237.204 - - [31/May/2017:12:04:44 +0530] "GET /includes/ncdma.css HTTP/1.1" 200 13023 "https://www.google.co.in/" "Mozilla/5.0 (Linux; U; Android 6.0.1; en-in; Redmi Note 4 Build/MMB29M) AppleWebKit/537.36 (KHTML, like Gecko) Version/4.0 Chrome/53.0.2785.146 Mobile Safari/537.36 XiaoMi/MiuiBrowser/8.5.7"
106.215.237.204 - - [31/May/2017:12:04:44 +0530] "GET /Scripts/AC_RunActiveContent.js HTTP/1.1" 200 8321 "https://www.google.co.in/" "Mozilla/5.0 (Linux; U; Android 6.0.1; en-in; Redmi Note 4 Build/MMB29M) AppleWebKit/537.36 (KHTML, like Gecko) Version/4.0 Chrome/53.0.2785.146 Mobile Safari/537.36 XiaoMi/MiuiBrowser/8.5.7"
106.215.237.204 - - [31/May/2017:12:04:44 +0530] "GET /ncdma.css HTTP/1.1" 200 12640 "https://www.google.co.in/" "Mozilla/5.0 (Linux; U; Android 6.0.1; en-in; Redmi Note 4 Build/MMB29M) AppleWebKit/537.36 (KHTML, like Gecko) Version/4.0 Chrome/53.0.2785.146 Mobile Safari/537.36 XiaoMi/MiuiBrowser/8.5.7"
106.215.237.204 - - [31/May/2017:12:04:44 +0530] "GET /project_details_view.php?id=853 HTTP/1.1" 200 15056 "-" "Mozilla/5.0 (Linux; U; Android 6.0.1; en-in; Redmi Note 4 Build/MMB29M) AppleWebKit/537.36 (KHTML, like Gecko) Version/4.0 Chrome/53.0.2785.146 Mobile Safari/537.36 XiaoMi/MiuiBrowser/8.5.7"
106.215.237.204 - - [31/May/2017:12:04:44 +0530] "GET /images/spacer.gif HTTP/1.1" 200 43 "http://www.cdmindia.gov.in/project_details_view.php?id=853" "Mozilla/5.0 (Linux; U; Android 6.0.1; en-in; Redmi Note 4 Build/MMB29M) AppleWebKit/537.36 (KHTML, like Gecko) Version/4.0 Chrome/53.0.2785.146 Mobile Safari/537.36 XiaoMi/MiuiBrowser/8.5.7"
106.215.237.204 - - [31/May/2017:12:04:44 +0530] "GET /images/img2.jpg HTTP/1.1" 200 16276 "http://www.cdmindia.gov.in/project_details_view.php?id=853" "Mozilla/5.0 (Linux; U; Android 6.0.1; en-in; Redmi Note 4 Build/MMB29M) AppleWebKit/537.36 (KHTML, like Gecko) Version/4.0 Chrome/53.0.2785.146 Mobile Safari/537.36 XiaoMi/MiuiBrowser/8.5.7"
106.215.237.204 - - [31/May/2017:12:04:44 +0530] "GET /images/fdm.jpg HTTP/1.1" 200 2043 "http://www.cdmindia.gov.in/project_details_view.php?id=853" "Mozilla/5.0 (Linux; U; Android 6.0.1; en-in; Redmi Note 4 Build/MMB29M) AppleWebKit/537.36 (KHTML, like Gecko) Version/4.0 Chrome/53.0.2785.146 Mobile Safari/537.36 XiaoMi/MiuiBrowser/8.5.7"
106.215.237.204 - - [31/May/2017:12:04:44 +0530] "GET /images/img1.jpg HTTP/1.1" 200 1251 "http://www.cdmindia.gov.in/project_details_view.php?id=853" "Mozilla/5.0 (Linux; U; Android 6.0.1; en-in; Redmi Note 4 Build/MMB29M) AppleWebKit/537.36 (KHTML, like Gecko) Version/4.0 Chrome/53.0.2785.146 Mobile Safari/537.36 XiaoMi/MiuiBrowser/8.5.7"
106.215.237.204 - - [31/May/2017:12:04:44 +0530] "GET /images/bullet1.gif HTTP/1.1" 200 67 "http://www.cdmindia.gov.in/project_details_view.php?id=853" "Mozilla/5.0 (Linux; U; Android 6.0.1; en-in; Redmi Note 4 Build/MMB29M) AppleWebKit/537.36 (KHTML, like Gecko) Version/4.0 Chrome/53.0.2785.146 Mobile Safari/537.36 XiaoMi/MiuiBrowser/8.5.7"
106.215.237.204 - - [31/May/2017:12:04:44 +0530] "GET /images/img3.jpg HTTP/1.1" 200 26957 "http://www.cdmindia.gov.in/project_details_view.php?id=853" "Mozilla/5.0 (Linux; U; Android 6.0.1; en-in; Redmi Note 4 Build/MMB29M) AppleWebKit/537.36 (KHTML, like Gecko) Version/4.0 Chrome/53.0.2785.146 Mobile Safari/537.36 XiaoMi/MiuiBrowser/8.5.7"
106.215.237.204 - - [31/May/2017:12:04:44 +0530] "GET /images/gtz.jpg HTTP/1.1" 200 15484 "http://www.cdmindia.gov.in/project_details_view.php?id=853" "Mozilla/5.0 (Linux; U; Android 6.0.1; en-in; Redmi Note 4 Build/MMB29M) AppleWebKit/537.36 (KHTML, like Gecko) Version/4.0 Chrome/53.0.2785.146 Mobile Safari/537.36 XiaoMi/MiuiBrowser/8.5.7"
106.215.237.204 - - [31/May/2017:12:04:44 +0530] "GET /images/fbg.jpg HTTP/1.1" 200 325 "http://www.cdmindia.gov.in/project_details_view.php?id=853" "Mozilla/5.0 (Linux; U; Android 6.0.1; en-in; Redmi Note 4 Build/MMB29M) AppleWebKit/537.36 (KHTML, like Gecko) Version/4.0 Chrome/53.0.2785.146 Mobile Safari/537.36 XiaoMi/MiuiBrowser/8.5.7"
106.215.237.204 - - [31/May/2017:12:04:44 +0530] "GET /images/bullet4.gif HTTP/1.1" 200 67 "http://www.cdmindia.gov.in/project_details_view.php?id=853" "Mozilla/5.0 (Linux; U; Android 6.0.1; en-in; Redmi Note 4 Build/MMB29M) AppleWebKit/537.36 (KHTML, like Gecko) Version/4.0 Chrome/53.0.2785.146 Mobile Safari/537.36 XiaoMi/MiuiBrowser/8.5.7"
106.215.237.204 - - [31/May/2017:12:04:44 +0530] "GET /images/bulllet2.gif HTTP/1.1" 200 58 "http://www.cdmindia.gov.in/project_details_view.php?id=853" "Mozilla/5.0 (Linux; U; Android 6.0.1; en-in; Redmi Note 4 Build/MMB29M) AppleWebKit/537.36 (KHTML, like Gecko) Version/4.0 Chrome/53.0.2785.146 Mobile Safari/537.36 XiaoMi/MiuiBrowser/8.5.7"
106.215.237.204 - - [31/May/2017:12:04:44 +0530] "GET /favicon.ico HTTP/1.1" 200 1189 "http://www.cdmindia.gov.in/project_details_view.php?id=853" "Mozilla/5.0 (Linux; U; Android 6.0.1; en-in; Redmi Note 4 Build/MMB29M) AppleWebKit/537.36 (KHTML, like Gecko) Version/4.0 Chrome/53.0.2785.146 Mobile Safari/537.36 XiaoMi/MiuiBrowser/8.5.7"
107.167.108.205 - - [31/May/2017:12:08:13 +0530] "GET /project_details_view.php?id=1314 HTTP/1.1" 200 14559 "-" "Opera/9.80 (Android; Opera Mini/17.0.2211/63.203; U; en) Presto/2.12.423 Version/12.16"
107.167.108.205 - - [31/May/2017:12:08:14 +0530] "GET /Scripts/AC_RunActiveContent.js HTTP/1.1" 200 8321 "http://www.cdmindia.gov.in/project_details_view.php?id=1314" "Opera/9.80 (Android; Opera Mini/17.0.2211/63.203; U; en) Presto/2.12.423 Version/12.16"
107.167.108.205 - - [31/May/2017:12:08:14 +0530] "GET /includes/ncdma.css HTTP/1.1" 200 13023 "http://www.cdmindia.gov.in/project_details_view.php?id=1314" "Opera/9.80 (Android; Opera Mini/17.0.2211/63.203; U; en) Presto/2.12.423 Version/12.16"
107.167.108.205 - - [31/May/2017:12:08:14 +0530] "GET /images/img2.jpg HTTP/1.1" 200 16276 "http://www.cdmindia.gov.in/project_details_view.php?id=1314" "Opera/9.80 (Android; Opera Mini/17.0.2211/63.203; U; en) Presto/2.12.423 Version/12.16"
107.167.108.205 - - [31/May/2017:12:08:14 +0530] "GET /images/bullet4.gif HTTP/1.1" 200 67 "http://www.cdmindia.gov.in/project_details_view.php?id=1314" "Opera/9.80 (Android; Opera Mini/17.0.2211/63.203; U; en) Presto/2.12.423 Version/12.16"
107.167.108.205 - - [31/May/2017:12:08:14 +0530] "GET /ncdma.css HTTP/1.1" 200 12640 "http://www.cdmindia.gov.in/project_details_view.php?id=1314" "Opera/9.80 (Android; Opera Mini/17.0.2211/63.203; U; en) Presto/2.12.423 Version/12.16"
107.167.108.205 - - [31/May/2017:12:08:14 +0530] "GET /images/spacer.gif HTTP/1.1" 200 43 "http://www.cdmindia.gov.in/project_details_view.php?id=1314" "Opera/9.80 (Android; Opera Mini/17.0.2211/63.203; U; en) Presto/2.12.423 Version/12.16"
107.167.108.205 - - [31/May/2017:12:08:14 +0530] "GET /images/bullet1.gif HTTP/1.1" 200 67 "http://www.cdmindia.gov.in/project_details_view.php?id=1314" "Opera/9.80 (Android; Opera Mini/17.0.2211/63.203; U; en) Presto/2.12.423 Version/12.16"
107.167.108.205 - - [31/May/2017:12:08:15 +0530] "GET /images/fdm.jpg HTTP/1.1" 200 2043 "http://www.cdmindia.gov.in/project_details_view.php?id=1314" "Opera/9.80 (Android; Opera Mini/17.0.2211/63.203; U; en) Presto/2.12.423 Version/12.16"
107.167.108.205 - - [31/May/2017:12:08:15 +0530] "GET /images/favicon.ico HTTP/1.1" 200 1406 "http://www.cdmindia.gov.in/project_details_view.php?id=1314" "Opera/9.80 (Android; Opera Mini/17.0.2211/63.203; U; en) Presto/2.12.423 Version/12.16"
107.167.108.205 - - [31/May/2017:12:08:15 +0530] "GET /images/gtz.jpg HTTP/1.1" 200 15484 "http://www.cdmindia.gov.in/project_details_view.php?id=1314" "Opera/9.80 (Android; Opera Mini/17.0.2211/63.203; U; en) Presto/2.12.423 Version/12.16"
107.167.108.205 - - [31/May/2017:12:08:15 +0530] "GET /images/bulllet2.gif HTTP/1.1" 200 58 "http://www.cdmindia.gov.in/project_details_view.php?id=1314" "Opera/9.80 (Android; Opera Mini/17.0.2211/63.203; U; en) Presto/2.12.423 Version/12.16"
107.167.108.205 - - [31/May/2017:12:08:14 +0530] "GET /images/img3.jpg HTTP/1.1" 200 26957 "http://www.cdmindia.gov.in/project_details_view.php?id=1314" "Opera/9.80 (Android; Opera Mini/17.0.2211/63.203; U; en) Presto/2.12.423 Version/12.16"
107.167.108.205 - - [31/May/2017:12:08:16 +0530] "GET /images/img1.jpg HTTP/1.1" 200 1251 "http://www.cdmindia.gov.in/project_details_view.php?id=1314" "Opera/9.80 (Android; Opera Mini/17.0.2211/63.203; U; en) Presto/2.12.423 Version/12.16"
107.167.108.205 - - [31/May/2017:12:08:16 +0530] "GET /images/fbg.jpg HTTP/1.1" 200 325 "http://www.cdmindia.gov.in/project_details_view.php?id=1314" "Opera/9.80 (Android; Opera Mini/17.0.2211/63.203; U; en) Presto/2.12.423 Version/12.16"
49.15.158.172 - - [31/May/2017:12:11:30 +0530] "GET /project_details_view.php?id=2082 HTTP/1.1" 200 17234 "https://www.google.co.in/" "Mozilla/5.0 (Windows NT 6.1; rv:53.0) Gecko/20100101 Firefox/53.0"
49.15.158.172 - - [31/May/2017:12:11:31 +0530] "GET /includes/ncdma.css HTTP/1.1" 200 13023 "http://www.cdmindia.gov.in/project_details_view.php?id=2082" "Mozilla/5.0 (Windows NT 6.1; rv:53.0) Gecko/20100101 Firefox/53.0"
49.15.158.172 - - [31/May/2017:12:11:31 +0530] "GET /Scripts/AC_RunActiveContent.js HTTP/1.1" 200 8321 "http://www.cdmindia.gov.in/project_details_view.php?id=2082" "Mozilla/5.0 (Windows NT 6.1; rv:53.0) Gecko/20100101 Firefox/53.0"
49.15.158.172 - - [31/May/2017:12:11:31 +0530] "GET /ncdma.css HTTP/1.1" 200 12640 "http://www.cdmindia.gov.in/project_details_view.php?id=2082" "Mozilla/5.0 (Windows NT 6.1; rv:53.0) Gecko/20100101 Firefox/53.0"
49.15.158.172 - - [31/May/2017:12:11:31 +0530] "GET /images/spacer.gif HTTP/1.1" 200 43 "http://www.cdmindia.gov.in/project_details_view.php?id=2082" "Mozilla/5.0 (Windows NT 6.1; rv:53.0) Gecko/20100101 Firefox/53.0"
49.15.158.172 - - [31/May/2017:12:11:31 +0530] "GET /images/img3.jpg HTTP/1.1" 200 26957 "http://www.cdmindia.gov.in/project_details_view.php?id=2082" "Mozilla/5.0 (Windows NT 6.1; rv:53.0) Gecko/20100101 Firefox/53.0"
49.15.158.172 - - [31/May/2017:12:11:31 +0530] "GET /images/img2.jpg HTTP/1.1" 200 16276 "http://www.cdmindia.gov.in/project_details_view.php?id=2082" "Mozilla/5.0 (Windows NT 6.1; rv:53.0) Gecko/20100101 Firefox/53.0"
49.15.158.172 - - [31/May/2017:12:11:31 +0530] "GET /images/bullet4.gif HTTP/1.1" 200 67 "http://www.cdmindia.gov.in/project_details_view.php?id=2082" "Mozilla/5.0 (Windows NT 6.1; rv:53.0) Gecko/20100101 Firefox/53.0"
49.15.158.172 - - [31/May/2017:12:11:31 +0530] "GET /images/bullet1.gif HTTP/1.1" 200 67 "http://www.cdmindia.gov.in/project_details_view.php?id=2082" "Mozilla/5.0 (Windows NT 6.1; rv:53.0) Gecko/20100101 Firefox/53.0"
49.15.158.172 - - [31/May/2017:12:11:31 +0530] "GET /images/bulllet2.gif HTTP/1.1" 200 58 "http://www.cdmindia.gov.in/project_details_view.php?id=2082" "Mozilla/5.0 (Windows NT 6.1; rv:53.0) Gecko/20100101 Firefox/53.0"
49.15.158.172 - - [31/May/2017:12:11:32 +0530] "GET /images/fdm.jpg HTTP/1.1" 200 2043 "http://www.cdmindia.gov.in/project_details_view.php?id=2082" "Mozilla/5.0 (Windows NT 6.1; rv:53.0) Gecko/20100101 Firefox/53.0"
49.15.158.172 - - [31/May/2017:12:11:32 +0530] "GET /images/favicon.ico HTTP/1.1" 200 1406 "-" "Mozilla/5.0 (Windows NT 6.1; rv:53.0) Gecko/20100101 Firefox/53.0"
49.15.158.172 - - [31/May/2017:12:11:32 +0530] "GET /images/gtz.jpg HTTP/1.1" 200 15484 "http://www.cdmindia.gov.in/project_details_view.php?id=2082" "Mozilla/5.0 (Windows NT 6.1; rv:53.0) Gecko/20100101 Firefox/53.0"
49.15.158.172 - - [31/May/2017:12:11:32 +0530] "GET /images/img1.jpg HTTP/1.1" 200 1251 "http://www.cdmindia.gov.in/project_details_view.php?id=2082" "Mozilla/5.0 (Windows NT 6.1; rv:53.0) Gecko/20100101 Firefox/53.0"
49.15.158.172 - - [31/May/2017:12:11:32 +0530] "GET /images/fbg.jpg HTTP/1.1" 200 325 "http://www.cdmindia.gov.in/project_details_view.php?id=2082" "Mozilla/5.0 (Windows NT 6.1; rv:53.0) Gecko/20100101 Firefox/53.0"
27.4.156.213 - - [31/May/2017:12:12:06 +0530] "GET /project_details_view.php?id=661 HTTP/1.1" 200 14099 "https://www.google.co.in/" "Mozilla/5.0 (Windows NT 6.1) AppleWebKit/537.36 (KHTML, like Gecko) Chrome/58.0.3029.110 Safari/537.36"
27.4.156.213 - - [31/May/2017:12:12:06 +0530] "GET /includes/ncdma.css HTTP/1.1" 200 13023 "http://www.cdmindia.gov.in/project_details_view.php?id=661" "Mozilla/5.0 (Windows NT 6.1) AppleWebKit/537.36 (KHTML, like Gecko) Chrome/58.0.3029.110 Safari/537.36"
27.4.156.213 - - [31/May/2017:12:12:06 +0530] "GET /ncdma.css HTTP/1.1" 200 12640 "http://www.cdmindia.gov.in/project_details_view.php?id=661" "Mozilla/5.0 (Windows NT 6.1) AppleWebKit/537.36 (KHTML, like Gecko) Chrome/58.0.3029.110 Safari/537.36"
27.4.156.213 - - [31/May/2017:12:12:06 +0530] "GET /Scripts/AC_RunActiveContent.js HTTP/1.1" 200 8321 "http://www.cdmindia.gov.in/project_details_view.php?id=661" "Mozilla/5.0 (Windows NT 6.1) AppleWebKit/537.36 (KHTML, like Gecko) Chrome/58.0.3029.110 Safari/537.36"
27.4.156.213 - - [31/May/2017:12:12:06 +0530] "GET /images/bullet4.gif HTTP/1.1" 200 67 "http://www.cdmindia.gov.in/project_details_view.php?id=661" "Mozilla/5.0 (Windows NT 6.1) AppleWebKit/537.36 (KHTML, like Gecko) Chrome/58.0.3029.110 Safari/537.36"
27.4.156.213 - - [31/May/2017:12:12:06 +0530] "GET /images/bullet1.gif HTTP/1.1" 200 67 "http://www.cdmindia.gov.in/project_details_view.php?id=661" "Mozilla/5.0 (Windows NT 6.1) AppleWebKit/537.36 (KHTML, like Gecko) Chrome/58.0.3029.110 Safari/537.36"
27.4.156.213 - - [31/May/2017:12:12:06 +0530] "GET /images/img2.jpg HTTP/1.1" 200 16276 "http://www.cdmindia.gov.in/project_details_view.php?id=661" "Mozilla/5.0 (Windows NT 6.1) AppleWebKit/537.36 (KHTML, like Gecko) Chrome/58.0.3029.110 Safari/537.36"
27.4.156.213 - - [31/May/2017:12:12:06 +0530] "GET /images/bulllet2.gif HTTP/1.1" 200 58 "http://www.cdmindia.gov.in/project_details_view.php?id=661" "Mozilla/5.0 (Windows NT 6.1) AppleWebKit/537.36 (KHTML, like Gecko) Chrome/58.0.3029.110 Safari/537.36"
27.4.156.213 - - [31/May/2017:12:12:06 +0530] "GET /images/spacer.gif HTTP/1.1" 200 43 "http://www.cdmindia.gov.in/project_details_view.php?id=661" "Mozilla/5.0 (Windows NT 6.1) AppleWebKit/537.36 (KHTML, like Gecko) Chrome/58.0.3029.110 Safari/537.36"
27.4.156.213 - - [31/May/2017:12:12:06 +0530] "GET /images/img3.jpg HTTP/1.1" 200 26957 "http://www.cdmindia.gov.in/project_details_view.php?id=661" "Mozilla/5.0 (Windows NT 6.1) AppleWebKit/537.36 (KHTML, like Gecko) Chrome/58.0.3029.110 Safari/537.36"
27.4.156.213 - - [31/May/2017:12:12:06 +0530] "GET /images/fbg.jpg HTTP/1.1" 200 325 "http://www.cdmindia.gov.in/project_details_view.php?id=661" "Mozilla/5.0 (Windows NT 6.1) AppleWebKit/537.36 (KHTML, like Gecko) Chrome/58.0.3029.110 Safari/537.36"
27.4.156.213 - - [31/May/2017:12:12:06 +0530] "GET /images/fdm.jpg HTTP/1.1" 200 2043 "http://www.cdmindia.gov.in/project_details_view.php?id=661" "Mozilla/5.0 (Windows NT 6.1) AppleWebKit/537.36 (KHTML, like Gecko) Chrome/58.0.3029.110 Safari/537.36"
27.4.156.213 - - [31/May/2017:12:12:06 +0530] "GET /images/gtz.jpg HTTP/1.1" 200 15484 "http://www.cdmindia.gov.in/project_details_view.php?id=661" "Mozilla/5.0 (Windows NT 6.1) AppleWebKit/537.36 (KHTML, like Gecko) Chrome/58.0.3029.110 Safari/537.36"
27.4.156.213 - - [31/May/2017:12:12:06 +0530] "GET /images/img1.jpg HTTP/1.1" 200 1251 "http://www.cdmindia.gov.in/project_details_view.php?id=661" "Mozilla/5.0 (Windows NT 6.1) AppleWebKit/537.36 (KHTML, like Gecko) Chrome/58.0.3029.110 Safari/537.36"
27.4.156.213 - - [31/May/2017:12:12:06 +0530] "GET /favicon.ico HTTP/1.1" 200 1189 "http://www.cdmindia.gov.in/project_details_view.php?id=661" "Mozilla/5.0 (Windows NT 6.1) AppleWebKit/537.36 (KHTML, like Gecko) Chrome/58.0.3029.110 Safari/537.36"
40.77.167.52 - - [31/May/2017:12:14:44 +0530] "GET /approval_process.php HTTP/1.1" 200 25914 "-" "Mozilla/5.0 (compatible; bingbot/2.0; +http://www.bing.com/bingbot.htm)"
40.77.167.52 - - [31/May/2017:12:14:55 +0530] "GET /includes/ncdma.css HTTP/1.1" 200 13023 "-" "Mozilla/5.0 (compatible; bingbot/2.0; +http://www.bing.com/bingbot.htm)"
157.55.39.63 - - [31/May/2017:12:15:12 +0530] "GET /js/index_validations.js HTTP/1.1" 200 3143 "-" "Mozilla/5.0 (compatible; bingbot/2.0; +http://www.bing.com/bingbot.htm)"
157.55.39.63 - - [31/May/2017:12:15:12 +0530] "GET /ncdma.css HTTP/1.1" 200 12640 "-" "Mozilla/5.0 (compatible; bingbot/2.0; +http://www.bing.com/bingbot.htm)"
111.93.251.186 - - [31/May/2017:12:15:23 +0530] "GET /Approved_proj_reports_list_details.php?id=1&reporttype=1&scale=&sdt=2005-01-01&edt=2017-05-29&exec=&page=3 HTTP/1.1" 200 16930 "http://www.cdmindia.gov.in/Approved_proj_reports_list_details.php?id=1&reporttype=1&scale=&sdt=2005-01-01&edt=2017-05-29&exec=&page=2" "Mozilla/5.0 (Windows NT 10.0; Win64; x64) AppleWebKit/537.36 (KHTML, like Gecko) Chrome/58.0.3029.110 Safari/537.36"
111.93.251.186 - - [31/May/2017:12:15:26 +0530] "GET /project_details_view.php?id=2090&oid=1&page=3&reporttype=1 HTTP/1.1" 200 14138 "http://www.cdmindia.gov.in/Approved_proj_reports_list_details.php?id=1&reporttype=1&scale=&sdt=2005-01-01&edt=2017-05-29&exec=&page=3" "Mozilla/5.0 (Windows NT 10.0; Win64; x64) AppleWebKit/537.36 (KHTML, like Gecko) Chrome/58.0.3029.110 Safari/537.36"
124.123.6.151 - - [31/May/2017:12:18:22 +0530] "GET /project_details_view.php?id=894 HTTP/1.1" 200 15171 "https://www.google.co.in/" "Mozilla/5.0 (Windows NT 6.1; WOW64; rv:53.0) Gecko/20100101 Firefox/53.0"
124.123.6.151 - - [31/May/2017:12:18:23 +0530] "GET /includes/ncdma.css HTTP/1.1" 200 13023 "http://www.cdmindia.gov.in/project_details_view.php?id=894" "Mozilla/5.0 (Windows NT 6.1; WOW64; rv:53.0) Gecko/20100101 Firefox/53.0"
124.123.6.151 - - [31/May/2017:12:18:23 +0530] "GET /Scripts/AC_RunActiveContent.js HTTP/1.1" 200 8321 "http://www.cdmindia.gov.in/project_details_view.php?id=894" "Mozilla/5.0 (Windows NT 6.1; WOW64; rv:53.0) Gecko/20100101 Firefox/53.0"
124.123.6.151 - - [31/May/2017:12:18:23 +0530] "GET /ncdma.css HTTP/1.1" 200 12640 "http://www.cdmindia.gov.in/project_details_view.php?id=894" "Mozilla/5.0 (Windows NT 6.1; WOW64; rv:53.0) Gecko/20100101 Firefox/53.0"
124.123.6.151 - - [31/May/2017:12:18:23 +0530] "GET /images/img2.jpg HTTP/1.1" 200 16276 "http://www.cdmindia.gov.in/project_details_view.php?id=894" "Mozilla/5.0 (Windows NT 6.1; WOW64; rv:53.0) Gecko/20100101 Firefox/53.0"
124.123.6.151 - - [31/May/2017:12:18:23 +0530] "GET /images/spacer.gif HTTP/1.1" 200 43 "http://www.cdmindia.gov.in/project_details_view.php?id=894" "Mozilla/5.0 (Windows NT 6.1; WOW64; rv:53.0) Gecko/20100101 Firefox/53.0"
124.123.6.151 - - [31/May/2017:12:18:23 +0530] "GET /images/img3.jpg HTTP/1.1" 200 26957 "http://www.cdmindia.gov.in/project_details_view.php?id=894" "Mozilla/5.0 (Windows NT 6.1; WOW64; rv:53.0) Gecko/20100101 Firefox/53.0"
124.123.6.151 - - [31/May/2017:12:18:23 +0530] "GET /images/bullet1.gif HTTP/1.1" 200 67 "http://www.cdmindia.gov.in/project_details_view.php?id=894" "Mozilla/5.0 (Windows NT 6.1; WOW64; rv:53.0) Gecko/20100101 Firefox/53.0"
124.123.6.151 - - [31/May/2017:12:18:23 +0530] "GET /images/bulllet2.gif HTTP/1.1" 200 58 "http://www.cdmindia.gov.in/project_details_view.php?id=894" "Mozilla/5.0 (Windows NT 6.1; WOW64; rv:53.0) Gecko/20100101 Firefox/53.0"
124.123.6.151 - - [31/May/2017:12:18:23 +0530] "GET /images/bullet4.gif HTTP/1.1" 200 67 "http://www.cdmindia.gov.in/project_details_view.php?id=894" "Mozilla/5.0 (Windows NT 6.1; WOW64; rv:53.0) Gecko/20100101 Firefox/53.0"
124.123.6.151 - - [31/May/2017:12:18:23 +0530] "GET /images/img1.jpg HTTP/1.1" 200 1251 "http://www.cdmindia.gov.in/project_details_view.php?id=894" "Mozilla/5.0 (Windows NT 6.1; WOW64; rv:53.0) Gecko/20100101 Firefox/53.0"
124.123.6.151 - - [31/May/2017:12:18:23 +0530] "GET /images/fbg.jpg HTTP/1.1" 200 325 "http://www.cdmindia.gov.in/project_details_view.php?id=894" "Mozilla/5.0 (Windows NT 6.1; WOW64; rv:53.0) Gecko/20100101 Firefox/53.0"
124.123.6.151 - - [31/May/2017:12:18:23 +0530] "GET /images/fdm.jpg HTTP/1.1" 200 2043 "http://www.cdmindia.gov.in/project_details_view.php?id=894" "Mozilla/5.0 (Windows NT 6.1; WOW64; rv:53.0) Gecko/20100101 Firefox/53.0"
124.123.6.151 - - [31/May/2017:12:18:23 +0530] "GET /images/favicon.ico HTTP/1.1" 200 1406 "-" "Mozilla/5.0 (Windows NT 6.1; WOW64; rv:53.0) Gecko/20100101 Firefox/53.0"
124.123.6.151 - - [31/May/2017:12:18:23 +0530] "GET /images/gtz.jpg HTTP/1.1" 200 15484 "http://www.cdmindia.gov.in/project_details_view.php?id=894" "Mozilla/5.0 (Windows NT 6.1; WOW64; rv:53.0) Gecko/20100101 Firefox/53.0"
202.46.52.78 - - [31/May/2017:12:21:16 +0530] "GET /project_details_view_report.php?id=1801 HTTP/1.1" 200 13269 "-" "Mozilla/5.0 (Windows NT 10.0; WOW64) AppleWebKit/537.36 (KHTML, like Gecko) Chrome/45.0.2454.93 Safari/537.36"
103.201.133.5 - - [31/May/2017:12:21:23 +0530] "GET /project_details_view.php?id=800 HTTP/1.1" 200 14019 "https://www.google.co.in/" "Mozilla/5.0 (Windows NT 6.1; WOW64; rv:53.0) Gecko/20100101 Firefox/53.0"
103.201.133.5 - - [31/May/2017:12:21:23 +0530] "GET /includes/ncdma.css HTTP/1.1" 200 13023 "http://www.cdmindia.gov.in/project_details_view.php?id=800" "Mozilla/5.0 (Windows NT 6.1; WOW64; rv:53.0) Gecko/20100101 Firefox/53.0"
103.201.133.5 - - [31/May/2017:12:21:23 +0530] "GET /ncdma.css HTTP/1.1" 200 12640 "http://www.cdmindia.gov.in/project_details_view.php?id=800" "Mozilla/5.0 (Windows NT 6.1; WOW64; rv:53.0) Gecko/20100101 Firefox/53.0"
103.201.133.5 - - [31/May/2017:12:21:23 +0530] "GET /Scripts/AC_RunActiveContent.js HTTP/1.1" 200 8321 "http://www.cdmindia.gov.in/project_details_view.php?id=800" "Mozilla/5.0 (Windows NT 6.1; WOW64; rv:53.0) Gecko/20100101 Firefox/53.0"
103.201.133.5 - - [31/May/2017:12:21:25 +0530] "GET /images/spacer.gif HTTP/1.1" 200 43 "http://www.cdmindia.gov.in/project_details_view.php?id=800" "Mozilla/5.0 (Windows NT 6.1; WOW64; rv:53.0) Gecko/20100101 Firefox/53.0"
103.201.133.5 - - [31/May/2017:12:21:25 +0530] "GET /images/img3.jpg HTTP/1.1" 200 26957 "http://www.cdmindia.gov.in/project_details_view.php?id=800" "Mozilla/5.0 (Windows NT 6.1; WOW64; rv:53.0) Gecko/20100101 Firefox/53.0"
103.201.133.5 - - [31/May/2017:12:21:25 +0530] "GET /images/img2.jpg HTTP/1.1" 200 16276 "http://www.cdmindia.gov.in/project_details_view.php?id=800" "Mozilla/5.0 (Windows NT 6.1; WOW64; rv:53.0) Gecko/20100101 Firefox/53.0"
103.201.133.5 - - [31/May/2017:12:21:25 +0530] "GET /images/bulllet2.gif HTTP/1.1" 200 58 "http://www.cdmindia.gov.in/project_details_view.php?id=800" "Mozilla/5.0 (Windows NT 6.1; WOW64; rv:53.0) Gecko/20100101 Firefox/53.0"
103.201.133.5 - - [31/May/2017:12:21:25 +0530] "GET /images/bullet1.gif HTTP/1.1" 200 67 "http://www.cdmindia.gov.in/project_details_view.php?id=800" "Mozilla/5.0 (Windows NT 6.1; WOW64; rv:53.0) Gecko/20100101 Firefox/53.0"
103.201.133.5 - - [31/May/2017:12:21:25 +0530] "GET /images/bullet4.gif HTTP/1.1" 200 67 "http://www.cdmindia.gov.in/project_details_view.php?id=800" "Mozilla/5.0 (Windows NT 6.1; WOW64; rv:53.0) Gecko/20100101 Firefox/53.0"
103.201.133.5 - - [31/May/2017:12:21:25 +0530] "GET /images/fdm.jpg HTTP/1.1" 200 2043 "http://www.cdmindia.gov.in/project_details_view.php?id=800" "Mozilla/5.0 (Windows NT 6.1; WOW64; rv:53.0) Gecko/20100101 Firefox/53.0"
103.201.133.5 - - [31/May/2017:12:21:25 +0530] "GET /images/gtz.jpg HTTP/1.1" 200 15484 "http://www.cdmindia.gov.in/project_details_view.php?id=800" "Mozilla/5.0 (Windows NT 6.1; WOW64; rv:53.0) Gecko/20100101 Firefox/53.0"
103.201.133.5 - - [31/May/2017:12:21:25 +0530] "GET /images/favicon.ico HTTP/1.1" 200 1406 "-" "Mozilla/5.0 (Windows NT 6.1; WOW64; rv:53.0) Gecko/20100101 Firefox/53.0"
103.201.133.5 - - [31/May/2017:12:21:26 +0530] "GET /images/img1.jpg HTTP/1.1" 200 1251 "http://www.cdmindia.gov.in/project_details_view.php?id=800" "Mozilla/5.0 (Windows NT 6.1; WOW64; rv:53.0) Gecko/20100101 Firefox/53.0"
103.201.133.5 - - [31/May/2017:12:21:26 +0530] "GET /images/fbg.jpg HTTP/1.1" 200 325 "http://www.cdmindia.gov.in/project_details_view.php?id=800" "Mozilla/5.0 (Windows NT 6.1; WOW64; rv:53.0) Gecko/20100101 Firefox/53.0"
111.93.251.186 - - [31/May/2017:12:23:59 +0530] "GET /Approved_proj_reports_list_details.php?id=1&reporttype=1&scale=&sdt=2005-01-01&edt=2017-05-29&exec=&page=3 HTTP/1.1" 200 16930 "http://www.cdmindia.gov.in/Approved_proj_reports_list_details.php?id=1&reporttype=1&scale=&sdt=2005-01-01&edt=2017-05-29&exec=&page=2" "Mozilla/5.0 (Windows NT 10.0; Win64; x64) AppleWebKit/537.36 (KHTML, like Gecko) Chrome/58.0.3029.110 Safari/537.36"
111.93.251.186 - - [31/May/2017:12:24:10 +0530] "GET /Approved_proj_reports_list_details.php?id=1&reporttype=1&scale=&sdt=2005-01-01&edt=2017-05-29&exec=&page=4 HTTP/1.1" 200 16860 "http://www.cdmindia.gov.in/Approved_proj_reports_list_details.php?id=1&reporttype=1&scale=&sdt=2005-01-01&edt=2017-05-29&exec=&page=3" "Mozilla/5.0 (Windows NT 10.0; Win64; x64) AppleWebKit/537.36 (KHTML, like Gecko) Chrome/58.0.3029.110 Safari/537.36"
65.55.210.105 - - [31/May/2017:12:29:37 +0530] "GET /images/h_ap.jpg HTTP/1.1" 200 22346 "-" "Mozilla/5.0 (iPhone; CPU iPhone OS 7_0 like Mac OS X) AppleWebKit/537.51.1 (KHTML, like Gecko) Version/7.0 Mobile/11A465 Safari/9537.53 BingPreview/1.0b"
202.46.51.167 - - [31/May/2017:12:41:06 +0530] "GET /project_details_view_report.php?id=153 HTTP/1.1" 200 13106 "-" "Mozilla/5.0 (Windows NT 10.0; WOW64) AppleWebKit/537.36 (KHTML, like Gecko) Chrome/45.0.2454.93 Safari/537.36"
180.76.15.149 - - [31/May/2017:12:46:20 +0530] "GET / HTTP/1.1" 200 19482 "-" "Mozilla/5.0 (compatible; Baiduspider/2.0; +http://www.baidu.com/search/spider.html)"
157.51.127.76 - - [31/May/2017:12:46:33 +0530] "GET / HTTP/1.1" 200 19482 "http://envfor.nic.in/" "Mozilla/5.0 (Windows NT 6.1; Win64; x64) AppleWebKit/537.36 (KHTML, like Gecko) Chrome/58.0.3029.110 Safari/537.36"
157.51.127.76 - - [31/May/2017:12:46:33 +0530] "GET /includes/ncdma.css HTTP/1.1" 200 13023 "http://www.cdmindia.gov.in/" "Mozilla/5.0 (Windows NT 6.1; Win64; x64) AppleWebKit/537.36 (KHTML, like Gecko) Chrome/58.0.3029.110 Safari/537.36"
157.51.127.76 - - [31/May/2017:12:46:33 +0530] "GET /js/md5.js HTTP/1.1" 200 13194 "http://www.cdmindia.gov.in/" "Mozilla/5.0 (Windows NT 6.1; Win64; x64) AppleWebKit/537.36 (KHTML, like Gecko) Chrome/58.0.3029.110 Safari/537.36"
157.51.127.76 - - [31/May/2017:12:46:33 +0530] "GET /js/base64_encode.js HTTP/1.1" 200 3002 "http://www.cdmindia.gov.in/" "Mozilla/5.0 (Windows NT 6.1; Win64; x64) AppleWebKit/537.36 (KHTML, like Gecko) Chrome/58.0.3029.110 Safari/537.36"
157.51.127.76 - - [31/May/2017:12:46:33 +0530] "GET /Scripts/AC_RunActiveContent.js HTTP/1.1" 200 8321 "http://www.cdmindia.gov.in/" "Mozilla/5.0 (Windows NT 6.1; Win64; x64) AppleWebKit/537.36 (KHTML, like Gecko) Chrome/58.0.3029.110 Safari/537.36"
157.51.127.76 - - [31/May/2017:12:46:33 +0530] "GET /ncdma.css HTTP/1.1" 200 12640 "http://www.cdmindia.gov.in/" "Mozilla/5.0 (Windows NT 6.1; Win64; x64) AppleWebKit/537.36 (KHTML, like Gecko) Chrome/58.0.3029.110 Safari/537.36"
157.51.127.76 - - [31/May/2017:12:46:33 +0530] "GET /images/img1.jpg HTTP/1.1" 200 1251 "http://www.cdmindia.gov.in/" "Mozilla/5.0 (Windows NT 6.1; Win64; x64) AppleWebKit/537.36 (KHTML, like Gecko) Chrome/58.0.3029.110 Safari/537.36"
157.51.127.76 - - [31/May/2017:12:46:33 +0530] "GET /images/login1.jpg HTTP/1.1" 200 618 "http://www.cdmindia.gov.in/" "Mozilla/5.0 (Windows NT 6.1; Win64; x64) AppleWebKit/537.36 (KHTML, like Gecko) Chrome/58.0.3029.110 Safari/537.36"
157.51.127.76 - - [31/May/2017:12:46:33 +0530] "GET /images/login.jpg HTTP/1.1" 200 1044 "http://www.cdmindia.gov.in/" "Mozilla/5.0 (Windows NT 6.1; Win64; x64) AppleWebKit/537.36 (KHTML, like Gecko) Chrome/58.0.3029.110 Safari/537.36"
157.51.127.76 - - [31/May/2017:12:46:33 +0530] "GET /images/bullet3.gif HTTP/1.1" 200 58 "http://www.cdmindia.gov.in/" "Mozilla/5.0 (Windows NT 6.1; Win64; x64) AppleWebKit/537.36 (KHTML, like Gecko) Chrome/58.0.3029.110 Safari/537.36"
157.51.127.76 - - [31/May/2017:12:46:33 +0530] "GET /images/fe.jpg HTTP/1.1" 200 1429 "http://www.cdmindia.gov.in/" "Mozilla/5.0 (Windows NT 6.1; Win64; x64) AppleWebKit/537.36 (KHTML, like Gecko) Chrome/58.0.3029.110 Safari/537.36"
157.51.127.76 - - [31/May/2017:12:46:33 +0530] "GET /images/img2.jpg HTTP/1.1" 200 16276 "http://www.cdmindia.gov.in/" "Mozilla/5.0 (Windows NT 6.1; Win64; x64) AppleWebKit/537.36 (KHTML, like Gecko) Chrome/58.0.3029.110 Safari/537.36"
157.51.127.76 - - [31/May/2017:12:46:34 +0530] "GET /images/spacer.gif HTTP/1.1" 200 43 "http://www.cdmindia.gov.in/" "Mozilla/5.0 (Windows NT 6.1; Win64; x64) AppleWebKit/537.36 (KHTML, like Gecko) Chrome/58.0.3029.110 Safari/537.36"
157.51.127.76 - - [31/May/2017:12:46:34 +0530] "GET /images/bullet1.gif HTTP/1.1" 200 67 "http://www.cdmindia.gov.in/" "Mozilla/5.0 (Windows NT 6.1; Win64; x64) AppleWebKit/537.36 (KHTML, like Gecko) Chrome/58.0.3029.110 Safari/537.36"
157.51.127.76 - - [31/May/2017:12:46:34 +0530] "GET /images/img3.jpg HTTP/1.1" 200 26957 "http://www.cdmindia.gov.in/" "Mozilla/5.0 (Windows NT 6.1; Win64; x64) AppleWebKit/537.36 (KHTML, like Gecko) Chrome/58.0.3029.110 Safari/537.36"
157.51.127.76 - - [31/May/2017:12:46:34 +0530] "GET /images/bulllet2.gif HTTP/1.1" 200 58 "http://www.cdmindia.gov.in/" "Mozilla/5.0 (Windows NT 6.1; Win64; x64) AppleWebKit/537.36 (KHTML, like Gecko) Chrome/58.0.3029.110 Safari/537.36"
157.51.127.76 - - [31/May/2017:12:46:34 +0530] "GET /images/bullet4.gif HTTP/1.1" 200 67 "http://www.cdmindia.gov.in/" "Mozilla/5.0 (Windows NT 6.1; Win64; x64) AppleWebKit/537.36 (KHTML, like Gecko) Chrome/58.0.3029.110 Safari/537.36"
157.51.127.76 - - [31/May/2017:12:46:34 +0530] "GET /images/fdm.jpg HTTP/1.1" 200 2043 "http://www.cdmindia.gov.in/" "Mozilla/5.0 (Windows NT 6.1; Win64; x64) AppleWebKit/537.36 (KHTML, like Gecko) Chrome/58.0.3029.110 Safari/537.36"
157.51.127.76 - - [31/May/2017:12:46:34 +0530] "GET /images/gtz.jpg HTTP/1.1" 200 15484 "http://www.cdmindia.gov.in/" "Mozilla/5.0 (Windows NT 6.1; Win64; x64) AppleWebKit/537.36 (KHTML, like Gecko) Chrome/58.0.3029.110 Safari/537.36"
