40.77.167.52 - - [31/May/2017:06:19:17 +0530] "GET /contactus.php HTTP/1.1" 200 18294 "-" "Mozilla/5.0 (compatible; bingbot/2.0; +http://www.bing.com/bingbot.htm)"
40.77.167.135 - - [31/May/2017:06:21:07 +0530] "GET /detail_news.php?id=19 HTTP/1.1" 302 19084 "-" "Mozilla/5.0 (compatible; bingbot/2.0; +http://www.bing.com/bingbot.htm)"
40.77.167.135 - - [31/May/2017:06:21:07 +0530] "GET /logout.php HTTP/1.1" 302 369 "-" "Mozilla/5.0 (compatible; bingbot/2.0; +http://www.bing.com/bingbot.htm)"
40.77.167.135 - - [31/May/2017:06:21:08 +0530] "GET /index.php HTTP/1.1" 200 19482 "-" "Mozilla/5.0 (compatible; bingbot/2.0; +http://www.bing.com/bingbot.htm)"
202.46.55.157 - - [31/May/2017:06:24:14 +0530] "GET /project_details_view_report.php?id=272 HTTP/1.1" 200 13175 "-" "Mozilla/5.0 (Windows NT 10.0; WOW64) AppleWebKit/537.36 (KHTML, like Gecko) Chrome/45.0.2454.93 Safari/537.36"
117.249.205.150 - - [31/May/2017:06:25:47 +0530] "GET /project_details_view.php?id=1698 HTTP/1.1" 200 14293 "https://www.google.co.in/" "Mozilla/5.0 (Windows NT 6.3; WOW64) AppleWebKit/537.36 (KHTML, like Gecko) Chrome/33.0.1750.22 Safari/537.36"
117.249.205.150 - - [31/May/2017:06:25:47 +0530] "GET /includes/ncdma.css HTTP/1.1" 200 13023 "http://www.cdmindia.gov.in/project_details_view.php?id=1698" "Mozilla/5.0 (Windows NT 6.3; WOW64) AppleWebKit/537.36 (KHTML, like Gecko) Chrome/33.0.1750.22 Safari/537.36"
117.249.205.150 - - [31/May/2017:06:25:47 +0530] "GET /Scripts/AC_RunActiveContent.js HTTP/1.1" 200 8321 "http://www.cdmindia.gov.in/project_details_view.php?id=1698" "Mozilla/5.0 (Windows NT 6.3; WOW64) AppleWebKit/537.36 (KHTML, like Gecko) Chrome/33.0.1750.22 Safari/537.36"
117.249.205.150 - - [31/May/2017:06:25:47 +0530] "GET /ncdma.css HTTP/1.1" 200 12640 "http://www.cdmindia.gov.in/project_details_view.php?id=1698" "Mozilla/5.0 (Windows NT 6.3; WOW64) AppleWebKit/537.36 (KHTML, like Gecko) Chrome/33.0.1750.22 Safari/537.36"
117.249.205.150 - - [31/May/2017:06:25:47 +0530] "GET /images/img2.jpg HTTP/1.1" 200 16276 "http://www.cdmindia.gov.in/project_details_view.php?id=1698" "Mozilla/5.0 (Windows NT 6.3; WOW64) AppleWebKit/537.36 (KHTML, like Gecko) Chrome/33.0.1750.22 Safari/537.36"
117.249.205.150 - - [31/May/2017:06:25:48 +0530] "GET /images/spacer.gif HTTP/1.1" 200 43 "http://www.cdmindia.gov.in/project_details_view.php?id=1698" "Mozilla/5.0 (Windows NT 6.3; WOW64) AppleWebKit/537.36 (KHTML, like Gecko) Chrome/33.0.1750.22 Safari/537.36"
117.249.205.150 - - [31/May/2017:06:25:48 +0530] "GET /images/bulllet2.gif HTTP/1.1" 200 58 "http://www.cdmindia.gov.in/project_details_view.php?id=1698" "Mozilla/5.0 (Windows NT 6.3; WOW64) AppleWebKit/537.36 (KHTML, like Gecko) Chrome/33.0.1750.22 Safari/537.36"
117.249.205.150 - - [31/May/2017:06:25:48 +0530] "GET /images/bullet1.gif HTTP/1.1" 200 67 "http://www.cdmindia.gov.in/project_details_view.php?id=1698" "Mozilla/5.0 (Windows NT 6.3; WOW64) AppleWebKit/537.36 (KHTML, like Gecko) Chrome/33.0.1750.22 Safari/537.36"
117.249.205.150 - - [31/May/2017:06:25:48 +0530] "GET /images/bullet4.gif HTTP/1.1" 200 67 "http://www.cdmindia.gov.in/project_details_view.php?id=1698" "Mozilla/5.0 (Windows NT 6.3; WOW64) AppleWebKit/537.36 (KHTML, like Gecko) Chrome/33.0.1750.22 Safari/537.36"
117.249.205.150 - - [31/May/2017:06:25:48 +0530] "GET /images/img3.jpg HTTP/1.1" 200 26957 "http://www.cdmindia.gov.in/project_details_view.php?id=1698" "Mozilla/5.0 (Windows NT 6.3; WOW64) AppleWebKit/537.36 (KHTML, like Gecko) Chrome/33.0.1750.22 Safari/537.36"
117.249.205.150 - - [31/May/2017:06:25:48 +0530] "GET /images/fdm.jpg HTTP/1.1" 200 2043 "http://www.cdmindia.gov.in/project_details_view.php?id=1698" "Mozilla/5.0 (Windows NT 6.3; WOW64) AppleWebKit/537.36 (KHTML, like Gecko) Chrome/33.0.1750.22 Safari/537.36"
117.249.205.150 - - [31/May/2017:06:25:49 +0530] "GET /images/img1.jpg HTTP/1.1" 200 1251 "http://www.cdmindia.gov.in/project_details_view.php?id=1698" "Mozilla/5.0 (Windows NT 6.3; WOW64) AppleWebKit/537.36 (KHTML, like Gecko) Chrome/33.0.1750.22 Safari/537.36"
117.249.205.150 - - [31/May/2017:06:25:49 +0530] "GET /images/fbg.jpg HTTP/1.1" 200 325 "http://www.cdmindia.gov.in/project_details_view.php?id=1698" "Mozilla/5.0 (Windows NT 6.3; WOW64) AppleWebKit/537.36 (KHTML, like Gecko) Chrome/33.0.1750.22 Safari/537.36"
117.249.205.150 - - [31/May/2017:06:25:49 +0530] "GET /images/gtz.jpg HTTP/1.1" 200 15484 "http://www.cdmindia.gov.in/project_details_view.php?id=1698" "Mozilla/5.0 (Windows NT 6.3; WOW64) AppleWebKit/537.36 (KHTML, like Gecko) Chrome/33.0.1750.22 Safari/537.36"
117.249.205.150 - - [31/May/2017:06:25:50 +0530] "GET /favicon.ico HTTP/1.1" 200 1189 "-" "Mozilla/5.0 (Windows NT 6.3; WOW64) AppleWebKit/537.36 (KHTML, like Gecko) Chrome/33.0.1750.22 Safari/537.36"
40.77.167.52 - - [31/May/2017:06:27:18 +0530] "GET /registration.php HTTP/1.1" 302 28531 "-" "Mozilla/5.0 (compatible; bingbot/2.0; +http://www.bing.com/bingbot.htm)"
40.77.167.52 - - [31/May/2017:06:27:19 +0530] "GET /logout.php HTTP/1.1" 302 369 "-" "Mozilla/5.0 (compatible; bingbot/2.0; +http://www.bing.com/bingbot.htm)"
40.77.167.52 - - [31/May/2017:06:27:20 +0530] "GET /index.php HTTP/1.1" 200 19482 "-" "Mozilla/5.0 (compatible; bingbot/2.0; +http://www.bing.com/bingbot.htm)"
40.77.167.52 - - [31/May/2017:06:28:37 +0530] "GET /registration.php HTTP/1.1" 302 28531 "-" "Mozilla/5.0 (compatible; bingbot/2.0; +http://www.bing.com/bingbot.htm)"
40.77.167.52 - - [31/May/2017:06:28:38 +0530] "GET /logout.php HTTP/1.1" 302 369 "-" "Mozilla/5.0 (compatible; bingbot/2.0; +http://www.bing.com/bingbot.htm)"
40.77.167.52 - - [31/May/2017:06:28:39 +0530] "GET /index.php HTTP/1.1" 200 19482 "-" "Mozilla/5.0 (compatible; bingbot/2.0; +http://www.bing.com/bingbot.htm)"
64.233.173.137 - - [31/May/2017:06:29:37 +0530] "GET /project_details_view.php?id=894 HTTP/1.1" 200 15171 "https://www.google.co.in/" "Mozilla/5.0 (X11; Linux x86_64) AppleWebKit/537.36 (KHTML, like Gecko) Chrome/57.0.2987.132 Safari/537.36"
64.233.173.138 - - [31/May/2017:06:29:38 +0530] "GET /ncdma.css HTTP/1.1" 200 12640 "http://www.cdmindia.gov.in/project_details_view.php?id=894" "Mozilla/5.0 (X11; Linux x86_64) AppleWebKit/537.36 (KHTML, like Gecko) Chrome/57.0.2987.132 Safari/537.36"
64.233.173.137 - - [31/May/2017:06:29:38 +0530] "GET /Scripts/AC_RunActiveContent.js HTTP/1.1" 200 8321 "http://www.cdmindia.gov.in/project_details_view.php?id=894" "Mozilla/5.0 (X11; Linux x86_64) AppleWebKit/537.36 (KHTML, like Gecko) Chrome/57.0.2987.132 Safari/537.36"
64.233.173.138 - - [31/May/2017:06:29:38 +0530] "GET /images/spacer.gif HTTP/1.1" 200 43 "http://www.cdmindia.gov.in/project_details_view.php?id=894" "Mozilla/5.0 (X11; Linux x86_64) AppleWebKit/537.36 (KHTML, like Gecko) Chrome/57.0.2987.132 Safari/537.36"
64.233.173.138 - - [31/May/2017:06:29:38 +0530] "GET /images/bullet1.gif HTTP/1.1" 200 67 "http://www.cdmindia.gov.in/project_details_view.php?id=894" "Mozilla/5.0 (X11; Linux x86_64) AppleWebKit/537.36 (KHTML, like Gecko) Chrome/57.0.2987.132 Safari/537.36"
64.233.173.136 - - [31/May/2017:06:29:38 +0530] "GET /images/bullet4.gif HTTP/1.1" 200 67 "http://www.cdmindia.gov.in/project_details_view.php?id=894" "Mozilla/5.0 (X11; Linux x86_64) AppleWebKit/537.36 (KHTML, like Gecko) Chrome/57.0.2987.132 Safari/537.36"
64.233.173.136 - - [31/May/2017:06:29:38 +0530] "GET /images/gtz.jpg HTTP/1.1" 200 15484 "http://www.cdmindia.gov.in/project_details_view.php?id=894" "Mozilla/5.0 (X11; Linux x86_64) AppleWebKit/537.36 (KHTML, like Gecko) Chrome/57.0.2987.132 Safari/537.36"
64.233.173.138 - - [31/May/2017:06:29:38 +0530] "GET /includes/ncdma.css HTTP/1.1" 200 13023 "http://www.cdmindia.gov.in/project_details_view.php?id=894" "Mozilla/5.0 (X11; Linux x86_64) AppleWebKit/537.36 (KHTML, like Gecko) Chrome/57.0.2987.132 Safari/537.36"
64.233.173.137 - - [31/May/2017:06:29:38 +0530] "GET /images/fdm.jpg HTTP/1.1" 200 2043 "http://www.cdmindia.gov.in/project_details_view.php?id=894" "Mozilla/5.0 (X11; Linux x86_64) AppleWebKit/537.36 (KHTML, like Gecko) Chrome/57.0.2987.132 Safari/537.36"
64.233.173.136 - - [31/May/2017:06:29:38 +0530] "GET /images/img3.jpg HTTP/1.1" 200 26957 "http://www.cdmindia.gov.in/project_details_view.php?id=894" "Mozilla/5.0 (X11; Linux x86_64) AppleWebKit/537.36 (KHTML, like Gecko) Chrome/57.0.2987.132 Safari/537.36"
64.233.173.137 - - [31/May/2017:06:29:38 +0530] "GET /images/img2.jpg HTTP/1.1" 200 16276 "http://www.cdmindia.gov.in/project_details_view.php?id=894" "Mozilla/5.0 (X11; Linux x86_64) AppleWebKit/537.36 (KHTML, like Gecko) Chrome/57.0.2987.132 Safari/537.36"
64.233.173.137 - - [31/May/2017:06:29:38 +0530] "GET /images/bulllet2.gif HTTP/1.1" 200 58 "http://www.cdmindia.gov.in/project_details_view.php?id=894" "Mozilla/5.0 (X11; Linux x86_64) AppleWebKit/537.36 (KHTML, like Gecko) Chrome/57.0.2987.132 Safari/537.36"
64.233.173.136 - - [31/May/2017:06:29:38 +0530] "GET /images/img1.jpg HTTP/1.1" 200 1251 "http://www.cdmindia.gov.in/project_details_view.php?id=894" "Mozilla/5.0 (X11; Linux x86_64) AppleWebKit/537.36 (KHTML, like Gecko) Chrome/57.0.2987.132 Safari/537.36"
64.233.173.138 - - [31/May/2017:06:29:38 +0530] "GET /images/fbg.jpg HTTP/1.1" 200 325 "http://www.cdmindia.gov.in/project_details_view.php?id=894" "Mozilla/5.0 (X11; Linux x86_64) AppleWebKit/537.36 (KHTML, like Gecko) Chrome/57.0.2987.132 Safari/537.36"
64.233.173.138 - - [31/May/2017:06:29:39 +0530] "GET /favicon.ico HTTP/1.1" 200 1189 "http://www.cdmindia.gov.in/project_details_view.php?id=894" "Mozilla/5.0 (X11; Linux x86_64) AppleWebKit/537.36 (KHTML, like Gecko) Chrome/57.0.2987.132 Safari/537.36"
66.249.69.81 - - [31/May/2017:06:31:47 +0530] "GET /project_details_view.php?id=1384 HTTP/1.1" 200 14180 "-" "Mozilla/5.0 (compatible; Googlebot/2.1; +http://www.google.com/bot.html)"
40.77.167.135 - - [31/May/2017:06:34:20 +0530] "GET /downloads/Carbon%20Market%20Roadmap.pdf HTTP/1.1" 200 4344697 "-" "Mozilla/5.0 (compatible; bingbot/2.0; +http://www.bing.com/bingbot.htm)"
64.233.173.137 - - [31/May/2017:06:34:25 +0530] "GET /reports_list_details.php?id=Himachal%20Pradesh&reporttype=2 HTTP/1.1" 200 21473 "https://www.google.co.in/" "Mozilla/5.0 (Linux; Android 5.1.1; Lenovo A6020a40 Build/LMY47V) AppleWebKit/537.36 (KHTML, like Gecko) Chrome/57.0.2987.132 Mobile Safari/537.36"
64.233.173.136 - - [31/May/2017:06:34:26 +0530] "GET /js/user_registration.js HTTP/1.1" 200 26819 "http://www.cdmindia.gov.in/reports_list_details.php?id=Himachal%20Pradesh&reporttype=2" "Mozilla/5.0 (Linux; Android 5.1.1; Lenovo A6020a40 Build/LMY47V) AppleWebKit/537.36 (KHTML, like Gecko) Chrome/57.0.2987.132 Mobile Safari/537.36"
64.233.173.137 - - [31/May/2017:06:34:41 +0530] "GET /project_details_view_report.php?id=862 HTTP/1.1" 200 13200 "http://www.cdmindia.gov.in/reports_list_details.php?id=Himachal%20Pradesh&reporttype=2" "Mozilla/5.0 (Linux; Android 5.1.1; Lenovo A6020a40 Build/LMY47V) AppleWebKit/537.36 (KHTML, like Gecko) Chrome/57.0.2987.132 Mobile Safari/537.36"
64.233.173.136 - - [31/May/2017:06:35:02 +0530] "GET /reports_list_details.php?id=Himachal%20Pradesh&reporttype=2 HTTP/1.1" 200 21473 "https://www.google.co.in/" "Mozilla/5.0 (Linux; Android 5.1.1; Lenovo A6020a40 Build/LMY47V) AppleWebKit/537.36 (KHTML, like Gecko) Chrome/57.0.2987.132 Mobile Safari/537.36"
211.123.206.74 - - [31/May/2017:06:36:26 +0530] "GET / HTTP/1.1" 200 19482 "-" "Mozilla/5.0 (Windows NT 5.1; rv:6.0.2) Gecko/20100101 Firefox/6.0.2"
66.249.69.83 - - [31/May/2017:06:36:57 +0530] "GET /project_details_view.php?id=165 HTTP/1.1" 200 14135 "-" "Mozilla/5.0 (compatible; Googlebot/2.1; +http://www.google.com/bot.html)"
40.77.167.135 - - [31/May/2017:06:37:11 +0530] "GET /project_details_view.php?id=1067 HTTP/1.1" 200 14620 "-" "Mozilla/5.0 (compatible; bingbot/2.0; +http://www.bing.com/bingbot.htm)"
163.172.71.24 - - [31/May/2017:06:40:35 +0530] "GET /detail_news.php?id=3 HTTP/1.1" 302 18399 "-" "Mozilla/5.0 ((Windows; U; Windows NT 6.1; fr; rv:1.9.2) Gecko/20100115 Firefox/3.6)"
163.172.71.24 - - [31/May/2017:06:40:35 +0530] "GET /logout.php HTTP/1.1" 302 369 "-" "Mozilla/5.0 ((Windows; U; Windows NT 6.1; fr; rv:1.9.2) Gecko/20100115 Firefox/3.6)"
163.172.71.24 - - [31/May/2017:06:40:35 +0530] "GET /index.php HTTP/1.1" 200 19482 "-" "Mozilla/5.0 ((Windows; U; Windows NT 6.1; fr; rv:1.9.2) Gecko/20100115 Firefox/3.6)"
163.172.71.24 - - [31/May/2017:06:41:39 +0530] "GET /approval_process.php HTTP/1.1" 200 25914 "-" "Mozilla/5.0 ((Windows; U; Windows NT 6.1; fr; rv:1.9.2) Gecko/20100115 Firefox/3.6)"
66.249.69.83 - - [31/May/2017:06:42:07 +0530] "GET /project_details_view.php?id=301&oid=1&page=59&reporttype=1 HTTP/1.1" 200 15145 "-" "Mozilla/5.0 (compatible; Googlebot/2.1; +http://www.google.com/bot.html)"
202.46.48.92 - - [31/May/2017:06:44:04 +0530] "GET /project_details_view.php?id=885 HTTP/1.1" 200 14466 "-" "Mozilla/5.0 (Windows NT 10.0; WOW64) AppleWebKit/537.36 (KHTML, like Gecko) Chrome/45.0.2454.93 Safari/537.36"
40.77.167.52 - - [31/May/2017:06:45:08 +0530] "GET /approval_process.php HTTP/1.1" 200 25914 "-" "Mozilla/5.0 (compatible; bingbot/2.0; +http://www.bing.com/bingbot.htm)"
64.233.173.138 - - [31/May/2017:06:45:26 +0530] "GET /project_details_view.php?id=1731 HTTP/1.1" 200 14115 "https://www.google.co.in/" "Mozilla/5.0 (Linux; Android 5.1.1; Lenovo A6020a40 Build/LMY47V) AppleWebKit/537.36 (KHTML, like Gecko) Chrome/57.0.2987.132 Mobile Safari/537.36"
180.76.15.146 - - [31/May/2017:06:46:15 +0530] "GET / HTTP/1.1" 200 19482 "-" "Mozilla/5.0 (compatible; Baiduspider/2.0; +http://www.baidu.com/search/spider.html)"
64.233.173.138 - - [31/May/2017:06:46:36 +0530] "GET /project_details_view_report.php?id=1070 HTTP/1.1" 200 13122 "http://www.google.co.in/" "Mozilla/5.0 (Linux; Android 4.4.4; SM-J110H Build/KTU84P) AppleWebKit/537.36 (KHTML, like Gecko) Chrome/40.0.2214.109 Mobile Safari/537.36"
64.233.173.136 - - [31/May/2017:06:46:37 +0530] "GET /includes/ncdma.css HTTP/1.1" 200 13023 "http://www.google.co.in/" "Mozilla/5.0 (Linux; Android 4.4.4; SM-J110H Build/KTU84P) AppleWebKit/537.36 (KHTML, like Gecko) Chrome/40.0.2214.109 Mobile Safari/537.36"
64.233.173.136 - - [31/May/2017:06:46:38 +0530] "GET /ncdma.css HTTP/1.1" 200 12640 "http://www.google.co.in/" "Mozilla/5.0 (Linux; Android 4.4.4; SM-J110H Build/KTU84P) AppleWebKit/537.36 (KHTML, like Gecko) Chrome/40.0.2214.109 Mobile Safari/537.36"
64.233.173.136 - - [31/May/2017:06:46:38 +0530] "GET /Scripts/AC_RunActiveContent.js HTTP/1.1" 200 8321 "http://www.google.co.in/" "Mozilla/5.0 (Linux; Android 4.4.4; SM-J110H Build/KTU84P) AppleWebKit/537.36 (KHTML, like Gecko) Chrome/40.0.2214.109 Mobile Safari/537.36"
64.233.173.138 - - [31/May/2017:06:46:38 +0530] "GET /images/img2.jpg HTTP/1.1" 200 16276 "http://www.google.co.in/" "Mozilla/5.0 (Linux; Android 4.4.4; SM-J110H Build/KTU84P) AppleWebKit/537.36 (KHTML, like Gecko) Chrome/40.0.2214.109 Mobile Safari/537.36"
64.233.173.136 - - [31/May/2017:06:46:38 +0530] "GET /images/spacer.gif HTTP/1.1" 200 43 "http://www.google.co.in/" "Mozilla/5.0 (Linux; Android 4.4.4; SM-J110H Build/KTU84P) AppleWebKit/537.36 (KHTML, like Gecko) Chrome/40.0.2214.109 Mobile Safari/537.36"
64.233.173.136 - - [31/May/2017:06:46:38 +0530] "GET /images/bullet1.gif HTTP/1.1" 200 67 "http://www.google.co.in/" "Mozilla/5.0 (Linux; Android 4.4.4; SM-J110H Build/KTU84P) AppleWebKit/537.36 (KHTML, like Gecko) Chrome/40.0.2214.109 Mobile Safari/537.36"
64.233.173.136 - - [31/May/2017:06:46:38 +0530] "GET /images/img3.jpg HTTP/1.1" 200 26957 "http://www.google.co.in/" "Mozilla/5.0 (Linux; Android 4.4.4; SM-J110H Build/KTU84P) AppleWebKit/537.36 (KHTML, like Gecko) Chrome/40.0.2214.109 Mobile Safari/537.36"
64.233.173.138 - - [31/May/2017:06:46:38 +0530] "GET /images/bulllet2.gif HTTP/1.1" 200 58 "http://www.google.co.in/" "Mozilla/5.0 (Linux; Android 4.4.4; SM-J110H Build/KTU84P) AppleWebKit/537.36 (KHTML, like Gecko) Chrome/40.0.2214.109 Mobile Safari/537.36"
64.233.173.136 - - [31/May/2017:06:46:38 +0530] "GET /images/bullet4.gif HTTP/1.1" 200 67 "http://www.google.co.in/" "Mozilla/5.0 (Linux; Android 4.4.4; SM-J110H Build/KTU84P) AppleWebKit/537.36 (KHTML, like Gecko) Chrome/40.0.2214.109 Mobile Safari/537.36"
64.233.173.138 - - [31/May/2017:06:46:38 +0530] "GET /images/fdm.jpg HTTP/1.1" 200 2043 "http://www.google.co.in/" "Mozilla/5.0 (Linux; Android 4.4.4; SM-J110H Build/KTU84P) AppleWebKit/537.36 (KHTML, like Gecko) Chrome/40.0.2214.109 Mobile Safari/537.36"
64.233.173.136 - - [31/May/2017:06:46:38 +0530] "GET /images/gtz.jpg HTTP/1.1" 200 15484 "http://www.google.co.in/" "Mozilla/5.0 (Linux; Android 4.4.4; SM-J110H Build/KTU84P) AppleWebKit/537.36 (KHTML, like Gecko) Chrome/40.0.2214.109 Mobile Safari/537.36"
64.233.173.137 - - [31/May/2017:06:46:38 +0530] "GET /images/img1.jpg HTTP/1.1" 200 1251 "http://www.google.co.in/" "Mozilla/5.0 (Linux; Android 4.4.4; SM-J110H Build/KTU84P) AppleWebKit/537.36 (KHTML, like Gecko) Chrome/40.0.2214.109 Mobile Safari/537.36"
64.233.173.138 - - [31/May/2017:06:46:38 +0530] "GET /images/fbg.jpg HTTP/1.1" 200 325 "http://www.google.co.in/" "Mozilla/5.0 (Linux; Android 4.4.4; SM-J110H Build/KTU84P) AppleWebKit/537.36 (KHTML, like Gecko) Chrome/40.0.2214.109 Mobile Safari/537.36"
64.233.173.136 - - [31/May/2017:06:46:40 +0530] "GET /favicon.ico HTTP/1.1" 200 1189 "http://www.google.co.in/" "Mozilla/5.0 (Linux; Android 4.4.4; SM-J110H Build/KTU84P) AppleWebKit/537.36 (KHTML, like Gecko) Chrome/40.0.2214.109 Mobile Safari/537.36"
40.77.167.135 - - [31/May/2017:06:47:02 +0530] "GET /images/NCDMA%20PCN%20Format%2017072009.doc HTTP/1.1" 200 114176 "-" "Mozilla/5.0 (compatible; bingbot/2.0; +http://www.bing.com/bingbot.htm)"
66.249.69.83 - - [31/May/2017:06:47:08 +0530] "GET /reports_list_details.php?id=tubkayrstf&reporttype=&page=201 HTTP/1.1" 200 21945 "-" "Mozilla/5.0 (compatible; Googlebot/2.1; +http://www.google.com/bot.html)"
123.125.67.213 - - [31/May/2017:06:48:07 +0530] "GET / HTTP/1.1" 200 19482 "-" "Mozilla/5.0 (Windows NT 10.0; WOW64) AppleWebKit/537.36 (KHTML, like Gecko) Chrome/45.0.2454.93 Safari/537.36"
66.249.69.79 - - [31/May/2017:06:51:40 +0530] "GET /reports_list_details.php?id=tubkayrstf&reporttype=&page=205 HTTP/1.1" 200 22462 "-" "Mozilla/5.0 (compatible; Googlebot/2.1; +http://www.google.com/bot.html)"
66.249.69.81 - - [31/May/2017:06:52:08 +0530] "GET /project_details_view.php?id=1772&oid=&page=4&reporttype= HTTP/1.1" 200 14550 "-" "Mozilla/5.0 (compatible; Googlebot/2.1; +http://www.google.com/bot.html)"
51.255.65.31 - - [31/May/2017:06:52:42 +0530] "GET /news_more.php HTTP/1.1" 200 21063 "-" "Mozilla/5.0 (compatible; AhrefsBot/5.2; +http://ahrefs.com/robot/)"
157.55.39.130 - - [31/May/2017:06:59:13 +0530] "GET /project_details_view.php?id=2180 HTTP/1.1" 200 14215 "-" "Mozilla/5.0 (compatible; bingbot/2.0; +http://www.bing.com/bingbot.htm)"
202.46.55.154 - - [31/May/2017:07:03:54 +0530] "GET /project_details_view.php?id=81 HTTP/1.1" 200 14577 "-" "Mozilla/5.0 (Windows NT 10.0; WOW64) AppleWebKit/537.36 (KHTML, like Gecko) Chrome/45.0.2454.93 Safari/537.36"
66.249.69.83 - - [31/May/2017:07:12:37 +0530] "GET /project_details_view.php?id=1369&oid=&page=29&reporttype= HTTP/1.1" 200 14341 "-" "Mozilla/5.0 (compatible; Googlebot/2.1; +http://www.google.com/bot.html)"
66.102.6.156 - - [31/May/2017:07:15:06 +0530] "GET / HTTP/1.1" 200 19482 "-" "Mozilla/5.0 (X11; Linux x86_64) AppleWebKit/537.36 (KHTML, like Gecko) Chrome/49.0.2623.75 Safari/537.36 Google Favicon"
66.102.6.155 - - [31/May/2017:07:15:08 +0530] "GET /images/favicon.ico HTTP/1.1" 200 1406 "-" "Mozilla/5.0 (X11; Linux x86_64) AppleWebKit/537.36 (KHTML, like Gecko) Chrome/49.0.2623.75 Safari/537.36 Google Favicon"
66.249.69.81 - - [31/May/2017:07:17:52 +0530] "GET / HTTP/1.1" 200 19482 "-" "Mozilla/5.0 (compatible; Googlebot/2.1; +http://www.google.com/bot.html)"
118.163.120.13 - - [31/May/2017:07:20:30 +0530] "GET /wp-login.php HTTP/1.1" 404 210 "-" "Mozilla/5.0 (Windows NT 6.1; WOW64; rv:40.0) Gecko/20100101 Firefox/40.1"
118.163.120.13 - - [31/May/2017:07:20:31 +0530] "GET / HTTP/1.1" 200 19482 "-" "Mozilla/5.0 (Windows NT 6.1; WOW64; rv:40.0) Gecko/20100101 Firefox/40.1"
40.77.167.135 - - [31/May/2017:07:20:32 +0530] "GET /future_projects.php HTTP/1.1" 302 26212 "-" "Mozilla/5.0 (compatible; bingbot/2.0; +http://www.bing.com/bingbot.htm)"
40.77.167.135 - - [31/May/2017:07:20:33 +0530] "GET /logout.php HTTP/1.1" 302 369 "-" "Mozilla/5.0 (compatible; bingbot/2.0; +http://www.bing.com/bingbot.htm)"
40.77.167.135 - - [31/May/2017:07:20:34 +0530] "GET /index.php HTTP/1.1" 200 19482 "-" "Mozilla/5.0 (compatible; bingbot/2.0; +http://www.bing.com/bingbot.htm)"
79.178.87.123 - - [31/May/2017:07:21:30 +0530] "GET /wp-login.php HTTP/1.1" 404 210 "-" "Mozilla/5.0 (Windows NT 6.1; WOW64; rv:40.0) Gecko/20100101 Firefox/40.1"
79.178.87.123 - - [31/May/2017:07:21:31 +0530] "GET / HTTP/1.1" 200 19482 "-" "Mozilla/5.0 (Windows NT 6.1; WOW64; rv:40.0) Gecko/20100101 Firefox/40.1"
35.156.2.37 - - [31/May/2017:07:22:00 +0530] "GET /robots.txt HTTP/1.1" 404 208 "-" "Mozilla/5.0 (compatible; Cliqzbot/1.0; +http://cliqz.com/company/cliqzbot)"
35.156.2.37 - - [31/May/2017:07:22:01 +0530] "GET /project_details_view.php?id=1837 HTTP/1.1" 200 14729 "-" "Mozilla/5.0 (compatible; Cliqzbot/1.0; +http://cliqz.com/company/cliqzbot)"
66.249.69.83 - - [31/May/2017:07:22:48 +0530] "GET / HTTP/1.1" 200 19482 "-" "Mozilla/5.0 (Linux; Android 6.0.1; Nexus 5X Build/MMB29P) AppleWebKit/537.36 (KHTML, like Gecko) Chrome/41.0.2272.96 Mobile Safari/537.36 (compatible; Googlebot/2.1; +http://www.google.com/bot.html)"
40.77.167.52 - - [31/May/2017:07:22:48 +0530] "GET /reports_new.php HTTP/1.1" 200 22413 "-" "Mozilla/5.0 (compatible; bingbot/2.0; +http://www.bing.com/bingbot.htm)"
40.77.179.86 - - [31/May/2017:07:22:50 +0530] "GET /js/user_registration.js HTTP/1.1" 200 26819 "-" "Mozilla/5.0 (Windows NT 6.1; WOW64) AppleWebKit/534+ (KHTML, like Gecko) BingPreview/1.0b"
202.46.51.108 - - [31/May/2017:07:23:44 +0530] "GET /project_details_view_report.php?id=1466 HTTP/1.1" 200 13290 "-" "Mozilla/5.0 (Windows NT 10.0; WOW64) AppleWebKit/537.36 (KHTML, like Gecko) Chrome/45.0.2454.93 Safari/537.36"
66.249.69.79 - - [31/May/2017:07:28:02 +0530] "GET /project_details_view.php?id=906 HTTP/1.1" 200 14186 "-" "Mozilla/5.0 (compatible; Googlebot/2.1; +http://www.google.com/bot.html)"
40.77.167.52 - - [31/May/2017:07:29:51 +0530] "GET /project_details_view.php?id=1037 HTTP/1.1" 200 14758 "-" "Mozilla/5.0 (iPhone; CPU iPhone OS 7_0 like Mac OS X) AppleWebKit/537.51.1 (KHTML, like Gecko) Version/7.0 Mobile/11A465 Safari/9537.53 (compatible; bingbot/2.0; +http://www.bing.com/bingbot.htm)"
66.249.69.83 - - [31/May/2017:07:32:58 +0530] "GET /project_details_view.php?id=632 HTTP/1.1" 200 15468 "-" "Mozilla/5.0 (Linux; Android 6.0.1; Nexus 5X Build/MMB29P) AppleWebKit/537.36 (KHTML, like Gecko) Chrome/41.0.2272.96 Mobile Safari/537.36 (compatible; Googlebot/2.1; +http://www.google.com/bot.html)"
157.55.39.63 - - [31/May/2017:07:41:48 +0530] "GET /sitemap.php HTTP/1.1" 200 18471 "-" "Mozilla/5.0 (compatible; bingbot/2.0; +http://www.bing.com/bingbot.htm)"
40.77.167.135 - - [31/May/2017:07:43:00 +0530] "GET /project_details_view.php?id=913 HTTP/1.1" 200 14594 "-" "Mozilla/5.0 (compatible; bingbot/2.0; +http://www.bing.com/bingbot.htm)"
66.249.69.83 - - [31/May/2017:07:43:07 +0530] "GET /project_details_view.php?id=328&oid=&page=93&reporttype= HTTP/1.1" 200 14090 "-" "Mozilla/5.0 (compatible; Googlebot/2.1; +http://www.google.com/bot.html)"
202.46.58.184 - - [31/May/2017:07:43:35 +0530] "GET /project_details_view.php?id=225 HTTP/1.1" 200 14381 "-" "Mozilla/5.0 (Windows NT 10.0; WOW64) AppleWebKit/537.36 (KHTML, like Gecko) Chrome/45.0.2454.93 Safari/537.36"
157.55.39.63 - - [31/May/2017:07:45:16 +0530] "GET /capacity_building.php HTTP/1.1" 200 19188 "-" "Mozilla/5.0 (compatible; bingbot/2.0; +http://www.bing.com/bingbot.htm)"
40.77.167.52 - - [31/May/2017:07:51:51 +0530] "GET /index.php HTTP/1.1" 200 19482 "-" "Mozilla/5.0 (compatible; bingbot/2.0; +http://www.bing.com/bingbot.htm)"
117.241.194.207 - - [31/May/2017:07:58:00 +0530] "GET /reports_list_details.php?id=Karnataka&reporttype=2&page=25 HTTP/1.1" 200 21332 "https://www.google.co.in/" "Mozilla/5.0 (Windows NT 6.1) AppleWebKit/537.36 (KHTML, like Gecko) Chrome/58.0.3029.110 Safari/537.36"
117.241.194.207 - - [31/May/2017:07:58:01 +0530] "GET /includes/ncdma.css HTTP/1.1" 200 13023 "http://www.cdmindia.gov.in/reports_list_details.php?id=Karnataka&reporttype=2&page=25" "Mozilla/5.0 (Windows NT 6.1) AppleWebKit/537.36 (KHTML, like Gecko) Chrome/58.0.3029.110 Safari/537.36"
117.241.194.207 - - [31/May/2017:07:58:01 +0530] "GET /ncdma.css HTTP/1.1" 200 12640 "http://www.cdmindia.gov.in/reports_list_details.php?id=Karnataka&reporttype=2&page=25" "Mozilla/5.0 (Windows NT 6.1) AppleWebKit/537.36 (KHTML, like Gecko) Chrome/58.0.3029.110 Safari/537.36"
117.241.194.207 - - [31/May/2017:07:58:01 +0530] "GET /Scripts/AC_RunActiveContent.js HTTP/1.1" 200 8321 "http://www.cdmindia.gov.in/reports_list_details.php?id=Karnataka&reporttype=2&page=25" "Mozilla/5.0 (Windows NT 6.1) AppleWebKit/537.36 (KHTML, like Gecko) Chrome/58.0.3029.110 Safari/537.36"
117.241.194.207 - - [31/May/2017:07:58:01 +0530] "GET /js/user_registration.js HTTP/1.1" 200 26819 "http://www.cdmindia.gov.in/reports_list_details.php?id=Karnataka&reporttype=2&page=25" "Mozilla/5.0 (Windows NT 6.1) AppleWebKit/537.36 (KHTML, like Gecko) Chrome/58.0.3029.110 Safari/537.36"
117.241.194.207 - - [31/May/2017:07:58:02 +0530] "GET /images/img2.jpg HTTP/1.1" 200 16276 "http://www.cdmindia.gov.in/reports_list_details.php?id=Karnataka&reporttype=2&page=25" "Mozilla/5.0 (Windows NT 6.1) AppleWebKit/537.36 (KHTML, like Gecko) Chrome/58.0.3029.110 Safari/537.36"
117.241.194.207 - - [31/May/2017:07:58:02 +0530] "GET /images/img3.jpg HTTP/1.1" 200 26957 "http://www.cdmindia.gov.in/reports_list_details.php?id=Karnataka&reporttype=2&page=25" "Mozilla/5.0 (Windows NT 6.1) AppleWebKit/537.36 (KHTML, like Gecko) Chrome/58.0.3029.110 Safari/537.36"
117.241.194.207 - - [31/May/2017:07:58:03 +0530] "GET /images/spacer.gif HTTP/1.1" 200 43 "http://www.cdmindia.gov.in/reports_list_details.php?id=Karnataka&reporttype=2&page=25" "Mozilla/5.0 (Windows NT 6.1) AppleWebKit/537.36 (KHTML, like Gecko) Chrome/58.0.3029.110 Safari/537.36"
117.241.194.207 - - [31/May/2017:07:58:03 +0530] "GET /images/bullet1.gif HTTP/1.1" 200 67 "http://www.cdmindia.gov.in/reports_list_details.php?id=Karnataka&reporttype=2&page=25" "Mozilla/5.0 (Windows NT 6.1) AppleWebKit/537.36 (KHTML, like Gecko) Chrome/58.0.3029.110 Safari/537.36"
117.241.194.207 - - [31/May/2017:07:58:03 +0530] "GET /images/bulllet2.gif HTTP/1.1" 200 58 "http://www.cdmindia.gov.in/reports_list_details.php?id=Karnataka&reporttype=2&page=25" "Mozilla/5.0 (Windows NT 6.1) AppleWebKit/537.36 (KHTML, like Gecko) Chrome/58.0.3029.110 Safari/537.36"
117.241.194.207 - - [31/May/2017:07:58:03 +0530] "GET /images/bullet4.gif HTTP/1.1" 200 67 "http://www.cdmindia.gov.in/reports_list_details.php?id=Karnataka&reporttype=2&page=25" "Mozilla/5.0 (Windows NT 6.1) AppleWebKit/537.36 (KHTML, like Gecko) Chrome/58.0.3029.110 Safari/537.36"
117.241.194.207 - - [31/May/2017:07:58:03 +0530] "GET /images/fdm.jpg HTTP/1.1" 200 2043 "http://www.cdmindia.gov.in/reports_list_details.php?id=Karnataka&reporttype=2&page=25" "Mozilla/5.0 (Windows NT 6.1) AppleWebKit/537.36 (KHTML, like Gecko) Chrome/58.0.3029.110 Safari/537.36"
117.241.194.207 - - [31/May/2017:07:58:03 +0530] "GET /images/img1.jpg HTTP/1.1" 200 1251 "http://www.cdmindia.gov.in/reports_list_details.php?id=Karnataka&reporttype=2&page=25" "Mozilla/5.0 (Windows NT 6.1) AppleWebKit/537.36 (KHTML, like Gecko) Chrome/58.0.3029.110 Safari/537.36"
117.241.194.207 - - [31/May/2017:07:58:03 +0530] "GET /images/gtz.jpg HTTP/1.1" 200 15484 "http://www.cdmindia.gov.in/reports_list_details.php?id=Karnataka&reporttype=2&page=25" "Mozilla/5.0 (Windows NT 6.1) AppleWebKit/537.36 (KHTML, like Gecko) Chrome/58.0.3029.110 Safari/537.36"
117.241.194.207 - - [31/May/2017:07:58:03 +0530] "GET /images/fbg.jpg HTTP/1.1" 200 325 "http://www.cdmindia.gov.in/reports_list_details.php?id=Karnataka&reporttype=2&page=25" "Mozilla/5.0 (Windows NT 6.1) AppleWebKit/537.36 (KHTML, like Gecko) Chrome/58.0.3029.110 Safari/537.36"
117.241.194.207 - - [31/May/2017:07:58:03 +0530] "GET /favicon.ico HTTP/1.1" 200 1189 "http://www.cdmindia.gov.in/reports_list_details.php?id=Karnataka&reporttype=2&page=25" "Mozilla/5.0 (Windows NT 6.1) AppleWebKit/537.36 (KHTML, like Gecko) Chrome/58.0.3029.110 Safari/537.36"
93.186.200.112 - - [31/May/2017:07:58:43 +0530] "GET /approval_process.php HTTP/1.0" 200 25914 "http://cdmindia.gov.in/approval_process.php" "Mozilla/5.0 (Windows NT 6.1; WOW64) AppleWebKit/537.36 (KHTML, like Gecko) Chrome/48.0.2564.103 Safari/537.36"
93.186.200.112 - - [31/May/2017:07:58:43 +0530] "GET /registration.php HTTP/1.0" 200 28531 "http://cdmindia.gov.in/registration.php" "Mozilla/5.0 (Windows NT 6.1; WOW64) AppleWebKit/537.36 (KHTML, like Gecko) Chrome/48.0.2564.103 Safari/537.36"
93.186.200.112 - - [31/May/2017:07:58:44 +0530] "GET /registration.php HTTP/1.0" 200 28531 "http://cdmindia.gov.in/registration.php" "Mozilla/5.0 (Windows NT 6.1; WOW64) AppleWebKit/537.36 (KHTML, like Gecko) Chrome/48.0.2564.103 Safari/537.36"
93.186.200.112 - - [31/May/2017:07:58:44 +0530] "GET /registration.php HTTP/1.0" 200 28531 "http://cdmindia.gov.in/registration.php" "Mozilla/5.0 (Windows NT 6.1; WOW64) AppleWebKit/537.36 (KHTML, like Gecko) Chrome/48.0.2564.103 Safari/537.36"
93.186.200.112 - - [31/May/2017:07:58:45 +0530] "GET /registration.php HTTP/1.0" 200 28531 "http://cdmindia.gov.in/registration.php" "Mozilla/5.0 (Windows NT 6.1; WOW64) AppleWebKit/537.36 (KHTML, like Gecko) Chrome/48.0.2564.103 Safari/537.36"
180.76.15.149 - - [31/May/2017:07:58:59 +0530] "GET / HTTP/1.1" 200 19482 "-" "Mozilla/5.0 (compatible; Baiduspider/2.0; +http://www.baidu.com/search/spider.html)"
40.77.167.52 - - [31/May/2017:07:59:12 +0530] "GET /downloads/Existing%20PCN.doc HTTP/1.1" 200 114176 "-" "Mozilla/5.0 (compatible; bingbot/2.0; +http://www.bing.com/bingbot.htm)"
157.55.39.63 - - [31/May/2017:08:00:31 +0530] "GET /detail_news.php?id=18 HTTP/1.1" 302 18715 "-" "Mozilla/5.0 (compatible; bingbot/2.0; +http://www.bing.com/bingbot.htm)"
157.55.39.63 - - [31/May/2017:08:00:32 +0530] "GET /logout.php HTTP/1.1" 302 369 "-" "Mozilla/5.0 (compatible; bingbot/2.0; +http://www.bing.com/bingbot.htm)"
157.55.39.63 - - [31/May/2017:08:00:33 +0530] "GET /index.php HTTP/1.1" 200 19482 "-" "Mozilla/5.0 (compatible; bingbot/2.0; +http://www.bing.com/bingbot.htm)"
40.77.167.52 - - [31/May/2017:08:01:00 +0530] "GET /project_details_view_report.php?id=1462 HTTP/1.1" 200 13185 "-" "Mozilla/5.0 (compatible; bingbot/2.0; +http://www.bing.com/bingbot.htm)"
202.46.53.45 - - [31/May/2017:08:03:25 +0530] "GET /project_details_view.php?id=858 HTTP/1.1" 200 14541 "-" "Mozilla/5.0 (Windows NT 10.0; WOW64) AppleWebKit/537.36 (KHTML, like Gecko) Chrome/45.0.2454.93 Safari/537.36"
66.249.69.79 - - [31/May/2017:08:03:40 +0530] "GET /project_details_view_report.php?id=1626 HTTP/1.1" 200 13339 "-" "Mozilla/5.0 (compatible; Googlebot/2.1; +http://www.google.com/bot.html)"
66.249.69.79 - - [31/May/2017:08:08:49 +0530] "GET /project_details_view.php?id=289&oid=&page=95&reporttype= HTTP/1.1" 200 14214 "-" "Mozilla/5.0 (compatible; Googlebot/2.1; +http://www.google.com/bot.html)"
40.77.167.135 - - [31/May/2017:08:14:57 +0530] "GET /project_details_view_report.php?id=308 HTTP/1.1" 200 13100 "-" "Mozilla/5.0 (compatible; bingbot/2.0; +http://www.bing.com/bingbot.htm)"
157.55.39.63 - - [31/May/2017:08:17:47 +0530] "GET /project_details_view.php?id=1477 HTTP/1.1" 200 14682 "-" "Mozilla/5.0 (compatible; bingbot/2.0; +http://www.bing.com/bingbot.htm)"
157.55.39.63 - - [31/May/2017:08:17:54 +0530] "GET /robots.txt HTTP/1.1" 404 208 "-" "Mozilla/5.0 (compatible; bingbot/2.0; +http://www.bing.com/bingbot.htm)"
66.249.69.83 - - [31/May/2017:08:18:56 +0530] "GET /project_details_view_report.php?id=775 HTTP/1.1" 200 13250 "-" "Mozilla/5.0 (compatible; Googlebot/2.1; +http://www.google.com/bot.html)"
35.156.247.157 - - [31/May/2017:08:19:32 +0530] "GET /robots.txt HTTP/1.1" 404 208 "-" "Mozilla/5.0 (compatible; Cliqzbot/1.0; +http://cliqz.com/company/cliqzbot)"
35.156.247.157 - - [31/May/2017:08:19:33 +0530] "GET /project_details_view_report.php?id=376 HTTP/1.1" 200 13146 "-" "Mozilla/5.0 (compatible; Cliqzbot/1.0; +http://cliqz.com/company/cliqzbot)"
157.55.39.63 - - [31/May/2017:08:21:27 +0530] "GET /imp_links.php HTTP/1.1" 200 17836 "-" "Mozilla/5.0 (compatible; bingbot/2.0; +http://www.bing.com/bingbot.htm)"
202.46.56.197 - - [31/May/2017:08:23:15 +0530] "GET /project_details_view_report.php?id=1061 HTTP/1.1" 200 13146 "-" "Mozilla/5.0 (Windows NT 10.0; WOW64) AppleWebKit/537.36 (KHTML, like Gecko) Chrome/45.0.2454.93 Safari/537.36"
64.233.173.137 - - [31/May/2017:08:23:22 +0530] "GET /project_details_view.php?id=646 HTTP/1.1" 200 14904 "http://www.google.co.in/" "Mozilla/5.0 (Linux; Android 6.0.1; Redmi Note 4 Build/MMB29M) AppleWebKit/537.36 (KHTML, like Gecko) Chrome/50.0.2661.89 Mobile Safari/537.36"
64.233.173.136 - - [31/May/2017:08:23:23 +0530] "GET /Scripts/AC_RunActiveContent.js HTTP/1.1" 200 8321 "http://www.cdmindia.gov.in/project_details_view.php?id=646" "Mozilla/5.0 (Linux; Android 6.0.1; Redmi Note 4 Build/MMB29M) AppleWebKit/537.36 (KHTML, like Gecko) Chrome/50.0.2661.89 Mobile Safari/537.36"
64.233.173.136 - - [31/May/2017:08:23:23 +0530] "GET /includes/ncdma.css HTTP/1.1" 200 13023 "http://www.cdmindia.gov.in/project_details_view.php?id=646" "Mozilla/5.0 (Linux; Android 6.0.1; Redmi Note 4 Build/MMB29M) AppleWebKit/537.36 (KHTML, like Gecko) Chrome/50.0.2661.89 Mobile Safari/537.36"
64.233.173.136 - - [31/May/2017:08:23:23 +0530] "GET /images/spacer.gif HTTP/1.1" 200 43 "http://www.cdmindia.gov.in/project_details_view.php?id=646" "Mozilla/5.0 (Linux; Android 6.0.1; Redmi Note 4 Build/MMB29M) AppleWebKit/537.36 (KHTML, like Gecko) Chrome/50.0.2661.89 Mobile Safari/537.36"
64.233.173.136 - - [31/May/2017:08:23:23 +0530] "GET /ncdma.css HTTP/1.1" 200 12640 "http://www.cdmindia.gov.in/project_details_view.php?id=646" "Mozilla/5.0 (Linux; Android 6.0.1; Redmi Note 4 Build/MMB29M) AppleWebKit/537.36 (KHTML, like Gecko) Chrome/50.0.2661.89 Mobile Safari/537.36"
64.233.173.136 - - [31/May/2017:08:23:23 +0530] "GET /images/bullet1.gif HTTP/1.1" 200 67 "http://www.cdmindia.gov.in/project_details_view.php?id=646" "Mozilla/5.0 (Linux; Android 6.0.1; Redmi Note 4 Build/MMB29M) AppleWebKit/537.36 (KHTML, like Gecko) Chrome/50.0.2661.89 Mobile Safari/537.36"
64.233.173.137 - - [31/May/2017:08:23:23 +0530] "GET /images/bulllet2.gif HTTP/1.1" 200 58 "http://www.cdmindia.gov.in/project_details_view.php?id=646" "Mozilla/5.0 (Linux; Android 6.0.1; Redmi Note 4 Build/MMB29M) AppleWebKit/537.36 (KHTML, like Gecko) Chrome/50.0.2661.89 Mobile Safari/537.36"
64.233.173.137 - - [31/May/2017:08:23:23 +0530] "GET /images/gtz.jpg HTTP/1.1" 200 15484 "http://www.cdmindia.gov.in/project_details_view.php?id=646" "Mozilla/5.0 (Linux; Android 6.0.1; Redmi Note 4 Build/MMB29M) AppleWebKit/537.36 (KHTML, like Gecko) Chrome/50.0.2661.89 Mobile Safari/537.36"
64.233.173.136 - - [31/May/2017:08:23:23 +0530] "GET /images/bullet4.gif HTTP/1.1" 200 67 "http://www.cdmindia.gov.in/project_details_view.php?id=646" "Mozilla/5.0 (Linux; Android 6.0.1; Redmi Note 4 Build/MMB29M) AppleWebKit/537.36 (KHTML, like Gecko) Chrome/50.0.2661.89 Mobile Safari/537.36"
64.233.173.138 - - [31/May/2017:08:23:23 +0530] "GET /images/fdm.jpg HTTP/1.1" 200 2043 "http://www.cdmindia.gov.in/project_details_view.php?id=646" "Mozilla/5.0 (Linux; Android 6.0.1; Redmi Note 4 Build/MMB29M) AppleWebKit/537.36 (KHTML, like Gecko) Chrome/50.0.2661.89 Mobile Safari/537.36"
64.233.173.136 - - [31/May/2017:08:23:23 +0530] "GET /images/img2.jpg HTTP/1.1" 200 16276 "http://www.cdmindia.gov.in/project_details_view.php?id=646" "Mozilla/5.0 (Linux; Android 6.0.1; Redmi Note 4 Build/MMB29M) AppleWebKit/537.36 (KHTML, like Gecko) Chrome/50.0.2661.89 Mobile Safari/537.36"
64.233.173.137 - - [31/May/2017:08:23:23 +0530] "GET /images/img3.jpg HTTP/1.1" 200 26957 "http://www.cdmindia.gov.in/project_details_view.php?id=646" "Mozilla/5.0 (Linux; Android 6.0.1; Redmi Note 4 Build/MMB29M) AppleWebKit/537.36 (KHTML, like Gecko) Chrome/50.0.2661.89 Mobile Safari/537.36"
64.233.173.136 - - [31/May/2017:08:23:23 +0530] "GET /images/img1.jpg HTTP/1.1" 200 1251 "http://www.cdmindia.gov.in/project_details_view.php?id=646" "Mozilla/5.0 (Linux; Android 6.0.1; Redmi Note 4 Build/MMB29M) AppleWebKit/537.36 (KHTML, like Gecko) Chrome/50.0.2661.89 Mobile Safari/537.36"
64.233.173.137 - - [31/May/2017:08:23:23 +0530] "GET /images/fbg.jpg HTTP/1.1" 200 325 "http://www.cdmindia.gov.in/project_details_view.php?id=646" "Mozilla/5.0 (Linux; Android 6.0.1; Redmi Note 4 Build/MMB29M) AppleWebKit/537.36 (KHTML, like Gecko) Chrome/50.0.2661.89 Mobile Safari/537.36"
64.233.173.136 - - [31/May/2017:08:23:24 +0530] "GET /favicon.ico HTTP/1.1" 200 1189 "http://www.cdmindia.gov.in/project_details_view.php?id=646" "Mozilla/5.0 (Linux; Android 6.0.1; Redmi Note 4 Build/MMB29M) AppleWebKit/537.36 (KHTML, like Gecko) Chrome/50.0.2661.89 Mobile Safari/537.36"
40.77.167.52 - - [31/May/2017:08:24:03 +0530] "GET /index.php HTTP/1.1" 200 19482 "-" "Mozilla/5.0 (compatible; bingbot/2.0; +http://www.bing.com/bingbot.htm)"
193.201.224.29 - - [31/May/2017:08:28:10 +0530] "GET /approval_process.php HTTP/1.0" 200 25914 "http://cdmindia.gov.in/approval_process.php" "Mozilla/5.0 (Windows NT 6.1; Win64; x64) AppleWebKit/537.36 (KHTML, like Gecko) Chrome/56.0.2924.87 Safari/537.36"
193.201.224.29 - - [31/May/2017:08:28:11 +0530] "GET /registration.php HTTP/1.0" 200 28531 "http://cdmindia.gov.in/registration.php" "Mozilla/5.0 (Windows NT 6.1; Win64; x64) AppleWebKit/537.36 (KHTML, like Gecko) Chrome/56.0.2924.87 Safari/537.36"
193.201.224.29 - - [31/May/2017:08:28:11 +0530] "GET /registration.php HTTP/1.0" 200 28531 "http://cdmindia.gov.in/registration.php" "Mozilla/5.0 (Windows NT 6.1; Win64; x64) AppleWebKit/537.36 (KHTML, like Gecko) Chrome/56.0.2924.87 Safari/537.36"
193.201.224.29 - - [31/May/2017:08:28:12 +0530] "GET /registration.php HTTP/1.0" 200 28531 "http://cdmindia.gov.in/registration.php" "Mozilla/5.0 (Windows NT 6.1; Win64; x64) AppleWebKit/537.36 (KHTML, like Gecko) Chrome/56.0.2924.87 Safari/537.36"
193.201.224.29 - - [31/May/2017:08:28:13 +0530] "GET /registration.php HTTP/1.0" 200 28531 "http://cdmindia.gov.in/registration.php" "Mozilla/5.0 (Windows NT 6.1; Win64; x64) AppleWebKit/537.36 (KHTML, like Gecko) Chrome/56.0.2924.87 Safari/537.36"
157.55.39.63 - - [31/May/2017:08:31:00 +0530] "GET /aboutus.php HTTP/1.1" 200 19599 "-" "Mozilla/5.0 (compatible; bingbot/2.0; +http://www.bing.com/bingbot.htm)"
157.55.39.63 - - [31/May/2017:08:31:40 +0530] "GET /detail_events.php?id= HTTP/1.1" 302 16740 "-" "Mozilla/5.0 (compatible; bingbot/2.0; +http://www.bing.com/bingbot.htm)"
157.55.39.63 - - [31/May/2017:08:31:41 +0530] "GET /logout.php HTTP/1.1" 302 369 "-" "Mozilla/5.0 (compatible; bingbot/2.0; +http://www.bing.com/bingbot.htm)"
157.55.39.63 - - [31/May/2017:08:31:42 +0530] "GET /index.php HTTP/1.1" 200 19482 "-" "Mozilla/5.0 (compatible; bingbot/2.0; +http://www.bing.com/bingbot.htm)"
49.44.66.135 - - [31/May/2017:08:32:52 +0530] "GET /project_details_view_report.php?id=603 HTTP/1.1" 200 13205 "https://www.google.co.in/" "Mozilla/5.0 (Linux; Android 6.0; XT1706 Build/MRA58K) AppleWebKit/537.36 (KHTML, like Gecko) Chrome/58.0.3029.83 Mobile Safari/537.36"
49.44.66.135 - - [31/May/2017:08:32:53 +0530] "GET /includes/ncdma.css HTTP/1.1" 200 13023 "http://www.cdmindia.gov.in/project_details_view_report.php?id=603" "Mozilla/5.0 (Linux; Android 6.0; XT1706 Build/MRA58K) AppleWebKit/537.36 (KHTML, like Gecko) Chrome/58.0.3029.83 Mobile Safari/537.36"
49.44.66.135 - - [31/May/2017:08:32:53 +0530] "GET /images/bullet1.gif HTTP/1.1" 200 67 "http://www.cdmindia.gov.in/project_details_view_report.php?id=603" "Mozilla/5.0 (Linux; Android 6.0; XT1706 Build/MRA58K) AppleWebKit/537.36 (KHTML, like Gecko) Chrome/58.0.3029.83 Mobile Safari/537.36"
49.44.66.135 - - [31/May/2017:08:32:53 +0530] "GET /Scripts/AC_RunActiveContent.js HTTP/1.1" 200 8321 "http://www.cdmindia.gov.in/project_details_view_report.php?id=603" "Mozilla/5.0 (Linux; Android 6.0; XT1706 Build/MRA58K) AppleWebKit/537.36 (KHTML, like Gecko) Chrome/58.0.3029.83 Mobile Safari/537.36"
49.44.66.135 - - [31/May/2017:08:32:53 +0530] "GET /ncdma.css HTTP/1.1" 200 12640 "http://www.cdmindia.gov.in/project_details_view_report.php?id=603" "Mozilla/5.0 (Linux; Android 6.0; XT1706 Build/MRA58K) AppleWebKit/537.36 (KHTML, like Gecko) Chrome/58.0.3029.83 Mobile Safari/537.36"
49.44.66.135 - - [31/May/2017:08:32:53 +0530] "GET /images/spacer.gif HTTP/1.1" 200 43 "http://www.cdmindia.gov.in/project_details_view_report.php?id=603" "Mozilla/5.0 (Linux; Android 6.0; XT1706 Build/MRA58K) AppleWebKit/537.36 (KHTML, like Gecko) Chrome/58.0.3029.83 Mobile Safari/537.36"
49.44.66.135 - - [31/May/2017:08:32:53 +0530] "GET /images/bullet4.gif HTTP/1.1" 200 67 "http://www.cdmindia.gov.in/project_details_view_report.php?id=603" "Mozilla/5.0 (Linux; Android 6.0; XT1706 Build/MRA58K) AppleWebKit/537.36 (KHTML, like Gecko) Chrome/58.0.3029.83 Mobile Safari/537.36"
49.44.66.135 - - [31/May/2017:08:32:53 +0530] "GET /images/img2.jpg HTTP/1.1" 200 16276 "http://www.cdmindia.gov.in/project_details_view_report.php?id=603" "Mozilla/5.0 (Linux; Android 6.0; XT1706 Build/MRA58K) AppleWebKit/537.36 (KHTML, like Gecko) Chrome/58.0.3029.83 Mobile Safari/537.36"
49.44.66.135 - - [31/May/2017:08:32:53 +0530] "GET /images/fdm.jpg HTTP/1.1" 200 2043 "http://www.cdmindia.gov.in/project_details_view_report.php?id=603" "Mozilla/5.0 (Linux; Android 6.0; XT1706 Build/MRA58K) AppleWebKit/537.36 (KHTML, like Gecko) Chrome/58.0.3029.83 Mobile Safari/537.36"
49.44.66.135 - - [31/May/2017:08:32:53 +0530] "GET /images/bulllet2.gif HTTP/1.1" 200 58 "http://www.cdmindia.gov.in/project_details_view_report.php?id=603" "Mozilla/5.0 (Linux; Android 6.0; XT1706 Build/MRA58K) AppleWebKit/537.36 (KHTML, like Gecko) Chrome/58.0.3029.83 Mobile Safari/537.36"
49.44.66.135 - - [31/May/2017:08:32:53 +0530] "GET /images/img3.jpg HTTP/1.1" 200 26957 "http://www.cdmindia.gov.in/project_details_view_report.php?id=603" "Mozilla/5.0 (Linux; Android 6.0; XT1706 Build/MRA58K) AppleWebKit/537.36 (KHTML, like Gecko) Chrome/58.0.3029.83 Mobile Safari/537.36"
49.44.66.135 - - [31/May/2017:08:32:53 +0530] "GET /images/gtz.jpg HTTP/1.1" 200 15484 "http://www.cdmindia.gov.in/project_details_view_report.php?id=603" "Mozilla/5.0 (Linux; Android 6.0; XT1706 Build/MRA58K) AppleWebKit/537.36 (KHTML, like Gecko) Chrome/58.0.3029.83 Mobile Safari/537.36"
49.44.66.135 - - [31/May/2017:08:32:53 +0530] "GET /images/img1.jpg HTTP/1.1" 200 1251 "http://www.cdmindia.gov.in/project_details_view_report.php?id=603" "Mozilla/5.0 (Linux; Android 6.0; XT1706 Build/MRA58K) AppleWebKit/537.36 (KHTML, like Gecko) Chrome/58.0.3029.83 Mobile Safari/537.36"
49.44.66.135 - - [31/May/2017:08:32:53 +0530] "GET /images/fbg.jpg HTTP/1.1" 200 325 "http://www.cdmindia.gov.in/project_details_view_report.php?id=603" "Mozilla/5.0 (Linux; Android 6.0; XT1706 Build/MRA58K) AppleWebKit/537.36 (KHTML, like Gecko) Chrome/58.0.3029.83 Mobile Safari/537.36"
49.44.66.135 - - [31/May/2017:08:32:53 +0530] "GET /favicon.ico HTTP/1.1" 200 1189 "http://www.cdmindia.gov.in/project_details_view_report.php?id=603" "Mozilla/5.0 (Linux; Android 6.0; XT1706 Build/MRA58K) AppleWebKit/537.36 (KHTML, like Gecko) Chrome/58.0.3029.83 Mobile Safari/537.36"
49.44.66.135 - - [31/May/2017:08:36:01 +0530] "GET /project_details_view_report.php?id=603 HTTP/1.1" 200 13205 "https://www.google.co.in/" "Mozilla/5.0 (Linux; Android 6.0; XT1706 Build/MRA58K) AppleWebKit/537.36 (KHTML, like Gecko) Chrome/58.0.3029.83 Mobile Safari/537.36"
211.0.154.127 - - [31/May/2017:08:36:21 +0530] "GET / HTTP/1.1" 200 19482 "-" "Mozilla/5.0 (Windows NT 5.1; rv:6.0.2) Gecko/20100101 Firefox/6.0.2"
40.77.167.135 - - [31/May/2017:08:37:37 +0530] "GET /detail_news.php?id=20 HTTP/1.1" 302 18268 "-" "Mozilla/5.0 (compatible; bingbot/2.0; +http://www.bing.com/bingbot.htm)"
40.77.167.135 - - [31/May/2017:08:37:38 +0530] "GET /logout.php HTTP/1.1" 302 369 "-" "Mozilla/5.0 (compatible; bingbot/2.0; +http://www.bing.com/bingbot.htm)"
40.77.167.135 - - [31/May/2017:08:37:39 +0530] "GET /index.php HTTP/1.1" 200 19482 "-" "Mozilla/5.0 (compatible; bingbot/2.0; +http://www.bing.com/bingbot.htm)"
8.37.230.63 - - [31/May/2017:08:38:53 +0530] "GET /project_details_view.php?id=340 HTTP/1.1" 200 14635 "https://www.google.co.in/search?&q=G+S+E+G" "Mozilla/5.0 (Linux; U; Android 4.2.2; en-US; GT-I9082 Build/JDQ39) AppleWebKit/534.30 (KHTML, like Gecko) Version/4.0 UCBrowser/11.3.2.960 U3/0.8.0 Mobile Safari/534.30"
8.37.230.63 - - [31/May/2017:08:38:54 +0530] "GET /ncdma.css HTTP/1.1" 200 12640 "http://www.cdmindia.gov.in/project_details_view.php?id=340" "Mozilla/5.0 (Linux; U; Android 4.2.2; en-US; GT-I9082 Build/JDQ39) AppleWebKit/534.30 (KHTML, like Gecko) Version/4.0 UCBrowser/11.3.2.960 U3/0.8.0 Mobile Safari/534.30"
8.37.230.63 - - [31/May/2017:08:38:54 +0530] "GET /includes/ncdma.css HTTP/1.1" 200 13023 "http://www.cdmindia.gov.in/project_details_view.php?id=340" "Mozilla/5.0 (Linux; U; Android 4.2.2; en-US; GT-I9082 Build/JDQ39) AppleWebKit/534.30 (KHTML, like Gecko) Version/4.0 UCBrowser/11.3.2.960 U3/0.8.0 Mobile Safari/534.30"
8.37.230.63 - - [31/May/2017:08:38:54 +0530] "GET /images/bullet1.gif HTTP/1.1" 200 67 "http://www.cdmindia.gov.in/project_details_view.php?id=340" "Mozilla/5.0 (Linux; U; Android 4.2.2; en-US; GT-I9082 Build/JDQ39) AppleWebKit/534.30 (KHTML, like Gecko) Version/4.0 UCBrowser/11.3.2.960 U3/0.8.0 Mobile Safari/534.30"
8.37.230.63 - - [31/May/2017:08:38:54 +0530] "GET /images/bulllet2.gif HTTP/1.1" 200 58 "http://www.cdmindia.gov.in/project_details_view.php?id=340" "Mozilla/5.0 (Linux; U; Android 4.2.2; en-US; GT-I9082 Build/JDQ39) AppleWebKit/534.30 (KHTML, like Gecko) Version/4.0 UCBrowser/11.3.2.960 U3/0.8.0 Mobile Safari/534.30"
8.37.230.63 - - [31/May/2017:08:38:54 +0530] "GET /Scripts/AC_RunActiveContent.js HTTP/1.1" 304 - "http://www.cdmindia.gov.in/project_details_view.php?id=340" "Mozilla/5.0 (Linux; U; Android 4.2.2; en-US; GT-I9082 Build/JDQ39) AppleWebKit/534.30 (KHTML, like Gecko) Version/4.0 UCBrowser/11.3.2.960 U3/0.8.0 Mobile Safari/534.30"
8.37.230.63 - - [31/May/2017:08:38:54 +0530] "GET /images/img2.jpg HTTP/1.1" 200 16276 "http://www.cdmindia.gov.in/project_details_view.php?id=340" "Mozilla/5.0 (Linux; U; Android 4.2.2; en-US; GT-I9082 Build/JDQ39) AppleWebKit/534.30 (KHTML, like Gecko) Version/4.0 UCBrowser/11.3.2.960 U3/0.8.0 Mobile Safari/534.30"
8.37.230.63 - - [31/May/2017:08:38:54 +0530] "GET /images/spacer.gif HTTP/1.1" 200 43 "http://www.cdmindia.gov.in/project_details_view.php?id=340" "Mozilla/5.0 (Linux; U; Android 4.2.2; en-US; GT-I9082 Build/JDQ39) AppleWebKit/534.30 (KHTML, like Gecko) Version/4.0 UCBrowser/11.3.2.960 U3/0.8.0 Mobile Safari/534.30"
8.37.230.63 - - [31/May/2017:08:38:54 +0530] "GET /images/bullet4.gif HTTP/1.1" 200 67 "http://www.cdmindia.gov.in/project_details_view.php?id=340" "Mozilla/5.0 (Linux; U; Android 4.2.2; en-US; GT-I9082 Build/JDQ39) AppleWebKit/534.30 (KHTML, like Gecko) Version/4.0 UCBrowser/11.3.2.960 U3/0.8.0 Mobile Safari/534.30"
8.37.230.63 - - [31/May/2017:08:38:54 +0530] "GET /images/gtz.jpg HTTP/1.1" 200 15484 "http://www.cdmindia.gov.in/project_details_view.php?id=340" "Mozilla/5.0 (Linux; U; Android 4.2.2; en-US; GT-I9082 Build/JDQ39) AppleWebKit/534.30 (KHTML, like Gecko) Version/4.0 UCBrowser/11.3.2.960 U3/0.8.0 Mobile Safari/534.30"
8.37.230.63 - - [31/May/2017:08:38:54 +0530] "GET /images/fdm.jpg HTTP/1.1" 200 2043 "http://www.cdmindia.gov.in/project_details_view.php?id=340" "Mozilla/5.0 (Linux; U; Android 4.2.2; en-US; GT-I9082 Build/JDQ39) AppleWebKit/534.30 (KHTML, like Gecko) Version/4.0 UCBrowser/11.3.2.960 U3/0.8.0 Mobile Safari/534.30"
8.37.230.63 - - [31/May/2017:08:38:54 +0530] "GET /images/img3.jpg HTTP/1.1" 200 26957 "http://www.cdmindia.gov.in/project_details_view.php?id=340" "Mozilla/5.0 (Linux; U; Android 4.2.2; en-US; GT-I9082 Build/JDQ39) AppleWebKit/534.30 (KHTML, like Gecko) Version/4.0 UCBrowser/11.3.2.960 U3/0.8.0 Mobile Safari/534.30"
8.37.230.63 - - [31/May/2017:08:38:55 +0530] "GET /images/img1.jpg HTTP/1.1" 200 1251 "http://www.cdmindia.gov.in/project_details_view.php?id=340" "Mozilla/5.0 (Linux; U; Android 4.2.2; en-US; GT-I9082 Build/JDQ39) AppleWebKit/534.30 (KHTML, like Gecko) Version/4.0 UCBrowser/11.3.2.960 U3/0.8.0 Mobile Safari/534.30"
8.37.230.63 - - [31/May/2017:08:38:56 +0530] "GET /images/favicon.ico HTTP/1.1" 200 1406 "http://www.cdmindia.gov.in/project_details_view.php?id=340" "Mozilla/5.0 (Linux; U; Android 4.2.2; en-US; GT-I9082 Build/JDQ39) AppleWebKit/534.30 (KHTML, like Gecko) Version/4.0 UCBrowser/11.3.2.960 U3/0.8.0 Mobile Safari/534.30"
66.249.69.83 - - [31/May/2017:08:38:57 +0530] "GET / HTTP/1.1" 200 19482 "-" "Mozilla/5.0 (Linux; Android 6.0.1; Nexus 5X Build/MMB29P) AppleWebKit/537.36 (KHTML, like Gecko) Chrome/41.0.2272.96 Mobile Safari/537.36 (compatible; Googlebot/2.1; +http://www.google.com/bot.html)"
8.37.235.221 - - [31/May/2017:08:41:21 +0530] "GET /project_details_view.php?id=1424 HTTP/1.1" 200 15632 "http://www.google.co.in/search?nfpr=1&site=webhp&ie=UTF-8&q=borali+power+plant&spell=1&sa=X&ved=0ahUKEwjTtNuVlJnUAhVJqo8KHUKYALQQBQgx" "Mozilla/5.0 (Linux; U; Android 4.4.2; en-US; Aqua Air II Build/KOT49H) AppleWebKit/534.30 (KHTML, like Gecko) Version/4.0 UCBrowser/10.10.0.796 U3/0.8.0 Mobile Safari/534.30"
